/tmp/app-lto --transport unrolled --state-frame 0 --frames 180 --warmup 30 --wait spin --profile frame --csv /tmp/transport-frames.csv --replay && printf "CSV_BEGIN\n" && cat /tmp/transport-frames.csv && printf "CSV_END\n"; study_status=$?; printf "\nSTUDY_DONE_e39bffaca835=%s\n" "$study_status"
TRANSPORT mode=unrolled dma_minimum=64
BEGIN_BREAKOUT frames=180 warmup=30 fixed=1 blocks=40 tiles=1 hud=1 wait=spin replay=1 state_frame=0 profile=frame pixel_centers=1 clock_call_ns=5433
HW_COUNTERS unavailable
RESULT frames=180 elapsed_s=3.059594700 fps=58.831322 logic_ms=0.000000 api_ms=0.000000 swap_ms=0.000000 wait_ms=0.000000 worker_inclusive_ms=0.000000 upload_inclusive_ms=0.000000 write_ms=0.000000 bytes_per_frame=34372.00 p50_ms=16.719350 p95_ms=17.052950 max_ms=33.439500 late_60hz=166 first_count=35429 last_count=35608 state_hash=de3c9d08 remaining=40 score=0
RENDER_PATH retained=0 grouped=0 quads=0 full_frames=0
BREAKOUT_PASS
CSV_BEGIN
frame,state_hash,display_count,logic_ns,api_ns,swap_ns,wait_ns,total_ns,completion_interval_ns,polls,worker_inclusive_ns,upload_inclusive_ns,write_ns,read_ns,write_bytes,read_bytes,write_calls,read_calls,dma_copy_ns,dma_launch_ns,dma_completion_wait_ns,dma_bytes,dma_lists
0,3728514312,35429,0,0,0,0,16674350,16682500,1264,0,0,0,0,34372,0,5,0,0,0,0,0,0
1,3728514312,35430,0,0,0,0,16608150,16717050,1270,0,0,0,0,34372,0,5,0,0,0,0,0,0
2,3728514312,35431,0,0,0,0,15825500,16721800,1002,0,0,0,0,34372,0,5,0,0,0,0,0,0
3,3728514312,35432,0,0,0,0,16609550,16719100,769,0,0,0,0,34372,0,5,0,0,0,0,0,0
4,3728514312,35433,0,0,0,0,16608500,16719500,1165,0,0,0,0,34372,0,5,0,0,0,0,0,0
5,3728514312,35434,0,0,0,0,16609750,16720750,1313,0,0,0,0,34372,0,5,0,0,0,0,0,0
6,3728514312,35435,0,0,0,0,16606800,16719650,881,0,0,0,0,34372,0,5,0,0,0,0,0,0
7,3728514312,35436,0,0,0,0,16599850,16717850,1276,0,0,0,0,34372,0,5,0,0,0,0,0,0
8,3728514312,35437,0,0,0,0,16603450,16720850,1248,0,0,0,0,34372,0,5,0,0,0,0,0,0
9,3728514312,35438,0,0,0,0,16827600,16934050,1111,0,0,0,0,34372,0,5,0,0,0,0,0,0
10,3728514312,35439,0,0,0,0,16392850,16502650,1251,0,0,0,0,34372,0,5,0,0,0,0,0,0
11,3728514312,35440,0,0,0,0,16607650,16718700,1285,0,0,0,0,34372,0,5,0,0,0,0,0,0
12,3728514312,35441,0,0,0,0,16603850,16717800,1213,0,0,0,0,34372,0,5,0,0,0,0,0,0
13,3728514312,35442,0,0,0,0,16610350,16718900,1263,0,0,0,0,34372,0,5,0,0,0,0,0,0
14,3728514312,35443,0,0,0,0,16613050,16723450,1261,0,0,0,0,34372,0,5,0,0,0,0,0,0
15,3728514312,35444,0,0,0,0,16607050,16713600,1145,0,0,0,0,34372,0,5,0,0,0,0,0,0
16,3728514312,35445,0,0,0,0,16612600,16721850,1302,0,0,0,0,34372,0,5,0,0,0,0,0,0
17,3728514312,35446,0,0,0,0,16613500,16721400,1281,0,0,0,0,34372,0,5,0,0,0,0,0,0
18,3728514312,35447,0,0,0,0,16607250,16718650,1225,0,0,0,0,34372,0,5,0,0,0,0,0,0
19,3728514312,35448,0,0,0,0,16608600,16717350,1245,0,0,0,0,34372,0,5,0,0,0,0,0,0
20,3728514312,35449,0,0,0,0,16917650,17029100,1225,0,0,0,0,34372,0,5,0,0,0,0,0,0
21,3728514312,35450,0,0,0,0,16304500,16411250,1100,0,0,0,0,34372,0,5,0,0,0,0,0,0
22,3728514312,35451,0,0,0,0,16605550,16718450,1264,0,0,0,0,34372,0,5,0,0,0,0,0,0
23,3728514312,35452,0,0,0,0,16610550,16721650,1298,0,0,0,0,34372,0,5,0,0,0,0,0,0
24,3728514312,35453,0,0,0,0,16605400,16719500,1243,0,0,0,0,34372,0,5,0,0,0,0,0,0
25,3728514312,35454,0,0,0,0,15827000,16715800,980,0,0,0,0,34372,0,5,0,0,0,0,0,0
26,3728514312,35455,0,0,0,0,16605750,16720250,1149,0,0,0,0,34372,0,5,0,0,0,0,0,0
27,3728514312,35456,0,0,0,0,16608150,16718950,1303,0,0,0,0,34372,0,5,0,0,0,0,0,0
28,3728514312,35457,0,0,0,0,16602950,16717550,1223,0,0,0,0,34372,0,5,0,0,0,0,0,0
29,3728514312,35458,0,0,0,0,16614800,16720450,1268,0,0,0,0,34372,0,5,0,0,0,0,0,0
30,3728514312,35459,0,0,0,0,16606150,16720050,1238,0,0,0,0,34372,0,5,0,0,0,0,0,0
31,3728514312,35460,0,0,0,0,17002300,17107700,1210,0,0,0,0,34372,0,5,0,0,0,0,0,0
32,3728514312,35461,0,0,0,0,16220350,16331950,1218,0,0,0,0,34372,0,5,0,0,0,0,0,0
33,3728514312,35462,0,0,0,0,16610850,16719750,1281,0,0,0,0,34372,0,5,0,0,0,0,0,0
34,3728514312,35463,0,0,0,0,16602750,16717250,1140,0,0,0,0,34372,0,5,0,0,0,0,0,0
35,3728514312,35464,0,0,0,0,16608550,16718400,1301,0,0,0,0,34372,0,5,0,0,0,0,0,0
36,3728514312,35465,0,0,0,0,16605950,16721800,1287,0,0,0,0,34372,0,5,0,0,0,0,0,0
37,3728514312,35466,0,0,0,0,16689350,16792900,841,0,0,0,0,34372,0,5,0,0,0,0,0,0
38,3728514312,35467,0,0,0,0,16534400,16647000,1271,0,0,0,0,34372,0,5,0,0,0,0,0,0
39,3728514312,35468,0,0,0,0,16610350,16718850,1285,0,0,0,0,34372,0,5,0,0,0,0,0,0
40,3728514312,35469,0,0,0,0,16601500,16716800,1215,0,0,0,0,34372,0,5,0,0,0,0,0,0
41,3728514312,35470,0,0,0,0,16610700,16720250,1256,0,0,0,0,34372,0,5,0,0,0,0,0,0
42,3728514312,35471,0,0,0,0,16609850,16717350,1244,0,0,0,0,34372,0,5,0,0,0,0,0,0
43,3728514312,35472,0,0,0,0,16172600,16718350,1155,0,0,0,0,34372,0,5,0,0,0,0,0,0
44,3728514312,35473,0,0,0,0,16610500,16722150,1274,0,0,0,0,34372,0,5,0,0,0,0,0,0
45,3728514312,35474,0,0,0,0,16613450,16721550,1277,0,0,0,0,34372,0,5,0,0,0,0,0,0
46,3728514312,35475,0,0,0,0,16602250,16716000,1172,0,0,0,0,34372,0,5,0,0,0,0,0,0
47,3728514312,35476,0,0,0,0,16611550,16722450,1261,0,0,0,0,34372,0,5,0,0,0,0,0,0
48,3728514312,35477,0,0,0,0,21062700,22603150,856,0,0,0,0,34372,0,5,0,0,0,0,0,0
49,3728514312,35478,0,0,0,0,27432850,27552100,3047,0,0,0,0,34372,0,5,0,0,0,0,0,0
50,3728514312,35479,0,0,0,0,16613300,16720550,1251,0,0,0,0,34372,0,5,0,0,0,0,0,0
51,3728514312,35480,0,0,0,0,16608600,16717900,1271,0,0,0,0,34372,0,5,0,0,0,0,0,0
52,3728514312,35481,0,0,0,0,16604950,16716450,1218,0,0,0,0,34372,0,5,0,0,0,0,0,0
53,3728514312,35482,0,0,0,0,16619950,16724000,1181,0,0,0,0,34372,0,5,0,0,0,0,0,0
54,3728514312,35483,0,0,0,0,16607900,16720350,1310,0,0,0,0,34372,0,5,0,0,0,0,0,0
55,3728514312,35484,0,0,0,0,16607250,16716250,1248,0,0,0,0,34372,0,5,0,0,0,0,0,0
56,3728514312,35485,0,0,0,0,16607700,16720600,1254,0,0,0,0,34372,0,5,0,0,0,0,0,0
57,3728514312,35486,0,0,0,0,16613050,16720800,1256,0,0,0,0,34372,0,5,0,0,0,0,0,0
58,3728514312,35487,0,0,0,0,16849600,16960950,1130,0,0,0,0,34372,0,5,0,0,0,0,0,0
59,3728514312,35488,0,0,0,0,16366000,16477300,1226,0,0,0,0,34372,0,5,0,0,0,0,0,0
60,3728514312,35489,0,0,0,0,16604900,16718800,1279,0,0,0,0,34372,0,5,0,0,0,0,0,0
61,3728514312,35490,0,0,0,0,16608750,16716100,1261,0,0,0,0,34372,0,5,0,0,0,0,0,0
62,3728514312,35491,0,0,0,0,16612100,16720150,1246,0,0,0,0,34372,0,5,0,0,0,0,0,0
63,3728514312,35492,0,0,0,0,16612250,16721550,1315,0,0,0,0,34372,0,5,0,0,0,0,0,0
64,3728514312,35493,0,0,0,0,16608450,16716800,1125,0,0,0,0,34372,0,5,0,0,0,0,0,0
65,3728514312,35494,0,0,0,0,16613400,16722650,1317,0,0,0,0,34372,0,5,0,0,0,0,0,0
66,3728514312,35495,0,0,0,0,16607200,16717350,989,0,0,0,0,34372,0,5,0,0,0,0,0,0
67,3728514312,35496,0,0,0,0,16602950,16719950,1122,0,0,0,0,34372,0,5,0,0,0,0,0,0
68,3728514312,35497,0,0,0,0,16608300,16719350,1236,0,0,0,0,34372,0,5,0,0,0,0,0,0
69,3728514312,35498,0,0,0,0,16948250,17052950,1254,0,0,0,0,34372,0,5,0,0,0,0,0,0
70,3728514312,35499,0,0,0,0,16274050,16381450,1081,0,0,0,0,34372,0,5,0,0,0,0,0,0
71,3728514312,35500,0,0,0,0,16614700,16724450,1282,0,0,0,0,34372,0,5,0,0,0,0,0,0
72,3728514312,35501,0,0,0,0,15824650,16714850,1011,0,0,0,0,34372,0,5,0,0,0,0,0,0
73,3728514312,35502,0,0,0,0,16613350,16719000,1267,0,0,0,0,34372,0,5,0,0,0,0,0,0
74,3728514312,35503,0,0,0,0,16612550,16720100,1284,0,0,0,0,34372,0,5,0,0,0,0,0,0
75,3728514312,35504,0,0,0,0,16638550,16743550,1215,0,0,0,0,34372,0,5,0,0,0,0,0,0
76,3728514312,35505,0,0,0,0,16582950,16697150,1277,0,0,0,0,34372,0,5,0,0,0,0,0,0
77,3728514312,35506,0,0,0,0,16613250,16721100,1282,0,0,0,0,34372,0,5,0,0,0,0,0,0
78,3728514312,35507,0,0,0,0,16603050,16716850,1250,0,0,0,0,34372,0,5,0,0,0,0,0,0
79,3728514312,35508,0,0,0,0,16612150,16720150,1261,0,0,0,0,34372,0,5,0,0,0,0,0,0
80,3728514312,35509,0,0,0,0,16602650,16715400,1223,0,0,0,0,34372,0,5,0,0,0,0,0,0
81,3728514312,35510,0,0,0,0,16210500,16725050,1197,0,0,0,0,34372,0,5,0,0,0,0,0,0
82,3728514312,35511,0,0,0,0,16604550,16715650,1218,0,0,0,0,34372,0,5,0,0,0,0,0,0
83,3728514312,35512,0,0,0,0,16606450,16718550,1267,0,0,0,0,34372,0,5,0,0,0,0,0,0
84,3728514312,35513,0,0,0,0,16605650,16720750,1276,0,0,0,0,34372,0,5,0,0,0,0,0,0
85,3728514312,35514,0,0,0,0,16617350,16722450,1275,0,0,0,0,34372,0,5,0,0,0,0,0,0
86,3728514312,35515,0,0,0,0,16716250,16826950,1165,0,0,0,0,34372,0,5,0,0,0,0,0,0
87,3728514312,35516,0,0,0,0,16496250,16610850,1256,0,0,0,0,34372,0,5,0,0,0,0,0,0
88,3728514312,35517,0,0,0,0,16606250,16718750,1281,0,0,0,0,34372,0,5,0,0,0,0,0,0
89,3728514312,35518,0,0,0,0,16609600,16714500,1231,0,0,0,0,34372,0,5,0,0,0,0,0,0
90,3728514312,35519,0,0,0,0,16612350,16723450,1240,0,0,0,0,34372,0,5,0,0,0,0,0,0
91,3728514312,35520,0,0,0,0,16615550,16718200,1287,0,0,0,0,34372,0,5,0,0,0,0,0,0
92,3728514312,35521,0,0,0,0,16606500,16719000,1144,0,0,0,0,34372,0,5,0,0,0,0,0,0
93,3728514312,35522,0,0,0,0,16608250,16718700,1316,0,0,0,0,34372,0,5,0,0,0,0,0,0
94,3728514312,35523,0,0,0,0,16611650,16721300,1259,0,0,0,0,34372,0,5,0,0,0,0,0,0
95,3728514312,35524,0,0,0,0,15840400,16719200,913,0,0,0,0,34372,0,5,0,0,0,0,0,0
96,3728514312,35525,0,0,0,0,16611400,16719550,1283,0,0,0,0,34372,0,5,0,0,0,0,0,0
97,3728514312,35526,0,0,0,0,17075650,17179150,902,0,0,0,0,34372,0,5,0,0,0,0,0,0
98,3728514312,35527,0,0,0,0,16139400,16255200,1119,0,0,0,0,34372,0,5,0,0,0,0,0,0
99,3728514312,35528,0,0,0,0,16614550,16723450,1276,0,0,0,0,34372,0,5,0,0,0,0,0,0
100,3728514312,35529,0,0,0,0,16611450,16716700,1246,0,0,0,0,34372,0,5,0,0,0,0,0,0
101,3728514312,35530,0,0,0,0,16614800,16721200,1244,0,0,0,0,34372,0,5,0,0,0,0,0,0
102,3728514312,35531,0,0,0,0,16608200,16718950,1246,0,0,0,0,34372,0,5,0,0,0,0,0,0
103,3728514312,35532,0,0,0,0,16611000,16719300,1184,0,0,0,0,34372,0,5,0,0,0,0,0,0
104,3728514312,35533,0,0,0,0,16604900,16719400,1280,0,0,0,0,34372,0,5,0,0,0,0,0,0
105,3728514312,35534,0,0,0,0,16613100,16718300,1280,0,0,0,0,34372,0,5,0,0,0,0,0,0
106,3728514312,35535,0,0,0,0,16607700,16721600,1251,0,0,0,0,34372,0,5,0,0,0,0,0,0
107,3728514312,35536,0,0,0,0,16611000,16717750,1196,0,0,0,0,34372,0,5,0,0,0,0,0,0
108,3728514312,35537,0,0,0,0,21567900,21683150,1155,0,0,0,0,34372,0,5,0,0,0,0,0,0
109,3728514312,35538,0,0,0,0,28357950,28476350,3109,0,0,0,0,34372,0,5,0,0,0,0,0,0
110,3728514312,35539,0,0,0,0,16610550,16718450,1216,0,0,0,0,34372,0,5,0,0,0,0,0,0
111,3728514312,35540,0,0,0,0,16608250,16719200,1260,0,0,0,0,34372,0,5,0,0,0,0,0,0
112,3728514312,35541,0,0,0,0,16612600,16719450,1278,0,0,0,0,34372,0,5,0,0,0,0,0,0
113,3728514312,35542,0,0,0,0,16610700,16717450,1160,0,0,0,0,34372,0,5,0,0,0,0,0,0
114,3728514312,35543,0,0,0,0,16613050,16721250,1301,0,0,0,0,34372,0,5,0,0,0,0,0,0
115,3728514312,35544,0,0,0,0,16607600,16718000,1283,0,0,0,0,34372,0,5,0,0,0,0,0,0
116,3728514312,35545,0,0,0,0,16604300,16718100,1211,0,0,0,0,34372,0,5,0,0,0,0,0,0
117,3728514312,35546,0,0,0,0,16612450,16720700,1250,0,0,0,0,34372,0,5,0,0,0,0,0,0
118,3728514312,35547,0,0,0,0,15479150,17087900,1010,0,0,0,0,34372,0,5,0,0,0,0,0,0
119,3728514312,35548,0,0,0,0,16242550,16351600,1064,0,0,0,0,34372,0,5,0,0,0,0,0,0
120,3728514312,35549,0,0,0,0,16610700,16719200,1272,0,0,0,0,34372,0,5,0,0,0,0,0,0
121,3728514312,35550,0,0,0,0,16613900,16720600,1310,0,0,0,0,34372,0,5,0,0,0,0,0,0
122,3728514312,35551,0,0,0,0,16604500,16714600,1243,0,0,0,0,34372,0,5,0,0,0,0,0,0
123,3728514312,35552,0,0,0,0,16612550,16720800,1306,0,0,0,0,34372,0,5,0,0,0,0,0,0
124,3728514312,35553,0,0,0,0,16666250,16777000,1200,0,0,0,0,34372,0,5,0,0,0,0,0,0
125,3728514312,35554,0,0,0,0,16554600,16663650,1235,0,0,0,0,34372,0,5,0,0,0,0,0,0
126,3728514312,35555,0,0,0,0,16610000,16718000,1275,0,0,0,0,34372,0,5,0,0,0,0,0,0
127,3728514312,35556,0,0,0,0,16608750,16720650,891,0,0,0,0,34372,0,5,0,0,0,0,0,0
128,3728514312,35557,0,0,0,0,16607700,16719500,1199,0,0,0,0,34372,0,5,0,0,0,0,0,0
129,3728514312,35558,0,0,0,0,16613700,16719600,1262,0,0,0,0,34372,0,5,0,0,0,0,0,0
130,3728514312,35559,0,0,0,0,16173850,16717900,1185,0,0,0,0,34372,0,5,0,0,0,0,0,0
131,3728514312,35560,0,0,0,0,16607850,16719150,1208,0,0,0,0,34372,0,5,0,0,0,0,0,0
132,3728514312,35561,0,0,0,0,16609750,16720450,1277,0,0,0,0,34372,0,5,0,0,0,0,0,0
133,3728514312,35562,0,0,0,0,16613100,16720700,1301,0,0,0,0,34372,0,5,0,0,0,0,0,0
134,3728514312,35563,0,0,0,0,16607900,16717550,1291,0,0,0,0,34372,0,5,0,0,0,0,0,0
135,3728514312,35564,0,0,0,0,16756950,16864600,1160,0,0,0,0,34372,0,5,0,0,0,0,0,0
136,3728514312,35565,0,0,0,0,16463400,16572850,1273,0,0,0,0,34372,0,5,0,0,0,0,0,0
137,3728514312,35566,0,0,0,0,16609950,16718800,1288,0,0,0,0,34372,0,5,0,0,0,0,0,0
138,3728514312,35567,0,0,0,0,16610200,16718400,1220,0,0,0,0,34372,0,5,0,0,0,0,0,0
139,3728514312,35568,0,0,0,0,16610650,16721700,1270,0,0,0,0,34372,0,5,0,0,0,0,0,0
140,3728514312,35569,0,0,0,0,16608500,16719100,1257,0,0,0,0,34372,0,5,0,0,0,0,0,0
141,3728514312,35570,0,0,0,0,16616650,16719100,1186,0,0,0,0,34372,0,5,0,0,0,0,0,0
142,3728514312,35571,0,0,0,0,15835500,16721250,1075,0,0,0,0,34372,0,5,0,0,0,0,0,0
143,3728514312,35572,0,0,0,0,16608500,16715100,1271,0,0,0,0,34372,0,5,0,0,0,0,0,0
144,3728514312,35573,0,0,0,0,16609200,16721450,1110,0,0,0,0,34372,0,5,0,0,0,0,0,0
145,3728514312,35574,0,0,0,0,16611900,16718500,1256,0,0,0,0,34372,0,5,0,0,0,0,0,0
146,3728514312,35575,0,0,0,0,16850100,16961250,1223,0,0,0,0,34372,0,5,0,0,0,0,0,0
147,3728514312,35576,0,0,0,0,16369200,16477550,1191,0,0,0,0,34372,0,5,0,0,0,0,0,0
148,3728514312,35577,0,0,0,0,16608300,16720550,1279,0,0,0,0,34372,0,5,0,0,0,0,0,0
149,3728514312,35578,0,0,0,0,16614700,16720800,1301,0,0,0,0,34372,0,5,0,0,0,0,0,0
150,3728514312,35579,0,0,0,0,16601350,16713250,1207,0,0,0,0,34372,0,5,0,0,0,0,0,0
151,3728514312,35580,0,0,0,0,16613900,16723350,1315,0,0,0,0,34372,0,5,0,0,0,0,0,0
152,3728514312,35581,0,0,0,0,16608600,16719300,1166,0,0,0,0,34372,0,5,0,0,0,0,0,0
153,3728514312,35582,0,0,0,0,16606200,16715850,1281,0,0,0,0,34372,0,5,0,0,0,0,0,0
154,3728514312,35583,0,0,0,0,16610900,16721850,1263,0,0,0,0,34372,0,5,0,0,0,0,0,0
155,3728514312,35584,0,0,0,0,16609300,16718450,1273,0,0,0,0,34372,0,5,0,0,0,0,0,0
156,3728514312,35585,0,0,0,0,16603800,16719000,1120,0,0,0,0,34372,0,5,0,0,0,0,0,0
157,3728514312,35586,0,0,0,0,17205700,17313350,958,0,0,0,0,34372,0,5,0,0,0,0,0,0
158,3728514312,35587,0,0,0,0,16006950,16125850,1136,0,0,0,0,34372,0,5,0,0,0,0,0,0
159,3728514312,35588,0,0,0,0,16609450,16717600,1250,0,0,0,0,34372,0,5,0,0,0,0,0,0
160,3728514312,35589,0,0,0,0,16608850,16721100,1277,0,0,0,0,34372,0,5,0,0,0,0,0,0
161,3728514312,35590,0,0,0,0,16613800,16718750,1294,0,0,0,0,34372,0,5,0,0,0,0,0,0
162,3728514312,35591,0,0,0,0,16610150,16722400,1289,0,0,0,0,34372,0,5,0,0,0,0,0,0
163,3728514312,35592,0,0,0,0,16628000,16731600,1147,0,0,0,0,34372,0,5,0,0,0,0,0,0
164,3728514312,35593,0,0,0,0,16592600,16703150,1301,0,0,0,0,34372,0,5,0,0,0,0,0,0
165,3728514312,35594,0,0,0,0,16612700,16720950,1286,0,0,0,0,34372,0,5,0,0,0,0,0,0
166,3728514312,35595,0,0,0,0,16607250,16717050,1216,0,0,0,0,34372,0,5,0,0,0,0,0,0
167,3728514312,35596,0,0,0,0,16613750,16721850,1262,0,0,0,0,34372,0,5,0,0,0,0,0,0
168,3728514312,35597,0,0,0,0,16607350,16717450,1234,0,0,0,0,34372,0,5,0,0,0,0,0,0
169,3728514312,35598,0,0,0,0,32647250,33439500,3138,0,0,0,0,34372,0,5,0,0,0,0,0,0
170,3728514312,35599,0,0,0,0,16607450,16719650,1287,0,0,0,0,34372,0,5,0,0,0,0,0,0
171,3728514312,35600,0,0,0,0,16610400,16719550,1254,0,0,0,0,34372,0,5,0,0,0,0,0,0
172,3728514312,35601,0,0,0,0,16606700,16718750,1285,0,0,0,0,34372,0,5,0,0,0,0,0,0
173,3728514312,35602,0,0,0,0,16715500,16821750,1217,0,0,0,0,34372,0,5,0,0,0,0,0,0
174,3728514312,35603,0,0,0,0,16503350,16617050,1245,0,0,0,0,34372,0,5,0,0,0,0,0,0
175,3728514312,35604,0,0,0,0,16610900,16721050,1285,0,0,0,0,34372,0,5,0,0,0,0,0,0
176,3728514312,35605,0,0,0,0,16603600,16718900,1246,0,0,0,0,34372,0,5,0,0,0,0,0,0
177,3728514312,35606,0,0,0,0,16610850,16717050,1239,0,0,0,0,34372,0,5,0,0,0,0,0,0
178,3728514312,35607,0,0,0,0,16612900,16720800,1248,0,0,0,0,34372,0,5,0,0,0,0,0,0
179,3728514312,35608,0,0,0,0,16180750,16721600,1199,0,0,0,0,34372,0,5,0,0,0,0,0,0
CSV_END

STUDY_DONE_e39bffaca835=0
# 