/tmp/app-lto --transport unrolled --state-frame 3600 --frames 180 --warmup 30 --wait spin --profile detailed --csv /tmp/transport-frames.csv --retained && printf "CSV_BEGIN\n" && cat /tmp/transport-frames.csv && printf "CSV_END\n"; study_status=$?; printf "\nSTUDY_DONE_006e63bc80c9=%s\n" "$study_status"
TRANSPORT mode=unrolled dma_minimum=64
BEGIN_BREAKOUT frames=180 warmup=30 fixed=0 blocks=40 tiles=1 hud=1 wait=spin replay=0 state_frame=3600 profile=detailed pixel_centers=1 clock_call_ns=4766
HW_COUNTERS unavailable
RESULT frames=180 elapsed_s=3.009259050 fps=59.815389 logic_ms=0.840829 api_ms=2.001244 swap_ms=4.575870 wait_ms=9.137302 worker_inclusive_ms=4.376251 upload_inclusive_ms=1.315630 write_ms=1.078704 bytes_per_frame=3455.56 p50_ms=16.719150 p95_ms=16.993550 max_ms=17.645950 late_60hz=162 first_count=15919 last_count=16098 state_hash=3933ec17 remaining=6 score=340
RENDER_PATH retained=1 grouped=0 quads=580 full_frames=0
BREAKOUT_PASS
CSV_BEGIN
frame,state_hash,display_count,logic_ns,api_ns,swap_ns,wait_ns,total_ns,completion_interval_ns,polls,worker_inclusive_ns,upload_inclusive_ns,write_ns,read_ns,write_bytes,read_bytes,write_calls,read_calls,dma_copy_ns,dma_launch_ns,dma_completion_wait_ns,dma_bytes,dma_lists
0,3653798554,15919,757050,1751550,4747300,9239000,16494900,16507350,1615,4588750,1235550,1095650,0,3612,0,5,0,0,0,0,0,0
1,4254654458,15920,722900,1741250,5545150,8588500,16597800,16716700,1589,5407050,2043300,1890550,0,3612,0,5,0,0,0,0,0,0
2,258432485,15921,739650,1415800,3768450,10672700,16596600,16719950,1956,3614150,785900,647350,0,2972,0,5,0,0,0,0,0,0
3,872827290,15922,740950,2458450,4898250,8513550,16611200,16721150,1483,4735450,1237800,1090050,0,3612,0,5,0,0,0,0,0,0
4,30312805,15923,733950,3536650,5530500,6809400,16610500,16717700,1365,5360150,2042100,1887650,0,3612,0,5,0,0,0,0,0,0
5,4016430808,15924,1224200,1410550,3953400,10023100,16611250,16717850,1843,3793800,787750,643800,0,2972,0,5,0,0,0,0,0,0
6,3012967645,15925,743650,1737050,4744700,9380450,16605850,16720000,1652,4581350,1237400,1094200,0,3612,0,5,0,0,0,0,0,0
7,3593359732,15926,758650,2753300,4863050,7440800,15815800,16721200,1384,4690150,1249250,1097450,0,3612,0,5,0,0,0,0,0,0
8,2714884843,15927,729050,2336550,4104100,9427750,16597450,16718400,1839,3923400,1856300,1677300,0,3612,0,5,0,0,0,0,0,0
9,1754706848,15928,720450,2441900,5287000,8163900,16613250,16721650,1518,5127350,1483750,1334700,0,4252,0,5,0,0,0,0,0,0
10,634139175,15929,1478600,1749450,5084600,8561600,16874250,16989950,1506,4933050,1474850,1324950,0,3932,0,5,0,0,0,0,0,0
11,2225001302,15930,726750,1410550,4219400,9971950,16328650,16445300,1827,4070400,1047750,913100,0,3292,0,5,0,0,0,0,0,0
12,3881591779,15931,721500,1730000,5503450,8645600,16600550,16720950,1682,5351450,2034800,1887350,0,3612,0,5,0,0,0,0,0,0
13,2688998526,15932,727800,2759550,10099200,3018150,16604700,16718100,487,9913000,7424650,646850,0,3612,0,5,0,0,0,0,0,0
14,3733755993,15933,739750,2544500,3751450,9569950,16605650,16721600,1865,3583850,1577550,1403600,0,2972,0,5,0,0,0,0,0,0
15,4110562030,15934,731450,2450550,5197200,8225650,16604850,16715650,1524,5030300,1472050,1322450,0,3612,0,5,0,0,0,0,0,0
16,2165534041,15935,1249900,1746800,5119650,8486600,16602950,16723350,1488,4966750,1464000,1319300,0,3612,0,5,0,0,0,0,0,0
17,51482660,15936,729050,1414650,3901400,10554100,16599200,16718850,1952,3746400,791200,649250,0,2972,0,5,0,0,0,0,0,0
18,1808653113,15937,741700,1724900,5373400,8758350,16598350,16716050,1704,5217100,1886850,1736000,0,3612,0,5,0,0,0,0,0,0
19,3012136936,15938,732900,2593450,5073400,8207400,16607150,16722850,1562,4903950,2430950,2256400,0,3612,0,5,0,0,0,0,0,0
20,1547905167,15939,728650,2120200,3809550,9944600,16603000,16717850,1945,3640850,1630400,495250,0,2972,0,5,0,0,0,0,0,0
21,2010544228,15940,1319400,1733850,5146300,8770400,16969950,17083550,1560,4985750,1460850,1318050,0,3612,0,5,0,0,0,0,0,0
22,2331187115,15941,737400,1726600,4977450,8792250,16233700,16352600,1521,4825750,1457700,1318750,0,3612,0,5,0,0,0,0,0,0
23,591091010,15942,730100,1423900,3831700,10619000,16604700,16721150,1957,3679700,788750,649700,0,2972,0,5,0,0,0,0,0,0
24,3337222943,15943,727550,2608000,4183500,9081650,16600700,16720550,1770,4014850,1575150,1419100,0,3612,0,5,0,0,0,0,0,0
25,541067522,15944,727200,2498250,4984650,8394800,16604900,16717750,1567,4830650,1474500,1324950,0,3612,0,5,0,0,0,0,0,0
26,1909576061,15945,721200,2126650,3847900,9906700,16602450,16720100,1850,3687250,1684750,623350,0,2972,0,5,0,0,0,0,0,0
27,3576416482,15946,1239700,1724100,5047800,8630750,16642350,16767950,1523,4898800,1458400,1314900,0,3612,0,5,0,0,0,0,0,0
28,2786439485,15947,734850,1734600,4972250,9109300,16551000,16671150,1588,4818750,1459100,1320900,0,3612,0,5,0,0,0,0,0,0
29,1931780192,15948,724100,1417000,3816600,10644250,16601950,16719150,1947,3666700,791100,648400,0,2972,0,5,0,0,0,0,0,0
30,1799980229,15949,733300,2641800,4607600,8615850,16598550,16720400,1657,4435500,2009150,1835500,0,3612,0,5,0,0,0,0,0,0
31,3538847580,15950,1586150,1769450,5030150,7441250,15827000,16718000,1318,4871650,1473500,1325300,0,3612,0,5,0,0,0,0,0,0
32,3831628403,15951,1344550,1451800,4724900,9080550,16601800,16719100,1720,4560050,1464150,1317050,0,3612,0,5,0,0,0,0,0,0
33,1903038664,15952,720600,1735650,6087250,7656500,16200000,16719750,1468,5935950,2447050,2301550,0,4252,0,5,0,0,0,0,0,0
34,3410263823,15953,728300,1726050,7202900,6947450,16604700,16718400,1228,7043800,3645200,3484650,0,3932,0,5,0,0,0,0,0,0
35,3263986894,15954,729150,1424100,4191600,10259300,16604150,16719850,1865,4027950,1054200,910900,0,3292,0,5,0,0,0,0,0,0
36,2175892875,15955,740250,2582850,4976150,8301150,16600400,16719350,1582,4817100,1468650,1313950,0,3612,0,5,0,0,0,0,0,0
37,1813748966,15956,723700,2454650,5180400,8244050,16602800,16717600,1535,5020950,1463950,1316900,0,3612,0,5,0,0,0,0,0,0
38,833434417,15957,1456650,1430850,4014550,10139150,17041200,17160150,1801,3843750,782250,641200,0,2972,0,5,0,0,0,0,0,0
39,4097282166,15958,726800,1731450,5759900,7943900,16162050,16278550,1527,5596950,2225550,2069850,0,3612,0,5,0,0,0,0,0,0
40,192773425,15959,732100,1737500,5377700,8755750,16603050,16719100,1705,5220300,1854900,1707050,0,3612,0,5,0,0,0,0,0,0
41,858826700,15960,732150,1429900,3865950,10580300,16608300,16720250,1936,2802650,783050,645450,0,2972,0,5,0,0,0,0,0,0
42,1950483681,15961,749400,2447450,5065850,8340450,16603150,16721150,1576,4901900,1460550,1312050,0,3612,0,5,0,0,0,0,0,0
43,575738928,15962,728650,2392600,5158700,8324000,16603950,16719000,1546,4989200,1466100,1319550,0,3612,0,5,0,0,0,0,0,0
44,1359536727,15963,1228800,1430500,4086400,9853850,16599550,16718250,1803,3914500,779250,644250,0,2972,0,5,0,0,0,0,0,0
45,3117637717,15964,733550,1720850,5754550,8388100,16597050,16717150,1623,5599200,2220150,2075800,0,3612,0,5,0,0,0,0,0,0
46,2557278958,15965,731450,1727200,5165750,8978900,16603300,16720750,1752,5012800,1646250,1498750,0,3612,0,5,0,0,0,0,0,0
47,3928984507,15966,728150,2297800,4015850,9562900,16604700,16721050,1867,3836650,1821750,1668500,0,2972,0,5,0,0,0,0,0,0
48,3279099526,15967,728550,2440150,5180100,8252300,16601100,16717600,1540,5017300,1468900,1318850,0,3612,0,5,0,0,0,0,0,0
49,3402996575,15968,1341850,1730100,5073700,8691350,16837000,16948750,1541,4916650,1471650,1324950,0,3612,0,5,0,0,0,0,0,0
50,1848951628,15969,727700,1425550,3927050,10284950,16365250,16488150,1862,3763950,777500,642950,0,2972,0,5,0,0,0,0,0,0
51,3328119971,15970,715150,1717950,5855400,8309850,16598350,16721800,1582,5693250,2335000,2182350,0,3612,0,5,0,0,0,0,0,0
52,536923704,15971,739450,2673600,4359450,8827400,16599900,16717200,1704,4184400,1703450,1534500,0,3612,0,5,0,0,0,0,0,0
53,991563721,15972,720450,2167800,3752150,9973400,16613800,16722950,1928,3593100,1572500,1417850,0,2972,0,5,0,0,0,0,0,0
54,2482503020,15973,1512200,1765650,5790400,6739000,15807250,16719000,1350,5618100,2237150,2087850,0,3612,0,5,0,0,0,0,0,0
55,3320786401,15974,1239700,1724550,4994750,8648200,16607200,16719300,1527,4838100,1458550,1323500,0,3612,0,5,0,0,0,0,0,0
56,1307572882,15975,726600,1422850,4621550,9828000,16599000,16715300,1753,4463700,1448100,1313100,0,3612,0,5,0,0,0,0,0,0
57,1045847897,15976,716250,1725850,5358750,8803650,16604500,16721950,1709,5211800,1755150,1604800,0,4252,0,5,0,0,0,0,0,0
58,2886179050,15977,719700,2648800,5163050,8070050,16601600,16719350,1538,5005650,2541500,1505450,0,3932,0,5,0,0,0,0,0,0
59,961732807,15978,721950,2125900,3867800,9888950,16604600,16719600,1901,3711850,1637800,1461000,0,3292,0,5,0,0,0,0,0,0
60,1947062354,15979,1376600,1746500,5079900,8697700,16900700,17020000,1544,4920700,1461350,1314200,0,3612,0,5,0,0,0,0,0,0
61,2075511931,15980,719750,1720600,5013450,8851250,16305050,16419550,1570,4867400,1461850,1325500,0,3612,0,5,0,0,0,0,0,0
62,2408546800,15981,740950,1426250,3834350,10595450,16597000,16717450,1922,3675700,783050,647500,0,2972,0,5,0,0,0,0,0,0
63,460493639,15982,720550,2620450,4291350,8969950,16602300,16720750,1676,4114650,1615650,1445050,0,3612,0,5,0,0,0,0,0,0
64,1463678916,15983,731700,2483150,4950050,8434050,16598950,16719000,1611,4792650,1475800,1322350,0,3612,0,5,0,0,0,0,0,0
65,3795713909,15984,717450,3471900,3845700,8566100,16601150,16715900,1591,3680850,793650,650450,0,2972,0,5,0,0,0,0,0,0
66,1056688136,15985,1431550,1752250,4978350,8435100,16597250,16720650,1478,4826350,1475350,1324250,0,3612,0,5,0,0,0,0,0,0
67,202923725,15986,741250,1745000,4986850,9129050,16602150,16718300,1628,4841200,1467450,1316600,0,3612,0,5,0,0,0,0,0,0
68,4012539606,15987,730800,1429400,3815500,10629150,16604850,16721350,1951,3655250,789850,652100,0,2972,0,5,0,0,0,0,0,0
69,1087445485,15988,730700,2771800,4951000,8148350,16601850,16716750,1554,4786550,1493050,1323300,0,3612,0,5,0,0,0,0,0,0
70,491589414,15989,727700,2454550,5125700,8295200,16603150,16722450,1549,4960150,1465750,1315900,0,3612,0,5,0,0,0,0,0,0
71,1293200275,15990,1344850,1430800,3997550,9827000,16600200,16716150,1885,3832100,789700,644900,0,2972,0,5,0,0,0,0,0,0
72,1737595726,15991,723000,1752050,5865150,7886200,16226400,16722800,1520,4959100,1462650,1322800,0,3612,0,5,0,0,0,0,0,0
73,2173390039,15992,729300,1753750,5739150,8378800,16601000,16716750,1623,5588450,2238150,2089650,0,3612,0,5,0,0,0,0,0,0
74,2060004372,15993,732050,1428600,3786200,10659500,16606350,16726550,1102,3638400,790300,648600,0,2972,0,5,0,0,0,0,0,0
75,668607547,15994,740050,4571050,5560100,5703550,16574750,16711450,1126,5398500,1911800,1754100,0,3612,0,5,0,0,0,0,0,0
76,3409034624,15995,730350,2442200,5459850,7975400,16607800,16722700,1465,5289700,1468750,1316300,0,3612,0,5,0,0,0,0,0,0
77,66914193,15996,759000,1476900,3897650,9125100,15258650,16796900,1630,3745100,794550,651900,0,2972,0,5,0,0,0,0,0,0
78,2553907572,15997,739750,1761850,4987250,9032300,16521150,16640050,1572,4830350,1474350,1320450,0,3612,0,5,0,0,0,0,0,0
79,890390073,15998,728450,1743800,5393200,8739900,16605350,16720300,1697,5253100,1897400,1745750,0,3612,0,5,0,0,0,0,0,0
80,2223873098,15999,732950,2260600,4228150,9380600,16602300,16716050,1827,4053650,1987900,1808700,0,3612,0,5,0,0,0,0,0,0
81,2336881585,16000,721400,2440250,5282100,8167000,16610750,16723050,1486,5122450,1485150,1335600,0,4252,0,5,0,0,0,0,0,0
82,4135459074,16001,1379750,1778400,5006900,8438550,16603600,16719800,1568,4842050,1289550,1138300,0,3932,0,5,0,0,0,0,0,0
83,1986260127,16002,727700,1427200,4210550,9786300,16151750,16715250,1789,4059600,1044950,910200,0,3292,0,5,0,0,0,0,0,0
84,353344474,16003,724600,1759600,4746000,9373650,16603850,16720200,1642,4589550,1233850,1093950,0,3612,0,5,0,0,0,0,0,0
85,3169575603,16004,736150,1749700,5166500,8954000,16606350,16721500,1742,4181750,1676400,1528950,0,3612,0,5,0,0,0,0,0,0
86,210205944,16005,722200,2261300,3895950,9718300,16597750,16718200,1908,3729100,1732950,1580200,0,2972,0,5,0,0,0,0,0,0
87,1677393503,16006,742100,2494700,4961050,8405500,16603350,16717950,1537,4793950,1245500,1097000,0,3612,0,5,0,0,0,0,0,0
88,3832728684,16007,1334300,1772000,4810150,8958350,16874800,16993550,1506,4647750,1238600,1091300,0,3612,0,5,0,0,0,0,0,0
89,2074852568,16008,729050,1435200,3875200,10286650,16326100,16446150,1885,3723850,797800,644300,0,2972,0,5,0,0,0,0,0,0
90,1464943173,16009,748050,1771300,5348450,8731250,16599050,16721400,1671,5200400,1885900,1738450,0,3612,0,5,0,0,0,0,0,0
91,315990800,16010,724300,2667950,4280700,8927050,16600000,16715550,1724,4110650,1630900,583800,0,3612,0,5,0,0,0,0,0,0
92,1451405891,16011,731250,2148400,3757950,9970200,16607800,16721400,1961,3596300,1585750,1426700,0,2972,0,5,0,0,0,0,0,0
93,3196408848,16012,722850,2435900,4968450,8476150,16603350,16717050,1581,4794200,1235150,1093700,0,3612,0,5,0,0,0,0,0,0
94,141073587,16013,1358100,1772850,4747300,8720300,16598550,16721850,1542,4587250,1236250,1097750,0,3612,0,5,0,0,0,0,0,0
95,3576439062,16014,725150,1437850,3856050,10580850,16599900,16717600,1613,3706400,786700,650800,0,2972,0,5,0,0,0,0,0,0
96,2798564443,16015,752250,1780950,5199100,8863550,16595850,16720350,1722,5030050,1729150,1570700,0,3612,0,5,0,0,0,0,0,0
97,3409362634,16016,720350,2746600,4761000,8377500,16605450,16719750,1596,4604900,1246950,1097850,0,3612,0,5,0,0,0,0,0,0
98,1459202337,16017,725300,2148750,3779700,9945200,16598950,16717500,1943,3616300,1610250,1423300,0,2972,0,5,0,0,0,0,0,0
99,1984418334,16018,1310650,1782400,4857400,8903200,16853650,16970300,1586,4699550,1236100,1095600,0,3612,0,5,0,0,0,0,0,0
100,2690152925,16019,733400,1759650,4885900,8973450,16352400,16471650,1597,4728000,1237800,1099300,0,3612,0,5,0,0,0,0,0,0
101,2607809844,16020,753200,1465150,5024650,8581150,15824150,16718600,1666,3702150,1669250,1520050,0,2972,0,5,0,0,0,0,0,0
102,3522750362,16021,735000,2711750,4264550,8893800,16605100,16719300,1719,4088200,1666600,1490850,0,3612,0,5,0,0,0,0,0,0
103,2368404599,16022,737600,2487150,4932450,8453250,16610450,16719950,1601,4764350,1241400,1095050,0,3612,0,5,0,0,0,0,0,0
104,3250007036,16023,727800,2131750,4055250,9685200,16600000,16716550,1878,3890900,910750,761000,0,3612,0,5,0,0,0,0,0,0
105,1111684799,16024,1214250,1761500,4897250,8731700,16604700,16718000,1541,4741050,1258150,1109250,0,4252,0,5,0,0,0,0,0,0
106,2213018028,16025,726350,1757350,4613800,9501300,16598800,16720450,1676,4461400,1057900,918800,0,3932,0,5,0,0,0,0,0,0
107,3171439817,16026,720900,1427900,3895600,10554450,16598850,16718000,1936,3754500,833750,691050,0,3292,0,5,0,0,0,0,0,0
108,2255827236,16027,738650,2658150,4325800,8881700,16604300,16722200,1716,4160400,1750900,1575450,0,3612,0,5,0,0,0,0,0,0
109,2472184909,16028,728050,2500050,4606600,8771800,16606500,16717450,1618,4433750,880300,727750,0,3612,0,5,0,0,0,0,0,0
110,3140412334,16029,1363850,1430100,4004050,10138250,16936250,17058150,1872,3826350,792850,643100,0,2972,0,5,0,0,0,0,0,0
111,785888721,16030,717400,1766900,4422850,9357800,16264950,16380950,1678,4269850,878350,731650,0,3612,0,5,0,0,0,0,0,0
112,1084583170,16031,737250,1752500,4352850,9758100,16600700,16720850,1725,4191650,860200,718950,0,3612,0,5,0,0,0,0,0,0
113,4019848443,16032,720250,1420300,3829550,10631850,16601950,16717250,1863,3679150,793150,649450,0,2972,0,5,0,0,0,0,0,0
114,808788421,16033,737650,2544000,4362400,8953100,16597150,16718750,1721,4199850,876100,724350,0,3612,0,5,0,0,0,0,0,0
115,3645042740,16034,727850,2428050,4586750,8860800,16603450,16718600,1636,4419250,879350,728850,0,3612,0,5,0,0,0,0,0,0
116,2991496187,16035,1303450,1427700,4008200,9889600,16628950,16746000,1815,3843550,781150,636800,0,2972,0,5,0,0,0,0,0,0
117,3919662364,16036,719500,1746300,4408100,9705350,16579250,16696700,1754,4251850,865450,728550,0,3612,0,5,0,0,0,0,0,0
118,1681074571,16037,727700,1754500,5127300,8986450,16595950,16716500,1728,4179300,858900,716950,0,3612,0,5,0,0,0,0,0,0
119,4218967458,16038,719750,2251800,2970350,10661700,16603600,16720000,1946,2808800,799550,657450,0,2972,0,5,0,0,0,0,0,0
120,625353107,16039,743400,2451100,4517050,8887600,16599150,16718450,1681,4348700,878400,726750,0,3612,0,5,0,0,0,0,0,0
121,3717195990,16040,1348150,1756150,4544550,8956400,16605250,16720500,1682,4378550,876550,727750,0,3612,0,5,0,0,0,0,0,0
122,2425705089,16041,728550,1427450,3896350,10012000,16064350,16717400,1837,3728200,780900,642450,0,2972,0,5,0,0,0,0,0,0
123,2555484258,16042,727550,1744100,4389100,9740950,16601700,16719050,1758,4236000,875150,731100,0,3612,0,5,0,0,0,0,0,0
124,1141451493,16043,753350,2664650,4462800,7929400,15810200,16720150,1484,4292950,870150,722300,0,3612,0,5,0,0,0,0,0,0
125,1505942736,16044,711600,2426450,3740700,9726200,16604950,16718550,1912,3578550,1575900,1424150,0,2972,0,5,0,0,0,0,0,0
126,2491710369,16045,741400,2788500,6684400,6393250,16607550,16720100,1269,6502600,1586600,577050,0,3612,0,5,0,0,0,0,0,0
127,2825516936,16046,1322750,1759250,4436000,9196700,16714700,16833650,1645,4279250,876700,730750,0,3612,0,5,0,0,0,0,0,0
128,809518447,16047,734700,1442100,4143000,10169050,16488850,16607850,1863,3977850,800400,652300,0,3612,0,5,0,0,0,0,0,0
129,1081694344,16048,721150,1737000,5286850,8852400,16597400,16715950,1728,4361550,886150,747750,0,4252,0,5,0,0,0,0,0,0
130,3544546839,16049,723650,2689250,4318100,8873150,16604150,16721400,1715,4136350,1650450,1466050,0,3932,0,5,0,0,0,0,0,0
131,2291142598,16050,723850,2139300,3997650,9748250,16609050,16718950,1904,3835000,1779500,1613900,0,3292,0,5,0,0,0,0,0,0
132,3252385439,16051,723800,2451500,4485350,8940950,16601600,16716550,1678,4308950,795350,652900,0,3612,0,5,0,0,0,0,0,0
133,1602009306,16052,1183300,1741200,4350950,9327150,16602600,16723100,1670,4189600,798350,658800,0,3612,0,5,0,0,0,0,0,0
134,2497072261,16053,728600,1438150,3701750,10727400,16595900,16717600,1953,3543700,604100,467600,0,2972,0,5,0,0,0,0,0,0
135,3739067406,16054,722450,1743400,5104850,9956300,17527000,17645950,1411,4959750,1608100,1462350,0,3612,0,5,0,0,0,0,0,0
136,1716074641,16055,756600,5911900,4474100,4526200,15668800,15794350,823,4304450,799250,656050,0,3612,0,5,0,0,0,0,0,0
137,3982919220,16056,722450,2126200,3758150,9996000,16602800,16718050,1925,3593100,1558650,1374550,0,2972,0,5,0,0,0,0,0,0
138,2723337005,16057,1351250,1757600,4408700,9293300,16810850,16927050,1578,4251750,801050,654650,0,3612,0,5,0,0,0,0,0,0
139,733376204,16058,720550,1739500,4381400,9547450,16388900,16509150,1718,4226200,810300,659850,0,3612,0,5,0,0,0,0,0,0
140,43915006,16059,729050,1441650,3648150,10781800,16600650,16719150,1956,3493150,601750,465950,0,2972,0,5,0,0,0,0,0,0
141,2309932913,16060,721750,2654400,4273150,8955150,16604450,16720500,1733,4096050,1619600,1451850,0,3612,0,5,0,0,0,0,0,0
142,1653305798,16061,729450,2474600,4365350,9034550,16603950,16720000,1732,4197100,805650,657250,0,3612,0,5,0,0,0,0,0,0
143,145291823,16062,722600,2093500,3711450,10075050,16602600,16718600,1933,3552250,618700,475550,0,2972,0,5,0,0,0,0,0,0
144,3013902878,16063,1219150,1751300,4361900,9266900,16599250,16718200,1657,4193300,815750,658450,0,3612,0,5,0,0,0,0,0,0
145,2859971923,16064,732150,1742100,4339400,9788750,16602400,16720000,1769,4182150,807100,665200,0,3612,0,5,0,0,0,0,0,0
146,3026746148,16065,726650,1438950,3627050,10804750,16597400,16719250,1960,3483550,610000,470600,0,2972,0,5,0,0,0,0,0,0
147,736325239,16066,755200,2667200,4539550,7840600,15802550,16721850,1441,4368400,811800,659750,0,3612,0,5,0,0,0,0,0,0
148,2759885216,16067,728300,2455050,4494450,8920900,16598700,16716200,1683,4327200,806700,653450,0,3612,0,5,0,0,0,0,0,0
149,1930007773,16068,1351250,1436050,3851950,10395650,17034900,17145550,1894,3698900,614700,471550,0,2972,0,5,0,0,0,0,0,0
150,4233548434,16069,719700,1432450,3952900,10071500,16176550,16295450,1774,3789550,792800,655750,0,3612,0,5,0,0,0,0,0,0
151,3821597075,16070,725350,1442550,3933300,10499850,16601050,16720550,1928,3774400,793500,659100,0,3612,0,5,0,0,0,0,0,0
152,1056834796,16071,726350,1437250,3887400,10557050,16608050,16717500,1929,3742150,796400,653700,0,3612,0,5,0,0,0,0,0,0
153,2756113825,16072,732550,2381000,3847900,9643100,16604550,16720850,1884,3690100,1618450,524700,0,3292,0,5,0,0,0,0,0,0
154,2193869574,16073,729700,2132150,3901150,9836000,16599000,16715400,1920,3734500,803750,636250,0,3292,0,5,0,0,0,0,0,0
155,39089791,16074,1232500,1413100,4002000,9957950,16605550,16719300,1831,3834300,792200,647150,0,2972,0,5,0,0,0,0,0,0
156,1158667078,16075,724650,1424800,4076000,10967350,17192800,17310300,1752,3903700,778500,644750,0,2972,0,5,0,0,0,0,0,0
157,4085879547,16076,737950,3831150,4001150,7435750,16006000,16130800,1368,3816500,792150,643000,0,2972,0,5,0,0,0,0,0,0
158,313686028,16077,733100,2346200,3876050,9643000,16598350,16718650,1896,2819650,794050,649550,0,2972,0,5,0,0,0,0,0,0
159,3216587021,16078,737700,2119750,3921500,9826300,16605250,16720650,1918,3752700,1714300,494200,0,2972,0,5,0,0,0,0,0,0
160,876009466,16079,1372050,1433350,4044700,10139950,16990050,17105150,1871,3885000,781650,637150,0,2972,0,5,0,0,0,0,0,0
161,981002535,16080,725100,1424450,3910450,10157500,16217500,16332100,1870,3757850,777150,643050,0,2972,0,5,0,0,0,0,0,0
162,47529864,16081,720350,1428200,3851600,10596700,16596850,16718900,1919,3691500,789250,647650,0,2972,0,5,0,0,0,0,0,0
163,868088385,16082,729750,1428400,3827900,10615000,16601050,16718600,1854,3680050,793300,649000,0,2972,0,5,0,0,0,0,0,0
164,2331947246,16083,725800,2267300,3942200,9663850,16599150,16721600,1895,3779100,1769150,1616300,0,2972,0,5,0,0,0,0,0,0
165,2168054517,16084,733800,2456000,4613400,8804600,16607800,16718300,1616,4447700,878850,726350,0,3612,0,5,0,0,0,0,0,0
166,3926666066,16085,1281650,1744300,4422300,9213600,16661850,16781100,1648,4264800,860550,713100,0,3612,0,5,0,0,0,0,0,0
167,1177610667,16086,723600,1428700,3912050,10470650,16535000,16655650,1938,3760000,788800,645900,0,2972,0,5,0,0,0,0,0,0
168,3782405190,16087,729350,1744650,4330950,9796600,16601550,16721450,1730,4169550,861050,719200,0,3612,0,5,0,0,0,0,0,0
169,916405275,16088,726800,2648500,4261950,8965550,16602800,16720250,1734,4093050,1601500,577950,0,3612,0,5,0,0,0,0,0,0
170,1596582148,16089,740050,2135700,3804200,9921700,16601650,16720100,1943,3634650,1618050,486400,0,2972,0,5,0,0,0,0,0,0
171,4199562603,16090,1376500,1746650,4583400,8904850,16611400,16716900,1641,4414100,864200,721550,0,3612,0,5,0,0,0,0,0,0
172,3017986708,16091,732100,1744100,4388350,9288050,16152600,16721250,1659,4223700,866950,715200,0,3612,0,5,0,0,0,0,0,0
173,2654286289,16092,731200,1429350,3835750,10607300,16603600,16717100,1956,3693650,782200,647400,0,2972,0,5,0,0,0,0,0,0
174,1031695476,16093,742300,1750650,5251500,8866200,16610650,16720600,1686,4258250,1705600,739000,0,4252,0,5,0,0,0,0,0,0
175,2959877989,16094,732550,2552750,4915450,8407100,16607850,16718900,1532,4748850,1251500,1104850,0,4252,0,5,0,0,0,0,0,0
176,1566373458,16095,724000,2156300,4034500,9684700,16599500,16717400,1886,3870200,1812250,1625100,0,3612,0,5,0,0,0,0,0,0
177,3017804585,16096,1286750,1726100,4929450,8968500,16910800,17016000,1563,4762850,1239000,1098750,0,3932,0,5,0,0,0,0,0,0
178,1442923286,16097,722900,1739550,4827650,9011400,16301500,16422400,1600,4661850,1248600,1097500,0,3932,0,5,0,0,0,0,0,0
179,959704087,16098,731100,1429950,3811000,10631800,16603850,16721400,1959,3669950,788550,648300,0,2972,0,5,0,0,0,0,0,0
CSV_END

STUDY_DONE_006e63bc80c9=0
# 