/tmp/app-lto --transport apb --state-frame 3600 --frames 180 --warmup 30 --wait spin --profile detailed --csv /tmp/transport-frames.csv && printf "CSV_BEGIN\n" && cat /tmp/transport-frames.csv && printf "CSV_END\n"; study_status=$?; printf "\nSTUDY_DONE_e4a0f3fa6394=%s\n" "$study_status"
TRANSPORT mode=apb dma_minimum=64
BEGIN_BREAKOUT frames=180 warmup=30 fixed=0 blocks=40 tiles=1 hud=1 wait=spin replay=0 state_frame=3600 profile=detailed pixel_centers=1 clock_call_ns=4945
HW_COUNTERS unavailable
RESULT frames=180 elapsed_s=7.674123750 fps=23.455447 logic_ms=0.845179 api_ms=9.107630 swap_ms=23.638877 wait_ms=8.903258 worker_inclusive_ms=23.437083 upload_inclusive_ms=5.427702 write_ms=5.189169 bytes_per_frame=18724.00 p50_ms=50.156050 p95_ms=50.163400 max_ms=53.638650 late_60hz=180 first_count=13993 last_count=14172 state_hash=3933ec17 remaining=6 score=340
RENDER_PATH retained=0 grouped=0 quads=7380 full_frames=180
BREAKOUT_PASS
CSV_BEGIN
frame,state_hash,display_count,logic_ns,api_ns,swap_ns,wait_ns,total_ns,completion_interval_ns,polls,worker_inclusive_ns,upload_inclusive_ns,write_ns,read_ns,write_bytes,read_bytes,write_calls,read_calls,dma_copy_ns,dma_launch_ns,dma_completion_wait_ns,dma_bytes,dma_lists
0,3653798554,13993,1406800,8738600,23435500,16541200,50122100,50131900,3216,23255550,5856300,5650300,0,18692,0,5,0,0,0,0,0,0
1,4254654458,13994,704350,8930600,23532550,168800,33336300,33436000,31,23337300,4960200,4773600,0,18692,0,5,0,0,0,0,0,0
2,258432485,13995,708750,9394900,23602500,16357900,50064050,50160150,3178,23432550,5850750,5647150,0,18692,0,5,0,0,0,0,0,0
3,872827290,13996,700150,8806100,23055050,771650,33332950,33434500,160,22866400,4646700,3729000,0,18692,0,5,0,0,0,0,0,0
4,30312805,13997,711250,9525900,22885200,587200,33709550,33814200,4,22705650,5281250,4275250,0,18692,0,5,0,0,0,0,0,0
5,4016430808,13998,733150,9140750,23050000,16032400,48956300,49786850,3092,22873800,4747250,4559500,0,18692,0,5,0,0,0,0,0,0
6,3012967645,13999,707650,8770550,25856900,14722850,50057950,50158100,2822,24810850,4589400,4389000,0,18692,0,5,0,0,0,0,0,0
7,3593359732,14000,709750,8780300,23308650,535850,33334550,33437100,109,23123800,5571350,5358050,0,18692,0,5,0,0,0,0,0,0
8,2714884843,14001,707300,8793600,23383950,453650,33338500,33434600,92,23191600,5053950,4872550,0,19012,0,5,0,0,0,0,0,0
9,1754706848,14002,1458000,8729700,23554750,16324650,50067100,50162300,3139,23379850,5833800,5640450,0,19012,0,5,0,0,0,0,0,0
10,634139175,14003,701500,8826050,22963100,847050,33337700,33434300,176,22780500,4740900,4559700,0,18692,0,5,0,0,0,0,0,0
11,2225001302,14004,708850,9477600,23892600,15982750,50061800,50161800,3100,23714250,5848400,5650050,0,18692,0,5,0,0,0,0,0,0
12,3881591779,14005,696800,8766250,23056000,818650,33337700,33437700,170,22874450,4801050,4626550,0,18692,0,5,0,0,0,0,0,0
13,2688998526,14006,706550,9512450,22776950,873700,33869650,33965800,69,22588150,5157700,4954900,0,18692,0,5,0,0,0,0,0,0
14,3733755993,14007,697550,8920850,23114000,16796050,49528450,49632500,3270,22923400,5561600,5372650,0,18692,0,5,0,0,0,0,0,0
15,4110562030,14008,708100,8920200,23346300,358900,33333500,33434700,72,23159150,5068450,4882250,0,18692,0,5,0,0,0,0,0,0
16,2165534041,14009,1409800,8741450,23845500,16062850,50059600,50159700,3089,23668850,6126850,5939600,0,18692,0,5,0,0,0,0,0,0
17,51482660,14010,711600,8792050,23243800,592100,33339550,33437250,122,23051850,4777800,3813800,0,18692,0,5,0,0,0,0,0,0
18,1808653113,14011,706350,9409250,23451200,16492700,50059500,50159150,3173,23271900,5866100,5666700,0,18692,0,5,0,0,0,0,0,0
19,3012136936,14012,696700,11348550,23472350,14540150,50057750,50156200,2836,23295550,5810300,5589950,0,18692,0,5,0,0,0,0,0,0
20,1547905167,14013,1293850,8747700,23491650,16531800,50065000,50161350,3183,23304000,5862850,5666050,0,18692,0,5,0,0,0,0,0,0
21,2010544228,14014,703100,9130600,23225750,281950,33341400,33437500,55,23036550,4889200,4696750,0,18692,0,5,0,0,0,0,0,0
22,2331187115,14015,705900,9394850,23599100,16364650,50064500,50158350,3182,23423150,5870650,5668200,0,18692,0,5,0,0,0,0,0,0
23,591091010,14016,708900,8772950,30532500,10046250,50060600,50157150,1977,30341500,5550650,5350250,0,18692,0,5,0,0,0,0,0,0
24,3337222943,14017,1308550,8748350,23615500,16386200,50058600,50159350,3180,23431200,5842350,5652350,0,18692,0,5,0,0,0,0,0,0
25,541067522,14018,708350,8799850,23306000,527900,33342100,33437150,108,23128900,4884200,4691650,0,18692,0,5,0,0,0,0,0,0
26,1909576061,14019,713750,9439100,23441900,16465800,50060550,50159350,3166,23267100,5874900,5666350,0,18692,0,5,0,0,0,0,0,0
27,3576416482,14020,702950,8761450,22892750,977450,33334600,33434000,204,22702950,4755000,4585600,0,18692,0,5,0,0,0,0,0,0
28,2786439485,14021,1583150,8967050,23346650,15430350,49327200,50160150,2976,23174100,5818450,5609700,0,18692,0,5,0,0,0,0,0,0
29,1931780192,14022,708350,8809600,23067950,756800,33342700,33437750,157,22877250,5473900,5264050,0,18692,0,5,0,0,0,0,0,0
30,1799980229,14023,710750,8807900,25495400,15063400,50077450,50168850,2809,25308700,7233550,7028150,0,18692,0,5,0,0,0,0,0,0
31,3538847580,14024,714250,8785800,23561650,258000,33319700,33426050,50,23373600,5968200,5772350,0,18692,0,5,0,0,0,0,0,0
32,3831628403,14025,704450,8819950,23202500,621000,33347900,33441900,128,23009650,4819800,4645850,0,19012,0,5,0,0,0,0,0,0
33,1903038664,14026,1432700,8712250,23759850,16155650,50060450,50155600,3132,23575450,5888000,5691650,0,19012,0,5,0,0,0,0,0,0
34,3410263823,14027,699700,8803800,23228900,610650,33343050,33437850,126,23038350,4759550,4585600,0,18692,0,5,0,0,0,0,0,0
35,3263986894,14028,705550,9537900,23560100,16262050,50065600,50162550,3042,23392900,5930450,5729350,0,18692,0,5,0,0,0,0,0,0
36,2175892875,14029,698550,8747350,22980550,905450,33331900,33434750,189,22791550,5609950,5413150,0,18692,0,5,0,0,0,0,0,0
37,1813748966,14030,708950,9704500,22804800,127150,33345400,33436850,22,22624700,5209350,5020500,0,18692,0,5,0,0,0,0,0,0
38,833434417,14031,1317000,8745900,23357700,16647150,50067750,50162700,3236,23170350,5631350,5444250,0,18692,0,5,0,0,0,0,0,0
39,4097282166,14032,706500,8785100,23620950,223600,33336150,33434050,43,23427900,5153850,4971000,0,18692,0,5,0,0,0,0,0,0
40,192773425,14033,1444200,8735150,23542300,16344550,50066200,50160500,3134,23362550,5875200,5689050,0,18692,0,5,0,0,0,0,0,0
41,858826700,14034,697750,9123550,23240500,279950,33341750,33437250,55,23052600,4934300,4749250,0,18692,0,5,0,0,0,0,0,0
42,1950483681,14035,702150,9402250,23665150,16293100,50062650,50159150,3167,23489600,5922050,5722800,0,18692,0,5,0,0,0,0,0,0
43,575738928,14036,700650,11053750,23669200,14637100,50060700,50157500,2893,23482500,5893250,5674700,0,18692,0,5,0,0,0,0,0,0
44,1359536727,14037,1325650,8758300,23634600,16342800,50061350,50159050,3173,23465650,5890200,5704150,0,18692,0,5,0,0,0,0,0,0
45,3117637717,14038,709750,8798450,23725500,16829000,50062700,50157850,3264,23536900,4963600,4780250,0,18692,0,5,0,0,0,0,0,0
46,2557278958,14039,1212450,8709600,23664200,16473450,50059700,50157400,3094,23481450,5887150,5686000,0,18692,0,5,0,0,0,0,0,0
47,3928984507,14040,698150,15591500,23302650,10821750,50414050,50518400,2063,23119200,5615300,5420800,0,18692,0,5,0,0,0,0,0,0
48,3279099526,14041,706800,8754350,23528600,16711100,49700850,49799150,3251,23335700,5752550,5557400,0,18692,0,5,0,0,0,0,0,0
49,3402996575,14042,701550,8773900,23556400,308000,33339850,33435200,61,23376900,5137800,4139550,0,18692,0,5,0,0,0,0,0,0
50,1848951628,14043,1673100,8779450,23265600,16345900,50064050,50159200,3135,23094000,5732850,5531500,0,18692,0,5,0,0,0,0,0,0
51,3328119971,14044,725550,9742300,23558250,15308850,49334950,50159350,3009,23393250,5909700,5180600,0,18692,0,5,0,0,0,0,0,0
52,536923704,14045,701050,8795350,23489400,16638000,49623800,50156250,3193,23309450,5883600,5690550,0,18692,0,5,0,0,0,0,0,0
53,991563721,14046,696000,8793100,23258550,595700,33343350,33439450,123,23066200,4950150,4761050,0,18692,0,5,0,0,0,0,0,0
54,2482503020,14047,2717000,8861300,23673150,14811750,50063200,50155600,2825,23480150,4888050,4703750,0,18692,0,5,0,0,0,0,0,0
55,3320786401,14048,697900,8804100,23073500,762900,33338400,33436550,159,22877800,4624750,4445900,0,18692,0,5,0,0,0,0,0,0
56,1307572882,14049,700350,9424150,23563750,16375750,50064000,50162200,3146,23389650,5926100,5726750,0,19012,0,5,0,0,0,0,0,0
57,1045847897,14050,696000,8801600,22980400,864900,33342900,33438000,180,22787300,4703850,4532100,0,19012,0,5,0,0,0,0,0,0
58,2886179050,14051,704200,9750900,23473550,16137100,50065750,50159450,3134,23301100,5884200,5688700,0,18692,0,5,0,0,0,0,0,0
59,961732807,14052,707600,8941900,23204900,482600,33337000,33433600,98,23017400,4614600,4437700,0,18692,0,5,0,0,0,0,0,0
60,1947062354,14053,704200,8793600,23594900,256350,33349050,33442350,50,23414850,5169950,4980900,0,18692,0,5,0,0,0,0,0,0
61,2075511931,14054,1363450,8776250,23285750,16638150,50063600,50159050,3197,23100050,5677450,5477150,0,18692,0,5,0,0,0,0,0,0
62,2408546800,14055,696750,8778100,23064850,800700,33340400,33436100,167,22872950,4763200,4581750,0,18692,0,5,0,0,0,0,0,0
63,460493639,14056,1469500,8748500,23635200,16205050,50058250,50158450,3140,23454550,5822100,5623750,0,18692,0,5,0,0,0,0,0,0
64,1463678916,14057,699600,8787000,23734950,118250,33339800,33436250,20,23546200,4891600,4710000,0,18692,0,5,0,0,0,0,0,0
65,3795713909,14058,704350,9472250,23644150,16243200,50063950,50159450,3153,23473450,6019050,5810700,0,18692,0,5,0,0,0,0,0,0
66,1056688136,14059,701700,8750850,26066450,14543000,50062000,50157100,2871,25205550,5284750,5093050,0,18692,0,5,0,0,0,0,0,0
67,202923725,14060,1320700,8745250,23504000,16489750,50059700,50157650,3172,23335700,5864500,5651050,0,18692,0,5,0,0,0,0,0,0
68,4012539606,14061,700850,8780250,22876700,981550,33339350,33437300,205,22683850,4631250,4457650,0,18692,0,5,0,0,0,0,0,0
69,1087445485,14062,710300,9704800,23819450,15830150,50064700,50159550,3060,23644800,5826400,5622550,0,18692,0,5,0,0,0,0,0,0
70,491589414,14063,697650,8927700,31510400,8925400,50061150,50158250,1722,31322850,4741550,4560450,0,18692,0,5,0,0,0,0,0,0
71,1293200275,14064,713150,9485150,23476250,16384950,50059500,50160350,3184,23308500,5847150,5642450,0,18692,0,5,0,0,0,0,0,0
72,1737595726,14065,698350,8786400,23045800,808600,33339150,33435950,168,22847800,4639100,3736650,0,18692,0,5,0,0,0,0,0,0
73,2173390039,14066,702700,9543750,23638250,16175500,50060200,50157400,3062,23465850,6000200,5796100,0,18692,0,5,0,0,0,0,0,0
74,2060004372,14067,709750,8756050,23062500,807650,33335950,33436350,168,22875400,5709300,5512350,0,18692,0,5,0,0,0,0,0,0
75,668607547,14068,718650,9591900,23485050,15539150,49334750,50164400,2971,23316200,5852400,5644450,0,18692,0,5,0,0,0,0,0,0
76,3409034624,14069,698300,8862250,23159100,616600,33336250,33434250,127,22973350,5675250,5482100,0,18692,0,5,0,0,0,0,0,0
77,66914193,14070,706250,8835850,23320150,484100,33346350,33437550,99,23134450,4895200,4714850,0,18692,0,5,0,0,0,0,0,0
78,2553907572,14071,1452250,10380050,22889900,15347150,50069350,50161850,2824,22706300,4542500,4353900,0,18692,0,5,0,0,0,0,0,0
79,890390073,14072,706550,8791600,25813950,14744650,50056750,50157850,2873,25623000,5792250,5594900,0,18692,0,5,0,0,0,0,0,0
80,2223873098,14073,1217650,8713450,23443900,16683000,50058000,50154950,3205,23257400,5835250,5624300,0,19012,0,5,0,0,0,0,0,0
81,2336881585,14074,701100,8782150,23126700,735100,33345050,33440150,153,22929950,4814450,4632150,0,19012,0,5,0,0,0,0,0,0
82,4135459074,14075,1439000,8896950,23427050,16298850,50061850,50158500,3161,23243300,5839150,5655700,0,18692,0,5,0,0,0,0,0,0
83,1986260127,14076,706100,8810000,23554050,268450,33338600,33435250,52,23356750,4839200,4653650,0,18692,0,5,0,0,0,0,0,0
84,353344474,14077,699950,9500800,23621100,16243250,50065100,50160500,3156,23455900,6016400,5815500,0,18692,0,5,0,0,0,0,0,0
85,3169575603,14078,702550,8789950,22878300,971550,33342350,33437200,203,22695750,5563700,5355250,0,18692,0,5,0,0,0,0,0,0
86,210205944,14079,701500,9521050,22719300,405350,33347200,33440700,82,22534700,5156800,4976150,0,18692,0,5,0,0,0,0,0,0
87,1677393503,14080,711200,8823050,23280300,16686900,49501450,50157650,3245,23092750,5564100,5361800,0,18692,0,5,0,0,0,0,0,0
88,3832728684,14081,701550,8787150,23891700,16793100,50173500,50271600,3176,23709450,5187750,5005500,0,18692,0,5,0,0,0,0,0,0
89,2074852568,14082,708750,8780800,24694750,15762100,49946400,50041700,2987,24512200,6967200,6757550,0,18692,0,5,0,0,0,0,0,0
90,1464943173,14083,714850,8753350,23564750,309200,33342150,33438250,61,22662400,5162900,4974800,0,18692,0,5,0,0,0,0,0,0
91,315990800,14084,1322200,8757800,23268200,16717750,50065950,50161400,3215,23074550,5679550,5479450,0,18692,0,5,0,0,0,0,0,0
92,1451405891,14085,700100,8792900,23176750,669600,33339350,33435850,139,22986950,4932550,4747500,0,18692,0,5,0,0,0,0,0,0
93,3196408848,14086,1452300,8879400,23491450,16240250,50063400,50157250,3149,23313700,5563600,5363650,0,18692,0,5,0,0,0,0,0,0
94,141073587,14087,702250,16009500,22999750,10353050,50064550,50160750,2043,22808650,5562500,5374950,0,18692,0,5,0,0,0,0,0,0
95,3576439062,14088,1180100,8745000,23583150,16550900,50059150,50157600,3217,23396300,5837650,5633450,0,18692,0,5,0,0,0,0,0,0
96,2798564443,14089,693100,8776950,23371550,498650,33340250,33438200,102,23171850,4947650,4768700,0,18692,0,5,0,0,0,0,0,0
97,3409362634,14090,1459650,8749700,23613750,16239400,50062500,50157350,3062,23437000,5991650,5790950,0,18692,0,5,0,0,0,0,0,0
98,1459202337,14091,724700,9656450,22708300,16243450,49332900,50158750,3097,22531950,5151050,4962050,0,18692,0,5,0,0,0,0,0,0
99,1984418334,14092,1212550,8829650,23431050,16587000,50060250,50157150,3187,23246450,5835300,5631650,0,18692,0,5,0,0,0,0,0,0
100,2690152925,14093,697000,8785500,23079550,778050,33340100,33438550,162,22891050,4799150,4620150,0,18692,0,5,0,0,0,0,0,0
101,2607809844,14094,1431950,10332800,23013750,15282600,50061100,50156450,2931,22833950,4705500,4519950,0,18692,0,5,0,0,0,0,0,0
102,3522750362,14095,700550,8934500,23391950,313650,33340650,33437150,62,23198050,4812400,4631300,0,18692,0,5,0,0,0,0,0,0
103,2368404599,14096,703000,9515400,23599550,16245250,50063200,50161650,3161,23435700,5877200,5665550,0,18692,0,5,0,0,0,0,0,0
104,3250007036,14097,697550,8740800,22954400,947100,33339850,33436500,198,22762000,5576250,5383000,0,19012,0,5,0,0,0,0,0,0
105,1111684799,14098,705650,9477200,22811500,353600,33347950,33439750,71,22627200,5215650,5025250,0,19012,0,5,0,0,0,0,0,0
106,2213018028,14099,711050,8727550,23343650,16715050,49497300,50160000,3254,23152300,5661300,5470050,0,18692,0,5,0,0,0,0,0,0
107,3171439817,14100,702100,8763800,23926700,16821650,50214250,50310900,3177,23737000,5212550,5024450,0,18692,0,5,0,0,0,0,0,0
108,2255827236,14101,696300,8746000,23390750,351500,33184550,33281100,70,23208750,5670050,5466750,0,18692,0,5,0,0,0,0,0,0
109,2472184909,14102,701200,8816800,22939850,888550,33346400,33437950,186,22742000,4719950,4536550,0,18692,0,5,0,0,0,0,0,0
110,3140412334,14103,701550,9523550,23450950,16387650,50063700,50161000,3189,23275950,5855500,5660000,0,18692,0,5,0,0,0,0,0,0
111,785888721,14104,705300,8915250,22708900,1008500,33337950,33434850,211,22520550,4653000,4479600,0,18692,0,5,0,0,0,0,0,0
112,1084583170,14105,706150,9552300,23964450,15844150,50067050,50161900,2463,23789000,6218800,6020850,0,18692,0,5,0,0,0,0,0,0
113,4019848443,14106,725650,8801850,25178250,15350050,50055800,50156050,2943,24997000,5187150,4995300,0,18692,0,5,0,0,0,0,0,0
114,808788421,14107,691150,9394100,23574200,16400750,50060200,50157100,3194,23409200,5872550,5664000,0,18692,0,5,0,0,0,0,0,0
115,3645042740,14108,702100,8763600,22874400,1004200,33344300,33440900,210,22687000,4608550,4433100,0,18692,0,5,0,0,0,0,0,0
116,2991496187,14109,697900,9532300,22759850,839300,33829350,33924150,62,22569850,5205300,5021650,0,18692,0,5,0,0,0,0,0,0
117,3919662364,14110,698900,8802800,23510150,20530600,53542450,53638650,2713,23321600,4727000,4550600,0,18692,0,5,0,0,0,0,0,0
118,1681074571,14111,726900,10767450,23433550,11173900,46101800,46214800,2137,23251050,5829150,5635500,0,18692,0,5,0,0,0,0,0,0
119,4218967458,14112,694800,8779750,23411400,426250,33312200,33411500,86,23228150,5672950,5469050,0,18692,0,5,0,0,0,0,0,0
120,625353107,14113,698950,8821100,23089400,734850,33344300,33441900,153,22897450,4833450,4650950,0,18692,0,5,0,0,0,0,0,0
121,3717195990,14114,725950,8830200,22764750,16020100,48341000,50156900,3102,22593500,5418900,5207600,0,18692,0,5,0,0,0,0,0,0
122,2425705089,14115,699000,8963900,23408050,271150,33342100,33437100,53,23227450,4841700,4661700,0,18692,0,5,0,0,0,0,0,0
123,2555484258,14116,695750,9583950,23612800,16166450,50058950,50159050,3141,23439950,5861850,5652600,0,18692,0,5,0,0,0,0,0,0
124,1141451493,14117,697700,8803600,22903800,932850,33337950,33437000,195,22714300,5428900,4516050,0,18692,0,5,0,0,0,0,0,0
125,1505942736,14118,708800,9503100,25087000,14771250,50070150,50161950,2764,24905550,7508850,7303500,0,18692,0,5,0,0,0,0,0,0
126,2491710369,14119,714950,8798350,23144500,676250,33334050,33434750,140,22952650,5661700,5459400,0,18692,0,5,0,0,0,0,0,0
127,2825516936,14120,696450,8825000,23934300,16806500,50262250,50358700,3169,23744850,5225200,5036800,0,18692,0,5,0,0,0,0,0,0
128,809518447,14121,695050,8776700,23325500,347150,33144400,33240950,69,23142150,5610150,5410200,0,19012,0,5,0,0,0,0,0,0
129,1081694344,14122,698750,8838250,23069900,735800,33342700,33436000,153,22876350,4773450,4592150,0,19012,0,5,0,0,0,0,0,0
130,3544546839,14123,690550,9431500,23502950,16436350,50061350,50158500,3166,23328400,5917950,5721950,0,18692,0,5,0,0,0,0,0,0
131,2291142598,14124,692850,8746050,22854200,1048500,33341600,33438050,220,22656150,4767450,4589150,0,18692,0,5,0,0,0,0,0,0
132,3252385439,14125,693450,9526600,23993300,15851250,50064600,50159450,3066,23817600,5913150,5717600,0,18692,0,5,0,0,0,0,0,0
133,1602009306,14126,693700,8781000,23044600,822800,33342100,33437050,171,22858300,5481150,5279550,0,18692,0,5,0,0,0,0,0,0
134,2497072261,14127,698400,8801750,23375300,471850,33347300,33440350,96,23185750,5122250,4945150,0,18692,0,5,0,0,0,0,0,0
135,3739067406,14128,1349950,8915100,23288750,16506450,50060250,50158950,3201,23103450,5734600,5535400,0,18692,0,5,0,0,0,0,0,0
136,1716074641,14129,693550,8947550,23213550,485350,33340000,33436700,99,23018450,4951700,4774700,0,18692,0,5,0,0,0,0,0,0
137,3982919220,14130,1421400,8723350,23944100,15976500,50065350,50159700,3062,23767350,6162800,5964600,0,18692,0,5,0,0,0,0,0,0
138,2723337005,14131,704750,9290600,25383800,14682950,50062100,50158350,2895,25190250,5857250,5654650,0,18692,0,5,0,0,0,0,0,0
139,733376204,14132,1251600,8755000,23579600,16474700,50060900,50157700,3192,23409900,6022500,5820150,0,18692,0,5,0,0,0,0,0,0
140,43915006,14133,699600,8805500,22946850,884600,33336550,33434800,185,22749700,4698750,4517400,0,18692,0,5,0,0,0,0,0,0
141,2309932913,14134,1403100,8712450,23573550,16373300,50062400,50159000,3148,23397100,5897900,5689900,0,18692,0,5,0,0,0,0,0,0
142,1653305798,14135,694500,9126850,30714900,9527500,50063750,50158700,1853,30527100,4668950,3734100,0,18692,0,5,0,0,0,0,0,0
143,145291823,14136,1407500,8775500,23467850,16407600,50058450,50157450,3181,23292300,5876800,5665750,0,18692,0,5,0,0,0,0,0,0
144,3013902878,14137,717100,9855250,23491150,15260300,49323800,50158800,3026,22809750,5392750,5187050,0,18692,0,5,0,0,0,0,0,0
145,2859971923,14138,1183250,8969950,23294100,16612800,50060100,50156750,3217,23116000,5731100,5527750,0,18692,0,5,0,0,0,0,0,0
146,3026746148,14139,697700,8951850,23845800,16800000,50295350,50392000,3167,23659100,5215350,5036050,0,18692,0,5,0,0,0,0,0,0
147,736325239,14140,703350,8933350,23258550,207950,33103200,33203600,39,23072400,5724050,5518650,0,18692,0,5,0,0,0,0,0,0
148,2759885216,14141,703950,8797150,23027800,812750,33341650,33436650,169,22835800,4634400,4450950,0,18692,0,5,0,0,0,0,0,0
149,1930007773,14142,700250,9444150,24633050,15286300,50063750,50163400,2900,24456650,4645250,4470600,0,18692,0,5,0,0,0,0,0,0
150,4233548434,14143,677550,8770700,22845400,1045250,33338900,33435700,219,22669550,5489600,4571250,0,19012,0,5,0,0,0,0,0,0
151,3821597075,14144,701550,9538900,24120900,15703250,50064600,50159450,3036,23942600,5911350,5706600,0,19012,0,5,0,0,0,0,0,0
152,1056834796,14145,695750,8776150,23100100,769650,33341650,33438400,160,22924550,5483550,5276450,0,19012,0,5,0,0,0,0,0,0
153,2756113825,14146,705100,8773850,23409200,453650,33341800,33435150,92,23222450,5174400,4991200,0,18692,0,5,0,0,0,0,0,0
154,2193869574,14147,1466250,8740000,23415250,16447000,50068500,50161450,3193,23232100,5832400,5643600,0,18692,0,5,0,0,0,0,0,0
155,39089791,14148,699550,8955550,23249550,433550,33338200,33434950,88,23059250,4966250,4777350,0,18692,0,5,0,0,0,0,0,0
156,1158667078,14149,1417200,8710150,23966250,15970950,50064550,50160050,3090,23791000,6225700,6039350,0,18692,0,5,0,0,0,0,0,0
157,4085879547,14150,705300,8808850,23164400,662500,33341050,33436300,137,22978600,4714450,4528400,0,18692,0,5,0,0,0,0,0,0
158,313686028,14151,705150,9508200,23437100,24550,33675000,33773500,0,22741800,5339000,5148150,0,18692,0,5,0,0,0,0,0,0
159,3216587021,14152,704200,8982700,22979450,347600,33013950,33107300,69,22789650,5549850,5345500,0,18692,0,5,0,0,0,0,0,0
160,876009466,14153,707050,8801750,23413900,421000,33343700,33436900,85,23219800,4957100,4775350,0,18692,0,5,0,0,0,0,0,0
161,981002535,14154,696000,9389200,23549050,16431750,50066000,50161350,3158,23373950,5868200,5659000,0,18692,0,5,0,0,0,0,0,0
162,47529864,14155,698300,9151850,25503150,14709000,50062300,50157850,2877,25328200,5819350,5623800,0,18692,0,5,0,0,0,0,0,0
163,868088385,14156,1311200,8763200,23486050,16498450,50058900,50156100,3175,23314200,5841600,5631000,0,18692,0,5,0,0,0,0,0,0
164,2331947246,14157,697300,8788250,22980300,871350,33337200,33435150,182,22791850,4717500,4535950,0,18692,0,5,0,0,0,0,0,0
165,2168054517,14158,705950,9428400,23649450,16275400,50059200,50158750,3158,23471300,5847050,5640500,0,18692,0,5,0,0,0,0,0,0
166,3926666066,14159,699450,8740850,30965400,9658400,50064100,50160550,1888,30765000,4669000,4501050,0,18692,0,5,0,0,0,0,0,0
167,1177610667,14160,1318700,8753700,23610750,16375700,50058850,50157350,3176,23438000,5825750,5620300,0,18692,0,5,0,0,0,0,0,0
168,3782405190,14161,701600,8782700,22996450,857650,33338400,33436950,179,22803050,4585750,4396400,0,18692,0,5,0,0,0,0,0,0
169,916405275,14162,694650,9491500,23500500,16375300,50061950,50161600,3138,23335500,5873300,5664950,0,18692,0,5,0,0,0,0,0,0
170,1596582148,14163,687800,8764900,22796000,1086700,33335400,33432900,228,22608450,5437650,4515250,0,18692,0,5,0,0,0,0,0,0
171,4199562603,14164,702350,9690350,23865400,15810250,50068350,50162850,3059,23692800,5846950,5642250,0,18692,0,5,0,0,0,0,0,0
172,3017986708,14165,697200,8780700,23055750,807050,33340700,33437550,168,22879400,5427500,5221150,0,18692,0,5,0,0,0,0,0,0
173,2654286289,14166,693700,8795000,25661550,14959250,50109500,50204000,2530,25472200,5556700,5367200,0,18692,0,5,0,0,0,0,0,0
174,1031695476,14167,716250,8804850,23429500,333400,33284000,33387950,66,23255000,5830300,5615350,0,19012,0,5,0,0,0,0,0,0
175,2959877989,14168,696200,8847350,23353300,451000,33347850,33442100,92,23160100,5003150,4815000,0,19012,0,5,0,0,0,0,0,0
176,1566373458,14169,1420650,8714550,23863550,16064100,50062850,50158350,3111,23681450,5703250,5511900,0,19012,0,5,0,0,0,0,0,0
177,3017804585,14170,707200,8796100,23162200,675200,33340700,33436050,140,22973200,4748600,4561000,0,18692,0,5,0,0,0,0,0,0
178,1442923286,14171,704900,9480650,22865100,587100,33637750,33735050,4,22677450,5272950,4269600,0,18692,0,5,0,0,0,0,0,0
179,959704087,14172,699450,8938300,23048600,360650,33047000,33143650,72,22851200,5548900,5353100,0,18692,0,5,0,0,0,0,0,0
CSV_END

STUDY_DONE_e4a0f3fa6394=0
# 