/tmp/app --transport dma --state-frame 0 --dma-minimum 8192 --frames 180 --warmup 30 --wait spin --profile frame --csv /tmp/transport-frames.csv --replay --dump /tmp/transport-frame.raw && printf "CSV_BEGIN\n" && cat /tmp/transport-frames.csv && printf "CSV_END\n"; study_status=$?; printf "\nSTUDY_DONE_36bfa14afd46=%s\n" "$study_status"
TRANSPORT mode=dma dma_minimum=8192
BEGIN_BREAKOUT frames=180 warmup=30 fixed=1 blocks=40 tiles=1 hud=1 wait=spin replay=1 state_frame=0 profile=frame pixel_centers=1 clock_call_ns=5832
HW_COUNTERS unavailable
RESULT frames=180 elapsed_s=6.018899050 fps=29.905801 logic_ms=0.000000 api_ms=0.000000 swap_ms=0.000000 wait_ms=0.000000 worker_inclusive_ms=0.000000 upload_inclusive_ms=0.000000 write_ms=0.000000 bytes_per_frame=34372.00 p50_ms=33.438450 p95_ms=33.698600 max_ms=35.499900 late_60hz=180 first_count=6791 last_count=6970 state_hash=de3c9d08 remaining=40 score=0
RENDER_PATH retained=0 grouped=0 quads=0 full_frames=0
FRAME_CHECK count=6970 address=9fe00000 fnv1a=16e1fedb pixels=307200 mismatches=0
BREAKOUT_PASS
CSV_BEGIN
frame,state_hash,display_count,logic_ns,api_ns,swap_ns,wait_ns,total_ns,completion_interval_ns,polls,worker_inclusive_ns,upload_inclusive_ns,write_ns,read_ns,write_bytes,read_bytes,write_calls,read_calls,dma_copy_ns,dma_launch_ns,dma_completion_wait_ns,dma_bytes,dma_lists
0,3728514312,6791,0,0,0,0,33380850,33394350,2696,0,0,0,0,34372,0,5,0,0,0,0,20032,2
1,3728514312,6792,0,0,0,0,33323450,33442700,2619,0,0,0,0,34372,0,5,0,0,0,0,20032,2
2,3728514312,6793,0,0,0,0,33325700,33436500,2533,0,0,0,0,34372,0,5,0,0,0,0,20032,2
3,3728514312,6794,0,0,0,0,33323000,33436700,2757,0,0,0,0,34372,0,5,0,0,0,0,20032,2
4,3728514312,6795,0,0,0,0,33630150,33739350,2488,0,0,0,0,34372,0,5,0,0,0,0,20032,2
5,3728514312,6796,0,0,0,0,33027650,33140000,2563,0,0,0,0,34372,0,5,0,0,0,0,20032,2
6,3728514312,6797,0,0,0,0,33326600,33435600,2786,0,0,0,0,34372,0,5,0,0,0,0,20032,2
7,3728514312,6798,0,0,0,0,33330300,33441300,2522,0,0,0,0,34372,0,5,0,0,0,0,20032,2
8,3728514312,6799,0,0,0,0,33327450,33436550,2218,0,0,0,0,34372,0,5,0,0,0,0,20032,2
9,3728514312,6800,0,0,0,0,33319650,33438450,2659,0,0,0,0,34372,0,5,0,0,0,0,20032,2
10,3728514312,6801,0,0,0,0,33333250,33442250,2429,0,0,0,0,34372,0,5,0,0,0,0,20032,2
11,3728514312,6802,0,0,0,0,33323150,33435850,2631,0,0,0,0,34372,0,5,0,0,0,0,20032,2
12,3728514312,6803,0,0,0,0,33326900,33440750,2651,0,0,0,0,34372,0,5,0,0,0,0,20032,2
13,3728514312,6804,0,0,0,0,33330950,33439350,2517,0,0,0,0,34372,0,5,0,0,0,0,20032,2
14,3728514312,6805,0,0,0,0,33325250,33434250,2724,0,0,0,0,34372,0,5,0,0,0,0,20032,2
15,3728514312,6806,0,0,0,0,32525850,33439400,2336,0,0,0,0,34372,0,5,0,0,0,0,20032,2
16,3728514312,6807,0,0,0,0,32891800,33441600,2457,0,0,0,0,34372,0,5,0,0,0,0,20032,2
17,3728514312,6808,0,0,0,0,33313300,33433700,2761,0,0,0,0,34372,0,5,0,0,0,0,20032,2
18,3728514312,6809,0,0,0,0,33492550,33600750,2536,0,0,0,0,34372,0,5,0,0,0,0,20032,2
19,3728514312,6810,0,0,0,0,33169250,33280500,1230,0,0,0,0,34372,0,5,0,0,0,0,20032,2
20,3728514312,6811,0,0,0,0,33306250,33438150,2758,0,0,0,0,34372,0,5,0,0,0,0,20032,2
21,3728514312,6812,0,0,0,0,33327850,33440400,2530,0,0,0,0,34372,0,5,0,0,0,0,20032,2
22,3728514312,6813,0,0,0,0,33329750,33437950,2536,0,0,0,0,34372,0,5,0,0,0,0,20032,2
23,3728514312,6814,0,0,0,0,33317050,33436350,2269,0,0,0,0,34372,0,5,0,0,0,0,20032,2
24,3728514312,6815,0,0,0,0,33324350,33440850,2514,0,0,0,0,34372,0,5,0,0,0,0,20032,2
25,3728514312,6816,0,0,0,0,33317850,33434500,2662,0,0,0,0,34372,0,5,0,0,0,0,20032,2
26,3728514312,6817,0,0,0,0,33325100,33438950,2656,0,0,0,0,34372,0,5,0,0,0,0,20032,2
27,3728514312,6818,0,0,0,0,33326100,33438550,2527,0,0,0,0,34372,0,5,0,0,0,0,20032,2
28,3728514312,6819,0,0,0,0,33330950,33442000,2696,0,0,0,0,34372,0,5,0,0,0,0,20032,2
29,3728514312,6820,0,0,0,0,33652350,33765650,2562,0,0,0,0,34372,0,5,0,0,0,0,20032,2
30,3728514312,6821,0,0,0,0,33003450,33111450,2572,0,0,0,0,34372,0,5,0,0,0,0,20032,2
31,3728514312,6822,0,0,0,0,33321100,33436550,2779,0,0,0,0,34372,0,5,0,0,0,0,20032,2
32,3728514312,6823,0,0,0,0,33342500,33452150,2527,0,0,0,0,34372,0,5,0,0,0,0,20032,2
33,3728514312,6824,0,0,0,0,33315200,33426550,2628,0,0,0,0,34372,0,5,0,0,0,0,20032,2
34,3728514312,6825,0,0,0,0,33325750,33438200,2789,0,0,0,0,34372,0,5,0,0,0,0,20032,2
35,3728514312,6826,0,0,0,0,33325750,33436800,2441,0,0,0,0,34372,0,5,0,0,0,0,20032,2
36,3728514312,6827,0,0,0,0,33326950,33439600,2629,0,0,0,0,34372,0,5,0,0,0,0,20032,2
37,3728514312,6828,0,0,0,0,33322150,33440600,2654,0,0,0,0,34372,0,5,0,0,0,0,20032,2
38,3728514312,6829,0,0,0,0,31859900,33438700,2039,0,0,0,0,34372,0,5,0,0,0,0,20032,2
39,3728514312,6830,0,0,0,0,33303500,33435650,2678,0,0,0,0,34372,0,5,0,0,0,0,20032,2
40,3728514312,6831,0,0,0,0,33324150,33437450,2638,0,0,0,0,34372,0,5,0,0,0,0,20032,2
41,3728514312,6832,0,0,0,0,33328350,33440950,2438,0,0,0,0,34372,0,5,0,0,0,0,20032,2
42,3728514312,6833,0,0,0,0,33327650,33434650,2780,0,0,0,0,34372,0,5,0,0,0,0,20032,2
43,3728514312,6834,0,0,0,0,33521150,33632150,2545,0,0,0,0,34372,0,5,0,0,0,0,20032,2
44,3728514312,6835,0,0,0,0,33142050,33248700,2609,0,0,0,0,34372,0,5,0,0,0,0,20032,2
45,3728514312,6836,0,0,0,0,33317800,33437600,2785,0,0,0,0,34372,0,5,0,0,0,0,20032,2
46,3728514312,6837,0,0,0,0,33332700,33439700,2542,0,0,0,0,34372,0,5,0,0,0,0,20032,2
47,3728514312,6838,0,0,0,0,33323500,33438150,2535,0,0,0,0,34372,0,5,0,0,0,0,20032,2
48,3728514312,6839,0,0,0,0,33319050,33437050,2683,0,0,0,0,34372,0,5,0,0,0,0,20032,2
49,3728514312,6840,0,0,0,0,33325300,33439100,2523,0,0,0,0,34372,0,5,0,0,0,0,20032,2
50,3728514312,6841,0,0,0,0,33332150,33441700,1228,0,0,0,0,34372,0,5,0,0,0,0,20032,2
51,3728514312,6842,0,0,0,0,33320400,33437400,2644,0,0,0,0,34372,0,5,0,0,0,0,20032,2
52,3728514312,6843,0,0,0,0,33324650,33435900,2520,0,0,0,0,34372,0,5,0,0,0,0,20032,2
53,3728514312,6844,0,0,0,0,33317450,33437050,2635,0,0,0,0,34372,0,5,0,0,0,0,20032,2
54,3728514312,6845,0,0,0,0,33686800,33803400,2274,0,0,0,0,34372,0,5,0,0,0,0,20032,2
55,3728514312,6846,0,0,0,0,32964250,33078350,2537,0,0,0,0,34372,0,5,0,0,0,0,20032,2
56,3728514312,6847,0,0,0,0,33323600,33434400,2784,0,0,0,0,34372,0,5,0,0,0,0,20032,2
57,3728514312,6848,0,0,0,0,33382850,33494200,2528,0,0,0,0,34372,0,5,0,0,0,0,20032,2
58,3728514312,6849,0,0,0,0,33280500,33387200,2637,0,0,0,0,34372,0,5,0,0,0,0,20032,2
59,3728514312,6850,0,0,0,0,33320750,33436400,2784,0,0,0,0,34372,0,5,0,0,0,0,20032,2
60,3728514312,6851,0,0,0,0,33329250,33440600,2451,0,0,0,0,34372,0,5,0,0,0,0,20032,2
61,3728514312,6852,0,0,0,0,32503750,33434900,2539,0,0,0,0,34372,0,5,0,0,0,0,20032,2
62,3728514312,6853,0,0,0,0,33324150,33442400,2659,0,0,0,0,34372,0,5,0,0,0,0,20032,2
63,3728514312,6854,0,0,0,0,33328300,33438150,2517,0,0,0,0,34372,0,5,0,0,0,0,20032,2
64,3728514312,6855,0,0,0,0,33325300,33436100,2684,0,0,0,0,34372,0,5,0,0,0,0,20032,2
65,3728514312,6856,0,0,0,0,33321400,33438600,1901,0,0,0,0,34372,0,5,0,0,0,0,20032,2
66,3728514312,6857,0,0,0,0,33321950,33438550,2473,0,0,0,0,34372,0,5,0,0,0,0,20032,2
67,3728514312,6858,0,0,0,0,33325350,33439450,2738,0,0,0,0,34372,0,5,0,0,0,0,20032,2
68,3728514312,6859,0,0,0,0,33554100,33668250,2596,0,0,0,0,34372,0,5,0,0,0,0,20032,2
69,3728514312,6860,0,0,0,0,33097350,33209700,2375,0,0,0,0,34372,0,5,0,0,0,0,20032,2
70,3728514312,6861,0,0,0,0,33327150,33438450,2788,0,0,0,0,34372,0,5,0,0,0,0,20032,2
71,3728514312,6862,0,0,0,0,33326500,33438650,2526,0,0,0,0,34372,0,5,0,0,0,0,20032,2
72,3728514312,6863,0,0,0,0,33327050,33436800,2558,0,0,0,0,34372,0,5,0,0,0,0,20032,2
73,3728514312,6864,0,0,0,0,33317800,33437700,2665,0,0,0,0,34372,0,5,0,0,0,0,20032,2
74,3728514312,6865,0,0,0,0,33332900,33440000,2518,0,0,0,0,34372,0,5,0,0,0,0,20032,2
75,3728514312,6866,0,0,0,0,33325450,33437800,2644,0,0,0,0,34372,0,5,0,0,0,0,20032,2
76,3728514312,6867,0,0,0,0,33327400,33440000,2659,0,0,0,0,34372,0,5,0,0,0,0,20032,2
77,3728514312,6868,0,0,0,0,33327950,33440700,2525,0,0,0,0,34372,0,5,0,0,0,0,20032,2
78,3728514312,6869,0,0,0,0,33325350,33436050,2619,0,0,0,0,34372,0,5,0,0,0,0,20032,2
79,3728514312,6870,0,0,0,0,33325050,33438250,2619,0,0,0,0,34372,0,5,0,0,0,0,20032,2
80,3728514312,6871,0,0,0,0,34987800,35499900,1801,0,0,0,0,34372,0,5,0,0,0,0,20032,2
81,3728514312,6872,0,0,0,0,31242950,31377200,2092,0,0,0,0,34372,0,5,0,0,0,0,20032,2
82,3728514312,6873,0,0,0,0,33411350,33527500,2559,0,0,0,0,34372,0,5,0,0,0,0,20032,2
83,3728514312,6874,0,0,0,0,33241500,33352700,2620,0,0,0,0,34372,0,5,0,0,0,0,20032,2
84,3728514312,6875,0,0,0,0,32515500,33439300,1990,0,0,0,0,34372,0,5,0,0,0,0,20032,2
85,3728514312,6876,0,0,0,0,33302150,33435800,2486,0,0,0,0,34372,0,5,0,0,0,0,20032,2
86,3728514312,6877,0,0,0,0,33332450,33439850,2158,0,0,0,0,34372,0,5,0,0,0,0,20032,2
87,3728514312,6878,0,0,0,0,33312150,33438850,2647,0,0,0,0,34372,0,5,0,0,0,0,20032,2
88,3728514312,6879,0,0,0,0,33330200,33438800,2525,0,0,0,0,34372,0,5,0,0,0,0,20032,2
89,3728514312,6880,0,0,0,0,33315100,33432400,2663,0,0,0,0,34372,0,5,0,0,0,0,20032,2
90,3728514312,6881,0,0,0,0,33334500,33444000,2660,0,0,0,0,34372,0,5,0,0,0,0,20032,2
91,3728514312,6882,0,0,0,0,33322700,33437500,2461,0,0,0,0,34372,0,5,0,0,0,0,20032,2
92,3728514312,6883,0,0,0,0,33324200,33436250,2734,0,0,0,0,34372,0,5,0,0,0,0,20032,2
93,3728514312,6884,0,0,0,0,33580300,33698600,2598,0,0,0,0,34372,0,5,0,0,0,0,20032,2
94,3728514312,6885,0,0,0,0,33075150,33181950,2599,0,0,0,0,34372,0,5,0,0,0,0,20032,2
95,3728514312,6886,0,0,0,0,33322150,33434900,2759,0,0,0,0,34372,0,5,0,0,0,0,20032,2
96,3728514312,6887,0,0,0,0,33326800,33442450,2566,0,0,0,0,34372,0,5,0,0,0,0,20032,2
97,3728514312,6888,0,0,0,0,33324650,33437550,2550,0,0,0,0,34372,0,5,0,0,0,0,20032,2
98,3728514312,6889,0,0,0,0,33331050,33439600,2688,0,0,0,0,34372,0,5,0,0,0,0,20032,2
99,3728514312,6890,0,0,0,0,34278650,34388400,2443,0,0,0,0,34372,0,5,0,0,0,0,20032,2
100,3728514312,6891,0,0,0,0,32364450,32489350,2306,0,0,0,0,34372,0,5,0,0,0,0,20032,2
101,3728514312,6892,0,0,0,0,33323700,33438600,2649,0,0,0,0,34372,0,5,0,0,0,0,20032,2
102,3728514312,6893,0,0,0,0,33329350,33439200,2537,0,0,0,0,34372,0,5,0,0,0,0,20032,2
103,3728514312,6894,0,0,0,0,33324750,33436450,2594,0,0,0,0,34372,0,5,0,0,0,0,20032,2
104,3728514312,6895,0,0,0,0,33318900,33438400,2634,0,0,0,0,34372,0,5,0,0,0,0,20032,2
105,3728514312,6896,0,0,0,0,32914100,33440500,2553,0,0,0,0,34372,0,5,0,0,0,0,20032,2
106,3728514312,6897,0,0,0,0,33322050,33433200,2743,0,0,0,0,34372,0,5,0,0,0,0,20032,2
107,3728514312,6898,0,0,0,0,33443700,33559300,2571,0,0,0,0,34372,0,5,0,0,0,0,20032,2
108,3728514312,6899,0,0,0,0,32409150,33322250,2516,0,0,0,0,34372,0,5,0,0,0,0,20032,2
109,3728514312,6900,0,0,0,0,33315850,33436300,2664,0,0,0,0,34372,0,5,0,0,0,0,20032,2
110,3728514312,6901,0,0,0,0,33322550,33438450,2565,0,0,0,0,34372,0,5,0,0,0,0,20032,2
111,3728514312,6902,0,0,0,0,33323950,33437150,1175,0,0,0,0,34372,0,5,0,0,0,0,20032,2
112,3728514312,6903,0,0,0,0,33318950,33439600,2673,0,0,0,0,34372,0,5,0,0,0,0,20032,2
113,3728514312,6904,0,0,0,0,33321050,33440500,2510,0,0,0,0,34372,0,5,0,0,0,0,20032,2
114,3728514312,6905,0,0,0,0,33326050,33438500,2664,0,0,0,0,34372,0,5,0,0,0,0,20032,2
115,3728514312,6906,0,0,0,0,33318650,33436850,2250,0,0,0,0,34372,0,5,0,0,0,0,20032,2
116,3728514312,6907,0,0,0,0,33325700,33442150,2459,0,0,0,0,34372,0,5,0,0,0,0,20032,2
117,3728514312,6908,0,0,0,0,33313200,33433250,2723,0,0,0,0,34372,0,5,0,0,0,0,20032,2
118,3728514312,6909,0,0,0,0,33621850,33735350,2616,0,0,0,0,34372,0,5,0,0,0,0,20032,2
119,3728514312,6910,0,0,0,0,33033500,33145150,2576,0,0,0,0,34372,0,5,0,0,0,0,20032,2
120,3728514312,6911,0,0,0,0,33321500,33438050,2749,0,0,0,0,34372,0,5,0,0,0,0,20032,2
121,3728514312,6912,0,0,0,0,33322200,33439550,2552,0,0,0,0,34372,0,5,0,0,0,0,20032,2
122,3728514312,6913,0,0,0,0,33327850,33435850,2589,0,0,0,0,34372,0,5,0,0,0,0,20032,2
123,3728514312,6914,0,0,0,0,33320250,33437750,2649,0,0,0,0,34372,0,5,0,0,0,0,20032,2
124,3728514312,6915,0,0,0,0,33326650,33442100,2562,0,0,0,0,34372,0,5,0,0,0,0,20032,2
125,3728514312,6916,0,0,0,0,33321250,33437100,2624,0,0,0,0,34372,0,5,0,0,0,0,20032,2
126,3728514312,6917,0,0,0,0,33333050,33440000,2537,0,0,0,0,34372,0,5,0,0,0,0,20032,2
127,3728514312,6918,0,0,0,0,33321200,33439400,2515,0,0,0,0,34372,0,5,0,0,0,0,20032,2
128,3728514312,6919,0,0,0,0,33324850,33438750,2610,0,0,0,0,34372,0,5,0,0,0,0,20032,2
129,3728514312,6920,0,0,0,0,33317650,33436550,2625,0,0,0,0,34372,0,5,0,0,0,0,20032,2
130,3728514312,6921,0,0,0,0,32898700,33439700,2207,0,0,0,0,34372,0,5,0,0,0,0,20032,2
131,3728514312,6922,0,0,0,0,31674550,33440500,2193,0,0,0,0,34372,0,5,0,0,0,0,20032,2
132,3728514312,6923,0,0,0,0,33471150,33592400,2579,0,0,0,0,34372,0,5,0,0,0,0,20032,2
133,3728514312,6924,0,0,0,0,33168550,33281700,2595,0,0,0,0,34372,0,5,0,0,0,0,20032,2
134,3728514312,6925,0,0,0,0,33323600,33436100,2667,0,0,0,0,34372,0,5,0,0,0,0,20032,2
135,3728514312,6926,0,0,0,0,33321100,33441350,2563,0,0,0,0,34372,0,5,0,0,0,0,20032,2
136,3728514312,6927,0,0,0,0,33329950,33439950,2634,0,0,0,0,34372,0,5,0,0,0,0,20032,2
137,3728514312,6928,0,0,0,0,33317700,33435050,2640,0,0,0,0,34372,0,5,0,0,0,0,20032,2
138,3728514312,6929,0,0,0,0,33332700,33443100,2561,0,0,0,0,34372,0,5,0,0,0,0,20032,2
139,3728514312,6930,0,0,0,0,33322800,33436900,2654,0,0,0,0,34372,0,5,0,0,0,0,20032,2
140,3728514312,6931,0,0,0,0,33328800,33438700,2603,0,0,0,0,34372,0,5,0,0,0,0,20032,2
141,3728514312,6932,0,0,0,0,33321600,33437400,2499,0,0,0,0,34372,0,5,0,0,0,0,20032,2
142,3728514312,6933,0,0,0,0,33323500,33439450,1173,0,0,0,0,34372,0,5,0,0,0,0,20032,2
143,3728514312,6934,0,0,0,0,33664850,33775100,2600,0,0,0,0,34372,0,5,0,0,0,0,20032,2
144,3728514312,6935,0,0,0,0,32993500,33103250,2546,0,0,0,0,34372,0,5,0,0,0,0,20032,2
145,3728514312,6936,0,0,0,0,33321150,33437400,2464,0,0,0,0,34372,0,5,0,0,0,0,20032,2
146,3728514312,6937,0,0,0,0,33328800,33456550,2528,0,0,0,0,34372,0,5,0,0,0,0,20032,2
147,3728514312,6938,0,0,0,0,33305800,33419200,2584,0,0,0,0,34372,0,5,0,0,0,0,20032,2
148,3728514312,6939,0,0,0,0,33322300,33439600,2755,0,0,0,0,34372,0,5,0,0,0,0,20032,2
149,3728514312,6940,0,0,0,0,33326700,33441250,2564,0,0,0,0,34372,0,5,0,0,0,0,20032,2
150,3728514312,6941,0,0,0,0,33330450,33434700,2656,0,0,0,0,34372,0,5,0,0,0,0,20032,2
151,3728514312,6942,0,0,0,0,33325400,33438650,2634,0,0,0,0,34372,0,5,0,0,0,0,20032,2
152,3728514312,6943,0,0,0,0,33325200,33438350,2561,0,0,0,0,34372,0,5,0,0,0,0,20032,2
153,3728514312,6944,0,0,0,0,33324150,33440100,2642,0,0,0,0,34372,0,5,0,0,0,0,20032,2
154,3728514312,6945,0,0,0,0,32530450,33438350,2391,0,0,0,0,34372,0,5,0,0,0,0,20032,2
155,3728514312,6946,0,0,0,0,33317750,33438550,2524,0,0,0,0,34372,0,5,0,0,0,0,20032,2
156,3728514312,6947,0,0,0,0,33327000,33437100,2744,0,0,0,0,34372,0,5,0,0,0,0,20032,2
157,3728514312,6948,0,0,0,0,33521700,33638900,2585,0,0,0,0,34372,0,5,0,0,0,0,20032,2
158,3728514312,6949,0,0,0,0,33136650,33240800,2602,0,0,0,0,34372,0,5,0,0,0,0,20032,2
159,3728514312,6950,0,0,0,0,33319200,33433500,2665,0,0,0,0,34372,0,5,0,0,0,0,20032,2
160,3728514312,6951,0,0,0,0,33329350,33443500,2564,0,0,0,0,34372,0,5,0,0,0,0,20032,2
161,3728514312,6952,0,0,0,0,33321350,33435950,2276,0,0,0,0,34372,0,5,0,0,0,0,20032,2
162,3728514312,6953,0,0,0,0,33326500,33439900,2648,0,0,0,0,34372,0,5,0,0,0,0,20032,2
163,3728514312,6954,0,0,0,0,33324050,33439800,2564,0,0,0,0,34372,0,5,0,0,0,0,20032,2
164,3728514312,6955,0,0,0,0,33323800,33433350,2678,0,0,0,0,34372,0,5,0,0,0,0,20032,2
165,3728514312,6956,0,0,0,0,33329150,33444150,2534,0,0,0,0,34372,0,5,0,0,0,0,20032,2
166,3728514312,6957,0,0,0,0,33321300,33437100,2564,0,0,0,0,34372,0,5,0,0,0,0,20032,2
167,3728514312,6958,0,0,0,0,33327300,33440400,2708,0,0,0,0,34372,0,5,0,0,0,0,20032,2
168,3728514312,6959,0,0,0,0,33816050,33928100,2643,0,0,0,0,34372,0,5,0,0,0,0,20032,2
169,3728514312,6960,0,0,0,0,32829350,32947250,2548,0,0,0,0,34372,0,5,0,0,0,0,20032,2
170,3728514312,6961,0,0,0,0,33327950,33439050,2748,0,0,0,0,34372,0,5,0,0,0,0,20032,2
171,3728514312,6962,0,0,0,0,33658850,33774400,2563,0,0,0,0,34372,0,5,0,0,0,0,20032,2
172,3728514312,6963,0,0,0,0,33161150,33273050,1301,0,0,0,0,34372,0,5,0,0,0,0,20032,2
173,3728514312,6964,0,0,0,0,33135850,33267650,2560,0,0,0,0,34372,0,5,0,0,0,0,20032,2
174,3728514312,6965,0,0,0,0,33326950,33441350,2572,0,0,0,0,34372,0,5,0,0,0,0,20032,2
175,3728514312,6966,0,0,0,0,33324700,33436150,2648,0,0,0,0,34372,0,5,0,0,0,0,20032,2
176,3728514312,6967,0,0,0,0,33320350,33434500,2186,0,0,0,0,34372,0,5,0,0,0,0,20032,2
177,3728514312,6968,0,0,0,0,33319800,33443250,2555,0,0,0,0,34372,0,5,0,0,0,0,20032,2
178,3728514312,6969,0,0,0,0,33330150,33439650,2652,0,0,0,0,34372,0,5,0,0,0,0,20032,2
179,3728514312,6970,0,0,0,0,33324100,33435650,2611,0,0,0,0,34372,0,5,0,0,0,0,20032,2
CSV_END

STUDY_DONE_36bfa14afd46=0
# 