/tmp/app --transport dma --state-frame 0 --dma-minimum 1024 --frames 180 --warmup 30 --wait spin --profile frame --csv /tmp/transport-frames.csv --retained --dump /tmp/transport-frame.raw && printf "CSV_BEGIN\n" && cat /tmp/transport-frames.csv && printf "CSV_END\n"; study_status=$?; printf "\nSTUDY_DONE_82635a5619af=%s\n" "$study_status"
TRANSPORT mode=dma dma_minimum=1024
BEGIN_BREAKOUT frames=180 warmup=30 fixed=0 blocks=40 tiles=1 hud=1 wait=spin replay=0 state_frame=0 profile=frame pixel_centers=1 clock_call_ns=5412
HW_COUNTERS unavailable
RESULT frames=180 elapsed_s=3.093022150 fps=58.195510 logic_ms=0.000000 api_ms=0.000000 swap_ms=0.000000 wait_ms=0.000000 worker_inclusive_ms=0.000000 upload_inclusive_ms=0.000000 write_ms=0.000000 bytes_per_frame=3578.67 p50_ms=16.719350 p95_ms=17.068900 max_ms=33.525150 late_60hz=164 first_count=9577 last_count=9756 state_hash=8f34e8fd remaining=38 score=20
RENDER_PATH retained=1 grouped=0 quads=645 full_frames=0
FRAME_CHECK count=9756 address=9fe00000 fnv1a=79c99b23 pixels=307200 mismatches=0
BREAKOUT_PASS
CSV_BEGIN
frame,state_hash,display_count,logic_ns,api_ns,swap_ns,wait_ns,total_ns,completion_interval_ns,polls,worker_inclusive_ns,upload_inclusive_ns,write_ns,read_ns,write_bytes,read_bytes,write_calls,read_calls,dma_copy_ns,dma_launch_ns,dma_completion_wait_ns,dma_bytes,dma_lists
0,3724779174,9577,0,0,0,0,16656650,16670250,889,0,0,0,0,4572,0,5,0,0,0,0,2112,1
1,1709657109,9578,0,0,0,0,16604400,16722900,997,0,0,0,0,4252,0,5,0,0,0,0,1792,1
2,1894904752,9579,0,0,0,0,16606850,16715950,1219,0,0,0,0,3612,0,5,0,0,0,0,1792,1
3,3703759967,9580,0,0,0,0,15288300,16722950,823,0,0,0,0,3612,0,5,0,0,0,0,1792,1
4,19533624,9581,0,0,0,0,16596600,16716750,1302,0,0,0,0,3612,0,5,0,0,0,0,1792,1
5,816884773,9582,0,0,0,0,16609400,16719250,1529,0,0,0,0,2972,0,5,0,0,0,0,1152,1
6,1339236364,9583,0,0,0,0,16607100,16718300,1197,0,0,0,0,3612,0,5,0,0,0,0,1792,1
7,3072959373,9584,0,0,0,0,16606400,16721800,1188,0,0,0,0,3612,0,5,0,0,0,0,1792,1
8,1782884746,9585,0,0,0,0,16825700,16939600,1435,0,0,0,0,2972,0,5,0,0,0,0,1152,1
9,30296781,9586,0,0,0,0,16382800,16498450,1048,0,0,0,0,4252,0,5,0,0,0,0,2944,2
10,4026418858,9587,0,0,0,0,16596200,16722300,1007,0,0,0,0,4252,0,5,0,0,0,0,2944,2
11,2084929051,9588,0,0,0,0,20051350,20172300,805,0,0,0,0,3612,0,5,0,0,0,0,2304,2
12,3114489770,9589,0,0,0,0,13122900,13260850,222,0,0,0,0,3932,0,5,0,0,0,0,2624,2
13,891400471,9590,0,0,0,0,16613100,16724850,1130,0,0,0,0,3932,0,5,0,0,0,0,2624,2
14,3472773456,9591,0,0,0,0,16603700,16719050,1390,0,0,0,0,2972,0,5,0,0,0,0,1152,1
15,3010688243,9592,0,0,0,0,16601100,16717900,1204,0,0,0,0,3612,0,5,0,0,0,0,2304,2
16,2819524756,9593,0,0,0,0,16595050,16718500,1066,0,0,0,0,3612,0,5,0,0,0,0,2304,2
17,3241678401,9594,0,0,0,0,16605500,16720500,1502,0,0,0,0,2972,0,5,0,0,0,0,1152,1
18,2154316504,9595,0,0,0,0,16605600,16718650,1075,0,0,0,0,3612,0,5,0,0,0,0,2304,2
19,772262681,9596,0,0,0,0,17016650,17129500,1145,0,0,0,0,3612,0,5,0,0,0,0,2304,2
20,3882818750,9597,0,0,0,0,16195400,16311300,1461,0,0,0,0,2972,0,5,0,0,0,0,1152,1
21,521131153,9598,0,0,0,0,16604000,16716200,1150,0,0,0,0,3612,0,5,0,0,0,0,2304,2
22,1838187414,9599,0,0,0,0,16602600,16717550,1098,0,0,0,0,3612,0,5,0,0,0,0,2304,2
23,840574439,9600,0,0,0,0,16607050,16721900,1441,0,0,0,0,2972,0,5,0,0,0,0,1152,1
24,2879461878,9601,0,0,0,0,16601350,16717450,1145,0,0,0,0,3612,0,5,0,0,0,0,2304,2
25,202086035,9602,0,0,0,0,16664700,16778500,576,0,0,0,0,3612,0,5,0,0,0,0,2304,2
26,959703924,9603,0,0,0,0,16548150,16660000,1561,0,0,0,0,2972,0,5,0,0,0,0,1152,1
27,3795724423,9604,0,0,0,0,15814950,16721750,768,0,0,0,0,3612,0,5,0,0,0,0,2304,2
28,2500539904,9605,0,0,0,0,16608950,16719350,1017,0,0,0,0,3612,0,5,0,0,0,0,2304,2
29,2269000541,9606,0,0,0,0,16602900,16716800,1403,0,0,0,0,2972,0,5,0,0,0,0,1152,1
30,1900681108,9607,0,0,0,0,16609000,16721900,1123,0,0,0,0,3612,0,5,0,0,0,0,2304,2
31,3680168245,9608,0,0,0,0,16209250,16718750,1106,0,0,0,0,3612,0,5,0,0,0,0,2304,2
32,2344329490,9609,0,0,0,0,16605500,16721100,1515,0,0,0,0,2972,0,5,0,0,0,0,1152,1
33,2130650181,9610,0,0,0,0,16603900,16713550,835,0,0,0,0,4252,0,5,0,0,0,0,3456,3
34,906966818,9611,0,0,0,0,16610150,16725050,849,0,0,0,0,4252,0,5,0,0,0,0,3456,3
35,3939376531,9612,0,0,0,0,16602100,16717900,1318,0,0,0,0,3612,0,5,0,0,0,0,2304,2
36,2110688546,9613,0,0,0,0,16683550,16800200,1123,0,0,0,0,3932,0,5,0,0,0,0,2304,2
37,2695523007,9614,0,0,0,0,16525150,16637050,1145,0,0,0,0,3932,0,5,0,0,0,0,2304,2
38,744447992,9615,0,0,0,0,16605600,16716450,1649,0,0,0,0,2972,0,5,0,0,0,0,1152,1
39,3728640411,9616,0,0,0,0,16608900,16724400,1106,0,0,0,0,3612,0,5,0,0,0,0,2304,2
40,618879740,9617,0,0,0,0,16604400,16719550,1095,0,0,0,0,3612,0,5,0,0,0,0,2304,2
41,1239708057,9618,0,0,0,0,16605800,16714150,1523,0,0,0,0,2972,0,5,0,0,0,0,1152,1
42,2429742208,9619,0,0,0,0,16182450,16723800,1069,0,0,0,0,3612,0,5,0,0,0,0,2304,2
43,412095716,9620,0,0,0,0,16600800,16716700,1170,0,0,0,0,3612,0,5,0,0,0,0,2304,2
44,1226741467,9621,0,0,0,0,16603950,16720500,1471,0,0,0,0,2972,0,5,0,0,0,0,1152,1
45,3288446148,9622,0,0,0,0,16600850,16716150,1023,0,0,0,0,3612,0,5,0,0,0,0,2304,2
46,1157984843,9623,0,0,0,0,16608550,16723950,1110,0,0,0,0,3612,0,5,0,0,0,0,2304,2
47,3877288378,9624,0,0,0,0,16783300,16897400,1490,0,0,0,0,2972,0,5,0,0,0,0,1152,1
48,4236526315,9625,0,0,0,0,16415450,16535700,1127,0,0,0,0,3612,0,5,0,0,0,0,2304,2
49,533834014,9626,0,0,0,0,16608050,16723950,1148,0,0,0,0,3612,0,5,0,0,0,0,2304,2
50,1649361089,9627,0,0,0,0,15808000,16718300,1259,0,0,0,0,2972,0,5,0,0,0,0,1152,1
51,2486981906,9628,0,0,0,0,16604750,16718700,1085,0,0,0,0,3612,0,5,0,0,0,0,2304,2
52,1706075277,9629,0,0,0,0,16604800,16721000,1142,0,0,0,0,3612,0,5,0,0,0,0,2304,2
53,267972368,9630,0,0,0,0,16606950,16717950,1465,0,0,0,0,2972,0,5,0,0,0,0,1152,1
54,3895401273,9631,0,0,0,0,16600850,16719800,1201,0,0,0,0,3612,0,5,0,0,0,0,2304,2
55,605985656,9632,0,0,0,0,16599300,16717700,648,0,0,0,0,3612,0,5,0,0,0,0,2304,2
56,4077673024,9633,0,0,0,0,33317100,33440600,2408,0,0,0,0,6632,0,5,0,0,0,0,4864,2
57,985632231,9634,0,0,0,0,33319500,33435550,1767,0,0,0,0,7312,0,5,0,0,0,0,6016,3
58,3720590956,9635,0,0,0,0,16611350,16720200,1123,0,0,0,0,3652,0,5,0,0,0,0,2304,2
59,3264032585,9636,0,0,0,0,16602600,16718850,1523,0,0,0,0,2972,0,5,0,0,0,0,1152,1
60,395405688,9637,0,0,0,0,16603350,16719400,1076,0,0,0,0,3612,0,5,0,0,0,0,2304,2
61,32142420,9638,0,0,0,0,16609500,16722000,1123,0,0,0,0,3612,0,5,0,0,0,0,2304,2
62,1187067055,9639,0,0,0,0,16605650,16716650,1425,0,0,0,0,2972,0,5,0,0,0,0,1152,1
63,459140908,9640,0,0,0,0,16605850,16721600,1180,0,0,0,0,3612,0,5,0,0,0,0,2304,2
64,3369786495,9641,0,0,0,0,16602400,16716650,1118,0,0,0,0,3612,0,5,0,0,0,0,2304,2
65,1572434254,9642,0,0,0,0,16604700,16718200,1508,0,0,0,0,2972,0,5,0,0,0,0,1152,1
66,4107798823,9643,0,0,0,0,16608550,16723000,1098,0,0,0,0,3612,0,5,0,0,0,0,2304,2
67,343968250,9644,0,0,0,0,16955300,17068900,1099,0,0,0,0,3612,0,5,0,0,0,0,2304,2
68,3102454017,9645,0,0,0,0,16252250,16366600,1440,0,0,0,0,2972,0,5,0,0,0,0,1152,1
69,3051095563,9646,0,0,0,0,16609100,16721700,1150,0,0,0,0,3612,0,5,0,0,0,0,2304,2
70,2391331016,9647,0,0,0,0,19538250,19654950,708,0,0,0,0,3612,0,5,0,0,0,0,2304,2
71,3869016117,9648,0,0,0,0,13650200,13783950,504,0,0,0,0,2972,0,5,0,0,0,0,1152,1
72,1579800804,9649,0,0,0,0,16598200,16718300,1109,0,0,0,0,3612,0,5,0,0,0,0,2304,2
73,2792341157,9650,0,0,0,0,15220800,16748700,742,0,0,0,0,3612,0,5,0,0,0,0,2304,2
74,714702942,9651,0,0,0,0,16581200,16693050,1510,0,0,0,0,2972,0,5,0,0,0,0,1152,1
75,1092538936,9652,0,0,0,0,16602950,16718100,1108,0,0,0,0,3612,0,5,0,0,0,0,2304,2
76,1561271239,9653,0,0,0,0,16605850,16720400,891,0,0,0,0,4252,0,5,0,0,0,0,3456,3
77,3798074098,9654,0,0,0,0,16606450,16717550,1245,0,0,0,0,3612,0,5,0,0,0,0,2304,2
78,3022639071,9655,0,0,0,0,16604700,16718600,882,0,0,0,0,4252,0,5,0,0,0,0,3456,3
79,2282770062,9656,0,0,0,0,16192700,16720900,998,0,0,0,0,3932,0,5,0,0,0,0,2304,2
80,1626512457,9657,0,0,0,0,16595600,16714900,1608,0,0,0,0,3292,0,5,0,0,0,0,1152,1
81,3156888026,9658,0,0,0,0,16608900,16723000,940,0,0,0,0,3612,0,5,0,0,0,0,2304,2
82,3038824309,9659,0,0,0,0,16603550,16719150,1002,0,0,0,0,3612,0,5,0,0,0,0,2304,2
83,1261846460,9660,0,0,0,0,16603200,16718450,1422,0,0,0,0,2972,0,5,0,0,0,0,1152,1
84,2035201521,9661,0,0,0,0,16821300,16933950,465,0,0,0,0,3612,0,5,0,0,0,0,2304,2
85,2164446652,9662,0,0,0,0,16388400,16504300,1132,0,0,0,0,3612,0,5,0,0,0,0,2304,2
86,2017191835,9663,0,0,0,0,16601100,16719550,1569,0,0,0,0,2972,0,5,0,0,0,0,1152,1
87,3029138484,9664,0,0,0,0,16606350,16717750,950,0,0,0,0,3612,0,5,0,0,0,0,2304,2
88,50355403,9665,0,0,0,0,16601200,16719200,1044,0,0,0,0,3612,0,5,0,0,0,0,2304,2
89,654213990,9666,0,0,0,0,16608850,16719800,1444,0,0,0,0,2972,0,5,0,0,0,0,1152,1
90,2360099787,9667,0,0,0,0,16600200,16717050,1070,0,0,0,0,3612,0,5,0,0,0,0,2304,2
91,2424818746,9668,0,0,0,0,16605300,16722800,1158,0,0,0,0,3612,0,5,0,0,0,0,2304,2
92,1971386461,9669,0,0,0,0,16605350,16720000,1464,0,0,0,0,2972,0,5,0,0,0,0,1152,1
93,3386045126,9670,0,0,0,0,16598900,16715200,952,0,0,0,0,3612,0,5,0,0,0,0,2304,2
94,1429641961,9671,0,0,0,0,16609600,16722050,1107,0,0,0,0,3612,0,5,0,0,0,0,2304,2
95,3022846880,9672,0,0,0,0,16804650,16920300,1413,0,0,0,0,2972,0,5,0,0,0,0,1152,1
96,1601897261,9673,0,0,0,0,15602250,16517200,772,0,0,0,0,3612,0,5,0,0,0,0,2304,2
97,1229951528,9674,0,0,0,0,16604850,16721500,1071,0,0,0,0,3612,0,5,0,0,0,0,2304,2
98,4065171759,9675,0,0,0,0,16609450,16720450,1537,0,0,0,0,2972,0,5,0,0,0,0,1152,1
99,1034325744,9676,0,0,0,0,16603450,16716450,998,0,0,0,0,3612,0,5,0,0,0,0,2304,2
100,14078671,9677,0,0,0,0,16605650,16721300,1100,0,0,0,0,4252,0,5,0,0,0,0,2944,2
101,4024270554,9678,0,0,0,0,16605700,16719000,1251,0,0,0,0,3612,0,5,0,0,0,0,2304,2
102,896191351,9679,0,0,0,0,16601250,16717750,1068,0,0,0,0,4252,0,5,0,0,0,0,2944,2
103,2131384102,9680,0,0,0,0,16599400,16718300,1105,0,0,0,0,3932,0,5,0,0,0,0,1792,1
104,2586210593,9681,0,0,0,0,16602650,16720850,1348,0,0,0,0,3292,0,5,0,0,0,0,1152,1
105,591918370,9682,0,0,0,0,16603050,16716200,1302,0,0,0,0,3612,0,5,0,0,0,0,1792,1
106,8814317,9683,0,0,0,0,16892850,17008650,1220,0,0,0,0,3612,0,5,0,0,0,0,1792,1
107,2340504196,9684,0,0,0,0,16315600,16434100,1544,0,0,0,0,2972,0,5,0,0,0,0,1152,1
108,3523076009,9685,0,0,0,0,16610650,16718050,1197,0,0,0,0,3612,0,5,0,0,0,0,1792,1
109,1961669028,9686,0,0,0,0,16604650,16719150,1103,0,0,0,0,3612,0,5,0,0,0,0,1792,1
110,1037581603,9687,0,0,0,0,16607300,16720700,1341,0,0,0,0,2972,0,5,0,0,0,0,1152,1
111,2701024588,9688,0,0,0,0,16605100,16719250,1252,0,0,0,0,3612,0,5,0,0,0,0,1792,1
112,215037203,9689,0,0,0,0,16595800,16715900,1178,0,0,0,0,3612,0,5,0,0,0,0,1792,1
113,3696282862,9690,0,0,0,0,16608250,16722650,1612,0,0,0,0,2972,0,5,0,0,0,0,1152,1
114,2829142928,9691,0,0,0,0,16610500,16722150,871,0,0,0,0,3612,0,5,0,0,0,0,1792,1
115,3204762949,9692,0,0,0,0,16590750,16715950,1165,0,0,0,0,3612,0,5,0,0,0,0,1792,1
116,3297489190,9693,0,0,0,0,16598950,16715700,1340,0,0,0,0,2972,0,5,0,0,0,0,1152,1
117,1691704917,9694,0,0,0,0,16987150,17099450,1193,0,0,0,0,3612,0,5,0,0,0,0,1792,1
118,663957814,9695,0,0,0,0,16225000,16342000,1200,0,0,0,0,3612,0,5,0,0,0,0,1792,1
119,3058583827,9696,0,0,0,0,16601800,16716600,1608,0,0,0,0,2972,0,5,0,0,0,0,1152,1
120,838545270,9697,0,0,0,0,15811450,16720900,1070,0,0,0,0,3612,0,5,0,0,0,0,1792,1
121,3608912039,9698,0,0,0,0,16605700,16718450,1191,0,0,0,0,3612,0,5,0,0,0,0,1792,1
122,4080159716,9699,0,0,0,0,16610950,16722300,1390,0,0,0,0,2972,0,5,0,0,0,0,1152,1
123,1056027075,9700,0,0,0,0,16669000,16783200,1210,0,0,0,0,3612,0,5,0,0,0,0,1792,1
124,4057021248,9701,0,0,0,0,16532500,16653100,1053,0,0,0,0,4252,0,5,0,0,0,0,2944,2
125,2686741161,9702,0,0,0,0,16600400,16718450,1355,0,0,0,0,3612,0,5,0,0,0,0,2304,2
126,3870849660,9703,0,0,0,0,16605000,16718550,922,0,0,0,0,4252,0,5,0,0,0,0,2944,2
127,293449641,9704,0,0,0,0,16603450,16721400,991,0,0,0,0,3932,0,5,0,0,0,0,2624,2
128,596064266,9705,0,0,0,0,16602900,16719200,1414,0,0,0,0,3292,0,5,0,0,0,0,1152,1
129,3715495249,9706,0,0,0,0,16171700,16719500,991,0,0,0,0,3612,0,5,0,0,0,0,2304,2
130,244680018,9707,0,0,0,0,16593550,16719450,1125,0,0,0,0,3612,0,5,0,0,0,0,2304,2
131,4080661783,9708,0,0,0,0,16598450,16719400,1549,0,0,0,0,2972,0,5,0,0,0,0,1152,1
132,4006730450,9709,0,0,0,0,33321250,33435850,2749,0,0,0,0,3612,0,5,0,0,0,0,2304,2
133,3864584507,9710,0,0,0,0,16759650,16873100,1077,0,0,0,0,3612,0,5,0,0,0,0,2304,2
134,2711027320,9711,0,0,0,0,16458900,16571250,1525,0,0,0,0,2972,0,5,0,0,0,0,1152,1
135,4099079087,9712,0,0,0,0,16598400,16715200,1059,0,0,0,0,3612,0,5,0,0,0,0,2304,2
136,565333772,9713,0,0,0,0,16596400,16717750,973,0,0,0,0,3612,0,5,0,0,0,0,2304,2
137,1028518269,9714,0,0,0,0,16604750,16720500,1394,0,0,0,0,2972,0,5,0,0,0,0,1152,1
138,2252688136,9715,0,0,0,0,16606250,16720000,1178,0,0,0,0,3612,0,5,0,0,0,0,2304,2
139,578597309,9716,0,0,0,0,16600650,16718750,1046,0,0,0,0,3612,0,5,0,0,0,0,2304,2
140,3624439358,9717,0,0,0,0,16597150,16717550,1591,0,0,0,0,2972,0,5,0,0,0,0,1152,1
141,3514067501,9718,0,0,0,0,16603850,16720950,917,0,0,0,0,3612,0,5,0,0,0,0,2304,2
142,2741972910,9719,0,0,0,0,16604250,16722150,957,0,0,0,0,3612,0,5,0,0,0,0,2304,2
143,28497579,9720,0,0,0,0,15809200,16716200,1279,0,0,0,0,2972,0,5,0,0,0,0,1152,1
144,466729326,9721,0,0,0,0,16844600,16959100,862,0,0,0,0,3612,0,5,0,0,0,0,2304,2
145,3425349295,9722,0,0,0,0,16367450,16480850,1091,0,0,0,0,3612,0,5,0,0,0,0,2304,2
146,1537640620,9723,0,0,0,0,16608950,16720700,1644,0,0,0,0,2972,0,5,0,0,0,0,1152,1
147,1853842891,9724,0,0,0,0,16599000,16718350,995,0,0,0,0,3612,0,5,0,0,0,0,2304,2
148,1177024904,9725,0,0,0,0,16601950,16721050,814,0,0,0,0,4252,0,5,0,0,0,0,3456,3
149,4106734849,9726,0,0,0,0,16603300,16716150,1356,0,0,0,0,3612,0,5,0,0,0,0,2304,2
150,2025356500,9727,0,0,0,0,16603450,16719000,879,0,0,0,0,4252,0,5,0,0,0,0,3456,3
151,2189605121,9728,0,0,0,0,16604850,16722150,1108,0,0,0,0,3932,0,5,0,0,0,0,2304,2
152,4086136290,9729,0,0,0,0,16601200,16716500,1533,0,0,0,0,3292,0,5,0,0,0,0,1152,1
153,4036669705,9730,0,0,0,0,16609400,16721700,961,0,0,0,0,3612,0,5,0,0,0,0,2304,2
154,4167980074,9731,0,0,0,0,16601050,16717050,1072,0,0,0,0,3612,0,5,0,0,0,0,2304,2
155,51187407,9732,0,0,0,0,16934350,17048400,1508,0,0,0,0,2972,0,5,0,0,0,0,1152,1
156,2242638442,9733,0,0,0,0,16273650,16388450,1119,0,0,0,0,3612,0,5,0,0,0,0,2304,2
157,2730108163,9734,0,0,0,0,16608350,16721400,1096,0,0,0,0,3612,0,5,0,0,0,0,2304,2
158,2718743917,9735,0,0,0,0,16602900,16718550,1552,0,0,0,0,2972,0,5,0,0,0,0,1152,1
159,3391709842,9736,0,0,0,0,16605300,16720550,1065,0,0,0,0,3612,0,5,0,0,0,0,2304,2
160,1164604273,9737,0,0,0,0,16605800,16720650,1117,0,0,0,0,3612,0,5,0,0,0,0,2304,2
161,2148591176,9738,0,0,0,0,16623750,16732000,1427,0,0,0,0,2972,0,5,0,0,0,0,1152,1
162,4192737573,9739,0,0,0,0,16592150,16705000,1182,0,0,0,0,3612,0,5,0,0,0,0,2304,2
163,535584840,9740,0,0,0,0,16601800,16720000,1062,0,0,0,0,3612,0,5,0,0,0,0,2304,2
164,3430794475,9741,0,0,0,0,16600200,16717900,1509,0,0,0,0,2972,0,5,0,0,0,0,1152,1
165,776323552,9742,0,0,0,0,16606400,16720050,1088,0,0,0,0,3612,0,5,0,0,0,0,2304,2
166,3330991427,9743,0,0,0,0,16610600,16717050,1064,0,0,0,0,3612,0,5,0,0,0,0,2304,2
167,3282074430,9744,0,0,0,0,16193500,16721500,1444,0,0,0,0,2972,0,5,0,0,0,0,1152,1
168,2597814595,9745,0,0,0,0,16612000,16719900,1159,0,0,0,0,3612,0,5,0,0,0,0,2304,2
169,2225601370,9746,0,0,0,0,16607950,16718900,1076,0,0,0,0,3612,0,5,0,0,0,0,2304,2
170,3716853465,9747,0,0,0,0,16610400,16721500,1486,0,0,0,0,2972,0,5,0,0,0,0,1152,1
171,1080675697,9748,0,0,0,0,33409550,33525150,2014,0,0,0,0,7272,0,5,0,0,0,0,6016,3
172,219920238,9749,0,0,0,0,33238700,33350850,1946,0,0,0,0,7312,0,5,0,0,0,0,6016,3
173,3070385651,9750,0,0,0,0,16603550,16717800,1157,0,0,0,0,3012,0,5,0,0,0,0,1152,1
174,2609556270,9751,0,0,0,0,16608800,16720800,1053,0,0,0,0,3612,0,5,0,0,0,0,2304,2
175,141401383,9752,0,0,0,0,16607100,16718700,1160,0,0,0,0,3612,0,5,0,0,0,0,2304,2
176,3034105280,9753,0,0,0,0,16170250,16719900,1368,0,0,0,0,2972,0,5,0,0,0,0,1152,1
177,3029196371,9754,0,0,0,0,16605050,16716700,1111,0,0,0,0,3612,0,5,0,0,0,0,2304,2
178,699378668,9755,0,0,0,0,16606950,16719750,1091,0,0,0,0,3612,0,5,0,0,0,0,2304,2
179,2402609405,9756,0,0,0,0,16609800,16720750,1554,0,0,0,0,2972,0,5,0,0,0,0,1152,1
CSV_END

STUDY_DONE_82635a5619af=0
# 