/tmp/app-lto --transport apb --state-frame 0 --frames 180 --warmup 30 --wait spin --profile frame --csv /tmp/transport-frames.csv --retained && printf "CSV_BEGIN\n" && cat /tmp/transport-frames.csv && printf "CSV_END\n"; study_status=$?; printf "\nSTUDY_DONE_28674af2eead=%s\n" "$study_status"
TRANSPORT mode=apb dma_minimum=64
BEGIN_BREAKOUT frames=180 warmup=30 fixed=0 blocks=40 tiles=1 hud=1 wait=spin replay=0 state_frame=0 profile=frame pixel_centers=1 clock_call_ns=5152
HW_COUNTERS unavailable
RESULT frames=180 elapsed_s=3.093047100 fps=58.195040 logic_ms=0.000000 api_ms=0.000000 swap_ms=0.000000 wait_ms=0.000000 worker_inclusive_ms=0.000000 upload_inclusive_ms=0.000000 write_ms=0.000000 bytes_per_frame=3578.67 p50_ms=16.719200 p95_ms=17.122150 max_ms=33.443300 late_60hz=164 first_count=31137 last_count=31316 state_hash=8f34e8fd remaining=38 score=20
RENDER_PATH retained=1 grouped=0 quads=645 full_frames=0
BREAKOUT_PASS
CSV_BEGIN
frame,state_hash,display_count,logic_ns,api_ns,swap_ns,wait_ns,total_ns,completion_interval_ns,polls,worker_inclusive_ns,upload_inclusive_ns,write_ns,read_ns,write_bytes,read_bytes,write_calls,read_calls,dma_copy_ns,dma_launch_ns,dma_completion_wait_ns,dma_bytes,dma_lists
0,3724779174,31137,0,0,0,0,33417050,33427150,2966,0,0,0,0,4572,0,5,0,0,0,0,0,0
1,1709657109,31138,0,0,0,0,16609750,16713350,1239,0,0,0,0,4252,0,5,0,0,0,0,0,0
2,1894904752,31139,0,0,0,0,16609850,16715900,1426,0,0,0,0,3612,0,5,0,0,0,0,0,0
3,3703759967,31140,0,0,0,0,16225800,16720850,1451,0,0,0,0,3612,0,5,0,0,0,0,0,0
4,19533624,31141,0,0,0,0,16619400,16721350,1613,0,0,0,0,3612,0,5,0,0,0,0,0,0
5,816884773,31142,0,0,0,0,16616550,16715850,1747,0,0,0,0,2972,0,5,0,0,0,0,0,0
6,1339236364,31143,0,0,0,0,16613650,16717750,1375,0,0,0,0,3612,0,5,0,0,0,0,0,0
7,3072959373,31144,0,0,0,0,16614200,16721200,1444,0,0,0,0,3612,0,5,0,0,0,0,0,0
8,1782884746,31145,0,0,0,0,16719750,16823100,1749,0,0,0,0,2972,0,5,0,0,0,0,0,0
9,30296781,31146,0,0,0,0,16515300,16615700,1476,0,0,0,0,4252,0,5,0,0,0,0,0,0
10,4026418858,31147,0,0,0,0,16616650,16719400,1503,0,0,0,0,4252,0,5,0,0,0,0,0,0
11,2084929051,31148,0,0,0,0,16618750,16721650,1773,0,0,0,0,3612,0,5,0,0,0,0,0,0
12,3114489770,31149,0,0,0,0,16617000,16716700,1327,0,0,0,0,3932,0,5,0,0,0,0,0,0
13,891400471,31150,0,0,0,0,16615200,16718650,1387,0,0,0,0,3932,0,5,0,0,0,0,0,0
14,3472773456,31151,0,0,0,0,15380950,16719550,1527,0,0,0,0,2972,0,5,0,0,0,0,0,0
15,3010688243,31152,0,0,0,0,16620300,16721150,1545,0,0,0,0,3612,0,5,0,0,0,0,0,0
16,2819524756,31153,0,0,0,0,16619000,16717750,1132,0,0,0,0,3612,0,5,0,0,0,0,0,0
17,3241678401,31154,0,0,0,0,16608900,16722200,1810,0,0,0,0,2972,0,5,0,0,0,0,0,0
18,2154316504,31155,0,0,0,0,16617000,16718750,1350,0,0,0,0,3612,0,5,0,0,0,0,0,0
19,772262681,31156,0,0,0,0,16803000,16911900,1395,0,0,0,0,3612,0,5,0,0,0,0,0,0
20,3882818750,31157,0,0,0,0,16421100,16521550,1790,0,0,0,0,2972,0,5,0,0,0,0,0,0
21,521131153,31158,0,0,0,0,16623350,16724000,1623,0,0,0,0,3612,0,5,0,0,0,0,0,0
22,1838187414,31159,0,0,0,0,16613000,16714200,1430,0,0,0,0,3612,0,5,0,0,0,0,0,0
23,840574439,31160,0,0,0,0,16620550,16722000,1825,0,0,0,0,2972,0,5,0,0,0,0,0,0
24,2879461878,31161,0,0,0,0,16615450,16716800,1461,0,0,0,0,3612,0,5,0,0,0,0,0,0
25,202086035,31162,0,0,0,0,16618950,16720700,1445,0,0,0,0,3612,0,5,0,0,0,0,0,0
26,959703924,31163,0,0,0,0,16616600,16720950,1826,0,0,0,0,2972,0,5,0,0,0,0,0,0
27,3795724423,31164,0,0,0,0,16619650,16720300,1465,0,0,0,0,3612,0,5,0,0,0,0,0,0
28,2500539904,31165,0,0,0,0,16613600,16715300,1387,0,0,0,0,3612,0,5,0,0,0,0,0,0
29,2269000541,31166,0,0,0,0,16618600,16719700,1758,0,0,0,0,2972,0,5,0,0,0,0,0,0
30,1900681108,31167,0,0,0,0,17004500,17105950,1389,0,0,0,0,3612,0,5,0,0,0,0,0,0
31,3680168245,31168,0,0,0,0,16225600,16335450,1444,0,0,0,0,3612,0,5,0,0,0,0,0,0
32,2344329490,31169,0,0,0,0,16614950,16715700,1822,0,0,0,0,2972,0,5,0,0,0,0,0,0
33,2130650181,31170,0,0,0,0,16620800,16722550,1449,0,0,0,0,4252,0,5,0,0,0,0,0,0
34,906966818,31171,0,0,0,0,16610400,16717600,1361,0,0,0,0,4252,0,5,0,0,0,0,0,0
35,3939376531,31172,0,0,0,0,16611850,16719500,1634,0,0,0,0,3612,0,5,0,0,0,0,0,0
36,2110688546,31173,0,0,0,0,16623300,16722150,1430,0,0,0,0,3932,0,5,0,0,0,0,0,0
37,2695523007,31174,0,0,0,0,15850400,16718450,1241,0,0,0,0,3932,0,5,0,0,0,0,0,0
38,744447992,31175,0,0,0,0,16609750,16715650,1832,0,0,0,0,2972,0,5,0,0,0,0,0,0
39,3728640411,31176,0,0,0,0,16621700,16722250,1474,0,0,0,0,3612,0,5,0,0,0,0,0,0
40,618879740,31177,0,0,0,0,16619350,16718100,1433,0,0,0,0,3612,0,5,0,0,0,0,0,0
41,1239708057,31178,0,0,0,0,16986400,17088850,1779,0,0,0,0,2972,0,5,0,0,0,0,0,0
42,2429742208,31179,0,0,0,0,16246900,16352250,1498,0,0,0,0,3612,0,5,0,0,0,0,0,0
43,412095716,31180,0,0,0,0,16617000,16719450,1537,0,0,0,0,3612,0,5,0,0,0,0,0,0
44,1226741467,31181,0,0,0,0,16620700,16717400,1786,0,0,0,0,2972,0,5,0,0,0,0,0,0
45,3288446148,31182,0,0,0,0,16621150,16717050,1459,0,0,0,0,3612,0,5,0,0,0,0,0,0
46,1157984843,31183,0,0,0,0,16618650,16721650,1492,0,0,0,0,3612,0,5,0,0,0,0,0,0
47,3877288378,31184,0,0,0,0,16666450,16772300,1398,0,0,0,0,2972,0,5,0,0,0,0,0,0
48,4236526315,31185,0,0,0,0,16562950,16667500,1564,0,0,0,0,3612,0,5,0,0,0,0,0,0
49,533834014,31186,0,0,0,0,16621650,16716750,1592,0,0,0,0,3612,0,5,0,0,0,0,0,0
50,1649361089,31187,0,0,0,0,16624600,16723500,1772,0,0,0,0,2972,0,5,0,0,0,0,0,0
51,2486981906,31188,0,0,0,0,16619950,16716200,1450,0,0,0,0,3612,0,5,0,0,0,0,0,0
52,1706075277,31189,0,0,0,0,16620200,16720700,1510,0,0,0,0,3612,0,5,0,0,0,0,0,0
53,267972368,31190,0,0,0,0,16206400,16718350,1713,0,0,0,0,2972,0,5,0,0,0,0,0,0
54,3895401273,31191,0,0,0,0,16615500,16721700,1575,0,0,0,0,3612,0,5,0,0,0,0,0,0
55,605985656,31192,0,0,0,0,16613950,16717500,1441,0,0,0,0,3612,0,5,0,0,0,0,0,0
56,4077673024,31193,0,0,0,0,33328350,33435750,3178,0,0,0,0,6632,0,5,0,0,0,0,0,0
57,985632231,31194,0,0,0,0,33334150,33440500,2790,0,0,0,0,7312,0,5,0,0,0,0,0,0
58,3720590956,31195,0,0,0,0,21038500,21147950,1157,0,0,0,0,3652,0,5,0,0,0,0,0,0
59,3264032585,31196,0,0,0,0,12163050,12287800,664,0,0,0,0,2972,0,5,0,0,0,0,0,0
60,395405688,31197,0,0,0,0,16617550,16719200,1403,0,0,0,0,3612,0,5,0,0,0,0,0,0
61,32142420,31198,0,0,0,0,15122750,16723550,1355,0,0,0,0,3612,0,5,0,0,0,0,0,0
62,1187067055,31199,0,0,0,0,16616600,16718650,1732,0,0,0,0,2972,0,5,0,0,0,0,0,0
63,459140908,31200,0,0,0,0,16618400,16720300,1533,0,0,0,0,3612,0,5,0,0,0,0,0,0
64,3369786495,31201,0,0,0,0,16617300,16719100,1509,0,0,0,0,3612,0,5,0,0,0,0,0,0
65,1572434254,31202,0,0,0,0,16616800,16717900,1807,0,0,0,0,2972,0,5,0,0,0,0,0,0
66,4107798823,31203,0,0,0,0,16613450,16716300,1393,0,0,0,0,3612,0,5,0,0,0,0,0,0
67,343968250,31204,0,0,0,0,16836000,16945550,1484,0,0,0,0,3612,0,5,0,0,0,0,0,0
68,3102454017,31205,0,0,0,0,16390550,16496100,1785,0,0,0,0,2972,0,5,0,0,0,0,0,0
69,3051095563,31206,0,0,0,0,16620700,16721050,1565,0,0,0,0,3612,0,5,0,0,0,0,0,0
70,2391331016,31207,0,0,0,0,16611750,16718750,1511,0,0,0,0,3612,0,5,0,0,0,0,0,0
71,3869016117,31208,0,0,0,0,16609050,16717800,1808,0,0,0,0,2972,0,5,0,0,0,0,0,0
72,1579800804,31209,0,0,0,0,16620950,16719850,1503,0,0,0,0,3612,0,5,0,0,0,0,0,0
73,2792341157,31210,0,0,0,0,16613450,16717750,1438,0,0,0,0,3612,0,5,0,0,0,0,0,0
74,714702942,31211,0,0,0,0,16615000,16719500,1826,0,0,0,0,2972,0,5,0,0,0,0,0,0
75,1092538936,31212,0,0,0,0,16621450,16722000,1211,0,0,0,0,3612,0,5,0,0,0,0,0,0
76,1561271239,31213,0,0,0,0,16600300,16714550,1238,0,0,0,0,4252,0,5,0,0,0,0,0,0
77,3798074098,31214,0,0,0,0,16617200,16720300,1610,0,0,0,0,3612,0,5,0,0,0,0,0,0
78,3022639071,31215,0,0,0,0,16950800,17052400,1342,0,0,0,0,4252,0,5,0,0,0,0,0,0
79,2282770062,31216,0,0,0,0,16285250,16389700,1475,0,0,0,0,3932,0,5,0,0,0,0,0,0
80,1626512457,31217,0,0,0,0,16610800,16717650,1759,0,0,0,0,3292,0,5,0,0,0,0,0,0
81,3156888026,31218,0,0,0,0,16616800,16719550,1450,0,0,0,0,3612,0,5,0,0,0,0,0,0
82,3038824309,31219,0,0,0,0,16605000,16717950,1369,0,0,0,0,3612,0,5,0,0,0,0,0,0
83,1261846460,31220,0,0,0,0,16612950,16719150,1753,0,0,0,0,2972,0,5,0,0,0,0,0,0
84,2035201521,31221,0,0,0,0,15280750,16721050,1199,0,0,0,0,3612,0,5,0,0,0,0,0,0
85,2164446652,31222,0,0,0,0,16620050,16718900,1535,0,0,0,0,3612,0,5,0,0,0,0,0,0
86,2017191835,31223,0,0,0,0,16614250,16718100,1827,0,0,0,0,2972,0,5,0,0,0,0,0,0
87,3029138484,31224,0,0,0,0,16613950,16717350,1409,0,0,0,0,3612,0,5,0,0,0,0,0,0
88,50355403,31225,0,0,0,0,16617150,16721100,1388,0,0,0,0,3612,0,5,0,0,0,0,0,0
89,654213990,31226,0,0,0,0,16613350,16717850,1773,0,0,0,0,2972,0,5,0,0,0,0,0,0
90,2360099787,31227,0,0,0,0,16230150,16722250,1416,0,0,0,0,3612,0,5,0,0,0,0,0,0
91,2424818746,31228,0,0,0,0,16615600,16719300,1589,0,0,0,0,3612,0,5,0,0,0,0,0,0
92,1971386461,31229,0,0,0,0,16615850,16719000,1780,0,0,0,0,2972,0,5,0,0,0,0,0,0
93,3386045126,31230,0,0,0,0,16619650,16718250,1390,0,0,0,0,3612,0,5,0,0,0,0,0,0
94,1429641961,31231,0,0,0,0,16613950,16720000,1403,0,0,0,0,3612,0,5,0,0,0,0,0,0
95,3022846880,31232,0,0,0,0,16697000,16801750,1735,0,0,0,0,2972,0,5,0,0,0,0,0,0
96,1601897261,31233,0,0,0,0,16539200,16639600,1555,0,0,0,0,3612,0,5,0,0,0,0,0,0
97,1229951528,31234,0,0,0,0,16614300,16716200,1467,0,0,0,0,3612,0,5,0,0,0,0,0,0
98,4065171759,31235,0,0,0,0,16614650,16721600,1801,0,0,0,0,2972,0,5,0,0,0,0,0,0
99,1034325744,31236,0,0,0,0,16617500,16717350,1397,0,0,0,0,3612,0,5,0,0,0,0,0,0
100,14078671,31237,0,0,0,0,16615000,16719350,1375,0,0,0,0,4252,0,5,0,0,0,0,0,0
101,4024270554,31238,0,0,0,0,16060300,16718150,1534,0,0,0,0,3612,0,5,0,0,0,0,0,0
102,896191351,31239,0,0,0,0,16618100,16721250,1568,0,0,0,0,4252,0,5,0,0,0,0,0,0
103,2131384102,31240,0,0,0,0,16616550,16720900,1336,0,0,0,0,3932,0,5,0,0,0,0,0,0
104,2586210593,31241,0,0,0,0,16612200,16715500,1713,0,0,0,0,3292,0,5,0,0,0,0,0,0
105,591918370,31242,0,0,0,0,16618900,16717850,1424,0,0,0,0,3612,0,5,0,0,0,0,0,0
106,8814317,31243,0,0,0,0,17011100,17118900,1089,0,0,0,0,3612,0,5,0,0,0,0,0,0
107,2340504196,31244,0,0,0,0,15427000,16322200,1464,0,0,0,0,2972,0,5,0,0,0,0,0,0
108,3523076009,31245,0,0,0,0,16618950,16719150,1557,0,0,0,0,3612,0,5,0,0,0,0,0,0
109,1961669028,31246,0,0,0,0,16619300,16716700,1455,0,0,0,0,3612,0,5,0,0,0,0,0,0
110,1037581603,31247,0,0,0,0,16615200,16722500,1768,0,0,0,0,2972,0,5,0,0,0,0,0,0
111,2701024588,31248,0,0,0,0,16613750,16716600,1446,0,0,0,0,3612,0,5,0,0,0,0,0,0
112,215037203,31249,0,0,0,0,16613800,16720800,1440,0,0,0,0,3612,0,5,0,0,0,0,0,0
113,3696282862,31250,0,0,0,0,16618950,16722000,1797,0,0,0,0,2972,0,5,0,0,0,0,0,0
114,2829142928,31251,0,0,0,0,16614600,16716500,1443,0,0,0,0,3612,0,5,0,0,0,0,0,0
115,3204762949,31252,0,0,0,0,16617700,16719200,1339,0,0,0,0,3612,0,5,0,0,0,0,0,0
116,3297489190,31253,0,0,0,0,16614100,16719150,1691,0,0,0,0,2972,0,5,0,0,0,0,0,0
117,1691704917,31254,0,0,0,0,16886700,16986850,1432,0,0,0,0,3612,0,5,0,0,0,0,0,0
118,663957814,31255,0,0,0,0,16346650,16452400,1499,0,0,0,0,3612,0,5,0,0,0,0,0,0
119,3058583827,31256,0,0,0,0,20324900,20426450,1546,0,0,0,0,2972,0,5,0,0,0,0,0,0
120,838545270,31257,0,0,0,0,12903700,13011700,299,0,0,0,0,3612,0,5,0,0,0,0,0,0
121,3608912039,31258,0,0,0,0,16618000,16717850,1373,0,0,0,0,3612,0,5,0,0,0,0,0,0
122,4080159716,31259,0,0,0,0,16616000,16719550,1722,0,0,0,0,2972,0,5,0,0,0,0,0,0
123,1056027075,31260,0,0,0,0,16618200,16723150,1433,0,0,0,0,3612,0,5,0,0,0,0,0,0
124,4057021248,31261,0,0,0,0,16613550,16719600,1522,0,0,0,0,4252,0,5,0,0,0,0,0,0
125,2686741161,31262,0,0,0,0,16619550,16720050,1697,0,0,0,0,3612,0,5,0,0,0,0,0,0
126,3870849660,31263,0,0,0,0,16609100,16714750,1332,0,0,0,0,4252,0,5,0,0,0,0,0,0
127,293449641,31264,0,0,0,0,16610450,16719350,1353,0,0,0,0,3932,0,5,0,0,0,0,0,0
128,596064266,31265,0,0,0,0,17101100,17204150,1640,0,0,0,0,3292,0,5,0,0,0,0,0,0
129,3715495249,31266,0,0,0,0,16133800,16237850,1448,0,0,0,0,3612,0,5,0,0,0,0,0,0
130,244680018,31267,0,0,0,0,15837350,16716550,1202,0,0,0,0,3612,0,5,0,0,0,0,0,0
131,4080661783,31268,0,0,0,0,16617450,16722150,1790,0,0,0,0,2972,0,5,0,0,0,0,0,0
132,4006730450,31269,0,0,0,0,16616950,16714450,1357,0,0,0,0,3612,0,5,0,0,0,0,0,0
133,3864584507,31270,0,0,0,0,16620650,16721150,1436,0,0,0,0,3612,0,5,0,0,0,0,0,0
134,2711027320,31271,0,0,0,0,16642200,16751300,1720,0,0,0,0,2972,0,5,0,0,0,0,0,0
135,4099079087,31272,0,0,0,0,16581650,16687700,1531,0,0,0,0,3612,0,5,0,0,0,0,0,0
136,565333772,31273,0,0,0,0,16615800,16718550,1500,0,0,0,0,3612,0,5,0,0,0,0,0,0
137,1028518269,31274,0,0,0,0,16619950,16718750,1454,0,0,0,0,2972,0,5,0,0,0,0,0,0
138,2252688136,31275,0,0,0,0,16609000,16718300,1366,0,0,0,0,3612,0,5,0,0,0,0,0,0
139,578597309,31276,0,0,0,0,16618050,16721650,1449,0,0,0,0,3612,0,5,0,0,0,0,0,0
140,3624439358,31277,0,0,0,0,16217200,16721150,1648,0,0,0,0,2972,0,5,0,0,0,0,0,0
141,3514067501,31278,0,0,0,0,16616250,16719450,1578,0,0,0,0,3612,0,5,0,0,0,0,0,0
142,2741972910,31279,0,0,0,0,16611750,16716350,1473,0,0,0,0,3612,0,5,0,0,0,0,0,0
143,28497579,31280,0,0,0,0,16618950,16722100,1816,0,0,0,0,2972,0,5,0,0,0,0,0,0
144,466729326,31281,0,0,0,0,16615000,16715800,1398,0,0,0,0,3612,0,5,0,0,0,0,0,0
145,3425349295,31282,0,0,0,0,16739500,16842050,1416,0,0,0,0,3612,0,5,0,0,0,0,0,0
146,1537640620,31283,0,0,0,0,16489150,16596850,1797,0,0,0,0,2972,0,5,0,0,0,0,0,0
147,1853842891,31284,0,0,0,0,16616050,16721750,1538,0,0,0,0,3612,0,5,0,0,0,0,0,0
148,1177024904,31285,0,0,0,0,16611100,16716100,1410,0,0,0,0,4252,0,5,0,0,0,0,0,0
149,4106734849,31286,0,0,0,0,16618700,16721350,1661,0,0,0,0,3612,0,5,0,0,0,0,0,0
150,2025356500,31287,0,0,0,0,16611250,16719000,1395,0,0,0,0,4252,0,5,0,0,0,0,0,0
151,2189605121,31288,0,0,0,0,16611250,16720400,1434,0,0,0,0,3932,0,5,0,0,0,0,0,0
152,4086136290,31289,0,0,0,0,16613150,16719200,1757,0,0,0,0,3292,0,5,0,0,0,0,0,0
153,4036669705,31290,0,0,0,0,16618350,16720300,1332,0,0,0,0,3612,0,5,0,0,0,0,0,0
154,4167980074,31291,0,0,0,0,15837100,16715750,1259,0,0,0,0,3612,0,5,0,0,0,0,0,0
155,51187407,31292,0,0,0,0,16616700,16721850,1736,0,0,0,0,2972,0,5,0,0,0,0,0,0
156,2242638442,31293,0,0,0,0,16957500,17055250,1481,0,0,0,0,3612,0,5,0,0,0,0,0,0
157,2730108163,31294,0,0,0,0,16280400,16383200,1472,0,0,0,0,3612,0,5,0,0,0,0,0,0
158,2718743917,31295,0,0,0,0,16613300,16717750,1827,0,0,0,0,2972,0,5,0,0,0,0,0,0
159,3391709842,31296,0,0,0,0,16615500,16719750,1484,0,0,0,0,3612,0,5,0,0,0,0,0,0
160,1164604273,31297,0,0,0,0,16615750,16720050,1414,0,0,0,0,3612,0,5,0,0,0,0,0,0
161,2148591176,31298,0,0,0,0,16618000,16720050,1763,0,0,0,0,2972,0,5,0,0,0,0,0,0
162,4192737573,31299,0,0,0,0,16615550,16719000,1443,0,0,0,0,3612,0,5,0,0,0,0,0,0
163,535584840,31300,0,0,0,0,16615600,16720500,1569,0,0,0,0,3612,0,5,0,0,0,0,0,0
164,3430794475,31301,0,0,0,0,16614000,16718200,1779,0,0,0,0,2972,0,5,0,0,0,0,0,0
165,776323552,31302,0,0,0,0,16621050,16716200,1363,0,0,0,0,3612,0,5,0,0,0,0,0,0
166,3330991427,31303,0,0,0,0,16613050,16720600,1421,0,0,0,0,3612,0,5,0,0,0,0,0,0
167,3282074430,31304,0,0,0,0,17149600,17253150,1470,0,0,0,0,2972,0,5,0,0,0,0,0,0
168,2597814595,31305,0,0,0,0,16076400,16188250,1483,0,0,0,0,3612,0,5,0,0,0,0,0,0
169,2225601370,31306,0,0,0,0,16615900,16717700,1566,0,0,0,0,3612,0,5,0,0,0,0,0,0
170,3716853465,31307,0,0,0,0,16611300,16718750,1791,0,0,0,0,2972,0,5,0,0,0,0,0,0
171,1080675697,31308,0,0,0,0,33337500,33436550,2963,0,0,0,0,7272,0,5,0,0,0,0,0,0
172,219920238,31309,0,0,0,0,33338450,33443300,2863,0,0,0,0,7312,0,5,0,0,0,0,0,0
173,3070385651,31310,0,0,0,0,16606450,16715150,1778,0,0,0,0,3012,0,5,0,0,0,0,0,0
174,2609556270,31311,0,0,0,0,16614500,16720800,1472,0,0,0,0,3612,0,5,0,0,0,0,0,0
175,141401383,31312,0,0,0,0,16608500,16716750,1449,0,0,0,0,3612,0,5,0,0,0,0,0,0
176,3034105280,31313,0,0,0,0,17019450,17122150,1683,0,0,0,0,2972,0,5,0,0,0,0,0,0
177,3029196371,31314,0,0,0,0,16216300,16319250,1473,0,0,0,0,3612,0,5,0,0,0,0,0,0
178,699378668,31315,0,0,0,0,16622450,16719750,1613,0,0,0,0,3612,0,5,0,0,0,0,0,0
179,2402609405,31316,0,0,0,0,16618100,16718450,425,0,0,0,0,2972,0,5,0,0,0,0,0,0
CSV_END

STUDY_DONE_28674af2eead=0
# 