/tmp/app-lto --transport unrolled --state-frame 0 --frames 180 --warmup 30 --wait spin --profile frame --csv /tmp/transport-frames.csv --dump /tmp/transport-frame.raw && printf "CSV_BEGIN\n" && cat /tmp/transport-frames.csv && printf "CSV_END\n"; study_status=$?; printf "\nSTUDY_DONE_2aab9785ad1b=%s\n" "$study_status"
TRANSPORT mode=unrolled dma_minimum=64
BEGIN_BREAKOUT frames=180 warmup=30 fixed=0 blocks=40 tiles=1 hud=1 wait=spin replay=0 state_frame=0 profile=frame pixel_centers=1 clock_call_ns=4829
HW_COUNTERS unavailable
RESULT frames=180 elapsed_s=12.021134800 fps=14.973628 logic_ms=0.000000 api_ms=0.000000 swap_ms=0.000000 wait_ms=0.000000 worker_inclusive_ms=0.000000 upload_inclusive_ms=0.000000 write_ms=0.000000 bytes_per_frame=30951.56 p50_ms=66.877250 p95_ms=67.099150 max_ms=69.190750 late_60hz=180 first_count=26421 last_count=26600 state_hash=8f34e8fd remaining=38 score=20
RENDER_PATH retained=0 grouped=0 quads=13131 full_frames=180
FRAME_CHECK count=26600 address=9fe00000 fnv1a=79c99b23 pixels=307200 mismatches=0
BREAKOUT_PASS
CSV_BEGIN
frame,state_hash,display_count,logic_ns,api_ns,swap_ns,wait_ns,total_ns,completion_interval_ns,polls,worker_inclusive_ns,upload_inclusive_ns,write_ns,read_ns,write_bytes,read_bytes,write_calls,read_calls,dma_copy_ns,dma_launch_ns,dma_completion_wait_ns,dma_bytes,dma_lists
0,3724779174,26421,0,0,0,0,66836950,66848200,2556,0,0,0,0,31172,0,5,0,0,0,0,0,0
1,1709657109,26422,0,0,0,0,66768550,66874650,3010,0,0,0,0,31172,0,5,0,0,0,0,0,0
2,1894904752,26423,0,0,0,0,66772650,66877550,3051,0,0,0,0,31172,0,5,0,0,0,0,0,0
3,3703759967,26424,0,0,0,0,66339000,66876550,3085,0,0,0,0,31172,0,5,0,0,0,0,0,0
4,19533624,26425,0,0,0,0,66771350,66878100,3043,0,0,0,0,31172,0,5,0,0,0,0,0,0
5,816884773,26426,0,0,0,0,66055450,66876600,2899,0,0,0,0,31172,0,5,0,0,0,0,0,0
6,1339236364,26427,0,0,0,0,66772900,66878600,3066,0,0,0,0,31172,0,5,0,0,0,0,0,0
7,3072959373,26428,0,0,0,0,66773850,66878850,2630,0,0,0,0,31172,0,5,0,0,0,0,0,0
8,1782884746,26429,0,0,0,0,66751900,66875400,3073,0,0,0,0,31172,0,5,0,0,0,0,0,0
9,30296781,26430,0,0,0,0,67116750,67219650,3036,0,0,0,0,31492,0,5,0,0,0,0,0,0
10,4026418858,26431,0,0,0,0,66428250,66532650,2891,0,0,0,0,31492,0,5,0,0,0,0,0,0
11,2084929051,26432,0,0,0,0,66770950,66877150,3162,0,0,0,0,31492,0,5,0,0,0,0,0,0
12,3114489770,26433,0,0,0,0,66774050,66876500,1507,0,0,0,0,31172,0,5,0,0,0,0,0,0
13,891400471,26434,0,0,0,0,66772700,66876850,2947,0,0,0,0,31172,0,5,0,0,0,0,0,0
14,3472773456,26435,0,0,0,0,66772150,66877950,3065,0,0,0,0,31172,0,5,0,0,0,0,0,0
15,3010688243,26436,0,0,0,0,66773200,66878600,2642,0,0,0,0,31172,0,5,0,0,0,0,0,0
16,2819524756,26437,0,0,0,0,66976700,67080650,2982,0,0,0,0,31172,0,5,0,0,0,0,0,0
17,3241678401,26438,0,0,0,0,66569350,66673150,3142,0,0,0,0,31172,0,5,0,0,0,0,0,0
18,2154316504,26439,0,0,0,0,66769800,66875400,3171,0,0,0,0,31172,0,5,0,0,0,0,0,0
19,772262681,26440,0,0,0,0,66775950,66880100,2999,0,0,0,0,31172,0,5,0,0,0,0,0,0
20,3882818750,26441,0,0,0,0,66773100,66875650,3056,0,0,0,0,31172,0,5,0,0,0,0,0,0
21,521131153,26442,0,0,0,0,66772550,66877450,3134,0,0,0,0,31172,0,5,0,0,0,0,0,0
22,1838187414,26443,0,0,0,0,66772650,66877950,3048,0,0,0,0,31172,0,5,0,0,0,0,0,0
23,840574439,26444,0,0,0,0,66829450,66937650,2793,0,0,0,0,31172,0,5,0,0,0,0,0,0
24,2879461878,26445,0,0,0,0,66707900,66815350,3168,0,0,0,0,31172,0,5,0,0,0,0,0,0
25,202086035,26446,0,0,0,0,66773400,66877100,3036,0,0,0,0,31172,0,5,0,0,0,0,0,0
26,959703924,26447,0,0,0,0,66768600,66878350,3051,0,0,0,0,31172,0,5,0,0,0,0,0,0
27,3795724423,26448,0,0,0,0,69084150,69190750,2228,0,0,0,0,31172,0,5,0,0,0,0,0,0
28,2500539904,26449,0,0,0,0,63686450,64562900,2228,0,0,0,0,31172,0,5,0,0,0,0,0,0
29,2269000541,26450,0,0,0,0,66773700,66879050,3076,0,0,0,0,31172,0,5,0,0,0,0,0,0
30,1900681108,26451,0,0,0,0,66770750,66877750,2652,0,0,0,0,31172,0,5,0,0,0,0,0,0
31,3680168245,26452,0,0,0,0,66763550,66872950,3039,0,0,0,0,31172,0,5,0,0,0,0,0,0
32,2344329490,26453,0,0,0,0,66776450,66880400,2997,0,0,0,0,31172,0,5,0,0,0,0,0,0
33,2130650181,26454,0,0,0,0,66773200,66876850,3043,0,0,0,0,31492,0,5,0,0,0,0,0,0
34,906966818,26455,0,0,0,0,66772300,66876200,3019,0,0,0,0,31492,0,5,0,0,0,0,0,0
35,3939376531,26456,0,0,0,0,66343450,66878100,2996,0,0,0,0,31492,0,5,0,0,0,0,0,0
36,2110688546,26457,0,0,0,0,66772400,66876550,3161,0,0,0,0,31172,0,5,0,0,0,0,0,0
37,2695523007,26458,0,0,0,0,66780500,66882950,3007,0,0,0,0,31172,0,5,0,0,0,0,0,0
38,744447992,26459,0,0,0,0,66769000,66870150,2685,0,0,0,0,31172,0,5,0,0,0,0,0,0
39,3728640411,26460,0,0,0,0,66770950,66876550,3067,0,0,0,0,31172,0,5,0,0,0,0,0,0
40,618879740,26461,0,0,0,0,66771950,66877350,3071,0,0,0,0,31172,0,5,0,0,0,0,0,0
41,1239708057,26462,0,0,0,0,67078750,67181450,2928,0,0,0,0,31172,0,5,0,0,0,0,0,0
42,2429742208,26463,0,0,0,0,66465550,66573300,3120,0,0,0,0,31172,0,5,0,0,0,0,0,0
43,412095716,26464,0,0,0,0,66772850,66878250,1657,0,0,0,0,31172,0,5,0,0,0,0,0,0
44,1226741467,26465,0,0,0,0,66770750,66874850,2977,0,0,0,0,31172,0,5,0,0,0,0,0,0
45,3288446148,26466,0,0,0,0,66776600,66878950,3011,0,0,0,0,31172,0,5,0,0,0,0,0,0
46,1157984843,26467,0,0,0,0,66771400,66876700,2613,0,0,0,0,31172,0,5,0,0,0,0,0,0
47,3877288378,26468,0,0,0,0,66770350,66877100,3065,0,0,0,0,31172,0,5,0,0,0,0,0,0
48,4236526315,26469,0,0,0,0,66939200,67043300,2957,0,0,0,0,31172,0,5,0,0,0,0,0,0
49,533834014,26470,0,0,0,0,66605550,66711950,3158,0,0,0,0,31172,0,5,0,0,0,0,0,0
50,1649361089,26471,0,0,0,0,66765800,66875400,2959,0,0,0,0,31172,0,5,0,0,0,0,0,0
51,2486981906,26472,0,0,0,0,66037500,66876950,2903,0,0,0,0,31172,0,5,0,0,0,0,0,0
52,1706075277,26473,0,0,0,0,66775500,66880400,3000,0,0,0,0,31172,0,5,0,0,0,0,0,0
53,267972368,26474,0,0,0,0,66772800,66876750,2700,0,0,0,0,31172,0,5,0,0,0,0,0,0
54,3895401273,26475,0,0,0,0,66765000,66874900,3123,0,0,0,0,31172,0,5,0,0,0,0,0,0
55,605985656,26476,0,0,0,0,66799400,66903250,2943,0,0,0,0,31172,0,5,0,0,0,0,0,0
56,4077673024,26477,0,0,0,0,66746450,66850100,3205,0,0,0,0,30852,0,5,0,0,0,0,0,0
57,985632231,26478,0,0,0,0,66775900,66879550,2592,0,0,0,0,30852,0,5,0,0,0,0,0,0
58,3720590956,26479,0,0,0,0,66777400,66882400,1482,0,0,0,0,30852,0,5,0,0,0,0,0,0
59,3264032585,26480,0,0,0,0,66772050,66871750,3007,0,0,0,0,30852,0,5,0,0,0,0,0,0
60,395405688,26481,0,0,0,0,66358900,66877350,2915,0,0,0,0,30852,0,5,0,0,0,0,0,0
61,32142420,26482,0,0,0,0,66774550,66878250,2624,0,0,0,0,30852,0,5,0,0,0,0,0,0
62,1187067055,26483,0,0,0,0,66768750,66874450,2973,0,0,0,0,30852,0,5,0,0,0,0,0,0
63,459140908,26484,0,0,0,0,66774950,66880650,3013,0,0,0,0,30852,0,5,0,0,0,0,0,0
64,3369786495,26485,0,0,0,0,66770450,66874150,3106,0,0,0,0,30852,0,5,0,0,0,0,0,0
65,1572434254,26486,0,0,0,0,66781250,66885150,3090,0,0,0,0,30852,0,5,0,0,0,0,0,0
66,4107798823,26487,0,0,0,0,67111500,67211350,2935,0,0,0,0,30852,0,5,0,0,0,0,0,0
67,343968250,26488,0,0,0,0,66429050,66537050,3047,0,0,0,0,30852,0,5,0,0,0,0,0,0
68,3102454017,26489,0,0,0,0,66773850,66877350,3149,0,0,0,0,30852,0,5,0,0,0,0,0,0
69,3051095563,26490,0,0,0,0,66774700,66877100,2634,0,0,0,0,30852,0,5,0,0,0,0,0,0
70,2391331016,26491,0,0,0,0,66767450,66874550,3063,0,0,0,0,30852,0,5,0,0,0,0,0,0
71,3869016117,26492,0,0,0,0,66768850,66877200,3063,0,0,0,0,30852,0,5,0,0,0,0,0,0
72,1579800804,26493,0,0,0,0,66775900,66879800,3069,0,0,0,0,30852,0,5,0,0,0,0,0,0
73,2792341157,26494,0,0,0,0,66993900,67099150,1824,0,0,0,0,30852,0,5,0,0,0,0,0,0
74,714702942,26495,0,0,0,0,65759850,66653300,2800,0,0,0,0,30852,0,5,0,0,0,0,0,0
75,1092538936,26496,0,0,0,0,66769250,66877400,2947,0,0,0,0,30852,0,5,0,0,0,0,0,0
76,1561271239,26497,0,0,0,0,66771700,66875850,2545,0,0,0,0,31172,0,5,0,0,0,0,0,0
77,3798074098,26498,0,0,0,0,66772300,66877500,3066,0,0,0,0,31172,0,5,0,0,0,0,0,0
78,3022639071,26499,0,0,0,0,66773150,66878500,2976,0,0,0,0,31172,0,5,0,0,0,0,0,0
79,2282770062,26500,0,0,0,0,66768900,66876750,3113,0,0,0,0,30852,0,5,0,0,0,0,0,0
80,1626512457,26501,0,0,0,0,66831050,66933350,2947,0,0,0,0,30852,0,5,0,0,0,0,0,0
81,3156888026,26502,0,0,0,0,66716750,66821100,3139,0,0,0,0,30852,0,5,0,0,0,0,0,0
82,3038824309,26503,0,0,0,0,66767750,66875700,3124,0,0,0,0,30852,0,5,0,0,0,0,0,0
83,1261846460,26504,0,0,0,0,66774100,66879550,3042,0,0,0,0,30852,0,5,0,0,0,0,0,0
84,2035201521,26505,0,0,0,0,66769850,66873850,2799,0,0,0,0,30852,0,5,0,0,0,0,0,0
85,2164446652,26506,0,0,0,0,66777800,66880750,2945,0,0,0,0,30852,0,5,0,0,0,0,0,0
86,2017191835,26507,0,0,0,0,66777150,66882450,3144,0,0,0,0,30852,0,5,0,0,0,0,0,0
87,3029138484,26508,0,0,0,0,66772750,66872100,2981,0,0,0,0,30852,0,5,0,0,0,0,0,0
88,50355403,26509,0,0,0,0,66769350,66873200,3001,0,0,0,0,30852,0,5,0,0,0,0,0,0
89,654213990,26510,0,0,0,0,66776500,66879800,1532,0,0,0,0,30852,0,5,0,0,0,0,0,0
90,2360099787,26511,0,0,0,0,66769150,66874600,3049,0,0,0,0,30852,0,5,0,0,0,0,0,0
91,2424818746,26512,0,0,0,0,66771800,66878900,2979,0,0,0,0,30852,0,5,0,0,0,0,0,0
92,1971386461,26513,0,0,0,0,65053550,66877200,2730,0,0,0,0,30852,0,5,0,0,0,0,0,0
93,3386045126,26514,0,0,0,0,66770150,66875400,3172,0,0,0,0,30852,0,5,0,0,0,0,0,0
94,1429641961,26515,0,0,0,0,66775900,66880900,2927,0,0,0,0,30852,0,5,0,0,0,0,0,0
95,3022846880,26516,0,0,0,0,66767650,66873050,3074,0,0,0,0,30852,0,5,0,0,0,0,0,0
96,1601897261,26517,0,0,0,0,66774700,66879600,3118,0,0,0,0,30852,0,5,0,0,0,0,0,0
97,1229951528,26518,0,0,0,0,66773150,66879000,3009,0,0,0,0,30852,0,5,0,0,0,0,0,0
98,4065171759,26519,0,0,0,0,66334700,67154600,2924,0,0,0,0,30852,0,5,0,0,0,0,0,0
99,1034325744,26520,0,0,0,0,66497000,66599300,2782,0,0,0,0,30852,0,5,0,0,0,0,0,0
100,14078671,26521,0,0,0,0,66772500,66876850,2965,0,0,0,0,31172,0,5,0,0,0,0,0,0
101,4024270554,26522,0,0,0,0,66772250,66876000,2995,0,0,0,0,31172,0,5,0,0,0,0,0,0
102,896191351,26523,0,0,0,0,66773000,66878300,3060,0,0,0,0,31172,0,5,0,0,0,0,0,0
103,2131384102,26524,0,0,0,0,66769700,66874450,3032,0,0,0,0,30852,0,5,0,0,0,0,0,0
104,2586210593,26525,0,0,0,0,66774200,66877950,1518,0,0,0,0,30852,0,5,0,0,0,0,0,0
105,591918370,26526,0,0,0,0,66897550,67001700,3011,0,0,0,0,30852,0,5,0,0,0,0,0,0
106,8814317,26527,0,0,0,0,66649050,66754250,3092,0,0,0,0,30852,0,5,0,0,0,0,0,0
107,2340504196,26528,0,0,0,0,66770750,66878700,2608,0,0,0,0,30852,0,5,0,0,0,0,0,0
108,3523076009,26529,0,0,0,0,66772650,66875650,3018,0,0,0,0,30852,0,5,0,0,0,0,0,0
109,1961669028,26530,0,0,0,0,66771100,66874950,2963,0,0,0,0,30852,0,5,0,0,0,0,0,0
110,1037581603,26531,0,0,0,0,66768900,66878600,3080,0,0,0,0,30852,0,5,0,0,0,0,0,0
111,2701024588,26532,0,0,0,0,66773050,66878250,3093,0,0,0,0,30852,0,5,0,0,0,0,0,0
112,215037203,26533,0,0,0,0,67032400,67136050,2954,0,0,0,0,30852,0,5,0,0,0,0,0,0
113,3696282862,26534,0,0,0,0,66509800,66616200,2986,0,0,0,0,30852,0,5,0,0,0,0,0,0
114,2829142928,26535,0,0,0,0,66775800,66882000,2789,0,0,0,0,30852,0,5,0,0,0,0,0,0
115,3204762949,26536,0,0,0,0,66747550,66872150,2973,0,0,0,0,30852,0,5,0,0,0,0,0,0
116,3297489190,26537,0,0,0,0,66773850,66877250,2963,0,0,0,0,30852,0,5,0,0,0,0,0,0
117,1691704917,26538,0,0,0,0,66346500,66877600,2619,0,0,0,0,30852,0,5,0,0,0,0,0,0
118,663957814,26539,0,0,0,0,66773950,66878700,3114,0,0,0,0,30852,0,5,0,0,0,0,0,0
119,3058583827,26540,0,0,0,0,66852600,66959050,1590,0,0,0,0,30852,0,5,0,0,0,0,0,0
120,838545270,26541,0,0,0,0,66673500,66791250,3009,0,0,0,0,30852,0,5,0,0,0,0,0,0
121,3608912039,26542,0,0,0,0,65319950,66877650,2730,0,0,0,0,30852,0,5,0,0,0,0,0,0
122,4080159716,26543,0,0,0,0,66770400,66876750,2554,0,0,0,0,30852,0,5,0,0,0,0,0,0
123,1056027075,26544,0,0,0,0,67125000,67230900,3042,0,0,0,0,30852,0,5,0,0,0,0,0,0
124,4057021248,26545,0,0,0,0,66420850,66523800,3135,0,0,0,0,31172,0,5,0,0,0,0,0,0
125,2686741161,26546,0,0,0,0,66773400,66877100,3023,0,0,0,0,31172,0,5,0,0,0,0,0,0
126,3870849660,26547,0,0,0,0,66781450,66887150,3014,0,0,0,0,31172,0,5,0,0,0,0,0,0
127,293449641,26548,0,0,0,0,66767650,66868800,3068,0,0,0,0,30852,0,5,0,0,0,0,0,0
128,596064266,26549,0,0,0,0,66771750,66875900,3050,0,0,0,0,30852,0,5,0,0,0,0,0,0
129,3715495249,26550,0,0,0,0,66775350,66878950,3084,0,0,0,0,30852,0,5,0,0,0,0,0,0
130,244680018,26551,0,0,0,0,66973650,67079350,2754,0,0,0,0,30852,0,5,0,0,0,0,0,0
131,4080661783,26552,0,0,0,0,66565250,66673150,3037,0,0,0,0,30852,0,5,0,0,0,0,0,0
132,4006730450,26553,0,0,0,0,66774350,66878950,3134,0,0,0,0,30852,0,5,0,0,0,0,0,0
133,3864584507,26554,0,0,0,0,66770100,66876300,3040,0,0,0,0,30852,0,5,0,0,0,0,0,0
134,2711027320,26555,0,0,0,0,66769700,66875400,2991,0,0,0,0,30852,0,5,0,0,0,0,0,0
135,4099079087,26556,0,0,0,0,66776950,66885100,1798,0,0,0,0,30852,0,5,0,0,0,0,0,0
136,565333772,26557,0,0,0,0,66774650,66872950,3075,0,0,0,0,30852,0,5,0,0,0,0,0,0
137,1028518269,26558,0,0,0,0,67067000,67172650,2641,0,0,0,0,30852,0,5,0,0,0,0,0,0
138,2252688136,26559,0,0,0,0,66457350,66580200,2999,0,0,0,0,30852,0,5,0,0,0,0,0,0
139,578597309,26560,0,0,0,0,66770000,66875750,3035,0,0,0,0,30852,0,5,0,0,0,0,0,0
140,3624439358,26561,0,0,0,0,66773300,66878700,2997,0,0,0,0,30852,0,5,0,0,0,0,0,0
141,3514067501,26562,0,0,0,0,66771500,66877650,3068,0,0,0,0,30852,0,5,0,0,0,0,0,0
142,2741972910,26563,0,0,0,0,66768250,66874700,3117,0,0,0,0,30852,0,5,0,0,0,0,0,0
143,28497579,26564,0,0,0,0,66771000,66880750,3110,0,0,0,0,30852,0,5,0,0,0,0,0,0
144,466729326,26565,0,0,0,0,66058600,66879150,2890,0,0,0,0,30852,0,5,0,0,0,0,0,0
145,3425349295,26566,0,0,0,0,66771750,66872500,2781,0,0,0,0,30852,0,5,0,0,0,0,0,0
146,1537640620,26567,0,0,0,0,66772400,66877150,3057,0,0,0,0,30852,0,5,0,0,0,0,0,0
147,1853842891,26568,0,0,0,0,66771850,66877600,3039,0,0,0,0,30852,0,5,0,0,0,0,0,0
148,1177024904,26569,0,0,0,0,66772400,66875050,3035,0,0,0,0,31172,0,5,0,0,0,0,0,0
149,4106734849,26570,0,0,0,0,66372950,66880050,3118,0,0,0,0,31172,0,5,0,0,0,0,0,0
150,2025356500,26571,0,0,0,0,66771750,66877250,1312,0,0,0,0,31172,0,5,0,0,0,0,0,0
151,2189605121,26572,0,0,0,0,66772050,66878150,2994,0,0,0,0,30852,0,5,0,0,0,0,0,0
152,4086136290,26573,0,0,0,0,66770500,66874850,3063,0,0,0,0,30852,0,5,0,0,0,0,0,0
153,4036669705,26574,0,0,0,0,66774300,66878200,2607,0,0,0,0,30852,0,5,0,0,0,0,0,0
154,4167980074,26575,0,0,0,0,66770900,66877150,3100,0,0,0,0,30852,0,5,0,0,0,0,0,0
155,51187407,26576,0,0,0,0,67047550,67152150,3047,0,0,0,0,30852,0,5,0,0,0,0,0,0
156,2242638442,26577,0,0,0,0,66499300,66601950,2968,0,0,0,0,30852,0,5,0,0,0,0,0,0
157,2730108163,26578,0,0,0,0,66773050,66877350,3153,0,0,0,0,30852,0,5,0,0,0,0,0,0
158,2718743917,26579,0,0,0,0,66769550,66875250,3020,0,0,0,0,30852,0,5,0,0,0,0,0,0
159,3391709842,26580,0,0,0,0,66773650,66877950,2999,0,0,0,0,30852,0,5,0,0,0,0,0,0
160,1164604273,26581,0,0,0,0,66775650,66879550,2664,0,0,0,0,30852,0,5,0,0,0,0,0,0
161,2148591176,26582,0,0,0,0,66754700,66877100,3095,0,0,0,0,30852,0,5,0,0,0,0,0,0
162,4192737573,26583,0,0,0,0,66902900,67007200,2917,0,0,0,0,30852,0,5,0,0,0,0,0,0
163,535584840,26584,0,0,0,0,66637100,66744500,3174,0,0,0,0,30852,0,5,0,0,0,0,0,0
164,3430794475,26585,0,0,0,0,66772050,66876950,3023,0,0,0,0,30852,0,5,0,0,0,0,0,0
165,776323552,26586,0,0,0,0,66775500,66881200,1639,0,0,0,0,30852,0,5,0,0,0,0,0,0
166,3330991427,26587,0,0,0,0,66760200,66874000,3030,0,0,0,0,30852,0,5,0,0,0,0,0,0
167,3282074430,26588,0,0,0,0,66768550,66878900,3060,0,0,0,0,30852,0,5,0,0,0,0,0,0
168,2597814595,26589,0,0,0,0,66767700,66874650,2493,0,0,0,0,30852,0,5,0,0,0,0,0,0
169,2225601370,26590,0,0,0,0,66775250,66881300,2991,0,0,0,0,30852,0,5,0,0,0,0,0,0
170,3716853465,26591,0,0,0,0,66765650,66871450,3206,0,0,0,0,30852,0,5,0,0,0,0,0,0
171,1080675697,26592,0,0,0,0,66775600,66881050,3209,0,0,0,0,30212,0,5,0,0,0,0,0,0
172,219920238,26593,0,0,0,0,66776650,66880650,3078,0,0,0,0,30212,0,5,0,0,0,0,0,0
173,3070385651,26594,0,0,0,0,66771800,66870200,3174,0,0,0,0,30212,0,5,0,0,0,0,0,0
174,2609556270,26595,0,0,0,0,49631350,50159450,62,0,0,0,0,30212,0,5,0,0,0,0,0,0
175,141401383,26596,0,0,0,0,66780200,66879100,3001,0,0,0,0,30212,0,5,0,0,0,0,0,0
176,3034105280,26597,0,0,0,0,66769750,66873700,2885,0,0,0,0,30212,0,5,0,0,0,0,0,0
177,3029196371,26598,0,0,0,0,66772500,66877350,2770,0,0,0,0,30212,0,5,0,0,0,0,0,0
178,699378668,26599,0,0,0,0,66773200,66879050,3175,0,0,0,0,30212,0,5,0,0,0,0,0,0
179,2402609405,26600,0,0,0,0,66771100,66875500,3047,0,0,0,0,30212,0,5,0,0,0,0,0,0
CSV_END

STUDY_DONE_2aab9785ad1b=0
# 