Copyright 1986-2022 Xilinx, Inc. All Rights Reserved. Copyright 2022-2025 Advanced Micro Devices, Inc. All Rights Reserved.
---------------------------------------------------------------------------------------------------------------------------------------------------
| Tool Version : Vivado v.2025.2 (lin64) Build 6299465 Fri Nov 14 12:34:56 MST 2025
| Date         : Fri Oct  9 12:13:48 2026
| Host         : RESEARCH-HOST running 64-bit Ubuntu 24.04.4 LTS
| Command      : report_clocks -file /home/researcher/projects/wally-game-console-research/build/transport-study-20261009/if17-incremental/clocks.rpt
| Design       : fpgaTop
| Device       : 7a200t-sbg484
| Speed File   : -1  PRODUCTION 1.23 2018-06-13
| Design State : Physopt postRoute
---------------------------------------------------------------------------------------------------------------------------------------------------

Clock Report


Attributes
  P: Propagated
  G: Generated
  A: Auto-derived
  R: Renamed
  V: Virtual
  I: Inverted
  S: Pin phase-shifted with Latency mode

Clock                                                                                                                                                      Period(ns)  Waveform(ns)    Attributes  Sources
clk                                                                                                                                                        10.000      {0.000 5.000}   P           {clk}
clk_out1_mmcm                                                                                                                                              10.000      {0.000 5.000}   P,G,A       {mmcm/inst/mmcm_adv_inst/CLKOUT0}
clk_out1_videoclock                                                                                                                                        39.683      {0.000 19.841}  P,G,A       {rasterixgen.videoclock/inst/mmcm_adv_inst/CLKOUT0}
clk_out2_mmcm                                                                                                                                              5.000       {0.000 2.500}   P,G,A       {mmcm/inst/mmcm_adv_inst/CLKOUT1}
clk_out2_videoclock                                                                                                                                        7.937       {0.000 3.968}   P,G,A       {rasterixgen.videoclock/inst/mmcm_adv_inst/CLKOUT1}
clk_out3_mmcm                                                                                                                                              50.000      {0.000 25.000}  P,G,A       {mmcm/inst/mmcm_adv_inst/CLKOUT2}
clk_pll_i                                                                                                                                                  10.000      {0.000 5.000}   P,G,A       {ddr3/u_ddr3_mig/u_ddr3_infrastructure/gen_mmcm.mmcm_i/CLKFBOUT}
clkfbout_mmcm                                                                                                                                              10.000      {0.000 5.000}   P,G,A       {mmcm/inst/mmcm_adv_inst/CLKFBOUT}
clkfbout_videoclock                                                                                                                                        50.000      {0.000 25.000}  P,G,A       {rasterixgen.videoclock/inst/mmcm_adv_inst/CLKFBOUT}
freq_refclk                                                                                                                                                1.250       {0.000 0.625}   P,G,A       {ddr3/u_ddr3_mig/u_ddr3_infrastructure/plle2_i/CLKOUT0}
iserdes_clkdiv                                                                                                                                             10.000      {0.000 5.000}   P,G,A       {ddr3/u_ddr3_mig/u_memc_ui_top_axi/mem_intfc0/ddr_phy_top0/u_ddr_mc_phy_wrapper/u_ddr_mc_phy/ddr_phy_4lanes_0.u_ddr_phy_4lanes/ddr_byte_lane_C.ddr_byte_lane_C/phaser_in_gen.phaser_in/ICLKDIV}
iserdes_clkdiv_1                                                                                                                                           10.000      {0.000 5.000}   P,G,A       {ddr3/u_ddr3_mig/u_memc_ui_top_axi/mem_intfc0/ddr_phy_top0/u_ddr_mc_phy_wrapper/u_ddr_mc_phy/ddr_phy_4lanes_0.u_ddr_phy_4lanes/ddr_byte_lane_D.ddr_byte_lane_D/phaser_in_gen.phaser_in/ICLKDIV}
mem_refclk                                                                                                                                                 2.500       {0.000 1.250}   P,G,A       {ddr3/u_ddr3_mig/u_ddr3_infrastructure/plle2_i/CLKOUT1}
oserdes_clk                                                                                                                                                2.500       {0.000 1.250}   P,G,A       {ddr3/u_ddr3_mig/u_memc_ui_top_axi/mem_intfc0/ddr_phy_top0/u_ddr_mc_phy_wrapper/u_ddr_mc_phy/ddr_phy_4lanes_0.u_ddr_phy_4lanes/ddr_byte_lane_A.ddr_byte_lane_A/phaser_out/OCLK}
oserdes_clk_1                                                                                                                                              2.500       {0.000 1.250}   P,G,A       {ddr3/u_ddr3_mig/u_memc_ui_top_axi/mem_intfc0/ddr_phy_top0/u_ddr_mc_phy_wrapper/u_ddr_mc_phy/ddr_phy_4lanes_0.u_ddr_phy_4lanes/ddr_byte_lane_B.ddr_byte_lane_B/phaser_out/OCLK}
oserdes_clk_2                                                                                                                                              2.500       {0.000 1.250}   P,G,A       {ddr3/u_ddr3_mig/u_memc_ui_top_axi/mem_intfc0/ddr_phy_top0/u_ddr_mc_phy_wrapper/u_ddr_mc_phy/ddr_phy_4lanes_0.u_ddr_phy_4lanes/ddr_byte_lane_C.ddr_byte_lane_C/phaser_out/OCLK}
oserdes_clk_3                                                                                                                                              2.500       {0.000 1.250}   P,G,A       {ddr3/u_ddr3_mig/u_memc_ui_top_axi/mem_intfc0/ddr_phy_top0/u_ddr_mc_phy_wrapper/u_ddr_mc_phy/ddr_phy_4lanes_0.u_ddr_phy_4lanes/ddr_byte_lane_D.ddr_byte_lane_D/phaser_out/OCLK}
oserdes_clkdiv                                                                                                                                             10.000      {0.000 5.000}   P,G,A       {ddr3/u_ddr3_mig/u_memc_ui_top_axi/mem_intfc0/ddr_phy_top0/u_ddr_mc_phy_wrapper/u_ddr_mc_phy/ddr_phy_4lanes_0.u_ddr_phy_4lanes/ddr_byte_lane_A.ddr_byte_lane_A/phaser_out/OCLKDIV}
oserdes_clkdiv_1                                                                                                                                           10.000      {0.000 5.000}   P,G,A       {ddr3/u_ddr3_mig/u_memc_ui_top_axi/mem_intfc0/ddr_phy_top0/u_ddr_mc_phy_wrapper/u_ddr_mc_phy/ddr_phy_4lanes_0.u_ddr_phy_4lanes/ddr_byte_lane_B.ddr_byte_lane_B/phaser_out/OCLKDIV}
oserdes_clkdiv_2                                                                                                                                           5.000       {0.000 2.500}   P,G,A       {ddr3/u_ddr3_mig/u_memc_ui_top_axi/mem_intfc0/ddr_phy_top0/u_ddr_mc_phy_wrapper/u_ddr_mc_phy/ddr_phy_4lanes_0.u_ddr_phy_4lanes/ddr_byte_lane_C.ddr_byte_lane_C/phaser_out/OCLKDIV}
oserdes_clkdiv_3                                                                                                                                           5.000       {0.000 2.500}   P,G,A       {ddr3/u_ddr3_mig/u_memc_ui_top_axi/mem_intfc0/ddr_phy_top0/u_ddr_mc_phy_wrapper/u_ddr_mc_phy/ddr_phy_4lanes_0.u_ddr_phy_4lanes/ddr_byte_lane_D.ddr_byte_lane_D/phaser_out/OCLKDIV}
pll_clk3_out                                                                                                                                               10.000      {0.000 5.000}   P,G,A       {ddr3/u_ddr3_mig/u_ddr3_infrastructure/plle2_i/CLKOUT3}
pll_clkfbout                                                                                                                                               10.000      {0.000 5.000}   P,G,A       {ddr3/u_ddr3_mig/u_ddr3_infrastructure/plle2_i/CLKFBOUT}
sync_pulse                                                                                                                                                 40.000      {1.094 3.594}   P,G,A       {ddr3/u_ddr3_mig/u_ddr3_infrastructure/plle2_i/CLKOUT2}
u_memc_ui_top_axi/mem_intfc0/ddr_phy_top0/u_ddr_mc_phy_wrapper/u_ddr_mc_phy/ddr_phy_4lanes_0.u_ddr_phy_4lanes/ddr_byte_lane_C.ddr_byte_lane_C/iserdes_clk  2.500       {0.000 1.250}   P,G,A       {ddr3/u_ddr3_mig/u_memc_ui_top_axi/mem_intfc0/ddr_phy_top0/u_ddr_mc_phy_wrapper/u_ddr_mc_phy/ddr_phy_4lanes_0.u_ddr_phy_4lanes/ddr_byte_lane_C.ddr_byte_lane_C/phaser_in_gen.phaser_in/ICLK}
u_memc_ui_top_axi/mem_intfc0/ddr_phy_top0/u_ddr_mc_phy_wrapper/u_ddr_mc_phy/ddr_phy_4lanes_0.u_ddr_phy_4lanes/ddr_byte_lane_D.ddr_byte_lane_D/iserdes_clk  2.500       {0.000 1.250}   P,G,A       {ddr3/u_ddr3_mig/u_memc_ui_top_axi/mem_intfc0/ddr_phy_top0/u_ddr_mc_phy_wrapper/u_ddr_mc_phy/ddr_phy_4lanes_0.u_ddr_phy_4lanes/ddr_byte_lane_D.ddr_byte_lane_D/phaser_in_gen.phaser_in/ICLK}


====================================================
Generated Clocks
====================================================

Generated Clock     : clk_out1_mmcm
Master Source       : mmcm/inst/mmcm_adv_inst/CLKIN1
Master Clock        : clk
Multiply By         : 1
Generated Sources   : {mmcm/inst/mmcm_adv_inst/CLKOUT0}

Generated Clock     : clk_out1_videoclock
Master Source       : rasterixgen.videoclock/inst/mmcm_adv_inst/CLKIN1
Master Clock        : clk_out1_mmcm
Edges               : {1 2 3}
Edge Shifts(ns)     : {0.000 14.841 29.683}
Generated Sources   : {rasterixgen.videoclock/inst/mmcm_adv_inst/CLKOUT0}

Generated Clock     : clk_out2_mmcm
Master Source       : mmcm/inst/mmcm_adv_inst/CLKIN1
Master Clock        : clk
Multiply By         : 2
Generated Sources   : {mmcm/inst/mmcm_adv_inst/CLKOUT1}

Generated Clock     : clk_out2_videoclock
Master Source       : rasterixgen.videoclock/inst/mmcm_adv_inst/CLKIN1
Master Clock        : clk_out1_mmcm
Edges               : {1 2 3}
Edge Shifts(ns)     : {0.000 -1.032 -2.063}
Generated Sources   : {rasterixgen.videoclock/inst/mmcm_adv_inst/CLKOUT1}

Generated Clock     : clk_out3_mmcm
Master Source       : mmcm/inst/mmcm_adv_inst/CLKIN1
Master Clock        : clk
Edges               : {1 2 3}
Edge Shifts(ns)     : {0.000 20.000 40.000}
Generated Sources   : {mmcm/inst/mmcm_adv_inst/CLKOUT2}

Generated Clock     : clk_pll_i
Master Source       : ddr3/u_ddr3_mig/u_ddr3_infrastructure/gen_mmcm.mmcm_i/CLKIN1
Master Clock        : pll_clk3_out
Multiply By         : 1
Generated Sources   : {ddr3/u_ddr3_mig/u_ddr3_infrastructure/gen_mmcm.mmcm_i/CLKFBOUT}

Generated Clock     : clkfbout_mmcm
Master Source       : mmcm/inst/mmcm_adv_inst/CLKIN1
Master Clock        : clk
Multiply By         : 1
Generated Sources   : {mmcm/inst/mmcm_adv_inst/CLKFBOUT}

Generated Clock     : clkfbout_videoclock
Master Source       : rasterixgen.videoclock/inst/mmcm_adv_inst/CLKIN1
Master Clock        : clk_out1_mmcm
Edges               : {1 2 3}
Edge Shifts(ns)     : {0.000 20.000 40.000}
Generated Sources   : {rasterixgen.videoclock/inst/mmcm_adv_inst/CLKFBOUT}

Generated Clock     : freq_refclk
Master Source       : ddr3/u_ddr3_mig/u_ddr3_infrastructure/plle2_i/CLKIN1
Master Clock        : clk_out1_mmcm
Multiply By         : 8
Generated Sources   : {ddr3/u_ddr3_mig/u_ddr3_infrastructure/plle2_i/CLKOUT0}

Generated Clock     : iserdes_clkdiv
Master Source       : ddr3/u_ddr3_mig/u_memc_ui_top_axi/mem_intfc0/ddr_phy_top0/u_ddr_mc_phy_wrapper/u_ddr_mc_phy/ddr_phy_4lanes_0.u_ddr_phy_4lanes/ddr_byte_lane_C.ddr_byte_lane_C/phaser_in_gen.phaser_in/ICLK
Master Clock        : u_memc_ui_top_axi/mem_intfc0/ddr_phy_top0/u_ddr_mc_phy_wrapper/u_ddr_mc_phy/ddr_phy_4lanes_0.u_ddr_phy_4lanes/ddr_byte_lane_C.ddr_byte_lane_C/iserdes_clk
Divide By           : 4
Generated Sources   : {ddr3/u_ddr3_mig/u_memc_ui_top_axi/mem_intfc0/ddr_phy_top0/u_ddr_mc_phy_wrapper/u_ddr_mc_phy/ddr_phy_4lanes_0.u_ddr_phy_4lanes/ddr_byte_lane_C.ddr_byte_lane_C/phaser_in_gen.phaser_in/ICLKDIV}

Generated Clock     : iserdes_clkdiv_1
Master Source       : ddr3/u_ddr3_mig/u_memc_ui_top_axi/mem_intfc0/ddr_phy_top0/u_ddr_mc_phy_wrapper/u_ddr_mc_phy/ddr_phy_4lanes_0.u_ddr_phy_4lanes/ddr_byte_lane_D.ddr_byte_lane_D/phaser_in_gen.phaser_in/ICLK
Master Clock        : u_memc_ui_top_axi/mem_intfc0/ddr_phy_top0/u_ddr_mc_phy_wrapper/u_ddr_mc_phy/ddr_phy_4lanes_0.u_ddr_phy_4lanes/ddr_byte_lane_D.ddr_byte_lane_D/iserdes_clk
Divide By           : 4
Generated Sources   : {ddr3/u_ddr3_mig/u_memc_ui_top_axi/mem_intfc0/ddr_phy_top0/u_ddr_mc_phy_wrapper/u_ddr_mc_phy/ddr_phy_4lanes_0.u_ddr_phy_4lanes/ddr_byte_lane_D.ddr_byte_lane_D/phaser_in_gen.phaser_in/ICLKDIV}

Generated Clock     : mem_refclk
Master Source       : ddr3/u_ddr3_mig/u_ddr3_infrastructure/plle2_i/CLKIN1
Master Clock        : clk_out1_mmcm
Multiply By         : 4
Generated Sources   : {ddr3/u_ddr3_mig/u_ddr3_infrastructure/plle2_i/CLKOUT1}

Generated Clock     : oserdes_clk
Master Source       : ddr3/u_ddr3_mig/u_memc_ui_top_axi/mem_intfc0/ddr_phy_top0/u_ddr_mc_phy_wrapper/u_ddr_mc_phy/ddr_phy_4lanes_0.u_ddr_phy_4lanes/ddr_byte_lane_A.ddr_byte_lane_A/phaser_out/MEMREFCLK
Master Clock        : mem_refclk
Divide By           : 1
Generated Sources   : {ddr3/u_ddr3_mig/u_memc_ui_top_axi/mem_intfc0/ddr_phy_top0/u_ddr_mc_phy_wrapper/u_ddr_mc_phy/ddr_phy_4lanes_0.u_ddr_phy_4lanes/ddr_byte_lane_A.ddr_byte_lane_A/phaser_out/OCLK}

Generated Clock     : oserdes_clk_1
Master Source       : ddr3/u_ddr3_mig/u_memc_ui_top_axi/mem_intfc0/ddr_phy_top0/u_ddr_mc_phy_wrapper/u_ddr_mc_phy/ddr_phy_4lanes_0.u_ddr_phy_4lanes/ddr_byte_lane_B.ddr_byte_lane_B/phaser_out/MEMREFCLK
Master Clock        : mem_refclk
Divide By           : 1
Generated Sources   : {ddr3/u_ddr3_mig/u_memc_ui_top_axi/mem_intfc0/ddr_phy_top0/u_ddr_mc_phy_wrapper/u_ddr_mc_phy/ddr_phy_4lanes_0.u_ddr_phy_4lanes/ddr_byte_lane_B.ddr_byte_lane_B/phaser_out/OCLK}

Generated Clock     : oserdes_clk_2
Master Source       : ddr3/u_ddr3_mig/u_memc_ui_top_axi/mem_intfc0/ddr_phy_top0/u_ddr_mc_phy_wrapper/u_ddr_mc_phy/ddr_phy_4lanes_0.u_ddr_phy_4lanes/ddr_byte_lane_C.ddr_byte_lane_C/phaser_out/MEMREFCLK
Master Clock        : mem_refclk
Divide By           : 1
Generated Sources   : {ddr3/u_ddr3_mig/u_memc_ui_top_axi/mem_intfc0/ddr_phy_top0/u_ddr_mc_phy_wrapper/u_ddr_mc_phy/ddr_phy_4lanes_0.u_ddr_phy_4lanes/ddr_byte_lane_C.ddr_byte_lane_C/phaser_out/OCLK}

Generated Clock     : oserdes_clk_3
Master Source       : ddr3/u_ddr3_mig/u_memc_ui_top_axi/mem_intfc0/ddr_phy_top0/u_ddr_mc_phy_wrapper/u_ddr_mc_phy/ddr_phy_4lanes_0.u_ddr_phy_4lanes/ddr_byte_lane_D.ddr_byte_lane_D/phaser_out/MEMREFCLK
Master Clock        : mem_refclk
Divide By           : 1
Generated Sources   : {ddr3/u_ddr3_mig/u_memc_ui_top_axi/mem_intfc0/ddr_phy_top0/u_ddr_mc_phy_wrapper/u_ddr_mc_phy/ddr_phy_4lanes_0.u_ddr_phy_4lanes/ddr_byte_lane_D.ddr_byte_lane_D/phaser_out/OCLK}

Generated Clock     : oserdes_clkdiv
Master Source       : ddr3/u_ddr3_mig/u_memc_ui_top_axi/mem_intfc0/ddr_phy_top0/u_ddr_mc_phy_wrapper/u_ddr_mc_phy/ddr_phy_4lanes_0.u_ddr_phy_4lanes/ddr_byte_lane_A.ddr_byte_lane_A/phaser_out/OCLK
Master Clock        : oserdes_clk
Divide By           : 4
Generated Sources   : {ddr3/u_ddr3_mig/u_memc_ui_top_axi/mem_intfc0/ddr_phy_top0/u_ddr_mc_phy_wrapper/u_ddr_mc_phy/ddr_phy_4lanes_0.u_ddr_phy_4lanes/ddr_byte_lane_A.ddr_byte_lane_A/phaser_out/OCLKDIV}

Generated Clock     : oserdes_clkdiv_1
Master Source       : ddr3/u_ddr3_mig/u_memc_ui_top_axi/mem_intfc0/ddr_phy_top0/u_ddr_mc_phy_wrapper/u_ddr_mc_phy/ddr_phy_4lanes_0.u_ddr_phy_4lanes/ddr_byte_lane_B.ddr_byte_lane_B/phaser_out/OCLK
Master Clock        : oserdes_clk_1
Divide By           : 4
Generated Sources   : {ddr3/u_ddr3_mig/u_memc_ui_top_axi/mem_intfc0/ddr_phy_top0/u_ddr_mc_phy_wrapper/u_ddr_mc_phy/ddr_phy_4lanes_0.u_ddr_phy_4lanes/ddr_byte_lane_B.ddr_byte_lane_B/phaser_out/OCLKDIV}

Generated Clock     : oserdes_clkdiv_2
Master Source       : ddr3/u_ddr3_mig/u_memc_ui_top_axi/mem_intfc0/ddr_phy_top0/u_ddr_mc_phy_wrapper/u_ddr_mc_phy/ddr_phy_4lanes_0.u_ddr_phy_4lanes/ddr_byte_lane_C.ddr_byte_lane_C/phaser_out/OCLK
Master Clock        : oserdes_clk_2
Divide By           : 2
Generated Sources   : {ddr3/u_ddr3_mig/u_memc_ui_top_axi/mem_intfc0/ddr_phy_top0/u_ddr_mc_phy_wrapper/u_ddr_mc_phy/ddr_phy_4lanes_0.u_ddr_phy_4lanes/ddr_byte_lane_C.ddr_byte_lane_C/phaser_out/OCLKDIV}

Generated Clock     : oserdes_clkdiv_3
Master Source       : ddr3/u_ddr3_mig/u_memc_ui_top_axi/mem_intfc0/ddr_phy_top0/u_ddr_mc_phy_wrapper/u_ddr_mc_phy/ddr_phy_4lanes_0.u_ddr_phy_4lanes/ddr_byte_lane_D.ddr_byte_lane_D/phaser_out/OCLK
Master Clock        : oserdes_clk_3
Divide By           : 2
Generated Sources   : {ddr3/u_ddr3_mig/u_memc_ui_top_axi/mem_intfc0/ddr_phy_top0/u_ddr_mc_phy_wrapper/u_ddr_mc_phy/ddr_phy_4lanes_0.u_ddr_phy_4lanes/ddr_byte_lane_D.ddr_byte_lane_D/phaser_out/OCLKDIV}

Generated Clock     : pll_clk3_out
Master Source       : ddr3/u_ddr3_mig/u_ddr3_infrastructure/plle2_i/CLKIN1
Master Clock        : clk_out1_mmcm
Multiply By         : 1
Generated Sources   : {ddr3/u_ddr3_mig/u_ddr3_infrastructure/plle2_i/CLKOUT3}

Generated Clock     : pll_clkfbout
Master Source       : ddr3/u_ddr3_mig/u_ddr3_infrastructure/plle2_i/CLKIN1
Master Clock        : clk_out1_mmcm
Multiply By         : 1
Generated Sources   : {ddr3/u_ddr3_mig/u_ddr3_infrastructure/plle2_i/CLKFBOUT}

Generated Clock     : sync_pulse
Master Source       : ddr3/u_ddr3_mig/u_ddr3_infrastructure/plle2_i/CLKIN1
Master Clock        : clk_out1_mmcm
Edges               : {1 2 3}
Edge Shifts(ns)     : {1.094 -1.406 31.094}
Generated Sources   : {ddr3/u_ddr3_mig/u_ddr3_infrastructure/plle2_i/CLKOUT2}

Generated Clock     : u_memc_ui_top_axi/mem_intfc0/ddr_phy_top0/u_ddr_mc_phy_wrapper/u_ddr_mc_phy/ddr_phy_4lanes_0.u_ddr_phy_4lanes/ddr_byte_lane_C.ddr_byte_lane_C/iserdes_clk
Master Source       : ddr3/u_ddr3_mig/u_memc_ui_top_axi/mem_intfc0/ddr_phy_top0/u_ddr_mc_phy_wrapper/u_ddr_mc_phy/ddr_phy_4lanes_0.u_ddr_phy_4lanes/ddr_byte_lane_C.ddr_byte_lane_C/phaser_in_gen.phaser_in/FREQREFCLK
Master Clock        : freq_refclk
Divide By           : 2
Generated Sources   : {ddr3/u_ddr3_mig/u_memc_ui_top_axi/mem_intfc0/ddr_phy_top0/u_ddr_mc_phy_wrapper/u_ddr_mc_phy/ddr_phy_4lanes_0.u_ddr_phy_4lanes/ddr_byte_lane_C.ddr_byte_lane_C/phaser_in_gen.phaser_in/ICLK}

Generated Clock     : u_memc_ui_top_axi/mem_intfc0/ddr_phy_top0/u_ddr_mc_phy_wrapper/u_ddr_mc_phy/ddr_phy_4lanes_0.u_ddr_phy_4lanes/ddr_byte_lane_D.ddr_byte_lane_D/iserdes_clk
Master Source       : ddr3/u_ddr3_mig/u_memc_ui_top_axi/mem_intfc0/ddr_phy_top0/u_ddr_mc_phy_wrapper/u_ddr_mc_phy/ddr_phy_4lanes_0.u_ddr_phy_4lanes/ddr_byte_lane_D.ddr_byte_lane_D/phaser_in_gen.phaser_in/FREQREFCLK
Master Clock        : freq_refclk
Divide By           : 2
Generated Sources   : {ddr3/u_ddr3_mig/u_memc_ui_top_axi/mem_intfc0/ddr_phy_top0/u_ddr_mc_phy_wrapper/u_ddr_mc_phy/ddr_phy_4lanes_0.u_ddr_phy_4lanes/ddr_byte_lane_D.ddr_byte_lane_D/phaser_in_gen.phaser_in/ICLK}



====================================================
User Uncertainty
====================================================



====================================================
User Jitter
====================================================

Clock  Jitter(ns)
clk    0.100

