/tmp/app --transport dma --state-frame 0 --dma-minimum 8192 --frames 180 --warmup 30 --wait spin --profile frame --csv /tmp/transport-frames.csv --replay --dump /tmp/transport-frame.raw && printf "CSV_BEGIN\n" && cat /tmp/transport-frames.csv && printf "CSV_END\n"; study_status=$?; printf "\nSTUDY_DONE_4a3cb02ba362=%s\n" "$study_status"
TRANSPORT mode=dma dma_minimum=8192
BEGIN_BREAKOUT frames=180 warmup=30 fixed=1 blocks=40 tiles=1 hud=1 wait=spin replay=1 state_frame=0 profile=frame pixel_centers=1 clock_call_ns=5444
HW_COUNTERS unavailable
RESULT frames=180 elapsed_s=6.018765100 fps=29.906467 logic_ms=0.000000 api_ms=0.000000 swap_ms=0.000000 wait_ms=0.000000 worker_inclusive_ms=0.000000 upload_inclusive_ms=0.000000 write_ms=0.000000 bytes_per_frame=34372.00 p50_ms=33.438550 p95_ms=33.642650 max_ms=36.882250 late_60hz=180 first_count=10223 last_count=10402 state_hash=de3c9d08 remaining=40 score=0
RENDER_PATH retained=0 grouped=0 quads=0 full_frames=0
FRAME_CHECK count=10402 address=9fe00000 fnv1a=16e1fedb pixels=307200 mismatches=0
BREAKOUT_PASS
CSV_BEGIN
frame,state_hash,display_count,logic_ns,api_ns,swap_ns,wait_ns,total_ns,completion_interval_ns,polls,worker_inclusive_ns,upload_inclusive_ns,write_ns,read_ns,write_bytes,read_bytes,write_calls,read_calls,dma_copy_ns,dma_launch_ns,dma_completion_wait_ns,dma_bytes,dma_lists
0,3728514312,10223,0,0,0,0,33247500,33261250,2631,0,0,0,0,34372,0,5,0,0,0,0,20032,2
1,3728514312,10224,0,0,0,0,33314850,33438350,2752,0,0,0,0,34372,0,5,0,0,0,0,20032,2
2,3728514312,10225,0,0,0,0,33325550,33439300,2560,0,0,0,0,34372,0,5,0,0,0,0,20032,2
3,3728514312,10226,0,0,0,0,34198400,34313750,2264,0,0,0,0,34372,0,5,0,0,0,0,20032,2
4,3728514312,10227,0,0,0,0,32431850,32560900,1550,0,0,0,0,34372,0,5,0,0,0,0,20032,2
5,3728514312,10228,0,0,0,0,33317900,33440700,2527,0,0,0,0,34372,0,5,0,0,0,0,20032,2
6,3728514312,10229,0,0,0,0,33328700,33438650,2658,0,0,0,0,34372,0,5,0,0,0,0,20032,2
7,3728514312,10230,0,0,0,0,33321100,33439300,2634,0,0,0,0,34372,0,5,0,0,0,0,20032,2
8,3728514312,10231,0,0,0,0,33324450,33436400,2532,0,0,0,0,34372,0,5,0,0,0,0,20032,2
9,3728514312,10232,0,0,0,0,33319750,33439700,2715,0,0,0,0,34372,0,5,0,0,0,0,20032,2
10,3728514312,10233,0,0,0,0,33628700,33736700,2536,0,0,0,0,34372,0,5,0,0,0,0,20032,2
11,3728514312,10234,0,0,0,0,33029000,33142950,2158,0,0,0,0,34372,0,5,0,0,0,0,20032,2
12,3728514312,10235,0,0,0,0,33310900,33434400,2747,0,0,0,0,34372,0,5,0,0,0,0,20032,2
13,3728514312,10236,0,0,0,0,33318700,33437750,2549,0,0,0,0,34372,0,5,0,0,0,0,20032,2
14,3728514312,10237,0,0,0,0,33331850,33440950,2649,0,0,0,0,34372,0,5,0,0,0,0,20032,2
15,3728514312,10238,0,0,0,0,32499600,33438150,2364,0,0,0,0,34372,0,5,0,0,0,0,20032,2
16,3728514312,10239,0,0,0,0,33317900,33440250,2447,0,0,0,0,34372,0,5,0,0,0,0,20032,2
17,3728514312,10240,0,0,0,0,33315300,33436300,2643,0,0,0,0,34372,0,5,0,0,0,0,20032,2
18,3728514312,10241,0,0,0,0,33327300,33439700,2639,0,0,0,0,34372,0,5,0,0,0,0,20032,2
19,3728514312,10242,0,0,0,0,33324750,33439800,2561,0,0,0,0,34372,0,5,0,0,0,0,20032,2
20,3728514312,10243,0,0,0,0,33324850,33438900,2689,0,0,0,0,34372,0,5,0,0,0,0,20032,2
21,3728514312,10244,0,0,0,0,33317950,33437100,2633,0,0,0,0,34372,0,5,0,0,0,0,20032,2
22,3728514312,10245,0,0,0,0,32764350,33435750,2457,0,0,0,0,34372,0,5,0,0,0,0,20032,2
23,3728514312,10246,0,0,0,0,33321800,33439000,2731,0,0,0,0,34372,0,5,0,0,0,0,20032,2
24,3728514312,10247,0,0,0,0,33494550,33608600,2584,0,0,0,0,34372,0,5,0,0,0,0,20032,2
25,3728514312,10248,0,0,0,0,33151600,33268650,2594,0,0,0,0,34372,0,5,0,0,0,0,20032,2
26,3728514312,10249,0,0,0,0,33329250,33444750,2472,0,0,0,0,34372,0,5,0,0,0,0,20032,2
27,3728514312,10250,0,0,0,0,33309000,33432000,2531,0,0,0,0,34372,0,5,0,0,0,0,20032,2
28,3728514312,10251,0,0,0,0,33325250,33439350,2640,0,0,0,0,34372,0,5,0,0,0,0,20032,2
29,3728514312,10252,0,0,0,0,33318600,33441500,2528,0,0,0,0,34372,0,5,0,0,0,0,20032,2
30,3728514312,10253,0,0,0,0,33318850,33436900,2554,0,0,0,0,34372,0,5,0,0,0,0,20032,2
31,3728514312,10254,0,0,0,0,33323200,33437250,2669,0,0,0,0,34372,0,5,0,0,0,0,20032,2
32,3728514312,10255,0,0,0,0,33321400,33440450,2631,0,0,0,0,34372,0,5,0,0,0,0,20032,2
33,3728514312,10256,0,0,0,0,33322850,33438600,2556,0,0,0,0,34372,0,5,0,0,0,0,20032,2
34,3728514312,10257,0,0,0,0,33325450,33441000,1452,0,0,0,0,34372,0,5,0,0,0,0,20032,2
35,3728514312,10258,0,0,0,0,33795250,33924950,2506,0,0,0,0,34372,0,5,0,0,0,0,20032,2
36,3728514312,10259,0,0,0,0,32829950,32947600,2558,0,0,0,0,34372,0,5,0,0,0,0,20032,2
37,3728514312,10260,0,0,0,0,33321000,33440150,2754,0,0,0,0,34372,0,5,0,0,0,0,20032,2
38,3728514312,10261,0,0,0,0,32535650,33463300,2286,0,0,0,0,34372,0,5,0,0,0,0,20032,2
39,3728514312,10262,0,0,0,0,33289750,33415150,2612,0,0,0,0,34372,0,5,0,0,0,0,20032,2
40,3728514312,10263,0,0,0,0,33323550,33436200,2763,0,0,0,0,34372,0,5,0,0,0,0,20032,2
41,3728514312,10264,0,0,0,0,33325050,33441650,2490,0,0,0,0,34372,0,5,0,0,0,0,20032,2
42,3728514312,10265,0,0,0,0,33328200,33435400,2276,0,0,0,0,34372,0,5,0,0,0,0,20032,2
43,3728514312,10266,0,0,0,0,33327250,33441300,2611,0,0,0,0,34372,0,5,0,0,0,0,20032,2
44,3728514312,10267,0,0,0,0,33323650,33435350,2563,0,0,0,0,34372,0,5,0,0,0,0,20032,2
45,3728514312,10268,0,0,0,0,33317650,33438650,2700,0,0,0,0,34372,0,5,0,0,0,0,20032,2
46,3728514312,10269,0,0,0,0,33330700,33441550,2621,0,0,0,0,34372,0,5,0,0,0,0,20032,2
47,3728514312,10270,0,0,0,0,33325000,33439100,2474,0,0,0,0,34372,0,5,0,0,0,0,20032,2
48,3728514312,10271,0,0,0,0,33320100,33438550,2746,0,0,0,0,34372,0,5,0,0,0,0,20032,2
49,3728514312,10272,0,0,0,0,33647650,33765700,2588,0,0,0,0,34372,0,5,0,0,0,0,20032,2
50,3728514312,10273,0,0,0,0,32995850,33107600,2596,0,0,0,0,34372,0,5,0,0,0,0,20032,2
51,3728514312,10274,0,0,0,0,33323900,33440600,2763,0,0,0,0,34372,0,5,0,0,0,0,20032,2
52,3728514312,10275,0,0,0,0,33321500,33438400,2561,0,0,0,0,34372,0,5,0,0,0,0,20032,2
53,3728514312,10276,0,0,0,0,33319750,33438550,2554,0,0,0,0,34372,0,5,0,0,0,0,20032,2
54,3728514312,10277,0,0,0,0,33322850,33437600,2650,0,0,0,0,34372,0,5,0,0,0,0,20032,2
55,3728514312,10278,0,0,0,0,33325150,33438350,2565,0,0,0,0,34372,0,5,0,0,0,0,20032,2
56,3728514312,10279,0,0,0,0,33329100,33440100,2688,0,0,0,0,34372,0,5,0,0,0,0,20032,2
57,3728514312,10280,0,0,0,0,33324100,33440050,2265,0,0,0,0,34372,0,5,0,0,0,0,20032,2
58,3728514312,10281,0,0,0,0,33318000,33436850,2561,0,0,0,0,34372,0,5,0,0,0,0,20032,2
59,3728514312,10282,0,0,0,0,33325650,33441000,2731,0,0,0,0,34372,0,5,0,0,0,0,20032,2
60,3728514312,10283,0,0,0,0,33319000,33435550,2508,0,0,0,0,34372,0,5,0,0,0,0,20032,2
61,3728514312,10284,0,0,0,0,32090400,33437450,2481,0,0,0,0,34372,0,5,0,0,0,0,20032,2
62,3728514312,10285,0,0,0,0,33317450,33439050,2757,0,0,0,0,34372,0,5,0,0,0,0,20032,2
63,3728514312,10286,0,0,0,0,33509400,33625900,2548,0,0,0,0,34372,0,5,0,0,0,0,20032,2
64,3728514312,10287,0,0,0,0,33137900,33254100,2614,0,0,0,0,34372,0,5,0,0,0,0,20032,2
65,3728514312,10288,0,0,0,0,33318550,33436750,1279,0,0,0,0,34372,0,5,0,0,0,0,20032,2
66,3728514312,10289,0,0,0,0,33322700,33438500,2477,0,0,0,0,34372,0,5,0,0,0,0,20032,2
67,3728514312,10290,0,0,0,0,33324350,33441100,2148,0,0,0,0,34372,0,5,0,0,0,0,20032,2
68,3728514312,10291,0,0,0,0,33313500,33435600,2631,0,0,0,0,34372,0,5,0,0,0,0,20032,2
69,3728514312,10292,0,0,0,0,33318200,33437300,2556,0,0,0,0,34372,0,5,0,0,0,0,20032,2
70,3728514312,10293,0,0,0,0,33330850,33442500,2715,0,0,0,0,34372,0,5,0,0,0,0,20032,2
71,3728514312,10294,0,0,0,0,33316450,33436250,2603,0,0,0,0,34372,0,5,0,0,0,0,20032,2
72,3728514312,10295,0,0,0,0,33323600,33442350,2092,0,0,0,0,34372,0,5,0,0,0,0,20032,2
73,3728514312,10296,0,0,0,0,33311750,33437350,2734,0,0,0,0,34372,0,5,0,0,0,0,20032,2
74,3728514312,10297,0,0,0,0,33596250,33710450,2571,0,0,0,0,34372,0,5,0,0,0,0,20032,2
75,3728514312,10298,0,0,0,0,33047800,33165500,2615,0,0,0,0,34372,0,5,0,0,0,0,20032,2
76,3728514312,10299,0,0,0,0,33321650,33437350,2776,0,0,0,0,34372,0,5,0,0,0,0,20032,2
77,3728514312,10300,0,0,0,0,33370400,33491950,2543,0,0,0,0,34372,0,5,0,0,0,0,20032,2
78,3728514312,10301,0,0,0,0,33272750,33387550,2561,0,0,0,0,34372,0,5,0,0,0,0,20032,2
79,3728514312,10302,0,0,0,0,33318600,33435400,2637,0,0,0,0,34372,0,5,0,0,0,0,20032,2
80,3728514312,10303,0,0,0,0,33324100,33440750,2565,0,0,0,0,34372,0,5,0,0,0,0,20032,2
81,3728514312,10304,0,0,0,0,33319150,33439200,2674,0,0,0,0,34372,0,5,0,0,0,0,20032,2
82,3728514312,10305,0,0,0,0,33322300,33436850,2622,0,0,0,0,34372,0,5,0,0,0,0,20032,2
83,3728514312,10306,0,0,0,0,33322350,33437100,2575,0,0,0,0,34372,0,5,0,0,0,0,20032,2
84,3728514312,10307,0,0,0,0,32513700,33439800,2398,0,0,0,0,34372,0,5,0,0,0,0,20032,2
85,3728514312,10308,0,0,0,0,33314700,33440050,2489,0,0,0,0,34372,0,5,0,0,0,0,20032,2
86,3728514312,10309,0,0,0,0,32913950,33439300,2591,0,0,0,0,34372,0,5,0,0,0,0,20032,2
87,3728514312,10310,0,0,0,0,33316300,33435700,2755,0,0,0,0,34372,0,5,0,0,0,0,20032,2
88,3728514312,10311,0,0,0,0,33453450,33569600,2250,0,0,0,0,34372,0,5,0,0,0,0,20032,2
89,3728514312,10312,0,0,0,0,33184800,33309250,2638,0,0,0,0,34372,0,5,0,0,0,0,20032,2
90,3728514312,10313,0,0,0,0,33324150,33438700,2788,0,0,0,0,34372,0,5,0,0,0,0,20032,2
91,3728514312,10314,0,0,0,0,33319200,33437450,2439,0,0,0,0,34372,0,5,0,0,0,0,20032,2
92,3728514312,10315,0,0,0,0,33320600,33441150,2654,0,0,0,0,34372,0,5,0,0,0,0,20032,2
93,3728514312,10316,0,0,0,0,33315350,33435600,2611,0,0,0,0,34372,0,5,0,0,0,0,20032,2
94,3728514312,10317,0,0,0,0,33324750,33438600,2554,0,0,0,0,34372,0,5,0,0,0,0,20032,2
95,3728514312,10318,0,0,0,0,36763650,36882250,2159,0,0,0,0,34372,0,5,0,0,0,0,20032,2
96,3728514312,10319,0,0,0,0,29865250,29998000,1681,0,0,0,0,34372,0,5,0,0,0,0,20032,2
97,3728514312,10320,0,0,0,0,33319100,33437200,2469,0,0,0,0,34372,0,5,0,0,0,0,20032,2
98,3728514312,10321,0,0,0,0,33319900,33437400,2735,0,0,0,0,34372,0,5,0,0,0,0,20032,2
99,3728514312,10322,0,0,0,0,33601200,33721000,2569,0,0,0,0,34372,0,5,0,0,0,0,20032,2
100,3728514312,10323,0,0,0,0,33038300,33155700,2617,0,0,0,0,34372,0,5,0,0,0,0,20032,2
101,3728514312,10324,0,0,0,0,33321400,33440150,2767,0,0,0,0,34372,0,5,0,0,0,0,20032,2
102,3728514312,10325,0,0,0,0,33322000,33437350,2522,0,0,0,0,34372,0,5,0,0,0,0,20032,2
103,3728514312,10326,0,0,0,0,33322300,33438650,2183,0,0,0,0,34372,0,5,0,0,0,0,20032,2
104,3728514312,10327,0,0,0,0,33317500,33439050,2787,0,0,0,0,34372,0,5,0,0,0,0,20032,2
105,3728514312,10328,0,0,0,0,33316150,33437550,2528,0,0,0,0,34372,0,5,0,0,0,0,20032,2
106,3728514312,10329,0,0,0,0,33325650,33440100,2675,0,0,0,0,34372,0,5,0,0,0,0,20032,2
107,3728514312,10330,0,0,0,0,33319450,33437950,2626,0,0,0,0,34372,0,5,0,0,0,0,20032,2
108,3728514312,10331,0,0,0,0,31888950,33437900,2423,0,0,0,0,34372,0,5,0,0,0,0,20032,2
109,3728514312,10332,0,0,0,0,33311600,33440750,2665,0,0,0,0,34372,0,5,0,0,0,0,20032,2
110,3728514312,10333,0,0,0,0,33316750,33435300,2592,0,0,0,0,34372,0,5,0,0,0,0,20032,2
111,3728514312,10334,0,0,0,0,32893600,33439100,2585,0,0,0,0,34372,0,5,0,0,0,0,20032,2
112,3728514312,10335,0,0,0,0,33324050,33438800,2754,0,0,0,0,34372,0,5,0,0,0,0,20032,2
113,3728514312,10336,0,0,0,0,33459800,33581050,2543,0,0,0,0,34372,0,5,0,0,0,0,20032,2
114,3728514312,10337,0,0,0,0,33183150,33296200,2641,0,0,0,0,34372,0,5,0,0,0,0,20032,2
115,3728514312,10338,0,0,0,0,33316900,33437600,2772,0,0,0,0,34372,0,5,0,0,0,0,20032,2
116,3728514312,10339,0,0,0,0,33324850,33441100,2463,0,0,0,0,34372,0,5,0,0,0,0,20032,2
117,3728514312,10340,0,0,0,0,33314250,33437050,2646,0,0,0,0,34372,0,5,0,0,0,0,20032,2
118,3728514312,10341,0,0,0,0,33324300,33441450,2298,0,0,0,0,34372,0,5,0,0,0,0,20032,2
119,3728514312,10342,0,0,0,0,33309900,33437350,2514,0,0,0,0,34372,0,5,0,0,0,0,20032,2
120,3728514312,10343,0,0,0,0,33317500,33436200,2699,0,0,0,0,34372,0,5,0,0,0,0,20032,2
121,3728514312,10344,0,0,0,0,33320250,33441400,2615,0,0,0,0,34372,0,5,0,0,0,0,20032,2
122,3728514312,10345,0,0,0,0,33327250,33437700,2482,0,0,0,0,34372,0,5,0,0,0,0,20032,2
123,3728514312,10346,0,0,0,0,33317850,33435950,2732,0,0,0,0,34372,0,5,0,0,0,0,20032,2
124,3728514312,10347,0,0,0,0,33634200,33754550,2587,0,0,0,0,34372,0,5,0,0,0,0,20032,2
125,3728514312,10348,0,0,0,0,33008950,33123650,2605,0,0,0,0,34372,0,5,0,0,0,0,20032,2
126,3728514312,10349,0,0,0,0,33324750,33439100,1225,0,0,0,0,34372,0,5,0,0,0,0,20032,2
127,3728514312,10350,0,0,0,0,33325700,33441700,2509,0,0,0,0,34372,0,5,0,0,0,0,20032,2
128,3728514312,10351,0,0,0,0,33322250,33435400,2578,0,0,0,0,34372,0,5,0,0,0,0,20032,2
129,3728514312,10352,0,0,0,0,33321700,33439850,2646,0,0,0,0,34372,0,5,0,0,0,0,20032,2
130,3728514312,10353,0,0,0,0,33326500,33436850,2537,0,0,0,0,34372,0,5,0,0,0,0,20032,2
131,3728514312,10354,0,0,0,0,31660400,33437550,2234,0,0,0,0,34372,0,5,0,0,0,0,20032,2
132,3728514312,10355,0,0,0,0,33317750,33441650,2620,0,0,0,0,34372,0,5,0,0,0,0,20032,2
133,3728514312,10356,0,0,0,0,33316150,33436150,2540,0,0,0,0,34372,0,5,0,0,0,0,20032,2
134,3728514312,10357,0,0,0,0,33324950,33439100,2219,0,0,0,0,34372,0,5,0,0,0,0,20032,2
135,3728514312,10358,0,0,0,0,33321950,33439950,2586,0,0,0,0,34372,0,5,0,0,0,0,20032,2
136,3728514312,10359,0,0,0,0,32890250,33437250,2585,0,0,0,0,34372,0,5,0,0,0,0,20032,2
137,3728514312,10360,0,0,0,0,33318900,33438500,2752,0,0,0,0,34372,0,5,0,0,0,0,20032,2
138,3728514312,10361,0,0,0,0,33491250,33605700,2553,0,0,0,0,34372,0,5,0,0,0,0,20032,2
139,3728514312,10362,0,0,0,0,33157950,33271400,2632,0,0,0,0,34372,0,5,0,0,0,0,20032,2
140,3728514312,10363,0,0,0,0,33324100,33438300,2757,0,0,0,0,34372,0,5,0,0,0,0,20032,2
141,3728514312,10364,0,0,0,0,33316700,33438100,2441,0,0,0,0,34372,0,5,0,0,0,0,20032,2
142,3728514312,10365,0,0,0,0,33323800,33439650,2670,0,0,0,0,34372,0,5,0,0,0,0,20032,2
143,3728514312,10366,0,0,0,0,33324550,33441350,2644,0,0,0,0,34372,0,5,0,0,0,0,20032,2
144,3728514312,10367,0,0,0,0,33324600,33436900,2525,0,0,0,0,34372,0,5,0,0,0,0,20032,2
145,3728514312,10368,0,0,0,0,33318050,33439150,2687,0,0,0,0,34372,0,5,0,0,0,0,20032,2
146,3728514312,10369,0,0,0,0,33324800,33437950,2634,0,0,0,0,34372,0,5,0,0,0,0,20032,2
147,3728514312,10370,0,0,0,0,33321850,33437500,2433,0,0,0,0,34372,0,5,0,0,0,0,20032,2
148,3728514312,10371,0,0,0,0,33318200,33439950,2757,0,0,0,0,34372,0,5,0,0,0,0,20032,2
149,3728514312,10372,0,0,0,0,33656400,33774750,2240,0,0,0,0,34372,0,5,0,0,0,0,20032,2
150,3728514312,10373,0,0,0,0,32984850,33101050,2609,0,0,0,0,34372,0,5,0,0,0,0,20032,2
151,3728514312,10374,0,0,0,0,33320350,33437200,2759,0,0,0,0,34372,0,5,0,0,0,0,20032,2
152,3728514312,10375,0,0,0,0,33395750,33511600,2531,0,0,0,0,34372,0,5,0,0,0,0,20032,2
153,3728514312,10376,0,0,0,0,33251450,33369250,2574,0,0,0,0,34372,0,5,0,0,0,0,20032,2
154,3728514312,10377,0,0,0,0,32519850,33438350,2373,0,0,0,0,34372,0,5,0,0,0,0,20032,2
155,3728514312,10378,0,0,0,0,33312450,33434600,2529,0,0,0,0,34372,0,5,0,0,0,0,20032,2
156,3728514312,10379,0,0,0,0,33327450,33439400,2666,0,0,0,0,34372,0,5,0,0,0,0,20032,2
157,3728514312,10380,0,0,0,0,33320050,33438350,1373,0,0,0,0,34372,0,5,0,0,0,0,20032,2
158,3728514312,10381,0,0,0,0,33325250,33439950,2519,0,0,0,0,34372,0,5,0,0,0,0,20032,2
159,3728514312,10382,0,0,0,0,33320450,33438650,2617,0,0,0,0,34372,0,5,0,0,0,0,20032,2
160,3728514312,10383,0,0,0,0,33320800,33438250,2614,0,0,0,0,34372,0,5,0,0,0,0,20032,2
161,3728514312,10384,0,0,0,0,33321200,33440350,2550,0,0,0,0,34372,0,5,0,0,0,0,20032,2
162,3728514312,10385,0,0,0,0,33324850,33439300,2780,0,0,0,0,34372,0,5,0,0,0,0,20032,2
163,3728514312,10386,0,0,0,0,33525900,33642650,2553,0,0,0,0,34372,0,5,0,0,0,0,20032,2
164,3728514312,10387,0,0,0,0,33125850,33238700,2201,0,0,0,0,34372,0,5,0,0,0,0,20032,2
165,3728514312,10388,0,0,0,0,33303050,33432950,2671,0,0,0,0,34372,0,5,0,0,0,0,20032,2
166,3728514312,10389,0,0,0,0,33321950,33438150,2524,0,0,0,0,34372,0,5,0,0,0,0,20032,2
167,3728514312,10390,0,0,0,0,33321650,33440700,2665,0,0,0,0,34372,0,5,0,0,0,0,20032,2
168,3728514312,10391,0,0,0,0,33320400,33437550,2643,0,0,0,0,34372,0,5,0,0,0,0,20032,2
169,3728514312,10392,0,0,0,0,33323100,33436600,2529,0,0,0,0,34372,0,5,0,0,0,0,20032,2
170,3728514312,10393,0,0,0,0,33328350,33441550,2686,0,0,0,0,34372,0,5,0,0,0,0,20032,2
171,3728514312,10394,0,0,0,0,33318300,33437400,2623,0,0,0,0,34372,0,5,0,0,0,0,20032,2
172,3728514312,10395,0,0,0,0,33319650,33437350,2432,0,0,0,0,34372,0,5,0,0,0,0,20032,2
173,3728514312,10396,0,0,0,0,33316450,33438200,2745,0,0,0,0,34372,0,5,0,0,0,0,20032,2
174,3728514312,10397,0,0,0,0,33323350,33437550,2604,0,0,0,0,34372,0,5,0,0,0,0,20032,2
175,3728514312,10398,0,0,0,0,32938800,33440000,2564,0,0,0,0,34372,0,5,0,0,0,0,20032,2
176,3728514312,10399,0,0,0,0,33322450,33440650,2782,0,0,0,0,34372,0,5,0,0,0,0,20032,2
177,3728514312,10400,0,0,0,0,33375900,33498750,2527,0,0,0,0,34372,0,5,0,0,0,0,20032,2
178,3728514312,10401,0,0,0,0,33263350,33375400,2577,0,0,0,0,34372,0,5,0,0,0,0,20032,2
179,3728514312,10402,0,0,0,0,33320850,33439650,2643,0,0,0,0,34372,0,5,0,0,0,0,20032,2
CSV_END

STUDY_DONE_4a3cb02ba362=0
# 