/tmp/app --transport unrolled --state-frame 0 --frames 180 --warmup 30 --wait spin --profile frame --csv /tmp/transport-frames.csv && printf "CSV_BEGIN\n" && cat /tmp/transport-frames.csv && printf "CSV_END\n"; study_status=$?; printf "\nSTUDY_DONE_2e785cf2a774=%s\n" "$study_status"
TRANSPORT mode=unrolled dma_minimum=64
BEGIN_BREAKOUT frames=180 warmup=30 fixed=0 blocks=40 tiles=1 hud=1 wait=spin replay=0 state_frame=0 profile=frame pixel_centers=1 clock_call_ns=5513
HW_COUNTERS unavailable
RESULT frames=180 elapsed_s=12.121142700 fps=14.850085 logic_ms=0.000000 api_ms=0.000000 swap_ms=0.000000 wait_ms=0.000000 worker_inclusive_ms=0.000000 upload_inclusive_ms=0.000000 write_ms=0.000000 bytes_per_frame=30951.56 p50_ms=66.877300 p95_ms=67.220650 max_ms=83.598750 late_60hz=180 first_count=33285 last_count=33464 state_hash=8f34e8fd remaining=38 score=20
RENDER_PATH retained=0 grouped=0 quads=13131 full_frames=180
BREAKOUT_PASS
CSV_BEGIN
frame,state_hash,display_count,logic_ns,api_ns,swap_ns,wait_ns,total_ns,completion_interval_ns,polls,worker_inclusive_ns,upload_inclusive_ns,write_ns,read_ns,write_bytes,read_bytes,write_calls,read_calls,dma_copy_ns,dma_launch_ns,dma_completion_wait_ns,dma_bytes,dma_lists
0,3724779174,33285,0,0,0,0,66521650,66536850,1314,0,0,0,0,31172,0,5,0,0,0,0,0,0
1,1709657109,33286,0,0,0,0,66755150,66879250,1301,0,0,0,0,31172,0,5,0,0,0,0,0,0
2,1894904752,33287,0,0,0,0,66762400,66877000,1467,0,0,0,0,31172,0,5,0,0,0,0,0,0
3,3703759967,33288,0,0,0,0,66752200,66875650,362,0,0,0,0,31172,0,5,0,0,0,0,0,0
4,19533624,33289,0,0,0,0,66759000,66879200,1250,0,0,0,0,31172,0,5,0,0,0,0,0,0
5,816884773,33290,0,0,0,0,66000650,66876500,1250,0,0,0,0,31172,0,5,0,0,0,0,0,0
6,1339236364,33291,0,0,0,0,66918750,67033800,1440,0,0,0,0,31172,0,5,0,0,0,0,0,0
7,3072959373,33292,0,0,0,0,66600500,66722300,1373,0,0,0,0,31172,0,5,0,0,0,0,0,0
8,1782884746,33293,0,0,0,0,66758150,66873250,976,0,0,0,0,31172,0,5,0,0,0,0,0,0
9,30296781,33294,0,0,0,0,66764250,66881350,1474,0,0,0,0,31492,0,5,0,0,0,0,0,0
10,4026418858,33295,0,0,0,0,66760400,66874700,1417,0,0,0,0,31492,0,5,0,0,0,0,0,0
11,2084929051,33296,0,0,0,0,66759500,66878600,1412,0,0,0,0,31492,0,5,0,0,0,0,0,0
12,3114489770,33297,0,0,0,0,66760050,66877300,1548,0,0,0,0,31172,0,5,0,0,0,0,0,0
13,891400471,33298,0,0,0,0,66771100,66890350,1337,0,0,0,0,31172,0,5,0,0,0,0,0,0
14,3472773456,33299,0,0,0,0,66746200,66861800,1577,0,0,0,0,31172,0,5,0,0,0,0,0,0
15,3010688243,33300,0,0,0,0,66759650,66876700,1438,0,0,0,0,31172,0,5,0,0,0,0,0,0
16,2819524756,33301,0,0,0,0,66761250,66877600,948,0,0,0,0,31172,0,5,0,0,0,0,0,0
17,3241678401,33302,0,0,0,0,66752800,66875750,1509,0,0,0,0,31172,0,5,0,0,0,0,0,0
18,2154316504,33303,0,0,0,0,66308000,66880250,1472,0,0,0,0,31172,0,5,0,0,0,0,0,0
19,772262681,33304,0,0,0,0,66756550,66874300,99,0,0,0,0,31172,0,5,0,0,0,0,0,0
20,3882818750,33305,0,0,0,0,66758800,66880500,1386,0,0,0,0,31172,0,5,0,0,0,0,0,0
21,521131153,33306,0,0,0,0,66756550,66875750,1500,0,0,0,0,31172,0,5,0,0,0,0,0,0
22,1838187414,33307,0,0,0,0,66760300,66877750,1464,0,0,0,0,31172,0,5,0,0,0,0,0,0
23,840574439,33308,0,0,0,0,66757950,66876300,1110,0,0,0,0,31172,0,5,0,0,0,0,0,0
24,2879461878,33309,0,0,0,0,67076550,67206350,1496,0,0,0,0,31172,0,5,0,0,0,0,0,0
25,202086035,33310,0,0,0,0,66432400,66550200,1487,0,0,0,0,31172,0,5,0,0,0,0,0,0
26,959703924,33311,0,0,0,0,66758550,66874250,1373,0,0,0,0,31172,0,5,0,0,0,0,0,0
27,3795724423,33312,0,0,0,0,66759000,66876700,1414,0,0,0,0,31172,0,5,0,0,0,0,0,0
28,2500539904,33313,0,0,0,0,65991750,66875900,1333,0,0,0,0,31172,0,5,0,0,0,0,0,0
29,2269000541,33314,0,0,0,0,66759650,66877500,1310,0,0,0,0,31172,0,5,0,0,0,0,0,0
30,1900681108,33315,0,0,0,0,66762400,66876900,1517,0,0,0,0,31172,0,5,0,0,0,0,0,0
31,3680168245,33316,0,0,0,0,66960150,67077900,1070,0,0,0,0,31172,0,5,0,0,0,0,0,0
32,2344329490,33317,0,0,0,0,66558950,66679150,1380,0,0,0,0,31172,0,5,0,0,0,0,0,0
33,2130650181,33318,0,0,0,0,66762600,66878600,1455,0,0,0,0,31492,0,5,0,0,0,0,0,0
34,906966818,33319,0,0,0,0,83478300,83593100,3177,0,0,0,0,31492,0,5,0,0,0,0,0,0
35,3939376531,33320,0,0,0,0,66753000,66877100,1389,0,0,0,0,31492,0,5,0,0,0,0,0,0
36,2110688546,33321,0,0,0,0,66756750,66876200,1511,0,0,0,0,31172,0,5,0,0,0,0,0,0
37,2695523007,33322,0,0,0,0,66765750,66881750,1413,0,0,0,0,31172,0,5,0,0,0,0,0,0
38,744447992,33323,0,0,0,0,67421600,67536500,1331,0,0,0,0,31172,0,5,0,0,0,0,0,0
39,3728640411,33324,0,0,0,0,66087350,66212550,1357,0,0,0,0,31172,0,5,0,0,0,0,0,0
40,618879740,33325,0,0,0,0,66314700,66879750,1461,0,0,0,0,31172,0,5,0,0,0,0,0,0
41,1239708057,33326,0,0,0,0,66759450,66876900,1418,0,0,0,0,31172,0,5,0,0,0,0,0,0
42,2429742208,33327,0,0,0,0,66762300,66877950,1009,0,0,0,0,31172,0,5,0,0,0,0,0,0
43,412095716,33328,0,0,0,0,66748500,66876400,1517,0,0,0,0,31172,0,5,0,0,0,0,0,0
44,1226741467,33329,0,0,0,0,66759700,66879850,1366,0,0,0,0,31172,0,5,0,0,0,0,0,0
45,3288446148,33330,0,0,0,0,66759550,66874300,1514,0,0,0,0,31172,0,5,0,0,0,0,0,0
46,1157984843,33331,0,0,0,0,67086300,67207100,1138,0,0,0,0,31172,0,5,0,0,0,0,0,0
47,3877288378,33332,0,0,0,0,66428300,66548400,1323,0,0,0,0,31172,0,5,0,0,0,0,0,0
48,4236526315,33333,0,0,0,0,66758050,66879200,1577,0,0,0,0,31172,0,5,0,0,0,0,0,0
49,533834014,33334,0,0,0,0,83481150,83595150,3062,0,0,0,0,31172,0,5,0,0,0,0,0,0
50,1649361089,33335,0,0,0,0,66855750,66977050,1400,0,0,0,0,31172,0,5,0,0,0,0,0,0
51,2486981906,33336,0,0,0,0,65902850,66775250,1289,0,0,0,0,31172,0,5,0,0,0,0,0,0
52,1706075277,33337,0,0,0,0,66754250,66877300,1479,0,0,0,0,31172,0,5,0,0,0,0,0,0
53,267972368,33338,0,0,0,0,66763500,66877500,1405,0,0,0,0,31172,0,5,0,0,0,0,0,0
54,3895401273,33339,0,0,0,0,66756850,66878200,1263,0,0,0,0,31172,0,5,0,0,0,0,0,0
55,605985656,33340,0,0,0,0,66760550,66876200,1532,0,0,0,0,31172,0,5,0,0,0,0,0,0
56,4077673024,33341,0,0,0,0,66757750,66875400,1448,0,0,0,0,30852,0,5,0,0,0,0,0,0
57,985632231,33342,0,0,0,0,66765400,66881250,1468,0,0,0,0,30852,0,5,0,0,0,0,0,0
58,3720590956,33343,0,0,0,0,66754750,66875450,1631,0,0,0,0,30852,0,5,0,0,0,0,0,0
59,3264032585,33344,0,0,0,0,66762450,66878100,1419,0,0,0,0,30852,0,5,0,0,0,0,0,0
60,395405688,33345,0,0,0,0,66754150,66874900,1492,0,0,0,0,30852,0,5,0,0,0,0,0,0
61,32142420,33346,0,0,0,0,66754600,66875900,1310,0,0,0,0,30852,0,5,0,0,0,0,0,0
62,1187067055,33347,0,0,0,0,66324150,66877100,1547,0,0,0,0,30852,0,5,0,0,0,0,0,0
63,459140908,33348,0,0,0,0,66764350,66880400,1392,0,0,0,0,30852,0,5,0,0,0,0,0,0
64,3369786495,33349,0,0,0,0,66898950,67019200,0,0,0,0,0,30852,0,5,0,0,0,0,0,0
65,1572434254,33350,0,0,0,0,66615700,66734050,1510,0,0,0,0,30852,0,5,0,0,0,0,0,0
66,4107798823,33351,0,0,0,0,66764000,66878850,1464,0,0,0,0,30852,0,5,0,0,0,0,0,0
67,343968250,33352,0,0,0,0,66761100,66877300,1521,0,0,0,0,30852,0,5,0,0,0,0,0,0
68,3102454017,33353,0,0,0,0,67064300,67180850,1544,0,0,0,0,30852,0,5,0,0,0,0,0,0
69,3051095563,33354,0,0,0,0,66452000,66569500,1126,0,0,0,0,30852,0,5,0,0,0,0,0,0
70,2391331016,33355,0,0,0,0,66764350,66879100,1549,0,0,0,0,30852,0,5,0,0,0,0,0,0
71,3869016117,33356,0,0,0,0,66755800,66878600,1472,0,0,0,0,30852,0,5,0,0,0,0,0,0
72,1579800804,33357,0,0,0,0,66753950,66877500,1444,0,0,0,0,30852,0,5,0,0,0,0,0,0
73,2792341157,33358,0,0,0,0,66760000,66876350,1491,0,0,0,0,30852,0,5,0,0,0,0,0,0
74,714702942,33359,0,0,0,0,66760450,66876400,1522,0,0,0,0,30852,0,5,0,0,0,0,0,0
75,1092538936,33360,0,0,0,0,66170250,67051050,1317,0,0,0,0,30852,0,5,0,0,0,0,0,0
76,1561271239,33361,0,0,0,0,66573550,66702250,1599,0,0,0,0,31172,0,5,0,0,0,0,0,0
77,3798074098,33362,0,0,0,0,66761500,66878450,1056,0,0,0,0,31172,0,5,0,0,0,0,0,0
78,3022639071,33363,0,0,0,0,66757650,66874800,1446,0,0,0,0,31172,0,5,0,0,0,0,0,0
79,2282770062,33364,0,0,0,0,66765850,66885150,476,0,0,0,0,30852,0,5,0,0,0,0,0,0
80,1626512457,33365,0,0,0,0,66738700,66872500,1359,0,0,0,0,30852,0,5,0,0,0,0,0,0
81,3156888026,33366,0,0,0,0,66762850,66877350,1449,0,0,0,0,30852,0,5,0,0,0,0,0,0
82,3038824309,33367,0,0,0,0,66789300,66903650,1493,0,0,0,0,30852,0,5,0,0,0,0,0,0
83,1261846460,33368,0,0,0,0,66728650,66848200,1646,0,0,0,0,30852,0,5,0,0,0,0,0,0
84,2035201521,33369,0,0,0,0,66759600,66878600,886,0,0,0,0,30852,0,5,0,0,0,0,0,0
85,2164446652,33370,0,0,0,0,66760500,66877300,1526,0,0,0,0,30852,0,5,0,0,0,0,0,0
86,2017191835,33371,0,0,0,0,66758150,66877350,1573,0,0,0,0,30852,0,5,0,0,0,0,0,0
87,3029138484,33372,0,0,0,0,66306650,66875750,1480,0,0,0,0,30852,0,5,0,0,0,0,0,0
88,50355403,33373,0,0,0,0,66752900,66876500,1562,0,0,0,0,30852,0,5,0,0,0,0,0,0
89,654213990,33374,0,0,0,0,66765800,66880100,1483,0,0,0,0,30852,0,5,0,0,0,0,0,0
90,2360099787,33375,0,0,0,0,66753450,66874650,1548,0,0,0,0,30852,0,5,0,0,0,0,0,0
91,2424818746,33376,0,0,0,0,66759450,66878850,1421,0,0,0,0,30852,0,5,0,0,0,0,0,0
92,1971386461,33377,0,0,0,0,66755550,66876250,1050,0,0,0,0,30852,0,5,0,0,0,0,0,0
93,3386045126,33378,0,0,0,0,67133600,67250300,1574,0,0,0,0,30852,0,5,0,0,0,0,0,0
94,1429641961,33379,0,0,0,0,66387250,66503550,1435,0,0,0,0,30852,0,5,0,0,0,0,0,0
95,3022846880,33380,0,0,0,0,66757700,66875300,119,0,0,0,0,30852,0,5,0,0,0,0,0,0
96,1601897261,33381,0,0,0,0,66755650,66879800,1465,0,0,0,0,30852,0,5,0,0,0,0,0,0
97,1229951528,33382,0,0,0,0,66753650,66874400,1484,0,0,0,0,30852,0,5,0,0,0,0,0,0
98,4065171759,33383,0,0,0,0,65348350,66880850,1186,0,0,0,0,30852,0,5,0,0,0,0,0,0
99,1034325744,33384,0,0,0,0,67152300,67274650,1347,0,0,0,0,30852,0,5,0,0,0,0,0,0
100,14078671,33385,0,0,0,0,66586050,66717700,1354,0,0,0,0,31172,0,5,0,0,0,0,0,0
101,4024270554,33386,0,0,0,0,66519450,66639000,1589,0,0,0,0,31172,0,5,0,0,0,0,0,0
102,896191351,33387,0,0,0,0,66757400,66875100,918,0,0,0,0,31172,0,5,0,0,0,0,0,0
103,2131384102,33388,0,0,0,0,66756900,66875450,1442,0,0,0,0,30852,0,5,0,0,0,0,0,0
104,2586210593,33389,0,0,0,0,66759450,66881650,1560,0,0,0,0,30852,0,5,0,0,0,0,0,0
105,591918370,33390,0,0,0,0,66760100,66875100,1479,0,0,0,0,30852,0,5,0,0,0,0,0,0
106,8814317,33391,0,0,0,0,66758150,66877750,1526,0,0,0,0,30852,0,5,0,0,0,0,0,0
107,2340504196,33392,0,0,0,0,66873350,66987550,1215,0,0,0,0,30852,0,5,0,0,0,0,0,0
108,3523076009,33393,0,0,0,0,66649050,66766900,1625,0,0,0,0,30852,0,5,0,0,0,0,0,0
109,1961669028,33394,0,0,0,0,66760500,66876450,1366,0,0,0,0,30852,0,5,0,0,0,0,0,0
110,1037581603,33395,0,0,0,0,83478500,83594800,3233,0,0,0,0,30852,0,5,0,0,0,0,0,0
111,2701024588,33396,0,0,0,0,66754600,66879200,1403,0,0,0,0,30852,0,5,0,0,0,0,0,0
112,215037203,33397,0,0,0,0,66758050,66877500,1459,0,0,0,0,30852,0,5,0,0,0,0,0,0
113,3696282862,33398,0,0,0,0,66760050,66876250,1467,0,0,0,0,30852,0,5,0,0,0,0,0,0
114,2829142928,33399,0,0,0,0,66758950,66877800,1504,0,0,0,0,30852,0,5,0,0,0,0,0,0
115,3204762949,33400,0,0,0,0,67126100,67248350,1132,0,0,0,0,30852,0,5,0,0,0,0,0,0
116,3297489190,33401,0,0,0,0,66384000,66503400,1545,0,0,0,0,30852,0,5,0,0,0,0,0,0
117,1691704917,33402,0,0,0,0,66758900,66879000,1595,0,0,0,0,30852,0,5,0,0,0,0,0,0
118,663957814,33403,0,0,0,0,66754050,66874900,1357,0,0,0,0,30852,0,5,0,0,0,0,0,0
119,3058583827,33404,0,0,0,0,66753100,66877200,1535,0,0,0,0,30852,0,5,0,0,0,0,0,0
120,838545270,33405,0,0,0,0,66763500,66881250,1492,0,0,0,0,30852,0,5,0,0,0,0,0,0
121,3608912039,33406,0,0,0,0,66006200,66873100,1124,0,0,0,0,30852,0,5,0,0,0,0,0,0
122,4080159716,33407,0,0,0,0,66974350,67101000,1129,0,0,0,0,30852,0,5,0,0,0,0,0,0
123,1056027075,33408,0,0,0,0,66533700,66654650,1551,0,0,0,0,30852,0,5,0,0,0,0,0,0
124,4057021248,33409,0,0,0,0,66757150,66875200,1538,0,0,0,0,31172,0,5,0,0,0,0,0,0
125,2686741161,33410,0,0,0,0,83482100,83598750,3194,0,0,0,0,31172,0,5,0,0,0,0,0,0
126,3870849660,33411,0,0,0,0,66766800,66880000,1460,0,0,0,0,31172,0,5,0,0,0,0,0,0
127,293449641,33412,0,0,0,0,66756700,66873850,1516,0,0,0,0,30852,0,5,0,0,0,0,0,0
128,596064266,33413,0,0,0,0,66752700,66877000,1510,0,0,0,0,30852,0,5,0,0,0,0,0,0
129,3715495249,33414,0,0,0,0,66763500,66879700,1512,0,0,0,0,30852,0,5,0,0,0,0,0,0
130,244680018,33415,0,0,0,0,66752400,66873550,1281,0,0,0,0,30852,0,5,0,0,0,0,0,0
131,4080661783,33416,0,0,0,0,65987150,66876800,1380,0,0,0,0,30852,0,5,0,0,0,0,0,0
132,4006730450,33417,0,0,0,0,66758300,66877750,1596,0,0,0,0,30852,0,5,0,0,0,0,0,0
133,3864584507,33418,0,0,0,0,66756800,66876650,1482,0,0,0,0,30852,0,5,0,0,0,0,0,0
134,2711027320,33419,0,0,0,0,66755700,66877450,1497,0,0,0,0,30852,0,5,0,0,0,0,0,0
135,4099079087,33420,0,0,0,0,66756850,66877700,1488,0,0,0,0,30852,0,5,0,0,0,0,0,0
136,565333772,33421,0,0,0,0,66758150,66876950,1534,0,0,0,0,30852,0,5,0,0,0,0,0,0
137,1028518269,33422,0,0,0,0,67099400,67220650,1253,0,0,0,0,30852,0,5,0,0,0,0,0,0
138,2252688136,33423,0,0,0,0,66412700,66532800,1553,0,0,0,0,30852,0,5,0,0,0,0,0,0
139,578597309,33424,0,0,0,0,66759850,66878300,1620,0,0,0,0,30852,0,5,0,0,0,0,0,0
140,3624439358,33425,0,0,0,0,83479850,83595300,3187,0,0,0,0,30852,0,5,0,0,0,0,0,0
141,3514067501,33426,0,0,0,0,66873900,66991850,1504,0,0,0,0,30852,0,5,0,0,0,0,0,0
142,2741972910,33427,0,0,0,0,66648500,66762850,1629,0,0,0,0,30852,0,5,0,0,0,0,0,0
143,28497579,33428,0,0,0,0,66761400,66880150,1428,0,0,0,0,30852,0,5,0,0,0,0,0,0
144,466729326,33429,0,0,0,0,66008600,66873450,1314,0,0,0,0,30852,0,5,0,0,0,0,0,0
145,3425349295,33430,0,0,0,0,66759900,66877500,1301,0,0,0,0,30852,0,5,0,0,0,0,0,0
146,1537640620,33431,0,0,0,0,66760600,66878750,1440,0,0,0,0,30852,0,5,0,0,0,0,0,0
147,1853842891,33432,0,0,0,0,66761150,66879600,1529,0,0,0,0,30852,0,5,0,0,0,0,0,0
148,1177024904,33433,0,0,0,0,66756750,66873000,1454,0,0,0,0,31172,0,5,0,0,0,0,0,0
149,4106734849,33434,0,0,0,0,66756850,66877300,1378,0,0,0,0,31172,0,5,0,0,0,0,0,0
150,2025356500,33435,0,0,0,0,66763050,66878150,1455,0,0,0,0,31172,0,5,0,0,0,0,0,0
151,2189605121,33436,0,0,0,0,66759600,66877150,1485,0,0,0,0,30852,0,5,0,0,0,0,0,0
152,4086136290,33437,0,0,0,0,66757300,66878700,1273,0,0,0,0,30852,0,5,0,0,0,0,0,0
153,4036669705,33438,0,0,0,0,66312150,66876000,1535,0,0,0,0,30852,0,5,0,0,0,0,0,0
154,4167980074,33439,0,0,0,0,66766000,66879200,1555,0,0,0,0,30852,0,5,0,0,0,0,0,0
155,51187407,33440,0,0,0,0,66893600,67009900,0,0,0,0,0,30852,0,5,0,0,0,0,0,0
156,2242638442,33441,0,0,0,0,66621100,66740850,1498,0,0,0,0,30852,0,5,0,0,0,0,0,0
157,2730108163,33442,0,0,0,0,66763200,66878150,1472,0,0,0,0,30852,0,5,0,0,0,0,0,0
158,2718743917,33443,0,0,0,0,66759550,66878750,1470,0,0,0,0,30852,0,5,0,0,0,0,0,0
159,3391709842,33444,0,0,0,0,67092850,67207350,1527,0,0,0,0,30852,0,5,0,0,0,0,0,0
160,1164604273,33445,0,0,0,0,66425350,66544350,1093,0,0,0,0,30852,0,5,0,0,0,0,0,0
161,2148591176,33446,0,0,0,0,66764800,66880500,818,0,0,0,0,30852,0,5,0,0,0,0,0,0
162,4192737573,33447,0,0,0,0,66757350,66875750,1467,0,0,0,0,30852,0,5,0,0,0,0,0,0
163,535584840,33448,0,0,0,0,66752800,66875100,1514,0,0,0,0,30852,0,5,0,0,0,0,0,0
164,3430794475,33449,0,0,0,0,66764000,66879500,1379,0,0,0,0,30852,0,5,0,0,0,0,0,0
165,776323552,33450,0,0,0,0,66756850,66875900,1511,0,0,0,0,30852,0,5,0,0,0,0,0,0
166,3330991427,33451,0,0,0,0,66948250,67061750,1536,0,0,0,0,30852,0,5,0,0,0,0,0,0
167,3282074430,33452,0,0,0,0,66579050,66692850,1607,0,0,0,0,30852,0,5,0,0,0,0,0,0
168,2597814595,33453,0,0,0,0,66756850,66876500,974,0,0,0,0,30852,0,5,0,0,0,0,0,0
169,2225601370,33454,0,0,0,0,66748000,66877100,1505,0,0,0,0,30852,0,5,0,0,0,0,0,0
170,3716853465,33455,0,0,0,0,66759350,66879800,1561,0,0,0,0,30852,0,5,0,0,0,0,0,0
171,1080675697,33456,0,0,0,0,66760300,66875950,159,0,0,0,0,30212,0,5,0,0,0,0,0,0
172,219920238,33457,0,0,0,0,66759750,66878800,1620,0,0,0,0,30212,0,5,0,0,0,0,0,0
173,3070385651,33458,0,0,0,0,66802100,66924900,1650,0,0,0,0,30212,0,5,0,0,0,0,0,0
174,2609556270,33459,0,0,0,0,66709450,66827150,1666,0,0,0,0,30212,0,5,0,0,0,0,0,0
175,141401383,33460,0,0,0,0,66757900,66877150,1225,0,0,0,0,30212,0,5,0,0,0,0,0,0
176,3034105280,33461,0,0,0,0,66756050,66876600,1639,0,0,0,0,30212,0,5,0,0,0,0,0,0
177,3029196371,33462,0,0,0,0,66755750,66876250,1599,0,0,0,0,30212,0,5,0,0,0,0,0,0
178,699378668,33463,0,0,0,0,66763600,66879900,1726,0,0,0,0,30212,0,5,0,0,0,0,0,0
179,2402609405,33464,0,0,0,0,66758400,66875050,1659,0,0,0,0,30212,0,5,0,0,0,0,0,0
CSV_END

STUDY_DONE_2e785cf2a774=0
# 