/tmp/app-lto --transport apb --state-frame 0 --frames 180 --warmup 30 --wait spin --profile detailed --csv /tmp/transport-frames.csv --retained && printf "CSV_BEGIN\n" && cat /tmp/transport-frames.csv && printf "CSV_END\n"; study_status=$?; printf "\nSTUDY_DONE_d51233bfd329=%s\n" "$study_status"
TRANSPORT mode=apb dma_minimum=64
BEGIN_BREAKOUT frames=180 warmup=30 fixed=0 blocks=40 tiles=1 hud=1 wait=spin replay=0 state_frame=0 profile=detailed pixel_centers=1 clock_call_ns=4880
HW_COUNTERS unavailable
RESULT frames=180 elapsed_s=3.093042450 fps=58.195128 logic_ms=1.053875 api_ms=2.695666 swap_ms=4.994973 wait_ms=8.288191 worker_inclusive_ms=4.783496 upload_inclusive_ms=1.525222 write_ms=1.338651 bytes_per_frame=3578.67 p50_ms=16.719200 p95_ms=17.065700 max_ms=33.733850 late_60hz=161 first_count=18923 last_count=19102 state_hash=8f34e8fd remaining=38 score=20
RENDER_PATH retained=1 grouped=0 quads=645 full_frames=0
BREAKOUT_PASS
CSV_BEGIN
frame,state_hash,display_count,logic_ns,api_ns,swap_ns,wait_ns,total_ns,completion_interval_ns,polls,worker_inclusive_ns,upload_inclusive_ns,write_ns,read_ns,write_bytes,read_bytes,write_calls,read_calls,dma_copy_ns,dma_launch_ns,dma_completion_wait_ns,dma_bytes,dma_lists
0,3724779174,18923,740950,3986950,6128600,5829800,16686300,16696400,1011,5960650,1927450,1768050,0,4572,0,5,0,0,0,0,0,0
1,1709657109,18924,929500,3618600,6466250,5598100,16612450,16716150,1110,5562550,1674350,1517300,0,4252,0,5,0,0,0,0,0,0
2,1894904752,18925,884650,2993000,5342750,7384800,16605200,16719850,1344,5179700,1486350,1328700,0,3612,0,5,0,0,0,0,0,0
3,3703759967,18926,1536000,2253100,5785950,7032350,16607400,16721200,1417,4864550,1490950,1330400,0,3612,0,5,0,0,0,0,0,0
4,19533624,18927,1350400,2206350,5567650,7490500,16614900,16718900,1429,5397450,2025050,1863400,0,3612,0,5,0,0,0,0,0,0
5,816884773,18928,852400,1861900,3879500,10022600,16616400,16719950,1790,3726250,811550,649000,0,2972,0,5,0,0,0,0,0,0
6,1339236364,18929,846350,3157500,4984800,7622850,16611500,16719050,1360,4816200,2322000,2150150,0,3612,0,5,0,0,0,0,0,0
7,3072959373,18930,858950,2968300,5242750,7535150,16605150,16718450,1389,5083600,1486500,1322850,0,3612,0,5,0,0,0,0,0,0
8,1782884746,18931,854100,2599750,4007850,9148100,16609800,16720450,1707,3835100,802800,650150,0,2972,0,5,0,0,0,0,0,0
9,30296781,18932,1496450,2228250,5991450,7164650,16880800,16986800,1359,5805300,2348000,2180500,0,4252,0,5,0,0,0,0,0,0
10,4026418858,18933,845000,2207700,5568500,7724950,16346150,16451850,1477,5397100,1990950,1835050,0,4252,0,5,0,0,0,0,0,0
11,2084929051,18934,848250,1861750,5391800,8512600,16614400,16719650,1615,5227200,2231750,2067100,0,3612,0,5,0,0,0,0,0,0
12,3114489770,18935,841900,3078000,5232300,7464700,16616900,16720000,1400,5062150,1670950,1514850,0,3932,0,5,0,0,0,0,0,0
13,891400471,18936,847650,2967400,5444300,7352200,16611550,16717800,1337,5278050,1664050,1502950,0,3932,0,5,0,0,0,0,0,0
14,3472773456,18937,1649200,1894800,3894750,8388000,15826750,16719800,1516,3726350,809950,651700,0,2972,0,5,0,0,0,0,0,0
15,3010688243,18938,1354500,2192000,5595950,7468600,16611050,16715900,1426,5419100,2035200,1868250,0,3612,0,5,0,0,0,0,0,0
16,2819524756,18939,851750,2190200,5399400,8177750,16619100,16720050,1574,5221200,1899250,1743800,0,3612,0,5,0,0,0,0,0,0
17,3241678401,18940,850950,1851600,3797600,10119600,16619750,16722050,1810,2846600,802400,650400,0,2972,0,5,0,0,0,0,0,0
18,2154316504,18941,844150,3004250,5144700,7621150,16614250,16718950,1405,4987650,1478250,1318900,0,3612,0,5,0,0,0,0,0,0
19,772262681,18942,844950,3262000,5033850,7468550,16609350,16717150,1354,4867350,1483000,1321050,0,3612,0,5,0,0,0,0,0,0
20,3882818750,18943,1499100,1870150,3866800,9856400,17092450,17202800,1771,3700500,796550,644850,0,2972,0,5,0,0,0,0,0,0
21,521131153,18944,840400,2203150,5500550,7590550,16134650,16237250,1450,5328850,1912550,1747350,0,3612,0,5,0,0,0,0,0,0
22,1838187414,18945,846450,2199900,5176200,8390700,16613250,16717250,1620,4992350,1698900,1543750,0,3612,0,5,0,0,0,0,0,0
23,840574439,18946,864050,2722800,3860150,9166200,16613200,16720200,1790,3690950,1635000,1474500,0,2972,0,5,0,0,0,0,0,0
24,2879461878,18947,859200,3601050,6338100,5816950,16615300,16718700,1150,6150750,1731150,1575500,0,3612,0,5,0,0,0,0,0,0
25,202086035,18948,851950,2971250,5021250,7770850,16615300,16719200,1423,4848600,1479950,1329400,0,3612,0,5,0,0,0,0,0,0
26,959703924,18949,1414750,1856600,3819150,9556200,16646700,16760200,1730,3650550,789800,646950,0,2972,0,5,0,0,0,0,0,0
27,3795724423,18950,858100,2205400,5605100,7905500,16574100,16680200,1518,5440450,1898350,1732300,0,3612,0,5,0,0,0,0,0,0
28,2500539904,18951,845200,3162000,4484750,8121650,16613600,16717100,1555,4311850,1869150,1681250,0,3612,0,5,0,0,0,0,0,0
29,2269000541,18952,843950,2642750,3917300,9211950,16615950,16722450,1792,3748650,1699650,1525500,0,2972,0,5,0,0,0,0,0,0
30,1900681108,18953,858250,2970600,5253800,7530450,16613100,16719700,1377,5080600,1475500,1315400,0,3612,0,5,0,0,0,0,0,0
31,3680168245,18954,1520250,2235750,6065450,6779150,16600600,16715500,1337,5881400,2504750,2346750,0,3612,0,5,0,0,0,0,0,0
32,2344329490,18955,851850,1886300,3830350,9615300,16183800,16720500,1737,3663400,803450,648250,0,2972,0,5,0,0,0,0,0,0
33,2130650181,18956,852350,2203150,5544850,8012550,16612900,16717950,1528,5383100,1916300,1733250,0,4252,0,5,0,0,0,0,0,0
34,906966818,18957,839450,3123750,5050450,7599650,16613300,16719350,1439,4887150,1500450,1336700,0,4252,0,5,0,0,0,0,0,0
35,3939376531,18958,850500,2638050,4427250,8695000,16610800,16719750,1678,4257550,2127150,1938050,0,3612,0,5,0,0,0,0,0,0
36,2110688546,18959,845100,2950100,4900250,7920100,16615550,16720850,1419,4724550,1324500,1164950,0,3932,0,5,0,0,0,0,0,0
37,2695523007,18960,879650,3278350,4904350,6242450,15304800,16837150,1148,4739600,2165750,1983550,0,3932,0,5,0,0,0,0,0,0
38,744447992,18961,847550,1859100,3849200,9937150,16493000,16601850,1807,3689450,798000,647200,0,2972,0,5,0,0,0,0,0,0
39,3728640411,18962,853300,3102850,4501700,8152550,16610400,16718500,1526,4327100,1801350,1626800,0,3612,0,5,0,0,0,0,0,0
40,618879740,18963,847350,2979900,4752350,8038750,16618350,16718200,1525,4571600,1254350,1098750,0,3612,0,5,0,0,0,0,0,0
41,1239708057,18964,852950,2590000,3918000,9258150,16619100,16721350,1792,3751150,804200,643900,0,2972,0,5,0,0,0,0,0,0
42,2429742208,18965,1514000,2237150,4719450,8140700,16611300,16716800,1471,4542750,1246500,1097000,0,3612,0,5,0,0,0,0,0,0
43,412095716,18966,1329800,2216750,5475350,7668150,16690050,16801300,1410,5309150,1913100,1743700,0,3612,0,5,0,0,0,0,0,0
44,1226741467,18967,866000,1860350,3833150,9976100,16535600,16640800,1814,3664650,802250,644800,0,2972,0,5,0,0,0,0,0,0
45,3288446148,18968,851500,3117500,4784250,7856300,16609550,16717200,1469,4612950,2096350,1083350,0,3612,0,5,0,0,0,0,0,0
46,1157984843,18969,840850,2989800,4936400,7845550,16612600,16719550,1454,4761200,1253950,1096650,0,3612,0,5,0,0,0,0,0,0
47,3877288378,18970,866800,2603050,4015650,9118250,16603750,16717300,1733,3851050,803150,644750,0,2972,0,5,0,0,0,0,0,0
48,4236526315,18971,1416450,2243050,4719950,8582200,16961650,17065700,1482,4539650,1249000,1098500,0,3612,0,5,0,0,0,0,0,0
49,533834014,18972,855600,2214100,5480650,7713350,16263700,16373850,1478,5319500,1908200,1740600,0,3612,0,5,0,0,0,0,0,0
50,1649361089,18973,845200,1870750,3830450,10069700,16616100,16719700,1832,3666050,800350,642750,0,2972,0,5,0,0,0,0,0,0
51,2486981906,18974,849900,3071900,4949350,7737700,16608850,16717900,1439,4780750,1257600,1097800,0,3612,0,5,0,0,0,0,0,0
52,1706075277,18975,848800,3124300,4902450,7737600,16613150,16719550,1426,4732350,1257200,1098700,0,3612,0,5,0,0,0,0,0,0
53,267972368,18976,1533150,1908900,3939300,9227550,16608900,16722850,1754,3772100,799550,639650,0,2972,0,5,0,0,0,0,0,0
54,3895401273,18977,1348500,2240100,5489950,7686150,16764700,16873900,1135,5320650,2031450,1867050,0,3612,0,5,0,0,0,0,0,0
55,605985656,18978,870000,2246500,5350750,7977700,16444950,16561100,1529,5162400,1674600,1500900,0,3612,0,5,0,0,0,0,0,0
56,4077673024,18979,899500,8034000,8154550,16257350,33345400,33440850,3127,7975850,1384450,1230850,0,6632,0,5,0,0,0,0,0,0
57,985632231,18980,889650,8118850,16074900,8546850,33630250,33733850,1492,15898300,1662050,1487400,0,7312,0,5,0,0,0,0,0,0
58,3720590956,18981,881750,2296300,5479300,7656750,16314100,16424250,1465,5310650,1913700,1757750,0,3652,0,5,0,0,0,0,0,0
59,3264032585,18982,903700,1894050,3876950,9933500,16608200,16717250,1764,3720350,801000,647000,0,2972,0,5,0,0,0,0,0,0
60,395405688,18983,887850,3107500,4764000,7854500,16613850,16721200,1486,4587400,1249400,1101800,0,3612,0,5,0,0,0,0,0,0
61,32142420,18984,1745200,2309900,4806250,6975600,15836950,16717400,1244,4622950,1253450,1100150,0,3612,0,5,0,0,0,0,0,0
62,1187067055,18985,890300,2610350,3968200,9140450,16609300,16720400,1701,3791950,794950,651600,0,2972,0,5,0,0,0,0,0,0
63,459140908,18986,1421050,2219000,5586500,7386750,16613300,16718150,1411,5417400,2018300,1858300,0,3612,0,5,0,0,0,0,0,0
64,3369786495,18987,886800,2217700,5401150,8115000,16620650,16722500,1564,5227850,1892300,1735750,0,3612,0,5,0,0,0,0,0,0
65,1572434254,18988,884600,1882650,3805050,10043400,16615700,16717500,1785,2848250,801550,649350,0,2972,0,5,0,0,0,0,0,0
66,4107798823,18989,875400,3007950,4914450,7811700,16609500,16717100,1383,4748250,1253550,1103650,0,3612,0,5,0,0,0,0,0,0
67,343968250,18990,892450,3047700,4889000,7785450,16614600,16721250,1431,4724650,1261350,1101450,0,3612,0,5,0,0,0,0,0,0
68,3102454017,18991,1531350,1899750,3871600,9716100,17018800,17126500,1734,3688450,802300,651900,0,2972,0,5,0,0,0,0,0,0
69,3051095563,18992,897200,2252100,5476950,7576200,16202450,16313350,1450,5313650,1898500,1731450,0,3612,0,5,0,0,0,0,0,0
70,2391331016,18993,877850,2224800,5105900,8402700,16611250,16718850,1626,4082850,1630650,1477050,0,3612,0,5,0,0,0,0,0,0
71,3869016117,18994,888050,2759500,3863700,9103750,16615000,16720100,1748,3692100,1633850,1476900,0,2972,0,5,0,0,0,0,0,0
72,1579800804,18995,884800,3027050,4926400,7780600,16618850,16718950,1436,4754350,1246650,1097000,0,3612,0,5,0,0,0,0,0,0
73,2792341157,18996,895050,3013600,4797200,7900100,16605950,16716400,1448,4619150,1255550,1095850,0,3612,0,5,0,0,0,0,0,0
74,714702942,18997,1436950,1877150,3829500,9672500,16816100,16925450,1728,3656900,788350,647700,0,2972,0,5,0,0,0,0,0,0
75,1092538936,18998,883100,2246600,5275650,8002450,16407800,16514850,1541,5112300,1688650,1530150,0,3612,0,5,0,0,0,0,0,0
76,1561271239,18999,879650,3183000,4792600,7762750,16618000,16719850,1479,4619700,2087600,1037600,0,4252,0,5,0,0,0,0,0,0
77,3798074098,19000,902750,2653400,4134650,8924250,16615050,16720950,1730,3967750,1827050,1649200,0,3612,0,5,0,0,0,0,0,0
78,3022639071,19001,882750,3154950,5094500,7477550,16609750,16716200,1363,4927200,1481750,1329800,0,4252,0,5,0,0,0,0,0,0
79,2282770062,19002,1556600,2250200,5990550,6812050,16609400,16721800,1365,5802850,2126800,1961250,0,3932,0,5,0,0,0,0,0,0
80,1626512457,19003,886050,1899800,4114000,9298900,16198750,16719150,1671,3950800,1078800,928300,0,3292,0,5,0,0,0,0,0,0
81,3156888026,19004,889450,2229750,5373000,8116100,16608300,16715700,1556,5202450,1683850,1503100,0,3612,0,5,0,0,0,0,0,0
82,3038824309,19005,877450,3143000,4943850,7651500,16615800,16721750,1450,4781700,2346500,1319600,0,3612,0,5,0,0,0,0,0,0
83,1261846460,19006,890950,2678250,5258950,7781400,16609550,16718550,1429,5072450,3017400,2820500,0,2972,0,5,0,0,0,0,0,0
84,2035201521,19007,1720050,2279150,5527300,6313300,15839800,16719550,1258,5359050,1915550,1758400,0,3612,0,5,0,0,0,0,0,0
85,2164446652,19008,1489550,2252650,5748900,7281400,16772500,16872850,1388,5574400,2218850,2058900,0,3612,0,5,0,0,0,0,0,0
86,2017191835,19009,881500,1896600,3830950,9856400,16465450,16565450,1792,3662450,804800,645450,0,2972,0,5,0,0,0,0,0,0
87,3029138484,19010,884300,3204250,4866350,7658050,16612950,16720750,1450,4693700,2173150,1997900,0,3612,0,5,0,0,0,0,0,0
88,50355403,19011,880700,3026650,4942700,7769400,16619450,16719850,1463,4774950,1473400,1328100,0,3612,0,5,0,0,0,0,0,0
89,654213990,19012,892900,2621200,3915100,9190550,16619750,16719150,1776,3747800,799900,647750,0,2972,0,5,0,0,0,0,0,0
90,2360099787,19013,1543950,2279700,4928750,7860650,16613050,16717550,1402,4758850,1470600,1320750,0,3612,0,5,0,0,0,0,0,0
91,2424818746,19014,1366550,2259350,5473400,7509150,16608450,16717350,1344,5308250,1906200,1740850,0,3612,0,5,0,0,0,0,0,0
92,1971386461,19015,897850,1891550,3845900,9981000,16616300,16720900,1809,3679500,799150,648650,0,2972,0,5,0,0,0,0,0,0
93,3386045126,19016,889400,3156300,5012050,7554400,16612150,16721000,1395,4847350,1486150,1321900,0,3612,0,5,0,0,0,0,0,0
94,1429641961,19017,881750,3043350,5155300,7535650,16616050,16719400,1387,4979150,1473250,1322500,0,3612,0,5,0,0,0,0,0,0
95,3022846880,19018,897800,2635350,4007100,9068000,16608250,16719250,1722,3845400,804850,648150,0,2972,0,5,0,0,0,0,0,0
96,1601897261,19019,1460500,2265050,5700250,7463750,16889550,16994050,1389,5518850,2236400,2081200,0,3612,0,5,0,0,0,0,0,0
97,1229951528,19020,882300,2256800,5487300,7718300,16344700,16443650,1478,5320500,1913350,1749050,0,3612,0,5,0,0,0,0,0,0
98,4065171759,19021,878850,1891850,3849650,9994050,16614400,16719300,1812,3679750,805100,647900,0,2972,0,5,0,0,0,0,0,0
99,1034325744,19022,889450,3083350,5215450,7420600,16608850,16717950,1337,5040900,1482450,1330500,0,3612,0,5,0,0,0,0,0,0
100,14078671,19023,873900,3033550,5473400,7237100,16617950,16721200,1312,5304350,1703750,1553450,0,4252,0,5,0,0,0,0,0,0
101,4024270554,19024,1587350,1931000,4697300,8391050,16606700,16718700,1566,4531700,1479300,1329300,0,3612,0,5,0,0,0,0,0,0
102,896191351,19025,1360850,2252350,5700000,7367050,16680250,16784900,1375,5519200,2132950,1976250,0,4252,0,5,0,0,0,0,0,0
103,2131384102,19026,893350,2244200,5317200,8096950,16551700,16654950,1563,5155050,1687250,1531350,0,3932,0,5,0,0,0,0,0,0
104,2586210593,19027,892300,3032650,3854100,8835550,16614600,16718050,1719,3674700,1638700,1482000,0,3292,0,5,0,0,0,0,0,0
105,591918370,19028,887250,3021800,5200250,7505700,16615000,16718300,1384,5041850,1481800,1316000,0,3612,0,5,0,0,0,0,0,0
106,8814317,19029,879700,3152500,5017800,7556800,16606800,16718300,1377,4855100,1481400,1331400,0,3612,0,5,0,0,0,0,0,0
107,2340504196,19030,941100,1932850,3894450,8661300,15429700,17051100,1526,3727550,798650,644050,0,2972,0,5,0,0,0,0,0,0
108,3523076009,19031,889850,2237350,5431600,7727300,16286100,16389500,1482,5255250,1883400,1732200,0,3612,0,5,0,0,0,0,0,0
109,1961669028,19032,885600,3199600,4427150,8107850,16620200,16719450,1558,4237400,1704700,1531550,0,3612,0,5,0,0,0,0,0,0
110,1037581603,19033,879450,2755800,3858450,9123300,16617000,16719000,1783,3691400,1664350,1512150,0,2972,0,5,0,0,0,0,0,0
111,2701024588,19034,893550,2981750,5234400,7509550,16619250,16719300,1377,5085200,1489800,1326300,0,3612,0,5,0,0,0,0,0,0
112,215037203,19035,891250,3006700,5911800,6799600,16609350,16718250,1363,5731800,2221750,1333450,0,3612,0,5,0,0,0,0,0,0
113,3696282862,19036,1420200,1888800,3869000,10850400,18028400,18131850,1711,3696700,796800,646150,0,2972,0,5,0,0,0,0,0,0
114,2829142928,19037,910600,3125750,5218800,5933700,15188850,15308800,1044,5049000,1482600,1332650,0,3612,0,5,0,0,0,0,0,0
115,3204762949,19038,894000,3209750,5140600,7369200,16613550,16715700,1390,4969750,2428800,2251450,0,3612,0,5,0,0,0,0,0,0
116,3297489190,19039,882600,2670350,3889850,9177450,16620250,16722400,1704,3717650,1693350,1525650,0,2972,0,5,0,0,0,0,0,0
117,1691704917,19040,895100,2999250,5160950,7564800,16620100,16724850,1272,5003650,1484550,1322250,0,3612,0,5,0,0,0,0,0,0
118,663957814,19041,7509300,3626850,5185550,16997950,33319650,33434250,3174,5015500,1493000,1336900,0,3612,0,5,0,0,0,0,0,0
119,3058583827,19042,899450,1884900,3897300,9926450,16608100,16717700,1804,3725350,798450,644900,0,2972,0,5,0,0,0,0,0,0
120,838545270,19043,874850,3137500,4989500,7611600,16613450,16720150,1087,4833350,1476000,1332400,0,3612,0,5,0,0,0,0,0,0
121,3608912039,19044,898750,3441950,5186900,7080300,16607900,16719400,1276,5020150,1484850,1323700,0,3612,0,5,0,0,0,0,0,0
122,4080159716,19045,880400,2622350,3995550,9106000,16604300,16715650,1732,3822850,786550,644400,0,2972,0,5,0,0,0,0,0,0
123,1056027075,19046,1410550,2262200,5554700,7521900,16749350,16855300,1403,5381350,1992050,1835150,0,3612,0,5,0,0,0,0,0,0
124,4057021248,19047,875000,2254750,5563300,7793450,16486500,16587050,1497,5389100,1987100,1833050,0,4252,0,5,0,0,0,0,0,0
125,2686741161,19048,884200,1886650,5134850,8711800,16617500,16719750,1699,4977400,2015600,1860450,0,3612,0,5,0,0,0,0,0,0
126,3870849660,19049,868600,3043350,5448600,7252050,16612600,16718800,1301,5278950,1705150,1555800,0,4252,0,5,0,0,0,0,0,0
127,293449641,19050,891700,3040000,5402450,7278650,16612800,16718450,1323,5226800,1660350,1500850,0,3932,0,5,0,0,0,0,0,0
128,596064266,19051,1829950,1924500,4104500,8746500,16605450,16718950,1638,3933950,1064850,920550,0,3292,0,5,0,0,0,0,0,0
129,3715495249,19052,1352200,2265550,5438450,7556550,16612750,16719350,1416,5268800,1890500,1735750,0,3612,0,5,0,0,0,0,0,0
130,244680018,19053,912100,3235300,4977500,6707200,15832100,16719650,1240,4812550,1475750,1323100,0,3612,0,5,0,0,0,0,0,0
131,4080661783,19054,904450,2789950,3895000,9026100,16615500,16719000,1765,3724600,1682300,1527600,0,2972,0,5,0,0,0,0,0,0
132,4006730450,19055,888400,3013450,5133200,7583050,16618100,16717550,1400,4961100,1471800,1324400,0,3612,0,5,0,0,0,0,0,0
133,3864584507,19056,894200,3150150,5041550,7527350,16613250,16722250,1367,4869150,1475150,1318650,0,3612,0,5,0,0,0,0,0,0
134,2711027320,19057,1439800,1887300,3847950,9622250,16797300,16906600,1749,3671950,791050,651350,0,2972,0,5,0,0,0,0,0,0
135,4099079087,19058,894950,2243050,5441000,7846650,16425650,16532050,1507,5279500,1881700,1727150,0,3612,0,5,0,0,0,0,0,0
136,565333772,19059,888900,3283900,4390400,8051700,16614900,16716350,1540,4210350,1777100,733800,0,3612,0,5,0,0,0,0,0,0
137,1028518269,19060,883000,2716250,3905600,9113900,16618750,16718050,1774,3739650,1691850,1511600,0,2972,0,5,0,0,0,0,0,0
138,2252688136,19061,897000,3025850,5144850,7548700,16616400,16719550,1385,4964600,1475500,1316300,0,3612,0,5,0,0,0,0,0,0
139,578597309,19062,1577450,2292950,5897700,6836600,16604700,16719800,1374,5710600,2211950,2058100,0,3612,0,5,0,0,0,0,0,0
140,3624439358,19063,1366600,1902800,3816100,9531300,16616800,16718700,1640,3641350,789450,648500,0,2972,0,5,0,0,0,0,0,0
141,3514067501,19064,899550,2255750,5268900,8189200,16613400,16720900,1582,5100850,1703900,1540550,0,3612,0,5,0,0,0,0,0,0
142,2741972910,19065,868100,3183750,5063550,7496850,16612250,16718150,1414,4895750,2448150,2281450,0,3612,0,5,0,0,0,0,0,0
143,28497579,19066,894100,2650300,3898050,9177500,16619950,16724650,1389,3735200,1682150,1508800,0,2972,0,5,0,0,0,0,0,0
144,466729326,19067,900200,3043400,5013150,7643700,16600450,16716050,1396,4842750,1487500,1329800,0,3612,0,5,0,0,0,0,0,0
145,3425349295,19068,1518150,2284000,5915900,7166550,16884600,16997750,1356,5728550,2357250,2199400,0,3612,0,5,0,0,0,0,0,0
146,1537640620,19069,883400,1909850,3822650,9726200,16342100,16442400,1764,3652400,793650,644950,0,2972,0,5,0,0,0,0,0,0
147,1853842891,19070,887550,3096700,4414250,8207700,16606200,16715200,1576,4238550,1725750,1552700,0,3612,0,5,0,0,0,0,0,0
148,1177024904,19071,872800,3051800,5065350,7629150,16619100,16722050,1398,4894200,1474400,1328050,0,4252,0,5,0,0,0,0,0,0
149,4106734849,19072,884500,2627800,4485700,8614250,16612250,16718050,1653,4314300,1264100,1106300,0,3612,0,5,0,0,0,0,0,0
150,2025356500,19073,880250,2955200,5028900,7751850,16616200,16720850,1413,4854050,1494000,1333450,0,4252,0,5,0,0,0,0,0,0
151,2189605121,19074,1388200,2274100,5571200,7375000,16608500,16720000,1367,5398900,1964200,1806200,0,3932,0,5,0,0,0,0,0,0
152,4086136290,19075,886350,1883850,4110850,9732300,16613350,16716300,1699,3944050,1073250,923650,0,3292,0,5,0,0,0,0,0,0
153,4036669705,19076,896600,3196250,4804200,7714650,16611700,16721150,1468,4637450,2091900,1077450,0,3612,0,5,0,0,0,0,0,0
154,4167980074,19077,907150,3189150,4758700,6983800,15838800,16719250,1219,4583450,1254100,1097600,0,3612,0,5,0,0,0,0,0,0
155,51187407,19078,896750,2662600,4069850,8979950,16609150,16718900,1704,3901650,801900,645400,0,2972,0,5,0,0,0,0,0,0
156,2242638442,19079,1533750,2303750,4732050,8412950,16982500,17084500,1477,4548950,1266750,1107850,0,3612,0,5,0,0,0,0,0,0
157,2730108163,19080,888250,2281550,5480000,7594950,16244750,16355400,1424,5316250,1903000,1743450,0,3612,0,5,0,0,0,0,0,0
158,2718743917,19081,883750,1886550,3860900,9984200,16615400,16717950,1813,3688350,799900,651250,0,2972,0,5,0,0,0,0,0,0
159,3391709842,19082,886200,3151650,4908800,7659600,16606250,16718000,1430,4737150,1254650,1101050,0,3612,0,5,0,0,0,0,0,0
160,1164604273,19083,887200,3021150,4898000,7809650,16616000,16718050,1444,4728300,1250850,1102850,0,3612,0,5,0,0,0,0,0,0
161,2148591176,19084,891500,2774250,3934950,9011450,16612150,16722150,1706,3762300,799500,643650,0,2972,0,5,0,0,0,0,0,0
162,4192737573,19085,1426650,2278700,5520300,7445200,16670850,16774450,1422,5345700,2024350,1867250,0,3612,0,5,0,0,0,0,0,0
163,535584840,19086,899000,2295350,5442300,7918800,16555450,16662900,1524,5283300,1884350,1726950,0,3612,0,5,0,0,0,0,0,0
164,3430794475,19087,889650,1913550,3911400,9903900,16618500,16720300,1795,2801400,795950,649850,0,2972,0,5,0,0,0,0,0,0
165,776323552,19088,903700,3037750,5274650,7392900,16609000,16716600,1349,5097600,1244150,1093950,0,3612,0,5,0,0,0,0,0,0
166,3330991427,19089,885300,3025550,4881800,7818550,16611200,16720250,1441,4712900,1252400,1104100,0,3612,0,5,0,0,0,0,0,0
167,3282074430,19090,1572500,1934400,4049950,9052000,16608850,16720900,1708,3876150,795800,648700,0,2972,0,5,0,0,0,0,0,0
168,2597814595,19091,886900,2290700,5391100,7619950,16188650,16719900,1457,5220100,1895250,1739150,0,3612,0,5,0,0,0,0,0,0
169,2225601370,19092,898400,2282950,5168100,8267800,16617250,16718900,1596,4169750,1640250,1482450,0,3612,0,5,0,0,0,0,0,0
170,3716853465,19093,889500,2798750,4012250,8910100,16610600,16716750,1731,3839200,1815850,1667200,0,2972,0,5,0,0,0,0,0,0
171,1080675697,19094,928700,7745950,8885650,15774100,33334400,33440300,2974,8716100,1589550,1432950,0,7272,0,5,0,0,0,0,0,0
172,219920238,19095,1440700,8271550,8878300,14744400,33334950,33442500,2421,8707150,2333150,2149950,0,7312,0,5,0,0,0,0,0,0
173,3070385651,19096,895050,1960100,3876600,9866750,16598500,16714500,1791,2926150,804050,654200,0,3012,0,5,0,0,0,0,0,0
174,2609556270,19097,885300,3018300,4794200,7911050,16608850,16719000,1455,4620250,1253450,1110850,0,3612,0,5,0,0,0,0,0,0
175,141401383,19098,884900,3021550,4963500,7745250,16615200,16718750,1365,4794950,1255850,1097500,0,3612,0,5,0,0,0,0,0,0
176,3034105280,19099,2139800,1927850,10528350,2011200,16607200,16719050,427,10349850,1971700,1783450,0,2972,0,5,0,0,0,0,0,0
177,3029196371,19100,1535500,2274900,5470500,7338250,16619150,16721350,1361,5291650,1906350,1747450,0,3612,0,5,0,0,0,0,0,0
178,699378668,19101,886550,2250500,5364100,8117850,16619000,16719300,1566,5192550,1889150,1736000,0,3612,0,5,0,0,0,0,0,0
179,2402609405,19102,893400,2738100,3895650,9089100,16616250,16718100,1783,2846100,801350,651350,0,2972,0,5,0,0,0,0,0,0
CSV_END

STUDY_DONE_d51233bfd329=0
# 