/tmp/app --transport apb --frames 30 --warmup 6 --wait spin --profile detailed --csv /tmp/probe.csv --dump /tmp/probe.raw && printf "CSV_BEGIN\n" && cat /tmp/probe.csv && printf "CSV_END\n"; study_status=$?; printf "\nSTUDY_DONE_3242b52498a8=%s\n" "$study_status"
TRANSPORT mode=apb dma_minimum=64
BEGIN_BREAKOUT frames=30 warmup=6 fixed=0 blocks=40 tiles=1 hud=1 wait=spin replay=0 state_frame=0 profile=detailed pixel_centers=1 clock_call_ns=5533
HW_COUNTERS unavailable
RESULT frames=30 elapsed_s=2.090184850 fps=14.352798 logic_ms=0.917718 api_ms=21.819175 swap_ms=42.140543 wait_ms=4.625738 worker_inclusive_ms=41.941503 upload_inclusive_ms=8.821815 write_ms=8.518925 bytes_per_frame=33732.00 p50_ms=66.877350 p95_ms=83.597100 max_ms=83.601700 late_60hz=30 first_count=11 last_count=40 state_hash=30b0ac25 remaining=40 score=0
RENDER_PATH retained=0 grouped=0 quads=2310 full_frames=30
FRAME_CHECK count=40 address=9fe00000 fnv1a=63e15fd3 pixels=307200 mismatches=0
BREAKOUT_PASS
CSV_BEGIN
frame,state_hash,display_count,logic_ns,api_ns,swap_ns,wait_ns,total_ns,completion_interval_ns,polls,worker_inclusive_ns,upload_inclusive_ns,write_ns,read_ns,write_bytes,read_bytes,write_calls,read_calls,dma_copy_ns,dma_launch_ns,dma_completion_wait_ns,dma_bytes,dma_lists
0,800621675,11,837550,23822850,44606900,14275000,83542300,83555050,1946,44421300,11726650,11448550,0,34372,0,5,0,0,0,0,0,0
1,1196341280,12,811450,22346350,42102750,1481200,66741750,66873800,188,41920400,8632050,8372250,0,34372,0,5,0,0,0,0,0,0
2,111313565,13,822050,21557650,41968650,2406150,66754500,66876900,510,41795900,9201100,8936000,0,34372,0,5,0,0,0,0,0,0
3,903264866,14,1472550,21679250,41872250,1742700,66766750,66876300,368,41105650,8599250,8354700,0,34372,0,5,0,0,0,0,0,0
4,1649729059,15,813450,22550750,42034700,1367600,66766500,66880150,160,41857300,8957850,8713750,0,34372,0,5,0,0,0,0,0,0
5,3799295956,16,803800,22488350,41814050,1355850,66462050,67333350,160,41632600,8634200,8383650,0,34372,0,5,0,0,0,0,0,0
6,1787088645,17,821450,21582750,41989050,1904200,66297450,66417900,402,41810600,9198450,8923450,0,34372,0,5,0,0,0,0,0,0
7,3856092886,18,767600,22279300,44206700,16236100,83489700,83597100,3117,44034000,8906100,8652350,0,34372,0,5,0,0,0,0,0,0
8,2569590663,19,825050,22237300,45738650,14684650,83485650,83598050,2754,45555050,8503150,8247700,0,34372,0,5,0,0,0,0,0,0
9,1319145384,20,781100,22292650,41716400,1970150,66760300,66876350,295,41538200,8596700,8335950,0,34372,0,5,0,0,0,0,0,0
10,308781753,21,819650,21543450,42592150,1802300,66757550,66876050,381,42405600,8501850,8256850,0,34372,0,5,0,0,0,0,0,0
11,534876330,22,769450,21714350,41819750,1906600,66210150,66877300,403,41645300,9194800,8936700,0,34372,0,5,0,0,0,0,0,0
12,1347127931,23,818600,22321900,41576450,2055750,66772700,66878550,311,41393350,8715600,8453950,0,34372,0,5,0,0,0,0,0,0
13,3374043756,24,775750,22211000,42020900,1753250,66760900,66876500,253,41844300,8628100,8369250,0,34372,0,5,0,0,0,0,0,0
14,3600138333,25,817650,21548100,43951550,444200,66761500,66874950,89,43764550,8602900,8344450,0,34372,0,5,0,0,0,0,0,0
15,2243820206,26,1549250,21684750,50568950,9692350,83495300,83601700,1901,50387950,9317200,8190700,0,34372,0,5,0,0,0,0,0,0
16,2573882207,27,1455400,21418450,42619050,1263550,66756450,66871050,265,42453050,9208100,8382300,0,34372,0,5,0,0,0,0,0,0
17,4228458496,28,767950,22476100,41528150,1998900,66771100,66881450,305,41351200,8582400,8327500,0,34372,0,5,0,0,0,0,0,0
18,3421020113,29,818200,21712550,41961450,2266250,66758450,66876000,480,41776050,8438700,8203800,0,34372,0,5,0,0,0,0,0,0
19,3199738754,30,1411600,21475400,42500400,1379450,66766850,66876400,289,42321100,9215900,8955750,0,34372,0,5,0,0,0,0,0,0
20,2637397779,31,815500,22378100,41676550,1902700,66772850,66877350,274,41492750,8593750,8333250,0,34372,0,5,0,0,0,0,0,0
21,3274367876,32,780000,22400300,41505000,3619100,68304400,68420150,371,41326500,8648550,8392350,0,34372,0,5,0,0,0,0,0,0
22,270716021,33,842150,22940100,42185650,15955600,81923500,82056700,3055,42016700,8648350,8405400,0,34372,0,5,0,0,0,0,0,0
23,2501492294,34,774700,21751650,41932600,1870650,66329600,66873250,395,41756950,9209700,8940250,0,34372,0,5,0,0,0,0,0,0
24,3724779174,35,729400,21416950,38748650,5879500,66774500,66877400,1054,38569600,8385600,8139750,0,31172,0,5,0,0,0,0,0,0
25,1709657109,36,884350,20545450,39656150,5670900,66756850,66876650,1014,39472700,8206300,7959350,0,31172,0,5,0,0,0,0,0,0
26,1894904752,37,854750,20539750,39403200,5961900,66759600,66877000,1174,39218050,8163650,7933300,0,31172,0,5,0,0,0,0,0,0
27,3703759967,38,1434400,20675400,39206300,5441450,66757550,66877450,1068,39029400,8967900,8704600,0,31172,0,5,0,0,0,0,0,0
28,19533624,39,849350,20452050,39599200,5861800,66762400,66880950,1052,39414250,8207800,7957800,0,31172,0,5,0,0,0,0,0,0
29,816884773,40,807400,20532250,41114100,4622350,67076100,67193050,783,40934750,8261800,8012100,0,31172,0,5,0,0,0,0,0,0
CSV_END

STUDY_DONE_3242b52498a8=0
# 