/tmp/app --transport dma --frames 30 --warmup 6 --wait spin --profile detailed --csv /tmp/probe.csv --dump /tmp/probe.raw && printf "CSV_BEGIN\n" && cat /tmp/probe.csv && printf "CSV_END\n"; study_status=$?; printf "\nSTUDY_DONE_a76882a7fc9e=%s\n" "$study_status"
TRANSPORT mode=dma dma_minimum=64
BEGIN_BREAKOUT frames=30 warmup=6 fixed=0 blocks=40 tiles=1 hud=1 wait=spin replay=0 state_frame=0 profile=detailed pixel_centers=1 clock_call_ns=5535
HW_COUNTERS unavailable
RESULT frames=30 elapsed_s=2.541287600 fps=11.805039 logic_ms=0.894250 api_ms=21.634257 swap_ms=56.556192 wait_ms=5.485797 worker_inclusive_ms=56.384160 upload_inclusive_ms=23.224098 write_ms=19.532973 bytes_per_frame=33732.00 p50_ms=83.596650 p95_ms=83.947650 max_ms=100.392200 late_60hz=30 first_count=64 last_count=93 state_hash=30b0ac25 remaining=40 score=0
RENDER_PATH retained=0 grouped=0 quads=2310 full_frames=30
FRAME_CHECK count=93 address=9fe00000 fnv1a=63e15fd3 pixels=307200 mismatches=0
BREAKOUT_PASS
CSV_BEGIN
frame,state_hash,display_count,logic_ns,api_ns,swap_ns,wait_ns,total_ns,completion_interval_ns,polls,worker_inclusive_ns,upload_inclusive_ns,write_ns,read_ns,write_bytes,read_bytes,write_calls,read_calls,dma_copy_ns,dma_launch_ns,dma_completion_wait_ns,dma_bytes,dma_lists
0,800621675,64,1481750,21406150,56871750,3783850,83543500,83554500,552,56694500,23512250,19959750,0,34372,0,5,0,19735900,50800,3817800,34560,5
1,1196341280,65,783700,22030650,59085400,1578500,83478250,83592300,209,58916650,23497650,19928450,0,34372,0,5,0,19706550,50150,3786100,34560,5
2,111313565,66,820000,22417100,56188700,4065900,83491700,83595700,645,56014350,23301450,19732400,0,34372,0,5,0,19492450,53900,3780650,34560,5
3,903264866,67,778350,22620650,56277350,3809700,83486050,83598250,588,56106600,23103150,19545550,0,34372,0,5,0,19306000,52650,3777750,34560,5
4,1649729059,68,840550,22505550,56568650,3568850,83483600,83595950,540,56397650,23669000,19696100,0,34372,0,5,0,19453800,58750,4195050,34560,5
5,3799295956,69,776400,21517500,57777650,3412450,83484000,83597600,504,57608150,23674250,20106400,0,34372,0,5,0,19879150,51700,3788550,34560,5
6,1787088645,70,831800,21504650,56321750,4820900,83479100,83595700,769,56149850,22792000,18852500,0,34372,0,5,0,18634000,46850,4425050,34560,5
7,3856092886,71,775150,21661400,58845650,2555250,83837450,83947650,319,58673050,26165100,22599950,0,34372,0,5,0,22363050,55750,3778400,34560,5
8,2569590663,72,834800,21853550,64124300,13042750,99855400,99967000,2297,63947100,23546600,19986200,0,34372,0,5,0,19764750,51050,3818950,34560,5
9,1319145384,73,782400,21545850,56398750,5104200,83831200,83944350,785,56223450,23519100,19964550,0,34372,0,5,0,19743000,50500,3800900,34560,5
10,308781753,74,841050,21739250,56618400,3934200,83132900,83245850,663,56446850,22860050,18955700,0,34372,0,5,0,18736300,48200,4379800,34560,5
11,534876330,75,1330200,21601250,55594550,4956650,83482650,83597450,805,55418500,22761550,19076050,0,34372,0,5,0,18843800,47450,3920500,34560,5
12,1347127931,76,1540400,21498200,56010300,4436200,83485100,83595400,723,55835650,23078800,19136500,0,34372,0,5,0,18901750,48450,4183650,34560,5
13,3374043756,77,772500,22304050,58993350,1409050,83478950,83595350,173,58825900,26061800,22492850,0,34372,0,5,0,22252100,57800,3781550,34560,5
14,3600138333,78,824550,22289450,56267050,4111450,83492500,83598700,654,56096850,23141350,19573200,0,34372,0,5,0,19334250,53800,3784600,34560,5
15,2243820206,79,777750,22525850,56590750,3589400,83483750,83597200,542,56417050,23168550,19242150,0,34372,0,5,0,19001750,49150,3654700,34560,5
16,2573882207,80,833600,22298300,56739150,3611150,83482200,83596700,546,56565550,23712800,20141650,0,34372,0,5,0,19911000,54250,3790600,34560,5
17,4228458496,81,783350,21499200,57625700,3571900,83480150,83596650,540,57459650,23925500,20357450,0,34372,0,5,0,20127400,58150,3790300,34560,5
18,3421020113,82,825950,21684850,56272050,4698550,83481400,83595350,744,56099350,22884500,18977200,0,34372,0,5,0,18758000,51100,4387700,34560,5
19,3199738754,83,776200,21526600,58562500,2610500,83475800,83590050,431,58393350,25601550,22044650,0,34372,0,5,0,21795850,61850,3785900,34560,5
20,2637397779,84,834800,21664750,65850250,11475250,99825050,100392200,2080,65679450,23464900,19943950,0,34372,0,5,0,19718050,51300,3732900,34560,5
21,3274367876,85,777650,21690850,56472150,4473300,83413950,83522650,730,56299850,23676850,20113850,0,34372,0,5,0,19899000,47400,4292850,34560,5
22,270716021,86,831350,21529000,56798700,3881500,83040550,83595250,610,56629000,23551050,19249200,0,34372,0,5,0,19041700,50500,4261850,34560,5
23,2501492294,87,1418250,21545750,55701050,4820500,83485550,83600100,805,55530550,22839750,19084900,0,34372,0,5,0,18854050,47250,4001050,34560,5
24,3724779174,88,725200,21057600,50862100,10836400,83481300,83598050,2016,50694050,20647900,17035000,0,31172,0,5,0,16814450,46150,3995850,31360,5
25,1709657109,89,879550,21447050,53918450,7233550,83478600,83594400,1241,53741300,23491400,20037400,0,31172,0,5,0,19817900,50550,3688250,31360,5
26,1894904752,90,859750,20535450,51917050,10172300,83484550,83594800,1844,51743850,21036200,17059000,0,31172,0,5,0,16833200,47850,4448200,31360,5
27,3703759967,91,817150,20469100,52430350,9769250,83485850,83596450,1720,52262500,20978200,17031650,0,31172,0,5,0,16806000,46600,4404750,31360,5
28,19533624,92,847000,20445000,52541750,9653600,83487350,83597700,1678,52365850,21441500,17951950,0,31172,0,5,0,17735050,51400,4227850,31360,5
29,816884773,93,826350,20613100,52460150,9586850,83486450,83598300,1673,52288350,21618200,18113050,0,31172,0,5,0,17900900,48900,3742500,31360,5
CSV_END

STUDY_DONE_a76882a7fc9e=0
# 