/tmp/app-lto --transport apb --state-frame 0 --frames 180 --warmup 30 --wait spin --profile frame --csv /tmp/transport-frames.csv && printf "CSV_BEGIN\n" && cat /tmp/transport-frames.csv && printf "CSV_END\n"; study_status=$?; printf "\nSTUDY_DONE_81ce7897e8e0=%s\n" "$study_status"
TRANSPORT mode=apb dma_minimum=64
BEGIN_BREAKOUT frames=180 warmup=30 fixed=0 blocks=40 tiles=1 hud=1 wait=spin replay=0 state_frame=0 profile=frame pixel_centers=1 clock_call_ns=4977
HW_COUNTERS unavailable
RESULT frames=180 elapsed_s=12.037861250 fps=14.952822 logic_ms=0.000000 api_ms=0.000000 swap_ms=0.000000 wait_ms=0.000000 worker_inclusive_ms=0.000000 upload_inclusive_ms=0.000000 write_ms=0.000000 bytes_per_frame=30951.56 p50_ms=66.877600 p95_ms=67.133600 max_ms=68.382550 late_60hz=180 first_count=32643 last_count=32822 state_hash=8f34e8fd remaining=38 score=20
RENDER_PATH retained=0 grouped=0 quads=13131 full_frames=180
BREAKOUT_PASS
CSV_BEGIN
frame,state_hash,display_count,logic_ns,api_ns,swap_ns,wait_ns,total_ns,completion_interval_ns,polls,worker_inclusive_ns,upload_inclusive_ns,write_ns,read_ns,write_bytes,read_bytes,write_calls,read_calls,dma_copy_ns,dma_launch_ns,dma_completion_wait_ns,dma_bytes,dma_lists
0,3724779174,32643,0,0,0,0,66838850,66850200,2693,0,0,0,0,31172,0,5,0,0,0,0,0,0
1,1709657109,32644,0,0,0,0,66770200,66875700,2487,0,0,0,0,31172,0,5,0,0,0,0,0,0
2,1894904752,32645,0,0,0,0,66776400,66879750,2206,0,0,0,0,31172,0,5,0,0,0,0,0,0
3,3703759967,32646,0,0,0,0,66772950,66877650,2709,0,0,0,0,31172,0,5,0,0,0,0,0,0
4,19533624,32647,0,0,0,0,66233250,66881350,1622,0,0,0,0,31172,0,5,0,0,0,0,0,0
5,816884773,32648,0,0,0,0,65993800,66869100,1968,0,0,0,0,31172,0,5,0,0,0,0,0,0
6,1339236364,32649,0,0,0,0,66777750,66880500,2128,0,0,0,0,31172,0,5,0,0,0,0,0,0
7,3072959373,32650,0,0,0,0,66773000,66877550,2645,0,0,0,0,31172,0,5,0,0,0,0,0,0
8,1782884746,32651,0,0,0,0,66770750,66875050,2689,0,0,0,0,31172,0,5,0,0,0,0,0,0
9,30296781,32652,0,0,0,0,66777900,66880500,2266,0,0,0,0,31492,0,5,0,0,0,0,0,0
10,4026418858,32653,0,0,0,0,67222900,67326500,2554,0,0,0,0,31492,0,5,0,0,0,0,0,0
11,2084929051,32654,0,0,0,0,66318200,66424100,2605,0,0,0,0,31492,0,5,0,0,0,0,0,0
12,3114489770,32655,0,0,0,0,66775650,66880300,2667,0,0,0,0,31172,0,5,0,0,0,0,0,0
13,891400471,32656,0,0,0,0,66772150,66874850,2498,0,0,0,0,31172,0,5,0,0,0,0,0,0
14,3472773456,32657,0,0,0,0,66775050,66878400,2714,0,0,0,0,31172,0,5,0,0,0,0,0,0
15,3010688243,32658,0,0,0,0,66774600,66878600,2605,0,0,0,0,31172,0,5,0,0,0,0,0,0
16,2819524756,32659,0,0,0,0,66769100,66873300,2547,0,0,0,0,31172,0,5,0,0,0,0,0,0
17,3241678401,32660,0,0,0,0,67086800,67189350,2138,0,0,0,0,31172,0,5,0,0,0,0,0,0
18,2154316504,32661,0,0,0,0,66463900,66566600,2658,0,0,0,0,31172,0,5,0,0,0,0,0,0
19,772262681,32662,0,0,0,0,66770950,66875850,2560,0,0,0,0,31172,0,5,0,0,0,0,0,0
20,3882818750,32663,0,0,0,0,66772000,66877500,1111,0,0,0,0,31172,0,5,0,0,0,0,0,0
21,521131153,32664,0,0,0,0,66775550,66878700,2658,0,0,0,0,31172,0,5,0,0,0,0,0,0
22,1838187414,32665,0,0,0,0,66773800,66876300,2547,0,0,0,0,31172,0,5,0,0,0,0,0,0
23,840574439,32666,0,0,0,0,66772500,66877950,2614,0,0,0,0,31172,0,5,0,0,0,0,0,0
24,2879461878,32667,0,0,0,0,68278400,68382550,2573,0,0,0,0,31172,0,5,0,0,0,0,0,0
25,202086035,32668,0,0,0,0,65252050,65369250,2139,0,0,0,0,31172,0,5,0,0,0,0,0,0
26,959703924,32669,0,0,0,0,66775450,66880950,2645,0,0,0,0,31172,0,5,0,0,0,0,0,0
27,3795724423,32670,0,0,0,0,66773650,66877650,2633,0,0,0,0,31172,0,5,0,0,0,0,0,0
28,2500539904,32671,0,0,0,0,66060450,66874450,2472,0,0,0,0,31172,0,5,0,0,0,0,0,0
29,2269000541,32672,0,0,0,0,66774950,66878000,2577,0,0,0,0,31172,0,5,0,0,0,0,0,0
30,1900681108,32673,0,0,0,0,66774550,66877600,2637,0,0,0,0,31172,0,5,0,0,0,0,0,0
31,3680168245,32674,0,0,0,0,66804650,66910050,2545,0,0,0,0,31172,0,5,0,0,0,0,0,0
32,2344329490,32675,0,0,0,0,66738500,66842650,2150,0,0,0,0,31172,0,5,0,0,0,0,0,0
33,2130650181,32676,0,0,0,0,66774200,66877650,2556,0,0,0,0,31492,0,5,0,0,0,0,0,0
34,906966818,32677,0,0,0,0,66771400,66875500,2625,0,0,0,0,31492,0,5,0,0,0,0,0,0
35,3939376531,32678,0,0,0,0,67154250,67259800,950,0,0,0,0,31492,0,5,0,0,0,0,0,0
36,2110688546,32679,0,0,0,0,66389600,66494400,2645,0,0,0,0,31172,0,5,0,0,0,0,0,0
37,2695523007,32680,0,0,0,0,66778500,66881150,2625,0,0,0,0,31172,0,5,0,0,0,0,0,0
38,744447992,32681,0,0,0,0,66773800,66876150,2484,0,0,0,0,31172,0,5,0,0,0,0,0,0
39,3728640411,32682,0,0,0,0,66770250,66874100,2711,0,0,0,0,31172,0,5,0,0,0,0,0,0
40,618879740,32683,0,0,0,0,66773100,66877850,2191,0,0,0,0,31172,0,5,0,0,0,0,0,0
41,1239708057,32684,0,0,0,0,66776700,66879350,2508,0,0,0,0,31172,0,5,0,0,0,0,0,0
42,2429742208,32685,0,0,0,0,67013200,67115700,2524,0,0,0,0,31172,0,5,0,0,0,0,0,0
43,412095716,32686,0,0,0,0,66532600,66636800,2656,0,0,0,0,31172,0,5,0,0,0,0,0,0
44,1226741467,32687,0,0,0,0,66773300,66879000,2504,0,0,0,0,31172,0,5,0,0,0,0,0,0
45,3288446148,32688,0,0,0,0,66774500,66877300,2570,0,0,0,0,31172,0,5,0,0,0,0,0,0
46,1157984843,32689,0,0,0,0,66771950,66874100,2739,0,0,0,0,31172,0,5,0,0,0,0,0,0
47,3877288378,32690,0,0,0,0,66775250,66880700,2287,0,0,0,0,31172,0,5,0,0,0,0,0,0
48,4236526315,32691,0,0,0,0,66755850,66873950,2605,0,0,0,0,31172,0,5,0,0,0,0,0,0
49,533834014,32692,0,0,0,0,66871300,66973850,2508,0,0,0,0,31172,0,5,0,0,0,0,0,0
50,1649361089,32693,0,0,0,0,66682950,66786100,1216,0,0,0,0,31172,0,5,0,0,0,0,0,0
51,2486981906,32694,0,0,0,0,65204850,66871000,2239,0,0,0,0,31172,0,5,0,0,0,0,0,0
52,1706075277,32695,0,0,0,0,66770900,66876500,2573,0,0,0,0,31172,0,5,0,0,0,0,0,0
53,267972368,32696,0,0,0,0,66778000,66881200,2644,0,0,0,0,31172,0,5,0,0,0,0,0,0
54,3895401273,32697,0,0,0,0,66770700,66874850,2589,0,0,0,0,31172,0,5,0,0,0,0,0,0
55,605985656,32698,0,0,0,0,66772600,66876900,2134,0,0,0,0,31172,0,5,0,0,0,0,0,0
56,4077673024,32699,0,0,0,0,67027950,67133600,2515,0,0,0,0,30852,0,5,0,0,0,0,0,0
57,985632231,32700,0,0,0,0,66515750,66621600,2672,0,0,0,0,30852,0,5,0,0,0,0,0,0
58,3720590956,32701,0,0,0,0,66773950,66878500,2584,0,0,0,0,30852,0,5,0,0,0,0,0,0
59,3264032585,32702,0,0,0,0,66769450,66874100,2569,0,0,0,0,30852,0,5,0,0,0,0,0,0
60,395405688,32703,0,0,0,0,66776500,66880750,2547,0,0,0,0,30852,0,5,0,0,0,0,0,0
61,32142420,32704,0,0,0,0,66365900,66876150,2617,0,0,0,0,30852,0,5,0,0,0,0,0,0
62,1187067055,32705,0,0,0,0,66771700,66874200,2641,0,0,0,0,30852,0,5,0,0,0,0,0,0
63,459140908,32706,0,0,0,0,66774050,66878800,2067,0,0,0,0,30852,0,5,0,0,0,0,0,0
64,3369786495,32707,0,0,0,0,66778550,66883000,2737,0,0,0,0,30852,0,5,0,0,0,0,0,0
65,1572434254,32708,0,0,0,0,66773800,66870550,2575,0,0,0,0,30852,0,5,0,0,0,0,0,0
66,4107798823,32709,0,0,0,0,66774600,66877400,683,0,0,0,0,30852,0,5,0,0,0,0,0,0
67,343968250,32710,0,0,0,0,67082300,67187350,2624,0,0,0,0,30852,0,5,0,0,0,0,0,0
68,3102454017,32711,0,0,0,0,66463100,66568500,2655,0,0,0,0,30852,0,5,0,0,0,0,0,0
69,3051095563,32712,0,0,0,0,66775950,66878750,2581,0,0,0,0,30852,0,5,0,0,0,0,0,0
70,2391331016,32713,0,0,0,0,67502050,67604400,2424,0,0,0,0,30852,0,5,0,0,0,0,0,0
71,3869016117,32714,0,0,0,0,66032750,66149650,2442,0,0,0,0,30852,0,5,0,0,0,0,0,0
72,1579800804,32715,0,0,0,0,66770650,66875050,2542,0,0,0,0,30852,0,5,0,0,0,0,0,0
73,2792341157,32716,0,0,0,0,66776950,66879400,2570,0,0,0,0,30852,0,5,0,0,0,0,0,0
74,714702942,32717,0,0,0,0,66946250,67048550,2630,0,0,0,0,30852,0,5,0,0,0,0,0,0
75,1092538936,32718,0,0,0,0,65881150,66704500,2310,0,0,0,0,30852,0,5,0,0,0,0,0,0
76,1561271239,32719,0,0,0,0,66773400,66877650,2647,0,0,0,0,31172,0,5,0,0,0,0,0,0
77,3798074098,32720,0,0,0,0,66770300,66874050,2564,0,0,0,0,31172,0,5,0,0,0,0,0,0
78,3022639071,32721,0,0,0,0,66775350,66877800,2204,0,0,0,0,31172,0,5,0,0,0,0,0,0
79,2282770062,32722,0,0,0,0,66772100,66876600,2603,0,0,0,0,30852,0,5,0,0,0,0,0,0
80,1626512457,32723,0,0,0,0,66777200,66881100,2619,0,0,0,0,30852,0,5,0,0,0,0,0,0
81,3156888026,32724,0,0,0,0,66824100,66927700,898,0,0,0,0,30852,0,5,0,0,0,0,0,0
82,3038824309,32725,0,0,0,0,66721550,66824800,2709,0,0,0,0,30852,0,5,0,0,0,0,0,0
83,1261846460,32726,0,0,0,0,66770550,66874850,2632,0,0,0,0,30852,0,5,0,0,0,0,0,0
84,2035201521,32727,0,0,0,0,66772150,66877600,2550,0,0,0,0,30852,0,5,0,0,0,0,0,0
85,2164446652,32728,0,0,0,0,66773800,66877550,2692,0,0,0,0,30852,0,5,0,0,0,0,0,0
86,2017191835,32729,0,0,0,0,66774650,66876900,2308,0,0,0,0,30852,0,5,0,0,0,0,0,0
87,3029138484,32730,0,0,0,0,66774950,66878900,2609,0,0,0,0,30852,0,5,0,0,0,0,0,0
88,50355403,32731,0,0,0,0,66774200,66878100,2553,0,0,0,0,30852,0,5,0,0,0,0,0,0
89,654213990,32732,0,0,0,0,66783250,66885800,2738,0,0,0,0,30852,0,5,0,0,0,0,0,0
90,2360099787,32733,0,0,0,0,66769650,66866300,2694,0,0,0,0,30852,0,5,0,0,0,0,0,0
91,2424818746,32734,0,0,0,0,66773750,66878050,2510,0,0,0,0,30852,0,5,0,0,0,0,0,0
92,1971386461,32735,0,0,0,0,67157450,67261700,2754,0,0,0,0,30852,0,5,0,0,0,0,0,0
93,3386045126,32736,0,0,0,0,66391350,66493650,2298,0,0,0,0,30852,0,5,0,0,0,0,0,0
94,1429641961,32737,0,0,0,0,66763750,66875250,2552,0,0,0,0,30852,0,5,0,0,0,0,0,0
95,3022846880,32738,0,0,0,0,66775000,66879300,2603,0,0,0,0,30852,0,5,0,0,0,0,0,0
96,1601897261,32739,0,0,0,0,66773800,66878400,1595,0,0,0,0,30852,0,5,0,0,0,0,0,0
97,1229951528,32740,0,0,0,0,66758000,66875850,2523,0,0,0,0,30852,0,5,0,0,0,0,0,0
98,4065171759,32741,0,0,0,0,66055900,66875400,2355,0,0,0,0,30852,0,5,0,0,0,0,0,0
99,1034325744,32742,0,0,0,0,67018800,67122600,2593,0,0,0,0,30852,0,5,0,0,0,0,0,0
100,14078671,32743,0,0,0,0,66535450,66640600,2617,0,0,0,0,31172,0,5,0,0,0,0,0,0
101,4024270554,32744,0,0,0,0,66773950,66870700,2082,0,0,0,0,31172,0,5,0,0,0,0,0,0
102,896191351,32745,0,0,0,0,66774900,66877150,2632,0,0,0,0,31172,0,5,0,0,0,0,0,0
103,2131384102,32746,0,0,0,0,66769450,66873400,2572,0,0,0,0,30852,0,5,0,0,0,0,0,0
104,2586210593,32747,0,0,0,0,66772050,66877100,2620,0,0,0,0,30852,0,5,0,0,0,0,0,0
105,591918370,32748,0,0,0,0,66778500,66880650,2561,0,0,0,0,30852,0,5,0,0,0,0,0,0
106,8814317,32749,0,0,0,0,66873450,66975500,2510,0,0,0,0,30852,0,5,0,0,0,0,0,0
107,2340504196,32750,0,0,0,0,66670100,66775100,2694,0,0,0,0,30852,0,5,0,0,0,0,0,0
108,3523076009,32751,0,0,0,0,66776200,66880400,2629,0,0,0,0,30852,0,5,0,0,0,0,0,0
109,1961669028,32752,0,0,0,0,66771750,66874000,2116,0,0,0,0,30852,0,5,0,0,0,0,0,0
110,1037581603,32753,0,0,0,0,66774300,66881050,2789,0,0,0,0,30852,0,5,0,0,0,0,0,0
111,2701024588,32754,0,0,0,0,66771500,66875600,2607,0,0,0,0,30852,0,5,0,0,0,0,0,0
112,215037203,32755,0,0,0,0,66770700,66874900,941,0,0,0,0,30852,0,5,0,0,0,0,0,0
113,3696282862,32756,0,0,0,0,66773700,66878750,2558,0,0,0,0,30852,0,5,0,0,0,0,0,0
114,2829142928,32757,0,0,0,0,66770350,66873450,2714,0,0,0,0,30852,0,5,0,0,0,0,0,0
115,3204762949,32758,0,0,0,0,66776900,66881150,2561,0,0,0,0,30852,0,5,0,0,0,0,0,0
116,3297489190,32759,0,0,0,0,66776550,66875750,2210,0,0,0,0,30852,0,5,0,0,0,0,0,0
117,1691704917,32760,0,0,0,0,66766100,66874500,2706,0,0,0,0,30852,0,5,0,0,0,0,0,0
118,663957814,32761,0,0,0,0,66366050,66878850,2619,0,0,0,0,30852,0,5,0,0,0,0,0,0
119,3058583827,32762,0,0,0,0,66776300,66880850,2512,0,0,0,0,30852,0,5,0,0,0,0,0,0
120,838545270,32763,0,0,0,0,66768300,66872700,2574,0,0,0,0,30852,0,5,0,0,0,0,0,0
121,3608912039,32764,0,0,0,0,66056050,66880600,2432,0,0,0,0,30852,0,5,0,0,0,0,0,0
122,4080159716,32765,0,0,0,0,66773450,66876100,2493,0,0,0,0,30852,0,5,0,0,0,0,0,0
123,1056027075,32766,0,0,0,0,66773800,66878900,2627,0,0,0,0,30852,0,5,0,0,0,0,0,0
124,4057021248,32767,0,0,0,0,67083350,67188850,2255,0,0,0,0,31172,0,5,0,0,0,0,0,0
125,2686741161,32768,0,0,0,0,66456750,66561200,2588,0,0,0,0,31172,0,5,0,0,0,0,0,0
126,3870849660,32769,0,0,0,0,66774500,66877850,2216,0,0,0,0,31172,0,5,0,0,0,0,0,0
127,293449641,32770,0,0,0,0,66773200,66878750,1083,0,0,0,0,30852,0,5,0,0,0,0,0,0
128,596064266,32771,0,0,0,0,66772750,66879000,2625,0,0,0,0,30852,0,5,0,0,0,0,0,0
129,3715495249,32772,0,0,0,0,66771750,66874750,2576,0,0,0,0,30852,0,5,0,0,0,0,0,0
130,244680018,32773,0,0,0,0,66775800,66878200,2638,0,0,0,0,30852,0,5,0,0,0,0,0,0
131,4080661783,32774,0,0,0,0,66944900,67049600,2487,0,0,0,0,30852,0,5,0,0,0,0,0,0
132,4006730450,32775,0,0,0,0,66598800,66703050,2341,0,0,0,0,30852,0,5,0,0,0,0,0,0
133,3864584507,32776,0,0,0,0,66777550,66880600,2597,0,0,0,0,30852,0,5,0,0,0,0,0,0
134,2711027320,32777,0,0,0,0,66770200,66873900,2541,0,0,0,0,30852,0,5,0,0,0,0,0,0
135,4099079087,32778,0,0,0,0,66773600,66878400,2719,0,0,0,0,30852,0,5,0,0,0,0,0,0
136,565333772,32779,0,0,0,0,66773450,66878200,2591,0,0,0,0,30852,0,5,0,0,0,0,0,0
137,1028518269,32780,0,0,0,0,66771450,66875950,2528,0,0,0,0,30852,0,5,0,0,0,0,0,0
138,2252688136,32781,0,0,0,0,66848050,66952300,2576,0,0,0,0,30852,0,5,0,0,0,0,0,0
139,578597309,32782,0,0,0,0,66700200,66803600,2287,0,0,0,0,30852,0,5,0,0,0,0,0,0
140,3624439358,32783,0,0,0,0,66760150,66877650,2513,0,0,0,0,30852,0,5,0,0,0,0,0,0
141,3514067501,32784,0,0,0,0,66764900,66873100,2633,0,0,0,0,30852,0,5,0,0,0,0,0,0
142,2741972910,32785,0,0,0,0,66774850,66878000,1236,0,0,0,0,30852,0,5,0,0,0,0,0,0
143,28497579,32786,0,0,0,0,66768100,66877550,2560,0,0,0,0,30852,0,5,0,0,0,0,0,0
144,466729326,32787,0,0,0,0,66052950,66878550,2331,0,0,0,0,30852,0,5,0,0,0,0,0,0
145,3425349295,32788,0,0,0,0,66771400,66875900,2564,0,0,0,0,30852,0,5,0,0,0,0,0,0
146,1537640620,32789,0,0,0,0,66775950,66879200,2727,0,0,0,0,30852,0,5,0,0,0,0,0,0
147,1853842891,32790,0,0,0,0,66769550,66874200,2009,0,0,0,0,30852,0,5,0,0,0,0,0,0
148,1177024904,32791,0,0,0,0,66771900,66876750,2586,0,0,0,0,31172,0,5,0,0,0,0,0,0
149,4106734849,32792,0,0,0,0,67164850,67267950,2585,0,0,0,0,31172,0,5,0,0,0,0,0,0
150,2025356500,32793,0,0,0,0,66386300,66489050,2545,0,0,0,0,31172,0,5,0,0,0,0,0,0
151,2189605121,32794,0,0,0,0,66770050,66876150,2629,0,0,0,0,30852,0,5,0,0,0,0,0,0
152,4086136290,32795,0,0,0,0,66773650,66878300,2588,0,0,0,0,30852,0,5,0,0,0,0,0,0
153,4036669705,32796,0,0,0,0,66771350,66874200,2590,0,0,0,0,30852,0,5,0,0,0,0,0,0
154,4167980074,32797,0,0,0,0,66776200,66877350,2563,0,0,0,0,30852,0,5,0,0,0,0,0,0
155,51187407,32798,0,0,0,0,66782500,66887600,2230,0,0,0,0,30852,0,5,0,0,0,0,0,0
156,2242638442,32799,0,0,0,0,67020100,67119000,2546,0,0,0,0,30852,0,5,0,0,0,0,0,0
157,2730108163,32800,0,0,0,0,66522900,66626450,2625,0,0,0,0,30852,0,5,0,0,0,0,0,0
158,2718743917,32801,0,0,0,0,66772450,66875750,1184,0,0,0,0,30852,0,5,0,0,0,0,0,0
159,3391709842,32802,0,0,0,0,66773700,66878400,2491,0,0,0,0,30852,0,5,0,0,0,0,0,0
160,1164604273,32803,0,0,0,0,66772650,66877700,2747,0,0,0,0,30852,0,5,0,0,0,0,0,0
161,2148591176,32804,0,0,0,0,66773050,66877550,2523,0,0,0,0,30852,0,5,0,0,0,0,0,0
162,4192737573,32805,0,0,0,0,66771650,66875300,2203,0,0,0,0,30852,0,5,0,0,0,0,0,0
163,535584840,32806,0,0,0,0,66879400,66990150,2547,0,0,0,0,30852,0,5,0,0,0,0,0,0
164,3430794475,32807,0,0,0,0,66659600,66764350,2655,0,0,0,0,30852,0,5,0,0,0,0,0,0
165,776323552,32808,0,0,0,0,66775300,66878050,2530,0,0,0,0,30852,0,5,0,0,0,0,0,0
166,3330991427,32809,0,0,0,0,66775450,66879600,2622,0,0,0,0,30852,0,5,0,0,0,0,0,0
167,3282074430,32810,0,0,0,0,66769350,66874450,2439,0,0,0,0,30852,0,5,0,0,0,0,0,0
168,2597814595,32811,0,0,0,0,66770150,66877100,2477,0,0,0,0,30852,0,5,0,0,0,0,0,0
169,2225601370,32812,0,0,0,0,66771900,66877900,2599,0,0,0,0,30852,0,5,0,0,0,0,0,0
170,3716853465,32813,0,0,0,0,66770450,66874800,2099,0,0,0,0,30852,0,5,0,0,0,0,0,0
171,1080675697,32814,0,0,0,0,66773300,66877850,2709,0,0,0,0,30212,0,5,0,0,0,0,0,0
172,219920238,32815,0,0,0,0,66774700,66878900,2698,0,0,0,0,30212,0,5,0,0,0,0,0,0
173,3070385651,32816,0,0,0,0,66773500,66876500,1154,0,0,0,0,30212,0,5,0,0,0,0,0,0
174,2609556270,32817,0,0,0,0,66772150,66876700,2838,0,0,0,0,30212,0,5,0,0,0,0,0,0
175,141401383,32818,0,0,0,0,66355150,66879300,2575,0,0,0,0,30212,0,5,0,0,0,0,0,0
176,3034105280,32819,0,0,0,0,66769100,66873750,2789,0,0,0,0,30212,0,5,0,0,0,0,0,0
177,3029196371,32820,0,0,0,0,66775650,66878400,2660,0,0,0,0,30212,0,5,0,0,0,0,0,0
178,699378668,32821,0,0,0,0,66775550,66878800,2281,0,0,0,0,30212,0,5,0,0,0,0,0,0
179,2402609405,32822,0,0,0,0,66773100,66877650,2783,0,0,0,0,30212,0,5,0,0,0,0,0,0
CSV_END

STUDY_DONE_81ce7897e8e0=0
# 