/tmp/app --transport apb --state-frame 0 --dma-minimum 64 --frames 180 --warmup 30 --wait spin --profile frame --csv /tmp/transport-frames.csv --dump /tmp/transport-frame.raw && printf "CSV_BEGIN\n" && cat /tmp/transport-frames.csv && printf "CSV_END\n"; study_status=$?; printf "\nSTUDY_DONE_1720f7320829=%s\n" "$study_status"
TRANSPORT mode=apb dma_minimum=64
BEGIN_BREAKOUT frames=180 warmup=30 fixed=0 blocks=40 tiles=1 hud=1 wait=spin replay=0 state_frame=0 profile=frame pixel_centers=1 clock_call_ns=5893
HW_COUNTERS unavailable
RESULT frames=180 elapsed_s=12.221756750 fps=14.727834 logic_ms=0.000000 api_ms=0.000000 swap_ms=0.000000 wait_ms=0.000000 worker_inclusive_ms=0.000000 upload_inclusive_ms=0.000000 write_ms=0.000000 bytes_per_frame=30951.56 p50_ms=66.877500 p95_ms=82.797100 max_ms=83.601500 late_60hz=180 first_count=141 last_count=320 state_hash=8f34e8fd remaining=38 score=20
RENDER_PATH retained=0 grouped=0 quads=13131 full_frames=180
FRAME_CHECK count=320 address=9fe00000 fnv1a=79c99b23 pixels=307200 mismatches=0
BREAKOUT_PASS
CSV_BEGIN
frame,state_hash,display_count,logic_ns,api_ns,swap_ns,wait_ns,total_ns,completion_interval_ns,polls,worker_inclusive_ns,upload_inclusive_ns,write_ns,read_ns,write_bytes,read_bytes,write_calls,read_calls,dma_copy_ns,dma_launch_ns,dma_completion_wait_ns,dma_bytes,dma_lists
0,3724779174,141,0,0,0,0,66821350,66835400,1159,0,0,0,0,31172,0,5,0,0,0,0,0,0
1,1709657109,142,0,0,0,0,66760550,66876350,964,0,0,0,0,31172,0,5,0,0,0,0,0,0
2,1894904752,143,0,0,0,0,66767350,66881600,1204,0,0,0,0,31172,0,5,0,0,0,0,0,0
3,3703759967,144,0,0,0,0,66759300,66876900,1180,0,0,0,0,31172,0,5,0,0,0,0,0,0
4,19533624,145,0,0,0,0,66759500,66872850,1006,0,0,0,0,31172,0,5,0,0,0,0,0,0
5,816884773,146,0,0,0,0,66026200,66880350,797,0,0,0,0,31172,0,5,0,0,0,0,0,0
6,1339236364,147,0,0,0,0,67079850,67190550,1275,0,0,0,0,31172,0,5,0,0,0,0,0,0
7,3072959373,148,0,0,0,0,83170000,83284900,2442,0,0,0,0,31172,0,5,0,0,0,0,0,0
8,1782884746,149,0,0,0,0,66762900,66874200,1065,0,0,0,0,31172,0,5,0,0,0,0,0,0
9,30296781,150,0,0,0,0,66767000,66879050,1073,0,0,0,0,31492,0,5,0,0,0,0,0,0
10,4026418858,151,0,0,0,0,66991200,67103550,1072,0,0,0,0,31492,0,5,0,0,0,0,0,0
11,2084929051,152,0,0,0,0,66535450,66651050,1136,0,0,0,0,31492,0,5,0,0,0,0,0,0
12,3114489770,153,0,0,0,0,66762150,66874100,1112,0,0,0,0,31172,0,5,0,0,0,0,0,0
13,891400471,154,0,0,0,0,66767150,66878200,1051,0,0,0,0,31172,0,5,0,0,0,0,0,0
14,3472773456,155,0,0,0,0,66763250,66875650,822,0,0,0,0,31172,0,5,0,0,0,0,0,0
15,3010688243,156,0,0,0,0,66766150,66876600,1056,0,0,0,0,31172,0,5,0,0,0,0,0,0
16,2819524756,157,0,0,0,0,66766800,66879250,1047,0,0,0,0,31172,0,5,0,0,0,0,0,0
17,3241678401,158,0,0,0,0,66847350,66957850,1175,0,0,0,0,31172,0,5,0,0,0,0,0,0
18,2154316504,159,0,0,0,0,66680650,66797050,1243,0,0,0,0,31172,0,5,0,0,0,0,0,0
19,772262681,160,0,0,0,0,66760900,66874550,997,0,0,0,0,31172,0,5,0,0,0,0,0,0
20,3882818750,161,0,0,0,0,66765450,66877150,1145,0,0,0,0,31172,0,5,0,0,0,0,0,0
21,521131153,162,0,0,0,0,66765300,66877350,1246,0,0,0,0,31172,0,5,0,0,0,0,0,0
22,1838187414,163,0,0,0,0,83074450,83597600,2614,0,0,0,0,31172,0,5,0,0,0,0,0,0
23,840574439,164,0,0,0,0,66761200,66876250,1055,0,0,0,0,31172,0,5,0,0,0,0,0,0
24,2879461878,165,0,0,0,0,66761100,66878700,1132,0,0,0,0,31172,0,5,0,0,0,0,0,0
25,202086035,166,0,0,0,0,66974600,67086600,1091,0,0,0,0,31172,0,5,0,0,0,0,0,0
26,959703924,167,0,0,0,0,66549400,66664750,1178,0,0,0,0,31172,0,5,0,0,0,0,0,0
27,3795724423,168,0,0,0,0,66766900,66881300,1063,0,0,0,0,31172,0,5,0,0,0,0,0,0
28,2500539904,169,0,0,0,0,66012950,66873700,813,0,0,0,0,31172,0,5,0,0,0,0,0,0
29,2269000541,170,0,0,0,0,66763500,66877300,696,0,0,0,0,31172,0,5,0,0,0,0,0,0
30,1900681108,171,0,0,0,0,66765750,66879450,1073,0,0,0,0,31172,0,5,0,0,0,0,0,0
31,3680168245,172,0,0,0,0,66759050,66874400,1034,0,0,0,0,31172,0,5,0,0,0,0,0,0
32,2344329490,173,0,0,0,0,66842700,66949400,1235,0,0,0,0,31172,0,5,0,0,0,0,0,0
33,2130650181,174,0,0,0,0,66688950,66804500,1120,0,0,0,0,31492,0,5,0,0,0,0,0,0
34,906966818,175,0,0,0,0,66765000,66880850,933,0,0,0,0,31492,0,5,0,0,0,0,0,0
35,3939376531,176,0,0,0,0,66761700,66875650,1088,0,0,0,0,31492,0,5,0,0,0,0,0,0
36,2110688546,177,0,0,0,0,66765300,66876400,1254,0,0,0,0,31172,0,5,0,0,0,0,0,0
37,2695523007,178,0,0,0,0,83482100,83595450,2130,0,0,0,0,31172,0,5,0,0,0,0,0,0
38,744447992,179,0,0,0,0,66762800,66879400,1104,0,0,0,0,31172,0,5,0,0,0,0,0,0
39,3728640411,180,0,0,0,0,66761300,66876250,1104,0,0,0,0,31172,0,5,0,0,0,0,0,0
40,618879740,181,0,0,0,0,67106300,67216950,1150,0,0,0,0,31172,0,5,0,0,0,0,0,0
41,1239708057,182,0,0,0,0,66423900,66535650,1084,0,0,0,0,31172,0,5,0,0,0,0,0,0
42,2429742208,183,0,0,0,0,66763850,66879700,1141,0,0,0,0,31172,0,5,0,0,0,0,0,0
43,412095716,184,0,0,0,0,66832500,66944950,642,0,0,0,0,31172,0,5,0,0,0,0,0,0
44,1226741467,185,0,0,0,0,66688000,66808200,773,0,0,0,0,31172,0,5,0,0,0,0,0,0
45,3288446148,186,0,0,0,0,66761050,66874500,1057,0,0,0,0,31172,0,5,0,0,0,0,0,0
46,1157984843,187,0,0,0,0,66765550,66880450,1118,0,0,0,0,31172,0,5,0,0,0,0,0,0
47,3877288378,188,0,0,0,0,66941050,67057300,1022,0,0,0,0,31172,0,5,0,0,0,0,0,0
48,4236526315,189,0,0,0,0,66579400,66695150,1168,0,0,0,0,31172,0,5,0,0,0,0,0,0
49,533834014,190,0,0,0,0,66765050,66879650,1090,0,0,0,0,31172,0,5,0,0,0,0,0,0
50,1649361089,191,0,0,0,0,66764450,66877950,1012,0,0,0,0,31172,0,5,0,0,0,0,0,0
51,2486981906,192,0,0,0,0,65995300,66872550,946,0,0,0,0,31172,0,5,0,0,0,0,0,0
52,1706075277,193,0,0,0,0,83487950,83601500,2690,0,0,0,0,31172,0,5,0,0,0,0,0,0
53,267972368,194,0,0,0,0,66755600,66872600,906,0,0,0,0,31172,0,5,0,0,0,0,0,0
54,3895401273,195,0,0,0,0,66768850,66880450,1117,0,0,0,0,31172,0,5,0,0,0,0,0,0
55,605985656,196,0,0,0,0,66765100,66877350,1268,0,0,0,0,31172,0,5,0,0,0,0,0,0
56,4077673024,197,0,0,0,0,66325950,66876250,1014,0,0,0,0,30852,0,5,0,0,0,0,0,0
57,985632231,198,0,0,0,0,66766950,66877900,1120,0,0,0,0,30852,0,5,0,0,0,0,0,0
58,3720590956,199,0,0,0,0,66762700,66875050,1118,0,0,0,0,30852,0,5,0,0,0,0,0,0
59,3264032585,200,0,0,0,0,66760650,66877250,743,0,0,0,0,30852,0,5,0,0,0,0,0,0
60,395405688,201,0,0,0,0,66768050,66876500,1072,0,0,0,0,30852,0,5,0,0,0,0,0,0
61,32142420,202,0,0,0,0,66766300,66878650,1105,0,0,0,0,30852,0,5,0,0,0,0,0,0
62,1187067055,203,0,0,0,0,67087550,67201750,1210,0,0,0,0,30852,0,5,0,0,0,0,0,0
63,459140908,204,0,0,0,0,66439700,66554700,1046,0,0,0,0,30852,0,5,0,0,0,0,0,0
64,3369786495,205,0,0,0,0,66764050,66875000,1123,0,0,0,0,30852,0,5,0,0,0,0,0,0
65,1572434254,206,0,0,0,0,66770350,66880000,1032,0,0,0,0,30852,0,5,0,0,0,0,0,0
66,4107798823,207,0,0,0,0,66758450,66873100,1216,0,0,0,0,30852,0,5,0,0,0,0,0,0
67,343968250,208,0,0,0,0,83485300,83599850,2448,0,0,0,0,30852,0,5,0,0,0,0,0,0
68,3102454017,209,0,0,0,0,66760400,66876250,1003,0,0,0,0,30852,0,5,0,0,0,0,0,0
69,3051095563,210,0,0,0,0,66761800,66875100,1055,0,0,0,0,30852,0,5,0,0,0,0,0,0
70,2391331016,211,0,0,0,0,66761050,66875350,1252,0,0,0,0,30852,0,5,0,0,0,0,0,0
71,3869016117,212,0,0,0,0,66763300,66881150,1009,0,0,0,0,30852,0,5,0,0,0,0,0,0
72,1579800804,213,0,0,0,0,66765300,66880000,1057,0,0,0,0,30852,0,5,0,0,0,0,0,0
73,2792341157,214,0,0,0,0,66761550,66873350,1098,0,0,0,0,30852,0,5,0,0,0,0,0,0
74,714702942,215,0,0,0,0,66003200,66877750,488,0,0,0,0,30852,0,5,0,0,0,0,0,0
75,1092538936,216,0,0,0,0,66757500,66877100,1092,0,0,0,0,30852,0,5,0,0,0,0,0,0
76,1561271239,217,0,0,0,0,66764550,66876950,1084,0,0,0,0,31172,0,5,0,0,0,0,0,0
77,3798074098,218,0,0,0,0,66767100,66877700,1181,0,0,0,0,31172,0,5,0,0,0,0,0,0
78,3022639071,219,0,0,0,0,66344250,66874650,1085,0,0,0,0,31172,0,5,0,0,0,0,0,0
79,2282770062,220,0,0,0,0,66767350,66879250,1083,0,0,0,0,30852,0,5,0,0,0,0,0,0
80,1626512457,221,0,0,0,0,66765900,66878500,1030,0,0,0,0,30852,0,5,0,0,0,0,0,0
81,3156888026,222,0,0,0,0,66760150,66872550,1178,0,0,0,0,30852,0,5,0,0,0,0,0,0
82,3038824309,223,0,0,0,0,83483450,83597150,2680,0,0,0,0,30852,0,5,0,0,0,0,0,0
83,1261846460,224,0,0,0,0,66767700,66881550,1037,0,0,0,0,30852,0,5,0,0,0,0,0,0
84,2035201521,225,0,0,0,0,66760550,66873000,1115,0,0,0,0,30852,0,5,0,0,0,0,0,0
85,2164446652,226,0,0,0,0,66765000,66879600,1216,0,0,0,0,30852,0,5,0,0,0,0,0,0
86,2017191835,227,0,0,0,0,66758000,66873600,1052,0,0,0,0,30852,0,5,0,0,0,0,0,0
87,3029138484,228,0,0,0,0,66764900,66880200,1093,0,0,0,0,30852,0,5,0,0,0,0,0,0
88,50355403,229,0,0,0,0,66843900,66954000,1229,0,0,0,0,30852,0,5,0,0,0,0,0,0
89,654213990,230,0,0,0,0,66685700,66801900,690,0,0,0,0,30852,0,5,0,0,0,0,0,0
90,2360099787,231,0,0,0,0,66765550,66877650,1100,0,0,0,0,30852,0,5,0,0,0,0,0,0
91,2424818746,232,0,0,0,0,66756300,66875450,1096,0,0,0,0,30852,0,5,0,0,0,0,0,0
92,1971386461,233,0,0,0,0,66760100,66875300,1227,0,0,0,0,30852,0,5,0,0,0,0,0,0
93,3386045126,234,0,0,0,0,66759650,66875100,1029,0,0,0,0,30852,0,5,0,0,0,0,0,0
94,1429641961,235,0,0,0,0,66763500,66880050,1141,0,0,0,0,30852,0,5,0,0,0,0,0,0
95,3022846880,236,0,0,0,0,66762200,66877350,1161,0,0,0,0,30852,0,5,0,0,0,0,0,0
96,1601897261,237,0,0,0,0,66762700,66878750,1161,0,0,0,0,30852,0,5,0,0,0,0,0,0
97,1229951528,238,0,0,0,0,70816700,70934150,211,0,0,0,0,30852,0,5,0,0,0,0,0,0
98,4065171759,239,0,0,0,0,78658700,79539150,3083,0,0,0,0,30852,0,5,0,0,0,0,0,0
99,1034325744,240,0,0,0,0,66754650,66876450,1103,0,0,0,0,30852,0,5,0,0,0,0,0,0
100,14078671,241,0,0,0,0,66760450,66874900,1181,0,0,0,0,31172,0,5,0,0,0,0,0,0
101,4024270554,242,0,0,0,0,66768950,66879150,1080,0,0,0,0,31172,0,5,0,0,0,0,0,0
102,896191351,243,0,0,0,0,66762500,66876000,550,0,0,0,0,31172,0,5,0,0,0,0,0,0
103,2131384102,244,0,0,0,0,66959600,67074100,1237,0,0,0,0,30852,0,5,0,0,0,0,0,0
104,2586210593,245,0,0,0,0,66563300,66678800,833,0,0,0,0,30852,0,5,0,0,0,0,0,0
105,591918370,246,0,0,0,0,66770400,66880850,872,0,0,0,0,30852,0,5,0,0,0,0,0,0
106,8814317,247,0,0,0,0,66759850,66874100,1091,0,0,0,0,30852,0,5,0,0,0,0,0,0
107,2340504196,248,0,0,0,0,66762950,66877500,1223,0,0,0,0,30852,0,5,0,0,0,0,0,0
108,3523076009,249,0,0,0,0,66767100,66878850,1001,0,0,0,0,30852,0,5,0,0,0,0,0,0
109,1961669028,250,0,0,0,0,66761750,66875500,1033,0,0,0,0,30852,0,5,0,0,0,0,0,0
110,1037581603,251,0,0,0,0,66823550,66936150,1251,0,0,0,0,30852,0,5,0,0,0,0,0,0
111,2701024588,252,0,0,0,0,66701650,66817400,1098,0,0,0,0,30852,0,5,0,0,0,0,0,0
112,215037203,253,0,0,0,0,67786400,67898450,257,0,0,0,0,30852,0,5,0,0,0,0,0,0
113,3696282862,254,0,0,0,0,65730350,65857500,239,0,0,0,0,30852,0,5,0,0,0,0,0,0
114,2829142928,255,0,0,0,0,66760300,66875850,1207,0,0,0,0,30852,0,5,0,0,0,0,0,0
115,3204762949,256,0,0,0,0,66760450,66878150,1101,0,0,0,0,30852,0,5,0,0,0,0,0,0
116,3297489190,257,0,0,0,0,66768050,66876950,1158,0,0,0,0,30852,0,5,0,0,0,0,0,0
117,1691704917,258,0,0,0,0,66761250,66878250,1037,0,0,0,0,30852,0,5,0,0,0,0,0,0
118,663957814,259,0,0,0,0,66757100,66875650,1246,0,0,0,0,30852,0,5,0,0,0,0,0,0
119,3058583827,260,0,0,0,0,66765650,66878800,1050,0,0,0,0,30852,0,5,0,0,0,0,0,0
120,838545270,261,0,0,0,0,66764450,66875450,657,0,0,0,0,30852,0,5,0,0,0,0,0,0
121,3608912039,262,0,0,0,0,66011300,66879400,979,0,0,0,0,30852,0,5,0,0,0,0,0,0
122,4080159716,263,0,0,0,0,66360450,66876450,1140,0,0,0,0,30852,0,5,0,0,0,0,0,0
123,1056027075,264,0,0,0,0,66764150,66878900,987,0,0,0,0,30852,0,5,0,0,0,0,0,0
124,4057021248,265,0,0,0,0,66765800,66876050,1191,0,0,0,0,31172,0,5,0,0,0,0,0,0
125,2686741161,266,0,0,0,0,66760450,66874700,1177,0,0,0,0,31172,0,5,0,0,0,0,0,0
126,3870849660,267,0,0,0,0,66766600,66880400,1008,0,0,0,0,31172,0,5,0,0,0,0,0,0
127,293449641,268,0,0,0,0,66758300,66875950,773,0,0,0,0,30852,0,5,0,0,0,0,0,0
128,596064266,269,0,0,0,0,83487750,83596950,2930,0,0,0,0,30852,0,5,0,0,0,0,0,0
129,3715495249,270,0,0,0,0,66762600,66876900,1168,0,0,0,0,30852,0,5,0,0,0,0,0,0
130,244680018,271,0,0,0,0,66758300,66874050,1109,0,0,0,0,30852,0,5,0,0,0,0,0,0
131,4080661783,272,0,0,0,0,66765700,66879500,1133,0,0,0,0,30852,0,5,0,0,0,0,0,0
132,4006730450,273,0,0,0,0,66925950,67036200,1140,0,0,0,0,30852,0,5,0,0,0,0,0,0
133,3864584507,274,0,0,0,0,66600200,66718650,1131,0,0,0,0,30852,0,5,0,0,0,0,0,0
134,2711027320,275,0,0,0,0,66762800,66877200,1097,0,0,0,0,30852,0,5,0,0,0,0,0,0
135,4099079087,276,0,0,0,0,66763600,66876250,692,0,0,0,0,30852,0,5,0,0,0,0,0,0
136,565333772,277,0,0,0,0,66763150,66875850,1223,0,0,0,0,30852,0,5,0,0,0,0,0,0
137,1028518269,278,0,0,0,0,66763450,66878250,1080,0,0,0,0,30852,0,5,0,0,0,0,0,0
138,2252688136,279,0,0,0,0,66761050,66879200,1189,0,0,0,0,30852,0,5,0,0,0,0,0,0
139,578597309,280,0,0,0,0,66765250,66876100,1005,0,0,0,0,30852,0,5,0,0,0,0,0,0
140,3624439358,281,0,0,0,0,66758900,66874800,1196,0,0,0,0,30852,0,5,0,0,0,0,0,0
141,3514067501,282,0,0,0,0,66759950,66877800,1103,0,0,0,0,30852,0,5,0,0,0,0,0,0
142,2741972910,283,0,0,0,0,66760750,66878500,584,0,0,0,0,30852,0,5,0,0,0,0,0,0
143,28497579,284,0,0,0,0,83483200,83598350,2947,0,0,0,0,30852,0,5,0,0,0,0,0,0
144,466729326,285,0,0,0,0,65999300,66873750,1038,0,0,0,0,30852,0,5,0,0,0,0,0,0
145,3425349295,286,0,0,0,0,66762900,66877700,986,0,0,0,0,30852,0,5,0,0,0,0,0,0
146,1537640620,287,0,0,0,0,66767800,66879400,1151,0,0,0,0,30852,0,5,0,0,0,0,0,0
147,1853842891,288,0,0,0,0,66928900,67038850,1227,0,0,0,0,30852,0,5,0,0,0,0,0,0
148,1177024904,289,0,0,0,0,66598300,66714400,1076,0,0,0,0,31172,0,5,0,0,0,0,0,0
149,4106734849,290,0,0,0,0,66763150,66877950,1049,0,0,0,0,31172,0,5,0,0,0,0,0,0
150,2025356500,291,0,0,0,0,66758350,66872100,693,0,0,0,0,31172,0,5,0,0,0,0,0,0
151,2189605121,292,0,0,0,0,66765800,66879800,1194,0,0,0,0,30852,0,5,0,0,0,0,0,0
152,4086136290,293,0,0,0,0,66766750,66878550,1035,0,0,0,0,30852,0,5,0,0,0,0,0,0
153,4036669705,294,0,0,0,0,66759150,66874900,1094,0,0,0,0,30852,0,5,0,0,0,0,0,0
154,4167980074,295,0,0,0,0,66791650,66904400,1044,0,0,0,0,30852,0,5,0,0,0,0,0,0
155,51187407,296,0,0,0,0,66734400,66850550,1118,0,0,0,0,30852,0,5,0,0,0,0,0,0
156,2242638442,297,0,0,0,0,66767550,66880300,1083,0,0,0,0,30852,0,5,0,0,0,0,0,0
157,2730108163,298,0,0,0,0,66765900,66879750,681,0,0,0,0,30852,0,5,0,0,0,0,0,0
158,2718743917,299,0,0,0,0,83475700,83591400,2750,0,0,0,0,30852,0,5,0,0,0,0,0,0
159,3391709842,300,0,0,0,0,66761450,66875400,1189,0,0,0,0,30852,0,5,0,0,0,0,0,0
160,1164604273,301,0,0,0,0,66759950,66876950,980,0,0,0,0,30852,0,5,0,0,0,0,0,0
161,2148591176,302,0,0,0,0,66765850,66880700,661,0,0,0,0,30852,0,5,0,0,0,0,0,0
162,4192737573,303,0,0,0,0,67047050,67160650,1281,0,0,0,0,30852,0,5,0,0,0,0,0,0
163,535584840,304,0,0,0,0,66472700,66591750,1057,0,0,0,0,30852,0,5,0,0,0,0,0,0
164,3430794475,305,0,0,0,0,66762700,66875950,1144,0,0,0,0,30852,0,5,0,0,0,0,0,0
165,776323552,306,0,0,0,0,66768100,66879900,725,0,0,0,0,30852,0,5,0,0,0,0,0,0
166,3330991427,307,0,0,0,0,66758700,66873750,1166,0,0,0,0,30852,0,5,0,0,0,0,0,0
167,3282074430,308,0,0,0,0,66761850,66879150,1089,0,0,0,0,30852,0,5,0,0,0,0,0,0
168,2597814595,309,0,0,0,0,66766100,66879400,1110,0,0,0,0,30852,0,5,0,0,0,0,0,0
169,2225601370,310,0,0,0,0,66906900,67017600,1030,0,0,0,0,30852,0,5,0,0,0,0,0,0
170,3716853465,311,0,0,0,0,66616300,66732350,1160,0,0,0,0,30852,0,5,0,0,0,0,0,0
171,1080675697,312,0,0,0,0,66766550,66880400,1254,0,0,0,0,30212,0,5,0,0,0,0,0,0
172,219920238,313,0,0,0,0,67563350,67675900,1162,0,0,0,0,30212,0,5,0,0,0,0,0,0
173,3070385651,314,0,0,0,0,82679250,82797100,2892,0,0,0,0,30212,0,5,0,0,0,0,0,0
174,2609556270,315,0,0,0,0,66763600,66877050,1327,0,0,0,0,30212,0,5,0,0,0,0,0,0
175,141401383,316,0,0,0,0,66765100,66877450,1174,0,0,0,0,30212,0,5,0,0,0,0,0,0
176,3034105280,317,0,0,0,0,66763450,66875750,1385,0,0,0,0,30212,0,5,0,0,0,0,0,0
177,3029196371,318,0,0,0,0,66761450,66875000,1426,0,0,0,0,30212,0,5,0,0,0,0,0,0
178,699378668,319,0,0,0,0,66203250,66877850,1166,0,0,0,0,30212,0,5,0,0,0,0,0,0
179,2402609405,320,0,0,0,0,66764750,66878750,1295,0,0,0,0,30212,0,5,0,0,0,0,0,0
CSV_END

STUDY_DONE_1720f7320829=0
# 