Copyright 1986-2022 Xilinx, Inc. All Rights Reserved. Copyright 2022-2025 Advanced Micro Devices, Inc. All Rights Reserved.
--------------------------------------------------------------------------------------------------------------------------------------------------------
| Tool Version : Vivado v.2025.2 (lin64) Build 6299465 Fri Nov 14 12:34:56 MST 2025
| Date         : Fri Oct  9 12:04:19 2026
| Host         : RESEARCH-HOST running 64-bit Ubuntu 24.04.4 LTS
| Command      : report_drc -file /home/researcher/projects/wally-game-console-research/build/transport-study-20261009/buffered-parser-incremental/drc.rpt
| Design       : fpgaTop
| Device       : xc7a200tsbg484-1
| Speed File   : -1
| Design State : Fully Routed
--------------------------------------------------------------------------------------------------------------------------------------------------------

Report DRC

Table of Contents
-----------------
1. REPORT SUMMARY
2. REPORT DETAILS

1. REPORT SUMMARY
-----------------
            Netlist: netlist
          Floorplan: checkpoint_fpgaTop_opt
      Design limits: <entire design considered>
           Ruledeck: default
             Max checks: <unlimited>
             Checks found: 157
+-----------+----------+----------------------------+--------+
| Rule      | Severity | Description                | Checks |
+-----------+----------+----------------------------+--------+
| BUFC-1    | Warning  | Input Buffer Connections   | 2      |
| CHECK-3   | Warning  | Report rule limit reached  | 1      |
| DPIP-1    | Warning  | Input pipelining           | 67     |
| DPOP-1    | Warning  | PREG Output pipelining     | 22     |
| DPOP-2    | Warning  | MREG Output pipelining     | 39     |
| PDCN-1569 | Warning  | LUT equation term check    | 4      |
| REQP-1709 | Warning  | Clock output buffering     | 1      |
| REQP-1839 | Warning  | RAMB36 async control check | 20     |
| RTSTAT-10 | Warning  | No routable loads          | 1      |
+-----------+----------+----------------------------+--------+

2. REPORT DETAILS
-----------------
BUFC-1#1 Warning
Input Buffer Connections  
Input buffer ddr3/u_ddr3_mig/u_memc_ui_top_axi/mem_intfc0/ddr_phy_top0/u_ddr_mc_phy_wrapper/gen_dqs_iobuf_HR.gen_dqs_iobuf[0].gen_dqs_diff.u_iobuf_dqs/IBUFDS_0 (in ddr3/u_ddr3_mig/u_memc_ui_top_axi/mem_intfc0/ddr_phy_top0/u_ddr_mc_phy_wrapper/gen_dqs_iobuf_HR.gen_dqs_iobuf[0].gen_dqs_diff.u_iobuf_dqs macro) has no loads. It is recommended to have an input buffer drive an internal load.
Related violations: <none>

BUFC-1#2 Warning
Input Buffer Connections  
Input buffer ddr3/u_ddr3_mig/u_memc_ui_top_axi/mem_intfc0/ddr_phy_top0/u_ddr_mc_phy_wrapper/gen_dqs_iobuf_HR.gen_dqs_iobuf[1].gen_dqs_diff.u_iobuf_dqs/IBUFDS_0 (in ddr3/u_ddr3_mig/u_memc_ui_top_axi/mem_intfc0/ddr_phy_top0/u_ddr_mc_phy_wrapper/gen_dqs_iobuf_HR.gen_dqs_iobuf[1].gen_dqs_diff.u_iobuf_dqs macro) has no loads. It is recommended to have an input buffer drive an internal load.
Related violations: <none>

CHECK-3#1 Warning
Report rule limit reached  
REQP-1839 rule limit reached: 20 violations have been found.
Related violations: <none>

DPIP-1#1 Warning
Input pipelining  
DSP rasterixgen.rasterix/gpu/rixif/graphicCore/attributeInterpolator/interpolation/perspCorrection/tex0_mipmap_s_reg1 input rasterixgen.rasterix/gpu/rixif/graphicCore/attributeInterpolator/interpolation/perspCorrection/tex0_mipmap_s_reg1/A[29:0] is not pipelined. Pipelining DSP48 input will improve performance.
Related violations: <none>

DPIP-1#2 Warning
Input pipelining  
DSP rasterixgen.rasterix/gpu/rixif/graphicCore/attributeInterpolator/interpolation/perspCorrection/tex0_mipmap_s_reg1__0 input rasterixgen.rasterix/gpu/rixif/graphicCore/attributeInterpolator/interpolation/perspCorrection/tex0_mipmap_s_reg1__0/A[29:0] is not pipelined. Pipelining DSP48 input will improve performance.
Related violations: <none>

DPIP-1#3 Warning
Input pipelining  
DSP rasterixgen.rasterix/gpu/rixif/graphicCore/attributeInterpolator/interpolation/perspCorrection/tex0_mipmap_t_reg1 input rasterixgen.rasterix/gpu/rixif/graphicCore/attributeInterpolator/interpolation/perspCorrection/tex0_mipmap_t_reg1/A[29:0] is not pipelined. Pipelining DSP48 input will improve performance.
Related violations: <none>

DPIP-1#4 Warning
Input pipelining  
DSP rasterixgen.rasterix/gpu/rixif/graphicCore/attributeInterpolator/interpolation/perspCorrection/tex0_mipmap_t_reg1__0 input rasterixgen.rasterix/gpu/rixif/graphicCore/attributeInterpolator/interpolation/perspCorrection/tex0_mipmap_t_reg1__0/A[29:0] is not pipelined. Pipelining DSP48 input will improve performance.
Related violations: <none>

DPIP-1#5 Warning
Input pipelining  
DSP rasterixgen.rasterix/gpu/rixif/graphicCore/attributeInterpolator/interpolation/perspCorrection/tex0_s_reg1 input rasterixgen.rasterix/gpu/rixif/graphicCore/attributeInterpolator/interpolation/perspCorrection/tex0_s_reg1/A[29:0] is not pipelined. Pipelining DSP48 input will improve performance.
Related violations: <none>

DPIP-1#6 Warning
Input pipelining  
DSP rasterixgen.rasterix/gpu/rixif/graphicCore/attributeInterpolator/interpolation/perspCorrection/tex0_s_reg1__0 input rasterixgen.rasterix/gpu/rixif/graphicCore/attributeInterpolator/interpolation/perspCorrection/tex0_s_reg1__0/A[29:0] is not pipelined. Pipelining DSP48 input will improve performance.
Related violations: <none>

DPIP-1#7 Warning
Input pipelining  
DSP rasterixgen.rasterix/gpu/rixif/graphicCore/attributeInterpolator/interpolation/perspCorrection/tex0_t_reg1 input rasterixgen.rasterix/gpu/rixif/graphicCore/attributeInterpolator/interpolation/perspCorrection/tex0_t_reg1/A[29:0] is not pipelined. Pipelining DSP48 input will improve performance.
Related violations: <none>

DPIP-1#8 Warning
Input pipelining  
DSP rasterixgen.rasterix/gpu/rixif/graphicCore/attributeInterpolator/interpolation/perspCorrection/tex0_t_reg1__0 input rasterixgen.rasterix/gpu/rixif/graphicCore/attributeInterpolator/interpolation/perspCorrection/tex0_t_reg1__0/A[29:0] is not pipelined. Pipelining DSP48 input will improve performance.
Related violations: <none>

DPIP-1#9 Warning
Input pipelining  
DSP rasterixgen.rasterix/gpu/rixif/graphicCore/attributeInterpolator/interpolation/tex0ComputeRecip/genblk1[1].newtonIteration/step0_x10 input rasterixgen.rasterix/gpu/rixif/graphicCore/attributeInterpolator/interpolation/tex0ComputeRecip/genblk1[1].newtonIteration/step0_x10/B[17:0] is not pipelined. Pipelining DSP48 input will improve performance.
Related violations: <none>

DPIP-1#10 Warning
Input pipelining  
DSP rasterixgen.rasterix/gpu/rixif/graphicCore/attributeInterpolator/interpolation/tex0ComputeRecip/genblk1[1].newtonIteration/step0_x1_reg input rasterixgen.rasterix/gpu/rixif/graphicCore/attributeInterpolator/interpolation/tex0ComputeRecip/genblk1[1].newtonIteration/step0_x1_reg/B[17:0] is not pipelined. Pipelining DSP48 input will improve performance.
Related violations: <none>

DPIP-1#11 Warning
Input pipelining  
DSP rasterixgen.rasterix/gpu/rixif/graphicCore/attributeInterpolator/interpolation/tex0ComputeRecip/genblk1[1].newtonIteration/x1_reg input rasterixgen.rasterix/gpu/rixif/graphicCore/attributeInterpolator/interpolation/tex0ComputeRecip/genblk1[1].newtonIteration/x1_reg/B[17:0] is not pipelined. Pipelining DSP48 input will improve performance.
Related violations: <none>

DPIP-1#12 Warning
Input pipelining  
DSP rasterixgen.rasterix/gpu/rixif/graphicCore/attributeInterpolator/interpolation/tex0ComputeRecip/newtonIterationInit/step0_x0_reg input rasterixgen.rasterix/gpu/rixif/graphicCore/attributeInterpolator/interpolation/tex0ComputeRecip/newtonIterationInit/step0_x0_reg/A[29:0] is not pipelined. Pipelining DSP48 input will improve performance.
Related violations: <none>

DPIP-1#13 Warning
Input pipelining  
DSP rasterixgen.rasterix/gpu/rixif/graphicCore/attributeInterpolator/interpolation/tex0MipmapComputeRecip/genblk1[1].newtonIteration/step0_x10 input rasterixgen.rasterix/gpu/rixif/graphicCore/attributeInterpolator/interpolation/tex0MipmapComputeRecip/genblk1[1].newtonIteration/step0_x10/B[17:0] is not pipelined. Pipelining DSP48 input will improve performance.
Related violations: <none>

DPIP-1#14 Warning
Input pipelining  
DSP rasterixgen.rasterix/gpu/rixif/graphicCore/attributeInterpolator/interpolation/tex0MipmapComputeRecip/genblk1[1].newtonIteration/step0_x1_reg input rasterixgen.rasterix/gpu/rixif/graphicCore/attributeInterpolator/interpolation/tex0MipmapComputeRecip/genblk1[1].newtonIteration/step0_x1_reg/B[17:0] is not pipelined. Pipelining DSP48 input will improve performance.
Related violations: <none>

DPIP-1#15 Warning
Input pipelining  
DSP rasterixgen.rasterix/gpu/rixif/graphicCore/attributeInterpolator/interpolation/tex0MipmapComputeRecip/genblk1[1].newtonIteration/x1_reg input rasterixgen.rasterix/gpu/rixif/graphicCore/attributeInterpolator/interpolation/tex0MipmapComputeRecip/genblk1[1].newtonIteration/x1_reg/B[17:0] is not pipelined. Pipelining DSP48 input will improve performance.
Related violations: <none>

DPIP-1#16 Warning
Input pipelining  
DSP rasterixgen.rasterix/gpu/rixif/graphicCore/attributeInterpolator/interpolation/tex0MipmapComputeRecip/newtonIterationInit/step0_x0_reg input rasterixgen.rasterix/gpu/rixif/graphicCore/attributeInterpolator/interpolation/tex0MipmapComputeRecip/newtonIterationInit/step0_x0_reg/A[29:0] is not pipelined. Pipelining DSP48 input will improve performance.
Related violations: <none>

DPIP-1#17 Warning
Input pipelining  
DSP rasterixgen.rasterix/gpu/rixif/graphicCore/rasterizer/m_rr_tindex_reg input rasterixgen.rasterix/gpu/rixif/graphicCore/rasterizer/m_rr_tindex_reg/A[29:0] is not pipelined. Pipelining DSP48 input will improve performance.
Related violations: <none>

DPIP-1#18 Warning
Input pipelining  
DSP wallypipelinedsoc/core/fpu.fpu/fma/mult/Pm input wallypipelinedsoc/core/fpu.fpu/fma/mult/Pm/A[29:0] is not pipelined. Pipelining DSP48 input will improve performance.
Related violations: <none>

DPIP-1#19 Warning
Input pipelining  
DSP wallypipelinedsoc/core/fpu.fpu/fma/mult/Pm input wallypipelinedsoc/core/fpu.fpu/fma/mult/Pm/B[17:0] is not pipelined. Pipelining DSP48 input will improve performance.
Related violations: <none>

DPIP-1#20 Warning
Input pipelining  
DSP wallypipelinedsoc/core/fpu.fpu/fma/mult/Pm__0 input wallypipelinedsoc/core/fpu.fpu/fma/mult/Pm__0/A[29:0] is not pipelined. Pipelining DSP48 input will improve performance.
Related violations: <none>

DPIP-1#21 Warning
Input pipelining  
DSP wallypipelinedsoc/core/fpu.fpu/fma/mult/Pm__0 input wallypipelinedsoc/core/fpu.fpu/fma/mult/Pm__0/B[17:0] is not pipelined. Pipelining DSP48 input will improve performance.
Related violations: <none>

DPIP-1#22 Warning
Input pipelining  
DSP wallypipelinedsoc/core/fpu.fpu/fma/mult/Pm__1 input wallypipelinedsoc/core/fpu.fpu/fma/mult/Pm__1/A[29:0] is not pipelined. Pipelining DSP48 input will improve performance.
Related violations: <none>

DPIP-1#23 Warning
Input pipelining  
DSP wallypipelinedsoc/core/fpu.fpu/fma/mult/Pm__1 input wallypipelinedsoc/core/fpu.fpu/fma/mult/Pm__1/B[17:0] is not pipelined. Pipelining DSP48 input will improve performance.
Related violations: <none>

DPIP-1#24 Warning
Input pipelining  
DSP wallypipelinedsoc/core/fpu.fpu/fma/mult/Pm__2 input wallypipelinedsoc/core/fpu.fpu/fma/mult/Pm__2/A[29:0] is not pipelined. Pipelining DSP48 input will improve performance.
Related violations: <none>

DPIP-1#25 Warning
Input pipelining  
DSP wallypipelinedsoc/core/fpu.fpu/fma/mult/Pm__2 input wallypipelinedsoc/core/fpu.fpu/fma/mult/Pm__2/B[17:0] is not pipelined. Pipelining DSP48 input will improve performance.
Related violations: <none>

DPIP-1#26 Warning
Input pipelining  
DSP wallypipelinedsoc/core/fpu.fpu/fma/mult/Pm__3 input wallypipelinedsoc/core/fpu.fpu/fma/mult/Pm__3/A[29:0] is not pipelined. Pipelining DSP48 input will improve performance.
Related violations: <none>

DPIP-1#27 Warning
Input pipelining  
DSP wallypipelinedsoc/core/fpu.fpu/fma/mult/Pm__3 input wallypipelinedsoc/core/fpu.fpu/fma/mult/Pm__3/B[17:0] is not pipelined. Pipelining DSP48 input will improve performance.
Related violations: <none>

DPIP-1#28 Warning
Input pipelining  
DSP wallypipelinedsoc/core/fpu.fpu/fma/mult/Pm__4 input wallypipelinedsoc/core/fpu.fpu/fma/mult/Pm__4/A[29:0] is not pipelined. Pipelining DSP48 input will improve performance.
Related violations: <none>

DPIP-1#29 Warning
Input pipelining  
DSP wallypipelinedsoc/core/fpu.fpu/fma/mult/Pm__4 input wallypipelinedsoc/core/fpu.fpu/fma/mult/Pm__4/B[17:0] is not pipelined. Pipelining DSP48 input will improve performance.
Related violations: <none>

DPIP-1#30 Warning
Input pipelining  
DSP wallypipelinedsoc/core/fpu.fpu/fma/mult/Pm__5 input wallypipelinedsoc/core/fpu.fpu/fma/mult/Pm__5/A[29:0] is not pipelined. Pipelining DSP48 input will improve performance.
Related violations: <none>

DPIP-1#31 Warning
Input pipelining  
DSP wallypipelinedsoc/core/fpu.fpu/fma/mult/Pm__5 input wallypipelinedsoc/core/fpu.fpu/fma/mult/Pm__5/B[17:0] is not pipelined. Pipelining DSP48 input will improve performance.
Related violations: <none>

DPIP-1#32 Warning
Input pipelining  
DSP wallypipelinedsoc/core/fpu.fpu/fma/mult/Pm__6 input wallypipelinedsoc/core/fpu.fpu/fma/mult/Pm__6/A[29:0] is not pipelined. Pipelining DSP48 input will improve performance.
Related violations: <none>

DPIP-1#33 Warning
Input pipelining  
DSP wallypipelinedsoc/core/fpu.fpu/fma/mult/Pm__6 input wallypipelinedsoc/core/fpu.fpu/fma/mult/Pm__6/B[17:0] is not pipelined. Pipelining DSP48 input will improve performance.
Related violations: <none>

DPIP-1#34 Warning
Input pipelining  
DSP wallypipelinedsoc/core/fpu.fpu/fma/mult/Pm__7 input wallypipelinedsoc/core/fpu.fpu/fma/mult/Pm__7/A[29:0] is not pipelined. Pipelining DSP48 input will improve performance.
Related violations: <none>

DPIP-1#35 Warning
Input pipelining  
DSP wallypipelinedsoc/core/fpu.fpu/fma/mult/Pm__7 input wallypipelinedsoc/core/fpu.fpu/fma/mult/Pm__7/B[17:0] is not pipelined. Pipelining DSP48 input will improve performance.
Related violations: <none>

DPIP-1#36 Warning
Input pipelining  
DSP wallypipelinedsoc/core/mdu.mdu/mul/PP1E input wallypipelinedsoc/core/mdu.mdu/mul/PP1E/A[29:0] is not pipelined. Pipelining DSP48 input will improve performance.
Related violations: <none>

DPIP-1#37 Warning
Input pipelining  
DSP wallypipelinedsoc/core/mdu.mdu/mul/PP1E input wallypipelinedsoc/core/mdu.mdu/mul/PP1E/B[17:0] is not pipelined. Pipelining DSP48 input will improve performance.
Related violations: <none>

DPIP-1#38 Warning
Input pipelining  
DSP wallypipelinedsoc/core/mdu.mdu/mul/PP1E__0 input wallypipelinedsoc/core/mdu.mdu/mul/PP1E__0/A[29:0] is not pipelined. Pipelining DSP48 input will improve performance.
Related violations: <none>

DPIP-1#39 Warning
Input pipelining  
DSP wallypipelinedsoc/core/mdu.mdu/mul/PP1E__0 input wallypipelinedsoc/core/mdu.mdu/mul/PP1E__0/B[17:0] is not pipelined. Pipelining DSP48 input will improve performance.
Related violations: <none>

DPIP-1#40 Warning
Input pipelining  
DSP wallypipelinedsoc/core/mdu.mdu/mul/PP1E__1 input wallypipelinedsoc/core/mdu.mdu/mul/PP1E__1/A[29:0] is not pipelined. Pipelining DSP48 input will improve performance.
Related violations: <none>

DPIP-1#41 Warning
Input pipelining  
DSP wallypipelinedsoc/core/mdu.mdu/mul/PP1E__1 input wallypipelinedsoc/core/mdu.mdu/mul/PP1E__1/B[17:0] is not pipelined. Pipelining DSP48 input will improve performance.
Related violations: <none>

DPIP-1#42 Warning
Input pipelining  
DSP wallypipelinedsoc/core/mdu.mdu/mul/PP1E__10 input wallypipelinedsoc/core/mdu.mdu/mul/PP1E__10/A[29:0] is not pipelined. Pipelining DSP48 input will improve performance.
Related violations: <none>

DPIP-1#43 Warning
Input pipelining  
DSP wallypipelinedsoc/core/mdu.mdu/mul/PP1E__10 input wallypipelinedsoc/core/mdu.mdu/mul/PP1E__10/B[17:0] is not pipelined. Pipelining DSP48 input will improve performance.
Related violations: <none>

DPIP-1#44 Warning
Input pipelining  
DSP wallypipelinedsoc/core/mdu.mdu/mul/PP1E__2 input wallypipelinedsoc/core/mdu.mdu/mul/PP1E__2/A[29:0] is not pipelined. Pipelining DSP48 input will improve performance.
Related violations: <none>

DPIP-1#45 Warning
Input pipelining  
DSP wallypipelinedsoc/core/mdu.mdu/mul/PP1E__2 input wallypipelinedsoc/core/mdu.mdu/mul/PP1E__2/B[17:0] is not pipelined. Pipelining DSP48 input will improve performance.
Related violations: <none>

DPIP-1#46 Warning
Input pipelining  
DSP wallypipelinedsoc/core/mdu.mdu/mul/PP1E__3 input wallypipelinedsoc/core/mdu.mdu/mul/PP1E__3/A[29:0] is not pipelined. Pipelining DSP48 input will improve performance.
Related violations: <none>

DPIP-1#47 Warning
Input pipelining  
DSP wallypipelinedsoc/core/mdu.mdu/mul/PP1E__3 input wallypipelinedsoc/core/mdu.mdu/mul/PP1E__3/B[17:0] is not pipelined. Pipelining DSP48 input will improve performance.
Related violations: <none>

DPIP-1#48 Warning
Input pipelining  
DSP wallypipelinedsoc/core/mdu.mdu/mul/PP1E__4 input wallypipelinedsoc/core/mdu.mdu/mul/PP1E__4/A[29:0] is not pipelined. Pipelining DSP48 input will improve performance.
Related violations: <none>

DPIP-1#49 Warning
Input pipelining  
DSP wallypipelinedsoc/core/mdu.mdu/mul/PP1E__4 input wallypipelinedsoc/core/mdu.mdu/mul/PP1E__4/B[17:0] is not pipelined. Pipelining DSP48 input will improve performance.
Related violations: <none>

DPIP-1#50 Warning
Input pipelining  
DSP wallypipelinedsoc/core/mdu.mdu/mul/PP1E__5 input wallypipelinedsoc/core/mdu.mdu/mul/PP1E__5/A[29:0] is not pipelined. Pipelining DSP48 input will improve performance.
Related violations: <none>

DPIP-1#51 Warning
Input pipelining  
DSP wallypipelinedsoc/core/mdu.mdu/mul/PP1E__5 input wallypipelinedsoc/core/mdu.mdu/mul/PP1E__5/B[17:0] is not pipelined. Pipelining DSP48 input will improve performance.
Related violations: <none>

DPIP-1#52 Warning
Input pipelining  
DSP wallypipelinedsoc/core/mdu.mdu/mul/PP1E__6 input wallypipelinedsoc/core/mdu.mdu/mul/PP1E__6/A[29:0] is not pipelined. Pipelining DSP48 input will improve performance.
Related violations: <none>

DPIP-1#53 Warning
Input pipelining  
DSP wallypipelinedsoc/core/mdu.mdu/mul/PP1E__6 input wallypipelinedsoc/core/mdu.mdu/mul/PP1E__6/B[17:0] is not pipelined. Pipelining DSP48 input will improve performance.
Related violations: <none>

DPIP-1#54 Warning
Input pipelining  
DSP wallypipelinedsoc/core/mdu.mdu/mul/PP1E__7 input wallypipelinedsoc/core/mdu.mdu/mul/PP1E__7/A[29:0] is not pipelined. Pipelining DSP48 input will improve performance.
Related violations: <none>

DPIP-1#55 Warning
Input pipelining  
DSP wallypipelinedsoc/core/mdu.mdu/mul/PP1E__7 input wallypipelinedsoc/core/mdu.mdu/mul/PP1E__7/B[17:0] is not pipelined. Pipelining DSP48 input will improve performance.
Related violations: <none>

DPIP-1#56 Warning
Input pipelining  
DSP wallypipelinedsoc/core/mdu.mdu/mul/PP1E__8 input wallypipelinedsoc/core/mdu.mdu/mul/PP1E__8/A[29:0] is not pipelined. Pipelining DSP48 input will improve performance.
Related violations: <none>

DPIP-1#57 Warning
Input pipelining  
DSP wallypipelinedsoc/core/mdu.mdu/mul/PP1E__8 input wallypipelinedsoc/core/mdu.mdu/mul/PP1E__8/B[17:0] is not pipelined. Pipelining DSP48 input will improve performance.
Related violations: <none>

DPIP-1#58 Warning
Input pipelining  
DSP wallypipelinedsoc/core/mdu.mdu/mul/PP1E__9 input wallypipelinedsoc/core/mdu.mdu/mul/PP1E__9/A[29:0] is not pipelined. Pipelining DSP48 input will improve performance.
Related violations: <none>

DPIP-1#59 Warning
Input pipelining  
DSP wallypipelinedsoc/core/mdu.mdu/mul/PP1E__9 input wallypipelinedsoc/core/mdu.mdu/mul/PP1E__9/B[17:0] is not pipelined. Pipelining DSP48 input will improve performance.
Related violations: <none>

DPIP-1#60 Warning
Input pipelining  
DSP wallypipelinedsoc/core/mdu.mdu/mul/PP1Reg/q_reg input wallypipelinedsoc/core/mdu.mdu/mul/PP1Reg/q_reg/A[29:0] is not pipelined. Pipelining DSP48 input will improve performance.
Related violations: <none>

DPIP-1#61 Warning
Input pipelining  
DSP wallypipelinedsoc/core/mdu.mdu/mul/PP1Reg/q_reg input wallypipelinedsoc/core/mdu.mdu/mul/PP1Reg/q_reg/B[17:0] is not pipelined. Pipelining DSP48 input will improve performance.
Related violations: <none>

DPIP-1#62 Warning
Input pipelining  
DSP wallypipelinedsoc/core/mdu.mdu/mul/PP1Reg/q_reg__0 input wallypipelinedsoc/core/mdu.mdu/mul/PP1Reg/q_reg__0/A[29:0] is not pipelined. Pipelining DSP48 input will improve performance.
Related violations: <none>

DPIP-1#63 Warning
Input pipelining  
DSP wallypipelinedsoc/core/mdu.mdu/mul/PP1Reg/q_reg__0 input wallypipelinedsoc/core/mdu.mdu/mul/PP1Reg/q_reg__0/B[17:0] is not pipelined. Pipelining DSP48 input will improve performance.
Related violations: <none>

DPIP-1#64 Warning
Input pipelining  
DSP wallypipelinedsoc/core/mdu.mdu/mul/PP1Reg/q_reg__1 input wallypipelinedsoc/core/mdu.mdu/mul/PP1Reg/q_reg__1/A[29:0] is not pipelined. Pipelining DSP48 input will improve performance.
Related violations: <none>

DPIP-1#65 Warning
Input pipelining  
DSP wallypipelinedsoc/core/mdu.mdu/mul/PP1Reg/q_reg__1 input wallypipelinedsoc/core/mdu.mdu/mul/PP1Reg/q_reg__1/B[17:0] is not pipelined. Pipelining DSP48 input will improve performance.
Related violations: <none>

DPIP-1#66 Warning
Input pipelining  
DSP wallypipelinedsoc/core/mdu.mdu/mul/PP1Reg/q_reg__2 input wallypipelinedsoc/core/mdu.mdu/mul/PP1Reg/q_reg__2/A[29:0] is not pipelined. Pipelining DSP48 input will improve performance.
Related violations: <none>

DPIP-1#67 Warning
Input pipelining  
DSP wallypipelinedsoc/core/mdu.mdu/mul/PP1Reg/q_reg__2 input wallypipelinedsoc/core/mdu.mdu/mul/PP1Reg/q_reg__2/B[17:0] is not pipelined. Pipelining DSP48 input will improve performance.
Related violations: <none>

DPOP-1#1 Warning
PREG Output pipelining  
DSP rasterixgen.rasterix/gpu/rixif/graphicCore/attributeInterpolator/interpolation/tex0ComputeRecip/genblk1[0].newtonIteration/x10 output rasterixgen.rasterix/gpu/rixif/graphicCore/attributeInterpolator/interpolation/tex0ComputeRecip/genblk1[0].newtonIteration/x10/P[47:0] is not pipelined (PREG=0). Pipelining the DSP48 output will improve performance and often saves power so it is suggested whenever possible to fully pipeline this function.  If this DSP48 function was inferred, it is suggested to describe an additional register stage after this function.  If the DSP48 was instantiated in the design, it is suggested to set the PREG attribute to 1.
Related violations: <none>

DPOP-1#2 Warning
PREG Output pipelining  
DSP rasterixgen.rasterix/gpu/rixif/graphicCore/attributeInterpolator/interpolation/tex0ComputeRecip/genblk1[0].newtonIteration/x10__0 output rasterixgen.rasterix/gpu/rixif/graphicCore/attributeInterpolator/interpolation/tex0ComputeRecip/genblk1[0].newtonIteration/x10__0/P[47:0] is not pipelined (PREG=0). Pipelining the DSP48 output will improve performance and often saves power so it is suggested whenever possible to fully pipeline this function.  If this DSP48 function was inferred, it is suggested to describe an additional register stage after this function.  If the DSP48 was instantiated in the design, it is suggested to set the PREG attribute to 1.
Related violations: <none>

DPOP-1#3 Warning
PREG Output pipelining  
DSP rasterixgen.rasterix/gpu/rixif/graphicCore/attributeInterpolator/interpolation/tex0ComputeRecip/genblk1[1].newtonIteration/x10 output rasterixgen.rasterix/gpu/rixif/graphicCore/attributeInterpolator/interpolation/tex0ComputeRecip/genblk1[1].newtonIteration/x10/P[47:0] is not pipelined (PREG=0). Pipelining the DSP48 output will improve performance and often saves power so it is suggested whenever possible to fully pipeline this function.  If this DSP48 function was inferred, it is suggested to describe an additional register stage after this function.  If the DSP48 was instantiated in the design, it is suggested to set the PREG attribute to 1.
Related violations: <none>

DPOP-1#4 Warning
PREG Output pipelining  
DSP rasterixgen.rasterix/gpu/rixif/graphicCore/attributeInterpolator/interpolation/tex0ComputeRecip/genblk1[1].newtonIteration/x10__0 output rasterixgen.rasterix/gpu/rixif/graphicCore/attributeInterpolator/interpolation/tex0ComputeRecip/genblk1[1].newtonIteration/x10__0/P[47:0] is not pipelined (PREG=0). Pipelining the DSP48 output will improve performance and often saves power so it is suggested whenever possible to fully pipeline this function.  If this DSP48 function was inferred, it is suggested to describe an additional register stage after this function.  If the DSP48 was instantiated in the design, it is suggested to set the PREG attribute to 1.
Related violations: <none>

DPOP-1#5 Warning
PREG Output pipelining  
DSP rasterixgen.rasterix/gpu/rixif/graphicCore/attributeInterpolator/interpolation/tex0MipmapComputeRecip/genblk1[0].newtonIteration/x10 output rasterixgen.rasterix/gpu/rixif/graphicCore/attributeInterpolator/interpolation/tex0MipmapComputeRecip/genblk1[0].newtonIteration/x10/P[47:0] is not pipelined (PREG=0). Pipelining the DSP48 output will improve performance and often saves power so it is suggested whenever possible to fully pipeline this function.  If this DSP48 function was inferred, it is suggested to describe an additional register stage after this function.  If the DSP48 was instantiated in the design, it is suggested to set the PREG attribute to 1.
Related violations: <none>

DPOP-1#6 Warning
PREG Output pipelining  
DSP rasterixgen.rasterix/gpu/rixif/graphicCore/attributeInterpolator/interpolation/tex0MipmapComputeRecip/genblk1[0].newtonIteration/x10__0 output rasterixgen.rasterix/gpu/rixif/graphicCore/attributeInterpolator/interpolation/tex0MipmapComputeRecip/genblk1[0].newtonIteration/x10__0/P[47:0] is not pipelined (PREG=0). Pipelining the DSP48 output will improve performance and often saves power so it is suggested whenever possible to fully pipeline this function.  If this DSP48 function was inferred, it is suggested to describe an additional register stage after this function.  If the DSP48 was instantiated in the design, it is suggested to set the PREG attribute to 1.
Related violations: <none>

DPOP-1#7 Warning
PREG Output pipelining  
DSP rasterixgen.rasterix/gpu/rixif/graphicCore/attributeInterpolator/interpolation/tex0MipmapComputeRecip/genblk1[0].newtonIteration/x1_reg output rasterixgen.rasterix/gpu/rixif/graphicCore/attributeInterpolator/interpolation/tex0MipmapComputeRecip/genblk1[0].newtonIteration/x1_reg/P[47:0] is not pipelined (PREG=0). Pipelining the DSP48 output will improve performance and often saves power so it is suggested whenever possible to fully pipeline this function.  If this DSP48 function was inferred, it is suggested to describe an additional register stage after this function.  If the DSP48 was instantiated in the design, it is suggested to set the PREG attribute to 1.
Related violations: <none>

DPOP-1#8 Warning
PREG Output pipelining  
DSP rasterixgen.rasterix/gpu/rixif/graphicCore/attributeInterpolator/interpolation/tex0MipmapComputeRecip/genblk1[1].newtonIteration/x10 output rasterixgen.rasterix/gpu/rixif/graphicCore/attributeInterpolator/interpolation/tex0MipmapComputeRecip/genblk1[1].newtonIteration/x10/P[47:0] is not pipelined (PREG=0). Pipelining the DSP48 output will improve performance and often saves power so it is suggested whenever possible to fully pipeline this function.  If this DSP48 function was inferred, it is suggested to describe an additional register stage after this function.  If the DSP48 was instantiated in the design, it is suggested to set the PREG attribute to 1.
Related violations: <none>

DPOP-1#9 Warning
PREG Output pipelining  
DSP rasterixgen.rasterix/gpu/rixif/graphicCore/attributeInterpolator/interpolation/tex0MipmapComputeRecip/genblk1[1].newtonIteration/x10__0 output rasterixgen.rasterix/gpu/rixif/graphicCore/attributeInterpolator/interpolation/tex0MipmapComputeRecip/genblk1[1].newtonIteration/x10__0/P[47:0] is not pipelined (PREG=0). Pipelining the DSP48 output will improve performance and often saves power so it is suggested whenever possible to fully pipeline this function.  If this DSP48 function was inferred, it is suggested to describe an additional register stage after this function.  If the DSP48 was instantiated in the design, it is suggested to set the PREG attribute to 1.
Related violations: <none>

DPOP-1#10 Warning
PREG Output pipelining  
DSP rasterixgen.rasterix/gpu/rixif/graphicCore/attributeInterpolator/interpolation/tex0MipmapComputeRecip/genblk1[1].newtonIteration/x1_reg output rasterixgen.rasterix/gpu/rixif/graphicCore/attributeInterpolator/interpolation/tex0MipmapComputeRecip/genblk1[1].newtonIteration/x1_reg/P[47:0] is not pipelined (PREG=0). Pipelining the DSP48 output will improve performance and often saves power so it is suggested whenever possible to fully pipeline this function.  If this DSP48 function was inferred, it is suggested to describe an additional register stage after this function.  If the DSP48 was instantiated in the design, it is suggested to set the PREG attribute to 1.
Related violations: <none>

DPOP-1#11 Warning
PREG Output pipelining  
DSP rasterixgen.rasterix/gpu/rixif/graphicCore/pixelPipeline/fog/step0_calculateFogIntensity/fx0 output rasterixgen.rasterix/gpu/rixif/graphicCore/pixelPipeline/fog/step0_calculateFogIntensity/fx0/P[47:0] is not pipelined (PREG=0). Pipelining the DSP48 output will improve performance and often saves power so it is suggested whenever possible to fully pipeline this function.  If this DSP48 function was inferred, it is suggested to describe an additional register stage after this function.  If the DSP48 was instantiated in the design, it is suggested to set the PREG attribute to 1.
Related violations: <none>

DPOP-1#12 Warning
PREG Output pipelining  
DSP wallypipelinedsoc/core/fpu.fpu/fma/mult/Pm__0 output wallypipelinedsoc/core/fpu.fpu/fma/mult/Pm__0/P[47:0] is not pipelined (PREG=0). Pipelining the DSP48 output will improve performance and often saves power so it is suggested whenever possible to fully pipeline this function.  If this DSP48 function was inferred, it is suggested to describe an additional register stage after this function.  If the DSP48 was instantiated in the design, it is suggested to set the PREG attribute to 1.
Related violations: <none>

DPOP-1#13 Warning
PREG Output pipelining  
DSP wallypipelinedsoc/core/fpu.fpu/fma/mult/Pm__1 output wallypipelinedsoc/core/fpu.fpu/fma/mult/Pm__1/P[47:0] is not pipelined (PREG=0). Pipelining the DSP48 output will improve performance and often saves power so it is suggested whenever possible to fully pipeline this function.  If this DSP48 function was inferred, it is suggested to describe an additional register stage after this function.  If the DSP48 was instantiated in the design, it is suggested to set the PREG attribute to 1.
Related violations: <none>

DPOP-1#14 Warning
PREG Output pipelining  
DSP wallypipelinedsoc/core/fpu.fpu/fma/mult/Pm__4 output wallypipelinedsoc/core/fpu.fpu/fma/mult/Pm__4/P[47:0] is not pipelined (PREG=0). Pipelining the DSP48 output will improve performance and often saves power so it is suggested whenever possible to fully pipeline this function.  If this DSP48 function was inferred, it is suggested to describe an additional register stage after this function.  If the DSP48 was instantiated in the design, it is suggested to set the PREG attribute to 1.
Related violations: <none>

DPOP-1#15 Warning
PREG Output pipelining  
DSP wallypipelinedsoc/core/fpu.fpu/fma/mult/Pm__5 output wallypipelinedsoc/core/fpu.fpu/fma/mult/Pm__5/P[47:0] is not pipelined (PREG=0). Pipelining the DSP48 output will improve performance and often saves power so it is suggested whenever possible to fully pipeline this function.  If this DSP48 function was inferred, it is suggested to describe an additional register stage after this function.  If the DSP48 was instantiated in the design, it is suggested to set the PREG attribute to 1.
Related violations: <none>

DPOP-1#16 Warning
PREG Output pipelining  
DSP wallypipelinedsoc/core/fpu.fpu/fma/mult/Pm__7 output wallypipelinedsoc/core/fpu.fpu/fma/mult/Pm__7/P[47:0] is not pipelined (PREG=0). Pipelining the DSP48 output will improve performance and often saves power so it is suggested whenever possible to fully pipeline this function.  If this DSP48 function was inferred, it is suggested to describe an additional register stage after this function.  If the DSP48 was instantiated in the design, it is suggested to set the PREG attribute to 1.
Related violations: <none>

DPOP-1#17 Warning
PREG Output pipelining  
DSP wallypipelinedsoc/core/mdu.mdu/mul/PP1E output wallypipelinedsoc/core/mdu.mdu/mul/PP1E/P[47:0] is not pipelined (PREG=0). Pipelining the DSP48 output will improve performance and often saves power so it is suggested whenever possible to fully pipeline this function.  If this DSP48 function was inferred, it is suggested to describe an additional register stage after this function.  If the DSP48 was instantiated in the design, it is suggested to set the PREG attribute to 1.
Related violations: <none>

DPOP-1#18 Warning
PREG Output pipelining  
DSP wallypipelinedsoc/core/mdu.mdu/mul/PP1E__1 output wallypipelinedsoc/core/mdu.mdu/mul/PP1E__1/P[47:0] is not pipelined (PREG=0). Pipelining the DSP48 output will improve performance and often saves power so it is suggested whenever possible to fully pipeline this function.  If this DSP48 function was inferred, it is suggested to describe an additional register stage after this function.  If the DSP48 was instantiated in the design, it is suggested to set the PREG attribute to 1.
Related violations: <none>

DPOP-1#19 Warning
PREG Output pipelining  
DSP wallypipelinedsoc/core/mdu.mdu/mul/PP1E__10 output wallypipelinedsoc/core/mdu.mdu/mul/PP1E__10/P[47:0] is not pipelined (PREG=0). Pipelining the DSP48 output will improve performance and often saves power so it is suggested whenever possible to fully pipeline this function.  If this DSP48 function was inferred, it is suggested to describe an additional register stage after this function.  If the DSP48 was instantiated in the design, it is suggested to set the PREG attribute to 1.
Related violations: <none>

DPOP-1#20 Warning
PREG Output pipelining  
DSP wallypipelinedsoc/core/mdu.mdu/mul/PP1E__3 output wallypipelinedsoc/core/mdu.mdu/mul/PP1E__3/P[47:0] is not pipelined (PREG=0). Pipelining the DSP48 output will improve performance and often saves power so it is suggested whenever possible to fully pipeline this function.  If this DSP48 function was inferred, it is suggested to describe an additional register stage after this function.  If the DSP48 was instantiated in the design, it is suggested to set the PREG attribute to 1.
Related violations: <none>

DPOP-1#21 Warning
PREG Output pipelining  
DSP wallypipelinedsoc/core/mdu.mdu/mul/PP1E__6 output wallypipelinedsoc/core/mdu.mdu/mul/PP1E__6/P[47:0] is not pipelined (PREG=0). Pipelining the DSP48 output will improve performance and often saves power so it is suggested whenever possible to fully pipeline this function.  If this DSP48 function was inferred, it is suggested to describe an additional register stage after this function.  If the DSP48 was instantiated in the design, it is suggested to set the PREG attribute to 1.
Related violations: <none>

DPOP-1#22 Warning
PREG Output pipelining  
DSP wallypipelinedsoc/core/mdu.mdu/mul/PP1E__8 output wallypipelinedsoc/core/mdu.mdu/mul/PP1E__8/P[47:0] is not pipelined (PREG=0). Pipelining the DSP48 output will improve performance and often saves power so it is suggested whenever possible to fully pipeline this function.  If this DSP48 function was inferred, it is suggested to describe an additional register stage after this function.  If the DSP48 was instantiated in the design, it is suggested to set the PREG attribute to 1.
Related violations: <none>

DPOP-2#1 Warning
MREG Output pipelining  
DSP rasterixgen.rasterix/gpu/rixif/graphicCore/attributeInterpolator/interpolation/perspCorrection/tex0_mipmap_s_reg1__0 multiplier stage rasterixgen.rasterix/gpu/rixif/graphicCore/attributeInterpolator/interpolation/perspCorrection/tex0_mipmap_s_reg1__0/P[47:0] is not pipelined (MREG=0). Pipelining the multiplier function will improve performance and will save significant power so it is suggested whenever possible to fully pipeline this function.  If this multiplier was inferred, it is suggested to describe an additional register stage after this function.  If there is no registered adder/accumulator following the multiply function, two pipeline stages are suggested to allow both the MREG and PREG registers to be used.  If the DSP48 was instantiated in the design, it is suggested to set both the MREG and PREG attributes to 1 when performing multiply functions.
Related violations: <none>

DPOP-2#2 Warning
MREG Output pipelining  
DSP rasterixgen.rasterix/gpu/rixif/graphicCore/attributeInterpolator/interpolation/perspCorrection/tex0_mipmap_t_reg1__0 multiplier stage rasterixgen.rasterix/gpu/rixif/graphicCore/attributeInterpolator/interpolation/perspCorrection/tex0_mipmap_t_reg1__0/P[47:0] is not pipelined (MREG=0). Pipelining the multiplier function will improve performance and will save significant power so it is suggested whenever possible to fully pipeline this function.  If this multiplier was inferred, it is suggested to describe an additional register stage after this function.  If there is no registered adder/accumulator following the multiply function, two pipeline stages are suggested to allow both the MREG and PREG registers to be used.  If the DSP48 was instantiated in the design, it is suggested to set both the MREG and PREG attributes to 1 when performing multiply functions.
Related violations: <none>

DPOP-2#3 Warning
MREG Output pipelining  
DSP rasterixgen.rasterix/gpu/rixif/graphicCore/attributeInterpolator/interpolation/perspCorrection/tex0_s_reg1__0 multiplier stage rasterixgen.rasterix/gpu/rixif/graphicCore/attributeInterpolator/interpolation/perspCorrection/tex0_s_reg1__0/P[47:0] is not pipelined (MREG=0). Pipelining the multiplier function will improve performance and will save significant power so it is suggested whenever possible to fully pipeline this function.  If this multiplier was inferred, it is suggested to describe an additional register stage after this function.  If there is no registered adder/accumulator following the multiply function, two pipeline stages are suggested to allow both the MREG and PREG registers to be used.  If the DSP48 was instantiated in the design, it is suggested to set both the MREG and PREG attributes to 1 when performing multiply functions.
Related violations: <none>

DPOP-2#4 Warning
MREG Output pipelining  
DSP rasterixgen.rasterix/gpu/rixif/graphicCore/attributeInterpolator/interpolation/perspCorrection/tex0_t_reg1__0 multiplier stage rasterixgen.rasterix/gpu/rixif/graphicCore/attributeInterpolator/interpolation/perspCorrection/tex0_t_reg1__0/P[47:0] is not pipelined (MREG=0). Pipelining the multiplier function will improve performance and will save significant power so it is suggested whenever possible to fully pipeline this function.  If this multiplier was inferred, it is suggested to describe an additional register stage after this function.  If there is no registered adder/accumulator following the multiply function, two pipeline stages are suggested to allow both the MREG and PREG registers to be used.  If the DSP48 was instantiated in the design, it is suggested to set both the MREG and PREG attributes to 1 when performing multiply functions.
Related violations: <none>

DPOP-2#5 Warning
MREG Output pipelining  
DSP rasterixgen.rasterix/gpu/rixif/graphicCore/attributeInterpolator/interpolation/tex0ComputeRecip/genblk1[0].newtonIteration/step0_x1_reg multiplier stage rasterixgen.rasterix/gpu/rixif/graphicCore/attributeInterpolator/interpolation/tex0ComputeRecip/genblk1[0].newtonIteration/step0_x1_reg/P[47:0] is not pipelined (MREG=0). Pipelining the multiplier function will improve performance and will save significant power so it is suggested whenever possible to fully pipeline this function.  If this multiplier was inferred, it is suggested to describe an additional register stage after this function.  If there is no registered adder/accumulator following the multiply function, two pipeline stages are suggested to allow both the MREG and PREG registers to be used.  If the DSP48 was instantiated in the design, it is suggested to set both the MREG and PREG attributes to 1 when performing multiply functions.
Related violations: <none>

DPOP-2#6 Warning
MREG Output pipelining  
DSP rasterixgen.rasterix/gpu/rixif/graphicCore/attributeInterpolator/interpolation/tex0ComputeRecip/genblk1[0].newtonIteration/x10 multiplier stage rasterixgen.rasterix/gpu/rixif/graphicCore/attributeInterpolator/interpolation/tex0ComputeRecip/genblk1[0].newtonIteration/x10/P[47:0] is not pipelined (MREG=0). Pipelining the multiplier function will improve performance and will save significant power so it is suggested whenever possible to fully pipeline this function.  If this multiplier was inferred, it is suggested to describe an additional register stage after this function.  If there is no registered adder/accumulator following the multiply function, two pipeline stages are suggested to allow both the MREG and PREG registers to be used.  If the DSP48 was instantiated in the design, it is suggested to set both the MREG and PREG attributes to 1 when performing multiply functions.
Related violations: <none>

DPOP-2#7 Warning
MREG Output pipelining  
DSP rasterixgen.rasterix/gpu/rixif/graphicCore/attributeInterpolator/interpolation/tex0ComputeRecip/genblk1[0].newtonIteration/x10__0 multiplier stage rasterixgen.rasterix/gpu/rixif/graphicCore/attributeInterpolator/interpolation/tex0ComputeRecip/genblk1[0].newtonIteration/x10__0/P[47:0] is not pipelined (MREG=0). Pipelining the multiplier function will improve performance and will save significant power so it is suggested whenever possible to fully pipeline this function.  If this multiplier was inferred, it is suggested to describe an additional register stage after this function.  If there is no registered adder/accumulator following the multiply function, two pipeline stages are suggested to allow both the MREG and PREG registers to be used.  If the DSP48 was instantiated in the design, it is suggested to set both the MREG and PREG attributes to 1 when performing multiply functions.
Related violations: <none>

DPOP-2#8 Warning
MREG Output pipelining  
DSP rasterixgen.rasterix/gpu/rixif/graphicCore/attributeInterpolator/interpolation/tex0ComputeRecip/genblk1[0].newtonIteration/x1_reg multiplier stage rasterixgen.rasterix/gpu/rixif/graphicCore/attributeInterpolator/interpolation/tex0ComputeRecip/genblk1[0].newtonIteration/x1_reg/P[47:0] is not pipelined (MREG=0). Pipelining the multiplier function will improve performance and will save significant power so it is suggested whenever possible to fully pipeline this function.  If this multiplier was inferred, it is suggested to describe an additional register stage after this function.  If there is no registered adder/accumulator following the multiply function, two pipeline stages are suggested to allow both the MREG and PREG registers to be used.  If the DSP48 was instantiated in the design, it is suggested to set both the MREG and PREG attributes to 1 when performing multiply functions.
Related violations: <none>

DPOP-2#9 Warning
MREG Output pipelining  
DSP rasterixgen.rasterix/gpu/rixif/graphicCore/attributeInterpolator/interpolation/tex0ComputeRecip/genblk1[1].newtonIteration/step0_x1_reg multiplier stage rasterixgen.rasterix/gpu/rixif/graphicCore/attributeInterpolator/interpolation/tex0ComputeRecip/genblk1[1].newtonIteration/step0_x1_reg/P[47:0] is not pipelined (MREG=0). Pipelining the multiplier function will improve performance and will save significant power so it is suggested whenever possible to fully pipeline this function.  If this multiplier was inferred, it is suggested to describe an additional register stage after this function.  If there is no registered adder/accumulator following the multiply function, two pipeline stages are suggested to allow both the MREG and PREG registers to be used.  If the DSP48 was instantiated in the design, it is suggested to set both the MREG and PREG attributes to 1 when performing multiply functions.
Related violations: <none>

DPOP-2#10 Warning
MREG Output pipelining  
DSP rasterixgen.rasterix/gpu/rixif/graphicCore/attributeInterpolator/interpolation/tex0ComputeRecip/genblk1[1].newtonIteration/x10 multiplier stage rasterixgen.rasterix/gpu/rixif/graphicCore/attributeInterpolator/interpolation/tex0ComputeRecip/genblk1[1].newtonIteration/x10/P[47:0] is not pipelined (MREG=0). Pipelining the multiplier function will improve performance and will save significant power so it is suggested whenever possible to fully pipeline this function.  If this multiplier was inferred, it is suggested to describe an additional register stage after this function.  If there is no registered adder/accumulator following the multiply function, two pipeline stages are suggested to allow both the MREG and PREG registers to be used.  If the DSP48 was instantiated in the design, it is suggested to set both the MREG and PREG attributes to 1 when performing multiply functions.
Related violations: <none>

DPOP-2#11 Warning
MREG Output pipelining  
DSP rasterixgen.rasterix/gpu/rixif/graphicCore/attributeInterpolator/interpolation/tex0ComputeRecip/genblk1[1].newtonIteration/x10__0 multiplier stage rasterixgen.rasterix/gpu/rixif/graphicCore/attributeInterpolator/interpolation/tex0ComputeRecip/genblk1[1].newtonIteration/x10__0/P[47:0] is not pipelined (MREG=0). Pipelining the multiplier function will improve performance and will save significant power so it is suggested whenever possible to fully pipeline this function.  If this multiplier was inferred, it is suggested to describe an additional register stage after this function.  If there is no registered adder/accumulator following the multiply function, two pipeline stages are suggested to allow both the MREG and PREG registers to be used.  If the DSP48 was instantiated in the design, it is suggested to set both the MREG and PREG attributes to 1 when performing multiply functions.
Related violations: <none>

DPOP-2#12 Warning
MREG Output pipelining  
DSP rasterixgen.rasterix/gpu/rixif/graphicCore/attributeInterpolator/interpolation/tex0ComputeRecip/newtonIterationInit/step0_x0_reg multiplier stage rasterixgen.rasterix/gpu/rixif/graphicCore/attributeInterpolator/interpolation/tex0ComputeRecip/newtonIterationInit/step0_x0_reg/P[47:0] is not pipelined (MREG=0). Pipelining the multiplier function will improve performance and will save significant power so it is suggested whenever possible to fully pipeline this function.  If this multiplier was inferred, it is suggested to describe an additional register stage after this function.  If there is no registered adder/accumulator following the multiply function, two pipeline stages are suggested to allow both the MREG and PREG registers to be used.  If the DSP48 was instantiated in the design, it is suggested to set both the MREG and PREG attributes to 1 when performing multiply functions.
Related violations: <none>

DPOP-2#13 Warning
MREG Output pipelining  
DSP rasterixgen.rasterix/gpu/rixif/graphicCore/attributeInterpolator/interpolation/tex0ComputeRecip/newtonIterationInit/step2_x0_reg multiplier stage rasterixgen.rasterix/gpu/rixif/graphicCore/attributeInterpolator/interpolation/tex0ComputeRecip/newtonIterationInit/step2_x0_reg/P[47:0] is not pipelined (MREG=0). Pipelining the multiplier function will improve performance and will save significant power so it is suggested whenever possible to fully pipeline this function.  If this multiplier was inferred, it is suggested to describe an additional register stage after this function.  If there is no registered adder/accumulator following the multiply function, two pipeline stages are suggested to allow both the MREG and PREG registers to be used.  If the DSP48 was instantiated in the design, it is suggested to set both the MREG and PREG attributes to 1 when performing multiply functions.
Related violations: <none>

DPOP-2#14 Warning
MREG Output pipelining  
DSP rasterixgen.rasterix/gpu/rixif/graphicCore/attributeInterpolator/interpolation/tex0MipmapComputeRecip/genblk1[0].newtonIteration/step0_x1_reg multiplier stage rasterixgen.rasterix/gpu/rixif/graphicCore/attributeInterpolator/interpolation/tex0MipmapComputeRecip/genblk1[0].newtonIteration/step0_x1_reg/P[47:0] is not pipelined (MREG=0). Pipelining the multiplier function will improve performance and will save significant power so it is suggested whenever possible to fully pipeline this function.  If this multiplier was inferred, it is suggested to describe an additional register stage after this function.  If there is no registered adder/accumulator following the multiply function, two pipeline stages are suggested to allow both the MREG and PREG registers to be used.  If the DSP48 was instantiated in the design, it is suggested to set both the MREG and PREG attributes to 1 when performing multiply functions.
Related violations: <none>

DPOP-2#15 Warning
MREG Output pipelining  
DSP rasterixgen.rasterix/gpu/rixif/graphicCore/attributeInterpolator/interpolation/tex0MipmapComputeRecip/genblk1[0].newtonIteration/x10 multiplier stage rasterixgen.rasterix/gpu/rixif/graphicCore/attributeInterpolator/interpolation/tex0MipmapComputeRecip/genblk1[0].newtonIteration/x10/P[47:0] is not pipelined (MREG=0). Pipelining the multiplier function will improve performance and will save significant power so it is suggested whenever possible to fully pipeline this function.  If this multiplier was inferred, it is suggested to describe an additional register stage after this function.  If there is no registered adder/accumulator following the multiply function, two pipeline stages are suggested to allow both the MREG and PREG registers to be used.  If the DSP48 was instantiated in the design, it is suggested to set both the MREG and PREG attributes to 1 when performing multiply functions.
Related violations: <none>

DPOP-2#16 Warning
MREG Output pipelining  
DSP rasterixgen.rasterix/gpu/rixif/graphicCore/attributeInterpolator/interpolation/tex0MipmapComputeRecip/genblk1[0].newtonIteration/x10__0 multiplier stage rasterixgen.rasterix/gpu/rixif/graphicCore/attributeInterpolator/interpolation/tex0MipmapComputeRecip/genblk1[0].newtonIteration/x10__0/P[47:0] is not pipelined (MREG=0). Pipelining the multiplier function will improve performance and will save significant power so it is suggested whenever possible to fully pipeline this function.  If this multiplier was inferred, it is suggested to describe an additional register stage after this function.  If there is no registered adder/accumulator following the multiply function, two pipeline stages are suggested to allow both the MREG and PREG registers to be used.  If the DSP48 was instantiated in the design, it is suggested to set both the MREG and PREG attributes to 1 when performing multiply functions.
Related violations: <none>

DPOP-2#17 Warning
MREG Output pipelining  
DSP rasterixgen.rasterix/gpu/rixif/graphicCore/attributeInterpolator/interpolation/tex0MipmapComputeRecip/genblk1[0].newtonIteration/x1_reg multiplier stage rasterixgen.rasterix/gpu/rixif/graphicCore/attributeInterpolator/interpolation/tex0MipmapComputeRecip/genblk1[0].newtonIteration/x1_reg/P[47:0] is not pipelined (MREG=0). Pipelining the multiplier function will improve performance and will save significant power so it is suggested whenever possible to fully pipeline this function.  If this multiplier was inferred, it is suggested to describe an additional register stage after this function.  If there is no registered adder/accumulator following the multiply function, two pipeline stages are suggested to allow both the MREG and PREG registers to be used.  If the DSP48 was instantiated in the design, it is suggested to set both the MREG and PREG attributes to 1 when performing multiply functions.
Related violations: <none>

DPOP-2#18 Warning
MREG Output pipelining  
DSP rasterixgen.rasterix/gpu/rixif/graphicCore/attributeInterpolator/interpolation/tex0MipmapComputeRecip/genblk1[1].newtonIteration/step0_x1_reg multiplier stage rasterixgen.rasterix/gpu/rixif/graphicCore/attributeInterpolator/interpolation/tex0MipmapComputeRecip/genblk1[1].newtonIteration/step0_x1_reg/P[47:0] is not pipelined (MREG=0). Pipelining the multiplier function will improve performance and will save significant power so it is suggested whenever possible to fully pipeline this function.  If this multiplier was inferred, it is suggested to describe an additional register stage after this function.  If there is no registered adder/accumulator following the multiply function, two pipeline stages are suggested to allow both the MREG and PREG registers to be used.  If the DSP48 was instantiated in the design, it is suggested to set both the MREG and PREG attributes to 1 when performing multiply functions.
Related violations: <none>

DPOP-2#19 Warning
MREG Output pipelining  
DSP rasterixgen.rasterix/gpu/rixif/graphicCore/attributeInterpolator/interpolation/tex0MipmapComputeRecip/genblk1[1].newtonIteration/x10 multiplier stage rasterixgen.rasterix/gpu/rixif/graphicCore/attributeInterpolator/interpolation/tex0MipmapComputeRecip/genblk1[1].newtonIteration/x10/P[47:0] is not pipelined (MREG=0). Pipelining the multiplier function will improve performance and will save significant power so it is suggested whenever possible to fully pipeline this function.  If this multiplier was inferred, it is suggested to describe an additional register stage after this function.  If there is no registered adder/accumulator following the multiply function, two pipeline stages are suggested to allow both the MREG and PREG registers to be used.  If the DSP48 was instantiated in the design, it is suggested to set both the MREG and PREG attributes to 1 when performing multiply functions.
Related violations: <none>

DPOP-2#20 Warning
MREG Output pipelining  
DSP rasterixgen.rasterix/gpu/rixif/graphicCore/attributeInterpolator/interpolation/tex0MipmapComputeRecip/genblk1[1].newtonIteration/x10__0 multiplier stage rasterixgen.rasterix/gpu/rixif/graphicCore/attributeInterpolator/interpolation/tex0MipmapComputeRecip/genblk1[1].newtonIteration/x10__0/P[47:0] is not pipelined (MREG=0). Pipelining the multiplier function will improve performance and will save significant power so it is suggested whenever possible to fully pipeline this function.  If this multiplier was inferred, it is suggested to describe an additional register stage after this function.  If there is no registered adder/accumulator following the multiply function, two pipeline stages are suggested to allow both the MREG and PREG registers to be used.  If the DSP48 was instantiated in the design, it is suggested to set both the MREG and PREG attributes to 1 when performing multiply functions.
Related violations: <none>

DPOP-2#21 Warning
MREG Output pipelining  
DSP rasterixgen.rasterix/gpu/rixif/graphicCore/attributeInterpolator/interpolation/tex0MipmapComputeRecip/newtonIterationInit/step0_x0_reg multiplier stage rasterixgen.rasterix/gpu/rixif/graphicCore/attributeInterpolator/interpolation/tex0MipmapComputeRecip/newtonIterationInit/step0_x0_reg/P[47:0] is not pipelined (MREG=0). Pipelining the multiplier function will improve performance and will save significant power so it is suggested whenever possible to fully pipeline this function.  If this multiplier was inferred, it is suggested to describe an additional register stage after this function.  If there is no registered adder/accumulator following the multiply function, two pipeline stages are suggested to allow both the MREG and PREG registers to be used.  If the DSP48 was instantiated in the design, it is suggested to set both the MREG and PREG attributes to 1 when performing multiply functions.
Related violations: <none>

DPOP-2#22 Warning
MREG Output pipelining  
DSP rasterixgen.rasterix/gpu/rixif/graphicCore/attributeInterpolator/interpolation/tex0MipmapComputeRecip/newtonIterationInit/step2_x0_reg multiplier stage rasterixgen.rasterix/gpu/rixif/graphicCore/attributeInterpolator/interpolation/tex0MipmapComputeRecip/newtonIterationInit/step2_x0_reg/P[47:0] is not pipelined (MREG=0). Pipelining the multiplier function will improve performance and will save significant power so it is suggested whenever possible to fully pipeline this function.  If this multiplier was inferred, it is suggested to describe an additional register stage after this function.  If there is no registered adder/accumulator following the multiply function, two pipeline stages are suggested to allow both the MREG and PREG registers to be used.  If the DSP48 was instantiated in the design, it is suggested to set both the MREG and PREG attributes to 1 when performing multiply functions.
Related violations: <none>

DPOP-2#23 Warning
MREG Output pipelining  
DSP rasterixgen.rasterix/gpu/rixif/graphicCore/pixelPipeline/fog/step0_calculateFogIntensity/fx0 multiplier stage rasterixgen.rasterix/gpu/rixif/graphicCore/pixelPipeline/fog/step0_calculateFogIntensity/fx0/P[47:0] is not pipelined (MREG=0). Pipelining the multiplier function will improve performance and will save significant power so it is suggested whenever possible to fully pipeline this function.  If this multiplier was inferred, it is suggested to describe an additional register stage after this function.  If there is no registered adder/accumulator following the multiply function, two pipeline stages are suggested to allow both the MREG and PREG registers to be used.  If the DSP48 was instantiated in the design, it is suggested to set both the MREG and PREG attributes to 1 when performing multiply functions.
Related violations: <none>

DPOP-2#24 Warning
MREG Output pipelining  
DSP rasterixgen.rasterix/gpu/rixif/graphicCore/rasterizer/m_rr_tindex_reg multiplier stage rasterixgen.rasterix/gpu/rixif/graphicCore/rasterizer/m_rr_tindex_reg/P[47:0] is not pipelined (MREG=0). Pipelining the multiplier function will improve performance and will save significant power so it is suggested whenever possible to fully pipeline this function.  If this multiplier was inferred, it is suggested to describe an additional register stage after this function.  If there is no registered adder/accumulator following the multiply function, two pipeline stages are suggested to allow both the MREG and PREG registers to be used.  If the DSP48 was instantiated in the design, it is suggested to set both the MREG and PREG attributes to 1 when performing multiply functions.
Related violations: <none>

DPOP-2#25 Warning
MREG Output pipelining  
DSP wallypipelinedsoc/core/fpu.fpu/fma/mult/Pm__0 multiplier stage wallypipelinedsoc/core/fpu.fpu/fma/mult/Pm__0/P[47:0] is not pipelined (MREG=0). Pipelining the multiplier function will improve performance and will save significant power so it is suggested whenever possible to fully pipeline this function.  If this multiplier was inferred, it is suggested to describe an additional register stage after this function.  If there is no registered adder/accumulator following the multiply function, two pipeline stages are suggested to allow both the MREG and PREG registers to be used.  If the DSP48 was instantiated in the design, it is suggested to set both the MREG and PREG attributes to 1 when performing multiply functions.
Related violations: <none>

DPOP-2#26 Warning
MREG Output pipelining  
DSP wallypipelinedsoc/core/fpu.fpu/fma/mult/Pm__1 multiplier stage wallypipelinedsoc/core/fpu.fpu/fma/mult/Pm__1/P[47:0] is not pipelined (MREG=0). Pipelining the multiplier function will improve performance and will save significant power so it is suggested whenever possible to fully pipeline this function.  If this multiplier was inferred, it is suggested to describe an additional register stage after this function.  If there is no registered adder/accumulator following the multiply function, two pipeline stages are suggested to allow both the MREG and PREG registers to be used.  If the DSP48 was instantiated in the design, it is suggested to set both the MREG and PREG attributes to 1 when performing multiply functions.
Related violations: <none>

DPOP-2#27 Warning
MREG Output pipelining  
DSP wallypipelinedsoc/core/fpu.fpu/fma/mult/Pm__4 multiplier stage wallypipelinedsoc/core/fpu.fpu/fma/mult/Pm__4/P[47:0] is not pipelined (MREG=0). Pipelining the multiplier function will improve performance and will save significant power so it is suggested whenever possible to fully pipeline this function.  If this multiplier was inferred, it is suggested to describe an additional register stage after this function.  If there is no registered adder/accumulator following the multiply function, two pipeline stages are suggested to allow both the MREG and PREG registers to be used.  If the DSP48 was instantiated in the design, it is suggested to set both the MREG and PREG attributes to 1 when performing multiply functions.
Related violations: <none>

DPOP-2#28 Warning
MREG Output pipelining  
DSP wallypipelinedsoc/core/fpu.fpu/fma/mult/Pm__5 multiplier stage wallypipelinedsoc/core/fpu.fpu/fma/mult/Pm__5/P[47:0] is not pipelined (MREG=0). Pipelining the multiplier function will improve performance and will save significant power so it is suggested whenever possible to fully pipeline this function.  If this multiplier was inferred, it is suggested to describe an additional register stage after this function.  If there is no registered adder/accumulator following the multiply function, two pipeline stages are suggested to allow both the MREG and PREG registers to be used.  If the DSP48 was instantiated in the design, it is suggested to set both the MREG and PREG attributes to 1 when performing multiply functions.
Related violations: <none>

DPOP-2#29 Warning
MREG Output pipelining  
DSP wallypipelinedsoc/core/fpu.fpu/fma/mult/Pm__7 multiplier stage wallypipelinedsoc/core/fpu.fpu/fma/mult/Pm__7/P[47:0] is not pipelined (MREG=0). Pipelining the multiplier function will improve performance and will save significant power so it is suggested whenever possible to fully pipeline this function.  If this multiplier was inferred, it is suggested to describe an additional register stage after this function.  If there is no registered adder/accumulator following the multiply function, two pipeline stages are suggested to allow both the MREG and PREG registers to be used.  If the DSP48 was instantiated in the design, it is suggested to set both the MREG and PREG attributes to 1 when performing multiply functions.
Related violations: <none>

DPOP-2#30 Warning
MREG Output pipelining  
DSP wallypipelinedsoc/core/mdu.mdu/mul/PP1E multiplier stage wallypipelinedsoc/core/mdu.mdu/mul/PP1E/P[47:0] is not pipelined (MREG=0). Pipelining the multiplier function will improve performance and will save significant power so it is suggested whenever possible to fully pipeline this function.  If this multiplier was inferred, it is suggested to describe an additional register stage after this function.  If there is no registered adder/accumulator following the multiply function, two pipeline stages are suggested to allow both the MREG and PREG registers to be used.  If the DSP48 was instantiated in the design, it is suggested to set both the MREG and PREG attributes to 1 when performing multiply functions.
Related violations: <none>

DPOP-2#31 Warning
MREG Output pipelining  
DSP wallypipelinedsoc/core/mdu.mdu/mul/PP1E__1 multiplier stage wallypipelinedsoc/core/mdu.mdu/mul/PP1E__1/P[47:0] is not pipelined (MREG=0). Pipelining the multiplier function will improve performance and will save significant power so it is suggested whenever possible to fully pipeline this function.  If this multiplier was inferred, it is suggested to describe an additional register stage after this function.  If there is no registered adder/accumulator following the multiply function, two pipeline stages are suggested to allow both the MREG and PREG registers to be used.  If the DSP48 was instantiated in the design, it is suggested to set both the MREG and PREG attributes to 1 when performing multiply functions.
Related violations: <none>

DPOP-2#32 Warning
MREG Output pipelining  
DSP wallypipelinedsoc/core/mdu.mdu/mul/PP1E__10 multiplier stage wallypipelinedsoc/core/mdu.mdu/mul/PP1E__10/P[47:0] is not pipelined (MREG=0). Pipelining the multiplier function will improve performance and will save significant power so it is suggested whenever possible to fully pipeline this function.  If this multiplier was inferred, it is suggested to describe an additional register stage after this function.  If there is no registered adder/accumulator following the multiply function, two pipeline stages are suggested to allow both the MREG and PREG registers to be used.  If the DSP48 was instantiated in the design, it is suggested to set both the MREG and PREG attributes to 1 when performing multiply functions.
Related violations: <none>

DPOP-2#33 Warning
MREG Output pipelining  
DSP wallypipelinedsoc/core/mdu.mdu/mul/PP1E__3 multiplier stage wallypipelinedsoc/core/mdu.mdu/mul/PP1E__3/P[47:0] is not pipelined (MREG=0). Pipelining the multiplier function will improve performance and will save significant power so it is suggested whenever possible to fully pipeline this function.  If this multiplier was inferred, it is suggested to describe an additional register stage after this function.  If there is no registered adder/accumulator following the multiply function, two pipeline stages are suggested to allow both the MREG and PREG registers to be used.  If the DSP48 was instantiated in the design, it is suggested to set both the MREG and PREG attributes to 1 when performing multiply functions.
Related violations: <none>

DPOP-2#34 Warning
MREG Output pipelining  
DSP wallypipelinedsoc/core/mdu.mdu/mul/PP1E__6 multiplier stage wallypipelinedsoc/core/mdu.mdu/mul/PP1E__6/P[47:0] is not pipelined (MREG=0). Pipelining the multiplier function will improve performance and will save significant power so it is suggested whenever possible to fully pipeline this function.  If this multiplier was inferred, it is suggested to describe an additional register stage after this function.  If there is no registered adder/accumulator following the multiply function, two pipeline stages are suggested to allow both the MREG and PREG registers to be used.  If the DSP48 was instantiated in the design, it is suggested to set both the MREG and PREG attributes to 1 when performing multiply functions.
Related violations: <none>

DPOP-2#35 Warning
MREG Output pipelining  
DSP wallypipelinedsoc/core/mdu.mdu/mul/PP1E__8 multiplier stage wallypipelinedsoc/core/mdu.mdu/mul/PP1E__8/P[47:0] is not pipelined (MREG=0). Pipelining the multiplier function will improve performance and will save significant power so it is suggested whenever possible to fully pipeline this function.  If this multiplier was inferred, it is suggested to describe an additional register stage after this function.  If there is no registered adder/accumulator following the multiply function, two pipeline stages are suggested to allow both the MREG and PREG registers to be used.  If the DSP48 was instantiated in the design, it is suggested to set both the MREG and PREG attributes to 1 when performing multiply functions.
Related violations: <none>

DPOP-2#36 Warning
MREG Output pipelining  
DSP wallypipelinedsoc/core/mdu.mdu/mul/PP1Reg/q_reg multiplier stage wallypipelinedsoc/core/mdu.mdu/mul/PP1Reg/q_reg/P[47:0] is not pipelined (MREG=0). Pipelining the multiplier function will improve performance and will save significant power so it is suggested whenever possible to fully pipeline this function.  If this multiplier was inferred, it is suggested to describe an additional register stage after this function.  If there is no registered adder/accumulator following the multiply function, two pipeline stages are suggested to allow both the MREG and PREG registers to be used.  If the DSP48 was instantiated in the design, it is suggested to set both the MREG and PREG attributes to 1 when performing multiply functions.
Related violations: <none>

DPOP-2#37 Warning
MREG Output pipelining  
DSP wallypipelinedsoc/core/mdu.mdu/mul/PP1Reg/q_reg__0 multiplier stage wallypipelinedsoc/core/mdu.mdu/mul/PP1Reg/q_reg__0/P[47:0] is not pipelined (MREG=0). Pipelining the multiplier function will improve performance and will save significant power so it is suggested whenever possible to fully pipeline this function.  If this multiplier was inferred, it is suggested to describe an additional register stage after this function.  If there is no registered adder/accumulator following the multiply function, two pipeline stages are suggested to allow both the MREG and PREG registers to be used.  If the DSP48 was instantiated in the design, it is suggested to set both the MREG and PREG attributes to 1 when performing multiply functions.
Related violations: <none>

DPOP-2#38 Warning
MREG Output pipelining  
DSP wallypipelinedsoc/core/mdu.mdu/mul/PP1Reg/q_reg__1 multiplier stage wallypipelinedsoc/core/mdu.mdu/mul/PP1Reg/q_reg__1/P[47:0] is not pipelined (MREG=0). Pipelining the multiplier function will improve performance and will save significant power so it is suggested whenever possible to fully pipeline this function.  If this multiplier was inferred, it is suggested to describe an additional register stage after this function.  If there is no registered adder/accumulator following the multiply function, two pipeline stages are suggested to allow both the MREG and PREG registers to be used.  If the DSP48 was instantiated in the design, it is suggested to set both the MREG and PREG attributes to 1 when performing multiply functions.
Related violations: <none>

DPOP-2#39 Warning
MREG Output pipelining  
DSP wallypipelinedsoc/core/mdu.mdu/mul/PP1Reg/q_reg__2 multiplier stage wallypipelinedsoc/core/mdu.mdu/mul/PP1Reg/q_reg__2/P[47:0] is not pipelined (MREG=0). Pipelining the multiplier function will improve performance and will save significant power so it is suggested whenever possible to fully pipeline this function.  If this multiplier was inferred, it is suggested to describe an additional register stage after this function.  If there is no registered adder/accumulator following the multiply function, two pipeline stages are suggested to allow both the MREG and PREG registers to be used.  If the DSP48 was instantiated in the design, it is suggested to set both the MREG and PREG attributes to 1 when performing multiply functions.
Related violations: <none>

PDCN-1569#1 Warning
LUT equation term check  
Used physical LUT pin 'A1' of cell rasterixgen.rasterix/memory/rasterixmem_i/gpubuffer/inst/gen_fifo.fifo_gen_inst/inst_fifo_gen/gaxi_full_lite.gwrite_ch.gwach2.axi_wach/grf.rf/gntv_or_sync_fifo.gl0.rd/gr1.gr1_int.rfwft/gpregsm1.user_valid_i_1 (pin rasterixgen.rasterix/memory/rasterixmem_i/gpubuffer/inst/gen_fifo.fifo_gen_inst/inst_fifo_gen/gaxi_full_lite.gwrite_ch.gwach2.axi_wach/grf.rf/gntv_or_sync_fifo.gl0.rd/gr1.gr1_int.rfwft/gpregsm1.user_valid_i_1/I0) is not included in the LUT equation: 'O6=(A4*A6)+((~A4)*A3)+((~A4)*(~A3)*A6)'. If this cell is a user instantiated LUT in the design, please remove connectivity to the pin or change the equation and/or INIT string of the LUT to prevent this issue. If the cell is inferred or IP created LUT, please regenerate the IP and/or resynthesize the design to attempt to correct the issue.
Related violations: <none>

PDCN-1569#2 Warning
LUT equation term check  
Used physical LUT pin 'A2' of cell rasterixgen.rasterix/memory/rasterixmem_i/gpubuffer/inst/gen_fifo.fifo_gen_inst/inst_fifo_gen/gaxi_full_lite.gread_ch.grdch2.axi_rdch/grf.rf/gntv_or_sync_fifo.gl0.rd/gr1.gr1_int.rfwft/gpregsm1.user_valid_i_1__2 (pin rasterixgen.rasterix/memory/rasterixmem_i/gpubuffer/inst/gen_fifo.fifo_gen_inst/inst_fifo_gen/gaxi_full_lite.gread_ch.grdch2.axi_rdch/grf.rf/gntv_or_sync_fifo.gl0.rd/gr1.gr1_int.rfwft/gpregsm1.user_valid_i_1__2/I0) is not included in the LUT equation: 'O6=(A4*A1)+(A4*(~A1)*A3)+((~A4)*A6*A1)+((~A4)*A6*(~A1)*A3)+((~A4)*(~A6)*A3)'. If this cell is a user instantiated LUT in the design, please remove connectivity to the pin or change the equation and/or INIT string of the LUT to prevent this issue. If the cell is inferred or IP created LUT, please regenerate the IP and/or resynthesize the design to attempt to correct the issue.
Related violations: <none>

PDCN-1569#3 Warning
LUT equation term check  
Used physical LUT pin 'A3' of cell rasterixgen.rasterix/memory/rasterixmem_i/gpubuffer/inst/gen_fifo.fifo_gen_inst/inst_fifo_gen/gaxi_full_lite.gwrite_ch.gwdch2.axi_wdch/grf.rf/gntv_or_sync_fifo.gl0.rd/gr1.gr1_int.rfwft/gpregsm1.user_valid_i_1__0 (pin rasterixgen.rasterix/memory/rasterixmem_i/gpubuffer/inst/gen_fifo.fifo_gen_inst/inst_fifo_gen/gaxi_full_lite.gwrite_ch.gwdch2.axi_wdch/grf.rf/gntv_or_sync_fifo.gl0.rd/gr1.gr1_int.rfwft/gpregsm1.user_valid_i_1__0/I0) is not included in the LUT equation: 'O6=(A6*A4)+(A6*(~A4)*A2)+((~A6)*A5*A2)+((~A6)*(~A5)*A4)+((~A6)*(~A5)*(~A4)*A2)'. If this cell is a user instantiated LUT in the design, please remove connectivity to the pin or change the equation and/or INIT string of the LUT to prevent this issue. If the cell is inferred or IP created LUT, please regenerate the IP and/or resynthesize the design to attempt to correct the issue.
Related violations: <none>

PDCN-1569#4 Warning
LUT equation term check  
Used physical LUT pin 'A4' of cell rasterixgen.rasterix/memory/rasterixmem_i/gpubuffer/inst/gen_fifo.fifo_gen_inst/inst_fifo_gen/gaxi_full_lite.gread_ch.grach2.axi_rach/grf.rf/gntv_or_sync_fifo.gl0.rd/gr1.gr1_int.rfwft/gpregsm1.user_valid_i_1__1 (pin rasterixgen.rasterix/memory/rasterixmem_i/gpubuffer/inst/gen_fifo.fifo_gen_inst/inst_fifo_gen/gaxi_full_lite.gread_ch.grach2.axi_rach/grf.rf/gntv_or_sync_fifo.gl0.rd/gr1.gr1_int.rfwft/gpregsm1.user_valid_i_1__1/I0) is not included in the LUT equation: 'O6=(A2*A1*A6*A3)+(A2*A1*A6*(~A3)*A5)+(A2*A1*(~A6)*A5)+(A2*(~A1)*A3)+(A2*(~A1)*(~A3)*A5)+((~A2)*A3)+((~A2)*(~A3)*A5)'. If this cell is a user instantiated LUT in the design, please remove connectivity to the pin or change the equation and/or INIT string of the LUT to prevent this issue. If the cell is inferred or IP created LUT, please regenerate the IP and/or resynthesize the design to attempt to correct the issue.
Related violations: <none>

REQP-1709#1 Warning
Clock output buffering  
PLLE2_ADV connectivity violation. The signal ddr3/u_ddr3_mig/u_ddr3_infrastructure/pll_clk3_out on the ddr3/u_ddr3_mig/u_ddr3_infrastructure/plle2_i/CLKOUT3 pin of ddr3/u_ddr3_mig/u_ddr3_infrastructure/plle2_i does not drive the same kind of BUFFER load as the other CLKOUT pins. Routing from the different buffer types will not be phase aligned.
Related violations: <none>

REQP-1839#1 Warning
RAMB36 async control check  
The RAMB36E1 rasterixgen.rasterix/display/display/u_fifo/u_ram/ram_reg_0 has an input control pin rasterixgen.rasterix/display/display/u_fifo/u_ram/ram_reg_0/ADDRARDADDR[10] (net: rasterixgen.rasterix/display/display/u_fifo/u_ram/ram_reg_1_1[6]) which is driven by a register (rasterixgen.rasterix/display/display/u_fifo/wr_ptr_q_reg[6]) that has an active asychronous set or reset. This may cause corruption of the memory contents and/or read values when the set/reset is asserted and is not analyzed by the default static timing analysis. It is suggested to eliminate the use of a set/reset to registers driving this RAMB pin or else use a synchronous reset in which the assertion of the reset is timed by default.
Related violations: <none>

REQP-1839#2 Warning
RAMB36 async control check  
The RAMB36E1 rasterixgen.rasterix/display/display/u_fifo/u_ram/ram_reg_0 has an input control pin rasterixgen.rasterix/display/display/u_fifo/u_ram/ram_reg_0/ADDRARDADDR[11] (net: rasterixgen.rasterix/display/display/u_fifo/u_ram/ram_reg_1_1[7]) which is driven by a register (rasterixgen.rasterix/display/display/u_fifo/wr_ptr_q_reg[7]) that has an active asychronous set or reset. This may cause corruption of the memory contents and/or read values when the set/reset is asserted and is not analyzed by the default static timing analysis. It is suggested to eliminate the use of a set/reset to registers driving this RAMB pin or else use a synchronous reset in which the assertion of the reset is timed by default.
Related violations: <none>

REQP-1839#3 Warning
RAMB36 async control check  
The RAMB36E1 rasterixgen.rasterix/display/display/u_fifo/u_ram/ram_reg_0 has an input control pin rasterixgen.rasterix/display/display/u_fifo/u_ram/ram_reg_0/ADDRARDADDR[12] (net: rasterixgen.rasterix/display/display/u_fifo/u_ram/ram_reg_1_1[8]) which is driven by a register (rasterixgen.rasterix/display/display/u_fifo/wr_ptr_q_reg[8]) that has an active asychronous set or reset. This may cause corruption of the memory contents and/or read values when the set/reset is asserted and is not analyzed by the default static timing analysis. It is suggested to eliminate the use of a set/reset to registers driving this RAMB pin or else use a synchronous reset in which the assertion of the reset is timed by default.
Related violations: <none>

REQP-1839#4 Warning
RAMB36 async control check  
The RAMB36E1 rasterixgen.rasterix/display/display/u_fifo/u_ram/ram_reg_0 has an input control pin rasterixgen.rasterix/display/display/u_fifo/u_ram/ram_reg_0/ADDRARDADDR[13] (net: rasterixgen.rasterix/display/display/u_fifo/u_ram/ram_reg_1_1[9]) which is driven by a register (rasterixgen.rasterix/display/display/u_fifo/wr_ptr_q_reg[9]) that has an active asychronous set or reset. This may cause corruption of the memory contents and/or read values when the set/reset is asserted and is not analyzed by the default static timing analysis. It is suggested to eliminate the use of a set/reset to registers driving this RAMB pin or else use a synchronous reset in which the assertion of the reset is timed by default.
Related violations: <none>

REQP-1839#5 Warning
RAMB36 async control check  
The RAMB36E1 rasterixgen.rasterix/display/display/u_fifo/u_ram/ram_reg_0 has an input control pin rasterixgen.rasterix/display/display/u_fifo/u_ram/ram_reg_0/ADDRARDADDR[14] (net: rasterixgen.rasterix/display/display/u_fifo/u_ram/ram_reg_1_1[10]) which is driven by a register (rasterixgen.rasterix/display/display/u_fifo/wr_ptr_q_reg[10]) that has an active asychronous set or reset. This may cause corruption of the memory contents and/or read values when the set/reset is asserted and is not analyzed by the default static timing analysis. It is suggested to eliminate the use of a set/reset to registers driving this RAMB pin or else use a synchronous reset in which the assertion of the reset is timed by default.
Related violations: <none>

REQP-1839#6 Warning
RAMB36 async control check  
The RAMB36E1 rasterixgen.rasterix/display/display/u_fifo/u_ram/ram_reg_0 has an input control pin rasterixgen.rasterix/display/display/u_fifo/u_ram/ram_reg_0/ADDRARDADDR[4] (net: rasterixgen.rasterix/display/display/u_fifo/u_ram/ram_reg_1_1[0]) which is driven by a register (rasterixgen.rasterix/display/display/u_fifo/wr_ptr_q_reg[0]) that has an active asychronous set or reset. This may cause corruption of the memory contents and/or read values when the set/reset is asserted and is not analyzed by the default static timing analysis. It is suggested to eliminate the use of a set/reset to registers driving this RAMB pin or else use a synchronous reset in which the assertion of the reset is timed by default.
Related violations: <none>

REQP-1839#7 Warning
RAMB36 async control check  
The RAMB36E1 rasterixgen.rasterix/display/display/u_fifo/u_ram/ram_reg_0 has an input control pin rasterixgen.rasterix/display/display/u_fifo/u_ram/ram_reg_0/ADDRARDADDR[5] (net: rasterixgen.rasterix/display/display/u_fifo/u_ram/ram_reg_1_1[1]) which is driven by a register (rasterixgen.rasterix/display/display/u_fifo/wr_ptr_q_reg[1]) that has an active asychronous set or reset. This may cause corruption of the memory contents and/or read values when the set/reset is asserted and is not analyzed by the default static timing analysis. It is suggested to eliminate the use of a set/reset to registers driving this RAMB pin or else use a synchronous reset in which the assertion of the reset is timed by default.
Related violations: <none>

REQP-1839#8 Warning
RAMB36 async control check  
The RAMB36E1 rasterixgen.rasterix/display/display/u_fifo/u_ram/ram_reg_0 has an input control pin rasterixgen.rasterix/display/display/u_fifo/u_ram/ram_reg_0/ADDRARDADDR[6] (net: rasterixgen.rasterix/display/display/u_fifo/u_ram/ram_reg_1_1[2]) which is driven by a register (rasterixgen.rasterix/display/display/u_fifo/wr_ptr_q_reg[2]) that has an active asychronous set or reset. This may cause corruption of the memory contents and/or read values when the set/reset is asserted and is not analyzed by the default static timing analysis. It is suggested to eliminate the use of a set/reset to registers driving this RAMB pin or else use a synchronous reset in which the assertion of the reset is timed by default.
Related violations: <none>

REQP-1839#9 Warning
RAMB36 async control check  
The RAMB36E1 rasterixgen.rasterix/display/display/u_fifo/u_ram/ram_reg_0 has an input control pin rasterixgen.rasterix/display/display/u_fifo/u_ram/ram_reg_0/ADDRARDADDR[7] (net: rasterixgen.rasterix/display/display/u_fifo/u_ram/ram_reg_1_1[3]) which is driven by a register (rasterixgen.rasterix/display/display/u_fifo/wr_ptr_q_reg[3]) that has an active asychronous set or reset. This may cause corruption of the memory contents and/or read values when the set/reset is asserted and is not analyzed by the default static timing analysis. It is suggested to eliminate the use of a set/reset to registers driving this RAMB pin or else use a synchronous reset in which the assertion of the reset is timed by default.
Related violations: <none>

REQP-1839#10 Warning
RAMB36 async control check  
The RAMB36E1 rasterixgen.rasterix/display/display/u_fifo/u_ram/ram_reg_0 has an input control pin rasterixgen.rasterix/display/display/u_fifo/u_ram/ram_reg_0/ADDRARDADDR[8] (net: rasterixgen.rasterix/display/display/u_fifo/u_ram/ram_reg_1_1[4]) which is driven by a register (rasterixgen.rasterix/display/display/u_fifo/wr_ptr_q_reg[4]) that has an active asychronous set or reset. This may cause corruption of the memory contents and/or read values when the set/reset is asserted and is not analyzed by the default static timing analysis. It is suggested to eliminate the use of a set/reset to registers driving this RAMB pin or else use a synchronous reset in which the assertion of the reset is timed by default.
Related violations: <none>

REQP-1839#11 Warning
RAMB36 async control check  
The RAMB36E1 rasterixgen.rasterix/display/display/u_fifo/u_ram/ram_reg_0 has an input control pin rasterixgen.rasterix/display/display/u_fifo/u_ram/ram_reg_0/ADDRARDADDR[9] (net: rasterixgen.rasterix/display/display/u_fifo/u_ram/ram_reg_1_1[5]) which is driven by a register (rasterixgen.rasterix/display/display/u_fifo/wr_ptr_q_reg[5]) that has an active asychronous set or reset. This may cause corruption of the memory contents and/or read values when the set/reset is asserted and is not analyzed by the default static timing analysis. It is suggested to eliminate the use of a set/reset to registers driving this RAMB pin or else use a synchronous reset in which the assertion of the reset is timed by default.
Related violations: <none>

REQP-1839#12 Warning
RAMB36 async control check  
The RAMB36E1 rasterixgen.rasterix/display/display/u_fifo/u_ram/ram_reg_0 has an input control pin rasterixgen.rasterix/display/display/u_fifo/u_ram/ram_reg_0/ADDRBWRADDR[10] (net: rasterixgen.rasterix/display/display/u_fifo/u_ram/ram_reg_1_0[6]) which is driven by a register (rasterixgen.rasterix/display/display/u_fifo/rd_ptr_q_reg[6]) that has an active asychronous set or reset. This may cause corruption of the memory contents and/or read values when the set/reset is asserted and is not analyzed by the default static timing analysis. It is suggested to eliminate the use of a set/reset to registers driving this RAMB pin or else use a synchronous reset in which the assertion of the reset is timed by default.
Related violations: <none>

REQP-1839#13 Warning
RAMB36 async control check  
The RAMB36E1 rasterixgen.rasterix/display/display/u_fifo/u_ram/ram_reg_0 has an input control pin rasterixgen.rasterix/display/display/u_fifo/u_ram/ram_reg_0/ADDRBWRADDR[11] (net: rasterixgen.rasterix/display/display/u_fifo/u_ram/ram_reg_1_0[7]) which is driven by a register (rasterixgen.rasterix/display/display/u_fifo/rd_ptr_q_reg[7]) that has an active asychronous set or reset. This may cause corruption of the memory contents and/or read values when the set/reset is asserted and is not analyzed by the default static timing analysis. It is suggested to eliminate the use of a set/reset to registers driving this RAMB pin or else use a synchronous reset in which the assertion of the reset is timed by default.
Related violations: <none>

REQP-1839#14 Warning
RAMB36 async control check  
The RAMB36E1 rasterixgen.rasterix/display/display/u_fifo/u_ram/ram_reg_0 has an input control pin rasterixgen.rasterix/display/display/u_fifo/u_ram/ram_reg_0/ADDRBWRADDR[12] (net: rasterixgen.rasterix/display/display/u_fifo/u_ram/ram_reg_1_0[8]) which is driven by a register (rasterixgen.rasterix/display/display/u_fifo/rd_ptr_q_reg[8]) that has an active asychronous set or reset. This may cause corruption of the memory contents and/or read values when the set/reset is asserted and is not analyzed by the default static timing analysis. It is suggested to eliminate the use of a set/reset to registers driving this RAMB pin or else use a synchronous reset in which the assertion of the reset is timed by default.
Related violations: <none>

REQP-1839#15 Warning
RAMB36 async control check  
The RAMB36E1 rasterixgen.rasterix/display/display/u_fifo/u_ram/ram_reg_0 has an input control pin rasterixgen.rasterix/display/display/u_fifo/u_ram/ram_reg_0/ADDRBWRADDR[13] (net: rasterixgen.rasterix/display/display/u_fifo/u_ram/ram_reg_1_0[9]) which is driven by a register (rasterixgen.rasterix/display/display/u_fifo/rd_ptr_q_reg[9]) that has an active asychronous set or reset. This may cause corruption of the memory contents and/or read values when the set/reset is asserted and is not analyzed by the default static timing analysis. It is suggested to eliminate the use of a set/reset to registers driving this RAMB pin or else use a synchronous reset in which the assertion of the reset is timed by default.
Related violations: <none>

REQP-1839#16 Warning
RAMB36 async control check  
The RAMB36E1 rasterixgen.rasterix/display/display/u_fifo/u_ram/ram_reg_0 has an input control pin rasterixgen.rasterix/display/display/u_fifo/u_ram/ram_reg_0/ADDRBWRADDR[14] (net: rasterixgen.rasterix/display/display/u_fifo/u_ram/ram_reg_1_0[10]) which is driven by a register (rasterixgen.rasterix/display/display/u_fifo/rd_ptr_q_reg[10]) that has an active asychronous set or reset. This may cause corruption of the memory contents and/or read values when the set/reset is asserted and is not analyzed by the default static timing analysis. It is suggested to eliminate the use of a set/reset to registers driving this RAMB pin or else use a synchronous reset in which the assertion of the reset is timed by default.
Related violations: <none>

REQP-1839#17 Warning
RAMB36 async control check  
The RAMB36E1 rasterixgen.rasterix/display/display/u_fifo/u_ram/ram_reg_0 has an input control pin rasterixgen.rasterix/display/display/u_fifo/u_ram/ram_reg_0/ADDRBWRADDR[6] (net: rasterixgen.rasterix/display/display/u_fifo/u_ram/ram_reg_1_0[2]) which is driven by a register (rasterixgen.rasterix/display/display/u_fifo/rd_ptr_q_reg[2]) that has an active asychronous set or reset. This may cause corruption of the memory contents and/or read values when the set/reset is asserted and is not analyzed by the default static timing analysis. It is suggested to eliminate the use of a set/reset to registers driving this RAMB pin or else use a synchronous reset in which the assertion of the reset is timed by default.
Related violations: <none>

REQP-1839#18 Warning
RAMB36 async control check  
The RAMB36E1 rasterixgen.rasterix/display/display/u_fifo/u_ram/ram_reg_0 has an input control pin rasterixgen.rasterix/display/display/u_fifo/u_ram/ram_reg_0/ADDRBWRADDR[7] (net: rasterixgen.rasterix/display/display/u_fifo/u_ram/ram_reg_1_0[3]) which is driven by a register (rasterixgen.rasterix/display/display/u_fifo/rd_ptr_q_reg[3]) that has an active asychronous set or reset. This may cause corruption of the memory contents and/or read values when the set/reset is asserted and is not analyzed by the default static timing analysis. It is suggested to eliminate the use of a set/reset to registers driving this RAMB pin or else use a synchronous reset in which the assertion of the reset is timed by default.
Related violations: <none>

REQP-1839#19 Warning
RAMB36 async control check  
The RAMB36E1 rasterixgen.rasterix/display/display/u_fifo/u_ram/ram_reg_0 has an input control pin rasterixgen.rasterix/display/display/u_fifo/u_ram/ram_reg_0/ADDRBWRADDR[8] (net: rasterixgen.rasterix/display/display/u_fifo/u_ram/ram_reg_1_0[4]) which is driven by a register (rasterixgen.rasterix/display/display/u_fifo/rd_ptr_q_reg[4]) that has an active asychronous set or reset. This may cause corruption of the memory contents and/or read values when the set/reset is asserted and is not analyzed by the default static timing analysis. It is suggested to eliminate the use of a set/reset to registers driving this RAMB pin or else use a synchronous reset in which the assertion of the reset is timed by default.
Related violations: <none>

REQP-1839#20 Warning
RAMB36 async control check  
The RAMB36E1 rasterixgen.rasterix/display/display/u_fifo/u_ram/ram_reg_0 has an input control pin rasterixgen.rasterix/display/display/u_fifo/u_ram/ram_reg_0/ADDRBWRADDR[9] (net: rasterixgen.rasterix/display/display/u_fifo/u_ram/ram_reg_1_0[5]) which is driven by a register (rasterixgen.rasterix/display/display/u_fifo/rd_ptr_q_reg[5]) that has an active asychronous set or reset. This may cause corruption of the memory contents and/or read values when the set/reset is asserted and is not analyzed by the default static timing analysis. It is suggested to eliminate the use of a set/reset to registers driving this RAMB pin or else use a synchronous reset in which the assertion of the reset is timed by default.
Related violations: <none>

RTSTAT-10#1 Warning
No routable loads  
116 net(s) have no routable loads. The problem bus(es) and/or net(s) are clkconverter/inst/gen_clock_conv.gen_async_conv.asyncfifo_axi/inst_fifo_gen/gaxi_full_lite.gwrite_ch.gwdch2.axi_wdch/grf.rf/gntv_or_sync_fifo.gl0.rd/gr1.gr1_int.rfwft/aempty_fwft_i,
rasterixgen.rasterix/memory/rasterixmem_i/gpubuffer/inst/gen_fifo.fifo_gen_inst/inst_fifo_gen/gaxi_full_lite.gread_ch.grach2.axi_rach/grf.rf/gntv_or_sync_fifo.gl0.rd/gr1.gr1_int.rfwft/aempty_fwft_i,
rasterixgen.rasterix/memory/rasterixmem_i/gpubuffer/inst/gen_fifo.fifo_gen_inst/inst_fifo_gen/gaxi_full_lite.gread_ch.grdch2.axi_rdch/grf.rf/gntv_or_sync_fifo.gl0.rd/gr1.gr1_int.rfwft/aempty_fwft_i,
rasterixgen.rasterix/memory/rasterixmem_i/gpubuffer/inst/gen_fifo.fifo_gen_inst/inst_fifo_gen/gaxi_full_lite.gwrite_ch.gwdch2.axi_wdch/grf.rf/gntv_or_sync_fifo.gl0.rd/gr1.gr1_int.rfwft/aempty_fwft_i,
wallypipelinedsoc/core/EPCM[0], wallypipelinedsoc/core/TrapVectorM[0],
wallypipelinedsoc/uncoregen.uncore/uartgen.uart/uartPC/DTRb,
wallypipelinedsoc/uncoregen.uncore/uartgen.uart/uartPC/OUT1b,
wallypipelinedsoc/uncoregen.uncore/uartgen.uart/uartPC/OUT2b,
wallypipelinedsoc/uncoregen.uncore/uartgen.uart/uartPC/RBR[10],
wallypipelinedsoc/uncoregen.uncore/uartgen.uart/uartPC/RBR[8],
wallypipelinedsoc/uncoregen.uncore/uartgen.uart/uartPC/RBR[9],
wallypipelinedsoc/uncoregen.uncore/uartgen.uart/uartPC/RTSb,
wallypipelinedsoc/uncoregen.uncore/uartgen.uart/uartPC/RXRDYb,
wallypipelinedsoc/uncoregen.uncore/uartgen.uart/uartPC/TXRDYb
 (the first 15 of 72 listed nets/buses).
Related violations: <none>


