Copyright 1986-2022 Xilinx, Inc. All Rights Reserved. Copyright 2022-2025 Advanced Micro Devices, Inc. All Rights Reserved.
----------------------------------------------------------------------------------------------------------------------------------------------------------------------
| Tool Version : Vivado v.2025.2 (lin64) Build 6299465 Fri Nov 14 12:34:56 MST 2025
| Date         : Fri Oct  9 12:04:31 2026
| Host         : RESEARCH-HOST running 64-bit Ubuntu 24.04.4 LTS
| Command      : report_exceptions -file /home/researcher/projects/wally-game-console-research/build/transport-study-20261009/buffered-parser-incremental/exceptions.rpt
| Design       : fpgaTop
| Device       : 7a200t-sbg484
| Speed File   : -1  PRODUCTION 1.23 2018-06-13
| Design State : Physopt postRoute
----------------------------------------------------------------------------------------------------------------------------------------------------------------------

Exceptions Report

Position  From                                                                              Through                                                                           To                                                                                Setup            Hold             Status                            
--------  --------------------------------------------------------------------------------  --------------------------------------------------------------------------------  --------------------------------------------------------------------------------  ---------------  ---------------  ----------------------------------
1         [get_cells -hier -filter {NAME =~ */mc0/mc_read_idle_r_reg}]                      *                                                                                 [get_cells -hier -filter {NAME =~ */input_[?].iserdes_dq_.iserdesdq}]             cycles=6         -                
2         [get_cells -hier -filter {NAME =~ */mc0/mc_read_idle_r_reg}]                      *                                                                                 [get_cells -hier -filter {NAME =~ */input_[?].iserdes_dq_.iserdesdq}]             -                cycles=5         
3         *                                                                                 [get_pins -filter {NAME =~ */DQSFOUND} -of [get_cells -hier -filter {REF_NAME ==  *                                                                                 false            false            
                                                                                             PHASER_IN_PHY}]]                                                                                                                                                                                     
4         *                                                                                 [get_pins -filter {NAME =~ */OSERDESRST} -of [get_cells -hier -filter {REF_NAME   *                                                                                 cycles=2(start)  -                
                                                                                            == PHASER_OUT_PHY}]]                                                                                                                                                                                  
5         *                                                                                 [get_pins -filter {NAME =~ */OSERDESRST} -of [get_cells -hier -filter {REF_NAME   *                                                                                 -                cycles=1(start)  
                                                                                            == PHASER_OUT_PHY}]]                                                                                                                                                                                  
6         *                                                                                 *                                                                                 [get_pins -hier -include_replicated_objects -filter {NAME =~ *temp_mon_enabled.u  max=20           -                
                                                                                                                                                                              _tempmon/device_temp_sync_r1_reg[*]/D}]                                                                             
7         [get_cells -hier *rstdiv0_sync_r1_reg*]                                           *                                                                                 [get_pins -filter {NAME =~ */RESET} -of [get_cells -hier -filter {REF_NAME == PH  max_dpo=5        -                
                                                                                                                                                                              Y_CONTROL}]]                                                                                                        
8         *                                                                                 [get_nets -hier -filter {NAME =~ */u_iodelay_ctrl/sys_rst_i}]                     *                                                                                 false            false            Partially overridden path by FP 15
9         [get_cells -hier -filter {NAME =~ *ddr3_infrastructure/rstdiv0_sync_r1_reg*}]     *                                                                                 [get_cells -hier -filter {NAME =~ *temp_mon_enabled.u_tempmon/xadc_supplied_temp  max_dpo=20       -                
                                                                                                                                                                              erature.rst_r1*}]                                                                                                   
12        [get_cells Request_reg]                                                           *                                                                                 [get_cells {RequestSync_reg[0]}]                                                  max_dpo=10       -                
13        [get_cells Ack_reg]                                                               *                                                                                 [get_cells {AckSync_reg[0]}]                                                      max_dpo=10       -                
14        [get_cells {RequestAddr_reg[*]}]                                                  *                                                                                 [get_cells {PendingAddr_reg[*]}]                                                  max_dpo=10       -                
15        [get_ports {resetn {GPI[*]} UARTSin SDCCD}]                                       *                                                                                 *                                                                                 false            false            
16        *                                                                                 *                                                                                 [get_ports {{GPO[*]} UARTSout SDCReset}]                                          false            false            
17        *                                                                                 *                                                                                 [get_ports DDR3Resetn]                                                            false            false            
22        [get_clocks -of_objects [get_pins mmcm/clk_out3]]                                 *                                                                                 [get_ports {SDCCmd SDCCS SDCCLK}]                                                 max_dpo=10       -                
23        *                                                                                 *                                                                                 [get_ports {{HDMITXp[*]} {HDMITXn[*]} HDMITXCLKp HDMITXCLKn}]                     false            false            
24        [get_pins -of [filter [all_fanout -from [get_ports -scoped_to_current_instance s  [get_pins -of [filter [all_fanout -from [get_ports -scoped_to_current_instance s  *                                                                                 false            false            
          _axi_aclk] -flat -endpoints_only -only_cells] {PRIMITIVE_SUBGROUP==dram || PRIMI  _axi_aclk] -flat -endpoints_only -only_cells] {PRIMITIVE_SUBGROUP==dram || PRIMI                                                                                                                      
          TIVE_SUBGROUP==LUTRAM}] -filter {REF_PIN_NAME == CLK}]                            TIVE_SUBGROUP==LUTRAM}] -filter {REF_PIN_NAME == O}]                                                                                                                                                  
25        [get_pins -of [filter [all_fanout -from [get_ports -scoped_to_current_instance m  [get_pins -of [filter [all_fanout -from [get_ports -scoped_to_current_instance m  *                                                                                 false            false            
          _axi_aclk] -flat -endpoints_only -only_cells] {PRIMITIVE_SUBGROUP==dram || PRIMI  _axi_aclk] -flat -endpoints_only -only_cells] {PRIMITIVE_SUBGROUP==dram || PRIMI                                                                                                                      
          TIVE_SUBGROUP==LUTRAM}] -filter {REF_PIN_NAME == CLK}]                            TIVE_SUBGROUP==LUTRAM}] -filter {REF_PIN_NAME == O}]                                                                                                                                                  
26        *                                                                                 [get_ports -scoped_to_current_instance -no_traverse src_arst]                     *                                                                                 false            false            
27        *                                                                                 [get_ports -scoped_to_current_instance -no_traverse src_arst]                     *                                                                                 false            false            
28        *                                                                                 [get_ports -scoped_to_current_instance -no_traverse src_arst]                     *                                                                                 false            false            
29        *                                                                                 [get_ports -scoped_to_current_instance -no_traverse src_arst]                     *                                                                                 false            false            
30        *                                                                                 [get_ports -scoped_to_current_instance -no_traverse src_arst]                     *                                                                                 false            false            
31        *                                                                                 [get_ports -scoped_to_current_instance -no_traverse src_arst]                     *                                                                                 false            false            
32        *                                                                                 [get_ports -scoped_to_current_instance -no_traverse src_arst]                     *                                                                                 false            false            
33        *                                                                                 [get_ports -scoped_to_current_instance -no_traverse src_arst]                     *                                                                                 false            false            
34        *                                                                                 [get_ports -scoped_to_current_instance -no_traverse src_arst]                     *                                                                                 false            false            
35        *                                                                                 [get_ports -scoped_to_current_instance -no_traverse src_arst]                     *                                                                                 false            false            
36        *                                                                                 [get_ports -scoped_to_current_instance -no_traverse src_arst]                     *                                                                                 false            false            
37        *                                                                                 [get_ports -scoped_to_current_instance -no_traverse src_arst]                     *                                                                                 false            false            
38        *                                                                                 [get_ports -scoped_to_current_instance -no_traverse src_arst]                     *                                                                                 false            false            
39        *                                                                                 [get_ports -scoped_to_current_instance -no_traverse src_arst]                     *                                                                                 false            false            
40        *                                                                                 [get_ports -scoped_to_current_instance -no_traverse src_arst]                     *                                                                                 false            false            
42        *                                                                                 [get_ports -scoped_to_current_instance -no_traverse src_arst]                     *                                                                                 false            false            
43        *                                                                                 [get_ports -scoped_to_current_instance -no_traverse src_arst]                     *                                                                                 false            false            
44        *                                                                                 [get_ports -scoped_to_current_instance -no_traverse src_arst]                     *                                                                                 false            false            
45        *                                                                                 [get_ports -scoped_to_current_instance -no_traverse src_arst]                     *                                                                                 false            false            
46        *                                                                                 [get_ports -scoped_to_current_instance -no_traverse src_arst]                     *                                                                                 false            false            
47        *                                                                                 [get_ports -scoped_to_current_instance -no_traverse src_arst]                     *                                                                                 false            false            
49        *                                                                                 [get_ports -scoped_to_current_instance -no_traverse src_arst]                     *                                                                                 false            false            
51        *                                                                                 [get_ports -scoped_to_current_instance -no_traverse src_arst]                     *                                                                                 false            false            
53        *                                                                                 [get_ports -scoped_to_current_instance -no_traverse src_arst]                     *                                                                                 false            false            
54        *                                                                                 [get_ports -scoped_to_current_instance -no_traverse src_arst]                     *                                                                                 false            false            
56        *                                                                                 [get_ports -scoped_to_current_instance -no_traverse src_arst]                     *                                                                                 false            false            
58        *                                                                                 [get_ports -scoped_to_current_instance -no_traverse src_arst]                     *                                                                                 false            false            
60        *                                                                                 [get_ports -scoped_to_current_instance -no_traverse src_arst]                     *                                                                                 false            false            
62        *                                                                                 [get_ports -scoped_to_current_instance -no_traverse src_arst]                     *                                                                                 false            false            
64        *                                                                                 [get_ports -scoped_to_current_instance -no_traverse src_arst]                     *                                                                                 false            false            
65        *                                                                                 [get_ports -scoped_to_current_instance -no_traverse src_arst]                     *                                                                                 false            false            
67        *                                                                                 [get_ports -scoped_to_current_instance -no_traverse src_arst]                     *                                                                                 false            false            
69        *                                                                                 [get_ports -scoped_to_current_instance -no_traverse src_arst]                     *                                                                                 false            false            
71        *                                                                                 [get_ports -scoped_to_current_instance -no_traverse src_arst]                     *                                                                                 false            false            
73        *                                                                                 [get_ports -scoped_to_current_instance -no_traverse src_arst]                     *                                                                                 false            false            
75        *                                                                                 [get_ports -scoped_to_current_instance -no_traverse src_arst]                     *                                                                                 false            false            
76        *                                                                                 [get_ports -scoped_to_current_instance -no_traverse src_arst]                     *                                                                                 false            false            
78        *                                                                                 [get_ports -scoped_to_current_instance -no_traverse src_arst]                     *                                                                                 false            false            
79        *                                                                                 [get_ports -scoped_to_current_instance -no_traverse src_arst]                     *                                                                                 false            false            
80        *                                                                                 [get_ports -scoped_to_current_instance -no_traverse src_arst]                     *                                                                                 false            false            
81        *                                                                                 [get_ports -scoped_to_current_instance -no_traverse src_arst]                     *                                                                                 false            false            
82        *                                                                                 [get_ports -scoped_to_current_instance -no_traverse src_arst]                     *                                                                                 false            false            
83        *                                                                                 [get_ports -scoped_to_current_instance -no_traverse src_arst]                     *                                                                                 false            false            
84        *                                                                                 [get_ports -scoped_to_current_instance -no_traverse src_arst]                     *                                                                                 false            false            
85        [get_cells src_gray_ff_reg*]                                                      *                                                                                 [get_cells {dest_graysync_ff_reg[0]*}]                                            max_dpo=10       -                
87        [get_cells src_gray_ff_reg*]                                                      *                                                                                 [get_cells {dest_graysync_ff_reg[0]*}]                                            max_dpo=50       -                
89        [get_cells src_gray_ff_reg*]                                                      *                                                                                 [get_cells {dest_graysync_ff_reg[0]*}]                                            max_dpo=50       -                
91        [get_cells src_gray_ff_reg*]                                                      *                                                                                 [get_cells {dest_graysync_ff_reg[0]*}]                                            max_dpo=10       -                
101       [get_cells src_gray_ff_reg*]                                                      *                                                                                 [get_cells {dest_graysync_ff_reg[0]*}]                                            max_dpo=50       -                
103       [get_cells src_gray_ff_reg*]                                                      *                                                                                 [get_cells {dest_graysync_ff_reg[0]*}]                                            max_dpo=10       -                
105       [get_cells src_gray_ff_reg*]                                                      *                                                                                 [get_cells {dest_graysync_ff_reg[0]*}]                                            max_dpo=10       -                
107       [get_cells src_gray_ff_reg*]                                                      *                                                                                 [get_cells {dest_graysync_ff_reg[0]*}]                                            max_dpo=50       -                
109       [get_cells src_gray_ff_reg*]                                                      *                                                                                 [get_cells {dest_graysync_ff_reg[0]*}]                                            max_dpo=10       -                
111       [get_cells src_gray_ff_reg*]                                                      *                                                                                 [get_cells {dest_graysync_ff_reg[0]*}]                                            max_dpo=10       -                
113       [get_cells src_gray_ff_reg*]                                                      *                                                                                 [get_cells {dest_graysync_ff_reg[0]*}]                                            max_dpo=50       -                
115       [get_cells src_gray_ff_reg*]                                                      *                                                                                 [get_cells {dest_graysync_ff_reg[0]*}]                                            max_dpo=10       -                
117       [get_cells src_gray_ff_reg*]                                                      *                                                                                 [get_cells {dest_graysync_ff_reg[0]*}]                                            max_dpo=50       -                
119       [get_cells src_gray_ff_reg*]                                                      *                                                                                 [get_cells {dest_graysync_ff_reg[0]*}]                                            max_dpo=50       -                
123       [get_cells src_gray_ff_reg*]                                                      *                                                                                 [get_cells {dest_graysync_ff_reg[0]*}]                                            max_dpo=10       -                
125       [get_cells src_gray_ff_reg*]                                                      *                                                                                 [get_cells {dest_graysync_ff_reg[0]*}]                                            max_dpo=39.683   -                
127       [get_cells src_gray_ff_reg*]                                                      *                                                                                 [get_cells {dest_graysync_ff_reg[0]*}]                                            max_dpo=39.683   -                
129       [get_cells src_gray_ff_reg*]                                                      *                                                                                 [get_cells {dest_graysync_ff_reg[0]*}]                                            max_dpo=10       -                
131       [get_cells src_gray_ff_reg*]                                                      *                                                                                 [get_cells {dest_graysync_ff_reg[0]*}]                                            max_dpo=39.683   -                
136       *                                                                                 *                                                                                 [get_cells {syncstages_ff_reg[0]}]                                                false            false            
137       *                                                                                 *                                                                                 [get_cells {syncstages_ff_reg[0]}]                                                false            false            
138       *                                                                                 *                                                                                 [get_cells {syncstages_ff_reg[0]}]                                                false            false            
139       *                                                                                 *                                                                                 [get_cells {syncstages_ff_reg[0]}]                                                false            false            
140       *                                                                                 *                                                                                 [get_cells {syncstages_ff_reg[0]}]                                                false            false            
141       *                                                                                 *                                                                                 [get_cells {syncstages_ff_reg[0]}]                                                false            false            
142       *                                                                                 *                                                                                 [get_cells {syncstages_ff_reg[0]}]                                                false            false            
143       *                                                                                 *                                                                                 [get_cells {syncstages_ff_reg[0]}]                                                false            false            
144       *                                                                                 *                                                                                 [get_cells {syncstages_ff_reg[0]}]                                                false            false            
145       *                                                                                 *                                                                                 [get_cells {syncstages_ff_reg[0]}]                                                false            false            
148       *                                                                                 *                                                                                 [get_cells {syncstages_ff_reg[0]}]                                                false            false            
149       *                                                                                 *                                                                                 [get_cells {syncstages_ff_reg[0]}]                                                false            false            Partially overridden path by FP 15
150       *                                                                                 *                                                                                 [get_cells {syncstages_ff_reg[0]}]                                                false            false            
151       *                                                                                 *                                                                                 [get_cells {syncstages_ff_reg[0]}]                                                false            false            
152       *                                                                                 *                                                                                 [get_cells {syncstages_ff_reg[0]}]                                                false            false            
154       *                                                                                 *                                                                                 [get_cells {syncstages_ff_reg[0]}]                                                false            false            
155       *                                                                                 *                                                                                 [get_cells {syncstages_ff_reg[0]}]                                                false            false            
156       *                                                                                 *                                                                                 [get_cells {syncstages_ff_reg[0]}]                                                false            false            
157       *                                                                                 *                                                                                 [get_cells {syncstages_ff_reg[0]}]                                                false            false            
158       *                                                                                 *                                                                                 [get_cells {syncstages_ff_reg[0]}]                                                false            false            
159       *                                                                                 *                                                                                 [get_cells {syncstages_ff_reg[0]}]                                                false            false            
160       *                                                                                 *                                                                                 [get_cells {syncstages_ff_reg[0]}]                                                false            false            
161       *                                                                                 *                                                                                 [get_cells {syncstages_ff_reg[0]}]                                                false            false            
162       *                                                                                 *                                                                                 [get_cells {syncstages_ff_reg[0]}]                                                false            false            
163       *                                                                                 *                                                                                 [get_cells {syncstages_ff_reg[0]}]                                                false            false            
164       *                                                                                 *                                                                                 [get_cells {syncstages_ff_reg[0]}]                                                false            false            
165       *                                                                                 *                                                                                 [get_cells {syncstages_ff_reg[0]}]                                                false            false            
167       [filter [all_fanout -from [get_ports -scoped_to_current_instance -no_traverse cl  *                                                                                 [get_cells -hierarchical -filter {NAME =~ *doutb*reg*}]                           max_dpo=39.683   -                
          ka] -flat -endpoints_only] IS_LEAF]                                                                                                                                                                                                                                                     
169       [filter [all_fanout -from [get_ports -scoped_to_current_instance -no_traverse cl  *                                                                                 [get_cells -hierarchical -filter {NAME =~ *doutb*reg*}]                           max_dpo=10       -                
          ka] -flat -endpoints_only] IS_LEAF]                                                                                                                                                                                                                                                     

