/tmp/app --transport dma --state-frame 0 --dma-minimum 64 --frames 180 --warmup 30 --wait spin --profile detailed --csv /tmp/transport-frames.csv --dump /tmp/transport-frame.raw && printf "CSV_BEGIN\n" && cat /tmp/transport-frames.csv && printf "CSV_END\n"; study_status=$?; printf "\nSTUDY_DONE_db02e233ff02=%s\n" "$study_status"
TRANSPORT mode=dma dma_minimum=64
BEGIN_BREAKOUT frames=180 warmup=30 fixed=0 blocks=40 tiles=1 hud=1 wait=spin replay=0 state_frame=0 profile=detailed pixel_centers=1 clock_call_ns=5977
HW_COUNTERS unavailable
RESULT frames=180 elapsed_s=15.130917250 fps=11.896172 logic_ms=1.010659 api_ms=21.539446 swap_ms=53.515572 wait_ms=7.853293 worker_inclusive_ms=53.316863 upload_inclusive_ms=21.461856 write_ms=17.813980 bytes_per_frame=30951.56 p50_ms=83.596450 p95_ms=83.909900 max_ms=100.387250 late_60hz=180 first_count=11507 last_count=11686 state_hash=8f34e8fd remaining=38 score=20
RENDER_PATH retained=0 grouped=0 quads=13131 full_frames=180
FRAME_CHECK count=11686 address=9fe00000 fnv1a=79c99b23 pixels=307200 mismatches=0
BREAKOUT_PASS
CSV_BEGIN
frame,state_hash,display_count,logic_ns,api_ns,swap_ns,wait_ns,total_ns,completion_interval_ns,polls,worker_inclusive_ns,upload_inclusive_ns,write_ns,read_ns,write_bytes,read_bytes,write_calls,read_calls,dma_copy_ns,dma_launch_ns,dma_completion_wait_ns,dma_bytes,dma_lists
0,3724779174,11507,754500,20920600,53647200,8226650,83548950,83560000,1462,52585800,21761500,18134050,0,31172,0,5,0,17920350,49400,3905500,31360,5
1,1709657109,11508,905850,28461850,52425900,1691800,83485400,83591950,180,52261050,20659150,17066200,0,31172,0,5,0,16852950,43050,4087350,31360,5
2,1894904752,11509,887000,21212400,52106850,9287850,83494100,83600750,1562,51927500,20708900,16723450,0,31172,0,5,0,16501100,46000,4267700,31360,5
3,3703759967,11510,833650,21056950,52690450,8905350,83486400,83592300,1534,52528050,21018350,17075100,0,31172,0,5,0,16845800,46750,4438350,31360,5
4,19533624,11511,867750,21062600,54794600,6931400,83656350,83765200,1185,54626550,21582000,17999050,0,31172,0,5,0,17781500,51150,3863900,31360,5
5,816884773,11512,842700,21263350,53216700,7997050,83319800,83428400,1475,53047000,21403550,17676550,0,31172,0,5,0,16849150,43400,4105800,31360,5
6,1339236364,11513,1314250,21087000,53026450,8064500,83492200,83596850,1425,52852650,21403200,17957250,0,31172,0,5,0,17736550,48950,3680200,31360,5
7,3072959373,11514,1425900,21204900,53574150,7290450,83495400,83598550,1290,53411950,21908450,18455300,0,31172,0,5,0,18234350,50550,4002050,31360,5
8,1782884746,11515,873000,21625000,53100500,7889500,83488000,83595400,1357,52931000,21357150,17920350,0,31172,0,5,0,17701900,50450,3689800,31360,5
9,30296781,11516,832250,21767550,53552200,7335700,83487700,83597450,1268,53386850,21526650,18079750,0,31492,0,5,0,17858100,53550,3684950,31680,5
10,4026418858,11517,871100,21954000,54612600,6050700,83488400,83595500,1040,54434750,21305150,17375850,0,31492,0,5,0,17148000,48100,4402300,31680,5
11,2084929051,11518,839150,20951200,53404500,8293200,83488050,83594150,1480,53233800,21655400,18161350,0,31492,0,5,0,17940300,44950,3723000,31680,5
12,3114489770,11519,865400,21185150,52323050,9115200,83488800,83597300,1629,52152300,20846100,16619750,0,31172,0,5,0,16390400,50100,4020100,31360,5
13,891400471,11520,830550,21012300,62099100,16268600,100210550,100317850,3053,61929950,21679650,18195600,0,31172,0,5,0,17982000,41200,3677500,31360,5
14,3472773456,11521,874850,21015750,52288000,9311600,83490200,83595750,1596,52114300,20700750,17038650,0,31172,0,5,0,16355450,47800,4285050,31360,5
15,3010688243,11522,832450,21368150,52387050,8898850,83486500,83594050,1538,52222500,20767250,17075650,0,31172,0,5,0,16845550,46300,4300750,31360,5
16,2819524756,11523,873400,21175750,54567150,7162500,83778800,83887350,1240,54395900,21653750,18211350,0,31172,0,5,0,17988000,48700,3699350,31360,5
17,3241678401,11524,857250,21219650,53642400,6731200,82450500,83306250,1223,53473900,21536450,18042050,0,31172,0,5,0,17826250,42400,3744750,31360,5
18,2154316504,11525,1364600,21233800,53068200,7823150,83489750,83597300,1373,52890250,21577300,18112650,0,31172,0,5,0,17886500,53150,4157450,31360,5
19,772262681,11526,1447950,20972800,53420250,7647450,83488450,83595100,1305,53257850,21443800,17977550,0,31172,0,5,0,17754800,48550,3675500,31360,5
20,3882818750,11527,874100,21995400,53221850,7394350,83485700,83596550,1282,53053200,21403600,17957450,0,31172,0,5,0,17739950,50100,3680400,31360,5
21,521131153,11528,833450,21981650,53070050,7604000,83489150,83596150,1331,52900150,21437800,17964450,0,31172,0,5,0,17749050,45800,3699050,31360,5
22,1838187414,11529,871650,20924350,55599100,6098150,83493250,83599650,1017,54690600,23570850,19950800,0,31172,0,5,0,19721150,54050,4252450,31360,5
23,840574439,11530,832850,21168000,53225950,8263300,83490100,83594650,1478,53059050,21652350,18176550,0,31172,0,5,0,17956400,44550,3702950,31360,5
24,2879461878,11531,874950,21014200,52314500,9287250,83490900,83595500,1586,52145100,20752750,17058350,0,31172,0,5,0,16829850,46600,4313500,31360,5
25,202086035,11532,836350,21375300,60379850,1022550,83614050,83721200,0,60215200,21086150,17070850,0,31172,0,5,0,16843150,43100,4664000,31360,5
26,959703924,11533,885100,21265450,52755600,8787100,83693250,83798300,1519,52577850,21198550,17216450,0,31172,0,5,0,16986900,48550,4586550,31360,5
27,3795724423,11534,831650,21064100,53172200,8099150,83167100,83269600,1439,53006200,20945150,17071250,0,31172,0,5,0,16844600,43400,4522300,31360,5
28,2500539904,11535,1364550,21215100,55135350,5778550,83493550,83597350,1022,54956150,23587600,18882800,0,31172,0,5,0,18645100,53650,4916500,31360,5
29,2269000541,11536,1480200,20970750,53306350,7732950,83490250,83598350,1319,53146650,21427500,17968400,0,31172,0,5,0,17751200,48900,3690100,31360,5
30,1900681108,11537,877200,22000350,54987600,5622500,83487650,83593100,985,54817800,21517200,18028600,0,31172,0,5,0,17809000,47650,3747450,31360,5
31,3680168245,11538,844250,21984500,52985050,7679550,83493350,83599750,1346,52819850,21416050,17941550,0,31172,0,5,0,17726600,45800,3704250,31360,5
32,2344329490,11539,872000,20962050,53561000,8096300,83491350,83596350,1435,52656500,21466800,17264300,0,31172,0,5,0,17053250,47900,3731550,31360,5
33,2130650181,11540,835600,21174050,53428900,8051200,83489750,83596000,1431,53263600,21828400,18352600,0,31492,0,5,0,18131100,45100,3708600,31680,5
34,906966818,11541,871600,21019800,52378600,9224300,83494300,83598550,1242,52208950,20729550,17201100,0,31492,0,5,0,16967900,48550,4250600,31680,5
35,3939376531,11542,850850,21428800,53519750,7677700,83477100,83592550,1347,53354450,21695250,18217150,0,31492,0,5,0,17517900,521500,3710100,31680,5
36,2110688546,11543,865550,21201400,52976650,8801000,83844600,83952000,1519,52799550,21529950,17648700,0,31172,0,5,0,17417950,51550,4522550,31360,5
37,2695523007,11544,832500,21072950,61199550,16806000,99911000,100016100,3045,61029950,23681150,19485400,0,31172,0,5,0,19243100,48300,4914250,31360,5
38,744447992,11545,871800,21069000,53135550,8362400,83438750,83541950,1498,52958950,21437550,17510250,0,31172,0,5,0,16809350,51400,4569700,31360,5
39,3728640411,11546,825450,21232600,53161750,7848800,83068600,83594650,1412,52995250,21573750,17502400,0,31172,0,5,0,17269650,46950,4602400,31360,5
40,618879740,11547,1411650,21065450,55417900,5596500,83491500,83598500,979,55240000,23622900,20179050,0,31172,0,5,0,19955900,50700,3677250,31360,5
41,1239708057,11548,1630250,21102100,52852350,7142250,82726950,83596000,1234,52687350,21133450,17104150,0,31172,0,5,0,16875500,43550,4652800,31360,5
42,2429742208,11549,870050,21903500,53598150,7117500,83489200,83596300,1224,53425300,21578850,18129350,0,31172,0,5,0,17907050,48550,3684850,31360,5
43,412095716,11550,838250,21726300,52496800,8429400,83490750,83594600,1508,52329600,21488550,18006700,0,31172,0,5,0,17794750,45550,3726400,31360,5
44,1226741467,11551,869000,21832750,52476550,8315500,83493800,83598850,1487,52294900,21731400,19041650,0,31172,0,5,0,18055300,47400,2956600,31360,5
45,3288446148,11552,835450,20967800,52252800,9433600,83489650,83596650,1638,52084500,20574150,17067150,0,31172,0,5,0,16852000,46450,4199200,31360,5
46,1157984843,11553,871050,21064000,52440400,10091100,84466550,84571250,1515,52267950,20919250,17085650,0,31172,0,5,0,16856650,47100,4458750,31360,5
47,3877288378,11554,847350,21242500,53561500,6935050,82586400,82700650,1188,53397000,21692300,18168550,0,31172,0,5,0,17955850,43700,3774650,31360,5
48,4236526315,11555,871000,21071800,53151650,8319150,83413600,83518450,1490,52975150,21389200,17079300,0,31172,0,5,0,16851050,47000,4949050,31360,5
49,533834014,11556,1393750,21001150,60274550,819450,83488900,83593800,50,60108350,28534000,25031200,0,31172,0,5,0,24807300,46450,3713650,31360,5
50,1649361089,11557,1495550,21233900,53105300,7654850,83489600,83597900,1335,52932450,21560000,18098850,0,31172,0,5,0,17873150,48800,3671300,31360,5
51,2486981906,11558,1428700,21019100,53325350,7714950,83488100,83594850,1349,53162200,21453400,18001450,0,31172,0,5,0,17781000,49300,3689900,31360,5
52,1706075277,11559,873250,22266100,53261700,7090400,83491450,83598300,1221,53091800,21572100,18130400,0,31172,0,5,0,17905850,50450,3670700,31360,5
53,267972368,11560,829850,23325350,53034000,6304400,83493600,83595950,1025,52866250,21301050,17068650,0,31172,0,5,0,16840450,43600,4873450,31360,5
54,3895401273,11561,873300,21019600,53508300,8084350,83485550,83593700,1435,53333850,21858650,18396350,0,31172,0,5,0,18180200,49600,3730850,31360,5
55,605985656,11562,830300,21171400,52179800,9314250,83495750,83600150,1667,52008700,20687600,17076700,0,31172,0,5,0,16860650,47000,4099000,31360,5
56,4077673024,11563,917300,21138850,52340950,9089250,83486350,83594900,1578,52166400,20726900,16918800,0,30852,0,5,0,16684250,51500,4446000,31040,5
57,985632231,11564,862850,21592000,52336450,8811150,83602450,83708250,1520,52170300,20816650,16938550,0,30852,0,5,0,16709150,46700,4507950,31040,5
58,3720590956,11565,899950,21046700,52767050,8662850,83376550,83485350,1526,52592550,21258200,17794150,0,30852,0,5,0,17573150,49050,3689750,31040,5
59,3264032585,11566,1329850,22468050,54237600,5452100,83487600,83593550,944,54070400,22209400,18706750,0,30852,0,5,0,18494450,44250,3741650,31040,5
60,395405688,11567,1438650,21213600,52809250,8030650,83492150,83596800,1422,52636000,21401200,17961400,0,30852,0,5,0,17739600,50450,3671000,31040,5
61,32142420,11568,1499250,20986000,53175550,11298550,86959350,87064350,783,53010250,21282950,17839350,0,30852,0,5,0,17623650,48900,3671100,31040,5
62,1187067055,11569,952700,23472700,52710150,2874550,80010100,80129200,385,52535900,21110650,17402000,0,30852,0,5,0,17170400,53200,3944550,31040,5
63,459140908,11570,874400,21698150,52388850,8533800,83495200,83598550,1497,52223450,21316150,17846350,0,30852,0,5,0,17634850,45550,3717100,31040,5
64,3369786495,11571,923650,22028750,53489400,6301800,82743600,83597100,1046,53318950,21647200,18182100,0,30852,0,5,0,17961300,50150,3698800,31040,5
65,1572434254,11572,873450,21240150,55795900,5576400,83485900,83593950,888,55619300,21470500,17501300,0,30852,0,5,0,17279450,44300,4197200,31040,5
66,4107798823,11573,898150,21051650,52477800,9064650,83492250,83597800,1570,52310200,20848150,16909950,0,30852,0,5,0,16680500,48600,4575850,31040,5
67,343968250,11574,864650,21651300,52335800,8790850,83642600,83746700,1517,52169000,20759650,17066700,0,30852,0,5,0,16848500,46350,4319400,31040,5
68,3102454017,11575,894700,21090100,52854200,8498600,83337600,83443300,1482,52682950,21213050,17397400,0,30852,0,5,0,17164800,53700,4033100,31040,5
69,3051095563,11576,1319300,21080550,53107700,7982750,83490300,83597200,1404,52943450,21317550,17712950,0,30852,0,5,0,17488450,47150,3811900,31040,5
70,2391331016,11577,1454100,21286050,52974350,7776500,83491000,83596800,1365,52805700,21386000,17951100,0,30852,0,5,0,17730300,48900,3670950,31040,5
71,3869016117,11578,866750,21582300,54002050,7041100,83492200,83597000,1216,53837950,20484250,16919800,0,30852,0,5,0,16709450,43150,4217300,31040,5
72,1579800804,11579,897650,22333550,52993500,7263550,83488250,83596300,1252,52820800,21258100,17829350,0,30852,0,5,0,17604350,52900,3671250,31040,5
73,2792341157,11580,867900,21893050,52374550,8353650,83489150,83595500,1488,52210950,21610300,18002900,0,30852,0,5,0,17792450,45750,3869550,31040,5
74,714702942,11581,897950,28621800,53401200,17295750,100216700,100319650,3222,53218900,21345950,17918800,0,30852,0,5,0,17695800,49000,3672700,31040,5
75,1092538936,11582,870500,21746400,52470500,8402650,83490050,83594050,1503,52302800,21438850,17861650,0,30852,0,5,0,17651450,45600,3830800,31040,5
76,1561271239,11583,898750,21139050,53059950,8396400,83494150,83596800,1417,52884800,21546700,18072850,0,31172,0,5,0,17849000,48400,3709100,31360,5
77,3798074098,11584,865850,21074900,57952050,3596500,83489300,83594900,548,57785350,23742050,20263500,0,31172,0,5,0,20029500,51650,3696950,31360,5
78,3022639071,11585,910250,21271350,52360850,8946900,83489350,83596200,1548,52186150,21048300,17184800,0,31172,0,5,0,16957150,46500,4492450,31360,5
79,2282770062,11586,864800,21058350,52870950,8976900,83771000,83875350,1505,52703300,20918650,17395650,0,30852,0,5,0,17170850,45600,3731300,31040,5
80,1626512457,11587,905150,21033200,52754950,8519550,83212850,83319250,1524,52580450,21236850,17801500,0,30852,0,5,0,17580100,48900,3666300,31040,5
81,3156888026,11588,1365900,21231300,52886850,8007000,83491050,83595050,1323,52717250,21414400,17972200,0,30852,0,5,0,17750100,50550,3661650,31040,5
82,3038824309,11589,1518800,21030150,53111700,7836050,83496700,83598800,1376,52936200,21248200,17814300,0,30852,0,5,0,17588350,53550,3661700,31040,5
83,1261846460,11590,864050,21817200,53891400,6918050,83490700,83597150,1189,53726300,20471600,16921500,0,30852,0,5,0,16709050,43300,4201100,31040,5
84,2035201521,11591,908550,21950500,53413150,7214500,83486700,83594750,1241,53241800,21382350,17964600,0,30852,0,5,0,17748600,48450,3671350,31040,5
85,2164446652,11592,869350,21677700,52632700,8307150,83486900,83596550,1482,52461150,21764700,18312300,0,30852,0,5,0,18098950,46500,3699000,31040,5
86,2017191835,11593,903000,28888400,52091800,1599600,83482800,83593400,151,51919200,20647750,17090000,0,30852,0,5,0,16875300,46200,4114550,31040,5
87,3029138484,11594,894950,21947100,52546750,7357000,82745800,83600050,1248,52378750,21543100,17876000,0,30852,0,5,0,17663150,43500,3902750,31040,5
88,50355403,11595,900300,21090400,52424250,9070750,83485700,83596600,1563,52255100,20883600,17384650,0,30852,0,5,0,17158600,48950,3727550,31040,5
89,654213990,11596,881850,21245000,55785000,5889050,83800900,83909900,958,55618250,23915850,20423950,0,30852,0,5,0,20211200,43000,3718850,31040,5
90,2360099787,11597,894100,21089500,52868300,8327450,83179350,83281700,1479,52693400,21235350,17404500,0,30852,0,5,0,17171200,52900,4050550,31040,5
91,2424818746,11598,1389100,21247750,53194550,7661650,83493050,83596450,1344,53030800,21734800,18283400,0,30852,0,5,0,18060400,52350,4119400,31040,5
92,1971386461,11599,1528800,21030550,53077450,7854850,83491650,83596400,1351,52906050,21244000,17799450,0,30852,0,5,0,17577400,48900,3661350,31040,5
93,3386045126,11600,865700,21609350,53033100,7979400,83487550,83595250,1406,52868700,21223600,17780850,0,30852,0,5,0,17560450,51850,3670900,31040,5
94,1429641961,11601,903250,21977350,53453750,7158300,83492650,83597950,1234,53283350,21415200,17982150,0,30852,0,5,0,17765400,48600,3680600,31040,5
95,3022846880,11602,868950,20953050,54808850,6857750,83488600,83594200,1162,53913100,23129750,18532100,0,30852,0,5,0,18310150,46250,4829250,31040,5
96,1601897261,11603,904850,21209750,53304400,8071200,83490200,83598900,1434,53126400,21873750,18428950,0,30852,0,5,0,18206250,49550,3680000,31040,5
97,1229951528,11604,867000,21049800,52316150,9255400,83488350,83595000,1578,52154700,20674800,16913700,0,30852,0,5,0,16213050,531300,3944400,31040,5
98,4065171759,11605,902600,20986400,60517650,1155350,83562000,83666650,17,60346050,21252900,17387300,0,30852,0,5,0,17154000,53200,4080200,31040,5
99,1034325744,11606,866150,21236950,52858800,8804650,83766550,83868400,1518,52692350,21001150,17067950,0,30852,0,5,0,16840200,43600,4572900,31040,5
100,14078671,11607,899750,21069850,53019750,8160200,83149550,83253200,1442,52847350,21354750,17539650,0,31172,0,5,0,17314050,47850,4515350,31360,5
101,4024270554,11608,1394300,21210250,53468850,7419100,83492500,83596900,1002,53302300,21893800,17513200,0,31172,0,5,0,17288250,43950,6119600,31360,5
102,896191351,11609,1574700,21079250,53225750,7601600,83481300,83599700,1290,53056250,21390750,17962500,0,31172,0,5,0,17739750,50700,3666900,31360,5
103,2131384102,11610,867050,21626600,52803450,8190050,83487150,83594150,1453,52641500,21138850,17708200,0,30852,0,5,0,17491650,47450,3675600,31040,5
104,2586210593,11611,899700,21972400,53175650,7442850,83490600,83598300,1293,53002150,21299050,17879300,0,30852,0,5,0,17664650,47250,3680150,31040,5
105,591918370,11612,868100,20938750,52986150,8694750,83487750,83596200,1566,52079300,21350500,17867050,0,30852,0,5,0,17641500,49450,3723100,31040,5
106,8814317,11613,893950,21169350,52051000,9376700,83491000,83595750,1694,51876300,20760000,17064900,0,30852,0,5,0,16850850,46050,4095600,31040,5
107,2340504196,11614,864650,21043900,52403900,9175650,83488100,83593650,1579,52242400,20879450,17392100,0,30852,0,5,0,17167300,48800,4183000,31040,5
108,3523076009,11615,899300,23354050,52283150,6957450,83493950,83598750,1191,52111850,21497200,17818250,0,30852,0,5,0,17603850,49650,3963100,31040,5
109,1961669028,11616,878100,21199900,52887400,8520000,83485400,83595300,1525,52721400,21121500,17532050,0,30852,0,5,0,17303600,49850,4283450,31040,5
110,1037581603,11617,906350,21014050,60764750,17231950,99917100,100387250,3120,60586050,29198900,25717500,0,30852,0,5,0,25484350,58250,3713450,31040,5
111,2701024588,11618,885850,21234100,52397950,8148500,82666400,83527150,1481,52235850,20334000,16872650,0,30852,0,5,0,16660250,41500,3940550,31040,5
112,215037203,11619,894650,21246650,52686700,8225100,83053100,83596150,1463,52514250,21379900,17495950,0,30852,0,5,0,17271800,47400,4110300,31040,5
113,3696282862,11620,1400400,21095800,53060000,7931500,83487700,83595150,1083,52894600,21237300,17798550,0,30852,0,5,0,17576750,48900,3666100,31040,5
114,2829142928,11621,1735500,21384100,52897000,7465900,83482500,83596500,1296,52722450,21261600,17833650,0,30852,0,5,0,17136950,47600,3662000,31040,5
115,3204762949,11622,865050,21946500,53108450,7577500,83497500,83598750,1324,52945600,21365750,17933100,0,30852,0,5,0,17713650,51850,3666300,31040,5
116,3297489190,11623,900750,21744800,53093050,7750950,83489550,83594850,1360,52923850,21084800,17663800,0,30852,0,5,0,17447350,48400,3680350,31040,5
117,1691704917,11624,872750,21866500,52164150,8589400,83492800,83595750,1545,51991800,21462350,18492750,0,30852,0,5,0,17793800,49350,3228900,31040,5
118,663957814,11625,889900,21010650,52238800,9352900,83492250,83596050,1634,52067150,20683700,16891300,0,30852,0,5,0,16676150,48250,4428050,31040,5
119,3058583827,11626,862700,21395250,52284550,8950400,83492900,83598700,1580,52113350,20612500,16904750,0,30852,0,5,0,16688950,46350,4196350,31040,5
120,838545270,11627,890750,23643200,52248400,6807650,83590000,83696300,1161,52075000,20745500,17250300,0,30852,0,5,0,17039600,48100,3765500,31040,5
121,3608912039,11628,867850,21050650,52929300,8539950,83387750,83494650,1525,52762300,20862500,17387400,0,30852,0,5,0,17165400,45350,3700250,31040,5
122,4080159716,11629,1480650,21029850,59331400,1649200,83491100,83594750,228,59159000,27715750,21668400,0,30852,0,5,0,21418200,53700,6249900,31040,5
123,1056027075,11630,1511350,21247000,52960750,7774350,83493450,83597500,1351,52792650,21392350,17958150,0,30852,0,5,0,17738400,47400,3670750,31040,5
124,4057021248,11631,1839550,21015050,53210000,7427900,83492500,83598100,1287,53038250,21402600,17968850,0,31172,0,5,0,17748850,47400,3666100,31360,5
125,2686741161,11632,864500,21979550,54184300,6461350,83489700,83593900,1138,54018800,20714150,17211550,0,31172,0,5,0,16999250,43050,3952400,31360,5
126,3870849660,11633,895100,23601550,52867800,6127800,83492250,83599050,1020,52696650,20833450,17550300,0,31172,0,5,0,16370100,46200,3794100,31360,5
127,293449641,11634,865950,20976700,53080500,8568200,83491350,83596600,1541,52915000,21354500,17878150,0,30852,0,5,0,17658950,42900,3690750,31040,5
128,596064266,11635,894650,21134300,52127300,9328750,83485000,83593750,1591,51954600,20728550,16873950,0,30852,0,5,0,16657150,48450,4388800,31040,5
129,3715495249,11636,866950,21137050,52411850,9073650,83489500,83598300,1575,52251400,20814150,16919150,0,30852,0,5,0,16689450,46700,4515400,31040,5
130,244680018,11637,897900,21246700,52631100,8844500,83620200,83724700,1525,52458750,21210400,16915400,0,30852,0,5,0,16681850,47000,4499500,31040,5
131,4080661783,11638,865950,21029450,52958700,8507100,83361200,83466650,1485,52795450,20925100,17383450,0,30852,0,5,0,17160900,45350,3773450,31040,5
132,4006730450,11639,1367450,21056450,55075900,5986600,83486400,83596900,1064,54904350,21649000,17830750,0,30852,0,5,0,17615500,49850,4104150,31040,5
133,3864584507,11640,1463450,21251600,53027450,7751250,83493750,83599550,1292,52863150,21439700,17995100,0,30852,0,5,0,17770100,52300,3676150,31040,5
134,2711027320,11641,1716900,21101900,52658800,7276200,82753800,83596200,1251,52491150,20980400,17385550,0,30852,0,5,0,17161000,47050,3829450,31040,5
135,4099079087,11642,866000,28279900,53028050,1312850,83486800,83593500,156,52855500,21379900,17917900,0,30852,0,5,0,17696450,45150,3680200,31040,5
136,565333772,11643,881850,21760500,53249150,7606350,83497850,83599550,1288,53080050,21138700,17714300,0,30852,0,5,0,17497800,48400,3685250,31040,5
137,1028518269,11644,871250,21079950,53023500,8512900,83487600,83593850,1527,52851500,21349050,17898300,0,30852,0,5,0,17676200,44850,3196200,31040,5
138,2252688136,11645,895450,21184950,55394200,6019950,83494550,83598750,891,55221650,21468950,17978450,0,30852,0,5,0,17755500,53100,3718250,31040,5
139,578597309,11646,870500,21079400,52508350,9033800,83492050,83595800,1561,52342500,20860100,16923400,0,30852,0,5,0,16693200,46700,4555300,31040,5
140,3624439358,11647,903900,21217600,52553500,8981600,83656600,83762350,1546,52381300,21110100,17508750,0,30852,0,5,0,17282650,47400,3808150,31040,5
141,3514067501,11648,869050,21073150,52924400,8454150,83320750,83427600,1470,52754300,20899100,17393000,0,30852,0,5,0,17171650,45350,3727350,31040,5
142,2741972910,11649,1345650,21037850,52925150,8185700,83494350,83597300,1451,52749050,21246050,17793600,0,30852,0,5,0,17570000,48900,3671100,31040,5
143,28497579,11650,1465100,21282450,52984700,7761200,83493450,83596450,1274,52818100,21419200,17982900,0,30852,0,5,0,17756150,53400,3656850,31040,5
144,466729326,11651,1509000,21025400,53945450,7007750,83487600,83595000,1209,53775200,20575300,16886650,0,30852,0,5,0,16669150,47850,4340500,31040,5
145,3425349295,11652,870550,21924600,52784900,7911750,83491800,83599850,1395,52620300,21121950,17674700,0,30852,0,5,0,17459950,47350,3685400,31040,5
146,1537640620,11653,900550,21877950,52543500,8165850,83487850,83593650,1449,52371200,20780550,17256200,0,30852,0,5,0,17044550,47900,3796000,31040,5
147,1853842891,11654,874000,20977450,59840950,1804500,83496900,83599950,171,59672650,20534650,16945950,0,30852,0,5,0,16734000,41750,4245350,31040,5
148,1177024904,11655,900600,21258050,53413150,7915100,83486900,83595750,1386,53237250,21953550,18494700,0,31172,0,5,0,18268850,51600,3686500,31360,5
149,4106734849,11656,871800,21135050,52505650,8980450,83492950,83596700,1525,52342300,20759400,17082650,0,31172,0,5,0,16853000,46700,4293900,31360,5
150,2025356500,11657,894850,21061900,54822850,6922100,83701700,83812550,1183,54651650,23257250,17819900,0,31172,0,5,0,17596850,48150,5694100,31360,5
151,2189605121,11658,868700,21245800,52882400,8276700,83273600,83378000,1472,52715550,21077850,17546900,0,30852,0,5,0,17323400,45400,4220400,31040,5
152,4086136290,11659,1339100,21043950,52886400,8221550,83491000,83599150,1458,52712850,21263350,17825000,0,30852,0,5,0,17602550,50500,3670900,31040,5
153,4036669705,11660,1488000,21231300,53433650,7336550,83489500,83593750,1277,53268150,21762300,18308650,0,30852,0,5,0,18083700,52150,4084450,31040,5
154,4167980074,11661,900600,21592250,52921700,8076050,83490600,83595450,1394,52750700,21192550,17757600,0,30852,0,5,0,17538900,50450,3683200,31040,5
155,51187407,11662,866200,21790050,53038400,7794650,83489300,83598100,1365,52871550,21197000,17753250,0,30852,0,5,0,17537900,47350,3674000,31040,5
156,2242638442,11663,903600,22015850,55543050,5024300,83486800,83596350,979,54707900,23075800,18674950,0,30852,0,5,0,18440100,53300,4081000,31040,5
157,2730108163,11664,886000,21987000,53262350,6607600,82742950,83594850,1111,53093900,21312700,17831100,0,30852,0,5,0,17608100,53400,3703800,31040,5
158,2718743917,11665,905850,21254100,52270950,9061400,83492300,83597350,1617,52097500,20842800,17064400,0,30852,0,5,0,16844100,49100,4211350,31040,5
159,3391709842,11666,866850,21050700,61883000,16410050,100210600,100317450,3078,61720200,21591150,18094100,0,30852,0,5,0,17873150,48300,3691100,31040,5
160,1164604273,11667,903900,21018850,52284250,9282150,83489150,83597050,1587,52111200,20726550,16905900,0,30852,0,5,0,16678050,46600,4440850,31040,5
161,2148591176,11668,861750,21377450,52376100,8872300,83487600,83596300,1530,52209000,20709050,17411450,0,30852,0,5,0,16234950,42900,3922950,31040,5
162,4192737573,11669,899100,21203900,55075450,6647600,83826050,83930000,1124,54896900,23650100,17488100,0,30852,0,5,0,17231850,49000,4835600,31040,5
163,535584840,11670,881950,21025100,52967150,8283150,83157350,83260500,1468,52802450,20894250,17415100,0,30852,0,5,0,17192850,45450,3692000,31040,5
164,3430794475,11671,1405200,21188000,52926700,7970750,83490650,83595200,1407,52754300,21427650,17986100,0,30852,0,5,0,17761050,51900,3671000,31040,5
165,776323552,11672,1501800,21011500,53088300,7888700,83490300,83597150,1357,52928350,21264450,17828350,0,30852,0,5,0,17606650,49000,3664600,31040,5
166,3330991427,11673,900850,21948550,52974550,7664350,83488300,83596100,1337,52805250,21235600,17816750,0,30852,0,5,0,17598900,50450,3661700,31040,5
167,3282074430,11674,869550,21968750,52906200,7747800,83492300,83597900,1362,52741400,21291250,17847200,0,30852,0,5,0,17630100,50350,3675650,31040,5
168,2597814595,11675,903700,20917750,54681000,6987100,83489550,83597100,1148,53758350,22790000,19174300,0,30852,0,5,0,18953750,52850,3873800,31040,5
169,2225601370,11676,887000,21239300,53007450,8354100,83487850,83595800,1496,52842350,21504550,18047150,0,30852,0,5,0,17827300,44950,3696200,31040,5
170,3716853465,11677,899100,20997700,52360150,9233450,83490400,83595550,1576,52185750,20788550,16908450,0,30852,0,5,0,16680150,47250,4488800,31040,5
171,1080675697,11678,881850,21161550,59557850,1969650,83570900,83676450,193,59392450,20998700,17534250,0,30212,0,5,0,17323500,42650,3699600,30400,5
172,219920238,11679,904000,21004450,52224900,9644950,83778300,83883000,1685,52053600,21130900,17668600,0,30212,0,5,0,17452300,46900,3699300,30400,5
173,3070385651,11680,861950,23507250,52454550,6298300,83122050,83227450,1131,52288150,21473200,17556050,0,30212,0,5,0,17349300,40500,4160450,30400,5
174,2609556270,11681,1436000,20955950,52222050,8879100,83493100,83599150,1598,52048800,21077800,17617100,0,30212,0,5,0,17400050,49200,3713100,30400,5
175,141401383,11682,2897250,20877900,51946850,7774900,83496900,83596150,1324,51778250,20628650,17103300,0,30212,0,5,0,16880850,45550,3750800,30400,5
176,3034105280,11683,898500,21810000,51720950,9062350,83491800,83597850,1643,51546800,20322450,16889950,0,30212,0,5,0,16677350,47900,3701650,30400,5
177,3029196371,11684,864650,21696150,50548050,10378000,83486850,83596550,1866,50380700,20080450,16593600,0,30212,0,5,0,16372650,46300,4078250,30400,5
178,699378668,11685,896800,20736800,51844800,10009150,83487550,83594500,1777,51675950,20214750,16574950,0,30212,0,5,0,16354250,47750,4280550,30400,5
179,2402609405,11686,866600,20932400,51704500,9988150,83491650,83599750,1763,51540850,20700700,17213200,0,30212,0,5,0,16985400,48900,3700300,30400,5
CSV_END

STUDY_DONE_db02e233ff02=0
# 