/tmp/app-lto --transport apb --state-frame 1800 --frames 180 --warmup 30 --wait spin --profile detailed --csv /tmp/transport-frames.csv --retained && printf "CSV_BEGIN\n" && cat /tmp/transport-frames.csv && printf "CSV_END\n"; study_status=$?; printf "\nSTUDY_DONE_01584ff3f6cc=%s\n" "$study_status"
TRANSPORT mode=apb dma_minimum=64
BEGIN_BREAKOUT frames=180 warmup=30 fixed=0 blocks=40 tiles=1 hud=1 wait=spin replay=0 state_frame=1800 profile=detailed pixel_centers=1 clock_call_ns=4745
HW_COUNTERS unavailable
RESULT frames=180 elapsed_s=3.059607850 fps=58.831069 logic_ms=0.973113 api_ms=2.158865 swap_ms=4.251166 wait_ms=9.469068 worker_inclusive_ms=4.067749 upload_inclusive_ms=1.152871 write_ms=0.969265 bytes_per_frame=3235.56 p50_ms=16.719250 p95_ms=16.937750 max_ms=33.440950 late_60hz=165 first_count=13137 last_count=13316 state_hash=1022e19f remaining=21 score=190
RENDER_PATH retained=1 grouped=0 quads=462 full_frames=0
BREAKOUT_PASS
CSV_BEGIN
frame,state_hash,display_count,logic_ns,api_ns,swap_ns,wait_ns,total_ns,completion_interval_ns,polls,worker_inclusive_ns,upload_inclusive_ns,write_ns,read_ns,write_bytes,read_bytes,write_calls,read_calls,dma_copy_ns,dma_launch_ns,dma_completion_wait_ns,dma_bytes,dma_lists
0,2110160739,13137,1344950,2079900,4395350,9055500,16875700,16885300,1614,4233250,899800,756000,0,3612,0,5,0,0,0,0,0,0
1,1693181783,13138,780650,1638150,3888100,10118450,16425350,16530100,1825,3734700,792450,647550,0,2972,0,5,0,0,0,0,0,0
2,802378003,13139,797550,1667350,3855750,10298450,16619100,16718650,1881,3699850,806550,660250,0,2972,0,5,0,0,0,0,0,0
3,773631361,13140,789250,2918150,4451950,8456500,16615850,16720600,1628,4281450,920050,762650,0,3612,0,5,0,0,0,0,0,0
4,3600043099,13141,1645250,1748450,3935400,8519250,15848350,16719300,1603,3761600,790850,650200,0,2972,0,5,0,0,0,0,0,0
5,1618316913,13142,810150,2416950,4038100,9353250,16618450,16717500,1784,3865300,793400,647200,0,2972,0,5,0,0,0,0,0,0
6,201713393,13143,1287000,2053650,4431600,8849050,16621300,16722050,1566,4267250,909350,762650,0,3612,0,5,0,0,0,0,0,0
7,2011502881,13144,783950,1631900,3876500,10321950,16614300,16715800,1895,3723100,790950,646450,0,2972,0,5,0,0,0,0,0,0
8,3125474025,13145,814600,1662050,3952800,10188850,16618300,16719750,1845,3798600,802550,653850,0,2972,0,5,0,0,0,0,0,0
9,1342287211,13146,773900,2774250,4545350,8521700,16615200,16719600,1620,4374600,906700,762500,0,3612,0,5,0,0,0,0,0,0
10,3857196809,13147,788350,2687350,4055550,9083200,16614450,16718750,1728,3886400,796700,657900,0,2972,0,5,0,0,0,0,0,0
11,2240049260,13148,1433400,6131450,8437450,17335000,33337300,33440050,3230,8266000,1362850,1211100,0,6632,0,5,0,0,0,0,0,0
12,1815897908,13149,822950,7680600,9012500,15819950,33336000,33440950,2992,8832600,1504450,1357150,0,7312,0,5,0,0,0,0,0,0
13,648884648,13150,798100,2369000,3944200,9497750,16609050,16715300,1858,3782200,1673700,1505750,0,3012,0,5,0,0,0,0,0,0
14,2931991803,13151,801600,2328800,4039900,9446050,16616350,16722350,1805,3871550,797800,652400,0,2972,0,5,0,0,0,0,0,0
15,4227589206,13152,1315100,2019500,4458500,8819500,16612600,16717150,1526,4292350,908450,762850,0,3612,0,5,0,0,0,0,0,0
16,1986714807,13153,809550,1652450,3857400,10299500,16618900,16720450,1892,3700200,791650,652300,0,2972,0,5,0,0,0,0,0,0
17,28333542,13154,786550,1630300,3871900,10328050,16616800,16718600,1888,3723900,792900,649800,0,2972,0,5,0,0,0,0,0,0
18,842458438,13155,806750,2841400,4421200,8549750,16619100,16720800,1600,4259650,906050,757800,0,3612,0,5,0,0,0,0,0,0
19,4035787358,13156,782550,2346500,3853150,9635450,16617650,16720250,1885,3682850,1630050,1467500,0,2972,0,5,0,0,0,0,0,0
20,3966921526,13157,1431150,1667650,4004650,9886500,16989950,17092850,1731,3837650,790850,653650,0,2972,0,5,0,0,0,0,0,0
21,3331783808,13158,791700,2018350,4491750,8939050,16240850,16345300,1547,4328050,915700,764800,0,3612,0,5,0,0,0,0,0,0
22,1855912102,13159,804700,1668550,3845150,10515200,16833600,16937750,1651,3687300,799900,650600,0,2972,0,5,0,0,0,0,0,0
23,3437663592,13160,817700,2926350,3929500,8707700,16381250,16499750,1684,3756800,1660450,1493500,0,2972,0,5,0,0,0,0,0,0
24,3162062844,13161,792750,2742850,4601150,8480700,16617450,16718550,1559,4429350,920100,777700,0,3612,0,5,0,0,0,0,0,0
25,1213835568,13162,789750,2391200,4064500,9373150,16618600,16719550,1786,3897550,792550,648500,0,2972,0,5,0,0,0,0,0,0
26,4133797692,13163,1351400,1666700,3911400,9737200,16666700,16770650,1776,3749800,798350,653700,0,2972,0,5,0,0,0,0,0,0
27,256876650,13164,818350,2965750,4705100,7306750,15795950,16669450,1347,4530250,1889750,1723050,0,4252,0,5,0,0,0,0,0,0
28,482917404,13165,792950,1655700,4079700,10091900,16620250,16719850,1830,3921200,947300,800950,0,3612,0,5,0,0,0,0,0,0
29,1264633954,13166,795950,2512900,3980900,9326700,16616450,16715100,1818,3803300,1706500,1542750,0,3292,0,5,0,0,0,0,0,0
30,3606135978,13167,793500,2733550,5011050,8085050,16623150,16721850,1499,4841650,1252950,1104500,0,3932,0,5,0,0,0,0,0,0
31,2630115922,13168,1561050,1676950,3943500,9436850,16618350,16719650,1797,3777550,791250,645950,0,2972,0,5,0,0,0,0,0,0
32,3881483034,13169,820550,1664250,3862550,9867350,16214700,16738200,1735,3711600,790600,653850,0,2972,0,5,0,0,0,0,0,0
33,2944919204,13170,792850,1996650,5438100,8367700,16595300,16700550,1620,5285300,1897350,1741750,0,3612,0,5,0,0,0,0,0,0
34,646532490,13171,798450,1668900,3925600,10222050,16615000,16718700,1861,2825800,791550,652150,0,2972,0,5,0,0,0,0,0,0
35,2877853796,13172,791950,2387350,3882200,9551450,16612950,16716750,1866,3723850,1676200,1505950,0,2972,0,5,0,0,0,0,0,0
36,1922367648,13173,800950,2718900,5490850,7611250,16621950,16724900,389,5312750,1244850,1103000,0,3612,0,5,0,0,0,0,0,0
37,1795563108,13174,2953400,2756900,3915700,7108500,16734500,16855250,1342,3744000,1648800,1478100,0,2972,0,5,0,0,0,0,0,0
38,214631552,13175,807250,1663700,3874500,10133300,16478750,16579400,1852,3715150,789250,651200,0,2972,0,5,0,0,0,0,0,0
39,1929726190,13176,797750,1997450,5183650,8635100,16613950,16720150,1676,5033650,1624600,1474950,0,3612,0,5,0,0,0,0,0,0
40,1190506064,13177,807650,2562450,3953650,9291100,16614850,16717600,1811,3772950,1733700,1589450,0,2972,0,5,0,0,0,0,0,0
41,3268351150,13178,800950,2321300,3933050,9564150,16619450,16719000,1869,3762900,1685050,1526400,0,2972,0,5,0,0,0,0,0,0
42,118037070,13179,1431350,2063350,4796950,8324950,16616600,16722450,1543,4620600,1246750,1105150,0,3612,0,5,0,0,0,0,0,0
43,1955195062,13180,1285450,1657150,3885900,9784050,16612550,16716950,1745,3711350,786350,648400,0,2972,0,5,0,0,0,0,0,0
44,1797432467,13181,805300,1651700,3863500,10292950,16613450,16717950,1884,3694050,793300,654550,0,2972,0,5,0,0,0,0,0,0
45,1035442557,13182,787250,2918800,4723400,8189350,16618800,16721850,1553,4548200,2033400,736200,0,3612,0,5,0,0,0,0,0,0
46,2267612867,13183,800700,2470900,3898350,9445400,16615350,16719650,1810,3733250,1680150,1516100,0,2972,0,5,0,0,0,0,0,0
47,1217717069,13184,790150,2339100,3911950,9569150,16610350,16716500,1859,3754600,784450,646300,0,2972,0,5,0,0,0,0,0,0
48,1461268009,13185,1389050,2036700,4709400,8711500,16846650,16947300,1540,4552150,1249050,1102000,0,3612,0,5,0,0,0,0,0,0
49,2370304197,13186,789200,1635400,3889200,10077650,16391450,16494250,1808,3736950,787750,647750,0,2972,0,5,0,0,0,0,0,0
50,655561417,13187,803250,1657400,3824250,10326650,16611550,16718000,1889,3671800,793750,654350,0,2972,0,5,0,0,0,0,0,0
51,524675839,13188,821100,2908200,5372700,6743800,15845800,16718600,1204,5202250,1484550,1336250,0,4252,0,5,0,0,0,0,0,0
52,1155835041,13189,812850,2376700,4095500,9334850,16619900,16720700,1788,3934650,1838900,1680900,0,3612,0,5,0,0,0,0,0,0
53,214853719,13190,792200,2305650,4375500,9144500,16617850,16719750,1417,4207900,1070700,927650,0,3292,0,5,0,0,0,0,0,0
54,3035389575,13191,1490900,2035200,5576900,7500250,16603250,16718900,1437,5419500,2072050,1921850,0,3932,0,5,0,0,0,0,0,0
55,1549109231,13192,793100,1645850,3878750,10297100,16614800,16719250,1861,3726550,791200,648350,0,2972,0,5,0,0,0,0,0,0
56,66132623,13193,798950,1662500,3844750,10308950,16615150,16720350,1883,3695300,799650,652450,0,2972,0,5,0,0,0,0,0,0
57,3504604473,13194,793200,2781350,5060300,7982000,16616850,16719000,1442,4894900,1462950,1322150,0,3612,0,5,0,0,0,0,0,0
58,1691498415,13195,810950,2409650,3879000,9516000,16615600,16719050,1849,3716400,784300,641550,0,2972,0,5,0,0,0,0,0,0
59,4055346753,13196,1523100,1656200,3916250,9830850,16926400,17032500,1802,3748300,785600,643500,0,2972,0,5,0,0,0,0,0,0
60,4185240021,13197,813150,2011950,5691350,7784700,16301150,16405400,1498,5527650,2207100,2059400,0,3612,0,5,0,0,0,0,0,0
61,380494641,13198,790550,1638300,3844550,10343650,16617050,16718700,1897,3691000,789100,648750,0,2972,0,5,0,0,0,0,0,0
62,648826037,13199,811500,2663600,3837150,9303950,16616200,16721250,1824,3665650,1617900,1472900,0,2972,0,5,0,0,0,0,0,0
63,457329003,13200,808000,2678150,5260650,7866350,16613150,16715350,1458,5094100,1475000,1327200,0,3612,0,5,0,0,0,0,0,0
64,3359035981,13201,806950,2413850,4018850,9380600,16620250,16720700,1790,3860400,789800,654300,0,2972,0,5,0,0,0,0,0,0
65,1526400123,13202,1307550,1642900,4035500,9634450,16620400,16724900,1751,3869700,788200,651650,0,2972,0,5,0,0,0,0,0,0
66,1691524227,13203,806250,2002700,5741100,8060650,16610700,16715200,1556,5577800,2233850,2089250,0,3612,0,5,0,0,0,0,0,0
67,1475349003,13204,789850,1641150,3874700,10307250,16612950,16718900,1886,3720200,795100,652050,0,2972,0,5,0,0,0,0,0,0
68,485644907,13205,810250,2515600,3999400,9287450,16612700,16717100,1809,3827600,1792000,611450,0,2972,0,5,0,0,0,0,0,0
69,1050479637,13206,797750,2689850,5259350,7870450,16617400,16719350,1454,5087350,1473800,1330050,0,3612,0,5,0,0,0,0,0,0
70,3204525547,13207,1461900,1691250,4282600,9182450,16618200,16722900,1730,4113250,796750,658100,0,2972,0,5,0,0,0,0,0,0
71,4185398997,13208,795800,1647200,3886100,9891000,16220100,16717550,1771,3727050,785800,647750,0,2972,0,5,0,0,0,0,0,0
72,3094072225,13209,805300,1995350,5363400,8449650,16613700,16718550,1639,5200600,1879900,1733750,0,3612,0,5,0,0,0,0,0,0
73,1835371693,13210,789950,1634950,3800150,10390550,16615600,16718500,1903,2825700,787500,649100,0,2972,0,5,0,0,0,0,0,0
74,2168771505,13211,827500,2583100,4034500,8395900,15841000,16720000,1542,3861900,793250,649500,0,2972,0,5,0,0,0,0,0,0
75,4059398759,13212,799900,2659950,5536500,7622350,16618700,16721300,1396,5364400,1709850,1560300,0,4252,0,5,0,0,0,0,0,0
76,644479865,13213,1347850,1674850,4628950,9047850,16699500,16800050,1628,4480150,1464700,1325850,0,3612,0,5,0,0,0,0,0,0
77,1914197423,13214,793950,1648800,4217650,9872900,16533300,16636650,1763,4054250,1058250,920900,0,3292,0,5,0,0,0,0,0,0
78,430804047,13215,802850,1995300,5194800,8620900,16613850,16720650,1677,4213000,1692150,1541550,0,3932,0,5,0,0,0,0,0,0
79,3866048775,13216,793250,2508050,3842300,9466900,16610500,16716400,1860,3670750,1609300,1460150,0,2972,0,5,0,0,0,0,0,0
80,7140231,13217,801750,2355100,3830650,9632300,16619800,16719250,1852,3669050,1634600,613300,0,2972,0,5,0,0,0,0,0,0
81,1511961547,13218,1411050,2023300,5046150,8138400,16618900,16722050,1507,4890650,1477400,1329800,0,3612,0,5,0,0,0,0,0,0
82,376629139,13219,827150,2011850,5726750,7621850,16187600,16719750,1378,5563600,2215600,2071250,0,3612,0,5,0,0,0,0,0,0
83,1861594235,13220,811750,1650550,3868000,10282800,16613100,16718150,1856,3714450,789550,649550,0,2972,0,5,0,0,0,0,0,0
84,1702339483,13221,803800,1659850,5946500,8207150,16617300,16720300,1565,5777600,795300,653450,0,2972,0,5,0,0,0,0,0,0
85,966101579,13222,801800,2402350,3889400,9515250,16608800,16719000,1862,3723900,1664900,1508150,0,2972,0,5,0,0,0,0,0,0
86,2786182811,13223,808150,2361550,3851750,9598050,16619500,16720450,1865,3695100,784450,646850,0,2972,0,5,0,0,0,0,0,0
87,3655782539,13224,1469800,1659050,3905300,9751000,16785150,16890000,1781,3742850,786900,646850,0,2972,0,5,0,0,0,0,0,0
88,3735461922,13225,815750,1641300,3859050,10127050,16443150,16544800,1857,3698800,791450,650300,0,2972,0,5,0,0,0,0,0,0
89,270833838,13226,787650,1630600,3866300,10331150,16615700,16719000,1892,3716000,791350,649300,0,2972,0,5,0,0,0,0,0,0
90,930095294,13227,803550,2708750,3873600,9227550,16613450,16719800,1806,3698100,1636800,1487950,0,2972,0,5,0,0,0,0,0,0
91,1273808962,13228,783150,2318450,3928250,9586050,16615900,16722400,1874,3750300,1705650,616300,0,2972,0,5,0,0,0,0,0,0
92,1953673858,13229,1420300,1705950,4033050,9453000,16612300,16715700,1805,3868200,794950,656700,0,2972,0,5,0,0,0,0,0,0
93,4057475070,13230,1282500,1638100,4007500,9694100,16622200,16722950,1764,3841300,785950,649850,0,2972,0,5,0,0,0,0,0,0
94,3372198854,13231,794450,1643550,3848650,10325800,16612450,16718600,1899,3683700,793400,651300,0,2972,0,5,0,0,0,0,0,0
95,2335202154,13232,782300,1634300,4131600,10063700,16611900,16719200,1825,3977850,792200,650150,0,2972,0,5,0,0,0,0,0,0
96,2170853250,13233,819400,2489550,4028850,9275100,16612900,16719300,1806,3870000,1829350,1670950,0,2972,0,5,0,0,0,0,0,0
97,1829955022,13234,1651900,1677250,3874100,8643750,15847000,16720050,717,3716700,790700,647800,0,2972,0,5,0,0,0,0,0,0
98,1856045454,13235,3346700,2584750,3900400,7014750,16846600,16971550,1322,3743400,1676450,1505650,0,2972,0,5,0,0,0,0,0,0
99,2544683154,13236,799450,1634150,4675700,9253050,16362350,16464300,1630,4517550,1469500,1323450,0,3612,0,5,0,0,0,0,0,0
100,1531444578,13237,805650,1649400,4572250,9589600,16616900,16719250,1727,4416100,1471050,1321150,0,3612,0,5,0,0,0,0,0,0
101,1139277022,13238,795150,2503050,4142050,9176750,16617000,16722000,1797,3976350,1898750,1755100,0,3292,0,5,0,0,0,0,0,0
102,2614530982,13239,801700,2371500,3966750,9468550,16608500,16715600,1812,3809500,1765300,1613100,0,3292,0,5,0,0,0,0,0,0
103,464765994,13240,800350,2302600,4075350,9438550,16616850,16723500,1802,3910900,792900,649250,0,2972,0,5,0,0,0,0,0,0
104,1592019490,13241,1319850,1654000,3884000,9756200,16614050,16716950,1781,3721500,798950,651100,0,2972,0,5,0,0,0,0,0,0
105,66207950,13242,798000,1624400,3882250,10309850,16614500,16717400,1859,3727650,788650,644150,0,2972,0,5,0,0,0,0,0,0
106,2639428798,13243,797000,1645950,3829100,10343900,16615950,16721850,1893,3675550,797900,651500,0,2972,0,5,0,0,0,0,0,0
107,1495915330,13244,798950,2466600,3818550,9531450,16615550,16719850,1787,3658350,1622000,613300,0,2972,0,5,0,0,0,0,0,0
108,4079891938,13245,818200,2356450,3876650,9560250,16611550,16716200,1836,3716350,796850,640350,0,2972,0,5,0,0,0,0,0,0
109,1204987230,13246,1429900,1642550,4006200,9889800,16968450,17069700,1818,3839900,789300,652500,0,2972,0,5,0,0,0,0,0,0
110,949029318,13247,819650,1644650,3857100,9942400,16263800,16369800,1817,3704250,791700,652750,0,2972,0,5,0,0,0,0,0,0
111,2727127274,13248,794700,1620050,3861150,10340050,16615950,16719200,1867,3706400,790600,644600,0,2972,0,5,0,0,0,0,0,0
112,2443393666,13249,796700,2489900,2997200,10331400,16615200,16718400,1886,2833150,795700,656400,0,2972,0,5,0,0,0,0,0,0
113,434260526,13250,807150,2307800,3884150,9620700,16619800,16720350,1882,3713550,1664950,1511350,0,2972,0,5,0,0,0,0,0,0
114,2637634158,13251,799550,2360850,4034800,9418700,16613900,16720900,1509,3876100,790700,653100,0,2972,0,5,0,0,0,0,0,0
115,4248248050,13252,1632500,1638600,3839050,9518500,16628650,16746500,1724,3677500,789850,648400,0,2972,0,5,0,0,0,0,0,0
116,663154818,13253,803100,1630450,3870000,10284750,16588300,16691350,1893,3714800,793100,653600,0,2972,0,5,0,0,0,0,0,0
117,1461428606,13254,785450,1623000,3862100,10344250,16614800,16717500,1898,3711200,790250,646950,0,2972,0,5,0,0,0,0,0,0
118,3252362022,13255,799050,2656950,3881050,9279650,16616700,16724000,1811,3702100,1656400,1493750,0,2972,0,5,0,0,0,0,0,0
119,2423015338,13256,785100,2328350,3869600,9629650,16612700,16717250,1884,3701500,1653800,1491650,0,2972,0,5,0,0,0,0,0,0
120,507309730,13257,1770650,1673250,3870850,9302350,16617100,16720400,1766,3714700,790100,649500,0,2972,0,5,0,0,0,0,0,0
121,2882991293,13258,821850,1665250,4085850,8840300,15413250,16718450,1569,3926800,798650,652150,0,2972,0,5,0,0,0,0,0,0
122,3682963569,13259,810900,1637900,3819700,10346750,16615250,16716400,1900,3656600,790400,650650,0,2972,0,5,0,0,0,0,0,0
123,1404881069,13260,787800,1626300,5021700,9182400,16618200,16721600,1797,4872250,1920250,1773600,0,3612,0,5,0,0,0,0,0,0
124,624513273,13261,803350,2404100,4202000,9207450,16616900,16718750,1787,4048650,1947550,1779800,0,3612,0,5,0,0,0,0,0,0
125,484090933,13262,790800,2324950,4349700,9149650,16615100,16718500,1748,4187800,1070850,931300,0,3292,0,5,0,0,0,0,0,0
126,2330053545,13263,1364200,1666200,4212950,9492300,16735650,16841450,1730,4062950,1066000,925250,0,3292,0,5,0,0,0,0,0,0
127,3891445269,13264,794100,1631150,3895700,10174050,16495000,16599700,1831,3743150,786850,648050,0,2972,0,5,0,0,0,0,0,0
128,1947616753,13265,804300,1648800,3831350,10329550,16614000,16715700,1892,3679100,793150,652050,0,2972,0,5,0,0,0,0,0,0
129,965975981,13266,797800,2545050,3844200,9432100,16619150,16722300,1852,3678900,1639400,1485550,0,2972,0,5,0,0,0,0,0,0
130,2786931617,13267,801300,2344200,3873200,9597050,16615750,16718900,1840,3709400,1673400,1518500,0,2972,0,5,0,0,0,0,0,0
131,4011087213,13268,1408200,1658900,4076950,9467200,16611250,16716500,1809,3903500,789750,650000,0,2972,0,5,0,0,0,0,0,0
132,3703868376,13269,1288650,1655950,3849250,9823100,16616950,16719350,1711,3694100,789550,651450,0,2972,0,5,0,0,0,0,0,0
133,212089708,13270,798800,1629800,3873950,10311750,16614300,16723350,1856,3718950,791400,646550,0,2972,0,5,0,0,0,0,0,0
134,737348112,13271,797450,1656400,6147850,8010800,16612500,16715950,1513,5986600,794500,652450,0,2972,0,5,0,0,0,0,0,0
135,1465149204,13272,809600,2423100,3879900,9500600,16613200,16722300,1857,3713600,1658350,1484300,0,2972,0,5,0,0,0,0,0,0
136,3549792448,13273,802300,2354850,3877750,9580400,16615300,16717100,1832,3710650,795250,656750,0,2972,0,5,0,0,0,0,0,0
137,3053421220,13274,1368350,1642750,3966950,9849900,16827950,16930250,1805,3802750,791950,651400,0,2972,0,5,0,0,0,0,0,0
138,904563048,13275,805700,1638750,3867200,10093050,16404700,16509300,1849,3702200,792200,652300,0,2972,0,5,0,0,0,0,0,0
139,1363341148,13276,799600,1634850,3870350,10307600,16612400,16716650,1854,3719600,790600,647800,0,2972,0,5,0,0,0,0,0,0
140,3357813192,13277,793400,2590650,3901650,9333000,16618700,16722650,1828,3723250,1665950,1524800,0,2972,0,5,0,0,0,0,0,0
141,1376589724,13278,794500,2324500,3944750,9556700,16620450,16720100,1869,3768450,1709450,616750,0,2972,0,5,0,0,0,0,0,0
142,2806738240,13279,804200,2336550,4039950,9433750,16614450,16717700,1799,3870250,799800,660150,0,2972,0,5,0,0,0,0,0,0
143,1863420068,13280,1405000,1647500,3881800,9680650,16614950,16718150,1758,3711600,789700,646400,0,2972,0,5,0,0,0,0,0,0
144,2368389248,13281,823050,1681100,3925150,9420050,15849350,16720900,1631,3760000,796550,653350,0,2972,0,5,0,0,0,0,0,0
145,3624800580,13282,794900,1635200,3893050,10292750,16615900,16720900,1538,3733050,788600,648050,0,2972,0,5,0,0,0,0,0,0
146,2708332264,13283,827900,2635250,3920250,9214850,16598250,16714600,1794,3764400,1706300,1545900,0,2972,0,5,0,0,0,0,0,0
147,3643166428,13284,795800,2352200,4163050,9307900,16618950,16719800,1799,4004400,929700,789450,0,3612,0,5,0,0,0,0,0,0
148,1604903896,13285,1419700,1683300,4164950,9643000,16910950,17012650,1762,3990500,936700,790600,0,3612,0,5,0,0,0,0,0,0
149,499105388,13286,784500,1650950,4142100,9744800,16322350,16427300,1773,3979650,840300,701250,0,3292,0,5,0,0,0,0,0,0
150,3393190256,13287,821200,1637100,3911900,10245750,16615950,16719200,1872,3750250,848350,706350,0,3292,0,5,0,0,0,0,0,0
151,1752164884,13288,793250,2504850,2997200,10321950,16617250,16719600,1881,2825800,791100,650150,0,2972,0,5,0,0,0,0,0,0
152,112950176,13289,805450,2375550,3996550,9439750,16617300,16718250,1838,3831500,1796200,1629900,0,2972,0,5,0,0,0,0,0,0
153,218377828,13290,803100,2290350,4024950,9495450,16613850,16718200,1816,3859800,792850,650350,0,2972,0,5,0,0,0,0,0,0
154,1614877672,13291,1325500,1662500,3870900,9756450,16615350,16722900,1783,3713550,792650,652900,0,2972,0,5,0,0,0,0,0,0
155,624660060,13292,805250,1633050,3897900,10277250,16613450,16717350,1853,3740400,791900,644350,0,2972,0,5,0,0,0,0,0,0
156,1646146728,13293,804950,1657000,3831850,10324450,16618250,16720200,1891,3680300,796200,654000,0,2972,0,5,0,0,0,0,0,0
157,2550301372,13294,802450,2521000,4136550,9157600,16617600,16719450,1767,3970650,1919200,1751350,0,2972,0,5,0,0,0,0,0,0
158,172327680,13295,806250,2368800,3872900,9570700,16618650,16719500,1279,3709500,1658450,634950,0,2972,0,5,0,0,0,0,0,0
159,28774455,13296,4135600,7054250,8468300,13658700,33316850,33439200,2526,8289500,1370800,1223550,0,6632,0,5,0,0,0,0,0,0
160,1278562831,13297,799800,5937850,9303600,563150,16604400,16714950,115,9119000,1370200,1222300,0,6672,0,5,0,0,0,0,0,0
161,1878041307,13298,790150,2509400,3055500,10265100,16620150,16721950,1874,2889000,796050,654150,0,3012,0,5,0,0,0,0,0,0
162,2842495315,13299,796850,2366250,3884050,9568550,16615700,16719900,1871,3721300,1676900,1514800,0,2972,0,5,0,0,0,0,0,0
163,942955647,13300,792650,2323150,4011300,9486400,16613500,16716900,1789,3850250,790800,645400,0,2972,0,5,0,0,0,0,0,0
164,3104849743,13301,1333300,1652200,3915350,9792450,16693300,16795850,1791,3762850,796850,652400,0,2972,0,5,0,0,0,0,0,0
165,2914266731,13302,798300,1630500,3908600,10204300,16541700,16645100,1872,3756950,788100,647850,0,2972,0,5,0,0,0,0,0,0
166,4064468955,13303,800400,1643050,3810550,10360900,16614900,16720850,1865,3660750,797050,651350,0,2972,0,5,0,0,0,0,0,0
167,3195515191,13304,786050,2537200,3859450,9426150,16608850,16715500,1847,3684700,1618700,1466800,0,2972,0,5,0,0,0,0,0,0
168,978211615,13305,794250,2330650,4069150,9430450,16624500,16721500,1778,3900500,1799600,1637850,0,3612,0,5,0,0,0,0,0,0
169,2835071531,13306,1425850,1669950,4284850,9245700,16626350,16718950,1756,4119350,936150,789900,0,3612,0,5,0,0,0,0,0,0
170,2067386771,13307,811150,1648150,4053650,9551000,16063950,16718450,1727,3887050,936350,796000,0,3612,0,5,0,0,0,0,0,0
171,1313815599,13308,792750,1623500,3983850,10220850,16620950,16719250,1870,3833450,843300,703200,0,3292,0,5,0,0,0,0,0,0
172,2403178911,13309,802450,1633950,3852850,10334750,16624000,16721150,1886,3711850,853900,703800,0,3292,0,5,0,0,0,0,0,0
173,2922328731,13310,790750,2536700,3937750,9359000,16624200,16718250,1827,3767800,1700950,1537800,0,2972,0,5,0,0,0,0,0,0
174,984914827,13311,792600,2329450,3852300,9643900,16618250,16718600,1876,3680150,787550,649550,0,2972,0,5,0,0,0,0,0,0
175,3908989879,13312,2705100,1663900,4945550,7460300,16774850,16873000,1430,3676250,1605550,1460850,0,2972,0,5,0,0,0,0,0,0
176,3999582383,13313,799700,1641550,3985200,10034650,16461100,16564750,1832,3830600,795700,649100,0,2972,0,5,0,0,0,0,0,0
177,407226939,13314,787100,1624200,3862400,10346150,16619850,16720650,1894,3710800,790900,649050,0,2972,0,5,0,0,0,0,0,0
178,1756548563,13315,807300,2540300,3892450,9379900,16619950,16718850,1841,3723650,1682200,1543650,0,2972,0,5,0,0,0,0,0,0
179,270721439,13316,809250,2311050,4034600,9472200,16627100,16721300,1844,3860650,1804850,1645300,0,2972,0,5,0,0,0,0,0,0
CSV_END

STUDY_DONE_01584ff3f6cc=0
# 