/tmp/app --transport apb --state-frame 0 --frames 180 --warmup 30 --wait spin --profile frame --csv /tmp/transport-frames.csv --dump /tmp/transport-frame.raw && printf "CSV_BEGIN\n" && cat /tmp/transport-frames.csv && printf "CSV_END\n"; study_status=$?; printf "\nSTUDY_DONE_0eeb0cc63836=%s\n" "$study_status"
TRANSPORT mode=apb dma_minimum=64
BEGIN_BREAKOUT frames=180 warmup=30 fixed=0 blocks=40 tiles=1 hud=1 wait=spin replay=0 state_frame=0 profile=frame pixel_centers=1 clock_call_ns=5390
HW_COUNTERS unavailable
RESULT frames=180 elapsed_s=12.205044650 fps=14.748000 logic_ms=0.000000 api_ms=0.000000 swap_ms=0.000000 wait_ms=0.000000 worker_inclusive_ms=0.000000 upload_inclusive_ms=0.000000 write_ms=0.000000 bytes_per_frame=30951.56 p50_ms=66.877650 p95_ms=83.593650 max_ms=83.601350 late_60hz=180 first_count=25779 last_count=25958 state_hash=8f34e8fd remaining=38 score=20
RENDER_PATH retained=0 grouped=0 quads=13131 full_frames=180
FRAME_CHECK count=25958 address=9fe00000 fnv1a=79c99b23 pixels=307200 mismatches=0
BREAKOUT_PASS
CSV_BEGIN
frame,state_hash,display_count,logic_ns,api_ns,swap_ns,wait_ns,total_ns,completion_interval_ns,polls,worker_inclusive_ns,upload_inclusive_ns,write_ns,read_ns,write_bytes,read_bytes,write_calls,read_calls,dma_copy_ns,dma_launch_ns,dma_completion_wait_ns,dma_bytes,dma_lists
0,3724779174,25779,0,0,0,0,66870850,66884750,1275,0,0,0,0,31172,0,5,0,0,0,0,0,0
1,1709657109,25780,0,0,0,0,66720750,66834500,1136,0,0,0,0,31172,0,5,0,0,0,0,0,0
2,1894904752,25781,0,0,0,0,66760550,66876350,823,0,0,0,0,31172,0,5,0,0,0,0,0,0
3,3703759967,25782,0,0,0,0,66763850,66879900,1144,0,0,0,0,31172,0,5,0,0,0,0,0,0
4,19533624,25783,0,0,0,0,66762450,66875950,1219,0,0,0,0,31172,0,5,0,0,0,0,0,0
5,816884773,25784,0,0,0,0,65546000,66879350,996,0,0,0,0,31172,0,5,0,0,0,0,0,0
6,1339236364,25785,0,0,0,0,66758600,66872650,1170,0,0,0,0,31172,0,5,0,0,0,0,0,0
7,3072959373,25786,0,0,0,0,66767600,66881200,1075,0,0,0,0,31172,0,5,0,0,0,0,0,0
8,1782884746,25787,0,0,0,0,66761700,66874750,1219,0,0,0,0,31172,0,5,0,0,0,0,0,0
9,30296781,25788,0,0,0,0,66767300,66879600,838,0,0,0,0,31492,0,5,0,0,0,0,0,0
10,4026418858,25789,0,0,0,0,66760300,66872800,1109,0,0,0,0,31492,0,5,0,0,0,0,0,0
11,2084929051,25790,0,0,0,0,67149400,67263150,1295,0,0,0,0,31492,0,5,0,0,0,0,0,0
12,3114489770,25791,0,0,0,0,66379450,66490500,1216,0,0,0,0,31172,0,5,0,0,0,0,0,0
13,891400471,25792,0,0,0,0,66769250,66879600,1089,0,0,0,0,31172,0,5,0,0,0,0,0,0
14,3472773456,25793,0,0,0,0,83483750,83596900,2783,0,0,0,0,31172,0,5,0,0,0,0,0,0
15,3010688243,25794,0,0,0,0,66941900,67056900,1238,0,0,0,0,31172,0,5,0,0,0,0,0,0
16,2819524756,25795,0,0,0,0,66582250,66694900,1125,0,0,0,0,31172,0,5,0,0,0,0,0,0
17,3241678401,25796,0,0,0,0,66768300,66880300,863,0,0,0,0,31172,0,5,0,0,0,0,0,0
18,2154316504,25797,0,0,0,0,66761450,66874750,1260,0,0,0,0,31172,0,5,0,0,0,0,0,0
19,772262681,25798,0,0,0,0,66763850,66878050,1229,0,0,0,0,31172,0,5,0,0,0,0,0,0
20,3882818750,25799,0,0,0,0,66766450,66877050,1192,0,0,0,0,31172,0,5,0,0,0,0,0,0
21,521131153,25800,0,0,0,0,66764200,66876250,1185,0,0,0,0,31172,0,5,0,0,0,0,0,0
22,1838187414,25801,0,0,0,0,66908350,67021050,1181,0,0,0,0,31172,0,5,0,0,0,0,0,0
23,840574439,25802,0,0,0,0,66613000,66733350,1157,0,0,0,0,31172,0,5,0,0,0,0,0,0
24,2879461878,25803,0,0,0,0,66772000,66882500,864,0,0,0,0,31172,0,5,0,0,0,0,0,0
25,202086035,25804,0,0,0,0,66748650,66870650,746,0,0,0,0,31172,0,5,0,0,0,0,0,0
26,959703924,25805,0,0,0,0,66768900,66882150,1246,0,0,0,0,31172,0,5,0,0,0,0,0,0
27,3795724423,25806,0,0,0,0,66762000,66875800,1187,0,0,0,0,31172,0,5,0,0,0,0,0,0
28,2500539904,25807,0,0,0,0,66034150,66875800,950,0,0,0,0,31172,0,5,0,0,0,0,0,0
29,2269000541,25808,0,0,0,0,83487800,83596400,3032,0,0,0,0,31172,0,5,0,0,0,0,0,0
30,1900681108,25809,0,0,0,0,67040950,67156750,1304,0,0,0,0,31172,0,5,0,0,0,0,0,0
31,3680168245,25810,0,0,0,0,66485250,66597000,1246,0,0,0,0,31172,0,5,0,0,0,0,0,0
32,2344329490,25811,0,0,0,0,66770050,66878950,766,0,0,0,0,31172,0,5,0,0,0,0,0,0
33,2130650181,25812,0,0,0,0,66762900,66874700,1237,0,0,0,0,31492,0,5,0,0,0,0,0,0
34,906966818,25813,0,0,0,0,66763600,66878550,1243,0,0,0,0,31492,0,5,0,0,0,0,0,0
35,3939376531,25814,0,0,0,0,66760900,66874900,1016,0,0,0,0,31492,0,5,0,0,0,0,0,0
36,2110688546,25815,0,0,0,0,66772900,66881800,1186,0,0,0,0,31172,0,5,0,0,0,0,0,0
37,2695523007,25816,0,0,0,0,66904750,67019950,1282,0,0,0,0,31172,0,5,0,0,0,0,0,0
38,744447992,25817,0,0,0,0,66618200,66729600,1177,0,0,0,0,31172,0,5,0,0,0,0,0,0
39,3728640411,25818,0,0,0,0,66764950,66879600,1029,0,0,0,0,31172,0,5,0,0,0,0,0,0
40,618879740,25819,0,0,0,0,66763450,66874750,861,0,0,0,0,31172,0,5,0,0,0,0,0,0
41,1239708057,25820,0,0,0,0,66769250,66879850,1221,0,0,0,0,31172,0,5,0,0,0,0,0,0
42,2429742208,25821,0,0,0,0,66764650,66876550,1161,0,0,0,0,31172,0,5,0,0,0,0,0,0
43,412095716,25822,0,0,0,0,66766050,66878500,1173,0,0,0,0,31172,0,5,0,0,0,0,0,0
44,1226741467,25823,0,0,0,0,83484200,83596400,2932,0,0,0,0,31172,0,5,0,0,0,0,0,0
45,3288446148,25824,0,0,0,0,66760250,66876500,1278,0,0,0,0,31172,0,5,0,0,0,0,0,0
46,1157984843,25825,0,0,0,0,66357600,66875450,1187,0,0,0,0,31172,0,5,0,0,0,0,0,0
47,3877288378,25826,0,0,0,0,66763000,66876800,798,0,0,0,0,31172,0,5,0,0,0,0,0,0
48,4236526315,25827,0,0,0,0,66763850,66877250,1233,0,0,0,0,31172,0,5,0,0,0,0,0,0
49,533834014,25828,0,0,0,0,66765600,66878650,1214,0,0,0,0,31172,0,5,0,0,0,0,0,0
50,1649361089,25829,0,0,0,0,66760550,66873600,1093,0,0,0,0,31172,0,5,0,0,0,0,0,0
51,2486981906,25830,0,0,0,0,66039550,66880100,908,0,0,0,0,31172,0,5,0,0,0,0,0,0
52,1706075277,25831,0,0,0,0,67044350,67156100,1278,0,0,0,0,31172,0,5,0,0,0,0,0,0
53,267972368,25832,0,0,0,0,66485250,66597850,1092,0,0,0,0,31172,0,5,0,0,0,0,0,0
54,3895401273,25833,0,0,0,0,66766550,66879050,1250,0,0,0,0,31172,0,5,0,0,0,0,0,0
55,605985656,25834,0,0,0,0,66765550,66877000,732,0,0,0,0,31172,0,5,0,0,0,0,0,0
56,4077673024,25835,0,0,0,0,66769850,66878650,1218,0,0,0,0,30852,0,5,0,0,0,0,0,0
57,985632231,25836,0,0,0,0,66763650,66875750,1184,0,0,0,0,30852,0,5,0,0,0,0,0,0
58,3720590956,25837,0,0,0,0,66765450,66875800,1180,0,0,0,0,30852,0,5,0,0,0,0,0,0
59,3264032585,25838,0,0,0,0,83483500,83597800,3005,0,0,0,0,30852,0,5,0,0,0,0,0,0
60,395405688,25839,0,0,0,0,66760000,66873400,1312,0,0,0,0,30852,0,5,0,0,0,0,0,0
61,32142420,25840,0,0,0,0,66765800,66877650,1162,0,0,0,0,30852,0,5,0,0,0,0,0,0
62,1187067055,25841,0,0,0,0,66764100,66878050,794,0,0,0,0,30852,0,5,0,0,0,0,0,0
63,459140908,25842,0,0,0,0,66762500,66878000,1288,0,0,0,0,30852,0,5,0,0,0,0,0,0
64,3369786495,25843,0,0,0,0,66760650,66875300,1305,0,0,0,0,30852,0,5,0,0,0,0,0,0
65,1572434254,25844,0,0,0,0,66768250,66879700,1129,0,0,0,0,30852,0,5,0,0,0,0,0,0
66,4107798823,25845,0,0,0,0,66766800,66876550,1194,0,0,0,0,30852,0,5,0,0,0,0,0,0
67,343968250,25846,0,0,0,0,66758650,66876250,1298,0,0,0,0,30852,0,5,0,0,0,0,0,0
68,3102454017,25847,0,0,0,0,66379500,66877650,1126,0,0,0,0,30852,0,5,0,0,0,0,0,0
69,3051095563,25848,0,0,0,0,66767550,66878900,1262,0,0,0,0,30852,0,5,0,0,0,0,0,0
70,2391331016,25849,0,0,0,0,66762450,66876100,797,0,0,0,0,30852,0,5,0,0,0,0,0,0
71,3869016117,25850,0,0,0,0,66761650,66875650,1241,0,0,0,0,30852,0,5,0,0,0,0,0,0
72,1579800804,25851,0,0,0,0,66761100,66876000,1171,0,0,0,0,30852,0,5,0,0,0,0,0,0
73,2792341157,25852,0,0,0,0,66768750,66879300,1203,0,0,0,0,30852,0,5,0,0,0,0,0,0
74,714702942,25853,0,0,0,0,68071900,68920100,201,0,0,0,0,30852,0,5,0,0,0,0,0,0
75,1092538936,25854,0,0,0,0,64698100,64829650,449,0,0,0,0,30852,0,5,0,0,0,0,0,0
76,1561271239,25855,0,0,0,0,66773800,66879050,1240,0,0,0,0,31172,0,5,0,0,0,0,0,0
77,3798074098,25856,0,0,0,0,66767700,66877550,770,0,0,0,0,31172,0,5,0,0,0,0,0,0
78,3022639071,25857,0,0,0,0,66765100,66876850,1218,0,0,0,0,31172,0,5,0,0,0,0,0,0
79,2282770062,25858,0,0,0,0,66762250,66877050,1218,0,0,0,0,30852,0,5,0,0,0,0,0,0
80,1626512457,25859,0,0,0,0,66770600,66881000,1220,0,0,0,0,30852,0,5,0,0,0,0,0,0
81,3156888026,25860,0,0,0,0,66880050,66990850,1240,0,0,0,0,30852,0,5,0,0,0,0,0,0
82,3038824309,25861,0,0,0,0,66644000,66759800,1269,0,0,0,0,30852,0,5,0,0,0,0,0,0
83,1261846460,25862,0,0,0,0,66766800,66879550,1200,0,0,0,0,30852,0,5,0,0,0,0,0,0
84,2035201521,25863,0,0,0,0,66761900,66873700,800,0,0,0,0,30852,0,5,0,0,0,0,0,0
85,2164446652,25864,0,0,0,0,66771850,66881800,860,0,0,0,0,30852,0,5,0,0,0,0,0,0
86,2017191835,25865,0,0,0,0,66764900,66876450,1231,0,0,0,0,30852,0,5,0,0,0,0,0,0
87,3029138484,25866,0,0,0,0,66762650,66874500,1156,0,0,0,0,30852,0,5,0,0,0,0,0,0
88,50355403,25867,0,0,0,0,66771250,66881600,1311,0,0,0,0,30852,0,5,0,0,0,0,0,0
89,654213990,25868,0,0,0,0,66760400,66874950,1301,0,0,0,0,30852,0,5,0,0,0,0,0,0
90,2360099787,25869,0,0,0,0,83482900,83593650,2969,0,0,0,0,30852,0,5,0,0,0,0,0,0
91,2424818746,25870,0,0,0,0,66769250,66881250,1196,0,0,0,0,30852,0,5,0,0,0,0,0,0
92,1971386461,25871,0,0,0,0,66765400,66877350,882,0,0,0,0,30852,0,5,0,0,0,0,0,0
93,3386045126,25872,0,0,0,0,66762100,66874650,1210,0,0,0,0,30852,0,5,0,0,0,0,0,0
94,1429641961,25873,0,0,0,0,66767400,66879250,1223,0,0,0,0,30852,0,5,0,0,0,0,0,0
95,3022846880,25874,0,0,0,0,66760800,66875350,1196,0,0,0,0,30852,0,5,0,0,0,0,0,0
96,1601897261,25875,0,0,0,0,66997550,67109650,1294,0,0,0,0,30852,0,5,0,0,0,0,0,0
97,1229951528,25876,0,0,0,0,66532400,66644650,1262,0,0,0,0,30852,0,5,0,0,0,0,0,0
98,4065171759,25877,0,0,0,0,66039550,66874800,983,0,0,0,0,30852,0,5,0,0,0,0,0,0
99,1034325744,25878,0,0,0,0,66774400,66882550,1127,0,0,0,0,30852,0,5,0,0,0,0,0,0
100,14078671,25879,0,0,0,0,66762200,66872650,898,0,0,0,0,31172,0,5,0,0,0,0,0,0
101,4024270554,25880,0,0,0,0,66765950,66876650,1173,0,0,0,0,31172,0,5,0,0,0,0,0,0
102,896191351,25881,0,0,0,0,66766050,66877800,1116,0,0,0,0,31172,0,5,0,0,0,0,0,0
103,2131384102,25882,0,0,0,0,66865300,66974700,1274,0,0,0,0,30852,0,5,0,0,0,0,0,0
104,2586210593,25883,0,0,0,0,66665350,66777750,1296,0,0,0,0,30852,0,5,0,0,0,0,0,0
105,591918370,25884,0,0,0,0,83487400,83598100,2978,0,0,0,0,30852,0,5,0,0,0,0,0,0
106,8814317,25885,0,0,0,0,66765700,66877750,1256,0,0,0,0,30852,0,5,0,0,0,0,0,0
107,2340504196,25886,0,0,0,0,66783850,66895200,927,0,0,0,0,30852,0,5,0,0,0,0,0,0
108,3523076009,25887,0,0,0,0,66743850,66859450,1234,0,0,0,0,30852,0,5,0,0,0,0,0,0
109,1961669028,25888,0,0,0,0,66767400,66877600,1214,0,0,0,0,30852,0,5,0,0,0,0,0,0
110,1037581603,25889,0,0,0,0,66764800,66876900,1310,0,0,0,0,30852,0,5,0,0,0,0,0,0
111,2701024588,25890,0,0,0,0,67137450,67251950,1175,0,0,0,0,30852,0,5,0,0,0,0,0,0
112,215037203,25891,0,0,0,0,66394850,66503050,1258,0,0,0,0,30852,0,5,0,0,0,0,0,0
113,3696282862,25892,0,0,0,0,66766200,66876750,1287,0,0,0,0,30852,0,5,0,0,0,0,0,0
114,2829142928,25893,0,0,0,0,66895050,67007500,1264,0,0,0,0,30852,0,5,0,0,0,0,0,0
115,3204762949,25894,0,0,0,0,66626100,66744650,861,0,0,0,0,30852,0,5,0,0,0,0,0,0
116,3297489190,25895,0,0,0,0,66772050,66880900,1213,0,0,0,0,30852,0,5,0,0,0,0,0,0
117,1691704917,25896,0,0,0,0,66768100,66878950,1198,0,0,0,0,30852,0,5,0,0,0,0,0,0
118,663957814,25897,0,0,0,0,66978000,67091050,1249,0,0,0,0,30852,0,5,0,0,0,0,0,0
119,3058583827,25898,0,0,0,0,66540200,66657300,1260,0,0,0,0,30852,0,5,0,0,0,0,0,0
120,838545270,25899,0,0,0,0,83492250,83601350,3028,0,0,0,0,30852,0,5,0,0,0,0,0,0
121,3608912039,25900,0,0,0,0,66047550,66876200,956,0,0,0,0,30852,0,5,0,0,0,0,0,0
122,4080159716,25901,0,0,0,0,67243750,67355850,1000,0,0,0,0,30852,0,5,0,0,0,0,0,0
123,1056027075,25902,0,0,0,0,66269500,66396900,1208,0,0,0,0,30852,0,5,0,0,0,0,0,0
124,4057021248,25903,0,0,0,0,66768550,66877250,1088,0,0,0,0,31172,0,5,0,0,0,0,0,0
125,2686741161,25904,0,0,0,0,66770050,66880850,1223,0,0,0,0,31172,0,5,0,0,0,0,0,0
126,3870849660,25905,0,0,0,0,66758300,66870000,1280,0,0,0,0,31172,0,5,0,0,0,0,0,0
127,293449641,25906,0,0,0,0,66326400,66878900,1160,0,0,0,0,30852,0,5,0,0,0,0,0,0
128,596064266,25907,0,0,0,0,66769500,66880400,1277,0,0,0,0,30852,0,5,0,0,0,0,0,0
129,3715495249,25908,0,0,0,0,66766700,66877750,1284,0,0,0,0,30852,0,5,0,0,0,0,0,0
130,244680018,25909,0,0,0,0,66757300,66873000,828,0,0,0,0,30852,0,5,0,0,0,0,0,0
131,4080661783,25910,0,0,0,0,66769400,66881100,1163,0,0,0,0,30852,0,5,0,0,0,0,0,0
132,4006730450,25911,0,0,0,0,66769800,66878300,1265,0,0,0,0,30852,0,5,0,0,0,0,0,0
133,3864584507,25912,0,0,0,0,67101850,67214450,1299,0,0,0,0,30852,0,5,0,0,0,0,0,0
134,2711027320,25913,0,0,0,0,66422150,66534050,1241,0,0,0,0,30852,0,5,0,0,0,0,0,0
135,4099079087,25914,0,0,0,0,83484900,83599600,2847,0,0,0,0,30852,0,5,0,0,0,0,0,0
136,565333772,25915,0,0,0,0,66765300,66875650,1117,0,0,0,0,30852,0,5,0,0,0,0,0,0
137,1028518269,25916,0,0,0,0,68165250,68276900,1277,0,0,0,0,30852,0,5,0,0,0,0,0,0
138,2252688136,25917,0,0,0,0,65351700,65476950,1059,0,0,0,0,30852,0,5,0,0,0,0,0,0
139,578597309,25918,0,0,0,0,66766300,66879100,1126,0,0,0,0,30852,0,5,0,0,0,0,0,0
140,3624439358,25919,0,0,0,0,66767100,66877200,1265,0,0,0,0,30852,0,5,0,0,0,0,0,0
141,3514067501,25920,0,0,0,0,66763550,66875200,1286,0,0,0,0,30852,0,5,0,0,0,0,0,0
142,2741972910,25921,0,0,0,0,66762250,66876600,1170,0,0,0,0,30852,0,5,0,0,0,0,0,0
143,28497579,25922,0,0,0,0,66765000,66878900,928,0,0,0,0,30852,0,5,0,0,0,0,0,0
144,466729326,25923,0,0,0,0,66039500,66878800,1007,0,0,0,0,30852,0,5,0,0,0,0,0,0
145,3425349295,25924,0,0,0,0,66764250,66874850,395,0,0,0,0,30852,0,5,0,0,0,0,0,0
146,1537640620,25925,0,0,0,0,66767050,66876250,1185,0,0,0,0,30852,0,5,0,0,0,0,0,0
147,1853842891,25926,0,0,0,0,66770050,66881800,1175,0,0,0,0,30852,0,5,0,0,0,0,0,0
148,1177024904,25927,0,0,0,0,66762850,66873250,1247,0,0,0,0,31172,0,5,0,0,0,0,0,0
149,4106734849,25928,0,0,0,0,66328550,66876550,1186,0,0,0,0,31172,0,5,0,0,0,0,0,0
150,2025356500,25929,0,0,0,0,83485250,83597750,2876,0,0,0,0,31172,0,5,0,0,0,0,0,0
151,2189605121,25930,0,0,0,0,66766600,66876850,1119,0,0,0,0,30852,0,5,0,0,0,0,0,0
152,4086136290,25931,0,0,0,0,66997850,67109650,1327,0,0,0,0,30852,0,5,0,0,0,0,0,0
153,4036669705,25932,0,0,0,0,66530700,66645150,936,0,0,0,0,30852,0,5,0,0,0,0,0,0
154,4167980074,25933,0,0,0,0,66759300,66874800,1185,0,0,0,0,30852,0,5,0,0,0,0,0,0
155,51187407,25934,0,0,0,0,66768700,66880250,1306,0,0,0,0,30852,0,5,0,0,0,0,0,0
156,2242638442,25935,0,0,0,0,66759700,66874150,1315,0,0,0,0,30852,0,5,0,0,0,0,0,0
157,2730108163,25936,0,0,0,0,66767800,66878100,1093,0,0,0,0,30852,0,5,0,0,0,0,0,0
158,2718743917,25937,0,0,0,0,66768400,66880800,1234,0,0,0,0,30852,0,5,0,0,0,0,0,0
159,3391709842,25938,0,0,0,0,66855700,66969250,1290,0,0,0,0,30852,0,5,0,0,0,0,0,0
160,1164604273,25939,0,0,0,0,66670950,66784500,700,0,0,0,0,30852,0,5,0,0,0,0,0,0
161,2148591176,25940,0,0,0,0,66766400,66875350,1171,0,0,0,0,30852,0,5,0,0,0,0,0,0
162,4192737573,25941,0,0,0,0,66763950,66879550,1333,0,0,0,0,30852,0,5,0,0,0,0,0,0
163,535584840,25942,0,0,0,0,66754850,66872200,1306,0,0,0,0,30852,0,5,0,0,0,0,0,0
164,3430794475,25943,0,0,0,0,66765800,66878150,1150,0,0,0,0,30852,0,5,0,0,0,0,0,0
165,776323552,25944,0,0,0,0,83488600,83599150,2958,0,0,0,0,30852,0,5,0,0,0,0,0,0
166,3330991427,25945,0,0,0,0,66759900,66875000,1099,0,0,0,0,30852,0,5,0,0,0,0,0,0
167,3282074430,25946,0,0,0,0,67123850,67238800,1309,0,0,0,0,30852,0,5,0,0,0,0,0,0
168,2597814595,25947,0,0,0,0,66403850,66517250,854,0,0,0,0,30852,0,5,0,0,0,0,0,0
169,2225601370,25948,0,0,0,0,66764150,66874700,1121,0,0,0,0,30852,0,5,0,0,0,0,0,0
170,3716853465,25949,0,0,0,0,66762550,66878800,1279,0,0,0,0,30852,0,5,0,0,0,0,0,0
171,1080675697,25950,0,0,0,0,66763100,66878550,1421,0,0,0,0,30212,0,5,0,0,0,0,0,0
172,219920238,25951,0,0,0,0,66766200,66876200,1383,0,0,0,0,30212,0,5,0,0,0,0,0,0
173,3070385651,25952,0,0,0,0,66772200,66880450,1334,0,0,0,0,30212,0,5,0,0,0,0,0,0
174,2609556270,25953,0,0,0,0,66979300,67091900,1434,0,0,0,0,30212,0,5,0,0,0,0,0,0
175,141401383,25954,0,0,0,0,66543850,66656250,1108,0,0,0,0,30212,0,5,0,0,0,0,0,0
176,3034105280,25955,0,0,0,0,66769450,66879800,1280,0,0,0,0,30212,0,5,0,0,0,0,0,0
177,3029196371,25956,0,0,0,0,66763700,66876350,1403,0,0,0,0,30212,0,5,0,0,0,0,0,0
178,699378668,25957,0,0,0,0,66762400,66879050,1467,0,0,0,0,30212,0,5,0,0,0,0,0,0
179,2402609405,25958,0,0,0,0,66763950,66877150,1256,0,0,0,0,30212,0,5,0,0,0,0,0,0
CSV_END

STUDY_DONE_0eeb0cc63836=0
# 