/tmp/app-lto --transport apb --state-frame 1800 --frames 180 --warmup 30 --wait spin --profile detailed --csv /tmp/transport-frames.csv --grouped && printf "CSV_BEGIN\n" && cat /tmp/transport-frames.csv && printf "CSV_END\n"; study_status=$?; printf "\nSTUDY_DONE_cc6a91b855b1=%s\n" "$study_status"
TRANSPORT mode=apb dma_minimum=64
BEGIN_BREAKOUT frames=180 warmup=30 fixed=0 blocks=40 tiles=1 hud=1 wait=spin replay=0 state_frame=1800 profile=detailed pixel_centers=1 clock_call_ns=4761
HW_COUNTERS unavailable
RESULT frames=180 elapsed_s=9.028385000 fps=19.937121 logic_ms=0.897123 api_ms=8.748979 swap_ms=27.737457 wait_ms=12.612754 worker_inclusive_ms=27.499103 upload_inclusive_ms=6.369360 write_ms=6.123856 bytes_per_frame=24140.89 p50_ms=50.158000 p95_ms=50.426700 max_ms=51.719250 late_60hz=180 first_count=12281 last_count=12460 state_hash=1022e19f remaining=21 score=190
RENDER_PATH retained=0 grouped=1 quads=10250 full_frames=180
BREAKOUT_PASS
CSV_BEGIN
frame,state_hash,display_count,logic_ns,api_ns,swap_ns,wait_ns,total_ns,completion_interval_ns,polls,worker_inclusive_ns,upload_inclusive_ns,write_ns,read_ns,write_bytes,read_bytes,write_calls,read_calls,dma_copy_ns,dma_launch_ns,dma_completion_wait_ns,dma_bytes,dma_lists
0,2110160739,12281,787850,9550200,36180600,3603350,50122000,50131700,662,35991500,6824950,6623700,0,24452,0,5,0,0,0,0,0,0
1,1693181783,12282,781950,8701700,27230750,13339950,50054350,50154100,2557,27037000,6193100,5974500,0,24452,0,5,0,0,0,0,0,0
2,802378003,12283,1413400,8595450,27877350,12173150,50059350,50159350,2315,27684050,6739550,6532800,0,24452,0,5,0,0,0,0,0,0
3,773631361,12284,788800,8714450,27455600,13101150,50060000,50159600,2532,27262900,6533150,6289100,0,24452,0,5,0,0,0,0,0,0
4,3600043099,12285,1440050,8626150,27781400,12209250,50056850,50155150,2349,27583100,6263550,6049600,0,24452,0,5,0,0,0,0,0,0
5,1618316913,12286,788750,8913800,28025900,12330550,50059000,50159400,2363,27837550,6247800,6036250,0,24452,0,5,0,0,0,0,0,0
6,201713393,12287,791250,10327650,27942500,10579450,49640850,50156450,1986,27741600,6220000,6035200,0,24452,0,5,0,0,0,0,0,0
7,2011502881,12288,779900,8847100,28067250,12528650,50222900,50325600,2321,27873550,6244350,6038600,0,24452,0,5,0,0,0,0,0,0
8,3125474025,12289,785750,8770800,27782650,12552050,49891250,49989150,2420,27586050,6229850,6013200,0,24452,0,5,0,0,0,0,0,0
9,1342287211,12290,791450,8692250,28712550,11860600,50056850,50156550,2284,27624000,6719000,6505000,0,24452,0,5,0,0,0,0,0,0
10,3857196809,12291,778500,8625350,27514450,13139950,50058250,50159050,2549,27323250,6211950,5993000,0,24452,0,5,0,0,0,0,0,0
11,2240049260,12292,798650,9287500,27694950,12280250,50061350,50160700,2384,26933350,6074650,5870400,0,24132,0,5,0,0,0,0,0,0
12,1815897908,12293,778650,8552050,27447300,13277500,50055500,50157700,2579,27249300,6403750,6179750,0,24132,0,5,0,0,0,0,0,0
13,648884648,12294,785850,9141800,27673650,12455100,50056400,50157150,2413,27490600,6626800,6417850,0,24132,0,5,0,0,0,0,0,0
14,2931991803,12295,811250,8790300,27910100,11824750,49336400,50156450,2254,27713100,6145950,5946300,0,24132,0,5,0,0,0,0,0,0
15,4227589206,12296,1408800,8489350,27770000,12388900,50057050,50157800,2393,27575900,6675800,6478650,0,24132,0,5,0,0,0,0,0,0
16,1986714807,12297,769750,8614900,30651150,10027000,50062800,50160650,1942,30450050,7006500,6814900,0,24132,0,5,0,0,0,0,0,0
17,28333542,12298,1314550,8497900,27794650,12449300,50056400,50156050,2403,27597300,6671650,6456800,0,24132,0,5,0,0,0,0,0,0
18,842458438,12299,777050,8573400,27300000,13406550,50057000,50158700,2596,27104500,5711650,5501850,0,24132,0,5,0,0,0,0,0,0
19,4035787358,12300,795300,8576700,27487450,12804500,49663950,50158800,2479,27301400,6449000,6236100,0,24132,0,5,0,0,0,0,0,0
20,3966921526,12301,784550,8614600,27686400,13253800,50339350,50437350,1174,27490400,6076450,5868000,0,24132,0,5,0,0,0,0,0,0
21,3331783808,12302,821200,8634300,27372000,12930750,49758250,49876200,2508,27182800,6465450,6270050,0,24132,0,5,0,0,0,0,0,0
22,1855912102,12303,769650,8525950,27848150,12919600,50063350,50163050,1961,27651300,6284900,6078950,0,24132,0,5,0,0,0,0,0,0
23,3437663592,12304,802450,8622700,27411550,13208700,50045400,50151800,2564,27226850,6504950,6291100,0,24132,0,5,0,0,0,0,0,0
24,3162062844,12305,776050,9172600,26925350,13187400,50061400,50159250,2430,26741250,6129400,5927450,0,24132,0,5,0,0,0,0,0,0
25,1213835568,12306,785200,8937050,26922400,13414850,50059500,50157950,2574,26730800,6125050,5923150,0,24132,0,5,0,0,0,0,0,0
26,4133797692,12307,772400,9086050,28747150,11453450,50059050,50158600,2148,28548100,6246100,6049800,0,24132,0,5,0,0,0,0,0,0
27,256876650,12308,774650,8592600,26853500,13838950,50059700,50159650,2666,26667750,6106650,5887900,0,24452,0,5,0,0,0,0,0,0
28,482917404,12309,1401150,8491550,27518600,12644500,50055800,50154300,2415,27341900,6635700,6415500,0,24452,0,5,0,0,0,0,0,0
29,1264633954,12310,783350,8602200,27480450,13197600,50063600,50161750,2522,27285400,6447400,5503300,0,24132,0,5,0,0,0,0,0,0
30,3606135978,12311,1305850,8536900,27502550,12711850,50057150,50157600,2432,27320700,6626200,6415900,0,24132,0,5,0,0,0,0,0,0
31,2630115922,12312,792100,8633200,27174900,13968450,50568650,50670750,2604,26982750,5720150,5504350,0,24132,0,5,0,0,0,0,0,0
32,3881483034,12313,785000,8569500,27310200,12877550,49542250,49642700,2494,27116600,6466700,6258400,0,24132,0,5,0,0,0,0,0,0
33,2944919204,12314,790350,8696800,28049500,12578300,50114950,50215800,2331,27851450,6125350,5923300,0,24132,0,5,0,0,0,0,0,0
34,646532490,12315,791650,8684700,27436000,13083400,49995750,50098650,2538,27244600,6586550,6378500,0,24132,0,5,0,0,0,0,0,0
35,2877853796,12316,797850,9435700,26903750,12918850,50056150,50157200,2404,26721300,6080000,5882600,0,24132,0,5,0,0,0,0,0,0
36,1922367648,12317,784550,8658200,28455100,12157950,50055800,50158000,2286,28261700,7616200,7399450,0,24132,0,5,0,0,0,0,0,0
37,1795563108,12318,806850,9349300,27978250,11921450,50055850,50159750,2292,27787300,6684200,5667300,0,24132,0,5,0,0,0,0,0,0
38,214631552,12319,820000,8763000,27218900,12539900,49341800,50159300,2408,27028050,5725500,5523800,0,24132,0,5,0,0,0,0,0,0
39,1929726190,12320,1454100,8459050,27600400,12541550,50055100,50155900,2431,27408850,6575650,6380350,0,24132,0,5,0,0,0,0,0,0
40,1190506064,12321,783850,8667600,26948950,13660450,50060850,50160450,2658,26760300,6057750,5838450,0,24132,0,5,0,0,0,0,0,0
41,3268351150,12322,1375050,9000650,35426100,4254250,50056050,50155600,806,35240150,6671050,6463850,0,24132,0,5,0,0,0,0,0,0
42,118037070,12323,782200,8590900,27171750,13510400,50055250,50156500,2618,26979800,6338750,6099750,0,24132,0,5,0,0,0,0,0,0
43,1955195062,12324,1274300,8527350,27733750,12521100,50056500,50157700,2418,27538600,6631000,6422950,0,24132,0,5,0,0,0,0,0,0
44,1797432467,12325,782100,8593350,27292850,13720300,50388600,50488000,2578,27097600,5734550,5536500,0,24132,0,5,0,0,0,0,0,0
45,1035442557,12326,792450,8556150,27494950,12885450,49729000,49828500,2415,27309500,6477600,6267850,0,24132,0,5,0,0,0,0,0,0
46,2267612867,12327,787700,8598950,27741200,13193650,50321500,50426700,2131,27560100,6094650,5889800,0,24132,0,5,0,0,0,0,0,0
47,1217717069,12328,818300,8580600,27253350,13126200,49778450,49890850,2549,27064700,6216950,6007500,0,24132,0,5,0,0,0,0,0,0
48,1461268009,12329,781400,8533250,27730050,13013000,50057700,50157550,2423,26789600,6088050,5889700,0,24132,0,5,0,0,0,0,0,0
49,2370304197,12330,792500,8593200,27254450,13414250,50054400,50156100,2548,27064650,6361450,6152900,0,24132,0,5,0,0,0,0,0,0
50,655561417,12331,792750,9204750,27005750,13051800,50055050,50157550,2423,26819000,6214450,6013050,0,24132,0,5,0,0,0,0,0,0
51,524675839,12332,789850,8587800,27174000,13505600,50057250,50158150,2626,26981850,6387300,6173650,0,24452,0,5,0,0,0,0,0,0
52,1155835041,12333,1406300,8459950,27602200,12590750,50059200,50158500,2444,26713900,5997300,5794700,0,24452,0,5,0,0,0,0,0,0
53,214853719,12334,789050,8613800,26807550,13849500,50059900,50159400,2667,26617550,6019150,5806150,0,24132,0,5,0,0,0,0,0,0
54,3035389575,12335,1357450,8847500,27438450,12413150,50056550,50158800,2360,27253550,6605650,6410100,0,24132,0,5,0,0,0,0,0,0
55,1549109231,12336,779300,8586050,26852700,13835200,50053250,50154400,2655,26656350,6105050,5884950,0,24132,0,5,0,0,0,0,0,0
56,66132623,12337,1245400,8508400,27479400,12825850,50059050,50158450,2450,27294550,6603100,6401350,0,24132,0,5,0,0,0,0,0,0
57,3504604473,12338,777700,10853500,27563550,11161150,50355900,50458500,2092,27386500,6678200,6485550,0,24132,0,5,0,0,0,0,0,0
58,1691498415,12339,777150,8520600,27598500,12859650,49755900,49858250,2462,27418900,6360150,6145200,0,24132,0,5,0,0,0,0,0,0
59,4055346753,12340,794900,8594650,27721000,13072350,50182900,50285250,2404,27533250,6096550,5888150,0,24132,0,5,0,0,0,0,0,0
60,4185240021,12341,780150,8537450,27301750,13310700,49930050,50032250,2587,27117750,6439150,6232350,0,24132,0,5,0,0,0,0,0,0
61,380494641,12342,1775750,8622650,35229850,3711500,49339750,50158050,690,35043950,9432500,8380100,0,24132,0,5,0,0,0,0,0,0
62,648826037,12343,772700,8709850,27306600,13267650,50056800,50156650,2577,27130800,6129750,5926050,0,24132,0,5,0,0,0,0,0,0
63,457329003,12344,781800,9330900,27498150,12442950,50053800,50154850,2411,27321200,6039550,5852350,0,24132,0,5,0,0,0,0,0,0
64,3359035981,12345,779450,8721250,26975150,13584600,50060450,50159800,2643,26787400,6253600,6036100,0,24132,0,5,0,0,0,0,0,0
65,1526400123,12346,1428500,8620300,27493100,12514800,50056700,50156300,2425,27314300,6593150,6372050,0,24132,0,5,0,0,0,0,0,0
66,1691524227,12347,784000,8579850,27486700,13206650,50057200,50158150,2554,27289600,6331900,6090500,0,24132,0,5,0,0,0,0,0,0
67,1475349003,12348,1354900,8503650,29963000,10235350,50056900,50157800,1913,29773550,6132400,5927200,0,24132,0,5,0,0,0,0,0,0
68,485644907,12349,771500,8660200,27223900,13406450,50062050,50161400,2595,27033650,6372250,5438350,0,24132,0,5,0,0,0,0,0,0
69,1050479637,12350,1259450,8514050,27572900,12711200,50057600,50157050,2460,27400050,6490150,6293000,0,24132,0,5,0,0,0,0,0,0
70,3204525547,12351,773400,8582600,27833300,13083600,50272900,50373900,2425,27639350,6232550,6035250,0,24132,0,5,0,0,0,0,0,0
71,4185398997,12352,791950,8563550,27459450,13022800,49837750,49938450,2526,27272000,6353500,6159550,0,24132,0,5,0,0,0,0,0,0
72,3094072225,12353,772450,8576100,27811900,12898250,50058700,50157800,2401,27624550,6095600,5893750,0,24132,0,5,0,0,0,0,0,0
73,1835371693,12354,788200,8547000,27400900,13324000,50060100,50161250,2592,27212850,6316350,6106400,0,24132,0,5,0,0,0,0,0,0
74,2168771505,12355,786950,9245100,27044150,12977700,50053900,50154650,2336,26857600,6091250,5891050,0,24132,0,5,0,0,0,0,0,0
75,4059398759,12356,793350,8588800,27354800,13318550,50055500,50160300,2587,27165200,6300200,6088000,0,24452,0,5,0,0,0,0,0,0
76,644479865,12357,780650,9099350,27055300,13120000,50055300,50154400,2439,26870500,6087450,5884950,0,24452,0,5,0,0,0,0,0,0
77,1914197423,12358,789550,8590050,29305550,11374600,50059750,50159200,2152,29112300,8104450,7860500,0,24132,0,5,0,0,0,0,0,0
78,430804047,12359,1419100,8475000,27689700,12475900,50059700,50159400,2359,27503550,6773050,6567750,0,24132,0,5,0,0,0,0,0,0
79,3866048775,12360,789750,8611250,26940200,13714650,50055850,50158350,2659,26735650,6165850,5947100,0,24132,0,5,0,0,0,0,0,0
80,7140231,12361,1315100,8475050,27666450,12600800,50057400,50157150,2437,27472300,6780950,5771500,0,24132,0,5,0,0,0,0,0,0
81,1511961547,12362,796900,8584900,27132400,13543750,50057950,50159100,2592,26930200,6353650,6120750,0,24132,0,5,0,0,0,0,0,0
82,376629139,12363,844650,13077500,27760550,5425600,47108300,50154050,1071,26981900,6315950,6112650,0,24132,0,5,0,0,0,0,0,0
83,1861594235,12364,791200,8868700,27731400,12831800,50223100,50329700,2353,27532100,6157150,5958750,0,24132,0,5,0,0,0,0,0,0
84,1702339483,12365,824800,8716450,26936100,12680500,49157850,49989250,2413,26745200,6154700,5959200,0,24132,0,5,0,0,0,0,0,0
85,966101579,12366,786250,8582800,27742100,12944950,50056100,50156000,2376,27548650,6151050,5952550,0,24132,0,5,0,0,0,0,0,0
86,2786182811,12367,777700,8566050,27366750,13346400,50056900,50158000,2566,27169550,6482350,6273850,0,24132,0,5,0,0,0,0,0,0
87,3655782539,12368,798300,9221500,29216000,10822450,50058250,50159550,1975,29025750,7952200,7732400,0,24132,0,5,0,0,0,0,0,0
88,3735461922,12369,813800,8592300,27061600,13586700,50054400,50156350,2647,26864100,6249500,6036700,0,24132,0,5,0,0,0,0,0,0
89,270833838,12370,788100,9233200,27549050,12487200,50057550,50157100,2421,27362500,6630050,6417400,0,24132,0,5,0,0,0,0,0,0
90,930095294,12371,781750,8738000,26893250,13644650,50057650,50158600,2658,26696550,6116100,5900800,0,24132,0,5,0,0,0,0,0,0
91,1273808962,12372,1411950,8654500,27935650,12052950,50055050,50157900,2320,27749300,6675050,6467600,0,24132,0,5,0,0,0,0,0,0
92,1953673858,12373,777750,8731550,26794900,13757000,50061200,50160750,2677,26604550,6093350,5302400,0,24132,0,5,0,0,0,0,0,0
93,4057475070,12374,1309300,8630150,27607850,12509650,50056950,50156750,2417,27410100,6662850,6452800,0,24132,0,5,0,0,0,0,0,0
94,3372198854,12375,777900,8576150,27278000,13421900,50053950,50156950,2599,27084750,6431450,5506700,0,24132,0,5,0,0,0,0,0,0
95,2335202154,12376,792050,8522950,27680950,12654350,49650300,50157150,2449,27490050,6290450,6083950,0,24132,0,5,0,0,0,0,0,0
96,2170853250,12377,784300,8553250,27828650,13010050,50176250,50276050,2427,27643800,6135600,5930700,0,24132,0,5,0,0,0,0,0,0
97,1829955022,12378,788000,8525400,27552050,13076900,49942350,50041550,2267,27365600,6498850,6288300,0,24132,0,5,0,0,0,0,0,0
98,1856045454,12379,805700,9392000,27101750,12741250,50040700,50156450,2364,26898650,6144600,5943600,0,24132,0,5,0,0,0,0,0,0
99,2544683154,12380,791150,8523900,27704500,13038550,50058100,50159150,2496,27507350,6574750,6363600,0,24452,0,5,0,0,0,0,0,0
100,1531444578,12381,776500,9170800,27190900,12913950,50052150,50155900,2399,27003550,6148450,5945350,0,24452,0,5,0,0,0,0,0,0
101,1139277022,12382,794300,8553100,27211300,13501100,50059800,50159400,2629,27021300,6234450,6020400,0,24132,0,5,0,0,0,0,0,0
102,2614530982,12383,783650,9060350,36374500,3839550,50058050,50159350,715,36176850,6451300,6243750,0,24132,0,5,0,0,0,0,0,0
103,464765994,12384,785850,8607550,26996050,13661900,50051350,50157400,2582,26800350,6060600,5843750,0,24132,0,5,0,0,0,0,0,0
104,1592019490,12385,1393850,8498000,27650550,12506550,50048950,50156000,2419,27462100,6638350,6428500,0,24132,0,5,0,0,0,0,0,0
105,66207950,12386,781350,8586350,26959150,13729550,50056400,50158850,2673,26769300,6266450,6033750,0,24132,0,5,0,0,0,0,0,0
106,2639428798,12387,1280650,8495450,27649200,12628100,50053400,50157000,2443,27459900,6783700,6575200,0,24132,0,5,0,0,0,0,0,0
107,1495915330,12388,831350,9497250,27667400,11979600,49975600,50804550,2254,27488900,6759550,6565500,0,24132,0,5,0,0,0,0,0,0
108,4079891938,12389,778850,9970300,27281300,11374200,49404650,49510400,2155,27086650,5834200,5652100,0,24132,0,5,0,0,0,0,0,0
109,1204987230,12390,777750,8563100,27688900,13082700,50112450,50212550,2408,27491400,6080950,5872800,0,24132,0,5,0,0,0,0,0,0
110,949029318,12391,785000,8546150,27478500,13193100,50002750,50104100,2528,27283850,6596400,6387150,0,24132,0,5,0,0,0,0,0,0
111,2727127274,12392,781300,8526850,27657150,13089550,50054850,50155850,2410,26690950,6098050,5893950,0,24132,0,5,0,0,0,0,0,0
112,2443393666,12393,775850,8823400,27069850,13391900,50061000,50160350,2569,26874200,6233100,6034450,0,24132,0,5,0,0,0,0,0,0
113,434260526,12394,771900,9194850,26961500,13128750,50057000,50156950,2413,26759550,6086250,5888850,0,24132,0,5,0,0,0,0,0,0
114,2637634158,12395,761700,8567500,27047200,13682250,50058650,50159850,2640,26857750,6236650,6026200,0,24132,0,5,0,0,0,0,0,0
115,4248248050,12396,1402300,8455200,26919850,13275500,50052850,50153600,2447,26727900,6000650,5796700,0,24132,0,5,0,0,0,0,0,0
116,663154818,12397,774200,8584550,27144950,13556000,50059700,50159000,2630,26950700,6127300,5889400,0,24132,0,5,0,0,0,0,0,0
117,1461428606,12398,1498600,8526550,27545800,12488300,50059250,50158800,2415,27356700,6631450,6417300,0,24132,0,5,0,0,0,0,0,0
118,3252362022,12399,778950,8734550,29727350,10813200,50054050,50155350,2140,29534100,6616650,6406500,0,24132,0,5,0,0,0,0,0,0
119,2423015338,12400,1271000,8683250,27575100,12528450,50057800,50159150,2413,27386500,6627100,6434750,0,24132,0,5,0,0,0,0,0,0
120,507309730,12401,765550,8751650,28037450,12830500,50385150,50486550,2390,27852550,6143900,5949400,0,24132,0,5,0,0,0,0,0,0
121,2882991293,12402,772400,8667550,27352100,12941200,49733250,49832750,2511,27169150,6448850,6259150,0,24132,0,5,0,0,0,0,0,0
122,3682963569,12403,773200,8560700,27764900,14519600,51618400,51719250,1501,27568250,6094000,5883150,0,24132,0,5,0,0,0,0,0,0
123,1404881069,12404,814000,8732400,27905900,11019800,48472100,48596050,2080,27715650,6106600,5906550,0,24452,0,5,0,0,0,0,0,0
124,624513273,12405,770550,8513350,28697950,12071450,50053300,50154700,2338,27182650,6077100,5874900,0,24452,0,5,0,0,0,0,0,0
125,484090933,12406,787300,8548700,27263850,13461050,50060900,50160400,2621,27075250,6187950,5981000,0,24132,0,5,0,0,0,0,0,0
126,2330053545,12407,771300,9164150,27054400,13064600,50054450,50155600,2431,26865350,6021350,5817800,0,24132,0,5,0,0,0,0,0,0
127,3891445269,12408,784750,8560600,27139900,13572900,50058150,50160350,2644,26951550,6212150,5995950,0,24132,0,5,0,0,0,0,0,0
128,1947616753,12409,1405650,8434800,29634650,10583750,50058850,50158450,1974,29438100,7184600,6949100,0,24132,0,5,0,0,0,0,0,0
129,965975981,12410,786150,8619200,27118000,13528700,50052050,50154200,2626,26924950,6125200,5912600,0,24132,0,5,0,0,0,0,0,0
130,2786931617,12411,1356300,8473950,27709550,12515250,50055050,50158900,2418,27518350,6650550,6441000,0,24132,0,5,0,0,0,0,0,0
131,4011087213,12412,816950,9495100,27178150,11843950,49334150,50158900,2246,26983050,6088550,5899100,0,24132,0,5,0,0,0,0,0,0
132,3703868376,12413,1269600,8551000,27553050,12686650,50060300,50160000,2366,27367300,6499250,6288000,0,24132,0,5,0,0,0,0,0,0
133,212089708,12414,790100,8623700,27473650,13437400,50324850,50428350,2522,27280850,5905600,5706850,0,24132,0,5,0,0,0,0,0,0
134,737348112,12415,777000,8562400,27508450,12935500,49783350,49884350,2509,27319750,6615750,6407300,0,24132,0,5,0,0,0,0,0,0
135,1465149204,12416,784450,8583800,27869300,12818200,50055750,50156700,2383,27670950,6223900,6011200,0,24132,0,5,0,0,0,0,0,0
136,3549792448,12417,777300,8504150,27609200,13170400,50061050,50161650,2553,27412600,6728200,6515500,0,24132,0,5,0,0,0,0,0,0
137,3053421220,12418,783300,9567600,26928900,12773600,50053400,50155050,2332,26724500,6048050,5848700,0,24132,0,5,0,0,0,0,0,0
138,904563048,12419,759550,8561150,27147800,13589200,50057700,50160850,2248,26961250,6304700,6094850,0,24132,0,5,0,0,0,0,0,0
139,1363341148,12420,816150,9187200,26929600,13105300,50038250,50152500,2396,26739500,6034950,5831150,0,24132,0,5,0,0,0,0,0,0
140,3357813192,12421,775300,8566600,26893800,13825350,50061050,50160450,2661,26701900,6174550,5963600,0,24132,0,5,0,0,0,0,0,0
141,1376589724,12422,1413250,8768450,27513150,12364600,50059450,50159050,2351,27322750,6626600,6433350,0,24132,0,5,0,0,0,0,0,0
142,2806738240,12423,769000,8585200,26741400,13958900,50054500,50155500,2697,26549200,6016150,5812150,0,24132,0,5,0,0,0,0,0,0
143,1863420068,12424,1336700,8500050,35126450,5095000,50058200,50158950,972,34349300,6087050,5896500,0,24132,0,5,0,0,0,0,0,0
144,2368389248,12425,770950,8601300,27094350,13593650,50060250,50160350,2637,26902900,6365750,6152800,0,24132,0,5,0,0,0,0,0,0
145,3624800580,12426,1383450,8508000,27534050,12630850,50056350,50156050,2441,27336800,6232850,6042750,0,24132,0,5,0,0,0,0,0,0
146,2708332264,12427,768450,8747900,27164600,13607950,50288900,50390400,2553,26977750,5764250,5577350,0,24132,0,5,0,0,0,0,0,0
147,3643166428,12428,779700,8699300,27330900,13015500,49825400,49926250,2524,27141500,6400550,6194800,0,24452,0,5,0,0,0,0,0,0
148,1604903896,12429,783600,8716050,27740750,13995800,51236200,51335850,2362,26770800,6150550,5949150,0,24452,0,5,0,0,0,0,0,0
149,499105388,12430,817500,8813000,28143850,11090950,48865300,48977900,2094,27950150,6152600,5940500,0,24132,0,5,0,0,0,0,0,0
150,3393190256,12431,784500,9361100,26978350,12931600,50055550,50157050,2403,26779200,6131050,5928450,0,24132,0,5,0,0,0,0,0,0
151,1752164884,12432,786500,8565750,27288300,13414500,50055050,50159300,2611,27098600,6258350,6045750,0,24132,0,5,0,0,0,0,0,0
152,112950176,12433,775700,9109100,27039900,13130600,50055300,50156250,2444,26853750,6077450,5873000,0,24132,0,5,0,0,0,0,0,0
153,218377828,12434,782700,8598750,27252000,13423600,50057050,50158200,2609,27054150,6429600,6204850,0,24132,0,5,0,0,0,0,0,0
154,1614877672,12435,818400,8642950,27197750,11903600,48562700,50158600,2285,27011400,6182100,5976050,0,24132,0,5,0,0,0,0,0,0
155,624660060,12436,786100,8609000,26990000,13670250,50055350,50157000,2656,26800200,6131800,5905600,0,24132,0,5,0,0,0,0,0,0
156,1646146728,12437,1298150,8487750,27695200,12579250,50060350,50160450,2429,27506550,6694050,6482950,0,24132,0,5,0,0,0,0,0,0
157,2550301372,12438,784050,8617050,27268250,13387000,50056350,50156000,2509,27074150,6424000,5486100,0,24132,0,5,0,0,0,0,0,0
158,172327680,12439,795500,8548250,27542100,12744500,49630350,50160150,2464,27356450,6550850,6341700,0,24132,0,5,0,0,0,0,0,0
159,28774455,12440,796350,8450600,29519650,11460800,50227400,50328450,2195,29326250,6636400,6431150,0,23812,0,5,0,0,0,0,0,0
160,1278562831,12441,766750,8448400,27272450,13398100,49885700,49985150,2611,27092300,6579950,6371800,0,23812,0,5,0,0,0,0,0,0
161,1878041307,12442,778750,8457800,27186850,13636950,50060350,50160200,2481,26996350,5852500,5653450,0,23812,0,5,0,0,0,0,0,0
162,2842495315,12443,778000,8428400,27257550,13586550,50050500,50156050,2652,27073000,6696450,6482300,0,23812,0,5,0,0,0,0,0,0
163,942955647,12444,776750,8375150,28032550,12875300,50059750,50160950,1002,27065250,6731200,6519800,0,23812,0,5,0,0,0,0,0,0
164,3104849743,12445,824850,8517850,27154550,13538750,50036000,50153950,2635,26966250,6551900,6351300,0,23812,0,5,0,0,0,0,0,0
165,2914266731,12446,780350,9016450,26617100,13647950,50061850,50161250,2529,26427400,6044850,5851600,0,23812,0,5,0,0,0,0,0,0
166,4064468955,12447,768750,8806050,26709500,13769050,50053350,50154600,2650,26512500,6185800,5986600,0,23812,0,5,0,0,0,0,0,0
167,3195515191,12448,1383000,8386900,26658400,13627400,50055700,50156950,2516,26459650,6040450,5846950,0,23812,0,5,0,0,0,0,0,0
168,978211615,12449,763350,8471350,26781200,14043500,50059400,50158900,2705,26584050,6221150,6018550,0,24132,0,5,0,0,0,0,0,0
169,2835071531,12450,1305950,8363950,28438950,11952400,50061250,50160550,2253,28236500,6137050,5943950,0,24132,0,5,0,0,0,0,0,0
170,2067386771,12451,770250,8482950,27146950,13651700,50051850,50154800,2617,26947600,6348650,6109900,0,24132,0,5,0,0,0,0,0,0
171,1313815599,12452,791350,8412550,27120150,13298850,49622900,50158550,2563,26933500,6483650,5470800,0,23812,0,5,0,0,0,0,0,0
172,2403178911,12453,772500,8435050,26771150,14341800,50320500,50420600,2683,26572800,6295800,6060150,0,23812,0,5,0,0,0,0,0,0
173,2922328731,12454,790550,8407050,27160900,13437300,49795800,49896300,2621,26963150,6507950,6297950,0,23812,0,5,0,0,0,0,0,0
174,984914827,12455,784050,8595400,27641050,13031550,50052050,50154450,2429,26685450,6020450,5822350,0,23812,0,5,0,0,0,0,0,0
175,3908989879,12456,787300,8558250,27128250,13582750,50056550,50159100,2647,26941900,6487050,6276600,0,23812,0,5,0,0,0,0,0,0
176,3999582383,12457,772400,9301500,26499000,13483350,50056250,50158550,2527,26308800,5975950,5773950,0,23812,0,5,0,0,0,0,0,0
177,407226939,12458,787500,8576750,27024850,13663250,50052350,50157050,2664,26834900,6496800,6286050,0,23812,0,5,0,0,0,0,0,0
178,1756548563,12459,778550,9092250,26902200,13283750,50056750,50159950,2476,26703600,5949800,5741750,0,23812,0,5,0,0,0,0,0,0
179,270721439,12460,792450,8458700,29038500,11763850,50053500,50156550,2214,28846800,8432550,8186750,0,23812,0,5,0,0,0,0,0,0
CSV_END

STUDY_DONE_cc6a91b855b1=0
# 