/tmp/app --transport apb --frames 30 --warmup 6 --wait spin --profile detailed --csv /tmp/check.csv --dump /tmp/check.raw && printf "CSV_BEGIN\n" && cat /tmp/check.csv && printf "CSV_END\n"; study_status=$?; printf "\nSTUDY_DONE_56e433468a1d=%s\n" "$study_status"
TRANSPORT mode=apb dma_minimum=64
BEGIN_BREAKOUT frames=30 warmup=6 fixed=0 blocks=40 tiles=1 hud=1 wait=spin replay=0 state_frame=0 profile=detailed pixel_centers=1 clock_call_ns=5892
HW_COUNTERS unavailable
RESULT frames=30 elapsed_s=2.056430750 fps=14.588383 logic_ms=1.133370 api_ms=21.644477 swap_ms=42.197998 wait_ms=3.424443 worker_inclusive_ms=41.984678 upload_inclusive_ms=8.974830 write_ms=8.478653 bytes_per_frame=33732.00 p50_ms=66.878450 p95_ms=83.578700 max_ms=83.598500 late_60hz=30 first_count=11 last_count=40 state_hash=30b0ac25 remaining=40 score=0
RENDER_PATH retained=0 grouped=0 quads=2310 full_frames=30
FRAME_CHECK count=40 address=9fe00000 fnv1a=63e15fd3 pixels=307200 mismatches=0
BREAKOUT_PASS
CSV_BEGIN
frame,state_hash,display_count,logic_ns,api_ns,swap_ns,wait_ns,total_ns,completion_interval_ns,polls,worker_inclusive_ns,upload_inclusive_ns,write_ns,read_ns,write_bytes,read_bytes,write_calls,read_calls,dma_copy_ns,dma_launch_ns,dma_completion_wait_ns,dma_bytes,dma_lists
0,800621675,11,860450,21651450,42881950,1425700,66819550,66832050,301,42687500,8646500,8403350,0,34372,0,5,0,0,0,0,0,0
1,1196341280,12,1522650,21441750,42440000,1365950,66770350,66876450,287,42257450,9196200,8939350,0,34372,0,5,0,0,0,0,0,0
2,111313565,13,805550,22266700,41981250,1720050,66773550,66880850,239,41788150,8550800,8307100,0,34372,0,5,0,0,0,0,0,0
3,903264866,14,761450,21564650,42743600,2285300,67355000,67465150,340,42552850,8499250,8244750,0,34372,0,5,0,0,0,0,0,0
4,1649729059,15,813900,21494750,42302600,1561900,66173150,66283900,329,42108400,8428100,8210050,0,34372,0,5,0,0,0,0,0,0
5,3799295956,16,1650700,21552900,42272900,566350,66042850,66879900,115,42081300,8385250,8153150,0,34372,0,5,0,0,0,0,0,0
6,1787088645,17,819050,22454450,42035650,1461350,66770500,66878850,185,41836100,8547250,8319750,0,34372,0,5,0,0,0,0,0,0
7,3856092886,18,771850,21649150,44003400,344650,66769050,66874750,68,43814250,8765550,8520400,0,34372,0,5,0,0,0,0,0,0
8,2569590663,19,1571200,21331050,42322700,1546800,66771750,66876700,326,42134800,9178350,8927650,0,34372,0,5,0,0,0,0,0,0
9,1319145384,20,753450,22262700,42345850,1412100,66774100,66879150,173,42153950,8664600,8412350,0,34372,0,5,0,0,0,0,0,0
10,308781753,21,822600,21586750,42294550,2508200,67212100,67323500,389,42100350,8472150,8226600,0,34372,0,5,0,0,0,0,0,0
11,534876330,22,755200,21512550,42280500,1769900,66318150,66428650,374,42095750,8404500,8180650,0,34372,0,5,0,0,0,0,0,0
12,1347127931,23,1531300,21376000,42824700,1041650,66773650,66878450,217,42637650,9542950,9300450,0,34372,0,5,0,0,0,0,0,0
13,3374043756,24,750550,22446100,41754250,1823550,66774450,66876200,267,41564700,8604250,8379150,0,34372,0,5,0,0,0,0,0,0
14,3600138333,25,816150,21670800,42242650,2040750,66770350,66877450,432,42050900,8547600,8322800,0,34372,0,5,0,0,0,0,0,0
15,2243820206,26,6622350,24501600,42609000,9761400,83494350,83597550,1910,42417850,8652150,8413250,0,34372,0,5,0,0,0,0,0,0
16,2573882207,27,1472900,21670050,42369700,1255250,66767900,66874500,264,42186100,9330500,9084950,0,34372,0,5,0,0,0,0,0,0
17,4228458496,28,756250,22329200,41947500,1745650,66778600,66882800,245,41754350,8568700,8319900,0,34372,0,5,0,0,0,0,0,0
18,3421020113,29,820200,21527550,42912050,1501650,66761450,66873400,317,42723250,8857600,8612950,0,34372,0,5,0,0,0,0,0,0
19,3199738754,30,754150,21688850,42111600,1660100,66214700,66874700,350,41925850,9146050,8894450,0,34372,0,5,0,0,0,0,0,0
20,2637397779,31,819400,22302100,41901100,1752200,66774800,66881300,245,41713800,8763400,8524350,0,34372,0,5,0,0,0,0,0,0
21,3274367876,32,764350,22178700,41983600,2067700,66994350,67104200,262,41798250,8601400,8339850,0,34372,0,5,0,0,0,0,0,0
22,270716021,33,822250,21536550,44595500,16509800,83464100,83578700,3060,44422250,8636300,8396400,0,34372,0,5,0,0,0,0,0,0
23,2501492294,34,764800,21494400,42361900,1929500,66550600,66664050,408,42176350,9198150,8941150,0,34372,0,5,0,0,0,0,0,0
24,3724779174,35,724650,20983850,39884350,5184750,66777600,66880050,1018,39708350,9182000,8939450,0,31172,0,5,0,0,0,0,0,0
25,1709657109,36,872400,20591750,39451850,5856550,66772550,66877950,1053,39258000,8196300,7948650,0,31172,0,5,0,0,0,0,0,0
26,1894904752,37,849750,20642050,39292750,5985250,66769800,66878650,1179,39095050,7977600,7749200,0,31172,0,5,0,0,0,0,0,0
27,3703759967,38,1297200,20528800,39679000,5259150,66764150,66875750,966,39488700,8124200,7884800,0,31172,0,5,0,0,0,0,0,0
28,19533624,39,842550,20397200,39523250,6000050,66763050,66876650,1083,38604350,8216600,7986100,0,31172,0,5,0,0,0,0,0,0
29,816884773,40,811850,20699900,48590250,13390100,83492100,83598500,2508,48403750,17360650,9476600,0,31172,0,5,0,0,0,0,0,0
CSV_END

STUDY_DONE_56e433468a1d=0
# 