/tmp/app --transport dma --frames 30 --warmup 6 --wait spin --profile detailed --csv /tmp/check.csv --dump /tmp/check.raw && printf "CSV_BEGIN\n" && cat /tmp/check.csv && printf "CSV_END\n"; study_status=$?; printf "\nSTUDY_DONE_68b56d55e99c=%s\n" "$study_status"
TRANSPORT mode=dma dma_minimum=64
BEGIN_BREAKOUT frames=30 warmup=6 fixed=0 blocks=40 tiles=1 hud=1 wait=spin replay=0 state_frame=0 profile=detailed pixel_centers=1 clock_call_ns=5524
HW_COUNTERS unavailable
RESULT frames=30 elapsed_s=2.541297950 fps=11.804991 logic_ms=0.935812 api_ms=22.534102 swap_ms=57.219713 wait_ms=3.916847 worker_inclusive_ms=57.042783 upload_inclusive_ms=23.271252 write_ms=19.594732 bytes_per_frame=33732.00 p50_ms=83.597250 p95_ms=83.825050 max_ms=100.314600 late_60hz=30 first_count=51 last_count=80 state_hash=30b0ac25 remaining=40 score=0
RENDER_PATH retained=0 grouped=0 quads=2310 full_frames=30
FRAME_CHECK count=80 address=9fe00000 fnv1a=63e15fd3 pixels=307200 mismatches=0
BREAKOUT_PASS
CSV_BEGIN
frame,state_hash,display_count,logic_ns,api_ns,swap_ns,wait_ns,total_ns,completion_interval_ns,polls,worker_inclusive_ns,upload_inclusive_ns,write_ns,read_ns,write_bytes,read_bytes,write_calls,read_calls,dma_copy_ns,dma_launch_ns,dma_completion_wait_ns,dma_bytes,dma_lists
0,800621675,51,1509500,22121500,56638250,3281400,83550650,83561650,557,56457800,22690550,18999250,0,34372,0,5,0,18781350,45500,4008250,34560,5
1,1196341280,52,1416350,22075500,57080750,2917600,83490200,83598600,472,56906350,22567900,19000150,0,34372,0,5,0,18781700,44150,3940250,34560,5
2,111313565,53,823650,22937700,56889850,2836450,83487650,83598200,398,56705850,23775100,20205150,0,34372,0,5,0,19989300,52550,4203050,34560,5
3,903264866,54,776650,22953750,65717100,10761700,100209200,100314600,2003,65547000,23903550,19871500,0,34372,0,5,0,18891450,45500,4340850,34560,5
4,1649729059,55,828850,22846250,56861100,2958650,83494850,83597250,403,56677850,23568800,20005200,0,34372,0,5,0,19794650,45950,3803700,34560,5
5,3799295956,56,788550,23134600,56838650,2723100,83484900,83593400,354,56668800,23690500,20128950,0,34372,0,5,0,19917300,44600,3821900,34560,5
6,1787088645,57,833950,23345450,56272350,3038300,83490050,83598650,420,56085150,22909600,19246050,0,34372,0,5,0,19030100,44150,3898650,34560,5
7,3856092886,58,790450,23034000,56578850,3083600,83486900,83594050,434,56402050,23162650,19585150,0,34372,0,5,0,19356650,42850,3781450,34560,5
8,2569590663,59,830400,23216850,56897450,2544850,83489550,83596850,319,56711650,23629500,19366900,0,34372,0,5,0,19144450,44850,4471250,34560,5
9,1319145384,60,773600,22214400,59510350,1218050,83716400,83825050,28,59340950,23530400,19965300,0,34372,0,5,0,19752950,46250,3822400,34560,5
10,308781753,61,825600,22331650,57862700,2240650,83260600,83365700,355,57682100,23691050,20118850,0,34372,0,5,0,19897150,47100,3776150,34560,5
11,534876330,62,1315900,22528950,58020150,1633050,83498050,83599950,226,57848450,23779100,20219600,0,34372,0,5,0,20000950,42800,3770750,34560,5
12,1347127931,63,1546750,22176350,57786200,1980100,83489400,83594600,300,57604550,23641400,20083650,0,34372,0,5,0,19849600,53250,3759450,34560,5
13,3374043756,64,755200,22988600,56827900,2922550,83494250,83597050,449,56667000,23682750,19306750,0,34372,0,5,0,19093600,44150,4098150,34560,5
14,3600138333,65,824550,22886600,57016150,2763400,83490700,83597150,369,56832350,23605050,20043050,0,34372,0,5,0,19827350,48850,4260300,34560,5
15,2243820206,66,784950,23102550,65379100,10940200,100206800,100314150,1983,65203250,23596600,20036950,0,34372,0,5,0,19038500,42950,4126550,34560,5
16,2573882207,67,829100,23470000,56765300,2429250,83493650,83598650,341,56582000,22667500,18875550,0,34372,0,5,0,18659950,45200,4276150,34560,5
17,4228458496,68,786900,22988250,57319300,2388200,83482650,83593550,279,57148650,23686950,20135650,0,34372,0,5,0,19924550,45800,3803300,34560,5
18,3421020113,69,822400,23030650,57591150,2040350,83484550,83596650,205,57412950,23618750,20045300,0,34372,0,5,0,19837100,45500,3802950,34560,5
19,3199738754,70,776550,23188350,56665700,2860750,83491350,83600100,388,56488200,23220100,19262850,0,34372,0,5,0,19041450,41800,4179150,34560,5
20,2637397779,71,824350,22876250,57096100,2892000,83688700,83795600,334,56915300,23521450,19676050,0,34372,0,5,0,19448550,43550,4034500,34560,5
21,3274367876,72,780600,23097150,58659450,1110000,83647200,83756500,3,58478700,23526500,19982450,0,34372,0,5,0,19765350,49050,3811300,34560,5
22,270716021,73,818550,22195350,57956000,2158850,83128750,83233650,337,57775050,23811700,20250050,0,34372,0,5,0,20027450,45050,3771200,34560,5
23,2501492294,74,1386050,22142600,58215450,1752450,83496550,83598200,247,58048600,23609650,20058050,0,34372,0,5,0,19835850,45350,3787850,34560,5
24,3724779174,75,1403850,21214550,53173000,7704350,83495750,83596800,1342,52991900,21622150,18161400,0,31172,0,5,0,17952700,44250,3713800,31360,5
25,1709657109,76,878350,21685250,53331200,7593550,83488350,83597250,1255,53156150,21430350,17974850,0,31172,0,5,0,17765450,46400,3704900,31360,5
26,1894904752,77,856200,22006800,52855000,7766400,83484400,83594950,1359,52679600,21294900,17833100,0,31172,0,5,0,17617100,50800,3690500,31360,5
27,3703759967,78,814650,21936750,58816450,1923550,83491400,83598350,249,58644550,28133850,24668900,0,31172,0,5,0,24444950,47850,3877350,31360,5
28,19533624,79,847550,21055850,53729950,7854350,83487700,83593000,1377,53551750,21785200,18014550,0,31172,0,5,0,17804250,45250,4029300,31360,5
29,816884773,80,824350,21240550,52240450,9187700,83493050,83597800,1629,52068950,20784000,16720750,0,31172,0,5,0,16507800,42150,4547800,31360,5
CSV_END

STUDY_DONE_68b56d55e99c=0
# 
{"started_utc": "2026-10-09T03:57:22.826369+00:00", "elapsed_seconds": 12.603120538002258, "bytes_received": 5668, "command": "/tmp/app --transport dma --frames 30 --warmup 6 --wait spin --profile detailed --csv /tmp/check.csv --dump /tmp/check.raw && printf \"CSV_BEGIN\\n\" && cat /tmp/check.csv && printf \"CSV_END\\n\"", "command_exit": 0, "login_sent": false}
