/tmp/texture 0 dma; study_status=$?; printf "\nSTUDY_DONE_619903ef1edd=%s\n" "$study_status"
TEXTURE_BEGIN size=32
TEXTURE_CHECK size=32 pixels=307200 mismatches=0
TEXTURE_BEGIN size=64
TEXTURE_DIFF x=288 y=256 actual=f81f expected=001f
TEXTURE_DIFF x=289 y=256 actual=f81f expected=001f
TEXTURE_DIFF x=290 y=256 actual=f81f expected=001f
TEXTURE_DIFF x=291 y=256 actual=f81f expected=001f
TEXTURE_DIFF x=292 y=256 actual=f81f expected=001f
TEXTURE_DIFF x=293 y=256 actual=f81f expected=001f
TEXTURE_DIFF x=294 y=256 actual=f81f expected=001f
TEXTURE_DIFF x=295 y=256 actual=f81f expected=001f
TEXTURE_DIFF x=296 y=256 actual=07ff expected=ffe0
TEXTURE_DIFF x=297 y=256 actual=07ff expected=ffe0
TEXTURE_DIFF x=298 y=256 actual=07ff expected=ffe0
TEXTURE_DIFF x=299 y=256 actual=07ff expected=ffe0
TEXTURE_CHECK size=64 pixels=307200 mismatches=1024
TEXTURE_BEGIN size=256
TEXTURE_DIFF x=192 y=128 actual=ffe0 expected=ffff
TEXTURE_DIFF x=193 y=128 actual=ffe0 expected=ffff
TEXTURE_DIFF x=194 y=128 actual=ffe0 expected=ffff
TEXTURE_DIFF x=195 y=128 actual=ffe0 expected=ffff
TEXTURE_DIFF x=196 y=128 actual=ffe0 expected=ffff
TEXTURE_DIFF x=197 y=128 actual=ffe0 expected=ffff
TEXTURE_DIFF x=198 y=128 actual=ffe0 expected=ffff
TEXTURE_DIFF x=199 y=128 actual=ffe0 expected=ffff
TEXTURE_DIFF x=200 y=128 actual=f81f expected=0000
TEXTURE_DIFF x=201 y=128 actual=f81f expected=0000
TEXTURE_DIFF x=202 y=128 actual=f81f expected=0000
TEXTURE_DIFF x=203 y=128 actual=f81f expected=0000
TEXTURE_CHECK size=256 pixels=307200 mismatches=30720
TEXTURE_PROBE_FINISHED failures=2 only=0 keep=1

STUDY_DONE_619903ef1edd=1
# 