/tmp/app-lto --transport apb --state-frame 0 --frames 180 --warmup 30 --wait spin --profile frame --csv /tmp/transport-frames.csv --grouped && printf "CSV_BEGIN\n" && cat /tmp/transport-frames.csv && printf "CSV_END\n"; study_status=$?; printf "\nSTUDY_DONE_67c1acd987c2=%s\n" "$study_status"
TRANSPORT mode=apb dma_minimum=64
BEGIN_BREAKOUT frames=180 warmup=30 fixed=0 blocks=40 tiles=1 hud=1 wait=spin replay=0 state_frame=0 profile=frame pixel_centers=1 clock_call_ns=4760
HW_COUNTERS unavailable
RESULT frames=180 elapsed_s=9.178471600 fps=19.611108 logic_ms=0.000000 api_ms=0.000000 swap_ms=0.000000 wait_ms=0.000000 worker_inclusive_ms=0.000000 upload_inclusive_ms=0.000000 write_ms=0.000000 bytes_per_frame=30951.56 p50_ms=50.157800 p95_ms=50.573450 max_ms=66.879550 late_60hz=180 first_count=33499 last_count=33678 state_hash=8f34e8fd remaining=38 score=20
RENDER_PATH retained=0 grouped=1 quads=13131 full_frames=180
BREAKOUT_PASS
CSV_BEGIN
frame,state_hash,display_count,logic_ns,api_ns,swap_ns,wait_ns,total_ns,completion_interval_ns,polls,worker_inclusive_ns,upload_inclusive_ns,write_ns,read_ns,write_bytes,read_bytes,write_calls,read_calls,dma_copy_ns,dma_launch_ns,dma_completion_wait_ns,dma_bytes,dma_lists
0,3724779174,33499,0,0,0,0,49730200,49742050,877,0,0,0,0,31172,0,5,0,0,0,0,0,0
1,1709657109,33500,0,0,0,0,50153100,50259050,722,0,0,0,0,31172,0,5,0,0,0,0,0,0
2,1894904752,33501,0,0,0,0,49944950,50054850,907,0,0,0,0,31172,0,5,0,0,0,0,0,0
3,3703759967,33502,0,0,0,0,50050150,50156300,635,0,0,0,0,31172,0,5,0,0,0,0,0,0
4,19533624,33503,0,0,0,0,50049500,50161850,900,0,0,0,0,31172,0,5,0,0,0,0,0,0
5,816884773,33504,0,0,0,0,50048350,50154600,668,0,0,0,0,31172,0,5,0,0,0,0,0,0
6,1339236364,33505,0,0,0,0,50052550,50158800,820,0,0,0,0,31172,0,5,0,0,0,0,0,0
7,3072959373,33506,0,0,0,0,50049650,50156800,618,0,0,0,0,31172,0,5,0,0,0,0,0,0
8,1782884746,33507,0,0,0,0,50049650,50160200,829,0,0,0,0,31172,0,5,0,0,0,0,0,0
9,30296781,33508,0,0,0,0,50052000,50156500,369,0,0,0,0,31492,0,5,0,0,0,0,0,0
10,4026418858,33509,0,0,0,0,50050500,50157750,798,0,0,0,0,31492,0,5,0,0,0,0,0,0
11,2084929051,33510,0,0,0,0,50049450,50157800,798,0,0,0,0,31492,0,5,0,0,0,0,0,0
12,3114489770,33511,0,0,0,0,50415300,50521050,723,0,0,0,0,31172,0,5,0,0,0,0,0,0
13,891400471,33512,0,0,0,0,66410150,66516300,2493,0,0,0,0,31172,0,5,0,0,0,0,0,0
14,3472773456,33513,0,0,0,0,49296250,50154800,528,0,0,0,0,31172,0,5,0,0,0,0,0,0
15,3010688243,33514,0,0,0,0,50048350,50156950,746,0,0,0,0,31172,0,5,0,0,0,0,0,0
16,2819524756,33515,0,0,0,0,50053350,50161250,747,0,0,0,0,31172,0,5,0,0,0,0,0,0
17,3241678401,33516,0,0,0,0,50049850,50155900,833,0,0,0,0,31172,0,5,0,0,0,0,0,0
18,2154316504,33517,0,0,0,0,50051150,50157550,791,0,0,0,0,31172,0,5,0,0,0,0,0,0
19,772262681,33518,0,0,0,0,50050700,50156750,511,0,0,0,0,31172,0,5,0,0,0,0,0,0
20,3882818750,33519,0,0,0,0,50059150,50159400,664,0,0,0,0,31172,0,5,0,0,0,0,0,0
21,521131153,33520,0,0,0,0,50265250,50370750,744,0,0,0,0,31172,0,5,0,0,0,0,0,0
22,1838187414,33521,0,0,0,0,49838150,49945300,880,0,0,0,0,31172,0,5,0,0,0,0,0,0
23,840574439,33522,0,0,0,0,50049500,50155650,722,0,0,0,0,31172,0,5,0,0,0,0,0,0
24,2879461878,33523,0,0,0,0,50051550,50158300,725,0,0,0,0,31172,0,5,0,0,0,0,0,0
25,202086035,33524,0,0,0,0,50057000,50161300,673,0,0,0,0,31172,0,5,0,0,0,0,0,0
26,959703924,33525,0,0,0,0,50045700,50156900,844,0,0,0,0,31172,0,5,0,0,0,0,0,0
27,3795724423,33526,0,0,0,0,50047800,50158450,702,0,0,0,0,31172,0,5,0,0,0,0,0,0
28,2500539904,33527,0,0,0,0,50048200,50157950,799,0,0,0,0,31172,0,5,0,0,0,0,0,0
29,2269000541,33528,0,0,0,0,50054050,50158200,311,0,0,0,0,31172,0,5,0,0,0,0,0,0
30,1900681108,33529,0,0,0,0,50048050,50155200,839,0,0,0,0,31172,0,5,0,0,0,0,0,0
31,3680168245,33530,0,0,0,0,50051350,50160500,791,0,0,0,0,31172,0,5,0,0,0,0,0,0
32,2344329490,33531,0,0,0,0,50050900,50156750,701,0,0,0,0,31172,0,5,0,0,0,0,0,0
33,2130650181,33532,0,0,0,0,66264500,66879050,2594,0,0,0,0,31492,0,5,0,0,0,0,0,0
34,906966818,33533,0,0,0,0,50042750,50155150,636,0,0,0,0,31492,0,5,0,0,0,0,0,0
35,3939376531,33534,0,0,0,0,50049150,50157500,797,0,0,0,0,31492,0,5,0,0,0,0,0,0
36,2110688546,33535,0,0,0,0,50049200,50158300,673,0,0,0,0,31172,0,5,0,0,0,0,0,0
37,2695523007,33536,0,0,0,0,49310250,50157550,604,0,0,0,0,31172,0,5,0,0,0,0,0,0
38,744447992,33537,0,0,0,0,50048900,50158600,779,0,0,0,0,31172,0,5,0,0,0,0,0,0
39,3728640411,33538,0,0,0,0,50049150,50156500,473,0,0,0,0,31172,0,5,0,0,0,0,0,0
40,618879740,33539,0,0,0,0,50060600,50159600,604,0,0,0,0,31172,0,5,0,0,0,0,0,0
41,1239708057,33540,0,0,0,0,50386500,50490550,737,0,0,0,0,31172,0,5,0,0,0,0,0,0
42,2429742208,33541,0,0,0,0,49717150,49824950,777,0,0,0,0,31172,0,5,0,0,0,0,0,0
43,412095716,33542,0,0,0,0,50111150,50216650,713,0,0,0,0,31172,0,5,0,0,0,0,0,0
44,1226741467,33543,0,0,0,0,49993500,50100550,701,0,0,0,0,31172,0,5,0,0,0,0,0,0
45,3288446148,33544,0,0,0,0,50051150,50155200,664,0,0,0,0,31172,0,5,0,0,0,0,0,0
46,1157984843,33545,0,0,0,0,50045750,50156900,796,0,0,0,0,31172,0,5,0,0,0,0,0,0
47,3877288378,33546,0,0,0,0,50052550,50158150,658,0,0,0,0,31172,0,5,0,0,0,0,0,0
48,4236526315,33547,0,0,0,0,50056700,50160900,755,0,0,0,0,31172,0,5,0,0,0,0,0,0
49,533834014,33548,0,0,0,0,50050950,50155500,264,0,0,0,0,31172,0,5,0,0,0,0,0,0
50,1649361089,33549,0,0,0,0,50050350,50158850,814,0,0,0,0,31172,0,5,0,0,0,0,0,0
51,2486981906,33550,0,0,0,0,50050200,50155800,761,0,0,0,0,31172,0,5,0,0,0,0,0,0
52,1706075277,33551,0,0,0,0,50056800,50160950,700,0,0,0,0,31172,0,5,0,0,0,0,0,0
53,267972368,33552,0,0,0,0,66769000,66875550,2595,0,0,0,0,31172,0,5,0,0,0,0,0,0
54,3895401273,33553,0,0,0,0,50187750,50297250,255,0,0,0,0,31172,0,5,0,0,0,0,0,0
55,605985656,33554,0,0,0,0,49901950,50021100,762,0,0,0,0,31172,0,5,0,0,0,0,0,0
56,4077673024,33555,0,0,0,0,50050000,50153950,670,0,0,0,0,30852,0,5,0,0,0,0,0,0
57,985632231,33556,0,0,0,0,50052600,50157750,818,0,0,0,0,30852,0,5,0,0,0,0,0,0
58,3720590956,33557,0,0,0,0,50053800,50160600,736,0,0,0,0,30852,0,5,0,0,0,0,0,0
59,3264032585,33558,0,0,0,0,50047600,50154650,471,0,0,0,0,30852,0,5,0,0,0,0,0,0
60,395405688,33559,0,0,0,0,50055050,50158000,683,0,0,0,0,30852,0,5,0,0,0,0,0,0
61,32142420,33560,0,0,0,0,49305750,50159300,554,0,0,0,0,30852,0,5,0,0,0,0,0,0
62,1187067055,33561,0,0,0,0,49540850,50159150,761,0,0,0,0,30852,0,5,0,0,0,0,0,0
63,459140908,33562,0,0,0,0,50238450,50344250,720,0,0,0,0,30852,0,5,0,0,0,0,0,0
64,3369786495,33563,0,0,0,0,49869900,49970550,767,0,0,0,0,30852,0,5,0,0,0,0,0,0
65,1572434254,33564,0,0,0,0,50048000,50159650,706,0,0,0,0,30852,0,5,0,0,0,0,0,0
66,4107798823,33565,0,0,0,0,50043300,50154450,809,0,0,0,0,30852,0,5,0,0,0,0,0,0
67,343968250,33566,0,0,0,0,50056000,50161400,669,0,0,0,0,30852,0,5,0,0,0,0,0,0
68,3102454017,33567,0,0,0,0,50050800,50155000,820,0,0,0,0,30852,0,5,0,0,0,0,0,0
69,3051095563,33568,0,0,0,0,50053050,50157050,224,0,0,0,0,30852,0,5,0,0,0,0,0,0
70,2391331016,33569,0,0,0,0,50053000,50158850,829,0,0,0,0,30852,0,5,0,0,0,0,0,0
71,3869016117,33570,0,0,0,0,50053750,50160800,730,0,0,0,0,30852,0,5,0,0,0,0,0,0
72,1579800804,33571,0,0,0,0,50050500,50156850,831,0,0,0,0,30852,0,5,0,0,0,0,0,0
73,2792341157,33572,0,0,0,0,66766800,66874500,2522,0,0,0,0,30852,0,5,0,0,0,0,0,0
74,714702942,33573,0,0,0,0,50052650,50160600,659,0,0,0,0,30852,0,5,0,0,0,0,0,0
75,1092538936,33574,0,0,0,0,50047250,50157000,788,0,0,0,0,30852,0,5,0,0,0,0,0,0
76,1561271239,33575,0,0,0,0,50055600,50159950,680,0,0,0,0,31172,0,5,0,0,0,0,0,0
77,3798074098,33576,0,0,0,0,50051800,50157150,704,0,0,0,0,31172,0,5,0,0,0,0,0,0
78,3022639071,33577,0,0,0,0,50054350,50162950,732,0,0,0,0,31172,0,5,0,0,0,0,0,0
79,2282770062,33578,0,0,0,0,50044000,50147850,456,0,0,0,0,30852,0,5,0,0,0,0,0,0
80,1626512457,33579,0,0,0,0,50066800,50169850,752,0,0,0,0,30852,0,5,0,0,0,0,0,0
81,3156888026,33580,0,0,0,0,50045200,50147450,726,0,0,0,0,30852,0,5,0,0,0,0,0,0
82,3038824309,33581,0,0,0,0,50049550,50159900,795,0,0,0,0,30852,0,5,0,0,0,0,0,0
83,1261846460,33582,0,0,0,0,50463750,50572900,797,0,0,0,0,30852,0,5,0,0,0,0,0,0
84,2035201521,33583,0,0,0,0,48885700,49741950,600,0,0,0,0,30852,0,5,0,0,0,0,0,0
85,2164446652,33584,0,0,0,0,50085400,50192300,614,0,0,0,0,30852,0,5,0,0,0,0,0,0
86,2017191835,33585,0,0,0,0,50013350,50122350,881,0,0,0,0,30852,0,5,0,0,0,0,0,0
87,3029138484,33586,0,0,0,0,50054250,50161600,697,0,0,0,0,30852,0,5,0,0,0,0,0,0
88,50355403,33587,0,0,0,0,50048450,50157550,866,0,0,0,0,30852,0,5,0,0,0,0,0,0
89,654213990,33588,0,0,0,0,50050500,50154500,200,0,0,0,0,30852,0,5,0,0,0,0,0,0
90,2360099787,33589,0,0,0,0,50053400,50159300,835,0,0,0,0,30852,0,5,0,0,0,0,0,0
91,2424818746,33590,0,0,0,0,50053250,50159300,757,0,0,0,0,30852,0,5,0,0,0,0,0,0
92,1971386461,33591,0,0,0,0,50051600,50155900,856,0,0,0,0,30852,0,5,0,0,0,0,0,0
93,3386045126,33592,0,0,0,0,66775350,66879550,2225,0,0,0,0,30852,0,5,0,0,0,0,0,0
94,1429641961,33593,0,0,0,0,50048250,50156000,717,0,0,0,0,30852,0,5,0,0,0,0,0,0
95,3022846880,33594,0,0,0,0,50046600,50155850,881,0,0,0,0,30852,0,5,0,0,0,0,0,0
96,1601897261,33595,0,0,0,0,50054950,50159000,698,0,0,0,0,30852,0,5,0,0,0,0,0,0
97,1229951528,33596,0,0,0,0,50048800,50157950,776,0,0,0,0,30852,0,5,0,0,0,0,0,0
98,4065171759,33597,0,0,0,0,50054550,50160400,714,0,0,0,0,30852,0,5,0,0,0,0,0,0
99,1034325744,33598,0,0,0,0,50046450,50153250,419,0,0,0,0,30852,0,5,0,0,0,0,0,0
100,14078671,33599,0,0,0,0,50061350,50162550,752,0,0,0,0,31172,0,5,0,0,0,0,0,0
101,4024270554,33600,0,0,0,0,50047500,50155600,697,0,0,0,0,31172,0,5,0,0,0,0,0,0
102,896191351,33601,0,0,0,0,50050450,50157250,780,0,0,0,0,31172,0,5,0,0,0,0,0,0
103,2131384102,33602,0,0,0,0,50442650,50552300,770,0,0,0,0,30852,0,5,0,0,0,0,0,0
104,2586210593,33603,0,0,0,0,49654600,49762900,818,0,0,0,0,30852,0,5,0,0,0,0,0,0
105,591918370,33604,0,0,0,0,50399300,50504800,0,0,0,0,0,30852,0,5,0,0,0,0,0,0
106,8814317,33605,0,0,0,0,49710100,49813100,763,0,0,0,0,30852,0,5,0,0,0,0,0,0
107,2340504196,33606,0,0,0,0,49312050,50157350,536,0,0,0,0,30852,0,5,0,0,0,0,0,0
108,3523076009,33607,0,0,0,0,50050600,50157700,829,0,0,0,0,30852,0,5,0,0,0,0,0,0
109,1961669028,33608,0,0,0,0,50053150,50157250,249,0,0,0,0,30852,0,5,0,0,0,0,0,0
110,1037581603,33609,0,0,0,0,50051550,50158050,823,0,0,0,0,30852,0,5,0,0,0,0,0,0
111,2701024588,33610,0,0,0,0,50054150,50160400,724,0,0,0,0,30852,0,5,0,0,0,0,0,0
112,215037203,33611,0,0,0,0,50050800,50155100,829,0,0,0,0,30852,0,5,0,0,0,0,0,0
113,3696282862,33612,0,0,0,0,66774450,66878600,2350,0,0,0,0,30852,0,5,0,0,0,0,0,0
114,2829142928,33613,0,0,0,0,50053700,50162400,712,0,0,0,0,30852,0,5,0,0,0,0,0,0
115,3204762949,33614,0,0,0,0,50041300,50152150,868,0,0,0,0,30852,0,5,0,0,0,0,0,0
116,3297489190,33615,0,0,0,0,50054650,50158750,678,0,0,0,0,30852,0,5,0,0,0,0,0,0
117,1691704917,33616,0,0,0,0,50046850,50156350,726,0,0,0,0,30852,0,5,0,0,0,0,0,0
118,663957814,33617,0,0,0,0,50052900,50159350,692,0,0,0,0,30852,0,5,0,0,0,0,0,0
119,3058583827,33618,0,0,0,0,50047850,50155200,406,0,0,0,0,30852,0,5,0,0,0,0,0,0
120,838545270,33619,0,0,0,0,50068100,50168200,722,0,0,0,0,30852,0,5,0,0,0,0,0,0
121,3608912039,33620,0,0,0,0,50050650,50151500,820,0,0,0,0,30852,0,5,0,0,0,0,0,0
122,4080159716,33621,0,0,0,0,50051250,50157150,736,0,0,0,0,30852,0,5,0,0,0,0,0,0
123,1056027075,33622,0,0,0,0,50048000,50156450,777,0,0,0,0,30852,0,5,0,0,0,0,0,0
124,4057021248,33623,0,0,0,0,50051950,50157300,809,0,0,0,0,31172,0,5,0,0,0,0,0,0
125,2686741161,33624,0,0,0,0,50254950,50360850,722,0,0,0,0,31172,0,5,0,0,0,0,0,0
126,3870849660,33625,0,0,0,0,49845750,49954550,700,0,0,0,0,31172,0,5,0,0,0,0,0,0
127,293449641,33626,0,0,0,0,50049500,50159200,734,0,0,0,0,30852,0,5,0,0,0,0,0,0
128,596064266,33627,0,0,0,0,50045250,50157500,863,0,0,0,0,30852,0,5,0,0,0,0,0,0
129,3715495249,33628,0,0,0,0,50047600,50156400,374,0,0,0,0,30852,0,5,0,0,0,0,0,0
130,244680018,33629,0,0,0,0,49301800,50159500,535,0,0,0,0,30852,0,5,0,0,0,0,0,0
131,4080661783,33630,0,0,0,0,50045550,50155800,695,0,0,0,0,30852,0,5,0,0,0,0,0,0
132,4006730450,33631,0,0,0,0,50053050,50158650,837,0,0,0,0,30852,0,5,0,0,0,0,0,0
133,3864584507,33632,0,0,0,0,66773250,66877450,2117,0,0,0,0,30852,0,5,0,0,0,0,0,0
134,2711027320,33633,0,0,0,0,50184450,50296400,654,0,0,0,0,30852,0,5,0,0,0,0,0,0
135,4099079087,33634,0,0,0,0,49909800,50019100,829,0,0,0,0,30852,0,5,0,0,0,0,0,0
136,565333772,33635,0,0,0,0,50055000,50160800,750,0,0,0,0,30852,0,5,0,0,0,0,0,0
137,1028518269,33636,0,0,0,0,50046000,50154850,875,0,0,0,0,30852,0,5,0,0,0,0,0,0
138,2252688136,33637,0,0,0,0,50050000,50160600,627,0,0,0,0,30852,0,5,0,0,0,0,0,0
139,578597309,33638,0,0,0,0,50047100,50156600,368,0,0,0,0,30852,0,5,0,0,0,0,0,0
140,3624439358,33639,0,0,0,0,50056350,50156700,743,0,0,0,0,30852,0,5,0,0,0,0,0,0
141,3514067501,33640,0,0,0,0,50055250,50159500,832,0,0,0,0,30852,0,5,0,0,0,0,0,0
142,2741972910,33641,0,0,0,0,50052100,50157600,745,0,0,0,0,30852,0,5,0,0,0,0,0,0
143,28497579,33642,0,0,0,0,50052500,50158050,794,0,0,0,0,30852,0,5,0,0,0,0,0,0
144,466729326,33643,0,0,0,0,50052800,50156750,818,0,0,0,0,30852,0,5,0,0,0,0,0,0
145,3425349295,33644,0,0,0,0,50377450,50483250,788,0,0,0,0,30852,0,5,0,0,0,0,0,0
146,1537640620,33645,0,0,0,0,49726000,49834650,670,0,0,0,0,30852,0,5,0,0,0,0,0,0
147,1853842891,33646,0,0,0,0,50067900,50176600,723,0,0,0,0,30852,0,5,0,0,0,0,0,0
148,1177024904,33647,0,0,0,0,50029250,50137900,845,0,0,0,0,31172,0,5,0,0,0,0,0,0
149,4106734849,33648,0,0,0,0,50057550,50162900,314,0,0,0,0,31172,0,5,0,0,0,0,0,0
150,2025356500,33649,0,0,0,0,50039850,50153700,741,0,0,0,0,31172,0,5,0,0,0,0,0,0
151,2189605121,33650,0,0,0,0,50049300,50156300,668,0,0,0,0,30852,0,5,0,0,0,0,0,0
152,4086136290,33651,0,0,0,0,50052700,50158150,823,0,0,0,0,30852,0,5,0,0,0,0,0,0
153,4036669705,33652,0,0,0,0,66769900,66873900,2454,0,0,0,0,30852,0,5,0,0,0,0,0,0
154,4167980074,33653,0,0,0,0,49600900,50444500,544,0,0,0,0,30852,0,5,0,0,0,0,0,0
155,51187407,33654,0,0,0,0,49767400,49875950,759,0,0,0,0,30852,0,5,0,0,0,0,0,0
156,2242638442,33655,0,0,0,0,50050750,50155300,727,0,0,0,0,30852,0,5,0,0,0,0,0,0
157,2730108163,33656,0,0,0,0,50051200,50159000,818,0,0,0,0,30852,0,5,0,0,0,0,0,0
158,2718743917,33657,0,0,0,0,50051250,50156900,622,0,0,0,0,30852,0,5,0,0,0,0,0,0
159,3391709842,33658,0,0,0,0,50050900,50157050,437,0,0,0,0,30852,0,5,0,0,0,0,0,0
160,1164604273,33659,0,0,0,0,50058900,50158750,707,0,0,0,0,30852,0,5,0,0,0,0,0,0
161,2148591176,33660,0,0,0,0,50051250,50156550,811,0,0,0,0,30852,0,5,0,0,0,0,0,0
162,4192737573,33661,0,0,0,0,50053650,50159050,705,0,0,0,0,30852,0,5,0,0,0,0,0,0
163,535584840,33662,0,0,0,0,50053300,50159100,820,0,0,0,0,30852,0,5,0,0,0,0,0,0
164,3430794475,33663,0,0,0,0,50054800,50159000,802,0,0,0,0,30852,0,5,0,0,0,0,0,0
165,776323552,33664,0,0,0,0,50050050,50154450,768,0,0,0,0,30852,0,5,0,0,0,0,0,0
166,3330991427,33665,0,0,0,0,49634950,50160750,723,0,0,0,0,30852,0,5,0,0,0,0,0,0
167,3282074430,33666,0,0,0,0,50177450,50292400,726,0,0,0,0,30852,0,5,0,0,0,0,0,0
168,2597814595,33667,0,0,0,0,49918200,50024300,831,0,0,0,0,30852,0,5,0,0,0,0,0,0
169,2225601370,33668,0,0,0,0,50155900,50260050,437,0,0,0,0,30852,0,5,0,0,0,0,0,0
170,3716853465,33669,0,0,0,0,49934650,50054650,780,0,0,0,0,30852,0,5,0,0,0,0,0,0
171,1080675697,33670,0,0,0,0,50048400,50157100,738,0,0,0,0,30212,0,5,0,0,0,0,0,0
172,219920238,33671,0,0,0,0,50046600,50156050,1037,0,0,0,0,30212,0,5,0,0,0,0,0,0
173,3070385651,33672,0,0,0,0,66770350,66877100,2889,0,0,0,0,30212,0,5,0,0,0,0,0,0
174,2609556270,33673,0,0,0,0,50463100,50573450,820,0,0,0,0,30212,0,5,0,0,0,0,0,0
175,141401383,33674,0,0,0,0,49626250,49742700,932,0,0,0,0,30212,0,5,0,0,0,0,0,0
176,3034105280,33675,0,0,0,0,50055600,50159650,834,0,0,0,0,30212,0,5,0,0,0,0,0,0
177,3029196371,33676,0,0,0,0,50049350,50157150,986,0,0,0,0,30212,0,5,0,0,0,0,0,0
178,699378668,33677,0,0,0,0,50047250,50155050,883,0,0,0,0,30212,0,5,0,0,0,0,0,0
179,2402609405,33678,0,0,0,0,50052950,50161700,506,0,0,0,0,30212,0,5,0,0,0,0,0,0
CSV_END

STUDY_DONE_67c1acd987c2=0
# 