/tmp/app --transport apb --state-frame 0 --frames 180 --warmup 30 --wait spin --profile frame --csv /tmp/transport-frames.csv --retained && printf "CSV_BEGIN\n" && cat /tmp/transport-frames.csv && printf "CSV_END\n"; study_status=$?; printf "\nSTUDY_DONE_1b95c7a0564a=%s\n" "$study_status"
TRANSPORT mode=apb dma_minimum=64
BEGIN_BREAKOUT frames=180 warmup=30 fixed=0 blocks=40 tiles=1 hud=1 wait=spin replay=0 state_frame=0 profile=frame pixel_centers=1 clock_call_ns=5543
HW_COUNTERS unavailable
RESULT frames=180 elapsed_s=3.076304600 fps=58.511761 logic_ms=0.000000 api_ms=0.000000 swap_ms=0.000000 wait_ms=0.000000 worker_inclusive_ms=0.000000 upload_inclusive_ms=0.000000 write_ms=0.000000 bytes_per_frame=3578.67 p50_ms=16.719400 p95_ms=17.100900 max_ms=33.445600 late_60hz=159 first_count=34783 last_count=34962 state_hash=8f34e8fd remaining=38 score=20
RENDER_PATH retained=1 grouped=0 quads=645 full_frames=0
BREAKOUT_PASS
CSV_BEGIN
frame,state_hash,display_count,logic_ns,api_ns,swap_ns,wait_ns,total_ns,completion_interval_ns,polls,worker_inclusive_ns,upload_inclusive_ns,write_ns,read_ns,write_bytes,read_bytes,write_calls,read_calls,dma_copy_ns,dma_launch_ns,dma_completion_wait_ns,dma_bytes,dma_lists
0,3724779174,34783,0,0,0,0,16659450,16673150,1083,0,0,0,0,4572,0,5,0,0,0,0,0,0
1,1709657109,34784,0,0,0,0,16885700,17006750,1073,0,0,0,0,4252,0,5,0,0,0,0,0,0
2,1894904752,34785,0,0,0,0,16313000,16433050,1481,0,0,0,0,3612,0,5,0,0,0,0,0,0
3,3703759967,34786,0,0,0,0,16602950,16720850,1368,0,0,0,0,3612,0,5,0,0,0,0,0,0
4,19533624,34787,0,0,0,0,16606900,16718600,1042,0,0,0,0,3612,0,5,0,0,0,0,0,0
5,816884773,34788,0,0,0,0,16596300,16718700,1651,0,0,0,0,2972,0,5,0,0,0,0,0,0
6,1339236364,34789,0,0,0,0,16602050,16719600,1330,0,0,0,0,3612,0,5,0,0,0,0,0,0
7,3072959373,34790,0,0,0,0,16595900,16719000,1377,0,0,0,0,3612,0,5,0,0,0,0,0,0
8,1782884746,34791,0,0,0,0,16596850,16718550,1778,0,0,0,0,2972,0,5,0,0,0,0,0,0
9,30296781,34792,0,0,0,0,16601400,16720150,1262,0,0,0,0,4252,0,5,0,0,0,0,0,0
10,4026418858,34793,0,0,0,0,16597200,16716950,1185,0,0,0,0,4252,0,5,0,0,0,0,0,0
11,2084929051,34794,0,0,0,0,16604400,16720050,1524,0,0,0,0,3612,0,5,0,0,0,0,0,0
12,3114489770,34795,0,0,0,0,16975450,17088200,1367,0,0,0,0,3932,0,5,0,0,0,0,0,0
13,891400471,34796,0,0,0,0,16235050,16351100,1441,0,0,0,0,3932,0,5,0,0,0,0,0,0
14,3472773456,34797,0,0,0,0,16622000,17533250,421,0,0,0,0,2972,0,5,0,0,0,0,0,0
15,3010688243,34798,0,0,0,0,15773500,15904100,1094,0,0,0,0,3612,0,5,0,0,0,0,0,0
16,2819524756,34799,0,0,0,0,16605250,16718950,1331,0,0,0,0,3612,0,5,0,0,0,0,0,0
17,3241678401,34800,0,0,0,0,16607850,16719400,1736,0,0,0,0,2972,0,5,0,0,0,0,0,0
18,2154316504,34801,0,0,0,0,16684400,16801450,1392,0,0,0,0,3612,0,5,0,0,0,0,0,0
19,772262681,34802,0,0,0,0,16521150,16637050,1524,0,0,0,0,3612,0,5,0,0,0,0,0,0
20,3882818750,34803,0,0,0,0,16603000,16719950,1793,0,0,0,0,2972,0,5,0,0,0,0,0,0
21,521131153,34804,0,0,0,0,16604450,16718750,1314,0,0,0,0,3612,0,5,0,0,0,0,0,0
22,1838187414,34805,0,0,0,0,16606850,16722950,1293,0,0,0,0,3612,0,5,0,0,0,0,0,0
23,840574439,34806,0,0,0,0,16595000,16714850,1724,0,0,0,0,2972,0,5,0,0,0,0,0,0
24,2879461878,34807,0,0,0,0,16162900,16721500,1425,0,0,0,0,3612,0,5,0,0,0,0,0,0
25,202086035,34808,0,0,0,0,16601800,16717750,1525,0,0,0,0,3612,0,5,0,0,0,0,0,0
26,959703924,34809,0,0,0,0,16603700,16719900,1755,0,0,0,0,2972,0,5,0,0,0,0,0,0
27,3795724423,34810,0,0,0,0,16608850,16722200,1336,0,0,0,0,3612,0,5,0,0,0,0,0,0
28,2500539904,34811,0,0,0,0,16608450,16717650,1353,0,0,0,0,3612,0,5,0,0,0,0,0,0
29,2269000541,34812,0,0,0,0,16745250,16861250,1712,0,0,0,0,2972,0,5,0,0,0,0,0,0
30,1900681108,34813,0,0,0,0,16460550,16578950,1482,0,0,0,0,3612,0,5,0,0,0,0,0,0
31,3680168245,34814,0,0,0,0,16594500,16715750,1368,0,0,0,0,3612,0,5,0,0,0,0,0,0
32,2344329490,34815,0,0,0,0,16608150,16722800,1754,0,0,0,0,2972,0,5,0,0,0,0,0,0
33,2130650181,34816,0,0,0,0,16602900,16719000,1326,0,0,0,0,4252,0,5,0,0,0,0,0,0
34,906966818,34817,0,0,0,0,16601750,16718850,1359,0,0,0,0,4252,0,5,0,0,0,0,0,0
35,3939376531,34818,0,0,0,0,16600150,16717600,1133,0,0,0,0,3612,0,5,0,0,0,0,0,0
36,2110688546,34819,0,0,0,0,16606200,16717900,1493,0,0,0,0,3932,0,5,0,0,0,0,0,0
37,2695523007,34820,0,0,0,0,15836450,16721100,1100,0,0,0,0,3932,0,5,0,0,0,0,0,0
38,744447992,34821,0,0,0,0,16601950,16719650,1760,0,0,0,0,2972,0,5,0,0,0,0,0,0
39,3728640411,34822,0,0,0,0,16605700,16719450,1427,0,0,0,0,3612,0,5,0,0,0,0,0,0
40,618879740,34823,0,0,0,0,16831250,16941500,1380,0,0,0,0,3612,0,5,0,0,0,0,0,0
41,1239708057,34824,0,0,0,0,16384050,16497550,1732,0,0,0,0,2972,0,5,0,0,0,0,0,0
42,2429742208,34825,0,0,0,0,16601850,16719700,1509,0,0,0,0,3612,0,5,0,0,0,0,0,0
43,412095716,34826,0,0,0,0,16596700,16716100,1346,0,0,0,0,3612,0,5,0,0,0,0,0,0
44,1226741467,34827,0,0,0,0,16609100,16721200,1757,0,0,0,0,2972,0,5,0,0,0,0,0,0
45,3288446148,34828,0,0,0,0,16602100,16717900,1437,0,0,0,0,3612,0,5,0,0,0,0,0,0
46,1157984843,34829,0,0,0,0,16605150,16720450,1367,0,0,0,0,3612,0,5,0,0,0,0,0,0
47,3877288378,34830,0,0,0,0,16601600,16720750,1700,0,0,0,0,2972,0,5,0,0,0,0,0,0
48,4236526315,34831,0,0,0,0,16602950,16717250,1443,0,0,0,0,3612,0,5,0,0,0,0,0,0
49,533834014,34832,0,0,0,0,16602100,16717950,1351,0,0,0,0,3612,0,5,0,0,0,0,0,0
50,1649361089,34833,0,0,0,0,16604750,16722750,1700,0,0,0,0,2972,0,5,0,0,0,0,0,0
51,2486981906,34834,0,0,0,0,16922450,17039300,1405,0,0,0,0,3612,0,5,0,0,0,0,0,0
52,1706075277,34835,0,0,0,0,16282850,16399000,1452,0,0,0,0,3612,0,5,0,0,0,0,0,0
53,267972368,34836,0,0,0,0,16598700,16718300,1783,0,0,0,0,2972,0,5,0,0,0,0,0,0
54,3895401273,34837,0,0,0,0,16592950,16718150,1383,0,0,0,0,3612,0,5,0,0,0,0,0,0
55,605985656,34838,0,0,0,0,16601650,16720750,1375,0,0,0,0,3612,0,5,0,0,0,0,0,0
56,4077673024,34839,0,0,0,0,33336400,33445600,2945,0,0,0,0,6632,0,5,0,0,0,0,0,0
57,985632231,34840,0,0,0,0,33312050,33429950,2574,0,0,0,0,7312,0,5,0,0,0,0,0,0
58,3720590956,34841,0,0,0,0,16601950,16719750,1285,0,0,0,0,3652,0,5,0,0,0,0,0,0
59,3264032585,34842,0,0,0,0,16602750,16720800,1674,0,0,0,0,2972,0,5,0,0,0,0,0,0
60,395405688,34843,0,0,0,0,16604550,16716600,1421,0,0,0,0,3612,0,5,0,0,0,0,0,0
61,32142420,34844,0,0,0,0,15396200,16719100,1063,0,0,0,0,3612,0,5,0,0,0,0,0,0
62,1187067055,34845,0,0,0,0,16601950,16719850,1784,0,0,0,0,2972,0,5,0,0,0,0,0,0
63,459140908,34846,0,0,0,0,16602800,16721650,1332,0,0,0,0,3612,0,5,0,0,0,0,0,0
64,3369786495,34847,0,0,0,0,16600350,16715850,1147,0,0,0,0,3612,0,5,0,0,0,0,0,0
65,1572434254,34848,0,0,0,0,16599600,16720600,1707,0,0,0,0,2972,0,5,0,0,0,0,0,0
66,4107798823,34849,0,0,0,0,16695100,16811050,1367,0,0,0,0,3612,0,5,0,0,0,0,0,0
67,343968250,34850,0,0,0,0,16509950,16630300,1512,0,0,0,0,3612,0,5,0,0,0,0,0,0
68,3102454017,34851,0,0,0,0,16602350,16719600,1788,0,0,0,0,2972,0,5,0,0,0,0,0,0
69,3051095563,34852,0,0,0,0,16601400,16717750,1350,0,0,0,0,3612,0,5,0,0,0,0,0,0
70,2391331016,34853,0,0,0,0,16601100,16720500,1313,0,0,0,0,3612,0,5,0,0,0,0,0,0
71,3869016117,34854,0,0,0,0,16599950,16718650,1737,0,0,0,0,2972,0,5,0,0,0,0,0,0
72,1579800804,34855,0,0,0,0,16143000,16719700,1408,0,0,0,0,3612,0,5,0,0,0,0,0,0
73,2792341157,34856,0,0,0,0,18228300,18350450,768,0,0,0,0,3612,0,5,0,0,0,0,0,0
74,714702942,34857,0,0,0,0,14952450,15085450,1320,0,0,0,0,2972,0,5,0,0,0,0,0,0
75,1092538936,34858,0,0,0,0,16596150,16719700,1308,0,0,0,0,3612,0,5,0,0,0,0,0,0
76,1561271239,34859,0,0,0,0,16603500,16719350,1316,0,0,0,0,4252,0,5,0,0,0,0,0,0
77,3798074098,34860,0,0,0,0,16770050,16889600,1574,0,0,0,0,3612,0,5,0,0,0,0,0,0
78,3022639071,34861,0,0,0,0,16430000,16547300,1407,0,0,0,0,4252,0,5,0,0,0,0,0,0
79,2282770062,34862,0,0,0,0,16603650,16722750,1355,0,0,0,0,3932,0,5,0,0,0,0,0,0
80,1626512457,34863,0,0,0,0,16599850,16718350,1718,0,0,0,0,3292,0,5,0,0,0,0,0,0
81,3156888026,34864,0,0,0,0,16599850,16718150,1343,0,0,0,0,3612,0,5,0,0,0,0,0,0
82,3038824309,34865,0,0,0,0,16601850,16717900,1348,0,0,0,0,3612,0,5,0,0,0,0,0,0
83,1261846460,34866,0,0,0,0,16602700,16723400,1602,0,0,0,0,2972,0,5,0,0,0,0,0,0
84,2035201521,34867,0,0,0,0,15823600,16715950,1124,0,0,0,0,3612,0,5,0,0,0,0,0,0
85,2164446652,34868,0,0,0,0,16605200,16720150,1278,0,0,0,0,3612,0,5,0,0,0,0,0,0
86,2017191835,34869,0,0,0,0,16606350,16720100,1757,0,0,0,0,2972,0,5,0,0,0,0,0,0
87,3029138484,34870,0,0,0,0,16604050,16718200,1357,0,0,0,0,3612,0,5,0,0,0,0,0,0
88,50355403,34871,0,0,0,0,16878250,16995550,1413,0,0,0,0,3612,0,5,0,0,0,0,0,0
89,654213990,34872,0,0,0,0,16322500,16442600,1714,0,0,0,0,2972,0,5,0,0,0,0,0,0
90,2360099787,34873,0,0,0,0,16604100,16721650,1450,0,0,0,0,3612,0,5,0,0,0,0,0,0
91,2424818746,34874,0,0,0,0,16600050,16718950,1279,0,0,0,0,3612,0,5,0,0,0,0,0,0
92,1971386461,34875,0,0,0,0,16604250,16719850,1742,0,0,0,0,2972,0,5,0,0,0,0,0,0
93,3386045126,34876,0,0,0,0,16599400,16716600,1364,0,0,0,0,3612,0,5,0,0,0,0,0,0
94,1429641961,34877,0,0,0,0,17036950,17159950,1058,0,0,0,0,3612,0,5,0,0,0,0,0,0
95,3022846880,34878,0,0,0,0,16153550,16278100,1578,0,0,0,0,2972,0,5,0,0,0,0,0,0
96,1601897261,34879,0,0,0,0,16602300,16719300,1376,0,0,0,0,3612,0,5,0,0,0,0,0,0
97,1229951528,34880,0,0,0,0,16605400,16722550,1280,0,0,0,0,3612,0,5,0,0,0,0,0,0
98,4065171759,34881,0,0,0,0,16607050,16720300,1689,0,0,0,0,2972,0,5,0,0,0,0,0,0
99,1034325744,34882,0,0,0,0,16958500,17074100,1414,0,0,0,0,3612,0,5,0,0,0,0,0,0
100,14078671,34883,0,0,0,0,16240900,16361050,1373,0,0,0,0,4252,0,5,0,0,0,0,0,0
101,4024270554,34884,0,0,0,0,16602050,16720000,1651,0,0,0,0,3612,0,5,0,0,0,0,0,0
102,896191351,34885,0,0,0,0,16589550,16717750,1246,0,0,0,0,4252,0,5,0,0,0,0,0,0
103,2131384102,34886,0,0,0,0,16605500,16723100,1238,0,0,0,0,3932,0,5,0,0,0,0,0,0
104,2586210593,34887,0,0,0,0,16602550,16718050,1657,0,0,0,0,3292,0,5,0,0,0,0,0,0
105,591918370,34888,0,0,0,0,16644450,16760000,1395,0,0,0,0,3612,0,5,0,0,0,0,0,0
106,8814317,34889,0,0,0,0,16555000,16675800,1502,0,0,0,0,3612,0,5,0,0,0,0,0,0
107,2340504196,34890,0,0,0,0,15819100,16723800,1477,0,0,0,0,2972,0,5,0,0,0,0,0,0
108,3523076009,34891,0,0,0,0,16595800,16714750,1302,0,0,0,0,3612,0,5,0,0,0,0,0,0
109,1961669028,34892,0,0,0,0,16606800,16720700,1340,0,0,0,0,3612,0,5,0,0,0,0,0,0
110,1037581603,34893,0,0,0,0,16606900,16721400,1708,0,0,0,0,2972,0,5,0,0,0,0,0,0
111,2701024588,34894,0,0,0,0,16154850,16716300,1452,0,0,0,0,3612,0,5,0,0,0,0,0,0
112,215037203,34895,0,0,0,0,16601450,16719400,1501,0,0,0,0,3612,0,5,0,0,0,0,0,0
113,3696282862,34896,0,0,0,0,16610350,16722550,1710,0,0,0,0,2972,0,5,0,0,0,0,0,0
114,2829142928,34897,0,0,0,0,16601150,16718300,1321,0,0,0,0,3612,0,5,0,0,0,0,0,0
115,3204762949,34898,0,0,0,0,16600200,16718750,1353,0,0,0,0,3612,0,5,0,0,0,0,0,0
116,3297489190,34899,0,0,0,0,16723950,16842300,1668,0,0,0,0,2972,0,5,0,0,0,0,0,0
117,1691704917,34900,0,0,0,0,16479000,16595250,1506,0,0,0,0,3612,0,5,0,0,0,0,0,0
118,663957814,34901,0,0,0,0,16600250,16718750,1375,0,0,0,0,3612,0,5,0,0,0,0,0,0
119,3058583827,34902,0,0,0,0,16598750,16720050,1698,0,0,0,0,2972,0,5,0,0,0,0,0,0
120,838545270,34903,0,0,0,0,16605950,16720800,1267,0,0,0,0,3612,0,5,0,0,0,0,0,0
121,3608912039,34904,0,0,0,0,16598250,16719150,1364,0,0,0,0,3612,0,5,0,0,0,0,0,0
122,4080159716,34905,0,0,0,0,16604850,16719150,1637,0,0,0,0,2972,0,5,0,0,0,0,0,0
123,1056027075,34906,0,0,0,0,16595800,16716450,1512,0,0,0,0,3612,0,5,0,0,0,0,0,0
124,4057021248,34907,0,0,0,0,16599800,16720500,1263,0,0,0,0,4252,0,5,0,0,0,0,0,0
125,2686741161,34908,0,0,0,0,16603450,16718700,1163,0,0,0,0,3612,0,5,0,0,0,0,0,0
126,3870849660,34909,0,0,0,0,16597050,16721300,1295,0,0,0,0,4252,0,5,0,0,0,0,0,0
127,293449641,34910,0,0,0,0,16824950,16939300,1365,0,0,0,0,3932,0,5,0,0,0,0,0,0
128,596064266,34911,0,0,0,0,16383400,16500550,1631,0,0,0,0,3292,0,5,0,0,0,0,0,0
129,3715495249,34912,0,0,0,0,16593550,16719350,1377,0,0,0,0,3612,0,5,0,0,0,0,0,0
130,244680018,34913,0,0,0,0,15807100,16719250,1136,0,0,0,0,3612,0,5,0,0,0,0,0,0
131,4080661783,34914,0,0,0,0,16592500,16715300,1282,0,0,0,0,2972,0,5,0,0,0,0,0,0
132,4006730450,34915,0,0,0,0,16604300,16721250,1300,0,0,0,0,3612,0,5,0,0,0,0,0,0
133,3864584507,34916,0,0,0,0,16600250,16721600,1403,0,0,0,0,3612,0,5,0,0,0,0,0,0
134,2711027320,34917,0,0,0,0,18478250,18596750,1604,0,0,0,0,2972,0,5,0,0,0,0,0,0
135,4099079087,34918,0,0,0,0,14701550,14838250,167,0,0,0,0,3612,0,5,0,0,0,0,0,0
136,565333772,34919,0,0,0,0,16607550,16721750,1323,0,0,0,0,3612,0,5,0,0,0,0,0,0
137,1028518269,34920,0,0,0,0,16599200,16716950,1697,0,0,0,0,2972,0,5,0,0,0,0,0,0
138,2252688136,34921,0,0,0,0,16902900,17019050,1415,0,0,0,0,3612,0,5,0,0,0,0,0,0
139,578597309,34922,0,0,0,0,16300300,16419250,1443,0,0,0,0,3612,0,5,0,0,0,0,0,0
140,3624439358,34923,0,0,0,0,16602850,16719650,1778,0,0,0,0,2972,0,5,0,0,0,0,0,0
141,3514067501,34924,0,0,0,0,16596250,16718400,1277,0,0,0,0,3612,0,5,0,0,0,0,0,0
142,2741972910,34925,0,0,0,0,16607850,16722300,1332,0,0,0,0,3612,0,5,0,0,0,0,0,0
143,28497579,34926,0,0,0,0,16601200,16719950,1728,0,0,0,0,2972,0,5,0,0,0,0,0,0
144,466729326,34927,0,0,0,0,16605850,16716300,1363,0,0,0,0,3612,0,5,0,0,0,0,0,0
145,3425349295,34928,0,0,0,0,16599950,16719750,1448,0,0,0,0,3612,0,5,0,0,0,0,0,0
146,1537640620,34929,0,0,0,0,16595750,16718500,1769,0,0,0,0,2972,0,5,0,0,0,0,0,0
147,1853842891,34930,0,0,0,0,16598250,16721850,1285,0,0,0,0,3612,0,5,0,0,0,0,0,0
148,1177024904,34931,0,0,0,0,16601050,16717400,1325,0,0,0,0,4252,0,5,0,0,0,0,0,0
149,4106734849,34932,0,0,0,0,16987550,17100900,1611,0,0,0,0,3612,0,5,0,0,0,0,0,0
150,2025356500,34933,0,0,0,0,16219750,16337250,1354,0,0,0,0,4252,0,5,0,0,0,0,0,0
151,2189605121,34934,0,0,0,0,16603150,16722050,1463,0,0,0,0,3932,0,5,0,0,0,0,0,0
152,4086136290,34935,0,0,0,0,16601300,16716500,1705,0,0,0,0,3292,0,5,0,0,0,0,0,0
153,4036669705,34936,0,0,0,0,16606250,16721700,1332,0,0,0,0,3612,0,5,0,0,0,0,0,0
154,4167980074,34937,0,0,0,0,15801500,16716050,1255,0,0,0,0,3612,0,5,0,0,0,0,0,0
155,51187407,34938,0,0,0,0,17974300,18093650,1663,0,0,0,0,2972,0,5,0,0,0,0,0,0
156,2242638442,34939,0,0,0,0,15230750,15347150,1000,0,0,0,0,3612,0,5,0,0,0,0,0,0
157,2730108163,34940,0,0,0,0,16594350,16718650,1302,0,0,0,0,3612,0,5,0,0,0,0,0,0
158,2718743917,34941,0,0,0,0,16595850,16719000,1737,0,0,0,0,2972,0,5,0,0,0,0,0,0
159,3391709842,34942,0,0,0,0,16599000,16717850,1340,0,0,0,0,3612,0,5,0,0,0,0,0,0
160,1164604273,34943,0,0,0,0,16605600,16721350,1403,0,0,0,0,3612,0,5,0,0,0,0,0,0
161,2148591176,34944,0,0,0,0,16143750,16719450,1679,0,0,0,0,2972,0,5,0,0,0,0,0,0
162,4192737573,34945,0,0,0,0,16602400,16718300,1478,0,0,0,0,3612,0,5,0,0,0,0,0,0
163,535584840,34946,0,0,0,0,16597300,16718700,1346,0,0,0,0,3612,0,5,0,0,0,0,0,0
164,3430794475,34947,0,0,0,0,16602300,16719250,1745,0,0,0,0,2972,0,5,0,0,0,0,0,0
165,776323552,34948,0,0,0,0,16606450,16719400,1408,0,0,0,0,3612,0,5,0,0,0,0,0,0
166,3330991427,34949,0,0,0,0,16767700,16884650,1383,0,0,0,0,3612,0,5,0,0,0,0,0,0
167,3282074430,34950,0,0,0,0,16442650,16557900,1739,0,0,0,0,2972,0,5,0,0,0,0,0,0
168,2597814595,34951,0,0,0,0,16604000,16716900,1424,0,0,0,0,3612,0,5,0,0,0,0,0,0
169,2225601370,34952,0,0,0,0,16601250,16719950,1333,0,0,0,0,3612,0,5,0,0,0,0,0,0
170,3716853465,34953,0,0,0,0,16605600,16721050,1616,0,0,0,0,2972,0,5,0,0,0,0,0,0
171,1080675697,34954,0,0,0,0,33318900,33437350,2593,0,0,0,0,7272,0,5,0,0,0,0,0,0
172,219920238,34955,0,0,0,0,33326150,33437800,2672,0,0,0,0,7312,0,5,0,0,0,0,0,0
173,3070385651,34956,0,0,0,0,16601800,16718900,1715,0,0,0,0,3012,0,5,0,0,0,0,0,0
174,2609556270,34957,0,0,0,0,16601500,16719700,1401,0,0,0,0,3612,0,5,0,0,0,0,0,0
175,141401383,34958,0,0,0,0,16854450,16974850,1415,0,0,0,0,3612,0,5,0,0,0,0,0,0
176,3034105280,34959,0,0,0,0,16342100,16462800,1685,0,0,0,0,2972,0,5,0,0,0,0,0,0
177,3029196371,34960,0,0,0,0,16605050,16718500,1418,0,0,0,0,3612,0,5,0,0,0,0,0,0
178,699378668,34961,0,0,0,0,16606450,16722650,1383,0,0,0,0,3612,0,5,0,0,0,0,0,0
179,2402609405,34962,0,0,0,0,16604450,16718700,1709,0,0,0,0,2972,0,5,0,0,0,0,0,0
CSV_END

STUDY_DONE_1b95c7a0564a=0
# 