/tmp/app --transport apb --state-frame 1800 --frames 180 --warmup 30 --wait spin --profile detailed --csv /tmp/transport-frames.csv --dump /tmp/transport-frame.raw && printf "CSV_BEGIN\n" && cat /tmp/transport-frames.csv && printf "CSV_END\n"; study_status=$?; printf "\nSTUDY_DONE_f2d76b9521af=%s\n" "$study_status"
TRANSPORT mode=apb dma_minimum=64
BEGIN_BREAKOUT frames=180 warmup=30 fixed=0 blocks=40 tiles=1 hud=1 wait=spin replay=0 state_frame=1800 profile=detailed pixel_centers=1 clock_call_ns=5524
HW_COUNTERS unavailable
RESULT frames=180 elapsed_s=9.463072050 fps=19.021307 logic_ms=0.849979 api_ms=16.367354 swap_ms=31.949411 wait_ms=3.251230 worker_inclusive_ms=31.733038 upload_inclusive_ms=6.699494 write_ms=6.480962 bytes_per_frame=24140.89 p50_ms=50.158550 p95_ms=66.879500 max_ms=67.172000 late_60hz=180 first_count=2643 last_count=2822 state_hash=1022e19f remaining=21 score=190
RENDER_PATH retained=0 grouped=0 quads=10250 full_frames=180
FRAME_CHECK count=2822 address=9fe00000 fnv1a=9868c45b pixels=307200 mismatches=0
BREAKOUT_PASS
CSV_BEGIN
frame,state_hash,display_count,logic_ns,api_ns,swap_ns,wait_ns,total_ns,completion_interval_ns,polls,worker_inclusive_ns,upload_inclusive_ns,write_ns,read_ns,write_bytes,read_bytes,write_calls,read_calls,dma_copy_ns,dma_launch_ns,dma_completion_wait_ns,dma_bytes,dma_lists
0,2110160739,2643,756850,16354700,32024050,1218300,50353900,50362950,137,31835400,6352500,6164300,0,24452,0,5,0,0,0,0,0,0
1,1693181783,2644,743000,16380750,31815200,860550,49799500,49905300,178,31628900,6534250,6340900,0,24452,0,5,0,0,0,0,0,0
2,802378003,2645,744200,16367400,33034350,16620300,66766250,66876700,3229,32847350,7045400,6854800,0,24452,0,5,0,0,0,0,0,0
3,773631361,2646,753750,16376650,31787950,1131150,50049500,50159650,237,31601000,6752750,6535300,0,24452,0,5,0,0,0,0,0,0
4,3600043099,2647,1423550,16406300,31959100,258400,50047350,50155950,49,31769550,6772600,6575600,0,24452,0,5,0,0,0,0,0,0
5,1618316913,2648,771400,16472800,32910900,15900600,66055700,66879800,3081,32729750,6495750,6301400,0,24452,0,5,0,0,0,0,0,0
6,201713393,2649,742700,16873000,40411850,8740300,66767850,66877050,1647,40209400,6930750,6713350,0,24452,0,5,0,0,0,0,0,0
7,2011502881,2650,1367500,16314650,32290300,16792100,66764550,66876800,3262,32094650,7215700,7012800,0,24452,0,5,0,0,0,0,0,0
8,3125474025,2651,747600,16272100,32049600,1096000,50165300,50276450,109,31855900,6378500,6189650,0,24452,0,5,0,0,0,0,0,0
9,1342287211,2652,751900,16363700,32147250,667400,49930250,50035350,137,31955950,6551900,6352950,0,24452,0,5,0,0,0,0,0,0
10,3857196809,2653,750700,16349650,32809150,145050,50054550,50161650,25,32051950,6483150,6294650,0,24452,0,5,0,0,0,0,0,0
11,2240049260,2654,750500,16203650,31655600,1445650,50055400,50157750,304,31463050,6613600,6416250,0,24132,0,5,0,0,0,0,0,0
12,1815897908,2655,746850,15952950,31573650,1778900,50052350,50157550,260,31380100,6281400,6097250,0,24132,0,5,0,0,0,0,0,0
13,648884648,2656,742900,16116300,31906200,1287050,50052450,50157250,270,31716550,7062150,6866350,0,24132,0,5,0,0,0,0,0,0
14,2931991803,2657,1493400,16008600,31832650,715000,50049650,50157850,148,31654450,7153450,6957900,0,24132,0,5,0,0,0,0,0,0
15,4227589206,2658,738050,16116950,31505400,1691050,50051450,50155950,357,31308250,6787950,6578800,0,24132,0,5,0,0,0,0,0,0
16,1986714807,2659,1373900,17604350,31466050,16331100,66775400,66883000,3143,31281450,6607500,6384550,0,24132,0,5,0,0,0,0,0,0
17,28333542,2660,749400,16076350,32268050,950000,50043800,50156000,79,32077150,6394650,6201000,0,24132,0,5,0,0,0,0,0,0
18,842458438,2661,736450,16208500,31773700,1327900,50046550,50152800,279,31580850,6843750,6649900,0,24132,0,5,0,0,0,0,0,0
19,4035787358,2662,746250,16015750,31772200,1522850,50057050,50165450,202,31586150,6330500,6141250,0,24132,0,5,0,0,0,0,0,0
20,3966921526,2663,739850,16171300,31528100,1602450,50041700,50150650,338,31333750,6602050,6406850,0,24132,0,5,0,0,0,0,0,0
21,3331783808,2664,744850,15912900,32018750,1377200,50053700,50163200,155,31826800,6638700,6452450,0,24132,0,5,0,0,0,0,0,0
22,1855912102,2665,738200,16157100,31452700,1698050,50046050,50155000,359,31260750,6776700,6582000,0,24132,0,5,0,0,0,0,0,0
23,3437663592,2666,1426150,16023550,31876200,721150,50047050,50157100,149,31688900,7126750,6927950,0,24132,0,5,0,0,0,0,0,0
24,3162062844,2667,733300,16142300,31277000,1904550,50057150,50159900,403,31080000,6630750,6439850,0,24132,0,5,0,0,0,0,0,0
25,1213835568,2668,1329850,16168700,31916600,629950,50045100,50153450,130,31726350,7113900,6914500,0,24132,0,5,0,0,0,0,0,0
26,4133797692,2669,736350,24901350,31714300,9425250,66777250,66883850,1738,31516650,6286450,6100650,0,24132,0,5,0,0,0,0,0,0
27,256876650,2670,750750,16192450,31711400,1395000,50049600,50155850,293,31513000,6600450,6406450,0,24452,0,5,0,0,0,0,0,0
28,482917404,2671,1608550,16208150,31821200,16403700,66041600,66876600,3175,31634800,6770350,6559450,0,24452,0,5,0,0,0,0,0,0
29,1264633954,2672,749000,16096500,31745250,1454450,50045200,50155200,306,31554500,6704050,5887600,0,24132,0,5,0,0,0,0,0,0
30,3606135978,2673,738800,16146750,31875700,717550,49478800,50161050,148,31682300,6935300,6734000,0,24132,0,5,0,0,0,0,0,0
31,2630115922,2674,751850,16118600,31379000,2099400,50348850,50459950,331,31177950,6681050,6460300,0,24132,0,5,0,0,0,0,0,0
32,3881483034,2675,738000,16178350,31894900,935700,49746950,49854550,195,31700200,6928800,6738700,0,24132,0,5,0,0,0,0,0,0
33,2944919204,2676,746200,16107050,32265150,949600,50068000,50174450,78,32073450,6334500,6145600,0,24132,0,5,0,0,0,0,0,0
34,646532490,2677,737300,16153800,31890000,1252050,50033150,50140050,263,31688350,6942500,6742300,0,24132,0,5,0,0,0,0,0,0
35,2877853796,2678,744750,16034850,33879250,16112550,66771400,66879400,3106,33686200,6629450,6421800,0,24132,0,5,0,0,0,0,0,0
36,1922367648,2679,752700,16086750,31109100,2100350,50048900,50153550,445,30911150,6415400,6224950,0,24132,0,5,0,0,0,0,0,0
37,1795563108,2680,1287950,16170750,32125900,467950,50052550,50158100,94,31942450,6789800,6590900,0,24132,0,5,0,0,0,0,0,0
38,214631552,2681,747550,16130950,31147000,2493050,50518550,50632350,417,30946050,6473350,6255700,0,24132,0,5,0,0,0,0,0,0
39,1929726190,2682,754750,16157150,31819050,840050,49571000,49686200,174,31629150,6799100,6595400,0,24132,0,5,0,0,0,0,0,0
40,1190506064,2683,742350,16103450,31228050,2137500,50211350,50323950,339,31034650,6659550,6443050,0,24132,0,5,0,0,0,0,0,0
41,3268351150,2684,742300,16155950,31888050,1091400,49877700,49989250,227,31700050,6547050,6341400,0,24132,0,5,0,0,0,0,0,0
42,118037070,2685,745550,16113900,31518500,1671750,50049700,50163050,235,31322550,6110150,5932600,0,24132,0,5,0,0,0,0,0,0
43,1955195062,2686,752250,16136600,31702000,1451450,50042300,50155600,305,31513000,6659350,6461900,0,24132,0,5,0,0,0,0,0,0
44,1797432467,2687,743200,15983800,31636900,1682800,50046700,50159850,235,31449500,6257400,6071050,0,24132,0,5,0,0,0,0,0,0
45,1035442557,2688,742700,16093450,39829700,10104000,66769850,66878200,1979,39629950,6416800,6210350,0,24132,0,5,0,0,0,0,0,0
46,2267612867,2689,1175850,16186150,31826750,853250,50042000,50152100,177,31630150,6918000,6731200,0,24132,0,5,0,0,0,0,0,0
47,1217717069,2690,753400,16143600,31378050,2115250,50390300,50498750,334,31177850,6671400,6450650,0,24132,0,5,0,0,0,0,0,0
48,1461268009,2691,735800,16144850,31930800,898500,49709950,49819350,187,31733000,6922800,6723050,0,24132,0,5,0,0,0,0,0,0
49,2370304197,2692,748300,16106000,32268000,975600,50097900,50207100,84,32074950,6340800,6162050,0,24132,0,5,0,0,0,0,0,0
50,655561417,2693,736100,16144150,31875350,1242100,49997700,50105350,260,31683200,6928550,6735600,0,24132,0,5,0,0,0,0,0,0
51,524675839,2694,1626900,16185000,32087650,16140750,66040300,66879500,3116,31904700,6964600,6756100,0,24452,0,5,0,0,0,0,0,0
52,1155835041,2695,749100,16242550,31022350,2031300,50045300,50156300,430,30824050,6489550,6282700,0,24452,0,5,0,0,0,0,0,0
53,214853719,2696,1317600,16340600,31953600,444500,50056300,50161550,88,31759700,6778750,6576650,0,24132,0,5,0,0,0,0,0,0
54,3035389575,2697,742950,16148000,31132700,2529250,50552900,50661100,425,30938850,6438750,6216150,0,24132,0,5,0,0,0,0,0,0
55,1549109231,2698,752250,17684400,31339900,16488700,66265250,66377000,3180,31141850,6629000,6403250,0,24132,0,5,0,0,0,0,0,0
56,66132623,2699,738300,16119450,31658000,1530100,50045850,50157150,204,31466550,6327200,6138450,0,24132,0,5,0,0,0,0,0,0
57,3504604473,2700,747200,16574350,31264200,1459700,50045450,50152450,307,31072150,6629550,6428300,0,24132,0,5,0,0,0,0,0,0
58,1691498415,2701,1432550,16141600,31702700,773000,50049850,50157850,160,30940650,6378300,6199050,0,24132,0,5,0,0,0,0,0,0
59,4055346753,2702,737500,16293100,31132900,1887700,50051200,50159950,399,30938950,6467050,6259050,0,24132,0,5,0,0,0,0,0,0
60,4185240021,2703,1363450,16318700,31556100,813000,50051250,50154650,169,31362750,6899500,6707600,0,24132,0,5,0,0,0,0,0,0
61,380494641,2704,744050,16265050,31351850,1694400,50055350,50158350,358,31159950,6432700,6210800,0,24132,0,5,0,0,0,0,0,0
62,648826037,2705,1354900,16268100,31647050,779350,50049400,50161200,161,31452650,6931100,6735900,0,24132,0,5,0,0,0,0,0,0
63,457329003,2706,752950,16073500,31169750,2422050,50418250,50528400,401,30971750,6462700,6250900,0,24132,0,5,0,0,0,0,0,0
64,3359035981,2707,736150,16174300,31861500,898400,49670350,49783800,187,31666500,6907200,6710650,0,24132,0,5,0,0,0,0,0,0
65,1526400123,2708,746150,25824150,31676550,8520600,66767450,66880600,1642,31486300,6921450,6724600,0,24132,0,5,0,0,0,0,0,0
66,1691524227,2709,754600,16331300,31260250,1695950,50042100,50152450,358,31062000,6621700,6418500,0,24132,0,5,0,0,0,0,0,0
67,1475349003,2710,1447000,16251250,31774850,577400,50050500,50159050,118,31583500,6898800,6710800,0,24132,0,5,0,0,0,0,0,0
68,485644907,2711,740450,16261300,34391900,15674100,67067750,67172000,2931,34207400,6908250,6717450,0,24132,0,5,0,0,0,0,0,0
69,1050479637,2712,768750,16174000,31805100,1003600,49751450,49865600,210,31610250,6930550,6725350,0,24132,0,5,0,0,0,0,0,0
70,3204525547,2713,742200,16109900,31225600,1974400,50052100,50161900,272,31030250,6698350,6478550,0,24132,0,5,0,0,0,0,0,0
71,4185398997,2714,738250,16115950,31643700,1535200,50033100,50153200,324,31458300,6780400,6588200,0,24132,0,5,0,0,0,0,0,0
72,3094072225,2715,744200,16083700,31358550,1865950,50052400,50160300,276,31171300,6164950,5345900,0,24132,0,5,0,0,0,0,0,0
73,1835371693,2716,740600,16571900,31293250,1440950,50046700,50155400,303,31103950,6630950,6428900,0,24132,0,5,0,0,0,0,0,0
74,2168771505,2717,797150,16401250,33869100,14150300,65217800,66879500,2633,33666900,6246450,6069800,0,24132,0,5,0,0,0,0,0,0
75,4059398759,2718,749150,16035500,31279400,2308700,50372750,50486300,375,31079150,6646750,6421650,0,24452,0,5,0,0,0,0,0,0
76,644479865,2719,741950,16150950,32243050,577550,49713500,49825250,118,32045900,7422550,7230350,0,24452,0,5,0,0,0,0,0,0
77,1914197423,2720,753800,16081950,31470250,1790050,50096050,50202600,257,31275350,6935250,6709550,0,24132,0,5,0,0,0,0,0,0
78,430804047,2721,734300,16147050,31881100,1239050,50001500,50115550,261,31683350,7122800,6929450,0,24132,0,5,0,0,0,0,0,0
79,3866048775,2722,749400,15992850,31276650,2033200,50052100,50158950,284,31081650,6716450,5811200,0,24132,0,5,0,0,0,0,0,0
80,7140231,2723,736700,16123750,31599250,1586250,50045950,50158350,334,31405900,6816050,6622950,0,24132,0,5,0,0,0,0,0,0
81,1511961547,2724,746850,17061850,31719200,521400,50049300,50155900,106,31541500,6979050,6251350,0,24132,0,5,0,0,0,0,0,0
82,376629139,2725,748050,16303150,31263500,1734500,50049200,50156450,366,31077650,6604650,6411150,0,24132,0,5,0,0,0,0,0,0
83,1861594235,2726,1444400,16240750,31734850,630700,50050700,50159000,129,31542250,6947700,6760350,0,24132,0,5,0,0,0,0,0,0
84,1702339483,2727,739450,16259350,39338900,10591800,66929500,67031150,1875,39145750,6458150,6257600,0,24132,0,5,0,0,0,0,0,0
85,966101579,2728,771900,16234900,31811900,1069600,49888300,50003350,224,31617450,7007200,6810750,0,24132,0,5,0,0,0,0,0,0
86,2786182811,2729,743600,16102750,31387350,1823900,50057600,50163600,265,31189000,6907950,6685900,0,24132,0,5,0,0,0,0,0,0
87,3655782539,2730,743450,16121800,31890350,1285400,50041000,50154800,271,31697900,6990150,6792450,0,24132,0,5,0,0,0,0,0,0
88,3735461922,2731,746450,15986050,31180550,2140100,50053150,50156800,308,30990500,6014450,5819100,0,24132,0,5,0,0,0,0,0,0
89,270833838,2732,746050,16441200,31325050,1528300,50040600,50154700,322,31136200,6624100,6425500,0,24132,0,5,0,0,0,0,0,0
90,930095294,2733,744100,16741100,31017350,1553150,50055700,50162250,207,30825950,6399000,6215750,0,24132,0,5,0,0,0,0,0,0
91,1273808962,2734,742050,16287300,31268750,1746450,50044550,50157250,369,31075650,6631950,6431400,0,24132,0,5,0,0,0,0,0,0
92,1953673858,2735,1399750,16389450,31682450,574500,50046150,50154150,117,31479400,6958550,6773000,0,24132,0,5,0,0,0,0,0,0
93,4057475070,2736,748000,16618600,30936400,1753750,50056750,50157950,371,30742100,6448400,6222700,0,24132,0,5,0,0,0,0,0,0
94,3372198854,2737,1336900,16775150,32677250,15986750,66776050,66882200,3034,32488250,6798300,6572850,0,24132,0,5,0,0,0,0,0,0
95,2335202154,2738,746800,15972500,31446900,1876500,50042700,50158700,276,31254300,6867750,5940400,0,24132,0,5,0,0,0,0,0,0
96,2170853250,2739,736550,16159650,31720150,1425050,50041400,50155450,301,31520900,6970550,6770600,0,24132,0,5,0,0,0,0,0,0
97,1829955022,2740,745550,16902900,31064450,1340750,50053650,50160750,132,30874700,6420500,6236700,0,24132,0,5,0,0,0,0,0,0
98,1856045454,2741,780400,16253750,31009100,1270250,49313500,50152850,267,30811200,6473450,6254400,0,24132,0,5,0,0,0,0,0,0
99,2544683154,2742,1642400,16102000,31814850,489250,50048500,50158600,99,31620750,6963250,6763050,0,24452,0,5,0,0,0,0,0,0
100,1531444578,2743,735800,16291050,31240300,1789850,50057000,50158150,378,31048500,6664950,6469200,0,24452,0,5,0,0,0,0,0,0
101,1139277022,2744,1356700,16633050,31633700,428500,50051950,50158200,86,31439550,6773800,6575350,0,24132,0,5,0,0,0,0,0,0
102,2614530982,2745,742650,16297450,30899750,2104300,50044150,50159400,446,30702900,6393850,6193900,0,24132,0,5,0,0,0,0,0,0
103,464765994,2746,735550,16284700,31694300,820750,49535300,50155300,170,31505750,6928150,6725400,0,24132,0,5,0,0,0,0,0,0
104,1592019490,2747,738450,24166150,30960400,10908500,66773500,66881800,1970,30758500,6452950,6236900,0,24132,0,5,0,0,0,0,0,0
105,66207950,2748,749450,16177800,31619100,1494700,50041050,50152800,315,31421000,6832300,6623150,0,24132,0,5,0,0,0,0,0,0
106,2639428798,2749,733900,15865250,31288900,2167250,50055300,50162200,313,31095100,6130650,5954500,0,24132,0,5,0,0,0,0,0,0
107,1495915330,2750,736400,16123650,31363800,1812300,50036150,50152250,383,31169800,6623200,6414950,0,24132,0,5,0,0,0,0,0,0
108,4079891938,2751,1548650,16167600,31574250,755300,50045800,50158550,156,31383800,6890100,6696750,0,24132,0,5,0,0,0,0,0,0
109,1204987230,2752,731150,16563050,31017250,1745300,50056750,50158150,369,30817250,6455650,6236100,0,24132,0,5,0,0,0,0,0,0
110,949029318,2753,1339550,16331300,31655700,724050,50050600,50158350,149,31463850,6904700,6710000,0,24132,0,5,0,0,0,0,0,0
111,2727127274,2754,739050,16277550,31020650,2500750,50538000,50644550,417,30821250,6461000,6230550,0,24132,0,5,0,0,0,0,0,0
112,2443393666,2755,732450,16353450,31618500,853300,49557700,49670350,177,31427300,6918700,6719950,0,24132,0,5,0,0,0,0,0,0
113,434260526,2756,739150,16519700,31248050,1721250,50228150,50336150,247,31057900,5975400,5794800,0,24132,0,5,0,0,0,0,0,0
114,2637634158,2757,734450,17799550,30876950,454350,49865300,49979650,91,30677000,6443700,6228350,0,24132,0,5,0,0,0,0,0,0
115,4248248050,2758,740700,16270400,31200500,1840000,50051600,50164550,273,31011000,5974200,5800600,0,24132,0,5,0,0,0,0,0,0
116,663154818,2759,730100,16318850,31524250,1467650,50040850,50150550,309,31331450,6769600,6575150,0,24132,0,5,0,0,0,0,0,0
117,1461428606,2760,745850,15937700,32219300,1155300,50058150,50162450,122,32023300,6384400,6193600,0,24132,0,5,0,0,0,0,0,0
118,3252362022,2761,733800,16194300,31459550,1658100,50045750,50153250,350,31261150,6608750,6411350,0,24132,0,5,0,0,0,0,0,0
119,2423015338,2762,1421500,15230950,31817450,1585600,50055500,50164700,217,30899400,6366600,6183600,0,24132,0,5,0,0,0,0,0,0
120,507309730,2763,730650,16142250,31461900,1710350,50045150,50153200,361,31270750,6612050,6415700,0,24132,0,5,0,0,0,0,0,0
121,2882991293,2764,785850,16304250,31789200,16422450,65301750,66878100,3169,31604200,6472550,6261000,0,24132,0,5,0,0,0,0,0,0
122,3682963569,2765,733550,16268600,31159500,1936050,50097700,50209000,290,30965350,6701450,6477350,0,24132,0,5,0,0,0,0,0,0
123,1404881069,2766,732850,16353600,39308950,10325000,66720400,66828450,1994,38110750,13349350,13123450,0,24452,0,5,0,0,0,0,0,0
124,624513273,2767,1398150,16076200,31776250,786300,50036900,50156300,164,30901300,6357000,6176450,0,24452,0,5,0,0,0,0,0,0
125,484090933,2768,732200,16470450,30991300,1852200,50046150,50156050,392,30797300,6414150,6215000,0,24132,0,5,0,0,0,0,0,0
126,2330053545,2769,1458800,16151900,31678700,764600,50054000,50159550,158,31485850,6908100,6711100,0,24132,0,5,0,0,0,0,0,0
127,3891445269,2770,744450,16258900,31066350,2489750,50559450,50664000,417,30868700,6466750,6243950,0,24132,0,5,0,0,0,0,0,0
128,1947616753,2771,729250,16323050,31649150,833900,49535350,49648950,173,31453050,6934850,6738550,0,24132,0,5,0,0,0,0,0,0
129,965975981,2772,743900,16582950,31390400,1551650,50268900,50377950,210,31199600,6108100,5929700,0,24132,0,5,0,0,0,0,0,0
130,2786931617,2773,748000,16381950,31546400,1150700,49827050,49940100,241,31349400,6765650,6572700,0,24132,0,5,0,0,0,0,0,0
131,4011087213,2774,738150,16299350,31463500,1548650,50049650,50157750,207,31273000,6148600,5963750,0,24132,0,5,0,0,0,0,0,0
132,3703868376,2775,737300,16337600,31559300,1412950,50047150,50158800,297,31364800,6779600,6586550,0,24132,0,5,0,0,0,0,0,0
133,212089708,2776,739450,16168900,34038750,15822350,66769450,66877150,3014,33852200,6887650,6670450,0,24132,0,5,0,0,0,0,0,0
134,737348112,2777,745450,16180300,30907000,2211800,50044550,50156650,469,30714000,6426200,6230150,0,24132,0,5,0,0,0,0,0,0
135,1465149204,2778,1414500,16142950,31745950,744600,50048000,50158050,154,31559250,6933900,6734550,0,24132,0,5,0,0,0,0,0,0
136,3549792448,2779,745950,16292750,30948550,2446500,50433750,50540100,404,30749000,6456800,6241350,0,24132,0,5,0,0,0,0,0,0
137,3053421220,2780,735450,16724800,31366950,833200,49660400,49774250,172,31171150,6570400,6369150,0,24132,0,5,0,0,0,0,0,0
138,904563048,2781,734000,16321600,31305500,1765150,50126250,50236700,256,31113450,6757300,6536500,0,24132,0,5,0,0,0,0,0,0
139,1363341148,2782,750600,16324000,31624500,1268250,49967350,50080400,266,31437000,6792950,6595700,0,24132,0,5,0,0,0,0,0,0
140,3357813192,2783,740750,16271000,31343000,1700200,50054950,50161200,241,31153000,6137700,5961250,0,24132,0,5,0,0,0,0,0,0
141,1376589724,2784,743350,16575800,31268250,1452450,50039850,50152500,305,31074000,6574900,6368550,0,24132,0,5,0,0,0,0,0,0
142,2806738240,2785,737800,16144550,34979550,14908050,66769950,66881100,2794,34052450,6032100,5848050,0,24132,0,5,0,0,0,0,0,0
143,1863420068,2786,757400,16160800,40873850,8971600,66763650,66877350,1637,40694200,6360400,6171250,0,24132,0,5,0,0,0,0,0,0
144,2368389248,2787,789550,16323300,31746850,462900,49322600,50156350,93,31551700,6706850,6493650,0,24132,0,5,0,0,0,0,0,0
145,3624800580,2788,744250,18473650,31383850,16166750,66768500,66878100,3122,31201550,6436650,6239200,0,24132,0,5,0,0,0,0,0,0
146,2708332264,2789,739650,16145900,31073900,2088750,50048200,50155150,443,30878600,6403500,6194600,0,24132,0,5,0,0,0,0,0,0
147,3643166428,2790,745700,16141750,32005050,642650,49535150,50159700,131,31813800,6855700,6643450,0,24452,0,5,0,0,0,0,0,0
148,1604903896,2791,741050,16143100,31941650,1563300,50389100,50500300,212,31749450,6162400,5972800,0,24452,0,5,0,0,0,0,0,0
149,499105388,2792,742500,16150450,31879000,931000,49702950,49812700,194,31686000,6852050,6647250,0,24132,0,5,0,0,0,0,0,0
150,3393190256,2793,747000,16128750,31400300,1786600,50062650,50177000,262,31210600,6774950,6547000,0,24132,0,5,0,0,0,0,0,0
151,1752164884,2794,742050,16166550,31796350,1325500,50030450,50139750,278,31605700,6749700,6540600,0,24132,0,5,0,0,0,0,0,0
152,112950176,2795,738700,16033550,34448000,15550600,66770850,66878600,2964,34261900,8519200,8306150,0,24132,0,5,0,0,0,0,0,0
153,218377828,2796,759350,16097800,31201000,1982050,50040200,50154650,419,31008050,6493600,6297700,0,24132,0,5,0,0,0,0,0,0
154,1614877672,2797,1294300,16175600,31937850,645250,50053000,50161150,132,31748050,6973100,6779550,0,24132,0,5,0,0,0,0,0,0
155,624660060,2798,745000,16110300,31223200,2458550,50537050,50651950,409,31028400,6476250,6257250,0,24132,0,5,0,0,0,0,0,0
156,1646146728,2799,734100,16190150,31903600,722500,49550350,49661900,148,31704650,6597900,6398250,0,24132,0,5,0,0,0,0,0,0
157,2550301372,2800,741450,16139200,31471300,1890500,50242450,50347600,285,31278600,6796600,6575200,0,24132,0,5,0,0,0,0,0,0
158,172327680,2801,737850,16158400,31908550,1051700,49856500,49965800,219,31708600,6998150,6798000,0,24132,0,5,0,0,0,0,0,0
159,28774455,2802,757500,15865050,30797250,2627750,50047550,50161900,446,30612250,6412550,6198400,0,23812,0,5,0,0,0,0,0,0
160,1278562831,2803,725350,15949900,31943900,1428500,50047650,50156750,300,31751350,6934900,6741800,0,23812,0,5,0,0,0,0,0,0
161,1878041307,2804,730400,15766650,31221900,2330750,50049700,50159750,381,31031400,6714450,6494150,0,23812,0,5,0,0,0,0,0,0
162,2842495315,2805,724000,15978700,39578400,10486650,66767750,66878150,2066,39384000,6850750,6649450,0,23812,0,5,0,0,0,0,0,0
163,942955647,2806,1193700,15937800,31576600,1333050,50041150,50152150,279,31387800,6900200,6704750,0,23812,0,5,0,0,0,0,0,0
164,3104849743,2807,728150,15901750,31150400,2596300,50376600,50486000,446,30964050,6410000,6214750,0,23812,0,5,0,0,0,0,0,0
165,2914266731,2808,738250,15941400,31602050,1436850,49718550,49829700,302,31409600,6902000,6708750,0,23812,0,5,0,0,0,0,0,0
166,4064468955,2809,729300,15891850,30751350,2679450,50051950,50162350,467,30550950,6398650,6205650,0,23812,0,5,0,0,0,0,0,0
167,3195515191,2810,739800,15936150,31599550,1769850,50045350,50155650,374,31405650,6901500,6709400,0,23812,0,5,0,0,0,0,0,0
168,978211615,2811,729450,15844300,31567150,1911700,50052600,50162700,287,31379850,6036550,5852050,0,24132,0,5,0,0,0,0,0,0
169,2835071531,2812,750450,15912400,31729800,1653800,50046450,50154050,349,31540100,6939900,6748800,0,24132,0,5,0,0,0,0,0,0
170,2067386771,2813,735850,15711700,31181000,2412400,50040950,50158050,395,30994950,6774400,6553400,0,24132,0,5,0,0,0,0,0,0
171,1313815599,2814,734850,15923550,31564650,1827200,50050250,50158200,386,31372400,6887300,6687350,0,23812,0,5,0,0,0,0,0,0
172,2403178911,2815,1432650,15056850,33720100,16563200,66772800,66878700,3203,33528350,6532650,6322650,0,23812,0,5,0,0,0,0,0,0
173,2922328731,2816,738700,15867500,30821500,2783750,50211450,50316600,491,30630750,6356100,6148400,0,23812,0,5,0,0,0,0,0,0
174,984914827,2817,728050,15944300,31443200,1769500,49885050,49993600,374,31252100,6839050,6641950,0,23812,0,5,0,0,0,0,0,0
175,3908989879,2818,736850,15855950,30820800,2645450,50059050,50161650,451,30625950,6411300,6193250,0,23812,0,5,0,0,0,0,0,0
176,3999582383,2819,724450,15938450,31857400,1524950,50045250,50156450,321,31667400,6866650,6669450,0,23812,0,5,0,0,0,0,0,0
177,407226939,2820,741000,15794450,31148050,2363250,50046750,50159550,385,30956750,6710100,6488950,0,23812,0,5,0,0,0,0,0,0
178,1756548563,2821,729100,15966400,31469950,1879550,50045000,50158250,397,31277400,6864500,6667800,0,23812,0,5,0,0,0,0,0,0
179,270721439,2822,744300,15652200,31113200,2542300,50052000,50159750,424,30925400,6705400,6481950,0,23812,0,5,0,0,0,0,0,0
CSV_END

STUDY_DONE_f2d76b9521af=0
# 