/tmp/app-lto --transport apb --state-frame 0 --frames 180 --warmup 30 --wait spin --profile detailed --csv /tmp/transport-frames.csv && printf "CSV_BEGIN\n" && cat /tmp/transport-frames.csv && printf "CSV_END\n"; study_status=$?; printf "\nSTUDY_DONE_b50a2b5cc909=%s\n" "$study_status"
TRANSPORT mode=apb dma_minimum=64
BEGIN_BREAKOUT frames=180 warmup=30 fixed=0 blocks=40 tiles=1 hud=1 wait=spin replay=0 state_frame=0 profile=detailed pixel_centers=1 clock_call_ns=4801
HW_COUNTERS unavailable
RESULT frames=180 elapsed_s=12.037946500 fps=14.952716 logic_ms=1.085943 api_ms=15.264316 swap_ms=36.591329 wait_ms=13.794665 worker_inclusive_ms=36.315024 upload_inclusive_ms=7.625519 write_ms=7.379203 bytes_per_frame=30951.56 p50_ms=66.877050 p95_ms=67.182400 max_ms=69.066550 late_60hz=180 first_count=17211 last_count=17390 state_hash=8f34e8fd remaining=38 score=20
RENDER_PATH retained=0 grouped=0 quads=13131 full_frames=180
BREAKOUT_PASS
CSV_BEGIN
frame,state_hash,display_count,logic_ns,api_ns,swap_ns,wait_ns,total_ns,completion_interval_ns,polls,worker_inclusive_ns,upload_inclusive_ns,write_ns,read_ns,write_bytes,read_bytes,write_calls,read_calls,dma_copy_ns,dma_launch_ns,dma_completion_wait_ns,dma_bytes,dma_lists
0,3724779174,17211,764650,15226400,36442700,14398200,66831950,66843750,2734,36260950,8210950,7986900,0,31172,0,5,0,0,0,0,0,0
1,1709657109,17212,934650,15326700,44389000,6347150,66997500,67104450,1169,44199450,7513900,7292300,0,31172,0,5,0,0,0,0,0,0
2,1894904752,17213,893100,14545200,36678250,14426050,66542600,66650600,2847,35073900,7084100,6883250,0,31172,0,5,0,0,0,0,0,0
3,3703759967,17214,1607700,14511100,35887450,14766100,66772350,66879350,2684,35711050,7734400,7504750,0,31172,0,5,0,0,0,0,0,0
4,19533624,17215,882800,15263750,36307600,14308350,66762500,66874350,2711,36139700,7779400,7563200,0,31172,0,5,0,0,0,0,0,0
5,816884773,17216,876950,15489650,36053200,13631950,66051750,66875700,2652,35872450,7462150,7241300,0,31172,0,5,0,0,0,0,0,0
6,1339236364,17217,1400600,14651500,37869550,12849150,66770800,66877450,2332,36076400,8152050,7908100,0,31172,0,5,0,0,0,0,0,0
7,3072959373,17218,876500,15263050,35999050,14621200,66759800,66878400,2777,35821400,7837050,7619900,0,31172,0,5,0,0,0,0,0,0
8,1782884746,17219,869350,15273500,35914750,14805050,66862650,66970000,2833,35725750,7338000,7129600,0,31172,0,5,0,0,0,0,0,0
9,30296781,17220,861700,14573500,36674550,14569400,66679150,66784350,2879,35089650,7093100,6885400,0,31492,0,5,0,0,0,0,0,0
10,4026418858,17221,1994550,14479600,35934100,14363950,66772200,66875600,2678,35752200,7748700,7518600,0,31492,0,5,0,0,0,0,0,0
11,2084929051,17222,846900,15270900,36316600,14338600,66773000,66879600,2719,36145600,7767700,7536950,0,31492,0,5,0,0,0,0,0,0
12,3114489770,17223,880100,15287150,36180800,14423200,66771250,66877900,2834,36000900,7569200,7359200,0,31172,0,5,0,0,0,0,0,0
13,891400471,17224,1351600,15832850,36053400,13532950,66770800,66875750,2607,35873350,7660700,7455550,0,31172,0,5,0,0,0,0,0,0
14,3472773456,17225,874250,15178300,38456650,12261750,66770950,66876200,2368,38273650,7584950,7385950,0,31172,0,5,0,0,0,0,0,0
15,3010688243,17226,846500,15353450,36130300,14439450,66769700,66876450,2745,35958250,7440050,7217800,0,31172,0,5,0,0,0,0,0,0
16,2819524756,17227,888500,14558050,37703250,13627750,66777550,66884000,1405,36365550,8185350,7989100,0,31172,0,5,0,0,0,0,0,0
17,3241678401,17228,1790000,14584100,35868450,14509250,66751800,66876550,2708,35681700,7688250,7452650,0,31172,0,5,0,0,0,0,0,0
18,2154316504,17229,869700,15279650,36152700,14465700,66767750,66873200,2745,35979800,7708550,7485800,0,31172,0,5,0,0,0,0,0,0
19,772262681,17230,857050,15300100,36309150,14305500,66771800,66878450,2807,36131350,7331550,7121200,0,31172,0,5,0,0,0,0,0,0
20,3882818750,17231,876650,15351000,35255550,14876550,66359750,66878300,2786,35060950,7010850,6810050,0,31172,0,5,0,0,0,0,0,0
21,521131153,17232,843700,15178400,35972350,14775050,66769500,66874950,2808,35798800,7811950,7584000,0,31172,0,5,0,0,0,0,0,0
22,1838187414,17233,882300,16760250,37154450,11973100,66770100,66874900,2322,36393500,7059200,6865200,0,31172,0,5,0,0,0,0,0,0
23,840574439,17234,855750,15453500,36090500,14371250,66771000,66876550,2825,35916350,7708800,7504150,0,31172,0,5,0,0,0,0,0,0
24,2879461878,17235,1599000,14493900,35928100,14756550,66777550,66884200,2763,35753850,7709100,7477750,0,31172,0,5,0,0,0,0,0,0
25,202086035,17236,857750,15246150,36465400,14195950,66765250,66872800,2686,36279650,7649350,7429650,0,31172,0,5,0,0,0,0,0,0
26,959703924,17237,874600,15254050,36007200,14940200,67076050,67182400,2865,35832300,7373200,7171700,0,31172,0,5,0,0,0,0,0,0
27,3795724423,17238,854400,15375900,35267250,14967150,66464700,66575150,2804,35092100,7040750,6832450,0,31172,0,5,0,0,0,0,0,0
28,2500539904,17239,1706650,15321300,36328300,12687400,66043650,66875450,2468,36149050,7686350,7492300,0,31172,0,5,0,0,0,0,0,0
29,2269000541,17240,866750,15338550,39567950,10993550,66766800,66873200,2092,39375050,7354100,7147750,0,31172,0,5,0,0,0,0,0,0
30,1900681108,17241,883250,15444050,36111850,14332250,66771400,66879550,2815,35917600,7698500,7490150,0,31172,0,5,0,0,0,0,0,0
31,3680168245,17242,1552700,14557600,35860250,14801050,66771600,66878150,2693,35687800,7695150,7458550,0,31172,0,5,0,0,0,0,0,0
32,2344329490,17243,880650,22917450,36247800,6719550,66765450,66875100,1244,36066150,7807300,7592500,0,31172,0,5,0,0,0,0,0,0
33,2130650181,17244,853150,15332450,36042700,14704800,66933100,67040300,2809,35864950,7413050,7195800,0,31492,0,5,0,0,0,0,0,0
34,906966818,17245,891200,15353200,35945400,14418350,66608150,66713750,2721,35779750,7688750,7478450,0,31492,0,5,0,0,0,0,0,0
35,3939376531,17246,1508450,14484650,36240050,14536750,66769900,66878200,2754,36064150,7916000,7688450,0,31492,0,5,0,0,0,0,0,0
36,2110688546,17247,886350,15223850,36300800,14361650,66772650,66877600,2725,36125250,7748750,7527350,0,31172,0,5,0,0,0,0,0,0
37,2695523007,17248,861700,15450700,37758950,12701450,66772800,66875800,2447,37574550,7769900,7548250,0,31172,0,5,0,0,0,0,0,0
38,744447992,17249,1786550,15297450,36236850,13452700,66773550,66877100,2622,36061100,7857500,7660050,0,31172,0,5,0,0,0,0,0,0
39,3728640411,17250,870650,15177550,36054650,14670100,66772950,66878050,2787,35885350,7671450,7440700,0,31172,0,5,0,0,0,0,0,0
40,618879740,17251,887650,15295150,35911250,14704400,66798450,66903450,2808,35737800,7330700,7127450,0,31172,0,5,0,0,0,0,0,0
41,1239708057,17252,864850,15810550,36154000,13915300,66744700,66849750,2693,35974100,7729200,7526300,0,31172,0,5,0,0,0,0,0,0
42,2429742208,17253,1529450,14514250,36096850,14633400,66773950,66879100,2774,35923250,7901300,7669300,0,31172,0,5,0,0,0,0,0,0
43,412095716,17254,857950,15187600,36336900,14389650,66772100,66877150,2729,36165900,7763350,7534900,0,31172,0,5,0,0,0,0,0,0
44,1226741467,17255,887250,15721800,35890950,14268550,66768550,66874500,2799,35706100,7325250,7133300,0,31172,0,5,0,0,0,0,0,0
45,3288446148,17256,2811450,15782600,36233750,11945650,66773450,66878900,2279,36048750,7953350,7731150,0,31172,0,5,0,0,0,0,0,0
46,1157984843,17257,875100,15149050,36044700,14701850,66770700,66875300,2794,35875650,7677300,7457050,0,31172,0,5,0,0,0,0,0,0
47,3877288378,17258,862400,15284350,44391550,6235950,66774250,66879050,1146,44219050,7752900,7526950,0,31172,0,5,0,0,0,0,0,0
48,4236526315,17259,881150,15429450,36177050,14280600,66768250,66876500,2770,35994150,7753600,7545600,0,31172,0,5,0,0,0,0,0,0
49,533834014,17260,1489900,14533950,36132000,14614500,66770350,66876600,2768,35956800,7899700,7666150,0,31172,0,5,0,0,0,0,0,0
50,1649361089,17261,881650,15234750,36441850,14214350,66772600,66878550,2691,36260400,7675100,7457000,0,31172,0,5,0,0,0,0,0,0
51,2486981906,17262,880900,15591750,36118450,13984400,66575500,67392400,2615,35949250,7800750,7571400,0,31172,0,5,0,0,0,0,0,0
52,1706075277,17263,881800,15315000,37403600,12653800,66254200,66361600,2429,37221100,8737800,8498700,0,31172,0,5,0,0,0,0,0,0
53,267972368,17264,860150,15099150,36522600,14291200,66773100,66878300,2702,36341200,7753800,7535500,0,31172,0,5,0,0,0,0,0,0
54,3895401273,17265,870950,15304700,36397900,14199800,66773350,66876950,2692,36223200,7758150,7529500,0,31172,0,5,0,0,0,0,0,0
55,605985656,17266,858550,15502700,36144000,14265700,66770950,66875650,2768,35969700,7741650,7528450,0,31172,0,5,0,0,0,0,0,0
56,4077673024,17267,1516750,14543900,36963750,13747500,66771900,66878450,2705,36219800,8216050,7981950,0,30852,0,5,0,0,0,0,0,0
57,985632231,17268,898350,15288750,36019950,14567350,66774400,66877850,2767,35845200,7614850,7393250,0,30852,0,5,0,0,0,0,0,0
58,3720590956,17269,911500,15491950,35759050,14976300,67138800,67244050,2844,35582650,7311400,7113250,0,30852,0,5,0,0,0,0,0,0
59,3264032585,17270,912700,15328500,36320600,13841350,66403150,66510050,2691,36144700,8062250,7856750,0,30852,0,5,0,0,0,0,0,0
60,395405688,17271,1582600,14472900,38200300,12512900,66768700,66873750,2425,38024400,7409150,7217450,0,30852,0,5,0,0,0,0,0,0
61,32142420,17272,888850,15369850,36314500,14199700,66772900,66878100,2690,36144250,7707000,7478300,0,30852,0,5,0,0,0,0,0,0
62,1187067055,17273,911050,15498100,41928650,8439900,66777700,66883000,1267,41745400,13510950,13273450,0,30852,0,5,0,0,0,0,0,0
63,459140908,17274,1459450,14630700,36026950,14630450,66747550,66871000,2771,35852400,7840200,6753800,0,30852,0,5,0,0,0,0,0,0
64,3369786495,17275,914050,15248900,35999850,14610700,66773500,66878600,2778,35823950,7611850,7389450,0,30852,0,5,0,0,0,0,0,0
65,1572434254,17276,898500,15438250,35702050,15255300,67294100,67399700,2844,35525300,7270250,7059950,0,30852,0,5,0,0,0,0,0,0
66,4107798823,17277,921350,15278500,36168400,13879850,66248100,66356150,2713,35988900,7806650,7605650,0,30852,0,5,0,0,0,0,0,0
67,343968250,17278,1571100,14549450,36046600,14604000,66771150,66879100,2492,35871950,7701500,7466500,0,30852,0,5,0,0,0,0,0,0
68,3102454017,17279,944650,15301050,36203350,14306400,66755450,66873100,2714,36014300,7699550,7493550,0,30852,0,5,0,0,0,0,0,0
69,3051095563,17280,891500,15880000,35762800,14238400,66772700,66878100,2755,35586650,7264800,7063600,0,30852,0,5,0,0,0,0,0,0
70,2391331016,17281,1417450,14492300,36039850,14821400,66771000,66877500,2813,35861500,7850700,7609400,0,30852,0,5,0,0,0,0,0,0
71,3869016117,17282,905100,15194950,36111100,14560100,66771250,66877600,2768,35933500,7638000,7400500,0,30852,0,5,0,0,0,0,0,0
72,1579800804,17283,907850,15795600,36060250,14093700,66857400,66965250,2642,35886150,7704250,7492000,0,30852,0,5,0,0,0,0,0,0
73,2792341157,17284,890200,15309400,35955750,14525350,66680700,66787300,2859,35787250,7744250,6858800,0,30852,0,5,0,0,0,0,0,0
74,714702942,17285,1547050,14527000,36080800,14614250,66769100,66876050,2770,35906400,7691600,7458500,0,30852,0,5,0,0,0,0,0,0
75,1092538936,17286,916650,15349750,38520450,11280600,66067450,66877000,2155,38339550,7331850,6567850,0,30852,0,5,0,0,0,0,0,0
76,1561271239,17287,909950,15523700,35825850,14510450,66769950,66878950,2819,35652100,7352600,7144300,0,31172,0,5,0,0,0,0,0,0
77,3798074098,17288,905500,14564500,36675000,14204600,66349600,66877050,2799,35192850,7007600,6789750,0,31172,0,5,0,0,0,0,0,0
78,3022639071,17289,911100,22834100,36672750,6355200,66773150,66877150,1160,36483500,7824550,7604100,0,31172,0,5,0,0,0,0,0,0
79,2282770062,17290,891300,15510150,35783950,14584150,66769550,66878600,2745,35611700,7376350,7152900,0,30852,0,5,0,0,0,0,0,0
80,1626512457,17291,924600,15375650,36179700,14285900,66765850,66873800,2802,36002900,7788950,7579550,0,30852,0,5,0,0,0,0,0,0
81,3156888026,17292,1479600,14551650,36347300,14396250,66774800,66879000,2719,36161050,6923450,6722850,0,30852,0,5,0,0,0,0,0,0
82,3038824309,17293,906550,15227400,36021700,14616050,66771700,66875500,2780,35846800,7643750,7436550,0,30852,0,5,0,0,0,0,0,0
83,1261846460,17294,886150,15505300,38109650,12585600,67086700,67193400,2294,37928250,7733000,6799000,0,30852,0,5,0,0,0,0,0,0
84,2035201521,17295,902300,14529100,36911550,14112700,66455650,66561600,2776,36003700,7572250,7343750,0,30852,0,5,0,0,0,0,0,0
85,2164446652,17296,896100,15085500,36011800,14782800,66776200,66879900,2813,35837500,7610800,7372150,0,30852,0,5,0,0,0,0,0,0
86,2017191835,17297,917150,15453700,36008700,14390400,66769950,66875300,2703,35835400,7586600,6785600,0,30852,0,5,0,0,0,0,0,0
87,3029138484,17298,906250,15404900,36555150,13903300,66769600,66876550,2695,36364750,8091200,7882400,0,30852,0,5,0,0,0,0,0,0
88,50355403,17299,1481250,14494850,35981000,14815200,66772300,66879400,2815,35807150,7658100,7421050,0,30852,0,5,0,0,0,0,0,0
89,654213990,17300,898000,17714050,36105900,12051550,66769500,66874800,2326,35918950,7549550,7341700,0,30852,0,5,0,0,0,0,0,0
90,2360099787,17301,902350,15470000,35755100,15855300,67982750,68088050,2631,35578150,7316200,7104450,0,30852,0,5,0,0,0,0,0,0
91,2424818746,17302,922400,15411000,36001550,13216500,65551450,65666650,2567,35825350,7365200,7157600,0,30852,0,5,0,0,0,0,0,0
92,1971386461,17303,1623900,14499200,36049150,14595750,66768000,66875050,2770,35877050,7637350,7409000,0,30852,0,5,0,0,0,0,0,0
93,3386045126,17304,900100,15457850,44103750,6311600,66773300,66878500,1064,43935900,7743900,7511400,0,30852,0,5,0,0,0,0,0,0
94,1429641961,17305,926200,15280250,36241700,14319750,66767900,66878150,2806,36050450,7785350,7580500,0,30852,0,5,0,0,0,0,0,0
95,3022846880,17306,1381700,14536800,35984150,14867500,66770150,66878700,2828,35817150,7666550,6734850,0,30852,0,5,0,0,0,0,0,0
96,1601897261,17307,907900,15214250,35969300,14676550,66768000,66874500,2795,35798800,7571700,7350350,0,30852,0,5,0,0,0,0,0,0
97,1229951528,17308,894100,15790550,36067600,14045200,66797450,66905050,2624,35893900,7597150,6810050,0,30852,0,5,0,0,0,0,0,0
98,4065171759,17309,942750,15458800,37929600,11684850,66016000,66848100,2224,37745050,7765950,7547850,0,30852,0,5,0,0,0,0,0,0
99,1034325744,17310,1549150,14529650,35982100,14711050,66771950,66881000,2796,35807300,7648100,7415200,0,30852,0,5,0,0,0,0,0,0
100,14078671,17311,905500,15719450,35902750,14242500,66770200,66877100,2670,35719850,7614350,7399150,0,31172,0,5,0,0,0,0,0,0
101,4024270554,17312,888950,15344200,36206550,14330700,66770400,66875550,2810,36021600,7712900,7499700,0,31172,0,5,0,0,0,0,0,0
102,896191351,17313,1385850,14586200,36043850,14753650,66769550,66875400,2796,35134450,7011950,6809400,0,31172,0,5,0,0,0,0,0,0
103,2131384102,17314,894550,15206050,36453900,14216750,66771250,66876600,2688,36277550,7701600,7486750,0,30852,0,5,0,0,0,0,0,0
104,2586210593,17315,897250,15469850,35795100,14610700,66772900,66879550,2745,35617500,7381050,7176200,0,30852,0,5,0,0,0,0,0,0
105,591918370,17316,886600,15246250,35955400,14683300,66771550,66877300,2897,35772700,7608200,7406650,0,30852,0,5,0,0,0,0,0,0
106,8814317,17317,1531250,14504950,38464700,12273700,66774600,66878100,2359,38280650,7414650,7203250,0,30852,0,5,0,0,0,0,0,0
107,2340504196,17318,885550,15392550,35900000,14591700,66769800,66877200,2747,35724200,7692850,7465600,0,30852,0,5,0,0,0,0,0,0
108,3523076009,17319,910250,15317200,43646550,7267200,67141200,67248100,1380,43462050,7749250,7529500,0,30852,0,5,0,0,0,0,0,0
109,1961669028,17320,891550,14577350,37265900,13665750,66400550,66506650,2674,36364550,7658050,7436150,0,30852,0,5,0,0,0,0,0,0
110,1037581603,17321,904500,15086850,36007750,14772350,66771450,66876850,2813,35831150,7671400,7457350,0,30852,0,5,0,0,0,0,0,0
111,2701024588,17322,884300,15526100,36019850,14336700,66766950,66874100,2684,35854150,7614050,7385950,0,30852,0,5,0,0,0,0,0,0
112,215037203,17323,909750,15303050,36487700,14069100,66769600,66876450,2763,36309800,7674850,7455800,0,30852,0,5,0,0,0,0,0,0
113,3696282862,17324,1448550,14548700,36043700,14733850,66774800,66879700,2467,35870200,7709550,7488950,0,30852,0,5,0,0,0,0,0,0
114,2829142928,17325,947850,15396450,35837300,14583500,66765100,66878050,2743,35657550,7613500,7393150,0,30852,0,5,0,0,0,0,0,0
115,3204762949,17326,903650,15328550,36269350,14493350,66994900,67102900,2743,36091550,7837600,7630450,0,30852,0,5,0,0,0,0,0,0
116,3297489190,17327,921150,14539500,36649250,14433450,66543350,66650550,2853,35170050,7036700,6838650,0,30852,0,5,0,0,0,0,0,0
117,1691704917,17328,1578350,14487400,36121200,14584000,66770950,66874700,2769,35953000,7721750,7487200,0,30852,0,5,0,0,0,0,0,0
118,663957814,17329,912500,15430650,35954000,14474500,66771650,66877900,2627,35780750,7627600,7407150,0,30852,0,5,0,0,0,0,0,0
119,3058583827,17330,899300,15331950,36257450,14275500,66764200,66876450,2806,36075200,7710600,7499250,0,30852,0,5,0,0,0,0,0,0
120,838545270,17331,1445100,14527550,36107800,14686800,66767250,66877850,2784,35925400,6992400,6771000,0,30852,0,5,0,0,0,0,0,0
121,3608912039,17332,1797250,14750450,38769150,10747050,66063900,66878800,1937,38593500,7766600,7547000,0,30852,0,5,0,0,0,0,0,0
122,4080159716,17333,917900,15305150,35896200,14742900,66862150,66971650,2814,35718600,7458150,7254100,0,30852,0,5,0,0,0,0,0,0
123,1056027075,17334,902200,14567450,36942600,14264400,66676650,66786850,2694,36055250,7677900,7469050,0,30852,0,5,0,0,0,0,0,0
124,4057021248,17335,7535400,15862250,36124300,7239900,66761850,66871000,1357,35941500,7785500,7566700,0,31172,0,5,0,0,0,0,0,0
125,2686741161,17336,884500,15814900,35891900,14178550,66769850,66877550,2648,35715200,7617200,7397850,0,31172,0,5,0,0,0,0,0,0
126,3870849660,17337,901700,15283300,36164700,14425050,66774750,66880100,2837,35978300,7583050,7371300,0,31172,0,5,0,0,0,0,0,0
127,293449641,17338,1386250,14528550,35965050,14887200,66767050,66873550,2831,35789400,6963350,6738700,0,30852,0,5,0,0,0,0,0,0
128,596064266,17339,912250,15634950,35906750,14317650,66771600,66876600,2684,35729150,7645750,7428850,0,30852,0,5,0,0,0,0,0,0
129,3715495249,17340,901500,15846950,37284100,12742700,66775250,66880150,2361,37097450,7829900,7597650,0,30852,0,5,0,0,0,0,0,0
130,244680018,17341,907950,14525200,36653550,14684250,66770950,66876500,2904,35208900,7011900,6812800,0,30852,0,5,0,0,0,0,0,0
131,4080661783,17342,1537100,14548600,36412750,14273650,66772100,66877250,2687,36220300,6928150,6724150,0,30852,0,5,0,0,0,0,0,0
132,4006730450,17343,901700,15392350,35869450,14607900,66771400,66876450,2745,35688550,7632900,7423450,0,30852,0,5,0,0,0,0,0,0
133,3864584507,17344,893450,15334850,35938650,14607350,66774300,66879400,2879,35758050,7359650,7149300,0,30852,0,5,0,0,0,0,0,0
134,2711027320,17345,915650,14563450,37215350,13665300,66359750,66875500,2673,36307000,7603550,7391300,0,30852,0,5,0,0,0,0,0,0
135,4099079087,17346,886250,15290750,35870700,14721300,66769000,66875650,2771,35698100,7599050,7377200,0,30852,0,5,0,0,0,0,0,0
136,565333772,17347,904850,15275300,35993500,14596600,66770250,66876700,2439,35810900,7521200,7310550,0,30852,0,5,0,0,0,0,0,0
137,1028518269,17348,919650,15398800,36402050,14048200,66768700,66880050,2759,36221950,7413000,7196750,0,30852,0,5,0,0,0,0,0,0
138,2252688136,17349,1508650,14481650,35982550,14796050,66768900,66874650,2812,35804500,7665300,7428650,0,30852,0,5,0,0,0,0,0,0
139,578597309,17350,906300,15434750,43677150,6750050,66768250,66877000,1249,43501650,7776950,7545300,0,30852,0,5,0,0,0,0,0,0
140,3624439358,17351,925300,15284200,36325250,14539450,67074200,67182600,2773,36159100,7391600,7182800,0,30852,0,5,0,0,0,0,0,0
141,3514067501,17352,901550,14556300,36012100,14999300,66469250,66575150,2851,35121750,6977650,6777650,0,30852,0,5,0,0,0,0,0,0
142,2741972910,17353,907300,15209250,35849150,14803350,66769050,66873950,2789,35680850,7602300,7373600,0,30852,0,5,0,0,0,0,0,0
143,28497579,17354,904850,15272700,36188750,14402850,66769150,66878100,2718,36010600,7777200,7548450,0,30852,0,5,0,0,0,0,0,0
144,466729326,17355,945050,15469750,38003750,11640400,66058950,66877550,2209,37822350,7020950,6823650,0,30852,0,5,0,0,0,0,0,0
145,3425349295,17356,1449000,14519250,35998000,14802500,66768750,66875050,2814,35825750,7649450,7406900,0,30852,0,5,0,0,0,0,0,0
146,1537640620,17357,913750,15404650,35772550,14681050,66772000,66876900,2660,35597700,7557350,7340150,0,30852,0,5,0,0,0,0,0,0
147,1853842891,17358,904200,15344850,35914800,14769850,66933700,67043300,2831,35735500,7280000,7069950,0,30852,0,5,0,0,0,0,0,0
148,1177024904,17359,915850,14560300,36955850,14177300,66609300,66716100,2375,36051900,7659600,7452900,0,31172,0,5,0,0,0,0,0,0
149,4106734849,17360,1650900,14698550,35974800,14439350,66763600,66875000,2637,35798100,7694500,7470650,0,31172,0,5,0,0,0,0,0,0
150,2025356500,17361,910150,15281200,36313900,14263100,66768350,66876200,2699,36145050,7840850,7612700,0,31172,0,5,0,0,0,0,0,0
151,2189605121,17362,903800,15333500,36133650,14398600,66769550,66877900,2833,35957550,7559050,7345600,0,30852,0,5,0,0,0,0,0,0
152,4086136290,17363,1403750,16824500,36286100,12253450,66767800,66874300,2357,36099800,7647850,7436300,0,30852,0,5,0,0,0,0,0,0
153,4036669705,17364,895600,15820900,35933350,14122300,66772150,66877950,2629,35751500,7691500,7470750,0,30852,0,5,0,0,0,0,0,0
154,4167980074,17365,903550,15282900,43622450,6992250,66801150,66906850,1318,43433550,7556150,7347350,0,30852,0,5,0,0,0,0,0,0
155,51187407,17366,902100,14554000,36722050,14565150,66743300,66850600,2876,35826550,7617950,7413500,0,30852,0,5,0,0,0,0,0,0
156,2242638442,17367,1572900,14960550,35943200,14294250,66770900,66876100,2670,35763550,6959750,6769150,0,30852,0,5,0,0,0,0,0,0
157,2730108163,17368,898500,15276450,36182950,14416050,66773950,66876850,2733,36014600,7837800,7610850,0,30852,0,5,0,0,0,0,0,0
158,2718743917,17369,922200,15290250,36098000,14461250,66771700,66876900,2843,35913850,7572350,7367650,0,30852,0,5,0,0,0,0,0,0
159,3391709842,17370,1378000,14537100,37218550,13637700,66771350,66878250,2330,37041350,7656350,7443800,0,30852,0,5,0,0,0,0,0,0
160,1164604273,17371,939000,15300700,35864750,14658600,66763050,66875700,2750,35676650,7626600,7402150,0,30852,0,5,0,0,0,0,0,0
161,2148591176,17372,894600,15313100,35962500,14601000,66771200,66877600,2768,35785900,7392000,7171850,0,30852,0,5,0,0,0,0,0,0
162,4192737573,17373,915850,15231850,36585400,14035450,66768550,66875300,2754,36408100,7671350,7463150,0,30852,0,5,0,0,0,0,0,0
163,535584840,17374,1518050,14708450,35959000,14584300,66769800,66877900,2736,35784850,7686150,7465850,0,30852,0,5,0,0,0,0,0,0
164,3430794475,17375,914450,15261500,36052200,14540050,66768200,66875550,2758,35876200,7832000,7614600,0,30852,0,5,0,0,0,0,0,0
165,776323552,17376,905550,15319150,36378250,14540700,67143650,67251900,2771,36202700,7388100,7182450,0,30852,0,5,0,0,0,0,0,0
166,3330991427,17377,902600,14540950,36672850,14281550,66397950,66505100,2819,35165900,7022350,6826700,0,30852,0,5,0,0,0,0,0,0
167,3282074430,17378,890500,15311250,38406100,12161250,66769100,66876650,2312,38230200,7309450,7103400,0,30852,0,5,0,0,0,0,0,0
168,2597814595,17379,907950,15332050,36528050,13998800,66766850,66877050,2650,36348950,7651100,7428550,0,30852,0,5,0,0,0,0,0,0
169,2225601370,17380,890100,15358400,36275950,16435650,68960100,69066550,2016,36095700,7673750,7459750,0,30852,0,5,0,0,0,0,0,0
170,3716853465,17381,956900,16505850,35919200,11183050,64565000,64686250,2091,35728700,7720150,7512000,0,30852,0,5,0,0,0,0,0,0
171,1080675697,17382,913250,15081200,35622450,15154650,66771550,66878150,2881,35450300,7657850,7450600,0,30212,0,5,0,0,0,0,0,0
172,219920238,17383,919600,15144200,35870950,15078400,67013150,67119900,2897,35696700,7612200,7402950,0,30212,0,5,0,0,0,0,0,0
173,3070385651,17384,894950,14407450,35673150,15555750,66531300,66636650,2978,35505900,7686850,7449500,0,30212,0,5,0,0,0,0,0,0
174,2609556270,17385,1581050,14460650,35514400,15212150,66768250,66873800,2788,35345400,7547400,7331950,0,30212,0,5,0,0,0,0,0,0
175,141401383,17386,902700,16818300,35720800,13327550,66769350,66879150,2497,35539900,7596950,7373750,0,30212,0,5,0,0,0,0,0,0
176,3034105280,17387,905750,15061150,35079150,15726200,66772250,66879000,2999,34912100,6962950,6762900,0,30212,0,5,0,0,0,0,0,0
177,3029196371,17388,1431050,14527300,35522800,15289300,66770450,66875800,2829,35362400,7633350,7400750,0,30212,0,5,0,0,0,0,0,0
178,699378668,17389,915650,15112500,35256900,15482600,66767650,66875500,2967,35088150,7387400,6462300,0,30212,0,5,0,0,0,0,0,0
179,2402609405,17390,895450,15159400,35760350,15049200,66864400,66971150,2893,35579000,7474000,7266900,0,30212,0,5,0,0,0,0,0,0
CSV_END

STUDY_DONE_b50a2b5cc909=0
# 