/tmp/app --transport apb --state-frame 3600 --frames 180 --warmup 30 --wait spin --profile detailed --csv /tmp/transport-frames.csv && printf "CSV_BEGIN\n" && cat /tmp/transport-frames.csv && printf "CSV_END\n"; study_status=$?; printf "\nSTUDY_DONE_8c6b476d23ce=%s\n" "$study_status"
TRANSPORT mode=apb dma_minimum=64
BEGIN_BREAKOUT frames=180 warmup=30 fixed=0 blocks=40 tiles=1 hud=1 wait=spin replay=0 state_frame=3600 profile=detailed pixel_centers=1 clock_call_ns=6040
HW_COUNTERS unavailable
RESULT frames=180 elapsed_s=9.028374400 fps=19.937144 logic_ms=0.795420 api_ms=11.872341 swap_ms=25.027411 wait_ms=12.316270 worker_inclusive_ms=24.808405 upload_inclusive_ms=5.492850 write_ms=5.273534 bytes_per_frame=18724.00 p50_ms=50.157900 p95_ms=50.379050 max_ms=50.717150 late_60hz=180 first_count=22775 last_count=22954 state_hash=3933ec17 remaining=6 score=340
RENDER_PATH retained=0 grouped=0 quads=7380 full_frames=180
BREAKOUT_PASS
CSV_BEGIN
frame,state_hash,display_count,logic_ns,api_ns,swap_ns,wait_ns,total_ns,completion_interval_ns,polls,worker_inclusive_ns,upload_inclusive_ns,write_ns,read_ns,write_bytes,read_bytes,write_calls,read_calls,dma_copy_ns,dma_launch_ns,dma_completion_wait_ns,dma_bytes,dma_lists
0,3653798554,22775,1279000,10919700,25502800,12405850,50107350,50118050,2365,25307800,5916050,5704650,0,18692,0,5,0,0,0,0,0,0
1,4254654458,22776,671400,11736750,24404700,13241900,50054750,50158750,2535,24218000,4988500,4805300,0,18692,0,5,0,0,0,0,0,0
2,258432485,22777,1150350,10929450,25069250,12899150,50048200,50156050,2482,24197000,5880600,5676600,0,18692,0,5,0,0,0,0,0,0
3,872827290,22778,673500,11705150,24380250,13700600,50459500,50568850,2554,24191400,5067100,4884750,0,18692,0,5,0,0,0,0,0,0
4,30312805,22779,671050,11765750,24443250,12756150,49636200,49745750,2477,24250200,5544750,5340050,0,18692,0,5,0,0,0,0,0,0
5,4016430808,22780,693750,11912350,25424950,11284200,49315250,50158250,2161,25239100,6026450,5824950,0,18692,0,5,0,0,0,0,0,0
6,3012967645,22781,666100,11978800,24202550,13211200,50058650,50159950,2573,24009250,5623050,5409250,0,18692,0,5,0,0,0,0,0,0
7,3593359732,22782,683650,14396400,24335800,10636000,50051850,50158850,2006,24140650,4887450,4697100,0,18692,0,5,0,0,0,0,0,0
8,2714884843,22783,675000,11973850,24368400,13035350,50052600,50156200,2530,24170950,4703100,4533950,0,19012,0,5,0,0,0,0,0,0
9,1754706848,22784,681400,11774000,25334550,12268800,50058750,50159950,2376,25147500,5958250,5755150,0,19012,0,5,0,0,0,0,0,0
10,634139175,22785,671450,11992200,24114000,13272450,50050100,50154650,2578,23919050,4726300,4562050,0,18692,0,5,0,0,0,0,0,0
11,2225001302,22786,1324950,10891450,25379300,12458000,50053700,50160000,2417,25192200,5952750,5756550,0,18692,0,5,0,0,0,0,0,0
12,3881591779,22787,668450,11780250,24409050,13193200,50050950,50157600,2471,24217650,4853150,4664800,0,18692,0,5,0,0,0,0,0,0
13,2688998526,22788,1260750,10946200,25357400,12488550,50052900,50156750,2423,25174150,5924100,5727950,0,18692,0,5,0,0,0,0,0,0
14,3733755993,22789,667450,11766200,24602100,13015750,50051500,50156700,2514,24406900,5056150,4872900,0,18692,0,5,0,0,0,0,0,0
15,4110562030,22790,1132700,11645550,24627800,12647050,50053100,50160050,2452,24438750,5892650,5692800,0,18692,0,5,0,0,0,0,0,0
16,2165534041,22791,666000,19198150,24636300,5877300,50377750,50484600,980,24439200,4968100,4780300,0,18692,0,5,0,0,0,0,0,0
17,51482660,22792,672800,11763150,26600350,10683950,49720250,49828350,2012,26401700,5364300,5180250,0,18692,0,5,0,0,0,0,0,0
18,1808653113,22793,670300,11722000,24716100,12949450,50057850,50161250,2417,24523000,5328850,5134450,0,18692,0,5,0,0,0,0,0,0
19,3012136936,22794,682050,11787600,24420050,13158500,50048200,50154850,2562,24230350,5649900,5456950,0,18692,0,5,0,0,0,0,0,0
20,1547905167,22795,673000,11739800,24735900,12905750,50054450,50159550,2409,24545650,5372100,5186800,0,18692,0,5,0,0,0,0,0,0
21,2010544228,22796,676400,12096850,24218500,13063600,50055350,50158700,2533,24023500,4679300,4512150,0,18692,0,5,0,0,0,0,0,0
22,2331187115,22797,669900,11597000,25368550,12414250,50049700,50158250,2410,25171450,6102000,5904450,0,18692,0,5,0,0,0,0,0,0
23,591091010,22798,673850,11787800,24288150,13299750,50049550,50155850,2586,24096550,4865850,4699450,0,18692,0,5,0,0,0,0,0,0
24,3337222943,22799,1313400,10925100,25333450,12480600,50052550,50160700,2421,25142350,6070250,5871800,0,18692,0,5,0,0,0,0,0,0
25,541067522,22800,674550,12101200,24467950,12806300,50050000,50155300,2436,24280050,5033600,4850100,0,18692,0,5,0,0,0,0,0,0
26,1909576061,22801,1218050,10950200,25160750,12720000,50049000,50157300,2438,24968100,5881600,5675000,0,18692,0,5,0,0,0,0,0,0
27,3576416482,22802,679200,11771400,26981650,10617850,50050100,50158550,2064,26789050,6011850,5822500,0,18692,0,5,0,0,0,0,0,0
28,2786439485,22803,702700,11969250,24274350,11912850,48859150,50159850,2249,24083450,4829450,4650200,0,18692,0,5,0,0,0,0,0,0
29,1931780192,22804,682850,11728700,24987750,12824000,50223300,50328450,2358,24797150,5314700,5129500,0,18692,0,5,0,0,0,0,0,0
30,1799980229,22805,683150,11823350,24401650,12975200,49883350,49986500,2494,24210300,5890800,5678200,0,18692,0,5,0,0,0,0,0,0
31,3538847580,22806,675800,11756700,24650400,12966250,50049150,50158800,2391,24460350,5310450,5126350,0,18692,0,5,0,0,0,0,0,0
32,3831628403,22807,668700,11829400,24394000,13153400,50045500,50155400,2558,24202300,5728250,5527450,0,19012,0,5,0,0,0,0,0,0
33,1903038664,22808,687000,11852200,25810450,11703500,50053150,50156250,2250,25623650,6061600,5867350,0,19012,0,5,0,0,0,0,0,0
34,3410263823,22809,666500,11992950,24200500,13199350,50059300,50162500,2565,24000800,4889750,4724400,0,18692,0,5,0,0,0,0,0,0
35,3263986894,22810,676550,11713550,27164300,10495800,50050200,50153250,1971,26964700,5013450,4842600,0,18692,0,5,0,0,0,0,0,0
36,2175892875,22811,671750,11943250,33168450,4268700,50052150,50158050,794,32968550,5146950,4963650,0,18692,0,5,0,0,0,0,0,0
37,1813748966,22812,1325700,11050000,26925800,10756150,50057650,50161200,1989,26733450,7582450,7382600,0,18692,0,5,0,0,0,0,0,0
38,833434417,22813,687150,11929350,24391750,13040350,50048600,50156050,2521,24198700,4967800,4783450,0,18692,0,5,0,0,0,0,0,0
39,4097282166,22814,1246700,10947300,25354150,12501350,50049500,50156000,2418,24326250,5975450,5780050,0,18692,0,5,0,0,0,0,0,0
40,192773425,22815,666100,11767950,24542400,13078550,50055000,50161150,2526,24354350,5098150,4916900,0,18692,0,5,0,0,0,0,0,0
41,858826700,22816,676550,11616050,24634550,12714700,49641850,50158150,2380,24445500,5929200,5736850,0,18692,0,5,0,0,0,0,0,0
42,1950483681,22817,690400,11732150,24689600,13049100,50161250,50267500,2439,24497100,5314600,4340550,0,18692,0,5,0,0,0,0,0,0
43,575738928,22818,692100,11660750,24559450,13032400,49944700,50047200,2534,24375550,5818500,5612800,0,18692,0,5,0,0,0,0,0,0
44,1359536727,22819,671700,11709550,24759750,12912350,50053350,50158400,2404,24568700,5369600,5178500,0,18692,0,5,0,0,0,0,0,0
45,3117637717,22820,690250,11733450,24490350,13141300,50055350,50159450,2498,24292600,5726500,5520500,0,18692,0,5,0,0,0,0,0,0
46,2557278958,22821,677950,11676750,25406000,12290450,50051150,50156450,2387,24665350,5465500,5278200,0,18692,0,5,0,0,0,0,0,0
47,3928984507,22822,674750,11770800,24283900,13318800,50048250,50156350,2317,24087000,4739700,4577150,0,18692,0,5,0,0,0,0,0,0
48,3279099526,22823,697800,11957050,25451150,11934650,50040650,50159600,2296,25259400,5994700,5788750,0,18692,0,5,0,0,0,0,0,0
49,3402996575,22824,683050,11703750,24194950,13473300,50055050,50158350,2619,23995900,4716500,4548100,0,18692,0,5,0,0,0,0,0,0
50,1848951628,22825,1296350,11895900,24652850,12203400,50048500,50156950,2359,24453650,6138150,5930550,0,18692,0,5,0,0,0,0,0,0
51,3328119971,22826,700050,11887700,24895300,11828850,49311900,50158000,2255,24713000,5550400,5365500,0,18692,0,5,0,0,0,0,0,0
52,536923704,22827,1182650,10902800,25409300,12555500,50050250,50158400,2430,25217500,6091100,5881350,0,18692,0,5,0,0,0,0,0,0
53,991563721,22828,674900,11737800,24424300,13584500,50421500,50524850,2521,24240250,5063900,4878350,0,18692,0,5,0,0,0,0,0,0
54,2482503020,22829,672050,12011150,24266250,12731300,49680750,49787250,2434,24077850,5707600,5509350,0,18692,0,5,0,0,0,0,0,0
55,3320786401,22830,677050,11707300,24616300,13105750,50106400,50214500,2418,24422700,5281750,5101150,0,18692,0,5,0,0,0,0,0,0
56,1307572882,22831,669850,11696800,24555950,13069300,49991900,50107200,1554,24364550,5962400,5754000,0,19012,0,5,0,0,0,0,0,0
57,1045847897,22832,725700,14438150,24555550,10311350,50030750,50155700,1897,24360400,4970600,4790600,0,19012,0,5,0,0,0,0,0,0
58,2886179050,22833,666000,13440300,25091500,10853800,50051600,50154450,2015,24900250,5414250,5225800,0,18692,0,5,0,0,0,0,0,0
59,961732807,22834,665050,11726950,25289500,12368550,50050050,50157800,2377,24551700,5416950,5229750,0,18692,0,5,0,0,0,0,0,0
60,1947062354,22835,662050,11818850,24234300,13337000,50052200,50159600,2595,24030550,4879150,4717800,0,18692,0,5,0,0,0,0,0,0
61,2075511931,22836,670950,11618250,25306750,12455050,50051000,50155950,2417,25123250,5957900,5762600,0,18692,0,5,0,0,0,0,0,0
62,2408546800,22837,669350,11936050,24876050,12574850,50056300,50157600,2422,24686550,5048300,4862950,0,18692,0,5,0,0,0,0,0,0
63,460493639,22838,1300000,11062200,25204750,12485400,50052350,50158300,2420,25018900,5923550,5723450,0,18692,0,5,0,0,0,0,0,0
64,1463678916,22839,667900,11955100,24244250,13188500,50055750,50161800,2554,24053350,4922900,4737300,0,18692,0,5,0,0,0,0,0,0
65,3795713909,22840,1168600,11799000,24517750,12567550,50052900,50156000,2437,24327800,5916100,5721200,0,18692,0,5,0,0,0,0,0,0
66,1056688136,22841,665650,11907000,24582300,13211550,50366500,50471150,2463,24394300,5332600,5143000,0,18692,0,5,0,0,0,0,0,0
67,202923725,22842,674800,11803350,24410600,12852500,49741250,49846100,2499,24229300,5870850,5669600,0,18692,0,5,0,0,0,0,0,0
68,4012539606,22843,670850,11754100,26597850,11030000,50052800,50161100,2106,26402500,5759300,5568000,0,18692,0,5,0,0,0,0,0,0
69,1087445485,22844,676600,11670950,24607650,13093500,50048700,50153550,2548,24428700,5921450,5706300,0,18692,0,5,0,0,0,0,0,0
70,491589414,22845,668150,11724650,24675700,12985400,50053900,50156850,2344,24482700,5323950,5139450,0,18692,0,5,0,0,0,0,0,0
71,1293200275,22846,681200,11784400,24373350,13211700,50050650,50157550,2571,24181150,5578300,4655100,0,18692,0,5,0,0,0,0,0,0
72,1737595726,22847,669000,11613050,25400000,12369100,50051150,50157900,2403,25221400,5411800,5223450,0,18692,0,5,0,0,0,0,0,0
73,2173390039,22848,680750,11790050,24235250,13344650,50050700,50157750,2598,24045300,4705650,4548250,0,18692,0,5,0,0,0,0,0,0
74,2060004372,22849,677000,11473400,25318600,12585350,50054350,50157450,2385,25132550,5947950,5748900,0,18692,0,5,0,0,0,0,0,0
75,668607547,22850,700900,11949200,24871800,11814250,49336150,50157000,2253,24681900,5365500,5182350,0,18692,0,5,0,0,0,0,0,0
76,3409034624,22851,1265950,10914700,25315150,12553300,50049100,50158350,2432,25125100,5930600,5717400,0,18692,0,5,0,0,0,0,0,0
77,66914193,22852,675350,11742000,32122400,5514800,50054550,50155900,1065,31932550,4911350,4736100,0,18692,0,5,0,0,0,0,0,0
78,2553907572,22853,1130650,11672650,26156500,11094750,50054550,50158900,2101,25961000,5073300,4891700,0,18692,0,5,0,0,0,0,0,0
79,890390073,22854,674700,12060650,24788600,12791250,50315200,50420100,2386,24604250,5484050,5288600,0,18692,0,5,0,0,0,0,0,0
80,2223873098,22855,673400,11669250,24633350,12818550,49794550,49897500,2490,24441950,6042300,5838550,0,19012,0,5,0,0,0,0,0,0
81,2336881585,22856,678800,11712800,24673900,12990800,50056300,50159200,2392,24481650,5331750,5148850,0,19012,0,5,0,0,0,0,0,0
82,4135459074,22857,665350,11713750,24418100,13256750,50053950,50157250,2549,24235650,5900050,5693000,0,18692,0,5,0,0,0,0,0,0
83,1986260127,22858,675350,11670100,25654900,12049100,50049450,50155900,2295,25468500,5992550,5800100,0,18692,0,5,0,0,0,0,0,0
84,353344474,22859,663250,11831350,24188900,13370950,50054450,50159050,2570,23999450,5671000,5459900,0,18692,0,5,0,0,0,0,0,0
85,3169575603,22860,679950,11588700,25298850,12484800,50052300,50157450,2393,24540050,5410600,5219650,0,18692,0,5,0,0,0,0,0,0
86,210205944,22861,666500,11785250,24109900,13491500,50053150,50156350,2599,23915300,4833750,4668650,0,18692,0,5,0,0,0,0,0,0
87,1677393503,22862,1322700,10858400,25612000,12255350,50048450,50158400,2339,25427350,5929800,5730300,0,18692,0,5,0,0,0,0,0,0
88,3832728684,22863,666650,11780500,24166200,13441100,50054450,50160350,2274,23979400,4801050,4618050,0,18692,0,5,0,0,0,0,0,0
89,2074852568,22864,1429650,11607350,24528800,12480150,50045950,50157700,2417,24333950,5926350,5729900,0,18692,0,5,0,0,0,0,0,0
90,1464943173,22865,668900,11938450,24391900,13057700,50056950,50158600,2524,24200550,5099450,4912000,0,18692,0,5,0,0,0,0,0,0
91,315990800,22866,1137300,11859050,24579450,12473650,50049450,50156250,2413,24384050,5700200,5502400,0,18692,0,5,0,0,0,0,0,0
92,1451405891,22867,667900,11872700,24541450,13190850,50272900,50379050,2473,24344750,5233650,5047500,0,18692,0,5,0,0,0,0,0,0
93,3196408848,22868,679550,11921900,24274100,12960600,49836150,49939100,2519,24077800,5628100,5434100,0,18692,0,5,0,0,0,0,0,0
94,141073587,22869,673700,11864600,24587000,12923100,50048400,50154700,2410,24393250,5303300,5114000,0,18692,0,5,0,0,0,0,0,0
95,3576439062,22870,676900,11915450,24538150,12919550,50050050,50159050,2493,24345050,5922250,5717050,0,18692,0,5,0,0,0,0,0,0
96,2798564443,22871,677150,11731200,24758400,12885700,50052450,50158650,2403,24566800,5362400,5177950,0,18692,0,5,0,0,0,0,0,0
97,3409362634,22872,682400,11777500,24868700,12725950,50054550,50161750,1211,24679000,5309000,5149750,0,18692,0,5,0,0,0,0,0,0
98,1459202337,22873,1571700,11870450,24438800,11972350,49853300,50717150,2025,24242700,5651400,4726900,0,18692,0,5,0,0,0,0,0,0
99,1984418334,22874,704400,12221850,24800100,11751750,49478100,49595100,2155,24612250,5370000,5183000,0,18692,0,5,0,0,0,0,0,0
100,2690152925,22875,1300150,10887400,25404050,12452700,50044300,50154850,2412,25220300,5948700,5748200,0,18692,0,5,0,0,0,0,0,0
101,2607809844,22876,677850,11762850,24599400,13014650,50054750,50159850,2517,24414100,4969050,4788600,0,18692,0,5,0,0,0,0,0,0
102,3522750362,22877,1237250,10991050,25355400,12466900,50050600,50155900,2412,24433800,5913450,5710250,0,18692,0,5,0,0,0,0,0,0
103,2368404599,22878,686300,11763450,24628750,12978700,50057200,50160350,2511,24441100,5119450,4936150,0,18692,0,5,0,0,0,0,0,0
104,3250007036,22879,681150,11853800,24298600,12515500,49349050,50159100,2422,24110150,5578450,5377900,0,19012,0,5,0,0,0,0,0,0
105,1111684799,22880,687050,11706000,24860300,12957800,50211150,50316300,2422,24674700,5387800,5203350,0,19012,0,5,0,0,0,0,0,0
106,2213018028,22881,671000,11732400,24590250,12897450,49891100,49999500,2508,24402800,6021250,5817500,0,18692,0,5,0,0,0,0,0,0
107,3171439817,22882,682750,11740850,24788500,12839350,50051450,50156500,2392,24603600,5494400,5300150,0,18692,0,5,0,0,0,0,0,0
108,2255827236,22883,672000,12142150,24211550,13023350,50049050,50155800,2530,24019600,5645250,5453950,0,18692,0,5,0,0,0,0,0,0
109,2472184909,22884,677450,12198150,26159050,11021600,50056250,50159400,2101,25973900,5791900,5604300,0,18692,0,5,0,0,0,0,0,0
110,3140412334,22885,657250,11781950,24090400,13523200,50052800,50157500,2608,23898550,5561700,5341600,0,18692,0,5,0,0,0,0,0,0
111,785888721,22886,677450,11535300,24664800,13176750,50054300,50159200,1822,24470900,5386750,5199250,0,18692,0,5,0,0,0,0,0,0
112,1084583170,22887,703800,11849950,24995550,12497600,50046900,50155650,2372,24803800,5088800,4903900,0,18692,0,5,0,0,0,0,0,0
113,4019848443,22888,1329250,10924600,25222600,12578800,50055250,50160900,2411,25050900,5949550,5753050,0,18692,0,5,0,0,0,0,0,0
114,808788421,22889,676300,11821800,24176700,13376450,50051250,50157350,2567,23987300,4755500,4568700,0,18692,0,5,0,0,0,0,0,0
115,3645042740,22890,2713750,11858350,24525850,10950100,50048050,50156800,2042,24341800,5138300,4949250,0,18692,0,5,0,0,0,0,0,0
116,2991496187,22891,662700,11793700,25100550,12491200,50048150,50157650,2402,24917400,5397650,5212100,0,18692,0,5,0,0,0,0,0,0
117,3919662364,22892,668750,11823850,24292400,12711400,49496400,50155200,2467,24104200,5649000,5454000,0,18692,0,5,0,0,0,0,0,0
118,1681074571,22893,679500,19962000,24731350,4801550,50174400,50280550,824,24534800,5428100,5244100,0,18692,0,5,0,0,0,0,0,0
119,4218967458,22894,675000,11963550,26549500,10741000,49929050,50039050,2024,26358050,5416900,5227300,0,18692,0,5,0,0,0,0,0,0
120,625353107,22895,670550,11885000,25556200,11936650,50048400,50154450,2306,25382050,6033100,5293150,0,18692,0,5,0,0,0,0,0,0
121,3717195990,22896,706100,12144350,24562700,11905600,49318750,50161350,2274,24372850,5111550,4931200,0,18692,0,5,0,0,0,0,0,0
122,2425705089,22897,666200,11830950,25249500,12302000,50048650,50153800,2390,24497600,5414950,5219400,0,18692,0,5,0,0,0,0,0,0
123,2555484258,22898,679700,11948750,24042600,13377300,50048350,50158250,2604,23849300,4687900,4528200,0,18692,0,5,0,0,0,0,0,0
124,1141451493,22899,672400,11543600,25636550,12198800,50051350,50157800,2344,25449150,6258150,6061700,0,18692,0,5,0,0,0,0,0,0
125,1505942736,22900,684500,11807000,24407300,13158000,50056800,50159450,2547,24217100,4749550,4570050,0,18692,0,5,0,0,0,0,0,0
126,2491710369,22901,1326050,10970800,25319800,12435700,50052350,50159000,2409,25130650,5921250,5721850,0,18692,0,5,0,0,0,0,0,0
127,2825516936,22902,679900,11795250,24759050,12816600,50050800,50157600,2473,24571100,5108100,4925150,0,18692,0,5,0,0,0,0,0,0
128,809518447,22903,1202100,10984200,25376650,12487750,50050700,50158100,2337,24494800,5979800,5777800,0,19012,0,5,0,0,0,0,0,0
129,1081694344,22904,679250,11788450,26976500,10978950,50423150,50529950,2094,26787850,5910250,5698850,0,19012,0,5,0,0,0,0,0,0
130,3544546839,22905,663700,11735900,24536900,12740600,49677100,49782700,2471,24349500,5825700,5621400,0,18692,0,5,0,0,0,0,0,0
131,2291142598,22906,678850,11734250,24845400,12858900,50117400,50224100,2397,24655000,5388750,5206500,0,18692,0,5,0,0,0,0,0,0
132,3252385439,22907,667700,11718000,24507550,13089700,49982950,50092450,2549,24312100,5806350,5602100,0,18692,0,5,0,0,0,0,0,0
133,1602009306,22908,678050,12089150,25478750,11807400,50053350,50160050,2277,25294950,6079950,5878150,0,18692,0,5,0,0,0,0,0,0
134,2497072261,22909,667300,11869250,24253600,13264600,50054750,50158150,2588,24059200,5721500,5522500,0,18692,0,5,0,0,0,0,0,0
135,3739067406,22910,674450,11674700,25477450,12222400,50049000,50155750,2372,25288600,6153800,5958300,0,18692,0,5,0,0,0,0,0,0
136,1716074641,22911,667700,11878550,24197400,13311050,50054700,50160650,2593,24005850,4896550,4735200,0,18692,0,5,0,0,0,0,0,0
137,3982919220,22912,673900,11873100,25490350,12013200,50050550,50157050,2317,25302150,6128300,5921050,0,18692,0,5,0,0,0,0,0,0
138,2723337005,22913,669550,11833750,32424900,5124150,50052350,50157050,983,32234050,4810850,4628050,0,18692,0,5,0,0,0,0,0,0
139,733376204,22914,1300100,10963250,25326600,12458000,50047950,50155800,2048,25141050,5994850,5792350,0,18692,0,5,0,0,0,0,0,0
140,43915006,22915,704950,11879750,24389550,13073450,50047700,50162050,2490,24201200,5016700,4056050,0,18692,0,5,0,0,0,0,0,0
141,2309932913,22916,1165200,11683650,24682450,12517700,50049000,50154100,2388,24497000,5720750,5525750,0,18692,0,5,0,0,0,0,0,0
142,1653305798,22917,667050,11820000,24391900,13527150,50406100,50511050,2507,24202600,5110050,4918950,0,18692,0,5,0,0,0,0,0,0
143,145291823,22918,682350,11774750,24373650,12867300,49698050,49806700,2468,24185150,5803900,5609900,0,18692,0,5,0,0,0,0,0,0
144,3013902878,22919,696650,11829700,25423250,11509400,49459000,50297600,2181,25239200,6090300,5885750,0,18692,0,5,0,0,0,0,0,0
145,2859971923,22920,668700,11843050,24484650,12918450,49914850,50019600,2506,24294150,4733100,4571250,0,18692,0,5,0,0,0,0,0,0
146,3026746148,22921,668050,11926700,24690000,12765000,50049750,50155550,2377,24503850,5442950,5254450,0,18692,0,5,0,0,0,0,0,0
147,736325239,22922,685250,11975400,24251150,13134400,50046200,50156000,2552,24057150,4844100,4680600,0,18692,0,5,0,0,0,0,0,0
148,2759885216,22923,672650,11818150,25255700,12308450,50054950,50161050,2383,25062150,6025850,5824250,0,18692,0,5,0,0,0,0,0,0
149,1930007773,22924,674450,11986500,24518150,12875100,50054200,50157350,2487,24326900,4747950,4569650,0,18692,0,5,0,0,0,0,0,0
150,4233548434,22925,673000,13955550,24303850,11121350,50053750,50158750,2107,24115050,4851950,4655100,0,19012,0,5,0,0,0,0,0,0
151,3821597075,22926,679200,11919100,24752850,12701800,50052950,50158000,2450,24566200,5157200,4975650,0,19012,0,5,0,0,0,0,0,0
152,1056834796,22927,1276700,10909850,25429300,12430750,50046600,50154900,2408,25241700,5983650,5781800,0,19012,0,5,0,0,0,0,0,0
153,2756113825,22928,672850,11783500,24713050,12885100,50054500,50161050,2400,24528050,5123950,4941550,0,18692,0,5,0,0,0,0,0,0
154,2193869574,22929,1128250,11652700,24553200,12714600,50048750,50155050,2467,24360850,5885550,5688000,0,18692,0,5,0,0,0,0,0,0
155,39089791,22930,682700,11743600,24902800,12999800,50328900,50433450,2430,24711250,5390200,5202050,0,18692,0,5,0,0,0,0,0,0
156,1158667078,22931,674650,11749100,24431900,12924000,49779650,49885550,2513,24241750,5713250,5517650,0,18692,0,5,0,0,0,0,0,0
157,4085879547,22932,683200,11743350,24888250,12795650,50110450,50214950,2307,24700100,5382550,5195800,0,18692,0,5,0,0,0,0,0,0
158,313686028,22933,686750,11842650,24369400,13360200,50259000,50361600,2073,24172550,5625200,5428000,0,18692,0,5,0,0,0,0,0,0
159,3216587021,22934,717450,15323950,24896000,8833050,49770450,49892800,1613,24709900,5432250,5238550,0,18692,0,5,0,0,0,0,0,0
160,876009466,22935,676400,13317650,25943200,10116550,50053800,50158500,1995,25755300,6072450,5865200,0,18692,0,5,0,0,0,0,0,0
161,981002535,22936,688350,11675250,25381000,12309500,50054100,50158600,2384,25196550,5970800,5775000,0,18692,0,5,0,0,0,0,0,0
162,47529864,22937,668300,12171250,24518100,12697550,50055200,50159500,2450,24325600,4971450,4787750,0,18692,0,5,0,0,0,0,0,0
163,868088385,22938,1311600,10898400,25447550,12394950,50052500,50158500,2405,25255300,6111500,5912650,0,18692,0,5,0,0,0,0,0,0
164,2331947246,22939,665050,11807250,24241400,13335350,50049050,50156400,2588,24050650,4867600,3833100,0,18692,0,5,0,0,0,0,0,0
165,2168054517,22940,1271800,10951600,25353250,12472300,50048950,50155450,2416,25160200,6052600,5850800,0,18692,0,5,0,0,0,0,0,0
166,3926666066,22941,671700,12146550,24332150,12906650,50057050,50161500,2457,24143850,5118000,4930050,0,18692,0,5,0,0,0,0,0,0
167,1177610667,22942,1145250,11643250,24450250,12810900,50049650,50155950,2454,24256050,5884000,5690400,0,18692,0,5,0,0,0,0,0,0
168,3782405190,22943,677650,11735650,24277200,13580150,50270650,50376900,2520,24076200,5085250,4902750,0,18692,0,5,0,0,0,0,0,0
169,916405275,22944,680250,11712300,24442050,12999500,49834100,49939300,2492,24254750,5898850,5699650,0,18692,0,5,0,0,0,0,0,0
170,1596582148,22945,672600,11756500,26913000,10710800,50052900,50157800,1996,26717600,4817500,4652600,0,18692,0,5,0,0,0,0,0,0
171,4199562603,22946,689950,11749450,24366150,13244450,50050000,50156350,2551,24172900,5757100,5557100,0,18692,0,5,0,0,0,0,0,0
172,3017986708,22947,672900,11739700,24536450,13101050,50050100,50158550,2418,24344200,5356950,5167850,0,18692,0,5,0,0,0,0,0,0
173,2654286289,22948,679450,11820650,24171850,13380100,50052050,50159650,2606,23978700,5534750,5334300,0,18692,0,5,0,0,0,0,0,0
174,1031695476,22949,669800,11772400,25632550,11978150,50052900,50156100,2309,25447300,5946200,5739150,0,19012,0,5,0,0,0,0,0,0
175,2959877989,22950,676250,11911000,24242300,13224350,50053900,50158750,2565,24050000,4736200,3848900,0,19012,0,5,0,0,0,0,0,0
176,1566373458,22951,1296250,11082650,25240250,12432100,50051250,50159050,2405,25046400,5944150,5737800,0,19012,0,5,0,0,0,0,0,0
177,3017804585,22952,677950,11971900,24429450,12974650,50053950,50156800,2510,24242950,4981300,4802000,0,18692,0,5,0,0,0,0,0,0
178,1442923286,22953,1243100,11809950,24774800,12223050,50050900,50155800,2360,24585750,6264250,6052950,0,18692,0,5,0,0,0,0,0,0
179,959704087,22954,679050,11921950,32589850,4863350,50054200,50159800,925,32402300,5144800,4970200,0,18692,0,5,0,0,0,0,0,0
CSV_END

STUDY_DONE_8c6b476d23ce=0
# 