/tmp/app --transport apb --state-frame 0 --frames 180 --warmup 30 --wait spin --profile detailed --csv /tmp/transport-frames.csv --replay && printf "CSV_BEGIN\n" && cat /tmp/transport-frames.csv && printf "CSV_END\n"; study_status=$?; printf "\nSTUDY_DONE_7d6a86a27a0e=%s\n" "$study_status"
TRANSPORT mode=apb dma_minimum=64
BEGIN_BREAKOUT frames=180 warmup=30 fixed=1 blocks=40 tiles=1 hud=1 wait=spin replay=1 state_frame=0 profile=detailed pixel_centers=1 clock_call_ns=5575
HW_COUNTERS unavailable
RESULT frames=180 elapsed_s=3.059818650 fps=58.827016 logic_ms=0.867356 api_ms=0.013451 swap_ms=11.650128 wait_ms=4.310533 worker_inclusive_ms=0.000000 upload_inclusive_ms=0.000000 write_ms=7.540959 bytes_per_frame=34372.00 p50_ms=16.719250 p95_ms=17.000450 max_ms=33.440600 late_60hz=164 first_count=25349 last_count=25528 state_hash=de3c9d08 remaining=40 score=0
RENDER_PATH retained=0 grouped=0 quads=0 full_frames=0
BREAKOUT_PASS
CSV_BEGIN
frame,state_hash,display_count,logic_ns,api_ns,swap_ns,wait_ns,total_ns,completion_interval_ns,polls,worker_inclusive_ns,upload_inclusive_ns,write_ns,read_ns,write_bytes,read_bytes,write_calls,read_calls,dma_copy_ns,dma_launch_ns,dma_completion_wait_ns,dma_bytes,dma_lists
0,3728514312,25349,748400,12000,11460750,4444000,16665150,16675450,864,0,0,6748000,0,34372,0,5,0,0,0,0,0,0
1,3728514312,25350,729250,7350,11513900,4350850,16601350,16720350,836,0,0,8224750,0,34372,0,5,0,0,0,0,0,0
2,3728514312,25351,779700,12050,11930100,3112500,15834350,16716550,529,0,0,7800150,0,34372,0,5,0,0,0,0,0,0
3,3728514312,25352,740700,7350,11517300,4331450,16596800,16719000,788,0,0,7509950,0,34372,0,5,0,0,0,0,0,0
4,3728514312,25353,1395550,13700,10795700,4636350,16841300,16950400,778,0,0,6838050,0,34372,0,5,0,0,0,0,0,0
5,3728514312,25354,721050,7500,11609950,4039450,16377950,16488400,777,0,0,7580400,0,34372,0,5,0,0,0,0,0,0
6,3728514312,25355,737850,12000,11483000,4378850,16611700,16719250,846,0,0,8135300,0,34372,0,5,0,0,0,0,0,0
7,3728514312,25356,718950,7350,11563200,4323450,16612950,16720500,818,0,0,7639600,0,34372,0,5,0,0,0,0,0,0
8,3728514312,25357,727100,12050,11807200,4066150,16612500,16716350,737,0,0,8576400,0,34372,0,5,0,0,0,0,0,0
9,3728514312,25358,739400,7350,11382600,4478150,16607500,16722950,820,0,0,7458750,0,34372,0,5,0,0,0,0,0,0
10,3728514312,25359,1306250,13650,11739100,3586650,16645650,16754550,659,0,0,6815950,0,34372,0,5,0,0,0,0,0,0
11,3728514312,25360,731000,7500,11587750,4239600,16565850,16681150,814,0,0,6850700,0,34372,0,5,0,0,0,0,0,0
12,3728514312,25361,755500,12000,11621700,4216500,16605700,16719700,806,0,0,8328700,0,34372,0,5,0,0,0,0,0,0
13,3728514312,25362,720700,7350,11585500,4301700,16615250,16719800,796,0,0,7704050,0,34372,0,5,0,0,0,0,0,0
14,3728514312,25363,737600,12000,11553800,4311800,16615200,16718400,474,0,0,6951250,0,34372,0,5,0,0,0,0,0,0
15,3728514312,25364,1842500,7250,11446250,3646950,16942950,17066400,692,0,0,6736000,0,34372,0,5,0,0,0,0,0,0
16,3728514312,25365,741600,12100,11492900,4012500,16259100,16373150,771,0,0,6790800,0,34372,0,5,0,0,0,0,0,0
17,3728514312,25366,726850,7350,11406850,4460950,16602000,16718450,834,0,0,6707550,0,34372,0,5,0,0,0,0,0,0
18,3728514312,25367,740600,12100,11693900,4163850,16610450,16718650,780,0,0,7742950,0,34372,0,5,0,0,0,0,0,0
19,3728514312,25368,723250,7350,11597850,4280700,16609150,16723100,783,0,0,8372400,0,34372,0,5,0,0,0,0,0,0
20,3728514312,25369,731900,12100,11489950,4371850,16605800,16715250,805,0,0,7522000,0,34372,0,5,0,0,0,0,0,0
21,3728514312,25370,1411650,9000,10770700,4420350,16611700,16725500,723,0,0,6760050,0,34372,0,5,0,0,0,0,0,0
22,3728514312,25371,737900,12100,11509200,4349100,16608300,16716800,844,0,0,7453550,0,34372,0,5,0,0,0,0,0,0
23,3728514312,25372,722500,7350,11933950,3935000,16598800,16718500,737,0,0,7968450,0,34372,0,5,0,0,0,0,0,0
24,3728514312,25373,731200,12100,11813500,4050500,16607300,16720400,740,0,0,8539850,0,34372,0,5,0,0,0,0,0,0
25,3728514312,25374,1661950,8800,10732050,3405800,15808600,16715350,585,0,0,6777250,0,34372,0,5,0,0,0,0,0,0
26,3728514312,25375,1439750,13350,10786750,4361950,16601800,16719200,797,0,0,6853750,0,34372,0,5,0,0,0,0,0,0
27,3728514312,25376,719200,7350,11598550,3879050,16204150,16722000,742,0,0,6733600,0,34372,0,5,0,0,0,0,0,0
28,3728514312,25377,740400,12350,11497500,4354900,16605150,16718800,841,0,0,6772000,0,34372,0,5,0,0,0,0,0,0
29,3728514312,25378,718100,7350,11531300,4354650,16611400,16718800,832,0,0,8250450,0,34372,0,5,0,0,0,0,0,0
30,3728514312,25379,724600,12100,11835000,4042950,16614650,16718600,740,0,0,8591550,0,34372,0,5,0,0,0,0,0,0
31,3728514312,25380,735400,7350,11468800,4394650,16606200,16721750,801,0,0,7492100,0,34372,0,5,0,0,0,0,0,0
32,3728514312,25381,1350850,13750,10834750,4495000,16694350,16804000,745,0,0,6812700,0,34372,0,5,0,0,0,0,0,0
33,3728514312,25382,720200,7350,11617150,4173650,16518350,16631700,805,0,0,7585250,0,34372,0,5,0,0,0,0,0,0
34,3728514312,25383,740800,12100,11529650,4327650,16610200,16720850,832,0,0,8205150,0,34372,0,5,0,0,0,0,0,0
35,3728514312,25384,721600,7350,11849900,4029450,16608300,16721700,623,0,0,7663700,0,34372,0,5,0,0,0,0,0,0
36,3728514312,25385,749000,12100,18560500,14003400,33325000,33437400,2743,0,0,8418000,0,34372,0,5,0,0,0,0,0,0
37,3728514312,25386,1208300,9000,10752050,4639650,16609000,16716850,768,0,0,6766700,0,34372,0,5,0,0,0,0,0,0
38,3728514312,25387,739400,12150,11656800,4204150,16612500,16721800,805,0,0,6912900,0,34372,0,5,0,0,0,0,0,0
39,3728514312,25388,726550,7350,11545700,4321150,16600750,16717700,828,0,0,8265000,0,34372,0,5,0,0,0,0,0,0
40,3728514312,25389,727500,12150,11640950,4235550,16616150,16718200,778,0,0,8384700,0,34372,0,5,0,0,0,0,0,0
41,3728514312,25390,729600,7350,11501850,4363000,16601800,16718400,764,0,0,7512200,0,34372,0,5,0,0,0,0,0,0
42,3728514312,25391,1405500,13750,10807750,4574700,16801700,16907950,760,0,0,6822050,0,34372,0,5,0,0,0,0,0,0
43,3728514312,25392,727350,7350,11438550,4242450,16415700,16530500,820,0,0,7412200,0,34372,0,5,0,0,0,0,0,0
44,3728514312,25393,732100,12100,13243350,2627350,16614900,16721550,377,0,0,8163350,0,34372,0,5,0,0,0,0,0,0
45,3728514312,25394,742250,7350,11595900,4262450,16607950,16720350,799,0,0,7681400,0,34372,0,5,0,0,0,0,0,0
46,3728514312,25395,745000,12100,11662200,4193400,16612700,16718250,768,0,0,7005750,0,34372,0,5,0,0,0,0,0,0
47,3728514312,25396,728350,7350,11698600,4163600,16597900,16717250,750,0,0,6815850,0,34372,0,5,0,0,0,0,0,0
48,3728514312,25397,796900,12100,11789800,2550100,15148900,16722450,434,0,0,7794850,0,34372,0,5,0,0,0,0,0,0
49,3728514312,25398,731500,7350,11415500,4444950,16599300,16717500,864,0,0,6713800,0,34372,0,5,0,0,0,0,0,0
50,3728514312,25399,739600,12100,11607200,4251600,16610500,16718150,811,0,0,8311800,0,34372,0,5,0,0,0,0,0,0
51,3728514312,25400,720950,7350,11744500,4138650,16611450,16723200,755,0,0,8504450,0,34372,0,5,0,0,0,0,0,0
52,3728514312,25401,739350,12100,14287600,1557950,16597000,16710450,329,0,0,10299500,0,34372,0,5,0,0,0,0,0,0
53,3728514312,25402,1485750,7250,10726250,4672850,16892100,17000450,779,0,0,6809600,0,34372,0,5,0,0,0,0,0,0
54,3728514312,25403,739200,12100,11704500,3880800,16336600,16444750,744,0,0,6790750,0,34372,0,5,0,0,0,0,0,0
55,3728514312,25404,736600,7350,11410600,4449500,16604050,16718850,860,0,0,6711750,0,34372,0,5,0,0,0,0,0,0
56,3728514312,25405,733400,12100,11665950,4198900,16610350,16717450,785,0,0,7721200,0,34372,0,5,0,0,0,0,0,0
57,3728514312,25406,725600,7350,11796500,4081550,16611000,16722700,737,0,0,7900500,0,34372,0,5,0,0,0,0,0,0
58,3728514312,25407,740900,12300,11468950,4386300,16608450,16716250,807,0,0,7514000,0,34372,0,5,0,0,0,0,0,0
59,3728514312,25408,1261200,9000,11813550,3519050,16602800,16719750,663,0,0,7826150,0,34372,0,5,0,0,0,0,0,0
60,3728514312,25409,739300,12150,11724500,4133300,16609250,16722100,795,0,0,6852650,0,34372,0,5,0,0,0,0,0,0
61,3728514312,25410,729050,7350,11501050,4366800,16604250,16716500,840,0,0,8200250,0,34372,0,5,0,0,0,0,0,0
62,3728514312,25411,733750,12100,11608550,4261700,16616100,16719000,789,0,0,7720550,0,34372,0,5,0,0,0,0,0,0
63,3728514312,25412,730250,7350,11690200,4175950,16603750,16719050,748,0,0,6929850,0,34372,0,5,0,0,0,0,0,0
64,3728514312,25413,1408650,13700,10808450,4736250,16967050,17078050,797,0,0,6848700,0,34372,0,5,0,0,0,0,0,0
65,3728514312,25414,730050,7350,11429300,4084100,16250800,16360750,788,0,0,6759350,0,34372,0,5,0,0,0,0,0,0
66,3728514312,25415,739600,12100,11621950,4240100,16613750,16720200,809,0,0,6908550,0,34372,0,5,0,0,0,0,0,0
67,3728514312,25416,725050,7350,11604250,4270650,16607300,16719400,807,0,0,7641800,0,34372,0,5,0,0,0,0,0,0
68,3728514312,25417,732150,12100,11679150,4191200,16614600,16717800,769,0,0,8437050,0,34372,0,5,0,0,0,0,0,0
69,3728514312,25418,730350,7350,11457550,4412250,16607500,16722850,777,0,0,7492800,0,34372,0,5,0,0,0,0,0,0
70,3728514312,25419,1343400,13750,10803050,4487700,16647900,16758650,741,0,0,6801150,0,34372,0,5,0,0,0,0,0,0
71,3728514312,25420,722800,7350,11432850,4403000,16566000,16680400,797,0,0,6761050,0,34372,0,5,0,0,0,0,0,0
72,3728514312,25421,789200,12100,11779550,3245600,15826450,16719300,534,0,0,8479600,0,34372,0,5,0,0,0,0,0,0
73,3728514312,25422,744100,7350,11605450,4240350,16597250,16719150,788,0,0,7693250,0,34372,0,5,0,0,0,0,0,0
74,3728514312,25423,742800,12100,11602600,4251400,16608900,16715450,781,0,0,6987400,0,34372,0,5,0,0,0,0,0,0
75,3728514312,25424,2724300,11750,11583550,2279600,16599200,16714500,484,0,0,8299150,0,34372,0,5,0,0,0,0,0,0
76,3728514312,25425,748450,12100,11543800,3682550,15986900,16725400,700,0,0,6780700,0,34372,0,5,0,0,0,0,0,0
77,3728514312,25426,724350,7350,11420750,4462600,16615050,16722150,867,0,0,6711450,0,34372,0,5,0,0,0,0,0,0
78,3728514312,25427,737750,12100,11655100,4211700,16616650,16718400,795,0,0,7704850,0,34372,0,5,0,0,0,0,0,0
79,3728514312,25428,722100,7350,11759700,4117900,16607050,16717550,746,0,0,8537750,0,34372,0,5,0,0,0,0,0,0
80,3728514312,25429,744450,12100,11519950,4327350,16603850,16717650,795,0,0,7532800,0,34372,0,5,0,0,0,0,0,0
81,3728514312,25430,1334700,7450,10748750,4646450,16737350,16852700,774,0,0,6809350,0,34372,0,5,0,0,0,0,0,0
82,3728514312,25431,734950,12100,11668750,4064750,16480550,16588650,783,0,0,6783800,0,34372,0,5,0,0,0,0,0,0
83,3728514312,25432,739700,7350,11441750,4414000,16602800,16718450,851,0,0,8136400,0,34372,0,5,0,0,0,0,0,0
84,3728514312,25433,735600,12100,11991700,3874950,16614350,16718850,702,0,0,8701100,0,34372,0,5,0,0,0,0,0,0
85,3728514312,25434,737650,7350,11748750,4114300,16608050,16720550,743,0,0,7072100,0,34372,0,5,0,0,0,0,0,0
86,3728514312,25435,754500,640050,10780750,4436200,16611500,16719450,818,0,0,7531550,0,34372,0,5,0,0,0,0,0,0
87,3728514312,25436,1200800,9000,10748250,4642900,16600950,16719100,771,0,0,6765400,0,34372,0,5,0,0,0,0,0,0
88,3728514312,25437,738000,12100,11718450,4143350,16611900,16717750,796,0,0,6834350,0,34372,0,5,0,0,0,0,0,0
89,3728514312,25438,725350,7350,11533200,4349550,16615450,16721300,835,0,0,8238900,0,34372,0,5,0,0,0,0,0,0
90,3728514312,25439,732100,12100,11636500,4237800,16618500,16719700,779,0,0,8371700,0,34372,0,5,0,0,0,0,0,0
91,3728514312,25440,728650,7350,11654600,4212250,16602850,16718450,752,0,0,7646700,0,34372,0,5,0,0,0,0,0,0
92,3728514312,25441,1405750,13900,10803050,4606350,16829050,16938950,768,0,0,6832050,0,34372,0,5,0,0,0,0,0,0
93,3728514312,25442,725700,7600,11431300,4220650,16385250,16498800,817,0,0,6762350,0,34372,0,5,0,0,0,0,0,0
94,3728514312,25443,737200,12100,11633850,4226450,16609600,16717300,804,0,0,8283900,0,34372,0,5,0,0,0,0,0,0
95,3728514312,25444,770250,7350,11730450,3300900,15808950,16721550,564,0,0,6969050,0,34372,0,5,0,0,0,0,0,0
96,3728514312,25445,745700,12100,19248750,13314350,33320900,33440600,2541,0,0,7829000,0,34372,0,5,0,0,0,0,0,0
97,3728514312,25446,1312800,9000,10740650,4539700,16602150,16719250,747,0,0,6762900,0,34372,0,5,0,0,0,0,0,0
98,3728514312,25447,739500,12100,11482650,4378100,16612350,16718600,849,0,0,6771200,0,34372,0,5,0,0,0,0,0,0
99,3728514312,25448,725200,7350,11497550,4369850,16599950,16716800,811,0,0,8205350,0,34372,0,5,0,0,0,0,0,0
100,3728514312,25449,736350,12100,11649600,4214800,16612850,16722600,776,0,0,8379950,0,34372,0,5,0,0,0,0,0,0
101,3728514312,25450,735450,7350,11528850,4331150,16602800,16716300,789,0,0,6910800,0,34372,0,5,0,0,0,0,0,0
102,3728514312,25451,1408300,13450,10798550,4841300,17061600,17168200,788,0,0,6846750,0,34372,0,5,0,0,0,0,0,0
103,3728514312,25452,734100,7350,11463600,3948050,16153100,16269400,756,0,0,6701550,0,34372,0,5,0,0,0,0,0,0
104,3728514312,25453,738950,12000,12880200,2978450,16609600,16722100,487,0,0,8174500,0,34372,0,5,0,0,0,0,0,0
105,3728514312,25454,755850,7350,11584900,4258100,16606200,16716100,805,0,0,7650100,0,34372,0,5,0,0,0,0,0,0
106,3728514312,25455,735050,12100,11895700,3978450,16621300,16722550,723,0,0,8023150,0,34372,0,5,0,0,0,0,0,0
107,3728514312,25456,741700,7350,11418400,4433950,16601400,16718250,809,0,0,7473500,0,34372,0,5,0,0,0,0,0,0
108,3728514312,25457,1310800,13750,11852500,3452550,16629600,16738950,650,0,0,6778300,0,34372,0,5,0,0,0,0,0,0
109,3728514312,25458,728700,7350,11586050,4267000,16589100,16701750,825,0,0,6731400,0,34372,0,5,0,0,0,0,0,0
110,3728514312,25459,745750,12100,11578200,4270900,16606950,16716550,818,0,0,8269550,0,34372,0,5,0,0,0,0,0,0
111,3728514312,25460,720000,7350,11574600,4305350,16607300,16720400,802,0,0,7678350,0,34372,0,5,0,0,0,0,0,0
112,3728514312,25461,740100,12100,11735600,4125550,16613350,16720250,754,0,0,7735750,0,34372,0,5,0,0,0,0,0,0
113,3728514312,25462,1364850,7250,10726300,4501400,16599800,16716750,824,0,0,6807250,0,34372,0,5,0,0,0,0,0,0
114,3728514312,25463,730900,12100,11506800,3958900,16208700,16719150,760,0,0,7471400,0,34372,0,5,0,0,0,0,0,0
115,3728514312,25464,724650,7350,11613550,4260750,16606300,16720300,819,0,0,6784750,0,34372,0,5,0,0,0,0,0,0
116,3728514312,25465,742350,12100,11665500,4191300,16611250,16718600,789,0,0,7711900,0,34372,0,5,0,0,0,0,0,0
117,3728514312,25466,718600,7350,11582350,4302950,16611250,16719750,790,0,0,8352050,0,34372,0,5,0,0,0,0,0,0
118,3728514312,25467,1623800,13750,11698000,2487300,15822850,16716350,527,0,0,6847950,0,34372,0,5,0,0,0,0,0,0
119,3728514312,25468,1366700,7450,10738200,4576350,16688700,16799000,760,0,0,6784450,0,34372,0,5,0,0,0,0,0,0
120,3728514312,25469,735250,12100,11837600,3945000,16529950,16640700,734,0,0,7129100,0,34372,0,5,0,0,0,0,0,0
121,3728514312,25470,729550,7350,11614600,4257050,16608550,16722900,808,0,0,8295100,0,34372,0,5,0,0,0,0,0,0
122,3728514312,25471,740850,12100,11678350,4183850,16615150,16719300,774,0,0,7765900,0,34372,0,5,0,0,0,0,0,0
123,3728514312,25472,732150,7450,11580600,4286450,16606650,16719250,782,0,0,6942400,0,34372,0,5,0,0,0,0,0,0
124,3728514312,25473,1387600,7350,10770950,4443550,16609450,16716850,792,0,0,6856300,0,34372,0,5,0,0,0,0,0,0
125,3728514312,25474,736100,7350,10768500,4629700,16141650,16718950,767,0,0,6760700,0,34372,0,5,0,0,0,0,0,0
126,3728514312,25475,734750,12300,11491450,4376500,16615000,16722750,849,0,0,6771950,0,34372,0,5,0,0,0,0,0,0
127,3728514312,25476,720800,7350,11535150,4340250,16603550,16715200,804,0,0,8243050,0,34372,0,5,0,0,0,0,0,0
128,3728514312,25477,733000,12400,11671850,4193650,16610900,16719450,769,0,0,8417500,0,34372,0,5,0,0,0,0,0,0
129,3728514312,25478,735550,7350,11499600,4366150,16608650,16721000,794,0,0,7511900,0,34372,0,5,0,0,0,0,0,0
130,3728514312,25479,1376400,13950,10803600,4720000,16913950,17019150,763,0,0,6827900,0,34372,0,5,0,0,0,0,0,0
131,3728514312,25480,730450,7350,11431600,4133100,16302500,16419950,797,0,0,6698800,0,34372,0,5,0,0,0,0,0,0
132,3728514312,25481,739250,12300,11502700,4357850,16612100,16720250,839,0,0,8173900,0,34372,0,5,0,0,0,0,0,0
133,3728514312,25482,722900,7350,11902300,3974100,16606650,16716900,720,0,0,8636150,0,34372,0,5,0,0,0,0,0,0
134,3728514312,25483,742400,12300,11802950,4052350,16610000,16721300,740,0,0,7042950,0,34372,0,5,0,0,0,0,0,0
135,3728514312,25484,743700,7350,13516800,2327150,16595000,16713200,494,0,0,9670950,0,34372,0,5,0,0,0,0,0,0
136,3728514312,25485,1337800,12200,11482350,3782400,16614750,16723400,721,0,0,7462050,0,34372,0,5,0,0,0,0,0,0
137,3728514312,25486,731000,7350,11593150,4280500,16612000,16721850,826,0,0,6719450,0,34372,0,5,0,0,0,0,0,0
138,3728514312,25487,739150,12100,11617850,4246500,16615600,16719750,811,0,0,8315950,0,34372,0,5,0,0,0,0,0,0
139,3728514312,25488,718950,7350,11570050,4310150,16606500,16716600,794,0,0,8318300,0,34372,0,5,0,0,0,0,0,0
140,3728514312,25489,738200,12100,11733050,4128700,16612050,16721400,754,0,0,7738550,0,34372,0,5,0,0,0,0,0,0
141,3728514312,25490,1392250,7250,10743650,4709800,16852950,16968100,788,0,0,6809500,0,34372,0,5,0,0,0,0,0,0
142,3728514312,25491,791750,12300,11787450,2981950,15573450,16470200,528,0,0,7781400,0,34372,0,5,0,0,0,0,0,0
143,3728514312,25492,730700,7350,11599050,4266900,16604000,16716300,820,0,0,6771400,0,34372,0,5,0,0,0,0,0,0
144,3728514312,25493,743150,12300,11674300,4181000,16610750,16719900,780,0,0,7725400,0,34372,0,5,0,0,0,0,0,0
145,3728514312,25494,719650,7350,11918700,3964050,16609750,16721150,694,0,0,8706850,0,34372,0,5,0,0,0,0,0,0
146,3728514312,25495,744450,12300,11587150,4263200,16607100,16718100,774,0,0,7661450,0,34372,0,5,0,0,0,0,0,0
147,3728514312,25496,1283550,9000,10735950,4577050,16605550,16719700,755,0,0,6765950,0,34372,0,5,0,0,0,0,0,0
148,3728514312,25497,738700,12300,11515200,4345750,16611950,16720300,842,0,0,6771150,0,34372,0,5,0,0,0,0,0,0
149,3728514312,25498,726650,7350,11634400,4241000,16609400,16719650,805,0,0,8334400,0,34372,0,5,0,0,0,0,0,0
150,3728514312,25499,740650,12300,11640400,4220750,16614100,16718400,779,0,0,8366650,0,34372,0,5,0,0,0,0,0,0
151,3728514312,25500,731750,7350,11548600,4312000,16599700,16717700,786,0,0,6924450,0,34372,0,5,0,0,0,0,0,0
152,3728514312,25501,1398700,13650,10819200,4764600,16996150,17104050,766,0,0,6851600,0,34372,0,5,0,0,0,0,0,0
153,3728514312,25502,737450,7350,11456000,4024750,16225550,16337050,774,0,0,6751450,0,34372,0,5,0,0,0,0,0,0
154,3728514312,25503,742550,12300,11498050,4357150,16610050,16716750,841,0,0,6778600,0,34372,0,5,0,0,0,0,0,0
155,3728514312,25504,715350,7600,11587200,4301650,16611800,16721250,788,0,0,7636600,0,34372,0,5,0,0,0,0,0,0
156,3728514312,25505,733350,12300,19852750,12734850,33333250,33439350,2412,0,0,16511750,0,34372,0,5,0,0,0,0,0,0
157,3728514312,25506,1591150,10300,11439800,3754450,16795700,16903950,686,0,0,6720350,0,34372,0,5,0,0,0,0,0,0
158,3728514312,25507,751450,12100,11513950,4141350,16418850,16531250,798,0,0,6762950,0,34372,0,5,0,0,0,0,0,0
159,3728514312,25508,725150,7350,11490100,4386300,16608900,16722700,845,0,0,8174550,0,34372,0,5,0,0,0,0,0,0
160,3728514312,25509,734750,12100,11642950,4228100,16617900,16719150,783,0,0,7731800,0,34372,0,5,0,0,0,0,0,0
161,3728514312,25510,726700,7350,11733450,4137200,16604700,16719900,745,0,0,7585650,0,34372,0,5,0,0,0,0,0,0
162,3728514312,25511,1418750,11800,10813900,4363700,16608150,16714800,797,0,0,6870200,0,34372,0,5,0,0,0,0,0,0
163,3728514312,25512,723300,7350,10771900,4688450,16191000,16721850,777,0,0,6761850,0,34372,0,5,0,0,0,0,0,0
164,3728514312,25513,736300,12000,11657300,4543900,16949500,17060500,601,0,0,6773250,0,34372,0,5,0,0,0,0,0,0
165,3728514312,25514,752100,7350,11669900,3824250,16253600,16375550,696,0,0,7737400,0,34372,0,5,0,0,0,0,0,0
166,3728514312,25515,750750,12100,11661100,4195600,16619550,16723700,770,0,0,8405800,0,34372,0,5,0,0,0,0,0,0
167,3728514312,25516,731950,7350,11673200,4188650,16601150,16717800,756,0,0,7710950,0,34372,0,5,0,0,0,0,0,0
168,3728514312,25517,1381600,13750,10802600,4522250,16720200,16830850,749,0,0,6807650,0,34372,0,5,0,0,0,0,0,0
169,3728514312,25518,720850,7350,11880900,3887600,16496700,16605550,740,0,0,7831850,0,34372,0,5,0,0,0,0,0,0
170,3728514312,25519,745400,12100,11728550,4129150,16615200,16722150,789,0,0,8414850,0,34372,0,5,0,0,0,0,0,0
171,3728514312,25520,729900,7350,11584200,4288500,16609950,16717500,805,0,0,7666550,0,34372,0,5,0,0,0,0,0,0
172,3728514312,25521,742850,12100,11642300,4222750,16620000,16720850,775,0,0,6991600,0,34372,0,5,0,0,0,0,0,0
173,3728514312,25522,727750,7350,11480350,4388600,16604050,16716150,791,0,0,7608200,0,34372,0,5,0,0,0,0,0,0
174,3728514312,25523,1220250,13950,11475050,3904250,16613500,16719900,747,0,0,7451050,0,34372,0,5,0,0,0,0,0,0
175,3728514312,25524,723450,7350,11410950,4466450,16608200,16721550,869,0,0,6699350,0,34372,0,5,0,0,0,0,0,0
176,3728514312,25525,741050,12100,11767250,4089700,16610100,16717550,768,0,0,8470600,0,34372,0,5,0,0,0,0,0,0
177,3728514312,25526,725900,7350,11586600,4294150,16614000,16721450,788,0,0,8336350,0,34372,0,5,0,0,0,0,0,0
178,3728514312,25527,740750,12100,11573550,4287200,16613600,16718550,787,0,0,7556850,0,34372,0,5,0,0,0,0,0,0
179,3728514312,25528,1352850,9150,10748550,4730550,16841100,16953100,757,0,0,6802650,0,34372,0,5,0,0,0,0,0,0
CSV_END

STUDY_DONE_7d6a86a27a0e=0
# 