/tmp/app --transport apb --state-frame 0 --dma-minimum 64 --frames 180 --warmup 30 --wait spin --profile frame --csv /tmp/transport-frames.csv --replay --dump /tmp/transport-frame.raw && printf "CSV_BEGIN\n" && cat /tmp/transport-frames.csv && printf "CSV_END\n"; study_status=$?; printf "\nSTUDY_DONE_ca65d86ae1cf=%s\n" "$study_status"
TRANSPORT mode=apb dma_minimum=64
BEGIN_BREAKOUT frames=180 warmup=30 fixed=1 blocks=40 tiles=1 hud=1 wait=spin replay=1 state_frame=0 profile=frame pixel_centers=1 clock_call_ns=5856
HW_COUNTERS unavailable
RESULT frames=180 elapsed_s=3.059593950 fps=58.831336 logic_ms=0.000000 api_ms=0.000000 swap_ms=0.000000 wait_ms=0.000000 worker_inclusive_ms=0.000000 upload_inclusive_ms=0.000000 write_ms=0.000000 bytes_per_frame=34372.00 p50_ms=16.719500 p95_ms=17.017550 max_ms=33.403550 late_60hz=161 first_count=1427 last_count=1606 state_hash=de3c9d08 remaining=40 score=0
RENDER_PATH retained=0 grouped=0 quads=0 full_frames=0
FRAME_CHECK count=1606 address=9fe00000 fnv1a=16e1fedb pixels=307200 mismatches=0
BREAKOUT_PASS
CSV_BEGIN
frame,state_hash,display_count,logic_ns,api_ns,swap_ns,wait_ns,total_ns,completion_interval_ns,polls,worker_inclusive_ns,upload_inclusive_ns,write_ns,read_ns,write_bytes,read_bytes,write_calls,read_calls,dma_copy_ns,dma_launch_ns,dma_completion_wait_ns,dma_bytes,dma_lists
0,3728514312,1427,0,0,0,0,16666800,16680600,379,0,0,0,0,34372,0,5,0,0,0,0,0,0
1,3728514312,1428,0,0,0,0,16599250,16722400,792,0,0,0,0,34372,0,5,0,0,0,0,0,0
2,3728514312,1429,0,0,0,0,15179750,16911250,496,0,0,0,0,34372,0,5,0,0,0,0,0,0
3,3728514312,1430,0,0,0,0,16394750,16527900,841,0,0,0,0,34372,0,5,0,0,0,0,0,0
4,3728514312,1431,0,0,0,0,16608050,16715950,862,0,0,0,0,34372,0,5,0,0,0,0,0,0
5,3728514312,1432,0,0,0,0,16601650,16720200,786,0,0,0,0,34372,0,5,0,0,0,0,0,0
6,3728514312,1433,0,0,0,0,16607250,16720450,796,0,0,0,0,34372,0,5,0,0,0,0,0,0
7,3728514312,1434,0,0,0,0,16599400,16717850,848,0,0,0,0,34372,0,5,0,0,0,0,0,0
8,3728514312,1435,0,0,0,0,16615250,16725150,360,0,0,0,0,34372,0,5,0,0,0,0,0,0
9,3728514312,1436,0,0,0,0,16592250,16715000,785,0,0,0,0,34372,0,5,0,0,0,0,0,0
10,3728514312,1437,0,0,0,0,16601350,16719050,837,0,0,0,0,34372,0,5,0,0,0,0,0,0
11,3728514312,1438,0,0,0,0,16597300,16719750,773,0,0,0,0,34372,0,5,0,0,0,0,0,0
12,3728514312,1439,0,0,0,0,16610450,16718100,810,0,0,0,0,34372,0,5,0,0,0,0,0,0
13,3728514312,1440,0,0,0,0,16803350,16922200,803,0,0,0,0,34372,0,5,0,0,0,0,0,0
14,3728514312,1441,0,0,0,0,16398500,16515150,793,0,0,0,0,34372,0,5,0,0,0,0,0,0
15,3728514312,1442,0,0,0,0,16597850,16719950,879,0,0,0,0,34372,0,5,0,0,0,0,0,0
16,3728514312,1443,0,0,0,0,16605450,16718250,818,0,0,0,0,34372,0,5,0,0,0,0,0,0
17,3728514312,1444,0,0,0,0,16598650,16720600,764,0,0,0,0,34372,0,5,0,0,0,0,0,0
18,3728514312,1445,0,0,0,0,16607150,16719050,833,0,0,0,0,34372,0,5,0,0,0,0,0,0
19,3728514312,1446,0,0,0,0,16599900,16718750,780,0,0,0,0,34372,0,5,0,0,0,0,0,0
20,3728514312,1447,0,0,0,0,16611800,16720600,835,0,0,0,0,34372,0,5,0,0,0,0,0,0
21,3728514312,1448,0,0,0,0,16599950,16719000,786,0,0,0,0,34372,0,5,0,0,0,0,0,0
22,3728514312,1449,0,0,0,0,16598950,16719500,791,0,0,0,0,34372,0,5,0,0,0,0,0,0
23,3728514312,1450,0,0,0,0,16599050,16717900,776,0,0,0,0,34372,0,5,0,0,0,0,0,0
24,3728514312,1451,0,0,0,0,16904400,17017550,802,0,0,0,0,34372,0,5,0,0,0,0,0,0
25,3728514312,1452,0,0,0,0,15485550,16420500,576,0,0,0,0,34372,0,5,0,0,0,0,0,0
26,3728514312,1453,0,0,0,0,16592350,16721350,839,0,0,0,0,34372,0,5,0,0,0,0,0,0
27,3728514312,1454,0,0,0,0,16603450,16719600,836,0,0,0,0,34372,0,5,0,0,0,0,0,0
28,3728514312,1455,0,0,0,0,16609400,16718300,795,0,0,0,0,34372,0,5,0,0,0,0,0,0
29,3728514312,1456,0,0,0,0,16603600,16718950,836,0,0,0,0,34372,0,5,0,0,0,0,0,0
30,3728514312,1457,0,0,0,0,16605000,16719350,733,0,0,0,0,34372,0,5,0,0,0,0,0,0
31,3728514312,1458,0,0,0,0,16598500,16718950,891,0,0,0,0,34372,0,5,0,0,0,0,0,0
32,3728514312,1459,0,0,0,0,16611600,16722550,862,0,0,0,0,34372,0,5,0,0,0,0,0,0
33,3728514312,1460,0,0,0,0,16600450,16719000,783,0,0,0,0,34372,0,5,0,0,0,0,0,0
34,3728514312,1461,0,0,0,0,16602050,16716200,722,0,0,0,0,34372,0,5,0,0,0,0,0,0
35,3728514312,1462,0,0,0,0,16602500,16721850,847,0,0,0,0,34372,0,5,0,0,0,0,0,0
36,3728514312,1463,0,0,0,0,21682550,22176050,571,0,0,0,0,34372,0,5,0,0,0,0,0,0
37,3728514312,1464,0,0,0,0,27850050,27982850,2394,0,0,0,0,34372,0,5,0,0,0,0,0,0
38,3728514312,1465,0,0,0,0,16584750,16715150,741,0,0,0,0,34372,0,5,0,0,0,0,0,0
39,3728514312,1466,0,0,0,0,16601350,16721100,815,0,0,0,0,34372,0,5,0,0,0,0,0,0
40,3728514312,1467,0,0,0,0,16687750,16796300,773,0,0,0,0,34372,0,5,0,0,0,0,0,0
41,3728514312,1468,0,0,0,0,16527300,16640600,832,0,0,0,0,34372,0,5,0,0,0,0,0,0
42,3728514312,1469,0,0,0,0,16609600,16722250,859,0,0,0,0,34372,0,5,0,0,0,0,0,0
43,3728514312,1470,0,0,0,0,16598600,16719950,828,0,0,0,0,34372,0,5,0,0,0,0,0,0
44,3728514312,1471,0,0,0,0,16603800,16716050,769,0,0,0,0,34372,0,5,0,0,0,0,0,0
45,3728514312,1472,0,0,0,0,16603700,16721150,779,0,0,0,0,34372,0,5,0,0,0,0,0,0
46,3728514312,1473,0,0,0,0,16067050,16720600,755,0,0,0,0,34372,0,5,0,0,0,0,0,0
47,3728514312,1474,0,0,0,0,16596150,16716150,847,0,0,0,0,34372,0,5,0,0,0,0,0,0
48,3728514312,1475,0,0,0,0,15774350,16720300,575,0,0,0,0,34372,0,5,0,0,0,0,0,0
49,3728514312,1476,0,0,0,0,16592400,16720150,809,0,0,0,0,34372,0,5,0,0,0,0,0,0
50,3728514312,1477,0,0,0,0,16610500,16720050,792,0,0,0,0,34372,0,5,0,0,0,0,0,0
51,3728514312,1478,0,0,0,0,16759300,16880650,785,0,0,0,0,34372,0,5,0,0,0,0,0,0
52,3728514312,1479,0,0,0,0,16443900,16554300,834,0,0,0,0,34372,0,5,0,0,0,0,0,0
53,3728514312,1480,0,0,0,0,16606400,16719100,863,0,0,0,0,34372,0,5,0,0,0,0,0,0
54,3728514312,1481,0,0,0,0,16612300,16723650,806,0,0,0,0,34372,0,5,0,0,0,0,0,0
55,3728514312,1482,0,0,0,0,16597900,16715150,807,0,0,0,0,34372,0,5,0,0,0,0,0,0
56,3728514312,1483,0,0,0,0,16612600,16720550,846,0,0,0,0,34372,0,5,0,0,0,0,0,0
57,3728514312,1484,0,0,0,0,16607350,16720500,755,0,0,0,0,34372,0,5,0,0,0,0,0,0
58,3728514312,1485,0,0,0,0,16608200,16719800,800,0,0,0,0,34372,0,5,0,0,0,0,0,0
59,3728514312,1486,0,0,0,0,16600250,16717100,866,0,0,0,0,34372,0,5,0,0,0,0,0,0
60,3728514312,1487,0,0,0,0,16608250,16719100,765,0,0,0,0,34372,0,5,0,0,0,0,0,0
61,3728514312,1488,0,0,0,0,16602650,16718500,810,0,0,0,0,34372,0,5,0,0,0,0,0,0
62,3728514312,1489,0,0,0,0,16854300,16965700,800,0,0,0,0,34372,0,5,0,0,0,0,0,0
63,3728514312,1490,0,0,0,0,16355300,16474150,802,0,0,0,0,34372,0,5,0,0,0,0,0,0
64,3728514312,1491,0,0,0,0,16608750,16718600,877,0,0,0,0,34372,0,5,0,0,0,0,0,0
65,3728514312,1492,0,0,0,0,16603150,16719900,841,0,0,0,0,34372,0,5,0,0,0,0,0,0
66,3728514312,1493,0,0,0,0,16609750,16721150,757,0,0,0,0,34372,0,5,0,0,0,0,0,0
67,3728514312,1494,0,0,0,0,16600500,16719200,837,0,0,0,0,34372,0,5,0,0,0,0,0,0
68,3728514312,1495,0,0,0,0,16708150,16816500,393,0,0,0,0,34372,0,5,0,0,0,0,0,0
69,3728514312,1496,0,0,0,0,16503400,16620850,816,0,0,0,0,34372,0,5,0,0,0,0,0,0
70,3728514312,1497,0,0,0,0,16606650,16720850,756,0,0,0,0,34372,0,5,0,0,0,0,0,0
71,3728514312,1498,0,0,0,0,15788250,16719750,587,0,0,0,0,34372,0,5,0,0,0,0,0,0
72,3728514312,1499,0,0,0,0,16595650,16719600,771,0,0,0,0,34372,0,5,0,0,0,0,0,0
73,3728514312,1500,0,0,0,0,16935100,17050350,833,0,0,0,0,34372,0,5,0,0,0,0,0,0
74,3728514312,1501,0,0,0,0,16274350,16385900,801,0,0,0,0,34372,0,5,0,0,0,0,0,0
75,3728514312,1502,0,0,0,0,16608150,16720900,854,0,0,0,0,34372,0,5,0,0,0,0,0,0
76,3728514312,1503,0,0,0,0,16607550,16719600,825,0,0,0,0,34372,0,5,0,0,0,0,0,0
77,3728514312,1504,0,0,0,0,16602800,16719900,805,0,0,0,0,34372,0,5,0,0,0,0,0,0
78,3728514312,1505,0,0,0,0,16604250,16716100,801,0,0,0,0,34372,0,5,0,0,0,0,0,0
79,3728514312,1506,0,0,0,0,16615950,16735050,776,0,0,0,0,34372,0,5,0,0,0,0,0,0
80,3728514312,1507,0,0,0,0,16593800,16703000,871,0,0,0,0,34372,0,5,0,0,0,0,0,0
81,3728514312,1508,0,0,0,0,16610600,16721650,850,0,0,0,0,34372,0,5,0,0,0,0,0,0
82,3728514312,1509,0,0,0,0,16605400,16719750,799,0,0,0,0,34372,0,5,0,0,0,0,0,0
83,3728514312,1510,0,0,0,0,16600800,16719200,711,0,0,0,0,34372,0,5,0,0,0,0,0,0
84,3728514312,1511,0,0,0,0,16606500,16720100,835,0,0,0,0,34372,0,5,0,0,0,0,0,0
85,3728514312,1512,0,0,0,0,16047200,16717400,759,0,0,0,0,34372,0,5,0,0,0,0,0,0
86,3728514312,1513,0,0,0,0,16603100,16717600,870,0,0,0,0,34372,0,5,0,0,0,0,0,0
87,3728514312,1514,0,0,0,0,16599450,16721450,851,0,0,0,0,34372,0,5,0,0,0,0,0,0
88,3728514312,1515,0,0,0,0,16605700,16720100,756,0,0,0,0,34372,0,5,0,0,0,0,0,0
89,3728514312,1516,0,0,0,0,16604400,16720200,817,0,0,0,0,34372,0,5,0,0,0,0,0,0
90,3728514312,1517,0,0,0,0,16719450,16828450,772,0,0,0,0,34372,0,5,0,0,0,0,0,0
91,3728514312,1518,0,0,0,0,16492550,16609600,825,0,0,0,0,34372,0,5,0,0,0,0,0,0
92,3728514312,1519,0,0,0,0,16607850,16717650,858,0,0,0,0,34372,0,5,0,0,0,0,0,0
93,3728514312,1520,0,0,0,0,16597450,16717850,821,0,0,0,0,34372,0,5,0,0,0,0,0,0
94,3728514312,1521,0,0,0,0,16605850,16719850,764,0,0,0,0,34372,0,5,0,0,0,0,0,0
95,3728514312,1522,0,0,0,0,14996300,16716300,527,0,0,0,0,34372,0,5,0,0,0,0,0,0
96,3728514312,1523,0,0,0,0,21105800,21215500,718,0,0,0,0,34372,0,5,0,0,0,0,0,0
97,3728514312,1524,0,0,0,0,28811700,28946150,2471,0,0,0,0,34372,0,5,0,0,0,0,0,0
98,3728514312,1525,0,0,0,0,16592300,16721450,765,0,0,0,0,34372,0,5,0,0,0,0,0,0
99,3728514312,1526,0,0,0,0,16599950,16716450,767,0,0,0,0,34372,0,5,0,0,0,0,0,0
100,3728514312,1527,0,0,0,0,16805900,16917350,785,0,0,0,0,34372,0,5,0,0,0,0,0,0
101,3728514312,1528,0,0,0,0,16408300,16523400,847,0,0,0,0,34372,0,5,0,0,0,0,0,0
102,3728514312,1529,0,0,0,0,16605250,16717050,837,0,0,0,0,34372,0,5,0,0,0,0,0,0
103,3728514312,1530,0,0,0,0,16604700,16722050,821,0,0,0,0,34372,0,5,0,0,0,0,0,0
104,3728514312,1531,0,0,0,0,16609100,16719100,795,0,0,0,0,34372,0,5,0,0,0,0,0,0
105,3728514312,1532,0,0,0,0,16601650,16715000,813,0,0,0,0,34372,0,5,0,0,0,0,0,0
106,3728514312,1533,0,0,0,0,16800450,16916150,732,0,0,0,0,34372,0,5,0,0,0,0,0,0
107,3728514312,1534,0,0,0,0,16401350,16526250,836,0,0,0,0,34372,0,5,0,0,0,0,0,0
108,3728514312,1535,0,0,0,0,16607400,16716900,819,0,0,0,0,34372,0,5,0,0,0,0,0,0
109,3728514312,1536,0,0,0,0,16594700,16718950,808,0,0,0,0,34372,0,5,0,0,0,0,0,0
110,3728514312,1537,0,0,0,0,16612650,16721500,799,0,0,0,0,34372,0,5,0,0,0,0,0,0
111,3728514312,1538,0,0,0,0,17018150,17135850,819,0,0,0,0,34372,0,5,0,0,0,0,0,0
112,3728514312,1539,0,0,0,0,16190250,16300200,774,0,0,0,0,34372,0,5,0,0,0,0,0,0
113,3728514312,1540,0,0,0,0,16602850,16719200,884,0,0,0,0,34372,0,5,0,0,0,0,0,0
114,3728514312,1541,0,0,0,0,16612300,16722300,822,0,0,0,0,34372,0,5,0,0,0,0,0,0
115,3728514312,1542,0,0,0,0,16595750,16718550,762,0,0,0,0,34372,0,5,0,0,0,0,0,0
116,3728514312,1543,0,0,0,0,16610650,16717900,830,0,0,0,0,34372,0,5,0,0,0,0,0,0
117,3728514312,1544,0,0,0,0,16605300,16721300,775,0,0,0,0,34372,0,5,0,0,0,0,0,0
118,3728514312,1545,0,0,0,0,15793850,16719400,571,0,0,0,0,34372,0,5,0,0,0,0,0,0
119,3728514312,1546,0,0,0,0,16588500,16719700,785,0,0,0,0,34372,0,5,0,0,0,0,0,0
120,3728514312,1547,0,0,0,0,16603450,16719000,802,0,0,0,0,34372,0,5,0,0,0,0,0,0
121,3728514312,1548,0,0,0,0,16602600,16717850,765,0,0,0,0,34372,0,5,0,0,0,0,0,0
122,3728514312,1549,0,0,0,0,16978400,17088300,826,0,0,0,0,34372,0,5,0,0,0,0,0,0
123,3728514312,1550,0,0,0,0,16230500,16349000,812,0,0,0,0,34372,0,5,0,0,0,0,0,0
124,3728514312,1551,0,0,0,0,16610450,16718800,833,0,0,0,0,34372,0,5,0,0,0,0,0,0
125,3728514312,1552,0,0,0,0,16609950,16721050,851,0,0,0,0,34372,0,5,0,0,0,0,0,0
126,3728514312,1553,0,0,0,0,16607200,16720600,795,0,0,0,0,34372,0,5,0,0,0,0,0,0
127,3728514312,1554,0,0,0,0,16604200,16720150,791,0,0,0,0,34372,0,5,0,0,0,0,0,0
128,3728514312,1555,0,0,0,0,16890850,16998550,348,0,0,0,0,34372,0,5,0,0,0,0,0,0
129,3728514312,1556,0,0,0,0,16317050,16435500,812,0,0,0,0,34372,0,5,0,0,0,0,0,0
130,3728514312,1557,0,0,0,0,16613600,16723400,825,0,0,0,0,34372,0,5,0,0,0,0,0,0
131,3728514312,1558,0,0,0,0,16595800,16717300,752,0,0,0,0,34372,0,5,0,0,0,0,0,0
132,3728514312,1559,0,0,0,0,16600450,16718100,789,0,0,0,0,34372,0,5,0,0,0,0,0,0
133,3728514312,1560,0,0,0,0,16602600,16720000,820,0,0,0,0,34372,0,5,0,0,0,0,0,0
134,3728514312,1561,0,0,0,0,16138900,16718000,778,0,0,0,0,34372,0,5,0,0,0,0,0,0
135,3728514312,1562,0,0,0,0,16603200,16718900,883,0,0,0,0,34372,0,5,0,0,0,0,0,0
136,3728514312,1563,0,0,0,0,16613650,16722600,816,0,0,0,0,34372,0,5,0,0,0,0,0,0
137,3728514312,1564,0,0,0,0,16591950,16716000,799,0,0,0,0,34372,0,5,0,0,0,0,0,0
138,3728514312,1565,0,0,0,0,16609800,16722300,817,0,0,0,0,34372,0,5,0,0,0,0,0,0
139,3728514312,1566,0,0,0,0,16863900,16982150,792,0,0,0,0,34372,0,5,0,0,0,0,0,0
140,3728514312,1567,0,0,0,0,16341650,16454200,804,0,0,0,0,34372,0,5,0,0,0,0,0,0
141,3728514312,1568,0,0,0,0,14967350,16722250,405,0,0,0,0,34372,0,5,0,0,0,0,0,0
142,3728514312,1569,0,0,0,0,16590900,16717650,798,0,0,0,0,34372,0,5,0,0,0,0,0,0
143,3728514312,1570,0,0,0,0,16603200,16720750,768,0,0,0,0,34372,0,5,0,0,0,0,0,0
144,3728514312,1571,0,0,0,0,16606250,16716000,754,0,0,0,0,34372,0,5,0,0,0,0,0,0
145,3728514312,1572,0,0,0,0,16609850,16723050,791,0,0,0,0,34372,0,5,0,0,0,0,0,0
146,3728514312,1573,0,0,0,0,16602950,16716000,835,0,0,0,0,34372,0,5,0,0,0,0,0,0
147,3728514312,1574,0,0,0,0,16605950,16720050,860,0,0,0,0,34372,0,5,0,0,0,0,0,0
148,3728514312,1575,0,0,0,0,16611350,16721100,806,0,0,0,0,34372,0,5,0,0,0,0,0,0
149,3728514312,1576,0,0,0,0,16602450,16716250,775,0,0,0,0,34372,0,5,0,0,0,0,0,0
150,3728514312,1577,0,0,0,0,16847150,16958350,795,0,0,0,0,34372,0,5,0,0,0,0,0,0
151,3728514312,1578,0,0,0,0,16368200,16482050,842,0,0,0,0,34372,0,5,0,0,0,0,0,0
152,3728514312,1579,0,0,0,0,16611750,16718650,838,0,0,0,0,34372,0,5,0,0,0,0,0,0
153,3728514312,1580,0,0,0,0,16604100,16721550,835,0,0,0,0,34372,0,5,0,0,0,0,0,0
154,3728514312,1581,0,0,0,0,16609250,16719100,796,0,0,0,0,34372,0,5,0,0,0,0,0,0
155,3728514312,1582,0,0,0,0,16600600,16718850,803,0,0,0,0,34372,0,5,0,0,0,0,0,0
156,3728514312,1583,0,0,0,0,16646100,16755550,691,0,0,0,0,34372,0,5,0,0,0,0,0,0
157,3728514312,1584,0,0,0,0,33280000,33403550,2679,0,0,0,0,34372,0,5,0,0,0,0,0,0
158,3728514312,1585,0,0,0,0,16598500,16717950,380,0,0,0,0,34372,0,5,0,0,0,0,0,0
159,3728514312,1586,0,0,0,0,16609750,16718300,803,0,0,0,0,34372,0,5,0,0,0,0,0,0
160,3728514312,1587,0,0,0,0,16968650,17077150,788,0,0,0,0,34372,0,5,0,0,0,0,0,0
161,3728514312,1588,0,0,0,0,16245000,16363600,804,0,0,0,0,34372,0,5,0,0,0,0,0,0
162,3728514312,1589,0,0,0,0,16609400,16718900,877,0,0,0,0,34372,0,5,0,0,0,0,0,0
163,3728514312,1590,0,0,0,0,16599350,16717300,828,0,0,0,0,34372,0,5,0,0,0,0,0,0
164,3728514312,1591,0,0,0,0,16611100,16721700,790,0,0,0,0,34372,0,5,0,0,0,0,0,0
165,3728514312,1592,0,0,0,0,16602100,16717850,836,0,0,0,0,34372,0,5,0,0,0,0,0,0
166,3728514312,1593,0,0,0,0,16737000,16846700,768,0,0,0,0,34372,0,5,0,0,0,0,0,0
167,3728514312,1594,0,0,0,0,16471700,16592050,853,0,0,0,0,34372,0,5,0,0,0,0,0,0
168,3728514312,1595,0,0,0,0,16611550,16717250,754,0,0,0,0,34372,0,5,0,0,0,0,0,0
169,3728514312,1596,0,0,0,0,16604750,16721950,808,0,0,0,0,34372,0,5,0,0,0,0,0,0
170,3728514312,1597,0,0,0,0,16606250,16717700,767,0,0,0,0,34372,0,5,0,0,0,0,0,0
171,3728514312,1598,0,0,0,0,16603400,16720250,846,0,0,0,0,34372,0,5,0,0,0,0,0,0
172,3728514312,1599,0,0,0,0,16194300,16718300,788,0,0,0,0,34372,0,5,0,0,0,0,0,0
173,3728514312,1600,0,0,0,0,16611250,16719850,858,0,0,0,0,34372,0,5,0,0,0,0,0,0
174,3728514312,1601,0,0,0,0,16621250,16720300,837,0,0,0,0,34372,0,5,0,0,0,0,0,0
175,3728514312,1602,0,0,0,0,16598800,16717400,807,0,0,0,0,34372,0,5,0,0,0,0,0,0
176,3728514312,1603,0,0,0,0,16612950,16719050,782,0,0,0,0,34372,0,5,0,0,0,0,0,0
177,3728514312,1604,0,0,0,0,16705750,16818350,788,0,0,0,0,34372,0,5,0,0,0,0,0,0
178,3728514312,1605,0,0,0,0,16513300,16622750,856,0,0,0,0,34372,0,5,0,0,0,0,0,0
179,3728514312,1606,0,0,0,0,16602200,16719100,842,0,0,0,0,34372,0,5,0,0,0,0,0,0
CSV_END

STUDY_DONE_ca65d86ae1cf=0
# 