/tmp/app --transport apb --state-frame 0 --dma-minimum 64 --frames 180 --warmup 30 --wait spin --profile frame --csv /tmp/transport-frames.csv --grouped --dump /tmp/transport-frame.raw && printf "CSV_BEGIN\n" && cat /tmp/transport-frames.csv && printf "CSV_END\n"; study_status=$?; printf "\nSTUDY_DONE_5f82e9aefd8a=%s\n" "$study_status"
TRANSPORT mode=apb dma_minimum=64
BEGIN_BREAKOUT frames=180 warmup=30 fixed=0 blocks=40 tiles=1 hud=1 wait=spin replay=0 state_frame=0 profile=frame pixel_centers=1 clock_call_ns=5515
HW_COUNTERS unavailable
RESULT frames=180 elapsed_s=12.037841850 fps=14.952846 logic_ms=0.000000 api_ms=0.000000 swap_ms=0.000000 wait_ms=0.000000 worker_inclusive_ms=0.000000 upload_inclusive_ms=0.000000 write_ms=0.000000 bytes_per_frame=30951.56 p50_ms=66.876950 p95_ms=67.125000 max_ms=69.196200 late_60hz=180 first_count=4001 last_count=4180 state_hash=8f34e8fd remaining=38 score=20
RENDER_PATH retained=0 grouped=1 quads=13131 full_frames=180
FRAME_CHECK count=4180 address=9fe00000 fnv1a=79c99b23 pixels=307200 mismatches=0
BREAKOUT_PASS
CSV_BEGIN
frame,state_hash,display_count,logic_ns,api_ns,swap_ns,wait_ns,total_ns,completion_interval_ns,polls,worker_inclusive_ns,upload_inclusive_ns,write_ns,read_ns,write_bytes,read_bytes,write_calls,read_calls,dma_copy_ns,dma_launch_ns,dma_completion_wait_ns,dma_bytes,dma_lists
0,3724779174,4001,0,0,0,0,66816100,66828650,2867,0,0,0,0,31172,0,5,0,0,0,0,0,0
1,1709657109,4002,0,0,0,0,66767000,66877950,2822,0,0,0,0,31172,0,5,0,0,0,0,0,0
2,1894904752,4003,0,0,0,0,66767300,66876400,2965,0,0,0,0,31172,0,5,0,0,0,0,0,0
3,3703759967,4004,0,0,0,0,66772300,66880700,2871,0,0,0,0,31172,0,5,0,0,0,0,0,0
4,19533624,4005,0,0,0,0,66768100,66877200,2803,0,0,0,0,31172,0,5,0,0,0,0,0,0
5,816884773,4006,0,0,0,0,66811700,66923300,1432,0,0,0,0,31172,0,5,0,0,0,0,0,0
6,1339236364,4007,0,0,0,0,66718150,66830300,2627,0,0,0,0,31172,0,5,0,0,0,0,0,0
7,3072959373,4008,0,0,0,0,66763700,66875950,2744,0,0,0,0,31172,0,5,0,0,0,0,0,0
8,1782884746,4009,0,0,0,0,66765700,66876750,2926,0,0,0,0,31172,0,5,0,0,0,0,0,0
9,30296781,4010,0,0,0,0,66762650,66875550,2962,0,0,0,0,31492,0,5,0,0,0,0,0,0
10,4026418858,4011,0,0,0,0,66768250,66878050,2791,0,0,0,0,31492,0,5,0,0,0,0,0,0
11,2084929051,4012,0,0,0,0,66770550,66879550,2964,0,0,0,0,31492,0,5,0,0,0,0,0,0
12,3114489770,4013,0,0,0,0,66765300,66876700,2894,0,0,0,0,31172,0,5,0,0,0,0,0,0
13,891400471,4014,0,0,0,0,66763100,66878500,2680,0,0,0,0,31172,0,5,0,0,0,0,0,0
14,3472773456,4015,0,0,0,0,65131050,66876150,2642,0,0,0,0,31172,0,5,0,0,0,0,0,0
15,3010688243,4016,0,0,0,0,66764950,66876550,2949,0,0,0,0,31172,0,5,0,0,0,0,0,0
16,2819524756,4017,0,0,0,0,66765700,66875900,2909,0,0,0,0,31172,0,5,0,0,0,0,0,0
17,3241678401,4018,0,0,0,0,66366600,66877450,2902,0,0,0,0,31172,0,5,0,0,0,0,0,0
18,2154316504,4019,0,0,0,0,66765000,66875850,2899,0,0,0,0,31172,0,5,0,0,0,0,0,0
19,772262681,4020,0,0,0,0,66770100,66877250,2809,0,0,0,0,31172,0,5,0,0,0,0,0,0
20,3882818750,4021,0,0,0,0,69079500,69196200,2278,0,0,0,0,31172,0,5,0,0,0,0,0,0
21,521131153,4022,0,0,0,0,64423950,64560300,1825,0,0,0,0,31172,0,5,0,0,0,0,0,0
22,1838187414,4023,0,0,0,0,66765900,66875600,2839,0,0,0,0,31172,0,5,0,0,0,0,0,0
23,840574439,4024,0,0,0,0,67020250,67133700,2919,0,0,0,0,31172,0,5,0,0,0,0,0,0
24,2879461878,4025,0,0,0,0,66508900,66620050,2925,0,0,0,0,31172,0,5,0,0,0,0,0,0
25,202086035,4026,0,0,0,0,66767350,66877700,2892,0,0,0,0,31172,0,5,0,0,0,0,0,0
26,959703924,4027,0,0,0,0,66769350,66880100,2853,0,0,0,0,31172,0,5,0,0,0,0,0,0
27,3795724423,4028,0,0,0,0,66762700,66873500,3038,0,0,0,0,31172,0,5,0,0,0,0,0,0
28,2500539904,4029,0,0,0,0,66767750,66876650,2895,0,0,0,0,31172,0,5,0,0,0,0,0,0
29,2269000541,4030,0,0,0,0,66769750,66881800,2479,0,0,0,0,31172,0,5,0,0,0,0,0,0
30,1900681108,4031,0,0,0,0,66879500,66994650,2866,0,0,0,0,31172,0,5,0,0,0,0,0,0
31,3680168245,4032,0,0,0,0,66645650,66758300,2955,0,0,0,0,31172,0,5,0,0,0,0,0,0
32,2344329490,4033,0,0,0,0,66765800,66876000,2831,0,0,0,0,31172,0,5,0,0,0,0,0,0
33,2130650181,4034,0,0,0,0,66762150,66876050,2896,0,0,0,0,31492,0,5,0,0,0,0,0,0
34,906966818,4035,0,0,0,0,66763900,66876600,2971,0,0,0,0,31492,0,5,0,0,0,0,0,0
35,3939376531,4036,0,0,0,0,66768750,66878550,2781,0,0,0,0,31492,0,5,0,0,0,0,0,0
36,2110688546,4037,0,0,0,0,66761650,66875600,832,0,0,0,0,31172,0,5,0,0,0,0,0,0
37,2695523007,4038,0,0,0,0,66010300,66877300,2618,0,0,0,0,31172,0,5,0,0,0,0,0,0
38,744447992,4039,0,0,0,0,66767100,66880050,2859,0,0,0,0,31172,0,5,0,0,0,0,0,0
39,3728640411,4040,0,0,0,0,66768800,66875500,2884,0,0,0,0,31172,0,5,0,0,0,0,0,0
40,618879740,4041,0,0,0,0,66766500,66876900,2922,0,0,0,0,31172,0,5,0,0,0,0,0,0
41,1239708057,4042,0,0,0,0,66765000,66876800,2858,0,0,0,0,31172,0,5,0,0,0,0,0,0
42,2429742208,4043,0,0,0,0,66180500,66877700,2882,0,0,0,0,31172,0,5,0,0,0,0,0,0
43,412095716,4044,0,0,0,0,66769600,66877700,2916,0,0,0,0,31172,0,5,0,0,0,0,0,0
44,1226741467,4045,0,0,0,0,66768100,66875450,2321,0,0,0,0,31172,0,5,0,0,0,0,0,0
45,3288446148,4046,0,0,0,0,66771450,66879950,2962,0,0,0,0,31172,0,5,0,0,0,0,0,0
46,1157984843,4047,0,0,0,0,66763550,66874650,2886,0,0,0,0,31172,0,5,0,0,0,0,0,0
47,3877288378,4048,0,0,0,0,66764600,66876650,2841,0,0,0,0,31172,0,5,0,0,0,0,0,0
48,4236526315,4049,0,0,0,0,67213650,67329600,2969,0,0,0,0,31172,0,5,0,0,0,0,0,0
49,533834014,4050,0,0,0,0,66312250,66424200,2899,0,0,0,0,31172,0,5,0,0,0,0,0,0
50,1649361089,4051,0,0,0,0,66768200,66877750,2779,0,0,0,0,31172,0,5,0,0,0,0,0,0
51,2486981906,4052,0,0,0,0,67731000,67845000,1249,0,0,0,0,31172,0,5,0,0,0,0,0,0
52,1706075277,4053,0,0,0,0,65778550,65912100,2691,0,0,0,0,31172,0,5,0,0,0,0,0,0
53,267972368,4054,0,0,0,0,66764750,66878100,2865,0,0,0,0,31172,0,5,0,0,0,0,0,0
54,3895401273,4055,0,0,0,0,66758950,66875150,2780,0,0,0,0,31172,0,5,0,0,0,0,0,0
55,605985656,4056,0,0,0,0,67078800,67190650,2855,0,0,0,0,31172,0,5,0,0,0,0,0,0
56,4077673024,4057,0,0,0,0,66450650,66563600,2943,0,0,0,0,30852,0,5,0,0,0,0,0,0
57,985632231,4058,0,0,0,0,66767400,66878500,2423,0,0,0,0,30852,0,5,0,0,0,0,0,0
58,3720590956,4059,0,0,0,0,66762850,66876200,2916,0,0,0,0,30852,0,5,0,0,0,0,0,0
59,3264032585,4060,0,0,0,0,66762650,66876900,2695,0,0,0,0,30852,0,5,0,0,0,0,0,0
60,395405688,4061,0,0,0,0,65416150,66878350,2543,0,0,0,0,30852,0,5,0,0,0,0,0,0
61,32142420,4062,0,0,0,0,66758350,66874500,2958,0,0,0,0,30852,0,5,0,0,0,0,0,0
62,1187067055,4063,0,0,0,0,66946850,67058250,2857,0,0,0,0,30852,0,5,0,0,0,0,0,0
63,459140908,4064,0,0,0,0,66583550,66696650,2914,0,0,0,0,30852,0,5,0,0,0,0,0,0
64,3369786495,4065,0,0,0,0,66766550,66878050,2869,0,0,0,0,30852,0,5,0,0,0,0,0,0
65,1572434254,4066,0,0,0,0,66766800,66876350,2899,0,0,0,0,30852,0,5,0,0,0,0,0,0
66,4107798823,4067,0,0,0,0,66766900,66880650,1616,0,0,0,0,30852,0,5,0,0,0,0,0,0
67,343968250,4068,0,0,0,0,66750450,66874200,2510,0,0,0,0,30852,0,5,0,0,0,0,0,0
68,3102454017,4069,0,0,0,0,66764900,66878850,2918,0,0,0,0,30852,0,5,0,0,0,0,0,0
69,3051095563,4070,0,0,0,0,66802150,66911700,2821,0,0,0,0,30852,0,5,0,0,0,0,0,0
70,2391331016,4071,0,0,0,0,66725100,66840350,3010,0,0,0,0,30852,0,5,0,0,0,0,0,0
71,3869016117,4072,0,0,0,0,66765600,66875150,2884,0,0,0,0,30852,0,5,0,0,0,0,0,0
72,1579800804,4073,0,0,0,0,66770500,66878450,2793,0,0,0,0,30852,0,5,0,0,0,0,0,0
73,2792341157,4074,0,0,0,0,66767100,66878350,2947,0,0,0,0,30852,0,5,0,0,0,0,0,0
74,714702942,4075,0,0,0,0,66367600,66878650,2637,0,0,0,0,30852,0,5,0,0,0,0,0,0
75,1092538936,4076,0,0,0,0,66745300,66876500,2673,0,0,0,0,30852,0,5,0,0,0,0,0,0
76,1561271239,4077,0,0,0,0,66763550,66877500,2869,0,0,0,0,31172,0,5,0,0,0,0,0,0
77,3798074098,4078,0,0,0,0,66758150,66874900,3019,0,0,0,0,31172,0,5,0,0,0,0,0,0
78,3022639071,4079,0,0,0,0,66767800,66880100,2806,0,0,0,0,31172,0,5,0,0,0,0,0,0
79,2282770062,4080,0,0,0,0,66760850,66875850,2968,0,0,0,0,30852,0,5,0,0,0,0,0,0
80,1626512457,4081,0,0,0,0,67010350,67125000,2919,0,0,0,0,30852,0,5,0,0,0,0,0,0
81,3156888026,4082,0,0,0,0,66519950,66630750,2987,0,0,0,0,30852,0,5,0,0,0,0,0,0
82,3038824309,4083,0,0,0,0,66759050,66874650,1027,0,0,0,0,30852,0,5,0,0,0,0,0,0
83,1261846460,4084,0,0,0,0,66764400,66878800,2890,0,0,0,0,30852,0,5,0,0,0,0,0,0
84,2035201521,4085,0,0,0,0,66029700,66876350,2746,0,0,0,0,30852,0,5,0,0,0,0,0,0
85,2164446652,4086,0,0,0,0,66760900,66876650,2870,0,0,0,0,30852,0,5,0,0,0,0,0,0
86,2017191835,4087,0,0,0,0,66765150,66874750,2962,0,0,0,0,30852,0,5,0,0,0,0,0,0
87,3029138484,4088,0,0,0,0,66875550,66983600,2892,0,0,0,0,30852,0,5,0,0,0,0,0,0
88,50355403,4089,0,0,0,0,66661000,66772250,2967,0,0,0,0,30852,0,5,0,0,0,0,0,0
89,654213990,4090,0,0,0,0,66770250,66879850,2919,0,0,0,0,30852,0,5,0,0,0,0,0,0
90,2360099787,4091,0,0,0,0,66763050,66873050,2505,0,0,0,0,30852,0,5,0,0,0,0,0,0
91,2424818746,4092,0,0,0,0,66770750,66881050,2953,0,0,0,0,30852,0,5,0,0,0,0,0,0
92,1971386461,4093,0,0,0,0,66764350,66873850,2931,0,0,0,0,30852,0,5,0,0,0,0,0,0
93,3386045126,4094,0,0,0,0,66766250,66876500,2986,0,0,0,0,30852,0,5,0,0,0,0,0,0
94,1429641961,4095,0,0,0,0,66771050,66881100,2811,0,0,0,0,30852,0,5,0,0,0,0,0,0
95,3022846880,4096,0,0,0,0,66765400,66876750,3032,0,0,0,0,30852,0,5,0,0,0,0,0,0
96,1601897261,4097,0,0,0,0,66768700,66876950,2912,0,0,0,0,30852,0,5,0,0,0,0,0,0
97,1229951528,4098,0,0,0,0,66769300,66879050,766,0,0,0,0,30852,0,5,0,0,0,0,0,0
98,4065171759,4099,0,0,0,0,66741600,66875950,2985,0,0,0,0,30852,0,5,0,0,0,0,0,0
99,1034325744,4100,0,0,0,0,66328950,66874050,2939,0,0,0,0,30852,0,5,0,0,0,0,0,0
100,14078671,4101,0,0,0,0,66769050,66877100,2828,0,0,0,0,31172,0,5,0,0,0,0,0,0
101,4024270554,4102,0,0,0,0,66767800,66880500,2864,0,0,0,0,31172,0,5,0,0,0,0,0,0
102,896191351,4103,0,0,0,0,66761600,66875850,3035,0,0,0,0,31172,0,5,0,0,0,0,0,0
103,2131384102,4104,0,0,0,0,66762700,66874950,2834,0,0,0,0,30852,0,5,0,0,0,0,0,0
104,2586210593,4105,0,0,0,0,66763400,66876700,2948,0,0,0,0,30852,0,5,0,0,0,0,0,0
105,591918370,4106,0,0,0,0,67086650,67203350,2569,0,0,0,0,30852,0,5,0,0,0,0,0,0
106,8814317,4107,0,0,0,0,66438250,66552100,2853,0,0,0,0,30852,0,5,0,0,0,0,0,0
107,2340504196,4108,0,0,0,0,66015200,66879550,2691,0,0,0,0,30852,0,5,0,0,0,0,0,0
108,3523076009,4109,0,0,0,0,66768750,66877050,2859,0,0,0,0,30852,0,5,0,0,0,0,0,0
109,1961669028,4110,0,0,0,0,66764400,66877550,3048,0,0,0,0,30852,0,5,0,0,0,0,0,0
110,1037581603,4111,0,0,0,0,66765950,66875550,2857,0,0,0,0,30852,0,5,0,0,0,0,0,0
111,2701024588,4112,0,0,0,0,66768450,66876550,2966,0,0,0,0,30852,0,5,0,0,0,0,0,0
112,215037203,4113,0,0,0,0,66948750,67061500,1767,0,0,0,0,30852,0,5,0,0,0,0,0,0
113,3696282862,4114,0,0,0,0,66571300,66691950,2388,0,0,0,0,30852,0,5,0,0,0,0,0,0
114,2829142928,4115,0,0,0,0,66768750,66878500,2895,0,0,0,0,30852,0,5,0,0,0,0,0,0
115,3204762949,4116,0,0,0,0,66766450,66874600,2893,0,0,0,0,30852,0,5,0,0,0,0,0,0
116,3297489190,4117,0,0,0,0,66766400,66878150,2946,0,0,0,0,30852,0,5,0,0,0,0,0,0
117,1691704917,4118,0,0,0,0,66766350,66877500,2477,0,0,0,0,30852,0,5,0,0,0,0,0,0
118,663957814,4119,0,0,0,0,66766200,66878900,2996,0,0,0,0,30852,0,5,0,0,0,0,0,0
119,3058583827,4120,0,0,0,0,66805550,66919050,2825,0,0,0,0,30852,0,5,0,0,0,0,0,0
120,838545270,4121,0,0,0,0,66725500,66837450,2686,0,0,0,0,30852,0,5,0,0,0,0,0,0
121,3608912039,4122,0,0,0,0,66745600,66871500,2845,0,0,0,0,30852,0,5,0,0,0,0,0,0
122,4080159716,4123,0,0,0,0,66768900,66879000,2830,0,0,0,0,30852,0,5,0,0,0,0,0,0
123,1056027075,4124,0,0,0,0,66770000,66880000,3011,0,0,0,0,30852,0,5,0,0,0,0,0,0
124,4057021248,4125,0,0,0,0,66758050,66873300,2911,0,0,0,0,31172,0,5,0,0,0,0,0,0
125,2686741161,4126,0,0,0,0,66767050,66879750,2795,0,0,0,0,31172,0,5,0,0,0,0,0,0
126,3870849660,4127,0,0,0,0,66760600,66874800,2839,0,0,0,0,31172,0,5,0,0,0,0,0,0
127,293449641,4128,0,0,0,0,66767650,66880350,3049,0,0,0,0,30852,0,5,0,0,0,0,0,0
128,596064266,4129,0,0,0,0,66763900,66873100,1047,0,0,0,0,30852,0,5,0,0,0,0,0,0
129,3715495249,4130,0,0,0,0,66763450,66879450,2928,0,0,0,0,30852,0,5,0,0,0,0,0,0
130,244680018,4131,0,0,0,0,66009000,66878800,2791,0,0,0,0,30852,0,5,0,0,0,0,0,0
131,4080661783,4132,0,0,0,0,66363050,66875400,2852,0,0,0,0,30852,0,5,0,0,0,0,0,0
132,4006730450,4133,0,0,0,0,66760700,66878550,2901,0,0,0,0,30852,0,5,0,0,0,0,0,0
133,3864584507,4134,0,0,0,0,66762450,66874350,2897,0,0,0,0,30852,0,5,0,0,0,0,0,0
134,2711027320,4135,0,0,0,0,66764950,66877650,2971,0,0,0,0,30852,0,5,0,0,0,0,0,0
135,4099079087,4136,0,0,0,0,66764600,66878800,2916,0,0,0,0,30852,0,5,0,0,0,0,0,0
136,565333772,4137,0,0,0,0,66769800,66877800,2568,0,0,0,0,30852,0,5,0,0,0,0,0,0
137,1028518269,4138,0,0,0,0,67323500,67435150,2998,0,0,0,0,30852,0,5,0,0,0,0,0,0
138,2252688136,4139,0,0,0,0,66202500,66319450,2942,0,0,0,0,30852,0,5,0,0,0,0,0,0
139,578597309,4140,0,0,0,0,66765300,66875450,2905,0,0,0,0,30852,0,5,0,0,0,0,0,0
140,3624439358,4141,0,0,0,0,66764600,66874950,2910,0,0,0,0,30852,0,5,0,0,0,0,0,0
141,3514067501,4142,0,0,0,0,66765500,66878600,2971,0,0,0,0,30852,0,5,0,0,0,0,0,0
142,2741972910,4143,0,0,0,0,66764950,66879600,2935,0,0,0,0,30852,0,5,0,0,0,0,0,0
143,28497579,4144,0,0,0,0,66764350,66874650,1154,0,0,0,0,30852,0,5,0,0,0,0,0,0
144,466729326,4145,0,0,0,0,66884550,66999650,2861,0,0,0,0,30852,0,5,0,0,0,0,0,0
145,3425349295,4146,0,0,0,0,66643750,66756550,3009,0,0,0,0,30852,0,5,0,0,0,0,0,0
146,1537640620,4147,0,0,0,0,66765050,66876500,2889,0,0,0,0,30852,0,5,0,0,0,0,0,0
147,1853842891,4148,0,0,0,0,66763000,66874950,2871,0,0,0,0,30852,0,5,0,0,0,0,0,0
148,1177024904,4149,0,0,0,0,66764800,66877450,2997,0,0,0,0,31172,0,5,0,0,0,0,0,0
149,4106734849,4150,0,0,0,0,66763550,66877400,2904,0,0,0,0,31172,0,5,0,0,0,0,0,0
150,2025356500,4151,0,0,0,0,66766650,66879150,2771,0,0,0,0,31172,0,5,0,0,0,0,0,0
151,2189605121,4152,0,0,0,0,66769350,66877250,2511,0,0,0,0,30852,0,5,0,0,0,0,0,0
152,4086136290,4153,0,0,0,0,66763900,66875600,3035,0,0,0,0,30852,0,5,0,0,0,0,0,0
153,4036669705,4154,0,0,0,0,65254300,66875200,2571,0,0,0,0,30852,0,5,0,0,0,0,0,0
154,4167980074,4155,0,0,0,0,66763200,66877500,2943,0,0,0,0,30852,0,5,0,0,0,0,0,0
155,51187407,4156,0,0,0,0,66766950,66878850,3016,0,0,0,0,30852,0,5,0,0,0,0,0,0
156,2242638442,4157,0,0,0,0,66329700,66876650,2862,0,0,0,0,30852,0,5,0,0,0,0,0,0
157,2730108163,4158,0,0,0,0,66767400,66876850,2905,0,0,0,0,30852,0,5,0,0,0,0,0,0
158,2718743917,4159,0,0,0,0,66772250,66882150,1419,0,0,0,0,30852,0,5,0,0,0,0,0,0
159,3391709842,4160,0,0,0,0,66748050,66871750,2523,0,0,0,0,30852,0,5,0,0,0,0,0,0
160,1164604273,4161,0,0,0,0,66772250,66880550,2863,0,0,0,0,30852,0,5,0,0,0,0,0,0
161,2148591176,4162,0,0,0,0,66762100,66873900,2957,0,0,0,0,30852,0,5,0,0,0,0,0,0
162,4192737573,4163,0,0,0,0,67098100,67210900,2880,0,0,0,0,30852,0,5,0,0,0,0,0,0
163,535584840,4164,0,0,0,0,66431800,66546450,2939,0,0,0,0,30852,0,5,0,0,0,0,0,0
164,3430794475,4165,0,0,0,0,66769450,66877650,2874,0,0,0,0,30852,0,5,0,0,0,0,0,0
165,776323552,4166,0,0,0,0,66767850,66877750,2860,0,0,0,0,30852,0,5,0,0,0,0,0,0
166,3330991427,4167,0,0,0,0,66758950,66876500,2673,0,0,0,0,30852,0,5,0,0,0,0,0,0
167,3282074430,4168,0,0,0,0,66745150,66875600,2865,0,0,0,0,30852,0,5,0,0,0,0,0,0
168,2597814595,4169,0,0,0,0,66765150,66877000,2964,0,0,0,0,30852,0,5,0,0,0,0,0,0
169,2225601370,4170,0,0,0,0,66945850,67058850,2850,0,0,0,0,30852,0,5,0,0,0,0,0,0
170,3716853465,4171,0,0,0,0,66582400,66696450,2978,0,0,0,0,30852,0,5,0,0,0,0,0,0
171,1080675697,4172,0,0,0,0,66761650,66875000,3087,0,0,0,0,30212,0,5,0,0,0,0,0,0
172,219920238,4173,0,0,0,0,66768100,66879050,2959,0,0,0,0,30212,0,5,0,0,0,0,0,0
173,3070385651,4174,0,0,0,0,66759900,66876600,3171,0,0,0,0,30212,0,5,0,0,0,0,0,0
174,2609556270,4175,0,0,0,0,66764400,66876500,1254,0,0,0,0,30212,0,5,0,0,0,0,0,0
175,141401383,4176,0,0,0,0,66764000,66877050,3001,0,0,0,0,30212,0,5,0,0,0,0,0,0
176,3034105280,4177,0,0,0,0,67098100,67211950,2729,0,0,0,0,30212,0,5,0,0,0,0,0,0
177,3029196371,4178,0,0,0,0,66413600,66543000,3085,0,0,0,0,30212,0,5,0,0,0,0,0,0
178,699378668,4179,0,0,0,0,66765400,66877250,2902,0,0,0,0,30212,0,5,0,0,0,0,0,0
179,2402609405,4180,0,0,0,0,66770450,66878800,2987,0,0,0,0,30212,0,5,0,0,0,0,0,0
CSV_END

STUDY_DONE_5f82e9aefd8a=0
# 