/tmp/app-if17 --transport apb --state-frame 0 --dma-minimum 64 --frames 180 --warmup 30 --wait spin --profile frame --csv /tmp/transport-frames.csv --replay --dump /tmp/transport-frame.raw && printf "CSV_BEGIN\n" && cat /tmp/transport-frames.csv && printf "CSV_END\n"; study_status=$?; printf "\nSTUDY_DONE_213e80b4a1b6=%s\n" "$study_status"
TRANSPORT mode=apb dma_minimum=64
BEGIN_BREAKOUT frames=180 warmup=30 fixed=1 blocks=40 tiles=1 hud=1 wait=spin replay=1 state_frame=0 profile=frame pixel_centers=1 clock_call_ns=5297
HW_COUNTERS unavailable
RESULT frames=180 elapsed_s=3.042879750 fps=59.154490 logic_ms=0.000000 api_ms=0.000000 swap_ms=0.000000 wait_ms=0.000000 worker_inclusive_ms=0.000000 upload_inclusive_ms=0.000000 write_ms=0.000000 bytes_per_frame=30420.00 p50_ms=16.719200 p95_ms=16.990650 max_ms=33.441200 late_60hz=166 first_count=2435 last_count=2614 state_hash=de3c9d08 remaining=40 score=0
RENDER_PATH retained=0 grouped=0 quads=0 full_frames=0
FRAME_CHECK count=2614 address=9fe00000 fnv1a=16e1fedb pixels=307200 mismatches=0
BREAKOUT_PASS
CSV_BEGIN
frame,state_hash,display_count,logic_ns,api_ns,swap_ns,wait_ns,total_ns,completion_interval_ns,polls,worker_inclusive_ns,upload_inclusive_ns,write_ns,read_ns,write_bytes,read_bytes,write_calls,read_calls,dma_copy_ns,dma_launch_ns,dma_completion_wait_ns,dma_bytes,dma_lists
0,3728514312,2435,0,0,0,0,16679300,16691700,597,0,0,0,0,30420,0,3,0,0,0,0,0,0
1,3728514312,2436,0,0,0,0,16598200,16717800,958,0,0,0,0,30420,0,3,0,0,0,0,0,0
2,3728514312,2437,0,0,0,0,16832050,16929300,884,0,0,0,0,30420,0,3,0,0,0,0,0,0
3,3728514312,2438,0,0,0,0,16392850,16508000,933,0,0,0,0,30420,0,3,0,0,0,0,0,0
4,3728514312,2439,0,0,0,0,16610550,16721150,978,0,0,0,0,30420,0,3,0,0,0,0,0,0
5,3728514312,2440,0,0,0,0,16604200,16717700,988,0,0,0,0,30420,0,3,0,0,0,0,0,0
6,3728514312,2441,0,0,0,0,16622350,16719150,927,0,0,0,0,30420,0,3,0,0,0,0,0,0
7,3728514312,2442,0,0,0,0,16609750,16722250,967,0,0,0,0,30420,0,3,0,0,0,0,0,0
8,3728514312,2443,0,0,0,0,15385500,16718250,709,0,0,0,0,30420,0,3,0,0,0,0,0,0
9,3728514312,2444,0,0,0,0,16594350,16719850,994,0,0,0,0,30420,0,3,0,0,0,0,0,0
10,3728514312,2445,0,0,0,0,16604650,16719650,1012,0,0,0,0,30420,0,3,0,0,0,0,0,0
11,3728514312,2446,0,0,0,0,16607650,16718000,1035,0,0,0,0,30420,0,3,0,0,0,0,0,0
12,3728514312,2447,0,0,0,0,16607400,16720450,826,0,0,0,0,30420,0,3,0,0,0,0,0,0
13,3728514312,2448,0,0,0,0,16754250,16870850,894,0,0,0,0,30420,0,3,0,0,0,0,0,0
14,3728514312,2449,0,0,0,0,16453850,16567900,936,0,0,0,0,30420,0,3,0,0,0,0,0,0
15,3728514312,2450,0,0,0,0,16615800,16716300,950,0,0,0,0,30420,0,3,0,0,0,0,0,0
16,3728514312,2451,0,0,0,0,16610800,16722800,976,0,0,0,0,30420,0,3,0,0,0,0,0,0
17,3728514312,2452,0,0,0,0,16601550,16717600,969,0,0,0,0,30420,0,3,0,0,0,0,0,0
18,3728514312,2453,0,0,0,0,16615750,16721100,947,0,0,0,0,30420,0,3,0,0,0,0,0,0
19,3728514312,2454,0,0,0,0,16605650,16719200,883,0,0,0,0,30420,0,3,0,0,0,0,0,0
20,3728514312,2455,0,0,0,0,16605200,16720000,1027,0,0,0,0,30420,0,3,0,0,0,0,0,0
21,3728514312,2456,0,0,0,0,16605650,16718900,991,0,0,0,0,30420,0,3,0,0,0,0,0,0
22,3728514312,2457,0,0,0,0,16604050,16717300,1021,0,0,0,0,30420,0,3,0,0,0,0,0,0
23,3728514312,2458,0,0,0,0,16603600,16718700,968,0,0,0,0,30420,0,3,0,0,0,0,0,0
24,3728514312,2459,0,0,0,0,16897000,17008100,797,0,0,0,0,30420,0,3,0,0,0,0,0,0
25,3728514312,2460,0,0,0,0,16318200,16431500,919,0,0,0,0,30420,0,3,0,0,0,0,0,0
26,3728514312,2461,0,0,0,0,16606450,16718300,1019,0,0,0,0,30420,0,3,0,0,0,0,0,0
27,3728514312,2462,0,0,0,0,16610450,16721100,964,0,0,0,0,30420,0,3,0,0,0,0,0,0
28,3728514312,2463,0,0,0,0,16604100,16717300,959,0,0,0,0,30420,0,3,0,0,0,0,0,0
29,3728514312,2464,0,0,0,0,16605350,16720700,978,0,0,0,0,30420,0,3,0,0,0,0,0,0
30,3728514312,2465,0,0,0,0,18020900,18131900,853,0,0,0,0,30420,0,3,0,0,0,0,0,0
31,3728514312,2466,0,0,0,0,14427400,15306000,428,0,0,0,0,30420,0,3,0,0,0,0,0,0
32,3728514312,2467,0,0,0,0,16603300,16721200,1016,0,0,0,0,30420,0,3,0,0,0,0,0,0
33,3728514312,2468,0,0,0,0,16603250,16718800,1040,0,0,0,0,30420,0,3,0,0,0,0,0,0
34,3728514312,2469,0,0,0,0,16621650,16717150,913,0,0,0,0,30420,0,3,0,0,0,0,0,0
35,3728514312,2470,0,0,0,0,16938800,17049150,950,0,0,0,0,30420,0,3,0,0,0,0,0,0
36,3728514312,2471,0,0,0,0,16280800,16393250,842,0,0,0,0,30420,0,3,0,0,0,0,0,0
37,3728514312,2472,0,0,0,0,16599550,16717700,950,0,0,0,0,30420,0,3,0,0,0,0,0,0
38,3728514312,2473,0,0,0,0,16606050,16718750,970,0,0,0,0,30420,0,3,0,0,0,0,0,0
39,3728514312,2474,0,0,0,0,16610100,16716450,1036,0,0,0,0,30420,0,3,0,0,0,0,0,0
40,3728514312,2475,0,0,0,0,16613550,16721200,940,0,0,0,0,30420,0,3,0,0,0,0,0,0
41,3728514312,2476,0,0,0,0,16623300,16738800,885,0,0,0,0,30420,0,3,0,0,0,0,0,0
42,3728514312,2477,0,0,0,0,16592100,16701850,977,0,0,0,0,30420,0,3,0,0,0,0,0,0
43,3728514312,2478,0,0,0,0,16609500,16716950,956,0,0,0,0,30420,0,3,0,0,0,0,0,0
44,3728514312,2479,0,0,0,0,16610450,16720450,984,0,0,0,0,30420,0,3,0,0,0,0,0,0
45,3728514312,2480,0,0,0,0,16603650,16717550,974,0,0,0,0,30420,0,3,0,0,0,0,0,0
46,3728514312,2481,0,0,0,0,16615650,16721500,910,0,0,0,0,30420,0,3,0,0,0,0,0,0
47,3728514312,2482,0,0,0,0,16202200,16718700,905,0,0,0,0,30420,0,3,0,0,0,0,0,0
48,3728514312,2483,0,0,0,0,16609000,16718250,1031,0,0,0,0,30420,0,3,0,0,0,0,0,0
49,3728514312,2484,0,0,0,0,16606450,16717800,903,0,0,0,0,30420,0,3,0,0,0,0,0,0
50,3728514312,2485,0,0,0,0,16612500,16722350,1024,0,0,0,0,30420,0,3,0,0,0,0,0,0
51,3728514312,2486,0,0,0,0,16619200,16716150,976,0,0,0,0,30420,0,3,0,0,0,0,0,0
52,3728514312,2487,0,0,0,0,33343000,33440150,2721,0,0,0,0,30420,0,3,0,0,0,0,0,0
53,3728514312,2488,0,0,0,0,16604950,16719850,979,0,0,0,0,30420,0,3,0,0,0,0,0,0
54,3728514312,2489,0,0,0,0,15830450,16720200,713,0,0,0,0,30420,0,3,0,0,0,0,0,0
55,3728514312,2490,0,0,0,0,16601600,16718750,963,0,0,0,0,30420,0,3,0,0,0,0,0,0
56,3728514312,2491,0,0,0,0,16610700,16717150,969,0,0,0,0,30420,0,3,0,0,0,0,0,0
57,3728514312,2492,0,0,0,0,16604800,16720000,864,0,0,0,0,30420,0,3,0,0,0,0,0,0
58,3728514312,2493,0,0,0,0,16608100,16722100,1013,0,0,0,0,30420,0,3,0,0,0,0,0,0
59,3728514312,2494,0,0,0,0,16606550,16715250,1034,0,0,0,0,30420,0,3,0,0,0,0,0,0
60,3728514312,2495,0,0,0,0,16611950,16720800,605,0,0,0,0,30420,0,3,0,0,0,0,0,0
61,3728514312,2496,0,0,0,0,16601550,16719100,906,0,0,0,0,30420,0,3,0,0,0,0,0,0
62,3728514312,2497,0,0,0,0,16797850,16908650,893,0,0,0,0,30420,0,3,0,0,0,0,0,0
63,3728514312,2498,0,0,0,0,16419150,16531250,943,0,0,0,0,30420,0,3,0,0,0,0,0,0
64,3728514312,2499,0,0,0,0,16623700,16720700,950,0,0,0,0,30420,0,3,0,0,0,0,0,0
65,3728514312,2500,0,0,0,0,16605050,16717000,992,0,0,0,0,30420,0,3,0,0,0,0,0,0
66,3728514312,2501,0,0,0,0,16615650,16720500,961,0,0,0,0,30420,0,3,0,0,0,0,0,0
67,3728514312,2502,0,0,0,0,16607450,16716100,934,0,0,0,0,30420,0,3,0,0,0,0,0,0
68,3728514312,2503,0,0,0,0,16610600,16722950,871,0,0,0,0,30420,0,3,0,0,0,0,0,0
69,3728514312,2504,0,0,0,0,16611950,16719400,985,0,0,0,0,30420,0,3,0,0,0,0,0,0
70,3728514312,2505,0,0,0,0,16611650,16718100,989,0,0,0,0,30420,0,3,0,0,0,0,0,0
71,3728514312,2506,0,0,0,0,16608150,16719250,1040,0,0,0,0,30420,0,3,0,0,0,0,0,0
72,3728514312,2507,0,0,0,0,16608800,16719600,965,0,0,0,0,30420,0,3,0,0,0,0,0,0
73,3728514312,2508,0,0,0,0,16882750,16990650,809,0,0,0,0,30420,0,3,0,0,0,0,0,0
74,3728514312,2509,0,0,0,0,16338200,16447100,918,0,0,0,0,30420,0,3,0,0,0,0,0,0
75,3728514312,2510,0,0,0,0,16611000,16718250,1039,0,0,0,0,30420,0,3,0,0,0,0,0,0
76,3728514312,2511,0,0,0,0,16610850,16721400,947,0,0,0,0,30420,0,3,0,0,0,0,0,0
77,3728514312,2512,0,0,0,0,15815200,16718600,729,0,0,0,0,30420,0,3,0,0,0,0,0,0
78,3728514312,2513,0,0,0,0,16599900,16718100,963,0,0,0,0,30420,0,3,0,0,0,0,0,0
79,3728514312,2514,0,0,0,0,16611100,16718600,844,0,0,0,0,30420,0,3,0,0,0,0,0,0
80,3728514312,2515,0,0,0,0,16606150,16719300,972,0,0,0,0,30420,0,3,0,0,0,0,0,0
81,3728514312,2516,0,0,0,0,16609150,16722650,1025,0,0,0,0,30420,0,3,0,0,0,0,0,0
82,3728514312,2517,0,0,0,0,16608600,16719600,996,0,0,0,0,30420,0,3,0,0,0,0,0,0
83,3728514312,2518,0,0,0,0,16606000,16715000,962,0,0,0,0,30420,0,3,0,0,0,0,0,0
84,3728514312,2519,0,0,0,0,16977950,17084400,941,0,0,0,0,30420,0,3,0,0,0,0,0,0
85,3728514312,2520,0,0,0,0,16245050,16359100,792,0,0,0,0,30420,0,3,0,0,0,0,0,0
86,3728514312,2521,0,0,0,0,16601000,16715050,1007,0,0,0,0,30420,0,3,0,0,0,0,0,0
87,3728514312,2522,0,0,0,0,16622200,16721900,1034,0,0,0,0,30420,0,3,0,0,0,0,0,0
88,3728514312,2523,0,0,0,0,16611300,16717550,971,0,0,0,0,30420,0,3,0,0,0,0,0,0
89,3728514312,2524,0,0,0,0,16610150,16717900,931,0,0,0,0,30420,0,3,0,0,0,0,0,0
90,3728514312,2525,0,0,0,0,16655900,16765250,881,0,0,0,0,30420,0,3,0,0,0,0,0,0
91,3728514312,2526,0,0,0,0,16566150,16675750,655,0,0,0,0,30420,0,3,0,0,0,0,0,0
92,3728514312,2527,0,0,0,0,16602550,16718800,979,0,0,0,0,30420,0,3,0,0,0,0,0,0
93,3728514312,2528,0,0,0,0,16606850,16718150,985,0,0,0,0,30420,0,3,0,0,0,0,0,0
94,3728514312,2529,0,0,0,0,16623700,16719200,964,0,0,0,0,30420,0,3,0,0,0,0,0,0
95,3728514312,2530,0,0,0,0,16615650,16721900,937,0,0,0,0,30420,0,3,0,0,0,0,0,0
96,3728514312,2531,0,0,0,0,16172050,16717450,890,0,0,0,0,30420,0,3,0,0,0,0,0,0
97,3728514312,2532,0,0,0,0,16607850,16720550,1042,0,0,0,0,30420,0,3,0,0,0,0,0,0
98,3728514312,2533,0,0,0,0,16608900,16719850,897,0,0,0,0,30420,0,3,0,0,0,0,0,0
99,3728514312,2534,0,0,0,0,16606850,16718300,1039,0,0,0,0,30420,0,3,0,0,0,0,0,0
100,3728514312,2535,0,0,0,0,16620300,16719050,975,0,0,0,0,30420,0,3,0,0,0,0,0,0
101,3728514312,2536,0,0,0,0,13998850,17094950,307,0,0,0,0,30420,0,3,0,0,0,0,0,0
102,3728514312,2537,0,0,0,0,16228500,16343450,933,0,0,0,0,30420,0,3,0,0,0,0,0,0
103,3728514312,2538,0,0,0,0,16609050,16721300,985,0,0,0,0,30420,0,3,0,0,0,0,0,0
104,3728514312,2539,0,0,0,0,16606450,16718900,935,0,0,0,0,30420,0,3,0,0,0,0,0,0
105,3728514312,2540,0,0,0,0,16604750,16718200,963,0,0,0,0,30420,0,3,0,0,0,0,0,0
106,3728514312,2541,0,0,0,0,16614050,16716750,981,0,0,0,0,30420,0,3,0,0,0,0,0,0
107,3728514312,2542,0,0,0,0,16610050,16719750,846,0,0,0,0,30420,0,3,0,0,0,0,0,0
108,3728514312,2543,0,0,0,0,16603800,16719100,1019,0,0,0,0,30420,0,3,0,0,0,0,0,0
109,3728514312,2544,0,0,0,0,16610100,16720300,1033,0,0,0,0,30420,0,3,0,0,0,0,0,0
110,3728514312,2545,0,0,0,0,16616450,16721500,907,0,0,0,0,30420,0,3,0,0,0,0,0,0
111,3728514312,2546,0,0,0,0,16603700,16716250,956,0,0,0,0,30420,0,3,0,0,0,0,0,0
112,3728514312,2547,0,0,0,0,33331400,33441200,2905,0,0,0,0,30420,0,3,0,0,0,0,0,0
113,3728514312,2548,0,0,0,0,16601200,16716950,964,0,0,0,0,30420,0,3,0,0,0,0,0,0
114,3728514312,2549,0,0,0,0,16616100,16722450,991,0,0,0,0,30420,0,3,0,0,0,0,0,0
115,3728514312,2550,0,0,0,0,16609800,16719100,984,0,0,0,0,30420,0,3,0,0,0,0,0,0
116,3728514312,2551,0,0,0,0,16621950,16716100,932,0,0,0,0,30420,0,3,0,0,0,0,0,0
117,3728514312,2552,0,0,0,0,16610550,16718650,881,0,0,0,0,30420,0,3,0,0,0,0,0,0
118,3728514312,2553,0,0,0,0,16614000,16719900,982,0,0,0,0,30420,0,3,0,0,0,0,0,0
119,3728514312,2554,0,0,0,0,16611950,16721500,999,0,0,0,0,30420,0,3,0,0,0,0,0,0
120,3728514312,2555,0,0,0,0,16610500,16723050,744,0,0,0,0,30420,0,3,0,0,0,0,0,0
121,3728514312,2556,0,0,0,0,16595050,16715100,835,0,0,0,0,30420,0,3,0,0,0,0,0,0
122,3728514312,2557,0,0,0,0,16931100,17040400,801,0,0,0,0,30420,0,3,0,0,0,0,0,0
123,3728514312,2558,0,0,0,0,16287550,16398000,915,0,0,0,0,30420,0,3,0,0,0,0,0,0
124,3728514312,2559,0,0,0,0,15837800,16721450,767,0,0,0,0,30420,0,3,0,0,0,0,0,0
125,3728514312,2560,0,0,0,0,16603050,16718300,985,0,0,0,0,30420,0,3,0,0,0,0,0,0
126,3728514312,2561,0,0,0,0,16610950,16719150,969,0,0,0,0,30420,0,3,0,0,0,0,0,0
127,3728514312,2562,0,0,0,0,16615400,16720150,988,0,0,0,0,30420,0,3,0,0,0,0,0,0
128,3728514312,2563,0,0,0,0,16611200,16720150,830,0,0,0,0,30420,0,3,0,0,0,0,0,0
129,3728514312,2564,0,0,0,0,16601500,16717450,986,0,0,0,0,30420,0,3,0,0,0,0,0,0
130,3728514312,2565,0,0,0,0,16610850,16719850,1013,0,0,0,0,30420,0,3,0,0,0,0,0,0
131,3728514312,2566,0,0,0,0,16608950,16716250,959,0,0,0,0,30420,0,3,0,0,0,0,0,0
132,3728514312,2567,0,0,0,0,16611100,16721550,968,0,0,0,0,30420,0,3,0,0,0,0,0,0
133,3728514312,2568,0,0,0,0,16605650,16716600,964,0,0,0,0,30420,0,3,0,0,0,0,0,0
134,3728514312,2569,0,0,0,0,16191400,16719650,762,0,0,0,0,30420,0,3,0,0,0,0,0,0
135,3728514312,2570,0,0,0,0,16607900,16718650,1034,0,0,0,0,30420,0,3,0,0,0,0,0,0
136,3728514312,2571,0,0,0,0,16611450,16719250,1021,0,0,0,0,30420,0,3,0,0,0,0,0,0
137,3728514312,2572,0,0,0,0,16611950,16719850,1011,0,0,0,0,30420,0,3,0,0,0,0,0,0
138,3728514312,2573,0,0,0,0,16614150,16721000,976,0,0,0,0,30420,0,3,0,0,0,0,0,0
139,3728514312,2574,0,0,0,0,16698650,16809800,898,0,0,0,0,30420,0,3,0,0,0,0,0,0
140,3728514312,2575,0,0,0,0,16517600,16628450,930,0,0,0,0,30420,0,3,0,0,0,0,0,0
141,3728514312,2576,0,0,0,0,16610650,16719800,985,0,0,0,0,30420,0,3,0,0,0,0,0,0
142,3728514312,2577,0,0,0,0,16615650,16720150,985,0,0,0,0,30420,0,3,0,0,0,0,0,0
143,3728514312,2578,0,0,0,0,16612000,16720200,967,0,0,0,0,30420,0,3,0,0,0,0,0,0
144,3728514312,2579,0,0,0,0,16606650,16715400,924,0,0,0,0,30420,0,3,0,0,0,0,0,0
145,3728514312,2580,0,0,0,0,16610150,16722200,894,0,0,0,0,30420,0,3,0,0,0,0,0,0
146,3728514312,2581,0,0,0,0,16613600,16719400,976,0,0,0,0,30420,0,3,0,0,0,0,0,0
147,3728514312,2582,0,0,0,0,15820700,16718450,722,0,0,0,0,30420,0,3,0,0,0,0,0,0
148,3728514312,2583,0,0,0,0,16604500,16720100,1018,0,0,0,0,30420,0,3,0,0,0,0,0,0
149,3728514312,2584,0,0,0,0,16608450,16718800,974,0,0,0,0,30420,0,3,0,0,0,0,0,0
150,3728514312,2585,0,0,0,0,16796900,16900050,851,0,0,0,0,30420,0,3,0,0,0,0,0,0
151,3728514312,2586,0,0,0,0,16428450,16540500,531,0,0,0,0,30420,0,3,0,0,0,0,0,0
152,3728514312,2587,0,0,0,0,16589800,16715200,962,0,0,0,0,30420,0,3,0,0,0,0,0,0
153,3728514312,2588,0,0,0,0,16607650,16720000,945,0,0,0,0,30420,0,3,0,0,0,0,0,0
154,3728514312,2589,0,0,0,0,16610550,16718050,959,0,0,0,0,30420,0,3,0,0,0,0,0,0
155,3728514312,2590,0,0,0,0,16615500,16721550,984,0,0,0,0,30420,0,3,0,0,0,0,0,0
156,3728514312,2591,0,0,0,0,16609100,16716750,834,0,0,0,0,30420,0,3,0,0,0,0,0,0
157,3728514312,2592,0,0,0,0,16603550,16720050,982,0,0,0,0,30420,0,3,0,0,0,0,0,0
158,3728514312,2593,0,0,0,0,16613000,16721000,1015,0,0,0,0,30420,0,3,0,0,0,0,0,0
159,3728514312,2594,0,0,0,0,16611250,16717600,857,0,0,0,0,30420,0,3,0,0,0,0,0,0
160,3728514312,2595,0,0,0,0,16613050,16719550,961,0,0,0,0,30420,0,3,0,0,0,0,0,0
161,3728514312,2596,0,0,0,0,16874200,16983600,936,0,0,0,0,30420,0,3,0,0,0,0,0,0
162,3728514312,2597,0,0,0,0,16350050,16457400,886,0,0,0,0,30420,0,3,0,0,0,0,0,0
163,3728514312,2598,0,0,0,0,16608700,16719950,1028,0,0,0,0,30420,0,3,0,0,0,0,0,0
164,3728514312,2599,0,0,0,0,16608300,16717850,983,0,0,0,0,30420,0,3,0,0,0,0,0,0
165,3728514312,2600,0,0,0,0,16611700,16719400,949,0,0,0,0,30420,0,3,0,0,0,0,0,0
166,3728514312,2601,0,0,0,0,16611150,16719800,965,0,0,0,0,30420,0,3,0,0,0,0,0,0
167,3728514312,2602,0,0,0,0,16608350,16716850,874,0,0,0,0,30420,0,3,0,0,0,0,0,0
168,3728514312,2603,0,0,0,0,16607000,16722350,948,0,0,0,0,30420,0,3,0,0,0,0,0,0
169,3728514312,2604,0,0,0,0,16602450,16717050,1020,0,0,0,0,30420,0,3,0,0,0,0,0,0
170,3728514312,2605,0,0,0,0,16612550,16717550,1033,0,0,0,0,30420,0,3,0,0,0,0,0,0
171,3728514312,2606,0,0,0,0,16610800,16723700,912,0,0,0,0,30420,0,3,0,0,0,0,0,0
172,3728514312,2607,0,0,0,0,18748500,18863000,40,0,0,0,0,30420,0,3,0,0,0,0,0,0
173,3728514312,2608,0,0,0,0,14442900,14572100,390,0,0,0,0,30420,0,3,0,0,0,0,0,0
174,3728514312,2609,0,0,0,0,16608350,16719550,1019,0,0,0,0,30420,0,3,0,0,0,0,0,0
175,3728514312,2610,0,0,0,0,16607800,16721300,996,0,0,0,0,30420,0,3,0,0,0,0,0,0
176,3728514312,2611,0,0,0,0,16615450,16716250,974,0,0,0,0,30420,0,3,0,0,0,0,0,0
177,3728514312,2612,0,0,0,0,16606400,16720400,984,0,0,0,0,30420,0,3,0,0,0,0,0,0
178,3728514312,2613,0,0,0,0,16650250,16761200,839,0,0,0,0,30420,0,3,0,0,0,0,0,0
179,3728514312,2614,0,0,0,0,16575650,16676200,979,0,0,0,0,30420,0,3,0,0,0,0,0,0
CSV_END

STUDY_DONE_213e80b4a1b6=0
# 