/tmp/app-lto --transport apb --state-frame 1800 --frames 180 --warmup 30 --wait spin --profile detailed --csv /tmp/transport-frames.csv --grouped --dump /tmp/transport-frame.raw && printf "CSV_BEGIN\n" && cat /tmp/transport-frames.csv && printf "CSV_END\n"; study_status=$?; printf "\nSTUDY_DONE_b95e53653185=%s\n" "$study_status"
TRANSPORT mode=apb dma_minimum=64
BEGIN_BREAKOUT frames=180 warmup=30 fixed=0 blocks=40 tiles=1 hud=1 wait=spin replay=0 state_frame=1800 profile=detailed pixel_centers=1 clock_call_ns=4745
HW_COUNTERS unavailable
RESULT frames=180 elapsed_s=9.028390250 fps=19.937109 logic_ms=0.945699 api_ms=8.821039 swap_ms=27.686831 wait_ms=12.550673 worker_inclusive_ms=27.401250 upload_inclusive_ms=6.391520 write_ms=6.176425 bytes_per_frame=24140.89 p50_ms=50.157850 p95_ms=50.411300 max_ms=53.225400 late_60hz=180 first_count=3927 last_count=4106 state_hash=1022e19f remaining=21 score=190
RENDER_PATH retained=0 grouped=1 quads=10250 full_frames=180
FRAME_CHECK count=4106 address=9fe00000 fnv1a=9868c45b pixels=307200 mismatches=0
BREAKOUT_PASS
CSV_BEGIN
frame,state_hash,display_count,logic_ns,api_ns,swap_ns,wait_ns,total_ns,completion_interval_ns,polls,worker_inclusive_ns,upload_inclusive_ns,write_ns,read_ns,write_bytes,read_bytes,write_calls,read_calls,dma_copy_ns,dma_launch_ns,dma_completion_wait_ns,dma_bytes,dma_lists
0,2110160739,3927,818950,8805800,27981050,12519250,50125050,50134850,2406,27787400,6236000,6039650,0,24452,0,5,0,0,0,0,0,0
1,1693181783,3928,805600,8834800,27525150,12494750,49660300,50157850,2420,27342850,6367150,6168800,0,24452,0,5,0,0,0,0,0,0
2,802378003,3929,808050,8706000,28966050,11655000,50135100,50242150,2249,28777900,6733950,6526100,0,24452,0,5,0,0,0,0,0,0
3,773631361,3930,816050,8730000,27561450,12854900,49962400,50070100,2497,27377400,6231900,6033100,0,24452,0,5,0,0,0,0,0,0
4,3600043099,3931,809900,9409800,27922350,11911950,50054000,50158400,2305,27735350,6720000,6510000,0,24452,0,5,0,0,0,0,0,0
5,1618316913,3932,812650,8721050,27493600,13026000,50053300,50160950,2531,27304500,6212450,6008300,0,24452,0,5,0,0,0,0,0,0
6,201713393,3933,803850,9347550,28252200,11642050,50045650,50153450,2239,28064950,7078550,6864650,0,24452,0,5,0,0,0,0,0,0
7,2011502881,3934,808850,10068550,29514050,9663300,50054750,50162150,825,28250950,7255350,7052850,0,24452,0,5,0,0,0,0,0,0
8,3125474025,3935,2349050,8764500,27452050,11456100,50021700,50154050,2193,27260200,6254800,6053500,0,24452,0,5,0,0,0,0,0,0
9,1342287211,3936,810300,8702050,27686950,12853550,50052850,50160600,2482,27492000,6554850,6325100,0,24452,0,5,0,0,0,0,0,0
10,3857196809,3937,1382800,8630300,27859000,12173150,50045250,50154850,2263,27666550,6608400,6402300,0,24452,0,5,0,0,0,0,0,0
11,2240049260,3938,820050,8605600,27183600,13439400,50048650,50160150,2609,26982800,6356350,6136400,0,24132,0,5,0,0,0,0,0,0
12,1815897908,3939,1298100,8559450,27640500,12550700,50048750,50156050,2432,27453200,6675950,6460750,0,24132,0,5,0,0,0,0,0,0
13,648884648,3940,804300,8615650,27338100,13651950,50410000,50520150,2567,27139700,5782900,5589550,0,24132,0,5,0,0,0,0,0,0
14,2931991803,3941,844700,8749050,27059000,12312000,48964750,49796850,2307,26874300,6323400,6121950,0,24132,0,5,0,0,0,0,0,0
15,4227589206,3942,802000,8651200,27882850,12749350,50085400,50195650,2369,27687350,6288900,6090250,0,24132,0,5,0,0,0,0,0,0
16,1986714807,3943,803300,8596000,27649750,12964400,50013450,50118200,2515,27454800,6761950,6552800,0,24132,0,5,0,0,0,0,0,0
17,28333542,3944,804400,8561750,29724800,10960450,50051400,50160600,2080,28777500,6366550,6169450,0,24132,0,5,0,0,0,0,0,0
18,842458438,3945,813050,8650150,27148950,13436900,50049050,50158600,2587,26973800,6355700,6146300,0,24132,0,5,0,0,0,0,0,0
19,4035787358,3946,801800,9577200,27494950,12172650,50046600,50154600,2322,27298950,6639550,6432250,0,24132,0,5,0,0,0,0,0,0
20,3966921526,3947,804800,8576850,26954650,13716300,50052600,50160550,2646,26763150,6226300,6018850,0,24132,0,5,0,0,0,0,0,0
21,3331783808,3948,1404500,8482100,27477950,12684150,50048700,50157850,2439,26709950,6068000,5863100,0,24132,0,5,0,0,0,0,0,0
22,1855912102,3949,804300,8582200,26810700,13850400,50047600,50157200,2681,26617450,6100650,5896550,0,24132,0,5,0,0,0,0,0,0
23,3437663592,3950,1365800,8527800,27950050,12204850,50048500,50156300,2330,27751050,6668400,6462650,0,24132,0,5,0,0,0,0,0,0
24,3162062844,3951,809100,8568700,26681850,13990050,50049700,50157200,2735,26482450,6058650,5848100,0,24132,0,5,0,0,0,0,0,0
25,1213835568,3952,1399300,8564400,27548650,12539350,50051700,50159400,2432,27358150,6684400,6473400,0,24132,0,5,0,0,0,0,0,0
26,4133797692,3953,815900,8828300,27337250,13370150,50351600,50461600,2510,27146400,5979400,5793250,0,24132,0,5,0,0,0,0,0,0
27,256876650,3954,806400,8738400,29907800,10296700,49749300,49855300,1923,29707250,6186650,6005000,0,24452,0,5,0,0,0,0,0,0
28,482917404,3955,806700,8770950,35899750,4574300,50051700,50158100,777,29498650,6200500,6019350,0,24452,0,5,0,0,0,0,0,0
29,1264633954,3956,804750,8761800,27225800,13257100,50049450,50156000,2585,27039600,6314150,6105800,0,24132,0,5,0,0,0,0,0,0
30,3606135978,3957,807650,9402900,26863300,12976500,50050350,50158050,2424,26670850,6075100,5885200,0,24132,0,5,0,0,0,0,0,0
31,2630115922,3958,814400,8608050,27533100,13097650,50053200,50157800,2547,27346950,6141850,5931950,0,24132,0,5,0,0,0,0,0,0
32,3881483034,3959,821200,9177850,27601400,12448050,50048500,50156500,2428,26829750,6024300,5833000,0,24132,0,5,0,0,0,0,0,0
33,2944919204,3960,808400,8590100,27076250,13575000,50049750,50158850,2652,26885500,6199050,5996650,0,24132,0,5,0,0,0,0,0,0
34,646532490,3961,1434400,8505050,27629400,12482850,50051700,50160700,2428,27436350,6588600,6392250,0,24132,0,5,0,0,0,0,0,0
35,2877853796,3962,811350,8609250,27210150,13419050,50049800,50158000,2590,27024150,6353150,5258750,0,24132,0,5,0,0,0,0,0,0
36,1922367648,3963,1348900,8523100,27592850,12579750,50044600,50155400,2445,27395300,6644400,6436200,0,24132,0,5,0,0,0,0,0,0
37,1795563108,3964,843350,9480200,27117550,11892050,49333150,50161550,1933,26926350,6096700,5907700,0,24132,0,5,0,0,0,0,0,0
38,214631552,3965,1332700,8589750,27521000,12582750,50026200,50154250,2440,27328350,6476200,6264000,0,24132,0,5,0,0,0,0,0,0
39,1929726190,3966,820750,8651550,27756600,13075950,50304850,50411300,2355,27568300,6096150,5899300,0,24132,0,5,0,0,0,0,0,0
40,1190506064,3967,813550,8600800,27466700,12906900,49787950,49902750,2510,27277450,6470400,6256450,0,24132,0,5,0,0,0,0,0,0
41,3268351150,3968,812900,8607150,27794250,12838500,50052800,50160400,2398,27602050,6113850,5921100,0,24132,0,5,0,0,0,0,0,0
42,118037070,3969,814300,8592450,27427850,13213500,50048100,50156100,2575,27237300,6600000,6385600,0,24132,0,5,0,0,0,0,0,0
43,1955195062,3970,811500,9246950,27024350,12968000,50050800,50158900,2352,26825650,6230850,6038300,0,24132,0,5,0,0,0,0,0,0
44,1797432467,3971,815700,8570600,27202650,13459950,50048900,50159900,2623,27012450,6436000,6230850,0,24132,0,5,0,0,0,0,0,0
45,1035442557,3972,808350,9128400,26919750,13187800,50044300,50155350,2433,26724300,6082450,5885750,0,24132,0,5,0,0,0,0,0,0
46,2267612867,3973,819200,8605800,26843000,13777750,50045750,50156600,2658,26651600,6185050,5982800,0,24132,0,5,0,0,0,0,0,0
47,1217717069,3974,1416000,8531450,27446250,12915250,50308950,50418400,2212,27252600,6576350,6374700,0,24132,0,5,0,0,0,0,0,0
48,1461268009,3975,835550,8939600,33921950,6077800,49774900,49899900,1197,33723350,9918200,9686600,0,24132,0,5,0,0,0,0,0,0
49,2370304197,3976,1316950,8566700,27609250,12712250,50205150,50315700,2120,27419300,6651900,6443250,0,24132,0,5,0,0,0,0,0,0
50,655561417,3977,825150,9120750,27670900,12257500,49874300,50000350,2324,26717800,6154250,5966400,0,24132,0,5,0,0,0,0,0,0
51,524675839,3978,1287900,8564450,27452900,12741950,50047200,50156150,2446,27263300,6469800,6258950,0,24452,0,5,0,0,0,0,0,0
52,1155835041,3979,809550,8562700,28047350,12958450,50378050,50486950,2393,27853850,6130400,5935800,0,24452,0,5,0,0,0,0,0,0
53,214853719,3980,810900,8620250,27231050,13054950,49717150,49829250,2544,27039500,6318800,6112500,0,24132,0,5,0,0,0,0,0,0
54,3035389575,3981,823150,9462500,26831650,12931400,50048700,50157850,2419,26637250,6091100,5898850,0,24132,0,5,0,0,0,0,0,0
55,1549109231,3982,811850,8752300,27175050,13311200,50050400,50156650,2597,26988300,6312000,6100400,0,24132,0,5,0,0,0,0,0,0
56,66132623,3983,813700,9398100,27785550,12057800,50055150,50161400,2337,27587000,6611200,6408600,0,24132,0,5,0,0,0,0,0,0
57,3504604473,3984,818500,8718750,27065250,13440150,50042650,50153700,2621,26869250,6241450,6033800,0,24132,0,5,0,0,0,0,0,0
58,1691498415,3985,812600,10638800,27144100,11457250,50052750,50160400,2196,26945150,6134100,5939050,0,24132,0,5,0,0,0,0,0,0
59,4055346753,3986,805150,8602500,27041300,13599300,50048250,50157850,2659,26853550,6232700,6028200,0,24132,0,5,0,0,0,0,0,0
60,4185240021,3987,1417600,8505650,27988850,12137950,50050050,50158750,2348,27800750,6660850,6449050,0,24132,0,5,0,0,0,0,0,0
61,380494641,3988,1694400,8574850,27812900,10387100,48469250,50155350,2050,27622300,6672300,6470950,0,24132,0,5,0,0,0,0,0,0
62,648826037,3989,1333400,8513450,27661950,12537650,50046450,50156950,2432,27463450,6615550,6395400,0,24132,0,5,0,0,0,0,0,0
63,457329003,3990,815050,8639700,27305900,13291750,50052400,50160400,2578,27102600,5707750,5525350,0,24132,0,5,0,0,0,0,0,0
64,3359035981,3991,811050,8580000,27758700,12473950,49623700,50155600,2393,27571250,6774450,6557000,0,24132,0,5,0,0,0,0,0,0
65,1526400123,3992,805050,8636100,27791650,12958900,50191700,50299300,2426,27603900,6102400,5905950,0,24132,0,5,0,0,0,0,0,0
66,1691524227,3993,817150,8562000,27409750,13119100,49908000,50016300,2556,27228850,6432500,6218550,0,24132,0,5,0,0,0,0,0,0
67,1475349003,3994,811800,8596150,27807700,12837000,50052650,50158900,2397,26866350,6090850,5895550,0,24132,0,5,0,0,0,0,0,0
68,485644907,3995,809500,8571000,29645850,11028800,50055150,50161100,2006,29460400,6106000,5925250,0,24132,0,5,0,0,0,0,0,0
69,1050479637,3996,815250,15814600,27847850,5561950,50039650,50154050,994,27663800,6132000,5928800,0,24132,0,5,0,0,0,0,0,0
70,3204525547,3997,809300,8600250,27183200,13460150,50052900,50160850,2626,26999700,6405600,6198850,0,24132,0,5,0,0,0,0,0,0
71,4185398997,3998,807500,9096450,27604200,12539050,50047200,50155250,2440,26835450,6164200,5966100,0,24132,0,5,0,0,0,0,0,0
72,3094072225,3999,809500,8579750,27064950,13596950,50051150,50157300,2649,26877850,6394100,6186600,0,24132,0,5,0,0,0,0,0,0
73,1835371693,4000,1726500,8560900,27652450,12110200,50050050,50160550,2332,27450150,6746300,6541700,0,24132,0,5,0,0,0,0,0,0
74,2168771505,4001,814500,8567500,26656850,14002700,50041550,50154700,2703,26461050,6013350,5804850,0,24132,0,5,0,0,0,0,0,0
75,4059398759,4002,1302700,8532750,27658350,12557850,50051650,50161200,2398,27457550,6687000,6484300,0,24452,0,5,0,0,0,0,0,0
76,644479865,4003,816100,8576950,27056850,13598700,50048600,50157750,2606,26872150,6360200,6136300,0,24452,0,5,0,0,0,0,0,0
77,1914197423,4004,812550,8915900,27295400,12627900,49651750,50157550,2413,27100850,6389300,6185300,0,24132,0,5,0,0,0,0,0,0
78,430804047,4005,806350,8622650,29514300,11235700,50179000,50289800,2111,29323700,6741250,6543350,0,24132,0,5,0,0,0,0,0,0
79,3866048775,4006,810750,8580750,27511550,13015050,49918100,50025750,2506,27332350,6617500,6413450,0,24132,0,5,0,0,0,0,0,0
80,7140231,4007,817400,8615950,27679300,12936450,50049100,50159050,2387,26736700,6138350,5950050,0,24132,0,5,0,0,0,0,0,0
81,1511961547,4008,816450,8581350,27529600,13117750,50045150,50156750,2553,27332900,6256200,6054100,0,24132,0,5,0,0,0,0,0,0
82,376629139,4009,820700,9367550,26868750,12992450,50049450,50158450,2427,26679800,6074800,5884950,0,24132,0,5,0,0,0,0,0,0
83,1861594235,4010,816850,8749450,26928350,13550850,50045500,50155100,2649,26739950,6231150,6026150,0,24132,0,5,0,0,0,0,0,0
84,1702339483,4011,1622000,8820750,27089650,11801300,49333700,50159050,2273,26905200,6301900,6097750,0,24132,0,5,0,0,0,0,0,0
85,966101579,4012,808000,8770400,27399100,13070750,50048250,50157150,2534,27206100,6339750,6118150,0,24132,0,5,0,0,0,0,0,0
86,2786182811,4013,1395950,8662950,27511400,12477150,50047450,50157200,2423,27315000,6698850,6493950,0,24132,0,5,0,0,0,0,0,0
87,3655782539,4014,814000,8605800,26943100,13691350,50054250,50160400,2667,26739650,6105300,5883900,0,24132,0,5,0,0,0,0,0,0
88,3735461922,4015,1300400,8571500,27685050,12496450,50053400,50160700,2092,27491250,6667950,6455200,0,24132,0,5,0,0,0,0,0,0
89,270833838,4016,833000,8657900,35082600,5803150,50376650,50500950,1047,34876750,6541150,6332000,0,24132,0,5,0,0,0,0,0,0
90,930095294,4017,820050,8598450,27551000,12730650,49700150,49809950,2472,27364550,6526150,6313000,0,24132,0,5,0,0,0,0,0,0
91,1273808962,4018,808950,8628800,27936300,12713200,50087250,50193450,2371,27744850,6163300,5969250,0,24132,0,5,0,0,0,0,0,0
92,1953673858,4019,810250,8557850,27614350,13035300,50017750,50123700,2539,27420550,6615650,6407950,0,24132,0,5,0,0,0,0,0,0
93,4057475070,4020,808750,8573450,27859800,12807350,50049350,50158850,2298,26904700,6155900,5961200,0,24132,0,5,0,0,0,0,0,0
94,3372198854,4021,808800,8594850,27257650,13381600,50042900,50155000,2611,27062950,6248250,6040900,0,24132,0,5,0,0,0,0,0,0
95,2335202154,4022,810400,9170350,27077400,12992700,50050850,50157200,2425,26869400,6089000,5891750,0,24132,0,5,0,0,0,0,0,0
96,2170853250,4023,812500,8565550,27166850,13506600,50051500,50159200,2636,26971650,6256200,6046700,0,24132,0,5,0,0,0,0,0,0
97,1829955022,4024,1402450,8482550,27645600,12520950,50051550,50159650,2354,27439950,6632050,6427350,0,24132,0,5,0,0,0,0,0,0
98,1856045454,4025,812000,8591800,26933200,13703100,50040100,50156750,2676,26738300,6243450,6041000,0,24132,0,5,0,0,0,0,0,0
99,2544683154,4026,2681550,8668050,27152450,11549750,50051800,50159550,2206,26954650,6379900,6176750,0,24452,0,5,0,0,0,0,0,0
100,1531444578,4027,806450,8588050,27002450,13651700,50048650,50157900,2649,26806900,6327300,6109300,0,24452,0,5,0,0,0,0,0,0
101,1139277022,4028,1293150,8559850,27666650,12525700,50045350,50155950,2421,27466700,6746250,6538100,0,24132,0,5,0,0,0,0,0,0
102,2614530982,4029,814850,8995750,27673250,12864750,50348600,50459350,2366,27479650,6143050,5954150,0,24132,0,5,0,0,0,0,0,0
103,464765994,4030,804150,8599150,27467650,12873650,49744600,49855050,2466,27274350,6563150,6355700,0,24132,0,5,0,0,0,0,0,0
104,1592019490,4031,805300,8627600,27618350,12997400,50048650,50159300,2395,27428300,6094800,5903400,0,24132,0,5,0,0,0,0,0,0
105,66207950,4032,805100,8575100,27489850,13174200,50044250,50156800,2533,27296650,6556150,6347950,0,24132,0,5,0,0,0,0,0,0
106,2639428798,4033,801400,8521300,27936650,12787900,50047250,50160850,2347,26684250,6095600,5905300,0,24132,0,5,0,0,0,0,0,0
107,1495915330,4034,835850,8787200,26900700,12800300,49324050,50154550,2446,26706700,6138050,5929000,0,24132,0,5,0,0,0,0,0,0
108,4079891938,4035,801550,9226350,26913150,13109500,50050550,50160700,2423,26719200,6080250,5888500,0,24132,0,5,0,0,0,0,0,0
109,1204987230,4036,800050,8657050,29072350,14585850,53115300,53225400,1490,28877550,6098200,5916400,0,24132,0,5,0,0,0,0,0,0
110,949029318,4037,838350,10358350,27772350,8000900,46969950,47090200,1535,27578650,6520550,6315950,0,24132,0,5,0,0,0,0,0,0
111,2727127274,4038,801950,8778900,26746400,13724400,50051650,50158650,2675,26546700,6029750,5256350,0,24132,0,5,0,0,0,0,0,0
112,2443393666,4039,1350050,8674800,27502350,12521050,50048250,50156500,2426,27304750,6638250,6429450,0,24132,0,5,0,0,0,0,0,0
113,434260526,4040,801950,8750650,27022300,13474600,50049500,50157150,2615,26824000,6302050,6093450,0,24132,0,5,0,0,0,0,0,0
114,2637634158,4041,1290250,8710850,27481000,12566900,50049000,50158300,2432,27289750,6271000,6065650,0,24132,0,5,0,0,0,0,0,0
115,4248248050,4042,805250,8568450,27276500,13649600,50299800,50406600,2570,27086550,5729350,5545150,0,24132,0,5,0,0,0,0,0,0
116,663154818,4043,800300,8581850,27501900,12917350,49801400,49909600,2512,27311250,6458600,6241600,0,24132,0,5,0,0,0,0,0,0
117,1461428606,4044,804600,8596400,27871500,12774600,50047100,50155300,2381,27675800,6110550,5915750,0,24132,0,5,0,0,0,0,0,0
118,3252362022,4045,806200,8540150,27749650,12957000,50053000,50161000,2517,27558600,6648500,6432300,0,24132,0,5,0,0,0,0,0,0
119,2423015338,4046,800300,9242650,29251100,10756750,50050800,50156950,2033,29046850,6200100,5990100,0,24132,0,5,0,0,0,0,0,0
120,507309730,4047,805600,8602000,27300200,13342600,50050400,50158050,2597,27118750,6252050,6043150,0,24132,0,5,0,0,0,0,0,0
121,2882991293,4048,799300,9154450,27752450,12343400,50049600,50157150,2396,27556500,6595000,6390400,0,24132,0,5,0,0,0,0,0,0
122,3682963569,4049,808150,8588000,27042800,13609150,50048100,50157400,2562,26850500,6051200,5844250,0,24132,0,5,0,0,0,0,0,0
123,1404881069,4050,1413100,8533100,27855200,12242200,50043600,50156700,2368,27658250,6634550,6429450,0,24452,0,5,0,0,0,0,0,0
124,624513273,4051,805050,8559400,27114800,13570550,50049800,50157500,2637,26919150,6183450,5963050,0,24452,0,5,0,0,0,0,0,0
125,484090933,4052,1340250,8529000,27759950,12420750,50049950,50159200,2403,27558650,6618750,6404550,0,24132,0,5,0,0,0,0,0,0
126,2330053545,4053,807900,8553250,27163350,13526350,50050850,50160250,2557,26964100,6526450,6309200,0,24132,0,5,0,0,0,0,0,0
127,3891445269,4054,1328650,8597350,27396750,12722200,50044950,50158050,2465,27205150,6516850,6315000,0,24132,0,5,0,0,0,0,0,0
128,1947616753,4055,804200,8552650,27335050,13565500,50257400,50365400,2541,27128550,5894150,5713150,0,24132,0,5,0,0,0,0,0,0
129,965975981,4056,804100,8564000,29870750,10595750,49834600,49946300,1948,29670600,8932400,8706750,0,24132,0,5,0,0,0,0,0,0
130,2786931617,4057,1676200,8532000,33871750,5223000,49302950,50161400,922,33668350,6085750,5908050,0,24132,0,5,0,0,0,0,0,0
131,4011087213,4058,813000,9007400,27034300,13189800,50044500,50155450,2532,26840600,6187250,5985000,0,24132,0,5,0,0,0,0,0,0
132,3703868376,4059,789950,9208700,26891050,13161150,50050850,50160000,2426,26701450,6094050,5903000,0,24132,0,5,0,0,0,0,0,0
133,212089708,4060,799900,8611250,27034050,13599500,50044700,50155050,2620,26839300,6176850,5975300,0,24132,0,5,0,0,0,0,0,0
134,737348112,4061,797350,9120250,26899300,13232650,50049550,50160350,2437,26705250,6071300,5877200,0,24132,0,5,0,0,0,0,0,0
135,1465149204,4062,801250,8631600,27047500,13567200,50047550,50156750,2616,26848250,6043350,5841750,0,24132,0,5,0,0,0,0,0,0
136,3549792448,4063,1420150,8516200,27485850,12628550,50050750,50159650,2426,27295200,6578500,6379350,0,24132,0,5,0,0,0,0,0,0
137,3053421220,4064,804500,8582250,26681350,13978050,50046150,50156700,2735,26482150,5997750,5794550,0,24132,0,5,0,0,0,0,0,0
138,904563048,4065,1431050,8544900,27561450,12509500,50046900,50156250,2422,27370800,6599450,6388150,0,24132,0,5,0,0,0,0,0,0
139,1363341148,4066,807050,8735350,28066750,12445400,50054550,50162450,2060,27870850,6153950,5954050,0,24132,0,5,0,0,0,0,0,0
140,3357813192,4067,837200,8762100,27214000,12777800,49591100,50155750,2482,27021250,6357350,6145950,0,24132,0,5,0,0,0,0,0,0
141,1376589724,4068,800850,8778800,27664500,12955000,50199150,50307000,2419,27470750,6111900,5913550,0,24132,0,5,0,0,0,0,0,0
142,2806738240,4069,800950,8680900,27373100,13041900,49896850,50005950,2538,27182400,6556000,6347850,0,24132,0,5,0,0,0,0,0,0
143,1863420068,4070,803050,8588900,28731250,11926800,50050000,50158900,2308,27097950,6099100,5896200,0,24132,0,5,0,0,0,0,0,0
144,2368389248,4071,808600,8560200,27271650,13412100,50052550,50160100,2615,27077800,6306100,6091750,0,24132,0,5,0,0,0,0,0,0
145,3624800580,4072,800950,9169700,27078450,12997600,50046700,50154700,2425,26876150,6094100,5894000,0,24132,0,5,0,0,0,0,0,0
146,2708332264,4073,800600,8569300,27139400,13538000,50047300,50157550,2642,26946450,6200400,5994000,0,24132,0,5,0,0,0,0,0,0
147,3643166428,4074,798450,9105800,28102200,12046800,50053250,50161100,2329,27899000,7036150,6820600,0,24452,0,5,0,0,0,0,0,0
148,1604903896,4075,807600,8588800,26955900,13694400,50046700,50154350,2675,26765900,6106150,5901850,0,24452,0,5,0,0,0,0,0,0
149,499105388,4076,1390900,8512350,27703750,12441850,50048850,50159700,2411,27507100,6688850,6484250,0,24132,0,5,0,0,0,0,0,0
150,3393190256,4077,804900,10843000,33980500,4421550,50049950,50157650,783,33768700,12952800,12699000,0,24132,0,5,0,0,0,0,0,0
151,1752164884,4078,1334900,8574850,27671750,12467000,50048500,50159100,2326,27481800,6512300,6300050,0,24132,0,5,0,0,0,0,0,0
152,112950176,4079,812650,8570850,27284500,13373350,50041350,50156250,2594,27089050,5736100,5550100,0,24132,0,5,0,0,0,0,0,0
153,218377828,4080,796600,8551800,27478450,12823100,49649950,50158150,2489,27284500,6402450,6191550,0,24132,0,5,0,0,0,0,0,0
154,1614877672,4081,840100,9331200,27704500,11549100,49424900,50258550,2224,27517800,6660450,6456300,0,24132,0,5,0,0,0,0,0,0
155,624660060,4082,812450,8611300,27430150,13095700,49949600,50058800,2480,27235500,6527050,6320700,0,24132,0,5,0,0,0,0,0,0
156,1646146728,4083,805100,8616950,27831700,12792750,50046500,50158600,2375,26884050,6279950,6087350,0,24132,0,5,0,0,0,0,0,0
157,2550301372,4084,798350,8603600,27405350,13241950,50049250,50157350,2572,27208150,6366650,6161150,0,24132,0,5,0,0,0,0,0,0
158,172327680,4085,812900,9192400,26925500,13112900,50043700,50154300,2413,26732500,6141550,5949950,0,24132,0,5,0,0,0,0,0,0
159,28774455,4086,817450,8498150,26982450,13754000,50052050,50161350,2657,26789350,6363350,6156900,0,23812,0,5,0,0,0,0,0,0
160,1278562831,4087,805850,9269200,28685100,11286300,50046450,50155650,2110,28478900,6143300,5927100,0,23812,0,5,0,0,0,0,0,0
161,1878041307,4088,789350,8528100,26706800,14024800,50049050,50159900,2713,26519300,6164250,5961450,0,23812,0,5,0,0,0,0,0,0
162,2842495315,4089,1368550,8388500,26623350,13664650,50045050,50156200,2532,26428400,5960750,5768550,0,23812,0,5,0,0,0,0,0,0
163,942955647,4090,803900,8467950,26567200,14210700,50049750,50158550,2761,26372050,6064200,5865550,0,23812,0,5,0,0,0,0,0,0
164,3104849743,4091,1301000,8437550,27659600,12649250,50047400,50156400,2428,27466050,6592050,6385350,0,23812,0,5,0,0,0,0,0,0
165,2914266731,4092,808700,8496450,26499550,14740100,50544800,50655700,2788,26298000,5997250,5224800,0,23812,0,5,0,0,0,0,0,0
166,4064468955,4093,802950,8458900,27257200,13029900,49548950,49660200,2529,27065200,6567600,6355750,0,23812,0,5,0,0,0,0,0,0
167,3195515191,4094,807050,8619800,26943450,13720300,50090600,50200600,2590,26744700,5694400,5513050,0,23812,0,5,0,0,0,0,0,0
168,978211615,4095,803000,8593900,27488800,13124600,50010300,50118150,2558,27306750,6430950,6219700,0,24132,0,5,0,0,0,0,0,0
169,2835071531,4096,802450,9361100,26661050,13219800,50044400,50154000,2479,26467500,6062650,5864900,0,24132,0,5,0,0,0,0,0,0
170,2067386771,4097,803100,8566850,29286550,11393100,50049600,50158550,2167,29093300,6097000,5915250,0,24132,0,5,0,0,0,0,0,0
171,1313815599,4098,800850,15542450,26674550,7035600,50053450,50159750,1317,26479250,6141800,5930150,0,23812,0,5,0,0,0,0,0,0
172,2403178911,4099,796150,8461350,27222800,13569600,50049900,50157350,2655,27023650,6164000,5951250,0,23812,0,5,0,0,0,0,0,0
173,2922328731,4100,1412000,8423300,26725900,13485600,50046800,50157300,2534,26527050,5984950,5788350,0,23812,0,5,0,0,0,0,0,0
174,984914827,4101,807350,8462850,26780250,13996000,50046450,50156950,2744,26590950,6136900,5931200,0,23812,0,5,0,0,0,0,0,0
175,3908989879,4102,1361100,8419000,27289300,12984000,50053400,50160550,2538,26549950,5951000,5752300,0,23812,0,5,0,0,0,0,0,0
176,3999582383,4103,810600,8427250,26901350,13907500,50046700,50154100,2696,26704850,6302250,6093650,0,23812,0,5,0,0,0,0,0,0
177,407226939,4104,1283950,8472000,27381700,12908050,50045700,50159350,2517,27191750,6555350,6353200,0,23812,0,5,0,0,0,0,0,0
178,1756548563,4105,812600,8450900,26640800,14447050,50351350,50460650,2744,26447650,6069350,5847050,0,23812,0,5,0,0,0,0,0,0
179,270721439,4106,805700,8445800,27350250,13147600,49749350,49856800,2567,27159400,6523450,6318150,0,23812,0,5,0,0,0,0,0,0
CSV_END

STUDY_DONE_b95e53653185=0
# 