/tmp/app --transport dma --state-frame 0 --dma-minimum 8192 --frames 180 --warmup 30 --wait spin --profile frame --csv /tmp/transport-frames.csv --dump /tmp/transport-frame.raw && printf "CSV_BEGIN\n" && cat /tmp/transport-frames.csv && printf "CSV_END\n"; study_status=$?; printf "\nSTUDY_DONE_290e515c5de1=%s\n" "$study_status"
TRANSPORT mode=dma dma_minimum=8192
BEGIN_BREAKOUT frames=180 warmup=30 fixed=0 blocks=40 tiles=1 hud=1 wait=spin replay=0 state_frame=0 profile=frame pixel_centers=1 clock_call_ns=6004
HW_COUNTERS unavailable
RESULT frames=180 elapsed_s=15.047315600 fps=11.962267 logic_ms=0.000000 api_ms=0.000000 swap_ms=0.000000 wait_ms=0.000000 worker_inclusive_ms=0.000000 upload_inclusive_ms=0.000000 write_ms=0.000000 bytes_per_frame=30951.56 p50_ms=83.596500 p95_ms=83.814750 max_ms=84.012250 late_60hz=180 first_count=7005 last_count=7184 state_hash=8f34e8fd remaining=38 score=20
RENDER_PATH retained=0 grouped=0 quads=13131 full_frames=180
FRAME_CHECK count=7184 address=9fe00000 fnv1a=79c99b23 pixels=307200 mismatches=0
BREAKOUT_PASS
CSV_BEGIN
frame,state_hash,display_count,logic_ns,api_ns,swap_ns,wait_ns,total_ns,completion_interval_ns,polls,worker_inclusive_ns,upload_inclusive_ns,write_ns,read_ns,write_bytes,read_bytes,write_calls,read_calls,dma_copy_ns,dma_launch_ns,dma_completion_wait_ns,dma_bytes,dma_lists
0,3724779174,7005,0,0,0,0,83542200,83555050,2889,0,0,0,0,31172,0,5,0,0,0,0,20032,2
1,1709657109,7006,0,0,0,0,83480100,83597700,2779,0,0,0,0,31172,0,5,0,0,0,0,20032,2
2,1894904752,7007,0,0,0,0,83483300,83595650,2729,0,0,0,0,31172,0,5,0,0,0,0,20032,2
3,3703759967,7008,0,0,0,0,83483300,83596950,2672,0,0,0,0,31172,0,5,0,0,0,0,20032,2
4,19533624,7009,0,0,0,0,83482800,83597100,2498,0,0,0,0,31172,0,5,0,0,0,0,20032,2
5,816884773,7010,0,0,0,0,83897500,84012250,2857,0,0,0,0,31172,0,5,0,0,0,0,20032,2
6,1339236364,7011,0,0,0,0,83066150,83178300,2809,0,0,0,0,31172,0,5,0,0,0,0,20032,2
7,3072959373,7012,0,0,0,0,83479600,83594950,2755,0,0,0,0,31172,0,5,0,0,0,0,20032,2
8,1782884746,7013,0,0,0,0,83485450,83598450,1239,0,0,0,0,31172,0,5,0,0,0,0,20032,2
9,30296781,7014,0,0,0,0,83464400,83594850,2829,0,0,0,0,31492,0,5,0,0,0,0,20032,2
10,4026418858,7015,0,0,0,0,83485000,83600250,2373,0,0,0,0,31492,0,5,0,0,0,0,20032,2
11,2084929051,7016,0,0,0,0,83481900,83596200,2787,0,0,0,0,31492,0,5,0,0,0,0,20032,2
12,3114489770,7017,0,0,0,0,83478300,83594100,2751,0,0,0,0,31172,0,5,0,0,0,0,20032,2
13,891400471,7018,0,0,0,0,83480300,83596700,2709,0,0,0,0,31172,0,5,0,0,0,0,20032,2
14,3472773456,7019,0,0,0,0,83481750,83597450,2820,0,0,0,0,31172,0,5,0,0,0,0,20032,2
15,3010688243,7020,0,0,0,0,83808600,83924850,2856,0,0,0,0,31172,0,5,0,0,0,0,20032,2
16,2819524756,7021,0,0,0,0,83148800,83266650,2407,0,0,0,0,31172,0,5,0,0,0,0,20032,2
17,3241678401,7022,0,0,0,0,82112050,83598600,2559,0,0,0,0,31172,0,5,0,0,0,0,20032,2
18,2154316504,7023,0,0,0,0,83478100,83594750,2713,0,0,0,0,31172,0,5,0,0,0,0,20032,2
19,772262681,7024,0,0,0,0,83482650,83597700,2923,0,0,0,0,31172,0,5,0,0,0,0,20032,2
20,3882818750,7025,0,0,0,0,83478200,83595250,2851,0,0,0,0,31172,0,5,0,0,0,0,20032,2
21,521131153,7026,0,0,0,0,83479050,83596550,1237,0,0,0,0,31172,0,5,0,0,0,0,20032,2
22,1838187414,7027,0,0,0,0,83479500,83595550,2307,0,0,0,0,31172,0,5,0,0,0,0,20032,2
23,840574439,7028,0,0,0,0,83482050,83596700,2708,0,0,0,0,31172,0,5,0,0,0,0,20032,2
24,2879461878,7029,0,0,0,0,83479900,83596400,2839,0,0,0,0,31172,0,5,0,0,0,0,20032,2
25,202086035,7030,0,0,0,0,83805350,83921800,2840,0,0,0,0,31172,0,5,0,0,0,0,20032,2
26,959703924,7031,0,0,0,0,83155250,83269250,2770,0,0,0,0,31172,0,5,0,0,0,0,20032,2
27,3795724423,7032,0,0,0,0,83486400,83600150,2762,0,0,0,0,31172,0,5,0,0,0,0,20032,2
28,2500539904,7033,0,0,0,0,83479150,83594350,2302,0,0,0,0,31172,0,5,0,0,0,0,20032,2
29,2269000541,7034,0,0,0,0,83479400,83595500,2914,0,0,0,0,31172,0,5,0,0,0,0,20032,2
30,1900681108,7035,0,0,0,0,83478950,83596000,2847,0,0,0,0,31172,0,5,0,0,0,0,20032,2
31,3680168245,7036,0,0,0,0,83485500,83596800,2802,0,0,0,0,31172,0,5,0,0,0,0,20032,2
32,2344329490,7037,0,0,0,0,83483750,83600250,2758,0,0,0,0,31172,0,5,0,0,0,0,20032,2
33,2130650181,7038,0,0,0,0,83476900,83594250,1379,0,0,0,0,31492,0,5,0,0,0,0,20032,2
34,906966818,7039,0,0,0,0,83482850,83596350,2470,0,0,0,0,31492,0,5,0,0,0,0,20032,2
35,3939376531,7040,0,0,0,0,83843900,83961850,2856,0,0,0,0,31492,0,5,0,0,0,0,20032,2
36,2110688546,7041,0,0,0,0,83112450,83228950,2755,0,0,0,0,31172,0,5,0,0,0,0,20032,2
37,2695523007,7042,0,0,0,0,83479500,83597350,2761,0,0,0,0,31172,0,5,0,0,0,0,20032,2
38,744447992,7043,0,0,0,0,83482650,83597550,2638,0,0,0,0,31172,0,5,0,0,0,0,20032,2
39,3728640411,7044,0,0,0,0,83478900,83595000,2902,0,0,0,0,31172,0,5,0,0,0,0,20032,2
40,618879740,7045,0,0,0,0,83483000,83597150,2496,0,0,0,0,31172,0,5,0,0,0,0,20032,2
41,1239708057,7046,0,0,0,0,82712650,83596150,2452,0,0,0,0,31172,0,5,0,0,0,0,20032,2
42,2429742208,7047,0,0,0,0,83489300,83599150,2279,0,0,0,0,31172,0,5,0,0,0,0,20032,2
43,412095716,7048,0,0,0,0,83474650,83592750,2652,0,0,0,0,31172,0,5,0,0,0,0,20032,2
44,1226741467,7049,0,0,0,0,83495700,83609800,2805,0,0,0,0,31172,0,5,0,0,0,0,20032,2
45,3288446148,7050,0,0,0,0,83471950,83587100,1371,0,0,0,0,31172,0,5,0,0,0,0,20032,2
46,1157984843,7051,0,0,0,0,82766350,83591900,2760,0,0,0,0,31172,0,5,0,0,0,0,20032,2
47,3877288378,7052,0,0,0,0,83484750,83599950,2369,0,0,0,0,31172,0,5,0,0,0,0,20032,2
48,4236526315,7053,0,0,0,0,83479550,83596800,2648,0,0,0,0,31172,0,5,0,0,0,0,20032,2
49,533834014,7054,0,0,0,0,83481700,83592950,2894,0,0,0,0,31172,0,5,0,0,0,0,20032,2
50,1649361089,7055,0,0,0,0,83485050,83596950,2750,0,0,0,0,31172,0,5,0,0,0,0,20032,2
51,2486981906,7056,0,0,0,0,83481350,83598100,2771,0,0,0,0,31172,0,5,0,0,0,0,20032,2
52,1706075277,7057,0,0,0,0,83479250,83595400,2689,0,0,0,0,31172,0,5,0,0,0,0,20032,2
53,267972368,7058,0,0,0,0,83480550,83597550,2414,0,0,0,0,31172,0,5,0,0,0,0,20032,2
54,3895401273,7059,0,0,0,0,83527700,83642700,2793,0,0,0,0,31172,0,5,0,0,0,0,20032,2
55,605985656,7060,0,0,0,0,83432150,83548750,2804,0,0,0,0,31172,0,5,0,0,0,0,20032,2
56,4077673024,7061,0,0,0,0,82940450,83598550,2778,0,0,0,0,30852,0,5,0,0,0,0,20032,2
57,985632231,7062,0,0,0,0,83479100,83594350,1303,0,0,0,0,30852,0,5,0,0,0,0,20032,2
58,3720590956,7063,0,0,0,0,83469450,83598350,2636,0,0,0,0,30852,0,5,0,0,0,0,20032,2
59,3264032585,7064,0,0,0,0,83477300,83594350,2304,0,0,0,0,30852,0,5,0,0,0,0,20032,2
60,395405688,7065,0,0,0,0,83480900,83597400,2751,0,0,0,0,30852,0,5,0,0,0,0,20032,2
61,32142420,7066,0,0,0,0,83471850,83598750,2783,0,0,0,0,30852,0,5,0,0,0,0,20032,2
62,1187067055,7067,0,0,0,0,83481250,83595600,2752,0,0,0,0,30852,0,5,0,0,0,0,20032,2
63,459140908,7068,0,0,0,0,83475900,83593650,2691,0,0,0,0,30852,0,5,0,0,0,0,20032,2
64,3369786495,7069,0,0,0,0,82805600,83675200,2568,0,0,0,0,30852,0,5,0,0,0,0,20032,2
65,1572434254,7070,0,0,0,0,83398150,83519000,2403,0,0,0,0,30852,0,5,0,0,0,0,20032,2
66,4107798823,7071,0,0,0,0,83023700,83597900,2775,0,0,0,0,30852,0,5,0,0,0,0,20032,2
67,343968250,7072,0,0,0,0,83483400,83596200,2931,0,0,0,0,30852,0,5,0,0,0,0,20032,2
68,3102454017,7073,0,0,0,0,83480800,83597100,2692,0,0,0,0,30852,0,5,0,0,0,0,20032,2
69,3051095563,7074,0,0,0,0,83480100,83595450,2909,0,0,0,0,30852,0,5,0,0,0,0,20032,2
70,2391331016,7075,0,0,0,0,83480150,83593650,1310,0,0,0,0,30852,0,5,0,0,0,0,20032,2
71,3869016117,7076,0,0,0,0,83485800,83600300,2378,0,0,0,0,30852,0,5,0,0,0,0,20032,2
72,1579800804,7077,0,0,0,0,83480150,83593650,2795,0,0,0,0,30852,0,5,0,0,0,0,20032,2
73,2792341157,7078,0,0,0,0,83481550,83595800,2661,0,0,0,0,30852,0,5,0,0,0,0,20032,2
74,714702942,7079,0,0,0,0,83608150,83721500,2886,0,0,0,0,30852,0,5,0,0,0,0,20032,2
75,1092538936,7080,0,0,0,0,83359150,83472650,2756,0,0,0,0,30852,0,5,0,0,0,0,20032,2
76,1561271239,7081,0,0,0,0,83475500,83595200,2762,0,0,0,0,31172,0,5,0,0,0,0,20032,2
77,3798074098,7082,0,0,0,0,83482650,83597450,2424,0,0,0,0,31172,0,5,0,0,0,0,20032,2
78,3022639071,7083,0,0,0,0,83479550,83596000,2643,0,0,0,0,31172,0,5,0,0,0,0,20032,2
79,2282770062,7084,0,0,0,0,83483500,83598950,2911,0,0,0,0,30852,0,5,0,0,0,0,20032,2
80,1626512457,7085,0,0,0,0,83478400,83594900,2785,0,0,0,0,30852,0,5,0,0,0,0,20032,2
81,3156888026,7086,0,0,0,0,83473750,83594100,2786,0,0,0,0,30852,0,5,0,0,0,0,20032,2
82,3038824309,7087,0,0,0,0,83487350,83600800,1391,0,0,0,0,30852,0,5,0,0,0,0,20032,2
83,1261846460,7088,0,0,0,0,83476850,83592850,2329,0,0,0,0,30852,0,5,0,0,0,0,20032,2
84,2035201521,7089,0,0,0,0,83772900,83890900,2884,0,0,0,0,30852,0,5,0,0,0,0,20032,2
85,2164446652,7090,0,0,0,0,83184000,83305300,2761,0,0,0,0,30852,0,5,0,0,0,0,20032,2
86,2017191835,7091,0,0,0,0,83477600,83595000,2802,0,0,0,0,30852,0,5,0,0,0,0,20032,2
87,3029138484,7092,0,0,0,0,81987800,83594650,2598,0,0,0,0,30852,0,5,0,0,0,0,20032,2
88,50355403,7093,0,0,0,0,83478100,83596100,2689,0,0,0,0,30852,0,5,0,0,0,0,20032,2
89,654213990,7094,0,0,0,0,83486700,83600350,2267,0,0,0,0,30852,0,5,0,0,0,0,20032,2
90,2360099787,7095,0,0,0,0,83462300,83593200,2792,0,0,0,0,30852,0,5,0,0,0,0,20032,2
91,2424818746,7096,0,0,0,0,83482800,83597900,2780,0,0,0,0,30852,0,5,0,0,0,0,20032,2
92,1971386461,7097,0,0,0,0,83476700,83595000,2814,0,0,0,0,30852,0,5,0,0,0,0,20032,2
93,3386045126,7098,0,0,0,0,83483450,83597650,2735,0,0,0,0,30852,0,5,0,0,0,0,20032,2
94,1429641961,7099,0,0,0,0,83692500,83806000,1353,0,0,0,0,30852,0,5,0,0,0,0,20032,2
95,3022846880,7100,0,0,0,0,83274300,83387550,2775,0,0,0,0,30852,0,5,0,0,0,0,20032,2
96,1601897261,7101,0,0,0,0,83476900,83593200,2406,0,0,0,0,30852,0,5,0,0,0,0,20032,2
97,1229951528,7102,0,0,0,0,83485350,83600350,2906,0,0,0,0,30852,0,5,0,0,0,0,20032,2
98,4065171759,7103,0,0,0,0,83479600,83592950,2694,0,0,0,0,30852,0,5,0,0,0,0,20032,2
99,1034325744,7104,0,0,0,0,83487150,83596900,2878,0,0,0,0,30852,0,5,0,0,0,0,20032,2
100,14078671,7105,0,0,0,0,83482350,83598750,2786,0,0,0,0,31172,0,5,0,0,0,0,20032,2
101,4024270554,7106,0,0,0,0,83475950,83597600,2769,0,0,0,0,31172,0,5,0,0,0,0,20032,2
102,896191351,7107,0,0,0,0,83478200,83595650,2503,0,0,0,0,31172,0,5,0,0,0,0,20032,2
103,2131384102,7108,0,0,0,0,83479650,83594650,2673,0,0,0,0,30852,0,5,0,0,0,0,20032,2
104,2586210593,7109,0,0,0,0,83696000,83814750,2847,0,0,0,0,30852,0,5,0,0,0,0,20032,2
105,591918370,7110,0,0,0,0,83264750,83379700,2812,0,0,0,0,30852,0,5,0,0,0,0,20032,2
106,8814317,7111,0,0,0,0,83482550,83597300,1333,0,0,0,0,30852,0,5,0,0,0,0,20032,2
107,2340504196,7112,0,0,0,0,83462900,83596250,2766,0,0,0,0,30852,0,5,0,0,0,0,20032,2
108,3523076009,7113,0,0,0,0,83478000,83596100,2261,0,0,0,0,30852,0,5,0,0,0,0,20032,2
109,1961669028,7114,0,0,0,0,83479200,83596000,2862,0,0,0,0,30852,0,5,0,0,0,0,20032,2
110,1037581603,7115,0,0,0,0,83476350,83592900,2780,0,0,0,0,30852,0,5,0,0,0,0,20032,2
111,2701024588,7116,0,0,0,0,82747650,83597600,2642,0,0,0,0,30852,0,5,0,0,0,0,20032,2
112,215037203,7117,0,0,0,0,83482750,83599800,2762,0,0,0,0,30852,0,5,0,0,0,0,20032,2
113,3696282862,7118,0,0,0,0,83477400,83591850,2773,0,0,0,0,30852,0,5,0,0,0,0,20032,2
114,2829142928,7119,0,0,0,0,83745550,83859100,2496,0,0,0,0,30852,0,5,0,0,0,0,20032,2
115,3204762949,7120,0,0,0,0,83221550,83337250,2779,0,0,0,0,30852,0,5,0,0,0,0,20032,2
116,3297489190,7121,0,0,0,0,83479850,83596900,2765,0,0,0,0,30852,0,5,0,0,0,0,20032,2
117,1691704917,7122,0,0,0,0,83482900,83597900,2740,0,0,0,0,30852,0,5,0,0,0,0,20032,2
118,663957814,7123,0,0,0,0,83483900,83595350,2819,0,0,0,0,30852,0,5,0,0,0,0,20032,2
119,3058583827,7124,0,0,0,0,83482450,83593850,1336,0,0,0,0,30852,0,5,0,0,0,0,20032,2
120,838545270,7125,0,0,0,0,83481700,83598500,2324,0,0,0,0,30852,0,5,0,0,0,0,20032,2
121,3608912039,7126,0,0,0,0,83480400,83596700,2747,0,0,0,0,30852,0,5,0,0,0,0,20032,2
122,4080159716,7127,0,0,0,0,83476050,83593250,2822,0,0,0,0,30852,0,5,0,0,0,0,20032,2
123,1056027075,7128,0,0,0,0,83488500,83599550,2763,0,0,0,0,30852,0,5,0,0,0,0,20032,2
124,4057021248,7129,0,0,0,0,83779250,83892950,2826,0,0,0,0,31172,0,5,0,0,0,0,20032,2
125,2686741161,7130,0,0,0,0,83185500,83299900,2785,0,0,0,0,31172,0,5,0,0,0,0,20032,2
126,3870849660,7131,0,0,0,0,83480350,83593500,2337,0,0,0,0,31172,0,5,0,0,0,0,20032,2
127,293449641,7132,0,0,0,0,83480250,83596400,2850,0,0,0,0,30852,0,5,0,0,0,0,20032,2
128,596064266,7133,0,0,0,0,83480250,83596500,2820,0,0,0,0,30852,0,5,0,0,0,0,20032,2
129,3715495249,7134,0,0,0,0,83484150,83599100,2881,0,0,0,0,30852,0,5,0,0,0,0,20032,2
130,244680018,7135,0,0,0,0,83485650,83596800,2823,0,0,0,0,30852,0,5,0,0,0,0,20032,2
131,4080661783,7136,0,0,0,0,83478150,83592400,1483,0,0,0,0,30852,0,5,0,0,0,0,20032,2
132,4006730450,7137,0,0,0,0,83477800,83598950,2503,0,0,0,0,30852,0,5,0,0,0,0,20032,2
133,3864584507,7138,0,0,0,0,83478850,83597900,2778,0,0,0,0,30852,0,5,0,0,0,0,20032,2
134,2711027320,7139,0,0,0,0,83059850,83916800,2622,0,0,0,0,30852,0,5,0,0,0,0,20032,2
135,4099079087,7140,0,0,0,0,83153250,83272200,2768,0,0,0,0,30852,0,5,0,0,0,0,20032,2
136,565333772,7141,0,0,0,0,83480100,83597050,2797,0,0,0,0,30852,0,5,0,0,0,0,20032,2
137,1028518269,7142,0,0,0,0,83488200,83601850,2433,0,0,0,0,30852,0,5,0,0,0,0,20032,2
138,2252688136,7143,0,0,0,0,83458350,83591700,2478,0,0,0,0,30852,0,5,0,0,0,0,20032,2
139,578597309,7144,0,0,0,0,83468900,83596250,2870,0,0,0,0,30852,0,5,0,0,0,0,20032,2
140,3624439358,7145,0,0,0,0,83480950,83597500,2779,0,0,0,0,30852,0,5,0,0,0,0,20032,2
141,3514067501,7146,0,0,0,0,83481200,83595200,2789,0,0,0,0,30852,0,5,0,0,0,0,20032,2
142,2741972910,7147,0,0,0,0,83485400,83598700,2831,0,0,0,0,30852,0,5,0,0,0,0,20032,2
143,28497579,7148,0,0,0,0,83482400,83593700,1337,0,0,0,0,30852,0,5,0,0,0,0,20032,2
144,466729326,7149,0,0,0,0,83861300,83973900,2895,0,0,0,0,30852,0,5,0,0,0,0,20032,2
145,3425349295,7150,0,0,0,0,83104800,83221550,2399,0,0,0,0,30852,0,5,0,0,0,0,20032,2
146,1537640620,7151,0,0,0,0,83481400,83595650,2783,0,0,0,0,30852,0,5,0,0,0,0,20032,2
147,1853842891,7152,0,0,0,0,83483950,83598200,2859,0,0,0,0,30852,0,5,0,0,0,0,20032,2
148,1177024904,7153,0,0,0,0,83476650,83594050,2775,0,0,0,0,31172,0,5,0,0,0,0,20032,2
149,4106734849,7154,0,0,0,0,83485300,83598550,2855,0,0,0,0,31172,0,5,0,0,0,0,20032,2
150,2025356500,7155,0,0,0,0,83479850,83593650,2742,0,0,0,0,31172,0,5,0,0,0,0,20032,2
151,2189605121,7156,0,0,0,0,83486100,83599200,2272,0,0,0,0,30852,0,5,0,0,0,0,20032,2
152,4086136290,7157,0,0,0,0,83473900,83592800,2780,0,0,0,0,30852,0,5,0,0,0,0,20032,2
153,4036669705,7158,0,0,0,0,83477550,83601200,2841,0,0,0,0,30852,0,5,0,0,0,0,20032,2
154,4167980074,7159,0,0,0,0,83478950,83591650,2873,0,0,0,0,30852,0,5,0,0,0,0,20032,2
155,51187407,7160,0,0,0,0,83076550,83599400,1154,0,0,0,0,30852,0,5,0,0,0,0,20032,2
156,2242638442,7161,0,0,0,0,83460750,83597300,2775,0,0,0,0,30852,0,5,0,0,0,0,20032,2
157,2730108163,7162,0,0,0,0,81959500,83593900,2086,0,0,0,0,30852,0,5,0,0,0,0,20032,2
158,2718743917,7163,0,0,0,0,83473150,83594750,2895,0,0,0,0,30852,0,5,0,0,0,0,20032,2
159,3391709842,7164,0,0,0,0,83486350,83599550,2873,0,0,0,0,30852,0,5,0,0,0,0,20032,2
160,1164604273,7165,0,0,0,0,83482150,83597300,2757,0,0,0,0,30852,0,5,0,0,0,0,20032,2
161,2148591176,7166,0,0,0,0,83481000,83596500,2779,0,0,0,0,30852,0,5,0,0,0,0,20032,2
162,4192737573,7167,0,0,0,0,83478300,83593550,2735,0,0,0,0,30852,0,5,0,0,0,0,20032,2
163,535584840,7168,0,0,0,0,83657750,83775600,2519,0,0,0,0,30852,0,5,0,0,0,0,20032,2
164,3430794475,7169,0,0,0,0,83301600,83416850,2869,0,0,0,0,30852,0,5,0,0,0,0,20032,2
165,776323552,7170,0,0,0,0,83060050,83597300,2728,0,0,0,0,30852,0,5,0,0,0,0,20032,2
166,3330991427,7171,0,0,0,0,83483050,83596750,2788,0,0,0,0,30852,0,5,0,0,0,0,20032,2
167,3282074430,7172,0,0,0,0,83484550,83595850,2764,0,0,0,0,30852,0,5,0,0,0,0,20032,2
168,2597814595,7173,0,0,0,0,83477550,83597750,1381,0,0,0,0,30852,0,5,0,0,0,0,20032,2
169,2225601370,7174,0,0,0,0,83481250,83596950,2420,0,0,0,0,30852,0,5,0,0,0,0,20032,2
170,3716853465,7175,0,0,0,0,83482800,83595500,2753,0,0,0,0,30852,0,5,0,0,0,0,20032,2
171,1080675697,7176,0,0,0,0,83482050,83597000,3010,0,0,0,0,30212,0,5,0,0,0,0,19712,2
172,219920238,7177,0,0,0,0,83481800,83596450,2895,0,0,0,0,30212,0,5,0,0,0,0,19712,2
173,3070385651,7178,0,0,0,0,83560500,83679350,2971,0,0,0,0,30212,0,5,0,0,0,0,19712,2
174,2609556270,7179,0,0,0,0,83399100,83512200,3157,0,0,0,0,30212,0,5,0,0,0,0,19712,2
175,141401383,7180,0,0,0,0,83047650,83596850,2598,0,0,0,0,30212,0,5,0,0,0,0,19712,2
176,3034105280,7181,0,0,0,0,83477350,83595000,3044,0,0,0,0,30212,0,5,0,0,0,0,19712,2
177,3029196371,7182,0,0,0,0,83479450,83597450,2940,0,0,0,0,30212,0,5,0,0,0,0,19712,2
178,699378668,7183,0,0,0,0,83477350,83599300,2997,0,0,0,0,30212,0,5,0,0,0,0,19712,2
179,2402609405,7184,0,0,0,0,83476750,83594050,2957,0,0,0,0,30212,0,5,0,0,0,0,19712,2
CSV_END

STUDY_DONE_290e515c5de1=0
# 