/tmp/app --transport apb --state-frame 0 --frames 180 --warmup 30 --wait spin --profile detailed --csv /tmp/transport-frames.csv --retained && printf "CSV_BEGIN\n" && cat /tmp/transport-frames.csv && printf "CSV_END\n"; study_status=$?; printf "\nSTUDY_DONE_75cd61ff1593=%s\n" "$study_status"
TRANSPORT mode=apb dma_minimum=64
BEGIN_BREAKOUT frames=180 warmup=30 fixed=0 blocks=40 tiles=1 hud=1 wait=spin replay=0 state_frame=0 profile=detailed pixel_centers=1 clock_call_ns=5538
HW_COUNTERS unavailable
RESULT frames=180 elapsed_s=3.093106800 fps=58.193917 logic_ms=1.023502 api_ms=3.017422 swap_ms=5.079067 wait_ms=7.887294 worker_inclusive_ms=4.859474 upload_inclusive_ms=1.542457 write_ms=1.344009 bytes_per_frame=3578.67 p50_ms=16.719200 p95_ms=17.054600 max_ms=33.440650 late_60hz=165 first_count=19351 last_count=19530 state_hash=8f34e8fd remaining=38 score=20
RENDER_PATH retained=1 grouped=0 quads=645 full_frames=0
BREAKOUT_PASS
CSV_BEGIN
frame,state_hash,display_count,logic_ns,api_ns,swap_ns,wait_ns,total_ns,completion_interval_ns,polls,worker_inclusive_ns,upload_inclusive_ns,write_ns,read_ns,write_bytes,read_bytes,write_calls,read_calls,dma_copy_ns,dma_launch_ns,dma_completion_wait_ns,dma_bytes,dma_lists
0,3724779174,19351,1362450,4191350,6008900,5096200,16658900,16670850,951,5843700,1953450,1802200,0,4572,0,5,0,0,0,0,0,0
1,1709657109,19352,921700,4047500,5749100,5425450,16143750,16719550,932,5579400,1702700,1549250,0,4252,0,5,0,0,0,0,0,0
2,1894904752,19353,887400,3344000,4810150,7551850,16593400,16719000,1432,4641450,2031100,1858800,0,3612,0,5,0,0,0,0,0,0
3,3703759967,19354,860750,3599250,5298550,6841550,16600100,16722450,1204,5140950,1513950,1373050,0,3612,0,5,0,0,0,0,0,0
4,19533624,19355,853550,3228850,5325200,7184100,16591700,16719100,1300,5163050,1516700,1364650,0,3612,0,5,0,0,0,0,0,0
5,816884773,19356,854350,2750000,4036550,8948950,16589850,16716000,1688,3876250,819900,673400,0,2972,0,5,0,0,0,0,0,0
6,1339236364,19357,1409800,2428700,5578350,7450500,16867350,16992850,1386,5407600,1916100,1762950,0,3612,0,5,0,0,0,0,0,0
7,3072959373,19358,858700,2447650,5408700,7601850,16316900,16447000,1443,4373550,1770500,1602300,0,3612,0,5,0,0,0,0,0,0
8,1782884746,19359,845700,1993750,3897900,9852650,16590000,16721750,1778,2905750,815450,674000,0,2972,0,5,0,0,0,0,0,0
9,30296781,19360,853400,3223200,5656450,6860800,16593850,16716600,1232,5494100,1741700,1588000,0,4252,0,5,0,0,0,0,0,0
10,4026418858,19361,846950,3319950,6257750,6167350,16592000,16719600,1224,6088650,2478200,2325050,0,4252,0,5,0,0,0,0,0,0
11,2084929051,19362,1510200,2011350,4754300,8311400,16587250,16718500,1539,4599800,1497850,1352750,0,3612,0,5,0,0,0,0,0,0
12,3114489770,19363,1300000,2411700,5471450,7401850,16585000,16720950,1404,5298900,1804150,1646650,0,3932,0,5,0,0,0,0,0,0
13,891400471,19364,844100,2439750,5991300,7312250,16587400,16719000,1380,4825500,2163100,1989200,0,3932,0,5,0,0,0,0,0,0
14,3472773456,19365,868850,2918200,4071300,7947600,15805950,16719250,1501,3904050,836100,684550,0,2972,0,5,0,0,0,0,0,0
15,3010688243,19366,846800,3194800,5350100,7201550,16593250,16718100,1226,5182700,1513250,1358250,0,3612,0,5,0,0,0,0,0,0
16,2819524756,19367,853000,3124950,6049100,6570300,16597350,16721200,1312,5861150,2265050,2110500,0,3612,0,5,0,0,0,0,0,0
17,3241678401,19368,1436450,1991100,4001350,9377450,16806350,16930350,1685,3839200,816600,677300,0,2972,0,5,0,0,0,0,0,0
18,2154316504,19369,854300,2428650,5401350,7689550,16373850,16508550,1462,5228700,1768550,1600300,0,3612,0,5,0,0,0,0,0,0
19,772262681,19370,842200,3351400,5250700,7132300,16576600,16716650,994,5073800,2487000,2312000,0,3612,0,5,0,0,0,0,0,0
20,3882818750,19371,849900,2793150,4061500,8874950,16579500,16718400,1713,3898500,1783400,1613550,0,2972,0,5,0,0,0,0,0,0
21,521131153,19372,843700,3205450,5273450,7275550,16598150,16721400,1317,5107200,1502850,1363050,0,3612,0,5,0,0,0,0,0,0
22,1838187414,19373,1477750,2442500,6037600,6634050,16591900,16718450,1323,5864200,2416600,2260700,0,3612,0,5,0,0,0,0,0,0
23,840574439,19374,1319800,2001500,3993850,10726850,18042000,18171450,725,3840550,820350,675550,0,2972,0,5,0,0,0,0,0,0
24,2879461878,19375,875300,3316850,5332800,5598400,15123350,15267700,957,5172900,1508250,1351600,0,3612,0,5,0,0,0,0,0,0
25,202086035,19376,855500,3354200,5228600,7153900,16592200,16717900,1277,5061700,1502500,1354050,0,3612,0,5,0,0,0,0,0,0
26,959703924,19377,858250,2738700,4022600,8971900,16591450,16722950,1733,3852250,1726450,1558350,0,2972,0,5,0,0,0,0,0,0
27,3795724423,19378,854300,3226700,5935500,6569850,16586350,16718300,1315,4995500,1496900,1353950,0,3612,0,5,0,0,0,0,0,0
28,2500539904,19379,1772200,2448000,5372300,7328350,16920850,17045550,1352,5189850,1731600,1581600,0,3612,0,5,0,0,0,0,0,0
29,2269000541,19380,840950,1982200,3987900,9452550,16263600,16390250,1700,3839800,815050,666200,0,2972,0,5,0,0,0,0,0,0
30,1900681108,19381,840600,3387300,4814350,7553900,16596150,16720600,1428,4643100,2088100,1070400,0,3612,0,5,0,0,0,0,0,0
31,3680168245,19382,837500,3256650,5310400,7185650,16590200,16718350,1277,5144500,1501000,1358700,0,3612,0,5,0,0,0,0,0,0
32,2344329490,19383,853650,2736200,3977450,9026650,16593950,16719100,1733,3815950,829400,679750,0,2972,0,5,0,0,0,0,0,0
33,2130650181,19384,846900,3148950,5983600,6619300,16598750,16722650,1318,5820800,2193050,2046750,0,4252,0,5,0,0,0,0,0,0
34,906966818,19385,1331500,2423200,5644950,7322050,16721700,16853400,1351,5471250,1880300,1708450,0,4252,0,5,0,0,0,0,0,0
35,3939376531,19386,842400,1970200,5335100,8303550,16451250,16584600,1605,4421350,1282450,1132900,0,3612,0,5,0,0,0,0,0,0
36,2110688546,19387,837600,3366450,5015550,7376650,16596250,16719350,1372,4845950,1355550,1199000,0,3932,0,5,0,0,0,0,0,0
37,2695523007,19388,876200,3379700,5818800,5738500,15813200,16718900,1135,5651950,1339950,1198400,0,3932,0,5,0,0,0,0,0,0
38,744447992,19389,856650,2875550,4085000,8772400,16589600,16717250,1652,3924550,825650,675700,0,2972,0,5,0,0,0,0,0,0
39,3728640411,19390,1523500,2464550,5581600,7024450,16594100,16718800,1408,5411850,1920650,1769200,0,3612,0,5,0,0,0,0,0,0
40,618879740,19391,842150,2432200,5700800,7238050,16213200,16720950,1352,5520300,2046400,1875000,0,3612,0,5,0,0,0,0,0,0
41,1239708057,19392,840650,1976650,4136550,9624800,16578650,16718100,1734,3977700,819700,674500,0,2972,0,5,0,0,0,0,0,0
42,2429742208,19393,847300,3283000,5040150,7426750,16597200,16719850,1364,4870400,1284650,1139350,0,3612,0,5,0,0,0,0,0,0
43,412095716,19394,850850,3248950,5088450,7399800,16588050,16717900,1345,4918150,1285350,1135450,0,3612,0,5,0,0,0,0,0,0
44,1226741467,19395,854750,2688650,4191750,8861600,16596750,16723650,1666,4022350,823200,676750,0,2972,0,5,0,0,0,0,0,0
45,3288446148,19396,1435700,2463050,5394600,7369250,16662600,16788550,1399,5219000,1728800,1564700,0,3612,0,5,0,0,0,0,0,0
46,1157984843,19397,844500,2434550,5396000,7841600,16516650,16646000,1495,5229850,1769950,1600200,0,3612,0,5,0,0,0,0,0,0
47,3877288378,19398,848750,2825900,3116650,9801550,16592850,16719000,1726,2949650,820600,676450,0,2972,0,5,0,0,0,0,0,0
48,4236526315,19399,861350,3225050,5073200,7433450,16593050,16719000,1358,4913700,1290100,1135650,0,3612,0,5,0,0,0,0,0,0
49,533834014,19400,855300,3239200,4979200,7524150,16597850,16723150,1364,4810400,1278550,1130650,0,3612,0,5,0,0,0,0,0,0
50,1649361089,19401,1500000,2019350,6699400,6363650,16582400,16715450,1243,6509700,2130850,692100,0,2972,0,5,0,0,0,0,0,0
51,2486981906,19402,855400,2490250,5459850,7351850,16157350,16719450,1387,5292100,1768400,825800,0,3612,0,5,0,0,0,0,0,0
52,1706075277,19403,834600,3319350,4541450,7902650,16598050,16719900,1440,4372300,1797750,1621600,0,3612,0,5,0,0,0,0,0,0
53,267972368,19404,838450,2910250,4025950,8824050,16598700,16718600,1667,3858900,1752100,1588350,0,2972,0,5,0,0,0,0,0,0
54,3895401273,19405,854350,3237350,5047450,7451550,16590700,16721950,1357,4894300,1283350,1142700,0,3612,0,5,0,0,0,0,0,0
55,605985656,19406,850850,3222750,4949000,7570650,16593250,16720800,1375,4774200,1278450,1129350,0,3612,0,5,0,0,0,0,0,0
56,4077673024,19407,1453200,8148900,8664550,15039500,33306150,33434900,2869,8479950,2293200,2111600,0,6632,0,5,0,0,0,0,0,0
57,985632231,19408,902550,8901900,9966600,13540100,33311150,33440650,2610,9026950,1664650,1512000,0,7312,0,5,0,0,0,0,0,0
58,3720590956,19409,884450,5595550,4644400,5466450,16590850,16720800,1062,4475200,1841050,1667200,0,3652,0,5,0,0,0,0,0,0
59,3264032585,19410,1526450,2035100,3947000,9086700,16595250,16718450,1712,3786600,820700,677400,0,2972,0,5,0,0,0,0,0,0
60,395405688,19411,1361550,2450900,5349650,7424200,16586300,16718350,1379,5186100,1749050,1596700,0,3612,0,5,0,0,0,0,0,0
61,32142420,19412,903400,3483850,5143300,6275750,15806300,16719200,1115,4974000,1280000,1135100,0,3612,0,5,0,0,0,0,0,0
62,1187067055,19413,898900,2919800,4000750,8774900,16594350,16721050,1697,3825850,1729950,1565400,0,2972,0,5,0,0,0,0,0,0
63,459140908,19414,877800,3225350,5445050,7037700,16585900,16716700,1257,5272750,1282000,1128950,0,3612,0,5,0,0,0,0,0,0
64,3369786495,19415,905150,3332400,4898800,7462750,16599100,16722450,1352,4739400,1280700,1138400,0,3612,0,5,0,0,0,0,0,0
65,1572434254,19416,1470450,2013750,3958400,9387650,16830250,16960550,1692,3802650,818000,674300,0,2972,0,5,0,0,0,0,0,0
66,4107798823,19417,890050,2448550,5388800,7611600,16339000,16473800,1444,5221600,1774250,1608350,0,3612,0,5,0,0,0,0,0,0
67,343968250,19418,879900,3510350,4885850,7314900,16591000,16718900,1371,4715300,1279500,1131700,0,3612,0,5,0,0,0,0,0,0
68,3102454017,19419,893350,2785300,4025600,8887400,16591650,16719050,1718,3866350,1779600,1603850,0,2972,0,5,0,0,0,0,0,0
69,3051095563,19420,886800,3222500,5031250,7447550,16588100,16720450,1354,4858850,1284150,1133850,0,3612,0,5,0,0,0,0,0,0
70,2391331016,19421,1525700,2475400,5767250,6829450,16597800,16722700,1367,5603350,2075850,1923450,0,3612,0,5,0,0,0,0,0,0
71,3869016117,19422,1342800,2000850,3991550,9246050,16581250,16714700,1657,3839650,824650,676300,0,2972,0,5,0,0,0,0,0,0
72,1579800804,19423,879650,2453550,5426950,7837700,16597850,16723600,1493,4382150,1787800,1603350,0,3612,0,5,0,0,0,0,0,0
73,2792341157,19424,863150,3334550,5073050,7322750,16593500,16716450,1354,4904250,1283750,1140500,0,3612,0,5,0,0,0,0,0,0
74,714702942,19425,887600,2744000,3976850,8981450,16589900,16720150,1736,3821950,1718550,1551150,0,2972,0,5,0,0,0,0,0,0
75,1092538936,19426,887200,3234250,4941250,7525400,16588100,16719600,1304,4768900,1272250,1128800,0,3612,0,5,0,0,0,0,0,0
76,1561271239,19427,1564000,2484000,5998000,6882450,16928450,17054600,1284,5821850,2261000,2082800,0,4252,0,5,0,0,0,0,0,0
77,3798074098,19428,874500,1987400,4535450,8854700,16252050,16385800,1573,4386650,1280500,1131200,0,3612,0,5,0,0,0,0,0,0
78,3022639071,19429,876950,3414500,5181400,7113500,16586350,16716650,1235,5019050,2346400,2182350,0,4252,0,5,0,0,0,0,0,0
79,2282770062,19430,878300,4453900,6126800,5134350,16593350,16720650,999,5962350,2400300,2251650,0,3932,0,5,0,0,0,0,0,0
80,1626512457,19431,875750,2754850,4300250,8655250,16586100,16716750,1653,4150950,1103500,950650,0,3292,0,5,0,0,0,0,0,0
81,3156888026,19432,884600,3227700,5880800,6599950,16593050,16722300,1318,5716100,2259350,2103750,0,3612,0,5,0,0,0,0,0,0
82,3038824309,19433,1397650,2460200,5561450,9798700,19218000,19350850,785,5394450,1952450,1795850,0,3612,0,5,0,0,0,0,0,0
83,1261846460,19434,1975000,2073450,4015050,5865300,13928800,14087000,1010,3847250,824200,676800,0,2972,0,5,0,0,0,0,0,0
84,2035201521,19435,903200,3433950,5262950,6204050,15804150,16719200,1089,5102150,1501800,1347400,0,3612,0,5,0,0,0,0,0,0
85,2164446652,19436,895350,3266300,5350550,7076250,16588450,16716250,1248,5183150,1506200,1354400,0,3612,0,5,0,0,0,0,0,0
86,2017191835,19437,888900,2754500,4086500,8862900,16592800,16722700,1675,3932050,826300,676600,0,2972,0,5,0,0,0,0,0,0
87,3029138484,19438,1567000,2521700,5582200,6918050,16588950,16718500,1384,5417950,1954950,1790450,0,3612,0,5,0,0,0,0,0,0
88,50355403,19439,874150,2479850,5692100,7125400,16171500,16718300,1309,5517550,1800000,824200,0,3612,0,5,0,0,0,0,0,0
89,654213990,19440,880350,2004050,3990750,9716900,16592050,16718100,1754,3839650,820100,671050,0,2972,0,5,0,0,0,0,0,0
90,2360099787,19441,880400,3347550,5243550,7118500,16590000,16719850,1298,5095400,1510000,1364500,0,3612,0,5,0,0,0,0,0,0
91,2424818746,19442,887500,3276500,5285100,7141300,16590400,16720000,1287,5122600,1504100,1360350,0,3612,0,5,0,0,0,0,0,0
92,1971386461,19443,888600,2842200,3984950,8878050,16593800,16721000,1672,3828850,823800,675900,0,2972,0,5,0,0,0,0,0,0
93,3386045126,19444,1468450,2500600,5368500,7361800,16699350,16824700,1398,5195450,1721300,1559350,0,3612,0,5,0,0,0,0,0,0
94,1429641961,19445,889650,2480650,5399550,7714350,16484200,16613600,1466,5228700,1784800,1619000,0,3612,0,5,0,0,0,0,0,0
95,3022846880,19446,890450,2943300,3895950,8859450,16589150,16720450,1723,3723700,1603150,677000,0,2972,0,5,0,0,0,0,0,0
96,1601897261,19447,882950,3255600,5259400,7198800,16596750,16716050,1310,5104200,1511750,1356150,0,3612,0,5,0,0,0,0,0,0
97,1229951528,19448,891250,3270900,5161200,7269150,16592500,16718750,1311,4995100,1500950,1352100,0,3612,0,5,0,0,0,0,0,0
98,4065171759,19449,1545850,2014950,4108550,8922200,16591550,16722050,1674,3948400,824550,678150,0,2972,0,5,0,0,0,0,0,0
99,1034325744,19450,889500,2483400,5415750,7367700,16156350,16720100,1395,5246300,1755950,1575850,0,3612,0,5,0,0,0,0,0,0
100,14078671,19451,873800,3342250,5094000,7274450,16584500,16715750,1284,4916550,2229150,2056900,0,4252,0,5,0,0,0,0,0,0
101,4024270554,19452,893500,2882700,4400450,8416400,16593050,16722350,1614,4240700,2023350,1848650,0,3612,0,5,0,0,0,0,0,0
102,896191351,19453,874200,3242900,5568050,6904450,16589600,16719150,1236,5406900,1737700,1585250,0,4252,0,5,0,0,0,0,0,0
103,2131384102,19454,886850,3212950,5991800,6496850,16588450,16717350,1296,5822250,2313450,2157500,0,3932,0,5,0,0,0,0,0,0
104,2586210593,19455,1441250,2015300,4264550,9063600,16784700,16915300,1585,4106600,1081900,940100,0,3292,0,5,0,0,0,0,0,0
105,591918370,19456,882850,2464250,5378600,7668150,16393850,16526100,1457,5219300,1744050,1552750,0,3612,0,5,0,0,0,0,0,0
106,8814317,19457,877950,3406750,5062700,7242550,16589950,16715850,1361,4903800,2332650,1357150,0,3612,0,5,0,0,0,0,0,0
107,2340504196,19458,904300,2965750,4092050,7837150,15799250,16719450,1417,3936400,818700,671950,0,2972,0,5,0,0,0,0,0,0
108,3523076009,19459,891550,3243450,5221650,7241150,16597800,16722600,1311,5069500,1509900,1360850,0,3612,0,5,0,0,0,0,0,0
109,1961669028,19460,1563950,2521300,7080150,5429000,16594400,16719000,1019,6900850,3419000,3259350,0,3612,0,5,0,0,0,0,0,0
110,1037581603,19461,1389250,2009850,3971700,9217850,16588650,16719250,1611,3811400,818200,669750,0,2972,0,5,0,0,0,0,0,0
111,2701024588,19462,880500,3332500,4553550,7805350,16571900,16717800,1488,4389500,1772100,1596800,0,3612,0,5,0,0,0,0,0,0
112,215037203,19463,883600,3319150,5134800,7260850,16598400,16719100,1354,4984350,1507700,1364150,0,3612,0,5,0,0,0,0,0,0
113,3696282862,19464,888050,3112900,4100000,8485850,16586800,16717050,1568,3951500,837900,687050,0,2972,0,5,0,0,0,0,0,0
114,2829142928,19465,897350,3239850,5865950,6585800,16588950,16721500,1322,4932050,1507500,1364050,0,3612,0,5,0,0,0,0,0,0
115,3204762949,19466,1499700,2504550,5572450,7304900,16881600,17011750,1386,5414050,1934000,1771800,0,3612,0,5,0,0,0,0,0,0
116,3297489190,19467,896150,1995950,3940400,9469400,16301900,16427650,1675,3789350,817250,672000,0,2972,0,5,0,0,0,0,0,0
117,1691704917,19468,878600,3417450,5116750,7164100,16576900,16718450,1348,4954350,2360000,2188700,0,3612,0,5,0,0,0,0,0,0
118,663957814,19469,899200,3251100,5266150,7173650,16590100,16717550,1310,5116650,1504250,1350100,0,3612,0,5,0,0,0,0,0,0
119,3058583827,19470,898200,2805250,4098150,8791250,16592850,16723250,1662,3941950,824050,675250,0,2972,0,5,0,0,0,0,0,0
120,838545270,19471,1651950,2488400,5684300,6765100,16589750,16718300,1352,5532150,2079450,1916450,0,3612,0,5,0,0,0,0,0,0
121,3608912039,19472,1382600,2492200,5398650,7313600,16587050,16717450,1387,5239900,1724950,1569700,0,3612,0,5,0,0,0,0,0,0
122,4080159716,19473,872100,1989300,3952350,9775600,16589350,16721100,1769,3804250,821300,675900,0,2972,0,5,0,0,0,0,0,0
123,1056027075,19474,879250,3509150,5255600,6947850,16591850,16718900,1264,5096800,1506700,1362550,0,3612,0,5,0,0,0,0,0,0
124,4057021248,19475,884650,3235350,5618300,6854050,16592350,16720000,1229,5458100,1741000,1598800,0,4252,0,5,0,0,0,0,0,0
125,2686741161,19476,886500,2769100,4879750,8055600,16590950,16719600,1410,4723650,1497500,1350500,0,3612,0,5,0,0,0,0,0,0
126,3870849660,19477,1502100,2487650,5886050,7082250,16958050,17091000,1339,5717300,2061550,1910600,0,4252,0,5,0,0,0,0,0,0
127,293449641,19478,890300,2501800,5540100,7278950,16211150,16346000,1372,4524950,1846000,1671800,0,3932,0,5,0,0,0,0,0,0
128,596064266,19479,879600,1997150,5027250,8673600,16577600,16720300,1691,4112300,1087350,943150,0,3292,0,5,0,0,0,0,0,0
129,3715495249,19480,881150,3334400,5480350,6893500,16589400,16716500,1243,5316000,1507350,1350800,0,3612,0,5,0,0,0,0,0,0
130,244680018,19481,896450,3340100,5684600,5875500,15796650,16718450,1162,5523950,2077200,1920100,0,3612,0,5,0,0,0,0,0,0
131,4080661783,19482,891500,2732650,3999100,8976350,16599600,16721000,1694,3843500,816950,670400,0,2972,0,5,0,0,0,0,0,0
132,4006730450,19483,1426750,2449550,5693100,7078450,16647850,16772550,1336,5528100,2085500,1931850,0,3612,0,5,0,0,0,0,0,0
133,3864584507,19484,884000,2468600,5421650,7767100,16541350,16667150,1478,5260500,1774950,1605700,0,3612,0,5,0,0,0,0,0,0
134,2711027320,19485,868550,2820050,3080350,9823850,16592800,16716950,1770,2929650,825050,679400,0,2972,0,5,0,0,0,0,0,0
135,4099079087,19486,892900,3242800,5339250,7114200,16589150,16723300,1252,5179100,1512000,1357350,0,3612,0,5,0,0,0,0,0,0
136,565333772,19487,887000,3245250,5124400,7327450,16584100,16714950,1322,4973600,1503250,1356550,0,3612,0,5,0,0,0,0,0,0
137,1028518269,19488,1571450,2019150,3952600,9050150,16593350,16723150,1699,3798000,817750,668250,0,2972,0,5,0,0,0,0,0,0
138,2252688136,19489,889350,3366350,4780500,6847000,15883200,16719600,1241,4616200,2029750,1854300,0,3612,0,5,0,0,0,0,0,0
139,578597309,19490,887900,3324450,4838050,7534350,16584750,16715750,1426,4677800,2056800,1877900,0,3612,0,5,0,0,0,0,0,0
140,3624439358,19491,886350,4283400,3992950,7433000,16595700,16719550,1362,3825700,820850,676900,0,2972,0,5,0,0,0,0,0,0
141,3514067501,19492,903150,3229550,5317200,7144600,16594500,16719700,1260,5153550,1507150,1353700,0,3612,0,5,0,0,0,0,0,0
142,2741972910,19493,902300,3163150,5855850,6667250,16588550,16721200,1331,5687350,2251300,2102400,0,3612,0,5,0,0,0,0,0,0
143,28497579,19494,1464600,2003400,3973750,9825150,17266900,17399950,1667,3817100,819650,673700,0,2972,0,5,0,0,0,0,0,0
144,466729326,19495,880400,8927600,6399700,16423700,32631400,32758850,3183,6220700,2443350,2288000,0,3612,0,5,0,0,0,0,0,0
145,3425349295,19496,903150,3259350,5323400,7105300,16591200,16718000,1288,5160600,1513950,1359150,0,3612,0,5,0,0,0,0,0,0
146,1537640620,19497,891000,2767200,4098700,8834250,16591150,16718150,1673,3940450,832450,681800,0,2972,0,5,0,0,0,0,0,0
147,1853842891,19498,1715100,2499600,5599800,6774150,16588650,16721750,1353,5435850,1942600,1780350,0,3612,0,5,0,0,0,0,0,0
148,1177024904,19499,1348950,2453850,5655250,7126150,16584200,16717250,1339,5490000,1931600,956600,0,4252,0,5,0,0,0,0,0,0
149,4106734849,19500,880550,1976150,5661300,8070600,16588600,16718400,1539,5500850,2378550,2219200,0,3612,0,5,0,0,0,0,0,0
150,2025356500,19501,881900,3480850,5390650,6836550,16589950,16718700,1234,5226400,1512850,1368050,0,4252,0,5,0,0,0,0,0,0
151,2189605121,19502,889500,3281950,5269150,7147950,16588550,16718700,1289,5100950,1353650,1200600,0,3932,0,5,0,0,0,0,0,0
152,4086136290,19503,896700,2757850,4342500,8596000,16593050,16722750,1617,4190150,1104500,953950,0,3292,0,5,0,0,0,0,0,0
153,4036669705,19504,1493150,2500850,5495600,7338950,16828550,16956150,1391,5321600,1709600,1555700,0,3612,0,5,0,0,0,0,0,0
154,4167980074,19505,917750,3466550,5022600,6173900,15580800,16480350,1101,4865150,1275700,1129900,0,3612,0,5,0,0,0,0,0,0
155,51187407,19506,892950,1981150,3935950,9783900,16593950,16719050,1771,3786850,817850,669600,0,2972,0,5,0,0,0,0,0,0
156,2242638442,19507,897800,3286600,5189650,7227100,16601150,16721850,1317,5032100,1283250,1135900,0,3612,0,5,0,0,0,0,0,0
157,2730108163,19508,896200,3296050,4991300,7410400,16593950,16718300,1343,4825750,1273550,1132900,0,3612,0,5,0,0,0,0,0,0
158,2718743917,19509,1545950,2026100,3956900,9064750,16593700,16720700,1713,3807900,824500,678300,0,2972,0,5,0,0,0,0,0,0
159,3391709842,19510,1359200,2509900,5532550,7180400,16582050,16714850,1350,5363050,1875500,1694650,0,3612,0,5,0,0,0,0,0,0
160,1164604273,19511,880350,2470350,5411800,7834100,16596600,16722450,1493,4361550,1792500,1603350,0,3612,0,5,0,0,0,0,0,0
161,2148591176,19512,875700,2894450,3955650,8865750,16591550,16716900,1660,3788300,1706250,1558000,0,2972,0,5,0,0,0,0,0,0
162,4192737573,19513,897950,3312500,5087950,7291200,16589600,16722100,1287,4930550,1275250,1133150,0,3612,0,5,0,0,0,0,0,0
163,535584840,19514,903900,3298300,4930650,7456750,16589600,16716200,1352,4757300,1276950,1126000,0,3612,0,5,0,0,0,0,0,0
164,3430794475,19515,1500800,2034950,3937800,9441750,16915300,17042450,1706,3784100,811850,662650,0,2972,0,5,0,0,0,0,0,0
165,776323552,19516,894750,2506250,5434400,7430350,16265750,16397650,1370,4418950,1782300,1603050,0,3612,0,5,0,0,0,0,0,0
166,3330991427,19517,876250,3399100,4582000,7738600,16595950,16720350,1468,4408450,1869750,846000,0,3612,0,5,0,0,0,0,0,0
167,3282074430,19518,890450,2841500,4041500,8816850,16590300,16717250,1705,3876550,1775200,1596700,0,2972,0,5,0,0,0,0,0,0
168,2597814595,19519,901700,3263500,4957500,7474100,16596800,16718950,1324,4794600,1277250,1125950,0,3612,0,5,0,0,0,0,0,0
169,2225601370,19520,888100,3225200,5644450,6830600,16588350,16721050,1075,5484300,1279650,1122900,0,3612,0,5,0,0,0,0,0,0
170,3716853465,19521,1575850,2034450,3942600,9025050,16577950,16723200,1609,3778700,814600,662250,0,2972,0,5,0,0,0,0,0,0
171,1080675697,19522,897100,8840750,9572200,13992150,33302200,33433450,2593,9389750,1716050,1561450,0,7272,0,5,0,0,0,0,0,0
172,219920238,19523,881050,8479450,9972250,13973650,33306400,33438950,2644,9778600,2391600,1479100,0,7312,0,5,0,0,0,0,0,0
173,3070385651,19524,1686150,2027750,4023650,8853250,16590800,16720550,1655,3884450,829250,680850,0,3012,0,5,0,0,0,0,0,0
174,2609556270,19525,890650,2461600,5373300,7475900,16201450,16718700,1416,5207700,1782150,1617650,0,3612,0,5,0,0,0,0,0,0
175,141401383,19526,861550,3371950,4648750,7700500,16582750,16716950,1459,4472150,1859350,1685950,0,3612,0,5,0,0,0,0,0,0
176,3034105280,19527,878900,2991800,4034700,8692750,16598150,16720750,1676,3864200,1774550,1599750,0,2972,0,5,0,0,0,0,0,0
177,3029196371,19528,873200,3235600,5065150,7423950,16597900,16722200,1350,4902350,1283300,1135050,0,3612,0,5,0,0,0,0,0,0
178,699378668,19529,897150,3171250,4895450,7626800,16590650,16716850,1383,4734750,1279850,1131850,0,3612,0,5,0,0,0,0,0,0
179,2402609405,19530,1435250,1995250,4069750,9178150,16678400,16805750,1640,3905650,820400,679100,0,2972,0,5,0,0,0,0,0,0
CSV_END

STUDY_DONE_75cd61ff1593=0
# 