/tmp/app-lto --transport apb --state-frame 3600 --frames 180 --warmup 30 --wait spin --profile detailed --csv /tmp/transport-frames.csv --grouped && printf "CSV_BEGIN\n" && cat /tmp/transport-frames.csv && printf "CSV_END\n"; study_status=$?; printf "\nSTUDY_DONE_12756c45a21d=%s\n" "$study_status"
TRANSPORT mode=apb dma_minimum=64
BEGIN_BREAKOUT frames=180 warmup=30 fixed=0 blocks=40 tiles=1 hud=1 wait=spin replay=0 state_frame=3600 profile=detailed pixel_centers=1 clock_call_ns=4703
HW_COUNTERS unavailable
RESULT frames=180 elapsed_s=6.135950550 fps=29.335308 logic_ms=0.865962 api_ms=6.474188 swap_ms=22.014647 wait_ms=4.575533 worker_inclusive_ms=21.806583 upload_inclusive_ms=5.379725 write_ms=5.170441 bytes_per_frame=18724.00 p50_ms=33.438500 p95_ms=33.782100 max_ms=50.451250 late_60hz=180 first_count=14849 last_count=15028 state_hash=3933ec17 remaining=6 score=340
RENDER_PATH retained=0 grouped=1 quads=7380 full_frames=180
BREAKOUT_PASS
CSV_BEGIN
frame,state_hash,display_count,logic_ns,api_ns,swap_ns,wait_ns,total_ns,completion_interval_ns,polls,worker_inclusive_ns,upload_inclusive_ns,write_ns,read_ns,write_bytes,read_bytes,write_calls,read_calls,dma_copy_ns,dma_launch_ns,dma_completion_wait_ns,dma_bytes,dma_lists
0,3653798554,14849,1335700,5976250,21930000,4163150,33405100,33414900,798,21728300,5829300,5643150,0,18692,0,5,0,0,0,0,0,0
1,4254654458,14850,728900,7001350,20796900,4799000,33326150,33436300,926,20607100,4664950,4510000,0,18692,0,5,0,0,0,0,0,0
2,258432485,14851,731100,6729200,21514800,4352600,33327700,33438500,812,21332700,5133950,4965500,0,18692,0,5,0,0,0,0,0,0
3,872827290,14852,730550,6012800,21983300,4202200,32928850,33440350,801,21793000,5849000,5668200,0,18692,0,5,0,0,0,0,0,0
4,30312805,14853,732600,7258400,21016750,4320450,33328200,33437300,809,20826850,4768650,4603500,0,18692,0,5,0,0,0,0,0,0
5,4016430808,14854,727400,6684700,21509500,4546650,33468250,33575550,767,21321750,5282600,5104500,0,18692,0,5,0,0,0,0,0,0
6,3012967645,14855,723450,6031500,21906500,4531800,33193250,33304800,871,21718550,5846950,5667000,0,18692,0,5,0,0,0,0,0,0
7,3593359732,14856,721250,6791350,21207450,4606700,33326750,33435750,872,21016600,4782800,4618250,0,18692,0,5,0,0,0,0,0,0
8,2714884843,14857,734850,6550600,21325650,4723250,33334350,33441950,775,21143200,5213050,5037200,0,19012,0,5,0,0,0,0,0,0
9,1754706848,14858,716800,6012400,21896850,4699550,33325600,33434400,909,21699500,5698250,5509400,0,19012,0,5,0,0,0,0,0,0
10,634139175,14859,720450,6761850,21894700,3956200,33333200,33440850,726,21712700,5117950,4947800,0,18692,0,5,0,0,0,0,0,0
11,2225001302,14860,1327350,5972400,22007250,4021350,33328350,33437750,741,21824800,5844150,5659150,0,18692,0,5,0,0,0,0,0,0
12,3881591779,14861,723750,6080950,21631250,4893750,33329700,33438450,948,21436150,5504950,5307500,0,18692,0,5,0,0,0,0,0,0
13,2688998526,14862,718350,6765450,21640600,4204900,33329300,33436950,780,21451150,5135200,4964750,0,18692,0,5,0,0,0,0,0,0
14,3733755993,14863,762850,6882200,22942600,1455600,32043250,33439000,161,22744450,5411750,5225550,0,18692,0,5,0,0,0,0,0,0
15,4110562030,14864,728650,6950700,20934900,4712650,33326900,33439850,904,20731050,4644850,4484350,0,18692,0,5,0,0,0,0,0,0
16,2165534041,14865,723900,6672450,22656100,3618250,33670700,33777050,684,22471500,5856800,5663200,0,18692,0,5,0,0,0,0,0,0
17,51482660,14866,726050,6037850,21979150,4250000,32993050,33099100,812,21787850,5823250,5639550,0,18692,0,5,0,0,0,0,0,0
18,1808653113,14867,733500,6939000,20855700,4800450,33328650,33438050,914,20667750,4575750,4407900,0,18692,0,5,0,0,0,0,0,0
19,3012136936,14868,722400,6621100,21541900,4447000,33332400,33440400,744,21353300,5362950,5185550,0,18692,0,5,0,0,0,0,0,0
20,1547905167,14869,731150,6035100,21944300,4622200,33332750,33440050,890,21756300,5832350,5645350,0,18692,0,5,0,0,0,0,0,0
21,2010544228,14870,725700,6796450,28677750,13849500,50049400,50156650,2701,28487150,4648600,4477950,0,18692,0,5,0,0,0,0,0,0
22,2331187115,14871,730950,6042850,22174850,3998650,32947300,33437450,752,21978100,5589900,5395050,0,18692,0,5,0,0,0,0,0,0
23,591091010,14872,728600,6819250,21083400,4699200,33330450,33438500,866,20891700,4761100,4592650,0,18692,0,5,0,0,0,0,0,0
24,3337222943,14873,728150,6644250,21325450,4704650,33402500,33510550,809,21138850,5135800,4964200,0,18692,0,5,0,0,0,0,0,0
25,541067522,14874,732500,6022750,22149650,4355350,33260250,33366750,834,21960550,5849300,5662700,0,18692,0,5,0,0,0,0,0,0
26,1909576061,14875,741950,6787900,20858200,4942000,33330050,33439200,945,20657500,4567350,4403200,0,18692,0,5,0,0,0,0,0,0
27,3576416482,14876,1470850,5969300,22007600,3881650,33329400,33438600,740,21818350,5856950,5672200,0,18692,0,5,0,0,0,0,0,0
28,2786439485,14877,736450,6076650,22143050,4371700,33327850,33436900,833,21955250,4792350,4635300,0,18692,0,5,0,0,0,0,0,0
29,1931780192,14878,722450,6776300,23725700,2109500,33333950,33440500,447,23530650,5760450,5550450,0,18692,0,5,0,0,0,0,0,0
30,1799980229,14879,1375200,6100800,21929250,3933150,33338400,33440050,746,21726400,5836150,5652700,0,18692,0,5,0,0,0,0,0,0
31,3538847580,14880,728800,6098000,21723100,4778100,33328000,33438700,921,21528350,5557350,5377850,0,18692,0,5,0,0,0,0,0,0
32,3831628403,14881,728700,6761050,21469500,4370550,33329800,33437450,816,21273650,5173550,4996600,0,19012,0,5,0,0,0,0,0,0
33,1903038664,14882,1203550,6001350,22285800,3837750,33328450,33437350,721,22096700,5891900,5708100,0,19012,0,5,0,0,0,0,0,0
34,3410263823,14883,733700,6821250,21137500,4633650,33326100,33437550,879,20945250,4727700,4572050,0,18692,0,5,0,0,0,0,0,0
35,3263986894,14884,724800,6676650,21534400,4648300,33584150,33694650,796,21339350,5200100,5025150,0,18692,0,5,0,0,0,0,0,0
36,2175892875,14885,727100,6025550,22109750,4213950,33076350,33183750,801,21924150,5873050,5684700,0,18692,0,5,0,0,0,0,0,0
37,1813748966,14886,730600,6803400,21032400,4767250,33333650,33441150,879,20834400,4730150,4561700,0,18692,0,5,0,0,0,0,0,0
38,833434417,14887,1539150,6062450,21876350,3139250,32617200,33454500,571,21678850,5746200,5550500,0,18692,0,5,0,0,0,0,0,0
39,4097282166,14888,720100,6025300,22085350,4481600,33312350,33421700,859,21886300,5748050,5557400,0,18692,0,5,0,0,0,0,0,0
40,192773425,14889,723650,6773200,21049650,4782800,33329300,33435700,849,20861900,4766200,4596450,0,18692,0,5,0,0,0,0,0,0
41,858826700,14890,1493700,5964800,22096000,3777550,33332050,33442150,716,21905750,5899800,5714500,0,18692,0,5,0,0,0,0,0,0
42,1950483681,14891,725150,6103900,21810750,4690550,33330350,33438000,904,21621500,5490000,5295050,0,18692,0,5,0,0,0,0,0,0
43,575738928,14892,730950,6790200,21435200,4373000,33329350,33436950,818,21248300,5101150,4157550,0,18692,0,5,0,0,0,0,0,0
44,1359536727,14893,1234000,6117000,23334950,2645900,33331850,33438150,411,23141700,7149850,6947300,0,18692,0,5,0,0,0,0,0,0
45,3117637717,14894,753150,6826750,20948800,4799850,33328550,33438850,924,20744350,4643300,4479600,0,18692,0,5,0,0,0,0,0,0
46,2557278958,14895,729200,6728800,21459250,4413700,33330950,33438800,825,21273050,5180050,5004500,0,18692,0,5,0,0,0,0,0,0
47,3928984507,14896,733750,6298550,21918500,3977850,32928650,33437850,752,21726950,5615800,5429400,0,18692,0,5,0,0,0,0,0,0
48,3279099526,14897,726200,6818750,21023650,4763550,33332150,33438350,907,20833800,4749600,4590500,0,18692,0,5,0,0,0,0,0,0
49,3402996575,14898,725250,6655200,21414850,4654400,33449700,33557750,797,21231050,5192300,5015600,0,18692,0,5,0,0,0,0,0,0
50,1848951628,14899,734750,6022050,22136000,4317800,33210600,33319750,823,21943450,5893500,5708050,0,18692,0,5,0,0,0,0,0,0
51,3328119971,14900,717650,6805900,28470050,14053900,50047500,50156850,2758,28269000,5914950,5702550,0,18692,0,5,0,0,0,0,0,0
52,536923704,14901,1202650,6031600,22297650,3801450,33333350,33440000,660,22102650,6173150,5979700,0,18692,0,5,0,0,0,0,0,0
53,991563721,14902,711900,6777750,20867050,4970900,33327600,33437350,961,20668500,4643150,4484950,0,18692,0,5,0,0,0,0,0,0
54,2482503020,14903,721400,6672350,21655450,4479200,33528400,33637350,759,21461700,5261450,5086500,0,18692,0,5,0,0,0,0,0,0
55,3320786401,14904,721600,6014850,22044950,4349500,33130900,33239350,832,21857450,5889450,5705800,0,18692,0,5,0,0,0,0,0,0
56,1307572882,14905,726900,6939450,20915900,4751050,33333300,33441250,903,20715650,4618950,4454300,0,19012,0,5,0,0,0,0,0,0
57,1045847897,14906,720350,6550900,22271650,3787600,33330500,33439300,719,22092600,5879050,5690300,0,19012,0,5,0,0,0,0,0,0
58,2886179050,14907,722450,6032800,21905150,4670650,33331050,33438300,900,21716300,5822750,5638000,0,18692,0,5,0,0,0,0,0,0
59,961732807,14908,722000,7236850,23317050,2047300,33323200,33433950,434,23120650,5623900,5423550,0,18692,0,5,0,0,0,0,0,0
60,1947062354,14909,1409700,5968550,22115850,3846550,33340650,33441900,730,21921850,6008650,5823750,0,18692,0,5,0,0,0,0,0,0
61,2075511931,14910,753100,6921100,20896350,4039150,32609700,33437400,752,20686400,4593650,4425900,0,18692,0,5,0,0,0,0,0,0
62,2408546800,14911,730050,6764950,21576950,4256250,33328200,33440150,790,21375200,5125500,4954600,0,18692,0,5,0,0,0,0,0,0
63,460493639,14912,1218300,5987650,22150050,3976200,33332200,33439850,752,21958300,5991050,5807600,0,18692,0,5,0,0,0,0,0,0
64,1463678916,14913,726100,6797500,20910100,4897050,33330750,33439200,949,20709100,4790850,4630000,0,18692,0,5,0,0,0,0,0,0
65,3795713909,14914,714150,6698800,22608150,3715300,33736400,33842650,705,22420150,5848700,5665100,0,18692,0,5,0,0,0,0,0,0
66,1056688136,14915,723050,6030800,21923850,4244700,32922400,33030450,782,21741150,5828050,5641200,0,18692,0,5,0,0,0,0,0,0
67,202923725,14916,727150,6786450,20934000,4881950,33329550,33438500,934,20740900,4674650,3741600,0,18692,0,5,0,0,0,0,0,0
68,4012539606,14917,718800,6645150,21533350,4492450,33389750,33496550,763,21350100,5228950,5060800,0,18692,0,5,0,0,0,0,0,0
69,1087445485,14918,723900,6033750,21943400,4576550,33277600,33384000,882,21752200,5831450,5650050,0,18692,0,5,0,0,0,0,0,0
70,491589414,14919,722400,6941150,20936900,4726450,33326900,33435700,898,20750500,4713600,4545450,0,18692,0,5,0,0,0,0,0,0
71,1293200275,14920,1324800,5941400,22441450,3626650,33334300,33442250,683,22249200,5848100,5662900,0,18692,0,5,0,0,0,0,0,0
72,1737595726,14921,730450,6073550,21759800,4768550,33332350,33437950,924,21571400,5670550,5484000,0,18692,0,5,0,0,0,0,0,0
73,2173390039,14922,726300,6895950,21387550,4317950,33327750,33435000,808,21186300,5089400,4916950,0,18692,0,5,0,0,0,0,0,0
74,2060004372,14923,10291050,9094500,23274850,7392750,50053150,50160850,1389,23067000,4584750,4412050,0,18692,0,5,0,0,0,0,0,0
75,668607547,14924,727900,6818850,21006400,4769850,33323000,33435800,905,20796250,4725450,4556250,0,18692,0,5,0,0,0,0,0,0
76,3409034624,14925,718950,6527100,21324150,4761700,33331900,33441000,821,21137850,5209150,5035450,0,18692,0,5,0,0,0,0,0,0
77,66914193,14926,716000,6016950,22077300,4518350,33328600,33436200,868,21888050,5514850,5319950,0,18692,0,5,0,0,0,0,0,0
78,2553907572,14927,723350,6771800,20948150,4890950,33334250,33441950,902,20760250,4728300,4557450,0,18692,0,5,0,0,0,0,0,0
79,890390073,14928,1318550,5980850,21979650,4045850,33324900,33435200,775,21798400,5849150,5665300,0,18692,0,5,0,0,0,0,0,0
80,2223873098,14929,730050,6101200,21830500,4673250,33335000,33442300,898,21639850,5535150,4616750,0,19012,0,5,0,0,0,0,0,0
81,2336881585,14930,717150,7315650,27949800,14065150,50047750,50155150,2661,27754700,4850800,4680450,0,19012,0,5,0,0,0,0,0,0
82,4135459074,14931,726050,6037850,21967000,4598400,33329300,33441500,819,21771000,5847750,5666200,0,18692,0,5,0,0,0,0,0,0
83,1986260127,14932,720900,6967650,21201550,4435200,33325300,33438200,834,21011100,4906050,4732250,0,18692,0,5,0,0,0,0,0,0
84,353344474,14933,768550,6145650,21827400,3126350,31867950,33438800,567,21623750,4766800,4588800,0,18692,0,5,0,0,0,0,0,0
85,3169575603,14934,717850,6109600,21675300,4828350,33331100,33438450,934,21480550,5476950,5284500,0,18692,0,5,0,0,0,0,0,0
86,210205944,14935,728450,6915400,21390200,4292200,33326250,33435200,802,21193600,5120800,4944700,0,18692,0,5,0,0,0,0,0,0
87,1677393503,14936,1220000,5974600,22195750,3939900,33330250,33437850,749,21999650,6029700,5844350,0,18692,0,5,0,0,0,0,0,0
88,3832728684,14937,721400,6049950,21648200,4913900,33333450,33439350,952,20702600,4732750,4575400,0,18692,0,5,0,0,0,0,0,0
89,2074852568,14938,716250,7000250,23874100,1742550,33333150,33439600,369,23682150,4753650,4570450,0,18692,0,5,0,0,0,0,0,0
90,1464943173,14939,721200,6013500,22082100,3987250,32804050,33438950,748,21882950,5990250,5805850,0,18692,0,5,0,0,0,0,0,0
91,315990800,14940,725500,6786350,21066450,4748300,33326600,33437850,905,20870700,4763150,4591150,0,18692,0,5,0,0,0,0,0,0
92,1451405891,14941,724000,6671400,21514450,4516000,33425850,33533400,767,21332700,5220450,5044550,0,18692,0,5,0,0,0,0,0,0
93,3196408848,14942,717350,5997150,21985650,4538750,33238900,33345600,844,21789200,5854550,5674650,0,18692,0,5,0,0,0,0,0,0
94,141073587,14943,715400,6753300,20876800,4981150,33326650,33436950,951,20679300,4590300,4421400,0,18692,0,5,0,0,0,0,0,0
95,3576439062,14944,716700,6512100,22509750,3592450,33331000,33439150,675,22320500,5863400,5679000,0,18692,0,5,0,0,0,0,0,0
96,2798564443,14945,721000,6011000,21934300,4663800,33330100,33437350,900,21744450,5830300,5644900,0,18692,0,5,0,0,0,0,0,0
97,3409362634,14946,724150,6925400,21374600,4306500,33330650,33439600,806,21178500,5037300,4860100,0,18692,0,5,0,0,0,0,0,0
98,1459202337,14947,1310650,5973950,22129000,3915250,33328850,33438300,743,21941600,5834250,5650250,0,18692,0,5,0,0,0,0,0,0
99,1984418334,14948,721350,6100250,21647900,4861700,33331200,33438450,940,21456500,5465900,5278250,0,18692,0,5,0,0,0,0,0,0
100,2690152925,14949,713500,6923150,21381950,4313150,33331750,33440750,803,21187700,5118850,4945000,0,18692,0,5,0,0,0,0,0,0
101,2607809844,14950,1208700,5999200,22284400,3838250,33330550,33438050,720,22092850,5783800,5594400,0,18692,0,5,0,0,0,0,0,0
102,3522750362,14951,728150,6743050,20814200,5043150,33328550,33436750,977,20622300,4619250,4470100,0,18692,0,5,0,0,0,0,0,0
103,2368404599,14952,721800,6669850,21745700,4461400,33598750,33707800,755,21561400,5256350,4306750,0,18692,0,5,0,0,0,0,0,0
104,3250007036,14953,726300,6016050,23432700,2885400,33060450,33168350,493,23242500,6809300,6569150,0,19012,0,5,0,0,0,0,0,0
105,1111684799,14954,725400,6789900,21012600,4805700,33333600,33441350,914,20807850,4620900,4451750,0,19012,0,5,0,0,0,0,0,0
106,2213018028,14955,726600,6588100,23811650,2310100,33436450,33545950,378,23624600,4716000,4530900,0,18692,0,5,0,0,0,0,0,0
107,3171439817,14956,756200,6930750,21322050,3504250,32513250,33327850,594,21127900,4951800,4775200,0,18692,0,5,0,0,0,0,0,0
108,2255827236,14957,729650,6766950,21284250,4545450,33326300,33439350,858,21084000,4929000,4755200,0,18692,0,5,0,0,0,0,0,0
109,2472184909,14958,1317850,5946150,22092850,3977800,33334650,33440850,760,21905050,5838550,5652050,0,18692,0,5,0,0,0,0,0,0
110,3140412334,14959,729450,6125450,21715150,4758150,33328200,33435800,919,21527600,5560450,5370000,0,18692,0,5,0,0,0,0,0,0
111,785888721,14960,725200,6913900,28879450,13588050,50106600,50214600,2555,28680000,4879350,4707850,0,18692,0,5,0,0,0,0,0,0
112,1084583170,14961,728000,6166050,21967400,4413850,33275300,33381950,846,21764600,5827000,5641750,0,18692,0,5,0,0,0,0,0,0
113,4019848443,14962,727550,6829150,22061050,3715750,33333500,33439800,674,21865600,5209350,5028000,0,18692,0,5,0,0,0,0,0,0
114,808788421,14963,1315200,5942600,21282550,4792050,33332400,33441700,824,21091500,5215900,5036550,0,18692,0,5,0,0,0,0,0,0
115,3645042740,14964,719050,6068200,21822000,4719600,33328850,33438200,912,21635400,5569000,5387350,0,18692,0,5,0,0,0,0,0,0
116,2991496187,14965,726600,6754850,21304750,4542850,33329050,33435100,852,21103300,5067700,4891700,0,18692,0,5,0,0,0,0,0,0
117,3919662364,14966,1269300,5963150,22014700,4083550,33330700,33438650,782,21821700,5844800,5658800,0,18692,0,5,0,0,0,0,0,0
118,1681074571,14967,724450,6084500,21747900,4774000,33330850,33439650,920,21559150,4718900,4563450,0,18692,0,5,0,0,0,0,0,0
119,4218967458,14968,713750,6749500,23769200,2094850,33327300,33434900,444,23562250,5979750,5773200,0,18692,0,5,0,0,0,0,0,0
120,625353107,14969,1301100,6035400,21943450,4065100,33345050,33443200,772,21743650,5837200,5650500,0,18692,0,5,0,0,0,0,0,0
121,3717195990,14970,715350,6807350,21080400,4728050,33331150,33438350,899,20882100,4625000,3700400,0,18692,0,5,0,0,0,0,0,0
122,2425705089,14971,725950,6694400,21419300,4849350,33689000,33796450,809,21228700,5180950,5006350,0,18692,0,5,0,0,0,0,0,0
123,2555484258,14972,722450,6033500,21989550,4225600,32971100,33080950,806,21801450,5829700,5640850,0,18692,0,5,0,0,0,0,0,0
124,1141451493,14973,721950,6797000,21231300,4578300,33328550,33437200,866,21040100,4796900,4631050,0,18692,0,5,0,0,0,0,0,0
125,1505942736,14974,721150,6577700,21399700,4835200,33533750,33639600,772,21209300,5236250,5055100,0,18692,0,5,0,0,0,0,0,0
126,2491710369,14975,722950,6259500,21688750,4455300,33126500,33236950,855,21498500,5573450,5385100,0,18692,0,5,0,0,0,0,0,0
127,2825516936,14976,714900,6771550,21395450,4445950,33327850,33438200,836,21207750,4960550,4787650,0,18692,0,5,0,0,0,0,0,0
128,809518447,14977,1313700,5968850,21995500,4057600,33335650,33441700,778,21804450,5881300,5698200,0,19012,0,5,0,0,0,0,0,0
129,1081694344,14978,713000,6106750,21925150,4581750,33326650,33435650,882,21731950,4812250,4634150,0,19012,0,5,0,0,0,0,0,0
130,3544546839,14979,713300,6776900,21463450,4374400,33328050,33438050,815,21277750,5212250,5041750,0,18692,0,5,0,0,0,0,0,0
131,2291142598,14980,750400,6905900,20889850,3433200,31979350,33439900,633,20692550,4695550,4546050,0,18692,0,5,0,0,0,0,0,0
132,3252385439,14981,726900,7142900,21113500,4348650,33331950,33439350,817,20926750,4637700,4469600,0,18692,0,5,0,0,0,0,0,0
133,1602009306,14982,710550,6727300,21575750,4317350,33330950,33437050,777,21388250,5211300,5036900,0,18692,0,5,0,0,0,0,0,0
134,2497072261,14983,706000,6021200,22922250,3266700,32916150,33439050,581,22737400,6801550,6563900,0,18692,0,5,0,0,0,0,0,0
135,3739067406,14984,716550,6843500,21149600,4619500,33329150,33439650,876,20947650,4651300,4484800,0,18692,0,5,0,0,0,0,0,0
136,1716074641,14985,717950,6677250,21444200,4713900,33553300,33659350,779,21255700,5274450,5103600,0,18692,0,5,0,0,0,0,0,0
137,3982919220,14986,707300,6027100,21938950,4437750,33111100,33218300,852,21744850,5741450,5558500,0,18692,0,5,0,0,0,0,0,0
138,2723337005,14987,712400,6791700,22032650,3792500,33329250,33436800,692,21827100,5202150,5027700,0,18692,0,5,0,0,0,0,0,0
139,733376204,14988,712450,6532400,22059200,4026050,33330100,33437800,774,21354450,5395250,5210500,0,18692,0,5,0,0,0,0,0,0
140,43915006,14989,720300,6179450,21690850,4743850,33334450,33438950,916,21500900,5610600,5426950,0,18692,0,5,0,0,0,0,0,0
141,2309932913,14990,714250,6779500,28859200,13868600,50221550,50327700,2620,28652900,4763950,4596350,0,18692,0,5,0,0,0,0,0,0
142,1653305798,14991,726600,6044100,22051950,4340350,33163000,33271300,828,21848900,5912150,5730350,0,18692,0,5,0,0,0,0,0,0
143,145291823,14992,714400,6812000,21015200,4783500,33325100,33437650,911,20816150,4646200,4481700,0,18692,0,5,0,0,0,0,0,0
144,3013902878,14993,725750,6862450,22131000,3612450,33331650,33437700,680,21954100,5888150,5703700,0,18692,0,5,0,0,0,0,0,0
145,2859971923,14994,712750,6037550,22081450,4501600,33333350,33440600,860,21889550,5886450,5703850,0,18692,0,5,0,0,0,0,0,0
146,3026746148,14995,722500,6762800,21191950,4650700,33327950,33438900,881,20995900,4921500,4752650,0,18692,0,5,0,0,0,0,0,0
147,736325239,14996,1306050,5976450,22248900,3794350,33325750,33434650,717,22063500,5892500,5712400,0,18692,0,5,0,0,0,0,0,0
148,2759885216,14997,721100,6116700,21654300,4842050,33334150,33440000,908,21466750,5513650,5323900,0,18692,0,5,0,0,0,0,0,0
149,1930007773,14998,710700,6763350,23490000,2365950,33330000,33437100,502,23294850,5632300,5423150,0,18692,0,5,0,0,0,0,0,0
150,4233548434,14999,1311150,6008950,22332050,3688050,33340200,33440750,686,22119700,5640050,5446400,0,19012,0,5,0,0,0,0,0,0
151,3821597075,15000,712800,6793000,20924150,4897250,33327200,33436700,948,20719750,4701100,4553400,0,19012,0,5,0,0,0,0,0,0
152,1056834796,15001,712800,6853450,21547050,4561200,33674500,33782100,775,21361600,5276650,5102000,0,19012,0,5,0,0,0,0,0,0
153,2756113825,15002,724100,6019000,22017400,4228650,32989150,33096750,807,21827350,5697800,5512500,0,18692,0,5,0,0,0,0,0,0
154,2193869574,15003,756050,6970000,21452000,3419500,32597550,33436600,610,21257400,5180300,5012500,0,18692,0,5,0,0,0,0,0,0
155,39089791,15004,723350,6746500,21410550,4480150,33360550,33469450,759,21216900,5246400,5082450,0,18692,0,5,0,0,0,0,0,0
156,1158667078,15005,719200,6036400,22176950,4371900,33304450,33410550,835,21991200,5769850,5579300,0,18692,0,5,0,0,0,0,0,0
157,4085879547,15006,723300,6787850,21174050,4645650,33330850,33437300,879,20977300,4845400,3919000,0,18692,0,5,0,0,0,0,0,0
158,313686028,15007,1314400,5947050,22047050,4022300,33330800,33439650,770,21862900,5833100,5648750,0,18692,0,5,0,0,0,0,0,0
159,3216587021,15008,729300,6083000,21834700,4684150,33331150,33438500,899,21644600,5714450,5530000,0,18692,0,5,0,0,0,0,0,0
160,876009466,15009,718700,6757550,21402950,4453300,33332500,33440100,837,21204100,5123900,4954750,0,18692,0,5,0,0,0,0,0,0
161,981002535,15010,1256500,5981300,22190800,3903050,33331650,33437650,740,22001050,5838350,5655900,0,18692,0,5,0,0,0,0,0,0
162,47529864,15011,721700,6090200,21918050,4602400,33332350,33439600,831,20974400,5765600,4824950,0,18692,0,5,0,0,0,0,0,0
163,868088385,15012,714800,6798000,21562550,4251550,33326900,33435650,790,21371850,5198450,5027250,0,18692,0,5,0,0,0,0,0,0
164,2331947246,15013,1205250,6025450,23466400,2635800,33332900,33438850,409,23263000,7160000,6956450,0,18692,0,5,0,0,0,0,0,0
165,2168054517,15014,733600,6803150,20937750,4855400,33329900,33439950,935,20749600,4604750,4448350,0,18692,0,5,0,0,0,0,0,0
166,3926666066,15015,715900,6811950,21351850,4654700,33534400,33642200,795,21160850,5180850,5009950,0,18692,0,5,0,0,0,0,0,0
167,1177610667,15016,725950,6052050,22066450,4280850,33125300,33234550,819,21882000,5690950,5503750,0,18692,0,5,0,0,0,0,0,0
168,3782405190,15017,734950,6788750,20906300,4902550,33332550,33439100,936,20700700,4570300,4403200,0,18692,0,5,0,0,0,0,0,0
169,916405275,15018,715450,6996150,21996900,3621100,33329600,33436900,684,21802300,5842900,5657900,0,18692,0,5,0,0,0,0,0,0
170,1596582148,15019,720900,6035450,21930450,4640400,33327200,33437200,894,21739850,5846750,5662650,0,18692,0,5,0,0,0,0,0,0
171,4199562603,15020,727400,6766450,29593100,13255400,50342350,50451250,2453,29392550,7499000,7259400,0,18692,0,5,0,0,0,0,0,0
172,3017986708,15021,728300,6045650,21980400,4284400,33038750,33146750,818,21787950,5835800,5643450,0,18692,0,5,0,0,0,0,0,0
173,2654286289,15022,716850,6795450,21015600,4804350,33332250,33441100,916,20826700,4581900,4410300,0,18692,0,5,0,0,0,0,0,0
174,1031695476,15023,716950,6618000,22424400,3615700,33375050,33484000,675,21489200,5503250,5320650,0,19012,0,5,0,0,0,0,0,0
175,2959877989,15024,717200,6025750,21930800,4603250,33277000,33393600,888,21735550,5691000,5501550,0,19012,0,5,0,0,0,0,0,0
176,1566373458,15025,723650,6761450,21460200,4384050,33329350,33436950,821,21265000,4988550,4815400,0,19012,0,5,0,0,0,0,0,0
177,3017804585,15026,1337200,5961400,21962100,4065900,33326600,33436850,750,21773500,5834750,5648150,0,18692,0,5,0,0,0,0,0,0
178,1442923286,15027,735700,6134350,21751950,4701250,33323250,33437550,907,21563500,5577650,5384900,0,18692,0,5,0,0,0,0,0,0
179,959704087,15028,711350,6757350,23825500,2035250,33329450,33437100,431,23643250,5911950,5695150,0,18692,0,5,0,0,0,0,0,0
CSV_END

STUDY_DONE_12756c45a21d=0
# 