/tmp/app-lto --transport unrolled --state-frame 0 --frames 180 --warmup 30 --wait spin --profile detailed --csv /tmp/transport-frames.csv --grouped && printf "CSV_BEGIN\n" && cat /tmp/transport-frames.csv && printf "CSV_END\n"; study_status=$?; printf "\nSTUDY_DONE_7aaf1ff53a41=%s\n" "$study_status"
TRANSPORT mode=unrolled dma_minimum=64
BEGIN_BREAKOUT frames=180 warmup=30 fixed=0 blocks=40 tiles=1 hud=1 wait=spin replay=0 state_frame=0 profile=detailed pixel_centers=1 clock_call_ns=4749
HW_COUNTERS unavailable
RESULT frames=180 elapsed_s=9.161960400 fps=19.646450 logic_ms=1.050578 api_ms=11.166707 swap_ms=33.097202 wait_ms=5.440161 worker_inclusive_ms=32.849580 upload_inclusive_ms=6.387007 write_ms=6.151059 bytes_per_frame=30951.56 p50_ms=50.158200 p95_ms=51.072900 max_ms=66.876700 late_60hz=180 first_count=9927 last_count=10106 state_hash=8f34e8fd remaining=38 score=20
RENDER_PATH retained=0 grouped=1 quads=13131 full_frames=180
BREAKOUT_PASS
CSV_BEGIN
frame,state_hash,display_count,logic_ns,api_ns,swap_ns,wait_ns,total_ns,completion_interval_ns,polls,worker_inclusive_ns,upload_inclusive_ns,write_ns,read_ns,write_bytes,read_bytes,write_calls,read_calls,dma_copy_ns,dma_launch_ns,dma_completion_wait_ns,dma_bytes,dma_lists
0,3724779174,9927,766750,10575700,33223200,5374600,49940250,49949950,1052,32268900,6732200,6496350,0,31172,0,5,0,0,0,0,0,0
1,1709657109,9928,935000,11243100,32739650,5140400,50058150,50155250,890,32559050,6215300,6016350,0,31172,0,5,0,0,0,0,0,0
2,1894904752,9929,895300,11247250,40441400,14194200,66778150,66875950,2782,40260300,6094000,5878100,0,31172,0,5,0,0,0,0,0,0
3,3703759967,9930,1410450,10942250,33210200,4495500,50058400,50157350,861,32280800,6526600,6306350,0,31172,0,5,0,0,0,0,0,0
4,19533624,9931,886600,11248300,32509100,5423900,50067900,50163700,1040,32331500,6598850,6359750,0,31172,0,5,0,0,0,0,0,0
5,816884773,9932,1327100,10573300,34779250,3377850,50057500,50156100,602,34595500,6687750,6460000,0,31172,0,5,0,0,0,0,0,0
6,1339236364,9933,870800,11255500,32344450,5789100,50259850,50356500,1040,32162200,6495850,5579900,0,31172,0,5,0,0,0,0,0,0
7,3072959373,9934,860350,13451600,32800250,2745700,49857900,49957650,461,32626150,6107600,5887050,0,31172,0,5,0,0,0,0,0,0
8,1782884746,9935,890200,11276400,32176950,5715000,50058550,50155250,1021,32003350,5743950,5541050,0,31172,0,5,0,0,0,0,0,0
9,30296781,9936,865800,11291250,32442100,5463750,50062900,50159700,1067,32257400,6681900,6465700,0,31492,0,5,0,0,0,0,0,0
10,4026418858,9937,889750,11200550,32755100,5219250,50064650,50161200,902,32576150,6228500,6027400,0,31492,0,5,0,0,0,0,0,0
11,2084929051,9938,866550,11219150,32641850,5330650,50058200,50156850,1029,32458600,6497050,6291500,0,31492,0,5,0,0,0,0,0,0
12,3114489770,9939,898150,11133400,32461700,5564500,50057750,50154450,947,32284950,6062000,5862450,0,31172,0,5,0,0,0,0,0,0
13,891400471,9940,861400,11247050,32082700,5867100,50058250,50158850,1127,31902850,6340100,6140200,0,31172,0,5,0,0,0,0,0,0
14,3472773456,9941,935250,11310450,32199650,4172150,48617500,50157200,764,32019400,6458200,5440150,0,31172,0,5,0,0,0,0,0,0
15,3010688243,9942,876950,11235150,32676500,5271700,50060300,50157100,1012,32498550,6567000,6364050,0,31172,0,5,0,0,0,0,0,0
16,2819524756,9943,1565150,10562950,33114200,4818650,50060950,50158000,932,32935950,6696850,6485950,0,31172,0,5,0,0,0,0,0,0
17,3241678401,9944,872650,11429650,34807400,2952500,50062200,50159000,627,34631550,6490100,6269650,0,31172,0,5,0,0,0,0,0,0
18,2154316504,9945,890300,11507500,32132850,5050500,49581150,50160400,981,31950600,6470050,6254450,0,31172,0,5,0,0,0,0,0,0
19,772262681,9946,869600,11402850,32860500,5077250,50210200,50308700,886,32677600,6052650,5854800,0,31172,0,5,0,0,0,0,0,0
20,3882818750,9947,871150,11521850,32176200,5337200,49906400,50003350,1043,31994200,6473750,6245750,0,31172,0,5,0,0,0,0,0,0
21,521131153,9948,864450,11394300,32498650,5306200,50063600,50160350,934,32324400,6041350,5844300,0,31172,0,5,0,0,0,0,0,0
22,1838187414,9949,889000,11492850,38941750,15454600,66778200,66876700,2914,38774250,6013350,5810600,0,31172,0,5,0,0,0,0,0,0
23,840574439,9950,1463600,10612500,33374500,4611150,50061750,50158750,859,33196100,6499050,6280800,0,31172,0,5,0,0,0,0,0,0
24,2879461878,9951,887250,11266700,31981600,5925650,50061200,50155950,1152,31804550,6263000,6034000,0,31172,0,5,0,0,0,0,0,0
25,202086035,9952,1472450,10592150,33037400,4956200,50058200,50156850,962,32867200,6555150,6337950,0,31172,0,5,0,0,0,0,0,0
26,959703924,9953,889150,11430150,32186850,5882400,50388550,50487200,1060,32009250,6501150,6271150,0,31172,0,5,0,0,0,0,0,0
27,3795724423,9954,871900,13007700,32995200,2856900,49731700,49829700,485,32818750,6066650,5859350,0,31172,0,5,0,0,0,0,0,0
28,2500539904,9955,891850,11406650,31973650,5802250,50074400,50171250,1040,31796800,5661850,5472450,0,31172,0,5,0,0,0,0,0,0
29,2269000541,9956,870100,11517200,32227050,5432600,50046950,50145000,1063,32045050,6500700,6277850,0,31172,0,5,0,0,0,0,0,0
30,1900681108,9957,890150,11373500,32524200,5274600,50062450,50160550,920,32344800,6068400,5870450,0,31172,0,5,0,0,0,0,0,0
31,3680168245,9958,869750,11382500,32395750,5405500,50053500,50153050,1055,32209600,6689600,6464300,0,31172,0,5,0,0,0,0,0,0
32,2344329490,9959,906250,11183050,32643900,5331350,50064550,50161400,930,32466800,6068350,5862800,0,31172,0,5,0,0,0,0,0,0
33,2130650181,9960,868500,11248600,32178350,5761000,50056450,50155100,1133,31997700,6223750,6021000,0,31492,0,5,0,0,0,0,0,0
34,906966818,9961,1562100,10584650,33348850,4568150,50063750,50162250,882,33176650,6708900,6498550,0,31492,0,5,0,0,0,0,0,0
35,3939376531,9962,865700,11254800,32202700,5730900,50054100,50153700,1058,32019600,6295200,6092300,0,31492,0,5,0,0,0,0,0,0
36,2110688546,9963,1526650,10569500,33310250,4648300,50054700,50158150,896,33132500,6730750,6520300,0,31172,0,5,0,0,0,0,0,0
37,2695523007,9964,903500,11416500,34538350,2508150,49366500,50156400,532,34359050,6313250,6105250,0,31172,0,5,0,0,0,0,0,0
38,744447992,9965,1441150,10603300,33145500,4868800,50058750,50159200,942,32203950,6529500,6306400,0,31172,0,5,0,0,0,0,0,0
39,3728640411,9966,877550,11278350,32381950,5791700,50329550,50430800,1040,32199800,5713650,5521450,0,31172,0,5,0,0,0,0,0,0
40,618879740,9967,891300,11599550,32246900,5053250,49791000,49887900,981,32062750,6384500,6182500,0,31172,0,5,0,0,0,0,0,0
41,1239708057,9968,868850,11245100,32288100,5659050,50061100,50157650,1012,32110650,5762650,5576400,0,31172,0,5,0,0,0,0,0,0
42,2429742208,9969,889200,11344450,40232700,14310050,66776400,66874700,2812,40050950,6440500,6207000,0,31172,0,5,0,0,0,0,0,0
43,412095716,9970,1505250,10618850,33711350,4222050,50057500,50156550,781,33529700,6994400,6784250,0,31172,0,5,0,0,0,0,0,0
44,1226741467,9971,893250,11276300,32627150,5260700,50057400,50159300,1007,32447700,6699150,6482150,0,31172,0,5,0,0,0,0,0,0
45,3288446148,9972,1411400,10565000,33393000,4689950,50059350,50156350,900,33209800,6730500,6514650,0,31172,0,5,0,0,0,0,0,0
46,1157984843,9973,891550,11287450,32507800,5373450,50060250,50159900,1031,32333250,6536500,6310300,0,31172,0,5,0,0,0,0,0,0
47,3877288378,9974,867200,10587200,34641300,3556100,49651800,50160650,640,34461750,6550400,6320900,0,31172,0,5,0,0,0,0,0,0
48,4236526315,9975,890150,11629600,32644300,5027250,50191300,50288000,870,32469500,6091000,5894400,0,31172,0,5,0,0,0,0,0,0
49,533834014,9976,869150,10585800,33192550,5280050,49927550,50024100,1030,32251950,6531400,6305950,0,31172,0,5,0,0,0,0,0,0
50,1649361089,9977,898000,11251750,32627400,5285000,50062150,50160350,926,32453050,6063550,5865350,0,31172,0,5,0,0,0,0,0,0
51,2486981906,9978,863500,11377800,32313900,5500250,50055450,50155550,1076,32129800,6406300,6196200,0,31172,0,5,0,0,0,0,0,0
52,1706075277,9979,896150,11487850,32777450,4902350,50063800,50160300,832,32602600,6112250,5907450,0,31172,0,5,0,0,0,0,0,0
53,267972368,9980,863350,11222950,32294200,5678950,50059450,50157650,1115,32105000,6478250,6278600,0,31172,0,5,0,0,0,0,0,0
54,3895401273,9981,1571950,10538800,32639450,5307950,50058150,50156850,923,32472050,6109950,5908800,0,31172,0,5,0,0,0,0,0,0
55,605985656,9982,871050,11251300,32086650,5850000,50059000,50157600,1150,31904650,6347050,6143700,0,31172,0,5,0,0,0,0,0,0
56,4077673024,9983,1569450,10556800,33460100,4477150,50063500,50158900,855,33275850,6679600,6465050,0,30852,0,5,0,0,0,0,0,0
57,985632231,9984,893150,11240350,35328750,2596700,50058950,50154250,551,35147400,6826600,6609550,0,30852,0,5,0,0,0,0,0,0
58,3720590956,9985,1520550,10572600,33296750,4674850,50064750,50158100,894,33117050,6825550,6610550,0,30852,0,5,0,0,0,0,0,0
59,3264032585,9986,916250,11298600,32214700,5629550,50059100,50157650,1062,32029550,6551450,6341400,0,30852,0,5,0,0,0,0,0,0
60,395405688,9987,915450,10586050,33250800,4896200,49648500,50159550,919,32329550,6465450,6262050,0,30852,0,5,0,0,0,0,0,0
61,32142420,9988,944950,11379800,32541900,4702850,49569500,50377800,762,32370450,6076050,5872950,0,30852,0,5,0,0,0,0,0,0
62,1187067055,9989,922950,11351400,38839850,15440000,66554200,66655350,2905,38669750,6017400,5815550,0,30852,0,5,0,0,0,0,0,0
63,459140908,9990,1553900,10573450,33361150,4577050,50065550,50162750,880,33185550,6693850,6476950,0,30852,0,5,0,0,0,0,0,0
64,3369786495,9991,928200,11256850,32826300,5045100,50056450,50154950,962,32649500,6728500,6507850,0,30852,0,5,0,0,0,0,0,0
65,1572434254,9992,1473750,10595200,33368850,4622800,50060600,50155900,886,33186000,6859050,6642300,0,30852,0,5,0,0,0,0,0,0
66,4107798823,9993,923150,11271350,32354500,5512400,50061400,50159700,1063,32171700,6564450,6341500,0,30852,0,5,0,0,0,0,0,0
67,343968250,9994,1370450,10599600,34789400,3298700,50058150,50156550,581,34602950,6645100,6424500,0,30852,0,5,0,0,0,0,0,0
68,3102454017,9995,918900,11286050,32962350,5178100,50345400,50440700,871,32777900,6016600,5815400,0,30852,0,5,0,0,0,0,0,0
69,3051095563,9996,901300,10576550,32993050,5309800,49780700,49877600,1009,32056100,6496350,6276750,0,30852,0,5,0,0,0,0,0,0
70,2391331016,9997,918500,11251150,31977250,5989100,50136000,50232850,1052,31800400,5671500,5464750,0,30852,0,5,0,0,0,0,0,0
71,3869016117,9998,901850,11343300,32229000,5510450,49984600,50083150,1079,32044100,6487500,6264550,0,30852,0,5,0,0,0,0,0,0
72,1579800804,9999,921450,11359300,32869950,4908950,50059650,50156400,836,32693950,6072050,5864700,0,30852,0,5,0,0,0,0,0,0
73,2792341157,10000,912500,11403050,32126200,5619650,50061400,50159600,1104,31949300,6435350,6238000,0,30852,0,5,0,0,0,0,0,0
74,714702942,10001,932550,11299650,32423300,5404350,50059850,50158200,947,32248300,6059450,5859850,0,30852,0,5,0,0,0,0,0,0
75,1092538936,10002,896850,11393800,31896400,5872650,50059700,50157950,1156,31714450,6158350,5961950,0,30852,0,5,0,0,0,0,0,0
76,1561271239,10003,1599550,10713700,33332850,4413600,50059700,50156300,845,33155000,6581850,6372750,0,31172,0,5,0,0,0,0,0,0
77,3798074098,10004,911000,11375900,34902900,2868100,50057900,50155650,610,34732850,6076450,5872000,0,31172,0,5,0,0,0,0,0,0
78,3022639071,10005,1514300,10552550,33323350,4675450,50065650,50159350,899,33136700,6669250,6456650,0,31172,0,5,0,0,0,0,0,0
79,2282770062,10006,910950,11292050,32445000,5412800,50060800,50159200,1040,32260550,6529400,6316500,0,30852,0,5,0,0,0,0,0,0
80,1626512457,10007,1380150,10570800,33267450,4843500,50061900,50158300,915,33089300,6706350,6497450,0,30852,0,5,0,0,0,0,0,0
81,3156888026,10008,914350,11255100,32231250,5859950,50260650,50362650,1054,32042800,5644600,5453800,0,30852,0,5,0,0,0,0,0,0
82,3038824309,10009,924850,10564650,41195300,13886700,66571500,66672200,2718,40277400,6247450,6014750,0,30852,0,5,0,0,0,0,0,0
83,1261846460,10010,1577900,10691950,34386950,3400650,50057450,50155600,612,34201800,6237950,6024950,0,30852,0,5,0,0,0,0,0,0
84,2035201521,10011,981800,11583300,32752550,4034200,49351850,50157050,737,32565250,6018300,5815350,0,30852,0,5,0,0,0,0,0,0
85,2164446652,10012,1518000,10749100,33215650,4579000,50061750,50158850,882,33032900,6648850,6439950,0,30852,0,5,0,0,0,0,0,0
86,2017191835,10013,938800,11389850,32207750,5520600,50057000,50158100,1064,32022650,6475950,6258950,0,30852,0,5,0,0,0,0,0,0
87,3029138484,10014,1425300,10570300,34664400,3400650,50060650,50160200,608,34478400,6523700,6300550,0,30852,0,5,0,0,0,0,0,0
88,50355403,10015,928150,11314550,32621200,5582400,50446300,50543450,975,32447000,6740000,5776200,0,30852,0,5,0,0,0,0,0,0
89,654213990,10016,917600,11344350,32328950,5078550,49669450,49768200,986,32145350,6449450,6216000,0,30852,0,5,0,0,0,0,0,0
90,2360099787,10017,937400,11267900,32104500,5813200,50123000,50221150,1044,31924600,5636550,5444900,0,30852,0,5,0,0,0,0,0,0
91,2424818746,10018,905950,10596450,33067000,5427650,49997050,50097150,1061,32131350,6444500,6224850,0,30852,0,5,0,0,0,0,0,0
92,1971386461,10019,926900,11203700,32623200,5350350,50104150,50200700,873,32442000,6001150,5805750,0,30852,0,5,0,0,0,0,0,0
93,3386045126,10020,910050,11307050,32274600,5522350,50014050,50114000,1082,32092000,6393350,6185650,0,30852,0,5,0,0,0,0,0,0
94,1429641961,10021,930700,11158250,32627050,5346650,50062650,50161000,934,32445750,6022550,5823350,0,30852,0,5,0,0,0,0,0,0
95,3022846880,10022,900750,11270650,32141200,5743750,50056350,50156050,1128,31958150,6282100,6075950,0,30852,0,5,0,0,0,0,0,0
96,1601897261,10023,1604500,10564250,33251450,4640200,50060400,50156950,906,32469200,6033350,5835600,0,30852,0,5,0,0,0,0,0,0
97,1229951528,10024,898050,11608100,35025400,2526800,50058350,50154750,536,34847900,6646900,6434100,0,30852,0,5,0,0,0,0,0,0
98,4065171759,10025,1569250,10548700,33259250,4685600,50062800,50159450,906,33084350,6652700,6444600,0,30852,0,5,0,0,0,0,0,0
99,1034325744,10026,896450,11233950,32102500,5830850,50063750,50161950,1134,31916100,6200950,6001850,0,30852,0,5,0,0,0,0,0,0
100,14078671,10027,1391250,10574500,33131350,4963850,50060950,50157700,959,32953050,6490550,6270250,0,31172,0,5,0,0,0,0,0,0
101,4024270554,10028,902200,11281450,33086250,5118200,50388100,50486500,891,32907400,6033950,5835050,0,31172,0,5,0,0,0,0,0,0
102,896191351,10029,927800,10587550,40641750,14290600,66447700,66544400,2819,39129100,6019650,5795700,0,31172,0,5,0,0,0,0,0,0
103,2131384102,10030,913450,11160650,32712650,5275700,50062450,50159800,918,32528750,6081200,5882400,0,30852,0,5,0,0,0,0,0,0
104,2586210593,10031,925850,11263300,32108100,5763100,50060350,50158400,1131,31926300,6276700,6073050,0,30852,0,5,0,0,0,0,0,0
105,591918370,10032,1579450,10900550,33105100,4475400,50060500,50158550,861,32928150,6495400,6280550,0,30852,0,5,0,0,0,0,0,0
106,8814317,10033,933950,11246350,32126800,5750000,50057100,50158900,1113,31938300,6251700,6039750,0,30852,0,5,0,0,0,0,0,0
107,2340504196,10034,951100,11417550,35485800,864500,48718950,50152250,179,35307850,6691800,6480600,0,30852,0,5,0,0,0,0,0,0
108,3523076009,10035,924550,11329450,32536150,5275900,50066050,50161700,1009,32345250,6641050,6405850,0,30852,0,5,0,0,0,0,0,0
109,1961669028,10036,1360100,10579100,33384600,4737700,50061500,50159500,913,32126450,6430000,6229650,0,30852,0,5,0,0,0,0,0,0
110,1037581603,10037,934800,11268350,32231750,5813600,50248500,50346750,1043,32048100,6585650,6354500,0,30852,0,5,0,0,0,0,0,0
111,2701024588,10038,907050,10591800,33127650,5244250,49870750,49967600,1021,32202800,6646050,6420500,0,30852,0,5,0,0,0,0,0,0
112,215037203,10039,935400,11228000,32086900,5811600,50061900,50157400,1034,31907250,5801500,5604800,0,30852,0,5,0,0,0,0,0,0
113,3696282862,10040,910300,11355000,32622400,5171400,50059100,50155600,999,32441050,6566050,6354900,0,30852,0,5,0,0,0,0,0,0
114,2829142928,10041,946950,11181800,32452450,5481750,50062950,50160200,930,32272400,6034250,5837350,0,30852,0,5,0,0,0,0,0,0
115,3204762949,10042,902500,11274600,32063400,5817300,50057800,50156000,1117,31881500,6429000,6213750,0,30852,0,5,0,0,0,0,0,0
116,3297489190,10043,1563600,10500300,32431500,5569400,50064800,50159500,957,32253500,6066650,5864400,0,30852,0,5,0,0,0,0,0,0
117,1691704917,10044,895200,11283300,34401150,3481450,50061100,50155650,611,34227650,7865850,7596350,0,30852,0,5,0,0,0,0,0,0
118,663957814,10045,1692500,10587350,33062050,4723600,50065500,50162800,915,32883800,6664750,6454250,0,30852,0,5,0,0,0,0,0,0
119,3058583827,10046,898150,11403250,31963250,5794200,50058850,50157400,1126,31779200,6238000,6034050,0,30852,0,5,0,0,0,0,0,0
120,838545270,10047,1469100,10678750,33089550,4819150,50056550,50153150,935,32909300,6686550,6478200,0,30852,0,5,0,0,0,0,0,0
121,3608912039,10048,896350,11436500,32418600,5312000,50063450,50159850,1017,32234300,5675100,5491100,0,30852,0,5,0,0,0,0,0,0
122,4080159716,10049,921300,11503050,37925150,16021900,66371400,66875750,2924,37745450,12311200,12067400,0,30852,0,5,0,0,0,0,0,0
123,1056027075,10050,940600,11245000,32557000,5304150,50046750,50161350,889,32379550,6067800,5858000,0,30852,0,5,0,0,0,0,0,0
124,4057021248,10051,921600,11259300,32123300,5753250,50057450,50154250,1104,31941350,6415050,6211050,0,31172,0,5,0,0,0,0,0,0
125,2686741161,10052,1597450,10575850,33527600,4363000,50063900,50158850,808,33354200,6683900,6466750,0,31172,0,5,0,0,0,0,0,0
126,3870849660,10053,925850,11291450,31881550,5964650,50063500,50159550,1175,31702250,6160350,5957050,0,31172,0,5,0,0,0,0,0,0
127,293449641,10054,1609550,10610350,34376550,3460300,50056750,50154850,624,34193950,6382700,6172150,0,30852,0,5,0,0,0,0,0,0
128,596064266,10055,941950,11444000,32105800,5574100,50065850,50162600,1076,31924900,6391300,6169900,0,30852,0,5,0,0,0,0,0,0
129,3715495249,10056,1384550,10723950,33273650,4668700,50050850,50152950,900,32338100,6398850,6201400,0,30852,0,5,0,0,0,0,0,0
130,244680018,10057,974400,11523550,32380300,4789350,49667600,50470450,817,32206350,6033500,5833850,0,30852,0,5,0,0,0,0,0,0
131,4080661783,10058,914200,11492200,32136650,5203350,49746400,49845700,1014,31955700,6433200,6217450,0,30852,0,5,0,0,0,0,0,0
132,4006730450,10059,920350,11377950,32015600,5746950,50060850,50160200,1029,31833200,5664450,5476550,0,30852,0,5,0,0,0,0,0,0
133,3864584507,10060,901200,10608650,33298250,5251500,50059600,50157600,1023,32241350,6686300,6461900,0,30852,0,5,0,0,0,0,0,0
134,2711027320,10061,927550,11247750,32578400,5307950,50061650,50160100,928,32394300,6019850,5821550,0,30852,0,5,0,0,0,0,0,0
135,4099079087,10062,903550,11285450,32185050,5679600,50053650,50153050,1116,32001600,6384050,6180500,0,30852,0,5,0,0,0,0,0,0
136,565333772,10063,929850,11161600,32534650,5440850,50066950,50163550,955,32354950,6016300,5812850,0,30852,0,5,0,0,0,0,0,0
137,1028518269,10064,902400,11280000,34028550,3846550,50057500,50155600,633,33855450,8182350,7929100,0,30852,0,5,0,0,0,0,0,0
138,2252688136,10065,1647200,10581550,33162300,4666100,50057150,50158600,906,33000350,6038700,5839450,0,30852,0,5,0,0,0,0,0,0
139,578597309,10066,905500,11260800,32159050,5731700,50057050,50155450,1114,31978350,6255300,6054300,0,30852,0,5,0,0,0,0,0,0
140,3624439358,10067,1488150,10577050,33294200,4701200,50060600,50157500,908,33117450,6658000,6439350,0,30852,0,5,0,0,0,0,0,0
141,3514067501,10068,902700,11297950,32431050,5429500,50061200,50158050,1045,32245500,6531500,6326050,0,30852,0,5,0,0,0,0,0,0
142,2741972910,10069,1387850,11666950,32748450,8091750,53895000,53993500,487,32568950,6930850,5916450,0,30852,0,5,0,0,0,0,0,0
143,28497579,10070,942250,12358950,32646200,739600,46687000,46812600,23,32472950,6032700,5828000,0,30852,0,5,0,0,0,0,0,0
144,466729326,10071,929600,11345800,32256150,5043250,49574800,49669900,977,32076150,6389450,6181050,0,30852,0,5,0,0,0,0,0,0
145,3425349295,10072,916000,11237350,32372050,5531700,50057100,50155400,985,32191200,5804150,5621500,0,30852,0,5,0,0,0,0,0,0
146,1537640620,10073,923050,11568500,32276800,5293800,50062150,50160350,1032,32094400,6392650,6179200,0,30852,0,5,0,0,0,0,0,0
147,1853842891,10074,916500,11195900,32634900,6227100,50974400,51072900,853,32453600,6026600,5826800,0,30852,0,5,0,0,0,0,0,0
148,1177024904,10075,963400,11375150,32374800,4417850,49131200,49244600,826,32192650,6561900,6336700,0,31172,0,5,0,0,0,0,0,0
149,4106734849,10076,904050,11151250,32781800,5222600,50059700,50154900,902,32597800,6196400,6001450,0,31172,0,5,0,0,0,0,0,0
150,2025356500,10077,921300,11265100,32499650,5372950,50059000,50157850,1033,32318700,6407200,6191300,0,31172,0,5,0,0,0,0,0,0
151,2189605121,10078,1566350,10605600,33279350,4609300,50060600,50157900,894,32381650,6059100,5857250,0,30852,0,5,0,0,0,0,0,0
152,4086136290,10079,941650,11242400,31850750,6027600,50062400,50159150,1157,31672050,6150450,5951500,0,30852,0,5,0,0,0,0,0,0
153,4036669705,10080,1467500,10592650,33303650,4692450,50056250,50154050,876,33122700,6686950,6467900,0,30852,0,5,0,0,0,0,0,0
154,4167980074,10081,975700,11394900,32909200,4080700,49360500,50160200,739,32730650,6062450,5854850,0,30852,0,5,0,0,0,0,0,0
155,51187407,10082,1505500,11302200,32257550,4992550,50057800,50157650,969,32079600,6484150,6260300,0,30852,0,5,0,0,0,0,0,0
156,2242638442,10083,926350,11410500,32032950,5897950,50267750,50367350,1063,31855800,6388750,5457950,0,30852,0,5,0,0,0,0,0,0
157,2730108163,10084,921700,11472100,32248100,5205600,49847500,49945850,1015,32069400,6494750,6275800,0,30852,0,5,0,0,0,0,0,0
158,2718743917,10085,936900,13503000,32422250,3200200,50062350,50160450,583,32241750,6266150,6048850,0,30852,0,5,0,0,0,0,0,0
159,3391709842,10086,913250,11490600,32232000,5424050,50059900,50158800,1062,32047900,6470200,5453650,0,30852,0,5,0,0,0,0,0,0
160,1164604273,10087,925200,11365950,32456450,5314300,50061900,50158600,931,32276400,6036550,5838900,0,30852,0,5,0,0,0,0,0,0
161,2148591176,10088,901800,11407900,32002850,5748000,50060550,50157050,1131,31824200,6270850,6073050,0,30852,0,5,0,0,0,0,0,0
162,4192737573,10089,1605800,10477050,34736250,3242600,50061700,50159950,577,34548950,6655550,6428600,0,30852,0,5,0,0,0,0,0,0
163,535584840,10090,906900,11312200,40671200,13884450,66774750,66873150,2704,40485950,6487700,6284600,0,30852,0,5,0,0,0,0,0,0
164,3430794475,10091,948100,11354400,32210700,5030100,49543300,50157600,977,32027400,6483300,6260500,0,30852,0,5,0,0,0,0,0,0
165,776323552,10092,908350,11415700,31998100,5801800,50123950,50220950,1045,31814100,5664400,5478100,0,30852,0,5,0,0,0,0,0,0
166,3330991427,10093,921650,11465350,32361100,5250350,49998450,50097050,1024,32172300,6272750,6068950,0,30852,0,5,0,0,0,0,0,0
167,3282074430,10094,912350,11360000,32522600,5266100,50061050,50159450,919,32344250,6041750,5841850,0,30852,0,5,0,0,0,0,0,0
168,2597814595,10095,915750,13339450,32400800,3399800,50055800,50154350,600,32221550,6048800,5852900,0,30852,0,5,0,0,0,0,0,0
169,2225601370,10096,910000,11296250,32544400,5309650,50060300,50157250,927,32364600,6054200,5854750,0,30852,0,5,0,0,0,0,0,0
170,3716853465,10097,926550,11372650,32125650,5631250,50056100,50157250,1102,31940200,6444150,6236300,0,30852,0,5,0,0,0,0,0,0
171,1080675697,10098,1617450,10426100,32299050,5722350,50064950,50161700,1019,32117300,5984100,5782900,0,30212,0,5,0,0,0,0,0,0
172,219920238,10099,916500,11126450,31917950,6097100,50058000,50156050,1205,31731900,6338900,6129150,0,30212,0,5,0,0,0,0,0,0
173,3070385651,10100,1496050,10461550,32385900,5720250,50063750,50159900,1014,32207200,5985050,5784100,0,30212,0,5,0,0,0,0,0,0
174,2609556270,10101,923550,11089350,31718450,6324000,50055350,50155100,1196,31531150,6070600,5851900,0,30212,0,5,0,0,0,0,0,0
175,141401383,10102,1428700,10477900,32996950,5155400,50058950,50161800,1008,32819100,6601550,6389750,0,30212,0,5,0,0,0,0,0,0
176,3034105280,10103,923350,11151550,32075100,6234200,50384200,50483650,1141,31887250,6439500,6220500,0,30212,0,5,0,0,0,0,0,0
177,3029196371,10104,894200,10460350,32929550,5446200,49730300,49830400,1070,32752700,6599500,6388700,0,30212,0,5,0,0,0,0,0,0
178,699378668,10105,930150,11120500,34481600,3603000,50135250,50233550,673,34297100,6401950,6182900,0,30212,0,5,0,0,0,0,0,0
179,2402609405,10106,894800,11588850,32143100,5353550,49980300,50082200,1045,31960450,6493200,6272750,0,30212,0,5,0,0,0,0,0,0
CSV_END

STUDY_DONE_7aaf1ff53a41=0
# 