/tmp/app-lto --transport apb --state-frame 0 --frames 180 --warmup 30 --wait spin --profile detailed --csv /tmp/transport-frames.csv --retained --dump /tmp/transport-frame.raw && printf "CSV_BEGIN\n" && cat /tmp/transport-frames.csv && printf "CSV_END\n"; study_status=$?; printf "\nSTUDY_DONE_9f3f5f8632cb=%s\n" "$study_status"
TRANSPORT mode=apb dma_minimum=64
BEGIN_BREAKOUT frames=180 warmup=30 fixed=0 blocks=40 tiles=1 hud=1 wait=spin replay=0 state_frame=0 profile=detailed pixel_centers=1 clock_call_ns=4741
HW_COUNTERS unavailable
RESULT frames=180 elapsed_s=3.093042300 fps=58.195130 logic_ms=1.019464 api_ms=2.725081 swap_ms=4.949986 wait_ms=8.332428 worker_inclusive_ms=4.728583 upload_inclusive_ms=1.526650 write_ms=1.340364 bytes_per_frame=3578.67 p50_ms=16.719550 p95_ms=17.083300 max_ms=33.441700 late_60hz=163 first_count=2215 last_count=2394 state_hash=8f34e8fd remaining=38 score=20
RENDER_PATH retained=1 grouped=0 quads=645 full_frames=0
FRAME_CHECK count=2394 address=9fe00000 fnv1a=79c99b23 pixels=307200 mismatches=0
BREAKOUT_PASS
CSV_BEGIN
frame,state_hash,display_count,logic_ns,api_ns,swap_ns,wait_ns,total_ns,completion_interval_ns,polls,worker_inclusive_ns,upload_inclusive_ns,write_ns,read_ns,write_bytes,read_bytes,write_calls,read_calls,dma_copy_ns,dma_launch_ns,dma_completion_wait_ns,dma_bytes,dma_lists
0,3724779174,2215,1357350,3959200,5542750,6017800,16877100,16886800,1103,5367250,2444650,2273200,0,4572,0,5,0,0,0,0,0,0
1,1709657109,2216,932350,3761750,5609800,6112750,16416650,16528050,1117,5418700,1682000,1517100,0,4252,0,5,0,0,0,0,0,0
2,1894904752,2217,881650,3121900,4461200,8145700,16610450,16720650,1561,4273600,1776000,1606050,0,3612,0,5,0,0,0,0,0,0
3,3703759967,2218,860900,3033750,5078550,7641650,16614850,16719000,1431,4899850,1471800,1330950,0,3612,0,5,0,0,0,0,0,0
4,19533624,2219,855600,2976350,6984250,5794150,16610350,16720150,1077,6796350,1822950,1672550,0,3612,0,5,0,0,0,0,0,0
5,816884773,2220,1565800,1898400,3935350,9207750,16607300,16714750,1750,3747850,789700,651450,0,2972,0,5,0,0,0,0,0,0
6,1339236364,2221,1346150,2223950,5552450,7491000,16613550,16719600,1434,5369450,2025550,1872950,0,3612,0,5,0,0,0,0,0,0
7,3072959373,2222,866750,2193500,5473350,8082300,16615900,16721900,1524,5305400,1896500,1739000,0,3612,0,5,0,0,0,0,0,0
8,1782884746,2223,852350,2732450,2997950,10035100,16617850,16719400,1813,2822150,792650,653700,0,2972,0,5,0,0,0,0,0,0
9,30296781,2224,851450,2932900,5586600,7242800,16613750,16720200,1324,5403300,1719750,1571900,0,4252,0,5,0,0,0,0,0,0
10,4026418858,2225,863300,3009650,6089000,6645150,16607100,16718700,1311,5168600,1707800,1565550,0,4252,0,5,0,0,0,0,0,0
11,2084929051,2226,1500600,1865350,4653550,8873900,16893400,17001650,1583,4479850,1470500,1332200,0,3612,0,5,0,0,0,0,0,0
12,3114489770,2227,862150,2215050,5526100,7725450,16328750,16434900,1482,5343350,1977050,1826550,0,3932,0,5,0,0,0,0,0,0
13,891400471,2228,848200,2194700,5298450,8273900,16615250,16721100,1560,4288350,1736750,1574550,0,3932,0,5,0,0,0,0,0,0
14,3472773456,2229,875950,2816950,3921900,8225450,15840250,16716000,1563,3752300,793250,646100,0,2972,0,5,0,0,0,0,0,0
15,3010688243,2230,855150,2918050,5230200,7615750,16619150,16719600,1401,5050900,1467800,1322050,0,3612,0,5,0,0,0,0,0,0
16,2819524756,2231,857550,2926900,4930700,7902350,16617500,16721050,1449,4761200,1480350,1339800,0,3612,0,5,0,0,0,0,0,0
17,3241678401,2232,1474700,1850800,4193800,9094350,16613650,16720150,1617,4011450,795200,655650,0,2972,0,5,0,0,0,0,0,0
18,2154316504,2233,857600,2211250,5400100,8140850,16609800,16718700,1573,5212900,1912250,1758200,0,3612,0,5,0,0,0,0,0,0
19,772262681,2234,853050,3148550,4723400,7892050,16617050,16719900,1506,4543900,2047650,1014700,0,3612,0,5,0,0,0,0,0,0
20,3882818750,2235,843800,2762900,3834050,9175850,16616600,16719750,1783,3654550,1652700,1491550,0,2972,0,5,0,0,0,0,0,0
21,521131153,2236,854300,2919900,5191000,7652150,16617350,16719150,1404,5006550,1473400,1328150,0,3612,0,5,0,0,0,0,0,0
22,1838187414,2237,1480750,2238450,5702700,7552800,16974700,17083300,1450,4754350,1483800,1340850,0,3612,0,5,0,0,0,0,0,0
23,840574439,2238,861200,1851700,4017200,9518500,16248600,16354650,1713,3835300,800550,654150,0,2972,0,5,0,0,0,0,0,0
24,2879461878,2239,868300,2221750,5133200,8392350,16615600,16718350,1625,4085650,1654100,1502300,0,3612,0,5,0,0,0,0,0,0
25,202086035,2240,856350,3094100,4971050,7695850,16617350,16720600,1459,4809400,1477950,1332850,0,3612,0,5,0,0,0,0,0,0
26,959703924,2241,849400,2603650,3996100,9161800,16610950,16719900,1771,3814100,1803200,1627450,0,2972,0,5,0,0,0,0,0,0
27,3795724423,2242,851200,2908200,4971600,7885750,16616750,16718700,1451,4811200,1469750,1328250,0,3612,0,5,0,0,0,0,0,0
28,2500539904,2243,1401150,2231050,5716350,7316150,16664700,16768300,1397,5531500,2253050,2097550,0,3612,0,5,0,0,0,0,0,0
29,2269000541,2244,856450,1844700,3883200,9985400,16569750,16671650,1694,3712000,794300,651500,0,2972,0,5,0,0,0,0,0,0
30,1900681108,2245,861150,3203050,4629850,7913250,16607300,16716450,1508,4451550,2023000,1856000,0,3612,0,5,0,0,0,0,0,0
31,3680168245,2246,850350,2937500,5121150,7705950,16614950,16720450,1438,4949850,1476100,1333400,0,3612,0,5,0,0,0,0,0,0
32,2344329490,2247,856300,2629900,3872000,9259350,16617550,16718950,1753,3700900,803350,657000,0,2972,0,5,0,0,0,0,0,0
33,2130650181,2248,1514150,2233500,5847100,7017550,16612300,16719450,1411,5670550,2243600,2098300,0,4252,0,5,0,0,0,0,0,0
34,906966818,2249,866450,2223350,5628400,13780700,22498900,23023250,1363,5440550,2069000,1898100,0,4252,0,5,0,0,0,0,0,0
35,3939376531,2250,874150,3013250,4589850,1815550,10292800,10413150,223,4406400,1255900,1109150,0,3612,0,5,0,0,0,0,0,0
36,2110688546,2251,867200,3131850,4832100,7783000,16614150,16720150,1479,4647950,1323250,1172250,0,3932,0,5,0,0,0,0,0,0
37,2695523007,2252,879800,3121350,4914300,6934900,15850350,16718200,1238,4736100,1309050,1162600,0,3932,0,5,0,0,0,0,0,0
38,744447992,2253,865200,2643950,4044900,9063650,16617700,16721600,1691,3849600,797750,653150,0,2972,0,5,0,0,0,0,0,0
39,3728640411,2254,1398450,2219150,5594850,7549200,16761650,16864350,1448,4619350,1250250,1102300,0,3612,0,5,0,0,0,0,0,0
40,618879740,2255,871350,2214700,5449250,7937250,16472550,16575350,1527,5268800,1926400,1773300,0,3612,0,5,0,0,0,0,0,0
41,1239708057,2256,854000,1840550,3864150,10053950,16612650,16716000,1793,3707250,798650,648950,0,2972,0,5,0,0,0,0,0,0
42,2429742208,2257,861850,3348800,4928050,7474900,16613600,16720350,1372,4746350,1257950,1117250,0,3612,0,5,0,0,0,0,0,0
43,412095716,2258,858950,2988100,5003800,7762950,16613800,16720850,1427,4815900,1249900,1105400,0,3612,0,5,0,0,0,0,0,0
44,1226741467,2259,1529050,1875050,3919050,9289850,16613000,16717550,1768,3745650,798200,654250,0,2972,0,5,0,0,0,0,0,0
45,3288446148,2260,1464050,2232150,5520700,7398350,16615250,16720800,1410,5354100,1945900,1789300,0,3612,0,5,0,0,0,0,0,0
46,1157984843,2261,852250,2217600,5386050,8157750,16613650,16720500,1574,5202800,1909350,1757500,0,3612,0,5,0,0,0,0,0,0
47,3877288378,2262,853650,2714100,3010550,10039750,16618050,16718150,1807,2831650,788750,651150,0,2972,0,5,0,0,0,0,0,0
48,4236526315,2263,857700,3107100,4981100,7667050,16612950,16718900,1411,4795450,1260350,1113900,0,3612,0,5,0,0,0,0,0,0
49,533834014,2264,867150,2975900,4845500,7922950,16611500,16718550,1454,4667750,1249700,1104100,0,3612,0,5,0,0,0,0,0,0
50,1649361089,2265,1422200,1892000,3855300,9678650,16848150,16954200,1759,3687050,795200,652600,0,2972,0,5,0,0,0,0,0,0
51,2486981906,2266,853250,2230950,5605000,7692300,16381500,16484200,1475,5442950,1913100,1760750,0,3612,0,5,0,0,0,0,0,0
52,1706075277,2267,853750,3116800,4389350,8259050,16618950,16719000,1587,4185800,1724950,720750,0,3612,0,5,0,0,0,0,0,0
53,267972368,2268,851750,2705550,3842400,9216350,16616050,16721650,1798,3662350,1625350,603950,0,2972,0,5,0,0,0,0,0,0
54,3895401273,2269,854450,3019500,5092800,7644500,16611250,16719750,1313,4895350,1251750,1105100,0,3612,0,5,0,0,0,0,0,0
55,605985656,2270,1563450,2287450,4787800,7972700,16611400,16718850,1460,4612300,1253550,1109450,0,3612,0,5,0,0,0,0,0,0
56,4077673024,2271,1404800,7590200,8101150,16235250,33331400,33435650,3115,7911300,2153450,2001200,0,6632,0,5,0,0,0,0,0,0
57,985632231,2272,911350,8288700,8994550,15135900,33330500,33440450,2839,8818600,1554650,1407950,0,7312,0,5,0,0,0,0,0,0
58,3720590956,2273,900450,3058100,4837650,7810850,16607050,16718400,1394,4657250,1252500,1111750,0,3652,0,5,0,0,0,0,0,0
59,3264032585,2274,1545250,1891450,3892650,9606150,16935500,17040550,1742,3710200,789600,653450,0,2972,0,5,0,0,0,0,0,0
60,395405688,2275,914450,3280100,4793850,6521800,15510200,16399800,1208,4602000,1257450,1108000,0,3612,0,5,0,0,0,0,0,0
61,32142420,2276,914550,3102000,4401000,8194000,16611550,16717450,1537,4210200,1698800,1531450,0,3612,0,5,0,0,0,0,0,0
62,1187067055,2277,879600,2751850,3857800,9129450,16618700,16720550,1784,3672850,1650250,1508050,0,2972,0,5,0,0,0,0,0,0
63,459140908,2278,906050,2964550,5015900,7730250,16616750,16718400,1033,4850200,1253050,1108100,0,3612,0,5,0,0,0,0,0,0
64,3369786495,2279,909900,3049700,4746150,7903500,16609250,16718250,1411,4565350,1256200,1114850,0,3612,0,5,0,0,0,0,0,0
65,1572434254,2280,1716700,1872100,3891850,9134500,16615150,16718950,1633,3709300,796100,653050,0,2972,0,5,0,0,0,0,0,0
66,4107798823,2281,887850,2232950,5372100,8122950,16615850,16721700,1569,5197850,1895450,1748250,0,3612,0,5,0,0,0,0,0,0
67,343968250,2282,883600,3180600,4784500,7770200,16618900,16718950,1449,4603450,2095550,1932100,0,3612,0,5,0,0,0,0,0,0
68,3102454017,2283,890000,2651150,3881150,9191400,16613700,16717350,1789,3706350,1687750,1522650,0,2972,0,5,0,0,0,0,0,0
69,3051095563,2284,898900,2950900,4942900,7823450,16616150,16721750,1441,4763100,1248000,1106600,0,3612,0,5,0,0,0,0,0,0
70,2391331016,2285,1553750,2276800,4738600,8039700,16608850,16719950,1475,4546900,1259100,1110250,0,3612,0,5,0,0,0,0,0,0
71,3869016117,2286,894500,1866250,3886150,9436150,16083050,16718350,1698,3706600,794900,651900,0,2972,0,5,0,0,0,0,0,0
72,1579800804,2287,886850,2247800,5121450,8355350,16611450,16716650,1619,4090950,1656600,1501900,0,3612,0,5,0,0,0,0,0,0
73,2792341157,2288,880400,3096100,4774050,7867800,16618350,16722250,1493,4595900,1250100,1108850,0,3612,0,5,0,0,0,0,0,0
74,714702942,2289,886750,2783750,3859850,9078600,16608950,16719150,1759,3682500,810450,647250,0,2972,0,5,0,0,0,0,0,0
75,1092538936,2290,894400,2987700,4804250,7930600,16616950,16718950,1454,4627100,1248400,1106000,0,3612,0,5,0,0,0,0,0,0
76,1561271239,2291,1420400,2253650,5693250,7334450,16701750,16806850,1396,5519150,2157750,2002950,0,4252,0,5,0,0,0,0,0,0
77,3798074098,2292,883050,1857850,4569250,9220450,16530600,16634950,1558,4384750,1259550,1116500,0,3612,0,5,0,0,0,0,0,0
78,3022639071,2293,890300,3226900,5021700,7470750,16609650,16717200,1416,4843300,2319550,2154450,0,4252,0,5,0,0,0,0,0,0
79,2282770062,2294,909650,2992550,5258400,7451550,16612150,16716800,1373,5082300,1476400,1330500,0,3932,0,5,0,0,0,0,0,0
80,1626512457,2295,896500,2644600,4357950,8710550,16609600,16717950,1660,4183050,1080300,939500,0,3292,0,5,0,0,0,0,0,0
81,3156888026,2296,1583800,2261950,5781200,6990650,16617600,16723200,1406,5601500,2237600,2092800,0,3612,0,5,0,0,0,0,0,0
82,3038824309,2297,897250,2248600,5367500,7683150,16196500,16717550,1474,5192050,1899700,1750950,0,3612,0,5,0,0,0,0,0,0
83,1261846460,2298,893000,1853100,3855000,10017150,16618250,16718650,1788,3693150,796100,652900,0,2972,0,5,0,0,0,0,0,0
84,2035201521,2299,916400,3241050,5154400,6521850,15833700,16719950,1162,4980050,1476100,1328150,0,3612,0,5,0,0,0,0,0,0
85,2164446652,2300,906650,2978950,5233250,7496950,16615800,16719350,1377,5056500,1469050,1323300,0,3612,0,5,0,0,0,0,0,0
86,2017191835,2301,888700,2650250,4005650,9067250,16611850,16719750,1686,3831500,797850,658650,0,2972,0,5,0,0,0,0,0,0
87,3029138484,2302,1418200,2269950,5773100,7332850,16794100,16895850,1399,5594500,2236550,2086850,0,3612,0,5,0,0,0,0,0,0
88,50355403,2303,883700,2262350,5391350,7900550,16437950,16543450,1520,5211450,1908050,1758550,0,3612,0,5,0,0,0,0,0,0
89,654213990,2304,882350,1866000,3875750,9990100,16614200,16717100,1711,3713950,797000,653100,0,2972,0,5,0,0,0,0,0,0
90,2360099787,2305,884700,3085500,5108100,7537100,16615400,16720150,1397,4933300,1481550,1336500,0,3612,0,5,0,0,0,0,0,0
91,2424818746,2306,895150,3025750,5181550,7508550,16611000,16716850,1373,4997050,1473000,1331650,0,3612,0,5,0,0,0,0,0,0
92,1971386461,2307,1543250,1901150,3908450,9261650,16614500,16722450,1732,3728850,798250,659350,0,2972,0,5,0,0,0,0,0,0
93,3386045126,2308,1391950,2266150,5470300,7484850,16613250,16717200,1431,5292900,1922450,1769350,0,3612,0,5,0,0,0,0,0,0
94,1429641961,2309,891250,2253700,13257250,16935150,33337350,33441700,3270,13070000,5053650,4857150,0,3612,0,5,0,0,0,0,0,0
95,3022846880,2310,901600,2675500,3938200,9099850,16615150,16717750,1770,3764200,1712350,1539500,0,2972,0,5,0,0,0,0,0,0
96,1601897261,2311,886600,3031450,5005550,7693650,16617250,16720100,1409,4829800,1477850,1328950,0,3612,0,5,0,0,0,0,0,0
97,1229951528,2312,1473200,2271350,5779400,7497200,17021150,17125850,1404,5592400,2233050,2083450,0,3612,0,5,0,0,0,0,0,0
98,4065171759,2313,888350,1882600,3861000,9571500,16203450,16309100,1726,3685100,796850,659650,0,2972,0,5,0,0,0,0,0,0
99,1034325744,2314,894700,3148100,4446900,8128300,16618000,16721100,1557,4256150,1747750,747150,0,3612,0,5,0,0,0,0,0,0
100,14078671,2315,879000,3077350,5304300,7354200,16614850,16720250,1370,5114750,1701400,1560250,0,4252,0,5,0,0,0,0,0,0
101,4024270554,2316,897050,2754850,5130550,7829450,16611900,16720350,1452,4952300,1467200,1333250,0,3612,0,5,0,0,0,0,0,0
102,896191351,2317,889250,2954000,6019850,6747450,16610550,16718100,1353,5838050,2472500,2319700,0,4252,0,5,0,0,0,0,0,0
103,2131384102,2318,1382600,2255400,5565900,7410500,16614400,16718800,1415,5386050,1951000,1803000,0,3932,0,5,0,0,0,0,0,0
104,2586210593,2319,902450,1870300,4243400,9598700,16614850,16719700,1733,4071300,1072100,927400,0,3292,0,5,0,0,0,0,0,0
105,591918370,2320,887800,3204400,5010950,7507750,16610900,16718200,1425,4832150,2312000,1307150,0,3612,0,5,0,0,0,0,0,0
106,8814317,2321,901000,3016450,5194500,7502700,16614650,16722050,1385,5012800,1476000,1330150,0,3612,0,5,0,0,0,0,0,0
107,2340504196,2322,1755300,1948800,4025800,8098850,15828750,16715250,1492,3850300,795200,653300,0,2972,0,5,0,0,0,0,0,0
108,3523076009,2323,1552700,2298050,5774050,7346250,16971050,17073850,1402,5591650,2239950,2093550,0,3612,0,5,0,0,0,0,0,0
109,1961669028,2324,901150,2246650,5448950,7667000,16263750,16365200,1471,5275600,1880500,1727550,0,3612,0,5,0,0,0,0,0,0
110,1037581603,2325,902900,1905200,3827300,9979600,16615000,16722550,1779,3658450,794350,648000,0,2972,0,5,0,0,0,0,0,0
111,2701024588,2326,884800,3111400,5042500,7576400,16615100,16718400,1428,4865400,1471250,1331950,0,3612,0,5,0,0,0,0,0,0
112,215037203,2327,895250,3025800,5191600,7496800,16609450,16716500,1374,5012150,1480900,1340350,0,3612,0,5,0,0,0,0,0,0
113,3696282862,2328,906150,2634450,3958850,9117200,16616650,16724550,1636,3770250,792750,644300,0,2972,0,5,0,0,0,0,0,0
114,2829142928,2329,1498950,2253450,5537750,7351700,16641850,16748550,1404,5363950,2029900,1882100,0,3612,0,5,0,0,0,0,0,0
115,3204762949,2330,898050,2258150,5430850,7994650,16581700,16684800,1541,5260900,1875100,1723450,0,3612,0,5,0,0,0,0,0,0
116,3297489190,2331,905100,1867850,3817350,10024750,16615050,16719450,1782,2789150,796500,652200,0,2972,0,5,0,0,0,0,0,0
117,1691704917,2332,893250,3003800,5192700,7533950,16623700,16722800,1392,5015800,1474550,1331550,0,3612,0,5,0,0,0,0,0,0
118,663957814,2333,895550,3009250,5135850,7565950,16606600,16719550,1386,4953300,1481650,1341650,0,3612,0,5,0,0,0,0,0,0
119,3058583827,2334,1578100,1910200,3876500,9246150,16610950,16715100,1722,3701450,784550,648550,0,2972,0,5,0,0,0,0,0,0
120,838545270,2335,889700,2260850,5421250,7619050,16190850,16719200,1461,5243000,1889600,1747050,0,3612,0,5,0,0,0,0,0,0
121,3608912039,2336,902100,2242850,5201650,8273900,16620500,16722450,1598,5029700,1629550,1481850,0,3612,0,5,0,0,0,0,0,0
122,4080159716,2337,893500,2804550,3825150,9093450,16616650,16719850,1749,3641200,1609850,1466050,0,2972,0,5,0,0,0,0,0,0
123,1056027075,2338,895400,2990450,5200750,7528200,16614800,16720550,1286,5028250,1471600,1325400,0,3612,0,5,0,0,0,0,0,0
124,4057021248,2339,900950,4090850,5291450,6325550,16608800,16717750,1258,4280350,1755900,1611300,0,4252,0,5,0,0,0,0,0,0
125,2686741161,2340,1406050,1879850,4619400,8965500,16870800,16975850,1574,4436600,1472250,1335150,0,3612,0,5,0,0,0,0,0,0
126,3870849660,2341,888650,2269500,5705000,7488950,16352100,16459600,1419,5510900,1805950,1644800,0,4252,0,5,0,0,0,0,0,0
127,293449641,2342,909250,3202400,4993800,7514250,16619700,16722650,1422,4803300,2247400,1208200,0,3932,0,5,0,0,0,0,0,0
128,596064266,2343,897500,2719500,3926400,9066500,16609900,16718500,1759,3742750,1729150,1560900,0,3292,0,5,0,0,0,0,0,0
129,3715495249,2344,893900,3116500,5132050,7471400,16613850,16719750,1364,4950400,1473050,1327050,0,3612,0,5,0,0,0,0,0,0
130,244680018,2345,933450,3134750,4343000,6676550,15087750,16719150,1328,4137150,1674450,1507400,0,3612,0,5,0,0,0,0,0,0
131,4080661783,2346,1375900,1883800,3866000,9492050,16617750,16716800,1714,3698350,789800,649600,0,2972,0,5,0,0,0,0,0,0
132,4006730450,2347,892050,2258900,5307750,8159100,16617800,16721100,1569,5119000,1654300,717900,0,3612,0,5,0,0,0,0,0,0
133,3864584507,2348,899200,3152750,5018050,7543750,16613750,16717550,1429,4847150,1468450,1325200,0,3612,0,5,0,0,0,0,0,0
134,2711027320,2349,893800,2660850,3850750,9210350,16615750,16721800,1790,3671000,1658850,1498100,0,2972,0,5,0,0,0,0,0,0
135,4099079087,2350,899500,2977250,5162400,7575250,16614400,16715950,1382,4986900,1478950,1331450,0,3612,0,5,0,0,0,0,0,0
136,565333772,2351,1450500,2287850,5684950,7402650,16825950,16932000,1415,5506400,2244200,2094800,0,3612,0,5,0,0,0,0,0,0
137,1028518269,2352,891450,1875200,3878250,9764250,16409150,16509400,1773,3701350,794750,654050,0,2972,0,5,0,0,0,0,0,0
138,2252688136,2353,893900,3170250,4532000,8018200,16614350,16720350,1437,4353050,1887400,1732100,0,3612,0,5,0,0,0,0,0,0
139,578597309,2354,910600,3008800,5151650,7543450,16614500,16719450,1405,4974050,1471750,1324650,0,3612,0,5,0,0,0,0,0,0
140,3624439358,2355,892050,2645650,3854900,9218300,16610900,16718950,1783,3673050,791650,650600,0,2972,0,5,0,0,0,0,0,0
141,3514067501,2356,1544850,2277050,4999350,7790800,16612050,16716900,1389,4823800,1469050,1332700,0,3612,0,5,0,0,0,0,0,0
142,2741972910,2357,1375350,2227350,5486350,7523600,16612650,16718850,1430,5313800,2026650,1876800,0,3612,0,5,0,0,0,0,0,0
143,28497579,2358,893800,1887450,3870400,9969350,16621000,16719900,1814,3709200,794050,654500,0,2972,0,5,0,0,0,0,0,0
144,466729326,2359,895250,3184200,4936750,7601850,16618050,16720700,1406,4761700,2316700,2158950,0,3612,0,5,0,0,0,0,0,0
145,3425349295,2360,901100,2982300,5246650,7483600,16613650,16716750,1379,5074500,1475000,1331700,0,3612,0,5,0,0,0,0,0,0
146,1537640620,2361,900750,2642850,4003050,9065400,16612050,16721150,1726,3819650,793200,655050,0,2972,0,5,0,0,0,0,0,0
147,1853842891,2362,1523400,2286150,5750950,7382050,16942550,17044100,1376,5572450,2235450,2088050,0,3612,0,5,0,0,0,0,0,0
148,1177024904,2363,889600,2258700,5657000,7485350,16290650,16393650,1421,5476150,2076700,1905750,0,4252,0,5,0,0,0,0,0,0
149,4106734849,2364,901900,1869850,5177050,8666750,16615550,16719650,1686,5012450,1259050,1119000,0,3612,0,5,0,0,0,0,0,0
150,2025356500,2365,900150,3107350,5179850,7427750,16615100,16723650,1033,5002200,1493000,1342150,0,4252,0,5,0,0,0,0,0,0
151,2189605121,2366,915500,3413300,4944950,7335400,16609150,16715850,1331,4768450,1304150,1165750,0,3932,0,5,0,0,0,0,0,0
152,4086136290,2367,911750,2611850,4213650,8876300,16613550,16717850,1682,4033150,1065100,927050,0,3292,0,5,0,0,0,0,0,0
153,4036669705,2368,924950,3331150,4827050,6303900,15387050,16844800,1132,4649250,1257450,1103800,0,3612,0,5,0,0,0,0,0,0
154,4167980074,2369,899550,2270550,10397250,4209200,17776550,17882350,383,10210500,6876750,6712950,0,3612,0,5,0,0,0,0,0,0
155,51187407,2370,921900,2794600,4113400,7488500,15318400,15430400,1383,3927750,788250,646100,0,2972,0,5,0,0,0,0,0,0
156,2242638442,2371,912750,3056550,4929800,7719750,16618850,16719350,1431,4743950,1256050,1109300,0,3612,0,5,0,0,0,0,0,0
157,2730108163,2372,897850,3175500,4803350,7738600,16615300,16721000,1417,4624150,1250150,1104950,0,3612,0,5,0,0,0,0,0,0
158,2718743917,2373,1533950,1920950,3835750,9320850,16611500,16719850,1770,3659250,799550,658100,0,2972,0,5,0,0,0,0,0,0
159,3391709842,2374,897800,2285950,5482850,7569900,16236500,16717950,1450,5307900,1929550,1775800,0,3612,0,5,0,0,0,0,0,0
160,1164604273,2375,885800,2267900,5300550,8164800,16619050,16719300,1569,4115450,1682200,1523800,0,3612,0,5,0,0,0,0,0,0
161,2148591176,2376,886250,2743900,3892750,9094400,16617300,16720250,1778,3707250,1645450,1498850,0,2972,0,5,0,0,0,0,0,0
162,4192737573,2377,894450,3053200,4941900,7719500,16609050,16719900,1421,4749850,1250600,1104800,0,3612,0,5,0,0,0,0,0,0
163,535584840,2378,907000,3039300,4921300,7744950,16612550,16719950,1328,4731400,1256800,1110750,0,3612,0,5,0,0,0,0,0,0
164,3430794475,2379,1433950,1908450,3864600,9471900,16678900,16784850,1712,3686800,801100,658800,0,2972,0,5,0,0,0,0,0,0
165,776323552,2380,906950,2307550,5456800,7872550,16543850,16649950,1516,5289450,1923350,1772450,0,3612,0,5,0,0,0,0,0,0
166,3330991427,2381,889300,3252850,4562450,7913600,16618200,16721350,1502,4379250,1944150,1775450,0,3612,0,5,0,0,0,0,0,0
167,3282074430,2382,904500,2651800,3896950,9159900,16613150,16717450,1783,3714850,1674300,1510400,0,2972,0,5,0,0,0,0,0,0
168,2597814595,2383,892150,3047550,4850350,7828850,16618900,16721800,1441,4655550,1246400,1104850,0,3612,0,5,0,0,0,0,0,0
169,2225601370,2384,1554000,2302650,4787150,7965350,16609150,16716300,1421,4597450,1247100,1109550,0,3612,0,5,0,0,0,0,0,0
170,3716853465,2385,913450,1904550,3845750,9536450,16200200,16720700,1721,3660350,801550,655600,0,2972,0,5,0,0,0,0,0,0
171,1080675697,2386,938300,8262250,9015400,15123350,33339300,33440900,2817,8834800,1549100,1400700,0,7272,0,5,0,0,0,0,0,0
172,219920238,2387,896000,7815650,8833650,15783300,33328600,33434850,2981,8658850,1578450,1431100,0,7312,0,5,0,0,0,0,0,0
173,3070385651,2388,1426300,1925650,3951950,9807050,17110950,17222600,1679,3780300,795100,659450,0,3012,0,5,0,0,0,0,0,0
174,2609556270,2389,886900,3104050,4329850,7790750,16111550,16219650,1493,4117050,1666200,716450,0,3612,0,5,0,0,0,0,0,0
175,141401383,2390,886500,3163200,4474450,8089050,16613200,16716300,1548,4295550,1809200,1646200,0,3612,0,5,0,0,0,0,0,0
176,3034105280,2391,907800,2706150,3825050,9179600,16618600,16721600,1757,3647900,1632850,1469650,0,2972,0,5,0,0,0,0,0,0
177,3029196371,2392,896200,2993150,4992800,7732350,16614500,16717700,1421,4800750,1248950,1104800,0,3612,0,5,0,0,0,0,0,0
178,699378668,2393,1546550,2301450,4704150,8060700,16612850,16720150,1477,4523900,1247300,1108300,0,3612,0,5,0,0,0,0,0,0
179,2402609405,2394,1368900,1877800,3844750,9527050,16618500,16717800,1694,3667850,792900,657850,0,2972,0,5,0,0,0,0,0,0
CSV_END

STUDY_DONE_9f3f5f8632cb=0
# 