/tmp/app --transport apb --state-frame 0 --frames 180 --warmup 30 --wait spin --profile detailed --csv /tmp/transport-frames.csv --dump /tmp/transport-frame.raw && printf "CSV_BEGIN\n" && cat /tmp/transport-frames.csv && printf "CSV_END\n"; study_status=$?; printf "\nSTUDY_DONE_38ed95facd06=%s\n" "$study_status"
TRANSPORT mode=apb dma_minimum=64
BEGIN_BREAKOUT frames=180 warmup=30 fixed=0 blocks=40 tiles=1 hud=1 wait=spin replay=0 state_frame=0 profile=detailed pixel_centers=1 clock_call_ns=5505
HW_COUNTERS unavailable
RESULT frames=180 elapsed_s=12.221759100 fps=14.727831 logic_ms=1.014525 api_ms=20.732455 swap_ms=39.627450 wait_ms=6.365567 worker_inclusive_ms=39.409072 upload_inclusive_ms=8.174242 write_ms=7.900367 bytes_per_frame=30951.56 p50_ms=66.877650 p95_ms=83.594700 max_ms=83.599400 late_60hz=180 first_count=75 last_count=254 state_hash=8f34e8fd remaining=38 score=20
RENDER_PATH retained=0 grouped=0 quads=13131 full_frames=180
FRAME_CHECK count=254 address=9fe00000 fnv1a=79c99b23 pixels=307200 mismatches=0
BREAKOUT_PASS
CSV_BEGIN
frame,state_hash,display_count,logic_ns,api_ns,swap_ns,wait_ns,total_ns,completion_interval_ns,polls,worker_inclusive_ns,upload_inclusive_ns,write_ns,read_ns,write_bytes,read_bytes,write_calls,read_calls,dma_copy_ns,dma_launch_ns,dma_completion_wait_ns,dma_bytes,dma_lists
0,3724779174,75,722400,21940500,39322050,4839950,66824900,66835500,916,39136850,8243150,7993550,0,31172,0,5,0,0,0,0,0,0
1,1709657109,76,1450600,20557700,39352900,5406900,66768100,66881450,1063,39175250,8081550,7864050,0,31172,0,5,0,0,0,0,0,0
2,1894904752,77,857150,20474400,39083650,6342900,66758100,66874800,1067,38892850,8177200,7917350,0,31172,0,5,0,0,0,0,0,0
3,3703759967,78,831500,20486900,39033000,6601800,66953200,67065750,1230,38854400,7827550,7581700,0,31172,0,5,0,0,0,0,0,0
4,19533624,79,850900,20427650,39215400,6077300,66571250,66685950,1209,39028650,8052800,7821000,0,31172,0,5,0,0,0,0,0,0
5,816884773,80,1600050,20708150,39252150,4461400,66021750,66877750,853,39069900,8164750,7944350,0,31172,0,5,0,0,0,0,0,0
6,1339236364,81,844000,20859400,39251300,5809850,66764550,66877600,1040,39067600,8319500,8074800,0,31172,0,5,0,0,0,0,0,0
7,3072959373,82,809450,20508900,40644750,4803200,66766300,66879300,873,40452500,9271300,9036850,0,31172,0,5,0,0,0,0,0,0
8,1782884746,83,1363800,20417800,39315250,5672100,66768950,66876000,1122,39133800,8027500,7794100,0,31172,0,5,0,0,0,0,0,0
9,30296781,84,810550,22194850,45833650,14646150,83485200,83596550,2768,45649200,8311950,8064000,0,31492,0,5,0,0,0,0,0,0
10,4026418858,85,847700,20344500,39407400,6165450,66765050,66875750,1118,39218500,8205100,7956200,0,31492,0,5,0,0,0,0,0,0
11,2084929051,86,818500,20618300,38955350,6371900,66764050,66877100,1265,38773050,7950450,7712450,0,31492,0,5,0,0,0,0,0,0
12,3114489770,87,843750,20961100,39165150,5370050,66340050,66878550,1053,38978000,8094950,7873600,0,31172,0,5,0,0,0,0,0,0
13,891400471,88,818850,20978400,38589300,6384100,66770650,66877750,1161,38414800,8139050,7899450,0,31172,0,5,0,0,0,0,0,0
14,3472773456,89,847800,20450850,38990400,6476700,66765750,66878150,1189,38803350,7861550,7617150,0,31172,0,5,0,0,0,0,0,0
15,3010688243,90,818350,22488100,39186350,4270100,66762900,66876400,762,38242300,8128750,7886400,0,31172,0,5,0,0,0,0,0,0
16,2819524756,91,1442300,20383650,38612650,6327850,66766450,66876750,1142,38429250,8196650,7920750,0,31172,0,5,0,0,0,0,0,0
17,3241678401,92,829400,20434300,39287950,6214450,66766100,66876950,1130,39100450,8130700,7874900,0,31172,0,5,0,0,0,0,0,0
18,2154316504,93,855700,20886300,38731850,6596600,67070450,67183350,1227,38546150,7802700,7559500,0,31172,0,5,0,0,0,0,0,0
19,772262681,94,810250,20736100,39303700,5606100,66456150,66569100,1103,39125900,8208850,7979400,0,31172,0,5,0,0,0,0,0,0
20,3882818750,95,842800,20849300,38487200,6588750,66768050,66879700,1207,38293650,8118800,7882400,0,31172,0,5,0,0,0,0,0,0
21,521131153,96,815300,20482500,39681350,5786300,66765450,66877350,1036,39499550,8131650,7890150,0,31172,0,5,0,0,0,0,0,0
22,1838187414,97,847900,20568050,39231100,6120650,66767700,66877850,905,39050500,8095600,7860400,0,31172,0,5,0,0,0,0,0,0
23,840574439,98,1836900,20611750,39688300,4617150,66754100,66877800,865,39506750,8385300,8150200,0,31172,0,5,0,0,0,0,0,0
24,2879461878,99,859350,20353200,47969350,14299300,83481200,83594700,2701,47781300,8064850,7799400,0,31172,0,5,0,0,0,0,0,0
25,202086035,100,817550,20629700,39278800,6041850,66767900,66875250,1094,39090750,8274300,8023000,0,31172,0,5,0,0,0,0,0,0
26,959703924,101,862500,20458450,39041200,6403450,66765600,66879250,1273,38859450,7871350,7622600,0,31172,0,5,0,0,0,0,0,0
27,3795724423,102,1306600,20506700,41704750,3241050,66759100,66874400,570,41519250,8211600,7968900,0,31172,0,5,0,0,0,0,0,0
28,2500539904,103,1693650,20658000,39105050,4574150,66030850,66881400,883,38926400,8100450,7880150,0,31172,0,5,0,0,0,0,0,0
29,2269000541,104,818200,20456600,39024300,6461500,66760600,66875050,1192,38840100,7853950,7609900,0,31172,0,5,0,0,0,0,0,0
30,1900681108,105,876700,20474900,41715800,3694850,66762250,66877000,665,41521350,8176600,7922850,0,31172,0,5,0,0,0,0,0,0
31,3680168245,106,1464400,20558000,39179650,5563000,66765050,66876200,1102,38431700,8218800,7944550,0,31172,0,5,0,0,0,0,0,0
32,2344329490,107,871100,20481800,39186450,6229450,66768800,66880500,1138,38998950,8324800,8070800,0,31172,0,5,0,0,0,0,0,0
33,2130650181,108,831850,20443900,39522100,5962100,66759950,66871700,1165,39342400,7929300,7678100,0,31492,0,5,0,0,0,0,0,0
34,906966818,109,846550,20444150,39219250,5849500,66359450,66877500,1160,39037500,8059000,7843950,0,31492,0,5,0,0,0,0,0,0
35,3939376531,110,818550,21119000,38619500,6208500,66765550,66878850,1090,38434400,8272550,8032900,0,31492,0,5,0,0,0,0,0,0
36,2110688546,111,853250,20408950,39732700,5771700,66766600,66880150,1034,39542250,8244350,7995000,0,31172,0,5,0,0,0,0,0,0
37,2695523007,112,821150,20516400,39355650,6073650,66766850,66874350,1202,39177000,8036200,7806300,0,31172,0,5,0,0,0,0,0,0
38,744447992,113,2761750,20652150,38859900,4490100,66763900,66876500,854,38670350,7845000,7602350,0,31172,0,5,0,0,0,0,0,0
39,3728640411,114,813150,20536350,47344050,14791150,83484700,83598950,2807,47160700,8133350,7881500,0,31172,0,5,0,0,0,0,0,0
40,618879740,115,863000,20404000,39302900,6197600,66767500,66874600,1127,39117000,8257950,8015200,0,31172,0,5,0,0,0,0,0,0
41,1239708057,116,833200,20695500,39180850,6056800,66766350,66877400,1192,38998350,8092100,7855250,0,31172,0,5,0,0,0,0,0,0
42,2429742208,117,1364750,20375400,39768650,5260000,66768800,66878800,1027,39584650,8153050,7905950,0,31172,0,5,0,0,0,0,0,0
43,412095716,118,823100,20363550,39353100,6227000,66766750,66877150,1129,39170350,8191950,7950650,0,31172,0,5,0,0,0,0,0,0
44,1226741467,119,849150,20585200,38881950,6653350,66969650,67080600,1208,38695800,7831300,7603100,0,31172,0,5,0,0,0,0,0,0
45,3288446148,120,815300,20498350,41629050,3615400,66558100,66670700,649,41441400,8287600,8033000,0,31172,0,5,0,0,0,0,0,0
46,1157984843,121,1519100,20366650,38689300,6197500,66772550,66881550,1118,38502400,8249800,7977000,0,31172,0,5,0,0,0,0,0,0
47,3877288378,122,821500,20403450,39358950,6175850,66759750,66873450,1122,39180650,8250150,8002200,0,31172,0,5,0,0,0,0,0,0
48,4236526315,123,866350,20584150,39339050,5974650,66764200,66877100,1156,39152400,8366250,8122250,0,31172,0,5,0,0,0,0,0,0
49,533834014,124,1315100,20492700,39314400,5645050,66767250,66876550,1114,39138800,8085950,7855200,0,31172,0,5,0,0,0,0,0,0
50,1649361089,125,857800,20211050,39267850,6420750,66757450,66878300,1170,39077150,8201300,7936600,0,31172,0,5,0,0,0,0,0,0
51,2486981906,126,843950,21439950,38488000,5581850,66353750,67214350,904,38306300,8191700,7955950,0,31172,0,5,0,0,0,0,0,0
52,1706075277,127,857500,20530800,39132500,5911100,66431900,66538700,1166,38948550,7940900,7698650,0,31172,0,5,0,0,0,0,0,0
53,267972368,128,1455150,21964050,39134400,4213950,66767550,66876750,788,38948550,7895200,7662100,0,31172,0,5,0,0,0,0,0,0
54,3895401273,129,857550,20363150,46555250,15707650,83483600,83597900,2881,46375200,7905050,7658800,0,31172,0,5,0,0,0,0,0,0
55,605985656,130,829900,20499750,39386200,6051600,66767450,66879300,1094,39208150,8251500,8010400,0,31172,0,5,0,0,0,0,0,0
56,4077673024,131,909200,20421300,39244100,6188500,66763100,66874200,1226,39060850,8086700,7852050,0,30852,0,5,0,0,0,0,0,0
57,985632231,132,1412850,20630750,39068400,5654350,66766350,66878900,1032,38879650,8735650,7718100,0,30852,0,5,0,0,0,0,0,0
58,3720590956,133,893000,20343050,39122850,6408450,66767350,66878950,1169,38935200,8141550,7886400,0,30852,0,5,0,0,0,0,0,0
59,3264032585,134,860050,20451100,38876100,6778200,66965450,67075950,1266,38693950,7766000,7525300,0,30852,0,5,0,0,0,0,0,0
60,395405688,135,900600,20566050,41229250,3871300,66567200,66677850,705,41033400,8143500,7901600,0,30852,0,5,0,0,0,0,0,0
61,32142420,136,1517750,20851950,39272300,5122650,66764650,66874900,1005,39091700,8931150,8675900,0,30852,0,5,0,0,0,0,0,0
62,1187067055,137,875400,20352100,39109700,6426050,66763250,66878300,1178,38919800,8077650,7854550,0,30852,0,5,0,0,0,0,0,0
63,459140908,138,851400,20503000,39080100,6326750,66761250,66874900,1256,38897150,7874950,7641400,0,30852,0,5,0,0,0,0,0,0
64,3369786495,139,1380800,20880400,38895800,5609350,66766350,66878600,1079,38713100,8003500,7787350,0,30852,0,5,0,0,0,0,0,0
65,1572434254,140,845200,20317850,39180750,6423600,66767400,66877100,1173,38988450,8128050,7879850,0,30852,0,5,0,0,0,0,0,0
66,4107798823,141,873850,20382650,38753500,6814000,66824000,66937050,1276,38567750,7764650,7538450,0,30852,0,5,0,0,0,0,0,0
67,343968250,142,860100,21008650,38983900,5853900,66706550,66818800,1154,38802800,8063750,7835250,0,30852,0,5,0,0,0,0,0,0
68,3102454017,143,1551950,22267650,38754200,4195100,66768900,66879400,790,38565600,7902100,7667000,0,30852,0,5,0,0,0,0,0,0
69,3051095563,144,850750,20450750,46529100,15650800,83481400,83592200,2998,46353100,7869250,7634200,0,30852,0,5,0,0,0,0,0,0
70,2391331016,145,886000,20850000,39040300,5992950,66769250,66880100,1051,38855850,8181500,7941650,0,30852,0,5,0,0,0,0,0,0
71,3869016117,146,847150,20538700,39309750,6065600,66761200,66875350,1201,39130000,8074450,7841000,0,30852,0,5,0,0,0,0,0,0
72,1579800804,147,1468700,20368250,39208900,5723450,66769300,66880050,1138,38446150,8193250,7944300,0,30852,0,5,0,0,0,0,0,0
73,2792341157,148,846400,21572750,38396950,5945350,66761450,66874550,1070,38217150,8139500,7898750,0,30852,0,5,0,0,0,0,0,0
74,714702942,149,900900,20659750,39211600,5564450,66336700,67198300,990,39019700,8324900,8067800,0,30852,0,5,0,0,0,0,0,0
75,1092538936,150,863100,20525650,41056000,3997000,66441750,66555300,733,40867450,8118700,7883550,0,30852,0,5,0,0,0,0,0,0
76,1561271239,151,889200,20889200,38820150,6172200,66770750,66880200,1114,38639400,8184300,7925800,0,31172,0,5,0,0,0,0,0,0
77,3798074098,152,862700,20633950,39170550,6099500,66766700,66876150,1075,38989600,8190150,7943650,0,31172,0,5,0,0,0,0,0,0
78,3022639071,153,911500,20453700,39177250,6217400,66759850,66872550,1234,38994200,7969250,7738150,0,31172,0,5,0,0,0,0,0,0
79,2282770062,154,1420850,20466750,39574800,5306050,66768450,66880950,1039,39401850,7999650,7782350,0,30852,0,5,0,0,0,0,0,0
80,1626512457,155,893450,20496200,38857900,6520150,66767700,66876850,1191,37973500,8059050,7811750,0,30852,0,5,0,0,0,0,0,0
81,3156888026,156,863350,20632300,38859050,6584300,66939000,67048150,1226,38672900,7908750,7662450,0,30852,0,5,0,0,0,0,0,0
82,3038824309,157,889300,20496800,39521000,5683500,66590600,66703050,1117,39329600,7917550,7673750,0,30852,0,5,0,0,0,0,0,0
83,1261846460,158,1505050,21917300,38887350,4460050,66769750,66878550,852,38710950,7825200,7599950,0,30852,0,5,0,0,0,0,0,0
84,2035201521,159,882550,20539100,47613600,14451250,83486500,83597200,2740,47419800,8117300,7875250,0,30852,0,5,0,0,0,0,0,0
85,2164446652,160,854300,20468150,39593600,5854600,66770650,66880100,1056,39415850,8117100,7878950,0,30852,0,5,0,0,0,0,0,0
86,2017191835,161,889300,20607800,40814900,4452500,66764500,66875900,834,40631400,8041100,7808450,0,30852,0,5,0,0,0,0,0,0
87,3029138484,162,1623600,20455050,39216100,5470600,66765350,66874750,1080,39039350,8889400,8601000,0,30852,0,5,0,0,0,0,0,0
88,50355403,163,892950,20288150,39413400,6174350,66768850,66879900,1122,39230200,8048500,7795400,0,30852,0,5,0,0,0,0,0,0
89,654213990,164,849350,20458150,38960450,6497550,66765500,66873050,1293,38783000,7915650,7690450,0,30852,0,5,0,0,0,0,0,0
90,2360099787,165,870200,20560750,40886750,4044000,66361700,66878650,742,40697950,8235550,7987800,0,30852,0,5,0,0,0,0,0,0
91,2424818746,166,847450,20183400,39576250,6158000,66765100,66878900,1116,38703000,8132350,7878550,0,30852,0,5,0,0,0,0,0,0
92,1971386461,167,883050,20376700,38760450,6748250,66768450,66877350,1258,38570100,7737850,7509350,0,30852,0,5,0,0,0,0,0,0
93,3386045126,168,847050,20701500,39014150,6200000,66762700,66873450,1231,38836950,8000400,7775900,0,30852,0,5,0,0,0,0,0,0
94,1429641961,169,1579450,20354150,39448000,5380900,66762500,66876850,1060,39269950,9180600,8917850,0,30852,0,5,0,0,0,0,0,0
95,3022846880,170,847200,20343900,39155900,6422850,66769850,66881150,1177,38968850,8047500,7809150,0,30852,0,5,0,0,0,0,0,0
96,1601897261,171,892000,20352900,38894000,6926050,67064950,67176850,1304,38707350,7928900,7691400,0,30852,0,5,0,0,0,0,0,0
97,1229951528,172,862750,20610250,39325600,5660250,66458850,66578000,1097,39146050,8353000,8126200,0,30852,0,5,0,0,0,0,0,0
98,4065171759,173,1660200,22322400,39292350,2738650,66013600,66876200,463,39101300,8112100,7868850,0,30852,0,5,0,0,0,0,0,0
99,1034325744,174,849550,20449300,46237750,15945950,83482550,83595250,3047,46060300,7756450,7518350,0,30852,0,5,0,0,0,0,0,0
100,14078671,175,898650,20414750,39536950,5991600,66841950,66949950,1086,39350800,8072450,7836250,0,31172,0,5,0,0,0,0,0,0
101,4024270554,176,859500,20556050,39313550,5965400,66694500,66801900,1179,39132200,8057000,7827000,0,31172,0,5,0,0,0,0,0,0
102,896191351,177,1564450,20454950,38420350,6328550,66768300,66881100,1152,38234800,8155750,7891400,0,31172,0,5,0,0,0,0,0,0
103,2131384102,178,858700,20560200,39498250,5847050,66764200,66876900,1034,39315250,8567850,8310500,0,30852,0,5,0,0,0,0,0,0
104,2586210593,179,886400,20465550,39078800,6338650,66769400,66876500,1258,38888150,7987100,7733450,0,30852,0,5,0,0,0,0,0,0
105,591918370,180,1326900,20432700,41314400,3686100,66760100,66876600,668,41131900,8124950,7890450,0,30852,0,5,0,0,0,0,0,0
106,8814317,181,882900,21060050,38195950,6629300,66768200,66879600,1129,38013600,8095800,7849850,0,30852,0,5,0,0,0,0,0,0
107,2340504196,182,862300,20505800,38816250,6582650,66767000,66874600,1220,38637650,7748050,7496350,0,30852,0,5,0,0,0,0,0,0
108,3523076009,183,888950,20417450,39053350,6404250,66764000,66876650,1278,38867050,7983900,7752600,0,30852,0,5,0,0,0,0,0,0
109,1961669028,184,1509750,20529550,38478850,6246800,66764950,66877000,1130,38299600,8172750,7905150,0,30852,0,5,0,0,0,0,0,0
110,1037581603,185,892350,21515000,38327000,6031900,66766250,66878450,1086,38143700,8226750,7978950,0,30852,0,5,0,0,0,0,0,0
111,2701024588,186,845000,20444750,39034500,6436400,66760650,66873800,1277,38858150,7989350,7764400,0,30852,0,5,0,0,0,0,0,0
112,215037203,187,867900,20416200,39063900,6014150,66362150,66880550,1195,38883200,7953500,7730400,0,30852,0,5,0,0,0,0,0,0
113,3696282862,188,858250,22920650,38817900,4167300,66764100,66876850,761,38638750,7870350,7635300,0,30852,0,5,0,0,0,0,0,0
114,2829142928,189,879850,20446550,46552800,15605300,83484500,83597250,2994,46382400,10578150,10282600,0,30852,0,5,0,0,0,0,0,0
115,3204762949,190,847450,20645150,38837600,6627200,66957400,67069050,1234,38658350,7741100,7515650,0,30852,0,5,0,0,0,0,0,0
116,3297489190,191,876600,20869850,39104550,5720550,66571550,66682850,1126,38920350,8185550,7953600,0,30852,0,5,0,0,0,0,0,0
117,1691704917,192,1479850,20288900,38637900,6361350,66768000,66879500,1160,38462100,8193550,7941850,0,30852,0,5,0,0,0,0,0,0
118,663957814,193,874050,20379550,39156800,6357500,66767900,66878400,1163,38974650,8083450,7833600,0,30852,0,5,0,0,0,0,0,0
119,3058583827,194,860000,20952700,38784350,6163650,66760700,66874250,1191,38601850,7876050,7635550,0,30852,0,5,0,0,0,0,0,0
120,838545270,195,1390700,20405400,41084000,3881300,66761400,66875700,711,40898150,8176700,7945650,0,30852,0,5,0,0,0,0,0,0
121,3608912039,196,897300,20523500,39054100,3885800,64360700,66879050,729,38877800,7873900,7642550,0,30852,0,5,0,0,0,0,0,0
122,4080159716,197,891450,20824500,38607150,6497250,66820350,66930750,1202,38422050,7752900,7501100,0,30852,0,5,0,0,0,0,0,0
123,1056027075,198,843550,20686900,39225800,5957150,66713400,66826650,1180,39053800,8180500,7958500,0,30852,0,5,0,0,0,0,0,0
124,4057021248,199,1549900,20286600,38632000,6295050,66763550,66872900,1143,38448400,8167850,7906650,0,31172,0,5,0,0,0,0,0,0
125,2686741161,200,852850,20408000,39693250,5812500,66766600,66877550,1043,39516850,8109700,7857450,0,31172,0,5,0,0,0,0,0,0
126,3870849660,201,886050,20597350,38889750,6400200,66773350,66880950,1243,38708550,7978750,7742750,0,31172,0,5,0,0,0,0,0,0
127,293449641,202,1356950,20487850,39134250,5778550,66757600,66873000,1144,38958600,7936650,7711000,0,30852,0,5,0,0,0,0,0,0
128,596064266,203,890750,20166550,41613700,4097600,66768600,66877750,773,41429550,7741000,7509350,0,30852,0,5,0,0,0,0,0,0
129,3715495249,204,850500,20608600,45745000,16288300,83492400,83598050,3121,45575100,14818400,14573000,0,30852,0,5,0,0,0,0,0,0
130,244680018,205,885600,20426400,38823100,6954500,67089600,67198200,1308,38645900,7813400,7593500,0,30852,0,5,0,0,0,0,0,0
131,4080661783,206,854750,20540450,39549450,5496600,66441250,66553600,1077,39366900,7915650,7691750,0,30852,0,5,0,0,0,0,0,0
132,4006730450,207,888650,21173400,38290700,6414800,66767550,66877800,1139,38111850,8107150,7846300,0,30852,0,5,0,0,0,0,0,0
133,3864584507,208,865450,20475350,39204000,6224650,66769450,66880450,1135,39026150,8052650,7219750,0,30852,0,5,0,0,0,0,0,0
134,2711027320,209,892500,20442200,39346800,6079850,66761350,66874250,1202,39163850,7820450,7587750,0,30852,0,5,0,0,0,0,0,0
135,4099079087,210,1417400,20658250,40731300,3960600,66767550,66878300,729,40552350,10404450,8063250,0,30852,0,5,0,0,0,0,0,0
136,565333772,211,879600,20548600,39037200,6303050,66768450,66877700,1152,38138950,8187650,7948750,0,30852,0,5,0,0,0,0,0,0
137,1028518269,212,844150,20490450,39280050,6329850,66944500,67055200,1162,39101000,7801650,7582600,0,30852,0,5,0,0,0,0,0,0
138,2252688136,213,883200,20488450,39029950,6180750,66582350,66696450,1232,38851050,7925750,7697300,0,30852,0,5,0,0,0,0,0,0
139,578597309,214,1509350,20541550,38379100,6340150,66770150,66880600,1124,38196350,8122250,7857650,0,30852,0,5,0,0,0,0,0,0
140,3624439358,215,897250,20378350,39403150,6087950,66766700,66878300,1107,39213200,8061900,7812400,0,30852,0,5,0,0,0,0,0,0
141,3514067501,216,853650,20510250,39052200,6349900,66766000,66873400,1262,38872400,7897500,7667350,0,30852,0,5,0,0,0,0,0,0
142,2741972910,217,1364750,20593600,38874500,5931650,66764500,66877950,1181,38703700,8106000,7849450,0,30852,0,5,0,0,0,0,0,0
143,28497579,218,842050,21167900,41219050,3532950,66761950,66878200,644,41038450,7793850,7561150,0,30852,0,5,0,0,0,0,0,0
144,466729326,219,897900,20522950,39647150,6855300,67923300,68779150,125,39451050,8519000,8261850,0,30852,0,5,0,0,0,0,0,0
145,3425349295,220,891350,22465650,41035950,455750,64848700,64973900,91,40858050,8064300,7817550,0,30852,0,5,0,0,0,0,0,0
146,1537640620,221,1697200,20565800,38395200,6116450,66774650,66878000,987,38212350,8133000,7861800,0,30852,0,5,0,0,0,0,0,0
147,1853842891,222,869200,20440350,39261850,6194000,66765400,66877650,1127,39079100,8061200,7811300,0,30852,0,5,0,0,0,0,0,0
148,1177024904,223,895450,20408300,39137300,6321100,66762150,66873250,1253,38948050,7819550,7575150,0,31172,0,5,0,0,0,0,0,0
149,4106734849,224,1331350,20658650,39245000,5528200,66763200,66876550,1087,39067250,8053450,7833950,0,31172,0,5,0,0,0,0,0,0
150,2025356500,225,897050,21489400,38630050,5754200,66770700,66883250,1030,38449150,8320200,8075950,0,31172,0,5,0,0,0,0,0,0
151,2189605121,226,845650,22768550,39307200,3837000,66758400,66871300,731,39138200,8177150,7923550,0,30852,0,5,0,0,0,0,0,0
152,4086136290,227,880850,20441550,39054250,6391250,66767900,66881300,1277,38875400,7981000,7747650,0,30852,0,5,0,0,0,0,0,0
153,4036669705,228,1469100,20917600,39182850,5194250,66763800,66877050,1017,39006500,8118300,7911700,0,30852,0,5,0,0,0,0,0,0
154,4167980074,229,874450,20283450,39211400,6389950,66759250,66875950,1171,39018100,8178500,7935550,0,30852,0,5,0,0,0,0,0,0
155,51187407,230,847600,20426300,38991950,6879850,67145700,67257450,1293,38814850,7865500,7633400,0,30852,0,5,0,0,0,0,0,0
156,2242638442,231,878700,20875900,39035750,5589000,66379350,66495300,1096,38853350,8066450,7834000,0,30852,0,5,0,0,0,0,0,0
157,2730108163,232,848700,21049300,38624400,6242550,66764950,66878050,1137,38447200,8348800,8101650,0,30852,0,5,0,0,0,0,0,0
158,2718743917,233,884250,20380350,40810550,4690550,66765700,66880200,794,40623900,8219900,7968000,0,30852,0,5,0,0,0,0,0,0
159,3391709842,234,846350,20517350,39457600,5942050,66763350,66872150,1172,39278400,7773200,7550100,0,30852,0,5,0,0,0,0,0,0
160,1164604273,235,1471450,27784450,38570650,15662900,83489450,83599150,2999,38396450,8356650,8104600,0,30852,0,5,0,0,0,0,0,0
161,2148591176,236,1481000,20339850,38587600,6359750,66768200,66879000,1158,38414200,8201400,7937750,0,30852,0,5,0,0,0,0,0,0
162,4192737573,237,893750,20871600,38958600,6038400,66762350,66876250,1063,38765100,8167150,7925050,0,30852,0,5,0,0,0,0,0,0
163,535584840,238,851500,20481550,39158200,6271950,66763200,66876750,1246,38979350,7971050,7747000,0,30852,0,5,0,0,0,0,0,0
164,3430794475,239,1355900,20419400,39157250,5833150,66765700,66876800,1158,38976000,8726450,7717950,0,30852,0,5,0,0,0,0,0,0
165,776323552,240,849200,20335300,39492650,6088250,66765400,66876850,1101,38193650,8191150,7954750,0,30852,0,5,0,0,0,0,0,0
166,3330991427,241,881600,22876450,38573600,4449400,66781050,66895900,738,38383300,8320700,8074600,0,30852,0,5,0,0,0,0,0,0
167,3282074430,242,845850,20476300,39261750,6153200,66737100,66855950,1223,39084050,8022300,7800700,0,30852,0,5,0,0,0,0,0,0
168,2597814595,243,1576250,20321650,39520000,5346700,66764600,66876700,1052,39341400,8732700,7707350,0,30852,0,5,0,0,0,0,0,0
169,2225601370,244,851850,20532750,39079250,6308300,66772150,66881950,1122,38900050,8171550,7920550,0,30852,0,5,0,0,0,0,0,0
170,3716853465,245,889250,20403150,38977050,6491800,66761250,66874250,1292,38792200,7958500,7726200,0,30852,0,5,0,0,0,0,0,0
171,1080675697,246,1325650,20235850,39082950,6121600,66766050,66879000,1224,38347150,7988750,7016600,0,30212,0,5,0,0,0,0,0,0
172,219920238,247,874200,19956400,38260050,7672900,66763550,66874900,1449,38075900,7680250,7446050,0,30212,0,5,0,0,0,0,0,0
173,3070385651,248,843000,20470200,40523650,4935350,66772200,66881200,834,40339000,9935950,9669800,0,30212,0,5,0,0,0,0,0,0
174,2609556270,249,877450,20270650,39088950,6523650,66760700,66871100,1305,38909600,7877950,7646000,0,30212,0,5,0,0,0,0,0,0
175,141401383,250,1463150,26347650,39295100,16382150,83488050,83599400,3122,39119600,8044300,7809850,0,30212,0,5,0,0,0,0,0,0
176,3034105280,251,881850,19954850,38712200,7216000,66764900,66877150,1346,37794600,8049450,7809700,0,30212,0,5,0,0,0,0,0,0
177,3029196371,252,859750,20229900,38893700,6784950,66768300,66878600,1258,38712250,7698050,7461850,0,30212,0,5,0,0,0,0,0,0
178,699378668,253,896200,20356750,37889100,7623700,66765750,66875850,1423,37700450,8062200,7794750,0,30212,0,5,0,0,0,0,0,0
179,2402609405,254,1416250,20413400,38248750,6686150,66764550,66878450,1223,38067350,8213600,7935500,0,30212,0,5,0,0,0,0,0,0
CSV_END

STUDY_DONE_38ed95facd06=0
# 