/tmp/app --transport apb --state-frame 0 --frames 180 --warmup 30 --wait spin --profile frame --csv /tmp/transport-frames.csv && printf "CSV_BEGIN\n" && cat /tmp/transport-frames.csv && printf "CSV_END\n"; study_status=$?; printf "\nSTUDY_DONE_489cb451cbd5=%s\n" "$study_status"
TRANSPORT mode=apb dma_minimum=64
BEGIN_BREAKOUT frames=180 warmup=30 fixed=0 blocks=40 tiles=1 hud=1 wait=spin replay=0 state_frame=0 profile=frame pixel_centers=1 clock_call_ns=5509
HW_COUNTERS unavailable
RESULT frames=180 elapsed_s=12.238675700 fps=14.707474 logic_ms=0.000000 api_ms=0.000000 swap_ms=0.000000 wait_ms=0.000000 worker_inclusive_ms=0.000000 upload_inclusive_ms=0.000000 write_ms=0.000000 bytes_per_frame=30951.56 p50_ms=66.877700 p95_ms=83.594700 max_ms=83.600300 late_60hz=180 first_count=29853 last_count=30032 state_hash=8f34e8fd remaining=38 score=20
RENDER_PATH retained=0 grouped=0 quads=13131 full_frames=180
BREAKOUT_PASS
CSV_BEGIN
frame,state_hash,display_count,logic_ns,api_ns,swap_ns,wait_ns,total_ns,completion_interval_ns,polls,worker_inclusive_ns,upload_inclusive_ns,write_ns,read_ns,write_bytes,read_bytes,write_calls,read_calls,dma_copy_ns,dma_launch_ns,dma_completion_wait_ns,dma_bytes,dma_lists
0,3724779174,29853,0,0,0,0,66824600,66839650,1325,0,0,0,0,31172,0,5,0,0,0,0,0,0
1,1709657109,29854,0,0,0,0,66765000,66877000,803,0,0,0,0,31172,0,5,0,0,0,0,0,0
2,1894904752,29855,0,0,0,0,66764300,66875800,1186,0,0,0,0,31172,0,5,0,0,0,0,0,0
3,3703759967,29856,0,0,0,0,66766900,66879150,1169,0,0,0,0,31172,0,5,0,0,0,0,0,0
4,19533624,29857,0,0,0,0,72057000,72172450,1266,0,0,0,0,31172,0,5,0,0,0,0,0,0
5,816884773,29858,0,0,0,0,77437350,78302450,2793,0,0,0,0,31172,0,5,0,0,0,0,0,0
6,1339236364,29859,0,0,0,0,66764950,66875900,1177,0,0,0,0,31172,0,5,0,0,0,0,0,0
7,3072959373,29860,0,0,0,0,66762900,66875200,1087,0,0,0,0,31172,0,5,0,0,0,0,0,0
8,1782884746,29861,0,0,0,0,66870000,66977150,833,0,0,0,0,31172,0,5,0,0,0,0,0,0
9,30296781,29862,0,0,0,0,66671750,66780700,1234,0,0,0,0,31492,0,5,0,0,0,0,0,0
10,4026418858,29863,0,0,0,0,66766750,66874550,1039,0,0,0,0,31492,0,5,0,0,0,0,0,0
11,2084929051,29864,0,0,0,0,66762950,66877050,1190,0,0,0,0,31492,0,5,0,0,0,0,0,0
12,3114489770,29865,0,0,0,0,66769050,66879700,1282,0,0,0,0,31172,0,5,0,0,0,0,0,0
13,891400471,29866,0,0,0,0,66761050,66873600,1102,0,0,0,0,31172,0,5,0,0,0,0,0,0
14,3472773456,29867,0,0,0,0,66767550,66877000,1202,0,0,0,0,31172,0,5,0,0,0,0,0,0
15,3010688243,29868,0,0,0,0,66764050,66876700,1257,0,0,0,0,31172,0,5,0,0,0,0,0,0
16,2819524756,29869,0,0,0,0,66764800,66879400,771,0,0,0,0,31172,0,5,0,0,0,0,0,0
17,3241678401,29870,0,0,0,0,66766450,66876550,1128,0,0,0,0,31172,0,5,0,0,0,0,0,0
18,2154316504,29871,0,0,0,0,66768250,66878750,1213,0,0,0,0,31172,0,5,0,0,0,0,0,0
19,772262681,29872,0,0,0,0,66762800,66876000,1292,0,0,0,0,31172,0,5,0,0,0,0,0,0
20,3882818750,29873,0,0,0,0,82794300,83598400,2924,0,0,0,0,31172,0,5,0,0,0,0,0,0
21,521131153,29874,0,0,0,0,66764950,66875450,1148,0,0,0,0,31172,0,5,0,0,0,0,0,0
22,1838187414,29875,0,0,0,0,66766650,66878850,674,0,0,0,0,31172,0,5,0,0,0,0,0,0
23,840574439,29876,0,0,0,0,67011900,67125250,756,0,0,0,0,31172,0,5,0,0,0,0,0,0
24,2879461878,29877,0,0,0,0,66517400,66625650,1238,0,0,0,0,31172,0,5,0,0,0,0,0,0
25,202086035,29878,0,0,0,0,66770550,66881000,1175,0,0,0,0,31172,0,5,0,0,0,0,0,0
26,959703924,29879,0,0,0,0,66765800,66876500,1309,0,0,0,0,31172,0,5,0,0,0,0,0,0
27,3795724423,29880,0,0,0,0,66758300,66876150,1235,0,0,0,0,31172,0,5,0,0,0,0,0,0
28,2500539904,29881,0,0,0,0,65460750,66874900,996,0,0,0,0,31172,0,5,0,0,0,0,0,0
29,2269000541,29882,0,0,0,0,66768400,66879500,1116,0,0,0,0,31172,0,5,0,0,0,0,0,0
30,1900681108,29883,0,0,0,0,66867150,66974500,1244,0,0,0,0,31172,0,5,0,0,0,0,0,0
31,3680168245,29884,0,0,0,0,66665400,66777450,983,0,0,0,0,31172,0,5,0,0,0,0,0,0
32,2344329490,29885,0,0,0,0,66767600,66878050,1075,0,0,0,0,31172,0,5,0,0,0,0,0,0
33,2130650181,29886,0,0,0,0,66771100,66879200,1137,0,0,0,0,31492,0,5,0,0,0,0,0,0
34,906966818,29887,0,0,0,0,66767300,66878200,1253,0,0,0,0,31492,0,5,0,0,0,0,0,0
35,3939376531,29888,0,0,0,0,83481500,83594350,2741,0,0,0,0,31492,0,5,0,0,0,0,0,0
36,2110688546,29889,0,0,0,0,66764450,66874750,1126,0,0,0,0,31172,0,5,0,0,0,0,0,0
37,2695523007,29890,0,0,0,0,66773150,66880550,1148,0,0,0,0,31172,0,5,0,0,0,0,0,0
38,744447992,29891,0,0,0,0,67108750,67219200,790,0,0,0,0,31172,0,5,0,0,0,0,0,0
39,3728640411,29892,0,0,0,0,66421250,66533300,1186,0,0,0,0,31172,0,5,0,0,0,0,0,0
40,618879740,29893,0,0,0,0,66768850,66879900,1197,0,0,0,0,31172,0,5,0,0,0,0,0,0
41,1239708057,29894,0,0,0,0,66766550,66874350,1063,0,0,0,0,31172,0,5,0,0,0,0,0,0
42,2429742208,29895,0,0,0,0,66763250,66876000,1266,0,0,0,0,31172,0,5,0,0,0,0,0,0
43,412095716,29896,0,0,0,0,66767850,66879950,1128,0,0,0,0,31172,0,5,0,0,0,0,0,0
44,1226741467,29897,0,0,0,0,66764000,66876100,1108,0,0,0,0,31172,0,5,0,0,0,0,0,0
45,3288446148,29898,0,0,0,0,66973250,67085150,1283,0,0,0,0,31172,0,5,0,0,0,0,0,0
46,1157984843,29899,0,0,0,0,66559250,66670950,806,0,0,0,0,31172,0,5,0,0,0,0,0,0
47,3877288378,29900,0,0,0,0,66763900,66876500,1053,0,0,0,0,31172,0,5,0,0,0,0,0,0
48,4236526315,29901,0,0,0,0,66763650,66875900,1264,0,0,0,0,31172,0,5,0,0,0,0,0,0
49,533834014,29902,0,0,0,0,66764600,66873650,1236,0,0,0,0,31172,0,5,0,0,0,0,0,0
50,1649361089,29903,0,0,0,0,83486050,83597850,2803,0,0,0,0,31172,0,5,0,0,0,0,0,0
51,2486981906,29904,0,0,0,0,65259050,66877250,899,0,0,0,0,31172,0,5,0,0,0,0,0,0
52,1706075277,29905,0,0,0,0,66763200,66876750,1121,0,0,0,0,31172,0,5,0,0,0,0,0,0
53,267972368,29906,0,0,0,0,66767600,66879750,707,0,0,0,0,31172,0,5,0,0,0,0,0,0
54,3895401273,29907,0,0,0,0,66329500,66876200,1174,0,0,0,0,31172,0,5,0,0,0,0,0,0
55,605985656,29908,0,0,0,0,66768050,66878900,1229,0,0,0,0,31172,0,5,0,0,0,0,0,0
56,4077673024,29909,0,0,0,0,66763050,66875250,1079,0,0,0,0,30852,0,5,0,0,0,0,0,0
57,985632231,29910,0,0,0,0,66764600,66876300,1236,0,0,0,0,30852,0,5,0,0,0,0,0,0
58,3720590956,29911,0,0,0,0,66770700,66879900,1164,0,0,0,0,30852,0,5,0,0,0,0,0,0
59,3264032585,29912,0,0,0,0,66766250,66877100,1078,0,0,0,0,30852,0,5,0,0,0,0,0,0
60,395405688,29913,0,0,0,0,67098100,67210650,1314,0,0,0,0,30852,0,5,0,0,0,0,0,0
61,32142420,29914,0,0,0,0,66430050,66540900,708,0,0,0,0,30852,0,5,0,0,0,0,0,0
62,1187067055,29915,0,0,0,0,66769250,66876800,1169,0,0,0,0,30852,0,5,0,0,0,0,0,0
63,459140908,29916,0,0,0,0,66771500,66880150,1254,0,0,0,0,30852,0,5,0,0,0,0,0,0
64,3369786495,29917,0,0,0,0,66759200,66873700,1245,0,0,0,0,30852,0,5,0,0,0,0,0,0
65,1572434254,29918,0,0,0,0,83487600,83599950,2964,0,0,0,0,30852,0,5,0,0,0,0,0,0
66,4107798823,29919,0,0,0,0,66764400,66874750,1150,0,0,0,0,30852,0,5,0,0,0,0,0,0
67,343968250,29920,0,0,0,0,66768250,66879250,1202,0,0,0,0,30852,0,5,0,0,0,0,0,0
68,3102454017,29921,0,0,0,0,66760400,66875450,911,0,0,0,0,30852,0,5,0,0,0,0,0,0
69,3051095563,29922,0,0,0,0,66769550,66878700,1151,0,0,0,0,30852,0,5,0,0,0,0,0,0
70,2391331016,29923,0,0,0,0,66768200,66877450,1206,0,0,0,0,30852,0,5,0,0,0,0,0,0
71,3869016117,29924,0,0,0,0,66761900,66874150,1172,0,0,0,0,30852,0,5,0,0,0,0,0,0
72,1579800804,29925,0,0,0,0,66764300,66878650,1260,0,0,0,0,30852,0,5,0,0,0,0,0,0
73,2792341157,29926,0,0,0,0,66764050,66877850,1161,0,0,0,0,30852,0,5,0,0,0,0,0,0
74,714702942,29927,0,0,0,0,66764000,66875500,1167,0,0,0,0,30852,0,5,0,0,0,0,0,0
75,1092538936,29928,0,0,0,0,66035700,66877900,1068,0,0,0,0,30852,0,5,0,0,0,0,0,0
76,1561271239,29929,0,0,0,0,66342400,66879600,733,0,0,0,0,31172,0,5,0,0,0,0,0,0
77,3798074098,29930,0,0,0,0,66763050,66873100,1212,0,0,0,0,31172,0,5,0,0,0,0,0,0
78,3022639071,29931,0,0,0,0,66769600,66878800,1079,0,0,0,0,31172,0,5,0,0,0,0,0,0
79,2282770062,29932,0,0,0,0,66766550,66878950,1290,0,0,0,0,30852,0,5,0,0,0,0,0,0
80,1626512457,29933,0,0,0,0,83483800,83594900,2914,0,0,0,0,30852,0,5,0,0,0,0,0,0
81,3156888026,29934,0,0,0,0,66765700,66875900,793,0,0,0,0,30852,0,5,0,0,0,0,0,0
82,3038824309,29935,0,0,0,0,66770300,66878800,1238,0,0,0,0,30852,0,5,0,0,0,0,0,0
83,1261846460,29936,0,0,0,0,66766500,66879300,954,0,0,0,0,30852,0,5,0,0,0,0,0,0
84,2035201521,29937,0,0,0,0,66762150,66874100,1127,0,0,0,0,30852,0,5,0,0,0,0,0,0
85,2164446652,29938,0,0,0,0,66764250,66876200,1187,0,0,0,0,30852,0,5,0,0,0,0,0,0
86,2017191835,29939,0,0,0,0,66860000,66966650,1290,0,0,0,0,30852,0,5,0,0,0,0,0,0
87,3029138484,29940,0,0,0,0,66676350,66788700,1180,0,0,0,0,30852,0,5,0,0,0,0,0,0
88,50355403,29941,0,0,0,0,66764400,66876550,1167,0,0,0,0,30852,0,5,0,0,0,0,0,0
89,654213990,29942,0,0,0,0,66767150,66876200,1154,0,0,0,0,30852,0,5,0,0,0,0,0,0
90,2360099787,29943,0,0,0,0,66770100,66879250,1275,0,0,0,0,30852,0,5,0,0,0,0,0,0
91,2424818746,29944,0,0,0,0,66762150,66875950,678,0,0,0,0,30852,0,5,0,0,0,0,0,0
92,1971386461,29945,0,0,0,0,66767200,66877200,1177,0,0,0,0,30852,0,5,0,0,0,0,0,0
93,3386045126,29946,0,0,0,0,66771050,66876300,1109,0,0,0,0,30852,0,5,0,0,0,0,0,0
94,1429641961,29947,0,0,0,0,66766700,66877800,1291,0,0,0,0,30852,0,5,0,0,0,0,0,0
95,3022846880,29948,0,0,0,0,83490500,83600300,2744,0,0,0,0,30852,0,5,0,0,0,0,0,0
96,1601897261,29949,0,0,0,0,66759700,66873300,1133,0,0,0,0,30852,0,5,0,0,0,0,0,0
97,1229951528,29950,0,0,0,0,66766100,66877850,1287,0,0,0,0,30852,0,5,0,0,0,0,0,0
98,4065171759,29951,0,0,0,0,66032450,66879100,1026,0,0,0,0,30852,0,5,0,0,0,0,0,0
99,1034325744,29952,0,0,0,0,66758750,66873150,908,0,0,0,0,30852,0,5,0,0,0,0,0,0
100,14078671,29953,0,0,0,0,66771150,66881550,1189,0,0,0,0,31172,0,5,0,0,0,0,0,0
101,4024270554,29954,0,0,0,0,67120600,67229300,1277,0,0,0,0,31172,0,5,0,0,0,0,0,0
102,896191351,29955,0,0,0,0,66410350,66522900,1100,0,0,0,0,31172,0,5,0,0,0,0,0,0
103,2131384102,29956,0,0,0,0,66765000,66876750,1223,0,0,0,0,30852,0,5,0,0,0,0,0,0
104,2586210593,29957,0,0,0,0,66770400,66879950,1302,0,0,0,0,30852,0,5,0,0,0,0,0,0
105,591918370,29958,0,0,0,0,66761250,66874050,1201,0,0,0,0,30852,0,5,0,0,0,0,0,0
106,8814317,29959,0,0,0,0,66767050,66876250,839,0,0,0,0,30852,0,5,0,0,0,0,0,0
107,2340504196,29960,0,0,0,0,66770700,66881300,1205,0,0,0,0,30852,0,5,0,0,0,0,0,0
108,3523076009,29961,0,0,0,0,66970000,67080700,1211,0,0,0,0,30852,0,5,0,0,0,0,0,0
109,1961669028,29962,0,0,0,0,66558700,66671900,1262,0,0,0,0,30852,0,5,0,0,0,0,0,0
110,1037581603,29963,0,0,0,0,83487450,83594900,2933,0,0,0,0,30852,0,5,0,0,0,0,0,0
111,2701024588,29964,0,0,0,0,66767300,66879150,1098,0,0,0,0,30852,0,5,0,0,0,0,0,0
112,215037203,29965,0,0,0,0,66767150,66877700,1285,0,0,0,0,30852,0,5,0,0,0,0,0,0
113,3696282862,29966,0,0,0,0,66764550,66874800,1300,0,0,0,0,30852,0,5,0,0,0,0,0,0
114,2829142928,29967,0,0,0,0,66769350,66877500,857,0,0,0,0,30852,0,5,0,0,0,0,0,0
115,3204762949,29968,0,0,0,0,66764300,66879700,1202,0,0,0,0,30852,0,5,0,0,0,0,0,0
116,3297489190,29969,0,0,0,0,67093750,67206600,1308,0,0,0,0,30852,0,5,0,0,0,0,0,0
117,1691704917,29970,0,0,0,0,66431150,66543250,1154,0,0,0,0,30852,0,5,0,0,0,0,0,0
118,663957814,29971,0,0,0,0,66774750,66881750,1205,0,0,0,0,30852,0,5,0,0,0,0,0,0
119,3058583827,29972,0,0,0,0,66761550,66873800,1295,0,0,0,0,30852,0,5,0,0,0,0,0,0
120,838545270,29973,0,0,0,0,66758800,66877000,1214,0,0,0,0,30852,0,5,0,0,0,0,0,0
121,3608912039,29974,0,0,0,0,65380650,66876300,568,0,0,0,0,30852,0,5,0,0,0,0,0,0
122,4080159716,29975,0,0,0,0,66767400,66878500,1205,0,0,0,0,30852,0,5,0,0,0,0,0,0
123,1056027075,29976,0,0,0,0,67236350,67347000,1275,0,0,0,0,30852,0,5,0,0,0,0,0,0
124,4057021248,29977,0,0,0,0,66292600,66408550,1191,0,0,0,0,31172,0,5,0,0,0,0,0,0
125,2686741161,29978,0,0,0,0,83487950,83597350,2914,0,0,0,0,31172,0,5,0,0,0,0,0,0
126,3870849660,29979,0,0,0,0,66768550,66875150,1146,0,0,0,0,31172,0,5,0,0,0,0,0,0
127,293449641,29980,0,0,0,0,66767350,66878000,1243,0,0,0,0,30852,0,5,0,0,0,0,0,0
128,596064266,29981,0,0,0,0,66761350,66873350,1294,0,0,0,0,30852,0,5,0,0,0,0,0,0
129,3715495249,29982,0,0,0,0,66771350,66880050,807,0,0,0,0,30852,0,5,0,0,0,0,0,0
130,244680018,29983,0,0,0,0,66764400,66878600,1217,0,0,0,0,30852,0,5,0,0,0,0,0,0
131,4080661783,29984,0,0,0,0,66765950,66877700,1301,0,0,0,0,30852,0,5,0,0,0,0,0,0
132,4006730450,29985,0,0,0,0,66329400,66873750,1192,0,0,0,0,30852,0,5,0,0,0,0,0,0
133,3864584507,29986,0,0,0,0,66769450,66880000,1067,0,0,0,0,30852,0,5,0,0,0,0,0,0
134,2711027320,29987,0,0,0,0,66769500,66877750,1236,0,0,0,0,30852,0,5,0,0,0,0,0,0
135,4099079087,29988,0,0,0,0,66762650,66874800,1240,0,0,0,0,30852,0,5,0,0,0,0,0,0
136,565333772,29989,0,0,0,0,66763950,66876500,588,0,0,0,0,30852,0,5,0,0,0,0,0,0
137,1028518269,29990,0,0,0,0,66773800,66880750,1184,0,0,0,0,30852,0,5,0,0,0,0,0,0
138,2252688136,29991,0,0,0,0,67078200,67188500,1298,0,0,0,0,30852,0,5,0,0,0,0,0,0
139,578597309,29992,0,0,0,0,66446850,66561950,1111,0,0,0,0,30852,0,5,0,0,0,0,0,0
140,3624439358,29993,0,0,0,0,83487700,83598000,2516,0,0,0,0,30852,0,5,0,0,0,0,0,0
141,3514067501,29994,0,0,0,0,66765600,66877700,1213,0,0,0,0,30852,0,5,0,0,0,0,0,0
142,2741972910,29995,0,0,0,0,66856450,66965900,1232,0,0,0,0,30852,0,5,0,0,0,0,0,0
143,28497579,29996,0,0,0,0,66667400,66784800,1284,0,0,0,0,30852,0,5,0,0,0,0,0,0
144,466729326,29997,0,0,0,0,65144950,66879000,556,0,0,0,0,30852,0,5,0,0,0,0,0,0
145,3425349295,29998,0,0,0,0,66773950,66880300,1114,0,0,0,0,30852,0,5,0,0,0,0,0,0
146,1537640620,29999,0,0,0,0,66764700,66874150,1282,0,0,0,0,30852,0,5,0,0,0,0,0,0
147,1853842891,30000,0,0,0,0,66767700,66880000,1149,0,0,0,0,30852,0,5,0,0,0,0,0,0
148,1177024904,30001,0,0,0,0,66765550,66876350,1096,0,0,0,0,31172,0,5,0,0,0,0,0,0
149,4106734849,30002,0,0,0,0,66766800,66876400,1206,0,0,0,0,31172,0,5,0,0,0,0,0,0
150,2025356500,30003,0,0,0,0,66764550,66876100,1277,0,0,0,0,31172,0,5,0,0,0,0,0,0
151,2189605121,30004,0,0,0,0,66765050,66874700,784,0,0,0,0,30852,0,5,0,0,0,0,0,0
152,4086136290,30005,0,0,0,0,66771300,66880250,1177,0,0,0,0,30852,0,5,0,0,0,0,0,0
153,4036669705,30006,0,0,0,0,66767950,66876650,1309,0,0,0,0,30852,0,5,0,0,0,0,0,0
154,4167980074,30007,0,0,0,0,66356400,66877900,1056,0,0,0,0,30852,0,5,0,0,0,0,0,0
155,51187407,30008,0,0,0,0,83479400,83594700,2834,0,0,0,0,30852,0,5,0,0,0,0,0,0
156,2242638442,30009,0,0,0,0,66766100,66878350,1138,0,0,0,0,30852,0,5,0,0,0,0,0,0
157,2730108163,30010,0,0,0,0,66978450,67087100,1212,0,0,0,0,30852,0,5,0,0,0,0,0,0
158,2718743917,30011,0,0,0,0,66556000,66666850,1245,0,0,0,0,30852,0,5,0,0,0,0,0,0
159,3391709842,30012,0,0,0,0,66765250,66875950,880,0,0,0,0,30852,0,5,0,0,0,0,0,0
160,1164604273,30013,0,0,0,0,66764850,66878300,1066,0,0,0,0,30852,0,5,0,0,0,0,0,0
161,2148591176,30014,0,0,0,0,66764000,66877150,1268,0,0,0,0,30852,0,5,0,0,0,0,0,0
162,4192737573,30015,0,0,0,0,66766200,66879000,1179,0,0,0,0,30852,0,5,0,0,0,0,0,0
163,535584840,30016,0,0,0,0,66763050,66873550,1109,0,0,0,0,30852,0,5,0,0,0,0,0,0
164,3430794475,30017,0,0,0,0,66834450,66944950,1289,0,0,0,0,30852,0,5,0,0,0,0,0,0
165,776323552,30018,0,0,0,0,66697100,66807850,1276,0,0,0,0,30852,0,5,0,0,0,0,0,0
166,3330991427,30019,0,0,0,0,66770250,66879550,839,0,0,0,0,30852,0,5,0,0,0,0,0,0
167,3282074430,30020,0,0,0,0,66764350,66878400,1167,0,0,0,0,30852,0,5,0,0,0,0,0,0
168,2597814595,30021,0,0,0,0,66762750,66877250,1291,0,0,0,0,30852,0,5,0,0,0,0,0,0
169,2225601370,30022,0,0,0,0,66767300,66877750,1094,0,0,0,0,30852,0,5,0,0,0,0,0,0
170,3716853465,30023,0,0,0,0,83486650,83596450,2909,0,0,0,0,30852,0,5,0,0,0,0,0,0
171,1080675697,30024,0,0,0,0,66770450,66876850,1438,0,0,0,0,30212,0,5,0,0,0,0,0,0
172,219920238,30025,0,0,0,0,67095600,67209800,1413,0,0,0,0,30212,0,5,0,0,0,0,0,0
173,3070385651,30026,0,0,0,0,66437350,66546450,1330,0,0,0,0,30212,0,5,0,0,0,0,0,0
174,2609556270,30027,0,0,0,0,66764300,66873600,987,0,0,0,0,30212,0,5,0,0,0,0,0,0
175,141401383,30028,0,0,0,0,66770050,66880900,1287,0,0,0,0,30212,0,5,0,0,0,0,0,0
176,3034105280,30029,0,0,0,0,66759800,66873700,1424,0,0,0,0,30212,0,5,0,0,0,0,0,0
177,3029196371,30030,0,0,0,0,66765700,66876550,1349,0,0,0,0,30212,0,5,0,0,0,0,0,0
178,699378668,30031,0,0,0,0,66771950,66881350,1405,0,0,0,0,30212,0,5,0,0,0,0,0,0
179,2402609405,30032,0,0,0,0,66950700,67070400,1489,0,0,0,0,30212,0,5,0,0,0,0,0,0
CSV_END

STUDY_DONE_489cb451cbd5=0
# 