/tmp/app --transport dma --state-frame 0 --dma-minimum 64 --frames 180 --warmup 30 --wait spin --profile frame --csv /tmp/transport-frames.csv --dump /tmp/transport-frame.raw && printf "CSV_BEGIN\n" && cat /tmp/transport-frames.csv && printf "CSV_END\n"; study_status=$?; printf "\nSTUDY_DONE_d420e2a3183f=%s\n" "$study_status"
TRANSPORT mode=dma dma_minimum=64
BEGIN_BREAKOUT frames=180 warmup=30 fixed=0 blocks=40 tiles=1 hud=1 wait=spin replay=0 state_frame=0 profile=frame pixel_centers=1 clock_call_ns=5979
HW_COUNTERS unavailable
RESULT frames=180 elapsed_s=15.197793100 fps=11.843825 logic_ms=0.000000 api_ms=0.000000 swap_ms=0.000000 wait_ms=0.000000 worker_inclusive_ms=0.000000 upload_inclusive_ms=0.000000 write_ms=0.000000 bytes_per_frame=30951.56 p50_ms=83.596550 p95_ms=86.174450 max_ms=100.319550 late_60hz=180 first_count=355 last_count=534 state_hash=8f34e8fd remaining=38 score=20
RENDER_PATH retained=0 grouped=0 quads=13131 full_frames=180
FRAME_CHECK count=534 address=9fe00000 fnv1a=79c99b23 pixels=307200 mismatches=0
BREAKOUT_PASS
CSV_BEGIN
frame,state_hash,display_count,logic_ns,api_ns,swap_ns,wait_ns,total_ns,completion_interval_ns,polls,worker_inclusive_ns,upload_inclusive_ns,write_ns,read_ns,write_bytes,read_bytes,write_calls,read_calls,dma_copy_ns,dma_launch_ns,dma_completion_wait_ns,dma_bytes,dma_lists
0,3724779174,355,0,0,0,0,83543400,83557400,1774,0,0,0,0,31172,0,5,0,0,0,0,31360,5
1,1709657109,356,0,0,0,0,83491150,83599750,1768,0,0,0,0,31172,0,5,0,0,0,0,31360,5
2,1894904752,357,0,0,0,0,83489500,83596350,1233,0,0,0,0,31172,0,5,0,0,0,0,31360,5
3,3703759967,358,0,0,0,0,83483600,83595150,1911,0,0,0,0,31172,0,5,0,0,0,0,31360,5
4,19533624,359,0,0,0,0,83491100,83598350,1832,0,0,0,0,31172,0,5,0,0,0,0,31360,5
5,816884773,360,0,0,0,0,83476700,83592450,1659,0,0,0,0,31172,0,5,0,0,0,0,31360,5
6,1339236364,361,0,0,0,0,83489350,83600150,1664,0,0,0,0,31172,0,5,0,0,0,0,31360,5
7,3072959373,362,0,0,0,0,83483350,83595350,1657,0,0,0,0,31172,0,5,0,0,0,0,31360,5
8,1782884746,363,0,0,0,0,83804300,83915900,32,0,0,0,0,31172,0,5,0,0,0,0,31360,5
9,30296781,364,0,0,0,0,83166000,83275500,1567,0,0,0,0,31492,0,5,0,0,0,0,31680,5
10,4026418858,365,0,0,0,0,83484450,83595550,1504,0,0,0,0,31492,0,5,0,0,0,0,31680,5
11,2084929051,366,0,0,0,0,83487350,83598150,1712,0,0,0,0,31492,0,5,0,0,0,0,31680,5
12,3114489770,367,0,0,0,0,83480650,83594450,1957,0,0,0,0,31172,0,5,0,0,0,0,31360,5
13,891400471,368,0,0,0,0,83483700,83597750,1722,0,0,0,0,31172,0,5,0,0,0,0,31360,5
14,3472773456,369,0,0,0,0,83488300,83596950,1281,0,0,0,0,31172,0,5,0,0,0,0,31360,5
15,3010688243,370,0,0,0,0,83488350,83598100,1708,0,0,0,0,31172,0,5,0,0,0,0,31360,5
16,2819524756,371,0,0,0,0,83484500,83595900,1646,0,0,0,0,31172,0,5,0,0,0,0,31360,5
17,3241678401,372,0,0,0,0,82713850,83596200,1528,0,0,0,0,31172,0,5,0,0,0,0,31360,5
18,2154316504,373,0,0,0,0,83716450,83828850,1618,0,0,0,0,31172,0,5,0,0,0,0,31360,5
19,772262681,374,0,0,0,0,83253050,83362250,1466,0,0,0,0,31172,0,5,0,0,0,0,31360,5
20,3882818750,375,0,0,0,0,86067350,86174450,637,0,0,0,0,31172,0,5,0,0,0,0,31360,5
21,521131153,376,0,0,0,0,80891950,81016700,967,0,0,0,0,31172,0,5,0,0,0,0,31360,5
22,1838187414,377,0,0,0,0,83492750,83599000,1951,0,0,0,0,31172,0,5,0,0,0,0,31360,5
23,840574439,378,0,0,0,0,83487700,83595350,1896,0,0,0,0,31172,0,5,0,0,0,0,31360,5
24,2879461878,379,0,0,0,0,83483600,83596750,1811,0,0,0,0,31172,0,5,0,0,0,0,31360,5
25,202086035,380,0,0,0,0,83482300,83595700,1689,0,0,0,0,31172,0,5,0,0,0,0,31360,5
26,959703924,381,0,0,0,0,83489050,83596700,1468,0,0,0,0,31172,0,5,0,0,0,0,31360,5
27,3795724423,382,0,0,0,0,83491450,83595800,1657,0,0,0,0,31172,0,5,0,0,0,0,31360,5
28,2500539904,383,0,0,0,0,83759550,83870000,1636,0,0,0,0,31172,0,5,0,0,0,0,31360,5
29,2269000541,384,0,0,0,0,83215550,83325000,1639,0,0,0,0,31172,0,5,0,0,0,0,31360,5
30,1900681108,385,0,0,0,0,83482300,83593700,1579,0,0,0,0,31172,0,5,0,0,0,0,31360,5
31,3680168245,386,0,0,0,0,83487600,83597450,1747,0,0,0,0,31172,0,5,0,0,0,0,31360,5
32,2344329490,387,0,0,0,0,83488250,83597550,1478,0,0,0,0,31172,0,5,0,0,0,0,31360,5
33,2130650181,388,0,0,0,0,83484000,83596250,76,0,0,0,0,31492,0,5,0,0,0,0,31680,5
34,906966818,389,0,0,0,0,83491500,83595000,1804,0,0,0,0,31492,0,5,0,0,0,0,31680,5
35,3939376531,390,0,0,0,0,83483800,83596750,1677,0,0,0,0,31492,0,5,0,0,0,0,31680,5
36,2110688546,391,0,0,0,0,83489350,83599800,1702,0,0,0,0,31172,0,5,0,0,0,0,31360,5
37,2695523007,392,0,0,0,0,83486300,83593650,1639,0,0,0,0,31172,0,5,0,0,0,0,31360,5
38,744447992,393,0,0,0,0,84045050,84151550,1341,0,0,0,0,31172,0,5,0,0,0,0,31360,5
39,3728640411,394,0,0,0,0,82919100,83042350,1581,0,0,0,0,31172,0,5,0,0,0,0,31360,5
40,618879740,395,0,0,0,0,83480450,83594100,1562,0,0,0,0,31172,0,5,0,0,0,0,31360,5
41,1239708057,396,0,0,0,0,81956750,83599550,1379,0,0,0,0,31172,0,5,0,0,0,0,31360,5
42,2429742208,397,0,0,0,0,83483950,83595350,1779,0,0,0,0,31172,0,5,0,0,0,0,31360,5
43,412095716,398,0,0,0,0,83482900,83594000,1692,0,0,0,0,31172,0,5,0,0,0,0,31360,5
44,1226741467,399,0,0,0,0,83489350,83597200,1797,0,0,0,0,31172,0,5,0,0,0,0,31360,5
45,3288446148,400,0,0,0,0,100206850,100318400,2869,0,0,0,0,31172,0,5,0,0,0,0,31360,5
46,1157984843,401,0,0,0,0,83486350,83596650,1738,0,0,0,0,31172,0,5,0,0,0,0,31360,5
47,3877288378,402,0,0,0,0,83485900,83595300,1625,0,0,0,0,31172,0,5,0,0,0,0,31360,5
48,4236526315,403,0,0,0,0,83481950,83595450,1647,0,0,0,0,31172,0,5,0,0,0,0,31360,5
49,533834014,404,0,0,0,0,83522350,83631250,1672,0,0,0,0,31172,0,5,0,0,0,0,31360,5
50,1649361089,405,0,0,0,0,83454950,83561150,1357,0,0,0,0,31172,0,5,0,0,0,0,31360,5
51,2486981906,406,0,0,0,0,82836450,83597350,1518,0,0,0,0,31172,0,5,0,0,0,0,31360,5
52,1706075277,407,0,0,0,0,83488850,83598450,1757,0,0,0,0,31172,0,5,0,0,0,0,31360,5
53,267972368,408,0,0,0,0,83482400,83594250,1741,0,0,0,0,31172,0,5,0,0,0,0,31360,5
54,3895401273,409,0,0,0,0,83491350,83597700,1945,0,0,0,0,31172,0,5,0,0,0,0,31360,5
55,605985656,410,0,0,0,0,83492050,83597900,1678,0,0,0,0,31172,0,5,0,0,0,0,31360,5
56,4077673024,411,0,0,0,0,83484450,83594150,1805,0,0,0,0,30852,0,5,0,0,0,0,31040,5
57,985632231,412,0,0,0,0,100203700,100313950,3132,0,0,0,0,30852,0,5,0,0,0,0,31040,5
58,3720590956,413,0,0,0,0,83490400,83598550,1814,0,0,0,0,30852,0,5,0,0,0,0,31040,5
59,3264032585,414,0,0,0,0,83483250,83596050,1695,0,0,0,0,30852,0,5,0,0,0,0,31040,5
60,395405688,415,0,0,0,0,83486450,83596150,1637,0,0,0,0,30852,0,5,0,0,0,0,31040,5
61,32142420,416,0,0,0,0,83634450,83743500,1693,0,0,0,0,30852,0,5,0,0,0,0,31040,5
62,1187067055,417,0,0,0,0,83339350,83447550,1636,0,0,0,0,30852,0,5,0,0,0,0,31040,5
63,459140908,418,0,0,0,0,83489250,83600050,1396,0,0,0,0,30852,0,5,0,0,0,0,31040,5
64,3369786495,419,0,0,0,0,81990150,83595450,1398,0,0,0,0,30852,0,5,0,0,0,0,31040,5
65,1572434254,420,0,0,0,0,83484550,83595800,1717,0,0,0,0,30852,0,5,0,0,0,0,31040,5
66,4107798823,421,0,0,0,0,83489400,83594550,1200,0,0,0,0,30852,0,5,0,0,0,0,31040,5
67,343968250,422,0,0,0,0,83493450,83597500,1795,0,0,0,0,30852,0,5,0,0,0,0,31040,5
68,3102454017,423,0,0,0,0,83488700,83596250,1813,0,0,0,0,30852,0,5,0,0,0,0,31040,5
69,3051095563,424,0,0,0,0,100206200,100315950,3120,0,0,0,0,30852,0,5,0,0,0,0,31040,5
70,2391331016,425,0,0,0,0,83487300,83594900,1753,0,0,0,0,30852,0,5,0,0,0,0,31040,5
71,3869016117,426,0,0,0,0,83488100,83598400,1715,0,0,0,0,30852,0,5,0,0,0,0,31040,5
72,1579800804,427,0,0,0,0,83486350,83596300,1620,0,0,0,0,30852,0,5,0,0,0,0,31040,5
73,2792341157,428,0,0,0,0,83760600,83870100,1733,0,0,0,0,30852,0,5,0,0,0,0,31040,5
74,714702942,429,0,0,0,0,83214350,83322350,1681,0,0,0,0,30852,0,5,0,0,0,0,31040,5
75,1092538936,430,0,0,0,0,83489000,83599000,1410,0,0,0,0,30852,0,5,0,0,0,0,31040,5
76,1561271239,431,0,0,0,0,83482600,83596100,1746,0,0,0,0,31172,0,5,0,0,0,0,31360,5
77,3798074098,432,0,0,0,0,83487450,83594400,1658,0,0,0,0,31172,0,5,0,0,0,0,31360,5
78,3022639071,433,0,0,0,0,83488200,83595000,1855,0,0,0,0,31172,0,5,0,0,0,0,31360,5
79,2282770062,434,0,0,0,0,83488650,83597750,1762,0,0,0,0,30852,0,5,0,0,0,0,31040,5
80,1626512457,435,0,0,0,0,83482100,83598150,1748,0,0,0,0,30852,0,5,0,0,0,0,31040,5
81,3156888026,436,0,0,0,0,100205550,100314400,3008,0,0,0,0,30852,0,5,0,0,0,0,31040,5
82,3038824309,437,0,0,0,0,83490100,83599100,1767,0,0,0,0,30852,0,5,0,0,0,0,31040,5
83,1261846460,438,0,0,0,0,83481900,83594850,1704,0,0,0,0,30852,0,5,0,0,0,0,31040,5
84,2035201521,439,0,0,0,0,83488400,83595950,1583,0,0,0,0,30852,0,5,0,0,0,0,31040,5
85,2164446652,440,0,0,0,0,83487600,83598250,1764,0,0,0,0,30852,0,5,0,0,0,0,31040,5
86,2017191835,441,0,0,0,0,83082200,83596550,1676,0,0,0,0,30852,0,5,0,0,0,0,31040,5
87,3029138484,442,0,0,0,0,82090200,83593700,1024,0,0,0,0,30852,0,5,0,0,0,0,31040,5
88,50355403,443,0,0,0,0,83486500,83596300,1720,0,0,0,0,30852,0,5,0,0,0,0,31040,5
89,654213990,444,0,0,0,0,83489200,83595700,1911,0,0,0,0,30852,0,5,0,0,0,0,31040,5
90,2360099787,445,0,0,0,0,83488550,83600200,1863,0,0,0,0,30852,0,5,0,0,0,0,31040,5
91,2424818746,446,0,0,0,0,83486850,83594750,1799,0,0,0,0,30852,0,5,0,0,0,0,31040,5
92,1971386461,447,0,0,0,0,83482950,83594300,1721,0,0,0,0,30852,0,5,0,0,0,0,31040,5
93,3386045126,448,0,0,0,0,83486200,83595700,39,0,0,0,0,30852,0,5,0,0,0,0,31040,5
94,1429641961,449,0,0,0,0,83515950,83623150,1645,0,0,0,0,30852,0,5,0,0,0,0,31040,5
95,3022846880,450,0,0,0,0,83464500,83572950,1776,0,0,0,0,30852,0,5,0,0,0,0,31040,5
96,1601897261,451,0,0,0,0,83075600,83595600,1851,0,0,0,0,30852,0,5,0,0,0,0,31040,5
97,1229951528,452,0,0,0,0,83489600,83597850,1577,0,0,0,0,30852,0,5,0,0,0,0,31040,5
98,4065171759,453,0,0,0,0,83485450,83595300,1864,0,0,0,0,30852,0,5,0,0,0,0,31040,5
99,1034325744,454,0,0,0,0,83491550,83595650,1198,0,0,0,0,30852,0,5,0,0,0,0,31040,5
100,14078671,455,0,0,0,0,83484750,83595750,1851,0,0,0,0,31172,0,5,0,0,0,0,31360,5
101,4024270554,456,0,0,0,0,83487550,83599000,1779,0,0,0,0,31172,0,5,0,0,0,0,31360,5
102,896191351,457,0,0,0,0,83485500,83592950,1677,0,0,0,0,31172,0,5,0,0,0,0,31360,5
103,2131384102,458,0,0,0,0,83491300,83600400,1726,0,0,0,0,30852,0,5,0,0,0,0,31040,5
104,2586210593,459,0,0,0,0,83549750,83660500,1611,0,0,0,0,30852,0,5,0,0,0,0,31040,5
105,591918370,460,0,0,0,0,83419500,83529950,432,0,0,0,0,30852,0,5,0,0,0,0,31040,5
106,8814317,461,0,0,0,0,82105900,83595850,1479,0,0,0,0,30852,0,5,0,0,0,0,31040,5
107,2340504196,462,0,0,0,0,83488300,83596850,1569,0,0,0,0,30852,0,5,0,0,0,0,31040,5
108,3523076009,463,0,0,0,0,83488050,83598200,2019,0,0,0,0,30852,0,5,0,0,0,0,31040,5
109,1961669028,464,0,0,0,0,83483950,83594650,1932,0,0,0,0,30852,0,5,0,0,0,0,31040,5
110,1037581603,465,0,0,0,0,83484850,83598600,1875,0,0,0,0,30852,0,5,0,0,0,0,31040,5
111,2701024588,466,0,0,0,0,82728800,83594900,1039,0,0,0,0,30852,0,5,0,0,0,0,31040,5
112,215037203,467,0,0,0,0,83487450,83597050,1698,0,0,0,0,30852,0,5,0,0,0,0,31040,5
113,3696282862,468,0,0,0,0,83487950,83598800,1319,0,0,0,0,30852,0,5,0,0,0,0,31040,5
114,2829142928,469,0,0,0,0,83573450,83698400,1594,0,0,0,0,30852,0,5,0,0,0,0,31040,5
115,3204762949,470,0,0,0,0,83383950,83490900,1751,0,0,0,0,30852,0,5,0,0,0,0,31040,5
116,3297489190,471,0,0,0,0,83488350,83598450,1850,0,0,0,0,30852,0,5,0,0,0,0,31040,5
117,1691704917,472,0,0,0,0,83486500,83595050,1318,0,0,0,0,30852,0,5,0,0,0,0,31040,5
118,663957814,473,0,0,0,0,83492650,83597950,449,0,0,0,0,30852,0,5,0,0,0,0,31040,5
119,3058583827,474,0,0,0,0,83492150,83593300,1924,0,0,0,0,30852,0,5,0,0,0,0,31040,5
120,838545270,475,0,0,0,0,83485350,83596700,1843,0,0,0,0,30852,0,5,0,0,0,0,31040,5
121,3608912039,476,0,0,0,0,83485100,83597000,1825,0,0,0,0,30852,0,5,0,0,0,0,31040,5
122,4080159716,477,0,0,0,0,83488000,83596650,1698,0,0,0,0,30852,0,5,0,0,0,0,31040,5
123,1056027075,478,0,0,0,0,83488300,83596900,1416,0,0,0,0,30852,0,5,0,0,0,0,31040,5
124,4057021248,479,0,0,0,0,83633900,83741450,861,0,0,0,0,31172,0,5,0,0,0,0,31360,5
125,2686741161,480,0,0,0,0,83339850,83449600,1667,0,0,0,0,31172,0,5,0,0,0,0,31360,5
126,3870849660,481,0,0,0,0,83484450,83595750,1804,0,0,0,0,31172,0,5,0,0,0,0,31360,5
127,293449641,482,0,0,0,0,83491900,83600350,1555,0,0,0,0,30852,0,5,0,0,0,0,31040,5
128,596064266,483,0,0,0,0,83480000,83593900,2004,0,0,0,0,30852,0,5,0,0,0,0,31040,5
129,3715495249,484,0,0,0,0,83485200,83598200,1827,0,0,0,0,30852,0,5,0,0,0,0,31040,5
130,244680018,485,0,0,0,0,100196500,100312850,3195,0,0,0,0,30852,0,5,0,0,0,0,31040,5
131,4080661783,486,0,0,0,0,83489800,83599400,1866,0,0,0,0,30852,0,5,0,0,0,0,31040,5
132,4006730450,487,0,0,0,0,83482750,83595000,1851,0,0,0,0,30852,0,5,0,0,0,0,31040,5
133,3864584507,488,0,0,0,0,83482950,83598250,1766,0,0,0,0,30852,0,5,0,0,0,0,31040,5
134,2711027320,489,0,0,0,0,82723100,83596300,1638,0,0,0,0,30852,0,5,0,0,0,0,31040,5
135,4099079087,490,0,0,0,0,83492500,83596550,1334,0,0,0,0,30852,0,5,0,0,0,0,31040,5
136,565333772,491,0,0,0,0,83756800,83883600,1618,0,0,0,0,30852,0,5,0,0,0,0,31040,5
137,1028518269,492,0,0,0,0,83195200,83306300,1721,0,0,0,0,30852,0,5,0,0,0,0,31040,5
138,2252688136,493,0,0,0,0,83490600,83598750,1796,0,0,0,0,30852,0,5,0,0,0,0,31040,5
139,578597309,494,0,0,0,0,83489500,83595700,1583,0,0,0,0,30852,0,5,0,0,0,0,31040,5
140,3624439358,495,0,0,0,0,83491400,83598550,1807,0,0,0,0,30852,0,5,0,0,0,0,31040,5
141,3514067501,496,0,0,0,0,83488650,83594600,1857,0,0,0,0,30852,0,5,0,0,0,0,31040,5
142,2741972910,497,0,0,0,0,100206600,100314600,3171,0,0,0,0,30852,0,5,0,0,0,0,31040,5
143,28497579,498,0,0,0,0,83490850,83598100,1868,0,0,0,0,30852,0,5,0,0,0,0,31040,5
144,466729326,499,0,0,0,0,83484700,83596400,1786,0,0,0,0,30852,0,5,0,0,0,0,31040,5
145,3425349295,500,0,0,0,0,83484000,83595300,1760,0,0,0,0,30852,0,5,0,0,0,0,31040,5
146,1537640620,501,0,0,0,0,83487250,83594950,1638,0,0,0,0,30852,0,5,0,0,0,0,31040,5
147,1853842891,502,0,0,0,0,83740650,83846500,1340,0,0,0,0,30852,0,5,0,0,0,0,31040,5
148,1177024904,503,0,0,0,0,83223200,83347900,1516,0,0,0,0,31172,0,5,0,0,0,0,31360,5
149,4106734849,504,0,0,0,0,82795250,83597750,1531,0,0,0,0,31172,0,5,0,0,0,0,31360,5
150,2025356500,505,0,0,0,0,83484950,83594450,1765,0,0,0,0,31172,0,5,0,0,0,0,31360,5
151,2189605121,506,0,0,0,0,83489050,83599400,1555,0,0,0,0,30852,0,5,0,0,0,0,31040,5
152,4086136290,507,0,0,0,0,83486850,83596000,1918,0,0,0,0,30852,0,5,0,0,0,0,31040,5
153,4036669705,508,0,0,0,0,83480950,83592850,1803,0,0,0,0,30852,0,5,0,0,0,0,31040,5
154,4167980074,509,0,0,0,0,100208150,100319550,3208,0,0,0,0,30852,0,5,0,0,0,0,31040,5
155,51187407,510,0,0,0,0,83484000,83592150,1849,0,0,0,0,30852,0,5,0,0,0,0,31040,5
156,2242638442,511,0,0,0,0,83482900,83597900,1756,0,0,0,0,30852,0,5,0,0,0,0,31040,5
157,2730108163,512,0,0,0,0,82725850,83595700,1671,0,0,0,0,30852,0,5,0,0,0,0,31040,5
158,2718743917,513,0,0,0,0,83488850,83596200,1601,0,0,0,0,30852,0,5,0,0,0,0,31040,5
159,3391709842,514,0,0,0,0,84908350,85018350,1705,0,0,0,0,30852,0,5,0,0,0,0,31040,5
160,1164604273,515,0,0,0,0,82043450,82174250,1492,0,0,0,0,30852,0,5,0,0,0,0,31040,5
161,2148591176,516,0,0,0,0,83486950,83597500,1400,0,0,0,0,30852,0,5,0,0,0,0,31040,5
162,4192737573,517,0,0,0,0,83489800,83596200,1814,0,0,0,0,30852,0,5,0,0,0,0,31040,5
163,535584840,518,0,0,0,0,83493350,83598300,1689,0,0,0,0,30852,0,5,0,0,0,0,31040,5
164,3430794475,519,0,0,0,0,83490650,83594450,1925,0,0,0,0,30852,0,5,0,0,0,0,31040,5
165,776323552,520,0,0,0,0,83484800,83596550,1835,0,0,0,0,30852,0,5,0,0,0,0,31040,5
166,3330991427,521,0,0,0,0,100208650,100318700,3009,0,0,0,0,30852,0,5,0,0,0,0,31040,5
167,3282074430,522,0,0,0,0,83485400,83593500,1819,0,0,0,0,30852,0,5,0,0,0,0,31040,5
168,2597814595,523,0,0,0,0,83490600,83599700,1756,0,0,0,0,30852,0,5,0,0,0,0,31040,5
169,2225601370,524,0,0,0,0,83485350,83594400,1680,0,0,0,0,30852,0,5,0,0,0,0,31040,5
170,3716853465,525,0,0,0,0,83600900,83708500,1696,0,0,0,0,30852,0,5,0,0,0,0,31040,5
171,1080675697,526,0,0,0,0,83601450,83711550,1987,0,0,0,0,30212,0,5,0,0,0,0,30400,5
172,219920238,527,0,0,0,0,83258200,83366950,1621,0,0,0,0,30212,0,5,0,0,0,0,30400,5
173,3070385651,528,0,0,0,0,83483450,83596600,1876,0,0,0,0,30212,0,5,0,0,0,0,30400,5
174,2609556270,529,0,0,0,0,83488950,83596900,2038,0,0,0,0,30212,0,5,0,0,0,0,30400,5
175,141401383,530,0,0,0,0,83490700,83598850,2028,0,0,0,0,30212,0,5,0,0,0,0,30400,5
176,3034105280,531,0,0,0,0,83481100,83594900,2011,0,0,0,0,30212,0,5,0,0,0,0,30400,5
177,3029196371,532,0,0,0,0,83481250,83594900,1956,0,0,0,0,30212,0,5,0,0,0,0,30400,5
178,699378668,533,0,0,0,0,100211350,100319150,2941,0,0,0,0,30212,0,5,0,0,0,0,30400,5
179,2402609405,534,0,0,0,0,83486750,83595150,1910,0,0,0,0,30212,0,5,0,0,0,0,30400,5
CSV_END

STUDY_DONE_d420e2a3183f=0
# 