/tmp/app --transport apb --frames 30 --warmup 6 --wait spin --profile detailed --csv /tmp/check.csv --dump /tmp/check.raw && printf "CSV_BEGIN\n" && cat /tmp/check.csv && printf "CSV_END\n"; study_status=$?; printf "\nSTUDY_DONE_51255de00fda=%s\n" "$study_status"
TRANSPORT mode=apb dma_minimum=64
BEGIN_BREAKOUT frames=30 warmup=6 fixed=0 blocks=40 tiles=1 hud=1 wait=spin replay=0 state_frame=0 profile=detailed pixel_centers=1 clock_call_ns=5112
HW_COUNTERS unavailable
RESULT frames=30 elapsed_s=2.073146850 fps=14.470755 logic_ms=0.968138 api_ms=22.179820 swap_ms=41.759547 wait_ms=4.064445 worker_inclusive_ms=41.538392 upload_inclusive_ms=8.705930 write_ms=8.457997 bytes_per_frame=33732.00 p50_ms=66.877800 p95_ms=83.597400 max_ms=83.601250 late_60hz=30 first_count=76 last_count=105 state_hash=30b0ac25 remaining=40 score=0
RENDER_PATH retained=0 grouped=0 quads=2310 full_frames=30
FRAME_CHECK count=105 address=9fe00000 fnv1a=63e15fd3 pixels=307200 mismatches=0
BREAKOUT_PASS
CSV_BEGIN
frame,state_hash,display_count,logic_ns,api_ns,swap_ns,wait_ns,total_ns,completion_interval_ns,polls,worker_inclusive_ns,upload_inclusive_ns,write_ns,read_ns,write_bytes,read_bytes,write_calls,read_calls,dma_copy_ns,dma_launch_ns,dma_completion_wait_ns,dma_bytes,dma_lists
0,800621675,76,838400,21598850,43724550,1534550,67696350,67706950,130,43547100,8618250,8352800,0,34372,0,5,0,0,0,0,0,0
1,1196341280,77,773800,21665050,42022400,1418950,65880200,65999850,297,41846450,8386650,8159700,0,34372,0,5,0,0,0,0,0,0
2,111313565,78,836250,22415950,41418100,2100900,66771200,66877750,317,41246750,8586650,8336250,0,34372,0,5,0,0,0,0,0,0
3,903264866,79,772450,24496000,42158600,16055550,83482600,83597400,3007,41996550,9373300,9109250,0,34372,0,5,0,0,0,0,0,0
4,1649729059,80,823300,21603550,42221000,2382300,67030150,67154150,392,41315700,8515100,8265500,0,34372,0,5,0,0,0,0,0,0
5,3799295956,81,806100,22548300,41533700,842550,65730650,66600600,175,41351100,8639700,8380650,0,34372,0,5,0,0,0,0,0,0
6,1787088645,82,1598050,21521450,41579950,2075300,66774750,66879850,249,41409200,8633950,8379000,0,34372,0,5,0,0,0,0,0,0
7,3856092886,83,775900,22434200,41843700,1701300,66755100,66873400,235,41664050,8618850,8364600,0,34372,0,5,0,0,0,0,0,0
8,2569590663,84,824950,24151100,41414600,373550,66764200,66876100,73,41242950,8581650,8336600,0,34372,0,5,0,0,0,0,0,0
9,1319145384,85,1490650,21720800,42116300,1451450,66779200,66880000,304,41939150,9396350,9134900,0,34372,0,5,0,0,0,0,0,0
10,308781753,86,827850,22653150,41686300,1605150,66772450,66877550,210,41521150,8675850,8431050,0,34372,0,5,0,0,0,0,0,0
11,534876330,87,769400,21568250,42264350,2312250,66914250,67023750,375,41366650,8505250,8243550,0,34372,0,5,0,0,0,0,0,0
12,1347127931,88,815450,21750450,42012150,2039200,66617250,66729500,431,41835450,9373850,9103800,0,34372,0,5,0,0,0,0,0,0
13,3374043756,89,1488350,21881050,42210050,1192000,66771450,66874250,248,42039450,9242800,8979200,0,34372,0,5,0,0,0,0,0,0
14,3600138333,90,818000,22399950,49542950,10738300,83499200,83601250,2014,49369150,8611250,8353450,0,34372,0,5,0,0,0,0,0,0
15,2243820206,91,767500,22544850,43828600,16339600,83480550,83594500,3072,43668800,9250050,8999750,0,34372,0,5,0,0,0,0,0,0
16,2573882207,92,819700,21575850,42044300,2580000,67019850,67141550,444,41869300,8486400,8264850,0,34372,0,5,0,0,0,0,0,0
17,4228458496,93,768300,21745050,42103300,1885900,66502550,66612850,398,41928450,9423300,9147550,0,34372,0,5,0,0,0,0,0,0
18,3421020113,94,1526100,21518850,42571350,1154300,66770600,66873700,240,42397700,9618400,9357800,0,34372,0,5,0,0,0,0,0,0
19,3199738754,95,760600,22385300,41744300,1883550,66773750,66877800,279,41570950,8633100,8389000,0,34372,0,5,0,0,0,0,0,0
20,2637397779,96,818300,21774450,41750800,2421150,66764700,66877100,513,41568250,8418850,8196050,0,34372,0,5,0,0,0,0,0,0
21,3274367876,97,1547700,21566850,42179750,1477850,66772150,66876900,310,42003900,9237850,8974400,0,34372,0,5,0,0,0,0,0,0
22,270716021,98,829350,22673600,41526900,1744700,66774550,66879550,242,41361700,8627000,8373700,0,34372,0,5,0,0,0,0,0,0
23,2501492294,99,766650,24397100,41900800,35550,67100100,67214150,0,41739650,8673850,8431050,0,34372,0,5,0,0,0,0,0,0
24,3724779174,100,728250,20674500,39043650,5988000,66434400,66540150,1180,38864000,8218350,7994400,0,31172,0,5,0,0,0,0,0,0
25,1709657109,101,1533400,20890800,39304650,5030950,66759800,66878800,979,39130950,8107400,7880200,0,31172,0,5,0,0,0,0,0,0
26,1894904752,102,854900,20444950,39237550,6223500,66760900,66878450,1131,39064950,8237350,7999500,0,31172,0,5,0,0,0,0,0,0
27,3703759967,103,806450,20641850,38983450,6328250,66760000,66873950,1255,38812150,8180750,7956700,0,31172,0,5,0,0,0,0,0,0
28,19533624,104,1449200,20899700,39118950,5291650,66759500,66877350,1033,38947550,8023250,7802100,0,31172,0,5,0,0,0,0,0,0
29,816884773,105,808850,27252800,39699350,15725100,83486100,83597700,3011,39532600,8282550,8042550,0,31172,0,5,0,0,0,0,0,0
CSV_END

STUDY_DONE_51255de00fda=0
# 