Addressing configuration for axi_crossbar_addr instance TOP.RasterIX_IF.mainXBar.axi_crossbar_wr_inst.s_ifaces[0].addr_inst
 0 ( 0): 00000000 / 32 -- 00000000-ffffffff
Addressing configuration for axi_crossbar_addr instance TOP.RasterIX_IF.mainXBar.axi_crossbar_wr_inst.s_ifaces[1].addr_inst
 0 ( 0): 00000000 / 32 -- 00000000-ffffffff
Addressing configuration for axi_crossbar_addr instance TOP.RasterIX_IF.mainXBar.axi_crossbar_wr_inst.s_ifaces[2].addr_inst
 0 ( 0): 00000000 / 32 -- 00000000-ffffffff
Addressing configuration for axi_crossbar_addr instance TOP.RasterIX_IF.mainXBar.axi_crossbar_wr_inst.s_ifaces[3].addr_inst
 0 ( 0): 00000000 / 32 -- 00000000-ffffffff
Addressing configuration for axi_crossbar_addr instance TOP.RasterIX_IF.mainXBar.axi_crossbar_rd_inst.s_ifaces[0].addr_inst
 0 ( 0): 00000000 / 32 -- 00000000-ffffffff
Addressing configuration for axi_crossbar_addr instance TOP.RasterIX_IF.mainXBar.axi_crossbar_rd_inst.s_ifaces[1].addr_inst
 0 ( 0): 00000000 / 32 -- 00000000-ffffffff
Addressing configuration for axi_crossbar_addr instance TOP.RasterIX_IF.mainXBar.axi_crossbar_rd_inst.s_ifaces[2].addr_inst
 0 ( 0): 00000000 / 32 -- 00000000-ffffffff
Addressing configuration for axi_crossbar_addr instance TOP.RasterIX_IF.mainXBar.axi_crossbar_rd_inst.s_ifaces[3].addr_inst
 0 ( 0): 00000000 / 32 -- 00000000-ffffffff
TEXTURE_BEGIN size=256
INTERNAL dma_state=5 remaining=185 parser_state=0 words=32913
COMMAND_TIMEOUT word=50000004 frame=0 address=00000000 read_beats=319 write_beats=93184 reads=4 writes=0 responses=0 rvalid=1 bvalid=0 swap=0 perf=1 stall=0 arvalid=0 awvalid=0 wvalid=0
TEXTURE_2D_FAIL command timeout
