/tmp/app --transport dma --state-frame 0 --dma-minimum 64 --frames 180 --warmup 30 --wait spin --profile frame --csv /tmp/transport-frames.csv --dump /tmp/transport-frame.raw && printf "CSV_BEGIN\n" && cat /tmp/transport-frames.csv && printf "CSV_END\n"; study_status=$?; printf "\nSTUDY_DONE_3e601347303a=%s\n" "$study_status"
TRANSPORT mode=dma dma_minimum=64
BEGIN_BREAKOUT frames=180 warmup=30 fixed=0 blocks=40 tiles=1 hud=1 wait=spin replay=0 state_frame=0 profile=frame pixel_centers=1 clock_call_ns=5984
HW_COUNTERS unavailable
RESULT frames=180 elapsed_s=15.264677900 fps=11.791929 logic_ms=0.000000 api_ms=0.000000 swap_ms=0.000000 wait_ms=0.000000 worker_inclusive_ms=0.000000 upload_inclusive_ms=0.000000 write_ms=0.000000 bytes_per_frame=30951.56 p50_ms=83.596950 p95_ms=100.312850 max_ms=100.629900 late_60hz=180 first_count=3787 last_count=3966 state_hash=8f34e8fd remaining=38 score=20
RENDER_PATH retained=0 grouped=0 quads=13131 full_frames=180
FRAME_CHECK count=3966 address=9fe00000 fnv1a=79c99b23 pixels=307200 mismatches=0
BREAKOUT_PASS
CSV_BEGIN
frame,state_hash,display_count,logic_ns,api_ns,swap_ns,wait_ns,total_ns,completion_interval_ns,polls,worker_inclusive_ns,upload_inclusive_ns,write_ns,read_ns,write_bytes,read_bytes,write_calls,read_calls,dma_copy_ns,dma_launch_ns,dma_completion_wait_ns,dma_bytes,dma_lists
0,3724779174,3787,0,0,0,0,83556000,83567100,1501,0,0,0,0,31172,0,5,0,0,0,0,31360,5
1,1709657109,3788,0,0,0,0,83489200,83597450,1416,0,0,0,0,31172,0,5,0,0,0,0,31360,5
2,1894904752,3789,0,0,0,0,83492600,83598450,1204,0,0,0,0,31172,0,5,0,0,0,0,31360,5
3,3703759967,3790,0,0,0,0,83490500,83593450,1572,0,0,0,0,31172,0,5,0,0,0,0,31360,5
4,19533624,3791,0,0,0,0,83489450,83598100,1499,0,0,0,0,31172,0,5,0,0,0,0,31360,5
5,816884773,3792,0,0,0,0,83491750,83597650,1722,0,0,0,0,31172,0,5,0,0,0,0,31360,5
6,1339236364,3793,0,0,0,0,83485600,83595700,1610,0,0,0,0,31172,0,5,0,0,0,0,31360,5
7,3072959373,3794,0,0,0,0,83487450,83594650,1558,0,0,0,0,31172,0,5,0,0,0,0,31360,5
8,1782884746,3795,0,0,0,0,100207800,100316250,3180,0,0,0,0,31172,0,5,0,0,0,0,31360,5
9,30296781,3796,0,0,0,0,83490750,83595100,1531,0,0,0,0,31492,0,5,0,0,0,0,31680,5
10,4026418858,3797,0,0,0,0,83493050,83597650,1542,0,0,0,0,31492,0,5,0,0,0,0,31680,5
11,2084929051,3798,0,0,0,0,83103550,83598850,1418,0,0,0,0,31492,0,5,0,0,0,0,31680,5
12,3114489770,3799,0,0,0,0,83483850,83592400,1434,0,0,0,0,31172,0,5,0,0,0,0,31360,5
13,891400471,3800,0,0,0,0,83489700,83600200,1450,0,0,0,0,31172,0,5,0,0,0,0,31360,5
14,3472773456,3801,0,0,0,0,83487000,83593200,1180,0,0,0,0,31172,0,5,0,0,0,0,31360,5
15,3010688243,3802,0,0,0,0,83494950,83598300,1554,0,0,0,0,31172,0,5,0,0,0,0,31360,5
16,2819524756,3803,0,0,0,0,83484800,83595650,1521,0,0,0,0,31172,0,5,0,0,0,0,31360,5
17,3241678401,3804,0,0,0,0,82735200,83595650,1347,0,0,0,0,31172,0,5,0,0,0,0,31360,5
18,2154316504,3805,0,0,0,0,83488400,83597600,1605,0,0,0,0,31172,0,5,0,0,0,0,31360,5
19,772262681,3806,0,0,0,0,83500300,83610150,1530,0,0,0,0,31172,0,5,0,0,0,0,31360,5
20,3882818750,3807,0,0,0,0,100197400,100303950,2635,0,0,0,0,31172,0,5,0,0,0,0,31360,5
21,521131153,3808,0,0,0,0,83580200,83687750,1529,0,0,0,0,31172,0,5,0,0,0,0,31360,5
22,1838187414,3809,0,0,0,0,83399100,83504000,1575,0,0,0,0,31172,0,5,0,0,0,0,31360,5
23,840574439,3810,0,0,0,0,83486350,83593050,1480,0,0,0,0,31172,0,5,0,0,0,0,31360,5
24,2879461878,3811,0,0,0,0,83488500,83596400,1414,0,0,0,0,31172,0,5,0,0,0,0,31360,5
25,202086035,3812,0,0,0,0,83494100,83600300,1460,0,0,0,0,31172,0,5,0,0,0,0,31360,5
26,959703924,3813,0,0,0,0,83487500,83594400,1154,0,0,0,0,31172,0,5,0,0,0,0,31360,5
27,3795724423,3814,0,0,0,0,83493700,83596500,1530,0,0,0,0,31172,0,5,0,0,0,0,31360,5
28,2500539904,3815,0,0,0,0,83488750,83598600,1726,0,0,0,0,31172,0,5,0,0,0,0,31360,5
29,2269000541,3816,0,0,0,0,83483950,83593400,1673,0,0,0,0,31172,0,5,0,0,0,0,31360,5
30,1900681108,3817,0,0,0,0,83487100,83597100,1587,0,0,0,0,31172,0,5,0,0,0,0,31360,5
31,3680168245,3818,0,0,0,0,83763750,83868500,1530,0,0,0,0,31172,0,5,0,0,0,0,31360,5
32,2344329490,3819,0,0,0,0,99937300,100043350,2980,0,0,0,0,31172,0,5,0,0,0,0,31360,5
33,2130650181,3820,0,0,0,0,83710950,83815150,1505,0,0,0,0,31492,0,5,0,0,0,0,31680,5
34,906966818,3821,0,0,0,0,83272300,83377350,1476,0,0,0,0,31492,0,5,0,0,0,0,31680,5
35,3939376531,3822,0,0,0,0,83492650,83598250,1437,0,0,0,0,31492,0,5,0,0,0,0,31680,5
36,2110688546,3823,0,0,0,0,83493150,83597700,1338,0,0,0,0,31172,0,5,0,0,0,0,31360,5
37,2695523007,3824,0,0,0,0,83490450,83594900,1527,0,0,0,0,31172,0,5,0,0,0,0,31360,5
38,744447992,3825,0,0,0,0,83493900,83594650,1125,0,0,0,0,31172,0,5,0,0,0,0,31360,5
39,3728640411,3826,0,0,0,0,83491000,83596600,1620,0,0,0,0,31172,0,5,0,0,0,0,31360,5
40,618879740,3827,0,0,0,0,83492200,83598100,1739,0,0,0,0,31172,0,5,0,0,0,0,31360,5
41,1239708057,3828,0,0,0,0,82743750,83593850,1159,0,0,0,0,31172,0,5,0,0,0,0,31360,5
42,2429742208,3829,0,0,0,0,83499600,83599900,1536,0,0,0,0,31172,0,5,0,0,0,0,31360,5
43,412095716,3830,0,0,0,0,83747000,83852900,1528,0,0,0,0,31172,0,5,0,0,0,0,31360,5
44,1226741467,3831,0,0,0,0,99953900,100059950,2500,0,0,0,0,31172,0,5,0,0,0,0,31360,5
45,3288446148,3832,0,0,0,0,83836350,83944200,1546,0,0,0,0,31172,0,5,0,0,0,0,31360,5
46,1157984843,3833,0,0,0,0,83138900,83245700,1457,0,0,0,0,31172,0,5,0,0,0,0,31360,5
47,3877288378,3834,0,0,0,0,83494550,83597700,1456,0,0,0,0,31172,0,5,0,0,0,0,31360,5
48,4236526315,3835,0,0,0,0,83493300,83598300,1377,0,0,0,0,31172,0,5,0,0,0,0,31360,5
49,533834014,3836,0,0,0,0,83485750,83591800,1483,0,0,0,0,31172,0,5,0,0,0,0,31360,5
50,1649361089,3837,0,0,0,0,83491550,83596850,1411,0,0,0,0,31172,0,5,0,0,0,0,31360,5
51,2486981906,3838,0,0,0,0,83495350,83597700,1503,0,0,0,0,31172,0,5,0,0,0,0,31360,5
52,1706075277,3839,0,0,0,0,83491650,83597800,1709,0,0,0,0,31172,0,5,0,0,0,0,31360,5
53,267972368,3840,0,0,0,0,83484850,83594900,1591,0,0,0,0,31172,0,5,0,0,0,0,31360,5
54,3895401273,3841,0,0,0,0,83488600,83595150,1541,0,0,0,0,31172,0,5,0,0,0,0,31360,5
55,605985656,3842,0,0,0,0,83496150,83598450,1581,0,0,0,0,31172,0,5,0,0,0,0,31360,5
56,4077673024,3843,0,0,0,0,99899500,100383000,2777,0,0,0,0,30852,0,5,0,0,0,0,31040,5
57,985632231,3844,0,0,0,0,83416100,83528800,1583,0,0,0,0,30852,0,5,0,0,0,0,31040,5
58,3720590956,3845,0,0,0,0,83068400,83596600,1465,0,0,0,0,30852,0,5,0,0,0,0,31040,5
59,3264032585,3846,0,0,0,0,83490150,83595200,1480,0,0,0,0,30852,0,5,0,0,0,0,31040,5
60,395405688,3847,0,0,0,0,83491850,83598700,1379,0,0,0,0,30852,0,5,0,0,0,0,31040,5
61,32142420,3848,0,0,0,0,83487100,83594450,1580,0,0,0,0,30852,0,5,0,0,0,0,31040,5
62,1187067055,3849,0,0,0,0,83489750,83597650,1308,0,0,0,0,30852,0,5,0,0,0,0,31040,5
63,459140908,3850,0,0,0,0,83486000,83594000,1567,0,0,0,0,30852,0,5,0,0,0,0,31040,5
64,3369786495,3851,0,0,0,0,82755550,83600550,1360,0,0,0,0,30852,0,5,0,0,0,0,31040,5
65,1572434254,3852,0,0,0,0,83481900,83592650,1592,0,0,0,0,30852,0,5,0,0,0,0,31040,5
66,4107798823,3853,0,0,0,0,83587300,83693750,1568,0,0,0,0,30852,0,5,0,0,0,0,31040,5
67,343968250,3854,0,0,0,0,83395550,83501650,1626,0,0,0,0,30852,0,5,0,0,0,0,31040,5
68,3102454017,3855,0,0,0,0,100397100,100503550,2809,0,0,0,0,30852,0,5,0,0,0,0,31040,5
69,3051095563,3856,0,0,0,0,83296050,83407300,1571,0,0,0,0,30852,0,5,0,0,0,0,31040,5
70,2391331016,3857,0,0,0,0,83492250,83597450,1472,0,0,0,0,30852,0,5,0,0,0,0,31040,5
71,3869016117,3858,0,0,0,0,83491350,83596150,1463,0,0,0,0,30852,0,5,0,0,0,0,31040,5
72,1579800804,3859,0,0,0,0,83492900,83597700,1644,0,0,0,0,30852,0,5,0,0,0,0,31040,5
73,2792341157,3860,0,0,0,0,83485400,83593250,1371,0,0,0,0,30852,0,5,0,0,0,0,31040,5
74,714702942,3861,0,0,0,0,83496900,83600000,1210,0,0,0,0,30852,0,5,0,0,0,0,31040,5
75,1092538936,3862,0,0,0,0,83486000,83596750,1525,0,0,0,0,30852,0,5,0,0,0,0,31040,5
76,1561271239,3863,0,0,0,0,83485350,83596550,1652,0,0,0,0,31172,0,5,0,0,0,0,31360,5
77,3798074098,3864,0,0,0,0,83488100,83594950,1573,0,0,0,0,31172,0,5,0,0,0,0,31360,5
78,3022639071,3865,0,0,0,0,83716150,83821350,1559,0,0,0,0,31172,0,5,0,0,0,0,31360,5
79,2282770062,3866,0,0,0,0,83266250,83369300,1570,0,0,0,0,30852,0,5,0,0,0,0,31040,5
80,1626512457,3867,0,0,0,0,100524150,100629900,2889,0,0,0,0,30852,0,5,0,0,0,0,31040,5
81,3156888026,3868,0,0,0,0,83166550,83284000,1564,0,0,0,0,30852,0,5,0,0,0,0,31040,5
82,3038824309,3869,0,0,0,0,83489200,83595700,1411,0,0,0,0,30852,0,5,0,0,0,0,31040,5
83,1261846460,3870,0,0,0,0,83491150,83597800,1446,0,0,0,0,30852,0,5,0,0,0,0,31040,5
84,2035201521,3871,0,0,0,0,83489150,83594550,1651,0,0,0,0,30852,0,5,0,0,0,0,31040,5
85,2164446652,3872,0,0,0,0,83492300,83597150,1338,0,0,0,0,30852,0,5,0,0,0,0,31040,5
86,2017191835,3873,0,0,0,0,83494150,83600250,1378,0,0,0,0,30852,0,5,0,0,0,0,31040,5
87,3029138484,3874,0,0,0,0,82740650,83591900,1176,0,0,0,0,30852,0,5,0,0,0,0,31040,5
88,50355403,3875,0,0,0,0,83489900,83597450,1643,0,0,0,0,30852,0,5,0,0,0,0,31040,5
89,654213990,3876,0,0,0,0,83490050,83597700,1609,0,0,0,0,30852,0,5,0,0,0,0,31040,5
90,2360099787,3877,0,0,0,0,83835050,83940900,1574,0,0,0,0,30852,0,5,0,0,0,0,31040,5
91,2424818746,3878,0,0,0,0,83148400,83251850,1221,0,0,0,0,30852,0,5,0,0,0,0,31040,5
92,1971386461,3879,0,0,0,0,83482850,83595600,232,0,0,0,0,30852,0,5,0,0,0,0,31040,5
93,3386045126,3880,0,0,0,0,83489800,83594300,1271,0,0,0,0,30852,0,5,0,0,0,0,31040,5
94,1429641961,3881,0,0,0,0,83495350,83598450,1642,0,0,0,0,30852,0,5,0,0,0,0,31040,5
95,3022846880,3882,0,0,0,0,83493150,83596950,1339,0,0,0,0,30852,0,5,0,0,0,0,31040,5
96,1601897261,3883,0,0,0,0,83487300,83593900,1758,0,0,0,0,30852,0,5,0,0,0,0,31040,5
97,1229951528,3884,0,0,0,0,83489950,83596100,1705,0,0,0,0,30852,0,5,0,0,0,0,31040,5
98,4065171759,3885,0,0,0,0,83491900,83599800,1637,0,0,0,0,30852,0,5,0,0,0,0,31040,5
99,1034325744,3886,0,0,0,0,83485150,83593750,1211,0,0,0,0,30852,0,5,0,0,0,0,31040,5
100,14078671,3887,0,0,0,0,83490200,83596550,1555,0,0,0,0,31172,0,5,0,0,0,0,31360,5
101,4024270554,3888,0,0,0,0,83113950,83598450,1474,0,0,0,0,31172,0,5,0,0,0,0,31360,5
102,896191351,3889,0,0,0,0,83492550,83597250,1362,0,0,0,0,31172,0,5,0,0,0,0,31360,5
103,2131384102,3890,0,0,0,0,83489750,83593700,1453,0,0,0,0,30852,0,5,0,0,0,0,31040,5
104,2586210593,3891,0,0,0,0,86970200,87077800,1104,0,0,0,0,30852,0,5,0,0,0,0,31040,5
105,591918370,3892,0,0,0,0,79995750,80115950,305,0,0,0,0,30852,0,5,0,0,0,0,31040,5
106,8814317,3893,0,0,0,0,83487900,83596050,1747,0,0,0,0,30852,0,5,0,0,0,0,31040,5
107,2340504196,3894,0,0,0,0,83490450,83596600,1697,0,0,0,0,30852,0,5,0,0,0,0,31040,5
108,3523076009,3895,0,0,0,0,83489500,83596250,1646,0,0,0,0,30852,0,5,0,0,0,0,31040,5
109,1961669028,3896,0,0,0,0,83644550,83750550,1602,0,0,0,0,30852,0,5,0,0,0,0,31040,5
110,1037581603,3897,0,0,0,0,83339250,83445000,1588,0,0,0,0,30852,0,5,0,0,0,0,31040,5
111,2701024588,3898,0,0,0,0,82353400,83595450,877,0,0,0,0,30852,0,5,0,0,0,0,31040,5
112,215037203,3899,0,0,0,0,83485300,83594850,1433,0,0,0,0,30852,0,5,0,0,0,0,31040,5
113,3696282862,3900,0,0,0,0,83488250,83595900,1494,0,0,0,0,30852,0,5,0,0,0,0,31040,5
114,2829142928,3901,0,0,0,0,83494550,83599350,1604,0,0,0,0,30852,0,5,0,0,0,0,31040,5
115,3204762949,3902,0,0,0,0,83487200,83594800,1542,0,0,0,0,30852,0,5,0,0,0,0,31040,5
116,3297489190,3903,0,0,0,0,83488750,83597750,1773,0,0,0,0,30852,0,5,0,0,0,0,31040,5
117,1691704917,3904,0,0,0,0,100210200,100314300,2656,0,0,0,0,30852,0,5,0,0,0,0,31040,5
118,663957814,3905,0,0,0,0,83490150,83594450,1757,0,0,0,0,30852,0,5,0,0,0,0,31040,5
119,3058583827,3906,0,0,0,0,83491750,83598900,1575,0,0,0,0,30852,0,5,0,0,0,0,31040,5
120,838545270,3907,0,0,0,0,83486200,83597750,1627,0,0,0,0,30852,0,5,0,0,0,0,31040,5
121,3608912039,3908,0,0,0,0,83625900,83731600,1615,0,0,0,0,30852,0,5,0,0,0,0,31040,5
122,4080159716,3909,0,0,0,0,83356000,83458300,1540,0,0,0,0,30852,0,5,0,0,0,0,31040,5
123,1056027075,3910,0,0,0,0,100438650,100542400,2295,0,0,0,0,30852,0,5,0,0,0,0,31040,5
124,4057021248,3911,0,0,0,0,83262750,83370900,1479,0,0,0,0,31172,0,5,0,0,0,0,31360,5
125,2686741161,3912,0,0,0,0,83488550,83594950,1461,0,0,0,0,31172,0,5,0,0,0,0,31360,5
126,3870849660,3913,0,0,0,0,83491200,83596350,1459,0,0,0,0,31172,0,5,0,0,0,0,31360,5
127,293449641,3914,0,0,0,0,83490600,83595600,1370,0,0,0,0,30852,0,5,0,0,0,0,31040,5
128,596064266,3915,0,0,0,0,83490000,83597050,1554,0,0,0,0,30852,0,5,0,0,0,0,31040,5
129,3715495249,3916,0,0,0,0,100205400,100315700,2796,0,0,0,0,30852,0,5,0,0,0,0,31040,5
130,244680018,3917,0,0,0,0,83493150,83597850,1566,0,0,0,0,30852,0,5,0,0,0,0,31040,5
131,4080661783,3918,0,0,0,0,83492000,83597800,1733,0,0,0,0,30852,0,5,0,0,0,0,31040,5
132,4006730450,3919,0,0,0,0,83485000,83594500,1713,0,0,0,0,30852,0,5,0,0,0,0,31040,5
133,3864584507,3920,0,0,0,0,83487250,83597650,1629,0,0,0,0,30852,0,5,0,0,0,0,31040,5
134,2711027320,3921,0,0,0,0,82751700,83597700,1508,0,0,0,0,30852,0,5,0,0,0,0,31040,5
135,4099079087,3922,0,0,0,0,83843950,83948700,1369,0,0,0,0,30852,0,5,0,0,0,0,31040,5
136,565333772,3923,0,0,0,0,83135900,83241800,1468,0,0,0,0,30852,0,5,0,0,0,0,31040,5
137,1028518269,3924,0,0,0,0,83485200,83595450,1493,0,0,0,0,30852,0,5,0,0,0,0,31040,5
138,2252688136,3925,0,0,0,0,83495000,83596000,1449,0,0,0,0,30852,0,5,0,0,0,0,31040,5
139,578597309,3926,0,0,0,0,83494650,83597350,1178,0,0,0,0,30852,0,5,0,0,0,0,31040,5
140,3624439358,3927,0,0,0,0,83492850,83599500,1585,0,0,0,0,30852,0,5,0,0,0,0,31040,5
141,3514067501,3928,0,0,0,0,100205100,100312850,2884,0,0,0,0,30852,0,5,0,0,0,0,31040,5
142,2741972910,3929,0,0,0,0,83489100,83595150,1538,0,0,0,0,30852,0,5,0,0,0,0,31040,5
143,28497579,3930,0,0,0,0,83490800,83597350,1771,0,0,0,0,30852,0,5,0,0,0,0,31040,5
144,466729326,3931,0,0,0,0,83488750,83595600,1685,0,0,0,0,30852,0,5,0,0,0,0,31040,5
145,3425349295,3932,0,0,0,0,83492850,83599100,1633,0,0,0,0,30852,0,5,0,0,0,0,31040,5
146,1537640620,3933,0,0,0,0,83563100,83667300,1530,0,0,0,0,30852,0,5,0,0,0,0,31040,5
147,1853842891,3934,0,0,0,0,83420100,83523000,1187,0,0,0,0,30852,0,5,0,0,0,0,31040,5
148,1177024904,3935,0,0,0,0,83073550,83600600,1513,0,0,0,0,31172,0,5,0,0,0,0,31360,5
149,4106734849,3936,0,0,0,0,83490300,83596550,1388,0,0,0,0,31172,0,5,0,0,0,0,31360,5
150,2025356500,3937,0,0,0,0,83490800,83595500,1451,0,0,0,0,31172,0,5,0,0,0,0,31360,5
151,2189605121,3938,0,0,0,0,83489300,83595250,1433,0,0,0,0,30852,0,5,0,0,0,0,31040,5
152,4086136290,3939,0,0,0,0,83492450,83598300,1569,0,0,0,0,30852,0,5,0,0,0,0,31040,5
153,4036669705,3940,0,0,0,0,100206800,100315950,2676,0,0,0,0,30852,0,5,0,0,0,0,31040,5
154,4167980074,3941,0,0,0,0,83482700,83591950,1656,0,0,0,0,30852,0,5,0,0,0,0,31040,5
155,51187407,3942,0,0,0,0,83491300,83597200,1741,0,0,0,0,30852,0,5,0,0,0,0,31040,5
156,2242638442,3943,0,0,0,0,83489350,83597050,1626,0,0,0,0,30852,0,5,0,0,0,0,31040,5
157,2730108163,3944,0,0,0,0,82733250,83597600,1569,0,0,0,0,30852,0,5,0,0,0,0,31040,5
158,2718743917,3945,0,0,0,0,83811900,83919100,1514,0,0,0,0,30852,0,5,0,0,0,0,31040,5
159,3391709842,3946,0,0,0,0,83164950,83273200,1298,0,0,0,0,30852,0,5,0,0,0,0,31040,5
160,1164604273,3947,0,0,0,0,83491250,83596650,1502,0,0,0,0,30852,0,5,0,0,0,0,31040,5
161,2148591176,3948,0,0,0,0,83490050,83594800,1404,0,0,0,0,30852,0,5,0,0,0,0,31040,5
162,4192737573,3949,0,0,0,0,83494200,83599300,1682,0,0,0,0,30852,0,5,0,0,0,0,31040,5
163,535584840,3950,0,0,0,0,83487950,83593550,1519,0,0,0,0,30852,0,5,0,0,0,0,31040,5
164,3430794475,3951,0,0,0,0,83484000,83596000,1797,0,0,0,0,30852,0,5,0,0,0,0,31040,5
165,776323552,3952,0,0,0,0,100212200,100318300,2874,0,0,0,0,30852,0,5,0,0,0,0,31040,5
166,3330991427,3953,0,0,0,0,83491850,83596600,1501,0,0,0,0,30852,0,5,0,0,0,0,31040,5
167,3282074430,3954,0,0,0,0,83489000,83595250,1684,0,0,0,0,30852,0,5,0,0,0,0,31040,5
168,2597814595,3955,0,0,0,0,83489900,83596150,1637,0,0,0,0,30852,0,5,0,0,0,0,31040,5
169,2225601370,3956,0,0,0,0,83490700,83597700,1585,0,0,0,0,30852,0,5,0,0,0,0,31040,5
170,3716853465,3957,0,0,0,0,83951200,84056050,1626,0,0,0,0,30852,0,5,0,0,0,0,31040,5
171,1080675697,3958,0,0,0,0,83030000,83136250,1450,0,0,0,0,30212,0,5,0,0,0,0,30400,5
172,219920238,3959,0,0,0,0,83491350,83597150,1817,0,0,0,0,30212,0,5,0,0,0,0,30400,5
173,3070385651,3960,0,0,0,0,83486250,83593900,1770,0,0,0,0,30212,0,5,0,0,0,0,30400,5
174,2609556270,3961,0,0,0,0,83492600,83599950,1977,0,0,0,0,30212,0,5,0,0,0,0,30400,5
175,141401383,3962,0,0,0,0,83488300,83593500,1862,0,0,0,0,30212,0,5,0,0,0,0,30400,5
176,3034105280,3963,0,0,0,0,83492750,83598900,1801,0,0,0,0,30212,0,5,0,0,0,0,30400,5
177,3029196371,3964,0,0,0,0,83490600,83594600,146,0,0,0,0,30212,0,5,0,0,0,0,30400,5
178,699378668,3965,0,0,0,0,83491650,83597850,1731,0,0,0,0,30212,0,5,0,0,0,0,30400,5
179,2402609405,3966,0,0,0,0,83488150,83594050,1696,0,0,0,0,30212,0,5,0,0,0,0,30400,5
CSV_END

STUDY_DONE_3e601347303a=0
# 