/tmp/app --transport unrolled --state-frame 1800 --frames 180 --warmup 30 --wait spin --profile detailed --csv /tmp/transport-frames.csv && printf "CSV_BEGIN\n" && cat /tmp/transport-frames.csv && printf "CSV_END\n"; study_status=$?; printf "\nSTUDY_DONE_f0706d649671=%s\n" "$study_status"
TRANSPORT mode=unrolled dma_minimum=64
BEGIN_BREAKOUT frames=180 warmup=30 fixed=0 blocks=40 tiles=1 hud=1 wait=spin replay=0 state_frame=1800 profile=detailed pixel_centers=1 clock_call_ns=5942
HW_COUNTERS unavailable
RESULT frames=180 elapsed_s=9.245722900 fps=19.468461 logic_ms=0.896334 api_ms=16.566028 swap_ms=30.682214 wait_ms=3.056261 worker_inclusive_ms=30.477154 upload_inclusive_ms=5.563588 write_ms=5.347129 bytes_per_frame=24140.89 p50_ms=50.158250 p95_ms=66.333250 max_ms=67.572800 late_60hz=180 first_count=20421 last_count=20600 state_hash=1022e19f remaining=21 score=190
RENDER_PATH retained=0 grouped=0 quads=10250 full_frames=180
BREAKOUT_PASS
CSV_BEGIN
frame,state_hash,display_count,logic_ns,api_ns,swap_ns,wait_ns,total_ns,completion_interval_ns,polls,worker_inclusive_ns,upload_inclusive_ns,write_ns,read_ns,write_bytes,read_bytes,write_calls,read_calls,dma_copy_ns,dma_launch_ns,dma_completion_wait_ns,dma_bytes,dma_lists
0,2110160739,20421,776300,16349850,30932950,2047850,50106950,50117700,432,30746200,5904300,5700150,0,24452,0,5,0,0,0,0,0,0
1,1693181783,20422,1475600,16451350,31370700,757050,50054700,50154950,155,31184500,6069650,5856050,0,24452,0,5,0,0,0,0,0,0
2,802378003,20423,759250,16494400,30703450,2094800,50051900,50158850,442,30506450,4980950,4794750,0,24452,0,5,0,0,0,0,0,0
3,773631361,20424,777200,16477550,31318950,875350,49449050,50158100,181,31139500,6032750,5826050,0,24452,0,5,0,0,0,0,0,0
4,3600043099,20425,756800,16395650,32012300,1629700,50794450,50907350,128,31818200,6095700,5868950,0,24452,0,5,0,0,0,0,0,0
5,1618316913,20426,805150,16890300,31104650,16493600,65293700,66129250,3178,30918650,5096200,4893700,0,24452,0,5,0,0,0,0,0,0
6,201713393,20427,1406200,16178000,30640800,1824950,50049950,50159250,261,30450150,5468300,5275550,0,24452,0,5,0,0,0,0,0,0
7,2011502881,20428,775150,16422150,33137000,17127450,67461750,67572800,3117,32962450,5451050,5252500,0,24452,0,5,0,0,0,0,0,0
8,3125474025,20429,779850,24400500,31154800,9731700,66066850,66180200,1864,30973450,5756000,5554750,0,24452,0,5,0,0,0,0,0,0
9,1342287211,20430,769400,16799700,30659200,1821150,50049450,50157800,258,30475300,5588200,5383300,0,24452,0,5,0,0,0,0,0,0
10,3857196809,20431,761200,16338850,30867850,2079350,50047250,50156850,440,30683350,5914050,5704800,0,24452,0,5,0,0,0,0,0,0
11,2240049260,20432,1495600,16157750,30262550,2139850,50055750,50160550,302,30080300,5432850,5228300,0,24132,0,5,0,0,0,0,0,0
12,1815897908,20433,755300,16160650,30662250,2467750,50045950,50155100,523,30475900,5709350,5508750,0,24132,0,5,0,0,0,0,0,0
13,648884648,20434,1504750,16199500,30171150,2183150,50058550,50161450,336,29981700,5233950,5036750,0,24132,0,5,0,0,0,0,0,0
14,2931991803,20435,759000,16335550,30303650,2646500,50044700,50152600,561,30114050,5704950,5494300,0,24132,0,5,0,0,0,0,0,0
15,4227589206,20436,762000,16387300,30130950,2286000,49566250,50160550,357,29947000,5235700,5037100,0,24132,0,5,0,0,0,0,0,0
16,1986714807,20437,765250,16269100,30354750,2860350,50249450,50360500,499,30163000,4669100,4498500,0,24132,0,5,0,0,0,0,0,0
17,28333542,20438,764650,17903950,30091150,1084200,49843950,49954750,225,29896750,5442050,5214300,0,24132,0,5,0,0,0,0,0,0
18,842458438,20439,761350,16316400,30073200,2907450,50058400,50159450,505,29878700,4677300,4500000,0,24132,0,5,0,0,0,0,0,0
19,4035787358,20440,765650,16329700,30151650,2801550,50048550,50157300,468,29969300,5327650,5118750,0,24132,0,5,0,0,0,0,0,0
20,3966921526,20441,757400,16170900,31123550,1999450,50051300,50160650,305,30942700,5286650,5095850,0,24132,0,5,0,0,0,0,0,0
21,3331783808,20442,768650,16366800,30784000,2128250,50047700,50154100,450,30603450,6017050,5811150,0,24132,0,5,0,0,0,0,0,0
22,1855912102,20443,752550,15876400,30445450,2978950,50053350,50158250,514,30259400,4891600,4697950,0,24132,0,5,0,0,0,0,0,0
23,3437663592,20444,769800,16174800,30920000,2182950,50047550,50156300,462,30739200,5993350,5789150,0,24132,0,5,0,0,0,0,0,0
24,3162062844,20445,1452300,16175400,30525650,1899350,50052700,50160050,276,30336650,5277950,5090200,0,24132,0,5,0,0,0,0,0,0
25,1213835568,20446,772150,16201150,30506500,2564300,50044100,50153300,544,30328500,5701050,5495550,0,24132,0,5,0,0,0,0,0,0
26,4133797692,20447,1338950,16245750,30269050,2200250,50054000,50160350,341,30082300,5282550,5095000,0,24132,0,5,0,0,0,0,0,0
27,256876650,20448,766500,16165950,32724550,936150,50593150,50706350,68,32538600,5418550,5215050,0,24452,0,5,0,0,0,0,0,0
28,482917404,20449,791650,23359650,31525900,9812650,65489850,66333250,1915,31339750,6019050,5808250,0,24452,0,5,0,0,0,0,0,0
29,1264633954,20450,769150,16121400,30393550,2762750,50046850,50156600,471,29479050,4890750,4694600,0,24132,0,5,0,0,0,0,0,0
30,3606135978,20451,759650,16326900,30700500,2262000,50049050,50156100,479,30516900,5993600,5794850,0,24132,0,5,0,0,0,0,0,0
31,2630115922,20452,1459650,16163000,30194100,2236650,50053400,50159000,354,30011400,5390800,5192000,0,24132,0,5,0,0,0,0,0,0
32,3881483034,20453,765550,16145550,30838600,2295400,50045100,50154950,486,30655550,5680700,5471500,0,24132,0,5,0,0,0,0,0,0
33,2944919204,20454,1416100,16201800,30351400,2089200,50058500,50160800,318,30159800,5241450,5043350,0,24132,0,5,0,0,0,0,0,0
34,646532490,20455,765200,16127000,30442850,2710100,50045150,50152950,575,30253000,5669500,5472350,0,24132,0,5,0,0,0,0,0,0
35,2877853796,20456,1328400,16132250,30330500,2266900,50058050,50161200,353,30148900,5194650,4992750,0,24132,0,5,0,0,0,0,0,0
36,1922367648,20457,767300,16141750,30449450,3081700,50440200,50550600,531,30261600,5708200,5500400,0,24132,0,5,0,0,0,0,0,0
37,1795563108,20458,777350,17679550,30213150,986600,49656650,49762800,204,30031000,5395000,5166400,0,24132,0,5,0,0,0,0,0,0
38,214631552,20459,765700,16165650,30106500,3024850,50062700,50163900,537,29919750,4643000,4467700,0,24132,0,5,0,0,0,0,0,0
39,1929726190,20460,771900,16181650,30220900,2875000,50049450,50156550,484,30037100,5197100,4998000,0,24132,0,5,0,0,0,0,0,0
40,1190506064,20461,764150,16036700,30345700,2901800,50048350,50155700,498,30154700,4761850,4569650,0,24132,0,5,0,0,0,0,0,0
41,3268351150,20462,768700,16535500,30951700,1791700,50047600,50154850,378,30765500,5971000,5762800,0,24132,0,5,0,0,0,0,0,0
42,118037070,20463,761100,15926500,30575800,2793100,50056500,50161200,476,30388950,4950850,4761250,0,24132,0,5,0,0,0,0,0,0
43,1955195062,20464,769150,16190900,30924650,2166100,50050800,50157750,458,30745550,5984950,5781300,0,24132,0,5,0,0,0,0,0,0
44,1797432467,20465,1474050,16018000,30340000,2220850,50052900,50159900,349,30157400,5408350,5217500,0,24132,0,5,0,0,0,0,0,0
45,1035442557,20466,783550,16453450,30514050,2294500,50045550,50154450,486,30332950,5808550,5593300,0,24132,0,5,0,0,0,0,0,0
46,2267612867,20467,1383400,16182100,30289250,2198850,50053600,50160650,341,30096500,5519450,5325000,0,24132,0,5,0,0,0,0,0,0
47,1217717069,20468,779050,16222150,32844700,194200,50040100,50154400,35,32660050,5326500,5124400,0,24132,0,5,0,0,0,0,0,0
48,1461268009,20469,765400,23957700,30211150,11200700,66134950,66880950,2111,30024750,5180000,4990100,0,24132,0,5,0,0,0,0,0,0
49,2370304197,20470,779600,17074200,30255350,1935750,50044900,50157550,290,30067750,5279550,4279200,0,24132,0,5,0,0,0,0,0,0
50,655561417,20471,765400,16110000,30939650,2229450,50044500,50155300,472,30750400,5993250,5795550,0,24132,0,5,0,0,0,0,0,0
51,524675839,20472,1625000,16249800,31081650,356850,49313300,50157350,69,30896300,6007450,5808950,0,24452,0,5,0,0,0,0,0,0
52,1155835041,20473,771650,16222550,30796200,2258900,50049300,50157100,478,30605800,5832800,5621950,0,24452,0,5,0,0,0,0,0,0
53,214853719,20474,1466450,16544750,30262400,1785200,50058800,50163450,249,30078200,5209300,4994700,0,24132,0,5,0,0,0,0,0,0
54,3035389575,20475,771150,16113850,30644450,2513900,50043350,50150700,533,30456550,5976950,5772150,0,24132,0,5,0,0,0,0,0,0
55,1549109231,20476,1328250,16264650,30301650,2164550,50059100,50165450,329,30110150,5329200,5120100,0,24132,0,5,0,0,0,0,0,0
56,66132623,20477,762950,16136650,30450350,3140650,50490600,50599550,559,30261400,5801800,5599850,0,24132,0,5,0,0,0,0,0,0
57,3504604473,20478,768800,16509350,32583050,16463050,66324250,66432100,3167,32406600,5008250,4808800,0,24132,0,5,0,0,0,0,0,0
58,1691498415,20479,774850,15898150,30330100,3049950,50053050,50158800,529,30137200,4676250,4487650,0,24132,0,5,0,0,0,0,0,0
59,4055346753,20480,768050,16138900,30973250,2166200,50046400,50156600,458,30791300,5966950,5762700,0,24132,0,5,0,0,0,0,0,0
60,4185240021,20481,1473000,16022550,30325100,2231750,50052400,50160300,352,30143300,5417950,5219850,0,24132,0,5,0,0,0,0,0,0
61,380494641,20482,771850,16524150,30492750,2258500,50047250,50155150,478,30307250,5649500,5436050,0,24132,0,5,0,0,0,0,0,0
62,648826037,20483,1400350,16137900,30325200,2188350,50051800,50157600,339,30141450,5407600,5217800,0,24132,0,5,0,0,0,0,0,0
63,457329003,20484,770000,16156000,30512750,2607550,50046300,50155500,553,30330400,5814700,5607550,0,24132,0,5,0,0,0,0,0,0
64,3359035981,20485,1313200,16171850,30375300,2194100,50054450,50163800,337,30188700,5518350,5326250,0,24132,0,5,0,0,0,0,0,0
65,1526400123,20486,775250,16454450,30120400,2994900,50345000,50450650,530,29930250,5534400,5312100,0,24132,0,5,0,0,0,0,0,0
66,1691524227,20487,764500,16145850,30126800,2718700,49755850,49864600,423,29932800,5187250,5005400,0,24132,0,5,0,0,0,0,0,0
67,1475349003,20488,770950,18491750,36259400,11246100,66768200,66878100,2114,36074050,11375150,11098850,0,24132,0,5,0,0,0,0,0,0
68,485644907,20489,776800,16119300,30866200,2281550,50043850,50153400,483,30678000,5985650,5778600,0,24132,0,5,0,0,0,0,0,0
69,1050479637,20490,1499600,16497300,30311850,1745350,50054100,50160300,241,30120300,5199650,4998150,0,24132,0,5,0,0,0,0,0,0
70,3204525547,20491,768500,16125450,30606400,2547300,50047650,50156200,540,30420500,5825400,5617300,0,24132,0,5,0,0,0,0,0,0
71,4185398997,20492,1353300,16208250,30241700,2248750,50052000,50159400,350,30055450,5203550,5002000,0,24132,0,5,0,0,0,0,0,0
72,3094072225,20493,768550,16172250,30309250,3266800,50516850,50628950,589,30121550,5696400,5487200,0,24132,0,5,0,0,0,0,0,0
73,1835371693,20494,769500,16568550,30902650,1336850,49577550,49684100,280,30723800,6082250,5872000,0,24132,0,5,0,0,0,0,0,0
74,2168771505,20495,755600,16130050,30231500,3091050,50208200,50316150,551,30040350,5727800,5512350,0,24132,0,5,0,0,0,0,0,0
75,4059398759,20496,807350,16361600,30802900,1159250,49131100,50000150,242,30613200,5990300,5767900,0,24452,0,5,0,0,0,0,0,0
76,644479865,20497,752450,16120350,30072550,3104350,50049700,50160400,522,29891600,4669350,4489200,0,24452,0,5,0,0,0,0,0,0
77,1914197423,20498,768400,17717250,30766200,795600,50047450,50154850,164,30580500,4783850,4591850,0,24132,0,5,0,0,0,0,0,0
78,430804047,20499,756800,16279750,30372600,2641150,50050300,50159800,443,29463050,4905400,4713200,0,24132,0,5,0,0,0,0,0,0
79,3866048775,20500,782900,16352900,30838850,2071000,50045650,50154650,438,30656250,5999900,5795250,0,24132,0,5,0,0,0,0,0,0
80,7140231,20501,757900,16847300,29790400,2660100,50055700,50162500,445,29602200,5063050,4875950,0,24132,0,5,0,0,0,0,0,0
81,1511961547,20502,773550,16369450,30695100,2209700,50047800,50155250,468,30514450,5702400,5500450,0,24132,0,5,0,0,0,0,0,0
82,376629139,20503,1443150,17894500,30383500,329150,50050300,50157400,63,30190700,5457850,5247950,0,24132,0,5,0,0,0,0,0,0
83,1861594235,20504,762250,16357350,30355550,2579550,50054700,50158950,547,30172550,5701200,5489850,0,24132,0,5,0,0,0,0,0,0
84,1702339483,20505,1333300,16386550,30038500,2289050,50047400,50157150,359,29855050,5229500,5039600,0,24132,0,5,0,0,0,0,0,0
85,966101579,20506,767900,16319500,30400400,2990000,50477800,50585550,529,30214900,4669600,4483000,0,24132,0,5,0,0,0,0,0,0
86,2786182811,20507,761800,16312200,30057850,2493450,49625300,49732800,401,29868700,5229100,5040750,0,24132,0,5,0,0,0,0,0,0
87,3655782539,20508,772950,16192650,32351750,1443350,50760700,50868250,66,32164800,5226500,5018050,0,24132,0,5,0,0,0,0,0,0
88,3735461922,20509,773400,23652900,30010750,11613300,66050350,66167350,2196,29826400,5228600,5042800,0,24132,0,5,0,0,0,0,0,0
89,270833838,20510,1433200,16309550,30518700,1785250,50046700,50154850,252,30323050,5259650,5060550,0,24132,0,5,0,0,0,0,0,0
90,930095294,20511,763250,16288100,30700500,2298450,50050300,50158300,487,30507900,6018100,5814850,0,24132,0,5,0,0,0,0,0,0
91,1273808962,20512,1413050,16378600,30284500,1978750,50054900,50159000,293,30096050,5428150,5223450,0,24132,0,5,0,0,0,0,0,0
92,1953673858,20513,753750,16333250,30294850,2662900,50044750,50155400,565,30113400,5718850,5512500,0,24132,0,5,0,0,0,0,0,0
93,4057475070,20514,775200,16343100,31215650,1179100,49513050,50158350,246,31030100,6020700,5808200,0,24132,0,5,0,0,0,0,0,0
94,3372198854,20515,754850,16324150,30171350,3094250,50344600,50446200,550,29980000,5624250,5418300,0,24132,0,5,0,0,0,0,0,0
95,2335202154,20516,770000,16342850,30093850,2559550,49766250,49872950,414,29910250,5246750,5040500,0,24132,0,5,0,0,0,0,0,0
96,2170853250,20517,754100,16126750,30087050,3074850,50042750,50154500,545,29905450,5430900,5221600,0,24132,0,5,0,0,0,0,0,0
97,1829955022,20518,764100,18024450,31181450,16796050,66766050,66876950,3237,30996050,5064200,4863600,0,24132,0,5,0,0,0,0,0,0
98,1856045454,20519,820850,16444750,30803050,519150,48587800,50157450,104,30613850,6051150,5848050,0,24132,0,5,0,0,0,0,0,0
99,2544683154,20520,757500,16360550,30424100,2509750,50051900,50158000,532,30240350,5722150,5513500,0,24452,0,5,0,0,0,0,0,0
100,1531444578,20521,1338000,16391900,30099100,2223950,50052950,50160250,343,29916000,5233650,5044900,0,24452,0,5,0,0,0,0,0,0
101,1139277022,20522,772400,16306300,30335400,3093350,50507450,50615900,551,30150750,5399950,5188800,0,24132,0,5,0,0,0,0,0,0
102,2614530982,20523,759550,16353800,30001650,2476250,49591250,49699800,398,29818350,5196900,5004000,0,24132,0,5,0,0,0,0,0,0
103,464765994,20524,765850,16329750,30038050,3056300,50189950,50301350,543,29849850,5404700,5191000,0,24132,0,5,0,0,0,0,0,0
104,1592019490,20525,756950,16336100,29951250,2859350,49903650,50012400,481,29764000,5198000,5003200,0,24132,0,5,0,0,0,0,0,0
105,66207950,20526,767700,16132200,31040650,2109900,50050450,50158250,329,30854750,5022150,4826350,0,24132,0,5,0,0,0,0,0,0
106,2639428798,20527,754450,16147150,30176400,2969550,50047550,50157000,505,29993750,5210200,5013100,0,24132,0,5,0,0,0,0,0,0
107,1495915330,20528,779850,18491500,38456400,9041550,66769300,66878200,1761,37693550,5350200,4313050,0,24132,0,5,0,0,0,0,0,0
108,4079891938,20529,772150,16342800,30266600,2663500,50045050,50154000,565,30074250,5679550,5466550,0,24132,0,5,0,0,0,0,0,0
109,1204987230,20530,1321350,16354950,31183300,1197800,50057400,50159600,250,31000100,5979600,5774400,0,24132,0,5,0,0,0,0,0,0
110,949029318,20531,750750,16317450,30110100,3188850,50367150,50469250,573,29920000,5584350,5368400,0,24132,0,5,0,0,0,0,0,0
111,2727127274,20532,764400,16398100,30019000,2561450,49742950,49849850,417,29837100,5209200,5001150,0,24132,0,5,0,0,0,0,0,0
112,2443393666,20533,757300,16242100,29923900,3124750,50048050,50157050,558,29728650,5403450,5182650,0,24132,0,5,0,0,0,0,0,0
113,434260526,20534,762750,16329550,31129900,1825400,50047600,50155000,385,30943650,5992100,5787400,0,24132,0,5,0,0,0,0,0,0
114,2637634158,20535,749650,16065800,30079350,3163400,50058200,50159500,562,29893850,4639900,4465100,0,24132,0,5,0,0,0,0,0,0
115,4248248050,20536,762950,16219450,31014100,2047200,50043700,50154200,433,30831200,6004750,5798300,0,24132,0,5,0,0,0,0,0,0
116,663154818,20537,750900,15943100,30274050,3795450,50763500,50868850,415,30084400,4625650,4431100,0,24132,0,5,0,0,0,0,0,0
117,1461428606,20538,796000,16272400,30440450,1818850,49327700,49447650,383,30256700,5685300,5449800,0,24132,0,5,0,0,0,0,0,0
118,3252362022,20539,1474500,16044100,30324350,2209300,50052250,50160400,348,30139200,5417150,5214500,0,24132,0,5,0,0,0,0,0,0
119,2423015338,20540,764400,16188050,30638500,2458750,50049700,50158000,521,30455200,5818900,5612000,0,24132,0,5,0,0,0,0,0,0
120,507309730,20541,1392150,16208200,30330600,2119950,50050900,50160150,325,30141450,5389800,5194300,0,24132,0,5,0,0,0,0,0,0
121,2882991293,20542,797950,16312750,30598150,1595800,49304650,50155700,337,30409050,4882650,4679900,0,24132,0,5,0,0,0,0,0,0
122,3682963569,20543,753050,16227450,30875300,1296300,49152100,50154350,271,30694600,5995250,5796800,0,24132,0,5,0,0,0,0,0,0
123,1404881069,20544,755850,16197150,30235900,3134950,50323850,50426550,560,30056500,5419150,5202750,0,24452,0,5,0,0,0,0,0,0
124,624513273,20545,755600,16188950,30242900,2598350,49785800,49893650,423,30060650,5214500,5019500,0,24452,0,5,0,0,0,0,0,0
125,484090933,20546,763300,16158750,30142550,2987500,50052100,50158100,527,29954400,4630850,4445950,0,24132,0,5,0,0,0,0,0,0
126,2330053545,20547,755550,16506400,30869550,1913700,50045200,50153100,404,30682500,6007850,5801350,0,24132,0,5,0,0,0,0,0,0
127,3891445269,20548,756200,18450000,37425850,10151850,66783900,66884000,1874,37241200,11800100,11532850,0,24132,0,5,0,0,0,0,0,0
128,1947616753,20549,761600,16130550,30643950,2508550,50044650,50154200,532,30457800,5830600,5630600,0,24132,0,5,0,0,0,0,0,0
129,965975981,20550,1325300,16275600,30304150,2152400,50057450,50162600,261,30116550,5201400,4989900,0,24132,0,5,0,0,0,0,0,0
130,2786931617,20551,758950,16133750,30417300,3172600,50482600,50594000,568,30227400,5663650,5459950,0,24132,0,5,0,0,0,0,0,0
131,4011087213,20552,763950,16207700,30241950,2394700,49608300,49719500,378,30055850,5222850,5019250,0,24132,0,5,0,0,0,0,0,0
132,3703868376,20553,761400,16083250,30153500,3176800,50174950,50284200,569,29960250,5440200,5221400,0,24132,0,5,0,0,0,0,0,0
133,212089708,20554,765750,16211300,30242950,2703400,49923400,50030550,446,30059150,5221950,5015850,0,24132,0,5,0,0,0,0,0,0
134,737348112,20555,760100,16401050,30522800,2369800,50053750,50159600,384,30332900,4909600,4718750,0,24132,0,5,0,0,0,0,0,0
135,1465149204,20556,762900,16198450,30954550,2126200,50042100,50153100,450,30777350,5956950,5754550,0,24132,0,5,0,0,0,0,0,0
136,3549792448,20557,750700,16021400,30588950,2696700,50057750,50159800,456,30397100,5052350,4859150,0,24132,0,5,0,0,0,0,0,0
137,3053421220,20558,763650,17661400,30634500,987850,50047400,50154550,205,30451600,5004400,4815250,0,24132,0,5,0,0,0,0,0,0
138,904563048,20559,1501250,16473750,30349750,1729250,50054000,50161500,238,30163500,5528350,5335600,0,24132,0,5,0,0,0,0,0,0
139,1363341148,20560,773650,16161150,30852250,2258200,50045250,50157750,478,30669850,6112100,5900650,0,24132,0,5,0,0,0,0,0,0
140,3357813192,20561,1429050,16181000,30171900,2270100,50052050,50159650,331,29986700,5406800,5214500,0,24132,0,5,0,0,0,0,0,0
141,1376589724,20562,768750,16191750,30452950,2629500,50042950,50153550,558,30275000,5807300,5600200,0,24132,0,5,0,0,0,0,0,0
142,2806738240,20563,1467000,16166150,30458700,1956650,50048500,50157800,283,30264750,5289300,5092800,0,24132,0,5,0,0,0,0,0,0
143,1863420068,20564,764000,16329550,30168700,3170950,50433200,50539050,570,29984200,5570450,5356050,0,24132,0,5,0,0,0,0,0,0
144,2368389248,20565,787000,16497100,30583300,1049850,48917250,49778600,218,30390050,5957650,5747000,0,24132,0,5,0,0,0,0,0,0
145,3624800580,20566,762450,16400750,30017700,2939900,50120800,50236350,517,29833750,4630650,4447750,0,24132,0,5,0,0,0,0,0,0
146,2708332264,20567,759950,16374100,31132300,1704550,49970900,50076850,359,30946100,5993450,5791400,0,24132,0,5,0,0,0,0,0,0
147,3643166428,20568,759050,18937350,36436650,10647950,66781000,66881250,1839,36262500,11684550,11446100,0,24452,0,5,0,0,0,0,0,0
148,1604903896,20569,806250,16252650,30699800,2281850,50040550,50152750,484,30505800,6013650,5806900,0,24452,0,5,0,0,0,0,0,0
149,499105388,20570,1410100,16248500,30276600,2122650,50057850,50165000,294,30096100,5422950,5220050,0,24132,0,5,0,0,0,0,0,0
150,3393190256,20571,757600,16183950,30508100,2592950,50042600,50152000,550,30322950,5623800,5417400,0,24132,0,5,0,0,0,0,0,0
151,1752164884,20572,767300,16258500,30038500,2326800,49391100,50160800,364,29855150,5247900,5037300,0,24132,0,5,0,0,0,0,0,0
152,112950176,20573,761900,16293050,29966300,3273000,50294250,50404550,590,29780650,5452750,5244250,0,24132,0,5,0,0,0,0,0,0
153,218377828,20574,765400,16376250,30013350,2647000,49802000,49913150,434,29830350,5237450,5033200,0,24132,0,5,0,0,0,0,0,0
154,1614877672,20575,761950,16255350,30511800,2520550,50049650,50159350,418,30329050,4795800,4611650,0,24132,0,5,0,0,0,0,0,0
155,624660060,20576,767100,16383500,30052250,2841550,50044400,50153600,476,29865600,5246150,5043600,0,24132,0,5,0,0,0,0,0,0
156,1646146728,20577,776100,16201050,30124600,2950850,50052600,50161750,509,29933500,4773700,4577650,0,24132,0,5,0,0,0,0,0,0
157,2550301372,20578,764800,18037100,30167650,1076500,50046050,50154850,225,29982500,4643750,4442100,0,24132,0,5,0,0,0,0,0,0
158,172327680,20579,767350,16856750,30528000,1900000,50052100,50159450,279,30347200,5444250,5248500,0,24132,0,5,0,0,0,0,0,0
159,28774455,20580,778050,16193500,30340050,2735850,50047450,50152450,581,29566200,5303300,5098950,0,23812,0,5,0,0,0,0,0,0
160,1278562831,20581,1421600,15111350,33125300,397400,50055650,50159800,78,32094850,5839950,5631850,0,23812,0,5,0,0,0,0,0,0
161,1878041307,20582,760050,16033800,30520450,2742600,50056900,50159650,582,30335550,5991700,5788950,0,23812,0,5,0,0,0,0,0,0
162,2842495315,20583,1357500,16006450,30310050,2384300,50058300,50160850,384,30119450,5402800,5206850,0,23812,0,5,0,0,0,0,0,0
163,942955647,20584,767550,16008150,30455850,2809800,50041350,50153400,597,30273350,5958600,5755350,0,23812,0,5,0,0,0,0,0,0
164,3104849743,20585,749650,15996700,30036150,2767300,49549800,50159850,466,29850950,5386600,5191900,0,23812,0,5,0,0,0,0,0,0
165,2914266731,20586,764750,15960800,30152500,3367700,50245750,50352650,611,29967150,5675550,5472600,0,23812,0,5,0,0,0,0,0,0
166,4064468955,20587,772150,15959050,30029200,3098300,49858700,49965750,479,29841550,5391850,5193400,0,23812,0,5,0,0,0,0,0,0
167,3195515191,20588,761500,15949550,32110550,1673050,50494650,50608450,123,31926050,5387650,5182550,0,23812,0,5,0,0,0,0,0,0
168,978211615,20589,766400,23178300,29865450,12495000,66305150,66423300,2391,29682550,5214350,5032250,0,24132,0,5,0,0,0,0,0,0
169,2835071531,20590,1359400,15934450,29510950,3243300,50048100,50157450,572,29327750,4950550,3948850,0,24132,0,5,0,0,0,0,0,0
170,2067386771,20591,748950,15923600,30712900,2667250,50052700,50156650,566,30530900,5857600,5651200,0,24132,0,5,0,0,0,0,0,0
171,1313815599,20592,1322150,16005700,30169200,2558550,50055600,50163100,419,29986800,5344150,5144900,0,23812,0,5,0,0,0,0,0,0
172,2403178911,20593,749500,15941000,30402200,3327300,50420000,50529800,601,30219000,5949500,5745900,0,23812,0,5,0,0,0,0,0,0
173,2922328731,20594,758650,15983300,30085200,2849300,49676450,49785900,483,29899450,5362300,5164000,0,23812,0,5,0,0,0,0,0,0
174,984914827,20595,762250,15881800,30502550,3028850,50175450,50283800,521,30314750,6068600,5861100,0,23812,0,5,0,0,0,0,0,0
175,3908989879,20596,768750,16000400,30089100,3067250,49925500,50030550,527,29905700,5359550,5155450,0,23812,0,5,0,0,0,0,0,0
176,3999582383,20597,757400,15870150,29937000,3480750,50045300,50155350,634,29748450,5552400,5339900,0,23812,0,5,0,0,0,0,0,0
177,407226939,20598,760950,17507600,30079450,1701900,50049900,50156800,358,29897600,5618300,5392800,0,23812,0,5,0,0,0,0,0,0
178,1756548563,20599,759350,15781700,29821550,3696700,50059300,50161800,682,29639300,5357600,5145900,0,23812,0,5,0,0,0,0,0,0
179,270721439,20600,762700,16284300,30599450,2397600,50044050,50153350,508,30417150,5947550,5741450,0,23812,0,5,0,0,0,0,0,0
CSV_END

STUDY_DONE_f0706d649671=0
# 