/tmp/app-lto --transport apb --state-frame 3600 --frames 180 --warmup 30 --wait spin --profile detailed --csv /tmp/transport-frames.csv --retained && printf "CSV_BEGIN\n" && cat /tmp/transport-frames.csv && printf "CSV_END\n"; study_status=$?; printf "\nSTUDY_DONE_410130045b32=%s\n" "$study_status"
TRANSPORT mode=apb dma_minimum=64
BEGIN_BREAKOUT frames=180 warmup=30 fixed=0 blocks=40 tiles=1 hud=1 wait=spin replay=0 state_frame=3600 profile=detailed pixel_centers=1 clock_call_ns=5159
HW_COUNTERS unavailable
RESULT frames=180 elapsed_s=3.009747900 fps=59.805673 logic_ms=0.817017 api_ms=2.014538 swap_ms=4.578361 wait_ms=9.140606 worker_inclusive_ms=4.392832 upload_inclusive_ms=1.338193 write_ms=1.150910 bytes_per_frame=3455.56 p50_ms=16.719300 p95_ms=16.947550 max_ms=19.546500 late_60hz=161 first_count=24059 last_count=24238 state_hash=3933ec17 remaining=6 score=340
RENDER_PATH retained=1 grouped=0 quads=580 full_frames=0
BREAKOUT_PASS
CSV_BEGIN
frame,state_hash,display_count,logic_ns,api_ns,swap_ns,wait_ns,total_ns,completion_interval_ns,polls,worker_inclusive_ns,upload_inclusive_ns,write_ns,read_ns,write_bytes,read_bytes,write_calls,read_calls,dma_copy_ns,dma_launch_ns,dma_completion_wait_ns,dma_bytes,dma_lists
0,3653798554,24059,746750,2464900,5047250,8422300,16681200,16696550,1575,4887000,1240700,1100550,0,3612,0,5,0,0,0,0,0,0
1,4254654458,24060,1342250,1780600,4890200,8914500,16927550,17042250,1587,4735450,1243400,1106100,0,3612,0,5,0,0,0,0,0,0
2,258432485,24061,726050,1420150,3929000,10197100,16272300,16394900,1877,3779700,781700,648100,0,2972,0,5,0,0,0,0,0,0
3,872827290,24062,707900,1743350,5984000,8166600,16601850,16719600,1549,5817250,2442300,2293000,0,3612,0,5,0,0,0,0,0,0
4,30312805,24063,739050,2671150,4372700,8821500,16604400,16719150,1706,4195550,1764550,1589750,0,3612,0,5,0,0,0,0,0,0
5,4016430808,24064,717100,2192700,3811800,9891050,16612650,16719550,1942,3658250,1659800,1503550,0,2972,0,5,0,0,0,0,0,0
6,3012967645,24065,735400,2436150,4885150,8551300,16608000,16719300,1564,4728400,1239050,1099150,0,3612,0,5,0,0,0,0,0,0
7,3593359732,24066,743700,1776050,5306050,7379200,15205000,16729400,1402,5139900,1696250,1550700,0,3612,0,5,0,0,0,0,0,0
8,2714884843,24067,741050,1426400,4461950,9963050,16592450,16707600,1822,4303550,1243500,1108550,0,3612,0,5,0,0,0,0,0,0
9,1754706848,24068,712000,1730150,5677600,8484650,16604400,16719550,1599,5524800,2060150,1901000,0,4252,0,5,0,0,0,0,0,0
10,634139175,24069,730100,2647850,4952300,8275650,16605900,16722250,1584,4785500,2309150,2149400,0,3932,0,5,0,0,0,0,0,0
11,2225001302,24070,722150,2139050,3998550,9739600,16599350,16716100,1901,3849000,1782850,1612550,0,3292,0,5,0,0,0,0,0,0
12,3881591779,24071,1356300,1763900,5092500,8394050,16606750,16721900,1530,4933400,1458700,1324550,0,3612,0,5,0,0,0,0,0,0
13,2688998526,24072,704650,1758950,5801200,7918750,16183550,16716800,1524,4871850,1466300,1326300,0,3612,0,5,0,0,0,0,0,0
14,3733755993,24073,720550,1427100,3841500,10613850,16603000,16721750,1954,3684300,785100,647950,0,2972,0,5,0,0,0,0,0,0
15,4110562030,24074,711250,1730700,5106450,9049500,16597900,16715750,1673,4122600,1637200,1487350,0,3612,0,5,0,0,0,0,0,0
16,2165534041,24075,718200,2584200,4934300,8371700,16608400,16722900,1602,4770450,1469550,1334300,0,3612,0,5,0,0,0,0,0,0
17,51482660,24076,714850,2139450,3825150,9925500,16604950,16718050,1942,3666400,1649850,1487300,0,2972,0,5,0,0,0,0,0,0
18,1808653113,24077,1279700,1746150,5012850,8808850,16847550,16963500,1532,4855100,1464900,1331450,0,3612,0,5,0,0,0,0,0,0
19,3012136936,24078,702150,1748150,5750600,8154050,16354950,16473850,1572,5590800,2215450,2070050,0,3612,0,5,0,0,0,0,0,0
20,1547905167,24079,725050,1420400,3802600,10657250,16605300,16721250,1956,3659050,785300,644550,0,2972,0,5,0,0,0,0,0,0
21,2010544228,24080,707850,2632000,4631600,8628050,16599500,16718600,1662,4469750,1995350,1830200,0,3612,0,5,0,0,0,0,0,0
22,2331187115,24081,732600,2598300,5145450,8132250,16608600,16719500,1514,4987500,1464550,1325700,0,3612,0,5,0,0,0,0,0,0
23,591091010,24082,1349800,1464700,3938150,9854600,16607250,16719200,1901,3773650,782500,645150,0,2972,0,5,0,0,0,0,0,0
24,3337222943,24083,726900,1739500,4959000,8754550,16179950,16719050,1546,4800600,1461350,1325650,0,3612,0,5,0,0,0,0,0,0
25,541067522,24084,708600,1735700,5873950,8280550,16598800,16717400,1599,5704350,2215250,2068950,0,3612,0,5,0,0,0,0,0,0
26,1909576061,24085,724450,1425300,3796100,10656050,16601900,16719250,1953,3652500,785500,646200,0,2972,0,5,0,0,0,0,0,0
27,3576416482,24086,705950,2553550,4963100,8376850,16599450,16722450,1275,4807150,2345250,1316550,0,3612,0,5,0,0,0,0,0,0
28,2786439485,24087,736800,2509200,5572850,7774700,16593550,16715600,1420,5411250,1461250,1319350,0,3612,0,5,0,0,0,0,0,0
29,1931780192,24088,1348600,1434400,4005850,10012650,16801500,16914500,1829,3839700,781400,649550,0,2972,0,5,0,0,0,0,0,0
30,1799980229,24089,723800,1737950,4948850,9002150,16412750,16525900,1597,4798250,1457750,1323600,0,3612,0,5,0,0,0,0,0,0
31,3538847580,24090,739650,2768250,5109000,7209550,15826450,16720800,1353,4946350,2445200,2277500,0,3612,0,5,0,0,0,0,0,0
32,3831628403,24091,738600,1422550,5058700,9388650,16608500,16717050,1840,4913550,2020200,1873550,0,3612,0,5,0,0,0,0,0,0
33,1903038664,24092,707550,2462550,5485250,7947250,16602600,16719950,1478,5326750,1698300,1561350,0,4252,0,5,0,0,0,0,0,0
34,3410263823,24093,731900,2474000,5361400,8038750,16606050,16718750,1454,5193750,1650050,1514950,0,3932,0,5,0,0,0,0,0,0
35,3263986894,24094,1188400,1432450,4271300,9712900,16605050,16721300,1775,4110500,1048000,913150,0,3292,0,5,0,0,0,0,0,0
36,2175892875,24095,721050,1747800,5725100,8409150,16603100,16719900,1628,5562650,1460350,1326400,0,3612,0,5,0,0,0,0,0,0
37,1813748966,24096,714000,1730900,6702850,7450600,16598350,16715700,1263,6517850,3159800,3004250,0,3612,0,5,0,0,0,0,0,0
38,833434417,24097,742550,2326050,3888650,9645600,16602850,16721800,1891,3721850,1702300,1559500,0,2972,0,5,0,0,0,0,0,0
39,4097282166,24098,727300,2464050,5202750,8212350,16606450,16720300,1534,5048750,1471700,1328950,0,3612,0,5,0,0,0,0,0,0
40,192773425,24099,1377450,1760100,5096300,8761150,16995000,17108200,1442,4938700,1466400,1327750,0,3612,0,5,0,0,0,0,0,0
41,858826700,24100,724150,1429900,3877650,10176000,16207700,16329800,1865,3713800,788450,649150,0,2972,0,5,0,0,0,0,0,0
42,1950483681,24101,724050,1738750,5483200,8651500,16597500,16717800,1679,5329100,1993600,1852900,0,3612,0,5,0,0,0,0,0,0
43,575738928,24102,717550,2634400,4399600,8849900,16601450,16721750,1680,4231000,1733350,1568600,0,3612,0,5,0,0,0,0,0,0
44,1359536727,24103,729050,2208700,3845850,9824400,16608000,16717150,1927,3683650,1673450,1518150,0,2972,0,5,0,0,0,0,0,0
45,3117637717,24104,728850,2423700,5206400,8248200,16607150,16719100,1532,5050100,1473350,1328950,0,3612,0,5,0,0,0,0,0,0
46,2557278958,24105,1246900,1744500,4995200,8719400,16706000,16823400,1518,4841850,1465450,1331800,0,3612,0,5,0,0,0,0,0,0
47,3928984507,24106,716850,1435200,3875100,10465600,16492750,16615750,1928,3716900,786700,648200,0,2972,0,5,0,0,0,0,0,0
48,3279099526,24107,724100,1734700,5341250,8798500,16598550,16718450,1708,5185200,1866750,1726250,0,3612,0,5,0,0,0,0,0,0
49,3402996575,24108,723050,2616200,4952150,8315200,16606600,16721200,1594,4791850,2318200,2142850,0,3612,0,5,0,0,0,0,0,0
50,1848951628,24109,731350,2268200,3829350,12604000,19432900,19546500,1173,3670400,1670850,1507250,0,2972,0,5,0,0,0,0,0,0
51,3328119971,24110,738600,3455050,5130750,4809000,14133400,14263400,793,4973400,1463400,1323800,0,3612,0,5,0,0,0,0,0,0
52,536923704,24111,732100,1744000,4991650,8761150,16228900,16344450,1547,4846050,1460850,1327050,0,3612,0,5,0,0,0,0,0,0
53,991563721,24112,709750,1425300,4259200,10205700,16599950,16720100,1853,4111150,789350,647600,0,2972,0,5,0,0,0,0,0,0
54,2482503020,24113,757500,2631350,5118150,7312550,15819550,16722400,1345,4957700,1466750,1328650,0,3612,0,5,0,0,0,0,0,0
55,3320786401,24114,713600,2551250,4989500,8351200,16605550,16716850,1590,4839450,1465900,1325000,0,3612,0,5,0,0,0,0,0,0
56,1307572882,24115,723950,2140350,4678600,9066600,16609500,16720550,1745,4516300,2475600,1329700,0,3612,0,5,0,0,0,0,0,0
57,1045847897,24116,1253650,1754000,6083700,7576000,16667350,16773900,1445,5925800,2444950,2297600,0,4252,0,5,0,0,0,0,0,0
58,2886179050,24117,734650,1748000,7112600,6950350,16545600,16664350,1295,6937850,2191300,1208850,0,3932,0,5,0,0,0,0,0,0
59,961732807,24118,709850,1443750,4128500,10317450,16599550,16717300,1849,3974350,1056700,914250,0,3292,0,5,0,0,0,0,0,0
60,1947062354,24119,726350,2657050,4608000,8617600,16609000,16722950,1656,4436650,2007900,1852250,0,3612,0,5,0,0,0,0,0,0
61,2075511931,24120,722200,2455700,5203500,8224750,16606150,16716500,1532,5050850,1467500,1327650,0,3612,0,5,0,0,0,0,0,0
62,2408546800,24121,1395250,1446100,3927050,9840850,16609250,16719700,1864,3764900,784600,654850,0,2972,0,5,0,0,0,0,0,0
63,460493639,24122,711450,1753700,5003950,8727450,16196550,16718650,1535,4845200,1467150,1327550,0,3612,0,5,0,0,0,0,0,0
64,1463678916,24123,727000,1754750,5663400,8456700,16601850,16720600,1634,5503950,2203600,2063000,0,3612,0,5,0,0,0,0,0,0
65,3795713909,24124,705750,1437400,3807350,10651600,16602100,16717050,1835,3651700,790050,649650,0,2972,0,5,0,0,0,0,0,0
66,1056688136,24125,734850,2586100,4944350,8326450,16591750,16719350,1589,4781050,1471050,1337600,0,3612,0,5,0,0,0,0,0,0
67,202923725,24126,719650,2487300,5181500,8219950,16608400,16721800,1527,5028900,1466350,1327350,0,3612,0,5,0,0,0,0,0,0
68,4012539606,24127,1295900,1428500,3983600,10054400,16762400,16876950,1814,3826400,777650,650550,0,2972,0,5,0,0,0,0,0,0
69,1087445485,24128,713200,1765750,5774700,8194550,16448200,16559700,1583,4855700,1462350,1323900,0,3612,0,5,0,0,0,0,0,0
70,491589414,24129,731550,1755700,5316200,8796850,16600300,16719800,1706,5169850,1872750,1733300,0,3612,0,5,0,0,0,0,0,0
71,1293200275,24130,712050,1443150,3733550,10709150,16597900,16720050,1933,2798050,786550,647300,0,2972,0,5,0,0,0,0,0,0
72,1737595726,24131,723400,2485900,5061450,8333150,16603900,16717950,1567,4900500,1459800,1328950,0,3612,0,5,0,0,0,0,0,0
73,2173390039,24132,716150,2453450,5159750,8275750,16605100,16718550,1534,5000550,1467650,1328300,0,3612,0,5,0,0,0,0,0,0
74,2060004372,24133,1195200,1429000,3924700,10052650,16601550,16722100,1818,3760600,777700,650550,0,2972,0,5,0,0,0,0,0,0
75,668607547,24134,712050,1762050,5750700,8376650,16601450,16718750,1616,5578750,2209100,2067000,0,3612,0,5,0,0,0,0,0,0
76,3409034624,24135,729650,1763500,5298650,8807450,16599250,16716850,1709,5152750,1894850,1755550,0,3612,0,5,0,0,0,0,0,0
77,66914193,24136,741850,2328550,3886100,8866900,15823400,16720000,1701,3728350,782650,642050,0,2972,0,5,0,0,0,0,0,0
78,2553907572,24137,734350,2906550,5090050,7872500,16603450,16719950,1452,4926450,1464050,1326350,0,3612,0,5,0,0,0,0,0,0
79,890390073,24138,1369600,1796150,5041050,8627400,16834200,16947550,1524,4881400,1463600,1325550,0,3612,0,5,0,0,0,0,0,0
80,2223873098,24139,731950,1424150,4420800,9802600,16379500,16493550,1790,4262900,1239000,1105350,0,3612,0,5,0,0,0,0,0,0
81,2336881585,24140,713900,1759200,5799350,8331150,16603600,16715850,1598,5629400,2055500,1894300,0,4252,0,5,0,0,0,0,0,0
82,4135459074,24141,733400,2673250,4502450,8697350,16606450,16722800,1674,4332250,1856200,1693050,0,3932,0,5,0,0,0,0,0,0
83,1986260127,24142,714900,2155550,3966150,9768300,16604900,16717400,1907,3809750,1749650,1586800,0,3292,0,5,0,0,0,0,0,0
84,353344474,24143,732800,2441200,5036200,8393550,16603750,16718700,1560,4866600,1237050,1104850,0,3612,0,5,0,0,0,0,0,0
85,3169575603,24144,1202050,1775150,4773350,8853450,16604000,16717850,1567,4623750,1241400,1103800,0,3612,0,5,0,0,0,0,0,0
86,210205944,24145,719150,1430250,3880750,10571500,16601650,16723450,1954,3734300,786150,650600,0,2972,0,5,0,0,0,0,0,0
87,1677393503,24146,705000,1762200,5535250,8596600,16599050,16715300,1660,5380100,2027450,1880300,0,3612,0,5,0,0,0,0,0,0
88,3832728684,24147,730850,2649300,4682700,8544750,16607600,16723550,1359,4520600,2104300,1939900,0,3612,0,5,0,0,0,0,0,0
89,2074852568,24148,718350,2534250,3934500,9407350,16594450,16715650,1817,3768050,784100,653000,0,2972,0,5,0,0,0,0,0,0
90,1464943173,24149,1396250,1804300,4813850,8921000,16935400,17053950,1467,4648850,1238850,1105950,0,3612,0,5,0,0,0,0,0,0
91,315990800,24150,705150,1767850,4795250,8997650,16265900,16385750,1594,4635250,1242350,1106800,0,3612,0,5,0,0,0,0,0,0
92,1451405891,24151,724100,1425450,3813550,10639450,16602550,16721150,1957,3669750,784750,649450,0,2972,0,5,0,0,0,0,0,0
93,3196408848,24152,700700,2631100,4432700,8836400,16600900,16719450,1673,4259650,1752500,1584600,0,3612,0,5,0,0,0,0,0,0
94,141073587,24153,723950,2470050,4726700,8686600,16607300,16718800,1668,4563600,1259900,1112800,0,3612,0,5,0,0,0,0,0,0
95,3576439062,24154,708800,2112800,3818800,9966550,16606950,16719850,1948,3657600,1646550,634950,0,2972,0,5,0,0,0,0,0,0
96,2798564443,24155,1267500,1777450,4727300,8848000,16620250,16734750,1535,4564400,1236750,1103300,0,3612,0,5,0,0,0,0,0,0
97,3409362634,24156,704750,1770250,4775650,9332400,16583050,16703200,1665,4625500,1245750,1102800,0,3612,0,5,0,0,0,0,0,0
98,1459202337,24157,721100,1432150,3786400,10655150,16594800,16719650,1955,3638200,783700,647850,0,2972,0,5,0,0,0,0,0,0
99,1984418334,24158,699950,2651750,4717500,8525900,16595100,16718600,1609,4554550,2082500,1913700,0,3612,0,5,0,0,0,0,0,0
100,2690152925,24159,725650,2499850,4926550,8456950,16609000,16718900,1584,4766000,1239700,1101800,0,3612,0,5,0,0,0,0,0,0
101,2607809844,24160,742650,1464300,3838900,9016850,15062700,16717050,1692,3687300,783200,646100,0,2972,0,5,0,0,0,0,0,0
102,3522750362,24161,727450,1770250,4748450,9071500,16317650,16831550,1522,4591100,1234600,1103050,0,3612,0,5,0,0,0,0,0,0
103,2368404599,24162,702300,1778700,5555250,8452100,16488350,16608050,1635,5398950,2010150,1867600,0,3612,0,5,0,0,0,0,0,0
104,3250007036,24163,724500,1433950,3975200,10468250,16601900,16718050,1908,3832850,927850,788550,0,3612,0,5,0,0,0,0,0,0
105,1111684799,24164,706950,2584700,4952650,8353550,16597850,16719450,1579,4794200,1247350,1104950,0,4252,0,5,0,0,0,0,0,0
106,2213018028,24165,720600,2592200,4773000,8519250,16605050,16721300,1587,4614050,1073300,939650,0,3932,0,5,0,0,0,0,0,0
107,3171439817,24166,1277950,1441900,4102400,9869650,16691900,16806550,1808,3938500,834450,703500,0,3292,0,5,0,0,0,0,0,0
108,2255827236,24167,728800,1769900,4384350,9638200,16521250,16630750,1735,4227150,887600,754950,0,3612,0,5,0,0,0,0,0,0
109,2472184909,24168,702500,1772100,5313050,8813850,16601500,16720450,1713,5137300,1662250,1515100,0,3612,0,5,0,0,0,0,0,0
110,3140412334,24169,731750,2246400,2950800,10669450,16598400,16718800,1950,2785400,786200,651100,0,2972,0,5,0,0,0,0,0,0
111,785888721,24170,714750,2455750,4630500,11488650,19289650,19405850,1060,4461550,902100,759050,0,3612,0,5,0,0,0,0,0,0
112,1084583170,24171,743950,3696550,4531300,4930400,13902200,14031550,901,4355250,893100,753500,0,3612,0,5,0,0,0,0,0,0
113,4019848443,24172,721750,1453500,3925050,10066700,16167000,16722800,1848,3769500,785400,646450,0,2972,0,5,0,0,0,0,0,0
114,808788421,24173,730150,1771500,4368800,9730950,16601400,16718900,1754,4210050,891550,752650,0,3612,0,5,0,0,0,0,0,0
115,3645042740,24174,704950,1763700,5552200,8575300,16596150,16716500,1633,4576200,2073200,1925800,0,3612,0,5,0,0,0,0,0,0
116,2991496187,24175,730450,2275850,3873200,9731750,16611250,16722050,1910,3717950,1716200,1571700,0,2972,0,5,0,0,0,0,0,0
117,3919662364,24176,725750,2464400,4636250,8775050,16601450,16717000,1649,4483950,904550,764900,0,3612,0,5,0,0,0,0,0,0
118,1681074571,24177,1345600,1773500,4435350,9221350,16775800,16893400,1618,4277350,886650,749000,0,3612,0,5,0,0,0,0,0,0
119,4218967458,24178,701750,1429950,3930100,10369300,16431100,16547300,1547,3774950,783450,649850,0,2972,0,5,0,0,0,0,0,0
120,625353107,24179,740100,1783450,4371600,9701050,16596200,16716550,1745,4208050,889150,752300,0,3612,0,5,0,0,0,0,0,0
121,3717195990,24180,715750,2671700,4398150,8823600,16609200,16720500,1670,4229800,1755400,1585850,0,3612,0,5,0,0,0,0,0,0
122,2425705089,24181,725250,2144400,3840500,9896800,16606950,16720450,1937,3676800,1677700,1517050,0,2972,0,5,0,0,0,0,0,0
123,2555484258,24182,727850,2427550,4601200,8851000,16607600,16719650,1658,4442050,905750,765850,0,3612,0,5,0,0,0,0,0,0
124,1141451493,24183,765050,1791850,5212350,7529550,15298800,16716300,1399,5039950,1672100,1528600,0,3612,0,5,0,0,0,0,0,0
125,1505942736,24184,720450,1424400,3881950,10580600,16607400,16719250,1952,3719900,786750,646550,0,2972,0,5,0,0,0,0,0,0
126,2491710369,24185,721800,1758100,5111650,9012250,16603800,16721550,1755,4956100,1673350,1531950,0,3612,0,5,0,0,0,0,0,0
127,2825516936,24186,706500,2635150,4404100,8853850,16599600,16716800,1616,4247800,1785250,754400,0,3612,0,5,0,0,0,0,0,0
128,809518447,24187,719300,2205650,4020600,9662200,16607750,16722450,1881,3858700,1793000,1626200,0,3612,0,5,0,0,0,0,0,0
129,1081694344,24188,1329550,1775450,4698650,9068900,16872550,16980700,1616,4538000,954700,815100,0,4252,0,5,0,0,0,0,0,0
130,3544546839,24189,721800,1760800,4429350,9424950,16336900,16456900,1661,4276350,883850,750200,0,3932,0,5,0,0,0,0,0,0
131,2291142598,24190,703200,1433100,3886800,10577500,16600600,16719200,1943,3736150,784300,641100,0,3292,0,5,0,0,0,0,0,0
132,3252385439,24191,722950,2671450,4370000,8839200,16603600,16720800,1707,4196450,1761850,724650,0,3612,0,5,0,0,0,0,0,0
133,1602009306,24192,710750,2458550,4416200,9019350,16604850,16717750,1731,4257400,863500,719950,0,3612,0,5,0,0,0,0,0,0
134,2497072261,24193,724650,2275850,3853950,9747600,16602050,16716600,1883,3692700,734650,605550,0,2972,0,5,0,0,0,0,0,0
135,3739067406,24194,1224650,1753750,4397750,9233000,16609150,16723700,1648,4237150,840900,704950,0,3612,0,5,0,0,0,0,0,0
136,1716074641,24195,721850,1746000,4314900,9813750,16596500,16715300,1773,4164750,834500,701400,0,3612,0,5,0,0,0,0,0,0
137,3982919220,24196,707600,1434800,3881100,10579300,16602800,16721500,1939,3730500,738700,595550,0,2972,0,5,0,0,0,0,0,0
138,2723337005,24197,723450,2645750,4358400,8872000,16599600,16719600,1710,4187250,1770450,1600100,0,3612,0,5,0,0,0,0,0,0
139,733376204,24198,716050,2478400,4598650,8811100,16604200,16719850,1660,4442400,856800,715450,0,3612,0,5,0,0,0,0,0,0
140,43915006,24199,1372200,1431500,4366200,9780050,16949950,17063500,1779,4205800,731200,600650,0,2972,0,5,0,0,0,0,0,0
141,2309932913,24200,718750,1750850,4387100,9401300,16258000,16372500,1682,4234650,839800,701500,0,3612,0,5,0,0,0,0,0,0
142,1653305798,24201,721450,1741250,4305350,9830550,16598600,16719000,1775,4155900,832950,699600,0,3612,0,5,0,0,0,0,0,0
143,145291823,24202,704150,1441000,3754250,10697550,16596950,16720650,1930,3617600,735900,594800,0,2972,0,5,0,0,0,0,0,0
144,3013902878,24203,720850,2524250,4323700,9026500,16595300,16718650,1736,4161500,850050,719450,0,3612,0,5,0,0,0,0,0,0
145,2859971923,24204,718100,2459800,4575800,8856200,16609900,16721250,1661,4420350,849950,714900,0,3612,0,5,0,0,0,0,0,0
146,3026746148,24205,1280050,1410450,3930500,10013050,16634050,16750100,1806,3776600,724150,595950,0,2972,0,5,0,0,0,0,0,0
147,736325239,24206,745100,1792350,5270550,7975450,15783450,16687100,1526,5100550,1652800,1508350,0,3612,0,5,0,0,0,0,0,0
148,2759885216,24207,735800,1748300,4310250,9813150,16607500,16721600,1769,4151450,835300,702550,0,3612,0,5,0,0,0,0,0,0
149,1930007773,24208,712700,2298450,2904950,10683500,16599600,16717200,1914,2756150,737400,597550,0,2972,0,5,0,0,0,0,0,0
150,4233548434,24209,724950,3525250,3962200,8392950,16605350,16720500,1560,3792600,825100,693100,0,3612,0,5,0,0,0,0,0,0
151,3821597075,24210,1352450,1452950,4200200,9594900,16600500,16719200,1831,4033800,838100,706650,0,3612,0,5,0,0,0,0,0,0
152,1056834796,24211,725800,1427800,4014300,10039350,16207250,16719150,1724,3858250,817000,689950,0,3612,0,5,0,0,0,0,0,0
153,2756113825,24212,716250,1427400,3902000,10554100,16599750,16717000,1943,3739850,788750,647100,0,3292,0,5,0,0,0,0,0,0
154,2193869574,24213,726450,1421400,3808100,10644200,16600150,16720900,1951,3668550,785350,650700,0,3292,0,5,0,0,0,0,0,0
155,39089791,24214,710550,2267650,3791550,9831900,16601650,16720950,1899,3632600,1635300,1480850,0,2972,0,5,0,0,0,0,0,0
156,1158667078,24215,733150,2120700,3819200,9935100,16608150,16716350,1940,3662000,1649900,1486900,0,2972,0,5,0,0,0,0,0,0
157,4085879547,24216,1287500,1425600,3988900,10029150,16731150,16845900,1845,3823200,783800,649450,0,2972,0,5,0,0,0,0,0,0
158,313686028,24217,739900,1421200,3917250,10401000,16479350,16592500,1892,3765850,775750,648100,0,2972,0,5,0,0,0,0,0,0
159,3216587021,24218,715500,1415900,3825400,10650550,16607350,16721750,1959,3674850,780600,643700,0,2972,0,5,0,0,0,0,0,0
160,876009466,24219,728350,1412150,3750200,10707150,16597850,16717550,1962,2795600,785850,649000,0,2972,0,5,0,0,0,0,0,0
161,981002535,24220,713400,2134450,3857550,9900600,16606000,16721700,1935,3703450,1695800,620100,0,2972,0,5,0,0,0,0,0,0
162,47529864,24221,1474650,1463200,3988100,9675150,16601100,16716650,1854,3822650,781550,653800,0,2972,0,5,0,0,0,0,0,0
163,868088385,24222,1175600,1430700,3924300,10076800,16607400,16720350,1855,3766250,780250,647300,0,2972,0,5,0,0,0,0,0,0
164,2331947246,24223,731200,1406000,3835100,10632100,16604400,16718650,1965,3680550,781150,650300,0,2972,0,5,0,0,0,0,0,0
165,2168054517,24224,716350,1745650,5581450,8558950,16602400,16720100,1645,5411300,1685150,1514900,0,3612,0,5,0,0,0,0,0,0
166,3926666066,24225,725050,2583450,4345850,8947750,16602100,16719200,1726,4181800,1763050,1598700,0,3612,0,5,0,0,0,0,0,0
167,1177610667,24226,718100,2144750,3834950,9906450,16604250,16718750,1935,3682200,1658900,612300,0,2972,0,5,0,0,0,0,0,0
168,3782405190,24227,1333100,1758300,4567650,9155550,16814600,16927950,1636,4404200,882150,747250,0,3612,0,5,0,0,0,0,0,0
169,916405275,24228,731700,1745350,4427000,9491350,16395400,16508950,1702,4264350,898350,753150,0,3612,0,5,0,0,0,0,0,0
170,1596582148,24229,729250,1421650,3816900,10635600,16603400,16722200,1959,3666600,784950,655550,0,2972,0,5,0,0,0,0,0,0
171,4199562603,24230,724650,2626600,4513650,8743400,16608300,16716600,1683,4341800,1863200,1691600,0,3612,0,5,0,0,0,0,0,0
172,3017986708,24231,735350,2449000,4392500,9033300,16610150,16719000,1734,4231300,897450,760150,0,3612,0,5,0,0,0,0,0,0
173,2654286289,24232,722050,7975500,4127700,3786300,16611550,16719050,628,3951300,788500,646150,0,2972,0,5,0,0,0,0,0,0
174,1031695476,24233,1230500,1753000,4877800,8739850,16601150,16722600,1505,4716050,1252850,1121500,0,4252,0,5,0,0,0,0,0,0
175,2959877989,24234,708900,1742700,4875900,9275750,16603250,16718350,1653,4727550,1250850,1108950,0,4252,0,5,0,0,0,0,0,0
176,1566373458,24235,751800,1421500,3976300,10455300,16604900,16720150,1905,3827950,927600,792400,0,3612,0,5,0,0,0,0,0,0
177,3017804585,24236,722850,2616750,4796000,8472250,16607850,16717250,1508,4634500,2134400,1099750,0,3932,0,5,0,0,0,0,0,0
178,1442923286,24237,734200,2485000,4984350,8403900,16607450,16719450,1574,4822150,1245350,1106200,0,3932,0,5,0,0,0,0,0,0
179,959704087,24238,1374050,1443950,4005750,10084950,16908700,17020600,1855,3841100,778250,646550,0,2972,0,5,0,0,0,0,0,0
CSV_END

STUDY_DONE_410130045b32=0
# 