/tmp/app-if17 --transport apb --state-frame 0 --dma-minimum 64 --frames 180 --warmup 30 --wait spin --profile frame --csv /tmp/transport-frames.csv --dump /tmp/transport-frame.raw && printf "CSV_BEGIN\n" && cat /tmp/transport-frames.csv && printf "CSV_END\n"; study_status=$?; printf "\nSTUDY_DONE_3e60233b3f30=%s\n" "$study_status"
TRANSPORT mode=apb dma_minimum=64
BEGIN_BREAKOUT frames=180 warmup=30 fixed=0 blocks=40 tiles=1 hud=1 wait=spin replay=0 state_frame=0 profile=frame pixel_centers=1 clock_call_ns=5718
HW_COUNTERS unavailable
RESULT frames=180 elapsed_s=12.204661300 fps=14.748463 logic_ms=0.000000 api_ms=0.000000 swap_ms=0.000000 wait_ms=0.000000 worker_inclusive_ms=0.000000 upload_inclusive_ms=0.000000 write_ms=0.000000 bytes_per_frame=28820.00 p50_ms=66.877300 p95_ms=82.692950 max_ms=83.981250 late_60hz=180 first_count=1791 last_count=1970 state_hash=8f34e8fd remaining=38 score=20
RENDER_PATH retained=0 grouped=0 quads=13131 full_frames=180
FRAME_CHECK count=1970 address=9fe00000 fnv1a=79c99b23 pixels=307200 mismatches=0
BREAKOUT_PASS
CSV_BEGIN
frame,state_hash,display_count,logic_ns,api_ns,swap_ns,wait_ns,total_ns,completion_interval_ns,polls,worker_inclusive_ns,upload_inclusive_ns,write_ns,read_ns,write_bytes,read_bytes,write_calls,read_calls,dma_copy_ns,dma_launch_ns,dma_completion_wait_ns,dma_bytes,dma_lists
0,3724779174,1791,0,0,0,0,66447050,66458500,1349,0,0,0,0,28820,0,3,0,0,0,0,0,0
1,1709657109,1792,0,0,0,0,66755000,66878650,1396,0,0,0,0,28820,0,3,0,0,0,0,0,0
2,1894904752,1793,0,0,0,0,66758000,66874900,1383,0,0,0,0,28820,0,3,0,0,0,0,0,0
3,3703759967,1794,0,0,0,0,66762500,66878800,1592,0,0,0,0,28820,0,3,0,0,0,0,0,0
4,19533624,1795,0,0,0,0,66761950,66878900,1382,0,0,0,0,28820,0,3,0,0,0,0,0,0
5,816884773,1796,0,0,0,0,66055050,66874950,1168,0,0,0,0,28820,0,3,0,0,0,0,0,0
6,1339236364,1797,0,0,0,0,67031300,67142600,973,0,0,0,0,28820,0,3,0,0,0,0,0,0
7,3072959373,1798,0,0,0,0,66492100,66610850,1338,0,0,0,0,28820,0,3,0,0,0,0,0,0
8,1782884746,1799,0,0,0,0,66767350,66876800,1396,0,0,0,0,28820,0,3,0,0,0,0,0,0
9,30296781,1800,0,0,0,0,66767600,66880400,1420,0,0,0,0,28820,0,3,0,0,0,0,0,0
10,4026418858,1801,0,0,0,0,66767300,66875250,1327,0,0,0,0,28820,0,3,0,0,0,0,0,0
11,2084929051,1802,0,0,0,0,66762250,66877150,1395,0,0,0,0,28820,0,3,0,0,0,0,0,0
12,3114489770,1803,0,0,0,0,83481700,83595050,3126,0,0,0,0,28820,0,3,0,0,0,0,0,0
13,891400471,1804,0,0,0,0,66768750,66881100,1314,0,0,0,0,28820,0,3,0,0,0,0,0,0
14,3472773456,1805,0,0,0,0,66763850,66876850,992,0,0,0,0,28820,0,3,0,0,0,0,0,0
15,3010688243,1806,0,0,0,0,66352700,66875750,1461,0,0,0,0,28820,0,3,0,0,0,0,0,0
16,2819524756,1807,0,0,0,0,66763700,66877050,1326,0,0,0,0,28820,0,3,0,0,0,0,0,0
17,3241678401,1808,0,0,0,0,66761950,66877200,1336,0,0,0,0,28820,0,3,0,0,0,0,0,0
18,2154316504,1809,0,0,0,0,66762550,66877350,1593,0,0,0,0,28820,0,3,0,0,0,0,0,0
19,772262681,1810,0,0,0,0,66767050,66878300,1335,0,0,0,0,28820,0,3,0,0,0,0,0,0
20,3882818750,1811,0,0,0,0,66763250,66874950,1431,0,0,0,0,28820,0,3,0,0,0,0,0,0
21,521131153,1812,0,0,0,0,67302100,67412250,1166,0,0,0,0,28820,0,3,0,0,0,0,0,0
22,1838187414,1813,0,0,0,0,66210850,66343000,1248,0,0,0,0,28820,0,3,0,0,0,0,0,0
23,840574439,1814,0,0,0,0,66761150,66875850,1443,0,0,0,0,28820,0,3,0,0,0,0,0,0
24,2879461878,1815,0,0,0,0,66760950,66879050,1385,0,0,0,0,28820,0,3,0,0,0,0,0,0
25,202086035,1816,0,0,0,0,66767750,66876100,1360,0,0,0,0,29140,0,3,0,0,0,0,0,0
26,959703924,1817,0,0,0,0,66765150,66878400,1339,0,0,0,0,29140,0,3,0,0,0,0,0,0
27,3795724423,1818,0,0,0,0,83481650,83595600,3252,0,0,0,0,29140,0,3,0,0,0,0,0,0
28,2500539904,1819,0,0,0,0,66055700,66876000,1083,0,0,0,0,28820,0,3,0,0,0,0,0,0
29,2269000541,1820,0,0,0,0,66766200,66879650,1002,0,0,0,0,28820,0,3,0,0,0,0,0,0
30,1900681108,1821,0,0,0,0,66759700,66874500,953,0,0,0,0,28820,0,3,0,0,0,0,0,0
31,3680168245,1822,0,0,0,0,66764600,66879450,1307,0,0,0,0,28820,0,3,0,0,0,0,0,0
32,2344329490,1823,0,0,0,0,66798800,66906650,1308,0,0,0,0,28820,0,3,0,0,0,0,0,0
33,2130650181,1824,0,0,0,0,66734400,66845650,1546,0,0,0,0,28820,0,3,0,0,0,0,0,0
34,906966818,1825,0,0,0,0,66770350,66877950,1316,0,0,0,0,28820,0,3,0,0,0,0,0,0
35,3939376531,1826,0,0,0,0,66767150,66877900,1448,0,0,0,0,28820,0,3,0,0,0,0,0,0
36,2110688546,1827,0,0,0,0,66763400,66874750,1443,0,0,0,0,28820,0,3,0,0,0,0,0,0
37,2695523007,1828,0,0,0,0,65045450,66880350,1052,0,0,0,0,28820,0,3,0,0,0,0,0,0
38,744447992,1829,0,0,0,0,66761500,66876250,1490,0,0,0,0,28820,0,3,0,0,0,0,0,0
39,3728640411,1830,0,0,0,0,66767250,66876450,1333,0,0,0,0,28820,0,3,0,0,0,0,0,0
40,618879740,1831,0,0,0,0,66769800,66875750,1482,0,0,0,0,28820,0,3,0,0,0,0,0,0
41,1239708057,1832,0,0,0,0,66760300,66876600,1475,0,0,0,0,28820,0,3,0,0,0,0,0,0
42,2429742208,1833,0,0,0,0,66763300,66874800,53,0,0,0,0,28820,0,3,0,0,0,0,0,0
43,412095716,1834,0,0,0,0,67314600,67421550,1327,0,0,0,0,28820,0,3,0,0,0,0,0,0
44,1226741467,1835,0,0,0,0,66212300,66334400,1037,0,0,0,0,28820,0,3,0,0,0,0,0,0
45,3288446148,1836,0,0,0,0,66771700,66880100,1436,0,0,0,0,28820,0,3,0,0,0,0,0,0
46,1157984843,1837,0,0,0,0,66765900,66874300,1378,0,0,0,0,28820,0,3,0,0,0,0,0,0
47,3877288378,1838,0,0,0,0,66765700,66878600,1414,0,0,0,0,28820,0,3,0,0,0,0,0,0
48,4236526315,1839,0,0,0,0,66766300,66877950,1423,0,0,0,0,28820,0,3,0,0,0,0,0,0
49,533834014,1840,0,0,0,0,66762600,66875700,1507,0,0,0,0,28820,0,3,0,0,0,0,0,0
50,1649361089,1841,0,0,0,0,66889350,67000000,1271,0,0,0,0,28820,0,3,0,0,0,0,0,0
51,2486981906,1842,0,0,0,0,65921800,66755700,1263,0,0,0,0,28820,0,3,0,0,0,0,0,0
52,1706075277,1843,0,0,0,0,66767500,66875600,960,0,0,0,0,28820,0,3,0,0,0,0,0,0
53,267972368,1844,0,0,0,0,66767400,66879800,1367,0,0,0,0,28820,0,3,0,0,0,0,0,0
54,3895401273,1845,0,0,0,0,66768900,66874300,1619,0,0,0,0,28820,0,3,0,0,0,0,0,0
55,605985656,1846,0,0,0,0,66772900,66878900,1413,0,0,0,0,28820,0,3,0,0,0,0,0,0
56,4077673024,1847,0,0,0,0,66769650,66875900,1295,0,0,0,0,28820,0,3,0,0,0,0,0,0
57,985632231,1848,0,0,0,0,66767150,66879000,1290,0,0,0,0,28820,0,3,0,0,0,0,0,0
58,3720590956,1849,0,0,0,0,83865400,83981250,3076,0,0,0,0,28820,0,3,0,0,0,0,0,0
59,3264032585,1850,0,0,0,0,66367200,66489600,838,0,0,0,0,28820,0,3,0,0,0,0,0,0
60,395405688,1851,0,0,0,0,66769500,66879050,1390,0,0,0,0,28820,0,3,0,0,0,0,0,0
61,32142420,1852,0,0,0,0,66761050,66874950,1372,0,0,0,0,28820,0,3,0,0,0,0,0,0
62,1187067055,1853,0,0,0,0,66769550,66880200,1390,0,0,0,0,28820,0,3,0,0,0,0,0,0
63,459140908,1854,0,0,0,0,66765350,66876700,1357,0,0,0,0,28820,0,3,0,0,0,0,0,0
64,3369786495,1855,0,0,0,0,66769600,66877900,1473,0,0,0,0,28820,0,3,0,0,0,0,0,0
65,1572434254,1856,0,0,0,0,67022350,67128850,1314,0,0,0,0,28820,0,3,0,0,0,0,0,0
66,4107798823,1857,0,0,0,0,66516350,66623300,1455,0,0,0,0,28820,0,3,0,0,0,0,0,0
67,343968250,1858,0,0,0,0,66769050,66877700,1031,0,0,0,0,28820,0,3,0,0,0,0,0,0
68,3102454017,1859,0,0,0,0,66768250,66879250,1326,0,0,0,0,28820,0,3,0,0,0,0,0,0
69,3051095563,1860,0,0,0,0,66761850,66873900,1442,0,0,0,0,28820,0,3,0,0,0,0,0,0
70,2391331016,1861,0,0,0,0,66766250,66876650,1358,0,0,0,0,28820,0,3,0,0,0,0,0,0
71,3869016117,1862,0,0,0,0,66765250,66880100,1269,0,0,0,0,28820,0,3,0,0,0,0,0,0
72,1579800804,1863,0,0,0,0,66881300,66990950,1321,0,0,0,0,28820,0,3,0,0,0,0,0,0
73,2792341157,1864,0,0,0,0,83368700,83482150,3196,0,0,0,0,28820,0,3,0,0,0,0,0,0
74,714702942,1865,0,0,0,0,65558400,66874850,646,0,0,0,0,28820,0,3,0,0,0,0,0,0
75,1092538936,1866,0,0,0,0,66769950,66880850,1450,0,0,0,0,28820,0,3,0,0,0,0,0,0
76,1561271239,1867,0,0,0,0,66761800,66873800,1340,0,0,0,0,28820,0,3,0,0,0,0,0,0
77,3798074098,1868,0,0,0,0,66773050,66880000,1380,0,0,0,0,28820,0,3,0,0,0,0,0,0
78,3022639071,1869,0,0,0,0,66770350,66877900,1416,0,0,0,0,28820,0,3,0,0,0,0,0,0
79,2282770062,1870,0,0,0,0,66763950,66876850,1424,0,0,0,0,28820,0,3,0,0,0,0,0,0
80,1626512457,1871,0,0,0,0,67134850,67245200,1365,0,0,0,0,28820,0,3,0,0,0,0,0,0
81,3156888026,1872,0,0,0,0,66392850,66508800,1473,0,0,0,0,28820,0,3,0,0,0,0,0,0
82,3038824309,1873,0,0,0,0,66767400,66878150,1017,0,0,0,0,28820,0,3,0,0,0,0,0,0
83,1261846460,1874,0,0,0,0,66762900,66874450,1258,0,0,0,0,28820,0,3,0,0,0,0,0,0
84,2035201521,1875,0,0,0,0,66763450,66876100,1569,0,0,0,0,29140,0,3,0,0,0,0,0,0
85,2164446652,1876,0,0,0,0,66766750,66876600,1375,0,0,0,0,29140,0,3,0,0,0,0,0,0
86,2017191835,1877,0,0,0,0,66770050,66880950,1409,0,0,0,0,29140,0,3,0,0,0,0,0,0
87,3029138484,1878,0,0,0,0,67001250,67112000,1299,0,0,0,0,28820,0,3,0,0,0,0,0,0
88,50355403,1879,0,0,0,0,83254450,83360150,3281,0,0,0,0,28820,0,3,0,0,0,0,0,0
89,654213990,1880,0,0,0,0,66763500,66875150,607,0,0,0,0,28820,0,3,0,0,0,0,0,0
90,2360099787,1881,0,0,0,0,66754650,66879400,1414,0,0,0,0,28820,0,3,0,0,0,0,0,0
91,2424818746,1882,0,0,0,0,66767650,66882100,1306,0,0,0,0,28820,0,3,0,0,0,0,0,0
92,1971386461,1883,0,0,0,0,66767250,66873050,1505,0,0,0,0,28820,0,3,0,0,0,0,0,0
93,3386045126,1884,0,0,0,0,66766950,66876350,1298,0,0,0,0,28820,0,3,0,0,0,0,0,0
94,1429641961,1885,0,0,0,0,66764150,66877150,1432,0,0,0,0,28820,0,3,0,0,0,0,0,0
95,3022846880,1886,0,0,0,0,66760550,66876050,1473,0,0,0,0,28820,0,3,0,0,0,0,0,0
96,1601897261,1887,0,0,0,0,66209400,66875850,1387,0,0,0,0,28820,0,3,0,0,0,0,0,0
97,1229951528,1888,0,0,0,0,66766100,66876500,977,0,0,0,0,28820,0,3,0,0,0,0,0,0
98,4065171759,1889,0,0,0,0,66053900,66877000,1127,0,0,0,0,28820,0,3,0,0,0,0,0,0
99,1034325744,1890,0,0,0,0,66764600,66878050,1335,0,0,0,0,28820,0,3,0,0,0,0,0,0
100,14078671,1891,0,0,0,0,66769750,66878300,1403,0,0,0,0,28820,0,3,0,0,0,0,0,0
101,4024270554,1892,0,0,0,0,66765550,66877050,1455,0,0,0,0,28820,0,3,0,0,0,0,0,0
102,896191351,1893,0,0,0,0,67265600,67377000,1293,0,0,0,0,28820,0,3,0,0,0,0,0,0
103,2131384102,1894,0,0,0,0,82988650,83098750,3174,0,0,0,0,28820,0,3,0,0,0,0,0,0
104,2586210593,1895,0,0,0,0,66770650,66877850,1051,0,0,0,0,28820,0,3,0,0,0,0,0,0
105,591918370,1896,0,0,0,0,66754650,66874350,1269,0,0,0,0,28820,0,3,0,0,0,0,0,0
106,8814317,1897,0,0,0,0,66899200,67011300,1328,0,0,0,0,28820,0,3,0,0,0,0,0,0
107,2340504196,1898,0,0,0,0,66627400,66742850,1511,0,0,0,0,28820,0,3,0,0,0,0,0,0
108,3523076009,1899,0,0,0,0,66768150,66879250,1325,0,0,0,0,28820,0,3,0,0,0,0,0,0
109,1961669028,1900,0,0,0,0,66764200,66877100,1397,0,0,0,0,28820,0,3,0,0,0,0,0,0
110,1037581603,1901,0,0,0,0,66759300,66873550,1462,0,0,0,0,28820,0,3,0,0,0,0,0,0
111,2701024588,1902,0,0,0,0,66762700,66877350,1426,0,0,0,0,28820,0,3,0,0,0,0,0,0
112,215037203,1903,0,0,0,0,66772700,66880900,1007,0,0,0,0,28820,0,3,0,0,0,0,0,0
113,3696282862,1904,0,0,0,0,66764950,66875100,1328,0,0,0,0,28820,0,3,0,0,0,0,0,0
114,2829142928,1905,0,0,0,0,66765900,66876950,1531,0,0,0,0,28820,0,3,0,0,0,0,0,0
115,3204762949,1906,0,0,0,0,66769550,66877600,1369,0,0,0,0,28820,0,3,0,0,0,0,0,0
116,3297489190,1907,0,0,0,0,66769750,66877150,1457,0,0,0,0,28820,0,3,0,0,0,0,0,0
117,1691704917,1908,0,0,0,0,66766350,66879050,1340,0,0,0,0,28820,0,3,0,0,0,0,0,0
118,663957814,1909,0,0,0,0,66320000,66870850,73,0,0,0,0,28820,0,3,0,0,0,0,0,0
119,3058583827,1910,0,0,0,0,66772300,66879950,1326,0,0,0,0,28820,0,3,0,0,0,0,0,0
120,838545270,1911,0,0,0,0,66764100,66876750,985,0,0,0,0,28820,0,3,0,0,0,0,0,0
121,3608912039,1912,0,0,0,0,66065850,66880100,1197,0,0,0,0,28820,0,3,0,0,0,0,0,0
122,4080159716,1913,0,0,0,0,66763450,66874950,1345,0,0,0,0,28820,0,3,0,0,0,0,0,0
123,1056027075,1914,0,0,0,0,66766250,66877600,1383,0,0,0,0,28820,0,3,0,0,0,0,0,0
124,4057021248,1915,0,0,0,0,67105100,67213050,1390,0,0,0,0,28820,0,3,0,0,0,0,0,0
125,2686741161,1916,0,0,0,0,66432700,66543000,1480,0,0,0,0,28820,0,3,0,0,0,0,0,0
126,3870849660,1917,0,0,0,0,66766150,66876150,1296,0,0,0,0,28820,0,3,0,0,0,0,0,0
127,293449641,1918,0,0,0,0,66761950,66878850,1033,0,0,0,0,28820,0,3,0,0,0,0,0,0
128,596064266,1919,0,0,0,0,66761500,66877250,1572,0,0,0,0,28820,0,3,0,0,0,0,0,0
129,3715495249,1920,0,0,0,0,66764900,66876400,1332,0,0,0,0,28820,0,3,0,0,0,0,0,0
130,244680018,1921,0,0,0,0,66761750,66873500,1257,0,0,0,0,28820,0,3,0,0,0,0,0,0
131,4080661783,1922,0,0,0,0,66968350,67081850,1360,0,0,0,0,28820,0,3,0,0,0,0,0,0
132,4006730450,1923,0,0,0,0,66563050,66673950,1498,0,0,0,0,28820,0,3,0,0,0,0,0,0
133,3864584507,1924,0,0,0,0,83489650,83596900,2979,0,0,0,0,28820,0,3,0,0,0,0,0,0
134,2711027320,1925,0,0,0,0,66766450,66876500,1323,0,0,0,0,28820,0,3,0,0,0,0,0,0
135,4099079087,1926,0,0,0,0,66770250,66878650,918,0,0,0,0,28820,0,3,0,0,0,0,0,0
136,565333772,1927,0,0,0,0,66765850,66874250,1418,0,0,0,0,28820,0,3,0,0,0,0,0,0
137,1028518269,1928,0,0,0,0,66771450,66880350,1399,0,0,0,0,28820,0,3,0,0,0,0,0,0
138,2252688136,1929,0,0,0,0,66763950,66874950,1438,0,0,0,0,28820,0,3,0,0,0,0,0,0
139,578597309,1930,0,0,0,0,66766150,66878850,1307,0,0,0,0,28820,0,3,0,0,0,0,0,0
140,3624439358,1931,0,0,0,0,66341550,66878700,1456,0,0,0,0,29140,0,3,0,0,0,0,0,0
141,3514067501,1932,0,0,0,0,66763650,66876850,1353,0,0,0,0,29140,0,3,0,0,0,0,0,0
142,2741972910,1933,0,0,0,0,67691400,67807000,1199,0,0,0,0,29140,0,3,0,0,0,0,0,0
143,28497579,1934,0,0,0,0,65819050,65945800,1172,0,0,0,0,28820,0,3,0,0,0,0,0,0
144,466729326,1935,0,0,0,0,65323950,66875750,1128,0,0,0,0,28820,0,3,0,0,0,0,0,0
145,3425349295,1936,0,0,0,0,66772400,66880300,1251,0,0,0,0,28820,0,3,0,0,0,0,0,0
146,1537640620,1937,0,0,0,0,67081450,67193300,1317,0,0,0,0,28820,0,3,0,0,0,0,0,0
147,1853842891,1938,0,0,0,0,66444850,66556650,1469,0,0,0,0,28820,0,3,0,0,0,0,0,0
148,1177024904,1939,0,0,0,0,83491450,83600000,2710,0,0,0,0,28820,0,3,0,0,0,0,0,0
149,4106734849,1940,0,0,0,0,66746200,66875000,1250,0,0,0,0,28820,0,3,0,0,0,0,0,0
150,2025356500,1941,0,0,0,0,66858700,66970150,930,0,0,0,0,28820,0,3,0,0,0,0,0,0
151,2189605121,1942,0,0,0,0,66673200,66783050,1344,0,0,0,0,28820,0,3,0,0,0,0,0,0
152,4086136290,1943,0,0,0,0,66769100,66880400,1369,0,0,0,0,28820,0,3,0,0,0,0,0,0
153,4036669705,1944,0,0,0,0,66764500,66876700,1440,0,0,0,0,28820,0,3,0,0,0,0,0,0
154,4167980074,1945,0,0,0,0,66761850,66876300,1317,0,0,0,0,28820,0,3,0,0,0,0,0,0
155,51187407,1946,0,0,0,0,66762800,66878800,1412,0,0,0,0,28820,0,3,0,0,0,0,0,0
156,2242638442,1947,0,0,0,0,66760500,66873250,1352,0,0,0,0,28820,0,3,0,0,0,0,0,0
157,2730108163,1948,0,0,0,0,68026600,68139550,1315,0,0,0,0,28820,0,3,0,0,0,0,0,0
158,2718743917,1949,0,0,0,0,82563800,82692950,2209,0,0,0,0,28820,0,3,0,0,0,0,0,0
159,3391709842,1950,0,0,0,0,66400850,66518100,1477,0,0,0,0,28820,0,3,0,0,0,0,0,0
160,1164604273,1951,0,0,0,0,66764700,66877800,1304,0,0,0,0,28820,0,3,0,0,0,0,0,0
161,2148591176,1952,0,0,0,0,66769300,66881000,1330,0,0,0,0,28820,0,3,0,0,0,0,0,0
162,4192737573,1953,0,0,0,0,66763650,66876550,1571,0,0,0,0,28820,0,3,0,0,0,0,0,0
163,535584840,1954,0,0,0,0,83479250,83593350,2851,0,0,0,0,28820,0,3,0,0,0,0,0,0
164,3430794475,1955,0,0,0,0,66774650,66879050,1355,0,0,0,0,28820,0,3,0,0,0,0,0,0
165,776323552,1956,0,0,0,0,66768350,66878450,1037,0,0,0,0,28820,0,3,0,0,0,0,0,0
166,3330991427,1957,0,0,0,0,66763100,66875950,1308,0,0,0,0,28820,0,3,0,0,0,0,0,0
167,3282074430,1958,0,0,0,0,66763450,66878600,1389,0,0,0,0,28820,0,3,0,0,0,0,0,0
168,2597814595,1959,0,0,0,0,66764150,66877000,1424,0,0,0,0,28820,0,3,0,0,0,0,0,0
169,2225601370,1960,0,0,0,0,66758500,66873050,1288,0,0,0,0,28820,0,3,0,0,0,0,0,0
170,3716853465,1961,0,0,0,0,66766300,66879700,1524,0,0,0,0,28820,0,3,0,0,0,0,0,0
171,1080675697,1962,0,0,0,0,66766350,66877300,1576,0,0,0,0,28500,0,3,0,0,0,0,0,0
172,219920238,1963,0,0,0,0,66766400,66878500,947,0,0,0,0,28500,0,3,0,0,0,0,0,0
173,3070385651,1964,0,0,0,0,66762850,66874950,1710,0,0,0,0,28500,0,3,0,0,0,0,0,0
174,2609556270,1965,0,0,0,0,66345000,66876200,1452,0,0,0,0,28500,0,3,0,0,0,0,0,0
175,141401383,1966,0,0,0,0,66767900,66879550,1550,0,0,0,0,28500,0,3,0,0,0,0,0,0
176,3034105280,1967,0,0,0,0,66766500,66876700,1466,0,0,0,0,28500,0,3,0,0,0,0,0,0
177,3029196371,1968,0,0,0,0,66761950,66878300,1572,0,0,0,0,28500,0,3,0,0,0,0,0,0
178,699378668,1969,0,0,0,0,66756250,66871200,173,0,0,0,0,28500,0,3,0,0,0,0,0,0
179,2402609405,1970,0,0,0,0,66771300,66881500,1468,0,0,0,0,28500,0,3,0,0,0,0,0,0
CSV_END

STUDY_DONE_3e60233b3f30=0
# 