/tmp/fifo-bench --frames 180 --warmup 30 --wait spin --state-frame 3600 --retained --csv /tmp/fifo-case.csv --dump /tmp/fifo-check.rgb565; fifo_rc=$?; if [ "$fifo_rc" = 0 ]; then sha256sum /tmp/fifo-check.rgb565 /tmp/fifo-check.rgb565.expected; printf "\nCSV_BEGIN\n"; cat /tmp/fifo-case.csv; printf "CSV_END\n"; fi; test "$fifo_rc" = 0; nv_status=$?; printf "\nNV_DONE_75f3d0d65ca1=%s\n" "$nv_status"
BEGIN_BREAKOUT frames=180 warmup=30 fixed=0 blocks=40 tiles=1 hud=1 wait=spin replay=0 state_frame=3600 profile=detailed pixel_centers=1 clock_call_ns=5429
HW_COUNTERS id=46490010 words=155500 wait_cycles=5536181 longest_wait_cycles=4559 total_cycles=61197383 cpu_hz=20000000
RESULT frames=180 elapsed_s=3.059741400 fps=58.828501 logic_ms=0.860111 api_ms=2.227145 swap_ms=6.519069 wait_ms=7.251484 worker_inclusive_ms=6.317844 upload_inclusive_ms=2.973771 write_ms=2.782837 bytes_per_frame=3455.56 p50_ms=16.719400 p95_ms=17.006150 max_ms=33.440750 late_60hz=162 first_count=1969 last_count=2148 state_hash=3933ec17 remaining=6 score=340
RENDER_PATH retained=1 grouped=0 quads=580 full_frames=0
FRAME_CHECK count=2148 address=9fe00000 fnv1a=c250e403 pixels=307200 mismatches=0
BREAKOUT_PASS
94ad6618d2c13904842579da96db339027c945ef168a22bb8507f1a694887d4d  /tmp/fifo-check.rgb565
94ad6618d2c13904842579da96db339027c945ef168a22bb8507f1a694887d4d  /tmp/fifo-check.rgb565.expected

CSV_BEGIN
frame,state_hash,display_count,logic_ns,api_ns,swap_ns,wait_ns,total_ns,completion_interval_ns,polls,worker_inclusive_ns,upload_inclusive_ns,write_ns,read_ns,write_bytes,read_bytes,write_calls,read_calls
0,3653798554,1969,712050,1987300,6680650,6960350,16340350,16353950,1227,6506200,2848350,1955550,0,3612,0,5,0
1,4254654458,1970,714600,2847200,5923500,7128800,16614100,16719600,1193,5759250,3055800,2899200,0,3612,0,5,0
2,258432485,1971,731700,2443000,5343900,8095100,16613700,16718150,1458,5184200,3025450,2880450,0,2972,0,5,0
3,872827290,1972,702100,2738000,7040450,6136650,16617200,16717900,1146,6877550,2957500,2806950,0,3612,0,5,0
4,30312805,1973,1329200,1982600,6871000,6704850,16887650,16991800,1176,6694200,3153700,2998100,0,3612,0,5,0
5,4016430808,1974,705050,1555450,6121900,7962100,16344500,16447550,1437,5966000,2858200,2711650,0,2972,0,5,0
6,3012967645,1975,716750,1968900,6803400,7131400,16620450,16722800,1257,6638200,3114450,2959400,0,3612,0,5,0
7,3593359732,1976,695950,2909450,6169350,6836300,16611050,16715550,1198,6002700,2467850,2327750,0,3612,0,5,0
8,2714884843,1977,703650,2328150,5320400,8263950,16616150,16721800,1489,5159150,2923500,2776100,0,3612,0,5,0
9,1754706848,1978,1491700,1988750,7334150,5053700,15868300,16719400,914,7166700,3432350,3271500,0,4252,0,5,0
10,634139175,1979,1208000,1982150,7009200,6414550,16613900,16720350,1115,6848800,3232150,3083200,0,3932,0,5,0
11,2225001302,1980,702900,1550800,6199800,8163250,16616750,16719350,1477,6047800,2903600,2755700,0,3292,0,5,0
12,3881591779,1981,708050,1965450,6870650,7068450,16612600,16714850,1211,5881150,3212100,3059600,0,3612,0,5,0
13,2688998526,1982,695800,2814200,6346350,6764650,16621000,16722000,1152,6187250,2473350,2331150,0,3612,0,5,0
14,3733755993,1983,709400,2304550,5670050,7930300,16614300,16720700,1402,5515550,3361250,2051900,0,2972,0,5,0
15,4110562030,1984,1288500,1989200,6956150,6756400,16990250,17089050,1154,6800300,3180800,3014800,0,3612,0,5,0
16,2165534041,1985,700450,1988150,6686400,6864050,16239050,16347000,1207,6520400,2978450,2826300,0,3612,0,5,0
17,51482660,1986,703400,1533650,6071950,8310100,16619100,16721850,1503,5927300,2864950,2706650,0,2972,0,5,0
18,1808653113,1987,700400,2891900,6120250,6903100,16615650,16716300,1185,5956050,3325650,3182150,0,3612,0,5,0
19,3012136936,1988,700600,2708800,7028100,6185150,16622650,16721700,1160,6204950,2467450,2326750,0,3612,0,5,0
20,1547905167,1989,711500,2250100,5472050,8180400,16614050,16720250,1456,5312050,2201550,2063450,0,2972,0,5,0
21,2010544228,1990,1238200,1961750,6944900,6650000,16794850,16892450,1138,6776450,3165900,3004000,0,3612,0,5,0
22,2331187115,1991,700200,1998650,6867850,6874850,16441550,16543900,1211,6696650,3176850,3029200,0,3612,0,5,0
23,591091010,1992,696950,1536600,6079400,8304650,16617600,16721300,1503,5934300,2884750,2725450,0,2972,0,5,0
24,3337222943,1993,702400,2837500,6155250,6920850,16616000,16718350,1206,5995950,2479850,2346200,0,3612,0,5,0
25,541067522,1994,702900,2834050,7087800,5992050,16616800,16720450,1117,6929200,3170300,3019800,0,3612,0,5,0
26,1909576061,1995,1327450,1586950,5570500,8124600,16609500,16714700,1365,5412200,2206950,2066800,0,2972,0,5,0
27,3576416482,1996,694100,1970900,6966800,6478850,16110650,16720400,1130,6797400,3187650,3034850,0,3612,0,5,0
28,2786439485,1997,704200,1963250,6985800,6964600,16617850,16720150,1227,6833850,3191850,3045350,0,3612,0,5,0
29,1931780192,1998,690050,1537650,5729700,8660550,16617950,16718850,1243,5584350,2537400,2375950,0,2972,0,5,0
30,1799980229,1999,718800,2794000,7012550,6082350,16607700,16719500,1136,6831600,3119450,2984250,0,3612,0,5,0
31,3538847580,2000,702800,2737200,7232800,5942800,16615600,16719100,1102,7068100,3156250,2987850,0,3612,0,5,0
32,3831628403,2001,1276450,1553650,6562050,7342450,16734600,16842450,1314,6400200,3125350,2980450,0,3612,0,5,0
33,1903038664,2002,702350,1950500,7208700,6634250,16495800,16594900,1158,7042150,3316000,3161150,0,4252,0,5,0
34,3410263823,2003,701700,1964500,7118550,6838000,16622750,16723550,1199,6961650,3372300,3219100,0,3932,0,5,0
35,3263986894,2004,692250,2402700,5368750,8149800,16613500,16718750,1470,5215650,3001700,2842800,0,3292,0,5,0
36,2175892875,2005,702450,2708750,7052850,6149200,16613250,16717700,1148,6891000,3157750,3009500,0,3612,0,5,0
37,1813748966,2006,688850,2640150,6895300,6389650,16613950,16718800,1194,6726000,3069350,2915550,0,3612,0,5,0
38,833434417,2007,1150100,1564100,6278800,7617300,16610300,16721050,1368,6120850,3019900,2877350,0,2972,0,5,0
39,4097282166,2008,699700,1941600,7029250,6943700,16614250,16715900,1226,6877450,3014850,2861750,0,3612,0,5,0
40,192773425,2009,719650,2972150,7166350,4993550,15851700,16722350,913,6997300,3262150,3123250,0,3612,0,5,0
41,858826700,2010,691200,2407750,7927100,5578350,16604400,16714450,1011,7757750,5591050,5410700,0,2972,0,5,0
42,1950483681,2011,705600,2716850,7098950,6099850,16621250,16722700,1138,6935750,3183350,3034900,0,3612,0,5,0
43,575738928,2012,1297100,1970200,6898600,6684850,16850750,16954050,1142,6729200,3146150,2982500,0,3612,0,5,0
44,1359536727,2013,700700,1568150,6258100,7852150,16379100,16483900,1417,6100800,3033300,2892850,0,2972,0,5,0
45,3117637717,2014,708400,1946500,6743050,7217300,16615250,16718350,1281,6588250,2991550,2834200,0,3612,0,5,0
46,2557278958,2015,703200,2855850,6163950,6894800,16617800,16718900,1188,6000950,2487550,2352250,0,3612,0,5,0
47,3928984507,2016,686250,2300100,5346400,8280650,16613400,16720850,1497,5193950,3021900,2863950,0,2972,0,5,0
48,3279099526,2017,706300,2635200,6808250,6471050,16620800,16721200,1105,6636000,2942250,2793350,0,3612,0,5,0
49,3402996575,2018,6564450,3829200,7144450,15790900,33329000,33434950,2858,6980100,3259500,3116200,0,3612,0,5,0
50,1848951628,2019,702250,1547300,6068050,8296100,16613700,16722300,1407,5894650,2866300,2710350,0,2972,0,5,0
51,3328119971,2020,693200,2805700,6368100,6741400,16608400,16717100,1149,6208300,2481950,2331200,0,3612,0,5,0
52,536923704,2021,694900,2828400,7060250,6030750,16614300,16720850,1125,6900800,3169400,3018550,0,3612,0,5,0
53,991563721,2022,1305050,1569600,6379300,7668300,16922250,17025350,1380,6218350,3024150,2873000,0,2972,0,5,0
54,2482503020,2023,695800,1971950,6679900,6962650,16310300,16413700,1228,6509750,2965450,2816050,0,3612,0,5,0
55,3320786401,2024,700150,1949950,6726850,7239700,16616650,16717900,1284,6569900,2852450,1963750,0,3612,0,5,0
56,1307572882,2025,684650,1537650,6397950,8000150,16620400,16722600,1436,6254450,3189850,3034350,0,3612,0,5,0
57,1045847897,2026,687750,2725750,7273950,5927350,16614800,16715550,1105,7104800,3224750,3079750,0,4252,0,5,0
58,2886179050,2027,700950,2697450,7265150,5955550,16619100,16722750,1102,7100400,3229050,3067600,0,3932,0,5,0
59,961732807,2028,1220650,1550250,8084300,5757350,16612550,16717450,961,7910650,3298650,3123100,0,3292,0,5,0
60,1947062354,2029,712100,1968150,6694500,7239100,16613850,16717250,1283,6515150,2969150,2813000,0,3612,0,5,0
61,2075511931,2030,696500,1951100,7036700,6934300,16618600,16719150,1219,6873600,3302250,3145500,0,3612,0,5,0
62,2408546800,2031,693750,2438900,5149950,8330250,16612850,16719450,1506,4992750,2835050,2682150,0,2972,0,5,0
63,460493639,2032,695200,3034950,7047650,5840500,16618300,16719750,1080,6880900,3149100,2982650,0,3612,0,5,0
64,1463678916,2033,1284000,1984850,7051750,6669900,16990500,17095500,1169,6871350,3270950,3107550,0,3612,0,5,0
65,3795713909,2034,690450,1556800,6096800,7887000,16231050,16343650,1423,5927650,2845000,2697850,0,2972,0,5,0
66,1056688136,2035,713950,1954350,6852500,7094200,16615000,16719950,1254,6694850,3184750,3034550,0,3612,0,5,0
67,202923725,2036,688400,2873350,6186500,6869200,16617450,16720900,1176,6018500,3319500,3156900,0,3612,0,5,0
68,4012539606,2037,694250,2325450,5311200,8277650,16608550,16717400,1496,5154900,3018200,2870200,0,2972,0,5,0
69,1087445485,2038,700000,2672200,7075250,6169900,16617350,16718450,1147,6897450,3139950,2973950,0,3612,0,5,0
70,491589414,2039,712900,2008100,6973600,5658050,15352650,16816350,930,6808750,3203300,3051450,0,3612,0,5,0
71,1293200275,2040,702700,1555550,6102250,8161400,16521900,16625150,1479,5948050,2846800,2707150,0,2972,0,5,0
72,1737595726,2041,700550,1970300,6872900,7070950,16614700,16717500,1246,6715200,3197750,3045750,0,3612,0,5,0
73,2173390039,2042,690200,2856200,6260700,6809250,16616350,16717600,1149,6098750,2466400,2330100,0,3612,0,5,0
74,2060004372,2043,695200,2301450,5020600,8593150,16610400,16720300,1560,4864450,2699250,1681300,0,2972,0,5,0
75,668607547,2044,1267500,2010150,7337950,6002200,16617800,16718400,1093,7166100,3488300,3315950,0,3612,0,5,0
76,3409034624,2045,704800,1978600,6678850,6837050,16199300,16722400,1173,6505200,2974700,2822600,0,3612,0,5,0
77,66914193,2046,691200,1566250,6090400,8263850,16611700,16718800,1495,5945900,2860250,2702800,0,2972,0,5,0
78,2553907572,2047,691850,2866700,5931650,7125200,16615400,16716550,1259,5767400,3127850,2978350,0,3612,0,5,0
79,890390073,2048,699150,2744800,6360150,6810800,16614900,16720350,1158,6196500,2471200,2329200,0,3612,0,5,0
80,2223873098,2049,706250,2384450,5734250,7791250,16616200,16721300,1360,5580050,2292750,2150700,0,3612,0,5,0
81,2336881585,2050,1278650,1999850,7128550,6374650,16781700,16880450,1111,6963100,3272850,3104950,0,4252,0,5,0
82,4135459074,2051,698300,1990150,6967950,6801600,16458000,16557450,1196,6793650,3221500,3067700,0,3932,0,5,0
83,1986260127,2052,689650,1556250,6141300,8230800,16618000,16720450,1489,5992550,2765000,2602600,0,3292,0,5,0
84,353344474,2053,701600,2902100,6121950,6891750,16617400,16718100,1206,5960500,2482400,2347700,0,3612,0,5,0
85,3169575603,2054,703050,2718400,7100950,6090900,16613300,16716450,1140,6938200,3159500,3008150,0,3612,0,5,0
86,210205944,2055,698800,2209000,5652800,8055550,16616150,16720050,1414,5498100,2214750,2071400,0,2972,0,5,0
87,1677393503,2056,1151650,1984650,6924300,6707300,16767900,16866250,1119,6757100,3167550,3010000,0,3612,0,5,0
88,3832728684,2057,700200,1992000,6868700,6909600,16470500,16574250,1219,6716700,3188100,3031050,0,3612,0,5,0
89,2074852568,2058,696950,1554100,6207900,8160300,16619250,16719350,1375,6055150,3001000,2837800,0,2972,0,5,0
90,1464943173,2059,702550,3919450,6899450,5093100,16614550,16719250,929,6718400,3147700,2997450,0,3612,0,5,0
91,315990800,2060,711200,2726350,6917700,6259750,16615000,16719750,1172,6750800,2950800,2799750,0,3612,0,5,0
92,1451405891,2061,1321750,1564200,6350000,7624700,16860650,16966750,1374,5426350,2206700,2069700,0,2972,0,5,0
93,3196408848,2062,705900,1980950,6947650,6736700,16371200,16472900,1185,6781250,3180000,3021250,0,3612,0,5,0
94,141073587,2063,698350,1978250,6676650,7259450,16612700,16714950,1287,6517100,2977750,2822600,0,3612,0,5,0
95,3576439062,2064,692800,1551300,6023950,8349400,16617450,16720500,1476,5062400,2881850,2723450,0,2972,0,5,0
96,2798564443,2065,691600,2746400,6981850,6192600,16612450,16718800,1160,6820050,3131350,2985650,0,3612,0,5,0
97,3409362634,2066,704250,2674850,6662150,6574650,16615900,16721450,1234,6497300,2797750,1960550,0,3612,0,5,0
98,1459202337,2067,1182000,1559550,6138800,7732900,16613250,16720550,1365,5984400,2845950,2056650,0,2972,0,5,0
99,1984418334,2068,705000,1970900,6929400,7007300,16612600,16715700,1239,6769400,3179550,3022550,0,3612,0,5,0
100,2690152925,2069,719300,2976900,7316400,4850500,15863100,16720550,886,7152950,3181500,3046400,0,3612,0,5,0
101,2607809844,2070,701850,2466050,5349850,8093450,16611200,16717750,1435,5185150,3033550,2874850,0,2972,0,5,0
102,3522750362,2071,690800,2742100,6988650,6194900,16616450,16721500,1159,6817100,3141250,2993100,0,3612,0,5,0
103,2368404599,2072,1292350,1986800,6936800,6734150,16950100,17053700,1183,6756750,3137300,2976000,0,3612,0,5,0
104,3250007036,2073,702050,1560900,6244200,7774050,16281200,16384550,1375,6084800,2938300,2795500,0,3612,0,5,0
105,1111684799,2074,694100,1993750,7009500,6917300,16614650,16719250,1218,6851050,3131450,2957350,0,4252,0,5,0
106,2213018028,2075,691350,2896750,6241650,6787400,16617150,16719300,1191,6083650,3385300,2385850,0,3932,0,5,0
107,3171439817,2076,692550,2334100,5283300,8304350,16614300,16718800,1501,5127950,2875500,2720850,0,3292,0,5,0
108,2255827236,2077,702500,2815050,6601300,6501050,16619900,16722100,1217,6432050,2778950,1960700,0,3612,0,5,0
109,2472184909,2078,6598250,4672200,6612150,15449550,33332150,33436900,2787,6444600,2895700,2743900,0,3612,0,5,0
110,3140412334,2079,710050,1548200,5982600,8372350,16613200,16716700,1513,5812650,2686050,2533300,0,2972,0,5,0
111,785888721,2080,691850,2861100,6313250,6753100,16619300,16721500,1089,6151850,2480300,2341300,0,3612,0,5,0
112,1084583170,2081,700950,2756650,7037400,6115350,16610350,16716850,1143,6869800,3136750,2991350,0,3612,0,5,0
113,4019848443,2082,1292900,1580700,5702600,8042350,16618550,16723150,1406,5549700,2191900,2051300,0,2972,0,5,0
114,808788421,2083,698500,2006100,6875750,6621000,16201350,16716050,1162,6698350,3167700,3020250,0,3612,0,5,0
115,3645042740,2084,703450,1976150,6943300,6998500,16621400,16722100,1235,6788950,3187000,3027600,0,3612,0,5,0
116,2991496187,2085,697050,1541950,6168000,8208250,16615250,16717100,1478,6021450,3008450,2852850,0,2972,0,5,0
117,3919662364,2086,680850,2795450,7051850,6086500,16614650,16721300,1139,6886550,3117600,2976050,0,3612,0,5,0
118,1681074571,2087,705700,2743750,6829400,6337250,16616100,16720550,1188,6664750,2962400,2817200,0,3612,0,5,0
119,4218967458,2088,1251050,1558200,7683650,6244500,16737400,16842150,1045,5389400,2195500,2045900,0,2972,0,5,0
120,625353107,2089,724800,2001800,6916250,6839600,16482450,16593600,1203,6742300,3168000,3019850,0,3612,0,5,0
121,3717195990,2090,700100,1973300,6953350,6994800,16621550,16721900,1232,6798300,3196400,3035000,0,3612,0,5,0
122,2425705089,2091,698700,2365550,5299550,8252450,16616250,16719400,1459,5144150,2992800,2833900,0,2972,0,5,0
123,2555484258,2092,697400,2718150,7072750,6126800,16615100,16718800,1147,6909650,3141300,2988400,0,3612,0,5,0
124,1141451493,2093,703200,2617900,7132800,6156650,16610550,16715500,1143,6966750,3008250,2853950,0,3612,0,5,0
125,1505942736,2094,1142800,1561100,6121850,7787550,16613300,16721750,1372,5960700,2837350,2688500,0,2972,0,5,0
126,2491710369,2095,699050,1978350,6861650,7070700,16609750,16719250,1250,6703900,3163900,3016550,0,3612,0,5,0
127,2825516936,2096,694200,2832200,5973250,7116400,16616050,16719200,1260,5810900,3090850,2930500,0,3612,0,5,0
128,809518447,2097,717300,2381050,5470250,8047350,16615950,16720900,1423,5315850,3101050,2941650,0,3612,0,5,0
129,1081694344,2098,690950,2718800,7322700,5883500,16615950,16716500,1089,7153300,3249400,3084350,0,4252,0,5,0
130,3544546839,2099,715700,2020600,7095100,5605600,15437000,16924650,951,6917600,3234100,3068000,0,3932,0,5,0
131,2291142598,2100,703500,1549100,6203950,7957150,16413700,16512900,1409,6047600,2893350,2743950,0,3292,0,5,0
132,3252385439,2101,699450,1989400,6871000,7053150,16613000,16720550,1247,6716100,3183700,3027900,0,3612,0,5,0
133,1602009306,2102,689650,2893300,6208500,6825100,16616550,16717400,1190,6055550,2470500,2334050,0,3612,0,5,0
134,2497072261,2103,696800,2294850,5355100,8269250,16616000,16720800,1493,5201850,3044000,2894700,0,2972,0,5,0
135,3739067406,2104,689450,2792850,6957000,6181750,16621050,16721050,1150,6791950,3146400,2981150,0,3612,0,5,0
136,1716074641,2105,1161400,1978450,6691800,6786200,16617850,16722350,1103,6517500,2960800,2803650,0,3612,0,5,0
137,3982919220,2106,697050,1555500,6093700,8261600,16607850,16715950,1498,5950300,2850150,2704500,0,2972,0,5,0
138,2723337005,2107,706150,2894250,6044800,6971150,16616350,16719400,1230,5879600,3217400,3063050,0,3612,0,5,0
139,733376204,2108,702350,2772700,6386300,6755900,16617250,16716150,1151,6220900,2482050,2334550,0,3612,0,5,0
140,43915006,2109,707400,2281900,5372750,8252550,16614600,16719450,1490,5222300,2209800,2065300,0,2972,0,5,0
141,2309932913,2110,1303550,1997100,6877700,6727400,16905750,17006150,1184,6705200,2949850,2794150,0,3612,0,5,0
142,1653305798,2111,703000,1967850,6882300,6781550,16334700,16433800,1194,6708850,3164150,3016800,0,3612,0,5,0
143,145291823,2112,696200,1558000,6071100,8291000,16616300,16718550,1499,5927400,2861150,2703350,0,2972,0,5,0
144,3013902878,2113,695800,2882300,6244800,6792850,16615750,16719700,1189,6084200,3448050,3294350,0,3612,0,5,0
145,2859971923,2114,693750,2703550,7052050,6165800,16615150,16718200,1154,6885200,3134800,2983600,0,3612,0,5,0
146,3026746148,2115,697450,2239450,5521250,8158250,16616400,16721400,1447,5356350,2204500,2063750,0,2972,0,5,0
147,736325239,2116,1213800,1966700,6861950,6576050,16618500,16717350,1148,6690250,3075350,2916150,0,3612,0,5,0
148,2759885216,2117,695250,1987400,6876950,7055900,16615500,16721650,1248,6708200,3169050,3022250,0,3612,0,5,0
149,1930007773,2118,691700,1557750,6403400,7961800,16614650,16716600,1432,6259550,2909700,2746000,0,2972,0,5,0
150,4233548434,2119,706100,3864700,6385700,5663150,16619650,16722200,1045,6219050,3051050,2903850,0,3612,0,5,0
151,3821597075,2120,693100,2307500,5674150,7938250,16613000,16718800,1417,5525350,2301200,2151600,0,3612,0,5,0
152,1056834796,2121,1301500,1576150,6436450,7676500,16990600,17092850,1385,5616300,2297600,2157450,0,3612,0,5,0
153,2756113825,2122,693400,1560600,6221700,7771150,16246850,16344800,1368,6063850,2891600,2742500,0,3292,0,5,0
154,2193869574,2123,709550,1545900,5805400,8553550,16614400,16721900,1552,5661500,2578650,1731400,0,3292,0,5,0
155,39089791,2124,689950,1549250,6083450,8286750,16609400,16715950,1495,5938500,2884900,2726050,0,2972,0,5,0
156,1158667078,2125,707150,2377700,5348650,8181050,16614550,16720250,1448,5195350,3050050,2901000,0,2972,0,5,0
157,4085879547,2126,693100,2268950,5516400,8141550,16620000,16722050,1442,5365050,2202250,2052600,0,2972,0,5,0
158,313686028,2127,1237550,1568450,6177950,7680250,16664200,16768400,1387,5367900,2190050,2059900,0,2972,0,5,0
159,3216587021,2128,695750,1550650,6083200,8234450,16564050,16666450,1469,5920600,2838150,2692300,0,2972,0,5,0
160,876009466,2129,713900,1540700,6044050,8316200,16614850,16720550,1503,5900050,2869200,2722450,0,2972,0,5,0
161,981002535,2130,709500,2444050,5332450,8132050,16618050,16718450,1384,5180850,3022650,2865500,0,2972,0,5,0
162,47529864,2131,703450,2271050,5041700,8604750,16620950,16722700,1562,4886750,2708850,2554700,0,2972,0,5,0
163,868088385,2132,1423900,1564750,5584750,8047150,16620550,16718950,1408,5428600,2195300,2050000,0,2972,0,5,0
164,2331947246,2133,699250,1557800,6104750,7836450,16198250,16718400,1413,5950200,2835050,2693250,0,2972,0,5,0
165,2168054517,2134,699300,1962150,6799200,7159300,16619950,16719150,1268,6647150,3035050,2876150,0,3612,0,5,0
166,3926666066,2135,707300,3007150,6145000,6756550,16616000,16717050,1183,5983200,3320950,3171950,0,3612,0,5,0
167,1177610667,2136,693400,2341950,5334850,8242650,16612850,16721000,1489,5182200,3008900,2850750,0,2972,0,5,0
168,3782405190,2137,704950,2710500,6834700,6368650,16618800,16719000,1195,6657850,2939500,2792750,0,3612,0,5,0
169,916405275,2138,1277450,1988100,14454850,15617450,33337850,33440750,2820,14276450,5702300,5503350,0,3612,0,5,0
170,1596582148,2139,714350,1552000,6079250,8266500,16612100,16717100,1490,5925150,2874250,2721250,0,2972,0,5,0
171,4199562603,2140,699350,2895800,6359400,6660500,16615050,16720500,1149,6191800,2469500,2333050,0,3612,0,5,0
172,3017986708,2141,700250,2729850,7017800,6165300,16613200,16718050,1152,6854500,3168800,3021450,0,3612,0,5,0
173,2654286289,2142,694250,2537900,6209700,7173950,16615800,16720100,1364,5399650,2188500,2041000,0,2972,0,5,0
174,1031695476,2143,1164900,1976650,7245700,6230250,16617500,16720750,1075,7062150,3391300,3237550,0,4252,0,5,0
175,2959877989,2144,695300,1975500,7159300,6784700,16614800,16718400,1194,7010150,3298750,3139750,0,4252,0,5,0
176,1566373458,2145,697700,1544450,6232100,8140200,16614450,16717200,1468,6089200,2987300,2829100,0,3612,0,5,0
177,3017804585,2146,686550,2789950,7274300,5868000,16618800,16720000,1090,7114600,2525450,2383100,0,3932,0,5,0
178,1442923286,2147,698150,2733200,6953950,6225450,16610750,16717000,1165,6791150,3018350,2875200,0,3932,0,5,0
179,959704087,2148,1307300,1569150,5569800,8647850,17094100,17199000,1126,5416300,2194550,2046100,0,2972,0,5,0
CSV_END

NV_DONE_75f3d0d65ca1=0
# 
CAPTURE: {"label": "fifo16-r0-s3600-retained", "elapsed_seconds": 21.521352277000915, "bytes_received": 21678, "command": "/tmp/fifo-bench --frames 180 --warmup 30 --wait spin --state-frame 3600 --retained --csv /tmp/fifo-case.csv --dump /tmp/fifo-check.rgb565; fifo_rc=$?; if [ \"$fifo_rc\" = 0 ]; then sha256sum /tmp/fifo-check.rgb565 /tmp/fifo-check.rgb565.expected; printf \"\\nCSV_BEGIN\\n\"; cat /tmp/fifo-case.csv; printf \"CSV_END\\n\"; fi; test \"$fifo_rc\" = 0", "command_exit": 0, "login_sent": false, "log": "/path/to/research/experiments/fifo-study-20261008/20261008T072010Z-fifo16-r0-s3600-retained.raw"}
