/tmp/fifo-bench --frames 180 --warmup 30 --wait spin --state-frame 1800  --csv /tmp/fifo-case.csv --dump /tmp/fifo-check.rgb565; fifo_rc=$?; if [ "$fifo_rc" = 0 ]; then sha256sum /tmp/fifo-check.rgb565 /tmp/fifo-check.rgb565.expected; printf "\nCSV_BEGIN\n"; cat /tmp/fifo-case.csv; printf "CSV_END\n"; fi; test "$fifo_rc" = 0; nv_status=$?; printf "\nNV_DONE_ca86fd83c352=%s\n" "$nv_status"
BEGIN_BREAKOUT frames=180 warmup=30 fixed=0 blocks=40 tiles=1 hud=1 wait=spin replay=0 state_frame=1800 profile=detailed pixel_centers=1 clock_call_ns=5429
HW_COUNTERS id=46490010 words=1086340 wait_cycles=7963159 longest_wait_cycles=3945 total_cycles=240759516 cpu_hz=20000000
RESULT frames=180 elapsed_s=12.037854000 fps=14.952831 logic_ms=0.870524 api_ms=18.004136 swap_ms=35.530268 wait_ms=12.335651 worker_inclusive_ms=35.306811 upload_inclusive_ms=8.217780 write_ms=7.983264 bytes_per_frame=24140.89 p50_ms=66.876750 p95_ms=67.124100 max_ms=67.283600 late_60hz=180 first_count=899 last_count=1078 state_hash=1022e19f remaining=21 score=190
RENDER_PATH retained=0 grouped=0 quads=10250 full_frames=180
FRAME_CHECK count=1078 address=9fe00000 fnv1a=9868c45b pixels=307200 mismatches=0
BREAKOUT_PASS
3dd0f3773c4c88e99236daa3e632c23fcf18c11cbc88b51789817c7aea3b6d59  /tmp/fifo-check.rgb565
3dd0f3773c4c88e99236daa3e632c23fcf18c11cbc88b51789817c7aea3b6d59  /tmp/fifo-check.rgb565.expected

CSV_BEGIN
frame,state_hash,display_count,logic_ns,api_ns,swap_ns,wait_ns,total_ns,completion_interval_ns,polls,worker_inclusive_ns,upload_inclusive_ns,write_ns,read_ns,write_bytes,read_bytes,write_calls,read_calls
0,2110160739,899,782050,18391250,36015600,11326900,66515800,66525050,2067,35824750,8376900,8161200,0,24452,0,5,0
1,1693181783,900,763850,17621750,35664500,12723400,66773500,66875700,2347,35482050,8067650,7849850,0,24452,0,5,0
2,802378003,901,768000,18025050,35769150,11799100,66361300,66878150,2159,35578800,8251550,8034150,0,24452,0,5,0
3,773631361,902,776200,18317650,35633800,12048950,66776600,66875550,2185,35437000,7914400,7709450,0,24452,0,5,0
4,3600043099,903,760850,18343000,35619950,12054000,66777800,66879700,2234,34892450,8127700,7904600,0,24452,0,5,0
5,1618316913,904,769050,18007500,35914950,12077850,66769350,66871800,2215,35731600,8261600,8054850,0,24452,0,5,0
6,201713393,905,806550,17896700,37908700,8761350,65373300,66883150,1594,37713300,8223650,8013250,0,24452,0,5,0
7,2011502881,906,772400,18482200,35978700,11539300,66772600,66875750,2111,35784300,8224950,8021450,0,24452,0,5,0
8,3125474025,907,763650,17669400,36245050,12400900,67079000,67179750,2194,36059000,8274750,8048600,0,24452,0,5,0
9,1342287211,908,766150,17617600,35563400,12527250,66474400,66573800,2306,35376100,8044400,7831900,0,24452,0,5,0
10,3857196809,909,767350,18338150,35448150,12223450,66777100,66876650,2219,35254600,8045850,7840200,0,24452,0,5,0
11,2240049260,910,767150,18142550,35084150,12784850,66778700,66881250,1072,34890350,7989500,7772750,0,24132,0,5,0
12,1815897908,911,805150,17597650,35237400,13124000,66764200,66874800,2430,35049200,8024150,7809350,0,24132,0,5,0
13,648884648,912,1314900,17351750,35199400,12907700,66773750,66873250,2367,35006650,8116950,7910750,0,24132,0,5,0
14,2931991803,913,768600,19580150,35625950,10803100,66777800,66878450,1953,35431500,8152650,7939700,0,24132,0,5,0
15,4227589206,914,756100,17389550,35135350,13665150,66946150,67045300,2461,34947750,7993200,7784100,0,24132,0,5,0
16,1986714807,915,758350,17271850,35034800,13543850,66608850,66707750,2525,34838400,7964000,7763150,0,24132,0,5,0
17,28333542,916,762150,17917600,35813550,12287500,66780800,66879600,2236,35622600,7975050,7771150,0,24132,0,5,0
18,842458438,917,753150,18186350,34707900,13123800,66771200,66875800,2350,34521800,8188600,7973050,0,24132,0,5,0
19,4035787358,918,759900,17340650,35346800,13332700,66780050,66879050,2475,35153650,8176850,7961700,0,24132,0,5,0
20,3966921526,919,1238000,17405900,35225700,12907700,66777300,66876350,2365,35032750,8336600,8128500,0,24132,0,5,0
21,3331783808,920,751850,18141250,35431800,12457700,66782600,66881150,1925,35243250,8114800,7921250,0,24132,0,5,0
22,1855912102,921,773950,17560150,35423300,13039450,66796850,66901750,2333,34508200,8031800,7818200,0,24132,0,5,0
23,3437663592,922,777350,17301050,35176300,13493850,66748550,66847350,2422,34979300,7969250,7764900,0,24132,0,5,0
24,3162062844,923,1390250,17401000,35398900,12590150,66780300,66880800,2298,35204950,8104800,7907100,0,24132,0,5,0
25,1213835568,924,751550,18180550,34643950,13199100,66775150,66875350,2364,34462850,8016150,7790400,0,24132,0,5,0
26,4133797692,925,757050,17402650,35429950,13188150,66777800,66876600,2386,35238500,8165400,7946100,0,24132,0,5,0
27,256876650,926,1293550,25271850,35608200,4605050,66778650,66877350,818,35410500,8290250,8080300,0,24452,0,5,0
28,482917404,927,752250,18163950,35351650,12506200,66774050,66875900,2312,35155800,8193000,7995450,0,24452,0,5,0
29,1264633954,928,760250,17396600,38240150,10382000,66779000,66879650,1871,38040100,8177150,7984300,0,24132,0,5,0
30,3606135978,929,760050,17822100,35276050,12919350,66777550,66876650,2390,35086600,7985000,7767500,0,24132,0,5,0
31,2630115922,930,1384450,17385650,35160850,12844600,66775550,66875850,2351,34971950,8097050,7890500,0,24132,0,5,0
32,3881483034,931,758850,18195200,35417250,12404100,66775400,66879650,2297,35219050,8660300,7731750,0,24132,0,5,0
33,2944919204,932,758800,17755150,35537850,13105400,67157200,67255650,2344,35362350,8152800,7949700,0,24132,0,5,0
34,646532490,933,763950,17515550,35288200,12822550,66390250,66494050,2348,35089650,8142200,7938100,0,24132,0,5,0
35,2877853796,934,755050,18015900,35225200,12778800,66774950,66879800,2372,35034250,8111500,7911100,0,24132,0,5,0
36,1922367648,935,811150,18718150,35619250,10927050,66075600,66876550,1985,35427050,8224750,8010700,0,24132,0,5,0
37,1795563108,936,763500,19755300,35267850,10987400,66774050,66879100,2094,34548050,8256150,8031200,0,24132,0,5,0
38,214631552,937,1298750,17509450,34949450,13019150,66776800,66876550,2383,34750400,8098150,7888400,0,24132,0,5,0
39,1929726190,938,755500,18185200,36087150,11745050,66772900,66874350,2156,35896350,8127250,7924600,0,24132,0,5,0
40,1190506064,939,758600,17482500,35411000,13373250,67025350,67124100,2398,35219700,8169700,7961100,0,24132,0,5,0
41,3268351150,940,768300,17375300,35317550,13074300,66535450,66634050,2398,35121900,8118850,7912650,0,24132,0,5,0
42,118037070,941,753650,17778400,43234400,5010900,66777350,66877350,934,43044850,8055600,7839950,0,24132,0,5,0
43,1955195062,942,759250,18120000,37621000,10276300,66776550,66875950,1844,37424350,8024650,7820250,0,24132,0,5,0
44,1797432467,943,756550,17487450,35338100,13196900,66779000,66878500,2128,35145750,8173650,7957550,0,24132,0,5,0
45,1035442557,944,1322750,17373800,35507150,12567300,66771000,66876400,2291,35306500,7962650,7757800,0,24132,0,5,0
46,2267612867,945,755250,18221600,35277500,12521650,66776000,66876500,2320,35088600,7984950,7795200,0,24132,0,5,0
47,1217717069,946,756450,17387650,35538100,13191750,66873950,66973100,2361,35357750,8158850,7942950,0,24132,0,5,0
48,1461268009,947,758450,17464700,35651350,12802750,66677250,66776300,2339,35449650,8545600,8318150,0,24132,0,5,0
49,2370304197,948,1408850,17290100,35561650,12522900,66783500,66882000,2314,35368950,8236550,8040950,0,24132,0,5,0
50,655561417,949,757300,18276300,34712250,13029650,66775500,66874300,2324,34519250,8153650,7927100,0,24132,0,5,0
51,524675839,950,757700,17378050,35390300,13254250,66780300,66879300,2373,35206750,8045250,7829400,0,24452,0,5,0
52,1155835041,951,1224400,17494250,36806350,11249050,66774050,66874700,2011,36606500,8139800,7937600,0,24452,0,5,0
53,214853719,952,768250,18173600,35159700,12676800,66778350,66878450,2351,34970500,7960400,7770000,0,24132,0,5,0
54,3035389575,953,763700,17423350,35316050,13360550,66863650,66962500,2306,35126900,8152750,7943850,0,24132,0,5,0
55,1549109231,954,767150,17456550,35150800,13318000,66692500,66792200,2447,34956700,7972050,6991900,0,24132,0,5,0
56,66132623,955,1404400,17276250,35573950,12521550,66776150,66876750,2312,35378400,8244050,8043250,0,24132,0,5,0
57,3504604473,956,760150,18217850,34669200,13342650,66989850,67088650,1084,34483800,8010650,7783750,0,24132,0,5,0
58,1691498415,957,801350,18792400,34440350,12520550,66554650,66668200,2307,34252500,8037100,7836600,0,24132,0,5,0
59,4055346753,958,782600,17476800,35230200,12868500,66358100,66875200,2353,35039800,8135050,7933800,0,24132,0,5,0
60,4185240021,959,760200,19881650,35269400,10862500,66773750,66876050,1964,35082850,8154400,7946200,0,24132,0,5,0
61,380494641,960,761800,18392850,34806150,12818600,66779400,66879500,2288,34625900,8197100,7994050,0,24132,0,5,0
62,648826037,961,765200,17436550,35198200,13379000,66778950,66877700,2462,35000900,8111050,7911350,0,24132,0,5,0
63,457329003,962,1365500,17200750,35149900,13060000,66776150,66876450,2428,34960750,8162600,7968400,0,24132,0,5,0
64,3359035981,963,761350,18519200,35219250,12273000,66772800,66873000,2271,35028250,7973850,7785300,0,24132,0,5,0
65,1526400123,964,766050,17352350,35355500,13637800,67111700,67213550,2450,35174400,8147900,7934800,0,24132,0,5,0
66,1691524227,965,805350,17736750,35068400,12126800,65737300,66543200,2193,34880700,8129850,7914400,0,24132,0,5,0
67,1475349003,966,758500,17853300,35921850,12241150,66774800,66881000,1895,35727550,8112200,7916150,0,24132,0,5,0
68,485644907,967,781750,18180250,34679050,13125200,66766250,66876150,2351,34486350,8180050,7967500,0,24132,0,5,0
69,1050479637,968,767250,17479300,35227400,13299700,66773650,66874850,2440,35038000,8142800,7937000,0,24132,0,5,0
70,3204525547,969,1318400,17234650,35411400,12814250,66778700,66878850,2375,35215050,7955850,7758350,0,24132,0,5,0
71,4185398997,970,758100,18153500,35205300,12656950,66773850,66877300,2348,35014500,8660450,8430650,0,24132,0,5,0
72,3094072225,971,766150,17395050,35259400,13538650,66959250,67058250,2433,35061550,8151850,7941350,0,24132,0,5,0
73,1835371693,972,763700,25676000,35819900,4333150,66592750,66693600,782,35617300,8343550,8133150,0,24132,0,5,0
74,2168771505,973,759900,17836000,34999650,13183750,66779300,66879000,2457,34810200,7942250,7739900,0,24132,0,5,0
75,4059398759,974,758850,18126500,37247350,10640500,66773200,66874550,1919,37053350,8246800,8051400,0,24452,0,5,0
76,644479865,975,761200,17463850,35540800,13013700,66779550,66878500,2378,35356500,8459450,8242400,0,24452,0,5,0
77,1914197423,976,1268150,17246500,35222550,13042850,66780050,66879050,2417,35018950,8227550,8033250,0,24132,0,5,0
78,430804047,977,762000,18040000,35177950,12795950,66775900,66875000,2373,34987550,8672600,8436100,0,24132,0,5,0
79,3866048775,978,758300,17258800,35280750,13521150,66819000,66917800,2336,35095600,8133100,7926500,0,24132,0,5,0
80,7140231,979,779200,17489900,34845300,13624300,66738700,66838600,2508,34643950,7976200,7773000,0,24132,0,5,0
81,1511961547,980,1384250,17266300,35455700,12668250,66774500,66874950,2344,35264600,8074700,7879250,0,24132,0,5,0
82,376629139,981,762650,18195200,34691700,13128300,66777850,66878850,2262,34502200,8141150,7915100,0,24132,0,5,0
83,1861594235,982,769650,19803500,35182650,11018700,66774500,66874700,2065,34986450,8031000,7827800,0,24132,0,5,0
84,1702339483,983,1243800,17273100,35091250,13168750,66776900,66877000,2445,34893000,8237650,8033550,0,24132,0,5,0
85,966101579,984,757100,18110450,35130850,12780050,66778450,66877550,2375,34936750,7951450,7761000,0,24132,0,5,0
86,2786182811,985,758300,18730450,34051250,13240450,66780450,66879650,2372,33862050,7874700,7668100,0,24132,0,5,0
87,3655782539,986,761450,17460950,34982450,13568400,66773250,66874100,2497,34785600,7958900,7755000,0,24132,0,5,0
88,3735461922,987,1387350,17281900,43398200,4708500,66775950,66877300,866,43194200,8190700,7989550,0,24132,0,5,0
89,270833838,988,764100,18539050,35314450,12156300,66773900,66876600,2245,35124500,7995850,7813100,0,24132,0,5,0
90,930095294,989,764800,17488400,34943200,13988250,67184650,67283600,2167,34747750,8110750,7900100,0,24132,0,5,0
91,1273808962,990,782850,17389750,35070550,13116500,66359650,66472650,2431,34879250,8119850,7915600,0,24132,0,5,0
92,1953673858,991,762150,18389150,35337100,12286500,66774900,66875500,2262,35144100,8075250,7878100,0,24132,0,5,0
93,4057475070,992,763950,18180200,34465100,13369600,66778850,66880050,2398,34268450,8171650,7963000,0,24132,0,5,0
94,3372198854,993,764300,17519400,34708000,13783000,66774700,66876650,2538,34511100,7967350,7764050,0,24132,0,5,0
95,2335202154,994,1322600,17223850,35641500,12585400,66773350,66876500,2326,35443950,7941100,7747850,0,24132,0,5,0
96,2170853250,995,1635200,17333350,35317900,11791900,66078350,66877500,2164,35128100,8139950,7934650,0,24132,0,5,0
97,1829955022,996,763250,17504400,34741650,14025300,67034600,67139200,2503,34557750,7972650,7764050,0,24132,0,5,0
98,1856045454,997,760150,17370600,37932150,10447600,66510500,66613600,1976,37204150,8374100,8154950,0,24132,0,5,0
99,2544683154,998,773000,17892300,35224200,12887450,66776950,66875900,2394,35039200,8039800,7853400,0,24452,0,5,0
100,1531444578,999,767450,18302500,34387000,13323750,66780700,66881500,2388,34192950,8055400,7849350,0,24452,0,5,0
101,1139277022,1000,765400,17565050,35563950,12879500,66773900,66872450,2345,35377750,8158550,7952150,0,24132,0,5,0
102,2614530982,1001,1293200,17238150,35027800,13220350,66779500,66879550,2458,34838550,8087350,7887850,0,24132,0,5,0
103,464765994,1002,768900,18167900,44072200,3765300,66774300,66873400,669,43880200,14988500,14685450,0,24132,0,5,0
104,1592019490,1003,770100,17667750,35510650,12965000,66913500,67011300,2282,34607650,8399800,8190550,0,24132,0,5,0
105,66207950,1004,755150,17429550,35344000,13117800,66646500,66745300,2431,35150100,8121150,7391500,0,24132,0,5,0
106,2639428798,1005,1376050,19102300,35339850,10959000,66777200,66876250,1982,35155900,8166200,7960550,0,24132,0,5,0
107,1495915330,1006,760550,18256500,34503600,13258450,66779100,66878150,2289,34328750,8023550,7809900,0,24132,0,5,0
108,4079891938,1007,776350,17643950,35023500,13334100,66777900,66878100,2442,34834200,8019250,7804900,0,24132,0,5,0
109,1204987230,1008,1235550,17220800,35151300,13171800,66779450,66879650,2447,34960150,8090850,7894450,0,24132,0,5,0
110,949029318,1009,760200,18107600,35315850,12590300,66773950,66872650,2242,35117200,7989250,7795000,0,24132,0,5,0
111,2727127274,1010,765650,18284350,34351050,13375900,66776950,66878550,2364,34176100,8161700,7956600,0,24132,0,5,0
112,2443393666,1011,754950,17360400,35032650,13626200,66774200,66876450,2539,34836900,8117750,7913350,0,24132,0,5,0
113,434260526,1012,1411550,17195900,36780800,11389450,66777700,66876450,2027,36586650,9374800,9166500,0,24132,0,5,0
114,2637634158,1013,773900,18865250,35064950,12073950,66778050,66881400,2225,34876350,8028150,7830150,0,24132,0,5,0
115,4248248050,1014,756700,17469050,34943050,13603900,66772700,66871550,2500,34757350,8116650,7911150,0,24132,0,5,0
116,663154818,1015,752600,17337600,35127300,13135750,66353250,66881000,2441,34934150,7956800,7755850,0,24132,0,5,0
117,1461428606,1016,760150,18425300,35390300,12202000,66777750,66876750,2248,35196100,8085250,7891100,0,24132,0,5,0
118,3252362022,1017,758850,18260550,34504600,13253600,66777600,66878700,2344,34315250,8155050,7947350,0,24132,0,5,0
119,2423015338,1018,754700,25377050,35479500,5164050,66775300,66876700,954,35290750,8201450,7996950,0,24132,0,5,0
120,507309730,1019,1357950,17520450,35181950,12714050,66774400,66873900,2352,34988000,8097800,7902400,0,24132,0,5,0
121,2882991293,1020,758750,18340100,36994750,10683200,66776800,66877050,1928,36803450,8137150,7936250,0,24132,0,5,0
122,3682963569,1021,758850,17623900,35217300,13501400,67101450,67200350,2393,35029800,8164850,7949100,0,24132,0,5,0
123,1404881069,1022,752950,17244900,35919450,12537500,66454800,66554650,2307,35736500,8165400,7955700,0,24452,0,5,0
124,624513273,1023,757350,17945600,35504300,12567400,66774650,66874950,2325,35307400,8110300,7914800,0,24452,0,5,0
125,484090933,1024,757100,18212400,34517900,13294800,66782200,66883300,2348,34338100,8046100,7829600,0,24132,0,5,0
126,2330053545,1025,763050,17357150,35576700,13074950,66771850,66874700,2421,35381350,8153200,7937650,0,24132,0,5,0
127,3891445269,1026,800450,17507250,35006600,12112950,65427250,66873850,2221,34819050,7851450,7638550,0,24132,0,5,0
128,1947616753,1027,757550,18288500,35124550,12605500,66776100,66878250,2337,34929050,8655000,7721350,0,24132,0,5,0
129,965975981,1028,763550,19859450,35700000,10634700,66957700,67056200,1919,35499900,7975400,7781050,0,24132,0,5,0
130,2786931617,1029,753450,17435450,34983850,13430250,66603000,66701700,2499,34790700,7967400,7759400,0,24132,0,5,0
131,4011087213,1030,771450,17846200,35341600,12820050,66779300,66877850,2377,35151700,8059600,7857800,0,24132,0,5,0
132,3703868376,1031,757900,18380600,34706050,12931050,66775600,66874550,2272,34513350,8555950,8344400,0,24132,0,5,0
133,212089708,1032,755250,17365500,35099600,13559900,66780250,66878900,2525,34905750,8291800,8086550,0,24132,0,5,0
134,737348112,1033,1231650,17231150,43382350,4930500,66775650,66874550,912,43184000,7942350,7734050,0,24132,0,5,0
135,1465149204,1034,760350,18199300,35362800,12453050,66775500,66877000,2284,35162900,8936800,8025300,0,24132,0,5,0
136,3549792448,1035,760050,17607900,37640750,10811650,66820350,66917950,1938,36737950,10677400,10441900,0,24132,0,5,0
137,3053421220,1036,775700,17361750,35308750,13288200,66734400,66836750,2470,35112200,8131600,7928450,0,24132,0,5,0
138,904563048,1037,1390450,17198200,35507800,12681900,66778350,66876800,2258,35314500,8087650,7891000,0,24132,0,5,0
139,1363341148,1038,767750,18290350,34486850,13232100,66777050,66877000,2338,34305200,8203500,7982750,0,24132,0,5,0
140,3357813192,1039,755700,17418550,35091900,13510600,66776750,66876750,2506,34894250,8139350,7923850,0,24132,0,5,0
141,1376589724,1040,1216450,17211350,35199050,13151450,66778300,66877400,2440,35007450,8115350,7914400,0,24132,0,5,0
142,2806738240,1041,760900,18534550,34950300,12536250,66782000,66880900,2319,34756350,8024650,7827800,0,24132,0,5,0
143,1863420068,1042,761400,18190500,34257350,13568800,66778050,66876600,2407,34067550,8130500,7918800,0,24132,0,5,0
144,2368389248,1043,756050,17427100,37754700,10838150,66776000,66876150,2062,37026150,8274800,8036000,0,24132,0,5,0
145,3624800580,1044,1397400,17653000,35128800,12599600,66778800,66878000,2329,34935250,7961250,7762950,0,24132,0,5,0
146,2708332264,1045,764550,18435050,34261450,13315750,66776800,66875850,2355,34070950,8207450,7994300,0,24132,0,5,0
147,3643166428,1046,767400,17431750,35363050,13597550,67159750,67259800,2449,35182350,8373900,8158650,0,24452,0,5,0
148,1604903896,1047,759550,17666650,35216100,12750850,66393150,66493600,2358,35018850,8079150,7875800,0,24452,0,5,0
149,499105388,1048,770300,18175800,41246600,6586700,66779400,66879350,1162,41057200,11805200,11523700,0,24132,0,5,0
150,3393190256,1049,768500,18473650,34633900,12902650,66778700,66876400,2270,34440600,8211800,7994000,0,24132,0,5,0
151,1752164884,1050,759450,17453150,35787000,12776200,66775800,66875900,2358,35600400,8129900,7915500,0,24132,0,5,0
152,112950176,1051,1313350,19027700,35408750,11025400,66775200,66876250,1997,34504950,8176600,7968500,0,24132,0,5,0
153,218377828,1052,763850,18434000,35246650,12331750,66776250,66877000,2249,35051700,7979900,7789800,0,24132,0,5,0
154,1614877672,1053,761850,17515250,35590400,13154150,67021650,67124250,2355,35399800,8143450,7928400,0,24132,0,5,0
155,624660060,1054,756100,17358850,35384000,13026000,66524950,66629700,2414,35186600,8120250,7918550,0,24132,0,5,0
156,1646146728,1055,764650,17995200,35022300,12997600,66779750,66879650,2416,34830100,7976800,7781050,0,24132,0,5,0
157,2550301372,1056,765950,18413650,34772100,12822750,66774450,66876400,2248,34587350,8024200,7807650,0,24132,0,5,0
158,172327680,1057,759000,17444850,35252550,13316050,66772450,66875150,2469,35060700,8163900,7948550,0,24132,0,5,0
159,28774455,1058,1308100,17063150,36174000,12237750,66783000,66881500,2250,35973800,9309150,8358650,0,23812,0,5,0
160,1278562831,1059,775750,18258550,34990950,12750050,66775300,66873000,2332,34801150,8877400,8645350,0,23812,0,5,0
161,1878041307,1060,758450,17258300,34889450,13983700,66889900,66988400,2527,34698250,8099650,7887500,0,23812,0,5,0
162,2842495315,1061,753850,17163050,34783750,13970600,66671250,66770200,2611,34590100,8060750,7854150,0,23812,0,5,0
163,942955647,1062,1376100,19272450,35289650,10836800,66775000,66873550,1938,34376600,8401900,8191700,0,23812,0,5,0
164,3104849743,1063,757750,18196450,34076550,13770900,66801650,66898950,2335,33886300,7936850,7728250,0,23812,0,5,0
165,2914266731,1064,762950,24088200,35204600,6700600,66756350,66857250,1278,35010200,8061400,7875500,0,23812,0,5,0
166,4064468955,1065,1218950,17074500,34838400,13647450,66779300,66878600,2467,34640350,7989400,7786900,0,23812,0,5,0
167,3195515191,1066,772150,18117550,36667600,11216400,66773700,66873950,2003,36474200,7960550,7756200,0,23812,0,5,0
168,978211615,1067,747900,17306900,35145900,13576700,66777400,66878100,2438,34958000,8290300,8073650,0,24132,0,5,0
169,2835071531,1068,766750,17227350,35118800,13667300,66780200,66879300,2545,34925150,8121300,7917600,0,24132,0,5,0
170,2067386771,1069,1700200,17229100,34555000,13289950,66774250,66873750,2476,34363700,7990650,7798300,0,24132,0,5,0
171,1313815599,1070,760100,18196300,34346550,13478600,66781550,66880550,2385,34164150,8125450,7916050,0,23812,0,5,0
172,2403178911,1071,750900,17233600,34870650,13919400,66774550,66874600,2594,34673550,7959600,7256050,0,23812,0,5,0
173,2922328731,1072,762800,17551350,35002900,13033550,66350600,66876500,2416,34801250,7930250,7730200,0,23812,0,5,0
174,984914827,1073,754400,18013450,34046700,13965000,66779550,66879000,2485,33860250,7956300,7734550,0,23812,0,5,0
175,3908989879,1074,753200,19525500,33877200,12617550,66773450,66873800,2238,33679650,7995250,7772300,0,23812,0,5,0
176,3999582383,1075,752050,17568850,34993100,13466850,66780850,66879950,2502,34798950,8071600,7859700,0,23812,0,5,0
177,407226939,1076,1352900,17204450,34619500,13602600,66779450,66878250,2538,34431000,7915450,7708600,0,23812,0,5,0
178,1756548563,1077,753150,18182300,34215800,13625100,66776350,66875450,2417,34026900,8107200,7897450,0,23812,0,5,0
179,270721439,1078,753400,17235000,35498000,13611150,67097550,67199100,2445,35309900,8112950,7903400,0,23812,0,5,0
CSV_END

NV_DONE_ca86fd83c352=0
# 
CAPTURE: {"label": "fifo16-r0-s1800-full", "elapsed_seconds": 32.12651998900037, "bytes_received": 22462, "command": "/tmp/fifo-bench --frames 180 --warmup 30 --wait spin --state-frame 1800  --csv /tmp/fifo-case.csv --dump /tmp/fifo-check.rgb565; fifo_rc=$?; if [ \"$fifo_rc\" = 0 ]; then sha256sum /tmp/fifo-check.rgb565 /tmp/fifo-check.rgb565.expected; printf \"\\nCSV_BEGIN\\n\"; cat /tmp/fifo-case.csv; printf \"CSV_END\\n\"; fi; test \"$fifo_rc\" = 0", "command_exit": 0, "login_sent": false, "log": "/path/to/research/experiments/fifo-study-20261008/20261008T071750Z-fifo16-r0-s1800-full.raw"}
