/tmp/fifo-bench --frames 180 --warmup 30 --wait spin --state-frame 3600  --csv /tmp/fifo-case.csv; fifo_rc=$?; if [ "$fifo_rc" = 0 ]; then  printf "\nCSV_BEGIN\n"; cat /tmp/fifo-case.csv; printf "CSV_END\n"; fi; test "$fifo_rc" = 0; nv_status=$?; printf "\nNV_DONE_64732237dfe4=%s\n" "$nv_status"
BEGIN_BREAKOUT frames=180 warmup=30 fixed=0 blocks=40 tiles=1 hud=1 wait=spin replay=0 state_frame=3600 profile=detailed pixel_centers=1 clock_call_ns=5942
HW_COUNTERS id=46490010 words=842580 wait_cycles=8299539 longest_wait_cycles=3933 total_cycles=180563787 cpu_hz=20000000
RESULT frames=180 elapsed_s=9.028058450 fps=19.937842 logic_ms=0.765761 api_ms=12.829337 swap_ms=27.986397 wait_ms=8.422892 worker_inclusive_ms=27.768404 upload_inclusive_ms=7.179076 write_ms=6.949713 bytes_per_frame=18724.00 p50_ms=50.158000 p95_ms=50.366000 max_ms=51.591550 late_60hz=180 first_count=3895 last_count=4074 state_hash=3933ec17 remaining=6 score=340
RENDER_PATH retained=0 grouped=0 quads=7380 full_frames=180
BREAKOUT_PASS

CSV_BEGIN
frame,state_hash,display_count,logic_ns,api_ns,swap_ns,wait_ns,total_ns,completion_interval_ns,polls,worker_inclusive_ns,upload_inclusive_ns,write_ns,read_ns,write_bytes,read_bytes,write_calls,read_calls
0,3653798554,3895,686350,13195450,27712700,8194750,49789250,49800550,1510,27529900,7200950,7024300,0,18692,0,5,0
1,4254654458,3896,675550,12484650,27812000,9082200,50054400,50160850,1685,27626900,7196900,7006750,0,18692,0,5,0
2,258432485,3897,680300,13083750,28138150,8143500,50045700,50154800,1498,27954900,7187200,7011500,0,18692,0,5,0
3,872827290,3898,670400,12517200,27732900,9132800,50053300,50158900,1696,27543800,7205850,7022200,0,18692,0,5,0
4,30312805,3899,1301950,12480750,27628050,8640950,50051700,50160250,1604,27451800,7200500,7022700,0,18692,0,5,0
5,4016430808,3900,673650,12507900,27671400,9192850,50045800,50154650,1703,27480150,7170000,6977900,0,18692,0,5,0
6,3012967645,3901,711450,12682900,27995450,7321300,48711100,50159850,1315,27802750,7194550,7006300,0,18692,0,5,0
7,3593359732,3902,686650,14858150,27662550,6842750,50050100,50157350,1312,27467700,7070950,6892400,0,18692,0,5,0
8,2714884843,3903,678250,12573350,27893150,8486050,49630800,50156850,1564,27699750,7400400,7215100,0,19012,0,5,0
9,1754706848,3904,674800,12473650,27666100,9383100,50197650,50303850,1653,27465150,7369350,7157100,0,19012,0,5,0
10,634139175,3905,673400,12465350,28108800,8657350,49904900,50011000,1594,27917600,7357850,7170650,0,18692,0,5,0
11,2225001302,3906,673250,12408650,27311500,9659300,50052700,50162500,1685,27124050,7068000,6866100,0,18692,0,5,0
12,3881591779,3907,684650,17644800,30478500,1239800,50047750,50154950,249,30290700,7353500,7160150,0,18692,0,5,0
13,2688998526,3908,671800,13221700,26573650,9593300,50060450,50155200,1671,26382550,6391450,6196950,0,18692,0,5,0
14,3733755993,3909,684400,12553450,27635550,9181850,50055250,50162700,1658,27446950,7343050,7148650,0,18692,0,5,0
15,4110562030,3910,669550,12950300,26996900,9433500,50050250,50152900,1643,26819300,6647900,6469500,0,18692,0,5,0
16,2165534041,3911,671900,12550800,27450150,9383050,50055900,50161450,1745,27258450,7207150,7020800,0,18692,0,5,0
17,51482660,3912,1413200,12398000,29625500,6611200,50047900,50153900,1167,29431950,7055900,6857550,0,18692,0,5,0
18,1808653113,3913,672350,12727550,27420000,9238550,50058450,50163750,1646,27227500,7180600,6989300,0,18692,0,5,0
19,3012136936,3914,1289950,12578250,27811250,8365800,50045250,50155700,1538,27628100,7210950,7033100,0,18692,0,5,0
20,1547905167,3915,683250,12677350,27164800,9525450,50050850,50155850,1769,26984650,7050500,6853000,0,18692,0,5,0
21,2010544228,3916,680100,12571900,27622400,8776250,49650650,50160050,1625,27436950,7216550,7040850,0,18692,0,5,0
22,2331187115,3917,681850,12603600,27296000,9571300,50152750,50258000,1698,27109500,7060950,6861100,0,18692,0,5,0
23,591091010,3918,673100,13006300,27418200,8856100,49953700,50058750,1640,27228550,7045900,6859350,0,18692,0,5,0
24,3337222943,3919,678750,12446900,27524600,9402000,50052250,50158200,1660,27332900,7201850,7003600,0,18692,0,5,0
25,541067522,3920,670450,12443200,27815800,9119000,50048450,50155250,1693,27624800,7046200,6857250,0,18692,0,5,0
26,1909576061,3921,676600,12361800,27750000,9263050,50051450,50158750,1632,26820000,6609450,6438750,0,18692,0,5,0
27,3576416482,3922,685150,12764850,30438500,6161750,50050250,50157550,1172,30250800,7203500,7030750,0,18692,0,5,0
28,2786439485,3923,677450,13023550,27082250,9270000,50053250,50158950,1633,26889300,6689400,6517350,0,18692,0,5,0
29,1931780192,3924,673850,12491550,27745000,9137550,50047950,50157950,1692,27556100,7159650,6967900,0,18692,0,5,0
30,1799980229,3925,1305050,12508100,27587600,8645500,50046250,50153500,1603,27405750,7059550,6881500,0,18692,0,5,0
31,3538847580,3926,672350,12497450,27999950,8885250,50055000,50159600,1639,27808500,7045400,6846350,0,18692,0,5,0
32,3831628403,3927,1187450,12501150,35858500,500100,50047200,50156750,97,35653100,9669150,9425150,0,19012,0,5,0
33,1903038664,3928,682150,12612450,27725750,9409300,50429650,50524250,1663,27528450,7105000,6903750,0,19012,0,5,0
34,3410263823,3929,670150,12507700,27894250,8611650,49683750,49793150,1589,27711800,7225250,7037500,0,18692,0,5,0
35,3263986894,3930,678100,12428950,27951750,9034200,50093000,50203600,1582,27765850,6389400,6211500,0,18692,0,5,0
36,2175892875,3931,716800,12654200,27666200,8263700,49300900,50109400,1514,27473800,7358450,7170500,0,18692,0,5,0
37,1813748966,3932,674000,12403450,29744800,7228400,50050650,50160850,1303,29547650,9378050,8440700,0,18692,0,5,0
38,833434417,3933,684750,12580900,27854100,8932650,50052400,50156350,1646,27662000,7334600,7144600,0,18692,0,5,0
39,4097282166,3934,673350,12368750,27893250,9110300,50045650,50159100,1566,26992100,6634800,6458200,0,18692,0,5,0
40,192773425,3935,666550,12590900,27414950,9375950,50048350,50157450,1715,27231200,7069200,6875050,0,18692,0,5,0
41,858826700,3936,684500,12955400,26981700,9432000,50053600,50161400,1636,26806050,6540650,5629250,0,18692,0,5,0
42,1950483681,3937,670150,12622650,27469150,9283450,50045400,50154350,1696,27280850,7228550,7031100,0,18692,0,5,0
43,575738928,3938,1304650,12468950,27919000,8359550,50052150,50160550,1495,27737800,7386100,7202950,0,18692,0,5,0
44,1359536727,3939,670600,12611950,27466150,9298550,50047250,50155500,1719,27284500,7188500,7002800,0,18692,0,5,0
45,3117637717,3940,1294900,12441200,27762800,8555300,50054200,50160900,1576,27577050,7226550,7044650,0,18692,0,5,0
46,2557278958,3941,676050,12685750,27025450,9969250,50356500,50463700,1777,26842650,6894700,6692900,0,18692,0,5,0
47,3928984507,3942,669750,12575050,27682100,8817350,49744250,49851100,1323,27499700,7229500,7047250,0,18692,0,5,0
48,3279099526,3943,687900,12831800,27443600,9075400,50038700,50157500,1593,27249100,6507750,6330650,0,18692,0,5,0
49,3402996575,3944,672950,12660400,27844900,8872400,50050650,50157700,1640,27646150,7236400,7030600,0,18692,0,5,0
50,1848951628,3945,680200,13401200,26534550,9432650,50048600,50156050,1666,26353600,6399400,6233250,0,18692,0,5,0
51,3328119971,3946,677750,12677250,27477550,9216350,50048900,50156850,1709,27280350,7101700,6909200,0,18692,0,5,0
52,536923704,3947,676000,13742700,27629200,8000300,50048200,50156750,1465,27442300,7202050,7025650,0,18692,0,5,0
53,991563721,3948,676450,20150050,27693250,1530900,50050650,50158500,309,27499550,7088050,6888950,0,18692,0,5,0
54,2482503020,3949,668450,13213900,27760550,8418100,50061000,50160050,1553,27570350,7196350,7017550,0,18692,0,5,0
55,3320786401,3950,673600,12549650,27768600,9061650,50053500,50160250,1673,27583300,7178750,6990500,0,18692,0,5,0
56,1307572882,3951,1273500,12827250,27936900,8216750,50254400,50362100,1202,27747850,7259500,7070500,0,19012,0,5,0
57,1045847897,3952,684900,13023250,27665000,8463800,49836950,49952650,1547,27465600,6453150,6267150,0,19012,0,5,0
58,2886179050,3953,1150300,14045850,27643050,7209050,50048250,50155200,1292,27449450,7188600,6988550,0,18692,0,5,0
59,961732807,3954,667450,12457900,27616450,9560200,50302000,50412200,1697,27431750,7194750,6969800,0,18692,0,5,0
60,1947062354,3955,675150,12488650,28024000,8609350,49797150,49904650,1588,27832550,7043950,6856600,0,18692,0,5,0
61,2075511931,3956,675350,12447850,27625550,9302500,50051250,50158750,1637,27435950,7200700,6996900,0,18692,0,5,0
62,2408546800,3957,670800,12509800,27842100,9026350,50049050,50156300,1674,27656350,7226350,7037450,0,18692,0,5,0
63,460493639,3958,669700,12405900,27457000,9517200,50049800,50159200,1683,27271100,7208400,6180300,0,18692,0,5,0
64,1463678916,3959,667050,12510050,28230000,8640050,50047150,50156050,1589,28037000,7334750,7141850,0,18692,0,5,0
65,3795713909,3960,671350,13021650,27165250,9186350,50044600,50156850,1609,26977900,6765600,6583200,0,18692,0,5,0
66,1056688136,3961,668550,12511750,27472950,9399450,50052700,50162050,1745,27287950,7161600,6974750,0,18692,0,5,0
67,202923725,3962,710500,12562100,27595200,7687250,48555050,50155550,1393,27393000,7178300,6972650,0,18692,0,5,0
68,4012539606,3963,678950,12558750,30732900,6073450,50044050,50155600,1144,30541400,7348050,7167200,0,18692,0,5,0
69,1087445485,3964,1229650,12441200,27627450,8748350,50046650,50160150,1593,27434000,7064550,6871800,0,18692,0,5,0
70,491589414,3965,671450,12531150,27393550,9455750,50051900,50158350,1730,27197450,7176850,6988000,0,18692,0,5,0
71,1293200275,3966,676100,12499650,27749650,8669200,49594600,50156150,1576,27560800,7217650,7039600,0,18692,0,5,0
72,1737595726,3967,666850,12524750,27204700,9986750,50383050,50491850,1671,27023950,7061400,6865100,0,18692,0,5,0
73,2173390039,3968,673000,12501250,35788700,753250,49716200,49824550,149,35600750,7233900,7042750,0,18692,0,5,0
74,2060004372,3969,678950,12724500,27499350,9159550,50062350,50158850,1610,27306400,6498300,6320450,0,18692,0,5,0
75,668607547,3970,668050,12556450,27820500,9006800,50051800,50158800,1671,27633950,7198050,7013800,0,18692,0,5,0
76,3409034624,3971,670700,13279800,27014450,9082000,50046950,50154500,1539,26833400,6642750,6471950,0,18692,0,5,0
77,66914193,3972,674050,12662000,27681300,9033350,50050700,50161300,1674,27492650,7204200,7018800,0,18692,0,5,0
78,2553907572,3973,669600,13324600,29435850,6619250,50049300,50156750,1173,29244600,7278300,7076400,0,18692,0,5,0
79,890390073,3974,673500,12621500,27623800,9131600,50050400,50159350,1696,27421950,7207500,7003400,0,18692,0,5,0
80,2223873098,3975,1288200,12674700,27711050,8373600,50047550,50154950,1545,27526950,7251100,7074950,0,19012,0,5,0
81,2336881585,3976,675200,12874500,27799150,8703500,50052350,50160100,1601,27613400,7247250,7038500,0,19012,0,5,0
82,4135459074,3977,1219200,12469400,27895150,8459650,50043400,50153700,1561,27713600,7208000,7028250,0,18692,0,5,0
83,1986260127,3978,673100,12447350,27727500,9205150,50053100,50158550,1706,27541500,7201000,7000550,0,18692,0,5,0
84,353344474,3979,666950,12583100,27720050,8670200,49640300,50162100,1602,27534350,7079750,6101850,0,18692,0,5,0
85,3169575603,3980,672700,12460150,27985900,9068300,50187050,50294450,1597,27798450,6496400,6317250,0,18692,0,5,0
86,210205944,3981,668100,12516050,27759200,8969300,49912650,50020150,1664,27576450,7213950,7033600,0,18692,0,5,0
87,1677393503,3982,669900,12429450,27605150,9343850,50048350,50157850,1653,27418500,7202950,7001100,0,18692,0,5,0
88,3832728684,3983,668500,12480300,29017750,7880800,50047350,50154850,1386,28826500,8540700,8344050,0,18692,0,5,0
89,2074852568,3984,687350,12395500,28834550,8132150,50049550,50162000,1498,27922950,7203250,7029300,0,18692,0,5,0
90,1464943173,3985,667450,12565950,27401900,9414050,50049350,50153700,1756,27207300,7034800,6848450,0,18692,0,5,0
91,315990800,3986,673950,12996850,26940500,9442500,50053800,50159700,1674,26762600,6605150,6431800,0,18692,0,5,0
92,1451405891,3987,663400,12573450,27554600,9260250,50051700,50158600,1722,27371500,7362950,7175500,0,18692,0,5,0
93,3196408848,3988,1269000,12436850,27992000,8559350,50257200,50366000,579,27811950,7191950,7009300,0,18692,0,5,0
94,141073587,3989,711300,15376050,27676750,6060450,49824550,49950200,1147,27488150,7222100,7030200,0,18692,0,5,0
95,3576439062,3990,1206400,12573650,27899750,8363950,50043750,50156150,1536,27703500,7341600,7151450,0,18692,0,5,0
96,2798564443,3991,674800,12661800,27198400,9513600,50048600,50161000,1739,27006450,7047550,6851050,0,18692,0,5,0
97,3409362634,3992,707700,12839800,27851700,7534600,48933800,50154700,1327,27657800,7420550,7192600,0,18692,0,5,0
98,1459202337,3993,673050,12546200,27430400,10834450,51484100,51591550,1658,27239300,7185750,6985650,0,18692,0,5,0
99,1984418334,3994,684050,12761900,27471500,7693150,48610600,48726200,1369,27286300,7189250,6983300,0,18692,0,5,0
100,2690152925,3995,664800,12663950,27400050,9318600,50047400,50154700,1622,27210750,7211300,6309500,0,18692,0,5,0
101,2607809844,3996,665300,12659550,27581550,9147900,50054300,50160200,1616,27393400,7044300,6857500,0,18692,0,5,0
102,3522750362,3997,674550,13293350,26825900,9259900,50053700,50160300,1637,26632750,6607250,6436950,0,18692,0,5,0
103,2368404599,3998,671850,12639250,27233400,9507750,50052250,50157950,1773,27039350,6875300,6672350,0,18692,0,5,0
104,3250007036,3999,677700,13281250,27739400,8349750,50048100,50154100,1543,27555600,7248850,7071700,0,19012,0,5,0
105,1111684799,4000,670050,12609250,27495150,9282000,50056450,50161100,1726,27305850,7254050,7064900,0,19012,0,5,0
106,2213018028,4001,1580800,12635350,27613600,8217300,50047050,50155000,1510,27423900,7200750,7019600,0,18692,0,5,0
107,3171439817,4002,674900,12612350,27449850,9315900,50053000,50158750,1728,27261150,7171450,6963000,0,18692,0,5,0
108,2255827236,4003,1188850,12642350,27276950,8944300,50052450,50160050,1666,27092100,6896250,6710400,0,18692,0,5,0
109,2472184909,4004,680800,14942100,27661450,7123400,50407750,50510150,1289,27473250,7192550,7013700,0,18692,0,5,0
110,3140412334,4005,680300,12954200,27778850,8284550,49697900,49803450,1521,27590500,7197500,7008450,0,18692,0,5,0
111,785888721,4006,680700,12453000,27350750,9608800,50093250,50200800,1705,27159900,6876450,6677550,0,18692,0,5,0
112,1084583170,4007,670750,12464100,27744150,9129150,50008150,50115750,1699,27560950,7196050,7014500,0,18692,0,5,0
113,4019848443,4008,674500,12396100,27610900,9366550,50048050,50155300,1655,27423350,7206750,6318500,0,18692,0,5,0
114,808788421,4009,667200,12537150,36016100,829750,50050200,50157550,165,35825250,7038750,6856750,0,18692,0,5,0
115,3645042740,4010,665600,13113600,27082200,9199550,50060950,50160000,1624,26883700,6654400,6468550,0,18692,0,5,0
116,2991496187,4011,686000,12521850,27417650,9424950,50050450,50155850,1759,27227050,7047250,6856300,0,18692,0,5,0
117,3919662364,4012,674850,12900550,27742600,8731000,50049000,50156350,1628,27040500,6692350,6518750,0,18692,0,5,0
118,1681074571,4013,672400,12509950,27893100,8982950,50058400,50162200,1660,27703300,7051000,6857700,0,18692,0,5,0
119,4218967458,4014,1295750,12476950,29423700,6853300,50049700,50157000,1220,29232700,7202700,7008800,0,18692,0,5,0
120,625353107,4015,668200,12563550,27525600,9289250,50046600,50157650,1721,27322900,7337350,7143800,0,18692,0,5,0
121,3717195990,4016,1148000,12431250,27660400,8808200,50047850,50156750,1635,27471850,7201500,7017200,0,18692,0,5,0
122,2425705089,4017,663350,12505950,27735700,9453150,50358150,50462350,1670,27546200,7199900,6341700,0,18692,0,5,0
123,2555484258,4018,668750,12435500,27859000,8782850,49746100,49854100,1619,27671350,7329400,7151650,0,18692,0,5,0
124,1141451493,4019,669300,12492100,27366150,9519450,50047000,50158000,1658,27184200,7210600,7008550,0,18692,0,5,0
125,1505942736,4020,666500,12417200,27688550,9273150,50045400,50158800,1698,27509150,7187000,7004250,0,18692,0,5,0
126,2491710369,4021,666100,12463150,27708550,9206500,50044300,50154400,1575,27519500,7487050,7282600,0,18692,0,5,0
127,2825516936,4022,700400,12673950,27440900,8519850,49335100,50162000,1538,27249300,7197800,6991350,0,18692,0,5,0
128,809518447,4023,674750,13180750,27067400,9122400,50045300,50155850,1578,26876850,6729750,6557900,0,19012,0,5,0
129,1081694344,4024,672500,12496550,30258650,6622350,50050050,50157350,1273,29566900,6725300,6557100,0,19012,0,5,0
130,3544546839,4025,672400,13209650,27659400,8511800,50053250,50160850,1495,27476900,7223950,7042600,0,18692,0,5,0
131,2291142598,4026,672850,12664600,27537350,9171350,50046150,50156200,1696,27350800,7180250,6995100,0,18692,0,5,0
132,3252385439,4027,1271800,12655150,27468600,8656750,50052300,50158100,1604,27285750,7058000,6882850,0,18692,0,5,0
133,1602009306,4028,668500,12666550,27360250,9356900,50052200,50156400,1736,27178450,7045450,6855500,0,18692,0,5,0
134,2497072261,4029,1145150,12700750,33346550,2860400,50052850,50159750,473,33157600,12902350,11876050,0,18692,0,5,0
135,3739067406,4030,682550,13051450,27363400,9212300,50309700,50416800,1622,27169350,6368750,6189000,0,18692,0,5,0
136,1716074641,4031,664450,12720300,29359700,7046900,49791350,49898750,1227,29171750,8977600,8752350,0,18692,0,5,0
137,3982919220,4032,686950,12520800,27669150,9175500,50052400,50157900,1613,27479200,7217650,6301200,0,18692,0,5,0
138,2723337005,4033,677550,12559850,27852700,8959300,50049400,50156800,1659,27655300,7212100,7029500,0,18692,0,5,0
139,733376204,4034,672700,13612800,28337100,7428450,50051050,50159600,1086,28156700,7636850,7457400,0,18692,0,5,0
140,43915006,4035,700100,12618900,27809100,8917400,50045500,50158050,1649,27618750,7215350,7032000,0,18692,0,5,0
141,2309932913,4036,680600,13016700,27834350,8514300,50045950,50155700,1582,27121600,6683150,6495350,0,18692,0,5,0
142,1653305798,4037,683950,12600150,27531250,9237000,50052350,50159350,1712,27335550,7032050,6363150,0,18692,0,5,0
143,145291823,4038,1289450,12492450,28321000,7945250,50048150,50155450,1449,28126250,7212950,7040600,0,18692,0,5,0
144,3013902878,4039,680250,12610500,27537900,9225700,50054350,50160650,1707,27352650,7037900,6852100,0,18692,0,5,0
145,2859971923,4040,1234600,12479950,27924000,8410350,50048900,50157250,1549,27737150,7205500,7032650,0,18692,0,5,0
146,3026746148,4041,680100,12563050,27650500,9155250,50048900,50155050,1693,27468000,7199800,7000700,0,18692,0,5,0
147,736325239,4042,1135400,12477600,28147750,8290400,50051150,50158350,1522,27953450,7051450,6864850,0,18692,0,5,0
148,2759885216,4043,675950,12565200,27529450,9487700,50258300,50369800,1679,27347850,7360700,7157900,0,18692,0,5,0
149,1930007773,4044,673100,12447150,27961850,8754600,49836700,49944800,1617,27775150,7350900,7167900,0,18692,0,5,0
150,4233548434,4045,670000,14881900,27998750,6504600,50055250,50162550,1150,27814100,7423400,7239950,0,19012,0,5,0
151,3821597075,4046,676450,12541000,28380500,8449700,50047650,50154800,1546,28185200,7418450,7219950,0,19012,0,5,0
152,1056834796,4047,674000,13250000,27021450,9101650,50047100,50158400,1568,26816500,6668850,6502100,0,19012,0,5,0
153,2756113825,4048,670050,12519750,27464550,9391500,50045850,50157450,1720,27280600,7044600,6857150,0,18692,0,5,0
154,2193869574,4049,672300,13118400,27023150,9237500,50051350,50160550,1594,26837200,6670050,6505100,0,18692,0,5,0
155,39089791,4050,671100,19940800,28286000,1145400,50043300,50154350,230,28095950,7359700,7172600,0,18692,0,5,0
156,1158667078,4051,1414050,12524900,27607050,8508200,50054200,50158450,1548,27431350,7179950,7006250,0,18692,0,5,0
157,4085879547,4052,670850,12519400,27628250,9233400,50051900,50159450,1707,27438550,7174250,6987400,0,18692,0,5,0
158,313686028,4053,1329850,12465150,27452800,8802250,50050050,50158550,1632,27269600,7055300,6879200,0,18692,0,5,0
159,3216587021,4054,676850,12633700,27558550,9178150,50047250,50153300,1639,27380700,7199100,6969000,0,18692,0,5,0
160,876009466,4055,694650,14075000,27455850,7292550,49518050,50161950,1308,27266750,7038850,6840900,0,18692,0,5,0
161,981002535,4056,690750,12547950,27458700,9513600,50211000,50318000,1683,27272450,7204150,6983400,0,18692,0,5,0
162,47529864,4057,679100,12640450,27527950,9040850,49888350,49995400,1677,27334650,7213400,7034800,0,18692,0,5,0
163,868088385,4058,690200,12523550,27487700,9350850,50052300,50158800,1650,27305800,7208450,6985300,0,18692,0,5,0
164,2331947246,4059,677000,13058500,27603850,8710650,50050000,50157150,1606,27413150,7223500,7039950,0,18692,0,5,0
165,2168054517,4060,681100,12397300,27805700,9169900,50054000,50161850,1615,26798250,6627100,6443650,0,18692,0,5,0
166,3926666066,4061,676850,12547600,27784200,9040600,50049250,50158150,1673,27591100,7211400,7024250,0,18692,0,5,0
167,1177610667,4062,682550,12991050,27770650,8602550,50046800,50154200,1598,27597650,6686050,6498800,0,18692,0,5,0
168,3782405190,4063,677900,12886350,27552100,8937950,50054300,50159700,1649,27359500,7029450,6842400,0,18692,0,5,0
169,916405275,4064,1278450,12475550,27773950,8524450,50052400,50159550,1576,27591200,7072450,6877550,0,18692,0,5,0
170,1596582148,4065,682700,12588750,30060000,6714450,50045900,50152350,1285,29867600,7187950,7010800,0,18692,0,5,0
171,4199562603,4066,1220750,12480550,27998550,8353500,50053350,50160850,1536,27802600,7206750,7024700,0,18692,0,5,0
172,3017986708,4067,688250,12505550,27658900,9193100,50045800,50154300,1701,27469400,6881000,6679250,0,18692,0,5,0
173,2654286289,4068,688900,12451350,28030600,8479600,49650450,50159300,1555,27837200,7225950,7025300,0,18692,0,5,0
174,1031695476,4069,680300,12504350,27816700,9157500,50158850,50264800,1612,27625450,7254000,7060950,0,19012,0,5,0
175,2959877989,4070,680050,12407350,36103400,752250,49943050,50049650,149,35909900,7212850,7017000,0,19012,0,5,0
176,1566373458,4071,685100,12580600,28945400,7847450,50058550,50159350,1439,28759800,7257650,7086700,0,19012,0,5,0
177,3017804585,4072,678400,12454100,27830050,9093700,50056250,50160900,1688,27632150,7225050,7021800,0,18692,0,5,0
178,1442923286,4073,683000,12394650,27426400,9543200,50047250,50156050,1685,26510600,7343400,7139150,0,18692,0,5,0
179,959704087,4074,676950,12485300,27640200,9250350,50052800,50158250,1714,27443900,7323050,7124050,0,18692,0,5,0
CSV_END

NV_DONE_64732237dfe4=0
# 
CAPTURE: {"label": "fifo16-r1-s3600-full", "elapsed_seconds": 17.69122967200019, "bytes_received": 22015, "command": "/tmp/fifo-bench --frames 180 --warmup 30 --wait spin --state-frame 3600  --csv /tmp/fifo-case.csv; fifo_rc=$?; if [ \"$fifo_rc\" = 0 ]; then  printf \"\\nCSV_BEGIN\\n\"; cat /tmp/fifo-case.csv; printf \"CSV_END\\n\"; fi; test \"$fifo_rc\" = 0", "command_exit": 0, "login_sent": false, "log": "/path/to/research/experiments/fifo-study-20261008/20261008T072243Z-fifo16-r1-s3600-full.raw"}
