/tmp/fifo-bench --frames 180 --warmup 30 --wait spin --state-frame 3600 --retained --csv /tmp/fifo-case.csv; fifo_rc=$?; if [ "$fifo_rc" = 0 ]; then  printf "\nCSV_BEGIN\n"; cat /tmp/fifo-case.csv; printf "CSV_END\n"; fi; test "$fifo_rc" = 0; nv_status=$?; printf "\nNV_DONE_a029cf921dc4=%s\n" "$nv_status"
BEGIN_BREAKOUT frames=180 warmup=30 fixed=0 blocks=40 tiles=1 hud=1 wait=spin replay=0 state_frame=3600 profile=detailed pixel_centers=1 clock_call_ns=5834
HW_COUNTERS id=46490010 words=155500 wait_cycles=5515945 longest_wait_cycles=4554 total_cycles=60853184 cpu_hz=20000000
RESULT frames=180 elapsed_s=3.042536150 fps=59.161171 logic_ms=0.854580 api_ms=2.298386 swap_ms=6.532403 wait_ms=7.073305 worker_inclusive_ms=6.333169 upload_inclusive_ms=2.946413 write_ms=2.755740 bytes_per_frame=3455.56 p50_ms=16.719150 p95_ms=17.031600 max_ms=33.410600 late_60hz=161 first_count=3681 last_count=3860 state_hash=3933ec17 remaining=6 score=340
RENDER_PATH retained=1 grouped=0 quads=580 full_frames=0
BREAKOUT_PASS

CSV_BEGIN
frame,state_hash,display_count,logic_ns,api_ns,swap_ns,wait_ns,total_ns,completion_interval_ns,polls,worker_inclusive_ns,upload_inclusive_ns,write_ns,read_ns,write_bytes,read_bytes,write_calls,read_calls
0,3653798554,3681,756800,2918200,6796800,5861450,16333250,16344350,1085,6640450,2953750,2801950,0,3612,0,5,0
1,4254654458,3682,1414150,2040500,7003650,6157600,16615900,16721500,1140,6842650,3168950,3003300,0,3612,0,5,0
2,258432485,3683,752950,1606100,6109400,10159950,18628400,19164950,786,5939900,2861350,2712800,0,2972,0,5,0
3,872827290,3684,733350,2910050,6982950,3529450,14155800,14275350,609,6805700,3164900,2999800,0,3612,0,5,0
4,30312805,3685,753050,2996250,6086500,6774300,16610100,16716850,1182,5919050,3289600,3139700,0,3612,0,5,0
5,4016430808,3686,731750,2444300,5344150,8090150,16610350,16719100,1451,5198700,3033000,2875550,0,2972,0,5,0
6,3012967645,3687,739650,2970600,6589400,6315650,16615300,16719850,1177,6432100,2822050,2673950,0,3612,0,5,0
7,3593359732,3688,1358800,2024150,6980200,6445450,16808600,16914600,1118,6821000,3190900,3021900,0,3612,0,5,0
8,2714884843,3689,742250,1590950,6260650,7828950,16422800,16525700,1398,6089700,2963150,2798600,0,3612,0,5,0
9,1754706848,3690,733750,1993750,7314150,6573400,16615050,16716900,1138,7153700,3318850,3153900,0,4252,0,5,0
10,634139175,3691,751100,3038450,7152100,4923100,15864750,16720550,890,6981000,3190050,3021600,0,3932,0,5,0
11,2225001302,3692,747350,2340850,5427250,8100300,16615750,16718200,1437,5279400,3057700,1714600,0,3292,0,5,0
12,3881591779,3693,731900,2795700,7076850,6013700,16618150,16717550,1110,6909000,3175000,3007900,0,3612,0,5,0
13,2688998526,3694,1201100,2014100,6781100,6621450,16617750,16723000,1153,6605600,2984850,2813100,0,3612,0,5,0
14,3733755993,3695,739450,1601900,5917850,8349000,16608200,16718600,1504,5755450,2706000,1870450,0,2972,0,5,0
15,4110562030,3696,732900,2882200,6080350,6918150,16613600,16718800,1209,5913750,3174000,3008700,0,3612,0,5,0
16,2165534041,3697,738900,2894000,6992800,5981800,16607500,16718450,1120,6158250,2475300,2342850,0,3612,0,5,0
17,51482660,3698,735750,2371450,5504500,7995250,16606950,16717800,1414,5354700,2195000,2046400,0,2972,0,5,0
18,1808653113,3699,2781150,3048950,6307900,4746450,16884450,16992200,763,6133300,2480700,2347600,0,3612,0,5,0
19,3012136936,3700,714350,2011550,6997250,6613550,16336700,16446500,1151,6838200,3199650,3038050,0,3612,0,5,0
20,1547905167,3701,737450,1591850,5912950,8368950,16611200,16719600,1511,5759700,2714450,2552050,0,2972,0,5,0
21,2010544228,3702,729950,2922500,6223750,6742750,16618950,16723850,1136,6056050,2478650,2337700,0,3612,0,5,0
22,2331187115,3703,736400,2820000,7006000,6042800,16605200,16717450,1126,6850750,3156750,3007400,0,3612,0,5,0
23,591091010,3704,744950,2314150,5617450,7939200,16615750,16720950,1323,5460950,2195050,2044400,0,2972,0,5,0
24,3337222943,3705,1334750,2040700,6739950,6494600,16610000,16717000,1094,6572550,3000550,2845350,0,3612,0,5,0
25,541067522,3706,726850,1990000,7003900,6887100,16607850,16718750,1208,6837900,3199400,3035100,0,3612,0,5,0
26,1909576061,3707,738300,1584400,5902050,8384350,16609100,16716900,1502,5735800,2696050,2534500,0,2972,0,5,0
27,3576416482,3708,718600,2890200,6387050,6616100,16611950,16719550,1091,6228050,2469550,2320100,0,3612,0,5,0
28,2786439485,3709,737650,2864050,6898200,6114200,16614100,16720550,1133,6737400,2994700,2146500,0,3612,0,5,0
29,1931780192,3710,1420200,1610950,6226500,7722900,16980550,17085350,1392,5406850,2199450,2048500,0,2972,0,5,0
30,1799980229,3711,728650,2018450,6696450,6808900,16252450,16354900,1164,6518400,2986600,2829700,0,3612,0,5,0
31,3538847580,3712,729350,1999000,6816600,7067200,16612150,16719900,1242,6648700,3007350,2842000,0,3612,0,5,0
32,3831628403,3713,740950,1588550,6445900,7834800,16610200,16718400,1396,6286950,3204950,3038750,0,3612,0,5,0
33,1903038664,3714,720150,2769850,7300750,5816150,16606900,16716050,1081,7138850,3235200,3085900,0,4252,0,5,0
34,3410263823,3715,748850,2938700,7011300,5914100,16612950,16719350,1092,6842550,3206150,3040150,0,3932,0,5,0
35,3263986894,3716,1308150,1599550,6489100,7267700,16664500,16770850,1291,6321750,3105350,2954100,0,3292,0,5,0
36,2175892875,3717,728250,2011600,7235000,6586300,16561150,16671900,1148,7065750,3206650,3056700,0,3612,0,5,0
37,1813748966,3718,724500,1999600,6883400,7000250,16607750,16717650,1231,6714700,3011100,2851300,0,3612,0,5,0
38,833434417,3719,744750,2534350,5501150,7832900,16613150,16720900,1401,5334150,3188450,3034400,0,2972,0,5,0
39,4097282166,3720,723000,2749950,7136950,6002500,16612400,16718500,1115,6982600,3164400,3010900,0,3612,0,5,0
40,192773425,3721,756600,2059700,7119600,5120550,15056450,16719400,930,6953750,3216050,3057650,0,3612,0,5,0
41,858826700,3722,751300,1625100,6294250,7535700,16206350,16718850,1344,6130150,3062250,2911600,0,2972,0,5,0
42,1950483681,3723,731750,2014050,6926050,6937750,16609600,16716350,1219,6756150,3194000,3038950,0,3612,0,5,0
43,575738928,3724,736300,2899800,6323900,6654950,16614950,16721600,1158,6162850,3433000,3265350,0,3612,0,5,0
44,1359536727,3725,743900,2422500,5497450,7949050,16612900,16718400,1423,5339100,3208850,3061450,0,2972,0,5,0
45,3117637717,3726,757300,2775000,6891050,6186650,16610000,16720450,1151,6734950,2967650,2815400,0,3612,0,5,0
46,2557278958,3727,1368600,2035500,6867350,6483400,16754850,16861200,1122,6707550,3100100,2941050,0,3612,0,5,0
47,3928984507,3728,736400,1578700,6330850,7822150,16468100,16577850,1402,6163750,3067250,2917600,0,2972,0,5,0
48,3279099526,3729,728550,2005900,6941150,6940050,16615650,16723600,813,6772100,3199050,3041950,0,3612,0,5,0
49,3402996575,3730,739850,2940350,6415400,6512500,16608100,16714750,1069,6247100,2473650,2335250,0,3612,0,5,0
50,1848951628,3731,743250,2372700,5562850,7930450,16609250,16716950,1420,5407950,3244250,3090400,0,2972,0,5,0
51,3328119971,3732,746150,2675100,6985050,6208150,16614450,16719400,1154,6823350,3156400,2989100,0,3612,0,5,0
52,536923704,3733,1197400,2015100,6717650,6685850,16616000,16723200,1137,6543100,2973750,2821850,0,3612,0,5,0
53,991563721,3734,735300,1577200,6308350,7981750,16602600,16714850,1434,6144350,3069050,2924650,0,2972,0,5,0
54,2482503020,3735,723400,2961500,5805900,7120850,16611650,16720700,1256,5634850,2952900,1974750,0,3612,0,5,0
55,3320786401,3736,729350,2826900,7059300,5998400,16613950,16721600,1093,6910350,2481050,2341900,0,3612,0,5,0
56,1307572882,3737,739900,2431300,5904500,7532150,16607850,16715950,1305,5745100,2476700,2327300,0,3612,0,5,0
57,1045847897,3738,1378700,2015500,7019350,6424250,16837800,16941400,1114,6858200,3099900,2932350,0,4252,0,5,0
58,2886179050,3739,738500,2009700,7010750,6634800,16393750,16499900,1128,6837950,3233600,3083450,0,3932,0,5,0
59,961732807,3740,726400,1583650,6403150,7894950,16608150,16718550,1413,6237900,3119150,2954950,0,3292,0,5,0
60,1947062354,3741,727400,2980500,6097250,6808800,16613950,16720750,1183,5930400,2472700,2341200,0,3612,0,5,0
61,2075511931,3742,731200,3030700,7183000,5663050,16607950,16718200,1043,7023850,3160000,2982100,0,3612,0,5,0
62,2408546800,3743,735350,2474850,5554300,7851000,16615500,16718850,1367,5401400,2198500,2056900,0,2972,0,5,0
63,460493639,3744,1217150,1984300,6802800,9113900,19118150,19221350,1133,6623600,2983650,2818100,0,3612,0,5,0
64,1463678916,3745,752900,7146750,6897050,16020600,30817300,30933900,2856,6718850,3171300,3008950,0,3612,0,5,0
65,3795713909,3746,740150,2420650,5332800,8116550,16610150,16723050,1457,5184600,2995450,2840950,0,2972,0,5,0
66,1056688136,3747,724800,2820200,6876550,6190750,16612300,16717700,1152,6717700,2990650,2841950,0,3612,0,5,0
67,202923725,3748,1427250,2023450,6950300,6522400,16923400,17031600,1133,6785200,2992000,2821500,0,3612,0,5,0
68,4012539606,3749,732650,1598400,6091050,7878000,16300100,16409200,1412,5928050,2869100,2721150,0,2972,0,5,0
69,1087445485,3750,732450,1990150,6666200,7219100,16607900,16714850,1273,6489800,2860400,2695150,0,3612,0,5,0
70,491589414,3751,749400,3015650,7169250,4922900,15857200,16722950,895,6996600,3145950,2992300,0,3612,0,5,0
71,1293200275,3752,728000,2367000,5160750,8358150,16613900,16720300,1507,5011850,2839100,2681900,0,2972,0,5,0
72,1737595726,3753,727250,2804600,7222250,5855200,16609300,16716600,1064,7063500,3461100,3293850,0,3612,0,5,0
73,2173390039,3754,1284550,2002950,6901400,6428900,16617800,16720550,1112,6732750,3103300,2938850,0,3612,0,5,0
74,2060004372,3755,731050,1595100,6074500,8207400,16608050,16716250,1479,5907200,2864950,2718150,0,2972,0,5,0
75,668607547,3756,728750,2000150,6965200,6921050,16615150,16723100,1213,5953150,3206850,3044950,0,3612,0,5,0
76,3409034624,3757,723500,2895650,6285900,6701400,16606450,16716000,1107,6122650,2488600,2342950,0,3612,0,5,0
77,66914193,3758,720250,2372900,5425450,8089900,16608500,16719300,1453,5276050,2207550,2031800,0,2972,0,5,0
78,2553907572,3759,1387950,2039600,8461600,5134400,17023550,17128850,810,8284950,4239200,4059500,0,3612,0,5,0
79,890390073,3760,733300,2005450,7017950,6453750,16210450,16313250,1086,6851800,3188050,3023350,0,3612,0,5,0
80,2223873098,3761,737250,1601900,6253150,8010200,16602500,16715000,1437,6085750,2971850,2813150,0,3612,0,5,0
81,2336881585,3762,733850,2923950,6425100,6531450,16614350,16721150,1127,6261050,2585100,2442750,0,4252,0,5,0
82,4135459074,3763,729500,2793000,7100250,5985900,16608650,16717700,1089,6936800,3187150,3047650,0,3932,0,5,0
83,1986260127,3764,724250,2363450,5720600,7805200,16613500,16721450,1357,5562650,2234900,2085350,0,3292,0,5,0
84,353344474,3765,1300800,2041700,6924600,6732900,17000000,17104800,1116,6764750,3184450,3024850,0,3612,0,5,0
85,3169575603,3766,722400,2004900,6816050,6685500,16228850,16333400,1137,6646300,3018750,2849550,0,3612,0,5,0
86,210205944,3767,728300,1605200,5945900,8332550,16611950,16721550,1502,5782150,2741150,1857250,0,2972,0,5,0
87,1677393503,3768,717650,2926700,6390000,6576250,16610600,16715500,1114,6226350,2475450,2326250,0,3612,0,5,0
88,3832728684,3769,730400,2850750,7025750,6010650,16617550,16720250,1116,6868450,3150200,3000150,0,3612,0,5,0
89,2074852568,3770,1509450,1616150,6238150,7250800,16614550,16722500,1377,5427050,2195450,2045600,0,2972,0,5,0
90,1464943173,3771,724100,2026200,6891450,6544050,16185800,16714900,1140,6717150,3181150,3027200,0,3612,0,5,0
91,315990800,3772,725400,2013300,6983900,6891200,16613800,16720200,1208,6816550,3208700,3038100,0,3612,0,5,0
92,1451405891,3773,727150,1585500,6203500,8095600,16611750,16720900,1453,6053050,2901450,2741750,0,2972,0,5,0
93,3196408848,3774,725750,2839150,7083250,5959650,16607800,16720550,1109,6919050,3127700,2979850,0,3612,0,5,0
94,141073587,3775,730200,2874200,6791200,6213250,16608850,16715250,1158,6635350,2953550,2805400,0,3612,0,5,0
95,3576439062,3776,1381000,1606000,6317100,7485700,16789800,16897850,1335,6162800,2868850,2717400,0,2972,0,5,0
96,2798564443,3777,718400,2034700,6883500,6793750,16430350,16541500,1190,6709450,3176600,3018250,0,3612,0,5,0
97,3409362634,3778,723450,2009250,7281500,6600500,16614700,16722150,1132,7107250,3499350,3323950,0,3612,0,5,0
98,1459202337,3779,742200,2547500,5241100,8079150,16609950,16717700,1449,5075250,2914800,2757150,0,2972,0,5,0
99,1984418334,3780,716800,2772900,7141950,5976200,16607850,16719000,1111,6984650,3145150,2987450,0,3612,0,5,0
100,2690152925,3781,1521150,2074700,6781750,5465300,15842900,16719950,1001,6614600,3009700,2846250,0,3612,0,5,0
101,2607809844,3782,1212550,1584850,6224550,7594050,16616000,16721300,1354,6071200,2980350,2836150,0,2972,0,5,0
102,3522750362,3783,726550,2040100,6885900,6954700,16607250,16716700,1223,6710850,3184500,3024300,0,3612,0,5,0
103,2368404599,3784,722750,2881550,5958500,7049800,16612600,16719350,1243,5791500,3067000,2902500,0,3612,0,5,0
104,3250007036,3785,726000,2481750,5491500,7907300,16606550,16719250,1381,5334750,3128950,2965800,0,3612,0,5,0
105,1111684799,3786,724400,2804000,7361600,5715650,16605650,16718100,1054,7205300,3255100,3086000,0,4252,0,5,0
106,2213018028,3787,1434000,2058550,7056150,6320900,16869600,16976050,1096,6900650,3241450,3079950,0,3932,0,5,0
107,3171439817,3788,722600,1585900,6212700,7838950,16360150,16464350,1374,6057850,2912500,2759300,0,3292,0,5,0
108,2255827236,3789,721900,2043600,6936000,7077050,16778550,16892000,973,6757600,3204800,3040300,0,3612,0,5,0
109,2472184909,3790,737200,3038600,7104700,5556200,16436700,16546000,970,6274450,2479850,2341200,0,3612,0,5,0
110,3140412334,3791,741950,2409650,5176900,8279700,16608200,16717150,1465,5019000,2846750,2691000,0,2972,0,5,0
111,785888721,3792,727450,2774350,7049250,6062300,16613350,16722600,1122,6894900,3158350,2993300,0,3612,0,5,0
112,1084583170,3793,1242000,2032850,6722550,6616100,16613500,16719800,1156,6547350,2977350,2818250,0,3612,0,5,0
113,4019848443,3794,724850,1577450,6122900,8183400,16608600,16716450,1449,5958150,2882600,2732050,0,2972,0,5,0
114,808788421,3795,728500,2925450,6072350,6886600,16612900,16719350,1207,5896150,3242850,3081800,0,3612,0,5,0
115,3645042740,3796,726800,2838000,6420150,6623250,16608200,16718550,1118,6262100,2482200,2332100,0,3612,0,5,0
116,2991496187,3797,753450,2421500,5369700,8070650,16615300,16720550,1443,5216900,2200100,2065150,0,2972,0,5,0
117,3919662364,3798,1560950,2035800,6664450,6694150,16955350,17064550,1173,6505300,2835950,1946350,0,3612,0,5,0
118,1681074571,3799,758650,2018250,6921400,6572450,16270750,16372950,1144,6750250,3179850,3027050,0,3612,0,5,0
119,4218967458,3800,721550,1576500,6113500,8200000,16611550,16720600,1476,5954750,2877300,2713350,0,2972,0,5,0
120,625353107,3801,721700,3117750,6129250,6644650,16613350,16721550,1148,5957400,2477100,2346500,0,3612,0,5,0
121,3717195990,3802,714650,2756600,7118450,6014350,16604050,16715400,1121,6956550,3131400,2973500,0,3612,0,5,0
122,2425705089,3803,730500,2380700,5842650,7665250,16619100,16722800,1318,5687850,2196200,2058600,0,2972,0,5,0
123,2555484258,3804,1319650,2018150,7133700,6166050,16637550,16746050,1064,6963850,3190700,3022900,0,3612,0,5,0
124,1141451493,3805,734850,2025000,14051600,16493150,33304600,33410600,2989,13876650,3026950,2867150,0,3612,0,5,0
125,1505942736,3806,743700,2513150,5496000,7858450,16611300,16719550,1403,5330050,3137900,2970150,0,2972,0,5,0
126,2491710369,3807,727400,2818250,7071150,5992500,16609300,16718850,1112,6910400,3172100,3022350,0,3612,0,5,0
127,2825516936,3808,1403300,2029900,7006000,6172000,16611200,16719450,1144,6841900,3161650,2999200,0,3612,0,5,0
128,809518447,3809,737850,1606150,6199700,7659700,16203400,16717150,1364,6038900,2898900,2747800,0,3612,0,5,0
129,1081694344,3810,735200,1988950,7228600,6655950,16608700,16719300,1159,7053050,3315300,3140500,0,4252,0,5,0
130,3544546839,3811,748750,2996250,7187200,4924300,15856500,16723400,897,7013200,3204100,3051000,0,3932,0,5,0
131,2291142598,3812,728100,2437100,5472650,7970200,16608050,16716000,1395,5323850,3088000,2922550,0,3292,0,5,0
132,3252385439,3813,722650,2847650,6669400,6374300,16614000,16718150,1188,6509500,2825250,2676100,0,3612,0,5,0
133,1602009306,3814,1358800,2022000,6655850,6819050,16855700,16959700,1112,6496850,2832450,1938050,0,3612,0,5,0
134,2497072261,3815,761650,1594900,5909700,8109450,16375700,16479350,1430,5747400,2681050,2543250,0,2972,0,5,0
135,3739067406,3816,708550,1988100,6983300,6927750,16607700,16720850,1217,6811900,3196600,3032200,0,3612,0,5,0
136,1716074641,3817,736200,2889700,6145700,6843350,16614950,16721750,1187,5980400,2482800,2353500,0,3612,0,5,0
137,3982919220,3818,720900,2372500,5391000,8124550,16608950,16716750,1431,5242150,3061350,2872000,0,2972,0,5,0
138,2723337005,3819,712000,2754450,8298000,4848850,16613300,16723650,834,8118100,4512750,4336400,0,3612,0,5,0
139,733376204,3820,1183900,1995400,7035150,6399900,16614350,16715400,1112,6863050,3190000,3029050,0,3612,0,5,0
140,43915006,3821,740300,1600550,5908350,8358700,16607900,16717600,1478,5747350,2681300,2536200,0,2972,0,5,0
141,2309932913,3822,721600,2931750,6213400,6741550,16608300,16719400,1179,6044250,3293300,3123200,0,3612,0,5,0
142,1653305798,3823,737650,2856900,6985750,6026750,16607050,16718500,1126,6168600,2481550,2350950,0,3612,0,5,0
143,145291823,3824,741550,2371200,5583150,7916900,16612800,16723200,1389,5430200,2195500,2047800,0,2972,0,5,0
144,3013902878,3825,1534750,2048450,6950200,6281600,16815000,16921250,1087,6787150,3187800,3038700,0,3612,0,5,0
145,2859971923,3826,735400,2003900,7005250,6662950,16407500,16516550,1166,6835350,3185900,3022750,0,3612,0,5,0
146,3026746148,3827,737750,1598700,6062050,8208350,16606850,16716550,1477,5900500,2566500,2409450,0,2972,0,5,0
147,736325239,3828,726250,3072300,6417700,6393050,16609300,16720550,1072,6242900,2489500,2339800,0,3612,0,5,0
148,2759885216,3829,737150,2813650,7042600,6014650,16608050,16717600,1121,6883700,3172500,3024100,0,3612,0,5,0
149,1930007773,3830,732450,2306600,5652900,7926800,16618750,16723700,1381,5499600,2194650,2043600,0,2972,0,5,0
150,4233548434,3831,1194850,1604550,6254500,7554700,16608600,16715100,1347,6087550,2770600,2622050,0,3612,0,5,0
151,3821597075,3832,728400,1579300,5984100,8322150,16613950,16723150,1503,5826750,2630600,2484150,0,3612,0,5,0
152,1056834796,3833,728650,1597200,8311500,5968550,16605900,16716850,971,8146400,2307800,2158800,0,3612,0,5,0
153,2756113825,3834,750050,2429400,5578750,7853800,16612000,16719950,1401,5424600,3179300,3020500,0,3292,0,5,0
154,2193869574,3835,727200,2379100,5472800,8029850,16608950,16717550,1428,5322250,2250900,2114700,0,3292,0,5,0
155,39089791,3836,1415600,1601450,6183200,7706800,16907050,17016100,1388,5368250,2196200,2043650,0,2972,0,5,0
156,1158667078,3837,725150,1608300,6238600,7744950,16317000,16426000,1380,6070500,2998150,2853350,0,2972,0,5,0
157,4085879547,3838,734300,1566800,6111150,8194300,16606550,16718900,1473,5954200,2878400,2721050,0,2972,0,5,0
158,313686028,3839,729800,1603600,5923900,8350450,16607750,16718250,1422,4913500,2736750,1856700,0,2972,0,5,0
159,3216587021,3840,725650,2375350,5193300,8316650,16610950,16719600,1465,5040600,2850100,2691150,0,2972,0,5,0
160,876009466,3841,735600,2362200,5565200,7945050,16608050,16719500,1389,5408600,2201450,2058450,0,2972,0,5,0
161,981002535,3842,1297000,1591150,6185100,7536100,16609350,16717000,1343,6028700,2865200,2717650,0,2972,0,5,0
162,47529864,3843,740450,1595750,6095700,8179200,16611100,16718750,1439,5931000,2869800,2721100,0,2972,0,5,0
163,868088385,3844,728200,1581150,5900400,8403100,16612850,16722900,1514,5742950,2684650,2525450,0,2972,0,5,0
164,2331947246,3845,723550,2552400,5301150,8030350,16607450,16715100,1440,5140150,2996600,2841000,0,2972,0,5,0
165,2168054517,3846,719050,2756350,7169250,5969450,16614100,16722100,1079,7014400,3161350,3004650,0,3612,0,5,0
166,3926666066,3847,1424150,2052850,6916700,6607500,17001200,17109600,1150,6758450,3162800,3008950,0,3612,0,5,0
167,1177610667,3848,723350,1590250,6134500,7774800,16222900,16330100,1391,5980100,2872600,2721450,0,2972,0,5,0
168,3782405190,3849,720300,2033200,6921700,6933350,16608550,16718100,1186,6748850,3197100,3034250,0,3612,0,5,0
169,916405275,3850,709350,4340700,7023500,4540750,16614300,16720650,815,6854450,3162600,3005900,0,3612,0,5,0
170,1596582148,3851,728700,2409550,5341500,8131050,16610800,16716300,1459,5184250,3031100,2882350,0,2972,0,5,0
171,4199562603,3852,731100,3062350,6987850,5829200,16610500,16718350,1075,6830550,3171600,3012600,0,3612,0,5,0
172,3017986708,3853,1401500,2059900,6924650,6311450,16697500,16803250,1091,6757250,3187300,3035250,0,3612,0,5,0
173,2654286289,3854,722800,1589000,6133000,8089700,16534500,16639650,1456,5976300,2875250,2723550,0,2972,0,5,0
174,1031695476,3855,738450,2036300,7137100,6700400,16612250,16719000,1165,6112050,3326100,3150250,0,4252,0,5,0
175,2959877989,3856,721950,2979900,7300650,5607550,16610050,16716600,1038,7140500,3259700,3101650,0,4252,0,5,0
176,1566373458,3857,735500,2404000,5556150,7922350,16618000,16723400,1414,5406400,2305850,2161400,0,3612,0,5,0
177,3017804585,3858,1376000,2018250,7109300,6107250,16610800,16718200,1133,6945150,3213000,3047950,0,3932,0,5,0
178,1442923286,3859,728050,2031450,7145450,6287500,16192450,16719150,1086,6975500,3238500,3082550,0,3932,0,5,0
179,959704087,3860,724600,1594700,5921350,8368250,16608900,16716800,1513,5765700,2680150,2529500,0,2972,0,5,0
CSV_END

NV_DONE_a029cf921dc4=0
# 
CAPTURE: {"label": "fifo16-r1-s3600-retained", "elapsed_seconds": 10.6998398429987, "bytes_received": 21305, "command": "/tmp/fifo-bench --frames 180 --warmup 30 --wait spin --state-frame 3600 --retained --csv /tmp/fifo-case.csv; fifo_rc=$?; if [ \"$fifo_rc\" = 0 ]; then  printf \"\\nCSV_BEGIN\\n\"; cat /tmp/fifo-case.csv; printf \"CSV_END\\n\"; fi; test \"$fifo_rc\" = 0", "command_exit": 0, "login_sent": false, "log": "/path/to/research/experiments/fifo-study-20261008/20261008T072232Z-fifo16-r1-s3600-retained.raw"}
