/tmp/fifo-bench --frames 180 --warmup 30 --wait spin --state-frame 3600 --grouped --csv /tmp/fifo-case.csv; fifo_rc=$?; if [ "$fifo_rc" = 0 ]; then  printf "\nCSV_BEGIN\n"; cat /tmp/fifo-case.csv; printf "CSV_END\n"; fi; test "$fifo_rc" = 0; nv_status=$?; printf "\nNV_DONE_e879335feeee=%s\n" "$nv_status"
BEGIN_BREAKOUT frames=180 warmup=30 fixed=0 blocks=40 tiles=1 hud=1 wait=spin replay=0 state_frame=3600 profile=detailed pixel_centers=1 clock_call_ns=5573
HW_COUNTERS id=46490010 words=842580 wait_cycles=8176038 longest_wait_cycles=3940 total_cycles=180563579 cpu_hz=20000000
RESULT frames=180 elapsed_s=9.028058100 fps=19.937842 logic_ms=0.771718 api_ms=8.815922 swap_ms=25.851399 wait_ms=14.541214 worker_inclusive_ms=25.636692 upload_inclusive_ms=7.193799 write_ms=6.980095 bytes_per_frame=18724.00 p50_ms=50.157750 p95_ms=50.355750 max_ms=51.202450 late_60hz=180 first_count=3467 last_count=3646 state_hash=3933ec17 remaining=6 score=340
RENDER_PATH retained=0 grouped=1 quads=7380 full_frames=180
BREAKOUT_PASS

CSV_BEGIN
frame,state_hash,display_count,logic_ns,api_ns,swap_ns,wait_ns,total_ns,completion_interval_ns,polls,worker_inclusive_ns,upload_inclusive_ns,write_ns,read_ns,write_bytes,read_bytes,write_calls,read_calls
0,3653798554,3467,690150,8692200,25878300,14529850,49790500,49804100,2644,25692000,7177100,6986000,0,18692,0,5,0
1,4254654458,3468,681200,8649100,25012050,15273450,49615800,50157000,2627,24827900,6932700,6719450,0,18692,0,5,0
2,258432485,3469,678950,8628200,25884400,15079700,50271250,50373400,2677,25699800,7194650,7004100,0,18692,0,5,0
3,872827290,3470,665750,10041450,26266850,12863400,49837450,49941350,2303,26077600,7144200,6947300,0,18692,0,5,0
4,30312805,3471,675800,8549300,25954100,14879000,50058200,50164150,2643,25760400,7202000,7006650,0,18692,0,5,0
5,4016430808,3472,680450,8593550,25319200,15455350,50048550,50153700,2778,25144450,7244350,7028850,0,18692,0,5,0
6,3012967645,3473,667100,9788200,25079550,14515650,50050500,50154750,2587,24892700,7140150,6938500,0,18692,0,5,0
7,3593359732,3474,671050,8758850,24988350,15638750,50057000,50159750,2813,24814700,6420800,6236450,0,18692,0,5,0
8,2714884843,3475,673500,9301450,32566250,7512700,50053900,50156650,1335,32386200,7275900,7080850,0,19012,0,5,0
9,1754706848,3476,669850,8794700,26047850,14543300,50055700,50159750,2684,25874000,7268250,7076100,0,19012,0,5,0
10,634139175,3477,1287250,8987350,25075750,14702950,50053300,50156150,2622,24900800,7168400,6952950,0,18692,0,5,0
11,2225001302,3478,675700,8631100,25994750,14750350,50051900,50155850,2727,25807450,7204750,7008850,0,18692,0,5,0
12,3881591779,3479,1209500,8584150,25252400,15008050,50054100,50158950,2688,25073250,7191750,6983900,0,18692,0,5,0
13,2688998526,3480,665800,8635450,27661900,13092600,50055750,50161450,2377,27467750,7025800,6793300,0,18692,0,5,0
14,3733755993,3481,690200,8653150,25585300,14694900,49623550,50155700,2621,25401550,6415200,6243700,0,18692,0,5,0
15,4110562030,3482,667150,8665500,26058150,14797500,50188300,50292500,2650,25866500,7206000,7006900,0,18692,0,5,0
16,2165534041,3483,673450,8607950,25184100,15450450,49915950,50021200,2775,25011000,7084950,6878350,0,18692,0,5,0
17,51482660,3484,666900,8536800,25884300,14966550,50054550,50160500,2683,25689800,7034350,6833750,0,18692,0,5,0
18,1808653113,3485,672400,8574400,25862250,14939450,50048500,50155350,2673,25685000,6629350,6454250,0,18692,0,5,0
19,3012136936,3486,1558150,8625200,25206250,13953200,49342800,50159150,2471,25012050,7023750,6818350,0,18692,0,5,0
20,1547905167,3487,686400,8609700,25143100,15614300,50053500,50158000,2801,24969950,6444500,6270550,0,18692,0,5,0
21,2010544228,3488,665600,9145900,25289900,14950400,50051800,50157250,2676,25113750,7313900,7106150,0,18692,0,5,0
22,2331187115,3489,672300,8630350,26289700,14464850,50057200,50159850,2668,26104100,7721100,7532200,0,18692,0,5,0
23,591091010,3490,1311400,8565050,27339900,12837450,50053800,50154800,2328,27154300,9401200,9137000,0,18692,0,5,0
24,3337222943,3491,683700,8645200,25963750,14763100,50055750,50158100,2723,25780650,7335000,7153650,0,18692,0,5,0
25,541067522,3492,1191150,8616350,25176150,15073900,50057550,50159950,2665,25005050,7184950,6968050,0,18692,0,5,0
26,1909576061,3493,681550,8663350,25693750,15014850,50053500,50156000,2661,25503900,7056250,6872850,0,18692,0,5,0
27,3576416482,3494,666350,8639200,25088650,15274600,49668800,50159900,2707,24915850,7099000,6879050,0,18692,0,5,0
28,2786439485,3495,665450,8621850,28393200,12492200,50172700,50275000,1292,28195700,9778250,9574400,0,18692,0,5,0
29,1931780192,3496,700350,8721600,24850000,15644850,49916800,50039300,2780,24669200,6877600,6668100,0,18692,0,5,0
30,1799980229,3497,671400,8532500,25807950,15042750,50054600,50157350,2581,25633050,7209050,7017450,0,18692,0,5,0
31,3538847580,3498,660250,8643900,25222250,15530400,50056800,50159300,2763,25048500,7241800,7026100,0,18692,0,5,0
32,3831628403,3499,686250,9140150,25249850,14979150,50055400,50158900,2655,25072850,7245650,7055650,0,19012,0,5,0
33,1903038664,3500,656100,8625750,25168900,15603650,50054400,50158550,2474,24988500,6516850,6334350,0,19012,0,5,0
34,3410263823,3501,693050,9309300,25151400,14882200,50035950,50155600,2657,24970450,7160350,6958400,0,18692,0,5,0
35,3263986894,3502,663050,9143600,25766600,14480750,50054000,50156450,2668,25581300,7064250,6877950,0,18692,0,5,0
36,2175892875,3503,1303250,8732500,24959000,15059700,50054450,50158850,2692,24783450,7060150,6852850,0,18692,0,5,0
37,1813748966,3504,663150,8777800,25918500,14693300,50052750,50156250,2709,25733700,7217450,7015250,0,18692,0,5,0
38,833434417,3505,1198450,8759500,25156250,14942850,50057050,50159100,2669,24964950,7221900,7008200,0,18692,0,5,0
39,4097282166,3506,660150,8644850,26367250,14737750,50410000,50513650,2635,26177200,7174300,6967550,0,18692,0,5,0
40,192773425,3507,673400,8643500,25372800,15011200,49700900,49804850,2683,25188400,7219400,7013850,0,18692,0,5,0
41,858826700,3508,683900,8625650,26091300,14680800,50081650,50185350,2624,25902050,7212900,7005900,0,18692,0,5,0
42,1950483681,3509,679750,8639100,25397650,15310000,50026500,50130900,2744,25215700,7230100,7025050,0,18692,0,5,0
43,575738928,3510,660200,8499500,26422600,15516300,51098600,51202450,2514,26239050,7164850,6972850,0,18692,0,5,0
44,1359536727,3511,687100,8769050,25952850,13582900,48991900,49111800,2484,25764950,7106150,6916300,0,18692,0,5,0
45,3117637717,3512,668300,9111650,25361250,14911900,50053100,50158400,2668,25156750,7189450,6989000,0,18692,0,5,0
46,2557278958,3513,664550,8590000,25474900,15319850,50049300,50156050,2745,25302650,6683750,6509400,0,18692,0,5,0
47,3928984507,3514,659550,9076850,25527950,14785900,50050250,50156750,2634,25332900,7055900,6862150,0,18692,0,5,0
48,3279099526,3515,667850,8619950,26034300,14733500,50055600,50160350,2720,25852050,7206050,7028300,0,18692,0,5,0
49,3402996575,3516,707900,15798050,25385450,6755200,48646600,50158950,1172,25184400,7227350,7013050,0,18692,0,5,0
50,1848951628,3517,668550,8656850,26061700,14667300,50054400,50156000,2702,25878350,7343800,7155800,0,18692,0,5,0
51,3328119971,3518,1150800,8639300,25622300,14640050,50052450,50155550,2582,25438000,7597700,7384050,0,18692,0,5,0
52,536923704,3519,666850,8641250,25824900,15219400,50352400,50452550,2734,25641950,7192200,6999600,0,18692,0,5,0
53,991563721,3520,666600,8620450,25122350,15351300,49760700,49863750,2720,24948250,7096800,6875450,0,18692,0,5,0
54,2482503020,3521,695700,8597050,27565100,13200150,50058000,50159200,2285,27366200,6329700,6140500,0,18692,0,5,0
55,3320786401,3522,678750,8627600,25153400,15599750,50059500,50160550,2682,24970850,7081850,6873500,0,18692,0,5,0
56,1307572882,3523,668700,8518100,25831150,15036300,50054250,50155250,2666,25659350,7108550,6910850,0,19012,0,5,0
57,1045847897,3524,662500,8601250,25322100,15467000,50052850,50156050,2745,25145650,6585700,6401750,0,19012,0,5,0
58,2886179050,3525,683600,9113600,25110050,15151900,50059150,50160300,2688,24943650,7172150,6979300,0,18692,0,5,0
59,961732807,3526,662900,8600500,24990600,15799150,50053150,50155850,2759,24821050,6447800,6268650,0,18692,0,5,0
60,1947062354,3527,667000,9222100,25086300,15091800,50067200,50161900,2676,24917550,7184250,6975350,0,18692,0,5,0
61,2075511931,3528,658700,8611700,25893950,14888550,50052900,50155100,2752,25721350,7214850,7027750,0,18692,0,5,0
62,2408546800,3529,1395250,8572200,24821300,15268300,50057050,50158300,2737,24650750,6901100,6689100,0,18692,0,5,0
63,460493639,3530,662350,8779900,25691400,14923400,50057050,50158600,2749,25513950,7065450,6874450,0,18692,0,5,0
64,1463678916,3531,1150300,9081400,27517500,12308350,50057550,50157350,2221,27343650,6957850,6757750,0,18692,0,5,0
65,3795713909,3532,698250,8791950,25874900,14941750,50306850,50409900,2676,25684700,7209650,7014500,0,18692,0,5,0
66,1056688136,3533,669950,8738950,27677750,12715450,49802100,49904750,2306,27498700,6774350,6579850,0,18692,0,5,0
67,202923725,3534,670850,8588550,26023200,14770850,50053450,50156450,2644,25834450,7210100,6996050,0,18692,0,5,0
68,4012539606,3535,693500,8637500,25887550,14840700,50059250,50162050,2652,25699650,6623500,6450350,0,18692,0,5,0
69,1087445485,3536,670100,8499650,33248350,7635250,50053350,50155800,1361,32324000,13832300,13546900,0,18692,0,5,0
70,491589414,3537,679550,8601650,25119600,15653000,50053800,50156900,2814,24951350,6417600,6244950,0,18692,0,5,0
71,1293200275,3538,667500,9112600,25293400,14978750,50052250,50156750,2681,25111550,7206700,7009400,0,18692,0,5,0
72,1737595726,3539,675200,8581500,26315300,14483000,50055000,50160900,2673,26147550,7177050,6999900,0,18692,0,5,0
73,2173390039,3540,1307150,8523800,25228900,14988650,50048500,50154450,2685,25046350,7166200,6959900,0,18692,0,5,0
74,2060004372,3541,669350,8622950,27494550,13264550,50051400,50158200,2418,27313600,8679000,8461300,0,18692,0,5,0
75,668607547,3542,1237250,8604000,25232550,14982650,50056450,50162100,2683,25049000,7183250,6973850,0,18692,0,5,0
76,3409034624,3543,674750,8647200,26287100,14445550,50054600,50155700,2656,26109500,7200900,7011700,0,18692,0,5,0
77,66914193,3544,684300,8610250,25335650,14971900,49602100,50155350,2680,25151000,7348900,7134800,0,18692,0,5,0
78,2553907572,3545,665150,8622050,25972650,14990450,50250300,50355750,2687,25794950,7348900,7153200,0,18692,0,5,0
79,890390073,3546,707350,8769200,25988100,13694750,49159400,49964850,2511,25809200,7304200,7106600,0,18692,0,5,0
80,2223873098,3547,670500,8547650,26441900,14391900,50051950,50155200,2540,26254600,7714600,7517300,0,19012,0,5,0
81,2336881585,3548,665300,8633800,25329150,15428500,50056750,50157800,2737,25157850,7297100,7082500,0,19012,0,5,0
82,4135459074,3549,663700,8489000,25700650,15203350,50056700,50157750,2699,24791150,7041350,6847000,0,18692,0,5,0
83,1986260127,3550,661650,8594350,25068850,15729900,50054750,50159900,2790,24896750,6403450,6220950,0,18692,0,5,0
84,353344474,3551,663800,9136150,25120300,15138700,50058950,50158750,2336,24957600,7189750,6997300,0,18692,0,5,0
85,3169575603,3552,690650,8640100,25298300,15409750,50038800,50156150,2736,25125200,6702400,6514950,0,18692,0,5,0
86,210205944,3553,1284950,8582050,25074800,15115200,50057000,50158700,2675,24907700,7175950,6971350,0,18692,0,5,0
87,1677393503,3554,661950,8632600,25870150,14887200,50051900,50155700,2727,25688050,7206800,7017000,0,18692,0,5,0
88,3832728684,3555,1225150,8597350,24929300,15306100,50057900,50160500,2662,24759400,7065550,6863300,0,18692,0,5,0
89,2074852568,3556,662050,8639550,25822300,14935950,50059850,50155550,2652,25640250,7200550,7009100,0,18692,0,5,0
90,1464943173,3557,714050,10549950,25050750,7845750,44160500,50157800,1398,24861200,7196650,6988500,0,18692,0,5,0
91,315990800,3558,670700,8810250,25916550,14806350,50203850,50305450,2647,25724900,7219250,7018700,0,18692,0,5,0
92,1451405891,3559,676500,8823450,25000800,15406050,49906800,50012000,2762,24827450,7095250,6890300,0,18692,0,5,0
93,3196408848,3560,664050,9768000,25113950,14510100,50056100,50157750,2587,24924950,7184900,6984050,0,18692,0,5,0
94,141073587,3561,675500,8779200,25150000,15445650,50050350,50154600,2774,24978850,7251800,7046050,0,18692,0,5,0
95,3576439062,3562,669950,10964800,24813800,13610050,50058600,50159550,2403,24623750,6333450,6154750,0,18692,0,5,0
96,2798564443,3563,674650,8600100,25123800,15657650,50056200,50157850,2817,24948900,6427400,6255200,0,18692,0,5,0
97,3409362634,3564,669300,9102200,25415250,14866100,50052850,50155650,2657,25234750,6990900,6789400,0,18692,0,5,0
98,1459202337,3565,673150,8622900,25370150,15393550,50059750,50161050,2763,25199300,6701600,6526550,0,18692,0,5,0
99,1984418334,3566,1284850,8550850,25096300,15125300,50057300,50158100,2710,24926400,7058950,6844750,0,18692,0,5,0
100,2690152925,3567,685050,8620450,25964250,14783000,50052750,50155200,2732,25775850,7200700,7019800,0,18692,0,5,0
101,2607809844,3568,1204200,8600950,25609850,14644350,50059350,50161500,2613,25430550,7182450,6973000,0,18692,0,5,0
102,3522750362,3569,671950,8634250,25771850,14973900,50051950,50154900,2767,25588350,7052850,6865950,0,18692,0,5,0
103,2368404599,3570,672200,8634650,25230900,15122950,49660700,50160650,2709,25057650,7128500,6913750,0,18692,0,5,0
104,3250007036,3571,665500,8623650,26096400,14755400,50140950,50243400,2641,25920950,7274950,7084050,0,19012,0,5,0
105,1111684799,3572,668600,8607750,28520050,12167700,49964100,50071800,2193,28344400,7212150,6999700,0,19012,0,5,0
106,2213018028,3573,685400,8543100,25811850,15014000,50054350,50155650,2690,25634000,7219900,7025850,0,18692,0,5,0
107,3171439817,3574,665550,8581450,25347350,15458600,50052950,50158800,2771,25177900,7373350,7142800,0,18692,0,5,0
108,2255827236,3575,670150,9155750,25076950,15148200,50051050,50156450,2717,24892650,7167600,6980650,0,18692,0,5,0
109,2472184909,3576,718000,8839550,25996950,13794200,49348700,50159200,2507,25812300,7407400,7220350,0,18692,0,5,0
110,3140412334,3577,674400,9111650,33440550,6828350,50054950,50156500,1186,33251250,7202550,6997950,0,18692,0,5,0
111,785888721,3578,675550,8650600,25864500,14868050,50058700,50160550,2722,25186050,6718300,6535700,0,18692,0,5,0
112,1084583170,3579,1307300,8582650,24928850,15236600,50055400,50157200,2697,24757000,7058700,6861200,0,18692,0,5,0
113,4019848443,3580,659350,8621700,25833750,14939550,50054350,50155500,2642,25649450,7205650,7020900,0,18692,0,5,0
114,808788421,3581,1184950,8591100,25113300,15171750,50061100,50160450,2686,24939850,7220100,7012200,0,18692,0,5,0
115,3645042740,3582,659750,8633650,27626100,13504800,50424300,50525650,2350,27428700,7228000,7004300,0,18692,0,5,0
116,2991496187,3583,679650,8642900,25061450,15302950,49686950,49788350,2718,24884200,7097950,6889550,0,18692,0,5,0
117,3919662364,3584,657450,8632650,25835600,15412750,50538450,50641450,2682,25653750,7094850,6896750,0,18692,0,5,0
118,1681074571,3585,689100,8618950,25025300,15246450,49579800,49676650,2733,24851700,6418450,6246050,0,18692,0,5,0
119,4218967458,3586,664250,8659850,25724500,15007800,50056400,50157850,2689,24815350,7045950,6836250,0,18692,0,5,0
120,625353107,3587,671550,8763600,25021150,15596900,50053200,50155750,2801,24844400,6408300,6232950,0,18692,0,5,0
121,3717195990,3588,660800,9321250,25170400,14906200,50058650,50159750,2666,24995100,7200900,6997550,0,18692,0,5,0
122,2425705089,3589,671750,9039500,25831900,14510900,50054050,50158300,2676,25663600,7193150,7014050,0,18692,0,5,0
123,2555484258,3590,663500,9213950,25128800,15047050,50053300,50154650,2693,24947950,7225050,7010650,0,18692,0,5,0
124,1141451493,3591,669500,8619750,25969650,14799500,50058400,50158500,2735,25790250,7217400,7043100,0,18692,0,5,0
125,1505942736,3592,1305400,8563300,27304850,12881650,50055200,50156500,2356,26381050,8491850,8257000,0,18692,0,5,0
126,2491710369,3593,692150,8639400,26332750,14391150,50055450,50157700,2646,26145200,7141000,6953000,0,18692,0,5,0
127,2825516936,3594,1155850,8625600,25113450,15159800,50054700,50157650,2717,24920550,6935900,6725300,0,18692,0,5,0
128,809518447,3595,670500,8612800,26060050,15021000,50364350,50465300,2694,25881900,7249050,7058000,0,19012,0,5,0
129,1081694344,3596,663050,8614600,25485400,14984900,49747950,49852600,2682,25302450,7294650,7081100,0,19012,0,5,0
130,3544546839,3597,668050,8590100,26359800,14565450,50183400,50285750,1418,26179050,7171450,6975850,0,18692,0,5,0
131,2291142598,3598,704050,8684100,25269100,15246300,49903550,50027950,2732,25099200,6425400,6244700,0,18692,0,5,0
132,3252385439,3599,676650,8522250,25829900,15028700,50057500,50161200,2694,25648700,7052650,6857350,0,18692,0,5,0
133,1602009306,3600,660450,8578050,25226500,15590200,50055200,50159200,2800,25059800,7254800,6188950,0,18692,0,5,0
134,2497072261,3601,663800,9127650,25609600,14648400,50049450,50153400,2613,25421050,7675300,7471450,0,18692,0,5,0
135,3739067406,3602,663850,8630400,25024900,15743350,50062500,50163350,2513,24850550,6548150,6360450,0,18692,0,5,0
136,1716074641,3603,1304100,8580500,25205500,14945650,50035750,50153550,2669,25026300,7302100,7089600,0,18692,0,5,0
137,3982919220,3604,662700,8589250,25969600,14833000,50054550,50158300,2746,25183300,6730350,6547200,0,18692,0,5,0
138,2723337005,3605,1281650,8572500,24904400,15294200,50052750,50157700,2623,24737200,7067000,6865950,0,18692,0,5,0
139,733376204,3606,715950,8771850,25679850,14174200,49341850,50160450,2572,24802450,7015000,6800550,0,18692,0,5,0
140,43915006,3607,1164550,8636950,25104200,15148350,50054050,50158150,2685,24925850,7235100,7022300,0,18692,0,5,0
141,2309932913,3608,660650,8628200,25846200,15155900,50290950,50392400,2696,25668900,7218900,7016600,0,18692,0,5,0
142,1653305798,3609,668300,8676400,25165100,15307000,49816800,49919500,2632,24987700,7252800,7050150,0,18692,0,5,0
143,145291823,3610,662500,8581450,25975050,14843400,50062400,50161550,2628,25788100,7233750,7022600,0,18692,0,5,0
144,3013902878,3611,667200,8649250,25022150,15712000,50050600,50153300,2801,24845550,7105900,6893650,0,18692,0,5,0
145,2859971923,3612,665500,8499450,25694050,15198500,50057500,50159700,2701,25521500,7060050,6849400,0,18692,0,5,0
146,3026746148,3613,669400,12761350,24943900,11679200,50053850,50159750,2090,24763550,6450650,6269250,0,18692,0,5,0
147,736325239,3614,670250,9766650,24920650,14699650,50057200,50158850,2622,24732350,7018100,6807350,0,18692,0,5,0
148,2759885216,3615,671450,8768550,25164250,15448900,50053150,50154750,2774,24991400,6678350,6502750,0,18692,0,5,0
149,1930007773,3616,1284900,8709300,25087600,14977150,50058950,50160350,2679,24907050,7183850,6965050,0,18692,0,5,0
150,4233548434,3617,671350,8765550,25883350,14730450,50050700,50154050,2721,25706400,7261650,7082750,0,19012,0,5,0
151,3821597075,3618,1233850,9461100,32112750,7250650,50058350,50159050,1275,31919650,7257150,7053400,0,19012,0,5,0
152,1056834796,3619,672900,8677500,25879750,14829150,50059300,50161000,2732,25691500,7118550,6932750,0,19012,0,5,0
153,2756113825,3620,1118100,8658600,25025400,15247150,50049250,50154150,2731,24846650,6925950,6719700,0,18692,0,5,0
154,2193869574,3621,671050,8620550,25964250,14995600,50251450,50352650,2687,25785300,7195350,7007200,0,18692,0,5,0
155,39089791,3622,672100,8623350,25561100,15002600,49859150,49962100,2683,25378600,6420950,6235750,0,18692,0,5,0
156,1158667078,3623,674850,8559950,28050700,12772950,50058450,50159450,2230,27857750,6487750,6309300,0,18692,0,5,0
157,4085879547,3624,676550,8630150,25370350,15379250,50056300,50157450,2759,25190900,7239650,6323250,0,18692,0,5,0
158,313686028,3625,693400,8484550,25627450,15252200,50057600,50158800,2739,24731200,6860750,6673200,0,18692,0,5,0
159,3216587021,3626,670750,8627950,26414200,14341050,50053950,50156750,2641,26238900,7169100,6983900,0,18692,0,5,0
160,876009466,3627,678300,9143800,25233500,15002400,50058000,50159250,2686,25057800,7177100,6986100,0,18692,0,5,0
161,981002535,3628,668250,8578500,25161550,15643800,50052100,50157550,2817,24995050,6596600,6411400,0,18692,0,5,0
162,47529864,3629,1309100,8550700,25177250,15015050,50052100,50156300,2686,24996300,7324850,7122300,0,18692,0,5,0
163,868088385,3630,663450,8602150,26407150,14384450,50057200,50161050,2647,26230650,7717800,7516950,0,18692,0,5,0
164,2331947246,3631,1219150,8609100,25032700,15192100,50053050,50155750,2718,24856700,7180500,6970450,0,18692,0,5,0
165,2168054517,3632,663400,8628800,25965750,14800050,50058000,50160950,2726,25790500,7338750,7133950,0,18692,0,5,0
166,3926666066,3633,679400,8624050,27336000,12994300,49633750,50153300,2360,27151400,7145650,6944850,0,18692,0,5,0
167,1177610667,3634,683350,8654700,25813300,15044100,50195450,50299350,2590,25623250,7194050,7005500,0,18692,0,5,0
168,3782405190,3635,669800,8614550,25121200,15506950,49912500,50020200,2753,24933300,7240650,7026950,0,18692,0,5,0
169,916405275,3636,685450,8519650,25866450,14977500,50049050,50154450,2654,25671600,7226600,7026900,0,18692,0,5,0
170,1596582148,3637,670400,8575100,25022200,15785750,50053450,50157400,2813,24851400,7103000,6894950,0,18692,0,5,0
171,4199562603,3638,684950,8476800,31549150,9353650,50064550,50165500,1270,30655600,12912950,12653450,0,18692,0,5,0
172,3017986708,3639,694050,8702000,24922800,15713250,50032100,50153200,2799,24749150,6429600,6259100,0,18692,0,5,0
173,2654286289,3640,666850,9152050,25124750,15108100,50051750,50154750,2682,24957150,7208700,7008100,0,18692,0,5,0
174,1031695476,3641,672750,8626400,25286450,15471700,50057300,50161550,2777,25113250,6740800,6569700,0,19012,0,5,0
175,2959877989,3642,1426500,8587050,25205400,14835650,50054600,50156550,2648,25024800,7241200,7034900,0,19012,0,5,0
176,1566373458,3643,678000,9121500,27243450,13015400,50058350,50159750,2318,27057250,8562650,8365350,0,19012,0,5,0
177,3017804585,3644,1227050,8777300,24994650,15051300,50050300,50157750,2690,24818700,7059450,6311850,0,18692,0,5,0
178,1442923286,3645,685550,8792600,25647350,14927150,50052650,50156100,2753,25455000,7052850,6864250,0,18692,0,5,0
179,959704087,3646,677000,8755550,24870550,15354250,49657350,50157000,2755,24699750,6922100,6182000,0,18692,0,5,0
CSV_END

NV_DONE_e879335feeee=0
# 
CAPTURE: {"label": "fifo16-r1-s3600-grouped", "elapsed_seconds": 17.715461254998445, "bytes_received": 22040, "command": "/tmp/fifo-bench --frames 180 --warmup 30 --wait spin --state-frame 3600 --grouped --csv /tmp/fifo-case.csv; fifo_rc=$?; if [ \"$fifo_rc\" = 0 ]; then  printf \"\\nCSV_BEGIN\\n\"; cat /tmp/fifo-case.csv; printf \"CSV_END\\n\"; fi; test \"$fifo_rc\" = 0", "command_exit": 0, "login_sent": false, "log": "/path/to/research/experiments/fifo-study-20261008/20261008T072214Z-fifo16-r1-s3600-grouped.raw"}
