/tmp/fifo-bench --frames 180 --warmup 30 --wait spin --state-frame 0 --grouped --csv /tmp/fifo-case.csv; fifo_rc=$?; if [ "$fifo_rc" = 0 ]; then  printf "\nCSV_BEGIN\n"; cat /tmp/fifo-case.csv; printf "CSV_END\n"; fi; test "$fifo_rc" = 0; nv_status=$?; printf "\nNV_DONE_62cfa9fe0f20=%s\n" "$nv_status"
BEGIN_BREAKOUT frames=180 warmup=30 fixed=0 blocks=40 tiles=1 hud=1 wait=spin replay=0 state_frame=0 profile=detailed pixel_centers=1 clock_call_ns=5435
HW_COUNTERS id=46490010 words=1392820 wait_cycles=8025556 longest_wait_cycles=3965 total_cycles=240741978 cpu_hz=20000000
RESULT frames=180 elapsed_s=12.036970700 fps=14.953929 logic_ms=1.010528 api_ms=15.035740 swap_ms=40.166266 wait_ms=10.516325 worker_inclusive_ms=39.926559 upload_inclusive_ms=9.781935 write_ms=9.527324 bytes_per_frame=30951.56 p50_ms=66.877250 p95_ms=67.173700 max_ms=70.796800 late_60hz=180 first_count=4537 last_count=4716 state_hash=8f34e8fd remaining=38 score=20
RENDER_PATH retained=0 grouped=1 quads=13131 full_frames=180
BREAKOUT_PASS

CSV_BEGIN
frame,state_hash,display_count,logic_ns,api_ns,swap_ns,wait_ns,total_ns,completion_interval_ns,polls,worker_inclusive_ns,upload_inclusive_ns,write_ns,read_ns,write_bytes,read_bytes,write_calls,read_calls
0,3724779174,4537,747450,14415650,39882600,10901750,65947450,65961900,1928,39716250,9411450,9199300,0,31172,0,5,0
1,1709657109,4538,910300,14976500,39840750,11042400,66769950,66876200,1880,39670050,9407800,9179400,0,31172,0,5,0
2,1894904752,4539,873600,15263550,39691200,10971900,66800250,66910600,1926,39515450,10024050,9808000,0,31172,0,5,0
3,3703759967,4540,845600,14357400,42083050,9450400,66736450,66844850,1721,41907200,10058750,9816100,0,31172,0,5,0
4,19533624,4541,1550400,14349000,39875000,10991900,66766300,66874000,1949,39710800,9357200,9146950,0,31172,0,5,0
5,816884773,4542,840350,15355200,39843500,10735800,66774850,66880550,1895,39667450,9380150,9159950,0,31172,0,5,0
6,1339236364,4543,862250,15260100,39740250,10904500,66767100,66872850,2023,39564500,10176850,9960150,0,31172,0,5,0
7,3072959373,4544,1310650,14358750,47482550,3626550,66778500,66885950,326,47312850,9387200,9156450,0,31172,0,5,0
8,1782884746,4545,880450,15806850,39998000,10072450,66757750,66871700,1762,39830750,9527450,9285600,0,31172,0,5,0
9,30296781,4546,841750,15244900,39976950,10705200,66768800,66875050,1870,39804150,10115700,9865950,0,31492,0,5,0
10,4026418858,4547,868450,14366600,39951300,11584750,66771100,66879900,2067,39780250,9567000,9357550,0,31492,0,5,0
11,2084929051,4548,1447950,14340050,42426500,8555450,66769950,66877250,1543,42248800,9781050,9555550,0,31492,0,5,0
12,3114489770,4549,862050,15027800,39503500,11374800,66768150,66874550,2032,39328950,9853900,9619250,0,31172,0,5,0
13,891400471,4550,838650,15264600,39862950,11187700,67153900,67262300,1996,39684600,10197750,9965900,0,31172,0,5,0
14,3472773456,4551,861950,14335950,40895400,10289050,66382350,66492000,1910,40202650,9559850,9350700,0,31172,0,5,0
15,3010688243,4552,838600,14915050,39876600,11138200,66768450,66875550,1984,39706450,9336000,9108250,0,31172,0,5,0
16,2819524756,4553,867250,15242400,39649350,11012100,66771100,66877950,1932,39472800,10012850,9786150,0,31172,0,5,0
17,3241678401,4554,844050,14304150,40705650,10916550,66770400,66878850,2034,40543950,9529050,9310900,0,31172,0,5,0
18,2154316504,4555,892150,15330400,39782000,9405200,65409750,66881400,1411,39606550,10072400,9848800,0,31172,0,5,0
19,772262681,4556,854650,15131450,39694600,11078700,66759400,66874450,1976,39515150,9336750,9128200,0,31172,0,5,0
20,3882818750,4557,868850,15271500,40118800,10769250,67028400,67135400,1899,39942700,10155250,9924650,0,31172,0,5,0
21,521131153,4558,839400,14411900,39914650,11347600,66513550,66619500,2020,39736500,9494100,9278250,0,31172,0,5,0
22,1838187414,4559,1485150,14258300,47501700,3522400,66767550,66875250,572,47321050,17100150,16814700,0,31172,0,5,0
23,840574439,4560,856450,15330200,39906100,10678400,66771150,66875900,1863,39731550,10290700,10047900,0,31172,0,5,0
24,2879461878,4561,861750,15113400,39717150,11080900,66773200,66879000,2072,39014150,9673550,9461300,0,31172,0,5,0
25,202086035,4562,1399600,14366700,39957150,11045700,66769150,66875300,1958,39782550,9497300,9274000,0,31172,0,5,0
26,959703924,4563,865800,15012300,42205750,8690800,66774650,66879400,1582,42042500,9650950,9434450,0,31172,0,5,0
27,3795724423,4564,843050,15254900,39811050,10972900,66881900,66985150,1951,39633550,10140550,9911500,0,31172,0,5,0
28,2500539904,4565,867500,14313700,39818500,11659550,66659250,66766650,2084,39652100,9482750,9265900,0,31172,0,5,0
29,2269000541,4566,1474750,14316300,39916400,11067050,66774500,66879550,1883,39745100,9490350,9262900,0,31172,0,5,0
30,1900681108,4567,859500,15189150,39560800,11156150,66765600,66874650,1964,39385100,10021850,9801950,0,31172,0,5,0
31,3680168245,4568,845750,15113350,39661700,11149100,66769900,66877500,2076,39496450,10067550,9250850,0,31172,0,5,0
32,2344329490,4569,1360850,14310200,39823150,11280200,66774400,66879000,2005,39656350,9483850,9269300,0,31172,0,5,0
33,2130650181,4570,844250,15308600,40057100,10563950,66773900,66878050,1869,39884900,9592400,9359200,0,31492,0,5,0
34,906966818,4571,868350,16612650,40078500,9205700,66765200,66872950,1586,39911600,9723000,9495600,0,31492,0,5,0
35,3939376531,4572,844650,14365100,40046200,11514450,66770400,66878300,2041,39868800,9562600,9347400,0,31492,0,5,0
36,2110688546,4573,1485200,14684950,39922250,10681800,66774200,66878400,1885,39750100,9415650,8418000,0,31172,0,5,0
37,2695523007,4574,840400,15181250,39451400,11299800,66772850,66878600,1991,39283400,9881150,9641600,0,31172,0,5,0
38,744447992,4575,865800,21028450,39909350,4965100,66768700,66876000,892,39739250,9554650,9321500,0,31172,0,5,0
39,3728640411,4576,853200,14405500,40836500,10239600,66334800,66875150,1902,40118300,9561150,9342100,0,31172,0,5,0
40,618879740,4577,864500,14937250,39379450,11593800,66775000,66881050,2078,39207450,9187150,8413650,0,31172,0,5,0
41,1239708057,4578,850300,15238100,39799850,10881000,66769250,66876350,1615,39621550,10142050,9901950,0,31172,0,5,0
42,2429742208,4579,874900,14319550,40773350,10790550,66758350,66873650,2001,40600100,10040800,9826500,0,31172,0,5,0
43,412095716,4580,1424850,14335800,40014150,10996150,66770950,66876750,1949,39842900,9503800,9273650,0,31172,0,5,0
44,1226741467,4581,862000,15149450,39199650,11562250,66773350,66881500,2043,39024700,9747450,9528500,0,31172,0,5,0
45,3288446148,4582,843450,15092850,40179050,10973050,67088400,67196900,1955,40002800,10183250,9960050,0,31172,0,5,0
46,1157984843,4583,861850,14339400,39706650,11538350,66446250,66553350,2057,39536850,9342450,9125350,0,31172,0,5,0
47,3877288378,4584,842800,14874250,39741750,11312650,66771450,66878650,2021,39569700,9332550,9099450,0,31172,0,5,0
48,4236526315,4585,878450,15321400,40312000,9537750,66049600,66878850,1655,40143150,9651950,9431950,0,31172,0,5,0
49,533834014,4586,846150,14316150,42432600,9167600,66762500,66876150,1666,41566950,9284750,9052700,0,31172,0,5,0
50,1649361089,4587,1421800,14342100,39864550,11138600,66767050,66876000,1969,39700700,9500950,9275450,0,31172,0,5,0
51,2486981906,4588,841950,15141650,39814650,10974950,66773200,66879900,1920,39644900,10404500,10140650,0,31172,0,5,0
52,1706075277,4589,859300,15108450,39766650,11223950,66958350,67063900,2004,39593200,10192900,9981050,0,31172,0,5,0
53,267972368,4590,841000,14350450,47867600,3523100,66582150,66687600,594,47690400,9531100,9299350,0,31172,0,5,0
54,3895401273,4591,1505600,14342950,40244050,10680450,66773050,66879200,1870,40076700,9801200,9571800,0,31172,0,5,0
55,605985656,4592,838000,15199750,39672300,11058300,66768350,66874200,1966,39498200,10004750,9763200,0,31172,0,5,0
56,4077673024,4593,911800,15001550,39669650,11192150,66775150,66881050,2094,38960350,9461950,9256000,0,30852,0,5,0
57,985632231,4594,1360650,14793450,41481400,9132300,66767800,66873700,1580,39547100,9927000,9691000,0,30852,0,5,0
58,3720590956,4595,890300,15164900,39338450,11374200,66767850,66878750,2008,39165850,9243550,9051800,0,30852,0,5,0
59,3264032585,4596,872100,15137050,39683100,11121500,66813750,66922300,1984,39509550,10114900,9884500,0,30852,0,5,0
60,395405688,4597,893850,14366100,39767050,11699500,66726500,66832400,2092,39595100,9435250,9231050,0,30852,0,5,0
61,32142420,4598,1837350,14358000,39819650,10755800,66770800,66874750,1901,39642800,9460750,9238400,0,30852,0,5,0
62,1187067055,4599,894450,15198850,39519050,11160100,66772450,66878050,1989,39342150,10075200,9844350,0,30852,0,5,0
63,459140908,4600,879300,15133000,39785500,10974650,66772450,66877950,2040,39610550,10027850,9807550,0,30852,0,5,0
64,3369786495,4601,1373100,14650750,39634550,11115400,66773800,66879400,1655,38808000,9328350,9109550,0,30852,0,5,0
65,1572434254,4602,890500,15191500,39574350,11101950,66758300,66876850,1945,39402150,9324700,9096300,0,30852,0,5,0
66,4107798823,4603,894250,15164450,39569450,11141400,66769550,66877600,1988,39397350,10066750,9852800,0,30852,0,5,0
67,343968250,4604,873400,14408700,42396700,9090100,66768900,66875000,1648,42215600,11683850,11431750,0,30852,0,5,0
68,3102454017,4605,1501200,14383100,46629700,4259300,66773300,66878550,755,46462200,10413600,10171000,0,30852,0,5,0
69,3051095563,4606,881100,15222950,39321200,11344300,66769550,66875950,2024,39146600,9941700,9702900,0,30852,0,5,0
70,2391331016,4607,898900,15148500,40002250,11105600,67155250,67262400,1983,39828250,10001900,9788600,0,30852,0,5,0
71,3869016117,4608,874150,14411400,39867900,11229150,66382600,66492800,1996,39689550,9442500,9228050,0,30852,0,5,0
72,1579800804,4609,895750,15104100,41650400,9418100,67068350,67173700,1365,41479300,9943650,9723800,0,30852,0,5,0
73,2792341157,4610,883550,15181550,40067850,10339100,66472050,66580950,1824,39892900,9318700,9096400,0,30852,0,5,0
74,714702942,4611,889800,14336950,39753350,11784500,66764600,66873200,2108,38910850,9442550,9235200,0,30852,0,5,0
75,1092538936,4612,1439950,14376600,39816050,11140100,66772700,66878750,1981,39643500,9427800,9198500,0,30852,0,5,0
76,1561271239,4613,894350,15156350,39854750,10864200,66769650,66876550,1921,39678850,9457300,9247200,0,31172,0,5,0
77,3798074098,4614,873050,15149900,39839500,11151800,67014250,67124650,1995,39661800,10065450,9843100,0,31172,0,5,0
78,3022639071,4615,922950,15307800,39732700,9844150,65807600,66629900,1808,39558150,10068650,9851850,0,31172,0,5,0
79,2282770062,4616,1507350,14431150,39828150,11000450,66767100,66877350,1925,39659750,9352800,8549750,0,30852,0,5,0
80,1626512457,4617,900450,16587450,39772250,9509600,66769750,66877900,1653,39595250,9475600,9249750,0,30852,0,5,0
81,3156888026,4618,873900,15115250,39697000,11082900,66769050,66876750,2071,39001300,9453200,9235050,0,30852,0,5,0
82,3038824309,4619,1431800,14341750,39944400,11053800,66771750,66877900,1941,39777300,9700200,9480200,0,30852,0,5,0
83,1261846460,4620,870650,15119900,39278700,11500500,66769750,66876700,1955,39107000,9907300,9669100,0,30852,0,5,0
84,2035201521,4621,900200,21447350,39747400,4780500,66875450,66986950,773,39564750,9490600,9279800,0,30852,0,5,0
85,2164446652,4622,888450,14444800,39792300,11529250,66654800,66765900,1975,39621150,9435250,9223450,0,30852,0,5,0
86,2017191835,4623,1554500,14496200,39492350,11220400,66763450,66876750,1969,39326850,9412050,9199500,0,30852,0,5,0
87,3029138484,4624,875450,15108850,40876450,9910350,66771100,66879550,1614,40702150,11403350,11159800,0,30852,0,5,0
88,50355403,4625,913250,15194600,39451250,11206400,66765500,66876900,2095,38766850,9332900,8554150,0,30852,0,5,0
89,654213990,4626,1647150,14402350,39713200,11007350,66770050,66877100,1952,38724600,9459700,9237400,0,30852,0,5,0
90,2360099787,4627,892100,15140150,39391550,11345600,66769400,66877300,2024,39217350,9365450,9162500,0,30852,0,5,0
91,2424818746,4628,872550,15115500,39709650,11067850,66765550,66874800,1973,39533450,9957450,9730800,0,30852,0,5,0
92,1971386461,4629,893250,15289550,38884350,11701950,66769100,66878150,2093,38712300,9294700,9080700,0,30852,0,5,0
93,3386045126,4630,1538100,14490800,39422450,11315950,66767300,66876250,1988,39252650,9271200,9046150,0,30852,0,5,0
94,1429641961,4631,898700,15059350,39464150,11343800,66766000,66877000,2027,39291350,10100050,9880800,0,30852,0,5,0
95,3022846880,4632,877300,15430350,41429800,9031650,66769100,66876750,1637,41254900,9102350,8881150,0,30852,0,5,0
96,1601897261,4633,891250,14387700,39628950,11421200,66329100,66877600,2035,39460250,9408700,9194450,0,30852,0,5,0
97,1229951528,4634,887450,15070550,39411150,11404000,66773150,66880150,2038,39236750,9384800,9182950,0,30852,0,5,0
98,4065171759,4635,892550,15101800,39785650,10986300,66766300,66875400,1957,39608650,9810800,9593400,0,30852,0,5,0
99,1034325744,4636,867350,14381550,47343950,4176700,66769550,66876800,732,46463800,9450900,9226300,0,30852,0,5,0
100,14078671,4637,1478550,14540900,39452450,11300500,66772400,66879950,1984,39283500,9329050,9114000,0,31172,0,5,0
101,4024270554,4638,895000,15066000,40018750,10783400,66763150,66874700,1911,39844350,9383600,9162350,0,31172,0,5,0
102,896191351,4639,895650,15137950,39691950,11374900,67100450,67210600,2037,39513800,10062450,9848150,0,31172,0,5,0
103,2131384102,4640,874900,16678950,39474550,9411350,66439750,66546450,1717,39283700,9940250,9695050,0,30852,0,5,0
104,2586210593,4641,891300,15019250,40024350,10830700,66765600,66873800,1916,39855450,9548850,9337050,0,30852,0,5,0
105,591918370,4642,868600,15146700,39698700,11054600,66768600,66878900,1968,39519250,9974500,9743850,0,30852,0,5,0
106,8814317,4643,893200,14963500,38970700,11941200,66768600,66877300,2140,38796950,9446750,9240550,0,30852,0,5,0
107,2340504196,4644,1445400,14518500,39970100,10832000,66766000,66877100,1883,39799650,9504800,9297450,0,30852,0,5,0
108,3523076009,4645,890900,14997700,39249750,11624100,66762450,66876750,2083,39076050,9948600,9716550,0,30852,0,5,0
109,1961669028,4646,898700,15257500,39420200,10663150,66239550,67066100,1889,39250000,9855200,9615400,0,30852,0,5,0
110,1037581603,4647,894300,14335950,41836700,9514250,66581200,66689600,1737,41656150,11617950,11375600,0,30852,0,5,0
111,2701024588,4648,1650650,14337650,39546200,11230350,66764850,66876000,1995,39374100,9400150,9175100,0,30852,0,5,0
112,215037203,4649,894050,15113400,39574950,11184900,66767300,66876750,1994,39403250,9976200,9761150,0,30852,0,5,0
113,3696282862,4650,882750,15033600,39079150,11773150,66768650,66876250,2022,38907300,9455150,9234500,0,30852,0,5,0
114,2829142928,4651,1390200,14530850,46901000,3944950,66767000,66878500,681,46733700,10604550,10343300,0,30852,0,5,0
115,3204762949,4652,877150,15039650,39062650,11786950,66766400,66875050,2113,38887600,9785150,9546150,0,30852,0,5,0
116,3297489190,4653,891900,15148850,39599050,11457850,67097650,67205400,1994,39425400,10001450,9791250,0,30852,0,5,0
117,1691704917,4654,862900,15148800,38840200,11591800,66443700,66548500,2069,38659750,9448750,9226250,0,30852,0,5,0
118,663957814,4655,1698850,14325900,41750550,8994550,66769850,66880400,1635,41583450,10111300,9896550,0,30852,0,5,0
119,3058583827,4656,874950,15102400,39376000,11412900,66766250,66874200,2040,39201600,9797000,9562250,0,30852,0,5,0
120,838545270,4657,891450,15477000,39573900,10829900,66772250,66879400,2008,39402400,10037850,9809150,0,30852,0,5,0
121,3608912039,4658,1355000,14530900,39462850,11420200,66768950,66874700,2007,39293900,9416900,9190950,0,30852,0,5,0
122,4080159716,4659,895450,14978650,39011350,11882800,66768250,66879500,2135,38841900,9788000,9567900,0,30852,0,5,0
123,1056027075,4660,884150,15385500,39666050,10831550,66767250,66874250,1923,39492850,10003450,9758100,0,30852,0,5,0
124,4057021248,4661,888000,14357300,39710250,11817900,66773450,66880500,2114,39541350,9489350,9281950,0,31172,0,5,0
125,2686741161,4662,1626150,14356050,39682350,11103350,66767900,66875550,1972,39505700,9451450,9232550,0,31172,0,5,0
126,3870849660,4663,901100,17641550,39944250,8282400,66769300,66878450,1496,39770450,10020150,9799300,0,31172,0,5,0
127,293449641,4664,872600,15118750,41718600,9446600,67156550,67262100,1642,41542600,9261400,9027250,0,30852,0,5,0
128,596064266,4665,895100,14545700,39417500,11521700,66380000,66489500,2027,38530300,9405050,9189050,0,30852,0,5,0
129,3715495249,4666,881100,14917300,40136050,14753200,70687650,70796800,1552,39960050,9454900,9230100,0,30852,0,5,0
130,244680018,4667,929600,16156250,39555100,6197550,62838500,62959350,1063,39378300,9360950,9136000,0,30852,0,5,0
131,4080661783,4668,885050,14365950,39696950,11821150,66769100,66877650,2116,38711000,9428950,9211300,0,30852,0,5,0
132,4006730450,4669,1586400,14337850,40092300,10751450,66768000,66877400,1896,39914300,9571850,9366200,0,30852,0,5,0
133,3864584507,4670,871600,15038150,40857650,9995600,66763000,66874600,1710,40682150,11322050,11078900,0,30852,0,5,0
134,2711027320,4671,900750,15154300,39557150,11413300,67025500,67135850,2046,39386300,10001750,9786650,0,30852,0,5,0
135,4099079087,4672,876950,14525850,39832750,11277950,66513500,66621800,1977,39665900,9337550,9115050,0,30852,0,5,0
136,565333772,4673,1544950,14292950,39466750,11457150,66761800,66873950,2048,39295850,9293750,9080450,0,30852,0,5,0
137,1028518269,4674,877400,15111100,39665400,11115350,66769250,66878900,1981,39491400,9954250,9721250,0,30852,0,5,0
138,2252688136,4675,895800,15110600,39053800,11709100,66769300,66879200,2071,38874350,9604700,9388250,0,30852,0,5,0
139,578597309,4676,914600,15318850,39720300,9348150,65301900,66874650,1707,39541400,10165100,9932800,0,30852,0,5,0
140,3624439358,4677,912200,14975700,39463650,11415250,66766800,66875650,2042,39289450,9957550,9734750,0,30852,0,5,0
141,3514067501,4678,876550,15105200,41507450,9400700,66889900,66999100,1553,41328850,9446850,9222550,0,30852,0,5,0
142,2741972910,4679,894850,14537750,39542850,11668150,66643600,66757850,2057,38666100,9432150,9224850,0,30852,0,5,0
143,28497579,4680,1548550,14356650,39750950,11107200,66763350,66875900,1976,39579900,9420650,9198750,0,30852,0,5,0
144,466729326,4681,892750,15093750,39559400,11223800,66769700,66877500,1945,39381950,9948900,9731800,0,30852,0,5,0
145,3425349295,4682,870850,21522000,40125950,4253400,66772200,66876250,745,39940850,9460200,9244450,0,30852,0,5,0
146,1537640620,4683,1516500,14378950,39660550,11214950,66770950,66878500,1987,39486900,9523950,9309500,0,30852,0,5,0
147,1853842891,4684,874550,14968450,39481500,11444600,66769100,66877850,2047,39302700,9247250,9043750,0,30852,0,5,0
148,1177024904,4685,900900,15455600,39731350,10678150,66766000,66873500,1893,39560200,10051700,9814700,0,31172,0,5,0
149,4106734849,4686,877950,16789250,39477550,9628450,66773200,66878650,1733,39300100,9899650,9657400,0,31172,0,5,0
150,2025356500,4687,1525300,14346950,39670650,11228750,66771650,66878100,2001,39503100,9345400,9135800,0,31172,0,5,0
151,2189605121,4688,875250,15356250,39476250,11062600,66770350,66877450,1973,39300500,9966700,9736950,0,30852,0,5,0
152,4086136290,4689,890100,15273250,39455400,11151550,66770300,66875900,2075,39282650,9993350,9777850,0,30852,0,5,0
153,4036669705,4690,884650,14385450,39596000,11355100,66221200,66880200,2017,39422450,9423850,8429100,0,30852,0,5,0
154,4167980074,4691,904600,14940750,40120650,10806150,66772150,66876350,1917,39950150,9460450,9246750,0,30852,0,5,0
155,51187407,4692,872350,15136300,39692950,11065300,66766900,66874250,1972,39519400,9963100,9737100,0,30852,0,5,0
156,2242638442,4693,892650,15137700,40898450,9840550,66769350,66876550,1772,40730750,11472850,11215250,0,30852,0,5,0
157,2730108163,4694,1459050,14365500,40215300,10734050,66773900,66878950,1896,40037050,9469950,9259300,0,30852,0,5,0
158,2718743917,4695,900700,15046300,39357300,11467850,66772150,66877600,2053,39182500,9789550,9556900,0,30852,0,5,0
159,3391709842,4696,876000,15235100,39604250,11510900,67226250,67331550,2039,39427500,10013600,9787100,0,30852,0,5,0
160,1164604273,4697,898250,14366550,47464400,3583900,66313100,66421200,608,47292950,9442950,9217650,0,30852,0,5,0
161,2148591176,4698,894050,14958000,39543500,11375600,66771150,66877400,2031,39372650,9253900,9025450,0,30852,0,5,0
162,4192737573,4699,907100,15151100,39495850,11218700,66772750,66880250,2001,39319550,9942500,9721900,0,30852,0,5,0
163,535584840,4700,882150,15216600,39918500,10747650,66764900,66874600,1966,39736650,10079700,9852500,0,30852,0,5,0
164,3430794475,4701,1454100,14369750,44343750,6602250,66769850,66879550,1102,44162150,12554000,12318400,0,30852,0,5,0
165,776323552,4702,898600,15073000,39257900,11540450,66769950,66877050,2064,39084000,9802300,9566950,0,30852,0,5,0
166,3330991427,4703,893450,15291400,39834050,11056400,67075300,67182300,1946,39658150,10422550,10201150,0,30852,0,5,0
167,3282074430,4704,875050,14428350,39718050,11440400,66461850,66569750,2032,38834900,9560500,9342250,0,30852,0,5,0
168,2597814595,4705,1552400,14305800,39526450,11387650,66772300,66879050,2034,39351600,9273850,9059500,0,30852,0,5,0
169,2225601370,4706,890050,15111750,39604050,11159350,66765200,66875150,1912,39430900,9971650,9741750,0,30852,0,5,0
170,3716853465,4707,898600,15252650,39471550,11145650,66768450,66877800,2054,38777350,9449950,9240800,0,30852,0,5,0
171,1080675697,4708,1369650,14214700,39117900,12066200,66768450,66877950,2171,38946400,9154350,8935600,0,30212,0,5,0
172,219920238,4709,890000,17432000,38504050,9943300,66769350,66876400,1679,38331800,9179250,8954750,0,30212,0,5,0
173,3070385651,4710,865700,15123950,38417600,12549450,66956700,67058450,2160,38241900,9214800,8427050,0,30212,0,5,0
174,2609556270,4711,885550,14221750,38923200,12557150,66587650,66695850,2266,38752650,9204900,8984950,0,30212,0,5,0
175,141401383,4712,1526050,14149650,38975350,12123950,66775000,66882300,1021,38800950,9116400,8915800,0,30212,0,5,0
176,3034105280,4713,921700,16312950,39063850,10453200,66751700,66872600,1845,38888600,9181000,8959700,0,30212,0,5,0
177,3029196371,4714,865750,15176750,38517550,12207200,66767250,66874600,2168,38344200,9322400,9096700,0,30212,0,5,0
178,699378668,4715,1366700,14207650,39013100,12184000,66771450,66879600,2194,38838600,9145300,8933000,0,30212,0,5,0
179,2402609405,4716,865500,15088650,40885650,9930600,66770400,66878100,1733,40711450,11599700,10196050,0,30212,0,5,0
CSV_END

NV_DONE_62cfa9fe0f20=0
# 
CAPTURE: {"label": "fifo16-r2-s0-grouped", "elapsed_seconds": 20.908497696000268, "bytes_received": 22231, "command": "/tmp/fifo-bench --frames 180 --warmup 30 --wait spin --state-frame 0 --grouped --csv /tmp/fifo-case.csv; fifo_rc=$?; if [ \"$fifo_rc\" = 0 ]; then  printf \"\\nCSV_BEGIN\\n\"; cat /tmp/fifo-case.csv; printf \"CSV_END\\n\"; fi; test \"$fifo_rc\" = 0", "command_exit": 0, "login_sent": false, "log": "/path/to/research/experiments/fifo-study-20261008/20261008T072333Z-fifo16-r2-s0-grouped.raw"}
