/tmp/fifo-bench --frames 180 --warmup 30 --wait spin --state-frame 1800 --grouped --csv /tmp/fifo-case.csv; fifo_rc=$?; if [ "$fifo_rc" = 0 ]; then  printf "\nCSV_BEGIN\n"; cat /tmp/fifo-case.csv; printf "CSV_END\n"; fi; test "$fifo_rc" = 0; nv_status=$?; printf "\nNV_DONE_8bce7dcfb80b=%s\n" "$nv_status"
BEGIN_BREAKOUT frames=180 warmup=30 fixed=0 blocks=40 tiles=1 hud=1 wait=spin replay=0 state_frame=1800 profile=detailed pixel_centers=1 clock_call_ns=5430
HW_COUNTERS id=46490010 words=1086340 wait_cycles=8181374 longest_wait_cycles=3965 total_cycles=183238961 cpu_hz=20000000
RESULT frames=180 elapsed_s=9.161818750 fps=19.646754 logic_ms=0.860417 api_ms=11.832078 swap_ms=32.730097 wait_ms=5.331214 worker_inclusive_ms=32.515577 upload_inclusive_ms=8.471465 write_ms=8.230460 bytes_per_frame=24140.89 p50_ms=50.157800 p95_ms=50.700750 max_ms=66.879550 late_60hz=180 first_count=5179 last_count=5358 state_hash=1022e19f remaining=21 score=190
RENDER_PATH retained=0 grouped=1 quads=10250 full_frames=180
BREAKOUT_PASS

CSV_BEGIN
frame,state_hash,display_count,logic_ns,api_ns,swap_ns,wait_ns,total_ns,completion_interval_ns,polls,worker_inclusive_ns,upload_inclusive_ns,write_ns,read_ns,write_bytes,read_bytes,write_calls,read_calls
0,2110160739,5179,1526550,12528500,32575600,3164700,49795350,49809200,534,32397050,8268700,8077250,0,24452,0,5,0
1,1693181783,5180,743800,12126250,32611250,4568800,50050100,50158250,814,32434300,8309000,8095750,0,24452,0,5,0
2,802378003,5181,1375250,11931950,32217250,4526000,50050450,50157600,816,32031600,8157750,7967700,0,24452,0,5,0
3,773631361,5182,743100,11900850,32698050,4704050,50046050,50156950,582,32521750,8300350,8095050,0,24452,0,5,0
4,3600043099,5183,2849600,12756650,32538100,1886750,50031100,50154900,269,32357250,8336050,8112100,0,24452,0,5,0
5,1618316913,5184,747850,11960500,32539200,5166850,50414400,50521450,856,32354700,8160050,7946450,0,24452,0,5,0
6,201713393,5185,749750,12002250,32409750,4525450,49687200,49794600,812,32234750,8120300,7928550,0,24452,0,5,0
7,2011502881,5186,747400,11907350,39893150,14222350,66770250,66879100,2487,39696700,15506700,15222250,0,24452,0,5,0
8,3125474025,5187,760750,12585350,32422600,4283250,50051950,50160000,757,32242950,8301450,8093850,0,24452,0,5,0
9,1342287211,5188,1376050,11996600,32290800,4386700,50050150,50157550,789,32101500,8145200,7955950,0,24452,0,5,0
10,3857196809,5189,748550,12156450,32415400,4724350,50044750,50154650,845,32236800,8310400,8097650,0,24452,0,5,0
11,2240049260,5190,1302400,11867600,31909300,4972550,50051850,50161900,910,31736500,8763950,8535500,0,24132,0,5,0
12,1815897908,5191,743550,12100650,32251400,4952200,50047800,50154950,892,32064200,8234300,8028150,0,24132,0,5,0
13,648884648,5192,1218900,11775850,33718350,3337200,50050300,50159200,563,33531050,9574100,9335650,0,24132,0,5,0
14,2931991803,5193,742350,11843600,32075600,5599250,50260800,50367950,944,31901850,8074100,7858800,0,24132,0,5,0
15,4227589206,5194,743650,11886050,32330000,4877350,49837050,49944850,884,32146850,8194950,7993400,0,24132,0,5,0
16,1986714807,5195,749100,11747650,32479050,5075100,50050900,50161500,836,32304450,8092950,7872900,0,24132,0,5,0
17,28333542,5196,749300,11855850,32348100,5091250,50044500,50155450,928,32166950,8199750,7993450,0,24132,0,5,0
18,842458438,5197,748700,11677750,32137000,5486200,50049650,50160900,919,31950150,8116300,7897750,0,24132,0,5,0
19,4035787358,5198,786700,11979200,32324900,4255300,49346100,50155250,751,32139600,8236900,8025450,0,24132,0,5,0
20,3966921526,5199,755800,11637500,33047800,4606250,50047350,50156600,835,32349500,8114200,7895750,0,24132,0,5,0
21,3331783808,5200,738750,11874200,32464100,4975850,50052900,50160200,898,32285700,8225750,8018350,0,24132,0,5,0
22,1855912102,5201,1386250,11035000,31886150,5743150,50050550,50157600,972,31708800,7942200,7157250,0,24132,0,5,0
23,3437663592,5202,753750,11876400,32254350,5167600,50052100,50159150,937,32072350,8076000,7869500,0,24132,0,5,0
24,3162062844,5203,2606450,11949250,32671800,2821650,50049150,50156100,462,32492550,8253600,8042100,0,24132,0,5,0
25,1213835568,5204,748850,11787850,32142200,5371800,50050700,50157800,979,31961500,8225550,8015600,0,24132,0,5,0
26,4133797692,5205,747300,11817650,32055150,4997150,49617250,50155750,912,31880850,8213950,8023400,0,24132,0,5,0
27,256876650,5206,740600,11805250,39338900,14882750,66767500,66877350,2622,39147250,15320200,15052750,0,24452,0,5,0
28,482917404,5207,761200,11966750,32955100,4366950,50050000,50158650,774,32777500,8294850,8085450,0,24452,0,5,0
29,1264633954,5208,744600,11607050,32160300,5538000,50049950,50157800,929,31977700,8081950,7853300,0,24132,0,5,0
30,3606135978,5209,742350,11881000,32389700,5036900,50049950,50157200,909,32215950,8239500,8028900,0,24132,0,5,0
31,2630115922,5210,1367850,11044800,32812600,4829150,50054400,50161300,881,31918700,8759400,8527400,0,24132,0,5,0
32,3881483034,5211,745550,11830800,32765000,4706450,50047800,50154800,840,32579300,8242650,8041450,0,24132,0,5,0
33,2944919204,5212,1240500,12183850,33793400,2835900,50053650,50160450,420,33616400,9560950,9347500,0,24132,0,5,0
34,646532490,5213,760350,11837200,32260350,5538350,50396250,50505700,932,32081050,8386300,8173300,0,24132,0,5,0
35,2877853796,5214,744300,11869650,32419750,4667500,49701200,49808300,842,32235350,8334200,8140850,0,24132,0,5,0
36,1922367648,5215,745600,11764900,32696700,4854600,50061800,50170500,788,32517900,8770150,8562350,0,24132,0,5,0
37,1795563108,5216,744200,11866200,32415650,5014050,50040100,50147500,906,32231750,8298650,8109750,0,24132,0,5,0
38,214631552,5217,746300,11702750,32182300,5416100,50047450,50157450,874,32004150,8230750,8024950,0,24132,0,5,0
39,1929726190,5218,743800,11865200,32160450,5279750,50049200,50156250,942,31979850,8055550,7860650,0,24132,0,5,0
40,1190506064,5219,751200,11655750,32049900,5594500,50051350,50159700,830,31866150,8115550,7908200,0,24132,0,5,0
41,3268351150,5220,745400,11870550,32264450,5170500,50050900,50158850,941,32081100,8215200,8026250,0,24132,0,5,0
42,118037070,5221,1507650,11011600,32089850,5435900,50045000,50154850,908,31907800,8258200,8039250,0,24132,0,5,0
43,1955195062,5222,742400,12021900,32230700,5055900,50050900,50158700,915,32049150,8210700,8005500,0,24132,0,5,0
44,1797432467,5223,1348500,13778650,32170200,2754450,50051800,50159850,448,31995900,8238950,8033600,0,24132,0,5,0
45,1035442557,5224,746600,12281400,32175550,4843700,50047250,50154150,870,31984950,8247500,8041550,0,24132,0,5,0
46,2267612867,5225,1243700,11955550,31923250,4926350,50048850,50157600,897,31747950,8100700,7908400,0,24132,0,5,0
47,1217717069,5226,743450,11947900,32028350,8276100,52995800,53108450,445,31840250,8069250,7865350,0,24132,0,5,0
48,1461268009,5227,794250,13058750,31903900,1326800,47083700,47205000,262,31724650,8088450,7896250,0,24132,0,5,0
49,2370304197,5228,787350,13100700,31944000,3551800,49383850,50186950,623,31767350,8073550,7878550,0,24132,0,5,0
50,655561417,5229,747950,11884850,32234850,5156850,50024500,50131800,940,32054950,8188850,7997150,0,24132,0,5,0
51,524675839,5230,752400,11753850,32267850,5276650,50050750,50160650,875,32080650,8176150,7958800,0,24452,0,5,0
52,1155835041,5231,745250,11872500,32186550,5241700,50046000,50154400,957,32008800,8115900,7919450,0,24452,0,5,0
53,214853719,5232,742500,11674800,33100400,4531350,50049050,50157850,828,32403400,8114850,7884500,0,24132,0,5,0
54,3035389575,5233,745750,11922100,34045600,3340050,50053500,50160900,564,33867750,8112050,7891050,0,24132,0,5,0
55,1549109231,5234,1363400,11041800,32009200,5635550,50049950,50156950,951,31828250,7956050,7726000,0,24132,0,5,0
56,66132623,5235,742000,11882750,32350250,5071950,50046950,50156050,916,32174050,8217450,8012300,0,24132,0,5,0
57,3504604473,5236,1317850,11732750,32669900,4331500,50052000,50159100,774,32479050,8167500,7988200,0,24132,0,5,0
58,1691498415,5237,741750,11845750,32107750,5351850,50047100,50155700,972,31917950,8080500,7865600,0,24132,0,5,0
59,4055346753,5238,1229300,11837100,32170800,4815350,50052550,50159400,872,31991700,8133950,7935900,0,24132,0,5,0
60,4185240021,5239,753050,11779200,32247300,5502850,50282400,50392400,924,32064700,8253050,8035350,0,24132,0,5,0
61,380494641,5240,746100,11861900,32510350,4696750,49815100,49922250,848,32323250,7888550,7689300,0,24132,0,5,0
62,648826037,5241,754800,11727750,32206600,5362700,50051850,50160450,894,32034800,8371450,8164350,0,24132,0,5,0
63,457329003,5242,742950,11842550,32411900,5051650,50049050,50156000,918,32226800,8363200,8154850,0,24132,0,5,0
64,3359035981,5243,747900,11684950,34555100,3063150,50051100,50159450,516,34373900,8350400,8158450,0,24132,0,5,0
65,1526400123,5244,747950,11848800,32492600,4960400,50049750,50158800,893,32301050,8423750,8226000,0,24132,0,5,0
66,1691524227,5245,747700,11597100,31982500,5722350,50049650,50158450,934,31794500,8123200,7907650,0,24132,0,5,0
67,1475349003,5246,749750,11851750,32242000,5204300,50047800,50155050,922,32059450,8221450,8016800,0,24132,0,5,0
68,485644907,5247,1404000,11001750,40815500,13549450,66770700,66877200,2491,40082350,8288800,8064650,0,24132,0,5,0
69,1050479637,5248,744900,11840300,32580800,4983950,50149950,50260250,816,32399850,8130300,7909650,0,24132,0,5,0
70,3204525547,5249,755300,11863600,32033850,5294100,49946850,50057000,968,31857200,8089300,7897600,0,24132,0,5,0
71,4185398997,5250,744500,11731750,32320350,5248500,50045100,50156950,871,32138650,8408800,8192350,0,24132,0,5,0
72,3094072225,5251,751900,11865750,32256700,5175400,50049750,50158400,943,32078100,8348650,8142350,0,24132,0,5,0
73,1835371693,5252,744450,11687700,33239200,4373600,50044950,50155300,798,32503900,8796600,8563750,0,24132,0,5,0
74,2168771505,5253,747500,11871700,33785350,3646300,50050850,50160600,621,33606450,8226650,8018100,0,24132,0,5,0
75,4059398759,5254,745200,11563000,32221050,5519450,50048700,50158950,893,32031800,8330050,8102200,0,24452,0,5,0
76,644479865,5255,742150,11892950,32192600,5219500,50047200,50155900,921,32012750,8164300,7201400,0,24452,0,5,0
77,1914197423,5256,1400650,11021850,31811850,5813250,50047600,50158500,870,30913350,7960400,7728750,0,24132,0,5,0
78,430804047,5257,746500,11852200,32107700,5339800,50046200,50158150,968,31924450,8213650,7999450,0,24132,0,5,0
79,3866048775,5258,786450,12012600,32264450,3561300,48624800,50157450,611,32078300,8230250,8004000,0,24132,0,5,0
80,7140231,5259,756250,11941400,32101600,5614800,50414050,50521100,945,31908950,8244200,8022850,0,24132,0,5,0
81,1511961547,5260,749100,11984750,32213300,4739400,49686550,49796050,855,32024050,8202550,8003000,0,24132,0,5,0
82,376629139,5261,750700,12270750,34241250,2933800,50196500,50304900,487,34055850,10397550,10158100,0,24132,0,5,0
83,1861594235,5262,746650,12071150,32227300,4858650,49903750,50010950,879,32044550,8213850,8007350,0,24132,0,5,0
84,1702339483,5263,747900,11832800,34376800,3088300,50045800,50154750,519,34180800,8195300,8001250,0,24132,0,5,0
85,966101579,5264,746100,11971950,32221750,5112350,50052150,50161050,929,32040100,8200050,8010850,0,24132,0,5,0
86,2786182811,5265,740500,11973050,32175150,5159500,50048200,50157150,851,31998050,8238650,8018650,0,24132,0,5,0
87,3655782539,5266,742750,11837000,32328900,5139400,50048050,50155400,934,32148050,8202200,8007450,0,24132,0,5,0
88,3735461922,5267,749250,11526500,39365100,15128400,66769250,66876350,2707,39178200,8239000,8036500,0,24132,0,5,0
89,270833838,5268,743600,11950400,32149300,5750050,50593350,50700750,907,31964950,8242500,8034300,0,24132,0,5,0
90,930095294,5269,742500,12017850,32147700,4609050,49517100,49618400,827,31969200,8218000,8024150,0,24132,0,5,0
91,1273808962,5270,745400,11910850,32155200,5235600,50047050,50155850,867,31971600,8228250,8014050,0,24132,0,5,0
92,1953673858,5271,741650,12005850,32076950,5227000,50051450,50158550,953,31901100,8203100,8013750,0,24132,0,5,0
93,4057475070,5272,741500,11832350,32006200,5468800,50048850,50157650,914,31809400,8117450,7900000,0,24132,0,5,0
94,3372198854,5273,745100,12331900,34536800,2434900,50048700,50155550,487,33842900,8132900,7899600,0,24132,0,5,0
95,2335202154,5274,759250,11636550,32262500,5399100,50057400,50161350,900,32084800,8279100,8035600,0,24132,0,5,0
96,2170853250,5275,750400,11836950,32254450,5206400,50048200,50155700,946,32074900,8223450,8018650,0,24132,0,5,0
97,1829955022,5276,1413550,10988350,32159350,5490900,50052150,50159250,916,31980450,8135200,7896450,0,24132,0,5,0
98,1856045454,5277,758950,11835300,32746600,4710700,50051550,50160150,841,32562050,8262250,8046950,0,24132,0,5,0
99,2544683154,5278,1315450,11686300,32200550,4847350,50049650,50156950,884,32021300,8860800,7908000,0,24452,0,5,0
100,1531444578,5279,752100,11763900,32191400,5342900,50050300,50157150,969,32001550,8136000,7912300,0,24452,0,5,0
101,1139277022,5280,751450,11796650,32362500,4704350,49614950,50157750,850,32175900,8195000,7991600,0,24132,0,5,0
102,2614530982,5281,759550,11756350,32679950,5020550,50216400,50326800,824,32498300,8229300,8015850,0,24132,0,5,0
103,464765994,5282,749150,11869850,32339950,4919750,49878700,49987200,893,32155750,8200900,7998550,0,24132,0,5,0
104,1592019490,5283,757300,11723750,34409500,3157300,50047850,50157600,536,34226600,9950650,9705150,0,24132,0,5,0
105,66207950,5284,745450,11890000,32427400,4989850,50052700,50159800,906,32241500,8211350,8013100,0,24132,0,5,0
106,2639428798,5285,752550,11682400,32604100,5007350,50046400,50155100,821,32432800,8294750,8067750,0,24132,0,5,0
107,1495915330,5286,753000,11838850,32423550,5033900,50049300,50159400,914,32234750,8223700,8021200,0,24132,0,5,0
108,4079891938,5287,758950,11560250,39958300,14489250,66766750,66876350,2575,39774200,8073400,7866050,0,24132,0,5,0
109,1204987230,5288,784750,11969200,32364950,4562050,49680950,50506000,730,32183200,8278900,8054300,0,24132,0,5,0
110,949029318,5289,750600,11867250,32526500,4561750,49706100,49813300,820,32350850,8067150,7869450,0,24132,0,5,0
111,2727127274,5290,748700,11778250,32374800,5170300,50072050,50184300,855,32199150,8253600,8044700,0,24132,0,5,0
112,2443393666,5291,749850,11869450,32272350,5130850,50022500,50131100,936,32105300,8200300,8008500,0,24132,0,5,0
113,434260526,5292,757250,11718950,32172500,5400750,50049450,50158150,902,31988400,8116900,7902650,0,24132,0,5,0
114,2637634158,5293,746500,11876050,33980800,3447400,50050750,50157750,586,33811900,8107450,7897800,0,24132,0,5,0
115,4248248050,5294,750000,11752500,32251900,5291150,50045550,50153200,879,32069150,8270250,8041650,0,24132,0,5,0
116,663154818,5295,756100,11905300,32323350,5068650,50053400,50160850,920,32151350,8227000,8021850,0,24132,0,5,0
117,1461428606,5296,1378850,11035150,32890950,4744250,50049200,50156750,867,32188300,8427300,8185700,0,24132,0,5,0
118,3252362022,5297,752250,11886150,32787450,4626550,50052400,50159550,825,32609150,8405400,8192800,0,24132,0,5,0
119,2423015338,5298,1357000,11050300,32722850,4921150,50051300,50158350,899,31851850,8790700,8544450,0,24132,0,5,0
120,507309730,5299,749500,11829750,32255650,5216100,50051000,50158300,938,32070650,8339850,8113450,0,24132,0,5,0
121,2882991293,5300,1249350,11836050,32134450,4826200,50046050,50154300,870,31960050,8221550,8022400,0,24132,0,5,0
122,3682963569,5301,750100,11835300,32202850,5586750,50375000,50485000,887,32030350,8401650,8176050,0,24132,0,5,0
123,1404881069,5302,752000,11913400,32343500,4716450,49725350,49830500,827,32162250,8268700,8062900,0,24452,0,5,0
124,624513273,5303,752800,11744500,34257750,3483150,50238200,50346900,576,34070700,10322700,10079650,0,24452,0,5,0
125,484090933,5304,751700,11890550,32289800,4933300,49865350,49972950,895,32107000,8205450,8010300,0,24132,0,5,0
126,2330053545,5305,757400,11847150,32059200,5381700,50045450,50154000,838,31872750,8121500,7918200,0,24132,0,5,0
127,3891445269,5306,742500,12028200,32000750,5286250,50057700,50160650,966,31815350,7916200,7724200,0,24132,0,5,0
128,1947616753,5307,749650,11801050,39541250,14674100,66766050,66874700,2584,39361550,8170650,7972400,0,24132,0,5,0
129,965975981,5308,754000,11834950,32089400,5374300,50052650,50160250,972,31913150,8215600,7994050,0,24132,0,5,0
130,2786931617,5309,760250,11843350,32413200,4607850,49624650,50158650,821,32221350,8595550,8390050,0,24132,0,5,0
131,4011087213,5310,755200,11841200,32002700,5630550,50229650,50339700,916,31821050,8081150,7870450,0,24132,0,5,0
132,3703868376,5311,750150,11881950,31967250,5266600,49865950,49975350,940,31792400,8133900,7931750,0,24132,0,5,0
133,212089708,5312,749750,11755650,32189900,5351100,50046400,50156100,866,32012750,8252000,8029100,0,24132,0,5,0
134,737348112,5313,746200,11853300,33801150,3647100,50047750,50157250,563,33608700,8245500,8038500,0,24132,0,5,0
135,1465149204,5314,747400,11873750,31996200,5433500,50050850,50157850,908,31814300,8124350,7908250,0,24132,0,5,0
136,3549792448,5315,760850,12004400,31863400,5422000,50050650,50157600,993,31691850,7914300,7719700,0,24132,0,5,0
137,3053421220,5316,746800,11736200,32139150,5424750,50046900,50158100,906,31955100,8269100,8042350,0,24132,0,5,0
138,904563048,5317,746350,11987800,32106250,5206650,50047050,50156500,943,31927850,8118800,7922100,0,24132,0,5,0
139,1363341148,5318,794200,12491150,32177100,3118300,48580750,50161600,522,31994500,8221200,8012550,0,24132,0,5,0
140,3357813192,5319,752550,11976600,32043850,5276050,50049050,50157300,957,31864800,8244100,8035900,0,24132,0,5,0
141,1376589724,5320,1281200,11782950,31891200,5091900,50047250,50157000,934,31714500,8776900,8545600,0,24132,0,5,0
142,2806738240,5321,746250,11797050,32041600,5466850,50051750,50160100,995,31855700,8096650,7885950,0,24132,0,5,0
143,1863420068,5322,748000,12147350,32215900,4535000,49646250,50153600,814,32040800,8056550,7860350,0,24132,0,5,0
144,2368389248,5323,747450,11784750,34590650,3189900,50312750,50421150,528,34402800,10529950,10310950,0,24132,0,5,0
145,3624800580,5324,768900,11844300,32305850,4867600,49786650,49894600,881,32123450,8058250,7857550,0,24132,0,5,0
146,2708332264,5325,758600,11719700,32255350,5315650,50049300,50158350,883,32077950,8252900,8034200,0,24132,0,5,0
147,3643166428,5326,752900,11813700,32880150,4603150,50049900,50157050,826,32695500,8271850,8061800,0,24452,0,5,0
148,1604903896,5327,760750,11654950,40043700,14310150,66769550,66877200,2538,39856300,15379900,15088350,0,24452,0,5,0
149,499105388,5328,757300,11957100,31966200,5373750,50054350,50160850,976,31774000,8097800,7878750,0,24132,0,5,0
150,3393190256,5329,1233300,11929800,31938200,4947650,50048950,50155950,899,31766550,8101600,7911900,0,24132,0,5,0
151,1752164884,5330,745150,12167700,32308750,5103100,50324700,50433300,843,32128850,8254950,8043750,0,24132,0,5,0
152,112950176,5331,747700,11861700,32202500,4963900,49775800,49882750,901,32031750,8168350,7976100,0,24132,0,5,0
153,218377828,5332,766650,11762550,32338150,5185150,50052500,50161050,859,32161600,8237600,8026750,0,24132,0,5,0
154,1614877672,5333,752600,11858050,33795000,3640700,50046350,50153300,624,33615900,9250600,9015850,0,24132,0,5,0
155,624660060,5334,750000,11721950,32571850,5010700,50054500,50160550,822,32393400,8119450,7298950,0,24132,0,5,0
156,1646146728,5335,757300,11830000,32145950,5316100,50049350,50156450,971,31968150,8058050,7853800,0,24132,0,5,0
157,2550301372,5336,758650,11633850,32298850,5358600,50049950,50158300,893,32125650,8279250,8048350,0,24132,0,5,0
158,172327680,5337,757600,11846050,32336550,5111500,50051700,50158700,928,32164050,8225450,8013400,0,24132,0,5,0
159,28774455,5338,1425300,10832500,32249650,5541500,50048950,50156000,930,32075900,8069550,7834150,0,23812,0,5,0
160,1278562831,5339,752700,11682350,31656750,5955950,50047750,50157250,1101,31482250,7829900,7630400,0,23812,0,5,0
161,1878041307,5340,1321450,13243300,31825050,3660600,50050400,50161150,633,31643400,7991900,7293600,0,23812,0,5,0
162,2842495315,5341,741450,11655700,31772800,5876800,50046750,50156650,1082,31592250,8015300,7814650,0,23812,0,5,0
163,942955647,5342,1231300,11625750,32142750,5051950,50051750,50158400,924,31968450,8897000,7806700,0,23812,0,5,0
164,3104849743,5343,737300,11656000,31850450,6287800,50531550,50640000,770,31670950,8312700,8100250,0,23812,0,5,0
165,2914266731,5344,764350,11759750,31802650,5227550,49554300,49673200,958,31623700,8165050,7975650,0,23812,0,5,0
166,4064468955,5345,739450,11595450,31741200,5976200,50052300,50161000,1014,31556250,8137150,7922500,0,23812,0,5,0
167,3195515191,5346,739250,11643100,31952350,5708850,50043550,50154250,1051,31776550,9055750,8812500,0,23812,0,5,0
168,978211615,5347,742050,11555900,38974050,15498050,66770050,66879550,2783,38783400,15318000,15023000,0,24132,0,5,0
169,2835071531,5348,751400,11720350,32193850,5378050,50043650,50155550,979,32001000,8239600,8026200,0,24132,0,5,0
170,2067386771,5349,1279750,10891650,31850300,6027550,50049250,50157800,1025,30957750,8128150,7907950,0,24132,0,5,0
171,1313815599,5350,742200,11662600,32441350,5594200,50440350,50547300,944,32249000,8192550,7989650,0,23812,0,5,0
172,2403178911,5351,740800,11677800,31690600,5549050,49658250,49768750,1027,31527650,8864050,8127650,0,23812,0,5,0
173,2922328731,5352,750450,11642750,31762100,5979750,50135050,50242450,1021,31586350,8182300,7961400,0,23812,0,5,0
174,984914827,5353,745950,11658800,33078800,4485900,49969450,50076400,802,32893650,10229350,9969950,0,23812,0,5,0
175,3908989879,5354,749350,11581650,32402900,5314150,50048050,50156350,879,32221300,8719250,8498500,0,23812,0,5,0
176,3999582383,5355,739250,11709550,31681050,5921700,50051550,50158250,1096,31509300,8831950,8608450,0,23812,0,5,0
177,407226939,5356,740800,11542350,31631850,6137950,50052950,50160100,1024,31449400,8010000,7276700,0,23812,0,5,0
178,1756548563,5357,734450,11743300,31641600,5930600,50049950,50157300,1074,31473650,8097150,7907750,0,23812,0,5,0
179,270721439,5358,739100,11420900,31804850,6082650,50047500,50155900,927,31622650,8187200,7972650,0,23812,0,5,0
CSV_END

NV_DONE_8bce7dcfb80b=0
# 
CAPTURE: {"label": "fifo16-r2-s1800-grouped", "elapsed_seconds": 17.71258631299861, "bytes_received": 21892, "command": "/tmp/fifo-bench --frames 180 --warmup 30 --wait spin --state-frame 1800 --grouped --csv /tmp/fifo-case.csv; fifo_rc=$?; if [ \"$fifo_rc\" = 0 ]; then  printf \"\\nCSV_BEGIN\\n\"; cat /tmp/fifo-case.csv; printf \"CSV_END\\n\"; fi; test \"$fifo_rc\" = 0", "command_exit": 0, "login_sent": false, "log": "/path/to/research/experiments/fifo-study-20261008/20261008T072426Z-fifo16-r2-s1800-grouped.raw"}
