/tmp/fifo-bench --frames 180 --warmup 30 --wait spin --fixed --replay --grouped --state-frame 0 --csv /tmp/fifo-replay.csv; fifo_rc=$?; if [ "$fifo_rc" = 0 ]; then printf "\nCSV_BEGIN\n"; cat /tmp/fifo-replay.csv; printf "CSV_END\n"; fi; test "$fifo_rc" = 0; nv_status=$?; printf "\nNV_DONE_f4276c56eaf9=%s\n" "$nv_status"
BEGIN_BREAKOUT frames=180 warmup=30 fixed=1 blocks=40 tiles=1 hud=1 wait=spin replay=1 state_frame=0 profile=detailed pixel_centers=1 clock_call_ns=5849
HW_COUNTERS id=46490010 words=1546740 wait_cycles=5814584 longest_wait_cycles=3606 total_cycles=61522058 cpu_hz=20000000
RESULT frames=180 elapsed_s=3.075979750 fps=58.517941 logic_ms=0.859549 api_ms=0.007689 swap_ms=12.845179 wait_ms=3.235854 worker_inclusive_ms=0.000000 upload_inclusive_ms=0.000000 write_ms=8.707289 bytes_per_frame=34372.00 p50_ms=16.719250 p95_ms=17.109350 max_ms=33.440900 late_60hz=163 first_count=6469 last_count=6648 state_hash=de3c9d08 remaining=40 score=0
RENDER_PATH retained=0 grouped=1 quads=0 full_frames=0
BREAKOUT_PASS

CSV_BEGIN
frame,state_hash,display_count,logic_ns,api_ns,swap_ns,wait_ns,total_ns,completion_interval_ns,polls,worker_inclusive_ns,upload_inclusive_ns,write_ns,read_ns,write_bytes,read_bytes,write_calls,read_calls
0,3728514312,6469,771950,7650,12678750,2884450,16342800,16353550,463,0,0,9426850,0,34372,0,5,0
1,3728514312,6470,740600,7650,12748350,3117600,16614200,16719600,493,0,0,8822400,0,34372,0,5,0
2,3728514312,6471,755600,7650,12540350,3320350,16623950,16717650,547,0,0,8524950,0,34372,0,5,0
3,3728514312,6472,1342900,7700,12566400,2698250,16615250,16719250,551,0,0,8608850,0,34372,0,5,0
4,3728514312,6473,741350,7750,12414500,3007900,16171500,16719700,499,0,0,7719850,0,34372,0,5,0
5,3728514312,6474,739400,7650,12571800,3301100,16619950,16719950,582,0,0,8558600,0,34372,0,5,0
6,3728514312,6475,738400,7650,12599000,3286000,16631050,16718900,547,0,0,9327750,0,34372,0,5,0
7,3728514312,6476,737700,7650,12566400,3305100,16616850,16715850,554,0,0,8646550,0,34372,0,5,0
8,3728514312,6477,738400,7650,13403550,2482800,16632400,16722350,506,0,0,8668900,0,34372,0,5,0
9,3728514312,6478,1371650,7750,12592100,2856550,16828050,16920550,493,0,0,7905250,0,34372,0,5,0
10,3728514312,6479,737500,7650,12916850,2769100,16431100,16518300,469,0,0,7199050,0,34372,0,5,0
11,3728514312,6480,731600,7700,12681100,3199150,16619550,16719250,542,0,0,8709500,0,34372,0,5,0
12,3728514312,6481,740150,7650,12509500,3358750,16616050,16718650,562,0,0,9245150,0,34372,0,5,0
13,3728514312,6482,739600,7650,12698250,3173050,16618550,16721100,519,0,0,8661850,0,34372,0,5,0
14,3728514312,6483,1562200,7850,12758250,1541100,15869400,16715700,312,0,0,8751200,0,34372,0,5,0
15,3728514312,6484,1344300,7800,12441000,2827500,16620600,16720800,486,0,0,7686700,0,34372,0,5,0
16,3728514312,6485,735200,7650,12388400,3486550,16617800,16716050,623,0,0,7690800,0,34372,0,5,0
17,3728514312,6486,730750,7650,12750800,3135950,16625150,16725050,525,0,0,9433300,0,34372,0,5,0
18,3728514312,6487,746200,7650,14890850,964200,16608900,16714300,193,0,0,10158250,0,34372,0,5,0
19,3728514312,6488,758250,7650,13320750,2533800,16620450,16719250,517,0,0,9275250,0,34372,0,5,0
20,3728514312,6489,1364900,7650,12540800,3001900,16915250,17011450,524,0,0,8600150,0,34372,0,5,0
21,3728514312,6490,741050,7650,12418800,3157250,16324750,16430550,556,0,0,7679400,0,34372,0,5,0
22,3728514312,6491,729600,7650,12548750,3338250,16624250,16719750,518,0,0,8588400,0,34372,0,5,0
23,3728514312,6492,736050,7650,12658000,3219350,16621050,16720450,538,0,0,9360700,0,34372,0,5,0
24,3728514312,6493,752150,7650,12695150,3159550,16614500,16718750,515,0,0,8697300,0,34372,0,5,0
25,3728514312,6494,740150,7650,13201000,2663900,16612700,16715100,544,0,0,8599100,0,34372,0,5,0
26,3728514312,6495,1301350,7750,12670400,2649850,16629350,16720400,447,0,0,7995950,0,34372,0,5,0
27,3728514312,6496,744050,7650,12417600,3449250,16618550,16722900,616,0,0,7681250,0,34372,0,5,0
28,3728514312,6497,728250,7650,12555150,3331900,16622950,16717950,565,0,0,9246950,0,34372,0,5,0
29,3728514312,6498,736000,7650,12695250,3179500,16618400,16720700,504,0,0,8788050,0,34372,0,5,0
30,3728514312,6499,747950,7650,13171950,2681050,16608600,16713050,548,0,0,9148200,0,34372,0,5,0
31,3728514312,6500,1362550,7650,12426150,3199350,16995700,17092100,566,0,0,8436400,0,34372,0,5,0
32,3728514312,6501,720350,7750,12386450,3135200,16249750,16350850,525,0,0,7710550,0,34372,0,5,0
33,3728514312,6502,734650,7650,12587750,3283700,16613750,16717000,572,0,0,8585950,0,34372,0,5,0
34,3728514312,6503,729050,7650,12620700,3259950,16617350,16717100,541,0,0,9357100,0,34372,0,5,0
35,3728514312,6504,734050,7650,13585300,2295300,16622300,16725200,468,0,0,10269950,0,34372,0,5,0
36,3728514312,6505,742200,7650,13337450,2530500,16617800,16715550,516,0,0,8627600,0,34372,0,5,0
37,3728514312,6506,1299450,7750,12605850,2769300,16682350,16779200,476,0,0,7858200,0,34372,0,5,0
38,3728514312,6507,725200,7650,12361100,3467450,16561400,16660850,619,0,0,7705550,0,34372,0,5,0
39,3728514312,6508,730350,7650,12686350,3197250,16621600,16720050,541,0,0,9346250,0,34372,0,5,0
40,3728514312,6509,744150,7650,12673900,3189750,16615450,16719300,529,0,0,8809800,0,34372,0,5,0
41,3728514312,6510,738850,7650,12527950,3346750,16621200,16720950,558,0,0,8487900,0,34372,0,5,0
42,3728514312,6511,1339250,7700,12517050,2750000,16614000,16719000,561,0,0,8485200,0,34372,0,5,0
43,3728514312,6512,732350,7650,12394650,3035050,16169700,16718700,531,0,0,7672550,0,34372,0,5,0
44,3728514312,6513,726650,7650,12518200,3364500,16617000,16717100,594,0,0,8549050,0,34372,0,5,0
45,3728514312,6514,780000,7700,15167000,16627400,32582100,33439300,3081,0,0,11160950,0,34372,0,5,0
46,3728514312,6515,762100,7650,13507450,2335150,16612350,16719750,476,0,0,8917500,0,34372,0,5,0
47,3728514312,6516,1398450,7750,14050350,1592450,17049000,17140550,176,0,0,9246050,0,34372,0,5,0
48,3728514312,6517,764300,7650,12539300,2882650,16193900,16298650,492,0,0,8571450,0,34372,0,5,0
49,3728514312,6518,729750,7650,12549650,3334700,16621750,16720600,573,0,0,8592700,0,34372,0,5,0
50,3728514312,6519,737150,7650,12614000,3273800,16632600,16719700,539,0,0,9344950,0,34372,0,5,0
51,3728514312,6520,747200,7650,12524250,3334100,16613200,16719200,558,0,0,8476950,0,34372,0,5,0
52,3728514312,6521,1311150,7700,12485150,2810400,16614400,16714000,574,0,0,8598300,0,34372,0,5,0
53,3728514312,6522,1222250,7750,18518700,13598950,33347650,33440150,2433,0,0,11158500,0,34372,0,5,0
54,3728514312,6523,764650,7650,12608500,3234350,16615150,16722250,538,0,0,9321950,0,34372,0,5,0
55,3728514312,6524,740600,7650,12526600,3339150,16614000,16715500,536,0,0,8620300,0,34372,0,5,0
56,3728514312,6525,750400,7650,13283300,2572900,16614250,16720550,525,0,0,9285300,0,34372,0,5,0
57,3728514312,6526,1337050,7750,12583100,2936100,16864000,16957850,510,0,0,8546900,0,34372,0,5,0
58,3728514312,6527,729300,7650,12919350,2730150,16386450,16480000,434,0,0,7877850,0,34372,0,5,0
59,3728514312,6528,743550,7650,12581600,3285150,16617950,16719850,566,0,0,8602700,0,34372,0,5,0
60,3728514312,6529,734400,7650,12469900,3410900,16622850,16720200,574,0,0,9204000,0,34372,0,5,0
61,3728514312,6530,739400,7650,12713400,3156500,16616950,16716900,518,0,0,8678150,0,34372,0,5,0
62,3728514312,6531,732150,7650,13263750,2616900,16620450,16721300,534,0,0,8602200,0,34372,0,5,0
63,3728514312,6532,1281100,7750,12526000,2805000,16619850,16717800,482,0,0,7825550,0,34372,0,5,0
64,3728514312,6533,726700,7650,12366800,3521350,16622500,16720800,631,0,0,7697250,0,34372,0,5,0
65,3728514312,6534,733600,7650,12698250,3184950,16624450,16722950,536,0,0,9387100,0,34372,0,5,0
66,3728514312,6535,746150,7650,12643300,3211900,16609000,16714400,532,0,0,8796950,0,34372,0,5,0
67,3728514312,6536,737100,7650,13128250,2744050,16617050,16717050,561,0,0,9117000,0,34372,0,5,0
68,3728514312,6537,1344400,7650,12694150,2892400,16938600,17036350,503,0,0,8644900,0,34372,0,5,0
69,3728514312,6538,739050,7650,12396200,3159400,16302300,16404200,556,0,0,7672500,0,34372,0,5,0
70,3728514312,6539,726600,7650,12813600,3079050,16626900,16722050,512,0,0,8579150,0,34372,0,5,0
71,3728514312,6540,738100,7650,12637800,3239250,16622800,16718700,547,0,0,9329350,0,34372,0,5,0
72,3728514312,6541,743250,7650,12685150,3175550,16611600,16717100,521,0,0,9429550,0,34372,0,5,0
73,3728514312,6542,737550,7650,13153850,2717300,16616350,16719100,555,0,0,8582950,0,34372,0,5,0
74,3728514312,6543,1291050,7750,12521700,2810950,16631450,16727850,485,0,0,7756500,0,34372,0,5,0
75,3728514312,6544,805500,7650,12707750,1506400,15027300,16714300,183,0,0,9359650,0,34372,0,5,0
76,3728514312,6545,732500,7650,12588150,3278550,16606850,16718000,555,0,0,9270700,0,34372,0,5,0
77,3728514312,6546,736250,7650,15583400,291350,16618650,16719850,54,0,0,10291100,0,34372,0,5,0
78,3728514312,6547,756800,7650,12471700,3382050,16618200,16717650,561,0,0,8494600,0,34372,0,5,0
79,3728514312,6548,1345500,7600,12393050,3270700,17016850,17118050,582,0,0,8421950,0,34372,0,5,0
80,3728514312,6549,723600,7750,12517050,2971900,16220300,16321350,509,0,0,7827650,0,34372,0,5,0
81,3728514312,6550,743250,7650,12533250,3333650,16617800,16720800,586,0,0,8550250,0,34372,0,5,0
82,3728514312,6551,726750,7650,12580650,3308500,16623550,16717450,553,0,0,9316950,0,34372,0,5,0
83,3728514312,6552,736350,7650,13728400,2145050,16617450,16719000,437,0,0,9654200,0,34372,0,5,0
84,3728514312,6553,754650,7650,13202200,2650900,16615400,16717900,541,0,0,8602450,0,34372,0,5,0
85,3728514312,6554,1301250,7750,12558900,2854350,16722250,16819950,493,0,0,7877950,0,34372,0,5,0
86,3728514312,6555,733900,7650,12370250,3411200,16523000,16618600,583,0,0,7699650,0,34372,0,5,0
87,3728514312,6556,735250,7650,12543900,3328200,16615000,16721550,570,0,0,8581450,0,34372,0,5,0
88,3728514312,6557,736400,7650,12633000,3237650,16614700,16715600,538,0,0,9384500,0,34372,0,5,0
89,3728514312,6558,733600,7650,12529200,3350750,16621200,16722200,560,0,0,8484450,0,34372,0,5,0
90,3728514312,6559,1433900,9250,12385100,2788750,16617000,16718050,569,0,0,8442400,0,34372,0,5,0
91,3728514312,6560,742850,7650,12378000,3038100,16166600,16722050,531,0,0,7677450,0,34372,0,5,0
92,3728514312,6561,728350,7650,12503200,3379700,16618900,16717850,600,0,0,9190900,0,34372,0,5,0
93,3728514312,6562,726350,7650,12729200,3156750,16619950,16718900,531,0,0,9432950,0,34372,0,5,0
94,3728514312,6563,739450,7650,12509550,3355600,16612250,16717200,563,0,0,8656800,0,34372,0,5,0
95,3728514312,6564,736250,7650,13724150,2150650,16618700,16719650,438,0,0,9048050,0,34372,0,5,0
96,3728514312,6565,1431800,7850,12650650,2717600,16807900,16901750,466,0,0,7876600,0,34372,0,5,0
97,3728514312,6566,744100,7650,12371450,3311700,16434900,16538200,587,0,0,7674900,0,34372,0,5,0
98,3728514312,6567,728000,7650,12524600,3362300,16622550,16721150,583,0,0,8578500,0,34372,0,5,0
99,3728514312,6568,729250,7800,12792400,3090150,16619600,16716750,517,0,0,9499000,0,34372,0,5,0
100,3728514312,6569,745750,7650,12643200,3223000,16619600,16721800,528,0,0,8657650,0,34372,0,5,0
101,3728514312,6570,736600,7650,13061800,2808200,16614250,16715600,573,0,0,8573400,0,34372,0,5,0
102,3728514312,6571,1244650,7750,12515150,2857750,16625300,16721500,494,0,0,7735650,0,34372,0,5,0
103,3728514312,6572,742050,7650,12351150,3516550,16617400,16720250,630,0,0,7665850,0,34372,0,5,0
104,3728514312,6573,729200,7650,12546450,3337400,16620700,16719300,564,0,0,9260200,0,34372,0,5,0
105,3728514312,6574,781950,7750,13602150,1457850,15849700,16718050,295,0,0,8810250,0,34372,0,5,0
106,3728514312,6575,751000,7650,13312350,2546500,16617500,16717950,520,0,0,9309800,0,34372,0,5,0
107,3728514312,6576,1338800,7650,12571350,3554800,17472600,17565000,520,0,0,8555650,0,34372,0,5,0
108,3728514312,6577,746500,7650,14025400,992250,15771800,15876750,62,0,0,10728300,0,34372,0,5,0
109,3728514312,6578,765450,7650,12559100,3281750,16613950,16721700,565,0,0,8569400,0,34372,0,5,0
110,3728514312,6579,739250,7650,12498100,3369150,16614150,16713950,564,0,0,9237500,0,34372,0,5,0
111,3728514312,6580,735900,7650,12747100,3130250,16620900,16723250,486,0,0,8691000,0,34372,0,5,0
112,3728514312,6581,745850,7750,13186600,2675200,16615400,16718250,546,0,0,8612750,0,34372,0,5,0
113,3728514312,6582,1273500,7750,17036050,15029800,33347100,33440900,2259,0,0,12318400,0,34372,0,5,0
114,3728514312,6583,778700,7650,12634000,3184200,16604550,16716150,528,0,0,9316000,0,34372,0,5,0
115,3728514312,6584,739650,7750,12709900,3159950,16617250,16719100,525,0,0,8800300,0,34372,0,5,0
116,3728514312,6585,733200,7650,12493100,3386000,16619950,16719100,561,0,0,8498800,0,34372,0,5,0
117,3728514312,6586,1462400,9200,12580500,2925850,16977950,17079200,508,0,0,8553550,0,34372,0,5,0
118,3728514312,6587,737500,7650,12360350,3153800,16259300,16358150,553,0,0,7706100,0,34372,0,5,0
119,3728514312,6588,733850,7750,12885800,2996500,16623900,16722400,501,0,0,8830600,0,34372,0,5,0
120,3728514312,6589,741100,7650,12620800,3246550,16616100,16716350,539,0,0,9355900,0,34372,0,5,0
121,3728514312,6590,747750,7750,12711350,3147950,16614800,16718550,521,0,0,9404500,0,34372,0,5,0
122,3728514312,6591,731100,7650,13189300,2691150,16619200,16718650,550,0,0,8628150,0,34372,0,5,0
123,3728514312,6592,1273900,7750,12698950,2695600,16676200,16769650,460,0,0,7856050,0,34372,0,5,0
124,3728514312,6593,737450,7650,12371500,3448200,16564800,16668450,614,0,0,7710350,0,34372,0,5,0
125,3728514312,6594,732050,7750,12526550,3356250,16622600,16721350,575,0,0,8571150,0,34372,0,5,0
126,3728514312,6595,735250,7650,12813050,3063200,16619150,16720150,501,0,0,8919450,0,34372,0,5,0
127,3728514312,6596,745250,7650,12514550,3351250,16618700,16721550,556,0,0,8495300,0,34372,0,5,0
128,3728514312,6597,1336300,7700,12388250,2883300,16615550,16713350,589,0,0,8471600,0,34372,0,5,0
129,3728514312,6598,728500,7650,12540100,2902700,16178950,16726250,503,0,0,7697400,0,34372,0,5,0
130,3728514312,6599,736750,7650,12530650,3340150,16615200,16715800,587,0,0,8555200,0,34372,0,5,0
131,3728514312,6600,727050,7650,12605400,3281100,16621200,16721100,495,0,0,9302850,0,34372,0,5,0
132,3728514312,6601,740000,7650,12673850,3193700,16615200,16717050,518,0,0,8687350,0,34372,0,5,0
133,3728514312,6602,745950,7650,13239600,2621800,16615000,16720850,535,0,0,8622300,0,34372,0,5,0
134,3728514312,6603,1326550,7750,12544300,2880250,16758850,16853200,498,0,0,7915850,0,34372,0,5,0
135,3728514312,6604,784150,7650,12856550,2076250,15724600,16583800,299,0,0,9528300,0,34372,0,5,0
136,3728514312,6605,756000,7750,12547450,3300550,16611750,16719400,565,0,0,8598550,0,34372,0,5,0
137,3728514312,6606,736250,7650,14940250,935850,16620000,16719950,187,0,0,11655750,0,34372,0,5,0
138,3728514312,6607,764650,7650,12513050,3337600,16622950,16721900,524,0,0,8513000,0,34372,0,5,0
139,3728514312,6608,1393000,7700,12371450,2834450,16606600,16715800,579,0,0,8432600,0,34372,0,5,0
140,3728514312,6609,743750,7650,12516700,2883150,16151250,16718800,498,0,0,7861600,0,34372,0,5,0
141,3728514312,6610,729700,7650,12527100,3355750,16620200,16721350,569,0,0,7806950,0,34372,0,5,0
142,3728514312,6611,733250,7650,12610000,3270400,16621300,16720000,546,0,0,9334750,0,34372,0,5,0
143,3728514312,6612,737900,7650,12542800,3322900,16611250,16714150,560,0,0,8625600,0,34372,0,5,0
144,3728514312,6613,735400,7650,13564800,2315850,16623700,16724950,472,0,0,9600700,0,34372,0,5,0
145,3728514312,6614,1529500,7750,12570500,2740750,16848500,16944750,468,0,0,7839700,0,34372,0,5,0
146,3728514312,6615,738050,7650,12408800,3236300,16390800,16489900,571,0,0,7704700,0,34372,0,5,0
147,3728514312,6616,728900,7650,12547650,3335850,16620050,16720050,577,0,0,8559600,0,34372,0,5,0
148,3728514312,6617,732850,7650,12779300,3109000,16628800,16724250,511,0,0,9526800,0,34372,0,5,0
149,3728514312,6618,746300,7650,12700350,3156350,16610650,16715700,516,0,0,8664150,0,34372,0,5,0
150,3728514312,6619,734800,7650,13132450,2742100,16617000,16718250,560,0,0,8609850,0,34372,0,5,0
151,3728514312,6620,1274850,7750,12535350,2808350,16626300,16719950,483,0,0,7676650,0,34372,0,5,0
152,3728514312,6621,739450,7650,12365500,3506200,16618800,16720800,627,0,0,7698050,0,34372,0,5,0
153,3728514312,6622,730000,7650,12564700,3318200,16620550,16720550,555,0,0,9242050,0,34372,0,5,0
154,3728514312,6623,740900,7650,12830800,3037550,16616900,16718700,492,0,0,9563300,0,34372,0,5,0
155,3728514312,6624,740250,7650,13295400,2565700,16609000,16713150,524,0,0,9284000,0,34372,0,5,0
156,3728514312,6625,1356700,7650,12708250,2962100,17034700,17126800,496,0,0,8767000,0,34372,0,5,0
157,3728514312,6626,737450,7650,12694750,2777800,16217650,16316500,473,0,0,7178650,0,34372,0,5,0
158,3728514312,6627,739700,7650,12546950,3320150,16614450,16716100,577,0,0,8584200,0,34372,0,5,0
159,3728514312,6628,732100,7650,12635400,3250350,16625500,16721650,548,0,0,9333200,0,34372,0,5,0
160,3728514312,6629,738900,7650,12819400,3055650,16621600,16720800,485,0,0,9572400,0,34372,0,5,0
161,3728514312,6630,747950,7650,13150950,2709150,16615700,16718950,553,0,0,8584700,0,34372,0,5,0
162,3728514312,6631,1284550,7750,12539100,2793500,16624900,16720800,480,0,0,7882550,0,34372,0,5,0
163,3728514312,6632,733550,7650,12512850,3364500,16618550,16717250,588,0,0,7804850,0,34372,0,5,0
164,3728514312,6633,743000,7650,12541100,3323850,16615600,16717550,564,0,0,9231650,0,34372,0,5,0
165,3728514312,6634,745450,7650,12692000,3171350,16616450,16718250,528,0,0,8772900,0,34372,0,5,0
166,3728514312,6635,733600,7650,12516200,3363950,16621400,16722750,530,0,0,8507600,0,34372,0,5,0
167,3728514312,6636,1394050,7650,12410550,3192200,17004450,17109350,564,0,0,8416650,0,34372,0,5,0
168,3728514312,6637,729100,7650,14056900,1439450,16233100,16331400,167,0,0,8733150,0,34372,0,5,0
169,3728514312,6638,761600,7650,12863500,2978150,16610900,16718400,468,0,0,8876600,0,34372,0,5,0
170,3728514312,6639,756850,7650,12667350,3174950,16606800,16717050,523,0,0,9385650,0,34372,0,5,0
171,3728514312,6640,741150,7650,12549300,3318350,16616450,16720550,555,0,0,8635000,0,34372,0,5,0
172,3728514312,6641,735400,7650,13211000,2662900,16616950,16718150,544,0,0,8637850,0,34372,0,5,0
173,3728514312,6642,1419050,7750,12566700,5237500,19231000,19324700,464,0,0,7832450,0,34372,0,5,0
174,3728514312,6643,785450,7750,17044200,12883500,30720900,30832450,2400,0,0,8658650,0,34372,0,5,0
175,3728514312,6644,772750,7650,12860650,2974550,16615600,16721150,484,0,0,8935150,0,34372,0,5,0
176,3728514312,6645,742650,7650,12521900,3336350,16608550,16714800,552,0,0,8510100,0,34372,0,5,0
177,3728514312,6646,1322000,7800,12413450,2874850,16618100,16719550,587,0,0,8438200,0,34372,0,5,0
178,3728514312,6647,733150,7650,12524450,2915850,16181100,16723400,505,0,0,7688850,0,34372,0,5,0
179,3728514312,6648,741350,7650,12558350,3303400,16610750,16716350,578,0,0,8563800,0,34372,0,5,0
CSV_END

NV_DONE_f4276c56eaf9=0
# 
CAPTURE: {"label": "fifo16-replay-2", "elapsed_seconds": 10.334257906000857, "bytes_received": 18865, "command": "/tmp/fifo-bench --frames 180 --warmup 30 --wait spin --fixed --replay --grouped --state-frame 0 --csv /tmp/fifo-replay.csv; fifo_rc=$?; if [ \"$fifo_rc\" = 0 ]; then printf \"\\nCSV_BEGIN\\n\"; cat /tmp/fifo-replay.csv; printf \"CSV_END\\n\"; fi; test \"$fifo_rc\" = 0", "command_exit": 0, "login_sent": false, "log": "/path/to/research/experiments/fifo-study-20261008/20261008T072550Z-fifo16-replay-2.raw"}
