/tmp/fifo-bench --frames 180 --warmup 30 --wait spin --fixed --replay --grouped --state-frame 0 --csv /tmp/fifo-replay.csv; fifo_rc=$?; if [ "$fifo_rc" = 0 ]; then printf "\nCSV_BEGIN\n"; cat /tmp/fifo-replay.csv; printf "CSV_END\n"; fi; test "$fifo_rc" = 0; nv_status=$?; printf "\nNV_DONE_1deb3702ab7b=%s\n" "$nv_status"
BEGIN_BREAKOUT frames=180 warmup=30 fixed=1 blocks=40 tiles=1 hud=1 wait=spin replay=1 state_frame=0 profile=detailed pixel_centers=1 clock_call_ns=5483
HW_COUNTERS id=46490010 words=1546740 wait_cycles=5787036 longest_wait_cycles=3607 total_cycles=61187686 cpu_hz=20000000
RESULT frames=180 elapsed_s=3.059259650 fps=58.837765 logic_ms=0.860948 api_ms=0.008492 swap_ms=12.806527 wait_ms=3.179887 worker_inclusive_ms=0.000000 upload_inclusive_ms=0.000000 write_ms=8.666594 bytes_per_frame=34372.00 p50_ms=16.719300 p95_ms=17.048850 max_ms=33.611800 late_60hz=159 first_count=6037 last_count=6216 state_hash=de3c9d08 remaining=40 score=0
RENDER_PATH retained=0 grouped=1 quads=0 full_frames=0
BREAKOUT_PASS

CSV_BEGIN
frame,state_hash,display_count,logic_ns,api_ns,swap_ns,wait_ns,total_ns,completion_interval_ns,polls,worker_inclusive_ns,upload_inclusive_ns,write_ns,read_ns,write_bytes,read_bytes,write_calls,read_calls
0,3728514312,6037,759750,7650,13429950,2136850,16334200,16347300,434,0,0,8622600,0,34372,0,5,0
1,3728514312,6038,1387900,7700,12382550,3265600,17043750,17147550,578,0,0,8407450,0,34372,0,5,0
2,3728514312,6039,720050,9250,12380100,3097450,16206850,16293950,541,0,0,7687200,0,34372,0,5,0
3,3728514312,6040,719450,9300,12668150,3224250,16621150,16716450,559,0,0,8670200,0,34372,0,5,0
4,3728514312,6041,729750,7650,12794850,3094500,16626750,16722250,508,0,0,9549650,0,34372,0,5,0
5,3728514312,6042,727600,7750,12572850,3308250,16616450,16716700,553,0,0,8665650,0,34372,0,5,0
6,3728514312,6043,722900,7650,20077900,12604850,33413300,33500200,2224,0,0,13552000,0,34372,0,5,0
7,3728514312,6044,757050,7850,12406600,3384050,16555550,16663350,601,0,0,7672700,0,34372,0,5,0
8,3728514312,6045,713850,9300,12629150,3263800,16616100,16713500,552,0,0,8711400,0,34372,0,5,0
9,3728514312,6046,731000,7850,12496150,3383400,16618400,16723150,576,0,0,9207400,0,34372,0,5,0
10,3728514312,6047,726950,7750,12492650,3401600,16628950,16718800,566,0,0,8498350,0,34372,0,5,0
11,3728514312,6048,1321800,7900,12663650,2621750,16615100,16716050,534,0,0,8697600,0,34372,0,5,0
12,3728514312,6049,741700,9300,12362750,3054450,16168200,16723050,532,0,0,7689950,0,34372,0,5,0
13,3728514312,6050,724000,9400,12498550,3389250,16621200,16716600,601,0,0,7796850,0,34372,0,5,0
14,3728514312,6051,789600,7750,12763750,2318000,15879100,16722850,331,0,0,9507350,0,34372,0,5,0
15,3728514312,6052,740200,7850,12537350,3327250,16612650,16718250,497,0,0,8625700,0,34372,0,5,0
16,3728514312,6053,730750,7750,13261600,2616250,16616350,16716600,533,0,0,8641350,0,34372,0,5,0
17,3728514312,6054,1312300,7950,12724250,2814900,16859400,16954600,478,0,0,8016700,0,34372,0,5,0
18,3728514312,6055,729450,9300,12373700,3273800,16386250,16486850,576,0,0,7684300,0,34372,0,5,0
19,3728514312,6056,727350,9400,12531250,3353100,16621100,16718450,580,0,0,8552800,0,34372,0,5,0
20,3728514312,6057,717250,7750,12439850,3454000,16618850,16717750,558,0,0,9203500,0,34372,0,5,0
21,3728514312,6058,735250,7850,12713600,3156800,16613500,16720750,513,0,0,8646800,0,34372,0,5,0
22,3728514312,6059,723900,7750,13656950,2230300,16618900,16720050,454,0,0,9138650,0,34372,0,5,0
23,3728514312,6060,1258550,9800,12538950,2825150,16632450,16732250,461,0,0,7820950,0,34372,0,5,0
24,3728514312,6061,731650,9300,12337800,3523500,16602250,16703200,628,0,0,7660500,0,34372,0,5,0
25,3728514312,6062,717500,9400,12566250,3325950,16619100,16720850,565,0,0,9229700,0,34372,0,5,0
26,3728514312,6063,723150,7750,12639600,3244500,16615000,16717200,539,0,0,8792900,0,34372,0,5,0
27,3728514312,6064,717650,7850,13415300,2477300,16618100,16720750,504,0,0,8635000,0,34372,0,5,0
28,3728514312,6065,1347300,7750,13982850,1740050,17077950,17177550,229,0,0,8570500,0,34372,0,5,0
29,3728514312,6066,748600,7850,12544900,2850100,16151450,16258950,487,0,0,8426650,0,34372,0,5,0
30,3728514312,6067,718600,7750,12689850,3207600,16623800,16721650,549,0,0,8754200,0,34372,0,5,0
31,3728514312,6068,733050,7850,12500600,3369800,16611300,16718600,574,0,0,9213250,0,34372,0,5,0
32,3728514312,6069,732750,7750,12656000,3230800,16627300,16718950,533,0,0,9432000,0,34372,0,5,0
33,3728514312,6070,726900,7850,13276250,2607100,16618100,16717600,531,0,0,8572650,0,34372,0,5,0
34,3728514312,6071,1274100,9600,12505250,2846700,16635650,16722250,490,0,0,7856050,0,34372,0,5,0
35,3728514312,6072,724250,9450,12412250,3478150,16624100,16719250,620,0,0,7666100,0,34372,0,5,0
36,3728514312,6073,724300,9300,12661050,3238550,16633200,16720300,541,0,0,9376250,0,34372,0,5,0
37,3728514312,6074,735200,7850,12674200,3198100,16615350,16718050,534,0,0,8761200,0,34372,0,5,0
38,3728514312,6075,727650,7750,12454150,3440300,16629850,16717200,573,0,0,8476250,0,34372,0,5,0
39,3728514312,6076,1323500,7850,12537150,3125200,16993700,17091750,549,0,0,8536600,0,34372,0,5,0
40,3728514312,6077,735700,9300,12667800,2842450,16255250,16349200,468,0,0,7992400,0,34372,0,5,0
41,3728514312,6078,721150,9400,12545150,3347300,16623000,16718150,587,0,0,8544300,0,34372,0,5,0
42,3728514312,6079,715250,7750,12695050,3204600,16622650,16720500,528,0,0,9461150,0,34372,0,5,0
43,3728514312,6080,734450,7850,12346250,3529900,16618450,16721000,603,0,0,8438250,0,34372,0,5,0
44,3728514312,6081,727600,7750,13147300,2741000,16623650,16713250,559,0,0,8585400,0,34372,0,5,0
45,3728514312,6082,761650,7850,12819100,1837700,15426300,16928250,254,0,0,9443450,0,34372,0,5,0
46,3728514312,6083,738100,7750,12330050,3322850,16398750,16512850,587,0,0,7657550,0,34372,0,5,0
47,3728514312,6084,719300,10650,12533600,3359000,16622550,16720800,578,0,0,8569900,0,34372,0,5,0
48,3728514312,6085,718400,7750,12630300,3261950,16618400,16719450,517,0,0,9404900,0,34372,0,5,0
49,3728514312,6086,736700,7850,12528400,3339600,16612550,16716650,555,0,0,8473900,0,34372,0,5,0
50,3728514312,6087,1337100,7800,12358400,2917400,16620700,16721000,595,0,0,8413400,0,34372,0,5,0
51,3728514312,6088,718300,9450,12396400,3050950,16175100,16718550,506,0,0,7670500,0,34372,0,5,0
52,3728514312,6089,727150,9300,12528000,3354750,16619200,16718650,591,0,0,8549150,0,34372,0,5,0
53,3728514312,6090,714850,7850,12830200,3068550,16621450,16721550,513,0,0,9520600,0,34372,0,5,0
54,3728514312,6091,731950,7750,12485700,3391750,16617150,16719300,569,0,0,8653650,0,34372,0,5,0
55,3728514312,6092,720000,7850,13332450,2554300,16614600,16717050,520,0,0,8592150,0,34372,0,5,0
56,3728514312,6093,1332400,9400,12513750,2925050,16780600,16877700,506,0,0,7897150,0,34372,0,5,0
57,3728514312,6094,720150,9400,12401350,3333750,16464650,16564950,590,0,0,7665750,0,34372,0,5,0
58,3728514312,6095,717050,9300,12641050,3392150,16759550,16858100,310,0,0,8734150,0,34372,0,5,0
59,3728514312,6096,752000,7850,13225850,2481650,16467350,16576500,376,0,0,9900900,0,34372,0,5,0
60,3728514312,6097,738700,7750,12514700,3351200,16612350,16721050,556,0,0,8511400,0,34372,0,5,0
61,3728514312,6098,1305150,10100,12496800,2810850,16622900,16721200,573,0,0,8416900,0,34372,0,5,0
62,3728514312,6099,1204700,9450,12509750,2908150,16632050,16719500,503,0,0,7838100,0,34372,0,5,0
63,3728514312,6100,721150,9450,12362250,3527100,16619950,16715250,630,0,0,7652000,0,34372,0,5,0
64,3728514312,6101,718800,9300,12680650,3222800,16631550,16721350,535,0,0,9420900,0,34372,0,5,0
65,3728514312,6102,731350,7850,12822150,3058050,16619400,16721600,489,0,0,8616150,0,34372,0,5,0
66,3728514312,6103,738250,7750,19505550,13270000,33521550,33611800,2309,0,0,12295050,0,34372,0,5,0
67,3728514312,6104,766000,7850,12410250,3248600,16432700,16542050,572,0,0,7668000,0,34372,0,5,0
68,3728514312,6105,717700,9300,12538850,3359900,16625750,16721150,585,0,0,8595850,0,34372,0,5,0
69,3728514312,6106,722700,7850,12590800,3304850,16626200,16719000,556,0,0,9290500,0,34372,0,5,0
70,3728514312,6107,744500,7750,12647800,3225500,16625550,16720050,530,0,0,8673900,0,34372,0,5,0
71,3728514312,6108,729250,7850,13089000,2790400,16616500,16715550,569,0,0,8534450,0,34372,0,5,0
72,3728514312,6109,1263550,9400,12626000,2736250,16635200,16720550,463,0,0,7977050,0,34372,0,5,0
73,3728514312,6110,737350,9400,12415050,3460650,16622450,16722700,618,0,0,7661150,0,34372,0,5,0
74,3728514312,6111,721150,9300,12518550,3383200,16632200,16719550,573,0,0,9233000,0,34372,0,5,0
75,3728514312,6112,775400,8100,13584450,1477050,15845000,16716400,298,0,0,8755700,0,34372,0,5,0
76,3728514312,6113,746950,9200,13295700,2568350,16620200,16722350,523,0,0,9294750,0,34372,0,5,0
77,3728514312,6114,1697650,7850,12414700,2831900,16952100,17048850,487,0,0,7669500,0,34372,0,5,0
78,3728514312,6115,723650,9300,12333800,3223500,16290250,16387250,542,0,0,7677000,0,34372,0,5,0
79,3728514312,6116,732400,9400,12575450,3302050,16619300,16721050,574,0,0,8579950,0,34372,0,5,0
80,3728514312,6117,717800,7750,12580250,3312400,16618200,16719850,553,0,0,9343100,0,34372,0,5,0
81,3728514312,6118,721750,7850,12707100,3177900,16614600,16717150,527,0,0,9395950,0,34372,0,5,0
82,3728514312,6119,715950,7750,13287750,2607400,16618850,16719750,531,0,0,8578050,0,34372,0,5,0
83,3728514312,6120,1262850,9500,12562300,2796350,16631000,16731350,481,0,0,7851150,0,34372,0,5,0
84,3728514312,6121,718400,9300,12339050,4307900,17374650,17470500,489,0,0,7683500,0,34372,0,5,0
85,3728514312,6122,761350,7850,13857200,1218350,15844750,15954350,245,0,0,10528850,0,34372,0,5,0
86,3728514312,6123,749250,7650,12673650,3183550,16614100,16718350,527,0,0,8836350,0,34372,0,5,0
87,3728514312,6124,719050,7850,12515950,3378000,16620850,16723550,562,0,0,8467650,0,34372,0,5,0
88,3728514312,6125,1322550,7800,14109200,1864050,17303600,17390600,235,0,0,10068250,0,34372,0,5,0
89,3728514312,6126,748800,7850,12901650,2287300,15945600,16047300,358,0,0,8810750,0,34372,0,5,0
90,3728514312,6127,722650,7750,12528200,3356850,16615450,16716600,590,0,0,8563300,0,34372,0,5,0
91,3728514312,6128,712550,7850,12747950,3153400,16621750,16722650,530,0,0,9429650,0,34372,0,5,0
92,3728514312,6129,732100,7750,12482700,3384500,16607050,16713600,565,0,0,8647650,0,34372,0,5,0
93,3728514312,6130,726000,7850,13175850,2711950,16621650,16722500,553,0,0,9213150,0,34372,0,5,0
94,3728514312,6131,1278800,9400,12667000,2779550,16734750,16828700,476,0,0,7919850,0,34372,0,5,0
95,3728514312,6132,733400,9400,12397050,3368550,16508400,16609050,598,0,0,7670900,0,34372,0,5,0
96,3728514312,6133,717250,9300,12524600,3373250,16624400,16722900,582,0,0,8601350,0,34372,0,5,0
97,3728514312,6134,721200,7850,12438300,3449550,16616900,16716750,583,0,0,9141050,0,34372,0,5,0
98,3728514312,6135,730500,7750,12477850,3395950,16612050,16718900,566,0,0,8489550,0,34372,0,5,0
99,3728514312,6136,1320600,7900,12511500,2781500,16621500,16720200,567,0,0,8547900,0,34372,0,5,0
100,3728514312,6137,718250,9300,12618050,2817150,16162750,16717100,477,0,0,7962350,0,34372,0,5,0
101,3728514312,6138,732250,9400,12528350,3351800,16621800,16722100,528,0,0,9165650,0,34372,0,5,0
102,3728514312,6139,721600,7750,12573600,3315550,16618500,16719250,555,0,0,9323150,0,34372,0,5,0
103,3728514312,6140,724050,7850,12511550,3376850,16620300,16721250,544,0,0,8615750,0,34372,0,5,0
104,3728514312,6141,735950,7750,13236200,2631400,16611300,16717600,536,0,0,8618150,0,34372,0,5,0
105,3728514312,6142,767650,10600,12636200,2050750,15465200,17006400,307,0,0,8645050,0,34372,0,5,0
106,3728514312,6143,725550,7700,12343750,3244500,16321500,16430200,545,0,0,7661450,0,34372,0,5,0
107,3728514312,6144,731150,10600,12574550,3301650,16617950,16719750,567,0,0,8584400,0,34372,0,5,0
108,3728514312,6145,729000,7700,12429250,3462300,16628250,16718150,584,0,0,9189800,0,34372,0,5,0
109,3728514312,6146,725850,7800,12674900,3215500,16624050,16721650,528,0,0,8640700,0,34372,0,5,0
110,3728514312,6147,731000,7700,13173950,2720000,16632650,16718300,554,0,0,8557400,0,34372,0,5,0
111,3728514312,6148,1238550,11050,12547700,2826750,16624050,16720900,486,0,0,7819550,0,34372,0,5,0
112,3728514312,6149,726100,9250,12320350,3576450,16632150,16718100,640,0,0,7668950,0,34372,0,5,0
113,3728514312,6150,717400,9350,12704700,3189200,16620650,16718150,538,0,0,9383200,0,34372,0,5,0
114,3728514312,6151,743900,7700,13009550,2868300,16629450,16721000,456,0,0,9759950,0,34372,0,5,0
115,3728514312,6152,733750,7800,13264450,2610150,16616150,16718950,532,0,0,9245700,0,34372,0,5,0
116,3728514312,6153,1338050,7700,12658100,2897750,16901600,16994550,502,0,0,7922450,0,34372,0,5,0
117,3728514312,6154,728050,9350,12415950,3187800,16341150,16441750,561,0,0,7666950,0,34372,0,5,0
118,3728514312,6155,724900,9300,12529850,3366050,16630100,16718300,590,0,0,8591600,0,34372,0,5,0
119,3728514312,6156,714250,7800,15097300,802750,16622100,16721300,159,0,0,10844100,0,34372,0,5,0
120,3728514312,6157,749050,9200,12624250,3231900,16614400,16717750,532,0,0,9417050,0,34372,0,5,0
121,3728514312,6158,728800,7800,13113400,2769900,16619900,16720150,565,0,0,8546800,0,34372,0,5,0
122,3728514312,6159,1275400,9350,12496800,2845450,16627000,16722350,490,0,0,7720350,0,34372,0,5,0
123,3728514312,6160,734700,9350,12388950,3480750,16613750,16715400,622,0,0,7665900,0,34372,0,5,0
124,3728514312,6161,719600,9250,12498650,3392950,16620450,16719100,577,0,0,8608650,0,34372,0,5,0
125,3728514312,6162,723600,7800,12794600,3097750,16623750,16722250,508,0,0,8752000,0,34372,0,5,0
126,3728514312,6163,734200,7700,12440750,3428600,16611250,16716650,428,0,0,8466950,0,34372,0,5,0
127,3728514312,6164,7073650,12200,14230150,12019400,33335400,33441650,2196,0,0,10921750,0,34372,0,5,0
128,3728514312,6165,756600,7700,12571400,3273400,16609100,16716000,569,0,0,8607250,0,34372,0,5,0
129,3728514312,6166,719450,9350,12610750,3282650,16622200,16718350,556,0,0,9295100,0,34372,0,5,0
130,3728514312,6167,719200,7700,12498950,3397750,16623600,16724300,541,0,0,8645750,0,34372,0,5,0
131,3728514312,6168,742050,7800,13180350,2679400,16609600,16715650,546,0,0,8563200,0,34372,0,5,0
132,3728514312,6169,1267700,9350,12541350,2878550,16696950,16784050,495,0,0,7898000,0,34372,0,5,0
133,3728514312,6170,721350,9350,12397750,3435250,16563700,16660150,586,0,0,7668100,0,34372,0,5,0
134,3728514312,6171,736250,9250,12556350,3324700,16626550,16717500,562,0,0,8637300,0,34372,0,5,0
135,3728514312,6172,771900,7800,13533600,1534650,15847950,16714850,310,0,0,8698450,0,34372,0,5,0
136,3728514312,6173,742900,9150,12490600,3378000,16620650,16721250,560,0,0,8488950,0,34372,0,5,0
137,3728514312,6174,1446950,9450,12407400,2757850,16621650,16720250,562,0,0,8382150,0,34372,0,5,0
138,3728514312,6175,719950,10500,12910550,2544750,16185750,16718950,420,0,0,7869200,0,34372,0,5,0
139,3728514312,6176,724000,7800,12569100,3319400,16620300,16719600,582,0,0,8551450,0,34372,0,5,0
140,3728514312,6177,716900,7700,12718150,3180050,16622800,16721700,525,0,0,9473050,0,34372,0,5,0
141,3728514312,6178,727950,7800,12543200,3330800,16609750,16717300,557,0,0,8631850,0,34372,0,5,0
142,3728514312,6179,714700,7700,13248200,2644400,16615000,16716100,539,0,0,9315750,0,34372,0,5,0
143,3728514312,6180,1299500,9500,12723800,2730450,16763250,16860400,466,0,0,7880150,0,34372,0,5,0
144,3728514312,6181,730600,9250,12358800,3381250,16479900,16581150,600,0,0,7685500,0,34372,0,5,0
145,3728514312,6182,718650,9350,12548650,3340250,16616900,16716950,573,0,0,8568600,0,34372,0,5,0
146,3728514312,6183,716450,7700,12780700,3116150,16621000,16723150,512,0,0,8890000,0,34372,0,5,0
147,3728514312,6184,724950,7800,13331400,2543900,16608050,16715650,519,0,0,8647700,0,34372,0,5,0
148,3728514312,6185,1315550,7900,13826900,1469750,16620100,16721300,297,0,0,9917500,0,34372,0,5,0
149,3728514312,6186,767100,9350,12682450,2456700,15915600,16719200,403,0,0,7865350,0,34372,0,5,0
150,3728514312,6187,731850,7700,12789150,3085600,16614300,16720450,516,0,0,8734200,0,34372,0,5,0
151,3728514312,6188,724550,7800,12629500,3254750,16616600,16715650,550,0,0,9305550,0,34372,0,5,0
152,3728514312,6189,733050,7700,12630100,3258000,16628850,16720100,536,0,0,8649300,0,34372,0,5,0
153,3728514312,6190,737450,7800,13278750,2594400,16618400,16721450,528,0,0,9264150,0,34372,0,5,0
154,3728514312,6191,1344150,7800,12526050,2985100,16863100,16945950,518,0,0,8548450,0,34372,0,5,0
155,3728514312,6192,718100,9350,12549550,3119150,16396150,16491750,539,0,0,7795550,0,34372,0,5,0
156,3728514312,6193,735650,9250,12542350,3338100,16625350,16718500,579,0,0,8592200,0,34372,0,5,0
157,3728514312,6194,726350,7800,12486600,3406050,16626800,16721100,581,0,0,9182200,0,34372,0,5,0
158,3728514312,6195,729300,7700,12647850,3247200,16632050,16721900,510,0,0,8678750,0,34372,0,5,0
159,3728514312,6196,740550,7800,13112550,2751800,16612700,16714950,561,0,0,8552900,0,34372,0,5,0
160,3728514312,6197,1265400,9350,12519350,2840250,16634350,16720150,488,0,0,7847750,0,34372,0,5,0
161,3728514312,6198,720700,9350,12412650,3480300,16623000,16718350,597,0,0,7667450,0,34372,0,5,0
162,3728514312,6199,736700,9250,12567150,3319450,16632550,16722100,556,0,0,9295300,0,34372,0,5,0
163,3728514312,6200,726550,7800,13094850,2791450,16620650,16719900,442,0,0,9787450,0,34372,0,5,0
164,3728514312,6201,730400,7700,12277050,3613150,16628300,16716900,611,0,0,8296700,0,34372,0,5,0
165,3728514312,6202,1439150,7800,12591500,2894650,16933100,17032650,500,0,0,7886850,0,34372,0,5,0
166,3728514312,6203,719700,9250,12357550,3221400,16307900,16405400,567,0,0,7684750,0,34372,0,5,0
167,3728514312,6204,720450,10600,12560600,3332850,16624500,16718500,579,0,0,8565950,0,34372,0,5,0
168,3728514312,6205,723350,7700,12565500,3334550,16631100,16719700,556,0,0,9326050,0,34372,0,5,0
169,3728514312,6206,730750,7800,12714300,3165850,16618700,16721450,522,0,0,9415300,0,34372,0,5,0
170,3728514312,6207,723800,7700,13118100,2781550,16631150,16717850,567,0,0,8583700,0,34372,0,5,0
171,3728514312,6208,1232050,9500,12689750,2693800,16625100,16718800,459,0,0,7846250,0,34372,0,5,0
172,3728514312,6209,732550,9250,12346750,3542500,16631050,16720300,633,0,0,7685250,0,34372,0,5,0
173,3728514312,6210,716700,9350,12559350,3335050,16620450,16718400,570,0,0,8578000,0,34372,0,5,0
174,3728514312,6211,729750,7700,12755450,3140950,16633850,16721350,517,0,0,8882650,0,34372,0,5,0
175,3728514312,6212,727200,7800,13500850,2378950,16614800,16718400,484,0,0,9472400,0,34372,0,5,0
176,3728514312,6213,1365400,7800,12339300,3311700,17024200,17107100,589,0,0,8415600,0,34372,0,5,0
177,3728514312,6214,715150,9350,12555500,2955100,16235100,16332950,512,0,0,7692250,0,34372,0,5,0
178,3728514312,6215,731100,9250,12527050,3358300,16625700,16716350,589,0,0,8577750,0,34372,0,5,0
179,3728514312,6216,713050,7800,14839550,1059850,16620250,16719700,212,0,0,11485400,0,34372,0,5,0
CSV_END

NV_DONE_1deb3702ab7b=0
# 
CAPTURE: {"label": "fifo16-replay-0", "elapsed_seconds": 10.323552271000153, "bytes_received": 18870, "command": "/tmp/fifo-bench --frames 180 --warmup 30 --wait spin --fixed --replay --grouped --state-frame 0 --csv /tmp/fifo-replay.csv; fifo_rc=$?; if [ \"$fifo_rc\" = 0 ]; then printf \"\\nCSV_BEGIN\\n\"; cat /tmp/fifo-replay.csv; printf \"CSV_END\\n\"; fi; test \"$fifo_rc\" = 0", "command_exit": 0, "login_sent": false, "log": "/path/to/research/experiments/fifo-study-20261008/20261008T072529Z-fifo16-replay-0.raw"}
