
****** Vivado v2025.2 (64-bit)
  **** SW Build 6299465 on Fri Nov 14 12:34:56 MST 2025
  **** IP Build 6300035 on Fri Nov 14 10:48:45 MST 2025
  **** SharedData Build 6298862 on Thu Nov 13 04:50:51 MST 2025
  **** Start of session at: Fri Oct  9 12:51:57 2026
    ** Copyright 1986-2022 Xilinx, Inc. All Rights Reserved.
    ** Copyright 2022-2025 Advanced Micro Devices, Inc. All Rights Reserved.

source /home/researcher/projects/wally-game-console-research/experiments/transport-study-20261009/program.tcl
# if {$argc != 2} { error "Supply the complete JTAG target and bitstream path." }
# set target [lindex $argv 0]
# set bitfile [file normalize [lindex $argv 1]]
# if {![file isfile $bitfile]} { error "Missing bitstream" }
# open_hw_manager
# connect_hw_server -url localhost:3121
INFO: [Labtools 27-2285] Connecting to hw_server url TCP:localhost:3121
INFO: [Labtools 27-3415] Connecting to cs_server url TCP:localhost:0
INFO: [Labtools 27-3417] Launching cs_server...
INFO: [Labtools 27-2221] Launch Output:


******** Xilinx cs_server v2025.2.0
  ****** Build date   : Nov 14 2025-08:16:52
    **** Build number : 2025.2.1763075812
      ** Copyright 2017-2022 Xilinx, Inc. All Rights Reserved.
      ** Copyright 2022-2026 Advanced Micro Devices, Inc. All Rights Reserved.



# set targets [get_hw_targets -quiet $target]
# if {[llength $targets] != 1 || [lindex $targets 0] ne $target} { error "Target mismatch" }
# current_hw_target [lindex $targets 0]
# open_hw_target
INFO: [Labtoolstcl 44-466] Opening hw_target localhost:3121/xilinx_tcf/Digilent/210276BE7FCBB
# set devices [get_hw_devices -quiet xc7a200t_0]
# if {[llength $devices] != 1} { error "Expected exactly one xc7a200t_0" }
# current_hw_device [lindex $devices 0]
# set_property PROGRAM.FILE $bitfile [current_hw_device]
# program_hw_devices [current_hw_device]
INFO: [Labtools 27-3164] End of startup status: HIGH
# refresh_hw_device [current_hw_device]
INFO: [Labtools 27-1434] Device xc7a200t (JTAG device index = 0) is programmed with a design that has no supported soft debug core(s) in it.
# set crc [get_property REGISTER.CONFIG_STATUS.BIT00_CRC_ERROR [current_hw_device]]
# set done [get_property REGISTER.CONFIG_STATUS.BIT14_DONE_PIN [current_hw_device]]
# puts "PROGRAM_RESULT crc_error=$crc done=$done"
PROGRAM_RESULT crc_error=0 done=1
# if {$crc ne "0" || $done ne "1"} { error "Configuration failed" }
# close_hw_target
INFO: [Labtoolstcl 44-464] Closing hw_target localhost:3121/xilinx_tcf/Digilent/210276BE7FCBB
# disconnect_hw_server
# close_hw_manager
INFO: [Common 17-206] Exiting Vivado at Fri Oct  9 12:52:07 2026...
