/tmp/app --transport apb --state-frame 0 --frames 180 --warmup 30 --wait spin --profile detailed --csv /tmp/transport-frames.csv --retained --dump /tmp/transport-frame.raw && printf "CSV_BEGIN\n" && cat /tmp/transport-frames.csv && printf "CSV_END\n"; study_status=$?; printf "\nSTUDY_DONE_faa71cda397f=%s\n" "$study_status"
TRANSPORT mode=apb dma_minimum=64
BEGIN_BREAKOUT frames=180 warmup=30 fixed=0 blocks=40 tiles=1 hud=1 wait=spin replay=0 state_frame=0 profile=detailed pixel_centers=1 clock_call_ns=5544
HW_COUNTERS unavailable
RESULT frames=180 elapsed_s=3.093028750 fps=58.195385 logic_ms=0.992262 api_ms=2.992875 swap_ms=5.092069 wait_ms=7.932444 worker_inclusive_ms=4.891158 upload_inclusive_ms=1.566599 write_ms=1.366056 bytes_per_frame=3578.67 p50_ms=16.719600 p95_ms=17.102550 max_ms=33.439650 late_60hz=161 first_count=1787 last_count=1966 state_hash=8f34e8fd remaining=38 score=20
RENDER_PATH retained=1 grouped=0 quads=645 full_frames=0
FRAME_CHECK count=1966 address=9fe00000 fnv1a=79c99b23 pixels=307200 mismatches=0
BREAKOUT_PASS
CSV_BEGIN
frame,state_hash,display_count,logic_ns,api_ns,swap_ns,wait_ns,total_ns,completion_interval_ns,polls,worker_inclusive_ns,upload_inclusive_ns,write_ns,read_ns,write_bytes,read_bytes,write_calls,read_calls,dma_copy_ns,dma_launch_ns,dma_completion_wait_ns,dma_bytes,dma_lists
0,3724779174,1787,1397050,4782650,7665050,3232600,17077350,17086750,565,7471850,2172650,2024350,0,4572,0,5,0,0,0,0,0,0
1,1709657109,1788,888750,3990700,5754800,5559000,16193250,16312200,962,5579600,1701350,1554450,0,4252,0,5,0,0,0,0,0,0
2,1894904752,1789,840450,3353850,5108550,7295100,16597950,16718750,1373,4941000,2352050,2174750,0,3612,0,5,0,0,0,0,0,0
3,3703759967,1790,803600,3253950,5359550,7190750,16607850,16720650,1310,5200750,1510350,1361100,0,3612,0,5,0,0,0,0,0,0
4,19533624,1791,807100,3352700,5190050,7258700,16608550,16718850,1313,5035600,1516500,1357000,0,3612,0,5,0,0,0,0,0,0
5,816884773,1792,809750,2669350,4001500,9122100,16602700,16718300,1723,3836600,822250,670250,0,2972,0,5,0,0,0,0,0,0
6,1339236364,1793,1296050,2431750,5565250,7308600,16601650,16722300,1389,5411150,1938950,1781100,0,3612,0,5,0,0,0,0,0,0
7,3072959373,1794,801900,2426850,5573000,7799450,16601200,16716600,1485,5426050,1765550,1588100,0,3612,0,5,0,0,0,0,0,0
8,1782884746,1795,812650,2864750,4011050,8917900,16606350,16720450,1735,3852100,1731200,1582000,0,2972,0,5,0,0,0,0,0,0
9,30296781,1796,806700,3174950,5736850,6884000,16602500,16718300,1235,5574600,1742050,1584700,0,4252,0,5,0,0,0,0,0,0
10,4026418858,1797,815150,3233900,6247150,6307450,16603650,16719800,1254,6083300,2378900,2219200,0,4252,0,5,0,0,0,0,0,0
11,2084929051,1798,1416700,1985600,4762500,8739400,16904200,17021250,1551,4596900,1493100,1348600,0,3612,0,5,0,0,0,0,0,0
12,3114489770,1799,814100,2436300,6219750,6828800,16298950,16417100,1275,6049350,2177200,2008050,0,3932,0,5,0,0,0,0,0,0
13,891400471,1800,808200,3293250,5249250,7635950,16986650,17102550,1118,5072400,2376750,1250350,0,3932,0,5,0,0,0,0,0,0
14,3472773456,1801,846850,2935000,4071300,7617600,15470750,16335450,1404,3907800,828050,674950,0,2972,0,5,0,0,0,0,0,0
15,3010688243,1802,814300,3197850,5304600,7294300,16611050,16721850,1321,5145450,1511500,1351700,0,3612,0,5,0,0,0,0,0,0
16,2819524756,1803,817650,3100650,6045250,6637250,16600800,16715750,1321,5878850,2382250,2226950,0,3612,0,5,0,0,0,0,0,0
17,3241678401,1804,1326900,1976500,3978200,9325950,16607550,16722600,1680,3811450,820050,675750,0,2972,0,5,0,0,0,0,0,0
18,2154316504,1805,813150,2446250,5425000,7916550,16600950,16718900,1509,5265300,1756450,1585350,0,3612,0,5,0,0,0,0,0,0
19,772262681,1806,801800,3352100,5123600,7316400,16593900,16716700,1329,4961800,1504650,1364650,0,3612,0,5,0,0,0,0,0,0
20,3882818750,1807,806950,2721800,4073850,9002850,16605450,16720150,1741,3924350,1806100,702350,0,2972,0,5,0,0,0,0,0,0
21,521131153,1808,801500,3197250,5236000,7369650,16604400,16720350,1335,5075950,1506200,1358200,0,3612,0,5,0,0,0,0,0,0
22,1838187414,1809,1482750,2448500,5685200,7396900,17013350,17129800,1373,5526050,2060050,1897950,0,3612,0,5,0,0,0,0,0,0
23,840574439,1810,805900,1972650,4042150,9373550,16194250,16309050,1685,3883450,827600,677700,0,2972,0,5,0,0,0,0,0,0
24,2879461878,1811,815300,3306800,4631200,7849700,16603000,16717700,1404,4463900,1844100,817300,0,3612,0,5,0,0,0,0,0,0
25,202086035,1812,822950,3254650,5281600,7243400,16602600,16721250,1300,5117150,1508100,1349200,0,3612,0,5,0,0,0,0,0,0
26,959703924,1813,810900,2728200,3991300,9064900,16595300,16716600,1750,3827500,831650,674650,0,2972,0,5,0,0,0,0,0,0
27,3795724423,1814,811350,3157650,5917700,6719450,16606150,16719600,1343,5746100,2253950,2093500,0,3612,0,5,0,0,0,0,0,0
28,2500539904,1815,1348850,2423900,5557050,7473450,16803250,16916800,1395,5399050,1946200,1787550,0,3612,0,5,0,0,0,0,0,0
29,2269000541,1816,805700,1975250,4023050,9604500,16408500,16524200,1735,3859800,833550,676750,0,2972,0,5,0,0,0,0,0,0
30,1900681108,1817,811300,3368800,5107600,7311500,16599200,16717250,1091,4950050,1514300,1362800,0,3612,0,5,0,0,0,0,0,0
31,3680168245,1818,817350,3288600,5347200,7134950,16588100,16722550,1295,5184700,1510700,1352500,0,3612,0,5,0,0,0,0,0,0
32,2344329490,1819,818550,2847050,4118650,10751150,18535400,18647300,1064,3962300,833900,676100,0,2972,0,5,0,0,0,0,0,0
33,2130650181,1820,831150,5064700,5926750,2829050,14651650,14785450,602,5755750,2207050,2059400,0,4252,0,5,0,0,0,0,0,0
34,906966818,1821,825150,2448950,5674300,7180050,16128450,16723750,1351,5505450,1909850,1724300,0,4252,0,5,0,0,0,0,0,0
35,3939376531,1822,801200,1964100,5452600,8389500,16607400,16718500,1621,5302800,2057450,1897450,0,3612,0,5,0,0,0,0,0,0
36,2110688546,1823,812550,3300450,5148400,7342600,16604000,16718550,1352,4989600,1353900,1207400,0,3932,0,5,0,0,0,0,0,0
37,2695523007,1824,826850,3694300,5707000,5606000,15834150,16720900,1101,5542900,2011000,1852450,0,3932,0,5,0,0,0,0,0,0
38,744447992,1825,813550,2737300,4229600,8828450,16608900,16719250,1660,4068300,828800,677850,0,2972,0,5,0,0,0,0,0,0
39,3728640411,1826,1372400,2442150,5557500,7387850,16759900,16877300,1404,5387900,1943500,1788550,0,3612,0,5,0,0,0,0,0,0
40,618879740,1827,803350,2450550,5440050,7752900,16446850,16560450,1474,5276850,1765400,1595000,0,3612,0,5,0,0,0,0,0,0
41,1239708057,1828,806450,1960600,3969950,9865950,16602950,16717750,1753,3816650,818250,669400,0,2972,0,5,0,0,0,0,0,0
42,2429742208,1829,810700,3248450,5089400,7451250,16599800,16720000,1368,4929800,1293550,1135050,0,3612,0,5,0,0,0,0,0,0
43,412095716,1830,809450,3206200,5021400,7568700,16605750,16720300,1377,4857050,1283000,1127850,0,3612,0,5,0,0,0,0,0,0
44,1226741467,1831,1449550,2011900,3998450,9144600,16604500,16717700,1694,3844050,824450,675200,0,2972,0,5,0,0,0,0,0,0
45,3288446148,1832,1266650,2448200,5418550,7466050,16599450,16719750,1419,5246800,1731250,1578800,0,3612,0,5,0,0,0,0,0,0
46,1157984843,1833,804450,2447350,5424950,7921950,16598700,16718600,1510,4406750,1786350,1605300,0,3612,0,5,0,0,0,0,0,0
47,3877288378,1834,802900,2828750,3984750,8993750,16610150,16722200,1718,3819150,1667450,1520900,0,2972,0,5,0,0,0,0,0,0
48,4236526315,1835,819950,3202500,5098000,7481350,16601800,16718750,1366,4934000,1287200,1132850,0,3612,0,5,0,0,0,0,0,0
49,533834014,1836,806650,3222800,4884250,7693650,16607350,16718600,1312,4718750,1280150,1124250,0,3612,0,5,0,0,0,0,0,0
50,1649361089,1837,1407900,2024600,3957100,9485150,16874750,16990350,1676,3798950,829800,684850,0,2972,0,5,0,0,0,0,0,0
51,2486981906,1838,806700,2466250,5415400,7646800,16335150,16450250,1450,5252200,1757250,1585400,0,3612,0,5,0,0,0,0,0,0
52,1706075277,1839,804100,3401350,4906250,7494250,16605950,16718600,1414,4739500,2140500,1975100,0,3612,0,5,0,0,0,0,0,0
53,267972368,1840,804750,2828200,4018600,8949000,16600550,16717800,1705,3860750,1748200,1577850,0,2972,0,5,0,0,0,0,0,0
54,3895401273,1841,818000,3232500,5043450,7503400,16597350,16717600,1366,4872650,1288900,1142450,0,3612,0,5,0,0,0,0,0,0
55,605985656,1842,813700,3145350,4880800,7766400,16606250,16720250,1417,4707950,1277250,1119200,0,3612,0,5,0,0,0,0,0,0
56,4077673024,1843,1342700,8152350,8710250,15117750,33323050,33438850,2888,8537300,2428000,2250550,0,6632,0,5,0,0,0,0,0,0
57,985632231,1844,860100,8886200,10023850,13546850,33317000,33439650,2646,9855100,2407150,2249350,0,7312,0,5,0,0,0,0,0,0
58,3720590956,1845,856100,3442550,5776950,6523100,16598700,16719250,1307,4855850,1292350,1141150,0,3652,0,5,0,0,0,0,0,0
59,3264032585,1846,1502200,2008350,3978900,9774600,17264050,17376750,1372,3807350,813050,669850,0,2972,0,5,0,0,0,0,0,0
60,395405688,1847,881800,3497100,5104500,5687000,15170400,16062400,983,4934500,1290000,1143950,0,3612,0,5,0,0,0,0,0,0
61,32142420,1848,858800,3493350,4886450,7367700,16606300,16719950,1389,4709450,2103700,1932150,0,3612,0,5,0,0,0,0,0,0
62,1187067055,1849,830750,2856700,4010800,8899500,16597750,16715350,1722,3848550,1752100,1581950,0,2972,0,5,0,0,0,0,0,0
63,459140908,1850,828150,3200200,5138000,7440900,16607250,16723250,1346,4964450,1284100,1130050,0,3612,0,5,0,0,0,0,0,0
64,3369786495,1851,856100,3161750,5863250,6721050,16602150,16716750,1344,5700450,2075150,1914450,0,3612,0,5,0,0,0,0,0,0
65,1572434254,1852,1350650,1996250,3995900,9264200,16607000,16730850,1661,3823850,814750,670950,0,2972,0,5,0,0,0,0,0,0
66,4107798823,1853,837500,2453850,5387350,7906550,16585250,16707000,1508,5228750,1756150,1587600,0,3612,0,5,0,0,0,0,0,0
67,343968250,1854,832600,3372900,4978300,7422750,16606550,16720900,1390,4807750,1281100,1128750,0,3612,0,5,0,0,0,0,0,0
68,3102454017,1855,831850,2737600,4059200,8969600,16598250,16717450,1733,3893850,1786150,1614200,0,2972,0,5,0,0,0,0,0,0
69,3051095563,1856,822350,3222050,4971750,7583700,16599850,16720900,1378,4797350,1283200,1126850,0,3612,0,5,0,0,0,0,0,0
70,2391331016,1857,1488100,2473700,5807550,6829500,16598850,16718900,1362,5632850,2191400,2033700,0,3612,0,5,0,0,0,0,0,0
71,3869016117,1858,839050,1999400,4006150,9352600,16197200,16720750,1679,3842250,818450,672700,0,2972,0,5,0,0,0,0,0,0
72,1579800804,1859,838650,3359300,4897600,7500800,16596350,16715900,1401,4724100,2116950,1948500,0,3612,0,5,0,0,0,0,0,0
73,2792341157,1860,837750,3275750,5059400,7432450,16605350,16723500,1333,4890700,1289250,1132000,0,3612,0,5,0,0,0,0,0,0
74,714702942,1861,843600,2749000,3987650,9016350,16596600,16716500,1738,3827250,836800,680600,0,2972,0,5,0,0,0,0,0,0
75,1092538936,1862,825450,3223700,4894300,7656900,16600350,16717900,1390,4725150,1277200,1125850,0,3612,0,5,0,0,0,0,0,0
76,1561271239,1863,1394850,2460500,5866000,7023050,16744400,16862450,1279,5699050,2141800,1963450,0,4252,0,5,0,0,0,0,0,0
77,3798074098,1864,831650,2002250,4568200,9058350,16460450,16579250,1614,4399250,1283400,1128400,0,3612,0,5,0,0,0,0,0,0
78,3022639071,1865,852900,3396100,5246300,7105800,16601100,16720400,1317,5082850,1515800,1373300,0,4252,0,5,0,0,0,0,0,0
79,2282770062,1866,836900,3227100,5377450,7158250,16599700,16715700,1269,5207750,1509900,1352850,0,3932,0,5,0,0,0,0,0,0
80,1626512457,1867,841000,2767000,4466550,8532300,16606850,16722600,1601,4312200,1111300,954650,0,3292,0,5,0,0,0,0,0,0
81,3156888026,1868,1498350,2464600,5718600,6916600,16598150,16719100,1386,5546450,2070900,1908250,0,3612,0,5,0,0,0,0,0,0
82,3038824309,1869,847550,2485500,5376500,7452250,16161800,16718150,1383,5210450,1752950,822500,0,3612,0,5,0,0,0,0,0,0
83,1261846460,1870,836850,1989400,4008400,9774250,16608900,16720800,1767,3856700,822500,670000,0,2972,0,5,0,0,0,0,0,0
84,2035201521,1871,871900,3425150,5272800,6266850,15836700,16719500,1033,5104400,1511200,1355500,0,3612,0,5,0,0,0,0,0,0
85,2164446652,1872,844250,3284350,5378500,7096800,16603900,16718900,1280,5215200,1514750,1358250,0,3612,0,5,0,0,0,0,0,0
86,2017191835,1873,847900,2882150,4004500,8864550,16599100,16715550,1672,3847250,826500,674950,0,2972,0,5,0,0,0,0,0,0
87,3029138484,1874,1415150,2488400,5597250,7302100,16802900,16918950,1386,5432800,1937200,1778650,0,3612,0,5,0,0,0,0,0,0
88,50355403,1875,838050,2477950,5374600,7711450,16402050,16519750,1462,5211800,1751250,1583850,0,3612,0,5,0,0,0,0,0,0
89,654213990,1876,835400,1983550,4939700,8846900,16605550,16719950,1724,3997600,825600,679500,0,2972,0,5,0,0,0,0,0,0
90,2360099787,1877,830050,4684200,5742450,5340950,16597650,16720850,1047,5570850,2063850,1912700,0,3612,0,5,0,0,0,0,0,0
91,2424818746,1878,844000,3266750,5234700,7258900,16604350,16717050,1312,5075600,1503400,1358050,0,3612,0,5,0,0,0,0,0,0
92,1971386461,1879,8036400,3232900,4104650,17944400,33318350,33438450,3386,3940950,823750,680650,0,2972,0,5,0,0,0,0,0,0
93,3386045126,1880,854850,2467150,5458600,7821100,16601700,16719100,1486,4450950,1791550,828350,0,3612,0,5,0,0,0,0,0,0
94,1429641961,1881,835650,3325250,5261400,7180500,16602800,16720600,1332,5100650,1511750,1371600,0,3612,0,5,0,0,0,0,0,0
95,3022846880,1882,848800,2776200,4001750,8976350,16603100,16718400,1736,3840250,1700900,1525950,0,2972,0,5,0,0,0,0,0,0
96,1601897261,1883,840150,3226500,6236350,6297350,16600350,16719250,1252,6065900,2310500,2155250,0,3612,0,5,0,0,0,0,0,0
97,1229951528,1884,1439850,2484050,5725900,7239250,16889050,17002650,1368,5564900,2087750,1934250,0,3612,0,5,0,0,0,0,0,0
98,4065171759,1885,830950,2016550,3974750,9495650,16317900,16435900,1711,3813350,819200,677450,0,2972,0,5,0,0,0,0,0,0
99,1034325744,1886,834400,3387800,5104500,7275200,16601900,16720350,1370,4934400,2313650,2139600,0,3612,0,5,0,0,0,0,0,0
100,14078671,1887,832150,3298850,5681200,6791700,16603900,16719700,1187,5511800,1751000,1604950,0,4252,0,5,0,0,0,0,0,0
101,4024270554,1888,851250,2749550,4940950,8055700,16597450,16717450,1505,4776850,1502150,1349400,0,3612,0,5,0,0,0,0,0,0
102,896191351,1889,849800,3140200,6115450,6500050,16605500,16721250,1295,5955000,2379000,2220700,0,4252,0,5,0,0,0,0,0,0
103,2131384102,1890,1331000,2467700,5515700,7289450,16603850,16720950,1344,5338100,1793750,1640200,0,3932,0,5,0,0,0,0,0,0
104,2586210593,1891,840100,2026950,4256250,9476600,16599900,16717150,1704,4104350,1090100,946400,0,3292,0,5,0,0,0,0,0,0
105,591918370,1892,826300,3379750,5109350,7283700,16599100,16718650,1358,4946150,1500550,1358650,0,3612,0,5,0,0,0,0,0,0
106,8814317,1893,856300,3243800,5340450,7164300,16604850,16720350,1271,5178100,1513100,1356650,0,3612,0,5,0,0,0,0,0,0
107,2340504196,1894,1698250,2041150,4016700,8070250,15826350,16721600,1483,3853000,823900,669950,0,2972,0,5,0,0,0,0,0,0
108,3523076009,1895,1514550,2472800,5537450,7560700,17085500,17195750,1352,5376300,1927350,1767050,0,3612,0,5,0,0,0,0,0,0
109,1961669028,1896,848500,2488500,5448650,7335250,16120900,16238200,1353,4439850,1796700,1623000,0,3612,0,5,0,0,0,0,0,0
110,1037581603,1897,833550,2026500,3940350,9805150,16605550,16721850,1769,3776000,826900,675300,0,2972,0,5,0,0,0,0,0,0
111,2701024588,1898,826100,3327600,5317900,7128750,16600350,16718100,1301,5155300,1507150,1350600,0,3612,0,5,0,0,0,0,0,0
112,215037203,1899,850400,3216250,5317850,7223300,16607800,16722150,1309,5155800,1512200,1358800,0,3612,0,5,0,0,0,0,0,0
113,3696282862,1900,847500,2856750,3978350,8917800,16600400,16719350,1680,3813700,826200,675150,0,2972,0,5,0,0,0,0,0,0
114,2829142928,1901,1378200,2442400,5564650,7278050,16663300,16781200,1380,5402150,1931900,1768400,0,3612,0,5,0,0,0,0,0,0
115,3204762949,1902,840650,2472550,5482900,7743600,16539700,16655950,1473,5313950,1760500,1589400,0,3612,0,5,0,0,0,0,0,0
116,3297489190,1903,838050,2980400,3898550,8881250,16598250,16720200,1727,3735600,1637950,1480550,0,2972,0,5,0,0,0,0,0,0
117,1691704917,1904,830350,3269700,5351850,7146550,16598450,16717650,1301,5189350,1508650,1353300,0,3612,0,5,0,0,0,0,0,0
118,663957814,1905,857450,3233250,5180250,7329750,16600700,16718850,1323,5024800,1513200,1356150,0,3612,0,5,0,0,0,0,0,0
119,3058583827,1906,1508500,2015250,4117600,8961650,16603000,16722400,1392,3942650,824000,674650,0,2972,0,5,0,0,0,0,0,0
120,838545270,1907,857000,3437800,5093850,6307350,15696000,16717400,1161,4922850,2330050,2166500,0,3612,0,5,0,0,0,0,0,0
121,3608912039,1908,838500,3604550,5101150,7059150,16603350,16716900,1325,4933150,2278800,2106150,0,3612,0,5,0,0,0,0,0,0
122,4080159716,1909,851750,2868600,4107400,8781500,16609250,16723350,1690,3930100,1844050,1697050,0,2972,0,5,0,0,0,0,0,0
123,1056027075,1910,824300,3242100,5338450,7196950,16601800,16717850,1307,5175750,1506000,1357050,0,3612,0,5,0,0,0,0,0,0
124,4057021248,1911,852950,3196350,6075050,6471600,16595950,16718700,1289,5901300,2371650,2220850,0,4252,0,5,0,0,0,0,0,0
125,2686741161,1912,1389000,2008600,4765050,8583150,16745800,16864100,1474,4601450,1496900,1355050,0,3612,0,5,0,0,0,0,0,0
126,3870849660,1913,849300,2491050,5635100,7477750,16453200,16573550,1413,5475100,1893600,1722200,0,4252,0,5,0,0,0,0,0,0
127,293449641,1914,831400,3389150,5317900,7067000,16605450,16721150,1319,5147600,1678700,1535500,0,3932,0,5,0,0,0,0,0,0
128,596064266,1915,851550,2831350,4150050,8772750,16605700,16719350,1655,3983100,1819450,1653300,0,3292,0,5,0,0,0,0,0,0
129,3715495249,1916,830000,3260300,5198300,7308600,16597200,16718700,1320,5031550,1507350,1352350,0,3612,0,5,0,0,0,0,0,0
130,244680018,1917,882800,3417700,4852950,5917150,15070600,16717100,1160,4685250,2064500,1897650,0,3612,0,5,0,0,0,0,0,0
131,4080661783,1918,1303500,2006200,4012750,9289050,16611500,16722350,1625,3844100,823050,671350,0,2972,0,5,0,0,0,0,0,0
132,4006730450,1919,844350,2472600,5411050,7877150,16605150,16719700,1499,4393050,1797450,1624800,0,3612,0,5,0,0,0,0,0,0
133,3864584507,1920,839600,3311400,5230700,7217700,16599400,16715400,1241,5061750,1509000,1351450,0,3612,0,5,0,0,0,0,0,0
134,2711027320,1921,847150,2777450,4014000,8962300,16600900,16719100,1703,3846450,1730850,1559250,0,2972,0,5,0,0,0,0,0,0
135,4099079087,1922,830300,3262500,5875150,6633750,16601700,16721700,1329,4956750,1506600,1352500,0,3612,0,5,0,0,0,0,0,0
136,565333772,1923,1399600,2455750,5556600,7424850,16836800,16955300,1410,5389350,1926150,1773750,0,3612,0,5,0,0,0,0,0,0
137,1028518269,1924,837350,2003150,4018500,9502950,16361950,16481150,1680,3857200,823000,677100,0,2972,0,5,0,0,0,0,0,0
138,2252688136,1925,840950,3401850,5093300,7264150,16600250,16722000,1366,4931700,2357050,2191650,0,3612,0,5,0,0,0,0,0,0
139,578597309,1926,833450,3281600,5361350,7125200,16601600,16716350,1297,5197300,1504950,1359300,0,3612,0,5,0,0,0,0,0,0
140,3624439358,1927,845900,2756800,4034150,8972050,16608900,16723400,1718,3873150,837350,686200,0,2972,0,5,0,0,0,0,0,0
141,3514067501,1928,841150,3288350,5707650,6759900,16597050,16716900,1352,5536600,2063100,1901750,0,3612,0,5,0,0,0,0,0,0
142,2741972910,1929,1306950,2464100,5566800,7263200,16601050,16719900,1376,5406200,1943450,1791300,0,3612,0,5,0,0,0,0,0,0
143,28497579,1930,834500,1987950,4011600,9773650,16607700,16721100,1771,3857700,818250,673600,0,2972,0,5,0,0,0,0,0,0
144,466729326,1931,835450,3498400,5252200,7015100,16601150,16715350,1282,5090500,1515950,1360000,0,3612,0,5,0,0,0,0,0,0
145,3425349295,1932,847450,3257800,5351250,7145300,16601800,16720450,1292,5179750,1507750,1354050,0,3612,0,5,0,0,0,0,0,0
146,1537640620,1933,849700,3061850,4009450,8682850,16603850,16722000,1630,3850550,827450,675500,0,2972,0,5,0,0,0,0,0,0
147,1853842891,1934,1493150,2474250,5740400,7214050,16921850,17040400,1365,5563600,1942200,1787650,0,3612,0,5,0,0,0,0,0,0
148,1177024904,1935,843400,2453350,5655700,7325100,16277550,16398000,1379,5492600,1907800,1728350,0,4252,0,5,0,0,0,0,0,0
149,4106734849,1936,833250,1971150,5221000,8569000,16594400,16716750,1657,5072100,1965100,1810900,0,3612,0,5,0,0,0,0,0,0
150,2025356500,1937,847450,3327450,6090250,6338950,16604100,16721950,838,5924700,1518850,1366100,0,4252,0,5,0,0,0,0,0,0
151,2189605121,1938,847700,3264900,5152900,7317800,16583300,16715600,1323,4981950,1351850,1196600,0,3932,0,5,0,0,0,0,0,0
152,4086136290,1939,866000,2685650,4864550,8189450,16605650,16723800,418,4700700,1100000,954550,0,3292,0,5,0,0,0,0,0,0
153,4036669705,1940,897550,3460000,5325400,5055750,14738700,16719750,842,5153150,1290800,1133150,0,3612,0,5,0,0,0,0,0,0
154,4167980074,1941,870750,2460300,5430950,7838050,16600050,16715750,1491,5261600,1763750,1594400,0,3612,0,5,0,0,0,0,0,0
155,51187407,1942,837600,2847400,3911950,9000450,16597400,16717350,1761,2961050,819100,672450,0,2972,0,5,0,0,0,0,0,0
156,2242638442,1943,848300,3260750,5123500,7374450,16607000,16720800,1309,4959200,1288400,1143300,0,3612,0,5,0,0,0,0,0,0
157,2730108163,1944,841350,3272050,4925850,7565450,16604700,16721800,1376,4757900,1276900,1129650,0,3612,0,5,0,0,0,0,0,0
158,2718743917,1945,1500450,2024700,3961400,9107400,16593950,16716000,1632,3798100,827600,678150,0,2972,0,5,0,0,0,0,0,0
159,3391709842,1946,831700,2518500,5414300,7438950,16203450,16721100,1370,5246750,1766500,1584350,0,3612,0,5,0,0,0,0,0,0
160,1164604273,1947,836650,3380050,4599900,7791100,16607700,16718450,1482,4440000,1846450,1677150,0,3612,0,5,0,0,0,0,0,0
161,2148591176,1948,838300,2869950,4012600,8885250,16606100,16718050,1720,3848600,1732200,694950,0,2972,0,5,0,0,0,0,0,0
162,4192737573,1949,847150,3252100,5093950,7405750,16598950,16722300,1314,4928750,1286750,1139400,0,3612,0,5,0,0,0,0,0,0
163,535584840,1950,850250,3262850,4890250,7597400,16600750,16719650,1382,4714500,1278900,1131250,0,3612,0,5,0,0,0,0,0,0
164,3430794475,1951,1408200,2030750,3945700,9304750,16689400,16801050,1674,3780350,816850,676500,0,2972,0,5,0,0,0,0,0,0
165,776323552,1952,842850,2498250,5431250,7743500,16515850,16634400,1441,5263200,1759700,822250,0,3612,0,5,0,0,0,0,0,0
166,3330991427,1953,838000,3423350,4857300,7482900,16601550,16721450,1409,4693750,1284800,1138850,0,3612,0,5,0,0,0,0,0,0
167,3282074430,1954,839900,2821400,4044750,8896100,16602150,16717600,1719,3882250,1733650,1563300,0,2972,0,5,0,0,0,0,0,0
168,2597814595,1955,847000,3263200,4955100,7537950,16603250,16718950,1370,4789600,1288850,1132100,0,3612,0,5,0,0,0,0,0,0
169,2225601370,1956,1642600,2516200,5546600,6895050,16600450,16719900,1380,5373000,1932700,1774050,0,3612,0,5,0,0,0,0,0,0
170,3716853465,1957,852550,2031350,3958800,9373750,16216450,16771700,1625,3796950,819500,667750,0,2972,0,5,0,0,0,0,0,0
171,1080675697,1958,853300,8890850,9325450,14200800,33270400,33384800,2597,9161000,1662450,1522000,0,7272,0,5,0,0,0,0,0,0
172,219920238,1959,857150,8452150,9967550,14040800,33317650,33438400,2744,9786250,2392300,2218950,0,7312,0,5,0,0,0,0,0,0
173,3070385651,1960,1392650,2020100,4210950,9142500,16766200,16888800,1635,4050150,826150,677850,0,3012,0,5,0,0,0,0,0,0
174,2609556270,1961,849250,2477550,5425150,7676900,16428850,16550300,1456,5258600,1771650,1601850,0,3612,0,5,0,0,0,0,0,0
175,141401383,1962,830200,3392400,4865550,7511500,16599650,16721750,1419,4692950,2094900,1126850,0,3612,0,5,0,0,0,0,0,0
176,3034105280,1963,830850,2812850,4177800,8785100,16606600,16720800,1692,4015250,1903450,1733750,0,2972,0,5,0,0,0,0,0,0
177,3029196371,1964,829250,3243950,5033050,7492500,16598750,16716850,1358,4864250,1288250,1129200,0,3612,0,5,0,0,0,0,0,0
178,699378668,1965,1518550,2486500,5702100,6897750,16604900,16720700,1380,5540450,2059850,1899500,0,3612,0,5,0,0,0,0,0,0
179,2402609405,1966,2620650,2895100,4225450,6862550,16603750,16718000,1279,4061850,1933800,706750,0,2972,0,5,0,0,0,0,0,0
CSV_END

STUDY_DONE_faa71cda397f=0
# 