/tmp/app --transport apb --state-frame 1800 --frames 180 --warmup 30 --wait spin --profile detailed --csv /tmp/transport-frames.csv --retained && printf "CSV_BEGIN\n" && cat /tmp/transport-frames.csv && printf "CSV_END\n"; study_status=$?; printf "\nSTUDY_DONE_2c09a9e7ef92=%s\n" "$study_status"
TRANSPORT mode=apb dma_minimum=64
BEGIN_BREAKOUT frames=180 warmup=30 fixed=0 blocks=40 tiles=1 hud=1 wait=spin replay=0 state_frame=1800 profile=detailed pixel_centers=1 clock_call_ns=5904
HW_COUNTERS unavailable
RESULT frames=180 elapsed_s=3.076298100 fps=58.511885 logic_ms=0.933135 api_ms=2.386789 swap_ms=4.408160 wait_ms=9.193345 worker_inclusive_ms=4.189620 upload_inclusive_ms=1.231799 write_ms=1.012439 bytes_per_frame=3235.56 p50_ms=16.719600 p95_ms=17.049750 max_ms=33.439600 late_60hz=162 first_count=21919 last_count=22098 state_hash=1022e19f remaining=21 score=190
RENDER_PATH retained=1 grouped=0 quads=462 full_frames=0
BREAKOUT_PASS
CSV_BEGIN
frame,state_hash,display_count,logic_ns,api_ns,swap_ns,wait_ns,total_ns,completion_interval_ns,polls,worker_inclusive_ns,upload_inclusive_ns,write_ns,read_ns,write_bytes,read_bytes,write_calls,read_calls,dma_copy_ns,dma_launch_ns,dma_completion_wait_ns,dma_bytes,dma_lists
0,2110160739,21919,776850,2271150,5363550,8246700,16658250,16670300,1586,5176050,1725050,1562050,0,3612,0,5,0,0,0,0,0,0
1,1693181783,21920,776200,1799550,5068600,8953850,16598200,16716200,1736,3770200,1667100,698150,0,2972,0,5,0,0,0,0,0,0
2,802378003,21921,776900,2612450,4057250,9159300,16605900,16719800,1774,3885550,1790750,1606150,0,2972,0,5,0,0,0,0,0,0
3,773631361,21922,782950,3151750,4604500,8065000,16604200,16721500,1473,4441650,965700,803850,0,3612,0,5,0,0,0,0,0,0
4,3600043099,21923,822600,1844100,4070950,8656750,15394400,16949050,1521,3883550,836300,677550,0,2972,0,5,0,0,0,0,0,0
5,1618316913,21924,785950,1808850,3994150,9786200,16375150,16488900,1774,3826550,834950,670450,0,2972,0,5,0,0,0,0,0,0
6,201713393,21925,771850,3261900,4543750,8025500,16603000,16720100,1531,4372050,1826250,1634000,0,3612,0,5,0,0,0,0,0,0
7,2011502881,21926,799100,2697700,4031600,9077500,16605900,16719700,1759,3863600,1754050,1578650,0,2972,0,5,0,0,0,0,0,0
8,3125474025,21927,779350,2562600,4003800,9267400,16613150,16719600,1800,3836100,1736750,703550,0,2972,0,5,0,0,0,0,0,0
9,1342287211,21928,778400,2973400,4726150,8128950,16606900,16716100,1494,4560700,965550,805200,0,3612,0,5,0,0,0,0,0,0
10,3857196809,21929,1260350,1820550,3987650,9528700,16597250,16720150,1720,3813100,829050,679400,0,2972,0,5,0,0,0,0,0,0
11,2240049260,21930,788300,7661550,8773300,16097250,33320400,33437800,3065,8593100,2297250,2110750,0,6632,0,5,0,0,0,0,0,0
12,1815897908,21931,830200,8341250,10455000,13704150,33330600,33439200,2674,10267400,2415450,2224300,0,7312,0,5,0,0,0,0,0,0
13,648884648,21932,1403200,1824100,4083450,9616950,16927700,17042300,1704,3908800,841650,686700,0,3012,0,5,0,0,0,0,0,0
14,2931991803,21933,791150,1797650,3978050,9706000,16272850,16396200,1755,3798850,822450,677000,0,2972,0,5,0,0,0,0,0,0
15,4227589206,21934,787650,2229000,5433000,8155000,16604650,16720000,1558,4394900,1772250,1589450,0,3612,0,5,0,0,0,0,0,0
16,1986714807,21935,798700,2700350,3961850,9144000,16604900,16716750,1739,3792100,1704850,700450,0,2972,0,5,0,0,0,0,0,0
17,28333542,21936,780600,2511650,4016450,9302250,16610950,16721900,1806,3845450,1724300,1537650,0,2972,0,5,0,0,0,0,0,0
18,842458438,21937,788950,2991850,4500650,8324000,16605450,16719300,1535,4333250,952450,797500,0,3612,0,5,0,0,0,0,0,0
19,4035787358,21938,1363200,1782600,4021450,9546450,16713700,16838350,1282,3836400,836000,675900,0,2972,0,5,0,0,0,0,0,0
20,3966921526,21939,839250,1794300,4014950,9829900,16478400,16598750,1781,3830800,828650,672550,0,2972,0,5,0,0,0,0,0,0
21,3331783808,21940,782750,3172650,4629700,8018450,16603550,16719300,1528,4449350,1846150,1664900,0,3612,0,5,0,0,0,0,0,0
22,1855912102,21941,791600,2668000,4029050,9112050,16600700,16717900,1732,3850100,1774000,696700,0,2972,0,5,0,0,0,0,0,0
23,3437663592,21942,782900,2550550,4107850,9161100,16602400,16722950,1752,3931450,854550,694750,0,2972,0,5,0,0,0,0,0,0
24,3162062844,21943,1765050,2283400,4558150,7999300,16605900,16717550,1463,4372600,957400,805600,0,3612,0,5,0,0,0,0,0,0
25,1213835568,21944,785200,1784850,4008300,9630450,16208800,16719000,1705,3832650,835200,675600,0,2972,0,5,0,0,0,0,0,0
26,4133797692,21945,777450,1791750,3968700,10061750,16599650,16721850,1825,3784100,832900,677000,0,2972,0,5,0,0,0,0,0,0
27,256876650,21946,819400,3141000,5259500,6600700,15820600,16715700,1170,5074800,1305350,1144100,0,4252,0,5,0,0,0,0,0,0
28,482917404,21947,814300,2586700,4226850,8974600,16602450,16721150,1734,4058900,1876550,1698550,0,3612,0,5,0,0,0,0,0,0
29,1264633954,21948,795800,2667600,4215000,8930950,16609350,16721400,1686,4044150,899050,738150,0,3292,0,5,0,0,0,0,0,0
30,3606135978,21949,1363650,2252850,5618100,7462100,16696700,16811750,1418,5435700,1951500,1782650,0,3932,0,5,0,0,0,0,0,0
31,2630115922,21950,792200,1787850,4008850,9919850,16508750,16623250,1801,3838700,831950,674300,0,2972,0,5,0,0,0,0,0,0
32,3881483034,21951,795600,1804600,4103500,9902100,16605800,16722100,1789,3913250,829550,674550,0,2972,0,5,0,0,0,0,0,0
33,2944919204,21952,778200,3133400,5110200,7580150,16601950,16719900,1395,4932800,1288200,1130100,0,3612,0,5,0,0,0,0,0,0
34,646532490,21953,799050,2602500,3996500,9201900,16599950,16715150,1769,3824950,846750,695050,0,2972,0,5,0,0,0,0,0,0
35,2877853796,21954,1439050,1812200,4221500,9132150,16604900,16721700,1725,4038000,830700,673050,0,2972,0,5,0,0,0,0,0,0
36,1922367648,21955,793950,2243500,5880150,7253250,16170850,16721300,1357,5695100,2283500,2115900,0,3612,0,5,0,0,0,0,0,0
37,1795563108,21956,796000,1777800,4015500,10014000,16603300,16717200,1816,3856050,832950,672450,0,2972,0,5,0,0,0,0,0,0
38,214631552,21957,791600,2673800,3075450,10060800,16601650,16721150,1773,2924100,831600,680600,0,2972,0,5,0,0,0,0,0,0
39,1929726190,21958,794900,2964900,5124550,7716000,16600350,16719200,1422,4949650,1293800,1136600,0,3612,0,5,0,0,0,0,0,0
40,1190506064,21959,810200,2572900,4115700,9099250,16598050,16716600,1722,3938900,838600,691150,0,2972,0,5,0,0,0,0,0,0
41,3268351150,21960,1381650,1787800,4016150,9595350,16780950,16896550,1700,3836200,836350,677900,0,2972,0,5,0,0,0,0,0,0
42,118037070,21961,807700,2219200,5554900,7838500,16420300,16540650,1496,5374650,1952600,1789950,0,3612,0,5,0,0,0,0,0,0
43,1955195062,21962,788050,1778800,3985150,10050100,16602100,16720800,1824,3823300,826000,668550,0,2972,0,5,0,0,0,0,0,0
44,1797432467,21963,788350,2714100,3986650,9111050,16600150,16718550,1727,3822000,1744700,702650,0,2972,0,5,0,0,0,0,0,0
45,1035442557,21964,791150,2943700,5141750,7729400,16606000,16718450,1420,4958450,1290950,1134550,0,3612,0,5,0,0,0,0,0,0
46,2267612867,21965,1462300,1845500,4599700,8697000,16604500,16727500,528,4421250,839600,690100,0,2972,0,5,0,0,0,0,0,0
47,1217717069,21966,1831900,1820850,4049900,8880400,16583050,16714100,1527,3868750,833250,673250,0,2972,0,5,0,0,0,0,0,0
48,1461268009,21967,800350,2234100,5351250,8218750,16604450,16718450,1518,5163050,1741000,1574700,0,3612,0,5,0,0,0,0,0,0
49,2370304197,21968,795300,1780150,3975550,10052050,16603050,16718700,1822,2950800,824300,673500,0,2972,0,5,0,0,0,0,0,0
50,655561417,21969,798400,3151150,5070800,7579650,16600000,16719050,1349,4891400,864650,705050,0,2972,0,5,0,0,0,0,0,0
51,524675839,21970,1666450,2246150,5747900,6160900,15821400,16720400,1214,5572550,1935300,1753800,0,4252,0,5,0,0,0,0,0,0
52,1155835041,21971,1432750,1823700,4529400,9079250,16865100,16976850,1627,4352850,1299600,1147100,0,3612,0,5,0,0,0,0,0,0
53,214853719,21972,798250,1793450,4308700,9445550,16345950,16459850,1667,4133350,1106600,946350,0,3292,0,5,0,0,0,0,0,0
54,3035389575,21973,788850,2225700,5530550,8056700,16601800,16722200,1538,4478400,1880500,1698450,0,3932,0,5,0,0,0,0,0,0
55,1549109231,21974,812900,2677600,4044700,9074350,16609550,16717750,1759,3874550,1769900,1584350,0,2972,0,5,0,0,0,0,0,0
56,66132623,21975,799050,2582300,3970250,9254400,16606000,16718700,1794,3794950,1699750,691100,0,2972,0,5,0,0,0,0,0,0
57,3504604473,21976,792400,3046750,5898650,6871700,16609500,16720700,1374,5725050,2265500,1364450,0,3612,0,5,0,0,0,0,0,0
58,1691498415,21977,1290050,1810350,3975550,9527950,16603900,16719700,1721,3790850,823000,682950,0,2972,0,5,0,0,0,0,0,0
59,4055346753,21978,810550,1775150,4005300,10006100,16597100,16716350,1817,3838650,828900,674350,0,2972,0,5,0,0,0,0,0,0
60,4185240021,21979,798450,3339650,5030450,7434750,16603300,16721500,1397,4861100,1515350,1369300,0,3612,0,5,0,0,0,0,0,0
61,380494641,21980,793450,2626800,4358600,8828150,16607000,16719950,1690,4188500,2095050,1906650,0,2972,0,5,0,0,0,0,0,0
62,648826037,21981,811000,2588750,4092950,9112950,16605650,16719050,1734,3920550,838350,689750,0,2972,0,5,0,0,0,0,0,0
63,457329003,21982,1441800,2219800,5880450,7398800,16940850,17067150,1407,5696000,2080950,1921650,0,3612,0,5,0,0,0,0,0,0
64,3359035981,21983,804150,1792850,3980450,9678650,16256100,16371900,1748,3803750,826100,677450,0,2972,0,5,0,0,0,0,0,0
65,1526400123,21984,791650,1783550,3997450,10026250,16598900,16717350,1822,3823200,833750,673550,0,2972,0,5,0,0,0,0,0,0
66,1691524227,21985,792450,3175850,5243300,7387400,16599000,16718550,1377,5064800,1511450,1367550,0,3612,0,5,0,0,0,0,0,0
67,1475349003,21986,803300,2553800,4034500,9213600,16605200,16720500,1786,3859600,1745450,1558000,0,2972,0,5,0,0,0,0,0,0
68,485644907,21987,803050,2535500,4097600,9167500,16603650,16717400,1739,3927950,837550,688300,0,2972,0,5,0,0,0,0,0,0
69,1050479637,21988,1380250,2221350,5747500,7286600,16635700,16750200,1379,5563400,2075650,1907500,0,3612,0,5,0,0,0,0,0,0
70,3204525547,21989,803550,1797600,3974700,9996900,16572750,16691500,1818,3797900,826050,677450,0,2972,0,5,0,0,0,0,0,0
71,4185398997,21990,791900,1781150,3984450,10039250,16596750,16716100,1824,3815150,835350,674150,0,2972,0,5,0,0,0,0,0,0
72,3094072225,21991,790800,3133100,5269400,7413550,16606850,16721950,1325,5099950,1519850,1369850,0,3612,0,5,0,0,0,0,0,0
73,1835371693,21992,792700,2549250,4085950,9178000,16605900,16718550,1702,3901150,850300,688700,0,2972,0,5,0,0,0,0,0,0
74,2168771505,21993,842850,1814000,4046350,8351900,15055100,16720050,1539,3866850,850000,691350,0,2972,0,5,0,0,0,0,0,0
75,4059398759,21994,792750,2216000,5830450,7355300,16194500,16718300,1359,5666150,2054700,1886750,0,4252,0,5,0,0,0,0,0,0
76,644479865,21995,806500,1812900,5469050,8519300,16607750,16721650,1645,5283300,2260700,2097150,0,3612,0,5,0,0,0,0,0,0
77,1914197423,21996,786200,2663800,4261550,8893800,16605350,16718950,1726,4094000,1951650,1791500,0,3292,0,5,0,0,0,0,0,0
78,430804047,21997,811050,3032500,5518700,7240750,16603000,16716000,1285,5335400,1704300,1546250,0,3932,0,5,0,0,0,0,0,0
79,3866048775,21998,796550,2556350,4119800,9112450,16585150,16721650,1723,3941900,835200,675600,0,2972,0,5,0,0,0,0,0,0
80,7140231,21999,1371850,1818850,3966650,9842850,17000200,17114600,1438,3793700,831200,691700,0,2972,0,5,0,0,0,0,0,0
81,1511961547,22000,843550,2221900,5428250,7706500,16200200,16321850,1432,5263450,1779300,1592850,0,3612,0,5,0,0,0,0,0,0
82,376629139,22001,802250,3113750,4821450,7870550,16608000,16722950,1496,4644850,2037950,1864000,0,3612,0,5,0,0,0,0,0,0
83,1861594235,22002,795050,2667400,4074500,9068000,16604950,16717700,1754,3893250,1788750,1614600,0,2972,0,5,0,0,0,0,0,0
84,1702339483,22003,793450,2575850,3940900,9296300,16606500,16718200,1795,3760200,834100,680450,0,2972,0,5,0,0,0,0,0,0
85,966101579,22004,1580550,1804400,3998000,9226350,16609300,16719750,1744,3831600,840850,687300,0,2972,0,5,0,0,0,0,0,0
86,2786182811,22005,1264550,1800100,4264050,9271900,16600600,16718200,1653,4079700,818650,678600,0,2972,0,5,0,0,0,0,0,0
87,3655782539,22006,791750,1777400,3996300,10037700,16603150,16720950,1823,3832400,834350,677700,0,2972,0,5,0,0,0,0,0,0
88,3735461922,22007,802100,2764350,3850800,9175650,16592900,16717850,1790,2908100,828550,677300,0,2972,0,5,0,0,0,0,0,0
89,270833838,22008,809300,2573550,4058700,9166650,16608200,16719700,1775,3897250,1785700,1606250,0,2972,0,5,0,0,0,0,0,0
90,930095294,22009,798500,2559250,4083950,9165600,16607300,16721700,1744,3906700,835050,683550,0,2972,0,5,0,0,0,0,0,0
91,1273808962,22010,1400600,1781950,4132600,9496200,16811350,16930150,1715,3950300,834100,683200,0,2972,0,5,0,0,0,0,0,0
92,1953673858,22011,801500,1784600,3962750,9838500,16387350,16506050,1783,3787450,824650,674700,0,2972,0,5,0,0,0,0,0,0
93,4057475070,22012,788100,1786000,3988700,10043700,16606500,16721950,1821,3817300,835100,674200,0,2972,0,5,0,0,0,0,0,0
94,3372198854,22013,798650,2714700,4124300,8954350,16592000,16714750,1731,3950350,1887100,723500,0,2972,0,5,0,0,0,0,0,0
95,2335202154,22014,782850,2512600,4046200,9265350,16607000,16723000,1795,3862950,1725500,682350,0,2972,0,5,0,0,0,0,0,0
96,2170853250,22015,792700,2524200,4065050,9222050,16604000,16715550,1749,3889200,838300,688300,0,2972,0,5,0,0,0,0,0,0
97,1829955022,22016,827700,1803900,4074300,8572850,15278750,16722000,1467,3887750,834250,673250,0,2972,0,5,0,0,0,0,0,0
98,1856045454,22017,803500,1799950,3977400,10024850,16605700,16719550,1734,3789750,838050,681750,0,2972,0,5,0,0,0,0,0,0
99,2544683154,22018,794950,1779400,5178900,8846550,16599800,16719450,1716,5018150,1953350,1784150,0,3612,0,5,0,0,0,0,0,0
100,1531444578,22019,800500,2648050,4439500,8720200,16608250,16719700,1642,4260350,2116650,1940850,0,3612,0,5,0,0,0,0,0,0
101,1139277022,22020,787650,2553300,4496250,8774000,16611200,16719750,1650,4324950,1118600,959100,0,3292,0,5,0,0,0,0,0,0
102,2614530982,22021,1463450,1819000,4270700,9348400,16901550,17016200,1684,4104900,1109200,963500,0,3292,0,5,0,0,0,0,0,0
103,464765994,22022,785000,1801850,4004400,9712900,16304150,16421050,1723,3825400,837800,678750,0,2972,0,5,0,0,0,0,0,0
104,1592019490,22023,792300,1796900,3960700,10055300,16605200,16720900,1824,3771950,839300,681750,0,2972,0,5,0,0,0,0,0,0
105,66207950,22024,783900,2690750,4037850,9086850,16599350,16719350,1765,3862650,1767250,697650,0,2972,0,5,0,0,0,0,0,0
106,2639428798,22025,790100,2566150,3963050,9283850,16603150,16716600,1771,3786350,1692600,1525850,0,2972,0,5,0,0,0,0,0,0
107,1495915330,22026,792000,2471600,4101400,11714550,19079550,19200150,940,3924500,842150,688850,0,2972,0,5,0,0,0,0,0,0
108,4079891938,22027,823900,3427250,4074450,5786100,14111700,14241050,1009,3884950,829100,680000,0,2972,0,5,0,0,0,0,0,0
109,1204987230,22028,797550,1789700,4024900,9995200,16607350,16718950,1787,3847750,831900,672400,0,2972,0,5,0,0,0,0,0,0
110,949029318,22029,787950,1785700,3967250,10053350,16594250,16719000,1817,3777050,838200,680350,0,2972,0,5,0,0,0,0,0,0
111,2727127274,22030,782300,2980150,5377800,7461100,16601350,16717500,1359,5206650,3095550,2891250,0,2972,0,5,0,0,0,0,0,0
112,2443393666,22031,798800,2579300,4038400,9189750,16606250,16717900,1764,3866500,834950,685200,0,2972,0,5,0,0,0,0,0,0
113,434260526,22032,1581200,1793100,3988550,9624000,16986850,17097100,1744,3812100,836500,680450,0,2972,0,5,0,0,0,0,0,0
114,2637634158,22033,808700,1784650,3966350,9655950,16215650,16341100,1746,3790800,826100,678800,0,2972,0,5,0,0,0,0,0,0
115,4248248050,22034,783200,1779150,4014650,10025650,16602650,16722900,1824,3842100,833550,673400,0,2972,0,5,0,0,0,0,0,0
116,663154818,22035,785300,2812900,3998100,9003700,16600000,16718450,1744,3818150,1724200,1534450,0,2972,0,5,0,0,0,0,0,0
117,1461428606,22036,783000,2529400,4080600,9211850,16604850,16718150,1786,3910500,1782650,694900,0,2972,0,5,0,0,0,0,0,0
118,3252362022,22037,797550,2534700,4111550,9161800,16605600,16720550,1736,3943750,845500,691000,0,2972,0,5,0,0,0,0,0,0
119,2423015338,22038,1363650,1786650,4108950,9404150,16663400,16782250,1696,3927250,830950,677950,0,2972,0,5,0,0,0,0,0,0
120,507309730,22039,806000,1782300,3967500,9983800,16539600,16656900,1820,3796000,827250,678900,0,2972,0,5,0,0,0,0,0,0
121,2882991293,22040,825900,2765250,4037450,8184150,15812750,16720250,1565,3871100,1751900,1567150,0,2972,0,5,0,0,0,0,0,0
122,3682963569,22041,800850,2691400,4196200,8914550,16603000,16716100,1717,4013300,1944850,1762500,0,2972,0,5,0,0,0,0,0,0
123,1404881069,22042,784200,2539200,4677100,8606900,16607400,16723450,1545,4499500,1306050,1144400,0,3612,0,5,0,0,0,0,0,0
124,624513273,22043,1460100,1818350,4617100,8708850,16604400,16715450,1635,4438800,1295950,1145450,0,3612,0,5,0,0,0,0,0,0
125,484090933,22044,795700,1785500,4337300,9253550,16172050,16720550,1617,4164850,1106200,948150,0,3292,0,5,0,0,0,0,0,0
126,2330053545,22045,791950,1786600,4268350,9750950,16597850,16718550,1763,4092300,1109650,950650,0,3292,0,5,0,0,0,0,0,0
127,3891445269,22046,786400,2631950,3083300,10098350,16600000,16720300,1829,2929950,827850,673600,0,2972,0,5,0,0,0,0,0,0
128,1947616753,22047,815800,2561900,4012300,9217050,16607050,16723500,1748,3831000,1758950,1582800,0,2972,0,5,0,0,0,0,0,0
129,965975981,22048,792350,2549900,4162300,9090100,16594650,16711950,1723,3983300,834250,675350,0,2972,0,5,0,0,0,0,0,0
130,2786931617,22049,1383700,1811000,3965200,9597200,16757100,16878850,1736,3794800,831500,688000,0,2972,0,5,0,0,0,0,0,0
131,4011087213,22050,805350,1779050,4000550,9853450,16438400,16560350,1749,3821750,832700,673350,0,2972,0,5,0,0,0,0,0,0
132,3703868376,22051,795400,1787800,3963900,10056700,16603800,16720350,1824,3788900,832550,676150,0,2972,0,5,0,0,0,0,0,0
133,212089708,22052,788900,2681900,4050950,9080500,16602250,16720500,1760,3875900,1784650,696650,0,2972,0,5,0,0,0,0,0,0
134,737348112,22053,788500,2554700,3945650,9317250,16606100,16721150,1773,3767800,833850,678850,0,2972,0,5,0,0,0,0,0,0
135,1465149204,22054,1425700,1812550,4061400,9298900,16598550,16716900,1766,3891800,839900,687350,0,2972,0,5,0,0,0,0,0,0
136,3549792448,22055,1572050,1808150,3971500,9243000,16594700,16719050,1652,3786450,830450,674700,0,2972,0,5,0,0,0,0,0,0
137,3053421220,22056,792350,1785500,4016800,10002050,16596700,16717150,1787,3847950,834850,674100,0,2972,0,5,0,0,0,0,0,0
138,904563048,22057,799250,1793400,3903150,10105450,16601250,16723700,1838,2911200,826450,677200,0,2972,0,5,0,0,0,0,0,0
139,1363341148,22058,798550,2636200,4024200,9136250,16595200,16715350,1770,3868300,1757250,1579150,0,2972,0,5,0,0,0,0,0,0
140,3357813192,22059,801150,2575300,4094850,9136150,16607450,16720250,1736,3919000,834650,685700,0,2972,0,5,0,0,0,0,0,0
141,1376589724,22060,1581850,1799350,3974650,10849950,18205800,18323000,1715,3794950,832300,683000,0,2972,0,5,0,0,0,0,0,0
142,2806738240,22061,840400,2725500,4032300,7391500,14989700,15114950,1393,3860850,1780200,1597650,0,2972,0,5,0,0,0,0,0,0
143,1863420068,22062,794850,1789900,3990600,10029000,16604350,16718450,1820,3823450,835050,674850,0,2972,0,5,0,0,0,0,0,0
144,2368389248,22063,826150,2882750,4139750,7967300,15815950,16721950,1479,3963250,825850,677000,0,2972,0,5,0,0,0,0,0,0
145,3624800580,22064,796900,2513500,4052400,9243350,16606150,16721000,1792,3881150,1758200,1575000,0,2972,0,5,0,0,0,0,0,0
146,2708332264,22065,806550,2519750,4077250,9200650,16604200,16716200,1745,3904850,834800,686650,0,2972,0,5,0,0,0,0,0,0
147,3643166428,22066,1316350,1784250,4412050,9091400,16604050,16720150,1617,4224050,987750,827550,0,3612,0,5,0,0,0,0,0,0
148,1604903896,22067,809950,1787850,4213800,9791000,16602600,16718500,1677,4038450,980900,827200,0,3612,0,5,0,0,0,0,0,0
149,499105388,22068,788150,1783300,4062700,9967150,16601300,16719450,1808,3902400,882050,724800,0,3292,0,5,0,0,0,0,0,0
150,3393190256,22069,796750,2664850,4282250,8856600,16600450,16721750,1705,4103950,1990200,1800500,0,3292,0,5,0,0,0,0,0,0
151,1752164884,22070,795200,2548950,4176650,9080300,16601100,16715450,1726,4011500,853250,692450,0,2972,0,5,0,0,0,0,0,0
152,112950176,22071,1466400,1826950,3985050,9655700,16934100,17049750,1758,3817800,832650,687400,0,2972,0,5,0,0,0,0,0,0
153,218377828,22072,803000,1787450,4017400,9664700,16272550,16390900,1709,3846300,837850,675250,0,2972,0,5,0,0,0,0,0,0
154,1614877672,22073,791100,1789750,3959250,10056650,16596750,16719850,1825,3779600,835450,678700,0,2972,0,5,0,0,0,0,0,0
155,624660060,22074,788450,2688600,4024150,9097100,16598300,16716800,1771,3853250,1750050,1590700,0,2972,0,5,0,0,0,0,0,0
156,1646146728,22075,796500,2586650,4006250,9221750,16611150,16721950,1752,3827700,1714800,1542800,0,2972,0,5,0,0,0,0,0,0
157,2550301372,22076,795450,2533750,4119050,9158100,16606350,16716300,1736,3946500,834700,676800,0,2972,0,5,0,0,0,0,0,0
158,172327680,22077,1331500,1802200,3997550,9482650,16613900,16734450,1714,3827150,837500,696950,0,2972,0,5,0,0,0,0,0,0
159,28774455,22078,817550,6621500,9701650,16164850,33305550,33425650,3049,8633250,2281150,2089900,0,6632,0,5,0,0,0,0,0,0
160,1278562831,22079,797050,7647000,8861750,16019050,33324850,33439600,3012,8690800,1524150,1372550,0,6672,0,5,0,0,0,0,0,0
161,1878041307,22080,1459950,1797900,4083800,9263450,16605100,16716500,1752,3927100,851350,694400,0,3012,0,5,0,0,0,0,0,0
162,2842495315,22081,797200,1764800,3993050,9646300,16201350,16722650,1746,3817000,818050,673900,0,2972,0,5,0,0,0,0,0,0
163,942955647,22082,786300,1767400,4001150,10042600,16597450,16718200,1791,3841000,833950,671850,0,2972,0,5,0,0,0,0,0,0
164,3104849743,22083,781050,2669600,3910050,9241450,16602150,16720750,1807,2917250,832600,680050,0,2972,0,5,0,0,0,0,0,0
165,2914266731,22084,801050,2517050,4035000,9254200,16607300,16715950,1796,3866300,1759450,1577450,0,2972,0,5,0,0,0,0,0,0
166,4064468955,22085,787400,2523050,4110700,9189300,16610450,16724550,1156,3938700,837700,683900,0,2972,0,5,0,0,0,0,0,0
167,3195515191,22086,4029450,2632250,4137450,5909500,16708650,16830500,1038,3954850,823850,680500,0,2972,0,5,0,0,0,0,0,0
168,978211615,22087,789550,1761200,4254100,9677600,16482450,16604400,1736,4077950,980050,828700,0,3612,0,5,0,0,0,0,0,0
169,2835071531,22088,784000,1775200,4253000,9789950,16602150,16718650,1764,4088700,985200,820750,0,3612,0,5,0,0,0,0,0,0
170,2067386771,22089,797300,2793250,4207650,8807050,16605250,16719050,1298,4030350,1882300,1695850,0,3612,0,5,0,0,0,0,0,0
171,1313815599,22090,800750,2553250,4625000,8622900,16601900,16720350,1630,4444800,905700,758350,0,3292,0,5,0,0,0,0,0,0
172,2403178911,22091,1464150,1821600,4154150,9169800,16609700,16719950,1736,3982800,886150,743050,0,3292,0,5,0,0,0,0,0,0
173,2922328731,22092,1252150,1768350,4147750,9433950,16602200,16716300,1698,3962700,832400,676900,0,2972,0,5,0,0,0,0,0,0
174,984914827,22093,782350,1760000,3976300,10083900,16602550,16718800,1833,3803600,827350,671850,0,2972,0,5,0,0,0,0,0,0
175,3908989879,22094,770950,1771800,3948950,10110200,16601900,16719950,1835,2943550,825950,674050,0,2972,0,5,0,0,0,0,0,0
176,3999582383,22095,787850,2578000,4189650,9052050,16607550,16724000,1367,4008200,1926600,1743550,0,2972,0,5,0,0,0,0,0,0
177,407226939,22096,806050,2520600,4215900,9054000,16596550,16717600,1714,4042500,840600,692800,0,2972,0,5,0,0,0,0,0,0
178,1756548563,22097,1398450,1792800,3975700,9625150,16792100,16911500,1743,3808650,833200,695900,0,2972,0,5,0,0,0,0,0,0
179,270721439,22098,785250,1775750,4017150,9826000,16404150,16525650,1746,3840400,836100,676650,0,2972,0,5,0,0,0,0,0,0
CSV_END

STUDY_DONE_2c09a9e7ef92=0
# 