/tmp/app --transport dma --state-frame 0 --dma-minimum 1024 --frames 180 --warmup 30 --wait spin --profile frame --csv /tmp/transport-frames.csv --dump /tmp/transport-frame.raw && printf "CSV_BEGIN\n" && cat /tmp/transport-frames.csv && printf "CSV_END\n"; study_status=$?; printf "\nSTUDY_DONE_e00afed8c64b=%s\n" "$study_status"
TRANSPORT mode=dma dma_minimum=1024
BEGIN_BREAKOUT frames=180 warmup=30 fixed=0 blocks=40 tiles=1 hud=1 wait=spin replay=0 state_frame=0 profile=frame pixel_centers=1 clock_call_ns=5963
HW_COUNTERS unavailable
RESULT frames=180 elapsed_s=15.047316550 fps=11.962266 logic_ms=0.000000 api_ms=0.000000 swap_ms=0.000000 wait_ms=0.000000 worker_inclusive_ms=0.000000 upload_inclusive_ms=0.000000 write_ms=0.000000 bytes_per_frame=30951.56 p50_ms=83.596600 p95_ms=83.780550 max_ms=84.199650 late_60hz=180 first_count=8721 last_count=8900 state_hash=8f34e8fd remaining=38 score=20
RENDER_PATH retained=0 grouped=0 quads=13131 full_frames=180
FRAME_CHECK count=8900 address=9fe00000 fnv1a=79c99b23 pixels=307200 mismatches=0
BREAKOUT_PASS
CSV_BEGIN
frame,state_hash,display_count,logic_ns,api_ns,swap_ns,wait_ns,total_ns,completion_interval_ns,polls,worker_inclusive_ns,upload_inclusive_ns,write_ns,read_ns,write_bytes,read_bytes,write_calls,read_calls,dma_copy_ns,dma_launch_ns,dma_completion_wait_ns,dma_bytes,dma_lists
0,3724779174,8721,0,0,0,0,83543450,83555700,1592,0,0,0,0,31172,0,5,0,0,0,0,31360,5
1,1709657109,8722,0,0,0,0,83476550,83596050,1684,0,0,0,0,31172,0,5,0,0,0,0,31360,5
2,1894904752,8723,0,0,0,0,83820600,83936200,1800,0,0,0,0,31172,0,5,0,0,0,0,31360,5
3,3703759967,8724,0,0,0,0,83144050,83259200,320,0,0,0,0,31172,0,5,0,0,0,0,31360,5
4,19533624,8725,0,0,0,0,83468750,83596900,1631,0,0,0,0,31172,0,5,0,0,0,0,31360,5
5,816884773,8726,0,0,0,0,83476500,83593250,1817,0,0,0,0,31172,0,5,0,0,0,0,31360,5
6,1339236364,8727,0,0,0,0,83484650,83600050,1287,0,0,0,0,31172,0,5,0,0,0,0,31360,5
7,3072959373,8728,0,0,0,0,83481650,83596800,1884,0,0,0,0,31172,0,5,0,0,0,0,31360,5
8,1782884746,8729,0,0,0,0,83480000,83596000,1797,0,0,0,0,31172,0,5,0,0,0,0,31360,5
9,30296781,8730,0,0,0,0,83475050,83594150,1709,0,0,0,0,31492,0,5,0,0,0,0,31680,5
10,4026418858,8731,0,0,0,0,83484300,83596950,1668,0,0,0,0,31492,0,5,0,0,0,0,31680,5
11,2084929051,8732,0,0,0,0,83480700,83595400,1621,0,0,0,0,31492,0,5,0,0,0,0,31680,5
12,3114489770,8733,0,0,0,0,83841850,83957500,1523,0,0,0,0,31172,0,5,0,0,0,0,31360,5
13,891400471,8734,0,0,0,0,83111600,83238100,1607,0,0,0,0,31172,0,5,0,0,0,0,31360,5
14,3472773456,8735,0,0,0,0,83479400,83597150,1810,0,0,0,0,31172,0,5,0,0,0,0,31360,5
15,3010688243,8736,0,0,0,0,83478200,83592700,1807,0,0,0,0,31172,0,5,0,0,0,0,31360,5
16,2819524756,8737,0,0,0,0,83481550,83598500,393,0,0,0,0,31172,0,5,0,0,0,0,31360,5
17,3241678401,8738,0,0,0,0,82719100,83594950,1541,0,0,0,0,31172,0,5,0,0,0,0,31360,5
18,2154316504,8739,0,0,0,0,83478600,83596500,1289,0,0,0,0,31172,0,5,0,0,0,0,31360,5
19,772262681,8740,0,0,0,0,83483350,83597950,1696,0,0,0,0,31172,0,5,0,0,0,0,31360,5
20,3882818750,8741,0,0,0,0,83478450,83596850,1640,0,0,0,0,31172,0,5,0,0,0,0,31360,5
21,521131153,8742,0,0,0,0,83482450,83601750,1701,0,0,0,0,31172,0,5,0,0,0,0,31360,5
22,1838187414,8743,0,0,0,0,83475100,83588950,1786,0,0,0,0,31172,0,5,0,0,0,0,31360,5
23,840574439,8744,0,0,0,0,83068100,83599900,1601,0,0,0,0,31172,0,5,0,0,0,0,31360,5
24,2879461878,8745,0,0,0,0,83478050,83595150,1340,0,0,0,0,31172,0,5,0,0,0,0,31360,5
25,202086035,8746,0,0,0,0,83477650,83593850,1770,0,0,0,0,31172,0,5,0,0,0,0,31360,5
26,959703924,8747,0,0,0,0,83476850,83597100,1949,0,0,0,0,31172,0,5,0,0,0,0,31360,5
27,3795724423,8748,0,0,0,0,83480100,83598850,1864,0,0,0,0,31172,0,5,0,0,0,0,31360,5
28,2500539904,8749,0,0,0,0,83476650,83595100,185,0,0,0,0,31172,0,5,0,0,0,0,31360,5
29,2269000541,8750,0,0,0,0,83477800,83597250,1744,0,0,0,0,31172,0,5,0,0,0,0,31360,5
30,1900681108,8751,0,0,0,0,83482450,83596750,1305,0,0,0,0,31172,0,5,0,0,0,0,31360,5
31,3680168245,8752,0,0,0,0,83525650,83642350,1725,0,0,0,0,31172,0,5,0,0,0,0,31360,5
32,2344329490,8753,0,0,0,0,83432050,83548750,1789,0,0,0,0,31172,0,5,0,0,0,0,31360,5
33,2130650181,8754,0,0,0,0,83047600,83596600,1526,0,0,0,0,31492,0,5,0,0,0,0,31680,5
34,906966818,8755,0,0,0,0,83481700,83597600,1792,0,0,0,0,31492,0,5,0,0,0,0,31680,5
35,3939376531,8756,0,0,0,0,83480100,83595200,1666,0,0,0,0,31492,0,5,0,0,0,0,31680,5
36,2110688546,8757,0,0,0,0,83473400,83595250,1232,0,0,0,0,31172,0,5,0,0,0,0,31360,5
37,2695523007,8758,0,0,0,0,83476300,83596100,1854,0,0,0,0,31172,0,5,0,0,0,0,31360,5
38,744447992,8759,0,0,0,0,83478600,83596300,1728,0,0,0,0,31172,0,5,0,0,0,0,31360,5
39,3728640411,8760,0,0,0,0,83483750,83598300,1745,0,0,0,0,31172,0,5,0,0,0,0,31360,5
40,618879740,8761,0,0,0,0,83477250,83594550,53,0,0,0,0,31172,0,5,0,0,0,0,31360,5
41,1239708057,8762,0,0,0,0,82803450,83675950,1540,0,0,0,0,31172,0,5,0,0,0,0,31360,5
42,2429742208,8763,0,0,0,0,83406250,83521350,1444,0,0,0,0,31172,0,5,0,0,0,0,31360,5
43,412095716,8764,0,0,0,0,83010300,83593200,1536,0,0,0,0,31172,0,5,0,0,0,0,31360,5
44,1226741467,8765,0,0,0,0,83479850,83598450,1817,0,0,0,0,31172,0,5,0,0,0,0,31360,5
45,3288446148,8766,0,0,0,0,83480350,83595450,1756,0,0,0,0,31172,0,5,0,0,0,0,31360,5
46,1157984843,8767,0,0,0,0,83482750,83594000,1932,0,0,0,0,31172,0,5,0,0,0,0,31360,5
47,3877288378,8768,0,0,0,0,83483500,83598100,1847,0,0,0,0,31172,0,5,0,0,0,0,31360,5
48,4236526315,8769,0,0,0,0,83479750,83596900,1726,0,0,0,0,31172,0,5,0,0,0,0,31360,5
49,533834014,8770,0,0,0,0,83478800,83595450,1478,0,0,0,0,31172,0,5,0,0,0,0,31360,5
50,1649361089,8771,0,0,0,0,83486000,83599150,1629,0,0,0,0,31172,0,5,0,0,0,0,31360,5
51,2486981906,8772,0,0,0,0,83729800,83844400,1756,0,0,0,0,31172,0,5,0,0,0,0,31360,5
52,1706075277,8773,0,0,0,0,83231450,83350950,498,0,0,0,0,31172,0,5,0,0,0,0,31360,5
53,267972368,8774,0,0,0,0,83465600,83591150,1513,0,0,0,0,31172,0,5,0,0,0,0,31360,5
54,3895401273,8775,0,0,0,0,83487350,83599400,1811,0,0,0,0,31172,0,5,0,0,0,0,31360,5
55,605985656,8776,0,0,0,0,83482600,83596150,1227,0,0,0,0,31172,0,5,0,0,0,0,31360,5
56,4077673024,8777,0,0,0,0,83479400,83593800,1890,0,0,0,0,30852,0,5,0,0,0,0,31040,5
57,985632231,8778,0,0,0,0,83476900,83598150,1888,0,0,0,0,30852,0,5,0,0,0,0,31040,5
58,3720590956,8779,0,0,0,0,83478700,83595450,1764,0,0,0,0,30852,0,5,0,0,0,0,31040,5
59,3264032585,8780,0,0,0,0,83482250,83595500,1766,0,0,0,0,30852,0,5,0,0,0,0,31040,5
60,395405688,8781,0,0,0,0,83477650,83597000,1638,0,0,0,0,30852,0,5,0,0,0,0,31040,5
61,32142420,8782,0,0,0,0,83653950,83770900,1490,0,0,0,0,30852,0,5,0,0,0,0,31040,5
62,1187067055,8783,0,0,0,0,83306950,83422350,1949,0,0,0,0,30852,0,5,0,0,0,0,31040,5
63,459140908,8784,0,0,0,0,83484100,83598950,1602,0,0,0,0,30852,0,5,0,0,0,0,31040,5
64,3369786495,8785,0,0,0,0,82018850,83596200,1488,0,0,0,0,30852,0,5,0,0,0,0,31040,5
65,1572434254,8786,0,0,0,0,83477050,83595000,443,0,0,0,0,30852,0,5,0,0,0,0,31040,5
66,4107798823,8787,0,0,0,0,83480300,83594600,1879,0,0,0,0,30852,0,5,0,0,0,0,31040,5
67,343968250,8788,0,0,0,0,83486550,83597850,1524,0,0,0,0,30852,0,5,0,0,0,0,31040,5
68,3102454017,8789,0,0,0,0,83480700,83595900,1762,0,0,0,0,30852,0,5,0,0,0,0,31040,5
69,3051095563,8790,0,0,0,0,83484250,83597450,1803,0,0,0,0,30852,0,5,0,0,0,0,31040,5
70,2391331016,8791,0,0,0,0,83481300,83594850,1651,0,0,0,0,30852,0,5,0,0,0,0,31040,5
71,3869016117,8792,0,0,0,0,83667200,83780550,1735,0,0,0,0,30852,0,5,0,0,0,0,31040,5
72,1579800804,8793,0,0,0,0,83292750,83411300,1946,0,0,0,0,30852,0,5,0,0,0,0,31040,5
73,2792341157,8794,0,0,0,0,83484800,83599750,1397,0,0,0,0,30852,0,5,0,0,0,0,31040,5
74,714702942,8795,0,0,0,0,83485300,83597150,1798,0,0,0,0,30852,0,5,0,0,0,0,31040,5
75,1092538936,8796,0,0,0,0,83480600,83594450,1712,0,0,0,0,30852,0,5,0,0,0,0,31040,5
76,1561271239,8797,0,0,0,0,83483600,83594700,1876,0,0,0,0,31172,0,5,0,0,0,0,31360,5
77,3798074098,8798,0,0,0,0,83479700,83596500,289,0,0,0,0,31172,0,5,0,0,0,0,31360,5
78,3022639071,8799,0,0,0,0,83481750,83596800,1733,0,0,0,0,31172,0,5,0,0,0,0,31360,5
79,2282770062,8800,0,0,0,0,83481950,83595250,1618,0,0,0,0,30852,0,5,0,0,0,0,31040,5
80,1626512457,8801,0,0,0,0,83478500,83597800,1640,0,0,0,0,30852,0,5,0,0,0,0,31040,5
81,3156888026,8802,0,0,0,0,83694750,83812700,1781,0,0,0,0,30852,0,5,0,0,0,0,31040,5
82,3038824309,8803,0,0,0,0,83266400,83381200,1926,0,0,0,0,30852,0,5,0,0,0,0,31040,5
83,1261846460,8804,0,0,0,0,83480600,83596950,1638,0,0,0,0,30852,0,5,0,0,0,0,31040,5
84,2035201521,8805,0,0,0,0,83475500,83594050,1270,0,0,0,0,30852,0,5,0,0,0,0,31040,5
85,2164446652,8806,0,0,0,0,83478400,83599800,1532,0,0,0,0,30852,0,5,0,0,0,0,31040,5
86,2017191835,8807,0,0,0,0,83480150,83594650,1904,0,0,0,0,30852,0,5,0,0,0,0,31040,5
87,3029138484,8808,0,0,0,0,82728300,83597150,1810,0,0,0,0,30852,0,5,0,0,0,0,31040,5
88,50355403,8809,0,0,0,0,83477000,83593900,1746,0,0,0,0,30852,0,5,0,0,0,0,31040,5
89,654213990,8810,0,0,0,0,83485100,83600350,194,0,0,0,0,30852,0,5,0,0,0,0,31040,5
90,2360099787,8811,0,0,0,0,83484000,83595950,1664,0,0,0,0,30852,0,5,0,0,0,0,31040,5
91,2424818746,8812,0,0,0,0,83985700,84100400,1624,0,0,0,0,30852,0,5,0,0,0,0,31040,5
92,1971386461,8813,0,0,0,0,82958000,83089500,1732,0,0,0,0,30852,0,5,0,0,0,0,31040,5
93,3386045126,8814,0,0,0,0,83483100,83600100,1658,0,0,0,0,30852,0,5,0,0,0,0,31040,5
94,1429641961,8815,0,0,0,0,83480800,83594050,1719,0,0,0,0,30852,0,5,0,0,0,0,31040,5
95,3022846880,8816,0,0,0,0,83481000,83595150,1981,0,0,0,0,30852,0,5,0,0,0,0,31040,5
96,1601897261,8817,0,0,0,0,83484200,83598550,1895,0,0,0,0,30852,0,5,0,0,0,0,31040,5
97,1229951528,8818,0,0,0,0,83483350,83596600,1886,0,0,0,0,30852,0,5,0,0,0,0,31040,5
98,4065171759,8819,0,0,0,0,83484550,83597500,1402,0,0,0,0,30852,0,5,0,0,0,0,31040,5
99,1034325744,8820,0,0,0,0,83482650,83596850,1788,0,0,0,0,30852,0,5,0,0,0,0,31040,5
100,14078671,8821,0,0,0,0,83476700,83595000,1640,0,0,0,0,31172,0,5,0,0,0,0,31360,5
101,4024270554,8822,0,0,0,0,84082850,84199650,495,0,0,0,0,31172,0,5,0,0,0,0,31360,5
102,896191351,8823,0,0,0,0,82865850,82994600,1628,0,0,0,0,31172,0,5,0,0,0,0,31360,5
103,2131384102,8824,0,0,0,0,83479550,83594700,1792,0,0,0,0,30852,0,5,0,0,0,0,31040,5
104,2586210593,8825,0,0,0,0,83478350,83594050,1379,0,0,0,0,30852,0,5,0,0,0,0,31040,5
105,591918370,8826,0,0,0,0,83481200,83598550,1974,0,0,0,0,30852,0,5,0,0,0,0,31040,5
106,8814317,8827,0,0,0,0,83480900,83598000,1902,0,0,0,0,30852,0,5,0,0,0,0,31040,5
107,2340504196,8828,0,0,0,0,83478000,83592200,1845,0,0,0,0,30852,0,5,0,0,0,0,31040,5
108,3523076009,8829,0,0,0,0,83478550,83597750,1777,0,0,0,0,30852,0,5,0,0,0,0,31040,5
109,1961669028,8830,0,0,0,0,83480750,83598350,1783,0,0,0,0,30852,0,5,0,0,0,0,31040,5
110,1037581603,8831,0,0,0,0,83481400,83595700,1533,0,0,0,0,30852,0,5,0,0,0,0,31040,5
111,2701024588,8832,0,0,0,0,83064700,83926800,1603,0,0,0,0,30852,0,5,0,0,0,0,31040,5
112,215037203,8833,0,0,0,0,83151000,83263650,1878,0,0,0,0,30852,0,5,0,0,0,0,31040,5
113,3696282862,8834,0,0,0,0,83483100,83599800,1813,0,0,0,0,30852,0,5,0,0,0,0,31040,5
114,2829142928,8835,0,0,0,0,83484500,83595700,498,0,0,0,0,30852,0,5,0,0,0,0,31040,5
115,3204762949,8836,0,0,0,0,83486350,83596750,1962,0,0,0,0,30852,0,5,0,0,0,0,31040,5
116,3297489190,8837,0,0,0,0,83478700,83597000,1256,0,0,0,0,30852,0,5,0,0,0,0,31040,5
117,1691704917,8838,0,0,0,0,83480300,83594500,1824,0,0,0,0,30852,0,5,0,0,0,0,31040,5
118,663957814,8839,0,0,0,0,83483550,83596550,1759,0,0,0,0,30852,0,5,0,0,0,0,31040,5
119,3058583827,8840,0,0,0,0,83482850,83596950,1768,0,0,0,0,30852,0,5,0,0,0,0,31040,5
120,838545270,8841,0,0,0,0,83483850,83596700,1680,0,0,0,0,30852,0,5,0,0,0,0,31040,5
121,3608912039,8842,0,0,0,0,83841150,83957450,1827,0,0,0,0,30852,0,5,0,0,0,0,31040,5
122,4080159716,8843,0,0,0,0,83120600,83235800,1412,0,0,0,0,30852,0,5,0,0,0,0,31040,5
123,1056027075,8844,0,0,0,0,83479700,83594400,1811,0,0,0,0,30852,0,5,0,0,0,0,31040,5
124,4057021248,8845,0,0,0,0,83485350,83598600,1824,0,0,0,0,31172,0,5,0,0,0,0,31360,5
125,2686741161,8846,0,0,0,0,83483150,83595950,1955,0,0,0,0,31172,0,5,0,0,0,0,31360,5
126,3870849660,8847,0,0,0,0,83482500,83595450,326,0,0,0,0,31172,0,5,0,0,0,0,31360,5
127,293449641,8848,0,0,0,0,83480850,83596400,1757,0,0,0,0,30852,0,5,0,0,0,0,31040,5
128,596064266,8849,0,0,0,0,83476400,83597500,1379,0,0,0,0,30852,0,5,0,0,0,0,31040,5
129,3715495249,8850,0,0,0,0,83478200,83594800,1722,0,0,0,0,30852,0,5,0,0,0,0,31040,5
130,244680018,8851,0,0,0,0,83631700,83744750,1636,0,0,0,0,30852,0,5,0,0,0,0,31040,5
131,4080661783,8852,0,0,0,0,83326800,83449250,1840,0,0,0,0,30852,0,5,0,0,0,0,31040,5
132,4006730450,8853,0,0,0,0,83082150,83594850,1358,0,0,0,0,30852,0,5,0,0,0,0,31040,5
133,3864584507,8854,0,0,0,0,83477050,83597850,1803,0,0,0,0,30852,0,5,0,0,0,0,31040,5
134,2711027320,8855,0,0,0,0,81991250,83598600,1257,0,0,0,0,30852,0,5,0,0,0,0,31040,5
135,4099079087,8856,0,0,0,0,83481100,83596100,1923,0,0,0,0,30852,0,5,0,0,0,0,31040,5
136,565333772,8857,0,0,0,0,83480350,83596750,1889,0,0,0,0,30852,0,5,0,0,0,0,31040,5
137,1028518269,8858,0,0,0,0,83479300,83596750,1733,0,0,0,0,30852,0,5,0,0,0,0,31040,5
138,2252688136,8859,0,0,0,0,83478350,83592900,197,0,0,0,0,30852,0,5,0,0,0,0,31040,5
139,578597309,8860,0,0,0,0,83482150,83599150,1717,0,0,0,0,30852,0,5,0,0,0,0,31040,5
140,3624439358,8861,0,0,0,0,83564750,83679600,1267,0,0,0,0,30852,0,5,0,0,0,0,31040,5
141,3514067501,8862,0,0,0,0,83383450,83512900,1779,0,0,0,0,30852,0,5,0,0,0,0,31040,5
142,2741972910,8863,0,0,0,0,83060450,83594150,1592,0,0,0,0,30852,0,5,0,0,0,0,31040,5
143,28497579,8864,0,0,0,0,83477800,83595800,1801,0,0,0,0,30852,0,5,0,0,0,0,31040,5
144,466729326,8865,0,0,0,0,83485750,83599400,1844,0,0,0,0,30852,0,5,0,0,0,0,31040,5
145,3425349295,8866,0,0,0,0,83481900,83594350,1907,0,0,0,0,30852,0,5,0,0,0,0,31040,5
146,1537640620,8867,0,0,0,0,83484050,83599500,1897,0,0,0,0,30852,0,5,0,0,0,0,31040,5
147,1853842891,8868,0,0,0,0,83478600,83592550,1191,0,0,0,0,30852,0,5,0,0,0,0,31040,5
148,1177024904,8869,0,0,0,0,83482500,83599000,1743,0,0,0,0,31172,0,5,0,0,0,0,31360,5
149,4106734849,8870,0,0,0,0,83479950,83596900,1711,0,0,0,0,31172,0,5,0,0,0,0,31360,5
150,2025356500,8871,0,0,0,0,83888550,84002500,377,0,0,0,0,31172,0,5,0,0,0,0,31360,5
151,2189605121,8872,0,0,0,0,83068500,83188750,1701,0,0,0,0,30852,0,5,0,0,0,0,31040,5
152,4086136290,8873,0,0,0,0,83057050,83598800,1673,0,0,0,0,30852,0,5,0,0,0,0,31040,5
153,4036669705,8874,0,0,0,0,83471900,83592850,1408,0,0,0,0,30852,0,5,0,0,0,0,31040,5
154,4167980074,8875,0,0,0,0,83480450,83600300,1834,0,0,0,0,30852,0,5,0,0,0,0,31040,5
155,51187407,8876,0,0,0,0,83483200,83596300,1903,0,0,0,0,30852,0,5,0,0,0,0,31040,5
156,2242638442,8877,0,0,0,0,83475150,83596100,1914,0,0,0,0,30852,0,5,0,0,0,0,31040,5
157,2730108163,8878,0,0,0,0,82712850,83593600,1739,0,0,0,0,30852,0,5,0,0,0,0,31040,5
158,2718743917,8879,0,0,0,0,83481000,83597150,1769,0,0,0,0,30852,0,5,0,0,0,0,31040,5
159,3391709842,8880,0,0,0,0,83480150,83598350,1591,0,0,0,0,30852,0,5,0,0,0,0,31040,5
160,1164604273,8881,0,0,0,0,83576000,83692400,1667,0,0,0,0,30852,0,5,0,0,0,0,31040,5
161,2148591176,8882,0,0,0,0,83382850,83498450,1966,0,0,0,0,30852,0,5,0,0,0,0,31040,5
162,4192737573,8883,0,0,0,0,83482750,83597200,1816,0,0,0,0,30852,0,5,0,0,0,0,31040,5
163,535584840,8884,0,0,0,0,83484400,83598050,512,0,0,0,0,30852,0,5,0,0,0,0,31040,5
164,3430794475,8885,0,0,0,0,83471900,83592650,2009,0,0,0,0,30852,0,5,0,0,0,0,31040,5
165,776323552,8886,0,0,0,0,83482600,83597550,1256,0,0,0,0,30852,0,5,0,0,0,0,31040,5
166,3330991427,8887,0,0,0,0,83482450,83596500,1880,0,0,0,0,30852,0,5,0,0,0,0,31040,5
167,3282074430,8888,0,0,0,0,83482750,83596900,1753,0,0,0,0,30852,0,5,0,0,0,0,31040,5
168,2597814595,8889,0,0,0,0,83477350,83596950,1731,0,0,0,0,30852,0,5,0,0,0,0,31040,5
169,2225601370,8890,0,0,0,0,83481200,83597500,1762,0,0,0,0,30852,0,5,0,0,0,0,31040,5
170,3716853465,8891,0,0,0,0,83627450,83742000,1648,0,0,0,0,30852,0,5,0,0,0,0,31040,5
171,1080675697,8892,0,0,0,0,83335500,83449100,1615,0,0,0,0,30212,0,5,0,0,0,0,30400,5
172,219920238,8893,0,0,0,0,83479300,83594950,2178,0,0,0,0,30212,0,5,0,0,0,0,30400,5
173,3070385651,8894,0,0,0,0,83480200,83597450,2064,0,0,0,0,30212,0,5,0,0,0,0,30400,5
174,2609556270,8895,0,0,0,0,83479800,83597650,2122,0,0,0,0,30212,0,5,0,0,0,0,30400,5
175,141401383,8896,0,0,0,0,83482650,83595300,452,0,0,0,0,30212,0,5,0,0,0,0,30400,5
176,3034105280,8897,0,0,0,0,83479400,83598050,1972,0,0,0,0,30212,0,5,0,0,0,0,30400,5
177,3029196371,8898,0,0,0,0,83475850,83593550,1453,0,0,0,0,30212,0,5,0,0,0,0,30400,5
178,699378668,8899,0,0,0,0,83484600,83597200,1906,0,0,0,0,30212,0,5,0,0,0,0,30400,5
179,2402609405,8900,0,0,0,0,83478050,83595900,2053,0,0,0,0,30212,0,5,0,0,0,0,30400,5
CSV_END

STUDY_DONE_e00afed8c64b=0
# 