/tmp/app-lto --transport unrolled --state-frame 0 --frames 180 --warmup 30 --wait spin --profile frame --csv /tmp/transport-frames.csv --grouped && printf "CSV_BEGIN\n" && cat /tmp/transport-frames.csv && printf "CSV_END\n"; study_status=$?; printf "\nSTUDY_DONE_381feeeeb667=%s\n" "$study_status"
TRANSPORT mode=unrolled dma_minimum=64
BEGIN_BREAKOUT frames=180 warmup=30 fixed=0 blocks=40 tiles=1 hud=1 wait=spin replay=0 state_frame=0 profile=frame pixel_centers=1 clock_call_ns=4657
HW_COUNTERS unavailable
RESULT frames=180 elapsed_s=9.145424050 fps=19.681974 logic_ms=0.000000 api_ms=0.000000 swap_ms=0.000000 wait_ms=0.000000 worker_inclusive_ms=0.000000 upload_inclusive_ms=0.000000 write_ms=0.000000 bytes_per_frame=30951.56 p50_ms=50.158200 p95_ms=50.745050 max_ms=66.886300 late_60hz=180 first_count=33713 last_count=33892 state_hash=8f34e8fd remaining=38 score=20
RENDER_PATH retained=0 grouped=1 quads=13131 full_frames=180
BREAKOUT_PASS
CSV_BEGIN
frame,state_hash,display_count,logic_ns,api_ns,swap_ns,wait_ns,total_ns,completion_interval_ns,polls,worker_inclusive_ns,upload_inclusive_ns,write_ns,read_ns,write_bytes,read_bytes,write_calls,read_calls,dma_copy_ns,dma_launch_ns,dma_completion_wait_ns,dma_bytes,dma_lists
0,3724779174,33713,0,0,0,0,50123150,50134700,1084,0,0,0,0,31172,0,5,0,0,0,0,0,0
1,1709657109,33714,0,0,0,0,50049000,50153550,1091,0,0,0,0,31172,0,5,0,0,0,0,0,0
2,1894904752,33715,0,0,0,0,50052950,50157900,972,0,0,0,0,31172,0,5,0,0,0,0,0,0
3,3703759967,33716,0,0,0,0,50053450,50157800,1104,0,0,0,0,31172,0,5,0,0,0,0,0,0
4,19533624,33717,0,0,0,0,50057600,50159050,985,0,0,0,0,31172,0,5,0,0,0,0,0,0
5,816884773,33718,0,0,0,0,50056400,50158750,684,0,0,0,0,31172,0,5,0,0,0,0,0,0
6,1339236364,33719,0,0,0,0,50061350,50165250,939,0,0,0,0,31172,0,5,0,0,0,0,0,0
7,3072959373,33720,0,0,0,0,50051400,50149650,1008,0,0,0,0,31172,0,5,0,0,0,0,0,0
8,1782884746,33721,0,0,0,0,50056250,50157550,981,0,0,0,0,31172,0,5,0,0,0,0,0,0
9,30296781,33722,0,0,0,0,50058450,50160800,1060,0,0,0,0,31492,0,5,0,0,0,0,0,0
10,4026418858,33723,0,0,0,0,49621950,50154150,979,0,0,0,0,31492,0,5,0,0,0,0,0,0
11,2084929051,33724,0,0,0,0,50216250,50323300,948,0,0,0,0,31492,0,5,0,0,0,0,0,0
12,3114489770,33725,0,0,0,0,49887800,49993400,1067,0,0,0,0,31172,0,5,0,0,0,0,0,0
13,891400471,33726,0,0,0,0,50054200,50160950,1094,0,0,0,0,31172,0,5,0,0,0,0,0,0
14,3472773456,33727,0,0,0,0,49329550,50156300,1008,0,0,0,0,31172,0,5,0,0,0,0,0,0
15,3010688243,33728,0,0,0,0,50070900,50174300,782,0,0,0,0,31172,0,5,0,0,0,0,0,0
16,2819524756,33729,0,0,0,0,50031700,50141950,836,0,0,0,0,31172,0,5,0,0,0,0,0,0
17,3241678401,33730,0,0,0,0,50053450,50155150,948,0,0,0,0,31172,0,5,0,0,0,0,0,0
18,2154316504,33731,0,0,0,0,50051500,50159000,1191,0,0,0,0,31172,0,5,0,0,0,0,0,0
19,772262681,33732,0,0,0,0,66783200,66886300,2585,0,0,0,0,31172,0,5,0,0,0,0,0,0
20,3882818750,33733,0,0,0,0,50040900,50151100,1023,0,0,0,0,31172,0,5,0,0,0,0,0,0
21,521131153,33734,0,0,0,0,50051400,50154250,1107,0,0,0,0,31172,0,5,0,0,0,0,0,0
22,1838187414,33735,0,0,0,0,50052950,50157550,1012,0,0,0,0,31172,0,5,0,0,0,0,0,0
23,840574439,33736,0,0,0,0,50056150,50160550,1037,0,0,0,0,31172,0,5,0,0,0,0,0,0
24,2879461878,33737,0,0,0,0,50052550,50155600,949,0,0,0,0,31172,0,5,0,0,0,0,0,0
25,202086035,33738,0,0,0,0,50055750,50158500,829,0,0,0,0,31172,0,5,0,0,0,0,0,0
26,959703924,33739,0,0,0,0,50051400,50158400,932,0,0,0,0,31172,0,5,0,0,0,0,0,0
27,3795724423,33740,0,0,0,0,50052500,50158300,1200,0,0,0,0,31172,0,5,0,0,0,0,0,0
28,2500539904,33741,0,0,0,0,50064250,50165800,881,0,0,0,0,31172,0,5,0,0,0,0,0,0
29,2269000541,33742,0,0,0,0,50052100,50149250,1130,0,0,0,0,31172,0,5,0,0,0,0,0,0
30,1900681108,33743,0,0,0,0,50057250,50160300,955,0,0,0,0,31172,0,5,0,0,0,0,0,0
31,3680168245,33744,0,0,0,0,50324950,50427900,1034,0,0,0,0,31172,0,5,0,0,0,0,0,0
32,2344329490,33745,0,0,0,0,49780650,49885200,996,0,0,0,0,31172,0,5,0,0,0,0,0,0
33,2130650181,33746,0,0,0,0,50134100,50240000,1046,0,0,0,0,31492,0,5,0,0,0,0,0,0
34,906966818,33747,0,0,0,0,49964000,50074700,749,0,0,0,0,31492,0,5,0,0,0,0,0,0
35,3939376531,33748,0,0,0,0,50051400,50157450,928,0,0,0,0,31492,0,5,0,0,0,0,0,0
36,2110688546,33749,0,0,0,0,50053300,50160050,644,0,0,0,0,31172,0,5,0,0,0,0,0,0
37,2695523007,33750,0,0,0,0,49338400,50157100,774,0,0,0,0,31172,0,5,0,0,0,0,0,0
38,744447992,33751,0,0,0,0,50051300,50157050,1169,0,0,0,0,31172,0,5,0,0,0,0,0,0
39,3728640411,33752,0,0,0,0,50187550,50290450,0,0,0,0,0,31172,0,5,0,0,0,0,0,0
40,618879740,33753,0,0,0,0,49923100,50024100,554,0,0,0,0,31172,0,5,0,0,0,0,0,0
41,1239708057,33754,0,0,0,0,50060100,50159600,950,0,0,0,0,31172,0,5,0,0,0,0,0,0
42,2429742208,33755,0,0,0,0,50055750,50158500,1057,0,0,0,0,31172,0,5,0,0,0,0,0,0
43,412095716,33756,0,0,0,0,49615000,50156650,963,0,0,0,0,31172,0,5,0,0,0,0,0,0
44,1226741467,33757,0,0,0,0,50250450,50352900,881,0,0,0,0,31172,0,5,0,0,0,0,0,0
45,3288446148,33758,0,0,0,0,49860900,49963850,1046,0,0,0,0,31172,0,5,0,0,0,0,0,0
46,1157984843,33759,0,0,0,0,50053600,50157550,655,0,0,0,0,31172,0,5,0,0,0,0,0,0
47,3877288378,33760,0,0,0,0,50056550,50161050,1100,0,0,0,0,31172,0,5,0,0,0,0,0,0
48,4236526315,33761,0,0,0,0,50054550,50157750,880,0,0,0,0,31172,0,5,0,0,0,0,0,0
49,533834014,33762,0,0,0,0,50058000,50162350,1150,0,0,0,0,31172,0,5,0,0,0,0,0,0
50,1649361089,33763,0,0,0,0,50056300,50153200,968,0,0,0,0,31172,0,5,0,0,0,0,0,0
51,2486981906,33764,0,0,0,0,50049150,50153700,1156,0,0,0,0,31172,0,5,0,0,0,0,0,0
52,1706075277,33765,0,0,0,0,50059900,50161100,853,0,0,0,0,31172,0,5,0,0,0,0,0,0
53,267972368,33766,0,0,0,0,50052850,50158200,1187,0,0,0,0,31172,0,5,0,0,0,0,0,0
54,3895401273,33767,0,0,0,0,50057450,50163200,944,0,0,0,0,31172,0,5,0,0,0,0,0,0
55,605985656,33768,0,0,0,0,50052100,50150650,1052,0,0,0,0,31172,0,5,0,0,0,0,0,0
56,4077673024,33769,0,0,0,0,49622600,50158650,666,0,0,0,0,30852,0,5,0,0,0,0,0,0
57,985632231,33770,0,0,0,0,50194750,50299000,1007,0,0,0,0,30852,0,5,0,0,0,0,0,0
58,3720590956,33771,0,0,0,0,49908650,50014700,1047,0,0,0,0,30852,0,5,0,0,0,0,0,0
59,3264032585,33772,0,0,0,0,50051550,50160650,1053,0,0,0,0,30852,0,5,0,0,0,0,0,0
60,395405688,33773,0,0,0,0,66770000,66875650,2799,0,0,0,0,30852,0,5,0,0,0,0,0,0
61,32142420,33774,0,0,0,0,48624750,50156950,836,0,0,0,0,30852,0,5,0,0,0,0,0,0
62,1187067055,33775,0,0,0,0,50056700,50160000,1202,0,0,0,0,30852,0,5,0,0,0,0,0,0
63,459140908,33776,0,0,0,0,50054650,50159150,962,0,0,0,0,30852,0,5,0,0,0,0,0,0
64,3369786495,33777,0,0,0,0,50642400,50745050,1052,0,0,0,0,30852,0,5,0,0,0,0,0,0
65,1572434254,33778,0,0,0,0,49465000,49569050,977,0,0,0,0,30852,0,5,0,0,0,0,0,0
66,4107798823,33779,0,0,0,0,50153350,50256900,585,0,0,0,0,30852,0,5,0,0,0,0,0,0
67,343968250,33780,0,0,0,0,49953450,50056950,1044,0,0,0,0,30852,0,5,0,0,0,0,0,0
68,3102454017,33781,0,0,0,0,50057100,50160300,1087,0,0,0,0,30852,0,5,0,0,0,0,0,0
69,3051095563,33782,0,0,0,0,50056050,50158950,1058,0,0,0,0,30852,0,5,0,0,0,0,0,0
70,2391331016,33783,0,0,0,0,50059350,50157700,975,0,0,0,0,30852,0,5,0,0,0,0,0,0
71,3869016117,33784,0,0,0,0,50057200,50164100,1163,0,0,0,0,30852,0,5,0,0,0,0,0,0
72,1579800804,33785,0,0,0,0,50051800,50147250,933,0,0,0,0,30852,0,5,0,0,0,0,0,0
73,2792341157,33786,0,0,0,0,50056650,50160650,1026,0,0,0,0,30852,0,5,0,0,0,0,0,0
74,714702942,33787,0,0,0,0,50055900,50158650,980,0,0,0,0,30852,0,5,0,0,0,0,0,0
75,1092538936,33788,0,0,0,0,50050200,50156350,1103,0,0,0,0,30852,0,5,0,0,0,0,0,0
76,1561271239,33789,0,0,0,0,50053050,50155950,614,0,0,0,0,31172,0,5,0,0,0,0,0,0
77,3798074098,33790,0,0,0,0,50327800,50429050,1022,0,0,0,0,31172,0,5,0,0,0,0,0,0
78,3022639071,33791,0,0,0,0,49783300,49888600,1059,0,0,0,0,31172,0,5,0,0,0,0,0,0
79,2282770062,33792,0,0,0,0,50053950,50159450,1077,0,0,0,0,30852,0,5,0,0,0,0,0,0
80,1626512457,33793,0,0,0,0,66769750,66876550,2911,0,0,0,0,30852,0,5,0,0,0,0,0,0
81,3156888026,33794,0,0,0,0,50050600,50156350,868,0,0,0,0,30852,0,5,0,0,0,0,0,0
82,3038824309,33795,0,0,0,0,50049450,50158550,1237,0,0,0,0,30852,0,5,0,0,0,0,0,0
83,1261846460,33796,0,0,0,0,50050650,50157900,960,0,0,0,0,30852,0,5,0,0,0,0,0,0
84,2035201521,33797,0,0,0,0,49329200,50156800,849,0,0,0,0,30852,0,5,0,0,0,0,0,0
85,2164446652,33798,0,0,0,0,49635700,50159600,962,0,0,0,0,30852,0,5,0,0,0,0,0,0
86,2017191835,33799,0,0,0,0,50244200,50347300,665,0,0,0,0,30852,0,5,0,0,0,0,0,0
87,3029138484,33800,0,0,0,0,49863100,49965600,1073,0,0,0,0,30852,0,5,0,0,0,0,0,0
88,50355403,33801,0,0,0,0,50059150,50160150,1095,0,0,0,0,30852,0,5,0,0,0,0,0,0
89,654213990,33802,0,0,0,0,50055600,50158100,1071,0,0,0,0,30852,0,5,0,0,0,0,0,0
90,2360099787,33803,0,0,0,0,50054150,50157500,951,0,0,0,0,30852,0,5,0,0,0,0,0,0
91,2424818746,33804,0,0,0,0,50055300,50159250,1138,0,0,0,0,30852,0,5,0,0,0,0,0,0
92,1971386461,33805,0,0,0,0,50053500,50154700,844,0,0,0,0,30852,0,5,0,0,0,0,0,0
93,3386045126,33806,0,0,0,0,50056450,50157350,1094,0,0,0,0,30852,0,5,0,0,0,0,0,0
94,1429641961,33807,0,0,0,0,50057650,50160400,954,0,0,0,0,30852,0,5,0,0,0,0,0,0
95,3022846880,33808,0,0,0,0,50051900,50156450,1190,0,0,0,0,30852,0,5,0,0,0,0,0,0
96,1601897261,33809,0,0,0,0,50058800,50161250,718,0,0,0,0,30852,0,5,0,0,0,0,0,0
97,1229951528,33810,0,0,0,0,50457450,50559900,1004,0,0,0,0,30852,0,5,0,0,0,0,0,0
98,4065171759,33811,0,0,0,0,49648050,49754000,1032,0,0,0,0,30852,0,5,0,0,0,0,0,0
99,1034325744,33812,0,0,0,0,50127150,50231200,1056,0,0,0,0,30852,0,5,0,0,0,0,0,0
100,14078671,33813,0,0,0,0,66702300,66805300,2732,0,0,0,0,31172,0,5,0,0,0,0,0,0
101,4024270554,33814,0,0,0,0,50060000,50163000,865,0,0,0,0,31172,0,5,0,0,0,0,0,0
102,896191351,33815,0,0,0,0,50055000,50152800,1198,0,0,0,0,31172,0,5,0,0,0,0,0,0
103,2131384102,33816,0,0,0,0,50057900,50163350,937,0,0,0,0,30852,0,5,0,0,0,0,0,0
104,2586210593,33817,0,0,0,0,50053800,50150300,1095,0,0,0,0,30852,0,5,0,0,0,0,0,0
105,591918370,33818,0,0,0,0,50053450,50155700,903,0,0,0,0,30852,0,5,0,0,0,0,0,0
106,8814317,33819,0,0,0,0,50355600,50462350,660,0,0,0,0,30852,0,5,0,0,0,0,0,0
107,2340504196,33820,0,0,0,0,49028750,49857850,935,0,0,0,0,30852,0,5,0,0,0,0,0,0
108,3523076009,33821,0,0,0,0,50052400,50154100,1043,0,0,0,0,30852,0,5,0,0,0,0,0,0
109,1961669028,33822,0,0,0,0,50055700,50158600,1052,0,0,0,0,30852,0,5,0,0,0,0,0,0
110,1037581603,33823,0,0,0,0,50051700,50157200,978,0,0,0,0,30852,0,5,0,0,0,0,0,0
111,2701024588,33824,0,0,0,0,50056000,50160000,1123,0,0,0,0,30852,0,5,0,0,0,0,0,0
112,215037203,33825,0,0,0,0,50835400,50937250,843,0,0,0,0,30852,0,5,0,0,0,0,0,0
113,3696282862,33826,0,0,0,0,49260650,49378750,884,0,0,0,0,30852,0,5,0,0,0,0,0,0
114,2829142928,33827,0,0,0,0,50053400,50156350,853,0,0,0,0,30852,0,5,0,0,0,0,0,0
115,3204762949,33828,0,0,0,0,50055050,50159300,1193,0,0,0,0,30852,0,5,0,0,0,0,0,0
116,3297489190,33829,0,0,0,0,50054200,50156350,536,0,0,0,0,30852,0,5,0,0,0,0,0,0
117,1691704917,33830,0,0,0,0,50056800,50157700,1173,0,0,0,0,30852,0,5,0,0,0,0,0,0
118,663957814,33831,0,0,0,0,50055400,50157750,996,0,0,0,0,30852,0,5,0,0,0,0,0,0
119,3058583827,33832,0,0,0,0,50257000,50359650,1064,0,0,0,0,30852,0,5,0,0,0,0,0,0
120,838545270,33833,0,0,0,0,66572900,66675350,2744,0,0,0,0,30852,0,5,0,0,0,0,0,0
121,3608912039,33834,0,0,0,0,50053650,50156500,943,0,0,0,0,30852,0,5,0,0,0,0,0,0
122,4080159716,33835,0,0,0,0,50055750,50161300,1141,0,0,0,0,30852,0,5,0,0,0,0,0,0
123,1056027075,33836,0,0,0,0,50051250,50156200,934,0,0,0,0,30852,0,5,0,0,0,0,0,0
124,4057021248,33837,0,0,0,0,50055550,50159600,1217,0,0,0,0,31172,0,5,0,0,0,0,0,0
125,2686741161,33838,0,0,0,0,50054550,50158100,948,0,0,0,0,31172,0,5,0,0,0,0,0,0
126,3870849660,33839,0,0,0,0,50641250,50746350,645,0,0,0,0,31172,0,5,0,0,0,0,0,0
127,293449641,33840,0,0,0,0,49468850,49566950,1010,0,0,0,0,30852,0,5,0,0,0,0,0,0
128,596064266,33841,0,0,0,0,50118300,50220700,1066,0,0,0,0,30852,0,5,0,0,0,0,0,0
129,3715495249,33842,0,0,0,0,49987100,50093750,1078,0,0,0,0,30852,0,5,0,0,0,0,0,0
130,244680018,33843,0,0,0,0,49325800,50158600,682,0,0,0,0,30852,0,5,0,0,0,0,0,0
131,4080661783,33844,0,0,0,0,50052300,50157800,1097,0,0,0,0,30852,0,5,0,0,0,0,0,0
132,4006730450,33845,0,0,0,0,50057500,50158700,625,0,0,0,0,30852,0,5,0,0,0,0,0,0
133,3864584507,33846,0,0,0,0,50055650,50157150,1155,0,0,0,0,30852,0,5,0,0,0,0,0,0
134,2711027320,33847,0,0,0,0,50055000,50157950,884,0,0,0,0,30852,0,5,0,0,0,0,0,0
135,4099079087,33848,0,0,0,0,50054500,50156900,1181,0,0,0,0,30852,0,5,0,0,0,0,0,0
136,565333772,33849,0,0,0,0,50057200,50159000,754,0,0,0,0,30852,0,5,0,0,0,0,0,0
137,1028518269,33850,0,0,0,0,50059100,50160450,1167,0,0,0,0,30852,0,5,0,0,0,0,0,0
138,2252688136,33851,0,0,0,0,50063400,50165800,932,0,0,0,0,30852,0,5,0,0,0,0,0,0
139,578597309,33852,0,0,0,0,50376650,50474850,1066,0,0,0,0,30852,0,5,0,0,0,0,0,0
140,3624439358,33853,0,0,0,0,66446550,66548700,2846,0,0,0,0,30852,0,5,0,0,0,0,0,0
141,3514067501,33854,0,0,0,0,50054700,50158800,963,0,0,0,0,30852,0,5,0,0,0,0,0,0
142,2741972910,33855,0,0,0,0,50048900,50156650,1142,0,0,0,0,30852,0,5,0,0,0,0,0,0
143,28497579,33856,0,0,0,0,50055100,50157900,919,0,0,0,0,30852,0,5,0,0,0,0,0,0
144,466729326,33857,0,0,0,0,50061400,50160800,1227,0,0,0,0,30852,0,5,0,0,0,0,0,0
145,3425349295,33858,0,0,0,0,50055950,50157350,951,0,0,0,0,30852,0,5,0,0,0,0,0,0
146,1537640620,33859,0,0,0,0,50055150,50157650,630,0,0,0,0,30852,0,5,0,0,0,0,0,0
147,1853842891,33860,0,0,0,0,49534650,50158100,994,0,0,0,0,30852,0,5,0,0,0,0,0,0
148,1177024904,33861,0,0,0,0,50241500,50345100,1058,0,0,0,0,31172,0,5,0,0,0,0,0,0
149,4106734849,33862,0,0,0,0,49864550,49968350,1031,0,0,0,0,31172,0,5,0,0,0,0,0,0
150,2025356500,33863,0,0,0,0,50054450,50161350,907,0,0,0,0,31172,0,5,0,0,0,0,0,0
151,2189605121,33864,0,0,0,0,50049000,50154850,1106,0,0,0,0,30852,0,5,0,0,0,0,0,0
152,4086136290,33865,0,0,0,0,50053400,50158700,956,0,0,0,0,30852,0,5,0,0,0,0,0,0
153,4036669705,33866,0,0,0,0,50055500,50160300,1132,0,0,0,0,30852,0,5,0,0,0,0,0,0
154,4167980074,33867,0,0,0,0,49327050,50157600,670,0,0,0,0,30852,0,5,0,0,0,0,0,0
155,51187407,33868,0,0,0,0,50049900,50154050,1159,0,0,0,0,30852,0,5,0,0,0,0,0,0
156,2242638442,33869,0,0,0,0,50060000,50161150,609,0,0,0,0,30852,0,5,0,0,0,0,0,0
157,2730108163,33870,0,0,0,0,50049350,50158600,1135,0,0,0,0,30852,0,5,0,0,0,0,0,0
158,2718743917,33871,0,0,0,0,50054450,50157350,973,0,0,0,0,30852,0,5,0,0,0,0,0,0
159,3391709842,33872,0,0,0,0,50051400,50155650,1023,0,0,0,0,30852,0,5,0,0,0,0,0,0
160,1164604273,33873,0,0,0,0,66347900,66875700,2872,0,0,0,0,30852,0,5,0,0,0,0,0,0
161,2148591176,33874,0,0,0,0,50055250,50161500,952,0,0,0,0,30852,0,5,0,0,0,0,0,0
162,4192737573,33875,0,0,0,0,50053150,50157100,1069,0,0,0,0,30852,0,5,0,0,0,0,0,0
163,535584840,33876,0,0,0,0,50050800,50155850,916,0,0,0,0,30852,0,5,0,0,0,0,0,0
164,3430794475,33877,0,0,0,0,50051050,50158000,1206,0,0,0,0,30852,0,5,0,0,0,0,0,0
165,776323552,33878,0,0,0,0,50058650,50159900,940,0,0,0,0,30852,0,5,0,0,0,0,0,0
166,3330991427,33879,0,0,0,0,50055750,50158300,658,0,0,0,0,30852,0,5,0,0,0,0,0,0
167,3282074430,33880,0,0,0,0,50049200,50154500,918,0,0,0,0,30852,0,5,0,0,0,0,0,0
168,2597814595,33881,0,0,0,0,50362000,50463400,1102,0,0,0,0,30852,0,5,0,0,0,0,0,0
169,2225601370,33882,0,0,0,0,49750600,49853150,989,0,0,0,0,30852,0,5,0,0,0,0,0,0
170,3716853465,33883,0,0,0,0,50070900,50177750,1041,0,0,0,0,30852,0,5,0,0,0,0,0,0
171,1080675697,33884,0,0,0,0,50034150,50139750,1104,0,0,0,0,30212,0,5,0,0,0,0,0,0
172,219920238,33885,0,0,0,0,50054650,50156500,1254,0,0,0,0,30212,0,5,0,0,0,0,0,0
173,3070385651,33886,0,0,0,0,50054450,50157350,1195,0,0,0,0,30212,0,5,0,0,0,0,0,0
174,2609556270,33887,0,0,0,0,50055400,50159800,1188,0,0,0,0,30212,0,5,0,0,0,0,0,0
175,141401383,33888,0,0,0,0,50048400,50155300,1169,0,0,0,0,30212,0,5,0,0,0,0,0,0
176,3034105280,33889,0,0,0,0,50057900,50162250,976,0,0,0,0,30212,0,5,0,0,0,0,0,0
177,3029196371,33890,0,0,0,0,50045300,50153300,956,0,0,0,0,30212,0,5,0,0,0,0,0,0
178,699378668,33891,0,0,0,0,50059300,50161800,1065,0,0,0,0,30212,0,5,0,0,0,0,0,0
179,2402609405,33892,0,0,0,0,50048000,50155950,1173,0,0,0,0,30212,0,5,0,0,0,0,0,0
CSV_END

STUDY_DONE_381feeeeb667=0
# 