/tmp/app-lto --transport apb --state-frame 0 --frames 180 --warmup 30 --wait spin --profile detailed --csv /tmp/transport-frames.csv --replay && printf "CSV_BEGIN\n" && cat /tmp/transport-frames.csv && printf "CSV_END\n"; study_status=$?; printf "\nSTUDY_DONE_9d7e3d2782a3=%s\n" "$study_status"
TRANSPORT mode=apb dma_minimum=64
BEGIN_BREAKOUT frames=180 warmup=30 fixed=1 blocks=40 tiles=1 hud=1 wait=spin replay=1 state_frame=0 profile=detailed pixel_centers=1 clock_call_ns=5281
HW_COUNTERS unavailable
RESULT frames=180 elapsed_s=3.042870500 fps=59.154670 logic_ms=0.900738 api_ms=0.007710 swap_ms=11.060624 wait_ms=4.781188 worker_inclusive_ms=0.000000 upload_inclusive_ms=0.000000 write_ms=7.052635 bytes_per_frame=34372.00 p50_ms=16.719500 p95_ms=17.010000 max_ms=33.443150 late_60hz=162 first_count=16565 last_count=16744 state_hash=de3c9d08 remaining=40 score=0
RENDER_PATH retained=0 grouped=0 quads=0 full_frames=0
BREAKOUT_PASS
CSV_BEGIN
frame,state_hash,display_count,logic_ns,api_ns,swap_ns,wait_ns,total_ns,completion_interval_ns,polls,worker_inclusive_ns,upload_inclusive_ns,write_ns,read_ns,write_bytes,read_bytes,write_calls,read_calls,dma_copy_ns,dma_launch_ns,dma_completion_wait_ns,dma_bytes,dma_lists
0,3728514312,16565,793250,8500,11069650,4798000,16669400,16679300,939,0,0,7135050,0,34372,0,5,0,0,0,0,0,0
1,3728514312,16566,746450,5850,11191450,4666950,16610700,16719100,895,0,0,7289700,0,34372,0,5,0,0,0,0,0,0
2,3728514312,16567,1970300,10250,10647350,3205250,15833150,16715800,540,0,0,6580800,0,34372,0,5,0,0,0,0,0,0
3,3728514312,16568,1427300,7600,10376800,4799300,16611000,16724200,894,0,0,7119050,0,34372,0,5,0,0,0,0,0,0
4,3728514312,16569,1207000,11300,10431750,4953200,16603250,16716250,845,0,0,6386300,0,34372,0,5,0,0,0,0,0,0
5,3728514312,16570,747000,7400,10394850,5462000,16611250,16719750,919,0,0,6341600,0,34372,0,5,0,0,0,0,0,0
6,3728514312,16571,776250,8500,11190200,4635500,16610450,16720400,899,0,0,7879950,0,34372,0,5,0,0,0,0,0,0
7,3728514312,16572,750250,7400,11196150,4657150,16610950,16720000,885,0,0,7317600,0,34372,0,5,0,0,0,0,0,0
8,3728514312,16573,767600,8500,11129950,4712050,16618100,16715450,863,0,0,6522900,0,34372,0,5,0,0,0,0,0,0
9,3728514312,16574,3980200,12250,15386000,13956100,33334550,33443150,2621,0,0,9062500,0,34372,0,5,0,0,0,0,0,0
10,3728514312,16575,802800,8500,11107600,4683750,16602650,16716800,883,0,0,7153500,0,34372,0,5,0,0,0,0,0,0
11,3728514312,16576,755200,7300,11214600,4629950,16607050,16721400,885,0,0,7307650,0,34372,0,5,0,0,0,0,0,0
12,3728514312,16577,757200,8500,11225950,4611650,16603300,16717650,865,0,0,7219950,0,34372,0,5,0,0,0,0,0,0
13,3728514312,16578,749350,7300,11251550,4602850,16611050,16721600,834,0,0,6464150,0,34372,0,5,0,0,0,0,0,0
14,3728514312,16579,1424750,11400,10475400,4693850,16605400,16716250,786,0,0,6425150,0,34372,0,5,0,0,0,0,0,0
15,3728514312,16580,754600,7300,10456500,5394800,16613200,16722700,935,0,0,6389250,0,34372,0,5,0,0,0,0,0,0
16,3728514312,16581,769750,8500,11167500,4656650,16602400,16715400,903,0,0,7854650,0,34372,0,5,0,0,0,0,0,0
17,3728514312,16582,745700,7300,11339000,4521100,16613100,16720200,856,0,0,7454950,0,34372,0,5,0,0,0,0,0,0
18,3728514312,16583,778300,8500,11137450,4702950,16627200,16722650,886,0,0,7176700,0,34372,0,5,0,0,0,0,0,0
19,3728514312,16584,1362200,7600,10419800,5095600,16885200,16994050,874,0,0,6439300,0,34372,0,5,0,0,0,0,0,0
20,3728514312,16585,765200,8500,10664750,4891850,16330300,16440800,831,0,0,6450850,0,34372,0,5,0,0,0,0,0,0
21,3728514312,16586,755850,7300,11017750,4844700,16625600,16722600,951,0,0,6306250,0,34372,0,5,0,0,0,0,0,0
22,3728514312,16587,768950,8500,11280450,4551350,16609250,16718750,876,0,0,7996300,0,34372,0,5,0,0,0,0,0,0
23,3728514312,16588,738200,7350,11341700,4522200,16609450,16715700,841,0,0,8129050,0,34372,0,5,0,0,0,0,0,0
24,3728514312,16589,780600,8500,11060700,4778300,16628100,16723500,902,0,0,6507800,0,34372,0,5,0,0,0,0,0,0
25,3728514312,16590,826600,5750,11176050,3542850,15551250,17014050,599,0,0,7862750,0,34372,0,5,0,0,0,0,0,0
26,3728514312,16591,766550,8500,11319400,4218850,16313300,16420800,818,0,0,6405800,0,34372,0,5,0,0,0,0,0,0
27,3728514312,16592,758400,7550,11080250,4776700,16622900,16720150,931,0,0,7770700,0,34372,0,5,0,0,0,0,0,0
28,3728514312,16593,760350,8500,11265700,4588750,16623300,16720650,871,0,0,7338950,0,34372,0,5,0,0,0,0,0,0
29,3728514312,16594,741700,7300,13412400,2444750,16606150,16715100,519,0,0,6476050,0,34372,0,5,0,0,0,0,0,0
30,3728514312,16595,1487850,8750,10473550,5015850,16986000,17094300,864,0,0,6466100,0,34372,0,5,0,0,0,0,0,0
31,3728514312,16596,757300,7500,10409000,5061900,16235700,16348450,865,0,0,6368100,0,34372,0,5,0,0,0,0,0,0
32,3728514312,16597,761250,8500,11213300,4616250,16599300,16717250,895,0,0,6490900,0,34372,0,5,0,0,0,0,0,0
33,3728514312,16598,761700,7400,11107750,4732150,16609000,16719850,914,0,0,7825650,0,34372,0,5,0,0,0,0,0,0
34,3728514312,16599,750150,8500,11274500,4576550,16609700,16721250,859,0,0,8021000,0,34372,0,5,0,0,0,0,0,0
35,3728514312,16600,754350,7500,11016200,4825900,16603950,16716650,876,0,0,6467850,0,34372,0,5,0,0,0,0,0,0
36,3728514312,16601,1332750,11500,10466800,4849700,16660750,16772600,821,0,0,6463000,0,34372,0,5,0,0,0,0,0,0
37,3728514312,16602,750700,7400,10397950,5400800,16556850,16666350,937,0,0,6367750,0,34372,0,5,0,0,0,0,0,0
38,3728514312,16603,759750,8500,11490850,4346300,16605400,16719500,804,0,0,7251000,0,34372,0,5,0,0,0,0,0,0
39,3728514312,16604,759750,7400,11235100,4606250,16608500,16720450,880,0,0,7308850,0,34372,0,5,0,0,0,0,0,0
40,3728514312,16605,753000,8500,11155550,4692600,16609650,16720400,883,0,0,7178850,0,34372,0,5,0,0,0,0,0,0
41,3728514312,16606,1342500,7500,10361150,4895700,16606850,16717800,913,0,0,7117200,0,34372,0,5,0,0,0,0,0,0
42,3728514312,16607,775000,8500,10472750,4793700,16049950,16719650,805,0,0,6415900,0,34372,0,5,0,0,0,0,0,0
43,3728514312,16608,752950,7400,10383200,5466200,16609750,16719650,948,0,0,6364450,0,34372,0,5,0,0,0,0,0,0
44,3728514312,16609,761450,8500,11166350,4666500,16602800,16717950,903,0,0,7862150,0,34372,0,5,0,0,0,0,0,0
45,3728514312,16610,742250,7400,11307000,4553650,16610300,16720050,852,0,0,7447300,0,34372,0,5,0,0,0,0,0,0
46,3728514312,16611,769950,8500,11084150,4748400,16611000,16720500,895,0,0,6507600,0,34372,0,5,0,0,0,0,0,0
47,3728514312,16612,1344400,7850,10394850,4990550,16737650,16850900,851,0,0,6425800,0,34372,0,5,0,0,0,0,0,0
48,3728514312,16613,834400,11300,11476100,3366000,15687800,16584850,623,0,0,8162900,0,34372,0,5,0,0,0,0,0,0
49,3728514312,16614,748200,7450,11047100,4810900,16613650,16720850,942,0,0,7111050,0,34372,0,5,0,0,0,0,0,0
50,3728514312,16615,761950,8500,11296300,4539900,16606650,16720600,799,0,0,7365950,0,34372,0,5,0,0,0,0,0,0
51,3728514312,16616,749300,7400,11325900,4528750,16611350,16718250,839,0,0,7315250,0,34372,0,5,0,0,0,0,0,0
52,3728514312,16617,1381200,7500,10354050,4861750,16604500,16721400,917,0,0,6492950,0,34372,0,5,0,0,0,0,0,0
53,3728514312,16618,1225700,5850,10352000,5023750,16607300,16717550,856,0,0,6375250,0,34372,0,5,0,0,0,0,0,0
54,3728514312,16619,756500,8500,11268950,4569000,16602950,16716700,892,0,0,7201250,0,34372,0,5,0,0,0,0,0,0
55,3728514312,16620,753850,5750,11100700,4746650,16606950,16720700,919,0,0,7795600,0,34372,0,5,0,0,0,0,0,0
56,3728514312,16621,748550,8400,11239800,4609650,16606400,16721950,873,0,0,7344800,0,34372,0,5,0,0,0,0,0,0
57,3728514312,16622,748050,5750,11238100,4613200,16605100,16714400,852,0,0,7271700,0,34372,0,5,0,0,0,0,0,0
58,3728514312,16623,1367900,8600,10466800,4993600,16836900,16949400,858,0,0,6465900,0,34372,0,5,0,0,0,0,0,0
59,3728514312,16624,756800,5750,10401500,5215150,16379200,16491550,509,0,0,6362350,0,34372,0,5,0,0,0,0,0,0
60,3728514312,16625,809050,8400,11293350,4493950,16604750,16719350,869,0,0,7324450,0,34372,0,5,0,0,0,0,0,0
61,3728514312,16626,755100,5750,11159650,4688900,16609400,16718700,902,0,0,7889250,0,34372,0,5,0,0,0,0,0,0
62,3728514312,16627,756400,8400,11205800,4639550,16610150,16720500,873,0,0,7206050,0,34372,0,5,0,0,0,0,0,0
63,3728514312,16628,752000,5750,11357500,4489000,16604250,16717750,793,0,0,7468200,0,34372,0,5,0,0,0,0,0,0
64,3728514312,16629,1319000,11400,10415900,4858200,16604500,16719000,823,0,0,6388350,0,34372,0,5,0,0,0,0,0,0
65,3728514312,16630,752950,5750,10389100,5462950,16610750,16718900,951,0,0,6371600,0,34372,0,5,0,0,0,0,0,0
66,3728514312,16631,766700,8400,11147350,4686400,16608850,16719950,881,0,0,7826150,0,34372,0,5,0,0,0,0,0,0
67,3728514312,16632,749900,5750,11178200,4676100,16609950,16723050,893,0,0,7306200,0,34372,0,5,0,0,0,0,0,0
68,3728514312,16633,764550,8400,11106250,4724450,16603650,16716700,891,0,0,7148000,0,34372,0,5,0,0,0,0,0,0
69,3728514312,16634,1380350,7500,17443300,14493800,33324950,33436850,2748,0,0,10046500,0,34372,0,5,0,0,0,0,0,0
70,3728514312,16635,803250,8400,11083650,4714450,16609750,16719950,920,0,0,6360450,0,34372,0,5,0,0,0,0,0,0
71,3728514312,16636,756950,5650,11133700,4713050,16609350,16719500,911,0,0,7864900,0,34372,0,5,0,0,0,0,0,0
72,3728514312,16637,822250,11300,11339250,3679350,15852150,16720300,661,0,0,6453650,0,34372,0,5,0,0,0,0,0,0
73,3728514312,16638,760350,5650,11005500,4835550,16607050,16718000,904,0,0,6462450,0,34372,0,5,0,0,0,0,0,0
74,3728514312,16639,1306000,11400,10450950,4949500,16717850,16832800,753,0,0,6444350,0,34372,0,5,0,0,0,0,0,0
75,3728514312,16640,762500,5650,10561850,5157650,16487650,16604100,886,0,0,5727300,0,34372,0,5,0,0,0,0,0,0
76,3728514312,16641,769600,8400,11157750,4669100,16604850,16721500,907,0,0,7816600,0,34372,0,5,0,0,0,0,0,0
77,3728514312,16642,748150,5650,11195800,4665850,16615450,16720750,892,0,0,7306850,0,34372,0,5,0,0,0,0,0,0
78,3728514312,16643,753300,8400,11319900,4524300,16605900,16715750,849,0,0,7352350,0,34372,0,5,0,0,0,0,0,0
79,3728514312,16644,1391150,7200,10408900,4799850,16607100,16721100,892,0,0,6440350,0,34372,0,5,0,0,0,0,0,0
80,3728514312,16645,761400,8400,10452700,4991900,16214400,16718600,851,0,0,6390300,0,34372,0,5,0,0,0,0,0,0
81,3728514312,16646,748100,5650,11206050,4649100,16608900,16718100,910,0,0,6362650,0,34372,0,5,0,0,0,0,0,0
82,3728514312,16647,776050,8400,11224250,4600250,16608950,16720900,889,0,0,7926200,0,34372,0,5,0,0,0,0,0,0
83,3728514312,16648,747550,5650,11195250,4664350,16612800,16719500,878,0,0,7322300,0,34372,0,5,0,0,0,0,0,0
84,3728514312,16649,763050,8400,11186350,4644650,16602450,16718400,863,0,0,6490850,0,34372,0,5,0,0,0,0,0,0
85,3728514312,16650,1325400,9150,10404400,4957300,16696250,16806900,844,0,0,6423800,0,34372,0,5,0,0,0,0,0,0
86,3728514312,16651,765800,8500,10451400,5291650,16517350,16632300,915,0,0,6393600,0,34372,0,5,0,0,0,0,0,0
87,3728514312,16652,750250,5750,11552700,4298650,16607350,16720700,819,0,0,8245250,0,34372,0,5,0,0,0,0,0,0
88,3728514312,16653,771350,8500,11289800,4535700,16605350,16717700,860,0,0,7381950,0,34372,0,5,0,0,0,0,0,0
89,3728514312,16654,748750,5750,13585300,2271050,16610850,16718700,481,0,0,7828950,0,34372,0,5,0,0,0,0,0,0
90,3728514312,16655,1456750,8500,10414550,4733050,16612850,16722150,860,0,0,6456950,0,34372,0,5,0,0,0,0,0,0
91,3728514312,16656,766000,5750,10402350,4993350,16167450,16720800,850,0,0,6363500,0,34372,0,5,0,0,0,0,0,0
92,3728514312,16657,767050,8500,10457600,5369400,16602550,16718250,928,0,0,5739950,0,34372,0,5,0,0,0,0,0,0
93,3728514312,16658,748350,5750,11099700,4752250,16606050,16716400,894,0,0,7812200,0,34372,0,5,0,0,0,0,0,0
94,3728514312,16659,766350,8500,11250050,4603850,16628750,16722750,869,0,0,7372050,0,34372,0,5,0,0,0,0,0,0
95,3728514312,16660,1669100,10700,10369350,3771700,15820850,16715500,669,0,0,6388350,0,34372,0,5,0,0,0,0,0,0
96,3728514312,16661,1420300,8700,10430050,5049400,16908450,17024200,840,0,0,6455200,0,34372,0,5,0,0,0,0,0,0
97,3728514312,16662,764350,5750,10428450,5105750,16304300,16414750,875,0,0,6364850,0,34372,0,5,0,0,0,0,0,0
98,3728514312,16663,771950,8500,11171900,4668050,16620400,16719150,913,0,0,7175350,0,34372,0,5,0,0,0,0,0,0
99,3728514312,16664,744550,5750,11529950,4333000,16613250,16722650,808,0,0,8266200,0,34372,0,5,0,0,0,0,0,0
100,3728514312,16665,770750,8500,11359200,4468850,16607300,16717650,838,0,0,7239100,0,34372,0,5,0,0,0,0,0,0
101,3728514312,16666,765200,5750,10921250,4917850,16610050,16717300,924,0,0,6459950,0,34372,0,5,0,0,0,0,0,0
102,3728514312,16667,1275750,11300,10429900,4894250,16611200,16723050,833,0,0,6401450,0,34372,0,5,0,0,0,0,0,0
103,3728514312,16668,756700,5750,10553350,5293350,16609150,16718200,916,0,0,5706150,0,34372,0,5,0,0,0,0,0,0
104,3728514312,16669,775800,8500,11164050,4660350,16608700,16720650,905,0,0,7849650,0,34372,0,5,0,0,0,0,0,0
105,3728514312,16670,750350,5750,11185100,4668450,16609650,16716600,891,0,0,7314850,0,34372,0,5,0,0,0,0,0,0
106,3728514312,16671,764800,8500,11309300,4540700,16623300,16716600,852,0,0,6662400,0,34372,0,5,0,0,0,0,0,0
107,3728514312,16672,1357750,9050,10396100,5110600,16873500,16982850,878,0,0,6426300,0,34372,0,5,0,0,0,0,0,0
108,3728514312,16673,762250,8500,10496050,5079900,16346700,16458650,873,0,0,6398850,0,34372,0,5,0,0,0,0,0,0
109,3728514312,16674,756550,5750,11190050,4671750,16624100,16717750,915,0,0,6341650,0,34372,0,5,0,0,0,0,0,0
110,3728514312,16675,767850,8400,11277150,4559750,16613150,16721900,880,0,0,7995000,0,34372,0,5,0,0,0,0,0,0
111,3728514312,16676,737250,5650,11193400,4674400,16610700,16718200,877,0,0,7983300,0,34372,0,5,0,0,0,0,0,0
112,3728514312,16677,765550,8400,11563150,4282200,16619300,16718450,785,0,0,6604300,0,34372,0,5,0,0,0,0,0,0
113,3728514312,16678,1267850,7500,10408550,4923800,16607700,16720000,836,0,0,6424900,0,34372,0,5,0,0,0,0,0,0
114,3728514312,16679,765700,8400,10456450,5376150,16606700,16720550,936,0,0,6410000,0,34372,0,5,0,0,0,0,0,0
115,3728514312,16680,752500,5650,11180950,4669650,16608750,16718600,901,0,0,7881550,0,34372,0,5,0,0,0,0,0,0
116,3728514312,16681,755650,8400,11256400,4583100,16603550,16719800,867,0,0,7345550,0,34372,0,5,0,0,0,0,0,0
117,3728514312,16682,747100,5650,11101750,4752950,16607450,16716800,888,0,0,7128500,0,34372,0,5,0,0,0,0,0,0
118,3728514312,16683,838700,8400,11255750,3399100,15501950,17105650,633,0,0,7334350,0,34372,0,5,0,0,0,0,0,0
119,3728514312,16684,764000,5650,10431600,5981300,17182550,17293000,779,0,0,6363700,0,34372,0,5,0,0,0,0,0,0
120,3728514312,16685,815000,11200,11368800,3449500,15644500,15761250,621,0,0,7458700,0,34372,0,5,0,0,0,0,0,0
121,3728514312,16686,748150,5750,11103500,4750700,16608100,16716100,889,0,0,7828650,0,34372,0,5,0,0,0,0,0,0
122,3728514312,16687,757650,8500,11273950,4574650,16614750,16723350,857,0,0,8032300,0,34372,0,5,0,0,0,0,0,0
123,3728514312,16688,758000,5750,10993950,4845150,16602850,16716150,907,0,0,6462350,0,34372,0,5,0,0,0,0,0,0
124,3728514312,16689,1309600,11400,10756750,4694600,16772350,16888800,740,0,0,6736800,0,34372,0,5,0,0,0,0,0,0
125,3728514312,16690,766550,5750,10401250,5266650,16440200,16552350,909,0,0,6361200,0,34372,0,5,0,0,0,0,0,0
126,3728514312,16691,767250,8400,11124050,4704950,16604650,16719650,916,0,0,7794000,0,34372,0,5,0,0,0,0,0,0
127,3728514312,16692,741050,5750,11204150,4655350,16606300,16717900,891,0,0,7310100,0,34372,0,5,0,0,0,0,0,0
128,3728514312,16693,748200,8400,11322150,4529950,16608700,16720000,848,0,0,7224150,0,34372,0,5,0,0,0,0,0,0
129,3728514312,16694,1367800,7400,10940600,6476900,18792700,18903650,70,0,0,7675600,0,34372,0,5,0,0,0,0,0,0
130,3728514312,16695,818650,8400,11784900,1790600,14402550,14532700,259,0,0,7905300,0,34372,0,5,0,0,0,0,0,0
131,3728514312,16696,777900,5650,11167950,4651950,16603450,16719000,912,0,0,6295700,0,34372,0,5,0,0,0,0,0,0
132,3728514312,16697,778800,8400,11206350,4614700,16608250,16720000,896,0,0,7905450,0,34372,0,5,0,0,0,0,0,0
133,3728514312,16698,745850,5650,11189100,4674450,16615050,16721400,886,0,0,7327600,0,34372,0,5,0,0,0,0,0,0
134,3728514312,16699,769200,8400,11245750,4596350,16619700,16715450,865,0,0,6635250,0,34372,0,5,0,0,0,0,0,0
135,3728514312,16700,1359850,7600,10395950,4959950,16723350,16832350,848,0,0,6426100,0,34372,0,5,0,0,0,0,0,0
136,3728514312,16701,770100,8400,10506300,5216500,16501300,16612150,836,0,0,6408700,0,34372,0,5,0,0,0,0,0,0
137,3728514312,16702,764300,5650,11222900,4616150,16609000,16716300,899,0,0,7154250,0,34372,0,5,0,0,0,0,0,0
138,3728514312,16703,771400,8500,11293200,4553800,16626900,16719550,868,0,0,7371650,0,34372,0,5,0,0,0,0,0,0
139,3728514312,16704,743750,5650,11139050,4724800,16613250,16718950,887,0,0,7139050,0,34372,0,5,0,0,0,0,0,0
140,3728514312,16705,1418850,7500,10523450,4657150,16606950,16717500,870,0,0,7245500,0,34372,0,5,0,0,0,0,0,0
141,3728514312,16706,1229800,5850,10364050,5015350,16615050,16723800,860,0,0,6368100,0,34372,0,5,0,0,0,0,0,0
142,3728514312,16707,832850,11350,11350550,3630750,15825500,16719050,676,0,0,8057950,0,34372,0,5,0,0,0,0,0,0
143,3728514312,16708,740550,5650,11206900,4651850,16604950,16714750,898,0,0,7925650,0,34372,0,5,0,0,0,0,0,0
144,3728514312,16709,764150,11200,11229700,4603250,16608300,16722250,871,0,0,7362700,0,34372,0,5,0,0,0,0,0,0
145,3728514312,16710,752250,5650,11142200,4709300,16609400,16720350,878,0,0,6547000,0,34372,0,5,0,0,0,0,0,0
146,3728514312,16711,1377550,8700,10449900,4996450,16832600,16947750,828,0,0,6463150,0,34372,0,5,0,0,0,0,0,0
147,3728514312,16712,765450,5650,10399850,5205400,16376350,16488750,895,0,0,6361500,0,34372,0,5,0,0,0,0,0,0
148,3728514312,16713,767050,8400,11096900,4729150,16601500,16719250,925,0,0,7138000,0,34372,0,5,0,0,0,0,0,0
149,3728514312,16714,748350,5650,11532550,4323850,16610400,16717150,789,0,0,7526450,0,34372,0,5,0,0,0,0,0,0
150,3728514312,16715,771300,8400,12553750,3276700,16610150,16722300,526,0,0,8523750,0,34372,0,5,0,0,0,0,0,0
151,3728514312,16716,792150,5650,10937700,4868150,16603650,16717900,911,0,0,6472450,0,34372,0,5,0,0,0,0,0,0
152,3728514312,16717,1287400,11400,10421350,4912950,16633100,16747550,808,0,0,6388850,0,34372,0,5,0,0,0,0,0,0
153,3728514312,16718,767850,5650,10442850,5364350,16580700,16690450,932,0,0,6372500,0,34372,0,5,0,0,0,0,0,0
154,3728514312,16719,780050,8400,11177300,4661050,16626800,16722550,907,0,0,7853300,0,34372,0,5,0,0,0,0,0,0
155,3728514312,16720,751550,5650,11175300,4676550,16609050,16717850,894,0,0,7321400,0,34372,0,5,0,0,0,0,0,0
156,3728514312,16721,765700,8400,11311800,4533450,16619350,16716450,851,0,0,6575200,0,34372,0,5,0,0,0,0,0,0
157,3728514312,16722,1390300,7400,10404800,5098800,16901300,17010000,879,0,0,6431650,0,34372,0,5,0,0,0,0,0,0
158,3728514312,16723,771900,8400,10551200,4987600,16319100,16429950,854,0,0,6415200,0,34372,0,5,0,0,0,0,0,0
159,3728514312,16724,760950,5650,11134900,4720000,16621500,16718900,925,0,0,6284200,0,34372,0,5,0,0,0,0,0,0
160,3728514312,16725,770550,8400,11258250,4572900,16610100,16719300,882,0,0,7971200,0,34372,0,5,0,0,0,0,0,0
161,3728514312,16726,733750,5650,11196900,4680100,16616400,16723600,812,0,0,7974350,0,34372,0,5,0,0,0,0,0,0
162,3728514312,16727,776600,8400,11255850,4570050,16610900,16717100,856,0,0,7259250,0,34372,0,5,0,0,0,0,0,0
163,3728514312,16728,1272850,7500,10398450,4930300,16609100,16720000,840,0,0,6432100,0,34372,0,5,0,0,0,0,0,0
164,3728514312,16729,770150,8400,10491800,5337200,16607550,16720500,929,0,0,6408150,0,34372,0,5,0,0,0,0,0,0
165,3728514312,16730,744650,5650,11240750,4619100,16610150,16714600,896,0,0,7919200,0,34372,0,5,0,0,0,0,0,0
166,3728514312,16731,762250,8400,13253250,2603800,16627700,16722300,414,0,0,8890100,0,34372,0,5,0,0,0,0,0,0
167,3728514312,16732,772000,5750,11114900,4712150,16604800,16720400,880,0,0,7129550,0,34372,0,5,0,0,0,0,0,0
168,3728514312,16733,1435800,8400,10582050,4936100,16962350,17080150,845,0,0,6594050,0,34372,0,5,0,0,0,0,0,0
169,3728514312,16734,755050,5750,10388650,5089150,16238600,16357900,871,0,0,6359350,0,34372,0,5,0,0,0,0,0,0
170,3728514312,16735,763550,8400,11077950,4755850,16605750,16719650,931,0,0,6359800,0,34372,0,5,0,0,0,0,0,0
171,3728514312,16736,746250,5750,11215600,4637500,16605100,16717100,890,0,0,7939200,0,34372,0,5,0,0,0,0,0,0
172,3728514312,16737,759150,8400,11262250,4576500,16606300,16720450,861,0,0,8015300,0,34372,0,5,0,0,0,0,0,0
173,3728514312,16738,748500,5750,11028950,4822400,16605600,16716550,902,0,0,6470850,0,34372,0,5,0,0,0,0,0,0
174,3728514312,16739,1330900,11400,10833150,4531600,16707050,16820700,713,0,0,6514900,0,34372,0,5,0,0,0,0,0,0
175,3728514312,16740,762400,5750,10405300,5332350,16505800,16619250,924,0,0,6370400,0,34372,0,5,0,0,0,0,0,0
176,3728514312,16741,765800,8600,11105850,4724000,16604250,16718400,920,0,0,7167400,0,34372,0,5,0,0,0,0,0,0
177,3728514312,16742,732900,5750,11204350,4667100,16610100,16718100,868,0,0,7292900,0,34372,0,5,0,0,0,0,0,0
178,3728514312,16743,759200,8400,11184100,4658050,16609750,16720650,876,0,0,7180300,0,34372,0,5,0,0,0,0,0,0
179,3728514312,16744,1368150,7500,10375200,4856950,16607800,16721150,906,0,0,7123000,0,34372,0,5,0,0,0,0,0,0
CSV_END

STUDY_DONE_9d7e3d2782a3=0
# 