/tmp/app-lto --transport unrolled --state-frame 0 --frames 180 --warmup 30 --wait spin --profile frame --csv /tmp/transport-frames.csv && printf "CSV_BEGIN\n" && cat /tmp/transport-frames.csv && printf "CSV_END\n"; study_status=$?; printf "\nSTUDY_DONE_1ad779e20a89=%s\n" "$study_status"
TRANSPORT mode=unrolled dma_minimum=64
BEGIN_BREAKOUT frames=180 warmup=30 fixed=0 blocks=40 tiles=1 hud=1 wait=spin replay=0 state_frame=0 profile=frame pixel_centers=1 clock_call_ns=4768
HW_COUNTERS unavailable
RESULT frames=180 elapsed_s=12.038082700 fps=14.952547 logic_ms=0.000000 api_ms=0.000000 swap_ms=0.000000 wait_ms=0.000000 worker_inclusive_ms=0.000000 upload_inclusive_ms=0.000000 write_ms=0.000000 bytes_per_frame=30951.56 p50_ms=66.877050 p95_ms=67.167800 max_ms=71.273250 late_60hz=180 first_count=32857 last_count=33036 state_hash=8f34e8fd remaining=38 score=20
RENDER_PATH retained=0 grouped=0 quads=13131 full_frames=180
BREAKOUT_PASS
CSV_BEGIN
frame,state_hash,display_count,logic_ns,api_ns,swap_ns,wait_ns,total_ns,completion_interval_ns,polls,worker_inclusive_ns,upload_inclusive_ns,write_ns,read_ns,write_bytes,read_bytes,write_calls,read_calls,dma_copy_ns,dma_launch_ns,dma_completion_wait_ns,dma_bytes,dma_lists
0,3724779174,32857,0,0,0,0,66835500,66847050,3064,0,0,0,0,31172,0,5,0,0,0,0,0,0
1,1709657109,32858,0,0,0,0,67125000,67233300,2891,0,0,0,0,31172,0,5,0,0,0,0,0,0
2,1894904752,32859,0,0,0,0,66413850,66521750,2632,0,0,0,0,31172,0,5,0,0,0,0,0,0
3,3703759967,32860,0,0,0,0,66772500,66879350,2956,0,0,0,0,31172,0,5,0,0,0,0,0,0
4,19533624,32861,0,0,0,0,66764300,66872900,2907,0,0,0,0,31172,0,5,0,0,0,0,0,0
5,816884773,32862,0,0,0,0,66038300,66879150,1196,0,0,0,0,31172,0,5,0,0,0,0,0,0
6,1339236364,32863,0,0,0,0,66773250,66878900,3022,0,0,0,0,31172,0,5,0,0,0,0,0,0
7,3072959373,32864,0,0,0,0,66764450,66873350,3053,0,0,0,0,31172,0,5,0,0,0,0,0,0
8,1782884746,32865,0,0,0,0,66988000,67093350,2868,0,0,0,0,31172,0,5,0,0,0,0,0,0
9,30296781,32866,0,0,0,0,66557150,66665450,2610,0,0,0,0,31492,0,5,0,0,0,0,0,0
10,4026418858,32867,0,0,0,0,66757550,66873250,2949,0,0,0,0,31492,0,5,0,0,0,0,0,0
11,2084929051,32868,0,0,0,0,66771650,66880450,2829,0,0,0,0,31492,0,5,0,0,0,0,0,0
12,3114489770,32869,0,0,0,0,66766550,66873750,2994,0,0,0,0,31172,0,5,0,0,0,0,0,0
13,891400471,32870,0,0,0,0,66769750,66876700,3046,0,0,0,0,31172,0,5,0,0,0,0,0,0
14,3472773456,32871,0,0,0,0,66773500,66879000,2997,0,0,0,0,31172,0,5,0,0,0,0,0,0
15,3010688243,32872,0,0,0,0,66841550,66952600,2893,0,0,0,0,31172,0,5,0,0,0,0,0,0
16,2819524756,32873,0,0,0,0,66693850,66802300,3031,0,0,0,0,31172,0,5,0,0,0,0,0,0
17,3241678401,32874,0,0,0,0,66770250,66875400,2525,0,0,0,0,31172,0,5,0,0,0,0,0,0
18,2154316504,32875,0,0,0,0,66765650,66876800,2976,0,0,0,0,31172,0,5,0,0,0,0,0,0
19,772262681,32876,0,0,0,0,66768750,66877200,2945,0,0,0,0,31172,0,5,0,0,0,0,0,0
20,3882818750,32877,0,0,0,0,66770700,66876800,1550,0,0,0,0,31172,0,5,0,0,0,0,0,0
21,521131153,32878,0,0,0,0,66770250,66877500,2900,0,0,0,0,31172,0,5,0,0,0,0,0,0
22,1838187414,32879,0,0,0,0,66773200,66880400,2909,0,0,0,0,31172,0,5,0,0,0,0,0,0
23,840574439,32880,0,0,0,0,66765000,66874900,3002,0,0,0,0,31172,0,5,0,0,0,0,0,0
24,2879461878,32881,0,0,0,0,66769950,66878150,2957,0,0,0,0,31172,0,5,0,0,0,0,0,0
25,202086035,32882,0,0,0,0,66766900,66875000,2503,0,0,0,0,31172,0,5,0,0,0,0,0,0
26,959703924,32883,0,0,0,0,66771250,66878300,3000,0,0,0,0,31172,0,5,0,0,0,0,0,0
27,3795724423,32884,0,0,0,0,66369200,66876000,2839,0,0,0,0,31172,0,5,0,0,0,0,0,0
28,2500539904,32885,0,0,0,0,66039250,66879850,2709,0,0,0,0,31172,0,5,0,0,0,0,0,0
29,2269000541,32886,0,0,0,0,66768700,66876700,2913,0,0,0,0,31172,0,5,0,0,0,0,0,0
30,1900681108,32887,0,0,0,0,66767350,66874450,2913,0,0,0,0,31172,0,5,0,0,0,0,0,0
31,3680168245,32888,0,0,0,0,66774500,66881350,3030,0,0,0,0,31172,0,5,0,0,0,0,0,0
32,2344329490,32889,0,0,0,0,66766000,66873100,2674,0,0,0,0,31172,0,5,0,0,0,0,0,0
33,2130650181,32890,0,0,0,0,67050950,67167800,2915,0,0,0,0,31492,0,5,0,0,0,0,0,0
34,906966818,32891,0,0,0,0,66482400,66587400,2951,0,0,0,0,31492,0,5,0,0,0,0,0,0
35,3939376531,32892,0,0,0,0,66769600,66877950,1554,0,0,0,0,31492,0,5,0,0,0,0,0,0
36,2110688546,32893,0,0,0,0,66753800,66875700,2924,0,0,0,0,31172,0,5,0,0,0,0,0,0
37,2695523007,32894,0,0,0,0,66768200,66876850,2951,0,0,0,0,31172,0,5,0,0,0,0,0,0
38,744447992,32895,0,0,0,0,66776500,66880500,3004,0,0,0,0,31172,0,5,0,0,0,0,0,0
39,3728640411,32896,0,0,0,0,66769650,66878050,2914,0,0,0,0,31172,0,5,0,0,0,0,0,0
40,618879740,32897,0,0,0,0,66912300,67022050,2583,0,0,0,0,31172,0,5,0,0,0,0,0,0
41,1239708057,32898,0,0,0,0,66622250,66731150,2959,0,0,0,0,31172,0,5,0,0,0,0,0,0
42,2429742208,32899,0,0,0,0,66769700,66876600,2896,0,0,0,0,31172,0,5,0,0,0,0,0,0
43,412095716,32900,0,0,0,0,66763900,66877750,2977,0,0,0,0,31172,0,5,0,0,0,0,0,0
44,1226741467,32901,0,0,0,0,66766950,66877250,2977,0,0,0,0,31172,0,5,0,0,0,0,0,0
45,3288446148,32902,0,0,0,0,66770350,66877350,2846,0,0,0,0,31172,0,5,0,0,0,0,0,0
46,1157984843,32903,0,0,0,0,66765550,66875700,3020,0,0,0,0,31172,0,5,0,0,0,0,0,0
47,3877288378,32904,0,0,0,0,66776400,66884900,2920,0,0,0,0,31172,0,5,0,0,0,0,0,0
48,4236526315,32905,0,0,0,0,66760600,66868850,2729,0,0,0,0,31172,0,5,0,0,0,0,0,0
49,533834014,32906,0,0,0,0,66772100,66877450,2907,0,0,0,0,31172,0,5,0,0,0,0,0,0
50,1649361089,32907,0,0,0,0,66773500,66879250,2996,0,0,0,0,31172,0,5,0,0,0,0,0,0
51,2486981906,32908,0,0,0,0,66019850,66873250,1389,0,0,0,0,31172,0,5,0,0,0,0,0,0
52,1706075277,32909,0,0,0,0,66304500,66879000,2818,0,0,0,0,31172,0,5,0,0,0,0,0,0
53,267972368,32910,0,0,0,0,66767250,66875550,2935,0,0,0,0,31172,0,5,0,0,0,0,0,0
54,3895401273,32911,0,0,0,0,66774100,66880050,2944,0,0,0,0,31172,0,5,0,0,0,0,0,0
55,605985656,32912,0,0,0,0,66767900,66874000,2498,0,0,0,0,31172,0,5,0,0,0,0,0,0
56,4077673024,32913,0,0,0,0,66759150,66877200,2998,0,0,0,0,30852,0,5,0,0,0,0,0,0
57,985632231,32914,0,0,0,0,66771900,66877600,2993,0,0,0,0,30852,0,5,0,0,0,0,0,0
58,3720590956,32915,0,0,0,0,67127350,67234950,2482,0,0,0,0,30852,0,5,0,0,0,0,0,0
59,3264032585,32916,0,0,0,0,66405700,66520800,2909,0,0,0,0,30852,0,5,0,0,0,0,0,0
60,395405688,32917,0,0,0,0,66769500,66876650,3043,0,0,0,0,30852,0,5,0,0,0,0,0,0
61,32142420,32918,0,0,0,0,66769700,66876750,2933,0,0,0,0,30852,0,5,0,0,0,0,0,0
62,1187067055,32919,0,0,0,0,66774300,66878400,2985,0,0,0,0,30852,0,5,0,0,0,0,0,0
63,459140908,32920,0,0,0,0,66766250,66874500,2613,0,0,0,0,30852,0,5,0,0,0,0,0,0
64,3369786495,32921,0,0,0,0,66769650,66880700,2871,0,0,0,0,30852,0,5,0,0,0,0,0,0
65,1572434254,32922,0,0,0,0,66984500,67095650,2961,0,0,0,0,30852,0,5,0,0,0,0,0,0
66,4107798823,32923,0,0,0,0,66554300,66658100,1300,0,0,0,0,30852,0,5,0,0,0,0,0,0
67,343968250,32924,0,0,0,0,66769600,66877350,2896,0,0,0,0,30852,0,5,0,0,0,0,0,0
68,3102454017,32925,0,0,0,0,66762650,66874300,2995,0,0,0,0,30852,0,5,0,0,0,0,0,0
69,3051095563,32926,0,0,0,0,66773700,66880500,2968,0,0,0,0,30852,0,5,0,0,0,0,0,0
70,2391331016,32927,0,0,0,0,66771850,66876200,2990,0,0,0,0,30852,0,5,0,0,0,0,0,0
71,3869016117,32928,0,0,0,0,66759350,66874450,2467,0,0,0,0,30852,0,5,0,0,0,0,0,0
72,1579800804,32929,0,0,0,0,66848250,66960600,2959,0,0,0,0,30852,0,5,0,0,0,0,0,0
73,2792341157,32930,0,0,0,0,66690100,66796200,2919,0,0,0,0,30852,0,5,0,0,0,0,0,0
74,714702942,32931,0,0,0,0,66767550,66877450,2936,0,0,0,0,30852,0,5,0,0,0,0,0,0
75,1092538936,32932,0,0,0,0,66033350,66878650,2178,0,0,0,0,30852,0,5,0,0,0,0,0,0
76,1561271239,32933,0,0,0,0,66763400,66873550,2979,0,0,0,0,31172,0,5,0,0,0,0,0,0
77,3798074098,32934,0,0,0,0,66770900,66876350,2811,0,0,0,0,31172,0,5,0,0,0,0,0,0
78,3022639071,32935,0,0,0,0,66772150,66877900,2712,0,0,0,0,31172,0,5,0,0,0,0,0,0
79,2282770062,32936,0,0,0,0,66759950,66878150,2928,0,0,0,0,30852,0,5,0,0,0,0,0,0
80,1626512457,32937,0,0,0,0,66769850,66875650,2930,0,0,0,0,30852,0,5,0,0,0,0,0,0
81,3156888026,32938,0,0,0,0,66774000,66880800,1517,0,0,0,0,30852,0,5,0,0,0,0,0,0
82,3038824309,32939,0,0,0,0,66768200,66875900,3038,0,0,0,0,30852,0,5,0,0,0,0,0,0
83,1261846460,32940,0,0,0,0,66769350,66877300,2930,0,0,0,0,30852,0,5,0,0,0,0,0,0
84,2035201521,32941,0,0,0,0,66369600,66874700,3034,0,0,0,0,30852,0,5,0,0,0,0,0,0
85,2164446652,32942,0,0,0,0,66770300,66877600,3028,0,0,0,0,30852,0,5,0,0,0,0,0,0
86,2017191835,32943,0,0,0,0,66771100,66879700,2416,0,0,0,0,30852,0,5,0,0,0,0,0,0
87,3029138484,32944,0,0,0,0,66763250,66876350,2977,0,0,0,0,30852,0,5,0,0,0,0,0,0
88,50355403,32945,0,0,0,0,66768300,66878750,2990,0,0,0,0,30852,0,5,0,0,0,0,0,0
89,654213990,32946,0,0,0,0,66769400,66876600,2957,0,0,0,0,30852,0,5,0,0,0,0,0,0
90,2360099787,32947,0,0,0,0,67064850,67171100,3000,0,0,0,0,30852,0,5,0,0,0,0,0,0
91,2424818746,32948,0,0,0,0,66476250,66583100,2952,0,0,0,0,30852,0,5,0,0,0,0,0,0
92,1971386461,32949,0,0,0,0,66768400,66877450,2926,0,0,0,0,30852,0,5,0,0,0,0,0,0
93,3386045126,32950,0,0,0,0,66763950,66874300,2982,0,0,0,0,30852,0,5,0,0,0,0,0,0
94,1429641961,32951,0,0,0,0,66769350,66876300,2778,0,0,0,0,30852,0,5,0,0,0,0,0,0
95,3022846880,32952,0,0,0,0,66772500,66880650,2929,0,0,0,0,30852,0,5,0,0,0,0,0,0
96,1601897261,32953,0,0,0,0,68291600,68400100,2860,0,0,0,0,30852,0,5,0,0,0,0,0,0
97,1229951528,32954,0,0,0,0,65388750,65509600,1983,0,0,0,0,30852,0,5,0,0,0,0,0,0
98,4065171759,32955,0,0,0,0,65873400,66719000,2730,0,0,0,0,30852,0,5,0,0,0,0,0,0
99,1034325744,32956,0,0,0,0,66766850,66880450,2938,0,0,0,0,30852,0,5,0,0,0,0,0,0
100,14078671,32957,0,0,0,0,66764000,66875650,2999,0,0,0,0,31172,0,5,0,0,0,0,0,0
101,4024270554,32958,0,0,0,0,66771200,66876400,2508,0,0,0,0,31172,0,5,0,0,0,0,0,0
102,896191351,32959,0,0,0,0,66757350,66876950,2858,0,0,0,0,31172,0,5,0,0,0,0,0,0
103,2131384102,32960,0,0,0,0,66767750,66876350,3090,0,0,0,0,30852,0,5,0,0,0,0,0,0
104,2586210593,32961,0,0,0,0,66783500,66889450,2931,0,0,0,0,30852,0,5,0,0,0,0,0,0
105,591918370,32962,0,0,0,0,66760100,66865750,2882,0,0,0,0,30852,0,5,0,0,0,0,0,0
106,8814317,32963,0,0,0,0,66771250,66875250,2957,0,0,0,0,30852,0,5,0,0,0,0,0,0
107,2340504196,32964,0,0,0,0,66767300,66877150,3025,0,0,0,0,30852,0,5,0,0,0,0,0,0
108,3523076009,32965,0,0,0,0,66772950,66878150,2960,0,0,0,0,30852,0,5,0,0,0,0,0,0
109,1961669028,32966,0,0,0,0,66333100,66879400,2594,0,0,0,0,30852,0,5,0,0,0,0,0,0
110,1037581603,32967,0,0,0,0,66772750,66877350,3113,0,0,0,0,30852,0,5,0,0,0,0,0,0
111,2701024588,32968,0,0,0,0,66766600,66875600,2901,0,0,0,0,30852,0,5,0,0,0,0,0,0
112,215037203,32969,0,0,0,0,66770300,66877500,1670,0,0,0,0,30852,0,5,0,0,0,0,0,0
113,3696282862,32970,0,0,0,0,66770150,66875650,2971,0,0,0,0,30852,0,5,0,0,0,0,0,0
114,2829142928,32971,0,0,0,0,66764200,66876300,3000,0,0,0,0,30852,0,5,0,0,0,0,0,0
115,3204762949,32972,0,0,0,0,67130550,67239550,2964,0,0,0,0,30852,0,5,0,0,0,0,0,0
116,3297489190,32973,0,0,0,0,66411850,66518750,2881,0,0,0,0,30852,0,5,0,0,0,0,0,0
117,1691704917,32974,0,0,0,0,66767750,66874650,2499,0,0,0,0,30852,0,5,0,0,0,0,0,0
118,663957814,32975,0,0,0,0,66771250,66876950,2390,0,0,0,0,30852,0,5,0,0,0,0,0,0
119,3058583827,32976,0,0,0,0,66768450,66877250,2972,0,0,0,0,30852,0,5,0,0,0,0,0,0
120,838545270,32977,0,0,0,0,66769750,66876650,2834,0,0,0,0,30852,0,5,0,0,0,0,0,0
121,3608912039,32978,0,0,0,0,66026450,66876350,2802,0,0,0,0,30852,0,5,0,0,0,0,0,0
122,4080159716,32979,0,0,0,0,66992400,67100600,2961,0,0,0,0,30852,0,5,0,0,0,0,0,0
123,1056027075,32980,0,0,0,0,66545950,66654750,2837,0,0,0,0,30852,0,5,0,0,0,0,0,0
124,4057021248,32981,0,0,0,0,66771250,66880000,2684,0,0,0,0,31172,0,5,0,0,0,0,0,0
125,2686741161,32982,0,0,0,0,66766900,66876150,2984,0,0,0,0,31172,0,5,0,0,0,0,0,0
126,3870849660,32983,0,0,0,0,66773250,66877700,2905,0,0,0,0,31172,0,5,0,0,0,0,0,0
127,293449641,32984,0,0,0,0,66760800,66874950,1492,0,0,0,0,30852,0,5,0,0,0,0,0,0
128,596064266,32985,0,0,0,0,66770600,66876750,3081,0,0,0,0,30852,0,5,0,0,0,0,0,0
129,3715495249,32986,0,0,0,0,66957250,67062500,2853,0,0,0,0,30852,0,5,0,0,0,0,0,0
130,244680018,32987,0,0,0,0,66581250,66692000,2945,0,0,0,0,30852,0,5,0,0,0,0,0,0
131,4080661783,32988,0,0,0,0,66769050,66877900,2984,0,0,0,0,30852,0,5,0,0,0,0,0,0
132,4006730450,32989,0,0,0,0,66770100,66877550,2456,0,0,0,0,30852,0,5,0,0,0,0,0,0
133,3864584507,32990,0,0,0,0,66781400,66886900,2944,0,0,0,0,30852,0,5,0,0,0,0,0,0
134,2711027320,32991,0,0,0,0,66765450,66865900,3033,0,0,0,0,30852,0,5,0,0,0,0,0,0
135,4099079087,32992,0,0,0,0,66764150,66877000,3099,0,0,0,0,30852,0,5,0,0,0,0,0,0
136,565333772,32993,0,0,0,0,66781400,66886900,2928,0,0,0,0,30852,0,5,0,0,0,0,0,0
137,1028518269,32994,0,0,0,0,66769350,66870200,2954,0,0,0,0,30852,0,5,0,0,0,0,0,0
138,2252688136,32995,0,0,0,0,66768550,66877100,3014,0,0,0,0,30852,0,5,0,0,0,0,0,0
139,578597309,32996,0,0,0,0,66764700,66874450,3015,0,0,0,0,30852,0,5,0,0,0,0,0,0
140,3624439358,32997,0,0,0,0,66772800,66880000,2758,0,0,0,0,30852,0,5,0,0,0,0,0,0
141,3514067501,32998,0,0,0,0,66227000,66873700,2888,0,0,0,0,30852,0,5,0,0,0,0,0,0
142,2741972910,32999,0,0,0,0,71162750,71273250,2580,0,0,0,0,30852,0,5,0,0,0,0,0,0
143,28497579,33000,0,0,0,0,62355150,62485000,1881,0,0,0,0,30852,0,5,0,0,0,0,0,0
144,466729326,33001,0,0,0,0,66021700,66876300,2809,0,0,0,0,30852,0,5,0,0,0,0,0,0
145,3425349295,33002,0,0,0,0,66768300,66877200,2910,0,0,0,0,30852,0,5,0,0,0,0,0,0
146,1537640620,33003,0,0,0,0,66767850,66874650,3041,0,0,0,0,30852,0,5,0,0,0,0,0,0
147,1853842891,33004,0,0,0,0,67214150,67320050,2735,0,0,0,0,30852,0,5,0,0,0,0,0,0
148,1177024904,33005,0,0,0,0,66327850,66435950,2809,0,0,0,0,31172,0,5,0,0,0,0,0,0
149,4106734849,33006,0,0,0,0,66768250,66877100,3004,0,0,0,0,31172,0,5,0,0,0,0,0,0
150,2025356500,33007,0,0,0,0,66768350,66874400,2969,0,0,0,0,31172,0,5,0,0,0,0,0,0
151,2189605121,33008,0,0,0,0,66773850,66880850,2862,0,0,0,0,30852,0,5,0,0,0,0,0,0
152,4086136290,33009,0,0,0,0,66770300,66877300,3063,0,0,0,0,30852,0,5,0,0,0,0,0,0
153,4036669705,33010,0,0,0,0,66769900,66877250,3054,0,0,0,0,30852,0,5,0,0,0,0,0,0
154,4167980074,33011,0,0,0,0,67068250,67172250,2886,0,0,0,0,30852,0,5,0,0,0,0,0,0
155,51187407,33012,0,0,0,0,66465200,66578550,2668,0,0,0,0,30852,0,5,0,0,0,0,0,0
156,2242638442,33013,0,0,0,0,66771250,66878850,3032,0,0,0,0,30852,0,5,0,0,0,0,0,0
157,2730108163,33014,0,0,0,0,66771350,66878150,2929,0,0,0,0,30852,0,5,0,0,0,0,0,0
158,2718743917,33015,0,0,0,0,66763700,66875100,1450,0,0,0,0,30852,0,5,0,0,0,0,0,0
159,3391709842,33016,0,0,0,0,66769350,66880000,3044,0,0,0,0,30852,0,5,0,0,0,0,0,0
160,1164604273,33017,0,0,0,0,66765950,66873700,3088,0,0,0,0,30852,0,5,0,0,0,0,0,0
161,2148591176,33018,0,0,0,0,66925800,67033050,2893,0,0,0,0,30852,0,5,0,0,0,0,0,0
162,4192737573,33019,0,0,0,0,66616500,66722750,2957,0,0,0,0,30852,0,5,0,0,0,0,0,0
163,535584840,33020,0,0,0,0,66764750,66876750,2595,0,0,0,0,30852,0,5,0,0,0,0,0,0
164,3430794475,33021,0,0,0,0,66776500,66883800,2992,0,0,0,0,30852,0,5,0,0,0,0,0,0
165,776323552,33022,0,0,0,0,66771450,66872850,2957,0,0,0,0,30852,0,5,0,0,0,0,0,0
166,3330991427,33023,0,0,0,0,66321100,66873800,3074,0,0,0,0,30852,0,5,0,0,0,0,0,0
167,3282074430,33024,0,0,0,0,66771100,66879750,2917,0,0,0,0,30852,0,5,0,0,0,0,0,0
168,2597814595,33025,0,0,0,0,66785100,66897000,2899,0,0,0,0,30852,0,5,0,0,0,0,0,0
169,2225601370,33026,0,0,0,0,66748350,66857200,2965,0,0,0,0,30852,0,5,0,0,0,0,0,0
170,3716853465,33027,0,0,0,0,66767000,66877050,2526,0,0,0,0,30852,0,5,0,0,0,0,0,0
171,1080675697,33028,0,0,0,0,66770700,66878200,3079,0,0,0,0,30212,0,5,0,0,0,0,0,0
172,219920238,33029,0,0,0,0,67130250,67235650,3095,0,0,0,0,30212,0,5,0,0,0,0,0,0
173,3070385651,33030,0,0,0,0,66409050,66515900,1614,0,0,0,0,30212,0,5,0,0,0,0,0,0
174,2609556270,33031,0,0,0,0,66773900,66879550,3182,0,0,0,0,30212,0,5,0,0,0,0,0,0
175,141401383,33032,0,0,0,0,66769800,66876800,3024,0,0,0,0,30212,0,5,0,0,0,0,0,0
176,3034105280,33033,0,0,0,0,66770900,66877900,3038,0,0,0,0,30212,0,5,0,0,0,0,0,0
177,3029196371,33034,0,0,0,0,66766750,66877050,3200,0,0,0,0,30212,0,5,0,0,0,0,0,0
178,699378668,33035,0,0,0,0,66767950,66873450,2435,0,0,0,0,30212,0,5,0,0,0,0,0,0
179,2402609405,33036,0,0,0,0,66999400,67105000,2946,0,0,0,0,30212,0,5,0,0,0,0,0,0
CSV_END

STUDY_DONE_1ad779e20a89=0
# 