/tmp/fifo-bench --frames 180 --warmup 30 --wait spin --state-frame 1800 --grouped --csv /tmp/fifo-case.csv --dump /tmp/fifo-check.rgb565; fifo_rc=$?; if [ "$fifo_rc" = 0 ]; then sha256sum /tmp/fifo-check.rgb565 /tmp/fifo-check.rgb565.expected; printf "\nCSV_BEGIN\n"; cat /tmp/fifo-case.csv; printf "CSV_END\n"; fi; test "$fifo_rc" = 0; nv_status=$?; printf "\nNV_DONE_4afd6baa3245=%s\n" "$nv_status"
BEGIN_BREAKOUT frames=180 warmup=30 fixed=0 blocks=40 tiles=1 hud=1 wait=spin replay=0 state_frame=1800 profile=detailed pixel_centers=1 clock_call_ns=5435
HW_COUNTERS id=46490001 words=1086340 wait_cycles=14385739 longest_wait_cycles=4611 total_cycles=183581410 cpu_hz=20000000
RESULT frames=180 elapsed_s=9.178948550 fps=19.610089 logic_ms=0.894941 api_ms=11.824434 swap_ms=34.907256 wait_ms=3.237266 worker_inclusive_ms=34.702970 upload_inclusive_ms=10.365018 write_ms=10.106715 bytes_per_frame=24140.89 p50_ms=50.158100 p95_ms=52.726050 max_ms=66.883550 late_60hz=180 first_count=1141 last_count=1320 state_hash=1022e19f remaining=21 score=190
RENDER_PATH retained=0 grouped=1 quads=10250 full_frames=180
FRAME_CHECK count=1320 address=9fe00000 fnv1a=9868c45b pixels=307200 mismatches=0
BREAKOUT_PASS
3dd0f3773c4c88e99236daa3e632c23fcf18c11cbc88b51789817c7aea3b6d59  /tmp/fifo-check.rgb565
3dd0f3773c4c88e99236daa3e632c23fcf18c11cbc88b51789817c7aea3b6d59  /tmp/fifo-check.rgb565.expected

CSV_BEGIN
frame,state_hash,display_count,logic_ns,api_ns,swap_ns,wait_ns,total_ns,completion_interval_ns,polls,worker_inclusive_ns,upload_inclusive_ns,write_ns,read_ns,write_bytes,read_bytes,write_calls,read_calls
0,2110160739,1141,795400,12070850,35010750,1913850,49790850,49800300,381,34844300,10463100,10233950,0,24452,0,5,0
1,1693181783,1142,1474450,11865850,34913400,1812500,50066200,50161900,236,34744100,10238700,10017700,0,24452,0,5,0
2,802378003,1143,783800,12000950,35040550,2225700,50051000,50151450,444,34863750,10463550,10233350,0,24452,0,5,0
3,773631361,1144,1390100,11904250,34675550,2098600,50068500,50163500,314,34503600,9979550,9776950,0,24452,0,5,0
4,3600043099,1145,780200,14432550,34597250,243400,50053400,50153350,44,34434650,9982200,9780450,0,24452,0,5,0
5,1618316913,1146,772000,12045800,35173100,1537100,49528000,50161050,305,34508700,9990750,9766900,0,24452,0,5,0
6,201713393,1147,769450,12311250,34993900,2244450,50319050,50414450,348,34820500,10453200,10229050,0,24452,0,5,0
7,2011502881,1148,776900,12045200,35205000,1774300,49801400,49901500,353,35031750,10487150,10257650,0,24452,0,5,0
8,3125474025,1149,765500,11931050,34949900,2413450,50059900,50157550,382,34771300,10497800,10271150,0,24452,0,5,0
9,1342287211,1150,774150,12064350,35107100,2115450,50061050,50158350,422,34934150,10487150,10263250,0,24452,0,5,0
10,3857196809,1151,762050,12175300,34900600,2220450,50058400,50155800,344,34721500,10590550,9570050,0,24452,0,5,0
11,2240049260,1152,780000,11836000,34289350,3150950,50056300,50157850,528,34118450,10044800,9824350,0,24132,0,5,0
12,1815897908,1153,769400,11615650,34560800,3113550,50059400,50159750,524,34387400,10553100,10327950,0,24132,0,5,0
13,648884648,1154,767700,11854700,34798650,2635200,50056250,50154950,527,34625400,10556450,10328050,0,24132,0,5,0
14,2931991803,1155,1464600,11036600,37515550,48050,50064800,50161000,4,36625100,10521850,10298850,0,24132,0,5,0
15,4227589206,1156,765400,11883600,34679050,2729600,50057650,50154650,546,34512500,10529750,10307450,0,24132,0,5,0
16,1986714807,1157,1379750,11755850,41617150,12024550,66777300,66877750,2162,41447550,9718400,9524400,0,24132,0,5,0
17,28333542,1158,765600,11740650,34565700,2986650,50058600,50161050,499,34393550,10371700,10153950,0,24132,0,5,0
18,842458438,1159,812700,12316250,34466650,1760400,49356000,50154400,350,34297700,10431700,10208850,0,24132,0,5,0
19,4035787358,1160,755400,11713200,34460500,3130200,50059300,50157950,529,34282300,10532050,10304950,0,24132,0,5,0
20,3966921526,1161,771500,11829600,34183100,3276700,50060900,50159250,554,34015300,10040300,9831700,0,24132,0,5,0
21,3331783808,1162,1391400,11009650,34560000,3098400,50059450,50159300,521,34383450,10525750,10302600,0,24132,0,5,0
22,1855912102,1163,771900,11837550,35060650,2385900,50056000,50154400,476,34889100,10568650,10350900,0,24132,0,5,0
23,3437663592,1164,1381700,11019150,34575850,3086000,50062700,50159100,513,33711850,10519450,9583150,0,24132,0,5,0
24,3162062844,1165,769650,11825850,36122050,1338750,50056300,50156600,265,35953550,10484400,10254100,0,24132,0,5,0
25,1213835568,1166,1346050,11834850,33952200,2931750,50064850,50160350,460,33786700,9671150,9464000,0,24132,0,5,0
26,4133797692,1167,777550,11773550,34811700,3179700,50542500,50643950,515,34635700,10401100,10179950,0,24132,0,5,0
27,256876650,1168,771800,11821050,34274050,2707900,49574800,49674250,437,34103250,9968050,9771300,0,24452,0,5,0
28,482917404,1169,779450,11886050,34640350,2797350,50103200,50202750,462,34472100,10459300,10232700,0,24452,0,5,0
29,1264633954,1170,763700,11994650,34007400,3244400,50010150,50111350,547,33836850,9719700,9017000,0,24132,0,5,0
30,3606135978,1171,777500,11833000,34787750,2659950,50058200,50157650,432,34615500,10350850,10126700,0,24132,0,5,0
31,2630115922,1172,774550,11993250,34165900,3125100,50058800,50157050,520,33990900,9890900,9678300,0,24132,0,5,0
32,3881483034,1173,779450,11748200,34453300,3076800,50057750,50156200,518,34279450,10394450,10161200,0,24132,0,5,0
33,2944919204,1174,770350,11950100,34631250,2708500,50060200,50158650,542,33955600,9880650,9669750,0,24132,0,5,0
34,646532490,1175,1416850,10982750,37211600,452650,50063850,50158950,86,37039450,10434000,10212200,0,24132,0,5,0
35,2877853796,1176,760900,11848650,34772000,2679750,50061300,50157450,536,34605250,10415400,10188300,0,24132,0,5,0
36,1922367648,1177,1362000,11699000,41579500,12139200,66779700,66875800,2190,41409550,10285500,10060350,0,24132,0,5,0
37,1795563108,1178,771600,11910500,34508150,2868850,50059100,50157800,476,34325600,10374100,10149600,0,24132,0,5,0
38,214631552,1179,774200,11971150,34430200,2883700,50059250,50159400,473,34262150,9888550,9654100,0,24132,0,5,0
39,1929726190,1180,771350,11857700,34517900,2910450,50057400,50159150,485,34335950,10385200,10162850,0,24132,0,5,0
40,1190506064,1181,773300,12019000,34115650,3152400,50060350,50158700,527,33945300,9869350,9660000,0,24132,0,5,0
41,3268351150,1182,772950,11706650,34526950,3051000,50057550,50158600,514,34348250,10357450,10129300,0,24132,0,5,0
42,118037070,1183,772750,11988900,34966100,2329650,50057400,50155750,465,34796250,10462200,10240150,0,24132,0,5,0
43,1955195062,1184,1431900,11023850,34481100,3124250,50061100,50157600,528,33463600,10349700,9438900,0,24132,0,5,0
44,1797432467,1185,776550,11810950,36286200,1185150,50058850,50158200,234,36109750,9673050,9478600,0,24132,0,5,0
45,1035442557,1186,1352950,11755450,34201400,2747750,50057550,50158650,450,34032950,9841750,9642100,0,24132,0,5,0
46,2267612867,1187,783450,11797500,35003100,2468350,50052400,50153200,493,34834600,10793350,10565300,0,24132,0,5,0
47,1217717069,1188,775700,11819400,34267950,2713950,49577000,50163300,441,34096800,9895300,9697150,0,24132,0,5,0
48,1461268009,1189,787400,11774400,34650850,3008450,50221100,50322050,506,34472250,10395300,10168800,0,24132,0,5,0
49,2370304197,1190,816950,12041800,34745700,1581050,49185500,49987850,314,34575700,10401700,10173100,0,24132,0,5,0
50,655561417,1191,759750,11721850,34608950,3109600,50200150,50298750,468,34436750,10389450,10168500,0,24132,0,5,0
51,524675839,1192,773100,11815750,34355350,2980100,49924300,50019650,493,34180150,9972650,9755500,0,24452,0,5,0
52,1155835041,1193,786550,11641900,34670150,2959550,50058150,50157500,496,34496850,10437900,10216050,0,24452,0,5,0
53,214853719,1194,770950,11802850,34333350,3153650,50060800,50160650,529,34161300,9889100,9666750,0,24132,0,5,0
54,3035389575,1195,785300,11542300,37372300,353500,50053400,50152750,66,37200800,10405050,10184950,0,24132,0,5,0
55,1549109231,1196,765850,12257000,34676450,2364200,50063500,50159650,472,34511150,10404900,10188950,0,24132,0,5,0
56,66132623,1197,1422200,11041150,41978950,12339100,66781400,66877600,2233,41112500,10317850,10094000,0,24132,0,5,0
57,3504604473,1198,775200,11777050,34637650,2903550,50093450,50194250,483,34469100,10377350,10160100,0,24132,0,5,0
58,1691498415,1199,769100,11866350,34203050,3183350,50021850,50120900,479,34034300,9891650,9680000,0,24132,0,5,0
59,4055346753,1200,779550,11724050,34645000,2912450,50061050,50162050,487,34471050,10370300,10151100,0,24132,0,5,0
60,4185240021,1201,774300,11840050,34180750,3261450,50056550,50155450,551,34012300,9905900,9692750,0,24132,0,5,0
61,380494641,1202,770150,11611650,34619050,3056600,50057450,50157500,515,34443050,10381300,10159750,0,24132,0,5,0
62,648826037,1203,772150,11862650,34720350,2700150,50055300,50154900,540,34069500,9888800,9667700,0,24132,0,5,0
63,457329003,1204,1414850,11983100,33853650,2814350,50065950,50161700,466,33687050,9677600,9496750,0,24132,0,5,0
64,3359035981,1205,775900,11855750,36533150,893200,50058000,50157800,175,36365600,9696800,9507400,0,24132,0,5,0
65,1526400123,1206,1411750,11722000,33869000,3056050,50058800,50156450,516,33698550,9694300,9498350,0,24132,0,5,0
66,1691524227,1207,769800,11821000,34621800,2846150,50058750,50159350,569,34454150,10558900,10344900,0,24132,0,5,0
67,1475349003,1208,1264400,12125350,34114200,2557600,50061550,50158100,408,33948200,9874100,9148650,0,24132,0,5,0
68,485644907,1209,771400,11757350,34609150,3194150,50332050,50434300,546,34437300,10556250,10323150,0,24132,0,5,0
69,1050479637,1210,767450,11830400,34194350,2992150,49784350,49882950,491,34023300,9981900,9777200,0,24132,0,5,0
70,3204525547,1211,773000,11698350,36833950,793800,50099100,50198900,45,36663200,10020500,9818750,0,24132,0,5,0
71,4185398997,1212,765850,11815700,34484150,2945850,50011550,50112800,463,34312300,9886000,9684050,0,24132,0,5,0
72,3094072225,1213,780300,11712950,34403000,3165700,50061950,50162000,512,34233800,10388800,10170000,0,24132,0,5,0
73,1835371693,1214,764750,11857650,34110650,3322850,50055900,50157200,562,33937150,9903950,9689100,0,24132,0,5,0
74,2168771505,1215,788150,11719750,36274100,1276650,50058650,50158550,148,36109200,9885250,9667650,0,24132,0,5,0
75,4059398759,1216,774600,12025450,35178800,2074050,50052900,50151450,413,35010600,10470500,10239200,0,24452,0,5,0
76,644479865,1217,1492250,11829700,41318100,12146000,66786050,66883550,2162,41145450,10445300,10210200,0,24452,0,5,0
77,1914197423,1218,779950,11805550,34616600,2991950,50194050,50297500,504,34446200,10552400,10324050,0,24132,0,5,0
78,430804047,1219,775800,11886500,34017000,3235400,49914700,50016250,538,33850550,9967050,9759100,0,24132,0,5,0
79,3866048775,1220,1716400,11780000,34518400,1335600,49350400,50158550,154,34341450,9990200,9786000,0,24132,0,5,0
80,7140231,1221,799850,11925900,33811400,3518400,50055550,50156650,577,33642150,9759350,9551350,0,24132,0,5,0
81,1511961547,1222,771850,11705400,34329500,3245800,50052550,50156650,529,34157650,10382650,10162350,0,24132,0,5,0
82,376629139,1223,773350,11894200,33942750,3449000,50059300,50159450,587,33772100,9884950,9673450,0,24132,0,5,0
83,1861594235,1224,1500950,11003700,34907400,2645900,50057950,50157850,430,34729750,9710900,9526000,0,24132,0,5,0
84,1702339483,1225,776100,12059750,36091250,1127750,50054850,50154500,222,35920100,10367200,10139600,0,24132,0,5,0
85,966101579,1226,1478900,11872200,33775350,2938650,50065100,50160950,488,33604050,9711700,9515700,0,24132,0,5,0
86,2786182811,1227,782000,11921350,34517300,2834850,50055500,50155450,567,34340950,10402300,10181600,0,24132,0,5,0
87,3655782539,1228,1291550,11953950,34475050,2345950,50066500,50162700,366,34305650,9864700,9664600,0,24132,0,5,0
88,3735461922,1229,777550,11926250,34501850,3255050,50460700,50560750,558,34329050,10426950,10201600,0,24132,0,5,0
89,270833838,1230,766500,11968750,34134000,2778950,49648200,49750900,452,33961950,9897400,9688550,0,24132,0,5,0
90,930095294,1231,772450,11782900,34605650,2998200,50159200,50259150,504,34438000,10386450,10165900,0,24132,0,5,0
91,1273808962,1232,763700,11815750,34679900,2698300,49957650,50057300,434,34507450,10272750,10049100,0,24132,0,5,0
92,1953673858,1233,790750,11694450,34474750,3099950,50059900,50158100,523,34301650,10392900,10164650,0,24132,0,5,0
93,4057475070,1234,767950,11815950,34144000,3332150,50060050,50159600,564,33967050,9900450,9691250,0,24132,0,5,0
94,3372198854,1235,787500,11649400,35735050,1884950,50056900,50156850,270,35559800,11634500,11405350,0,24132,0,5,0
95,2335202154,1236,786100,11864700,34225150,3182200,50058150,50156650,479,34054600,9878800,9669100,0,24132,0,5,0
96,2170853250,1237,1474700,10988950,41861900,12455350,66780900,66880900,2254,41691750,10765050,10536900,0,24132,0,5,0
97,1829955022,1238,776100,11972200,34485750,3099650,50333700,50432350,524,34316950,10393400,10163350,0,24132,0,5,0
98,1856045454,1239,768300,12018300,33964200,3032250,49783050,49881450,503,33790850,9881500,9675750,0,24132,0,5,0
99,2544683154,1240,766500,11779300,35065750,2446500,50058050,50157700,390,34894400,10861650,10629300,0,24452,0,5,0
100,1531444578,1241,772600,11836950,34119500,3329500,50058550,50157300,562,33948750,9820600,9613350,0,24452,0,5,0
101,1139277022,1242,778500,11705400,34470700,3104550,50059150,50159050,525,34296750,10383350,10162600,0,24132,0,5,0
102,2614530982,1243,771650,11851200,34152350,3284200,50059400,50157650,555,33984550,9903050,9696600,0,24132,0,5,0
103,464765994,1244,776350,11642700,34814650,2824100,50057800,50157600,445,34642100,10653700,10430800,0,24132,0,5,0
104,1592019490,1245,771400,11863750,36634400,786150,50055700,50156650,153,36465000,10435450,9461950,0,24132,0,5,0
105,66207950,1246,1502550,11043150,34499600,3014900,50060200,50159200,506,33624250,10369800,9458300,0,24132,0,5,0
106,2639428798,1247,768550,11882350,34613400,2788750,50053050,50154400,558,34444100,10437850,10213850,0,24132,0,5,0
107,1495915330,1248,1366150,11731800,33927600,3036000,50061550,50159150,506,33761000,9742750,9543150,0,24132,0,5,0
108,4079891938,1249,770950,12161550,34526050,2596950,50055500,50156850,519,34354150,10389350,10168150,0,24132,0,5,0
109,1204987230,1250,801550,12049800,34767400,1231250,48850000,50158850,243,34599350,10419900,10206850,0,24132,0,5,0
110,949029318,1251,765750,11852000,34484850,3180900,50283500,50382350,541,34306750,10384200,10163900,0,24132,0,5,0
111,2727127274,1252,773050,11846250,34115750,3099250,49834300,49934000,518,33947600,9869300,9660550,0,24132,0,5,0
112,2443393666,1253,792900,12033500,34447350,2784950,50058700,50158250,460,34281050,10542250,10315350,0,24132,0,5,0
113,434260526,1254,762200,11828200,34191550,3276850,50058800,50157250,555,34021800,10024150,9807350,0,24132,0,5,0
114,2637634158,1255,766500,11657400,35942450,1695900,50062250,50160650,194,35754800,11987150,11741000,0,24132,0,5,0
115,4248248050,1256,787750,11884450,34193100,3190700,50056000,50154250,529,34011150,10015900,9811250,0,24132,0,5,0
116,663154818,1257,778750,11556200,41978050,12469400,66782400,66882450,2355,41804700,17674300,17378700,0,24132,0,5,0
117,1461428606,1258,786200,11844650,34625400,3209900,50466150,50563750,556,34452450,10402900,10184750,0,24132,0,5,0
118,3252362022,1259,769800,11867900,34124100,2890150,49651950,49750500,485,33960250,9894600,9677050,0,24132,0,5,0
119,2423015338,1260,765950,11785900,34573900,3016450,50142200,50243800,517,34405400,10387800,10170100,0,24132,0,5,0
120,507309730,1261,772200,12209900,33887100,3099300,49968500,50068400,518,33724450,9742500,9036450,0,24132,0,5,0
121,2882991293,1262,771450,11725000,34536800,3023800,50057050,50157750,509,34366050,10534650,10315600,0,24132,0,5,0
122,3682963569,1263,772300,11843250,33930850,3513650,50060050,50160200,603,33761300,9874950,9665850,0,24132,0,5,0
123,1404881069,1264,766850,11676550,34593250,3021950,50058600,50158700,508,34420750,10599300,10377450,0,24452,0,5,0
124,624513273,1265,771200,11863500,36699250,719950,50053900,50152700,140,36530300,10681400,10453250,0,24452,0,5,0
125,484090933,1266,1490700,10992050,34489200,3092450,50064400,50163800,514,34314350,10489850,10269450,0,24132,0,5,0
126,2330053545,1267,769300,11874050,34668700,2742550,50054600,50154400,549,34500650,10530300,10303850,0,24132,0,5,0
127,3891445269,1268,1388700,11703650,33648000,3322200,50062550,50160300,545,33467800,10370450,10149450,0,24132,0,5,0
128,1947616753,1269,776000,11815900,34783500,2674400,50049800,50152750,535,34606350,10419400,10193700,0,24132,0,5,0
129,965975981,1270,1402000,11851100,34018550,2795150,50066800,50163000,460,33846250,9865050,9657850,0,24132,0,5,0
130,2786931617,1271,771550,11913750,34214450,3466550,50366300,50465800,606,34040400,10272450,9512900,0,24132,0,5,0
131,4011087213,1272,778800,11983850,34027850,2954900,49745400,49847850,492,33856600,9876050,9675200,0,24132,0,5,0
132,3703868376,1273,781400,11903100,34714150,2679800,50078450,50176700,442,34541900,10385200,10160550,0,24132,0,5,0
133,212089708,1274,768700,11998550,33932700,3337950,50037900,50138000,568,33760500,9759550,8784100,0,24132,0,5,0
134,737348112,1275,771300,11866150,35618450,1805050,50060950,50160700,214,35442900,11685900,11451850,0,24132,0,5,0
135,1465149204,1276,784550,11998000,34055000,3216250,50053800,50155950,543,33869650,9903250,9693350,0,24132,0,5,0
136,3549792448,1277,773050,11631550,42319150,12051950,66775700,66876200,2107,42140200,18290950,17993050,0,24132,0,5,0
137,3053421220,1278,804000,11871250,34472200,2904200,50051650,50157100,581,34291600,10423600,10205750,0,24132,0,5,0
138,904563048,1279,769550,11871250,33910650,2912550,49464000,50159850,483,33743950,9875300,9660800,0,24132,0,5,0
139,1363341148,1280,815350,12013300,34362850,2367950,49559450,50369800,375,34179250,10374050,10156150,0,24132,0,5,0
140,3357813192,1281,772750,12022700,34354700,2696250,49846400,49947500,435,34191800,9890150,9670750,0,24132,0,5,0
141,1376589724,1282,774650,11909800,34415300,2955750,50055500,50155650,496,34230650,10384350,10164150,0,24132,0,5,0
142,2806738240,1283,775650,12027300,33803500,3455650,50062100,50161500,591,33636800,9775000,8786550,0,24132,0,5,0
143,1863420068,1284,773100,11880050,34371350,3032250,50056750,50156750,511,34195550,10399800,10173800,0,24132,0,5,0
144,2368389248,1285,772000,11998400,36421050,863600,50055050,50153700,169,36240750,11987350,11744850,0,24132,0,5,0
145,3624800580,1286,782150,11657800,34485750,3142100,50067800,50162300,533,34307800,10380800,10162250,0,24132,0,5,0
146,2708332264,1287,772400,11893000,35224800,2166250,50056450,50155100,432,35054350,10447950,10207750,0,24132,0,5,0
147,3643166428,1288,1462450,11038050,34535050,3024950,50060500,50156550,510,33663100,9607650,9422350,0,24452,0,5,0
148,1604903896,1289,773950,11867700,36801750,611550,50054950,50156200,118,36629200,10139250,9921400,0,24452,0,5,0
149,499105388,1290,1387200,11760950,34190550,2725550,50064250,50162550,443,34017250,9860650,9651900,0,24132,0,5,0
150,3393190256,1291,774150,11813500,34554100,3362400,50504150,50605400,582,34386000,10447950,10226500,0,24132,0,5,0
151,1752164884,1292,766900,11903200,34201250,2736600,49607950,49707450,445,34029850,9895200,9692600,0,24132,0,5,0
152,112950176,1293,785950,11749300,34597050,3371050,50503350,50603100,521,34421850,10405000,10181500,0,24132,0,5,0
153,218377828,1294,772300,11854100,34202150,2793100,49621650,49715600,455,34030550,9916300,9704050,0,24132,0,5,0
154,1614877672,1295,774100,11704550,34543900,4172600,51195150,51295050,478,34374900,10394200,10174700,0,24132,0,5,0
155,624660060,1296,793000,11929700,34577950,1607250,48907900,49016200,319,34407750,10418000,10201250,0,24132,0,5,0
156,1646146728,1297,769450,11732300,40100750,28550,52631050,52726050,0,39919050,16033700,15797250,0,24132,0,5,0
157,2550301372,1298,1611900,12262500,34149000,16193700,64217100,64314350,2929,33979200,9859500,9650250,0,24132,0,5,0
158,172327680,1299,1234400,11823650,34144500,2852000,50054550,50154750,469,33976450,9873900,9666050,0,24132,0,5,0
159,28774455,1300,784900,11639150,34219150,3712650,50355850,50457250,655,34042250,10327200,10108150,0,23812,0,5,0
160,1278562831,1301,765600,11650900,33458800,3887650,49762950,49862150,624,33293500,9588850,9389850,0,23812,0,5,0
161,1878041307,1302,769200,11659500,34245400,3387850,50061950,50157250,588,34075350,10330350,10111050,0,23812,0,5,0
162,2842495315,1303,765750,11637450,33430300,4222100,50055600,50155150,750,33264800,9578550,9382300,0,23812,0,5,0
163,942955647,1304,771250,11568600,34198900,3520450,50059200,50157300,611,34028450,10314350,10096000,0,23812,0,5,0
164,3104849743,1305,767150,11691000,36039450,1558800,50056400,50156050,309,35869900,12087250,11853050,0,23812,0,5,0
165,2914266731,1306,774850,11915700,34242500,3131800,50064850,50161650,530,34069300,10302900,10084050,0,23812,0,5,0
166,4064468955,1307,779450,11676600,33778950,3822400,50057400,50155700,663,33613200,9817450,9606150,0,23812,0,5,0
167,3195515191,1308,1413800,10841800,34198550,3603500,50057650,50158550,627,34025550,10437350,10219400,0,23812,0,5,0
168,978211615,1309,766000,11685850,33899450,3709850,50061150,50160800,640,33733100,10027300,9811250,0,24132,0,5,0
169,2835071531,1310,1309550,10891150,34599750,3253250,50053700,50156850,555,34426950,10517050,10292850,0,24132,0,5,0
170,2067386771,1311,769950,11681900,34315050,3285400,50052300,50153700,658,34147700,10004450,9792750,0,24132,0,5,0
171,1313815599,1312,1232100,11550150,33420050,3865000,50067300,50163250,670,33251700,10400550,10182600,0,23812,0,5,0
172,2403178911,1313,769350,11647300,33423350,4432700,50272700,50372950,679,33259500,9823150,9605500,0,23812,0,5,0
173,2922328731,1314,765100,11608600,33739500,3724200,49837400,49938650,626,33572600,9657900,9471050,0,23812,0,5,0
174,984914827,1315,764600,11607900,34024150,3703050,50099700,50200450,630,33855300,10328000,10101500,0,23812,0,5,0
175,3908989879,1316,762550,13374550,34057050,1818750,50012900,50114100,362,33888250,10346150,10131400,0,23812,0,5,0
176,3999582383,1317,761200,11725900,33965800,5828050,52280950,52377000,556,33789400,10302650,10078800,0,23812,0,5,0
177,407226939,1318,812750,15394250,34368150,13969500,64544650,64659650,2537,34188150,10260450,10044700,0,23812,0,5,0
178,1756548563,1319,1271050,11603950,33397600,3785550,50058150,50158550,662,33219050,10429500,10203500,0,23812,0,5,0
179,270721439,1320,761350,11678000,34235250,3800050,50474650,50575150,674,34056900,10464950,10251250,0,23812,0,5,0
CSV_END

NV_DONE_4afd6baa3245=0
# 
CAPTURE: {"label": "mailbox-r0-s1800-grouped", "elapsed_seconds": 28.726769300999877, "bytes_received": 22443, "command": "/tmp/fifo-bench --frames 180 --warmup 30 --wait spin --state-frame 1800 --grouped --csv /tmp/fifo-case.csv --dump /tmp/fifo-check.rgb565; fifo_rc=$?; if [ \"$fifo_rc\" = 0 ]; then sha256sum /tmp/fifo-check.rgb565 /tmp/fifo-check.rgb565.expected; printf \"\\nCSV_BEGIN\\n\"; cat /tmp/fifo-case.csv; printf \"CSV_END\\n\"; fi; test \"$fifo_rc\" = 0", "command_exit": 0, "login_sent": false, "log": "/path/to/research/experiments/fifo-study-20261008/20261008T074719Z-mailbox-r0-s1800-grouped.raw"}
