/tmp/fifo-bench --frames 180 --warmup 30 --wait spin --state-frame 0  --csv /tmp/fifo-case.csv --dump /tmp/fifo-check.rgb565; fifo_rc=$?; if [ "$fifo_rc" = 0 ]; then sha256sum /tmp/fifo-check.rgb565 /tmp/fifo-check.rgb565.expected; printf "\nCSV_BEGIN\n"; cat /tmp/fifo-case.csv; printf "CSV_END\n"; fi; test "$fifo_rc" = 0; nv_status=$?; printf "\nNV_DONE_62b3c4989458=%s\n" "$nv_status"
BEGIN_BREAKOUT frames=180 warmup=30 fixed=0 blocks=40 tiles=1 hud=1 wait=spin replay=0 state_frame=0 profile=detailed pixel_centers=1 clock_call_ns=5491
HW_COUNTERS id=46490001 words=1392820 wait_cycles=15814931 longest_wait_cycles=4594 total_cycles=300603798 cpu_hz=20000000
RESULT frames=180 elapsed_s=15.030070000 fps=11.975992 logic_ms=1.004835 api_ms=21.924744 swap_ms=46.055251 wait_ms=14.389302 worker_inclusive_ms=45.820219 upload_inclusive_ms=12.223478 write_ms=11.971283 bytes_per_frame=30951.56 p50_ms=83.596550 p95_ms=83.872000 max_ms=85.178800 late_60hz=180 first_count=285 last_count=464 state_hash=8f34e8fd remaining=38 score=20
RENDER_PATH retained=0 grouped=0 quads=13131 full_frames=180
FRAME_CHECK count=464 address=9fe00000 fnv1a=79c99b23 pixels=307200 mismatches=0
BREAKOUT_PASS
390c3a3d59409d8ff943126d26d4cf382d68bc6138c59a7b19e01e47d8229426  /tmp/fifo-check.rgb565
390c3a3d59409d8ff943126d26d4cf382d68bc6138c59a7b19e01e47d8229426  /tmp/fifo-check.rgb565.expected

CSV_BEGIN
frame,state_hash,display_count,logic_ns,api_ns,swap_ns,wait_ns,total_ns,completion_interval_ns,polls,worker_inclusive_ns,upload_inclusive_ns,write_ns,read_ns,write_bytes,read_bytes,write_calls,read_calls
0,3724779174,285,720650,21382000,46280600,14630450,83013700,83025750,2762,46101600,12303550,12087850,0,31172,0,5,0
1,1709657109,286,1319850,21573850,47975000,12628550,83497250,83599050,2340,47794150,12152650,11934700,0,31172,0,5,0
2,1894904752,287,1445500,21289500,45335800,15421050,83491850,83593750,2836,45165000,12073500,11833450,0,31172,0,5,0
3,3703759967,288,809200,21970750,45361150,15354650,83495750,83596250,2823,45182800,12202050,11979050,0,31172,0,5,0
4,19533624,289,830450,21630250,45438700,15595700,83495100,83599550,2845,45266650,12070200,11849550,0,31172,0,5,0
5,816884773,290,811550,21624350,45550700,15502450,83489050,83593450,2858,45375900,12455450,12241150,0,31172,0,5,0
6,1339236364,291,872300,22012600,45467900,14455900,82808700,83601050,2634,45295700,12207850,11993000,0,31172,0,5,0
7,3072959373,292,816600,21071700,47561600,14045700,83495600,83595900,2554,47384600,12043400,11813500,0,31172,0,5,0
8,1782884746,293,830600,21377250,52344800,8941050,83493700,83593850,1578,52166900,15993150,15720600,0,31172,0,5,0
9,30296781,294,808500,21018500,45382750,16528250,83738000,83841100,2955,45202550,12146600,11914800,0,31492,0,5,0
10,4026418858,295,831100,21008700,46192400,15216400,83248600,83352650,2894,45502500,12520150,12278950,0,31492,0,5,0
11,2084929051,296,1263450,21152100,45469150,15612750,83497450,83595350,2873,45289500,12262300,12025950,0,31492,0,5,0
12,3114489770,297,1442350,20859800,45487500,15705850,83495500,83596350,2895,45313750,12055900,11826850,0,31172,0,5,0
13,891400471,298,814700,22048600,47580450,13049500,83493250,83595550,2435,47407550,11989800,11792600,0,31172,0,5,0
14,3472773456,299,839950,21780750,45083200,15795400,83499300,83598400,2893,44910150,12088400,11872300,0,31172,0,5,0
15,3010688243,300,808000,21652250,45591500,15441300,83493050,83594950,2848,45411800,12418000,12201450,0,31172,0,5,0
16,2819524756,301,829950,21206100,46013450,15447250,83496750,83596750,2852,45831400,12223300,12011300,0,31172,0,5,0
17,3241678401,302,815750,21038400,46072750,15567200,83494100,83596650,2853,45897550,12050050,11828800,0,31172,0,5,0
18,2154316504,303,845550,21387000,45778700,15483300,83494550,83595050,2864,45608300,11966100,11756000,0,31172,0,5,0
19,772262681,304,809200,21174000,47137200,14666900,83787300,83886550,2657,46950100,13985550,13712550,0,31172,0,5,0
20,3882818750,305,843350,20983950,45564100,15816500,83207900,83309100,1871,45395200,12433100,12194950,0,31172,0,5,0
21,521131153,306,1560550,21532100,45646800,14737350,83476800,83596400,2794,44974350,12227850,11982550,0,31172,0,5,0
22,1838187414,307,1452700,21206700,45390900,15441400,83491700,83594550,2811,45211000,12077150,11854350,0,31172,0,5,0
23,840574439,308,817350,22262550,45502300,14909450,83491650,83597650,2729,45324950,12092850,11862100,0,31172,0,5,0
24,2879461878,309,832000,22142550,45002300,15519200,83496050,83598900,2834,44829450,12079800,11862150,0,31172,0,5,0
25,202086035,310,813900,21935150,45877600,14866950,83493600,83595500,2403,45707100,12110700,11892650,0,31172,0,5,0
26,959703924,311,848750,22219950,45424150,14994900,83487750,83592850,2752,45251550,12215600,11999000,0,31172,0,5,0
27,3795724423,312,821150,21370450,46112100,15193250,83496950,83598150,2768,45931300,12061500,11857000,0,31172,0,5,0
28,2500539904,313,852900,21661750,46113150,14865850,83493650,83596700,2729,45933300,12043600,11859850,0,31172,0,5,0
29,2269000541,314,812750,21515550,44953950,16527150,83809400,83910950,2949,44782150,12085750,11841950,0,31172,0,5,0
30,1900681108,315,845250,21317000,46046650,14970950,83179850,83283200,2835,45878050,11861550,11641600,0,31172,0,5,0
31,3680168245,316,1333400,21438600,45382100,15339400,83493500,83594200,2815,45211600,12225150,11980900,0,31172,0,5,0
32,2344329490,317,2773350,21796500,46045600,12879400,83494850,83596700,2367,45015450,12018800,11818350,0,31172,0,5,0
33,2130650181,318,814350,30056650,45542900,7082450,83496350,83599100,1272,45364600,12131200,11900500,0,31492,0,5,0
34,906966818,319,839800,22261150,45529900,14857600,83488450,83592100,2711,45358150,12287200,12063250,0,31492,0,5,0
35,3939376531,320,814250,21955950,46063750,14656000,83489950,83597100,2677,45892650,12181950,11963250,0,31492,0,5,0
36,2110688546,321,869450,22444100,45487300,13997400,82798250,83595950,2540,45308450,12048000,11808100,0,31172,0,5,0
37,2695523007,322,816950,21426250,46175600,15079800,83498600,83600100,2747,45997550,12066650,11840050,0,31172,0,5,0
38,744447992,323,839800,24282250,45411750,12960000,83493800,83595700,2326,45234800,12056550,11821350,0,31172,0,5,0
39,3728640411,324,814200,21560650,45816100,15659750,83850700,83951250,2896,45643100,12768250,12514150,0,31172,0,5,0
40,618879740,325,833950,24089250,45908100,12308850,83140150,83239050,2272,45730550,12054700,11822600,0,31172,0,5,0
41,1239708057,326,1460050,21318200,45376650,15342150,83497050,83598100,2814,45205000,12090050,11845400,0,31172,0,5,0
42,2429742208,327,1436550,21288600,45275150,15496550,83496850,83598850,2821,45099100,12083600,11857950,0,31172,0,5,0
43,412095716,328,816300,22299650,45702200,14674750,83492900,83594650,2676,45525600,12134900,11904450,0,31172,0,5,0
44,1226741467,329,833600,23582850,45648750,13427500,83492700,83596750,2520,45469600,12703900,11987650,0,31172,0,5,0
45,3288446148,330,807250,22111200,53418450,7159550,83496450,83596650,1268,53239950,12063550,11847350,0,31172,0,5,0
46,1157984843,331,831950,22424200,45564750,14668400,83489300,83591600,2683,45389150,12125550,11903850,0,31172,0,5,0
47,3877288378,332,813750,21811000,45898300,14976950,83500000,83602200,2725,44984750,12081250,11865100,0,31172,0,5,0
48,4236526315,333,835100,21716350,46085800,14856500,83493750,83595500,2728,45907750,12084150,11897100,0,31172,0,5,0
49,533834014,334,813200,21557550,45842750,15658950,83872450,83971500,2900,45668000,12747500,12494150,0,31172,0,5,0
50,1649361089,335,836400,21320400,47878450,13082600,83117850,83220400,2409,47700350,11898650,11182000,0,31172,0,5,0
51,2486981906,336,1362400,21303550,45345900,15478150,83490000,83592700,2843,45173750,12106400,11861600,0,31172,0,5,0
52,1706075277,337,1447600,21347400,46580600,14119450,83495050,83598350,2662,45757000,12134800,11912050,0,31172,0,5,0
53,267972368,338,810450,22279750,45526550,14880550,83497300,83597350,2721,45342550,12107500,11875700,0,31172,0,5,0
54,3895401273,339,831800,22118150,45508450,15036950,83495350,83595900,2752,45334500,12221700,11991100,0,31172,0,5,0
55,605985656,340,812700,22023050,45951650,14707400,83494800,83597050,2657,45777200,12109300,11887000,0,31172,0,5,0
56,4077673024,341,887000,21354400,47534550,13717750,83493700,83597650,2479,46637350,12014400,11780950,0,30852,0,5,0
57,985632231,342,850600,21502850,52962400,8179200,83495050,83596550,1457,52777050,18187650,17907300,0,30852,0,5,0
58,3720590956,343,873100,21404350,45581100,15661950,83520500,83625200,2894,45407850,11833600,11616200,0,30852,0,5,0
59,3264032585,344,868150,21512450,45698250,15389650,83468500,83568900,2927,45002800,12170000,11920500,0,30852,0,5,0
60,395405688,345,863150,21336600,46094900,14802150,83096800,83597100,2769,45923700,11847200,11643550,0,30852,0,5,0
61,32142420,346,1407150,21323200,45163200,15598800,83492350,83594400,2867,44993500,12044250,11802150,0,30852,0,5,0
62,1187067055,347,1502800,21366150,48046000,12579450,83494400,83595950,2275,47871350,12154950,11948150,0,30852,0,5,0
63,459140908,348,857950,21995400,45384550,15252900,83490800,83594950,2794,45208200,12000100,11767650,0,30852,0,5,0
64,3369786495,349,868500,22144800,45297700,15182450,83493450,83597200,2782,45125950,12005550,11792550,0,30852,0,5,0
65,1572434254,350,853550,22334800,45263400,15044650,83496400,83599250,2727,45082650,11836900,11094500,0,30852,0,5,0
66,4107798823,351,914050,22309650,45259600,14314800,82798100,83595600,2603,45085750,11998050,11779600,0,30852,0,5,0
67,343968250,352,853100,21558750,45708850,15371150,83491850,83593150,2750,45528550,12131700,11898500,0,30852,0,5,0
68,3102454017,353,880450,21313750,47207900,14288500,83690600,83792350,2536,47031550,13332250,13109750,0,30852,0,5,0
69,3051095563,354,873000,21430650,45034250,17736450,85074350,85178800,2110,44861600,12021900,11777450,0,30852,0,5,0
70,2391331016,355,915550,23651700,45371850,11765500,81704600,81820700,2127,45192200,12053300,11823750,0,30852,0,5,0
71,3869016117,356,1388550,21371550,45191800,15540750,83492650,83594100,2853,45021450,12045650,11802750,0,30852,0,5,0
72,1579800804,357,1499700,21374200,45313950,15306200,83494050,83596050,2727,45135000,12186900,11962500,0,30852,0,5,0
73,2792341157,358,861500,22060400,45375150,15199150,83496200,83600550,2760,45198650,12020350,11788000,0,30852,0,5,0
74,714702942,359,868750,22074550,45395800,15149800,83488900,83595300,2453,45221650,12012050,11796350,0,30852,0,5,0
75,1092538936,360,872050,22388250,45692450,14535550,83488300,83596800,2619,45514750,12023950,11792450,0,30852,0,5,0
76,1561271239,361,869300,21374250,45925800,15324950,83494300,83595650,2820,45748200,12086700,11867050,0,31172,0,5,0
77,3798074098,362,850600,21596700,45834900,15212350,83494550,83597800,2715,45655100,12170500,11978250,0,31172,0,5,0
78,3022639071,363,877450,21318950,45840600,15557400,83594400,83695550,2848,45670700,11913750,11693100,0,31172,0,5,0
79,2282770062,364,853850,21403700,45797750,15339550,83394850,83497000,2917,45106850,12012500,11775550,0,30852,0,5,0
80,1626512457,365,1327450,21511300,45940950,14715600,83495300,83593850,2782,45760950,11914700,11701850,0,30852,0,5,0
81,3156888026,366,2677150,21547900,45976650,13296350,83498050,83599550,2483,45799400,11997100,11790300,0,30852,0,5,0
82,3038824309,367,1497900,29590700,45298300,7102050,83488950,83591500,1254,45118050,12276200,12047200,0,30852,0,5,0
83,1261846460,368,848600,22069700,45409750,15170950,83499000,83599650,2752,45233300,11994200,11762150,0,30852,0,5,0
84,2035201521,369,865700,22036000,45157500,15432150,83491350,83595850,2837,44985350,11999100,11795250,0,30852,0,5,0
85,2164446652,370,850700,22346900,45837950,14459600,83495150,83599150,2634,45660650,12120700,11892050,0,30852,0,5,0
86,2017191835,371,869900,21440550,46082350,15096350,83489150,83593150,2770,45906000,12033900,11817100,0,30852,0,5,0
87,3029138484,372,852150,23898900,45446500,13301100,83498650,83602550,1956,45267350,11987050,11753700,0,30852,0,5,0
88,50355403,373,894250,21364350,45739150,15602800,83600550,83716400,2858,45573150,11837750,11623550,0,30852,0,5,0
89,654213990,374,850800,21367350,45261900,15885600,83365650,83470700,2925,45086500,11997400,11753200,0,30852,0,5,0
90,2360099787,375,1331900,21473000,46167400,14523300,83495600,83598750,2745,45998850,12011350,11803650,0,30852,0,5,0
91,2424818746,376,1394850,21319300,45150150,15626700,83491000,83593900,2875,44974900,11998000,11759400,0,30852,0,5,0
92,1971386461,377,1596150,21270250,45333150,15293950,83493500,83599350,2728,45156100,12011750,11789650,0,30852,0,5,0
93,3386045126,378,855300,23553550,45620900,13455150,83484900,83592900,2496,45444450,11832150,11618800,0,30852,0,5,0
94,1429641961,379,873350,22018850,53353750,7246950,83492900,83598100,1309,53175750,12021400,11810300,0,30852,0,5,0
95,3022846880,380,852500,22597650,45744800,14295350,83490300,83597150,2604,45571650,12111100,11883400,0,30852,0,5,0
96,1601897261,381,915200,22214700,45400000,14275000,82804900,83594950,2572,45230550,11979900,11767150,0,30852,0,5,0
97,1229951528,382,854850,21403750,45861900,15369550,83490050,83596300,2818,45687700,12199200,11972500,0,30852,0,5,0
98,4065171759,383,880700,21448100,44919800,16406600,83655200,83756350,2926,44749850,12013650,11767550,0,30852,0,5,0
99,1034325744,384,848600,21435650,48090900,12958050,83333200,83436300,2406,47908450,11960800,11739250,0,30852,0,5,0
100,14078671,385,1345050,21521300,46149100,14479450,83494900,83596900,2732,45972400,12044900,11834450,0,31172,0,5,0
101,4024270554,386,1407400,21426650,48927700,11730000,83491750,83594050,2125,48754950,12042750,11811800,0,31172,0,5,0
102,896191351,387,867000,21823250,45475750,15331800,83497800,83600850,2795,45301150,12360850,12126100,0,31172,0,5,0
103,2131384102,388,860100,22301250,45008500,15320500,83490350,83594300,2787,44832750,12005400,11770700,0,30852,0,5,0
104,2586210593,389,872650,22168050,45197200,15254000,83491900,83598300,2803,45021800,12019700,11798950,0,30852,0,5,0
105,591918370,390,850600,22758700,47815200,12066550,83491050,83594350,2230,47636600,11968650,11746550,0,30852,0,5,0
106,8814317,391,881700,21440500,53183750,7986900,83492850,83596700,1444,53003350,11929550,11705650,0,30852,0,5,0
107,2340504196,392,864750,21386250,46254250,14987700,83492950,83597850,2750,46064250,12375200,12135300,0,30852,0,5,0
108,3523076009,393,867750,21500050,45621450,15703600,83692850,83793200,2913,44825350,11997500,11039800,0,30852,0,5,0
109,1961669028,394,853050,21389450,45201550,15851350,83295400,83398950,2920,45025350,12020000,11775500,0,30852,0,5,0
110,1037581603,395,1344400,21764250,45670850,14716250,83495750,83597850,2784,45505950,12657700,12423350,0,30852,0,5,0
111,2701024588,396,1437700,21325400,47703450,13025850,83492400,83592700,2395,47529250,11972450,11757150,0,30852,0,5,0
112,215037203,397,871000,21791000,45688150,15141500,83491650,83600000,2775,45516800,12408300,12174500,0,30852,0,5,0
113,3696282862,398,851400,22149600,45389400,15104350,83494750,83595350,2763,45215600,12113250,11875400,0,30852,0,5,0
114,2829142928,399,874700,22089450,45299200,15229750,83493100,83595600,2797,45127850,12008050,11789400,0,30852,0,5,0
115,3204762949,400,851300,22700300,45389100,14553250,83493950,83595850,2656,45218850,12036800,11820550,0,30852,0,5,0
116,3297489190,401,867050,21374650,45527250,15728800,83497750,83599550,2880,45342350,11710900,10727100,0,30852,0,5,0
117,1691704917,402,845750,21356750,47580650,13706050,83489200,83594650,2477,47399350,13799850,13562500,0,30852,0,5,0
118,663957814,403,873300,21470500,44883950,17056850,84284600,84386600,1910,44714300,12140850,11903500,0,30852,0,5,0
119,3058583827,404,890800,21838800,45932500,14018800,82680900,82807900,2631,45750400,12047950,11829500,0,30852,0,5,0
120,838545270,405,1458450,21715750,45521650,14797300,83493150,83595450,2803,44839250,12004200,11781700,0,30852,0,5,0
121,3608912039,406,1463250,21494700,45020200,15512850,83491000,83594500,2819,44846150,12000450,11757800,0,30852,0,5,0
122,4080159716,407,868350,21834450,45654000,15135800,83492600,83595650,2776,45478500,12388350,12159300,0,30852,0,5,0
123,1056027075,408,846400,22286800,45142450,15221350,83497000,83597200,2464,44966050,12131900,11900500,0,30852,0,5,0
124,4057021248,409,885550,22151500,45290000,15157250,83484300,83594950,2755,45113150,11908300,11165150,0,31172,0,5,0
125,2686741161,410,852300,22565500,45370400,14703800,83492000,83597650,2688,45196050,12116050,11900050,0,31172,0,5,0
126,3870849660,411,881150,21500650,45940300,15171250,83493350,83597450,2758,45758750,12102050,11880000,0,31172,0,5,0
127,293449641,412,893550,22271550,45803850,13826150,82795100,83595300,2506,45629150,12038400,11813950,0,30852,0,5,0
128,596064266,413,888300,21484650,45519250,15869150,83761350,83867050,2954,44828300,12182250,11936900,0,30852,0,5,0
129,3715495249,414,857800,21396000,45779200,15193000,83226000,83326000,2864,45089450,12009300,11763200,0,30852,0,5,0
130,244680018,415,2666850,22646000,45355800,12827050,83495700,83599000,2380,45182950,11960900,11751250,0,30852,0,5,0
131,4080661783,416,1467300,28976500,45480000,7568600,83492400,83595000,1372,45292200,12151200,11930250,0,30852,0,5,0
132,4006730450,417,874750,22084600,45765650,14768600,83493600,83597950,2697,45590200,12079550,11857450,0,30852,0,5,0
133,3864584507,418,861400,22320850,45204900,15104100,83491250,83593550,2766,45025950,12128900,11908850,0,30852,0,5,0
134,2711027320,419,869450,22161550,45389550,15072700,83493250,83595200,2735,45213500,12018500,11795350,0,30852,0,5,0
135,4099079087,420,852250,22551200,47851450,12239750,83494650,83599200,2247,46697100,13538950,13319450,0,30852,0,5,0
136,565333772,421,893650,24262050,45152250,13186250,83494200,83596900,2369,44972700,12097450,11879550,0,30852,0,5,0
137,1028518269,422,857250,21314900,46501850,14816750,83490750,83594100,2716,46321700,12028750,11824700,0,30852,0,5,0
138,2252688136,423,870150,21453450,45651650,15829400,83804650,83906550,2938,44967200,12145550,11918450,0,30852,0,5,0
139,578597309,424,852700,21350100,45238050,15742300,83183150,83283800,2868,45061300,12019050,11774550,0,30852,0,5,0
140,3624439358,425,1386600,21670700,45711400,14723000,83491700,83597400,2790,45033500,12012000,11786750,0,30852,0,5,0
141,3514067501,426,1478850,21418550,45230850,15370700,83498950,83599450,2818,45051100,12139800,11903600,0,30852,0,5,0
142,2741972910,427,876050,22304400,47700450,12609100,83490000,83595600,2339,47526050,11971100,11762600,0,30852,0,5,0
143,28497579,428,853850,22228700,53028950,7383900,83495400,83597500,1339,52850850,12001050,11779300,0,30852,0,5,0
144,466729326,429,883450,22451300,45096800,15061300,83492850,83597300,2737,44922050,12014750,11802750,0,30852,0,5,0
145,3425349295,430,857200,22567850,45347000,14717700,83489750,83593350,2692,45171550,12035050,11825450,0,30852,0,5,0
146,1537640620,431,870400,21592700,45870350,15160500,83493950,83596550,2790,45682550,12145750,11931050,0,30852,0,5,0
147,1853842891,432,854150,21355450,46404700,14953250,83567550,83669450,2722,46228300,12020850,11811550,0,30852,0,5,0
148,1177024904,433,871950,21327950,47619300,13950900,83770100,83872000,2535,47442600,12057750,11845150,0,31172,0,5,0
149,4106734849,434,857750,21504250,45132750,15651450,83146200,83247250,2849,44959350,12086200,11844100,0,31172,0,5,0
150,2025356500,435,1382900,21646800,45810700,14655250,83495650,83598950,2772,45639650,12567500,11834900,0,31172,0,5,0
151,2189605121,436,1473100,21445450,44998900,15576150,83493600,83594000,2867,44819050,12161350,11925450,0,30852,0,5,0
152,4086136290,437,872350,21816900,45639950,15161700,83490900,83596750,2754,45459450,12023400,11793950,0,30852,0,5,0
153,4036669705,438,853800,22076000,45336500,15229350,83495650,83597450,2799,45163700,11992350,11761050,0,30852,0,5,0
154,4167980074,439,872700,22221800,46565400,13831700,83491600,83595150,2477,46390800,12000400,11766400,0,30852,0,5,0
155,51187407,440,852450,22508600,53297800,6832100,83490950,83594800,1227,53123100,19356250,19093050,0,30852,0,5,0
156,2242638442,441,877500,21753900,45909400,14959800,83500600,83600900,2748,45013350,12140500,11924200,0,30852,0,5,0
157,2730108163,442,867000,21569050,46464550,14590750,83491350,83593850,2642,46284850,12023950,11815550,0,30852,0,5,0
158,2718743917,443,872800,21383550,44863300,16748950,83868600,83972800,3030,44680950,11897650,11677250,0,30852,0,5,0
159,3391709842,444,851350,21567500,45005200,15698900,83122950,83222800,2862,44830000,12033900,11789200,0,30852,0,5,0
160,1164604273,445,1674000,21301100,47374600,13142200,83491900,83594850,2448,47199650,11976350,11768200,0,30852,0,5,0
161,2148591176,446,1482600,21467200,44982850,15564850,83497500,83597800,2862,44801250,12138950,11898650,0,30852,0,5,0
162,4192737573,447,868400,21876400,45631800,15116050,83492650,83595150,2738,45448400,12011100,11786350,0,30852,0,5,0
163,535584840,448,869150,22070450,45262050,15293850,83495500,83597500,2809,45091350,11984500,11754350,0,30852,0,5,0
164,3430794475,449,878750,22241750,45328350,15044650,83493500,83595400,2695,45155450,12123350,11918050,0,30852,0,5,0
165,776323552,450,850150,21406650,46006000,15229200,83492000,83595350,2800,45089150,12028250,11803800,0,30852,0,5,0
166,3330991427,451,876600,21488300,47260800,13873750,83499450,83599500,2507,47069450,13378850,12410300,0,30852,0,5,0
167,3282074430,452,858150,21389100,46490500,16304500,85042250,85142750,1767,46316500,12061350,11858900,0,30852,0,5,0
168,2597814595,453,920700,22369400,45204600,13437450,81932150,82048200,2508,45028850,12015050,11798050,0,30852,0,5,0
169,2225601370,454,854750,21742150,45610100,14889500,83096500,83596300,2753,45436450,12673150,12429650,0,30852,0,5,0
170,3716853465,455,1475650,21315950,45267500,15436700,83495800,83597950,2832,45092600,12024950,11791500,0,30852,0,5,0
171,1080675697,456,1625600,21126250,44694150,16048500,83494500,83597000,2963,44519050,11839100,11623600,0,30212,0,5,0
172,219920238,457,864900,21827950,44898800,15901150,83492800,83594500,2509,44724250,11858200,11643050,0,30212,0,5,0
173,3070385651,458,867050,22026500,44858750,15739450,83491750,83598750,2901,44689300,11852150,11633050,0,30212,0,5,0
174,2609556270,459,863400,22021000,44770050,15837950,83492400,83592650,2841,44598950,12036000,11832100,0,30212,0,5,0
175,141401383,460,854600,21170700,45503400,15966550,83495250,83598550,2928,45325500,11849550,11613550,0,30212,0,5,0
176,3034105280,461,865000,21138450,44654850,615250,67273550,67373500,15,44476150,11907950,11689300,0,30212,0,5,0
177,3029196371,462,841900,21135350,45102450,15919150,82998850,83099450,2931,44926950,11897150,11656850,0,30212,0,5,0
178,699378668,463,1400900,21256900,44748400,16087350,83493550,83596950,2969,44572900,12010550,11767550,0,30212,0,5,0
179,2402609405,464,1461300,22642250,45252250,14139450,83495250,83597000,2633,45076950,11737200,11520600,0,30212,0,5,0
CSV_END

NV_DONE_62b3c4989458=0
# 
CAPTURE: {"label": "mailbox-r0-s0-full", "elapsed_seconds": 35.315352431000065, "bytes_received": 22743, "command": "/tmp/fifo-bench --frames 180 --warmup 30 --wait spin --state-frame 0  --csv /tmp/fifo-case.csv --dump /tmp/fifo-check.rgb565; fifo_rc=$?; if [ \"$fifo_rc\" = 0 ]; then sha256sum /tmp/fifo-check.rgb565 /tmp/fifo-check.rgb565.expected; printf \"\\nCSV_BEGIN\\n\"; cat /tmp/fifo-case.csv; printf \"CSV_END\\n\"; fi; test \"$fifo_rc\" = 0", "command_exit": 0, "login_sent": false, "log": "/path/to/research/experiments/fifo-study-20261008/20261008T074518Z-mailbox-r0-s0-full.raw"}
