/tmp/fifo-bench --frames 180 --warmup 30 --wait spin --state-frame 0 --retained --csv /tmp/fifo-case.csv --dump /tmp/fifo-check.rgb565; fifo_rc=$?; if [ "$fifo_rc" = 0 ]; then sha256sum /tmp/fifo-check.rgb565 /tmp/fifo-check.rgb565.expected; printf "\nCSV_BEGIN\n"; cat /tmp/fifo-case.csv; printf "CSV_END\n"; fi; test "$fifo_rc" = 0; nv_status=$?; printf "\nNV_DONE_cbe90d8cceb2=%s\n" "$nv_status"
BEGIN_BREAKOUT frames=180 warmup=30 fixed=0 blocks=40 tiles=1 hud=1 wait=spin replay=0 state_frame=0 profile=detailed pixel_centers=1 clock_call_ns=5434
HW_COUNTERS id=46490001 words=161040 wait_cycles=7616863 longest_wait_cycles=4616 total_cycles=62525184 cpu_hz=20000000
RESULT frames=180 elapsed_s=3.126140200 fps=57.578991 logic_ms=0.964708 api_ms=3.066188 swap_ms=7.356374 wait_ms=5.839146 worker_inclusive_ms=7.144729 upload_inclusive_ms=3.647320 write_ms=3.448359 bytes_per_frame=3578.67 p50_ms=16.719450 p95_ms=17.491600 max_ms=34.613200 late_60hz=162 first_count=713 last_count=892 state_hash=8f34e8fd remaining=38 score=20
RENDER_PATH retained=1 grouped=0 quads=645 full_frames=0
FRAME_CHECK count=892 address=9fe00000 fnv1a=79c99b23 pixels=307200 mismatches=0
BREAKOUT_PASS
390c3a3d59409d8ff943126d26d4cf382d68bc6138c59a7b19e01e47d8229426  /tmp/fifo-check.rgb565
390c3a3d59409d8ff943126d26d4cf382d68bc6138c59a7b19e01e47d8229426  /tmp/fifo-check.rgb565.expected

CSV_BEGIN
frame,state_hash,display_count,logic_ns,api_ns,swap_ns,wait_ns,total_ns,completion_interval_ns,polls,worker_inclusive_ns,upload_inclusive_ns,write_ns,read_ns,write_bytes,read_bytes,write_calls,read_calls
0,3724779174,713,710100,4977950,8210250,2444000,16342300,16351750,489,8044900,3807350,3668350,0,4572,0,5,0
1,1709657109,714,1477700,4033900,8540800,8468850,22521250,22622600,461,8378000,4300500,4140700,0,4252,0,5,0
2,1894904752,715,848000,3729000,7350150,15499400,27426550,27539150,2792,7173450,3524150,3359700,0,3612,0,5,0
3,3703759967,716,824250,3223800,7509000,5053150,16610200,16715900,927,7343650,3596750,3441300,0,3612,0,5,0
4,19533624,717,807950,3247800,7601000,4960100,16616850,16720450,901,7427700,3608450,3446700,0,3612,0,5,0
5,816884773,718,1417600,2065250,6665450,6471200,16619500,16719250,1212,6499650,3443450,3295500,0,2972,0,5,0
6,1339236364,719,1273600,2475100,7433600,5432750,16615050,16717450,917,7247400,3641300,3487000,0,3612,0,5,0
7,3072959373,720,817300,3618400,6751600,5432000,16619300,16724150,914,6581000,3823000,2792050,0,3612,0,5,0
8,1782884746,721,816750,2934950,6002150,6852500,16606350,16714350,1208,5830350,3652550,3493450,0,2972,0,5,0
9,30296781,722,808750,3244050,7791800,4780500,16625100,16723200,865,7618000,3742300,3574100,0,4252,0,5,0
10,4026418858,723,807050,3215950,7706700,4881500,16611200,16715850,880,7531150,3883950,3721500,0,4252,0,5,0
11,2084929051,724,1377800,2037700,6940250,6469400,16825150,16933000,1131,6767800,3595050,3434000,0,3612,0,5,0
12,3114489770,725,801350,2459750,7553000,5584700,16398800,16506150,945,7372800,3750250,3585850,0,3932,0,5,0
13,891400471,726,811000,3410050,7452200,4942600,16615850,16722100,905,6654250,3017000,2880300,0,3932,0,5,0
14,3472773456,727,810200,2850900,5851950,7103350,16616400,16719000,1260,5672450,3507100,2464700,0,2972,0,5,0
15,3010688243,728,807900,3247650,7486000,5074900,16616450,16717300,926,7314000,3626850,3454350,0,3612,0,5,0
16,2819524756,729,805350,3110200,7382100,5319000,16616650,16721100,949,7205350,3667350,3507050,0,3612,0,5,0
17,3241678401,730,1332750,2029250,6734400,6516250,16612650,16715900,1139,6564300,3474550,3313150,0,2972,0,5,0
18,2154316504,731,831000,3497300,7491400,4040700,15860400,16724000,722,7320200,3603700,3457450,0,3612,0,5,0
19,772262681,732,820400,3395000,7801000,4599950,16616350,16718200,797,7626200,3892050,3735700,0,3612,0,5,0
20,3882818750,733,803350,2737150,5842950,7238850,16622300,16720300,1288,5670300,3499750,3350300,0,2972,0,5,0
21,521131153,734,815050,3238750,7415000,5149450,16618250,16716450,940,7242100,3633300,3467950,0,3612,0,5,0
22,1838187414,735,1386600,2482850,7389250,5788600,17047300,17152100,964,7204700,3657500,3501200,0,3612,0,5,0
23,840574439,736,824900,2043600,6768550,6545500,16182550,16284650,1145,6595050,3484100,3320450,0,2972,0,5,0
24,2879461878,737,803400,3416700,6682700,5714500,16617300,16722950,976,6507600,3838650,3688000,0,3612,0,5,0
25,202086035,738,816200,3305850,8905500,3589300,16616850,16719750,584,8721300,4984800,4841000,0,3612,0,5,0
26,959703924,739,825650,2895200,6818050,6070650,16609550,16715900,1133,6639900,3418400,3271350,0,2972,0,5,0
27,3795724423,740,816250,3193750,7409850,5199200,16619050,16720750,949,7232550,3639800,3482850,0,3612,0,5,0
28,2500539904,741,1311300,2478800,7385000,5436400,16611500,16719100,917,7208200,3662850,3512200,0,3612,0,5,0
29,2269000541,742,821750,2038900,6854400,6898750,16613800,16718250,1219,6681000,3485550,3323000,0,2972,0,5,0
30,1900681108,743,804750,3419900,7348450,5041050,16614150,16722400,926,7169200,3548700,3404750,0,3612,0,5,0
31,3680168245,744,823600,3260450,7565100,4963250,16612400,16715650,909,7391050,3612300,3462550,0,3612,0,5,0
32,2344329490,745,819200,3061350,6869250,5868000,16617800,16718900,1092,6695100,3443150,3296650,0,2972,0,5,0
33,2130650181,746,1469500,2521450,8121850,4887800,17000600,17102850,807,7946150,3843200,3681400,0,4252,0,5,0
34,906966818,747,799800,2460150,7655750,5316450,16232150,16338700,892,7479300,3815100,3651600,0,4252,0,5,0
35,3939376531,748,813500,2021150,7072600,6708050,16615300,16717150,1174,6910750,3735050,3562900,0,3612,0,5,0
36,2110688546,749,799800,3354100,7421600,5039450,16614950,16720000,925,7243950,3486700,3351150,0,3932,0,5,0
37,2695523007,750,823450,3232850,7660750,4897550,16614600,16718950,891,7486350,3684050,3517850,0,3932,0,5,0
38,744447992,751,814150,2693900,6872900,6236850,16617800,16722650,1159,6693500,3542750,3396000,0,2972,0,5,0
39,3728640411,752,1353800,2491400,7415050,5434650,16694900,16794700,918,7240400,3662800,3495850,0,3612,0,5,0
40,618879740,753,801250,2460250,7417850,5856400,16535750,16642050,1003,7240600,3679350,3515950,0,3612,0,5,0
41,1239708057,754,813350,2015600,6669850,7114950,16613750,16719650,1227,5697850,3497750,3345200,0,2972,0,5,0
42,2429742208,755,814650,3245450,7553950,4997750,16611800,16718300,917,7367850,3611600,3466750,0,3612,0,5,0
43,412095716,756,821200,3221550,7464950,5110550,16618250,16721450,935,7289050,3625600,3457050,0,3612,0,5,0
44,1226741467,757,1414750,2034250,6976100,6184400,16609500,16715950,1113,6794050,3737800,3594050,0,2972,0,5,0
45,3288446148,758,812750,2487900,7482250,5368350,16151250,16722500,903,7305700,3676300,3522000,0,3612,0,5,0
46,1157984843,759,805500,3322700,6557150,5924900,16610250,16716300,1018,6390000,3690050,3540900,0,3612,0,5,0
47,3877288378,760,823800,2909800,5943200,6941850,16618650,16721850,1200,5779300,3602350,3442800,0,2972,0,5,0
48,4236526315,761,831650,3452050,7384650,4180400,15848750,16717500,744,7209300,3663550,3498400,0,3612,0,5,0
49,533834014,762,818150,3189350,7393350,5214300,16615150,16718500,954,7225700,3633750,3471200,0,3612,0,5,0
50,1649361089,763,1342450,2014100,6706150,6852650,16915350,17019300,1181,6526150,3454050,3301000,0,2972,0,5,0
51,2486981906,764,813550,2533500,7241050,5731050,16319150,16420150,979,6277300,3527650,3378250,0,3612,0,5,0
52,1706075277,765,808650,3416900,6674900,5716250,16616700,16720200,974,6497850,2959700,2823300,0,3612,0,5,0
53,267972368,766,816900,2828100,5959650,7009400,16614050,16718550,1240,5793100,3613450,3453350,0,2972,0,5,0
54,3895401273,767,815600,3361450,7401300,5038800,16617150,16717850,919,7224450,3616950,3452500,0,3612,0,5,0
55,605985656,768,1403550,2557600,7398550,5258150,16617850,16722850,964,7229850,3663700,3494200,0,3612,0,5,0
56,4077673024,769,1346600,9679600,12108200,10197200,33331600,33438350,1788,11932650,4432700,4280300,0,6632,0,5,0
57,985632231,770,866950,8937300,12474600,11053100,33331950,33437100,1976,12299250,4486950,4319150,0,7312,0,5,0
58,3720590956,771,846050,3345400,7577650,4844950,16614050,16720650,879,7406200,3667750,3507700,0,3652,0,5,0
59,3264032585,772,1465350,2046800,6729650,7143800,17385600,17491600,1160,6555150,3462350,3302000,0,2972,0,5,0
60,395405688,773,845550,9007150,7572350,15133900,32558950,32663550,2686,7393950,3544150,3395250,0,3612,0,5,0
61,32142420,774,884350,3272300,7536950,4923000,16616600,16719500,903,7367150,3618300,3469700,0,3612,0,5,0
62,1187067055,775,853600,2765250,6773250,6226500,16618600,16717850,1167,6596350,3404300,3258650,0,2972,0,5,0
63,459140908,776,866550,3185450,7492900,5078650,16623550,16722400,920,7316500,3767450,3595250,0,3612,0,5,0
64,3369786495,777,1318000,2491550,7405000,5398100,16612650,16718750,908,7236250,3665550,3512700,0,3612,0,5,0
65,1572434254,778,860900,2011100,6709750,7037500,16619250,16721150,1245,6556750,3474550,3320000,0,2972,0,5,0
66,4107798823,779,844100,3419300,7922750,4429050,16615200,16717700,797,7756200,3767650,3621200,0,3612,0,5,0
67,343968250,780,872900,3297250,7575950,4862850,16608950,16716300,885,7403800,3633800,3468600,0,3612,0,5,0
68,3102454017,781,845100,2748700,6806000,6220200,16620000,16723350,1164,6635350,3431400,3284850,0,2972,0,5,0
69,3051095563,782,1495750,2530750,7424550,5526800,16977850,17077250,905,7251450,3665700,3499600,0,3612,0,5,0
70,2391331016,783,841700,2491500,7395250,5524400,16252850,16359250,935,7224450,3671850,3518600,0,3612,0,5,0
71,3869016117,784,858800,2005150,6738250,7011950,16614150,16719750,1239,6587300,3494100,3335400,0,2972,0,5,0
72,1579800804,785,843400,3393200,7500350,4878200,16615150,16718550,867,7328550,3615200,3480650,0,3612,0,5,0
73,2792341157,786,864600,3300900,7485950,4967400,16618850,16721050,905,7315750,3625600,3458350,0,3612,0,5,0
74,714702942,787,851550,2706500,6738950,6315850,16612850,16717600,1184,6561400,3443700,3296400,0,2972,0,5,0
75,1092538936,788,1370200,2514450,7436950,5455850,16777450,16881450,895,7264900,3673300,3508650,0,3612,0,5,0
76,1561271239,789,843950,3353950,6802300,5450500,16450700,16557050,920,6635700,3838150,3688450,0,4252,0,5,0
77,3798074098,790,868850,2853650,6130150,6763700,16616350,16720000,1190,5966700,3682650,3529600,0,3612,0,5,0
78,3022639071,791,868150,3504950,7625250,3858050,15856400,16719450,620,7453550,3786450,3621800,0,4252,0,5,0
79,2282770062,792,858650,3412000,7585900,4755450,16612000,16718550,860,7415150,3732050,3570050,0,3932,0,5,0
80,1626512457,793,1488850,2041800,6810300,6276200,16617150,16718900,1171,6628200,3526000,3363650,0,3292,0,5,0
81,3156888026,794,852750,2520650,7445400,5391650,16210450,16719800,908,7271600,3664900,3509950,0,3612,0,5,0
82,3038824309,795,852200,3546000,6653050,5565550,16616800,16721550,946,6486350,3813300,2824850,0,3612,0,5,0
83,1261846460,796,859600,2923550,5933250,6902850,16619250,16722150,950,5769250,3594850,3442300,0,2972,0,5,0
84,2035201521,797,860600,3423700,7485300,4831300,16600900,16714050,878,7314650,3628400,3467000,0,3612,0,5,0
85,2164446652,798,864100,3265950,7543350,4941850,16615250,16719950,898,7366150,3653900,3496350,0,3612,0,5,0
86,2017191835,799,1381600,2029500,6716500,6597350,16724950,16831100,1156,6539700,3465000,3314900,0,2972,0,5,0
87,3029138484,800,858100,2537600,7449800,5662800,16508300,16607950,962,7280000,3679450,3523950,0,3612,0,5,0
88,50355403,801,851850,3477400,7413850,4864500,16607600,16717300,892,7240400,3543500,3408600,0,3612,0,5,0
89,654213990,802,868100,2805200,5934600,7008900,16616800,16721700,1241,5766050,3606000,3446800,0,2972,0,5,0
90,2360099787,803,854000,3277500,7405600,5079850,16616950,16718950,926,7230900,3627100,3460150,0,3612,0,5,0
91,2424818746,804,1500100,2546700,7827950,4738900,16613650,16717150,853,7655600,3816100,3653750,0,3612,0,5,0
92,1971386461,805,1310200,2003750,6716100,6585400,16615450,16720950,1152,6533550,3468800,3320300,0,2972,0,5,0
93,3386045126,806,873650,3399150,6614050,5727800,16614650,16716800,980,6450150,3725250,3561900,0,3612,0,5,0
94,1429641961,807,869000,3357700,7602450,4786700,16615850,16721100,871,7420950,3723500,3585000,0,3612,0,5,0
95,3022846880,808,859350,2823350,6046300,6886500,16615500,16720850,1205,5880350,2805350,2664550,0,2972,0,5,0
96,1601897261,809,853350,3251500,7168450,5346250,16619550,16719250,980,6991650,3466350,2615000,0,3612,0,5,0
97,1229951528,810,1401900,2531500,7424100,5474150,16831650,16939100,895,7257500,3672550,3505950,0,3612,0,5,0
98,4065171759,811,848400,2034000,6550400,6960050,16392850,16499700,1227,6380100,3307050,3152900,0,2972,0,5,0
99,1034325744,812,861400,3469150,7236550,5049200,16616300,16718350,934,6522750,2956200,2820450,0,3612,0,5,0
100,14078671,813,847050,3273400,7762250,4732400,16615100,16721300,835,7586050,3752250,3598850,0,4252,0,5,0
101,4024270554,814,865300,2800650,7047300,5900350,16613600,16718800,1101,6877000,3564700,3417750,0,3612,0,5,0
102,896191351,815,1468050,2571300,7576450,4997700,16613500,16718100,909,7400950,3793500,3628750,0,4252,0,5,0
103,2131384102,816,1344100,2522050,7574950,5302350,16743450,16848100,781,7408800,3726600,3564750,0,3932,0,5,0
104,2586210593,817,853450,2035600,6811550,6778050,16478650,16590600,1191,6634000,3540150,3388300,0,3292,0,5,0
105,591918370,818,847900,3426650,7524500,4810800,16609850,16718950,880,7354750,3597800,3442450,0,3612,0,5,0
106,8814317,819,847300,3286400,7559900,4919400,16613000,16720400,896,7380250,3600300,3435600,0,3612,0,5,0
107,2340504196,820,863200,2906350,6727750,6116650,16613950,16718100,1145,6559800,3448350,3296800,0,2972,0,5,0
108,3523076009,821,900700,3565050,7271400,3748900,15486050,17042450,666,7096550,3490550,3354650,0,3612,0,5,0
109,1961669028,822,858450,2525100,7268400,5638400,16290350,16393950,959,6254500,3492150,2606800,0,3612,0,5,0
110,1037581603,823,856400,2006600,6861450,6891200,16615650,16719900,1215,6692200,3492900,3339800,0,2972,0,5,0
111,2701024588,824,850200,3326100,7539250,4902550,16618100,16720400,899,7369450,3600400,3451650,0,3612,0,5,0
112,215037203,825,848200,3281150,7495700,4992700,16617750,16720000,909,7322000,3601900,3437500,0,3612,0,5,0
113,3696282862,826,868600,2747500,6824950,6172300,16613350,16716850,1153,6649550,3460800,3312200,0,2972,0,5,0
114,2829142928,827,1370100,2512900,9509750,3260200,16652950,16756450,562,9325600,5710650,5524100,0,3612,0,5,0
115,3204762949,828,867350,2505150,7278650,5925700,16576850,16683550,1017,6266300,3511250,2616200,0,3612,0,5,0
116,3297489190,829,855450,3191600,6086900,6481250,16615200,16719950,1131,5926850,3763150,3612300,0,2972,0,5,0
117,1691704917,830,862450,3309850,7572200,4873700,16618200,16719400,891,7400900,3612500,3456700,0,3612,0,5,0
118,663957814,831,851900,3262950,7378100,5121500,16614450,16718400,934,7203300,3603400,3441400,0,3612,0,5,0
119,3058583827,832,1498400,2060950,6837050,6589450,16985850,17090600,1153,6662100,3596400,3437600,0,2972,0,5,0
120,838545270,833,847400,2513200,14431000,15170050,32961650,33066900,2701,14249650,3907450,3738150,0,3612,0,5,0
121,3608912039,834,884650,3386500,9593950,2748650,16613750,16722200,432,9414150,4134650,3966450,0,3612,0,5,0
122,4080159716,835,874750,2818050,6694050,6226600,16613450,16718550,1165,6525550,3378500,3233500,0,2972,0,5,0
123,1056027075,836,865200,3222650,7404400,5123600,16615850,16719850,935,7231200,3647400,3481700,0,3612,0,5,0
124,4057021248,837,1387900,2530200,7601350,5183900,16703350,16811900,830,7433200,3800450,3636400,0,4252,0,5,0
125,2686741161,838,865250,2034500,6988700,6630350,16518800,16624300,1159,6821750,3626200,3470550,0,3612,0,5,0
126,3870849660,839,847500,3493600,7667200,4607300,16615600,16720950,837,7499000,3717050,3579000,0,4252,0,5,0
127,293449641,840,863350,3300250,7980150,4466700,16610450,16718550,761,7805600,3984750,3811300,0,3932,0,5,0
128,596064266,841,858550,2792700,6907800,6058000,16617050,16719800,1130,6735950,3500350,3354200,0,3292,0,5,0
129,3715495249,842,1489750,2546200,7411050,5169100,16616100,16720200,942,7240100,3662400,3494600,0,3612,0,5,0
130,244680018,843,844950,2503600,7402100,5430400,16181050,16717750,886,7226550,3670650,3520650,0,3612,0,5,0
131,4080661783,844,857950,2035900,6751750,6965600,16611200,16717650,1228,6603450,3491700,3337350,0,2972,0,5,0
132,4006730450,845,840550,3389050,7479050,4902550,16611200,16719700,897,7300750,3610450,3476750,0,3612,0,5,0
133,3864584507,846,867150,3271050,7543200,4932800,16614200,16722150,895,7369050,3624600,3455200,0,3612,0,5,0
134,2711027320,847,854550,2864850,6699750,6188450,16607600,16716050,1154,6528300,3439600,3288800,0,2972,0,5,0
135,4099079087,848,1410200,2525150,7410750,5427100,16773200,16879550,914,7241150,3665950,3502050,0,3612,0,5,0
136,565333772,849,848900,2500950,7409200,5691000,16450050,16561000,967,7236050,3686950,3535650,0,3612,0,5,0
137,1028518269,850,869750,2023100,6784500,6934450,16611800,16719800,1221,5695000,3499600,3346750,0,2972,0,5,0
138,2252688136,851,874450,3494050,7187500,4282250,15838250,16716200,764,7013450,3455350,2616250,0,3612,0,5,0
139,578597309,852,863050,3264200,7474250,5011900,16613400,16721550,913,7301150,3629550,3461200,0,3612,0,5,0
140,3624439358,853,1766700,2075450,6872500,5900000,16614650,16720500,1092,6689450,3485150,3329300,0,2972,0,5,0
141,3514067501,854,1328900,2513550,7487800,5280400,16610650,16717700,883,7317250,3683150,3517100,0,3612,0,5,0
142,2741972910,855,842400,3355250,6400300,6010100,16608050,16718600,1031,6231200,3549700,2633600,0,3612,0,5,0
143,28497579,856,872500,2970100,6053250,6718300,16614150,16718250,1175,5888000,3714650,3555950,0,2972,0,5,0
144,466729326,857,846600,4690850,7803200,3273100,16613750,16719150,560,7629150,3722450,3561500,0,3612,0,5,0
145,3425349295,858,862200,3291450,7418700,5037450,16609800,16719200,916,7250200,3648650,3490800,0,3612,0,5,0
146,1537640620,859,1403250,2052250,6846200,6546000,16847700,16954050,1141,6665150,3577250,3422250,0,2972,0,5,0
147,1853842891,860,859850,2528950,7442600,5550800,16382200,16485150,938,7278150,3672050,3517350,0,3612,0,5,0
148,1177024904,861,864200,3466250,7522400,4760150,16613000,16722050,869,7351350,3664650,3532400,0,4252,0,5,0
149,4106734849,862,870000,2867650,6175150,6702350,16615150,16718550,1145,6013150,3744600,3583500,0,3612,0,5,0
150,2025356500,863,854700,3274550,7688250,4797950,16615450,16717000,870,7514450,3759300,3595050,0,4252,0,5,0
151,2189605121,864,1472200,2583650,7524100,5035850,16615800,16719050,914,7357900,3724250,3561450,0,3932,0,5,0
152,4086136290,865,1310600,2028450,7096450,6182550,16618050,16722750,1022,6923350,3838250,3679450,0,3292,0,5,0
153,4036669705,866,865900,2512550,7302450,5937650,16618550,16719100,1018,6297150,3539250,2629800,0,3612,0,5,0
154,4167980074,867,845300,3393650,7446000,4930150,16615100,16718450,903,7268100,3582350,3437400,0,3612,0,5,0
155,51187407,868,865250,2804950,5964800,6979550,16614550,16716250,1206,5800350,3624500,2643850,0,2972,0,5,0
156,2242638442,869,850700,3294000,7358800,5122400,16625900,16722500,935,7180250,3629900,3465400,0,3612,0,5,0
157,2730108163,870,1472050,2569950,7422350,5479750,16944100,17049900,926,7242600,3661700,3498700,0,3612,0,5,0
158,2718743917,871,847550,2044200,6706050,6685650,16283450,16385300,1147,6531100,3471800,3314500,0,2972,0,5,0
159,3391709842,872,863000,3495300,6686150,5574650,16619100,16720150,941,6518050,2963950,2826950,0,3612,0,5,0
160,1164604273,873,850700,3307800,7472000,4986650,16617150,16720550,914,7294100,3592450,3458450,0,3612,0,5,0
161,2148591176,874,868000,2811800,6761300,6172800,16613900,16718800,1154,6593500,3411700,3265350,0,2972,0,5,0
162,4192737573,875,852550,3328900,7323250,5114550,16619250,16721100,932,7143300,3641150,3479000,0,3612,0,5,0
163,535584840,876,1385650,2571550,7450150,5218750,16626100,16731950,873,7283100,3670050,3511600,0,3612,0,5,0
164,3430794475,877,856900,2044800,6697100,7000000,16598800,16705950,1176,6526400,3469000,3311950,0,2972,0,5,0
165,776323552,878,861650,3570950,7472650,4707800,16613050,16718000,858,7304700,3599100,3458350,0,3612,0,5,0
166,3330991427,879,856300,3293900,7525000,4938750,16613950,16720300,904,7344850,3609200,3463050,0,3612,0,5,0
167,3282074430,880,877400,2795750,6762150,6182250,16617550,16720800,1157,6596100,3428700,3279750,0,2972,0,5,0
168,2597814595,881,1492850,2564450,7463700,5096050,16617050,16719100,929,7288600,3665450,3517000,0,3612,0,5,0
169,2225601370,882,872950,2558800,7288350,5493800,16213900,16715600,928,6275500,3522550,3355000,0,3612,0,5,0
170,3716853465,883,862750,2035900,6702700,7016750,16618100,16721050,1238,6532000,3473550,3316750,0,2972,0,5,0
171,1080675697,884,869550,8946050,12424650,11094150,33334400,33439550,1978,12249700,4485000,4318700,0,7272,0,5,0
172,219920238,885,859350,9535150,12550200,11562950,34507650,34613200,1745,12381050,4484600,4333650,0,7312,0,5,0
173,3070385651,886,860800,3027450,6005750,5544100,15438100,15545800,944,5842350,3616000,3453950,0,3012,0,5,0
174,2609556270,887,848400,3486700,7296600,4982600,16614300,16716750,914,7129800,3546300,3413750,0,3612,0,5,0
175,141401383,888,859600,3295050,7994050,4467350,16616050,16721550,799,7821150,3760450,3596950,0,3612,0,5,0
176,3034105280,889,848400,2778800,6808150,6179050,16614400,16717950,1154,6636850,3439300,3292000,0,2972,0,5,0
177,3029196371,890,1476850,2552950,7403350,5182150,16615300,16718100,946,7229850,3661450,3490200,0,3612,0,5,0
178,699378668,891,848350,2511900,7958850,6426350,17745450,18291400,45,7781950,4208300,4048050,0,3612,0,5,0
179,2402609405,892,873000,3712550,6759300,3682300,15027150,15147400,642,6582600,3463450,3304100,0,2972,0,5,0
CSV_END

NV_DONE_cbe90d8cceb2=0
# 
CAPTURE: {"label": "mailbox-r0-s0-retained", "elapsed_seconds": 21.30488754399994, "bytes_received": 21393, "command": "/tmp/fifo-bench --frames 180 --warmup 30 --wait spin --state-frame 0 --retained --csv /tmp/fifo-case.csv --dump /tmp/fifo-check.rgb565; fifo_rc=$?; if [ \"$fifo_rc\" = 0 ]; then sha256sum /tmp/fifo-check.rgb565 /tmp/fifo-check.rgb565.expected; printf \"\\nCSV_BEGIN\\n\"; cat /tmp/fifo-case.csv; printf \"CSV_END\\n\"; fi; test \"$fifo_rc\" = 0", "command_exit": 0, "login_sent": false, "log": "/path/to/research/experiments/fifo-study-20261008/20261008T074625Z-mailbox-r0-s0-retained.raw"}
