/tmp/fifo-bench --frames 180 --warmup 30 --wait spin --state-frame 0 --grouped --csv /tmp/fifo-case.csv --dump /tmp/fifo-check.rgb565; fifo_rc=$?; if [ "$fifo_rc" = 0 ]; then sha256sum /tmp/fifo-check.rgb565 /tmp/fifo-check.rgb565.expected; printf "\nCSV_BEGIN\n"; cat /tmp/fifo-case.csv; printf "CSV_END\n"; fi; test "$fifo_rc" = 0; nv_status=$?; printf "\nNV_DONE_2175666f98aa=%s\n" "$nv_status"
BEGIN_BREAKOUT frames=180 warmup=30 fixed=0 blocks=40 tiles=1 hud=1 wait=spin replay=0 state_frame=0 profile=detailed pixel_centers=1 clock_call_ns=5817
HW_COUNTERS id=46490001 words=1392820 wait_cycles=15894276 longest_wait_cycles=4621 total_cycles=240762137 cpu_hz=20000000
RESULT frames=180 elapsed_s=12.037983400 fps=14.952671 logic_ms=1.024047 api_ms=15.022634 swap_ms=42.731142 wait_ms=7.955302 worker_inclusive_ms=42.513263 upload_inclusive_ms=12.329020 write_ms=12.040918 bytes_per_frame=30951.56 p50_ms=66.877200 p95_ms=67.077100 max_ms=68.045550 late_60hz=180 first_count=499 last_count=678 state_hash=8f34e8fd remaining=38 score=20
RENDER_PATH retained=0 grouped=1 quads=13131 full_frames=180
FRAME_CHECK count=678 address=9fe00000 fnv1a=79c99b23 pixels=307200 mismatches=0
BREAKOUT_PASS
390c3a3d59409d8ff943126d26d4cf382d68bc6138c59a7b19e01e47d8229426  /tmp/fifo-check.rgb565
390c3a3d59409d8ff943126d26d4cf382d68bc6138c59a7b19e01e47d8229426  /tmp/fifo-check.rgb565.expected

CSV_BEGIN
frame,state_hash,display_count,logic_ns,api_ns,swap_ns,wait_ns,total_ns,completion_interval_ns,polls,worker_inclusive_ns,upload_inclusive_ns,write_ns,read_ns,write_bytes,read_bytes,write_calls,read_calls
0,3724779174,499,719900,15036600,42232700,8533400,66522600,66531950,1550,42066450,12008100,11752200,0,31172,0,5,0
1,1709657109,500,889400,15103850,41930300,9035800,66959350,67064400,1559,41758200,12189800,11932100,0,31172,0,5,0
2,1894904752,501,860050,16898750,42572100,6254250,66585150,66691800,1141,42398600,13046200,12760850,0,31172,0,5,0
3,3703759967,502,1480350,14268050,42450450,8572950,66771800,66875050,1473,42282050,12185100,11364350,0,31172,0,5,0
4,19533624,503,840100,15109600,41944700,8880300,66774700,66877950,1525,41773700,12182650,11918700,0,31172,0,5,0
5,816884773,504,825850,14993550,42208150,8742950,66770500,66876700,1554,42029950,12499200,12251950,0,31172,0,5,0
6,1339236364,505,1342050,14480300,42495950,8452850,66771150,66876800,1524,42325550,12252100,12029950,0,31172,0,5,0
7,3072959373,506,827950,14910850,43790050,7240150,66769000,66876250,1159,43622050,14206450,13917650,0,31172,0,5,0
8,1782884746,507,861650,15127450,41869750,9070100,66928950,67041150,1486,41698150,12194700,11954300,0,31172,0,5,0
9,30296781,508,823250,14472700,44028250,7281200,66605400,66713150,1254,43163400,13780200,13498250,0,31492,0,5,0
10,4026418858,509,1516250,14335300,42637100,8286350,66775000,66879600,1494,42468750,12316100,12106350,0,31492,0,5,0
11,2084929051,510,823150,22206350,42001550,1735000,66766050,66873800,241,41820400,12212950,11957100,0,31492,0,5,0
12,3114489770,511,838150,15545550,41838100,8549250,66771050,66877700,1540,41669800,12177100,11925750,0,31172,0,5,0
13,891400471,512,1312900,14528200,42581800,8348250,66771150,66878500,1501,42413450,12293600,12053700,0,31172,0,5,0
14,3472773456,513,845950,14996150,42194650,8732250,66769000,66878050,1589,42026850,12019550,11783350,0,31172,0,5,0
15,3010688243,514,824450,15486850,42505250,7953350,66769900,66875700,1439,41812400,12170650,11886000,0,31172,0,5,0
16,2819524756,515,842650,14451800,42385800,9092700,66772950,66878550,1632,42214550,12173000,11953250,0,31172,0,5,0
17,3241678401,516,1459400,14318700,44196100,6788950,66763150,66875600,1184,44026100,12275200,12030300,0,31172,0,5,0
18,2154316504,517,876400,15195500,42799250,7187200,66058350,66878250,1273,42632300,12076550,11846000,0,31172,0,5,0
19,772262681,518,823600,15165950,41930200,8846500,66766250,66874500,1601,41760600,12174850,11919200,0,31172,0,5,0
20,3882818750,519,847250,14521650,42544300,8461700,66374900,66880850,1525,42378300,12334100,12109650,0,31172,0,5,0
21,521131153,520,829050,14895750,43067350,7977050,66769200,66875950,1433,42897200,12141050,11917350,0,31172,0,5,0
22,1838187414,521,839900,15125050,41902200,8900050,66767200,66874650,1532,41730650,12214400,11955000,0,31172,0,5,0
23,840574439,522,830150,15150900,41718550,9074250,66773850,66879750,1628,41541950,12179550,11931350,0,31172,0,5,0
24,2879461878,523,1445100,14343800,42906750,8073350,66769000,66874850,1450,42739350,12277900,12055200,0,31172,0,5,0
25,202086035,524,837100,16465400,42520250,6946000,66768750,66876650,1222,42347250,12120450,11878700,0,31172,0,5,0
26,959703924,525,845950,15148600,50477850,694800,67167200,67274550,29,50309700,12244250,11977950,0,31172,0,5,0
27,3795724423,526,825750,15262000,42214050,8073400,66375200,66480150,1439,42038850,12287800,12044150,0,31172,0,5,0
28,2500539904,527,843750,14841900,42390000,8699200,66774850,66880250,1581,42223100,12120650,11884650,0,31172,0,5,0
29,2269000541,528,829700,15096300,41916100,8929200,66771300,66875850,1535,41746250,12225050,11952300,0,31172,0,5,0
30,1900681108,529,841800,15190000,42058050,8684200,66774050,66878350,1539,41884000,12595800,12356300,0,31172,0,5,0
31,3680168245,530,1389500,14348350,42586250,8450050,66774150,66877200,1524,42417700,12285750,12045350,0,31172,0,5,0
32,2344329490,531,846700,14974650,44060200,6886750,66768300,66874500,1207,43890850,14529850,14257950,0,31172,0,5,0
33,2130650181,532,833850,15156000,42452900,8451900,66894650,67000600,1422,42285100,12600950,12335250,0,31492,0,5,0
34,906966818,533,840550,14523150,42656500,8626400,66646600,66753350,1555,42488800,12359500,12136450,0,31492,0,5,0
35,3939376531,534,1460450,14288750,42717550,8305250,66772000,66879600,1498,42547750,12248150,12026900,0,31492,0,5,0
36,2110688546,535,841100,15054250,42493250,8379350,66767950,66874400,1439,41796000,12196000,11931900,0,31172,0,5,0
37,2695523007,536,827600,15260250,41751100,8928200,66767150,66877400,1592,41579900,12190450,11940000,0,31172,0,5,0
38,744447992,537,1356900,14351150,42501750,8564850,66774650,66878950,1549,42333250,12283100,12059700,0,31172,0,5,0
39,3728640411,538,832450,14916800,42254800,8764200,66768250,66875450,1596,42088950,12703950,11725600,0,31172,0,5,0
40,618879740,539,844500,15424250,44491200,6015900,66775850,66879700,1034,44316400,12175900,11944500,0,31172,0,5,0
41,1239708057,540,816950,14545350,49735050,1666550,66763900,66871050,331,49562700,19500450,19182900,0,31172,0,5,0
42,2429742208,541,1566700,14376850,42604200,8233400,66781150,66880000,1482,42435400,12157600,11937950,0,31172,0,5,0
43,412095716,542,822550,15413850,42344500,8190950,66771850,66880500,1479,42178450,12013650,11756400,0,31172,0,5,0
44,1226741467,543,846950,15308050,41651100,8962500,66768600,66873000,1597,41480400,12176150,11937150,0,31172,0,5,0
45,3288446148,544,827150,14367850,42669350,8457450,66321800,66878700,1527,42498700,12296700,12062550,0,31172,0,5,0
46,1157984843,545,846950,14957250,42896750,8066050,66767000,66877650,1451,42724250,12129650,11921450,0,31172,0,5,0
47,3877288378,546,818150,15128850,42018250,9969500,67934750,68045550,1478,41847800,12235750,11954950,0,31172,0,5,0
48,4236526315,547,894550,15399600,42247950,6342750,64884850,65707550,1186,42082150,12146150,11907700,0,31172,0,5,0
49,533834014,548,1414350,14343550,43068850,7948850,66775600,66879700,1425,42900100,12179900,11946550,0,31172,0,5,0
50,1649361089,549,851050,15010850,42364300,8542900,66769100,66876250,1552,42196750,12737200,12455750,0,31172,0,5,0
51,2486981906,550,825950,15281350,41862650,9165950,67135900,67239850,1556,41694850,12205550,11950150,0,31172,0,5,0
52,1706075277,551,847650,14359750,42861200,8338500,66407100,66512700,1501,42693000,12291100,12064300,0,31172,0,5,0
53,267972368,552,821300,14899300,42621850,8430700,66773150,66880450,1524,42453350,12165150,11910550,0,31172,0,5,0
54,3895401273,553,847900,15077950,41893000,8950750,66769600,66877050,1538,41718550,12213950,11948450,0,31172,0,5,0
55,605985656,554,828400,15156700,44244750,6542200,66772050,66876350,1226,44073700,12104300,11839500,0,31172,0,5,0
56,4077673024,555,1461500,14295850,42378050,8634950,66770350,66875550,1564,42211500,12074000,11852950,0,30852,0,5,0
57,985632231,556,859350,22176500,41925450,1809250,66770550,66877550,256,41751300,12133350,11857900,0,30852,0,5,0
58,3720590956,557,883850,15339150,42086250,8663550,66972800,67077100,1454,41913550,12547650,12275050,0,30852,0,5,0
59,3264032585,558,860550,14392050,42470650,8852150,66575400,66678500,1607,42297550,12211800,11970150,0,30852,0,5,0
60,395405688,559,1534650,14289800,42339350,8604900,66768700,66874850,1559,42170300,11949050,11753750,0,30852,0,5,0
61,32142420,560,861150,15125800,42715850,8067800,66770600,66877650,1454,42542200,13037000,12742600,0,30852,0,5,0
62,1187067055,561,877850,15286900,41790200,8823850,66778800,66880300,1592,41610950,12232850,11996000,0,30852,0,5,0
63,459140908,562,1361750,14353050,44101400,6951600,66767800,66873350,1215,43926400,12095800,11837150,0,30852,0,5,0
64,3369786495,563,885050,15017950,42123400,8742600,66769000,66876400,1504,41954750,11920350,11666900,0,30852,0,5,0
65,1572434254,564,862800,15276550,41783850,8921000,66844200,66950350,1505,41610600,12178850,11904950,0,30852,0,5,0
66,4107798823,565,884750,14341550,42314800,9162650,66703750,66807900,1669,42142050,12204950,11979200,0,30852,0,5,0
67,343968250,566,1527100,14315750,44497850,6424900,66765600,66873050,1108,44327450,12533000,12246100,0,30852,0,5,0
68,3102454017,567,880800,15379750,42087500,8429800,66777850,66880350,1535,41392100,12126750,11858550,0,30852,0,5,0
69,3051095563,568,861050,15282450,41726250,8902100,66771850,66874500,1607,41553800,12224700,11973600,0,30852,0,5,0
70,2391331016,569,1372400,14333000,42348000,8723750,66777150,66881500,1323,42179600,12071500,11852550,0,30852,0,5,0
71,3869016117,570,875550,15365050,42202650,8313700,66756950,66876250,1502,42032000,11821750,10815850,0,30852,0,5,0
72,1579800804,571,879950,15293600,49334350,1313850,66821750,66930750,152,49156000,12220500,11960750,0,30852,0,5,0
73,2792341157,572,860900,14456150,42331650,9067700,66716400,66823300,1648,41490400,12213250,11977750,0,30852,0,5,0
74,714702942,573,1506600,14314800,42698050,8250500,66769950,66877750,1486,42528400,12062350,11835050,0,30852,0,5,0
75,1092538936,574,851450,15038750,41675200,9196850,66762250,66873200,1587,41504300,12116700,11833100,0,30852,0,5,0
76,1561271239,575,875000,15239800,41841550,8815750,66772100,66880100,1588,41666700,12275350,12030800,0,31172,0,5,0
77,3798074098,576,862650,14345200,42853300,8311850,66373000,66876550,1493,42676600,12003850,11238000,0,31172,0,5,0
78,3022639071,577,1724200,14377250,44961550,4990600,66053600,66874950,912,44788600,12758500,12470450,0,31172,0,5,0
79,2282770062,578,876900,15319500,41678900,8895050,66770350,66877850,1498,41509700,12148050,11873000,0,30852,0,5,0
80,1626512457,579,886700,14323350,42574550,8990000,66774600,66879050,1633,41710500,12028050,11809750,0,30852,0,5,0
81,3156888026,580,1439050,14350150,42457900,8519900,66767000,66874800,1540,42286400,12096400,11849800,0,30852,0,5,0
82,3038824309,581,879700,14998700,41625550,9266200,66770150,66878100,1602,41451300,12121200,11861950,0,30852,0,5,0
83,1261846460,582,855700,15261800,42197750,8721750,67037000,67145400,1490,42022050,12259750,12000300,0,30852,0,5,0
84,2035201521,583,880900,14358500,42383100,8879250,66501750,66609150,1611,42214200,12091200,11866800,0,30852,0,5,0
85,2164446652,584,857000,14836550,42463350,8609850,66766750,66876850,1562,42295500,12072500,11833300,0,30852,0,5,0
86,2017191835,585,879100,15243400,44696400,5953850,66772750,66879800,984,44521300,12124750,11876450,0,30852,0,5,0
87,3029138484,586,854800,14997150,49728150,1181600,66761700,66871250,233,49548050,20108500,19779650,0,30852,0,5,0
88,50355403,587,1492100,14357450,42442400,8487900,66779850,66879100,1534,42272350,12075450,11850550,0,30852,0,5,0
89,654213990,588,857250,14933150,42515950,8462300,66768650,66877200,1535,42340850,13033850,12744350,0,30852,0,5,0
90,2360099787,589,879800,15257000,41687250,9074250,66898300,67001600,1563,41511850,12235950,11993250,0,30852,0,5,0
91,2424818746,590,857350,14348250,42488950,8953100,66647650,66753300,1628,42317500,12107550,11877800,0,30852,0,5,0
92,1971386461,591,1546950,14288350,42390300,8544950,66770550,66877500,1468,42220600,12044050,11839400,0,30852,0,5,0
93,3386045126,592,870250,15247000,41532700,9117100,66767050,66877400,1237,41361800,12117500,11838650,0,30852,0,5,0
94,1429641961,593,909750,15182000,41688700,8977800,66758250,66879900,1627,41510250,12211150,11978150,0,30852,0,5,0
95,3022846880,594,1351700,14341900,42417350,8657200,66768150,66876950,1568,42246350,12066250,11828850,0,30852,0,5,0
96,1601897261,595,875800,15321900,42306400,8259900,66764000,66873150,1491,42140250,12064750,11818550,0,30852,0,5,0
97,1229951528,596,860350,15242000,41791100,8876600,66770050,66880000,1521,41617050,12254000,11989450,0,30852,0,5,0
98,4065171759,597,886250,14327200,42273800,9280100,66767350,66875150,1694,42104700,12073100,11851600,0,30852,0,5,0
99,1034325744,598,1523750,14657700,42407500,8178900,66767850,66876150,1472,42238100,12072900,11825450,0,30852,0,5,0
100,14078671,599,882600,15192050,41598500,9099050,66772200,66879850,1538,41423450,12169600,11908850,0,31172,0,5,0
101,4024270554,600,861850,15143150,43913050,6853000,66771050,66878050,1288,43740700,11976200,11734700,0,31172,0,5,0
102,896191351,601,884000,14373100,42772300,8316900,66346300,66875200,1497,42600850,12130950,11910050,0,31172,0,5,0
103,2131384102,602,855850,21922750,41810950,2178300,66767850,66875550,328,41631000,12132950,11872300,0,30852,0,5,0
104,2586210593,603,879700,15295850,41767250,8831150,66773950,66880200,1510,41589100,12258050,11995450,0,30852,0,5,0
105,591918370,604,858650,14392000,42829500,8686450,66766600,66874300,1570,41970850,12097850,11875500,0,30852,0,5,0
106,8814317,605,1471550,14323850,42405300,8566650,66767350,66877550,1551,42235350,12075450,11861300,0,30852,0,5,0
107,2340504196,606,857200,15195500,41494700,9220000,66767400,66880400,1558,41322850,12116000,11838500,0,30852,0,5,0
108,3523076009,607,920700,15294450,42541050,7636800,66393000,67218200,1365,42368900,12709350,11625800,0,30852,0,5,0
109,1961669028,608,860900,14399450,43913800,7252350,66426500,66533750,1275,43735400,12068400,11796250,0,30852,0,5,0
110,1037581603,609,875900,14899300,42403300,8586800,66765300,66875450,1561,42233650,12061000,11815850,0,30852,0,5,0
111,2701024588,610,860800,15258400,42716550,7937200,66772950,66880150,1428,42540350,12752900,12479650,0,30852,0,5,0
112,215037203,611,882100,14970450,41660500,9257400,66770450,66875400,1689,41479100,12080300,11856500,0,30852,0,5,0
113,3696282862,612,1427250,14318050,42471300,8556200,66772800,66880300,1546,42297250,12090750,11846550,0,30852,0,5,0
114,2829142928,613,882550,15138100,42192550,8554050,66767250,66875850,1524,42019700,12848600,12577150,0,30852,0,5,0
115,3204762949,614,861100,15098150,41782450,9231750,66973450,67081050,1595,41608250,12229600,11968100,0,30852,0,5,0
116,3297489190,615,878600,14343750,42357950,8985300,66565600,66673050,1267,42187200,12085200,11863800,0,30852,0,5,0
117,1691704917,616,1613450,14273100,42604150,8268850,66759550,66877850,1491,42423850,12199250,11198700,0,30852,0,5,0
118,663957814,617,878400,15214750,49752250,922850,66768250,66876000,72,49576050,12258150,11978100,0,30852,0,5,0
119,3058583827,618,858550,15167150,41812400,8930200,66768300,66874750,1617,41632400,12104600,11883650,0,30852,0,5,0
120,838545270,619,1381300,14344900,42396950,8646600,66769750,66877150,1477,42224250,12073650,11849750,0,30852,0,5,0
121,3608912039,620,861300,15109900,42014100,8782700,66768000,66877500,1570,41843650,12638400,11639200,0,30852,0,5,0
122,4080159716,621,884050,15138350,41646550,9166200,66835150,66942650,1583,41468700,12223800,11970000,0,30852,0,5,0
123,1056027075,622,860900,14386700,42473700,8981800,66703100,66811800,1631,42296300,12113250,11880800,0,30852,0,5,0
124,4057021248,623,1843850,14355100,44273050,6301100,66773100,66880800,1082,44094950,12148300,11885350,0,31172,0,5,0
125,2686741161,624,864700,15223800,42351950,8327850,66768300,66876850,1507,42178000,12842150,12558550,0,31172,0,5,0
126,3870849660,625,884800,15151500,41845650,8886550,66768500,66874350,1605,41666500,12144750,11914250,0,31172,0,5,0
127,293449641,626,1351150,15400850,43870750,6145800,66768550,66877250,1148,43688150,12518550,11067550,0,30852,0,5,0
128,596064266,627,884300,15114650,41903300,8871750,66774000,66879550,1588,41733900,11890300,11653550,0,30852,0,5,0
129,3715495249,628,876550,15142500,41841650,8906400,66767100,66875450,1532,41668500,12270350,12002450,0,30852,0,5,0
130,244680018,629,889300,14325200,42715150,8838400,66768050,66875000,1601,42540000,12076900,11858100,0,30852,0,5,0
131,4080661783,630,1494000,14315100,42445250,8515250,66769600,66877650,1541,42277150,12095250,11857950,0,30852,0,5,0
132,4006730450,631,881150,16497150,42371950,7021800,66772050,66880500,1237,42198750,12153100,11917100,0,30852,0,5,0
133,3864584507,632,858700,15183500,49782950,934950,66760100,66869050,184,49608950,12145000,11885150,0,30852,0,5,0
134,2711027320,633,894550,14435050,42400750,8528050,66258400,66883650,1540,41525650,12075800,11858900,0,30852,0,5,0
135,4099079087,634,860200,15070650,42167350,8665050,66763250,66875650,1545,42000850,12026750,11784600,0,30852,0,5,0
136,565333772,635,893900,15084800,42148650,8644950,66772300,66879450,1473,41974150,12245050,11984850,0,30852,0,5,0
137,1028518269,636,855600,14353750,42384750,9167100,66761200,66873950,1670,41511650,12097750,11855450,0,30852,0,5,0
138,2252688136,637,924700,15447250,41577250,7455050,65404250,66881750,1319,41401150,12062150,11831600,0,30852,0,5,0
139,578597309,638,862550,15076700,43795100,7032150,66766500,66874600,1197,43614900,13337950,13101300,0,30852,0,5,0
140,3624439358,639,912700,15189700,41714750,9225100,67042250,67153500,1596,41540800,12113900,11878700,0,30852,0,5,0
141,3514067501,640,861650,14326950,42484450,8821900,66494950,66603150,1600,42315900,12099400,11867600,0,30852,0,5,0
142,2741972910,641,1533150,14380950,42641250,8210900,66766250,66873550,1450,42473950,12153050,11917500,0,30852,0,5,0
143,28497579,642,863700,15100000,41831950,8973050,66768700,66877750,1543,41660950,12265400,11985650,0,30852,0,5,0
144,466729326,643,882750,14966650,41710050,9211750,66771200,66878600,1679,41538500,12078850,11859250,0,30852,0,5,0
145,3425349295,644,1412600,14309300,42795700,8250150,66767750,66875850,1483,42626500,12479400,12244500,0,30852,0,5,0
146,1537640620,645,884550,15126800,42017750,8738550,66767650,66876750,1589,41848000,12749950,12484300,0,30852,0,5,0
147,1853842891,646,866900,15108300,44120350,6814050,66909600,67016800,1197,43948150,12059600,11830000,0,30852,0,5,0
148,1177024904,647,883250,14394250,42525100,8827950,66630550,66737600,1422,42354900,12185300,11948150,0,31172,0,5,0
149,4106734849,648,6646350,17056000,42603700,454250,66760300,66874050,86,42427600,12285800,12033550,0,31172,0,5,0
150,2025356500,649,874750,15157350,41840600,8907850,66780550,66878900,1532,41669000,12322300,12055400,0,31172,0,5,0
151,2189605121,650,856900,15064500,41837700,9016250,66775350,66880300,1635,41664650,12098250,11846450,0,30852,0,5,0
152,4086136290,651,1663250,14370800,42351800,8387250,66773100,66877350,1515,41354550,12092300,11865150,0,30852,0,5,0
153,4036669705,652,856650,15073000,42154550,8684600,66768800,66874300,1581,41985900,12763800,11801300,0,30852,0,5,0
154,4167980074,653,879600,15109750,41723450,9062600,66775400,66878150,1567,41551900,12139150,11897400,0,30852,0,5,0
155,51187407,654,859400,17084950,42196150,6629350,66769850,66876850,1244,42022750,11852150,11585850,0,30852,0,5,0
156,2242638442,655,1543200,14471950,42271150,8485700,66772000,66878400,1507,42101800,12084750,11868700,0,30852,0,5,0
157,2730108163,656,858700,15078800,41779600,9053700,66770800,66877650,1559,41611250,12255200,11968600,0,30852,0,5,0
158,2718743917,657,878800,15428400,41695850,8768750,66771800,66877550,1584,41523000,12116700,11875450,0,30852,0,5,0
159,3391709842,658,863900,14338000,42531400,8616400,66349700,66875950,1560,42361650,12094950,11868500,0,30852,0,5,0
160,1164604273,659,882250,15052250,42065900,8772050,66772450,66879250,1600,41898800,12052450,11807900,0,30852,0,5,0
161,2148591176,660,866200,15117450,42796550,7988800,66769000,66873800,1446,42102850,12110750,11838800,0,30852,0,5,0
162,4192737573,661,869250,14369250,43011650,8526300,66776450,66880350,1274,42838150,12508650,12286650,0,30852,0,5,0
163,535584840,662,1493000,14514550,42438100,8310350,66756000,66873950,1470,42266450,12063350,11828950,0,30852,0,5,0
164,3430794475,663,886950,15019950,50525600,333950,66766450,66872150,62,50353700,11948450,11711450,0,30852,0,5,0
165,776323552,664,855950,15251250,41909250,9114650,67131100,67227750,1575,41737450,12132450,11871150,0,30852,0,5,0
166,3330991427,665,877950,14356600,42546600,8642900,66424050,66531150,1564,42378250,12105450,11881850,0,30852,0,5,0
167,3282074430,666,859900,15033300,42816400,8057700,66767300,66879600,1448,42645900,12227500,12005500,0,30852,0,5,0
168,2597814595,667,879000,15123950,41759600,9003250,66765800,66875700,1550,41584850,12159600,11904300,0,30852,0,5,0
169,2225601370,668,862300,15024800,41816200,9068450,66771750,66879300,1649,41635300,12117950,11880100,0,30852,0,5,0
170,3716853465,669,1456900,14469700,44186200,6658500,66771300,66875250,1127,44019200,12105300,11839750,0,30852,0,5,0
171,1080675697,670,873650,14863500,41178850,9855900,66771900,66878000,1725,41007850,12099450,11830000,0,30212,0,5,0
172,219920238,671,875200,14966450,41165200,9964600,66971450,67075650,1754,40993300,11929200,11716200,0,30212,0,5,0
173,3070385651,672,852950,14197650,42354700,9168850,66574150,66678700,1669,42180750,12358450,12132150,0,30212,0,5,0
174,2609556270,673,1648350,14116450,41638950,9368250,66772000,66878150,1722,40946950,12077500,11815850,0,30212,0,5,0
175,141401383,674,853900,14924700,41374250,9617050,66769900,66875500,1678,41196850,11981250,11724200,0,30212,0,5,0
176,3034105280,675,871450,14159350,41801150,9938000,66769950,66875500,1747,40955300,11912950,11700100,0,30212,0,5,0
177,3029196371,676,1361500,14322750,41751000,9337800,66773050,66880000,1680,41581500,11823150,11074900,0,30212,0,5,0
178,699378668,677,878100,16277900,41762800,7848550,66767350,66876100,1407,41591950,11911400,11681150,0,30212,0,5,0
179,2402609405,678,850550,14977300,48980650,2405600,67214100,67320850,324,48805500,11961150,11709100,0,30212,0,5,0
CSV_END

NV_DONE_2175666f98aa=0
# 
CAPTURE: {"label": "mailbox-r0-s0-grouped", "elapsed_seconds": 31.928049771000587, "bytes_received": 22561, "command": "/tmp/fifo-bench --frames 180 --warmup 30 --wait spin --state-frame 0 --grouped --csv /tmp/fifo-case.csv --dump /tmp/fifo-check.rgb565; fifo_rc=$?; if [ \"$fifo_rc\" = 0 ]; then sha256sum /tmp/fifo-check.rgb565 /tmp/fifo-check.rgb565.expected; printf \"\\nCSV_BEGIN\\n\"; cat /tmp/fifo-case.csv; printf \"CSV_END\\n\"; fi; test \"$fifo_rc\" = 0", "command_exit": 0, "login_sent": false, "log": "/path/to/research/experiments/fifo-study-20261008/20261008T074553Z-mailbox-r0-s0-grouped.raw"}
