/tmp/fifo-bench --frames 180 --warmup 30 --wait spin --state-frame 1800 --grouped --csv /tmp/fifo-case.csv; fifo_rc=$?; if [ "$fifo_rc" = 0 ]; then  printf "\nCSV_BEGIN\n"; cat /tmp/fifo-case.csv; printf "CSV_END\n"; fi; test "$fifo_rc" = 0; nv_status=$?; printf "\nNV_DONE_2a2f780ce2c0=%s\n" "$nv_status"
BEGIN_BREAKOUT frames=180 warmup=30 fixed=0 blocks=40 tiles=1 hud=1 wait=spin replay=0 state_frame=1800 profile=detailed pixel_centers=1 clock_call_ns=5849
HW_COUNTERS id=46490001 words=1086340 wait_cycles=14447215 longest_wait_cycles=4628 total_cycles=183572933 cpu_hz=20000000
RESULT frames=180 elapsed_s=9.178525600 fps=19.610993 logic_ms=0.868489 api_ms=12.025794 swap_ms=34.603577 wait_ms=3.355564 worker_inclusive_ms=34.402379 upload_inclusive_ms=10.271970 write_ms=10.039432 bytes_per_frame=24140.89 p50_ms=50.157950 p95_ms=53.293900 max_ms=66.880550 late_60hz=180 first_count=2853 last_count=3032 state_hash=1022e19f remaining=21 score=190
RENDER_PATH retained=0 grouped=1 quads=10250 full_frames=180
BREAKOUT_PASS

CSV_BEGIN
frame,state_hash,display_count,logic_ns,api_ns,swap_ns,wait_ns,total_ns,completion_interval_ns,polls,worker_inclusive_ns,upload_inclusive_ns,write_ns,read_ns,write_bytes,read_bytes,write_calls,read_calls
0,2110160739,2853,763600,12066450,35128600,2249550,50208200,50218250,346,34958300,10637750,10404600,0,24452,0,5,0
1,1693181783,2854,753650,12062350,34380650,2436600,49633250,49735400,366,34214500,9972000,9768950,0,24452,0,5,0
2,802378003,2855,752700,11966250,34670550,2834500,50224000,50327000,454,34496750,10488700,10257450,0,24452,0,5,0
3,773631361,2856,752350,12063900,34998200,2070600,49885050,49987450,421,34326750,9967150,9767800,0,24452,0,5,0
4,3600043099,2857,748900,12052900,35156100,2102700,50060600,50156750,324,34984950,10853500,10610200,0,24452,0,5,0
5,1618316913,2858,751700,12157750,34990200,2159950,50059600,50159750,440,34825950,10500750,10293700,0,24452,0,5,0
6,201713393,2859,736750,12023750,34758850,2543650,50063000,50159000,417,34589150,10466350,9515000,0,24452,0,5,0
7,2011502881,2860,753550,12219650,43861700,9937450,66772350,66873700,1782,43700600,11709700,11496300,0,24452,0,5,0
8,3125474025,2861,775350,12099700,35481600,1263950,49620600,50156600,255,35310500,10671200,10446000,0,24452,0,5,0
9,1342287211,2862,738500,12005400,35007550,2573200,50324650,50421250,417,34842750,10599150,10374050,0,24452,0,5,0
10,3857196809,2863,754000,12076050,34318150,2646800,49795000,49898300,410,34153000,9991600,9774600,0,24452,0,5,0
11,2240049260,2864,764400,11790700,34349450,3171200,50075750,50180200,525,34178650,10378800,10158950,0,24132,0,5,0
12,1815897908,2865,745750,11907750,34246750,3131350,50031600,50135100,532,34078700,10294950,10074050,0,24132,0,5,0
13,648884648,2866,749450,11916650,34285550,3104100,50055750,50158450,535,34113400,10370850,10146750,0,24132,0,5,0
14,2931991803,2867,749450,12074300,33904400,3328800,50056950,50158000,574,33739450,9892400,9674700,0,24132,0,5,0
15,4227589206,2868,743850,11805400,34320450,3184500,50054200,50157850,549,34149900,10382450,10155550,0,24132,0,5,0
16,1986714807,2869,748500,12087400,34705900,2510800,50052600,50155900,512,33757600,9908600,9689800,0,24132,0,5,0
17,28333542,2870,1463850,11910000,33599350,3371350,50344550,50441950,318,33428450,10372250,9439000,0,24132,0,5,0
18,842458438,2871,761850,12100550,34313550,2589850,49765800,49872600,528,34156050,10440950,10209400,0,24132,0,5,0
19,4035787358,2872,774100,12181450,34447300,1299650,48702500,50156550,262,33782550,9904250,9696150,0,24132,0,5,0
20,3966921526,2873,738000,11872000,34408800,3476850,50495650,50593150,622,34251200,10411350,10194750,0,24132,0,5,0
21,3331783808,2874,747450,12338300,34090200,2446200,49622150,49726850,391,33918550,9880200,9671750,0,24132,0,5,0
22,1855912102,2875,742850,11851450,34475950,3137900,50208150,50311650,545,34304750,10399650,10170050,0,24132,0,5,0
23,3437663592,2876,744600,11888150,34089550,3182250,49904550,50005500,546,33918800,9856300,9648100,0,24132,0,5,0
24,3162062844,2877,754000,11770450,34438750,3094250,50057450,50158450,533,34262550,10402200,10167350,0,24132,0,5,0
25,1213835568,2878,745850,12146850,34127400,3036500,50056600,50157800,516,33961150,9885350,9683600,0,24132,0,5,0
26,4133797692,2879,743400,11750400,34391600,3169800,50055200,50156400,548,34223150,10386300,10150150,0,24132,0,5,0
27,256876650,2880,743850,11900450,41845800,12289150,66779250,66880550,1939,41670550,9931050,9730350,0,24452,0,5,0
28,482917404,2881,1255050,12075000,33983500,2732650,50046200,50151850,452,33814350,9935250,9731850,0,24452,0,5,0
29,1264633954,2882,748950,12259700,34488950,2899650,50397250,50500950,494,34316750,10403650,10177050,0,24132,0,5,0
30,3606135978,2883,750100,11897550,33962800,3103600,49714050,49815750,529,33793150,9867850,9653600,0,24132,0,5,0
31,2630115922,2884,752200,11790450,34492200,3049850,50084700,50185800,525,34318950,10375500,10151100,0,24132,0,5,0
32,3881483034,2885,755300,11890750,33964300,3419300,50029650,50130550,594,33795350,9902350,9690550,0,24132,0,5,0
33,2944919204,2886,746300,12076650,34471300,2764000,50058250,50157600,462,34301200,10375200,10152050,0,24132,0,5,0
34,646532490,2887,753850,11887350,33961850,3455600,50058650,50160100,601,33793000,9875000,9670850,0,24132,0,5,0
35,2877853796,2888,751500,11675850,34480500,3145150,50053000,50153900,543,34308700,10392050,10164750,0,24132,0,5,0
36,1922367648,2889,755800,11885950,34079750,3333200,50054700,50157850,575,33914300,9895900,9678650,0,24132,0,5,0
37,1795563108,2890,1378400,11049850,34967000,2663500,50058750,50159850,439,34795050,9749900,9546450,0,24132,0,5,0
38,214631552,2891,746350,14455650,33784850,1068600,50055450,50156700,214,33596500,9669050,9472100,0,24132,0,5,0
39,1929726190,2892,1395700,11753900,33813700,3093900,50057200,50157900,531,33642100,9716700,9510900,0,24132,0,5,0
40,1190506064,2893,749050,11857950,34535350,2912900,50055250,50156650,595,34378450,10398000,10184100,0,24132,0,5,0
41,3268351150,2894,1246000,11827950,34539850,2446200,50060000,50157200,392,34370500,9874800,9682950,0,24132,0,5,0
42,118037070,2895,747550,11860950,34520400,3209750,50338650,50440050,560,34359150,10561200,10335450,0,24132,0,5,0
43,1955195062,2896,750750,11895450,34108800,3020300,49775300,49876450,512,33942250,10015600,9798950,0,24132,0,5,0
44,1797432467,2897,741050,11793950,34502350,3019850,50057200,50158500,518,34336200,10534000,10310550,0,24132,0,5,0
45,1035442557,2898,748300,11881700,34518600,2911050,50059650,50161650,482,34342950,9995100,9789550,0,24132,0,5,0
46,2267612867,2899,746900,11750100,34454600,3098650,50050250,50153400,527,34286150,10522050,10289350,0,24132,0,5,0
47,1217717069,2900,745300,11863300,42359900,11802900,66771400,66875600,2067,42179950,12406750,12165250,0,24132,0,5,0
48,1461268009,2901,2333550,11935200,34710800,1076500,50056050,50159450,216,34549200,10411300,10195150,0,24132,0,5,0
49,2370304197,2902,772050,11974850,34962150,2132550,49841600,50649650,331,34786450,10393650,10166200,0,24132,0,5,0
50,655561417,2903,754100,11943500,34014450,2854450,49566500,49667800,476,33841750,9872100,9657750,0,24132,0,5,0
51,524675839,2904,752700,11839650,34681550,2935550,50209450,50311500,501,34507650,10605750,10383350,0,24452,0,5,0
52,1155835041,2905,748800,11953050,34141450,3060400,49903700,50005100,520,33976700,10093250,9877250,0,24452,0,5,0
53,214853719,2906,746450,11780350,34909750,2617200,50053750,50154500,432,34740350,10553800,10337200,0,24132,0,5,0
54,3035389575,2907,752100,11901900,34004550,3400350,50058900,50159700,585,33838900,9988350,9773500,0,24132,0,5,0
55,1549109231,2908,758400,14118900,34060150,1117650,50055100,50156800,112,33895000,9987050,9784950,0,24132,0,5,0
56,66132623,2909,756050,11968000,33899100,3439000,50062150,50162450,572,33734600,9885850,9679000,0,24132,0,5,0
57,3504604473,2910,752700,11643800,34733000,2926150,50055650,50157250,471,34561850,10763000,10538350,0,24132,0,5,0
58,1691498415,2911,752400,13524850,34272500,1506700,50056450,50156600,305,34102450,10407400,10184150,0,24132,0,5,0
59,4055346753,2912,1572300,11792050,33581550,3112450,50058350,50154150,534,33415400,9661600,9451900,0,24132,0,5,0
60,4185240021,2913,751500,11987650,34307200,3009900,50056250,50158200,615,34149850,10398400,10186100,0,24132,0,5,0
61,380494641,2914,1257500,12069450,34178150,2556900,50062000,50158500,394,34011000,10145250,9927550,0,24132,0,5,0
62,648826037,2915,755600,12023100,34286500,3370700,50435900,50534550,599,34128200,10401700,10187700,0,24132,0,5,0
63,457329003,2916,750000,12076800,33967500,2888200,49682500,49782250,485,33802500,9877000,9655550,0,24132,0,5,0
64,3359035981,2917,750700,11938450,34281900,3174150,50145200,50245200,553,34115550,10389500,10169150,0,24132,0,5,0
65,1526400123,2918,758450,11987800,33918600,3304400,49969250,50069750,572,33747750,9860350,9639450,0,24132,0,5,0
66,1691524227,2919,748650,12121050,34403150,2785950,50058800,50158750,468,34234900,10424650,10200300,0,24132,0,5,0
67,1475349003,2920,750700,11904200,41083800,13038550,66777250,66877150,2419,40912200,11331700,11098200,0,24132,0,5,0
68,485644907,2921,2737050,11924350,34312250,1086450,50060100,50159450,218,34155450,10388700,10173700,0,24132,0,5,0
69,1050479637,2922,734000,11993050,34676800,2654500,50058350,50154900,542,34514000,10816350,10596050,0,24132,0,5,0
70,3204525547,2923,1268600,12049200,33828150,2919650,50065600,50160100,491,33660400,9855750,9652850,0,24132,0,5,0
71,4185398997,2924,751500,12019700,34339100,3241550,50351850,50453350,560,34173250,10396500,10176550,0,24132,0,5,0
72,3094072225,2925,745900,12087400,33799950,3130650,49763900,49863050,535,33633800,9861500,9652850,0,24132,0,5,0
73,1835371693,2926,752300,11928900,34311200,3330600,50323000,50425000,519,34142500,10399050,10172950,0,24132,0,5,0
74,2168771505,2927,753900,12026850,33829650,3177400,49787800,49887850,544,33657700,9876700,9675250,0,24132,0,5,0
75,4059398759,2928,751150,11780200,34569550,2953550,50054450,50160050,501,34398700,10448050,10221500,0,24452,0,5,0
76,644479865,2929,757500,11872400,34193950,3233500,50057350,50157500,554,34024200,9960700,9755500,0,24452,0,5,0
77,1914197423,2930,753500,11682400,34452600,3169750,50058250,50160750,547,34280350,10378900,10151600,0,24132,0,5,0
78,430804047,2931,756150,13648750,34470850,1171950,50047700,50151700,236,34304500,10373200,10160100,0,24132,0,5,0
79,3866048775,2932,802250,12028900,34104200,1582250,48517600,50158650,213,33934000,9889600,9686450,0,24132,0,5,0
80,7140231,2933,764200,11918150,34535050,2840350,50057750,50159450,580,34378250,10393850,10175850,0,24132,0,5,0
81,1511961547,2934,1333300,11779400,33716250,3234250,50063200,50158900,559,33543300,9674750,9478150,0,24132,0,5,0
82,376629139,2935,753600,11873750,34757250,2670550,50055150,50155300,545,34597550,10372350,10149000,0,24132,0,5,0
83,1861594235,2936,756950,11917900,34121600,2789300,49585750,50159600,465,33949550,9870350,9661000,0,24132,0,5,0
84,1702339483,2937,753300,11877200,34448800,3180700,50260000,50359850,556,34290350,10372300,10143600,0,24132,0,5,0
85,966101579,2938,757750,11894800,34108500,3092350,49853400,49953750,525,33936800,9866200,9660550,0,24132,0,5,0
86,2786182811,2939,751250,11806400,34821850,2680350,50059850,50159500,445,34642400,10393700,10166850,0,24132,0,5,0
87,3655782539,2940,752050,11912100,40796150,13319750,66780050,66880000,2477,40621400,16580350,16289750,0,24132,0,5,0
88,3735461922,2941,1359600,13360550,34545350,788700,50054200,50153650,157,34382250,10401950,10193150,0,24132,0,5,0
89,270833838,2942,741100,11872750,34510700,2935700,50060250,50157900,600,34349500,10408750,10192400,0,24132,0,5,0
90,930095294,2943,1269150,12140400,33995650,2659150,50064350,50160200,436,33829450,9868550,9662900,0,24132,0,5,0
91,1273808962,2944,749600,11896050,34499350,3269000,50414000,50516400,578,34331800,10376900,10145300,0,24132,0,5,0
92,1953673858,2945,746850,11912550,33976200,3063400,49699000,49799500,518,33806050,9868900,9662650,0,24132,0,5,0
93,4057475070,2946,748550,11835350,34461300,3085600,50130800,50231100,534,34294550,10362000,10142250,0,24132,0,5,0
94,3372198854,2947,751800,11894550,34443750,2893300,49983400,50083600,482,34275300,9883850,9684450,0,24132,0,5,0
95,2335202154,2948,750500,11767200,34471900,3067250,50056850,50157250,528,34301500,10396500,10170650,0,24132,0,5,0
96,2170853250,2949,753450,11893250,34026250,3386350,50059300,50159300,586,33856050,9885350,9689200,0,24132,0,5,0
97,1829955022,2950,750050,11703750,34427950,3175100,50056850,50156900,548,34256400,10510850,10280700,0,24132,0,5,0
98,1856045454,2951,748800,11863700,37258150,187100,50057750,50158000,33,37087900,9798850,9590350,0,24132,0,5,0
99,2544683154,2952,1461200,11052050,34598200,2950450,50061900,50158250,499,34426450,10599100,10374800,0,24452,0,5,0
100,1531444578,2953,748850,11909650,34744600,2655750,50058850,50159150,542,34585700,10630550,10405350,0,24452,0,5,0
101,1139277022,2954,1353200,11724050,33747600,3233750,50058600,50156200,551,33564850,10489750,10264500,0,24132,0,5,0
102,2614530982,2955,748050,11837400,34802700,2665550,50053700,50156250,544,34645500,10538850,10319100,0,24132,0,5,0
103,464765994,2956,1286150,11793100,33665500,3318350,50063100,50160950,553,33490400,9717250,9523850,0,24132,0,5,0
104,1592019490,2957,747600,11878650,34324700,3524550,50475500,50578500,607,34169000,10403300,10179150,0,24132,0,5,0
105,66207950,2958,746050,11885200,33980550,3021600,49633400,49739300,514,33808050,9853100,9646000,0,24132,0,5,0
106,2639428798,2959,759000,11942700,34664650,2731800,50098150,50199600,456,34487900,10757350,10524800,0,24132,0,5,0
107,1495915330,2960,752750,12014000,34519100,5856750,53142600,53242200,20,34347950,10394250,10181750,0,24132,0,5,0
108,4079891938,2961,783650,13061450,36162900,13620950,63628950,63748150,2424,35988600,9663550,9465200,0,24132,0,5,0
109,1204987230,2962,787100,12057050,34475000,2014350,49333500,50155950,410,34304450,10547200,10323700,0,24132,0,5,0
110,949029318,2963,1348550,11816050,34347050,2550200,50061850,50160950,407,34181000,9967800,9754900,0,24132,0,5,0
111,2727127274,2964,749900,11912950,34407900,2984350,50055100,50156000,610,34248950,10508050,10289700,0,24132,0,5,0
112,2443393666,2965,747700,11945450,33817750,3049000,49559900,50155350,494,33653350,9835800,9631100,0,24132,0,5,0
113,434260526,2966,750250,11835700,34331400,3433150,50350500,50452450,586,34171550,10388700,10161900,0,24132,0,5,0
114,2637634158,2967,746100,11910400,34230150,2879800,49766450,49868350,481,34064000,10265050,10038100,0,24132,0,5,0
115,4248248050,2968,752950,11905150,34336850,3063700,50058650,50157200,528,34167800,10388500,10163600,0,24132,0,5,0
116,663154818,2969,751450,12049500,33931800,3323150,50055900,50155950,575,33763300,9869650,9669900,0,24132,0,5,0
117,1461428606,2970,750350,11892150,34347300,3068350,50058150,50157950,529,34168400,10385200,10160750,0,24132,0,5,0
118,3252362022,2971,749450,12064950,36339000,905050,50058450,50158400,181,36174000,10685300,10457350,0,24132,0,5,0
119,2423015338,2972,749650,11869450,34302850,3141250,50063200,50156750,540,34130950,10345200,10123050,0,24132,0,5,0
120,507309730,2973,749200,12053150,34433200,2820650,50056200,50156250,576,34272450,9901600,9690300,0,24132,0,5,0
121,2882991293,2974,1421800,11035200,34458700,3150000,50065700,50161500,543,33448100,10364850,10138550,0,24132,0,5,0
122,3682963569,2975,747850,11852000,34542650,2912800,50055300,50157650,595,34384850,10386850,10164350,0,24132,0,5,0
123,1404881069,2976,1279800,12192750,34229600,2358650,50060800,50156500,377,34063050,9937200,9744200,0,24452,0,5,0
124,624513273,2977,750700,11841350,34445350,3451750,50489150,50589250,616,34288000,10291000,9546850,0,24452,0,5,0
125,484090933,2978,751950,11852700,34118150,2906800,49629600,49729350,491,33947000,9853300,9645200,0,24132,0,5,0
126,2330053545,2979,749050,11813600,34510400,3131000,50204050,50303950,543,34347900,10371400,10138050,0,24132,0,5,0
127,3891445269,2980,747450,12149300,34153450,6144150,53194350,53293900,73,33985200,9885400,9695200,0,24132,0,5,0
128,1947616753,2981,790500,14548900,36067300,12072200,63478900,63592150,2224,35902400,10291900,10072800,0,24132,0,5,0
129,965975981,2982,759150,12040400,34461600,2795300,50056450,50156650,571,34299150,10391700,10186750,0,24132,0,5,0
130,2786931617,2983,1343650,11004600,34403300,3312050,50063600,50159650,574,33406350,10414750,10184700,0,24132,0,5,0
131,4011087213,2984,741850,12203200,34566650,2547850,50059550,50158950,520,34401300,10396500,10185200,0,24132,0,5,0
132,3703868376,2985,1268200,11903850,33988150,2900550,50060750,50157100,488,33819600,9845800,9641100,0,24132,0,5,0
133,212089708,2986,747400,11821300,36578050,1272800,50419550,50519900,152,36405400,9851700,9645650,0,24132,0,5,0
134,737348112,2987,748450,11910900,33996850,3040000,49696200,49796100,516,33833650,9860250,9654250,0,24132,0,5,0
135,1465149204,2988,748250,12124950,34458400,2741050,50072650,50174000,461,34291550,10375550,10160450,0,24132,0,5,0
136,3549792448,2989,752550,11879400,33972950,3435400,50040300,50140800,598,33803850,9867750,9653350,0,24132,0,5,0
137,3053421220,2990,752600,11724200,35027450,2551950,50056200,50157650,416,34855550,10898700,10673200,0,24132,0,5,0
138,904563048,2991,757000,11876050,36148050,1273550,50054650,50155850,257,35980050,10376000,10147000,0,24132,0,5,0
139,1363341148,2992,1613750,11957700,34533800,1256750,49362000,50161500,146,34361950,9874600,9678050,0,24132,0,5,0
140,3357813192,2993,760350,11942100,33999100,3350800,50052350,50155200,578,33834400,9882500,9666050,0,24132,0,5,0
141,1376589724,2994,1382300,11058000,34447800,3170400,50058500,50159050,547,34277200,10356000,10134750,0,24132,0,5,0
142,2806738240,2995,753750,11870800,34551000,2878750,50054300,50155750,588,34393900,10393750,10172950,0,24132,0,5,0
143,1863420068,2996,1337350,11691750,34182050,2854000,50065150,50161000,480,33999550,9755900,9553550,0,24132,0,5,0
144,2368389248,2997,745900,11817350,34446150,3048400,50057800,50157950,623,34288300,10550900,10329500,0,24132,0,5,0
145,3624800580,2998,1248050,11855150,33978400,2981750,50063350,50159300,505,33807200,9973450,9769650,0,24132,0,5,0
146,2708332264,2999,746200,11848750,34475800,3238300,50309050,50409250,569,34315800,10573650,10345950,0,24132,0,5,0
147,3643166428,3000,753650,11872950,34575100,2601700,49803400,49903650,416,34401900,10072850,9872650,0,24452,0,5,0
148,1604903896,3001,750850,18994250,36695250,10334850,66775200,66875750,1862,36528600,9826300,9619200,0,24452,0,5,0
149,499105388,3002,757100,11945950,34700300,2654400,50057750,50158100,542,34538750,10413000,10208450,0,24132,0,5,0
150,3393190256,3003,1406750,11066600,34431950,3158550,50063850,50159750,543,33555050,10376100,10144950,0,24132,0,5,0
151,1752164884,3004,751600,11880300,34932150,2489800,50053850,50155750,508,34772400,10389200,10171900,0,24132,0,5,0
152,112950176,3005,1303400,11797150,33668000,3296600,50065150,50161350,572,33499300,10511300,9459200,0,24132,0,5,0
153,218377828,3006,744800,11876000,34492850,3354550,50468200,50570900,596,34334000,10565400,10348750,0,24132,0,5,0
154,1614877672,3007,745900,11983450,34004950,2909500,49643800,49743800,490,33838350,10013600,9800300,0,24132,0,5,0
155,624660060,3008,749200,11823500,34867050,2760550,50200300,50302100,464,34700600,10532850,10322400,0,24132,0,5,0
156,1646146728,3009,756150,11884800,33929700,3342800,49913450,50015300,570,33760650,9960500,9750800,0,24132,0,5,0
157,2550301372,3010,750700,11781600,34456700,3065950,50054950,50156950,520,34285700,10493300,10272600,0,24132,0,5,0
158,172327680,3011,753950,11879350,36274700,1142650,50050650,50154050,230,36107600,10519500,10291550,0,24132,0,5,0
159,28774455,3012,760500,11651600,34324200,3328850,50065150,50161700,558,34153950,10663450,10434050,0,23812,0,5,0
160,1278562831,3013,748250,11793550,33514850,3998200,50054850,50156450,714,33346950,9785300,9574750,0,23812,0,5,0
161,1878041307,3014,746550,11613500,33991850,3699900,50051800,50156750,658,33813250,10305250,10083750,0,23812,0,5,0
162,2842495315,3015,745700,11924150,33586450,3802200,50058500,50161500,672,33420850,9811650,9606650,0,23812,0,5,0
163,942955647,3016,1360200,11037900,34269150,3387200,50054450,50156150,567,33373450,10579000,10352100,0,23812,0,5,0
164,3104849743,3017,748850,11873500,33464850,3965550,50052750,50154800,705,33302900,9811950,9598400,0,23812,0,5,0
165,2914266731,3018,1222800,11789750,33236850,3804950,50054350,50157100,676,33068350,10286050,10056500,0,23812,0,5,0
166,4064468955,3019,751650,11838750,33897150,3899300,50386850,50490550,714,33231750,9818100,9615250,0,23812,0,5,0
167,3195515191,3020,747850,11791050,33233900,3952150,49724950,49828150,706,33064800,10279750,10045400,0,23812,0,5,0
168,978211615,3021,746600,19515950,35512350,10996750,66771650,66876100,1974,35345850,10305600,10083150,0,24132,0,5,0
169,2835071531,3022,758000,11792650,33686350,3812650,50049650,50155950,675,33518600,9873050,9665550,0,24132,0,5,0
170,2067386771,3023,1541750,10886800,33977200,3654200,50059950,50162550,649,33810300,10353350,10126200,0,24132,0,5,0
171,1313815599,3024,746900,11856800,34485350,2966400,50055450,50156800,606,33707350,10085600,9869800,0,23812,0,5,0
172,2403178911,3025,1297750,11715550,33197750,3851000,50062050,50155600,688,33014700,10302850,10071450,0,23812,0,5,0
173,2922328731,3026,740600,11824700,33471350,4017450,50054100,50156350,715,33303850,9797500,9585100,0,23812,0,5,0
174,984914827,3027,746250,11845100,33164400,3867000,49622750,50162950,688,32992800,10286150,10057400,0,23812,0,5,0
175,3908989879,3028,738700,11822700,34008400,4002500,50572300,50674250,668,33847350,10322050,10106600,0,23812,0,5,0
176,3999582383,3029,744200,11881000,33383050,3535850,49544100,49642650,618,33215000,9733950,9534500,0,23812,0,5,0
177,407226939,3030,740950,11638750,34134400,3542150,50056250,50156200,634,33973200,10309900,10092300,0,23812,0,5,0
178,1756548563,3031,737400,11754650,35725800,1838000,50055850,50155950,373,35566800,10314700,10094650,0,23812,0,5,0
179,270721439,3032,730500,11619250,34106150,3606000,50061900,50159150,643,33932350,10294400,10073350,0,23812,0,5,0
CSV_END

NV_DONE_2a2f780ce2c0=0
# 
CAPTURE: {"label": "mailbox-r1-s1800-grouped", "elapsed_seconds": 17.705065355999977, "bytes_received": 22083, "command": "/tmp/fifo-bench --frames 180 --warmup 30 --wait spin --state-frame 1800 --grouped --csv /tmp/fifo-case.csv; fifo_rc=$?; if [ \"$fifo_rc\" = 0 ]; then  printf \"\\nCSV_BEGIN\\n\"; cat /tmp/fifo-case.csv; printf \"CSV_END\\n\"; fi; test \"$fifo_rc\" = 0", "command_exit": 0, "login_sent": false, "log": "/path/to/research/experiments/fifo-study-20261008/20261008T075024Z-mailbox-r1-s1800-grouped.raw"}
