/tmp/fifo-bench --frames 180 --warmup 30 --wait spin --state-frame 0  --csv /tmp/fifo-case.csv; fifo_rc=$?; if [ "$fifo_rc" = 0 ]; then  printf "\nCSV_BEGIN\n"; cat /tmp/fifo-case.csv; printf "CSV_END\n"; fi; test "$fifo_rc" = 0; nv_status=$?; printf "\nNV_DONE_42d94f41bf3d=%s\n" "$nv_status"
BEGIN_BREAKOUT frames=180 warmup=30 fixed=0 blocks=40 tiles=1 hud=1 wait=spin replay=0 state_frame=0 profile=detailed pixel_centers=1 clock_call_ns=5333
HW_COUNTERS id=46490001 words=1392820 wait_cycles=15767482 longest_wait_cycles=4611 total_cycles=300912698 cpu_hz=20000000
RESULT frames=180 elapsed_s=15.045521450 fps=11.963693 logic_ms=1.023255 api_ms=22.300143 swap_ms=46.285223 wait_ms=13.849199 worker_inclusive_ms=46.078241 upload_inclusive_ms=12.331642 write_ms=12.052133 bytes_per_frame=30951.56 p50_ms=83.596350 p95_ms=83.936600 max_ms=87.561000 late_60hz=180 first_count=2639 last_count=2818 state_hash=8f34e8fd remaining=38 score=20
RENDER_PATH retained=0 grouped=0 quads=13131 full_frames=180
BREAKOUT_PASS

CSV_BEGIN
frame,state_hash,display_count,logic_ns,api_ns,swap_ns,wait_ns,total_ns,completion_interval_ns,polls,worker_inclusive_ns,upload_inclusive_ns,write_ns,read_ns,write_bytes,read_bytes,write_calls,read_calls
0,3724779174,2639,792350,22589400,45512050,12854850,81748650,81759350,2329,45341050,12141250,11903900,0,31172,0,5,0
1,1709657109,2640,1382950,21537300,45898150,14671550,83489950,83595950,2716,45715350,11858900,11626300,0,31172,0,5,0
2,1894904752,2641,1488550,22019150,45625800,14361350,83494850,83597000,2655,45456050,12748450,12481600,0,31172,0,5,0
3,3703759967,2642,850900,21956500,45775100,14913850,83496350,83596050,2643,45598550,12118050,11860900,0,31172,0,5,0
4,19533624,2643,876750,22277650,45737750,14602500,83494650,83599250,2614,45562200,12489450,12228200,0,31172,0,5,0
5,816884773,2644,858200,22462650,53144450,7025950,83491250,83594850,1210,52966050,19640500,19301150,0,31172,0,5,0
6,1339236364,2645,924350,23999500,46080750,11789950,82794550,83595750,2125,45908600,12060400,11855000,0,31172,0,5,0
7,3072959373,2646,890800,22927950,45773200,13904850,83496800,83596400,2468,45592700,12052500,11801250,0,31172,0,5,0
8,1782884746,2647,882600,21569150,46019750,15030200,83501700,83600250,2676,45850100,11951500,10954750,0,31172,0,5,0
9,30296781,2648,872600,21540800,46773900,14550250,83737550,83837650,2609,46600950,12545750,12332250,0,31492,0,5,0
10,4026418858,2649,893250,21733700,45995750,14632300,83255000,83352900,2709,45823900,12170350,11939900,0,31492,0,5,0
11,2084929051,2650,1302150,21549500,46078100,14567400,83497150,83594100,2694,45905100,11942950,11710800,0,31492,0,5,0
12,3114489770,2651,1597100,24584200,45547400,11773950,83502650,83601150,2119,45370550,12066850,11812200,0,31172,0,5,0
13,891400471,2652,855400,22235850,45207500,15196250,83495000,83594600,2699,45027700,12097600,11840150,0,31172,0,5,0
14,3472773456,2653,886750,22263250,45700100,14646850,83496950,83595850,2622,45528450,12517150,12263700,0,31172,0,5,0
15,3010688243,2654,850500,22523350,45613100,14515400,83502350,83598850,2586,45439500,12240750,11993000,0,31172,0,5,0
16,2819524756,2655,882000,22421900,45392300,14800150,83496350,83592300,2625,45217950,11926900,11188900,0,31172,0,5,0
17,3241678401,2656,850250,22872300,45576750,14198250,83497550,83597750,2431,45408750,12068400,11820100,0,31172,0,5,0
18,2154316504,2657,887050,28494500,47912300,6205000,83498850,83596600,1075,47739950,12227300,12000550,0,31172,0,5,0
19,772262681,2658,871650,21558200,46398350,14947500,83775700,83873200,2749,46228500,12086500,11853850,0,31172,0,5,0
20,3882818750,2659,886650,21749600,45893200,14694850,83224300,83321650,2723,45721500,12109900,11880100,0,31172,0,5,0
21,521131153,2660,1337300,21573350,45998900,14588450,83498000,83595150,2675,45828750,11867100,11630850,0,31172,0,5,0
22,1838187414,2661,1517550,21853950,45895550,14229000,83496050,83594400,2626,45729500,12620950,11644550,0,31172,0,5,0
23,840574439,2662,865100,22220150,45365750,15050700,83501700,83598800,2731,45193050,11944750,11122500,0,31172,0,5,0
24,2879461878,2663,885400,22307100,48282450,12017450,83492400,83593950,2220,48113000,12073200,11841450,0,31172,0,5,0
25,202086035,2664,862700,22411750,45682450,14542600,83499500,83596850,2657,45506400,12238400,11980850,0,31172,0,5,0
26,959703924,2665,901700,22328850,45559050,14708700,83498300,83595300,2664,45384550,12119050,11888500,0,31172,0,5,0
27,3795724423,2666,853250,22700700,45576100,14370550,83500600,83599150,2614,45410100,12112050,11863750,0,31172,0,5,0
28,2500539904,2667,893150,21738100,45858700,15007550,83497500,83594200,2758,45690550,12176600,11952350,0,31172,0,5,0
29,2269000541,2668,860050,21648100,48671300,12641300,83820750,83920300,2260,48495150,12125250,11861650,0,31172,0,5,0
30,1900681108,2669,896150,22329850,54537750,5411400,83175150,83272550,1014,54364050,12122600,11886800,0,31172,0,5,0
31,3680168245,2670,1376100,21545400,46085350,14493250,83500100,83599850,2649,45911300,11890300,11658300,0,31172,0,5,0
32,2344329490,2671,1521850,21887200,45875300,14200600,83484950,83592750,2620,45705250,12629650,12369900,0,31172,0,5,0
33,2130650181,2672,856350,22258700,46475300,13910850,83501200,83598650,2567,45760150,12345750,12086750,0,31492,0,5,0
34,906966818,2673,879400,22353800,46091850,14170600,83495650,83594150,2516,45918100,12187950,11929450,0,31492,0,5,0
35,3939376531,2674,858400,22444850,45906650,14289300,83499200,83599400,2547,45728600,12153050,11898850,0,31492,0,5,0
36,2110688546,2675,922000,22671950,47507450,11705350,82806750,83594900,2079,47336400,14139800,13865200,0,31172,0,5,0
37,2695523007,2676,879300,22668800,45673550,14275000,83496650,83596300,2550,45497950,12119600,11869950,0,31172,0,5,0
38,744447992,2677,894250,21670250,46196950,14737250,83498700,83599500,2645,46025750,12254400,12053950,0,31172,0,5,0
39,3728640411,2678,867300,21578900,46756300,14784600,83987100,84087050,2617,46585600,12121200,11880450,0,31172,0,5,0
40,618879740,2679,903750,21573450,45871900,14652550,83001650,83101150,2713,45698100,11981250,11753150,0,31172,0,5,0
41,1239708057,2680,1396200,21675050,45840900,14590600,83502750,83599400,2672,45668050,12599300,12341350,0,31172,0,5,0
42,2429742208,2681,1501450,21897350,55210300,4887000,83496100,83597450,864,55033700,14407100,14124450,0,31172,0,5,0
43,412095716,2682,888750,22298150,45621600,14686650,83495150,83594050,2621,45443950,12321400,12058650,0,31172,0,5,0
44,1226741467,2683,888000,22344450,45974300,14293750,83500500,83597750,2519,45798850,12136050,11886350,0,31172,0,5,0
45,3288446148,2684,859800,22411050,45707600,14517100,83495550,83594850,2593,45523300,12117000,11867850,0,31172,0,5,0
46,1157984843,2685,904550,22602200,45240100,14753300,83500150,83597550,2620,45066750,12137900,11905850,0,31172,0,5,0
47,3877288378,2686,861900,22731050,45715200,14189100,83497250,83597250,2531,45543900,12130400,11885450,0,31172,0,5,0
48,4236526315,2687,889550,21768850,46168100,15092500,83919000,84017000,2630,45998500,12218800,12019150,0,31172,0,5,0
49,533834014,2688,876550,23634850,46072500,12895350,83479250,83579450,2237,45895000,12108150,11848100,0,31172,0,5,0
50,1649361089,2689,898350,21590450,45672600,14931400,83092800,83192200,2768,45500500,12584700,11652350,0,31172,0,5,0
51,2486981906,2690,1413500,21716400,45852800,14515600,83498300,83595750,2680,45039100,12067700,11800150,0,31172,0,5,0
52,1706075277,2691,1784000,21567750,45354050,14792850,83498650,83595350,2646,45185500,12121750,11873000,0,31172,0,5,0
53,267972368,2692,854100,22345750,45676150,14625900,83501900,83599050,2612,45499050,12310000,12042600,0,31172,0,5,0
54,3895401273,2693,876950,22339150,53575250,6705500,83496850,83594150,1091,53389850,19776600,19445050,0,31172,0,5,0
55,605985656,2694,897550,23878250,46051350,12671500,83498650,83596300,2304,45879400,11909400,11671150,0,31172,0,5,0
56,4077673024,2695,961200,22562750,45288400,14687600,83499950,83597450,2565,45113850,12182500,11950200,0,30852,0,5,0
57,985632231,2696,895250,21523150,46209700,14869350,83497450,83595850,2670,46040950,12016950,11774250,0,30852,0,5,0
58,3720590956,2697,908100,21713150,46249450,14651400,83522100,83619400,2628,46066200,12048800,11826200,0,30852,0,5,0
59,3264032585,2698,876900,21599950,46674400,14323250,83474500,83572950,2611,46499700,12075700,11841550,0,30852,0,5,0
60,395405688,2699,923450,21596000,45564100,15016300,83099850,83597850,2791,44874550,12011000,11756950,0,30852,0,5,0
61,32142420,2700,1428500,24018000,45518400,12535300,83500200,83597500,2212,45348250,12107950,11862300,0,30852,0,5,0
62,1187067055,2701,1609100,21437100,45182700,15266350,83495250,83595050,2745,45011900,12061450,11807000,0,30852,0,5,0
63,459140908,2702,909550,22306900,45648300,14633500,83498250,83595400,2607,45480000,12079950,11820500,0,30852,0,5,0
64,3369786495,2703,920550,22439600,45489550,14653100,83502800,83599150,2592,45314100,12072550,11809700,0,30852,0,5,0
65,1572434254,2704,895850,22290550,45348650,14958350,83493400,83594200,2684,45167900,12032350,11791700,0,30852,0,5,0
66,4107798823,2705,919450,22592700,45508400,18440750,87461300,87561000,2385,45331000,12208150,11976100,0,30852,0,5,0
67,343968250,2706,955450,24407400,47411150,6012800,78786800,79633350,1003,47242500,12053250,11798250,0,30852,0,5,0
68,3102454017,2707,929500,21566250,45923200,15139300,83558250,83657000,2726,45753600,11987300,11750600,0,30852,0,5,0
69,3051095563,2708,882250,21736150,46181750,14634600,83434750,83537000,2675,46003700,11923850,11167850,0,30852,0,5,0
70,2391331016,2709,935650,21497150,45816250,14826000,83075050,83592500,2748,45639150,11818150,11595750,0,30852,0,5,0
71,3869016117,2710,1433550,21600600,45168300,15296050,83498500,83596100,2663,44994650,12193450,11926750,0,30852,0,5,0
72,1579800804,2711,1572600,21439950,45332250,15154050,83498850,83598600,2697,45166150,12054900,11812100,0,30852,0,5,0
73,2792341157,2712,883450,22122550,47853350,12639250,83498600,83596800,2298,47677350,11953350,11721400,0,30852,0,5,0
74,714702942,2713,919150,22440000,45375450,14766150,83500750,83597950,2615,45191200,12037350,11781250,0,30852,0,5,0
75,1092538936,2714,883800,22299800,45375500,14937050,83496150,83594550,2681,45195200,12035100,11795450,0,30852,0,5,0
76,1561271239,2715,920600,22493500,45160350,14926100,83500550,83596150,2603,44983850,12231150,11997950,0,31172,0,5,0
77,3798074098,2716,885100,21577350,47953700,13082700,83498850,83598350,2270,47775600,12065050,11810650,0,31172,0,5,0
78,3022639071,2717,906100,21575600,46033300,15078750,83593750,83692100,2713,45853400,12050150,11822600,0,31172,0,5,0
79,2282770062,2718,891100,26372650,51182950,4954600,83401300,83498300,894,51009200,12181000,11929550,0,30852,0,5,0
80,1626512457,2719,1361800,21580800,45687300,14866150,83496050,83595850,2753,45508400,11805200,11580100,0,30852,0,5,0
81,3156888026,2720,1437700,21733200,45197850,15133500,83502250,83599350,2625,45020800,12168650,11897450,0,30852,0,5,0
82,3038824309,2721,1572500,21431000,45147750,15343650,83494900,83596350,2728,44976600,12055100,11803700,0,30852,0,5,0
83,1261846460,2722,875400,22186000,45480250,14953250,83494900,83596700,2678,45300000,12043950,11785450,0,30852,0,5,0
84,2035201521,2723,902850,22527350,45739300,14328900,83498400,83597250,2550,45564800,12147850,11890950,0,30852,0,5,0
85,2164446652,2724,893900,22338500,47514050,12751100,83497550,83596500,2332,46634100,13516600,13248300,0,30852,0,5,0
86,2017191835,2725,936500,22491450,45177600,14888800,83494350,83593000,2587,44993950,12030550,11797800,0,30852,0,5,0
87,3029138484,2726,887550,21574250,46092950,14942900,83497650,83598900,2656,45914450,12046150,11815650,0,30852,0,5,0
88,50355403,2727,902300,21558800,45897200,15268850,83627150,83725800,2756,45721050,11971900,11743350,0,30852,0,5,0
89,654213990,2728,870750,21698250,46557350,14239300,83365650,83465200,2625,46383650,12174150,11971950,0,30852,0,5,0
90,2360099787,2729,1380050,21476950,45176450,15463650,83497100,83595750,2844,44997950,11994800,11744600,0,30852,0,5,0
91,2424818746,2730,1575100,21464200,55145150,5313800,83498250,83598300,993,54965600,14371650,14078150,0,30852,0,5,0
92,1971386461,2731,1565200,21662050,45025000,15241400,83493650,83593750,2770,44854150,12035500,11784000,0,30852,0,5,0
93,3386045126,2732,885250,22173050,45347200,15093950,83499450,83599700,2770,45166350,12017750,11764750,0,30852,0,5,0
94,1429641961,2733,915200,22470950,45711000,14397950,83495100,83594650,2575,45535000,12163650,11902650,0,30852,0,5,0
95,3022846880,2734,893300,22345450,45472800,14782000,83493550,83595600,2626,45290000,12021600,11783100,0,30852,0,5,0
96,1601897261,2735,918000,22388500,45577950,14612200,83496650,83599350,2597,45408150,12364400,12135950,0,30852,0,5,0
97,1229951528,2736,919350,22698800,45312750,14889850,83820750,84621750,2387,45137700,11977450,11724500,0,30852,0,5,0
98,4065171759,2737,956200,22510150,45247650,13916700,82630700,82736800,2478,45068350,11988300,11756650,0,30852,0,5,0
99,1034325744,2738,889450,21805800,46463900,14174650,83333800,83430950,2611,46292750,12186450,11979850,0,30852,0,5,0
100,14078671,2739,1391150,21585050,45025600,15492300,83494100,83592500,2760,44848050,12084350,11836350,0,31172,0,5,0
101,4024270554,2740,1486050,21572500,46180150,14257150,83495850,83601000,2633,46006400,12990600,12720150,0,31172,0,5,0
102,896191351,2741,1552800,21649850,44930450,15362200,83495300,83595550,2735,44758300,12087100,11836450,0,31172,0,5,0
103,2131384102,2742,883050,22245500,52106900,8259050,83494500,83596700,1489,51926650,18860050,18567400,0,30852,0,5,0
104,2586210593,2743,922100,24350000,45981500,12240400,83494000,83593400,2220,45811800,12010400,11791750,0,30852,0,5,0
105,591918370,2744,886150,22305950,45538950,14767150,83498200,83596850,2617,45352150,12037600,11794500,0,30852,0,5,0
106,8814317,2745,919250,22303050,45283250,14992200,83497750,83599300,2694,45105950,12449150,12213600,0,30852,0,5,0
107,2340504196,2746,890000,21701150,45749400,15151150,83491700,83592950,2729,45575600,12115650,11883350,0,30852,0,5,0
108,3523076009,2747,918950,21505050,45456500,15818450,83698950,83799000,2875,45282100,12018600,11044900,0,30852,0,5,0
109,1961669028,2748,872850,22026350,45501100,14897000,83297300,83397300,2761,45333850,11852300,11617950,0,30852,0,5,0
110,1037581603,2749,1374650,23857300,45027100,13237150,83496200,83595250,2386,44859650,11983350,11744350,0,30852,0,5,0
111,2701024588,2750,1487750,21506950,46086800,14411200,83492700,83594050,2671,45424700,12491350,12222750,0,30852,0,5,0
112,215037203,2751,915550,22184700,45060100,15337700,83498050,83596550,2755,44892550,12143050,11897200,0,30852,0,5,0
113,3696282862,2752,882650,22159500,45206400,15247650,83496200,83598950,2744,45025750,11970600,11721600,0,30852,0,5,0
114,2829142928,2753,915750,22844000,45345600,14390550,83495900,83595950,2569,45172900,12035250,11787000,0,30852,0,5,0
115,3204762949,2754,879050,22512400,45065500,16499200,84956150,85056200,2478,44891450,12016400,11778200,0,30852,0,5,0
116,3297489190,2755,965750,26677100,48411000,5972200,82026050,82135800,1023,48236650,12046900,11802900,0,30852,0,5,0
117,1691704917,2756,882100,21780200,46159150,14675950,83497400,83598950,2634,45984550,12199050,11969850,0,30852,0,5,0
118,663957814,2757,910750,21635300,46050650,15260750,83857450,83957950,2730,45872800,11983650,11759750,0,30852,0,5,0
119,3058583827,2758,874050,21914350,46310050,14034350,83132800,83234150,2582,46135400,12056150,11826200,0,30852,0,5,0
120,838545270,2759,1366800,21634150,45130800,15363100,83494850,83593450,2733,44955850,12023950,11770550,0,30852,0,5,0
121,3608912039,2760,1499700,21413750,46278800,14303900,83496150,83598900,2643,46107750,12976050,12705700,0,30852,0,5,0
122,4080159716,2761,897900,22231250,47946800,12418350,83494300,83592800,2252,47780000,12107900,11873200,0,30852,0,5,0
123,1056027075,2762,891450,22222000,45393700,14986000,83493150,83597300,2662,45206550,12001300,11748850,0,30852,0,5,0
124,4057021248,2763,912700,22777950,45667000,14137150,83494800,83597550,2516,45487100,12099450,11845850,0,31172,0,5,0
125,2686741161,2764,880300,24212800,45854850,12546600,83494550,83596950,2283,45686550,11926900,11690950,0,31172,0,5,0
126,3870849660,2765,924100,21622200,46434600,14510500,83491400,83595550,2596,45556400,12141800,11908300,0,31172,0,5,0
127,293449641,2766,917650,22800250,45576750,13503400,82798050,83598750,2388,45402850,12122250,11862450,0,30852,0,5,0
128,596064266,2767,935400,29251700,47616700,5987350,83791150,83891100,999,47445900,12038800,11801200,0,30852,0,5,0
129,3715495249,2768,909750,22272100,46090000,13928700,83200550,83300600,2559,45913150,12024500,11787800,0,30852,0,5,0
130,244680018,2769,1387900,21760500,44874250,15473750,83496400,83598050,2759,44702900,12027900,11774400,0,30852,0,5,0
131,4080661783,2770,1509900,21636850,46447700,13900350,83494800,83595300,2561,46272900,11904750,11669150,0,30852,0,5,0
132,4006730450,2771,912600,22349300,45256950,14976600,83495450,83597250,2688,45085350,12193200,11940750,0,30852,0,5,0
133,3864584507,2772,879750,22338650,45653850,14618600,83490850,83593100,2584,45479850,12068750,11803950,0,30852,0,5,0
134,2711027320,2773,917000,22816450,47498850,12267950,83500250,83600000,2223,47323050,14105300,13833400,0,30852,0,5,0
135,4099079087,2774,899850,22528550,45358650,14709900,83496950,83594150,2634,45178550,12162400,11920850,0,30852,0,5,0
136,565333772,2775,926200,21649750,46314000,14606000,83495950,83594400,2617,45436100,12047450,11812750,0,30852,0,5,0
137,1028518269,2776,885100,21694550,46284250,14634750,83498650,83598600,2622,46111300,12054000,11821700,0,30852,0,5,0
138,2252688136,2777,923800,21455850,45663150,15763850,83806650,83906250,2829,45488900,11778100,11549250,0,30852,0,5,0
139,578597309,2778,881400,21897850,46223200,14179000,83181450,83284800,2610,46048500,12022200,11818350,0,30852,0,5,0
140,3624439358,2779,1412000,21629800,54910300,5547300,83499400,83597950,1019,54727800,14187000,13908300,0,30852,0,5,0
141,3514067501,2780,1545800,21886350,46456850,13606900,83495900,83594650,2494,46281050,11873950,11132300,0,30852,0,5,0
142,2741972910,2781,925900,22239800,45324050,15011250,83501000,83600000,2693,45150450,12048400,11795600,0,30852,0,5,0
143,28497579,2782,897500,22426950,45362500,14811250,83498200,83596800,2623,45184800,12045650,11786650,0,30852,0,5,0
144,466729326,2783,915000,22778250,45351500,14448450,83493200,83593350,2579,45174250,12047750,11781450,0,30852,0,5,0
145,3425349295,2784,893400,22569150,45327750,14709350,83499650,83598300,2637,45151100,12195850,11951350,0,30852,0,5,0
146,1537640620,2785,926600,21546400,46476100,15521550,84470650,84569850,2509,46299350,12067250,11833300,0,30852,0,5,0
147,1853842891,2786,922600,22489200,45595100,13514400,82521300,82624650,2390,45420200,11986100,11738500,0,30852,0,5,0
148,1177024904,2787,929700,21751350,45767000,15388650,83836700,83936600,2756,45592550,11966300,11737050,0,31172,0,5,0
149,4106734849,2788,876200,21930900,46251550,14094050,83152700,83252350,2592,46080800,12076300,11875100,0,31172,0,5,0
150,2025356500,2789,1447350,21604200,45875950,14573800,83501300,83598300,2695,45704750,12716550,12459950,0,31172,0,5,0
151,2189605121,2790,1512500,21342500,45734600,14909200,83498800,83597750,2642,45562600,12023850,11756150,0,30852,0,5,0
152,4086136290,2791,921750,21775000,53185350,7607650,83489750,83596300,1311,52998000,19717950,19400850,0,30852,0,5,0
153,4036669705,2792,912400,24457000,46219000,11906550,83494950,83595250,2142,45319200,12125800,11883250,0,30852,0,5,0
154,4167980074,2793,928950,22648900,45501050,14416550,83495450,83596000,2571,45312400,12028500,11777800,0,30852,0,5,0
155,51187407,2794,884900,22537200,45595350,14481200,83498650,83599000,2585,45418550,12159550,11905450,0,30852,0,5,0
156,2242638442,2795,913000,21573100,46450900,14557150,83494150,83592400,2576,46269650,12047150,11813350,0,30852,0,5,0
157,2730108163,2796,893750,21196550,45782700,15623550,83496550,83598050,2829,45606200,11835550,11603750,0,30852,0,5,0
158,2718743917,2797,934600,21396750,45112400,16711050,84154800,84252650,2871,44937850,12024100,11774200,0,30852,0,5,0
159,3391709842,2798,888700,21780150,47070000,13104000,82842850,82940800,2388,46897200,11969650,11726450,0,30852,0,5,0
160,1164604273,2799,1429600,21383400,45137550,15545000,83495550,83594100,2797,44962950,12177650,11929750,0,30852,0,5,0
161,2148591176,2800,1549250,21059100,45978950,14911650,83498950,83597500,2640,45805600,12014450,11746350,0,30852,0,5,0
162,4192737573,2801,923850,21782500,45402100,15393000,83501450,83599750,2772,45218550,11992000,11756050,0,30852,0,5,0
163,535584840,2802,899950,22116600,45129750,15352650,83498950,83596200,2703,44953900,11965650,11709850,0,30852,0,5,0
164,3430794475,2803,937400,22088550,45470400,18721000,87217350,87314700,2452,45295150,12030550,11798750,0,30852,0,5,0
165,776323552,2804,938050,24530500,47840200,6457500,79766250,79878150,1118,47663950,11985700,11748750,0,30852,0,5,0
166,3330991427,2805,917300,22716150,45604400,14259350,83497200,83594400,2514,45430550,11874300,11122700,0,30852,0,5,0
167,3282074430,2806,894650,21911600,46203850,14506100,83516200,83616100,2592,46023800,12064750,11834500,0,30852,0,5,0
168,2597814595,2807,922150,22099550,45983750,14470850,83476300,83574850,2604,45808750,11966100,11747550,0,30852,0,5,0
169,2225601370,2808,893800,21659200,46373950,14067650,82994600,83599850,2586,46202550,12036450,11833650,0,30852,0,5,0
170,3716853465,2809,1572700,21523900,45834700,14567450,83498750,83595700,2693,45660550,12519750,11570750,0,30852,0,5,0
171,1080675697,2810,1537350,21386550,47591600,12984250,83499750,83596350,2336,47423300,11800100,11566500,0,30212,0,5,0
172,219920238,2811,913450,21949750,44998000,15631700,83492900,83593900,2815,44811050,11860450,11626950,0,30212,0,5,0
173,3070385651,2812,881800,24179600,45637050,12802500,83500950,83597950,2246,45466700,11915600,11682700,0,30212,0,5,0
174,2609556270,2813,917450,22179300,44946100,15456600,83499450,83599000,2758,44767450,11886200,11661650,0,30212,0,5,0
175,141401383,2814,882000,21374650,45566000,15673400,83496050,83594900,2829,44650900,11896400,11663750,0,30212,0,5,0
176,3034105280,2815,927100,21425100,45674200,15473150,83499550,83596300,2764,45499200,11731900,11511400,0,30212,0,5,0
177,3029196371,2816,884800,28591750,47452950,6634050,83563550,83661650,1159,47276500,11858200,11628450,0,30212,0,5,0
178,699378668,2817,934850,21566250,44525700,16407500,83434300,83531650,2887,44338350,12050750,11799800,0,30212,0,5,0
179,2402609405,2818,886500,21302900,44919850,15973500,83082750,83594850,2858,44749200,11873300,11623000,0,30212,0,5,0
CSV_END

NV_DONE_42d94f41bf3d=0
# 
CAPTURE: {"label": "mailbox-r1-s0-full", "elapsed_seconds": 24.490629587000512, "bytes_received": 22553, "command": "/tmp/fifo-bench --frames 180 --warmup 30 --wait spin --state-frame 0  --csv /tmp/fifo-case.csv; fifo_rc=$?; if [ \"$fifo_rc\" = 0 ]; then  printf \"\\nCSV_BEGIN\\n\"; cat /tmp/fifo-case.csv; printf \"CSV_END\\n\"; fi; test \"$fifo_rc\" = 0", "command_exit": 0, "login_sent": false, "log": "/path/to/research/experiments/fifo-study-20261008/20261008T074959Z-mailbox-r1-s0-full.raw"}
