/tmp/fifo-bench --frames 180 --warmup 30 --wait spin --state-frame 1800 --retained --csv /tmp/fifo-case.csv; fifo_rc=$?; if [ "$fifo_rc" = 0 ]; then  printf "\nCSV_BEGIN\n"; cat /tmp/fifo-case.csv; printf "CSV_END\n"; fi; test "$fifo_rc" = 0; nv_status=$?; printf "\nNV_DONE_795bc2d6f7a2=%s\n" "$nv_status"
BEGIN_BREAKOUT frames=180 warmup=30 fixed=0 blocks=40 tiles=1 hud=1 wait=spin replay=0 state_frame=1800 profile=detailed pixel_centers=1 clock_call_ns=5426
HW_COUNTERS id=46490001 words=145600 wait_cycles=7524675 longest_wait_cycles=4644 total_cycles=61863943 cpu_hz=20000000
RESULT frames=180 elapsed_s=3.093082000 fps=58.194383 logic_ms=0.881199 api_ms=2.428827 swap_ms=6.825255 wait_ms=6.907468 worker_inclusive_ms=6.643226 upload_inclusive_ms=3.564520 write_ms=3.384619 bytes_per_frame=3235.56 p50_ms=16.719300 p95_ms=17.090250 max_ms=33.704400 late_60hz=161 first_count=3067 last_count=3246 state_hash=1022e19f remaining=21 score=190
RENDER_PATH retained=1 grouped=0 quads=462 full_frames=0
BREAKOUT_PASS

CSV_BEGIN
frame,state_hash,display_count,logic_ns,api_ns,swap_ns,wait_ns,total_ns,completion_interval_ns,polls,worker_inclusive_ns,upload_inclusive_ns,write_ns,read_ns,write_bytes,read_bytes,write_calls,read_calls
0,2110160739,3067,1503250,2326000,7714150,4809200,16352600,16360300,883,7547350,3731700,3564150,0,3612,0,5,0
1,1693181783,3068,1231550,1823750,6819250,6738100,16612650,16720850,1203,6656350,3574600,3419500,0,2972,0,5,0
2,802378003,3069,756550,1842150,6655500,7361600,16615800,16720850,1335,6499700,3465700,3315050,0,2972,0,5,0
3,773631361,3070,767750,3259350,7187550,5404650,16619300,16722200,1024,6504150,2962350,2822500,0,3612,0,5,0
4,3600043099,3071,771100,2588750,5975150,7274300,16609300,16715900,1285,5808950,3652400,3491750,0,2972,0,5,0
5,1618316913,3072,1612300,1841550,13794300,15602400,32850550,33704400,2881,13608850,3385150,3239700,0,2972,0,5,0
6,201713393,3073,789800,2327900,9828800,3402000,16348500,16454200,599,9661950,3752150,3600900,0,3612,0,5,0
7,2011502881,3074,771100,1872500,6671800,7297200,16612600,16719050,1321,6530400,3482250,3326650,0,2972,0,5,0
8,3125474025,3075,775100,2773550,5961500,7110550,16620700,16720550,1281,5791450,3652100,3500450,0,2972,0,5,0
9,1342287211,3076,768800,3030050,7529050,5290600,16618500,16719400,962,7367050,3607600,3443350,0,3612,0,5,0
10,3857196809,3077,774850,2510950,6757750,6574900,16618450,16720800,1260,6604400,3424700,3274350,0,2972,0,5,0
11,2240049260,3078,1263450,6846050,12705000,12517150,33331650,33436400,2300,11661700,4770950,4603050,0,6632,0,5,0
12,1815897908,3079,806800,8435900,12621950,11469950,33334600,33438350,2101,12449300,4486500,4314200,0,7312,0,5,0
13,648884648,3080,774500,2567750,6837500,6431150,16610900,16717450,1230,6678600,3439600,3290800,0,3012,0,5,0
14,2931991803,3081,1520100,1823300,6620900,7007450,16971750,17075750,1269,6459700,3442850,3293550,0,2972,0,5,0
15,4227589206,3082,773300,2256950,7439450,5792550,16262250,16366050,1010,7279400,3672450,3502700,0,3612,0,5,0
16,1986714807,3083,763350,1841900,6647450,7361800,16614500,16718350,1337,6494450,3482000,3321100,0,2972,0,5,0
17,28333542,3084,768950,2832850,5927950,7085200,16614950,16720950,1277,5772400,3616350,3451350,0,2972,0,5,0
18,842458438,3085,772350,3023500,7488900,5328500,16613250,16717150,1003,7324100,3613600,3464850,0,3612,0,5,0
19,4035787358,3086,778800,2470000,6768300,6595150,16612250,16719250,1265,6605600,3429700,3281600,0,2972,0,5,0
20,3966921526,3087,1302450,1813250,6751900,6777650,16645250,16748250,1218,6597100,3452600,3291200,0,2972,0,5,0
21,3331783808,3088,775550,2260250,7415050,6132750,16583600,16689950,1080,7252400,3662100,3494750,0,3612,0,5,0
22,1855912102,3089,767900,1816850,7021100,7010050,16615900,16720050,1263,6864050,3533950,3371750,0,2972,0,5,0
23,3437663592,3090,771750,2660750,6042250,7140600,16615350,16718300,1286,5892250,3747800,3584650,0,2972,0,5,0
24,3162062844,3091,768400,3019700,7488400,5340400,16616900,16719550,1000,7319650,3617400,3453350,0,3612,0,5,0
25,1213835568,3092,1380950,1788900,6678100,6764000,16611950,16715850,1297,6521850,3433300,3283150,0,2972,0,5,0
26,4133797692,3093,779750,1827550,6805350,6794950,16207600,16725150,1215,6652450,3587350,3422650,0,2972,0,5,0
27,256876650,3094,761550,2262900,7650300,5938550,16613300,16718450,1035,7498700,3803200,3639050,0,4252,0,5,0
28,482917404,3095,769300,2672050,6079900,7090250,16611500,16716800,1278,5926650,3697300,3534000,0,3612,0,5,0
29,1264633954,3096,780350,2500750,6073350,7269200,16623650,16721700,1282,5917650,3705350,3537750,0,3292,0,5,0
30,3606135978,3097,760450,2995250,7316450,5541600,16613750,16717350,1040,7143950,3523700,2678050,0,3932,0,5,0
31,2630115922,3098,1318750,1798300,6642900,6981250,16741200,16844750,1263,6487250,3448950,3299250,0,2972,0,5,0
32,3881483034,3099,770850,1822650,6683050,7212550,16489100,16592650,1273,6530600,3460450,3305050,0,2972,0,5,0
33,2944919204,3100,766500,3135200,6613750,6100350,16615800,16722900,1073,6452950,3751350,3584300,0,3612,0,5,0
34,646532490,3101,772550,2646500,5895950,7299400,16614400,16722950,969,5742150,3604100,3434450,0,2972,0,5,0
35,2877853796,3102,779000,2646200,6753750,6420750,16599700,16716100,1203,6594600,3394350,3253550,0,2972,0,5,0
36,1922367648,3103,828200,2316250,7421200,4499950,15065600,16718750,820,6408700,3719900,3556750,0,3612,0,5,0
37,1795563108,3104,1249650,1814900,6660700,6895700,16620950,16717600,1240,6513400,3453800,3300050,0,2972,0,5,0
38,214631552,3105,771500,1819200,6648500,7379100,16618300,16718100,1313,6495100,3472700,3314100,0,2972,0,5,0
39,1929726190,3106,772250,3198250,7170100,5477500,16618100,16721100,1039,6479850,2955100,2822500,0,3612,0,5,0
40,1190506064,3107,780400,2530850,5967900,7333500,16612650,16715550,1329,5798500,3645300,3487000,0,2972,0,5,0
41,3268351150,3108,773500,2513650,6800750,6531850,16619750,16721800,1252,6643000,3442550,3292650,0,2972,0,5,0
42,118037070,3109,1474200,2295950,7317950,5745850,16833950,16934550,1001,7151100,3653950,3493350,0,3612,0,5,0
43,1955195062,3110,773850,1801450,6675100,7147350,16397750,16502500,1289,6508200,3459600,3299650,0,2972,0,5,0
44,1797432467,3111,770550,1808400,6665200,7378100,16622250,16721750,1338,6506700,3488300,3327850,0,2972,0,5,0
45,1035442557,3112,769350,3236150,7475300,5140500,16621300,16721050,965,7318700,3601800,3452950,0,3612,0,5,0
46,2267612867,3113,771500,2531250,6004450,7307500,16614700,16716900,1322,5843750,3676000,2654900,0,2972,0,5,0
47,1217717069,3114,770600,2768150,6646950,6428450,16614150,16717900,1228,6483000,3434700,3286600,0,2972,0,5,0
48,1461268009,3115,1246600,2277050,7459200,5636250,16619100,16720150,975,7296350,3653000,3499750,0,3612,0,5,0
49,2370304197,3116,770850,1823150,6655150,7364100,16613250,16716700,1337,6506750,3467500,3307550,0,2972,0,5,0
50,655561417,3117,771850,1809900,6615800,7425800,16623350,16723700,1349,6459050,3502800,3342400,0,2972,0,5,0
51,524675839,3118,774400,2990700,7867900,4979750,16612750,16714650,925,7709250,3758050,3589800,0,4252,0,5,0
52,1155835041,3119,778400,2529500,6967500,6344250,16619650,16724650,1212,6806950,3558800,3407450,0,3612,0,5,0
53,214853719,3120,1389050,1813200,6603750,7115850,16921850,17025000,1286,6443350,3329900,2526450,0,3292,0,5,0
54,3035389575,3121,781550,2287650,7624100,5614150,16307450,16409300,967,7459450,3852000,3695750,0,3932,0,5,0
55,1549109231,3122,765500,1818400,6687150,7348150,16619200,16724250,1331,6538200,3486550,3318150,0,2972,0,5,0
56,66132623,3123,764400,2732900,5907200,7212900,16617400,16719100,1304,5750300,3606900,3439650,0,2972,0,5,0
57,3504604473,3124,768150,2989850,7665450,5198250,16621700,16719100,965,7501100,3719900,3552850,0,3612,0,5,0
58,1691498415,3125,774450,2488550,6724650,6625900,16613550,16718900,1271,6566850,3429150,3279100,0,2972,0,5,0
59,4055346753,3126,1284400,1795250,6911250,6619100,16610000,16715550,1164,6746700,3728050,3560300,0,2972,0,5,0
60,4185240021,3127,780450,2287600,7376500,6172900,16617450,16719700,1053,7218450,3667800,3512300,0,3612,0,5,0
61,380494641,3128,765450,1819350,6666000,7365050,16615850,16722550,1335,6522100,3500800,3336400,0,2972,0,5,0
62,648826037,3129,766950,2636400,5924150,7287100,16614600,16717450,1319,5765400,3637400,3482900,0,2972,0,5,0
63,457329003,3130,778100,2970300,8043200,7222650,19014250,19113100,314,7864300,4155350,3981600,0,3612,0,5,0
64,3359035981,3131,809200,4390200,6673400,2798700,14671500,14787600,476,6511000,3459150,3303300,0,2972,0,5,0
65,1526400123,3132,780150,1821000,8041050,5505550,16147750,16254500,910,7870350,4816400,4648000,0,2972,0,5,0
66,1691524227,3133,811250,3283650,7450200,4330400,15875500,16719050,770,7280400,3592800,3442950,0,3612,0,5,0
67,1475349003,3134,779500,2734950,5928650,7176150,16619250,16722250,1295,5765400,3615350,3444050,0,2972,0,5,0
68,485644907,3135,767800,2549250,5988700,7312400,16618150,16720900,1323,5824950,3657700,3494550,0,2972,0,5,0
69,1050479637,3136,770750,2929750,7414650,5498700,16613850,16716000,1029,7253100,3626100,3456050,0,3612,0,5,0
70,3204525547,3137,1440250,1832000,6637000,6782550,16691800,16794400,1216,6480700,3453950,3294550,0,2972,0,5,0
71,4185398997,3138,772150,1796150,6678200,7297200,16543700,16646200,1255,6519200,3466700,3302100,0,2972,0,5,0
72,3094072225,3139,772700,3206600,6609100,6029550,16617950,16720950,1055,6445100,3769700,3613850,0,3612,0,5,0
73,1835371693,3140,773250,2732350,5761250,7349950,16616800,16719100,1331,5611950,3457750,3284850,0,2972,0,5,0
74,2168771505,3141,772550,2554550,5966650,7322300,16616050,16716350,1318,5811700,2801600,2663450,0,2972,0,5,0
75,4059398759,3142,1375950,2246600,7621950,5374800,16619300,16721050,1004,7454100,3772250,3599750,0,4252,0,5,0
76,644479865,3143,775600,1840800,7046650,6525600,16188650,16716600,1161,6890400,3633050,3471700,0,3612,0,5,0
77,1914197423,3144,781450,1801650,6786050,7246200,16615350,16718950,1313,6639150,3543800,3387200,0,3292,0,5,0
78,430804047,3145,769150,3197150,7356200,5297850,16620350,16722350,996,7190050,3595150,3451800,0,3932,0,5,0
79,3866048775,3146,776600,2523400,6073400,7246500,16619900,16720400,1305,5916550,3766800,3592500,0,2972,0,5,0
80,7140231,3147,767000,2534650,6736650,6577450,16615750,16719650,1259,6570250,3437100,3287850,0,2972,0,5,0
81,1511961547,3148,1311950,2233000,7386600,5841650,16773200,16876400,1023,7211800,3640850,3474650,0,3612,0,5,0
82,376629139,3149,781100,2277650,7517300,5879800,16455850,16561650,1025,7353350,3782600,3619950,0,3612,0,5,0
83,1861594235,3150,767900,1822900,6683750,7338950,16613500,16716100,1328,6535150,3494400,3327800,0,2972,0,5,0
84,1702339483,3151,768400,2701150,6202700,6948200,16620450,16723050,1230,6054600,3924150,3766700,0,2972,0,5,0
85,966101579,3152,771550,2522600,5968450,7355200,16617800,16719550,1296,5812750,2816700,2660900,0,2972,0,5,0
86,2786182811,3153,762750,2452400,6704950,6689400,16609500,16713200,1284,6542550,3442950,3292650,0,2972,0,5,0
87,3655782539,3154,1244700,1792850,6679200,6905650,16622400,16725400,1241,6519000,3459450,3303500,0,2972,0,5,0
88,3735461922,3155,768150,1832600,6650000,7362450,16613200,16715200,1301,6496100,3471300,3311750,0,2972,0,5,0
89,270833838,3156,766800,1800850,6615150,7433450,16616250,16721850,1350,5643850,3500650,3333550,0,2972,0,5,0
90,930095294,3157,761750,2585150,5931400,7339200,16617500,16720900,1331,5772250,3629500,3468200,0,2972,0,5,0
91,1273808962,3158,766850,2521700,6743150,6577650,16609350,16713900,1232,6585800,3421150,3270800,0,2972,0,5,0
92,1953673858,3159,1383250,1819350,6637250,7026000,16865850,16969000,1273,6480600,3437100,3287450,0,2972,0,5,0
93,4057475070,3160,769350,1796950,6671750,7127850,16365900,16471650,1289,6514550,3465400,3302650,0,2972,0,5,0
94,3372198854,3161,764650,1815350,6654600,7380650,16615250,16718600,1313,6499750,3487800,3326050,0,2972,0,5,0
95,2335202154,3162,767200,2733750,5905450,7212150,16618550,16720450,1303,5745700,3614450,3445650,0,2972,0,5,0
96,2170853250,3163,801100,5131250,5903300,4030350,15866000,16721200,664,5742250,3575500,3417300,0,2972,0,5,0
97,1829955022,3164,771650,2512500,6705700,6620950,16610800,16718000,1270,6549650,3434500,3284100,0,2972,0,5,0
98,1856045454,3165,1406000,1813600,6691850,6705750,16617200,16716750,1202,6537700,3463250,3308150,0,2972,0,5,0
99,2544683154,3166,767150,1804100,6925950,7125200,16622400,16722300,1287,6781700,3625450,3462400,0,3612,0,5,0
100,1531444578,3167,771950,1810700,6860100,7177750,16620500,16720500,1297,6717000,3643200,3482150,0,3612,0,5,0
101,1139277022,3168,775550,2749850,6088300,7003000,16616700,16717600,1261,5929750,3730050,3560450,0,3292,0,5,0
102,2614530982,3169,780250,2512700,6844400,6481100,16618450,16719250,1241,6676650,3484300,3336600,0,3292,0,5,0
103,464765994,3170,1384200,1799500,6675650,7088500,16947850,17054600,1286,6517100,3428950,3288200,0,2972,0,5,0
104,1592019490,3171,772500,1818950,6810500,6875650,16277600,16382750,1238,6658500,3472400,3317600,0,2972,0,5,0
105,66207950,3172,768150,1809300,6649950,7392400,16619800,16720500,1344,6508850,3484200,3320900,0,2972,0,5,0
106,2639428798,3173,762050,2726750,5881100,7247150,16617050,16719950,1313,5724600,3584700,3426400,0,2972,0,5,0
107,1495915330,3174,775350,2524100,6084500,7235650,16619600,16717050,1305,5933150,3773500,3599650,0,2972,0,5,0
108,4079891938,3175,768450,2484450,6766850,6593700,16613450,16717400,1265,6607100,3443450,3292200,0,2972,0,5,0
109,1204987230,3176,1303300,1788900,6991450,6555850,16639500,16741300,1169,6829400,3505800,3342100,0,2972,0,5,0
110,949029318,3177,777200,1803200,6825500,7194350,16600250,16700250,1297,6666050,3590400,3435650,0,2972,0,5,0
111,2727127274,3178,767700,1800100,6651750,7397400,16616950,16720900,1343,6513100,3488050,3319450,0,2972,0,5,0
112,2443393666,3179,763150,2651550,5937600,7260650,16612950,16715050,1314,5775950,3640650,3487100,0,2972,0,5,0
113,434260526,3180,777150,2509000,5982450,7357100,16625700,16721000,1287,5833500,2806350,2662150,0,2972,0,5,0
114,2637634158,3181,1405050,1819700,6655250,6737500,16617500,16720100,1293,6496100,3418900,3269150,0,2972,0,5,0
115,4248248050,3182,774700,1782100,6687300,6955950,16200050,16716100,1251,6526650,3464350,3309200,0,2972,0,5,0
116,663154818,3183,761200,1798900,6658300,7401700,16620100,16722300,1308,6499400,3470800,3309850,0,2972,0,5,0
117,1461428606,3184,763350,2675350,5867700,7308950,16615350,16721200,1323,5716100,3569500,3406750,0,2972,0,5,0
118,3252362022,3185,766950,2510450,5947000,7392200,16616600,16720050,1339,5792000,3627600,3460100,0,2972,0,5,0
119,2423015338,3186,771700,2489650,6753700,6601000,16616050,16718350,1238,6595000,3429350,3277950,0,2972,0,5,0
120,507309730,3187,1329150,1819950,6599650,6974350,16723100,16825450,1262,6444300,3435550,3289400,0,2972,0,5,0
121,2882991293,3188,772950,1783100,6678200,7273400,16507650,16613000,1235,6520600,3469000,3303000,0,2972,0,5,0
122,3682963569,3189,764250,1821400,6660850,7361500,16608000,16716000,1307,6508450,3497050,3337150,0,2972,0,5,0
123,1404881069,3190,767900,2661300,6193000,6995250,16617450,16719300,1257,6044200,3788500,3623500,0,3612,0,5,0
124,624513273,3191,757950,2536750,6754550,10284900,20334150,20438500,697,6599050,2944800,2802800,0,3612,0,5,0
125,484090933,3192,800350,3016200,6834600,2227350,12878500,12999600,454,6667050,3525050,3359500,0,3292,0,5,0
126,2330053545,3193,821250,2778300,5998900,6500100,16098550,17617800,834,5832750,3647600,3488950,0,3292,0,5,0
127,3891445269,3194,779400,2796400,5962700,6168850,15707350,15821400,1090,5807200,3632700,3475600,0,2972,0,5,0
128,1947616753,3195,778550,2673600,5673950,7490150,16616250,16718600,1360,5515300,3360200,2461150,0,2972,0,5,0
129,965975981,3196,773400,2650600,5921450,7281150,16626600,16722900,1319,5772800,3622050,3457900,0,2972,0,5,0
130,2786931617,3197,772950,2522300,6725400,6595750,16616400,16717250,1265,6568400,3430750,3279150,0,2972,0,5,0
131,4011087213,3198,1344700,1788350,6641150,7044500,16818700,16921100,1275,6487800,3455300,3306900,0,2972,0,5,0
132,3703868376,3199,782900,1806500,6780300,7047950,16417650,16517450,1270,6635200,3469350,3316150,0,2972,0,5,0
133,212089708,3200,766550,1790750,6645850,7414000,16617150,16719400,1346,6508050,3481200,3318150,0,2972,0,5,0
134,737348112,3201,767500,3007700,5914000,6932500,16621700,16721350,1247,5762850,3637950,3477950,0,2972,0,5,0
135,1465149204,3202,774100,2503050,6083400,7255400,16615950,16717900,1308,5935250,3789450,2643850,0,2972,0,5,0
136,3549792448,3203,767200,2445300,6687050,6714550,16614100,16717900,1289,6524750,3426550,3275400,0,2972,0,5,0
137,3053421220,3204,1236700,1781550,6658450,6937750,16614450,16720750,1250,6501400,3448500,3289150,0,2972,0,5,0
138,904563048,3205,771000,1809100,6748750,7287550,16616400,16720450,1316,6591950,3578150,3424150,0,2972,0,5,0
139,1363341148,3206,769950,1798900,6610450,7431150,16610450,16716200,1350,6471500,3502900,3332900,0,2972,0,5,0
140,3357813192,3207,777450,2590300,5748950,7501850,16618550,16720650,1365,5591000,3471850,3316500,0,2972,0,5,0
141,1376589724,3208,782650,2529500,6873950,6429400,16615500,16719050,1224,6719900,3544650,3394200,0,2972,0,5,0
142,2806738240,3209,1387050,1827750,6633800,7049750,16898350,17002550,1279,6484150,3447750,3298750,0,2972,0,5,0
143,1863420068,3210,776550,1799250,6650800,7106400,16333000,16435250,1285,6489150,3456000,3296950,0,2972,0,5,0
144,2368389248,3211,771350,1806250,6634400,7404150,16616150,16719150,1312,6479750,3471850,3317900,0,2972,0,5,0
145,3624800580,3212,768400,2732300,5889350,7224850,16614900,16720650,1307,5738250,3611850,3452400,0,2972,0,5,0
146,2708332264,3213,780100,2545600,5971450,7319100,16616250,16719950,1240,5814550,3669400,3508500,0,2972,0,5,0
147,3643166428,3214,772600,2455050,7001150,6380450,16609250,16715450,1193,6839200,3570000,3418150,0,3612,0,5,0
148,1604903896,3215,1300850,1811700,6807550,6700350,16620450,16725250,1201,6662600,3580450,3421650,0,3612,0,5,0
149,499105388,3216,777150,1802050,6780400,7254600,16614200,16716550,1315,6627200,3525350,3364950,0,3292,0,5,0
150,3393190256,3217,771100,1812450,6716250,7316300,16616100,16720200,1301,6560400,3553750,3394550,0,3292,0,5,0
151,1752164884,3218,767700,2634850,5933050,7277000,16612600,16718900,1316,5780900,3648150,3489000,0,2972,0,5,0
152,112950176,3219,773450,2510350,5993400,7339900,16617100,16721700,1320,5831850,2808200,2664400,0,2972,0,5,0
153,218377828,3220,1388350,1802100,6682500,7236200,17109150,17212500,1290,6523400,3445800,3296950,0,2972,0,5,0
154,1614877672,3221,768000,1818700,6647500,6885400,16119600,16226100,1238,6499100,3457200,3304000,0,2972,0,5,0
155,624660060,3222,773650,1807350,6647600,7383850,16612450,16714950,1342,6506950,3468100,3311050,0,2972,0,5,0
156,1646146728,3223,773650,2722200,5872800,7245500,16614150,16719100,1313,5719100,3586550,3426900,0,2972,0,5,0
157,2550301372,3224,779700,2644600,7942350,5261150,16627800,16722550,983,7775500,5639100,5434150,0,2972,0,5,0
158,172327680,3225,772900,2505550,6793100,6547450,16619000,16718100,1255,6632750,3434750,3288700,0,2972,0,5,0
159,28774455,3226,1675300,7501050,10977600,13182550,33336500,33438600,2342,10800500,4259700,4095250,0,6632,0,5,0
160,1278562831,3227,770250,7496250,11527450,13540500,33334450,33439950,2534,11364850,4007450,3860700,0,6672,0,5,0
161,1878041307,3228,776500,2547000,6826550,6459850,16609900,16714800,1236,6669500,3390100,3239600,0,3012,0,5,0
162,2842495315,3229,1360850,1802350,6707450,6747250,16617900,16719000,1296,6551000,3428700,3282000,0,2972,0,5,0
163,942955647,3230,778900,1782350,6678150,6958750,16198150,16724200,1255,6517850,3459550,3295700,0,2972,0,5,0
164,3104849743,3231,762100,1800300,6771050,7282900,16616350,16717000,1315,6617750,3590400,3429600,0,2972,0,5,0
165,2914266731,3232,763700,2623700,5804050,7427600,16619050,16720500,1348,5645100,3515300,3352700,0,2972,0,5,0
166,4064468955,3233,766100,2506250,5918950,7428100,16619400,16721150,1348,5764150,3632700,3474500,0,2972,0,5,0
167,3195515191,3234,768100,2480850,6892350,6471400,16612700,16717450,1234,6732950,3556450,3405800,0,2972,0,5,0
168,978211615,3235,1293950,1809700,6815000,6843050,16761700,16867450,1229,6660950,3561050,3391150,0,3612,0,5,0
169,2835071531,3236,764950,1781550,7197750,6726300,16470550,16571550,1182,7035700,3861650,3701400,0,3612,0,5,0
170,2067386771,3237,765650,1812150,6864200,7171350,16613350,16716700,1264,6710050,3620550,3459850,0,3612,0,5,0
171,1313815599,3238,762400,2676350,6018600,7161350,16618700,16723250,1293,5871150,3680900,3511300,0,3292,0,5,0
172,2403178911,3239,764550,2508750,6040500,7297800,16611600,16716700,1320,5884350,2871650,2727300,0,3292,0,5,0
173,2922328731,3240,768600,2391600,6709250,6750050,16619500,16719100,1272,6561600,3423550,3273200,0,2972,0,5,0
174,984914827,3241,1282550,1814400,6668550,6848300,16613800,16716300,1224,6520300,3453800,3291150,0,2972,0,5,0
175,3908989879,3242,759450,1790800,6658550,7411900,16620700,16721650,1346,6512050,3462900,3308550,0,2972,0,5,0
176,3999582383,3243,758200,1794550,6610550,7453200,16616500,16718450,1326,5643600,3499150,3345350,0,2972,0,5,0
177,407226939,3244,765800,2548450,5924750,7378150,16617150,16720900,1338,5765700,3624350,3457850,0,2972,0,5,0
178,1756548563,3245,764050,2512450,6697750,6641900,16616150,16718150,1273,6543700,3407550,3260200,0,2972,0,5,0
179,270721439,3246,1359200,1783450,6659500,7184150,16986300,17090250,1277,6499300,3438250,3290400,0,2972,0,5,0
CSV_END

NV_DONE_795bc2d6f7a2=0
# 
CAPTURE: {"label": "mailbox-r1-s1800-retained", "elapsed_seconds": 10.496070301000145, "bytes_received": 21302, "command": "/tmp/fifo-bench --frames 180 --warmup 30 --wait spin --state-frame 1800 --retained --csv /tmp/fifo-case.csv; fifo_rc=$?; if [ \"$fifo_rc\" = 0 ]; then  printf \"\\nCSV_BEGIN\\n\"; cat /tmp/fifo-case.csv; printf \"CSV_END\\n\"; fi; test \"$fifo_rc\" = 0", "command_exit": 0, "login_sent": false, "log": "/path/to/research/experiments/fifo-study-20261008/20261008T075041Z-mailbox-r1-s1800-retained.raw"}
