/tmp/fifo-bench --frames 180 --warmup 30 --wait spin --state-frame 0 --retained --csv /tmp/fifo-case.csv; fifo_rc=$?; if [ "$fifo_rc" = 0 ]; then  printf "\nCSV_BEGIN\n"; cat /tmp/fifo-case.csv; printf "CSV_END\n"; fi; test "$fifo_rc" = 0; nv_status=$?; printf "\nNV_DONE_d7458692c149=%s\n" "$nv_status"
BEGIN_BREAKOUT frames=180 warmup=30 fixed=0 blocks=40 tiles=1 hud=1 wait=spin replay=0 state_frame=0 profile=detailed pixel_centers=1 clock_call_ns=5243
HW_COUNTERS id=46490001 words=161040 wait_cycles=7600134 longest_wait_cycles=4631 total_cycles=62529163 cpu_hz=20000000
RESULT frames=180 elapsed_s=3.126331600 fps=57.575466 logic_ms=0.969285 api_ms=3.046441 swap_ms=7.351986 wait_ms=5.846951 worker_inclusive_ms=7.156069 upload_inclusive_ms=3.672800 write_ms=3.466973 bytes_per_frame=3578.67 p50_ms=16.719450 p95_ms=17.069050 max_ms=33.930800 late_60hz=164 first_count=4137 last_count=4316 state_hash=8f34e8fd remaining=38 score=20
RENDER_PATH retained=1 grouped=0 quads=645 full_frames=0
BREAKOUT_PASS

CSV_BEGIN
frame,state_hash,display_count,logic_ns,api_ns,swap_ns,wait_ns,total_ns,completion_interval_ns,polls,worker_inclusive_ns,upload_inclusive_ns,write_ns,read_ns,write_bytes,read_bytes,write_calls,read_calls
0,3724779174,4137,705700,4255650,8293600,3089800,16344750,16355400,533,8112300,3886100,3711850,0,4572,0,5,0
1,1709657109,4138,900900,3883300,7913300,3913900,16611400,16720500,705,7731000,3826000,3648650,0,4252,0,5,0
2,1894904752,4139,1579650,2497200,7421150,5110250,16608250,16719400,952,7242150,3646650,3484750,0,3612,0,5,0
3,3703759967,4140,1279000,2512650,7472350,5339500,16603500,16715050,916,7290700,3661700,3486350,0,3612,0,5,0
4,19533624,4141,818900,2456200,7384750,5949650,16609500,16722100,954,6372100,3661150,3500900,0,3612,0,5,0
5,816884773,4142,824400,3080600,5958350,6746850,16610200,16719500,1210,5802200,3603550,3441550,0,2972,0,5,0
6,1339236364,4143,816950,3240850,7524950,5031400,16614150,16719750,941,7348200,3592700,3437900,0,3612,0,5,0
7,3072959373,4144,822050,3221350,7414000,5149800,16607200,16719300,961,7232450,3621050,3449500,0,3612,0,5,0
8,1782884746,4145,1348250,2027400,6801150,6647000,16823800,16933500,1191,6620700,3473550,3310850,0,2972,0,5,0
9,30296781,4146,812450,2492900,7545450,5546300,16397100,16505000,960,7366050,3648450,2740350,0,4252,0,5,0
10,4026418858,4147,812300,3409200,7430850,4952700,16605050,16715800,927,7263050,3601500,3461550,0,4252,0,5,0
11,2084929051,4148,825600,2832700,6295100,6655350,16608750,16722850,1187,6128650,3860850,3694200,0,3612,0,5,0
12,3114489770,4149,820450,3233000,7614150,4940150,16607750,16717150,915,7432750,3679900,3509850,0,3932,0,5,0
13,891400471,4150,812250,3162800,7528450,5101450,16604950,16717250,950,7348700,3728400,3556900,0,3932,0,5,0
14,3472773456,4151,1285850,2006400,6854050,6466300,16612600,16725150,1146,6674900,3617800,3455400,0,2972,0,5,0
15,3010688243,4152,812400,2473050,7444450,5876250,16606150,16716600,1027,7281900,3693800,3532650,0,3612,0,5,0
16,2819524756,4153,808950,3361300,7320200,5117450,16607900,16718950,960,7155450,3556350,3413600,0,3612,0,5,0
17,3241678401,4154,815950,3042350,6001950,6744200,16604450,16719300,1168,5831050,2805650,2662400,0,2972,0,5,0
18,2154316504,4155,1658650,2538200,7479850,4159550,15836250,16717800,752,7288150,3683300,3511700,0,3612,0,5,0
19,772262681,4156,1446250,2499100,7270350,5707250,16922950,17031550,995,7090350,3506050,2620750,0,3612,0,5,0
20,3882818750,4157,816850,2004100,6702150,6775500,16298600,16407250,1184,6536450,3478300,3316700,0,2972,0,5,0
21,521131153,4158,812150,3443750,6675850,5676200,16607950,16719450,988,6507150,2974150,2823350,0,3612,0,5,0
22,1838187414,4159,796700,3301250,7514450,4999950,16612350,16721300,935,7336800,3602150,3458200,0,3612,0,5,0
23,840574439,4160,822850,2782850,6702550,6300800,16609050,16720350,1179,6531650,3395050,3242600,0,2972,0,5,0
24,2879461878,4161,829950,10446950,7519250,14532250,33328400,33437950,2653,7347300,3578200,3422500,0,3612,0,5,0
25,202086035,4162,827700,2515050,7480400,5783600,16606750,16719400,980,7305300,3697200,3527200,0,3612,0,5,0
26,959703924,4163,810400,2844900,5689600,7265300,16610200,16720400,1049,5536050,3382400,3222150,0,2972,0,5,0
27,3795724423,4164,840950,3709350,7502100,4547400,16599800,16718650,836,7324650,3631950,3460600,0,3612,0,5,0
28,2500539904,4165,814600,3230400,7742700,4819950,16607650,16717550,869,7576900,3978600,3803100,0,3612,0,5,0
29,2269000541,4166,1569400,2060150,6712350,6659300,17001200,17111850,1191,6535150,3477450,3318800,0,2972,0,5,0
30,1900681108,4167,803450,2457200,7449600,5507150,16217400,16329650,948,7270500,3676100,3503900,0,3612,0,5,0
31,3680168245,4168,821500,3360750,6642750,5783000,16608000,16715200,1009,6472200,3751800,3584000,0,3612,0,5,0
32,2344329490,4169,812700,3047300,5800350,6951700,16612050,16721250,1250,5645650,3508650,2457150,0,2972,0,5,0
33,2130650181,4170,817400,3264500,7776000,4748950,16606850,16719300,878,7601600,3780200,3609650,0,4252,0,5,0
34,906966818,4171,814600,3169650,7644700,4977350,16606300,16720050,922,7474500,3817350,3646150,0,4252,0,5,0
35,3939376531,4172,1348550,2037900,7101050,6201850,16689350,16798000,1098,6914850,3631300,3463650,0,3612,0,5,0
36,2110688546,4173,819200,2447350,7576150,5692900,16535600,16643350,624,7400950,3754250,3587150,0,3932,0,5,0
37,2695523007,4174,828000,3469050,7627550,4674700,16599300,16714850,870,7459200,3669600,3526450,0,3932,0,5,0
38,744447992,4175,813500,2824450,6095800,6876600,16610350,16720100,1231,5926600,3787850,3628000,0,2972,0,5,0
39,3728640411,4176,811350,3266400,7433450,5095200,16606400,16719050,949,7253300,3624550,3457200,0,3612,0,5,0
40,618879740,4177,1407000,2482400,7435450,5282450,16607300,16721350,987,7256150,3667700,3500600,0,3612,0,5,0
41,1239708057,4178,822800,2052200,6892900,6079000,15846900,16716900,1066,6705350,3607200,3437650,0,2972,0,5,0
42,2429742208,4179,810100,3317900,6400850,6077450,16606300,16719950,1068,6233300,3550500,3384750,0,3612,0,5,0
43,412095716,4180,808650,3320300,7509500,4970800,16609250,16720750,931,7334150,3610900,3456650,0,3612,0,5,0
44,1226741467,4181,811450,2751700,5998200,7044350,16605700,16718100,1235,5827400,3687250,2649550,0,2972,0,5,0
45,3288446148,4182,813250,3206500,7402650,5183950,16606350,16718250,967,7226050,3646400,3475450,0,3612,0,5,0
46,1157984843,4183,1348450,2486950,7214500,5721100,16771000,16883650,997,7032750,3488350,2619850,0,3612,0,5,0
47,3877288378,4184,823800,2044450,6733950,6841850,16444050,16555450,1195,6552900,3481350,3311950,0,2972,0,5,0
48,4236526315,4185,843300,3466900,7534050,3996750,15841000,16715550,722,7356900,3603500,3445900,0,3612,0,5,0
49,533834014,4186,826200,3261100,7575150,4947150,16609600,16720950,925,7403500,3629600,3477300,0,3612,0,5,0
50,1649361089,4187,815200,2752050,6759800,6285700,16612750,16720050,1177,6587250,3424600,3270750,0,2972,0,5,0
51,2486981906,4188,1413600,2550150,7429600,5218500,16611850,16720300,973,7253350,3670300,3505750,0,3612,0,5,0
52,1706075277,4189,1289250,2494450,7445950,5377650,16607300,16719200,922,7266400,3674950,3503800,0,3612,0,5,0
53,267972368,4190,810800,2033250,7045650,6721550,16611250,16720100,1159,6875650,3775950,3606400,0,2972,0,5,0
54,3895401273,4191,823200,3430750,7460550,4890700,16605200,16715150,914,7297350,3592850,3442950,0,3612,0,5,0
55,605985656,4192,829300,3282000,7567050,4934350,16612700,16724750,916,7393500,3625050,3460000,0,3612,0,5,0
56,4077673024,4193,876950,7857600,11683700,13401250,33819500,33930800,2043,11504900,4371350,4200950,0,6632,0,5,0
57,985632231,4194,872850,9134300,12397050,10426400,32830600,32946300,1882,12215900,4470400,4305400,0,7312,0,5,0
58,3720590956,4195,861450,3423200,7605050,4712600,16602300,16715900,877,7426050,3642400,3487850,0,3652,0,5,0
59,3264032585,4196,858350,2833250,6624500,6290150,16606250,16718500,1202,6452900,3220350,3063700,0,2972,0,5,0
60,395405688,4197,861350,3136150,7388950,5227750,16614200,16723900,976,7203250,3660500,3493800,0,3612,0,5,0
61,32142420,4198,1319750,2526650,7584250,5181300,16611950,16719150,885,7403400,3680800,3513650,0,3612,0,5,0
62,1187067055,4199,852350,2003250,6694350,7059150,16609100,16718650,1275,6523250,3475800,3311600,0,2972,0,5,0
63,459140908,4200,855850,3406100,7496800,4852500,16611250,16719650,844,7327300,3600400,3445300,0,3612,0,5,0
64,3369786495,4201,857200,3265150,7688050,4792300,16602700,16714700,888,7516700,3638100,3474450,0,3612,0,5,0
65,1572434254,4202,846050,2780250,6780750,6199250,16606300,16718550,1185,6608700,3426900,3272900,0,2972,0,5,0
66,4107798823,4203,1496950,2524800,7366750,5573850,16962350,17069050,966,7181550,3663050,3497250,0,3612,0,5,0
67,343968250,4204,852950,2511500,7551800,5346300,16262550,16372200,911,7369050,3798250,3629900,0,3612,0,5,0
68,3102454017,4205,853950,2007900,6728550,7017500,16607900,16720950,1263,6555050,3493900,3339300,0,2972,0,5,0
69,3051095563,4206,842450,3369000,7523000,4873150,16607600,16716300,911,7351350,3593200,3450350,0,3612,0,5,0
70,2391331016,4207,856650,3274400,7621300,4855950,16608300,16719150,892,7445050,3733300,3561950,0,3612,0,5,0
71,3869016117,4208,850950,2743250,6681250,6329150,16604600,16719800,1211,6501800,3436050,3283550,0,2972,0,5,0
72,1579800804,4209,1383200,2511600,7414100,5330050,16638950,16749650,914,7230450,3672250,3505400,0,3612,0,5,0
73,2792341157,4210,848450,2520900,7420200,5791600,16581150,16691550,977,7248300,3681850,3521650,0,3612,0,5,0
74,714702942,4211,851050,2880750,5861150,7009950,16602900,16716800,1263,5701800,3542600,3379450,0,2972,0,5,0
75,1092538936,4212,860400,3309750,7374900,5062800,16607850,16717450,947,7196750,3446000,2633500,0,3612,0,5,0
76,1561271239,4213,860250,3253800,7995600,4502650,16612300,16721900,801,7820550,3844050,3677800,0,4252,0,5,0
77,3798074098,4214,1475700,2073400,6929400,6130150,16608650,16720050,1162,6745800,3594650,3430900,0,3612,0,5,0
78,3022639071,4215,879050,3542650,7749600,3252000,15423300,16719800,574,7576850,3743700,3586850,0,4252,0,5,0
79,2282770062,4216,850550,3451550,6752300,5551550,16605950,16717100,933,6576600,3823000,3662050,0,3932,0,5,0
80,1626512457,4217,840800,2962950,6080000,6718750,16602500,16719000,1201,5920250,3725550,3552300,0,3292,0,5,0
81,3156888026,4218,849600,3280150,7524550,4955000,16609300,16717950,919,7352700,3628250,3457550,0,3612,0,5,0
82,3038824309,4219,858450,3239250,15031750,14324400,33453850,33564850,2603,14847000,6427150,6214850,0,3612,0,5,0
83,1261846460,4220,866000,2059250,6789850,6773950,16489050,16597900,1213,6607450,3505250,3333500,0,2972,0,5,0
84,2035201521,4221,853700,3483350,7272500,4995350,16604900,16719750,937,7108450,3533900,3389900,0,3612,0,5,0
85,2164446652,4222,841400,4781600,7531200,3445450,16599650,16716050,606,7349800,3720500,3546400,0,3612,0,5,0
86,2017191835,4223,851250,2818350,6797100,6141700,16608400,16718000,1172,6640500,3450050,3296350,0,2972,0,5,0
87,3029138484,4224,1459500,2557950,7399150,5188000,16604600,16719450,902,7225350,3667450,3492300,0,3612,0,5,0
88,50355403,4225,1383950,2509000,7556750,5160950,16610650,16720000,877,7376100,3681600,3520350,0,3612,0,5,0
89,654213990,4226,852100,2033350,6732750,6990850,16609050,16719850,1258,6568500,3486400,3323950,0,2972,0,5,0
90,2360099787,4227,851750,3400850,7496700,4854700,16604000,16718000,906,7328600,3604300,3450900,0,3612,0,5,0
91,2424818746,4228,853000,3285650,7675100,4792000,16605750,16718450,886,7498300,3636200,3465250,0,3612,0,5,0
92,1971386461,4229,855050,2737300,6751600,6265500,16609450,16721400,1198,6579950,3438350,3284850,0,2972,0,5,0
93,3386045126,4230,1410650,2544050,7416350,5439200,16810250,16922800,938,7236900,3671800,3497900,0,3612,0,5,0
94,1429641961,4231,853350,2496950,7518700,5536750,16405750,16516850,949,7348650,3786300,3620850,0,3612,0,5,0
95,3022846880,4232,850850,2032800,6686250,7035100,16605000,16715800,1267,6528400,3503150,3337700,0,2972,0,5,0
96,1601897261,4233,857350,3312550,7521400,4919000,16610300,16720550,919,7353700,3635400,3481150,0,3612,0,5,0
97,1229951528,4234,851350,3281100,7584000,4888150,16604600,16717700,898,7400700,3757000,3580650,0,3612,0,5,0
98,4065171759,4235,1476750,2054500,6642500,6435600,16609350,16721850,1232,6473700,3433550,3280300,0,2972,0,5,0
99,1034325744,4236,1332950,2535200,7451700,5291000,16610850,16719250,905,7279550,3682100,3518850,0,3612,0,5,0
100,14078671,4237,849700,2491000,7972700,5292650,16606050,16720250,873,6655050,3089900,2941500,0,4252,0,5,0
101,4024270554,4238,855600,2962100,6167100,6622300,16607100,16720400,1182,6002150,3726150,3567400,0,3612,0,5,0
102,896191351,4239,856350,3284850,7739000,4730900,16611100,16719500,873,7564450,3743100,3575300,0,4252,0,5,0
103,2131384102,4240,853350,3286950,7472300,4991150,16603750,16716250,901,7300500,3689000,3514900,0,3932,0,5,0
104,2586210593,4241,1459750,2058150,6777050,6602950,16897900,17012200,1181,6605150,3530100,3365550,0,3292,0,5,0
105,591918370,4242,843950,2526400,7414950,5534850,16320150,16428850,954,7241600,3660850,3494850,0,3612,0,5,0
106,8814317,4243,861950,3457100,6636600,5650850,16606500,16719500,954,6466800,2972950,2817500,0,3612,0,5,0
107,2340504196,4244,855600,2874150,5953600,6918700,16602050,16719100,1245,5787650,3609200,3448550,0,2972,0,5,0
108,3523076009,4245,864200,3282150,7409500,5053650,16609500,16719550,941,7234750,3579900,3412650,0,3612,0,5,0
109,1961669028,4246,1665150,3429150,6645100,4109750,15849150,16719500,746,6480200,3717400,3547900,0,3612,0,5,0
110,1037581603,4247,1489150,2050800,6690900,6382250,16613100,16720800,1134,6542450,3489600,3334600,0,2972,0,5,0
111,2701024588,4248,845250,2504900,7402000,5853200,16605350,16716650,1023,7246300,3656550,3493450,0,3612,0,5,0
112,215037203,4249,856400,3382850,7555500,4812650,16607400,16719150,879,7392500,3790500,3649250,0,3612,0,5,0
113,3696282862,4250,856000,2912800,6001600,6834400,16604800,16721050,1224,5834200,2811400,2653700,0,2972,0,5,0
114,2829142928,4251,864800,3245800,7321400,5175150,16607150,16715850,965,7143900,3596500,3434350,0,3612,0,5,0
115,3204762949,4252,1482450,2547700,7252850,5971900,17254900,17365100,721,7070550,3494850,2608450,0,3612,0,5,0
116,3297489190,4253,880600,2038300,6847400,6194400,15960700,16073700,1094,6681450,3494800,3342000,0,2972,0,5,0
117,1691704917,4254,847650,3474950,6619450,5667600,16609650,16719100,985,6444750,3744250,2789300,0,3612,0,5,0
118,663957814,4255,851750,3331150,7471250,4949500,16603650,16718600,926,7293450,3571200,3427250,0,3612,0,5,0
119,3058583827,4256,853850,2790200,6750450,6210850,16605350,16720800,1187,6583450,3365800,3213900,0,2972,0,5,0
120,838545270,4257,863050,3190450,7344950,5211150,16609600,16721450,973,7164100,3629100,3465950,0,3612,0,5,0
121,3608912039,4258,1381500,2537300,7429400,5329800,16678000,16789300,916,7248950,3653900,3477000,0,3612,0,5,0
122,4080159716,4259,854750,2020250,6802550,6860450,16538000,16648400,1227,6623350,3590600,3432850,0,2972,0,5,0
123,1056027075,4260,852700,3466650,7355650,4930500,16605500,16716200,924,7185250,3551500,3407500,0,3612,0,5,0
124,4057021248,4261,857550,3283400,7760200,4704600,16605750,16719850,868,7582950,3728150,3561700,0,4252,0,5,0
125,2686741161,4262,859000,3112900,7056050,5579250,16607200,16719750,1046,6883250,3697500,3536700,0,3612,0,5,0
126,3870849660,4263,1519800,2532100,7620150,4934450,16606500,16718550,914,7442000,3792600,3624300,0,4252,0,5,0
127,293449641,4264,864200,2528200,7544750,5236500,16173650,16722300,894,7373100,3742450,3579350,0,3932,0,5,0
128,596064266,4265,861550,2021100,6842750,6882850,16608250,16721000,1201,6676500,3564600,3405150,0,3292,0,5,0
129,3715495249,4266,848200,3372100,7528350,4856550,16605200,16718000,906,7356200,3596800,3453600,0,3612,0,5,0
130,244680018,4267,852950,3283900,7538600,4930300,16605750,16720600,915,7368600,3624850,3453200,0,3612,0,5,0
131,4080661783,4268,851150,2733400,6725300,6295350,16605200,16719650,1178,6552600,3427950,3273200,0,2972,0,5,0
132,4006730450,4269,1437350,2495850,7412750,5419400,16765350,16878950,929,7230650,3675300,3504800,0,3612,0,5,0
133,3864584507,4270,852050,2515000,7427600,5650800,16445450,16556650,979,7251950,3685950,3526700,0,3612,0,5,0
134,2711027320,4271,850300,2006150,6653000,7094850,16604300,16719200,1252,5659450,3503900,3345950,0,2972,0,5,0
135,4099079087,4272,850900,3297350,7558750,4904900,16611900,16722250,917,7373100,3624750,3472000,0,3612,0,5,0
136,565333772,4273,859150,3264450,7429850,5050100,16603550,16716350,939,7250450,3636650,3466250,0,3612,0,5,0
137,1028518269,4274,1454150,2073600,6825550,6250850,16604150,16719150,1168,6643000,3556100,2462500,0,2972,0,5,0
138,2252688136,4275,1456050,2491150,7408650,5250450,16606300,16718600,893,6376700,3671750,3510350,0,3612,0,5,0
139,578597309,4276,874500,3547900,7550150,3877850,15850400,16718700,705,7380550,3611750,3466250,0,3612,0,5,0
140,3624439358,4277,860400,2986250,5957650,6808300,16612600,16721750,1221,5791000,3640900,3479950,0,2972,0,5,0
141,3514067501,4278,848100,3395700,7537600,4827200,16608600,16720950,893,7359950,3632750,3464650,0,3612,0,5,0
142,2741972910,4279,857500,3235800,12919300,16552350,33564950,33678100,2847,12732850,9179500,8981650,0,3612,0,5,0
143,28497579,4280,874450,2077850,6906400,6510400,16369100,16476500,1161,6742300,3502900,3337150,0,2972,0,5,0
144,466729326,4281,860100,3489350,7222100,5035200,16606750,16720600,948,6542100,2976150,2836650,0,3612,0,5,0
145,3425349295,4282,851600,3281500,9123050,3345650,16601800,16716250,584,8938650,3745400,3570500,0,3612,0,5,0
146,1537640620,4283,856650,2774550,6917550,6058050,16606800,16720400,1152,6744350,3447250,3293450,0,2972,0,5,0
147,1853842891,4284,1464200,2595000,7438400,5108950,16606550,16720650,950,7266500,3667550,3491000,0,3612,0,5,0
148,1177024904,4285,1331750,2497350,7706800,5318450,16854350,16966200,842,7546300,3818250,3651850,0,4252,0,5,0
149,4106734849,4286,852550,2033500,7125950,6352900,16364900,16473600,1122,6969850,3753750,3580700,0,3612,0,5,0
150,2025356500,4287,858550,3420200,7713300,4610200,16602250,16716600,855,7556450,3754550,3597600,0,4252,0,5,0
151,2189605121,4288,854250,3304400,7644400,4804000,16607050,16718050,889,7477250,3689000,3523200,0,3932,0,5,0
152,4086136290,4289,854300,2789650,6998650,5972300,16614900,16721850,1126,6835800,3617150,3459450,0,3292,0,5,0
153,4036669705,4290,1462800,2557150,7447200,5472100,16939250,17050200,944,7278850,3688150,3512850,0,3612,0,5,0
154,4167980074,4291,860500,2486650,7412450,5516750,16276350,16388950,951,7253300,3685050,3517350,0,3612,0,5,0
155,51187407,4292,859350,2050050,6731000,6969750,16610150,16718650,1219,6582300,3501050,3334900,0,2972,0,5,0
156,2242638442,4293,858300,3379350,7497000,4875300,16609950,16720400,911,7337050,3626600,3483200,0,3612,0,5,0
157,2730108163,4294,859400,3315550,7460800,4972050,16607800,16718800,924,7288600,3612000,3446150,0,3612,0,5,0
158,2718743917,4295,858850,2700700,6667950,6382100,16609600,16718900,1194,6500050,3433150,3278700,0,2972,0,5,0
159,3391709842,4296,1408450,2559450,7481500,5178500,16627900,16739050,882,7308200,3687650,3513450,0,3612,0,5,0
160,1164604273,4297,850350,2517150,7423050,5794550,16585100,16697550,1009,7252300,3676250,3512400,0,3612,0,5,0
161,2148591176,4298,851050,2908900,6228000,6622400,16610350,16721250,1137,6064100,3881250,3715100,0,2972,0,5,0
162,4192737573,4299,873100,3288850,7382400,5069900,16614250,16719450,945,7211250,3465600,2637100,0,3612,0,5,0
163,535584840,4300,860950,3319750,7399150,5027700,16607550,16717450,935,7225850,3639200,3464950,0,3612,0,5,0
164,3430794475,4301,1514150,2082950,6666600,6342950,16606650,16718700,1207,6495700,3457500,3293900,0,2972,0,5,0
165,776323552,4302,852600,3371300,6601150,5248850,16073900,16718850,897,6433050,3701450,3533150,0,3612,0,5,0
166,3330991427,4303,864350,3462800,6669450,5615800,16612400,16721450,972,6503700,3817350,3654400,0,3612,0,5,0
167,3282074430,4304,856900,2918650,5929000,6901850,16606400,16720600,1240,5762150,3595900,3436050,0,2972,0,5,0
168,2597814595,4305,869500,3424350,7433500,4885700,16613050,16721250,904,7259400,3615700,3443900,0,3612,0,5,0
169,2225601370,4306,857950,3254150,7413150,5076400,16601650,16714450,944,7236950,3661000,3485200,0,3612,0,5,0
170,3716853465,4307,1396750,2058800,6679750,6580150,16715450,16823850,1175,6512900,3464800,3301900,0,2972,0,5,0
171,1080675697,4308,882050,9109050,12433500,10804850,33229450,33337100,1964,12260200,4469650,4303400,0,7272,0,5,0
172,219920238,4309,851050,8734250,13364550,10377400,33327250,33437850,1956,13180650,5130800,4957450,0,7312,0,5,0
173,3070385651,4310,1505200,2080150,6793750,6234350,16613450,16721100,1183,6611350,3471350,3304200,0,3012,0,5,0
174,2609556270,4311,880500,3672200,7574700,2687950,14815350,16716350,452,7396000,3640350,3472100,0,3612,0,5,0
175,141401383,4312,851700,3401000,6739550,5616750,16609000,16721400,967,6568450,3839700,3671500,0,3612,0,5,0
176,3034105280,4313,862600,2933300,5929950,6882950,16608800,16717750,1237,5772450,3623150,3462100,0,2972,0,5,0
177,3029196371,4314,851000,3293450,7551200,4916700,16612350,16720350,912,7375850,3621050,3456700,0,3612,0,5,0
178,699378668,4315,850600,3243200,7503100,5012200,16609100,16721650,922,7334600,3793850,3624850,0,3612,0,5,0
179,2402609405,4316,1393000,2060650,6680950,6662000,16796600,16905350,1190,6510500,3464100,3298000,0,2972,0,5,0
CSV_END

NV_DONE_d7458692c149=0
# 
CAPTURE: {"label": "mailbox-r2-s0-retained", "elapsed_seconds": 10.287818183000127, "bytes_received": 21216, "command": "/tmp/fifo-bench --frames 180 --warmup 30 --wait spin --state-frame 0 --retained --csv /tmp/fifo-case.csv; fifo_rc=$?; if [ \"$fifo_rc\" = 0 ]; then  printf \"\\nCSV_BEGIN\\n\"; cat /tmp/fifo-case.csv; printf \"CSV_END\\n\"; fi; test \"$fifo_rc\" = 0", "command_exit": 0, "login_sent": false, "log": "/path/to/research/experiments/fifo-study-20261008/20261008T075159Z-mailbox-r2-s0-retained.raw"}
