/tmp/fifo-bench --frames 180 --warmup 30 --wait spin --state-frame 3600 --retained --csv /tmp/fifo-case.csv; fifo_rc=$?; if [ "$fifo_rc" = 0 ]; then  printf "\nCSV_BEGIN\n"; cat /tmp/fifo-case.csv; printf "CSV_END\n"; fi; test "$fifo_rc" = 0; nv_status=$?; printf "\nNV_DONE_a93891a56fb0=%s\n" "$nv_status"
BEGIN_BREAKOUT frames=180 warmup=30 fixed=0 blocks=40 tiles=1 hud=1 wait=spin replay=0 state_frame=3600 profile=detailed pixel_centers=1 clock_call_ns=5985
HW_COUNTERS id=46490001 words=155500 wait_cycles=7594929 longest_wait_cycles=4628 total_cycles=60518878 cpu_hz=20000000
RESULT frames=180 elapsed_s=3.025819200 fps=59.488022 logic_ms=0.798702 api_ms=2.238751 swap_ms=7.119538 wait_ms=6.515648 worker_inclusive_ms=6.929399 upload_inclusive_ms=3.617999 write_ms=3.420980 bytes_per_frame=3455.56 p50_ms=16.719200 p95_ms=17.024350 max_ms=31.191150 late_60hz=161 first_count=5421 last_count=5600 state_hash=3933ec17 remaining=6 score=340
RENDER_PATH retained=1 grouped=0 quads=580 full_frames=0
BREAKOUT_PASS

CSV_BEGIN
frame,state_hash,display_count,logic_ns,api_ns,swap_ns,wait_ns,total_ns,completion_interval_ns,polls,worker_inclusive_ns,upload_inclusive_ns,write_ns,read_ns,write_bytes,read_bytes,write_calls,read_calls
0,3653798554,5421,726350,2791600,7329450,5491700,16339100,16348650,1009,7174850,3625650,3465700,0,3612,0,5,0
1,4254654458,5422,1278800,1993350,7554950,5870800,16697900,16800450,1007,7390950,3663750,3496750,0,3612,0,5,0
2,258432485,5423,697750,1563650,6673900,7597700,16533000,16638650,1363,6515400,3446150,3302750,0,2972,0,5,0
3,872827290,5424,712150,1988100,7398200,6522450,16620900,16720650,1137,7251500,3663400,3506150,0,3612,0,5,0
4,30312805,5425,690050,2887700,7284850,5751650,16614250,16717950,1070,7125450,3507750,3366000,0,3612,0,5,0
5,4016430808,5426,692850,2258700,5981050,7685050,16617650,16719000,1293,5834350,3690350,3521100,0,2972,0,5,0
6,3012967645,5427,699750,2657800,7346350,5913250,16617150,16720850,1093,7185550,3610100,3447200,0,3612,0,5,0
7,3593359732,5428,703100,1987350,7539650,5963300,16193400,16719350,1020,7371300,3754700,3597000,0,3612,0,5,0
8,2714884843,5429,698900,1550100,6846600,7511350,16606950,16716650,1341,6704600,3584350,3435700,0,3612,0,5,0
9,1754706848,5430,684950,2846800,6875050,6214400,16621200,16720900,1074,6708950,3911100,3745250,0,4252,0,5,0
10,634139175,5431,741700,2963550,7629200,4528300,15862750,16716750,808,7475650,3810450,3643000,0,3932,0,5,0
11,2225001302,5432,704300,2302900,6780350,6828000,16615550,16720900,1288,6628650,3424400,3273600,0,3292,0,5,0
12,3881591779,5433,1305750,1986000,7334200,6168250,16794200,16893300,1065,7183300,3655500,3492250,0,3612,0,5,0
13,2688998526,5434,690050,1996850,12423950,2507250,17618100,17720050,76,12253250,8624500,8384050,0,3612,0,5,0
14,3733755993,5435,733650,2532850,5965950,6198550,15431000,15547200,1072,5811050,3644400,3490000,0,2972,0,5,0
15,4110562030,5436,696450,2900000,7187550,5831400,16615400,16714750,1092,6493900,2951650,2816900,0,3612,0,5,0
16,2165534041,5437,705350,2717900,7454300,5737750,16615300,16722650,1041,7286700,3598650,3449250,0,3612,0,5,0
17,51482660,5438,687000,2233750,6810250,6877650,16608650,16717900,1298,6658600,3445400,3298850,0,2972,0,5,0
18,1808653113,5439,1451200,1995150,7349150,5822100,16617600,16718950,995,7183450,3633150,3479150,0,3612,0,5,0
19,3012136936,5440,691600,1979150,9698650,4243900,16613300,16718200,740,9544650,3594550,3457600,0,3612,0,5,0
20,1547905167,5441,709250,1558000,6679450,7664900,16611600,16719000,1370,6519150,3470700,3317100,0,2972,0,5,0
21,2010544228,5442,699650,2804000,7473500,5643250,16620400,16721450,1048,7317150,3579450,3431750,0,3612,0,5,0
22,2331187115,5443,694450,2739200,7484900,5692550,16611100,16718600,1050,7330000,3635700,3467450,0,3612,0,5,0
23,591091010,5444,1426600,1593450,6733450,7128050,16881550,16982350,1269,6573450,3433200,3284150,0,2972,0,5,0
24,3337222943,5445,706650,1998200,7343000,6302100,16349950,16454400,1093,7188250,3637400,3485450,0,3612,0,5,0
25,541067522,5446,692050,1993850,7413600,6517700,16617200,16722100,1135,7270150,3652700,3496600,0,3612,0,5,0
26,1909576061,5447,695300,1540200,6592700,7784350,16612550,16717000,1393,6447250,3317400,3169200,0,2972,0,5,0
27,3576416482,5448,682500,2706550,7497400,5731500,16617950,16719100,1065,7340000,3589900,3440950,0,3612,0,5,0
28,2786439485,5449,695700,2730950,7388900,5802550,16618100,16721550,1070,7236300,3632550,3462550,0,3612,0,5,0
29,1931780192,5450,1204550,1556200,6865150,6990900,16616800,16717100,1239,6702750,3443300,3305450,0,2972,0,5,0
30,1799980229,5451,703350,1980450,7647150,6286550,16617500,16722600,1068,7489550,3948100,3796300,0,3612,0,5,0
31,3538847580,5452,697200,1960550,7377850,6583100,16618700,16720200,1146,6397550,3659650,3502450,0,3612,0,5,0
32,3831628403,5453,696100,2441100,6238550,7235850,16611600,16718950,1277,6076400,3870300,3702600,0,3612,0,5,0
33,1903038664,5454,690050,2689650,7745450,5486350,16611500,16715000,1006,7585950,3719100,3553100,0,4252,0,5,0
34,3410263823,5455,1338100,2012500,7437550,6178550,16966700,17074050,1066,7277150,3687500,3526250,0,3932,0,5,0
35,3263986894,5456,699300,1576400,6778150,7212250,16266100,16368750,1279,6616700,3460900,2528050,0,3292,0,5,0
36,2175892875,5457,691050,1962500,7348000,6610900,16612450,16717600,1154,7202000,3637550,3478850,0,3612,0,5,0
37,1813748966,5458,695550,2908700,6632450,6379050,16615750,16720100,1108,6473900,3780400,2794400,0,3612,0,5,0
38,833434417,5459,711850,2343950,5910900,7646000,16612700,16719700,1332,5758650,3612100,3459700,0,2972,0,5,0
39,4097282166,5460,688700,2653050,7502250,5768400,16612400,16718700,1063,7332000,3593100,3430950,0,3612,0,5,0
40,192773425,5461,734250,2001850,7452950,5083350,15272400,16745950,845,7301050,3656250,3492550,0,3612,0,5,0
41,858826700,5462,704850,1558450,6694650,7634600,16592550,16692350,1338,6536400,3450900,3307800,0,2972,0,5,0
42,1950483681,5463,694950,1968250,7341450,6616000,16620650,16722700,1088,7198050,3648850,3491500,0,3612,0,5,0
43,575738928,5464,697450,2852950,7348450,5716950,16615800,16714700,1063,7188250,3519250,3383550,0,3612,0,5,0
44,1359536727,5465,706900,2300150,5949750,7652350,16609150,16717800,1341,5806800,3651700,3490700,0,2972,0,5,0
45,3117637717,5466,1299750,1987600,7392400,5937850,16617600,16722150,1097,7226650,3607350,3447150,0,3612,0,5,0
46,2557278958,5467,716700,1985000,7369650,6142550,16213900,16717450,1062,7211800,3629050,3475550,0,3612,0,5,0
47,3928984507,5468,697850,1570050,6657600,7692150,16617650,16721700,1348,6516600,3453050,3295300,0,2972,0,5,0
48,3279099526,5469,686950,2904900,6628400,6396100,16616350,16716050,1113,6471900,3785900,3626850,0,3612,0,5,0
49,3402996575,5470,695700,2757350,7453100,5714700,16620850,16722750,784,7293100,3576250,3435700,0,3612,0,5,0
50,1848951628,5471,718350,2720950,6774600,6388500,16602400,16714250,1192,6618900,3438600,3290500,0,2972,0,5,0
51,3328119971,5472,1397350,1985950,7404250,5953500,16741050,16843100,1023,7239500,3627150,3469800,0,3612,0,5,0
52,536923704,5473,710500,1989200,7344950,6449050,16493700,16598200,1125,7182850,3618300,3469750,0,3612,0,5,0
53,991563721,5474,695650,1558450,6670800,7692800,16617700,16717900,1376,6529250,3473600,3319650,0,2972,0,5,0
54,2482503020,5475,700250,3019350,7331850,5566050,16617500,16722450,1033,7175600,3550550,3410700,0,3612,0,5,0
55,3320786401,5476,701000,2694150,7934400,5280900,16610450,16717900,964,7777200,3666400,3504800,0,3612,0,5,0
56,1307572882,5477,713000,2240600,6971250,6691500,16616350,16720650,1260,6817450,3555300,3408650,0,3612,0,5,0
57,1045847897,5478,1152050,1984250,7783550,5700050,16619900,16718900,970,7612750,3767650,3606850,0,4252,0,5,0
58,2886179050,5479,703600,1981650,7432900,6493650,16611800,16720500,1130,7285250,3693900,3543600,0,3932,0,5,0
59,961732807,5480,690200,1552200,6801950,7569950,16614300,16716000,1351,6660850,3553850,3388200,0,3292,0,5,0
60,1947062354,5481,683750,2791500,7517100,5622050,16614400,16720000,1042,7364350,3592500,3451950,0,3612,0,5,0
61,2075511931,5482,695950,2685550,7538000,5695800,16615300,16718000,1049,7379300,3604550,3437050,0,3612,0,5,0
62,2408546800,5483,1301450,1565750,6760350,7190050,16817600,16923550,1284,6606650,3440650,3292550,0,2972,0,5,0
63,460493639,5484,688050,1994200,7559000,6171550,16412800,16517600,1062,7394650,3766150,3598600,0,3612,0,5,0
64,1463678916,5485,686200,1969150,7328250,6628550,16612150,16719700,1156,7180800,3640000,3486850,0,3612,0,5,0
65,3795713909,5486,678900,1570050,6650800,7713050,16612800,16716600,1380,5685200,3516850,3360950,0,2972,0,5,0
66,1056688136,5487,695850,2721800,7555450,5644900,16618000,16719650,1042,7398850,3707950,3557300,0,3612,0,5,0
67,202923725,5488,688550,2655450,7428050,5843350,16615400,16720400,1018,7263450,3595900,3430950,0,3612,0,5,0
68,4012539606,5489,1239550,1562300,6656750,7156950,16615550,16721400,1276,6502900,3437300,3288950,0,2972,0,5,0
69,1087445485,5490,701900,1978850,7402950,6529100,16612800,16716200,1105,7251500,3645200,3490450,0,3612,0,5,0
70,491589414,5491,733250,2982350,7442950,4701100,15859650,16719300,858,7286400,3599950,3460700,0,3612,0,5,0
71,1293200275,5492,697350,2469900,5933450,7522100,16622800,16722000,1340,5770250,3628150,3469950,0,2972,0,5,0
72,1737595726,5493,685800,2734450,7243650,5953000,16616900,16719900,1084,7084800,3420650,3269950,0,3612,0,5,0
73,2173390039,5494,1326750,1994750,7396950,6189400,16907850,17010500,1070,7227900,3631400,3470350,0,3612,0,5,0
74,2060004372,5495,696100,1564300,6653200,9626250,18539850,18644150,726,6500600,3447550,3304500,0,2972,0,5,0
75,668607547,5496,721100,2895000,7413500,3345550,14375150,14498750,548,7249750,3631250,3470450,0,3612,0,5,0
76,3409034624,5497,688550,2921100,6601650,6404600,16615900,16721800,1111,6441250,3782350,2817950,0,3612,0,5,0
77,66914193,5498,696400,2338100,5752950,7830350,16617800,16719700,1403,5598150,3443500,3290650,0,2972,0,5,0
78,2553907572,5499,699000,2692000,7437850,5789500,16618350,16719850,1069,7268500,3609850,3443150,0,3612,0,5,0
79,890390073,5500,1341800,2001600,7214800,6058450,16616650,16717000,1043,7049950,3469000,3302100,0,3612,0,5,0
80,2223873098,5501,697400,1571750,7612300,6736100,16617550,16722100,909,7448300,4078250,3911500,0,3612,0,5,0
81,2336881585,5502,704150,2015600,7715850,6168050,16603650,16719800,1064,6717950,3861950,3697300,0,4252,0,5,0
82,4135459074,5503,687350,2981700,7559150,5385550,16613750,16717000,997,7395500,3675900,3523300,0,3932,0,5,0
83,1986260127,5504,695750,2255750,6121850,7541050,16614400,16717450,1346,5970900,3747800,3579850,0,3292,0,5,0
84,353344474,5505,1310550,2021600,7348750,6319950,17000850,17102450,1098,7187500,3621500,3461050,0,3612,0,5,0
85,3169575603,5506,686500,1989800,7561150,6000000,16237450,16340300,1034,7390150,3646350,3482250,0,3612,0,5,0
86,210205944,5507,691000,1555400,6648950,7715050,16610400,16715000,1381,6506250,3452400,3299150,0,2972,0,5,0
87,1677393503,5508,682550,2916600,6669250,6352200,16620600,16721100,1104,6510750,3800500,3641550,0,3612,0,5,0
88,3832728684,5509,688550,2778850,7532650,5611750,16611800,16717550,1043,7364350,3601800,3462600,0,3612,0,5,0
89,2074852568,5510,695100,2247950,6663050,7016650,16622750,16723050,1333,5959150,2809400,2665700,0,2972,0,5,0
90,1464943173,5511,1236850,2010050,7320400,6117550,16684850,16784200,1057,7169500,3644850,3484350,0,3612,0,5,0
91,315990800,5512,690200,2005000,7540350,6313400,16548950,16652050,1092,7374250,3754100,3597350,0,3612,0,5,0
92,1451405891,5513,689400,1549950,6461950,7911050,16612350,16721250,1334,6319500,3298100,2468550,0,2972,0,5,0
93,3196408848,5514,688900,2881300,7382150,5660300,16612650,16716800,1054,7219050,3541600,3407800,0,3612,0,5,0
94,141073587,5515,694900,2737150,7583450,5598450,16613950,16721100,1032,7429450,3744700,3592600,0,3612,0,5,0
95,3576439062,5516,689400,2197200,6784500,6942950,16614050,16717400,1312,6630250,3426700,3277800,0,2972,0,5,0
96,2798564443,5517,700150,2014200,7361800,6125350,16201500,16722700,1058,7202450,3646900,3492050,0,3612,0,5,0
97,3409362634,5518,689550,2001350,7392400,6529600,16612900,16717250,1106,7248800,3647000,3487150,0,3612,0,5,0
98,1459202337,5519,685350,1553250,6660850,7712100,16611550,16720350,1381,6515050,3487250,3334600,0,2972,0,5,0
99,1984418334,5520,675900,2826500,7496300,5617050,16615750,16718850,1043,7340300,3582100,3443950,0,3612,0,5,0
100,2690152925,5521,1542600,2051850,7380150,4881350,15855950,16719300,858,7218150,3654800,3492250,0,3612,0,5,0
101,2607809844,5522,1357850,1571350,6713450,7129300,16771950,16871300,1272,6554400,3426850,3277050,0,2972,0,5,0
102,3522750362,5523,697650,2003000,7340100,6424950,16465700,16568850,1119,7181050,3639200,3484800,0,3612,0,5,0
103,2368404599,5524,689600,1984600,7398350,6540700,16613250,16715600,1113,7251600,3649350,3491250,0,3612,0,5,0
104,3250007036,5525,694350,2413850,6064600,7446700,16619500,16722950,1327,5910150,3682750,3523400,0,3612,0,5,0
105,1111684799,5526,705800,3023250,7845250,5042350,16616650,16715750,919,7684750,3761900,3596900,0,4252,0,5,0
106,2213018028,5527,699500,2740900,7352250,5824250,16616900,16722650,1075,7201500,3550100,2703950,0,3932,0,5,0
107,3171439817,5528,1271500,1587550,6803550,6945300,16607900,16716700,1223,6643700,3507450,3347250,0,3292,0,5,0
108,2255827236,5529,694400,1997700,7176100,6749950,16618150,16718850,1183,7025100,3444200,3299700,0,3612,0,5,0
109,2472184909,5530,685250,2865150,6623850,6441750,16616000,16717650,1120,6455850,3739400,3574600,0,3612,0,5,0
110,3140412334,5531,691500,2558950,5933800,7434800,16619050,16722450,1314,5784600,3637150,3478000,0,2972,0,5,0
111,785888721,5532,688400,4157000,7478600,4294600,16618600,16718550,763,7312300,3679450,3511400,0,3612,0,5,0
112,1084583170,5533,1334350,2017750,7334050,6165100,16851250,16956250,1068,7182050,3633050,3482000,0,3612,0,5,0
113,4019848443,5534,690650,1574850,6835550,7281200,16382250,16484000,1293,6672550,3458400,3297500,0,2972,0,5,0
114,808788421,5535,701350,1996800,7359400,6560250,16617800,16718600,1145,7210000,3652700,3490700,0,3612,0,5,0
115,3645042740,5536,680900,2901050,6652750,6380700,16615400,16718650,1107,6495600,2960350,2820500,0,3612,0,5,0
116,2991496187,5537,696350,2340750,6037150,7539200,16613450,16719150,1342,5878300,3718800,3564950,0,2972,0,5,0
117,3919662364,5538,678650,2655500,7824000,5457650,16615800,16716550,982,7655200,3917000,3751500,0,3612,0,5,0
118,1681074571,5539,1192250,2003000,7366600,6061050,16622900,16724100,1047,7211650,3648050,3493700,0,3612,0,5,0
119,4218967458,5540,674300,1567750,6831250,7541400,16614700,16717750,1341,6666800,3572100,3412950,0,2972,0,5,0
120,625353107,5541,686900,1983500,7385700,6557500,16613600,16720200,1142,6382600,3681450,3519100,0,3612,0,5,0
121,3717195990,5542,681250,2811050,7443350,5677850,16613500,16715150,1056,7282850,3578500,3432650,0,3612,0,5,0
122,2425705089,5543,693500,2311250,5971550,7641900,16618200,16723550,1330,5825200,3644400,2669550,0,2972,0,5,0
123,2555484258,5544,1303600,1999250,7240450,6396350,16939650,17043200,1116,7072500,3442600,2614500,0,3612,0,5,0
124,1141451493,5545,696350,1986500,7362400,6242250,16287500,16392100,1083,7200700,3640300,3496600,0,3612,0,5,0
125,1505942736,5546,683050,1553600,6701850,7679600,16618100,16722350,1341,6558400,3476300,3315050,0,2972,0,5,0
126,2491710369,5547,688400,2929200,6636650,6358450,16612700,16717200,1104,6480250,3806150,2829350,0,3612,0,5,0
127,2825516936,5548,681350,2723400,7491100,5722700,16618550,16721450,1066,7330350,3593200,3452650,0,3612,0,5,0
128,809518447,5549,691050,2289300,6948500,6680500,16609350,16715150,1231,6789300,3558300,3405350,0,3612,0,5,0
129,1081694344,5550,1258300,1988350,7650250,6023150,16920050,17024350,980,7492250,3782850,3613000,0,4252,0,5,0
130,3544546839,5551,730050,3065900,7321400,4446900,15564250,16414650,807,7155200,3554050,3414400,0,3932,0,5,0
131,2291142598,5552,693800,1563900,6825050,7540100,16622850,16723050,1318,6663450,3553950,3396500,0,3292,0,5,0
132,3252385439,5553,685300,2882400,7300950,5752000,16620650,16719800,1072,7142600,3557500,3413400,0,3612,0,5,0
133,1602009306,5554,686050,2718600,7535500,5677250,16617400,16717450,1054,7375950,3612250,3460800,0,3612,0,5,0
134,2497072261,5555,1321900,1598750,6770250,6923500,16614400,16717400,1308,6622250,3435350,3286550,0,2972,0,5,0
135,3739067406,5556,681850,2013700,7452000,8188350,18335900,18970550,962,7285950,3638250,3479300,0,3612,0,5,0
136,1716074641,5557,734550,7008200,7130850,16197250,31070850,31191150,2936,6959050,3401700,2574600,0,3612,0,5,0
137,3982919220,5558,725250,2465800,5945950,7473550,16610550,16717850,1331,5800950,3624050,3460050,0,2972,0,5,0
138,2723337005,5559,697550,2731600,7485350,5702400,16616900,16718800,1052,7329850,3632800,3467450,0,3612,0,5,0
139,733376204,5560,1281250,1987850,7407550,6049350,16726000,16826250,1043,7247000,3640450,3478850,0,3612,0,5,0
140,43915006,5561,690850,1568800,6836800,7413300,16509750,16612350,1000,6682850,3474500,3316350,0,2972,0,5,0
141,2309932913,5562,707100,2000850,7762150,6134050,16604150,16720200,1040,7597350,3966950,3799150,0,3612,0,5,0
142,1653305798,5563,703400,2899900,7220250,5793800,16617350,16716600,1079,7057800,3509550,3369850,0,3612,0,5,0
143,145291823,5564,694100,2269700,6108700,7547250,16619750,16721000,1343,5960400,3791200,3621900,0,2972,0,5,0
144,3013902878,5565,683900,2664100,7350150,5921800,16619950,16720100,1096,7189200,3599100,3432750,0,3612,0,5,0
145,2859971923,5566,1121600,1980300,7441800,6067800,16611500,16718500,1048,7275900,3636000,3477500,0,3612,0,5,0
146,3026746148,5567,697750,1553800,6781700,7581150,16614400,16720150,1350,6635800,3591700,3438250,0,2972,0,5,0
147,736325239,5568,673200,2829950,6636000,6473900,16613050,16716450,1128,6471100,3740250,3572150,0,3612,0,5,0
148,2759885216,5569,686750,2776950,7416550,5738550,16618800,16722250,1068,7261200,3587150,3446500,0,3612,0,5,0
149,1930007773,5570,693700,2272700,6050950,7597150,16614500,16716100,1317,5903850,2816450,2673700,0,2972,0,5,0
150,4233548434,5571,1297200,1571650,6970350,6969100,16808300,16908800,1237,6820200,3577950,3424450,0,3612,0,5,0
151,3821597075,5572,695850,1566400,6912050,7254150,16428450,16529750,1285,6759500,3569800,3414950,0,3612,0,5,0
152,1056834796,5573,701800,1532000,6851000,7532600,16617400,16723100,1313,6704100,3594700,3434500,0,3612,0,5,0
153,2756113825,5574,671650,1559750,6792900,7589650,16613950,16718450,1290,5828550,3580600,3423300,0,3292,0,5,0
154,2193869574,5575,694450,2332100,6047800,7544050,16618400,16720050,1346,5901950,3726700,3570100,0,3292,0,5,0
155,39089791,5576,682850,2238400,6801750,6893150,16616150,16715200,1274,6648200,3440500,3291150,0,2972,0,5,0
156,1158667078,5577,1174900,1555500,6743650,7144550,16618600,16723250,1274,6585000,3456700,3308050,0,2972,0,5,0
157,4085879547,5578,682600,1552550,6682800,7691700,16609650,16715250,1376,6540200,3446850,3289950,0,2972,0,5,0
158,313686028,5579,697400,1532300,6649400,7735550,16614650,16719200,1357,6505650,3471650,3323500,0,2972,0,5,0
159,3216587021,5580,676350,2457300,5961900,7526450,16622000,16723650,1343,5813800,3645500,3495400,0,2972,0,5,0
160,876009466,5581,691050,2301250,5970100,7651600,16614000,16715200,1368,5819050,2819050,2665050,0,2972,0,5,0
161,981002535,5582,1300000,1567250,6792600,7376000,17035850,17135000,1295,6620550,3417650,3279750,0,2972,0,5,0
162,47529864,5583,699800,1569500,6663450,7272750,16205500,16306200,1293,6507000,3452050,3292600,0,2972,0,5,0
163,868088385,5584,694350,1553350,6690450,7680300,16618450,16718750,1375,6543900,3463500,3313000,0,2972,0,5,0
164,2331947246,5585,690200,1541550,6647800,7737800,16617350,16718900,1385,6501550,3487050,3331900,0,2972,0,5,0
165,2168054517,5586,680850,2872900,7572050,5490600,16616400,16717150,1017,7410050,3604150,3464250,0,3612,0,5,0
166,3926666066,5587,694450,2707500,7797650,5416150,16615750,16721250,994,7643950,3695750,3528300,0,3612,0,5,0
167,1177610667,5588,1217800,1565750,6734600,7100300,16618450,16721700,1266,6575200,3439600,3301700,0,2972,0,5,0
168,3782405190,5589,695650,1996000,7342750,6582050,16616450,16719600,1151,7180000,3480850,2625650,0,3612,0,5,0
169,916405275,5590,689500,1987300,7440350,6496200,16613350,16715600,1129,6461050,3699250,3533100,0,3612,0,5,0
170,1596582148,5591,681600,2465150,5917150,7553250,16617150,16718500,1349,5769400,3605550,3449550,0,2972,0,5,0
171,4199562603,5592,689950,2701150,9305450,3924550,16621100,16723800,689,9136400,3747850,3580050,0,3612,0,5,0
172,3017986708,5593,1327150,1996150,7399350,6246550,16969200,17078200,1084,7237150,3627850,3465650,0,3612,0,5,0
173,2654286289,5594,690900,1573150,6689200,7305850,16259100,16358350,1306,6528400,3439100,3299150,0,2972,0,5,0
174,1031695476,5595,699700,1985150,7737200,6192000,16614050,16719150,1066,7588350,3916650,3753700,0,4252,0,5,0
175,2959877989,5596,675800,2917900,7467000,5551800,16612500,16719650,1031,7309700,3613900,3470300,0,4252,0,5,0
176,1566373458,5597,692950,2342850,6139800,7436600,16612200,16719600,1323,5990300,3777850,3621250,0,3612,0,5,0
177,3017804585,5598,681350,2707200,9418800,3812900,16620250,16719350,661,9256550,3964750,3794850,0,3932,0,5,0
178,1442923286,5599,1243750,2017350,7517650,6000050,16778800,16885000,943,7364650,3723400,3555650,0,3932,0,5,0
179,959704087,5600,680950,1571950,6699800,7494200,16446900,16551250,1335,6542850,3448200,3286950,0,2972,0,5,0
CSV_END

NV_DONE_a93891a56fb0=0
# 
CAPTURE: {"label": "mailbox-r2-s3600-retained", "elapsed_seconds": 10.688290620000771, "bytes_received": 21290, "command": "/tmp/fifo-bench --frames 180 --warmup 30 --wait spin --state-frame 3600 --retained --csv /tmp/fifo-case.csv; fifo_rc=$?; if [ \"$fifo_rc\" = 0 ]; then  printf \"\\nCSV_BEGIN\\n\"; cat /tmp/fifo-case.csv; printf \"CSV_END\\n\"; fi; test \"$fifo_rc\" = 0", "command_exit": 0, "login_sent": false, "log": "/path/to/research/experiments/fifo-study-20261008/20261008T075344Z-mailbox-r2-s3600-retained.raw"}
