/tmp/fifo-bench --frames 180 --warmup 30 --wait spin --state-frame 1800  --csv /tmp/fifo-case.csv; fifo_rc=$?; if [ "$fifo_rc" = 0 ]; then  printf "\nCSV_BEGIN\n"; cat /tmp/fifo-case.csv; printf "CSV_END\n"; fi; test "$fifo_rc" = 0; nv_status=$?; printf "\nNV_DONE_02d801b94143=%s\n" "$nv_status"
BEGIN_BREAKOUT frames=180 warmup=30 fixed=0 blocks=40 tiles=1 hud=1 wait=spin replay=0 state_frame=1800 profile=detailed pixel_centers=1 clock_call_ns=5532
HW_COUNTERS id=46490001 words=1086340 wait_cycles=14272426 longest_wait_cycles=4611 total_cycles=240753086 cpu_hz=20000000
RESULT frames=180 elapsed_s=12.037527350 fps=14.953237 logic_ms=0.905273 api_ms=17.640764 swap_ms=37.575407 wait_ms=10.615895 worker_inclusive_ms=37.351464 upload_inclusive_ms=10.207093 write_ms=9.962436 bytes_per_frame=24140.89 p50_ms=66.877200 p95_ms=67.080750 max_ms=67.395350 late_60hz=180 first_count=4993 last_count=5172 state_hash=1022e19f remaining=21 score=190
RENDER_PATH retained=0 grouped=0 quads=10250 full_frames=180
BREAKOUT_PASS

CSV_BEGIN
frame,state_hash,display_count,logic_ns,api_ns,swap_ns,wait_ns,total_ns,completion_interval_ns,polls,worker_inclusive_ns,upload_inclusive_ns,write_ns,read_ns,write_bytes,read_bytes,write_calls,read_calls
0,2110160739,4993,1537250,17329950,37617250,10021400,66505850,66515400,1790,37437700,9969150,9777500,0,24452,0,5,0
1,1693181783,4994,795400,18321450,37323300,10335700,66775850,66880800,1809,37142400,10744100,10523200,0,24452,0,5,0
2,802378003,4995,792300,17479450,37683600,10812900,66768250,66875350,2049,37513400,10601050,10395000,0,24452,0,5,0
3,773631361,4996,1342850,17293750,38188400,9946100,66771100,66880150,1880,37502550,9987050,9783050,0,24452,0,5,0
4,3600043099,4997,795200,18197550,37674400,10101750,66768900,66875550,1725,37498100,9965700,9761350,0,24452,0,5,0
5,1618316913,4998,794900,17594500,37839750,10721600,66950750,67059100,1916,37653200,10469350,10253350,0,24452,0,5,0
6,201713393,4999,816900,20058750,40269950,4729400,65875000,66696850,871,40085400,10972750,10734750,0,24452,0,5,0
7,2011502881,5000,787450,17951300,37809050,10215150,66762950,66872850,1831,37625000,9976550,9771250,0,24452,0,5,0
8,3125474025,5001,794450,18721250,36981400,10273600,66770700,66877900,1823,36799700,10473050,9557100,0,24452,0,5,0
9,1342287211,5002,795550,17488400,38010650,10472300,66766900,66877100,1979,37833000,10664650,10450300,0,24452,0,5,0
10,3857196809,5003,1296100,17281000,37478700,10712100,66767900,66875650,1934,37307950,9946250,9751750,0,24452,0,5,0
11,2240049260,5004,795300,18246900,36708750,11021650,66772600,66878200,2003,36529300,9625400,9434400,0,24132,0,5,0
12,1815897908,5005,783450,17288000,45113000,3680100,66864550,66971550,663,44941000,10549550,10333200,0,24132,0,5,0
13,648884648,5006,785800,17143950,36944650,11804950,66679350,66785500,1836,36768650,9816100,9617150,0,24132,0,5,0
14,2931991803,5007,1424450,17427950,37091000,10819950,66763350,66872850,1954,36915800,9824100,9622250,0,24132,0,5,0
15,4227589206,5008,775100,18169600,36820100,11011550,66776350,66882500,1977,36632900,10339500,10110600,0,24132,0,5,0
16,1986714807,5009,779450,17149350,36729750,12106450,66765000,66874050,2211,36558450,9995550,9798150,0,24132,0,5,0
17,28333542,5010,1256250,17064200,37489500,10959050,66769000,66874800,1982,37310550,9861950,9654850,0,24132,0,5,0
18,842458438,5011,767350,17851950,36617300,11536050,66772650,66878850,2109,36438300,10144550,9910750,0,24132,0,5,0
19,4035787358,5012,773450,17293450,37382600,11320450,66769950,66877400,2041,37201150,10408650,10189400,0,24132,0,5,0
20,3966921526,5013,778750,17187250,37282000,11523300,66771300,66876700,2100,37109300,9859700,9645300,0,24132,0,5,0
21,3331783808,5014,1392400,17040150,39319300,9020300,66772150,66877800,1679,39140900,10351500,10148600,0,24132,0,5,0
22,1855912102,5015,766100,18141700,36458050,11404200,66770050,66877500,2059,36278550,10339350,10125950,0,24132,0,5,0
23,3437663592,5016,789150,17176150,37906500,11290450,67162250,67270700,2066,37728550,10500700,10286300,0,24132,0,5,0
24,3162062844,5017,766100,17091250,36787450,11737400,66382200,66485250,2143,36610450,9742400,9541800,0,24132,0,5,0
25,1213835568,5018,773600,17668400,36891750,11438200,66771950,66877550,2086,36702600,10325250,10094900,0,24132,0,5,0
26,4133797692,5019,780450,17260700,37648350,11076350,66765850,66873450,1986,36738600,10719800,10487250,0,24132,0,5,0
27,256876650,5020,782600,17155650,44300800,4531600,66770650,66877850,786,44118600,17244050,16972150,0,24452,0,5,0
28,482917404,5021,1355650,17041200,37366500,11007600,66770950,66880800,1991,37187350,9916400,9722350,0,24452,0,5,0
29,1264633954,5022,790300,19954750,37806250,8213050,66764350,66871650,1489,37631900,10755550,10542200,0,24132,0,5,0
30,3606135978,5023,768750,17150700,37457150,11662300,67038900,67142800,2144,37280600,10522900,10313600,0,24132,0,5,0
31,2630115922,5024,788100,17047300,36844350,11829050,66508800,66615450,2164,36661450,9768400,9565950,0,24132,0,5,0
32,3881483034,5025,791700,17612750,36742950,11624350,66771750,66876150,2046,36564350,10291550,10070300,0,24132,0,5,0
33,2944919204,5026,794400,17952150,36660450,11366750,66773750,66879300,2049,36487650,10328450,10111050,0,24132,0,5,0
34,646532490,5027,782300,17143000,37000450,11841750,66767500,66875800,2166,36825650,9861850,9662550,0,24132,0,5,0
35,2877853796,5028,1328400,16996000,37209850,11236550,66770800,66878400,2044,37031650,9832800,9629600,0,24132,0,5,0
36,1922367648,5029,1987100,17373250,37168500,9535950,66064800,66878800,1388,36991250,10269200,10063450,0,24132,0,5,0
37,1795563108,5030,809250,17164800,37532250,11373700,66880000,66993750,2087,37353850,10507800,10302250,0,24132,0,5,0
38,214631552,5031,780100,17084800,36844700,11939100,66648700,66756450,2188,36672700,9782950,9583800,0,24132,0,5,0
39,1929726190,5032,1403050,17331850,37048100,10990250,66773250,66879950,1995,36870550,9805100,9606600,0,24132,0,5,0
40,1190506064,5033,784200,18153350,36571400,11262500,66771450,66875600,2028,36396450,10351250,10141850,0,24132,0,5,0
41,3268351150,5034,788200,17155400,36889100,11934350,66767050,66873750,2188,36717650,9846050,9636300,0,24132,0,5,0
42,118037070,5035,1269850,17404750,36654950,11447450,66777000,66881050,2088,36481900,9686100,8715800,0,24132,0,5,0
43,1955195062,5036,787600,26094500,36722900,3166800,66771800,66876000,524,36537800,10378300,10158100,0,24132,0,5,0
44,1797432467,5037,768050,17125000,38945850,9929300,66768200,66875350,1777,38751850,10532200,10304700,0,24132,0,5,0
45,1035442557,5038,774600,17169500,37369800,11458750,66772650,66877200,2090,37195350,9832700,9628900,0,24132,0,5,0
46,2267612867,5039,1390350,17263750,36499800,11617900,66771800,66876250,2127,36316800,9615150,9428600,0,24132,0,5,0
47,1217717069,5040,774000,18346150,36687150,10967650,66774950,66879750,1967,36501500,10313400,10084300,0,24132,0,5,0
48,1461268009,5041,775600,17399150,37612200,10984000,66770950,66877950,2089,37427150,10336350,10126850,0,24132,0,5,0
49,2370304197,5042,776900,17088850,36836750,11645650,66348150,66877300,2129,36660400,9774950,9572800,0,24132,0,5,0
50,655561417,5043,782550,17894900,36469700,11625000,66772150,66876450,2105,36288950,10285500,10068750,0,24132,0,5,0
51,524675839,5044,789250,17073100,37844300,11064850,66771500,66878750,2016,37649000,10566850,10352700,0,24452,0,5,0
52,1155835041,5045,765300,19418400,36901800,9679250,66764750,66872850,1812,36727550,10453500,10224450,0,24452,0,5,0
53,214853719,5046,1394800,17020350,36634500,11724750,66774400,66880200,2148,36449800,9617900,9430500,0,24132,0,5,0
54,3035389575,5047,784400,18153050,36801400,11033150,66772000,66876200,1980,36618850,10694600,10452400,0,24132,0,5,0
55,1549109231,5048,787800,17152850,37431000,11726650,67098300,67204000,2161,37250650,10326600,10115800,0,24132,0,5,0
56,66132623,5049,777450,17135700,36857300,11676850,66447300,66551150,2137,36683250,9776900,9574600,0,24132,0,5,0
57,3504604473,5050,787750,17851750,37044200,11088150,66771850,66875850,1970,36864150,9905150,9713400,0,24132,0,5,0
58,1691498415,5051,782850,17187800,45648100,3157400,66776150,66879850,549,45471150,10380400,10150200,0,24132,0,5,0
59,4055346753,5052,792950,17173800,39084400,9717950,66769100,66876200,1815,38892900,11840050,11611700,0,24132,0,5,0
60,4185240021,5053,1345450,17079250,37031650,11319450,66775800,66879950,1980,36860450,9792000,9590400,0,24132,0,5,0
61,380494641,5054,793100,18053200,36730550,11189800,66766650,66872000,2012,36545200,10317450,10095500,0,24132,0,5,0
62,648826037,5055,782300,17234500,37368650,11575700,66961150,67068500,2129,37192700,10339000,10134200,0,24132,0,5,0
63,457329003,5056,791550,17110750,36801300,11878000,66581600,66686850,2178,36622350,9761700,9561400,0,24132,0,5,0
64,3359035981,5057,788550,18112800,36835300,11032550,66769200,66874350,1977,36667800,9764250,9565950,0,24132,0,5,0
65,1526400123,5058,791700,17123000,37227000,11627600,66769300,66878550,2139,36343100,10458250,10245050,0,24132,0,5,0
66,1691524227,5059,783350,17184000,39017700,9784400,66769450,66877800,1834,38835200,10374550,10152550,0,24132,0,5,0
67,1475349003,5060,810800,17654800,39648900,7390000,65504500,66876600,1332,39468450,9691350,9492000,0,24132,0,5,0
68,485644907,5061,772550,18083850,36518000,11399800,66774200,66879200,2058,36335300,10293850,10073750,0,24132,0,5,0
69,1050479637,5062,789600,17137900,37573300,11307250,66808050,66915950,2075,37388900,10355550,10138300,0,24132,0,5,0
70,3204525547,5063,782750,17424850,36723300,11803150,66734050,66837150,2161,36549950,9664850,8979550,0,24132,0,5,0
71,4185398997,5064,1405500,17127200,36772700,11469500,66774900,66878800,2073,36588550,9666150,9483950,0,24132,0,5,0
72,3094072225,5065,781100,17739050,36534350,11716000,66770500,66877700,2157,36353250,10433850,10221750,0,24132,0,5,0
73,1835371693,5066,789950,17044900,45620550,3311800,66767200,66874550,677,44922250,9948750,9744450,0,24132,0,5,0
74,2168771505,5067,1268950,17125350,36835400,11555200,66784900,66879850,2112,36661450,9766450,9564950,0,24132,0,5,0
75,4059398759,5068,789150,19783000,37710000,8488250,66770400,66874600,1569,37523800,10508550,10302050,0,24452,0,5,0
76,644479865,5069,767950,17388350,37935050,10681000,66772350,66878050,1936,37750650,10383550,10153550,0,24452,0,5,0
77,1914197423,5070,777150,17128450,36872350,11991750,66769700,66876150,2201,36690800,9790150,9596850,0,24132,0,5,0
78,430804047,5071,1418250,17165150,36504500,11683100,66771000,66875150,2117,36322350,9607550,9424800,0,24132,0,5,0
79,3866048775,5072,788500,17780100,37243750,10962900,66775250,66881150,1993,37065450,10452800,10239300,0,24132,0,5,0
80,7140231,5073,767750,17207000,37442350,11349900,66767000,66872750,2164,37263950,10314150,10100700,0,24132,0,5,0
81,1511961547,5074,775550,17081200,36843700,11685750,66386200,66880700,2132,36665700,9644200,9442500,0,24132,0,5,0
82,376629139,5075,788950,17796050,39206700,8979850,66771550,66877350,1668,39026350,12901450,12624400,0,24132,0,5,0
83,1861594235,5076,785600,17125600,37474000,11385050,66770250,66876350,2087,37285950,10349300,10141450,0,24132,0,5,0
84,1702339483,5077,782200,17209150,36905600,11874900,66771850,66879250,2174,36729700,9841500,9645950,0,24132,0,5,0
85,966101579,5078,1351150,17131500,37224950,11063950,66771550,66877300,1961,37046300,10050150,9848150,0,24132,0,5,0
86,2786182811,5079,786800,17929750,36841450,11208600,66766600,66874350,2045,36657800,10483600,10269500,0,24132,0,5,0
87,3655782539,5080,787750,17129350,37496350,11618550,67032000,67139250,2139,37313150,10329300,10120750,0,24132,0,5,0
88,3735461922,5081,783400,17079900,36745050,11903850,66512200,66618100,2004,36569800,9740100,9540600,0,24132,0,5,0
89,270833838,5082,796750,24780050,36594100,4599700,66770600,66875200,849,36393400,10540250,10327350,0,24132,0,5,0
90,930095294,5083,768350,18062750,38644650,9294300,66770050,66877900,1642,38467950,9818450,9626300,0,24132,0,5,0
91,1273808962,5084,773500,17352900,37550800,11092850,66770050,66877100,2115,36857200,9830250,9618700,0,24132,0,5,0
92,1953673858,5085,1613250,17507400,36798400,10851900,66770950,66877050,1938,36624450,9859600,9654300,0,24132,0,5,0
93,4057475070,5086,791900,18123400,36843950,11007100,66766350,66875100,2002,36658750,10463700,10238900,0,24132,0,5,0
94,3372198854,5087,783400,17360000,37346750,11391700,66881850,66991000,2091,37166850,10336400,10132450,0,24132,0,5,0
95,2335202154,5088,792650,17550200,36813500,11497950,66654300,66761200,2097,36635700,9849150,9656950,0,24132,0,5,0
96,2170853250,5089,1404200,17196800,39617100,8554550,66772650,66881050,1577,39438700,10492100,10283800,0,24132,0,5,0
97,1829955022,5090,816550,18181350,36876200,10183050,66057150,66873850,1829,36679800,9722400,9541800,0,24132,0,5,0
98,1856045454,5091,785800,20144400,37089100,8753200,66772500,66878950,1609,36911450,9784950,9595800,0,24132,0,5,0
99,2544683154,5092,1266600,17424550,36950300,11128900,66770350,66878800,1992,36770700,9907300,9704300,0,24452,0,5,0
100,1531444578,5093,782600,18008100,36767350,11211400,66769450,66876350,2041,36583150,10538200,10314650,0,24452,0,5,0
101,1139277022,5094,789600,17299550,37890250,10791000,66770400,66877750,1957,37703900,10337200,10121850,0,24132,0,5,0
102,2614530982,5095,767850,17098900,36985750,11919250,66771750,66878700,2181,36805300,9783100,9587700,0,24132,0,5,0
103,464765994,5096,1413950,17093100,36956050,11305600,66768700,66874100,2025,36774800,9749450,9546250,0,24132,0,5,0
104,1592019490,5097,781850,18334300,44990500,2664000,66770650,66877750,444,44815350,10376500,10150400,0,24132,0,5,0
105,66207950,5098,776750,17405650,39323150,9261600,66767150,66874500,1717,39131000,12288050,12046250,0,24132,0,5,0
106,2639428798,5099,779800,17604350,36925550,11034650,66344350,66880750,1975,36751600,9864700,9663250,0,24132,0,5,0
107,1495915330,5100,792950,18037300,37749750,10189500,66769500,66876450,1824,37573650,10017900,9810050,0,24132,0,5,0
108,4079891938,5101,771100,17421800,37447050,11130250,66770200,66876250,2031,36559050,10338900,10118550,0,24132,0,5,0
109,1204987230,5102,774450,17444150,36967250,11585050,66770900,66878100,2108,36787500,9846300,9637800,0,24132,0,5,0
110,949029318,5103,1379550,17516800,37270200,10603150,66769700,66875700,1873,37092500,9896300,9697450,0,24132,0,5,0
111,2727127274,5104,775050,17993550,36847950,11156450,66773000,66880000,2029,36658850,10331800,10117950,0,24132,0,5,0
112,2443393666,5105,788300,17163550,37417600,11735350,67104800,67212500,2160,37239900,10340950,10133250,0,24132,0,5,0
113,434260526,5106,791250,17296950,39646450,8702000,66436650,66542150,1578,39458750,10738050,10521000,0,24132,0,5,0
114,2637634158,5107,768650,17839750,36918250,11238400,66765050,66872150,2046,36733900,10484050,9583500,0,24132,0,5,0
115,4248248050,5108,786250,17188750,37547250,11250750,66773000,66878600,2052,36660200,10336200,10119800,0,24132,0,5,0
116,663154818,5109,783350,17232650,36832450,11926750,66775200,66882150,2101,36656600,9856450,9657900,0,24132,0,5,0
117,1461428606,5110,1338400,17271350,36699400,11456150,66765300,66873000,2056,36526050,9779150,9582600,0,24132,0,5,0
118,3252362022,5111,782500,18021400,36896100,11070400,66770400,66877600,2014,36714800,10313850,10094500,0,24132,0,5,0
119,2423015338,5112,793450,17259500,45466450,3767400,67286800,67395350,623,45284000,10401850,10191700,0,24132,0,5,0
120,507309730,5113,773350,17422850,36798950,11258000,66253150,66358600,2020,36611900,9862400,9666900,0,24132,0,5,0
121,2882991293,5114,790450,19480800,37621350,8876650,66769250,66878100,1650,37442750,10504400,10303450,0,24132,0,5,0
122,3682963569,5115,784400,18091500,36839200,11055600,66770700,66876800,2011,36664400,10339850,10122950,0,24132,0,5,0
123,1404881069,5116,790800,17609600,37777900,10591450,66769750,66877300,2004,37598300,10449500,10239250,0,24452,0,5,0
124,624513273,5117,1296400,17249550,36910900,11313550,66770400,66877300,2025,36737650,9885350,9681650,0,24452,0,5,0
125,484090933,5118,788500,17917850,36944050,11116350,66766750,66875550,2022,36760500,10342950,10118050,0,24132,0,5,0
126,2330053545,5119,786700,17521500,39292600,9222950,66823750,66931750,1625,39113250,9788750,9585500,0,24132,0,5,0
127,3891445269,5120,808900,17455150,37483300,10259550,66006900,66825900,1910,37291150,10370700,10173000,0,24132,0,5,0
128,1947616753,5121,1429700,16957400,38954200,9430000,66771300,66876800,1764,38776750,10509300,10272150,0,24132,0,5,0
129,965975981,5122,779750,17919050,37152450,10920400,66771650,66877000,1983,36966600,10314750,10085050,0,24132,0,5,0
130,2786931617,5123,781050,17151800,37530650,11306200,66769700,66874900,2160,36842250,9834100,9629800,0,24132,0,5,0
131,4011087213,5124,1272200,17266200,36823800,11411400,66773600,66879800,2046,36646350,9831100,9626200,0,24132,0,5,0
132,3703868376,5125,781100,17810600,37096250,11082600,66770550,66874450,2014,36915800,9515700,8834350,0,24132,0,5,0
133,212089708,5126,770900,17025500,37458300,11519150,66773850,66876550,2114,37277150,10371550,10167750,0,24132,0,5,0
134,737348112,5127,779250,17314800,36473200,12212800,66780050,66882750,1134,36298800,9785900,9580300,0,24132,0,5,0
135,1465149204,5128,1946100,17139100,37980500,9688950,66754650,66872550,1824,37314750,9999050,9800700,0,24132,0,5,0
136,3549792448,5129,769150,17987700,38780100,9235150,66772100,66875200,1628,38601150,9824450,9622700,0,24132,0,5,0
137,3053421220,5130,784300,17218100,37564700,11597550,67164650,67267150,2133,37382050,10333300,10123000,0,24132,0,5,0
138,904563048,5131,779900,17288400,37156800,11152800,66377900,66491550,1991,36980600,9886000,9684400,0,24132,0,5,0
139,1363341148,5132,773650,17771250,36768000,11458850,66771750,66876150,2094,36580700,10324950,10107150,0,24132,0,5,0
140,3357813192,5133,785050,17144550,37446900,11394150,66770650,66875000,2087,37268200,10351250,10140600,0,24132,0,5,0
141,1376589724,5134,791300,17284800,37852700,10844150,66772950,66877250,2040,37048900,10162800,9948800,0,24132,0,5,0
142,2806738240,5135,1376200,17081450,37021450,11294900,66774000,66878150,2053,36836250,9921500,9724150,0,24132,0,5,0
143,1863420068,5136,790850,17930950,36795700,11678900,67196400,67299250,1875,36610550,10334650,10108750,0,24132,0,5,0
144,2368389248,5137,803300,18703850,36543000,10578850,66629000,66735450,1826,36361500,10384450,10157050,0,24132,0,5,0
145,3624800580,5138,783400,17291700,36704500,11712800,66492400,66594800,2110,36525500,9791050,9589050,0,24132,0,5,0
146,2708332264,5139,785100,17750300,36794950,11446850,66777200,66881500,2088,36616800,9617850,9426350,0,24132,0,5,0
147,3643166428,5140,788100,17128300,37598050,11261850,66776300,66878950,1997,36690100,10407800,10189100,0,24452,0,5,0
148,1604903896,5141,793550,17353350,37516950,11104400,66768250,66871450,2093,36808400,9911750,9716050,0,24452,0,5,0
149,499105388,5142,1355250,17009150,36458300,11950150,66772850,66878350,2191,36277900,9613950,8878450,0,24132,0,5,0
150,3393190256,5143,787450,24125350,37952600,3909900,66775300,66878100,703,37764500,10390850,10160250,0,24132,0,5,0
151,1752164884,5144,780150,17569600,39249350,9305200,66904300,67010750,1642,39069400,11582050,11337200,0,24132,0,5,0
152,112950176,5145,775950,17665800,36784050,11415200,66641000,66742500,2050,36608450,9861600,9662300,0,24132,0,5,0
153,218377828,5146,1405100,17307950,37259050,10799850,66771950,66877150,1950,37079050,9825250,9621500,0,24132,0,5,0
154,1614877672,5147,794700,18577100,36947900,10454850,66774550,66878300,1884,36769000,10368600,9452950,0,24132,0,5,0
155,624660060,5148,791300,17346600,37415450,11219350,66772700,66878200,2111,37239950,9849000,9641300,0,24132,0,5,0
156,1646146728,5149,1304300,17064400,36919050,11478100,66765850,66873800,2089,36743850,9938800,9741350,0,24132,0,5,0
157,2550301372,5150,793250,17829200,37714850,10435450,66772750,66880000,1875,37537100,9835200,9637100,0,24132,0,5,0
158,172327680,5151,772750,17207000,37508350,11283400,66771500,66875250,2065,37330100,10365450,10154750,0,24132,0,5,0
159,28774455,5152,806850,17081250,38829550,10055200,66772850,66878200,1889,38650050,10447700,10225050,0,23812,0,5,0
160,1278562831,5153,1403050,16853600,36796750,11718550,66771950,66878750,2145,36614900,9526400,9337500,0,23812,0,5,0
161,1878041307,5154,769850,16901200,37132350,11967150,66770550,66873350,2207,36230550,10237450,10030300,0,23812,0,5,0
162,2842495315,5155,779700,17058300,36449050,12487850,66774900,66877750,2273,36274700,9771500,9574050,0,23812,0,5,0
163,942955647,5156,789850,16897450,36902650,11715250,66305200,66877100,2142,36727300,9808650,9609350,0,23812,0,5,0
164,3104849743,5157,766050,17576850,36340900,12087750,66771550,66875950,2226,36163350,10206100,9992300,0,23812,0,5,0
165,2914266731,5158,783650,16887600,45654400,3448700,66774350,66880150,615,45475550,10314300,10107100,0,23812,0,5,0
166,4064468955,5159,785000,17290600,36398000,12299300,66772900,66875900,1960,36222300,9702750,9491350,0,23812,0,5,0
167,3195515191,5160,1560950,16852850,36296850,12060300,66770950,66876300,2216,36115300,10189650,9250750,0,23812,0,5,0
168,978211615,5161,780250,17665300,36438100,11888900,66772550,66876700,2187,36265850,10295250,10084350,0,24132,0,5,0
169,2835071531,5162,784550,17105300,37514250,11725950,67130050,67235900,2131,37343100,10196750,9979000,0,24132,0,5,0
170,2067386771,5163,784650,16979650,36229700,12423200,66417200,66521100,2290,36049850,10451800,9520550,0,24132,0,5,0
171,1313815599,5164,783500,17506950,36425700,12053600,66769750,66874600,2218,36240250,10223450,10003100,0,23812,0,5,0
172,2403178911,5165,782950,16911850,37055750,12027750,66778300,66882300,2134,36879650,10272550,10071750,0,23812,0,5,0
173,2922328731,5166,785750,17049700,36240600,12694100,66770150,66873800,2314,36066100,9706750,9510550,0,23812,0,5,0
174,984914827,5167,1320300,16834600,38106700,10511800,66773400,66877500,1891,37936050,9794850,9597500,0,23812,0,5,0
175,3908989879,5168,765850,17630400,36319800,12057550,66773600,66878300,2160,36146150,10217650,9996450,0,23812,0,5,0
176,3999582383,5169,787050,17195550,35912600,13082550,66977750,67080750,2313,35742550,9608350,8932250,0,23812,0,5,0
177,407226939,5170,780400,16927700,36165450,12695300,66568850,66672400,2349,35988550,10369700,10142100,0,23812,0,5,0
178,1756548563,5171,776650,17463350,36334300,12195850,66770150,66874900,2248,36155300,10246200,10025550,0,23812,0,5,0
179,270721439,5172,779000,18123650,36230000,11641550,66774200,66879700,2139,36061200,10278550,10076800,0,23812,0,5,0
CSV_END

NV_DONE_02d801b94143=0
# 
CAPTURE: {"label": "mailbox-r2-s1800-full", "elapsed_seconds": 21.08297425800083, "bytes_received": 22356, "command": "/tmp/fifo-bench --frames 180 --warmup 30 --wait spin --state-frame 1800  --csv /tmp/fifo-case.csv; fifo_rc=$?; if [ \"$fifo_rc\" = 0 ]; then  printf \"\\nCSV_BEGIN\\n\"; cat /tmp/fifo-case.csv; printf \"CSV_END\\n\"; fi; test \"$fifo_rc\" = 0", "command_exit": 0, "login_sent": false, "log": "/path/to/research/experiments/fifo-study-20261008/20261008T075306Z-mailbox-r2-s1800-full.raw"}
