/tmp/fifo-bench --frames 180 --warmup 30 --wait spin --state-frame 1800 --retained --csv /tmp/fifo-case.csv; fifo_rc=$?; if [ "$fifo_rc" = 0 ]; then  printf "\nCSV_BEGIN\n"; cat /tmp/fifo-case.csv; printf "CSV_END\n"; fi; test "$fifo_rc" = 0; nv_status=$?; printf "\nNV_DONE_b0b02220216a=%s\n" "$nv_status"
BEGIN_BREAKOUT frames=180 warmup=30 fixed=0 blocks=40 tiles=1 hud=1 wait=spin replay=0 state_frame=1800 profile=detailed pixel_centers=1 clock_call_ns=5437
HW_COUNTERS id=46490001 words=145600 wait_cycles=7509350 longest_wait_cycles=4631 total_cycles=61856437 cpu_hz=20000000
RESULT frames=180 elapsed_s=3.092697450 fps=58.201619 logic_ms=0.899836 api_ms=2.426480 swap_ms=6.866772 wait_ms=6.832197 worker_inclusive_ms=6.667736 upload_inclusive_ms=3.552128 write_ms=3.351775 bytes_per_frame=3235.56 p50_ms=16.719400 p95_ms=17.076950 max_ms=33.439450 late_60hz=162 first_count=4779 last_count=4958 state_hash=1022e19f remaining=21 score=190
RENDER_PATH retained=1 grouped=0 quads=462 full_frames=0
BREAKOUT_PASS

CSV_BEGIN
frame,state_hash,display_count,logic_ns,api_ns,swap_ns,wait_ns,total_ns,completion_interval_ns,polls,worker_inclusive_ns,upload_inclusive_ns,write_ns,read_ns,write_bytes,read_bytes,write_calls,read_calls
0,2110160739,4779,808350,2308250,7399500,5289150,15805250,16401100,886,7242450,3680700,3507400,0,3612,0,5,0
1,1693181783,4780,774450,1833950,6816150,7136600,16561150,16670850,1258,6662300,3602600,3425400,0,2972,0,5,0
2,802378003,4781,779200,1828750,6723450,7277150,16608550,16716550,1291,6567700,3510500,3326250,0,2972,0,5,0
3,773631361,4782,775600,3154200,7544150,5139400,16613350,16720700,945,7383400,3622500,3466700,0,3612,0,5,0
4,3600043099,4783,789500,2586100,6747150,6489250,16612000,16717850,1219,5920350,2821700,2670500,0,2972,0,5,0
5,1618316913,4784,803450,1829150,6751150,5699900,15083650,16722000,1050,6596900,3501550,3315750,0,2972,0,5,0
6,201713393,4785,783900,2332400,7394650,5687800,16198750,16718450,966,7238000,3682850,3496800,0,3612,0,5,0
7,2011502881,4786,776900,1836900,6677650,7317650,16609100,16716850,1186,6530700,3483900,3302700,0,2972,0,5,0
8,3125474025,4787,784800,2732450,5914450,7182750,16614450,16722700,1273,5739550,3583850,3405850,0,2972,0,5,0
9,1342287211,4788,783600,3030100,7578800,5215400,16607900,16716300,960,7417200,3649350,3479250,0,3612,0,5,0
10,3857196809,4789,782950,2593350,6779250,6458000,16613550,16718550,1182,6632000,3445150,3281650,0,2972,0,5,0
11,2240049260,4790,1406050,6833200,14288650,10806950,33334850,33439450,1923,14115550,4311900,4130700,0,6632,0,5,0
12,1815897908,4791,809850,8470350,12869650,11180200,33330050,33438250,1998,12700350,4533300,4348250,0,7312,0,5,0
13,648884648,4792,780600,2562750,6130500,7140450,16614300,16721800,1245,5974500,2824100,2665850,0,3012,0,5,0
14,2931991803,4793,1393350,1837100,6749650,6632850,16612950,16718650,1246,6592600,3442600,3281350,0,2972,0,5,0
15,4227589206,4794,1403050,2277850,7454250,5472750,16607900,16716350,926,7295450,3683050,3500500,0,3612,0,5,0
16,1986714807,4795,787300,1817300,6690050,7314000,16608650,16720050,1299,6528650,3478300,3295300,0,2972,0,5,0
17,28333542,4796,787950,1788350,6648700,7381200,16606200,16719800,1311,5668700,3511300,3331150,0,2972,0,5,0
18,842458438,4797,795400,3457300,7529500,4827850,16610050,16718200,874,7372400,3655700,3462850,0,3612,0,5,0
19,4035787358,4798,782800,2565150,6816800,6445050,16609800,16718550,1209,6657600,3446400,3282550,0,2972,0,5,0
20,3966921526,4799,1372800,1818650,6699700,6948000,16839150,16945700,1231,6539350,3477500,3312550,0,2972,0,5,0
21,3331783808,4800,782150,2264150,7594450,5743150,16383900,16494900,978,7423550,3679250,3495700,0,3612,0,5,0
22,1855912102,4801,782350,1817800,6690400,7320250,16610800,16717600,1301,6529300,3488400,3313150,0,2972,0,5,0
23,3437663592,4802,787000,2731400,5920600,7169600,16608600,16722200,1268,5765100,3618750,3456000,0,2972,0,5,0
24,3162062844,4803,783900,3030050,7715850,5083800,16613600,16719000,927,7553050,3671250,3476500,0,3612,0,5,0
25,1213835568,4804,794700,2482000,6714150,6617600,16608450,16717100,1243,6559550,3448800,3291600,0,2972,0,5,0
26,4133797692,4805,1273500,1806550,6698850,6832650,16611550,16721100,1202,6527300,3467950,3290800,0,2972,0,5,0
27,256876650,4806,796050,2253750,7849600,5709100,16608500,16718050,966,7686900,3943200,3756500,0,4252,0,5,0
28,482917404,4807,780100,1818400,6902750,7105600,16606850,16718150,1256,6755250,3659100,3480750,0,3612,0,5,0
29,1264633954,4808,785350,4133350,7170300,4521800,16610800,16722100,814,6999300,3604050,3428800,0,3292,0,5,0
30,3606135978,4809,778700,3040100,7979200,4811150,16609150,16719700,846,7816050,4126100,3923750,0,3932,0,5,0
31,2630115922,4810,1423850,1827850,6667800,7012050,16931550,17036950,1243,6501550,3463350,3303000,0,2972,0,5,0
32,3881483034,4811,787400,1803250,6699300,7001400,16291350,16399000,1236,6529250,3473750,3295550,0,2972,0,5,0
33,2944919204,4812,789600,2252000,7428250,6138250,16608100,16718600,1025,6410600,3699350,3523950,0,3612,0,5,0
34,646532490,4813,781250,2764150,5917300,10728800,20191500,20298450,788,5751300,3614150,3458250,0,2972,0,5,0
35,2877853796,4814,798900,3574750,6767350,1877450,13018450,13139650,374,6601750,3453950,3291300,0,2972,0,5,0
36,1922367648,4815,1612200,2303100,7414100,4534100,15863500,16721700,784,7243300,3682300,3508400,0,3612,0,5,0
37,1795563108,4816,1324050,1797650,6705900,6788000,16615600,16723250,1192,6538250,3484450,3304400,0,2972,0,5,0
38,214631552,4817,785900,1808000,6688000,7329650,16611550,16715750,1300,6526900,3471750,3304600,0,2972,0,5,0
39,1929726190,4818,784700,3198550,6645500,5982600,16611350,16721550,998,6475550,3799400,2820950,0,3612,0,5,0
40,1190506064,4819,778000,2622450,8026900,5186350,16613700,16719300,950,7851550,5715200,5519750,0,2972,0,5,0
41,3268351150,4820,791350,2538750,6738250,6543750,16612100,16719050,1228,6578800,3414700,3258850,0,2972,0,5,0
42,118037070,4821,1413250,2271850,7377300,5544600,16607000,16716600,1016,7205700,3690000,3498050,0,3612,0,5,0
43,1955195062,4822,771900,1826250,6711800,6444700,15754650,16718750,1121,6552150,3494950,3317000,0,2972,0,5,0
44,1797432467,4823,792800,1812050,6659400,7349750,16614000,16718000,1305,6495600,3485800,3310650,0,2972,0,5,0
45,1035442557,4824,786150,3135950,7357650,5328700,16608450,16721750,982,7191800,3557350,3419900,0,3612,0,5,0
46,2267612867,4825,785400,2668050,5991500,7167350,16612300,16718550,1268,5825000,3681550,3520200,0,2972,0,5,0
47,1217717069,4826,798200,2496100,6752050,6564350,16610700,16719250,1231,6597850,3453500,3295200,0,2972,0,5,0
48,1461268009,4827,1333150,2260950,7377200,5726450,16697750,16806150,974,7206350,3694250,3499800,0,3612,0,5,0
49,2370304197,4828,790300,1821450,6800200,7111100,16523050,16631100,1258,6634300,3474450,3305450,0,2972,0,5,0
50,655561417,4829,783200,1804400,6680950,7344300,16612850,16720450,1305,6517450,3488200,3321300,0,2972,0,5,0
51,524675839,4830,784050,3097800,7768450,4960750,16611050,16721400,908,7604650,3749650,3604900,0,4252,0,5,0
52,1155835041,4831,783200,2541550,6975350,6311800,16611900,16716900,1182,6820850,3523900,3371500,0,3612,0,5,0
53,214853719,4832,1400900,1831200,6793150,6590000,16615250,16722250,1237,6635750,3502700,3345500,0,3292,0,5,0
54,3035389575,4833,787450,2259600,7531900,5583200,16162150,16717000,943,7356100,3743300,3575950,0,3932,0,5,0
55,1549109231,4834,778050,1812650,7119650,6899750,16610100,16719850,1188,6969500,3929450,3747850,0,2972,0,5,0
56,66132623,4835,780450,2643850,5678850,7513700,16616850,16719600,1337,5512350,3363700,2451400,0,2972,0,5,0
57,3504604473,4836,798750,3012400,7598250,5199550,16608950,16718000,955,7427000,3638550,3480350,0,3612,0,5,0
58,1691498415,4837,784550,2529350,6906950,6391250,16612100,16719750,1189,6755150,3573400,3418700,0,2972,0,5,0
59,4055346753,4838,1357100,1804500,6681050,6947100,16789750,16900550,1230,6516150,3461600,3311650,0,2972,0,5,0
60,4185240021,4839,784050,2259950,7408600,5979000,16431600,16539000,1024,7241900,3676100,3507650,0,3612,0,5,0
61,380494641,4840,779450,1806200,6682750,7339600,16608000,16719050,1270,6536250,3504050,3322300,0,2972,0,5,0
62,648826037,4841,775450,2716150,5918000,7202600,16612200,16720600,1275,5762150,3617050,3460200,0,2972,0,5,0
63,457329003,4842,792450,3008900,7532800,5275450,16609600,16716400,964,7373900,3631750,3452000,0,3612,0,5,0
64,3359035981,4843,787400,2455800,6753150,6617950,16614300,16721700,1216,6600700,3444050,3289750,0,2972,0,5,0
65,1526400123,4844,1301850,1807550,6689550,6814150,16613100,16720000,1196,6527550,3483750,3313900,0,2972,0,5,0
66,1691524227,4845,830800,3288350,7416450,4317450,15853050,16719500,778,7254500,3598350,3447550,0,3612,0,5,0
67,1475349003,4846,789250,1804700,6661700,7355800,16611450,16717850,1220,5685350,3523050,3339350,0,2972,0,5,0
68,485644907,4847,796200,2612500,5975200,7228250,16612150,16717750,1280,5814500,3659300,3503900,0,2972,0,5,0
69,1050479637,4848,795050,2995000,7433850,5390100,16614000,16719400,988,7277350,3633750,3450300,0,3612,0,5,0
70,3204525547,4849,1391750,1805250,6685650,8489950,18372600,18478000,1240,6523500,3459500,3300800,0,2972,0,5,0
71,4185398997,4850,794550,3014650,6025550,5012700,14847450,14961700,824,5866300,2818950,2669350,0,2972,0,5,0
72,3094072225,4851,777300,3092200,6549500,6194950,16613950,16720250,1068,6384600,3713800,3533700,0,3612,0,5,0
73,1835371693,4852,791450,2718600,5895200,7207250,16612500,16720350,1277,5740500,3608400,3443150,0,2972,0,5,0
74,2168771505,4853,793600,2677000,5986200,7155350,16612150,16714850,1258,5834900,2812100,2665350,0,2972,0,5,0
75,4059398759,4854,787700,2947000,7463550,5416950,16615200,16723200,991,7295600,3631150,2752900,0,4252,0,5,0
76,644479865,4855,1293400,1807350,6912650,6600950,16614350,16719700,1153,6738600,3612300,3430150,0,3612,0,5,0
77,1914197423,4856,786500,1806200,6907000,7106950,16606650,16716100,1259,6750800,3548050,3382400,0,3292,0,5,0
78,430804047,4857,788650,3188750,6716700,5920550,16614650,16720050,1013,6547050,3033700,2880450,0,3932,0,5,0
79,3866048775,4858,787800,2610200,5759400,7453100,16610500,16719000,1325,5596850,3455950,3292500,0,2972,0,5,0
80,7140231,4859,784400,2547800,7214000,6069050,16615250,16717250,1131,7051200,3476650,3320200,0,2972,0,5,0
81,1511961547,4860,1469250,2270550,7370600,5859850,16970250,17076950,1005,7209200,3666100,3476800,0,3612,0,5,0
82,376629139,4861,794150,2282450,7408800,5772000,16257400,16363800,986,7252600,3678200,3491800,0,3612,0,5,0
83,1861594235,4862,788700,1832500,6617750,7372950,16611900,16719850,1306,6466000,3443550,2457950,0,2972,0,5,0
84,1702339483,4863,775200,2765250,5903650,7163850,16607950,16719550,1268,5744100,3605350,3444750,0,2972,0,5,0
85,966101579,4864,795300,2565900,5951650,7299800,16612650,16719050,1295,5796500,3645400,3473400,0,2972,0,5,0
86,2786182811,4865,787900,2493550,6909750,6420000,16611200,16717400,1196,6760750,3576900,3416350,0,2972,0,5,0
87,3655782539,4866,1321800,1795250,6697150,6833500,16647700,16757150,1206,6532650,3479000,3324250,0,2972,0,5,0
88,3735461922,4867,793700,1800250,6688200,7291250,16573400,16680700,1294,6532250,3483300,3306600,0,2972,0,5,0
89,270833838,4868,786350,1796900,6654550,7372650,16610450,16720150,1276,6506800,3489900,3313000,0,2972,0,5,0
90,930095294,4869,773500,2682900,5934400,7222750,16613550,16719350,1282,5776300,3651500,3492500,0,2972,0,5,0
91,1273808962,4870,799200,2524050,6034400,7256150,16613800,16721800,1268,5883950,2812100,2660450,0,2972,0,5,0
92,1953673858,4871,1413600,1805500,6717050,6677000,16613150,16719400,1172,6563600,3447200,3290350,0,2972,0,5,0
93,4057475070,4872,784350,1802100,6676400,6803100,16065950,16717100,1197,6516250,3485200,3316150,0,2972,0,5,0
94,3372198854,4873,781350,1802950,6670750,7353100,16608150,16718300,1308,6507700,3488150,3306700,0,2972,0,5,0
95,2335202154,4874,792650,2681450,5886200,10978800,20339100,20449450,938,5721700,3573950,3400400,0,2972,0,5,0
96,2170853250,4875,831100,4457500,6704550,142300,12135450,12991200,24,5695850,3529150,3357100,0,2972,0,5,0
97,1829955022,4876,785800,2576500,6777550,6487450,16627300,16721500,1215,6624200,3458050,3293900,0,2972,0,5,0
98,1856045454,4877,1333300,1805750,6706400,7029100,16874550,16980200,1219,6538350,3474950,3310450,0,2972,0,5,0
99,2544683154,4878,777600,1824700,6953250,6793800,16349350,16458350,1192,6795400,3635000,3450150,0,3612,0,5,0
100,1531444578,4879,781800,1811200,6905000,7112300,16610300,16717200,1253,6745400,3652200,3477400,0,3612,0,5,0
101,1139277022,4880,784450,2688400,6058100,7083950,16614900,16724800,928,5902400,3718150,3552550,0,3292,0,5,0
102,2614530982,4881,804000,2784150,6922650,6087200,16598000,16715150,1135,6767400,3515250,3358450,0,3292,0,5,0
103,464765994,4882,1433950,1817050,6706650,6655200,16612850,16718650,1251,6549950,3427350,3273200,0,2972,0,5,0
104,1592019490,4883,1263750,1800100,6712150,6837900,16613900,16716600,1202,6551850,3485850,3309800,0,2972,0,5,0
105,66207950,4884,777350,1802350,7167850,6866800,16614350,16722350,1209,7011850,3540500,3371250,0,2972,0,5,0
106,2639428798,4885,781650,1796850,6659550,7374450,16612500,16719050,1311,5667350,3515500,3349450,0,2972,0,5,0
107,1495915330,4886,783600,2557400,5938300,7335750,16615050,16720550,1302,5772000,3623550,3455600,0,2972,0,5,0
108,4079891938,4887,780200,2535500,6909550,6387200,16612450,16715200,1197,6761850,3455750,3295500,0,2972,0,5,0
109,1204987230,4888,1370050,1818200,6696700,6939050,16824000,16930500,1230,6535450,3459550,3298150,0,2972,0,5,0
110,949029318,4889,787000,1799550,6696750,7121400,16404700,16508450,1260,6537200,3481650,3304350,0,2972,0,5,0
111,2727127274,4890,779150,1791100,6805100,7232800,16608150,16718500,1278,6654400,3606900,3428450,0,2972,0,5,0
112,2443393666,4891,773900,2727050,5922100,7190350,16613400,16721450,1274,5768800,3631050,3459400,0,2972,0,5,0
113,434260526,4892,788950,2548550,5972000,7305150,16614650,16720400,1296,5818350,2812250,2653750,0,2972,0,5,0
114,2637634158,4893,782950,2470450,6872650,6487200,16613250,16720050,1210,6721950,3567300,3406050,0,2972,0,5,0
115,4248248050,4894,1261200,1803650,6701100,6845950,16611900,16718700,1204,6538300,3475500,3307200,0,2972,0,5,0
116,663154818,4895,779050,1821800,6663500,7345400,16609750,16716300,1304,6513250,3483700,3305650,0,2972,0,5,0
117,1461428606,4896,790850,1808950,6634600,7375300,16609700,16718850,1192,5665600,3509800,3331400,0,2972,0,5,0
118,3252362022,4897,782750,2617200,5931350,7273800,16605100,16718850,1291,5771750,3628150,3472400,0,2972,0,5,0
119,2423015338,4898,791950,2545750,6782600,6492750,16613050,16721250,1218,6631700,3442250,3286550,0,2972,0,5,0
120,507309730,4899,1407200,1807500,6657700,7061550,16933950,17040000,1222,6495750,3451400,3295550,0,2972,0,5,0
121,2882991293,4900,776500,1811750,6694800,7006800,16289850,16400900,1238,6538200,3486050,3313250,0,2972,0,5,0
122,3682963569,4901,782100,1822350,6680200,7327350,16612000,16719650,1303,6530150,3496250,3317600,0,2972,0,5,0
123,1404881069,4902,783200,2737900,6178800,6903150,16603050,16715450,1188,6015850,3751350,3584700,0,3612,0,5,0
124,624513273,4903,777050,2541250,6228650,7066900,16613850,16722600,1245,6061400,3834800,2796300,0,3612,0,5,0
125,484090933,4904,791800,2475650,6872000,6474200,16613650,16719600,1215,6714750,3511600,3354100,0,3292,0,5,0
126,2330053545,4905,819850,1815800,6890400,5819800,15345850,16830000,970,6720150,3586600,3398150,0,3292,0,5,0
127,3891445269,4906,789700,1807800,6696050,7206700,16500250,16606300,1276,6533950,3490450,3303100,0,2972,0,5,0
128,1947616753,4907,776350,1800800,6699500,7335100,16611750,16721200,1302,6532400,3515500,3330650,0,2972,0,5,0
129,965975981,4908,783400,2654050,5784150,7389550,16611150,16719300,1313,5625150,3488650,3322100,0,2972,0,5,0
130,2786931617,4909,787100,2945850,6770850,6110200,16614000,16716750,1142,6622050,3452150,3288500,0,2972,0,5,0
131,4011087213,4910,1450350,1798350,6700800,7049500,16999000,17108350,1251,6541200,3458450,3297050,0,2972,0,5,0
132,3703868376,4911,785150,1794150,8050400,5593050,16222750,16330200,950,7887700,3409550,2459050,0,2972,0,5,0
133,212089708,4912,786500,1795250,6806250,7223050,16611050,16720550,1282,6646800,3487700,3311200,0,2972,0,5,0
134,737348112,4913,785000,2703350,5868900,7263250,16620500,16721050,1289,5711800,3566450,3410700,0,2972,0,5,0
135,1465149204,4914,793150,2530200,5959000,7327300,16609650,16715550,1301,5802050,3647350,3474400,0,2972,0,5,0
136,3549792448,4915,779700,2503450,6904400,6428850,16616400,16721400,1206,6751650,3455900,3293000,0,2972,0,5,0
137,3053421220,4916,1327950,1798550,6667700,6889500,16683700,16788850,1212,6506550,3457300,3282100,0,2972,0,5,0
138,904563048,4917,792550,1795050,6689300,7270250,16547150,16651050,1289,6532550,3478300,3298700,0,2972,0,5,0
139,1363341148,4918,787650,1790850,6797200,7233050,16608750,16716650,1278,6647150,3615050,3436600,0,2972,0,5,0
140,3357813192,4919,774500,2676600,5938950,7222650,16612700,16718500,1271,5783950,3650900,3490600,0,2972,0,5,0
141,1376589724,4920,790000,2530700,6008000,7284850,16613550,16719800,1279,5856550,2817600,2664800,0,2972,0,5,0
142,2806738240,4921,1419350,1822000,7105300,6265650,16612300,16720400,1145,6949250,3836600,3681950,0,2972,0,5,0
143,1863420068,4922,787550,1798600,6686600,6893450,16166200,16720700,1214,6523250,3472200,3300600,0,2972,0,5,0
144,2368389248,4923,787550,1812250,6686700,7327850,16614350,16719700,1302,6531650,3482700,3305650,0,2972,0,5,0
145,3624800580,4924,792700,2664850,5881000,7268350,16606900,16717250,1256,5715900,3568500,3394100,0,2972,0,5,0
146,2708332264,4925,783100,2521300,5955900,7348700,16609000,16717450,1306,5799650,3666900,3505050,0,2972,0,5,0
147,3643166428,4926,797100,2522800,7048200,6243350,16611450,16719450,1168,6895850,3585000,3427950,0,3612,0,5,0
148,1604903896,4927,1331650,1793750,6860850,6801650,16787900,16895500,1164,6695750,3575550,3396750,0,3612,0,5,0
149,499105388,4928,782400,1807050,6801950,7044500,16435900,16547300,1246,6644550,3540250,3363250,0,3292,0,5,0
150,3393190256,4929,786600,1802600,6794450,7227650,16611300,16718100,1280,6636400,3556500,3377900,0,3292,0,5,0
151,1752164884,4930,788200,2701200,5904500,7214150,16608050,16718550,1251,5747300,3609400,3442150,0,2972,0,5,0
152,112950176,4931,774850,2556400,6033050,7244600,16608900,16717150,1277,5877700,2818900,2663150,0,2972,0,5,0
153,218377828,4932,1402100,1830150,6704100,6676450,16612800,16720750,1257,6552000,3440200,3281950,0,2972,0,5,0
154,1614877672,4933,1276300,1802200,6710350,7092650,16881500,16990650,1169,6543800,3475550,3299200,0,2972,0,5,0
155,624660060,4934,770400,1819600,6710900,7037500,16338400,16446500,1243,6558550,3483700,3303300,0,2972,0,5,0
156,1646146728,4935,794550,1819000,6650850,7350400,16614800,16721000,1306,5662650,3508300,3348350,0,2972,0,5,0
157,2550301372,4936,785500,7681950,8453900,16410700,33332050,33436650,2943,8276700,3624600,3440400,0,2972,0,5,0
158,172327680,4937,1395500,1812300,6718850,6939500,16866150,16970800,1227,6556150,3475150,3309650,0,2972,0,5,0
159,28774455,4938,792600,7571950,11021050,13693900,33079500,33186600,2388,10847500,4260150,4075200,0,6632,0,5,0
160,1278562831,4939,780950,7536750,13593700,11419000,33330400,33438700,2039,13431650,4453550,4279900,0,6672,0,5,0
161,1878041307,4940,776200,2492950,6958100,6385350,16612600,16721500,1195,6797750,3469900,3305650,0,3012,0,5,0
162,2842495315,4941,1267350,1789000,6704600,6852450,16613400,16719950,1203,6547900,3472800,3289350,0,2972,0,5,0
163,942955647,4942,778350,1788750,6677500,7361150,16605750,16716400,1307,6525000,3472500,3303350,0,2972,0,5,0
164,3104849743,4943,774150,1787350,7118950,6937950,16618400,16723700,1196,6971800,3929700,3758500,0,2972,0,5,0
165,2914266731,4944,772950,2627250,5781850,7425600,16607650,16714800,1320,5617650,3472350,2460550,0,2972,0,5,0
166,4064468955,4945,770700,2541450,6681000,6622550,16615700,16719500,1244,6526300,3396850,3239250,0,2972,0,5,0
167,3195515191,4946,1425000,1815500,6778700,6924300,16943500,17051900,1219,6611550,3569600,3411000,0,2972,0,5,0
168,978211615,4947,777350,1786300,6939600,6778900,16282150,16387350,1191,6773400,3615300,3436100,0,3612,0,5,0
169,2835071531,4948,782900,1777550,6948700,7105150,16614300,16722750,1258,6791750,3619250,3437450,0,3612,0,5,0
170,2067386771,4949,770850,2710300,6138500,6988750,16608400,16714750,1198,5976800,3755100,3594400,0,3612,0,5,0
171,1313815599,4950,778400,2530250,6089350,7215850,16613850,16722900,1279,5928150,3712500,3538050,0,3292,0,5,0
172,2403178911,4951,779050,2481250,6866050,6488500,16614850,16720000,1218,6712900,3502300,3348400,0,3292,0,5,0
173,2922328731,4952,1311850,1792000,6689250,6855050,16648150,16756250,1173,6523900,3457250,3291900,0,2972,0,5,0
174,984914827,4953,778550,1787900,6701550,7302700,16570700,16680000,1297,6538450,3476750,3299550,0,2972,0,5,0
175,3908989879,4954,784950,1780050,6669900,7376000,16610900,16718800,1310,6520250,3496350,3315500,0,2972,0,5,0
176,3999582383,4955,772650,2652150,5941850,7248900,16615550,16721950,1196,5786050,3658200,3500550,0,2972,0,5,0
177,407226939,4956,782450,2544400,6665850,6612950,16605650,16715200,1246,5931800,2812250,2662650,0,2972,0,5,0
178,1756548563,4957,1402900,1793600,6711150,6707000,16614650,16722400,1262,6547500,3442650,3279100,0,2972,0,5,0
179,270721439,4958,784150,1801550,6681250,6934550,16201500,16716900,1194,6521050,3477150,3304850,0,2972,0,5,0
CSV_END

NV_DONE_b0b02220216a=0
# 
CAPTURE: {"label": "mailbox-r2-s1800-retained", "elapsed_seconds": 10.490508564000265, "bytes_received": 21289, "command": "/tmp/fifo-bench --frames 180 --warmup 30 --wait spin --state-frame 1800 --retained --csv /tmp/fifo-case.csv; fifo_rc=$?; if [ \"$fifo_rc\" = 0 ]; then  printf \"\\nCSV_BEGIN\\n\"; cat /tmp/fifo-case.csv; printf \"CSV_END\\n\"; fi; test \"$fifo_rc\" = 0", "command_exit": 0, "login_sent": false, "log": "/path/to/research/experiments/fifo-study-20261008/20261008T075255Z-mailbox-r2-s1800-retained.raw"}
