/tmp/fifo-bench --frames 180 --warmup 30 --wait spin --state-frame 0 --grouped --csv /tmp/fifo-case.csv; fifo_rc=$?; if [ "$fifo_rc" = 0 ]; then  printf "\nCSV_BEGIN\n"; cat /tmp/fifo-case.csv; printf "CSV_END\n"; fi; test "$fifo_rc" = 0; nv_status=$?; printf "\nNV_DONE_43b83ead6453=%s\n" "$nv_status"
BEGIN_BREAKOUT frames=180 warmup=30 fixed=0 blocks=40 tiles=1 hud=1 wait=spin replay=0 state_frame=0 profile=detailed pixel_centers=1 clock_call_ns=5446
HW_COUNTERS id=46490001 words=1392820 wait_cycles=15933956 longest_wait_cycles=4620 total_cycles=240753414 cpu_hz=20000000
RESULT frames=180 elapsed_s=12.037542550 fps=14.953218 logic_ms=0.999112 api_ms=14.969064 swap_ms=42.468494 wait_ms=8.293730 worker_inclusive_ms=42.220453 upload_inclusive_ms=12.256912 write_ms=12.016744 bytes_per_frame=30951.56 p50_ms=66.876950 p95_ms=67.074150 max_ms=67.405000 late_60hz=180 first_count=4565 last_count=4744 state_hash=8f34e8fd remaining=38 score=20
RENDER_PATH retained=0 grouped=1 quads=13131 full_frames=180
BREAKOUT_PASS

CSV_BEGIN
frame,state_hash,display_count,logic_ns,api_ns,swap_ns,wait_ns,total_ns,completion_interval_ns,polls,worker_inclusive_ns,upload_inclusive_ns,write_ns,read_ns,write_bytes,read_bytes,write_calls,read_calls
0,3724779174,4565,742050,15163950,42643500,7971500,66521000,66535450,1467,42484550,12704550,12458250,0,31172,0,5,0
1,1709657109,4566,903250,15246400,41774650,8846200,66770500,66874650,1628,41604750,12271500,12043050,0,31172,0,5,0
2,1894904752,4567,1477650,14328400,44461350,6509300,66776700,66880450,1145,44293400,14167000,13921800,0,31172,0,5,0
3,3703759967,4568,854550,15006600,42570650,8342150,66773950,66875750,1544,42408450,11995400,11770700,0,31172,0,5,0
4,19533624,4569,860450,15302100,41529050,9357200,67048800,67150850,1627,41367100,12124250,11890800,0,31172,0,5,0
5,816884773,4570,836250,14370600,42345250,8945450,66497550,66603050,1658,42175700,12255850,12029200,0,31172,0,5,0
6,1339236364,4571,858600,17105450,41951750,6855900,66771700,66877750,1220,41784250,12140600,11916900,0,31172,0,5,0
7,3072959373,4572,837650,15098050,41807300,9027650,66770650,66873900,1591,41639250,12175950,11929150,0,31172,0,5,0
8,1782884746,4573,857500,15230000,41615850,9071900,66775250,66879950,1676,41450050,12251550,12026400,0,31172,0,5,0
9,30296781,4574,1384750,14366350,42933800,8082450,66767350,66874600,1480,42761400,12614900,12392200,0,31492,0,5,0
10,4026418858,4575,855450,14998450,42158750,8762950,66775600,66881200,1631,42000350,12707400,12459500,0,31492,0,5,0
11,2084929051,4576,839300,15266300,41766000,9036750,66908350,67012550,1561,41600800,12220100,11975450,0,31492,0,5,0
12,3114489770,4577,858700,14358700,50178150,1237800,66633350,66738850,250,50009900,12482900,12282550,0,31172,0,5,0
13,891400471,4578,1583300,14301750,43953050,6942800,66780900,66876850,1239,43788800,12158550,11923100,0,31172,0,5,0
14,3472773456,4579,857600,15038900,41670350,9205850,66772700,66878150,1627,41504900,12166750,11925750,0,31172,0,5,0
15,3010688243,4580,846000,15238550,41562450,9123600,66770600,66875300,1688,41392100,12118400,11256150,0,31172,0,5,0
16,2819524756,4581,1613750,14299350,42304500,8558800,66776400,66881100,1579,42140800,12129450,11921650,0,31172,0,5,0
17,3241678401,4582,842800,14926600,42117000,8877200,66763600,66873850,1655,41956350,12643550,12380350,0,31172,0,5,0
18,2154316504,4583,894200,15342350,41338300,8479350,66054200,66875950,1446,41171050,12128000,11880600,0,31172,0,5,0
19,772262681,4584,852650,15343600,41596750,8983100,66776100,66881650,1669,41426500,12252900,12022250,0,31172,0,5,0
20,3882818750,4585,1517450,14262350,42157250,8826250,66763300,66871600,1639,41993750,11980550,11751850,0,31172,0,5,0
21,521131153,4586,838700,14973800,44070650,6889400,66772550,66878800,1236,43904250,12081950,11869750,0,31172,0,5,0
22,1838187414,4587,854700,15594650,41657700,8666050,66773100,66878700,1592,41493000,12280900,12044900,0,31172,0,5,0
23,840574439,4588,845600,14308500,42332650,8866000,66352750,66876600,1645,42165750,12120900,11890200,0,31172,0,5,0
24,2879461878,4589,858500,14911150,42032550,8969650,66771850,66878150,1672,41875300,11938650,11713800,0,31172,0,5,0
25,202086035,4590,848100,15222200,41968400,8737050,66775750,66877150,1499,41798550,12150800,11913250,0,31172,0,5,0
26,959703924,4591,863250,14314400,42224450,9365600,66767700,66873750,1747,42060700,12244200,12023300,0,31172,0,5,0
27,3795724423,4592,1428900,14303800,50965650,72250,66770600,66876900,9,50797200,12140200,11907650,0,31172,0,5,0
28,2500539904,4593,867050,15047000,42503100,8869900,67287050,67383250,1387,42343550,11969800,11753800,0,31172,0,5,0
29,2269000541,4594,860650,15654600,41662650,8414550,66592450,66703900,1458,41493350,12294200,12025400,0,31172,0,5,0
30,1900681108,4595,869850,14380000,42333900,8858950,66442700,66545750,1639,42169100,12128000,11921800,0,31172,0,5,0
31,3680168245,4596,841100,14870000,42779150,8281100,66771350,66877250,1526,42612800,12098300,11899700,0,31172,0,5,0
32,2344329490,4597,857050,15220800,41487250,9206450,66771550,66877650,1597,41324350,12161550,11930750,0,31172,0,5,0
33,2130650181,4598,844900,14278300,42445300,9207350,66775850,66880450,1714,41582600,12322050,12093900,0,31492,0,5,0
34,906966818,4599,1428800,14279000,42797450,8268050,66773300,66877650,1519,42633400,12219650,12000650,0,31492,0,5,0
35,3939376531,4600,840400,14948300,42268500,8711200,66768400,66872450,1621,42107850,12714000,12449200,0,31492,0,5,0
36,2110688546,4601,865200,15214500,43736300,7155550,66971550,67074150,1297,43577950,13859850,13605300,0,31172,0,5,0
37,2695523007,4602,846650,14354550,42794150,8584050,66579400,66680700,1581,42623700,12531000,12300950,0,31172,0,5,0
38,744447992,4603,1498000,14247700,42205300,8824000,66775000,66879100,1644,42049200,12084900,11862900,0,31172,0,5,0
39,3728640411,4604,849750,15201050,41588250,9136600,66775650,66875550,1583,41423000,12165400,11911950,0,31172,0,5,0
40,618879740,4605,871700,15030950,41577650,9293700,66774000,66877700,1647,41414550,12255050,12022600,0,31172,0,5,0
41,1239708057,4606,1350800,14326950,42404850,8692700,66775300,66876550,1609,42239450,12133900,11903200,0,31172,0,5,0
42,2429742208,4607,865450,14943350,46852000,4638500,67299300,67405000,540,41337150,12113500,11869850,0,31172,0,5,0
43,412095716,4608,875700,15331900,41667600,8685850,66561050,66680250,1452,41497100,12303800,12047250,0,31172,0,5,0
44,1226741467,4609,858600,14309650,43914800,7371150,66454200,66548250,1325,43047600,12127650,11903200,0,31172,0,5,0
45,3288446148,4610,1495800,14282350,42486550,8513050,66777750,66878850,1575,42322050,12120850,11917500,0,31172,0,5,0
46,1157984843,4611,861350,15122500,41500500,9284100,66768450,66875550,1613,41338050,12176750,11932650,0,31172,0,5,0
47,3877288378,4612,850900,15443100,41662200,8813950,66770150,66876800,1628,41495550,12278650,12027100,0,31172,0,5,0
48,4236526315,4613,886950,15261400,41589800,7813850,65552000,66876450,1421,41422700,12130950,11898500,0,31172,0,5,0
49,533834014,4614,852000,14887250,42058900,8975200,66773350,66877600,1675,41899900,12631750,12377700,0,31172,0,5,0
50,1649361089,4615,878450,15509900,45654800,4731100,66774250,66875650,782,45487100,12305100,12052750,0,31172,0,5,0
51,2486981906,4616,848350,14378550,42323600,9224250,66774750,66877050,1444,42157600,12136450,11919900,0,31172,0,5,0
52,1706075277,4617,1649850,14359550,42336900,8422300,66768600,66879100,1552,42167700,12136350,11932600,0,31172,0,5,0
53,267972368,4618,841600,15171100,42397400,8363700,66773800,66877850,1517,42232550,11938950,11717050,0,31172,0,5,0
54,3895401273,4619,868550,15078950,41566100,9262300,66775900,66876950,1720,41402850,12260300,12029650,0,31172,0,5,0
55,605985656,4620,849550,14295900,42340150,8892850,66378450,66875600,1651,42174700,12118400,11892300,0,31172,0,5,0
56,4077673024,4621,909600,14843850,42346450,8672550,66772450,66876600,1612,42188550,12000000,11783900,0,30852,0,5,0
57,985632231,4622,871450,15222300,41660300,9021850,66775900,66877650,1589,41490000,12203000,11950500,0,30852,0,5,0
58,3720590956,4623,892700,21665650,41996700,2219200,66774250,66875700,452,41824600,11758400,11551450,0,30852,0,5,0
59,3264032585,4624,1513350,14346600,44286450,6636500,66782900,66877400,1175,44112650,12059300,11817050,0,30852,0,5,0
60,395405688,4625,901200,15159150,41339950,9373950,66774250,66876750,1629,41173150,12079300,11831650,0,30852,0,5,0
61,32142420,4626,875050,15072800,41690550,9402750,67041150,67143750,1670,41525150,12192200,11949900,0,30852,0,5,0
62,1187067055,4627,889900,14323600,45157100,6136900,66507500,66609950,1167,44995250,11871500,11648900,0,30852,0,5,0
63,459140908,4628,875600,14856150,41980200,9063450,66775400,66879000,1693,41820800,11892800,11660800,0,30852,0,5,0
64,3369786495,4629,892100,15210250,41436300,9237900,66776550,66876900,1629,41274650,12186200,11946700,0,30852,0,5,0
65,1572434254,4630,878350,14957300,41865900,9071300,66772850,66876050,1683,41695150,12483800,12249400,0,30852,0,5,0
66,4107798823,4631,1410850,14292750,42036100,9038450,66778150,66879950,1682,41871200,12019700,11832150,0,30852,0,5,0
67,343968250,4632,878350,15107700,43945650,6840600,66772300,66876450,1194,43775300,11993850,11781350,0,30852,0,5,0
68,3102454017,4633,897000,15095550,41424200,9486300,66903050,67005600,1597,41263900,12180500,11941300,0,30852,0,5,0
69,3051095563,4634,874850,14327500,42150300,9297300,66649950,66750900,1735,41982200,12049300,11820450,0,30852,0,5,0
70,2391331016,4635,1556950,14244350,41849300,9117600,66768200,66873300,1705,41693650,11935850,11707950,0,30852,0,5,0
71,3869016117,4636,873900,15193700,41471850,9233450,66772900,66875150,1571,41304350,12189200,11936900,0,30852,0,5,0
72,1579800804,4637,894350,15126700,41473250,9292550,66786850,66881200,1731,41310050,12052500,11830350,0,30852,0,5,0
73,2792341157,4638,1355000,14327400,49807700,1283000,66773100,66876700,259,49637550,12044800,11805150,0,30852,0,5,0
74,714702942,4639,885500,15162450,41724000,9008400,66780350,66874800,1354,41042900,12030650,11780450,0,30852,0,5,0
75,1092538936,4640,895600,15577850,41612800,8683750,66770000,66877700,1520,41440000,12237000,11965500,0,30852,0,5,0
76,1561271239,4641,900050,14315250,42216650,9341400,66773350,66877250,1744,42052400,12094700,11878450,0,31172,0,5,0
77,3798074098,4642,1539200,14276750,42325500,8628650,66770100,66878000,1597,42159500,12086650,11881200,0,31172,0,5,0
78,3022639071,4643,938100,15528650,42073700,7512800,66053250,66878400,1366,41908500,12095300,11248150,0,31172,0,5,0
79,2282770062,4644,881550,15129000,41583850,9176550,66770950,66876750,1704,41418400,12046450,11808750,0,30852,0,5,0
80,1626512457,4645,898850,14323050,42119900,9001300,66343100,66878000,1674,41955850,12042100,11824850,0,30852,0,5,0
81,3156888026,4646,879600,15058900,42463550,8364700,66766750,66874450,1514,42299850,12028800,11802350,0,30852,0,5,0
82,3038824309,4647,897800,15082650,43625600,7165800,66771850,66879300,1296,43463100,11875150,11665400,0,30852,0,5,0
83,1261846460,4648,883500,14377900,42176200,9333800,66771400,66877100,1738,41308850,12057450,11829350,0,30852,0,5,0
84,2035201521,4649,1483750,14265500,42504550,8513550,66767350,66875600,1573,42339600,12036000,11823150,0,30852,0,5,0
85,2164446652,4650,874600,15120150,41379100,9396750,66770600,66876100,1660,41214450,12181750,11927850,0,30852,0,5,0
86,2017191835,4651,894650,15085500,41494050,9636450,67110650,67214750,1717,41332250,12023800,11790350,0,30852,0,5,0
87,3029138484,4652,882600,14321950,42633300,8600200,66438050,66542150,1588,42462400,12038650,11820050,0,30852,0,5,0
88,50355403,4653,890800,14988550,47988700,2904000,66772050,66877750,380,47826400,18112600,17857100,0,30852,0,5,0
89,654213990,4654,899250,15198000,41560800,9098650,66756700,66873550,1608,41392750,12219200,11970800,0,30852,0,5,0
90,2360099787,4655,886100,14300000,43800400,7789900,66776400,66880750,1415,41623250,12064950,11816950,0,30852,0,5,0
91,2424818746,4656,1432600,14310900,42202650,8822500,66768650,66873850,1638,42035100,12051850,11826550,0,30852,0,5,0
92,1971386461,4657,899750,15114850,41261800,9494800,66771200,66877400,1683,41100550,12191850,11944950,0,30852,0,5,0
93,3386045126,4658,883750,15063200,41930150,9080600,66957700,67060650,1606,41766050,12455100,12212200,0,30852,0,5,0
94,1429641961,4659,886100,14302550,42113900,9294550,66597100,66696900,1733,41950400,12030900,11816350,0,30852,0,5,0
95,3022846880,4660,1533600,14388600,41842950,9006700,66771850,66877500,1651,41683550,11949700,11722250,0,30852,0,5,0
96,1601897261,4661,896950,15066950,41423350,9385050,66772300,66876900,1581,41261900,12189700,11950800,0,30852,0,5,0
97,1229951528,4662,872950,15049100,41545800,9305950,66773800,66875150,1414,41382000,12051750,11815950,0,30852,0,5,0
98,4065171759,4663,1432750,14324400,42088000,8918700,66763850,66876350,1657,41920700,12041600,11831700,0,30852,0,5,0
99,1034325744,4664,879600,15080800,41334750,9475250,66770400,66876000,1616,41170150,12161500,11904200,0,30852,0,5,0
100,14078671,4665,894200,15089000,41590800,9258350,66832350,66930700,1639,41430200,12121150,11884350,0,31172,0,5,0
101,4024270554,4666,874700,14324150,42222300,9302150,66723300,66828000,1735,42052450,12101000,11864600,0,31172,0,5,0
102,896191351,4667,1576750,14413200,42021800,8754950,66766700,66873500,1597,41860750,12084300,11858450,0,31172,0,5,0
103,2131384102,4668,886200,15347450,41379250,9156200,66769100,66876150,1614,41216100,12199100,11930700,0,30852,0,5,0
104,2586210593,4669,894950,21641850,42106050,2131950,66774800,66880700,434,41940250,12045650,11819850,0,30852,0,5,0
105,591918370,4670,1417800,14354500,44167350,6837250,66776900,66875550,1216,44000250,12003600,11747850,0,30852,0,5,0
106,8814317,4671,903100,15406400,41906400,8557400,66773300,66877800,1588,41747650,12087200,11863500,0,30852,0,5,0
107,2340504196,4672,878600,15100150,41594550,9199700,66773000,66878700,1626,41430800,12072800,11827500,0,30852,0,5,0
108,3523076009,4673,885950,14293150,42137550,9451750,66768400,66874100,1764,41972600,12038200,11828900,0,30852,0,5,0
109,1961669028,4674,932400,15381200,41791850,7197600,65303050,66878300,1260,41620800,11991550,11768450,0,30852,0,5,0
110,1037581603,4675,893600,14997400,41450050,9429100,66770150,66875350,1676,41290100,12235250,11992050,0,30852,0,5,0
111,2701024588,4676,885250,15091400,41562750,9234200,66773600,66878100,1716,41392100,12049000,11824200,0,30852,0,5,0
112,215037203,4677,894800,14295600,42580900,8613900,66385200,66880550,1589,42414750,12048450,11831500,0,30852,0,5,0
113,3696282862,4678,871800,15496600,43275400,7127100,66770900,66877250,1283,43103800,12129100,11914150,0,30852,0,5,0
114,2829142928,4679,893650,15119150,41537300,9217900,66768000,66872400,1629,41375900,12088650,11854600,0,30852,0,5,0
115,3204762949,4680,877500,14307200,42633750,8957200,66775650,66878500,1659,42462650,12038300,11826150,0,30852,0,5,0
116,3297489190,4681,1474150,14452100,41827250,9018750,66772250,66878700,1649,41666050,11874550,11657600,0,30852,0,5,0
117,1691704917,4682,882950,15004400,41476400,9407900,66771650,66878700,1667,41313550,12193800,11934750,0,30852,0,5,0
118,663957814,4683,889450,15074700,41851750,9212750,67028650,67133050,1632,41688350,12097500,11856800,0,30852,0,5,0
119,3058583827,4684,872250,14329050,50742300,573100,66516700,66619600,112,50571350,12059150,11838500,0,30852,0,5,0
120,838545270,4685,885150,15105200,43341800,7450300,66782450,66878050,1305,43178600,13402650,13170800,0,30852,0,5,0
121,3608912039,4686,893100,15149600,42552450,8176100,66771250,66872400,1517,41864300,12489050,12240350,0,30852,0,5,0
122,4080159716,4687,883850,14967600,43141250,7788250,66780950,66880550,1411,42978350,12051300,11807200,0,30852,0,5,0
123,1056027075,4688,1412750,14513250,42059550,8788800,66774350,66877200,1601,41892600,12041100,11815350,0,30852,0,5,0
124,4057021248,4689,895950,14961150,41471450,9443550,66772100,66879050,1582,41309100,12254850,12011150,0,31172,0,5,0
125,2686741161,4690,873150,15109050,41700850,9213500,66896550,66997700,1631,41538550,12127650,11886900,0,31172,0,5,0
126,3870849660,4691,884700,14330950,42187500,9248900,66652050,66755850,1723,42020950,12096500,11885800,0,31172,0,5,0
127,293449641,4692,1676800,14317450,42236000,8539100,66769350,66875000,1518,42069100,12175550,11944600,0,30852,0,5,0
128,596064266,4693,888250,15079350,43829100,6985150,66781850,66880450,1256,43664750,11980250,11769650,0,30852,0,5,0
129,3715495249,4694,880150,15190400,41586600,9111800,66768950,66874150,1693,41420750,12038000,11805450,0,30852,0,5,0
130,244680018,4695,1386450,14527400,41930050,8929400,66773300,66875800,1630,41766300,12043250,11836950,0,30852,0,5,0
131,4080661783,4696,884800,15350700,41957350,8577150,66770000,66878850,1592,41799600,11910750,11669750,0,30852,0,5,0
132,4006730450,4697,895000,15122350,41481450,9275750,66774550,66878500,1642,41322150,12048100,11817050,0,30852,0,5,0
133,3864584507,4698,873000,14364600,42124700,9408550,66770850,66876050,1793,41955700,12041600,11817050,0,30852,0,5,0
134,2711027320,4699,1674350,14593550,49483500,1016450,66767850,66874750,204,49322800,19485850,19188450,0,30852,0,5,0
135,4099079087,4700,860400,15112250,41567450,9243750,66783850,66880000,1635,41403650,12068750,11816300,0,30852,0,5,0
136,565333772,4701,903900,16651350,41863450,7352700,66771400,66876050,1424,41190050,12040800,11790200,0,30852,0,5,0
137,1028518269,4702,886400,14517450,42533650,8398050,66335550,66880250,1514,42365100,12056200,11834700,0,30852,0,5,0
138,2252688136,4703,896400,14897250,41819750,9151150,66764550,66874050,1719,41143850,12183800,11934400,0,30852,0,5,0
139,578597309,4704,916250,15136850,41330500,8677700,66061300,66877650,1519,41167950,12023050,11767750,0,30852,0,5,0
140,3624439358,4705,890200,14313000,42528550,9042550,66774300,66878150,1679,42362950,12051950,11836850,0,30852,0,5,0
141,3514067501,4706,1586150,14329350,42027800,8827950,66771250,66876800,1638,41859200,12023550,11820650,0,30852,0,5,0
142,2741972910,4707,892600,15000650,41402600,9472950,66768800,66875200,1681,41242200,12072600,11823250,0,30852,0,5,0
143,28497579,4708,878550,15077650,44264200,6912950,67133350,67237250,1220,44095450,14392350,14130300,0,30852,0,5,0
144,466729326,4709,908550,14545300,41900750,9061500,66416100,66518600,1655,41045050,12061100,11843100,0,30852,0,5,0
145,3425349295,4710,882750,14848850,41928350,9109600,66769550,66876750,1701,41769000,12694300,12429250,0,30852,0,5,0
146,1537640620,4711,898650,15084100,41847700,8945450,66775900,66879350,1574,41683300,12126100,11889700,0,30852,0,5,0
147,1853842891,4712,873750,14304150,42153150,9440400,66771450,66875550,1759,41177100,12055850,11825550,0,30852,0,5,0
148,1177024904,4713,1583000,14307100,42263100,8614700,66767900,66875800,1593,42097950,12269650,12060600,0,31172,0,5,0
149,4106734849,4714,876250,15004750,42482850,8406100,66769950,66878050,1557,42322000,13032450,12769500,0,31172,0,5,0
150,2025356500,4715,888150,21416500,42274850,2491400,67070900,67169150,409,42102200,12090950,11872800,0,31172,0,5,0
151,2189605121,4716,887450,15233400,43158450,7204050,66483350,66587200,1261,42988700,12019200,11765600,0,30852,0,5,0
152,4086136290,4717,1551600,14285300,42243550,8690950,66771400,66875600,1586,42091750,12242300,12016800,0,30852,0,5,0
153,4036669705,4718,869650,15120850,41644250,9146100,66780850,66879050,1613,41476300,12093400,11841300,0,30852,0,5,0
154,4167980074,4719,887350,15186000,41350550,9350450,66774350,66876050,1739,41187600,12042200,11811850,0,30852,0,5,0
155,51187407,4720,1494950,14375650,42153800,8746000,66770400,66874200,1555,41985900,12155300,11924750,0,30852,0,5,0
156,2242638442,4721,886200,15013150,41357600,9523150,66780100,66877000,1691,41192600,12052000,11803900,0,30852,0,5,0
157,2730108163,4722,876350,15076200,41593850,9286150,66832550,66934000,1646,41427950,12048050,11806350,0,30852,0,5,0
158,2718743917,4723,887250,14472750,41914000,9443950,66717950,66819200,1735,41749500,12021500,11798200,0,30852,0,5,0
159,3391709842,4724,1553400,16900350,41594850,6725700,66774300,66879450,1196,41431450,12038950,11787050,0,30852,0,5,0
160,1164604273,4725,900350,15051350,41510800,9315250,66777750,66880000,1650,41347500,12061350,11812050,0,30852,0,5,0
161,2148591176,4726,880700,15245200,41472150,9176300,66774350,66876750,1705,41305400,12045950,11815500,0,30852,0,5,0
162,4192737573,4727,1496850,15329400,41434800,8513800,66774850,66877150,1569,41270600,12191500,11955350,0,30852,0,5,0
163,535584840,4728,882850,14901100,41962500,9026250,66772700,66877950,1688,41286800,12028500,11775000,0,30852,0,5,0
164,3430794475,4729,894250,15112900,41543350,9221900,66772400,66874350,1631,41380200,12074000,11836550,0,30852,0,5,0
165,776323552,4730,870150,14500450,50341150,1058000,66769750,66874800,212,49445250,12201450,11973500,0,30852,0,5,0
166,3330991427,4731,1595550,14345500,43751400,7084650,66777100,66880250,1267,43585400,13607550,13362600,0,30852,0,5,0
167,3282074430,4732,890500,15067700,41532750,9280250,66771200,66875800,1637,41363400,12075350,11825000,0,30852,0,5,0
168,2597814595,4733,883100,15229800,41788500,8870300,66771700,66876800,1639,41620450,12076050,11852650,0,30852,0,5,0
169,2225601370,4734,886150,14372750,42151850,8832550,66243300,66878300,1637,41984300,12212400,11986000,0,30852,0,5,0
170,3716853465,4735,889550,14916550,41900950,9062550,66769600,66876350,1692,41744650,11866200,11641800,0,30852,0,5,0
171,1080675697,4736,899200,14949800,41556850,9370800,66776650,66877850,1663,41388050,11919800,11692750,0,30212,0,5,0
172,219920238,4737,893050,14316200,41558750,10002850,66770850,66873650,1849,40684950,11945250,11727400,0,30212,0,5,0
173,3070385651,4738,1472650,14175750,41606450,9519750,66774600,66880000,1786,41449200,11783200,11549050,0,30212,0,5,0
174,2609556270,4739,883200,14848250,43792650,7252200,66776300,66878250,1309,43634250,11870800,11661500,0,30212,0,5,0
175,141401383,4740,871800,15098000,41064900,10131600,67166300,67270450,1797,40899450,11922950,11697850,0,30212,0,5,0
176,3034105280,4741,885000,14175150,41637100,9683800,66381050,66485950,1817,41478450,12010100,11801400,0,30212,0,5,0
177,3029196371,4742,872550,14674750,41986850,9237300,66771450,66875450,1726,41831850,12834050,12578800,0,30212,0,5,0
178,699378668,4743,883650,14922100,41117500,9852650,66775900,66874550,1762,40957500,11940400,11698600,0,30212,0,5,0
179,2402609405,4744,868700,14948150,40911650,10048450,66776950,66878800,1860,40735700,11924000,11696800,0,30212,0,5,0
CSV_END

NV_DONE_43b83ead6453=0
# 
CAPTURE: {"label": "mailbox-r2-s0-grouped", "elapsed_seconds": 21.09588964700015, "bytes_received": 22382, "command": "/tmp/fifo-bench --frames 180 --warmup 30 --wait spin --state-frame 0 --grouped --csv /tmp/fifo-case.csv; fifo_rc=$?; if [ \"$fifo_rc\" = 0 ]; then  printf \"\\nCSV_BEGIN\\n\"; cat /tmp/fifo-case.csv; printf \"CSV_END\\n\"; fi; test \"$fifo_rc\" = 0", "command_exit": 0, "login_sent": false, "log": "/path/to/research/experiments/fifo-study-20261008/20261008T075234Z-mailbox-r2-s0-grouped.raw"}
