/tmp/fifo-bench --frames 180 --warmup 30 --wait spin --fixed --replay --grouped --state-frame 0 --csv /tmp/fifo-replay.csv; fifo_rc=$?; if [ "$fifo_rc" = 0 ]; then printf "\nCSV_BEGIN\n"; cat /tmp/fifo-replay.csv; printf "CSV_END\n"; fi; test "$fifo_rc" = 0; nv_status=$?; printf "\nNV_DONE_485ec02219e0=%s\n" "$nv_status"
BEGIN_BREAKOUT frames=180 warmup=30 fixed=1 blocks=40 tiles=1 hud=1 wait=spin replay=1 state_frame=0 profile=detailed pixel_centers=1 clock_call_ns=5436
HW_COUNTERS id=46490001 words=1546740 wait_cycles=14068352 longest_wait_cycles=4622 total_cycles=75238572 cpu_hz=20000000
RESULT frames=180 elapsed_s=3.761804050 fps=47.849382 logic_ms=0.916020 api_ms=0.008221 swap_ms=15.645626 wait_ms=4.196900 worker_inclusive_ms=0.000000 upload_inclusive_ms=0.000000 write_ms=11.678523 bytes_per_frame=34372.00 p50_ms=16.721050 p95_ms=33.442050 max_ms=33.846750 late_60hz=169 first_count=6281 last_count=6460 state_hash=de3c9d08 remaining=40 score=0
RENDER_PATH retained=0 grouped=1 quads=0 full_frames=0
BREAKOUT_PASS

CSV_BEGIN
frame,state_hash,display_count,logic_ns,api_ns,swap_ns,wait_ns,total_ns,completion_interval_ns,polls,worker_inclusive_ns,upload_inclusive_ns,write_ns,read_ns,write_bytes,read_bytes,write_calls,read_calls
0,3728514312,6281,780100,7550,15467300,112350,16367300,16377850,18,0,0,10116100,0,34372,0,5,0
1,3728514312,6282,725600,7650,15641200,253150,16627600,16720550,47,0,0,10897500,0,34372,0,5,0
2,3728514312,6283,1601450,9300,15426250,16321850,33358850,33440750,3038,0,0,12132050,0,34372,0,5,0
3,3728514312,6284,746000,7750,15645650,217400,16616800,16714950,40,0,0,12360150,0,34372,0,5,0
4,3728514312,6285,762600,9100,15710700,157150,16639550,16723000,27,0,0,11289000,0,34372,0,5,0
5,3728514312,6286,740450,7650,15414800,461400,16624300,16718250,90,0,0,10115600,0,34372,0,5,0
6,3728514312,6287,1550050,9300,14713700,801700,17074750,17153800,35,0,0,11412150,0,34372,0,5,0
7,3728514312,6288,741750,7750,15607550,16552750,32909800,33005100,3085,0,0,12270350,0,34372,0,5,0
8,3728514312,6289,769450,7650,15661750,194650,16633500,16719200,35,0,0,12419750,0,34372,0,5,0
9,3728514312,6290,732350,9200,15648250,235000,16624800,16716750,43,0,0,11025700,0,34372,0,5,0
10,3728514312,6291,752650,7550,15333200,543950,16637350,16720550,107,0,0,10631100,0,34372,0,5,0
11,3728514312,6292,1424500,7850,15348350,26650,16807350,16895150,0,0,0,11415150,0,34372,0,5,0
12,3728514312,6293,765900,7650,16056500,16348750,33178800,33263600,3038,0,0,12788150,0,34372,0,5,0
13,3728514312,6294,755300,9300,15679600,180000,16624200,16719650,32,0,0,11802850,0,34372,0,5,0
14,3728514312,6295,1743000,7650,15510750,15674700,32936100,33746250,2904,0,0,11569950,0,34372,0,5,0
15,3728514312,6296,759100,7750,15414800,126000,16307650,16411950,20,0,0,11462600,0,34372,0,5,0
16,3728514312,6297,748400,7550,23476100,9114500,33346550,33440400,1710,0,0,20205250,0,34372,0,5,0
17,3728514312,6298,778150,7750,15589750,239800,16615450,16717550,44,0,0,10473100,0,34372,0,5,0
18,3728514312,6299,743550,7550,15467750,403400,16622250,16719350,78,0,0,10780550,0,34372,0,5,0
19,3728514312,6300,1460600,7850,15354650,26750,16849850,16947050,0,0,0,11395000,0,34372,0,5,0
20,3728514312,6301,768400,7650,16717450,15630750,33124250,33212150,2653,0,0,13429950,0,34372,0,5,0
21,3728514312,6302,784950,7750,15709600,107350,16609650,16717650,17,0,0,11817450,0,34372,0,5,0
22,3728514312,6303,753250,9100,15433950,427550,16623850,16720350,83,0,0,10181950,0,34372,0,5,0
23,3728514312,6304,1479700,7800,14632650,1178450,17298600,17385600,100,0,0,10608600,0,34372,0,5,0
24,3728514312,6305,770450,7650,15464200,16421600,32663900,32773150,3054,0,0,12187050,0,34372,0,5,0
25,3728514312,6306,747100,7750,15659500,204350,16618700,16717300,37,0,0,12364400,0,34372,0,5,0
26,3728514312,6307,756000,9100,15654600,206050,16625750,16719600,37,0,0,10586100,0,34372,0,5,0
27,3728514312,6308,738450,7650,15377900,500450,16624450,16718200,98,0,0,10651450,0,34372,0,5,0
28,3728514312,6309,1511250,7750,14758750,645350,16923100,17008600,4,0,0,11470450,0,34372,0,5,0
29,3728514312,6310,744400,7750,15592350,16707900,33052400,33150500,3116,0,0,12255050,0,34372,0,5,0
30,3728514312,6311,763300,7650,15650950,194650,16616550,16716950,35,0,0,12421250,0,34372,0,5,0
31,3728514312,6312,732450,9200,15977150,16627900,33346700,33442200,3069,0,0,10777200,0,34372,0,5,0
32,3728514312,6313,774600,7650,15397100,26550,16205900,16748350,0,0,0,11500750,0,34372,0,5,0
33,3728514312,6314,743400,7750,15622000,220250,16593400,16689800,40,0,0,12272950,0,34372,0,5,0
34,3728514312,6315,764350,7550,15609900,238300,16620100,16717050,44,0,0,12366050,0,34372,0,5,0
35,3728514312,6316,732500,9200,15638450,243150,16623300,16718300,45,0,0,11779250,0,34372,0,5,0
36,3728514312,6317,750300,7550,15507150,359750,16624750,16721150,69,0,0,10833350,0,34372,0,5,0
37,3728514312,6318,1518100,9450,14758900,673000,16959450,17052400,19,0,0,11399900,0,34372,0,5,0
38,3728514312,6319,758450,7650,15426150,88950,16281200,16384850,13,0,0,12141300,0,34372,0,5,0
39,3728514312,6320,746200,7650,15698800,170500,16623150,16718100,30,0,0,12374900,0,34372,0,5,0
40,3728514312,6321,765350,9100,15629850,223750,16628050,16722150,41,0,0,12402900,0,34372,0,5,0
41,3728514312,6322,731150,9200,15514300,365800,16620450,16716600,70,0,0,9685000,0,34372,0,5,0
42,3728514312,6323,742250,7550,15773200,104100,16627100,16722750,16,0,0,11117800,0,34372,0,5,0
43,3728514312,6324,1459400,9400,15401900,26600,16897300,16991400,0,0,0,11454300,0,34372,0,5,0
44,3728514312,6325,753900,7650,15465750,120000,16347300,16447450,19,0,0,12195050,0,34372,0,5,0
45,3728514312,6326,795300,7650,15838250,15934400,32575600,33437600,2937,0,0,11210550,0,34372,0,5,0
46,3728514312,6327,775150,7650,17837700,15127900,33748400,33846750,2753,0,0,13172350,0,34372,0,5,0
47,3728514312,6328,776900,7750,15517750,16625600,32928000,33031250,3094,0,0,12162850,0,34372,0,5,0
48,3728514312,6329,754800,7650,15690100,165550,16618100,16717900,29,0,0,12463700,0,34372,0,5,0
49,3728514312,6330,731900,9200,15710650,170250,16622000,16719600,30,0,0,11155350,0,34372,0,5,0
50,3728514312,6331,755650,7550,15359800,514850,16637850,16718700,101,0,0,10653050,0,34372,0,5,0
51,3728514312,6332,1431350,7850,15664150,26550,17129900,17221350,0,0,0,11721750,0,34372,0,5,0
52,3728514312,6333,767700,7650,15765850,16303800,32845000,32936950,3022,0,0,12508050,0,34372,0,5,0
53,3728514312,6334,751900,9300,15713700,144600,16619500,16716650,25,0,0,11821300,0,34372,0,5,0
54,3728514312,6335,754850,9100,15573200,291750,16628900,16720700,55,0,0,10187800,0,34372,0,5,0
55,3728514312,6336,1517650,7750,14683200,940650,17149250,17241050,72,0,0,10627100,0,34372,0,5,0
56,3728514312,6337,770000,7650,15448000,16605000,32830650,32916100,3059,0,0,12170050,0,34372,0,5,0
57,3728514312,6338,761750,7750,15719300,136450,16625250,16722700,23,0,0,12430600,0,34372,0,5,0
58,3728514312,6339,761150,9100,15561950,302750,16634950,16716100,57,0,0,11148950,0,34372,0,5,0
59,3728514312,6340,734550,7650,15503250,388850,16634300,16722750,75,0,0,10795750,0,34372,0,5,0
60,3728514312,6341,1460800,7750,14788250,626500,16883300,16966200,0,0,0,10870850,0,34372,0,5,0
61,3728514312,6342,748350,7750,15452000,168300,16376400,16470700,29,0,0,12100150,0,34372,0,5,0
62,3728514312,6343,763000,7550,16169300,16417350,33357200,33442050,3047,0,0,12901050,0,34372,0,5,0
63,3728514312,6344,756850,9300,15473750,380550,16620450,16716200,73,0,0,10176600,0,34372,0,5,0
64,3728514312,6345,1492950,7700,14758200,375650,16634500,16720400,72,0,0,10773050,0,34372,0,5,0
65,3728514312,6346,758550,7750,15448650,16495700,32710650,33441300,1965,0,0,12092700,0,34372,0,5,0
66,3728514312,6347,820550,9200,15819250,16677100,33326100,33436500,3100,0,0,12563750,0,34372,0,5,0
67,3728514312,6348,759300,9300,15362700,485950,16617250,16714750,95,0,0,10081350,0,34372,0,5,0
68,3728514312,6349,1502550,7750,14771700,819050,17101050,17185950,11,0,0,11472400,0,34372,0,5,0
69,3728514312,6350,762650,7750,15506000,16602350,32878750,32978350,2775,0,0,12165900,0,34372,0,5,0
70,3728514312,6351,800650,7650,15989450,16528100,33325850,33436150,3017,0,0,12767600,0,34372,0,5,0
71,3728514312,6352,1382450,7800,14630000,592550,16612800,16716100,117,0,0,10603550,0,34372,0,5,0
72,3728514312,6353,1406050,9300,15422050,26900,16864300,16952700,0,0,0,11526400,0,34372,0,5,0
73,3728514312,6354,749500,7750,15724950,16628100,33110300,33207700,3095,0,0,12395900,0,34372,0,5,0
74,3728514312,6355,773550,9250,15667100,168850,16618750,16717450,30,0,0,11877550,0,34372,0,5,0
75,3728514312,6356,1689900,7850,15587100,15511500,32796350,33642250,2867,0,0,12192950,0,34372,0,5,0
76,3728514312,6357,777500,7650,15456700,168200,16410050,16515900,29,0,0,11568350,0,34372,0,5,0
77,3728514312,6358,751750,7650,15772150,93000,16624550,16720750,14,0,0,12458800,0,34372,0,5,0
78,3728514312,6359,776900,9100,15643850,198050,16627900,16715100,36,0,0,12418400,0,34372,0,5,0
79,3728514312,6360,737150,9200,15565150,315850,16627350,16721550,60,0,0,9686550,0,34372,0,5,0
80,3728514312,6361,753700,7550,15873650,26050,16660950,16741350,0,0,0,10901300,0,34372,0,5,0
81,3728514312,6362,1459150,9400,17217600,14636500,33322650,33420150,2676,0,0,11790150,0,34372,0,5,0
82,3728514312,6363,790750,9200,15791250,29650,16620850,16718500,1,0,0,12553650,0,34372,0,5,0
83,3728514312,6364,745450,9200,15695600,168950,16619200,16716950,30,0,0,11813250,0,34372,0,5,0
84,3728514312,6365,750150,7550,15447450,421250,16626400,16719550,82,0,0,10159900,0,34372,0,5,0
85,3728514312,6366,1487850,7750,14812400,814400,17122400,17212800,40,0,0,10755950,0,34372,0,5,0
86,3728514312,6367,775450,7650,15474850,16591100,32849050,32948400,3090,0,0,12191100,0,34372,0,5,0
87,3728514312,6368,749200,7750,15812700,49450,16619100,16714350,5,0,0,12524100,0,34372,0,5,0
88,3728514312,6369,765250,9100,15572600,278850,16625800,16721150,52,0,0,10510200,0,34372,0,5,0
89,3728514312,6370,734800,7650,15337400,542500,16622350,16717550,107,0,0,10630800,0,34372,0,5,0
90,3728514312,6371,1448550,7750,15860950,16035200,33352450,33439100,2969,0,0,11661950,0,34372,0,5,0
91,3728514312,6372,775100,7800,15637750,199600,16620250,16718850,36,0,0,12336500,0,34372,0,5,0
92,3728514312,6373,760350,9100,15659850,193200,16622500,16716200,35,0,0,12447150,0,34372,0,5,0
93,3728514312,6374,735950,9200,17741650,15237350,33724150,33818700,2813,0,0,10938550,0,34372,0,5,0
94,3728514312,6375,791500,7650,15443350,26700,16269200,16373200,0,0,0,11543650,0,34372,0,5,0
95,3728514312,6376,747250,7750,15717400,122000,16594400,16690200,20,0,0,12385800,0,34372,0,5,0
96,3728514312,6377,774250,9100,15644000,193300,16620650,16716150,35,0,0,12420400,0,34372,0,5,0
97,3728514312,6378,737000,9200,15604600,270900,16621700,16717800,51,0,0,11131300,0,34372,0,5,0
98,3728514312,6379,751850,7550,15527400,345200,16632000,16725050,66,0,0,10720100,0,34372,0,5,0
99,3728514312,6380,1476150,7850,14769150,613700,16866850,16959550,4,0,0,11437100,0,34372,0,5,0
100,3728514312,6381,765750,7650,15459050,142700,16375150,16473250,24,0,0,12171700,0,34372,0,5,0
101,3728514312,6382,753150,7650,16165400,16420150,33346350,33442700,3049,0,0,12865400,0,34372,0,5,0
102,3728514312,6383,778400,9200,15467350,365900,16620850,16717050,70,0,0,10191850,0,34372,0,5,0
103,3728514312,6384,1478200,10650,14784900,359750,16633500,16722900,69,0,0,10751450,0,34372,0,5,0
104,3728514312,6385,774550,7650,15421850,26650,16230700,16928150,0,0,0,11547050,0,34372,0,5,0
105,3728514312,6386,798500,7750,15802700,15756300,32365250,33228650,2873,0,0,12484250,0,34372,0,5,0
106,3728514312,6387,783100,9200,15603500,223700,16619500,16716400,41,0,0,11167800,0,34372,0,5,0
107,3728514312,6388,732500,7650,15427950,455300,16623400,16718950,89,0,0,10094050,0,34372,0,5,0
108,3728514312,6389,1532750,7750,15515800,26850,17083150,17161600,0,0,0,12214950,0,34372,0,5,0
109,3728514312,6390,753450,7900,15473550,16668050,32902950,32999950,3103,0,0,12126550,0,34372,0,5,0
110,3728514312,6391,757050,7650,16170300,16416850,33351850,33437350,3035,0,0,12930600,0,34372,0,5,0
111,3728514312,6392,755000,7750,15217350,641250,16621350,16720050,127,0,0,10611450,0,34372,0,5,0
112,3728514312,6393,1435500,9300,15547450,26850,17019100,17103650,0,0,0,11647000,0,34372,0,5,0
113,3728514312,6394,755600,7750,23070050,9124200,32957600,33056050,1709,0,0,19688200,0,34372,0,5,0
114,3728514312,6395,793200,7650,15624950,190000,16615800,16718700,34,0,0,11826750,0,34372,0,5,0
115,3728514312,6396,733000,7650,15575650,301550,16617850,16716850,57,0,0,10702550,0,34372,0,5,0
116,3728514312,6397,1564550,7750,14721350,796350,17090000,17172950,34,0,0,11425250,0,34372,0,5,0
117,3728514312,6398,746500,7750,15491200,16648500,32893950,32988750,2743,0,0,12145450,0,34372,0,5,0
118,3728514312,6399,798200,7650,15668700,132400,16606950,16714700,22,0,0,12430350,0,34372,0,5,0
119,3728514312,6400,734900,9200,15574850,306150,16625100,16721050,58,0,0,10479700,0,34372,0,5,0
120,3728514312,6401,742900,7550,15879600,16713800,33343850,33439000,2995,0,0,10716000,0,34372,0,5,0
121,3728514312,6402,763200,7800,15425200,420500,16616700,16719800,81,0,0,11487000,0,34372,0,5,0
122,3728514312,6403,753800,7550,15824050,34500,16619900,16717150,2,0,0,12570750,0,34372,0,5,0
123,3728514312,6404,742400,9200,15691800,178800,16622200,16720200,32,0,0,11814600,0,34372,0,5,0
124,3728514312,6405,757900,9100,15449800,416400,16633200,16717100,81,0,0,10170950,0,34372,0,5,0
125,3728514312,6406,1487500,7750,14820750,808800,17124800,17212350,47,0,0,10766950,0,34372,0,5,0
126,3728514312,6407,777150,7650,15420400,25100,16230300,16321800,0,0,0,12147750,0,34372,0,5,0
127,3728514312,6408,749250,7750,15525650,246550,16529200,16622000,46,0,0,12199550,0,34372,0,5,0
128,3728514312,6409,764700,9100,15806550,63800,16644150,16725100,8,0,0,12562200,0,34372,0,5,0
129,3728514312,6410,741700,9200,15582550,285500,16618950,16713850,54,0,0,11136550,0,34372,0,5,0
130,3728514312,6411,756350,7550,15351100,524350,16639350,16719850,103,0,0,10670850,0,34372,0,5,0
131,3728514312,6412,1428150,7850,15908700,16007350,33352050,33439900,2973,0,0,12527100,0,34372,0,5,0
132,3728514312,6413,772600,7650,15642700,199600,16622550,16720900,36,0,0,12385650,0,34372,0,5,0
133,3728514312,6414,733000,9200,15809750,68850,16620800,16719650,9,0,0,12536050,0,34372,0,5,0
134,3728514312,6415,766100,9100,15487750,360000,16622950,16719050,69,0,0,10167200,0,34372,0,5,0
135,3728514312,6416,792600,7750,15568850,15361200,31730400,33436450,2807,0,0,12240550,0,34372,0,5,0
136,3728514312,6417,768150,9200,15530600,313800,16621750,16721500,59,0,0,12254650,0,34372,0,5,0
137,3728514312,6418,750550,7650,15700900,164100,16623200,16714850,29,0,0,12409100,0,34372,0,5,0
138,3728514312,6419,761000,10350,15581900,286750,16640000,16720850,54,0,0,11153050,0,34372,0,5,0
139,3728514312,6420,728700,7650,15517500,374500,16628350,16722300,72,0,0,10651450,0,34372,0,5,0
140,3728514312,6421,1504450,7750,14756000,688100,16956300,17037900,11,0,0,11465100,0,34372,0,5,0
141,3728514312,6422,739600,7750,15771150,16503000,33021500,33118750,3022,0,0,12424350,0,34372,0,5,0
142,3728514312,6423,783600,7650,15683750,156050,16631050,16720250,27,0,0,12437600,0,34372,0,5,0
143,3728514312,6424,730450,9200,15470100,412850,16622600,16718650,80,0,0,9642950,0,34372,0,5,0
144,3728514312,6425,2801600,12150,15911650,14622900,33348300,33438150,2683,0,0,12642200,0,34372,0,5,0
145,3728514312,6426,769250,9300,15444750,396200,16619500,16721450,76,0,0,12102450,0,34372,0,5,0
146,3728514312,6427,754650,7550,15785450,73650,16621300,16718850,10,0,0,12540850,0,34372,0,5,0
147,3728514312,6428,742000,9200,15648900,217450,16617550,16718950,40,0,0,11792150,0,34372,0,5,0
148,3728514312,6429,748150,7550,15381800,484400,16621900,16717000,95,0,0,10098750,0,34372,0,5,0
149,3728514312,6430,1494800,7850,14897050,588300,16988000,17077150,1,0,0,11547650,0,34372,0,5,0
150,3728514312,6431,768000,8000,15447850,30450,16254300,16359850,1,0,0,12164950,0,34372,0,5,0
151,3728514312,6432,748550,7650,15551750,314550,16622500,16718650,60,0,0,12232500,0,34372,0,5,0
152,3728514312,6433,759000,9100,16170800,16413700,33352600,33445950,3044,0,0,11450200,0,34372,0,5,0
153,3728514312,6434,750450,7750,15218000,636200,16612400,16715450,126,0,0,10597450,0,34372,0,5,0
154,3728514312,6435,1445250,9400,15553450,16338750,33346850,33436550,3042,0,0,11521450,0,34372,0,5,0
155,3728514312,6436,753150,7750,15644000,214450,16619350,16721050,39,0,0,12343450,0,34372,0,5,0
156,3728514312,6437,763050,9100,15758300,107650,16638100,16720350,17,0,0,11939650,0,34372,0,5,0
157,3728514312,6438,746550,9200,15457950,409550,16623250,16717500,79,0,0,10126650,0,34372,0,5,0
158,3728514312,6439,1547300,7650,14688150,889550,17132650,17212000,53,0,0,11383600,0,34372,0,5,0
159,3728514312,6440,740450,7750,15555000,16552850,32856050,32949200,3077,0,0,12195800,0,34372,0,5,0
160,3728514312,6441,770550,7650,15663200,185050,16626450,16715050,33,0,0,12420250,0,34372,0,5,0
161,3728514312,6442,733400,9200,15917850,16690000,33350450,33443200,3043,0,0,10530200,0,34372,0,5,0
162,3728514312,6443,1302400,7750,14745850,736150,16792150,16886900,22,0,0,11462000,0,34372,0,5,0
163,3728514312,6444,746200,7750,18063950,14355450,33173350,33268150,2027,0,0,14715000,0,34372,0,5,0
164,3728514312,6445,817550,9200,15686050,97850,16610650,16721600,15,0,0,11834500,0,34372,0,5,0
165,3728514312,6446,736000,7650,15469750,403450,16616850,16713750,78,0,0,10157050,0,34372,0,5,0
166,3728514312,6447,1535600,7700,14793950,882000,17219250,17298250,52,0,0,10697750,0,34372,0,5,0
167,3728514312,6448,752350,7750,15491100,16518400,32769600,32868400,2696,0,0,12140800,0,34372,0,5,0
168,3728514312,6449,794850,7650,15890100,16630000,33322600,33432750,3088,0,0,12630750,0,34372,0,5,0
169,3728514312,6450,749150,9300,15312000,548900,16619350,16717400,108,0,0,10675200,0,34372,0,5,0
170,3728514312,6451,1460450,7750,15930350,15958800,33357350,33442950,2952,0,0,12640550,0,34372,0,5,0
171,3728514312,6452,765450,7750,15635850,204550,16613600,16715250,37,0,0,12321500,0,34372,0,5,0
172,3728514312,6453,752950,9100,15801750,58950,16622750,16718900,7,0,0,12584100,0,34372,0,5,0
173,3728514312,6454,743850,9200,15490900,374700,16618650,16719550,72,0,0,10178800,0,34372,0,5,0
174,3728514312,6455,1482050,7800,14609700,542500,16642050,16721600,107,0,0,10640500,0,34372,0,5,0
175,3728514312,6456,741500,7750,15560700,16393450,32703400,33438600,3053,0,0,11495900,0,34372,0,5,0
176,3728514312,6457,769850,7650,15638050,214150,16629700,16718650,39,0,0,12409400,0,34372,0,5,0
177,3728514312,6458,732800,9200,15747000,136800,16625800,16718750,23,0,0,11155750,0,34372,0,5,0
178,3728514312,6459,770700,7550,15421400,437400,16637050,16721800,85,0,0,10696350,0,34372,0,5,0
179,3728514312,6460,1482200,7850,14759400,679800,16929250,17021500,20,0,0,11415300,0,34372,0,5,0
CSV_END

NV_DONE_485ec02219e0=0
# 
CAPTURE: {"label": "mailbox-replay-1", "elapsed_seconds": 11.124434880999615, "bytes_received": 18822, "command": "/tmp/fifo-bench --frames 180 --warmup 30 --wait spin --fixed --replay --grouped --state-frame 0 --csv /tmp/fifo-replay.csv; fifo_rc=$?; if [ \"$fifo_rc\" = 0 ]; then printf \"\\nCSV_BEGIN\\n\"; cat /tmp/fifo-replay.csv; printf \"CSV_END\\n\"; fi; test \"$fifo_rc\" = 0", "command_exit": 0, "login_sent": false, "log": "/path/to/research/experiments/fifo-study-20261008/20261008T075442Z-mailbox-replay-1.raw"}
