/tmp/fifo-bench --frames 180 --warmup 30 --wait spin --fixed --replay --grouped --state-frame 0 --csv /tmp/fifo-replay.csv; fifo_rc=$?; if [ "$fifo_rc" = 0 ]; then printf "\nCSV_BEGIN\n"; cat /tmp/fifo-replay.csv; printf "CSV_END\n"; fi; test "$fifo_rc" = 0; nv_status=$?; printf "\nNV_DONE_458d7b265d74=%s\n" "$nv_status"
BEGIN_BREAKOUT frames=180 warmup=30 fixed=1 blocks=40 tiles=1 hud=1 wait=spin replay=1 state_frame=0 profile=detailed pixel_centers=1 clock_call_ns=5437
HW_COUNTERS id=46490001 words=1546740 wait_cycles=14063300 longest_wait_cycles=4619 total_cycles=75571711 cpu_hz=20000000
RESULT frames=180 elapsed_s=3.778465400 fps=47.638388 logic_ms=0.901247 api_ms=0.014854 swap_ms=15.683117 wait_ms=4.258047 worker_inclusive_ms=0.000000 upload_inclusive_ms=0.000000 write_ms=11.643025 bytes_per_frame=34372.00 p50_ms=16.721950 p95_ms=33.441300 max_ms=33.516800 late_60hz=172 first_count=6065 last_count=6244 state_hash=de3c9d08 remaining=40 score=0
RENDER_PATH retained=0 grouped=1 quads=0 full_frames=0
BREAKOUT_PASS

CSV_BEGIN
frame,state_hash,display_count,logic_ns,api_ns,swap_ns,wait_ns,total_ns,completion_interval_ns,polls,worker_inclusive_ns,upload_inclusive_ns,write_ns,read_ns,write_bytes,read_bytes,write_calls,read_calls
0,3728514312,6065,784200,7650,15676700,16599050,33067600,33082650,3004,0,0,10555700,0,34372,0,5,0
1,3728514312,6066,1342400,7750,14809000,957050,17116200,17217850,68,0,0,10743700,0,34372,0,5,0
2,3728514312,6067,746250,7650,15484450,16599700,32838050,32940850,3024,0,0,12175850,0,34372,0,5,0
3,3728514312,6068,730900,7650,15846700,37150,16622400,16721150,2,0,0,12544200,0,34372,0,5,0
4,3728514312,6069,743600,7650,15603400,267050,16621700,16716800,49,0,0,10517950,0,34372,0,5,0
5,3728514312,6070,709500,7650,15376850,529400,16623400,16717200,102,0,0,10643800,0,34372,0,5,0
6,3728514312,6071,1457800,10600,15571500,27600,17067500,17149800,0,0,0,11623550,0,34372,0,5,0
7,3728514312,6072,736350,7650,15578850,16596200,32919050,33013850,2937,0,0,12237300,0,34372,0,5,0
8,3728514312,6073,746700,7650,15710000,156000,16620350,16715200,26,0,0,11855450,0,34372,0,5,0
9,3728514312,6074,715400,7650,15618150,282150,16623350,16717000,52,0,0,10157800,0,34372,0,5,0
10,3728514312,6075,1512650,10650,14615350,1110850,17249500,17341250,94,0,0,10631350,0,34372,0,5,0
11,3728514312,6076,728200,7650,22291900,9696300,32724050,32821250,1708,0,0,17420050,0,34372,0,5,0
12,3728514312,6077,775250,7650,15658800,167900,16609600,16715800,29,0,0,12404400,0,34372,0,5,0
13,3728514312,6078,713700,7650,15639800,263550,16624700,16723800,49,0,0,11147500,0,34372,0,5,0
14,3728514312,6079,1691600,10600,15642200,15349250,32693650,33516800,2828,0,0,12333550,0,34372,0,5,0
15,3728514312,6080,743550,7650,17472550,15026100,33249850,33358350,2715,0,0,12813200,0,34372,0,5,0
16,3728514312,6081,763850,7650,16020800,16539100,33331400,33438550,3044,0,0,12780150,0,34372,0,5,0
17,3728514312,6082,1343750,7700,14762050,509850,16623350,16719850,100,0,0,10739100,0,34372,0,5,0
18,3728514312,6083,754800,7650,15438150,28400,16229000,16941550,0,0,0,11524050,0,34372,0,5,0
19,3728514312,6084,730250,7750,15522450,142550,16403000,16497050,24,0,0,12177000,0,34372,0,5,0
20,3728514312,6085,739200,7650,15765800,109650,16622300,16717200,17,0,0,12523000,0,34372,0,5,0
21,3728514312,6086,724150,7650,15676250,214900,16622950,16720800,39,0,0,11187000,0,34372,0,5,0
22,3728514312,6087,734700,7650,15384550,500100,16627000,16717450,98,0,0,10096000,0,34372,0,5,0
23,3728514312,6088,1476600,7750,14839050,663700,16987100,17076950,10,0,0,11489450,0,34372,0,5,0
24,3728514312,6089,751700,7650,15455650,46900,16261900,16364700,4,0,0,12157650,0,34372,0,5,0
25,3728514312,6090,730250,7650,15560500,323050,16621450,16716750,61,0,0,12227700,0,34372,0,5,0
26,3728514312,6091,738300,7650,15782550,95350,16623850,16718750,14,0,0,12539550,0,34372,0,5,0
27,3728514312,6092,730850,7650,15560350,326850,16625700,16722450,62,0,0,9678300,0,34372,0,5,0
28,3728514312,6093,729600,7650,15723450,165350,16626050,16717550,29,0,0,10724700,0,34372,0,5,0
29,3728514312,6094,1431550,10600,15547200,27350,17016700,17107950,0,0,0,11589150,0,34372,0,5,0
30,3728514312,6095,744100,7650,15572600,16627500,32951850,33049800,3087,0,0,12273400,0,34372,0,5,0
31,3728514312,6096,729450,7650,15710600,174100,16621800,16719500,30,0,0,11812850,0,34372,0,5,0
32,3728514312,6097,733400,7650,15555900,330250,16627200,16719850,63,0,0,10736850,0,34372,0,5,0
33,3728514312,6098,1490250,7650,14693250,863050,17054200,17147200,55,0,0,11326700,0,34372,0,5,0
34,3728514312,6099,733350,7650,15447050,28500,16216550,16316800,0,0,0,12156500,0,34372,0,5,0
35,3728514312,6100,724350,7650,15725600,138850,16596450,16691850,23,0,0,12390900,0,34372,0,5,0
36,3728514312,6101,748400,7650,15646700,221200,16623950,16720500,40,0,0,12401300,0,34372,0,5,0
37,3728514312,6102,710750,7650,15633000,273350,16624750,16721200,51,0,0,10509900,0,34372,0,5,0
38,3728514312,6103,733000,7650,15482200,398050,16620900,16715550,77,0,0,10658500,0,34372,0,5,0
39,3728514312,6104,1443150,7750,15725450,16172850,33349200,33440800,3002,0,0,11475400,0,34372,0,5,0
40,3728514312,6105,745100,7650,15785200,80650,16618600,16718400,11,0,0,12500250,0,34372,0,5,0
41,3728514312,6106,717050,7650,16180800,16438800,33344300,33444050,2764,0,0,12294850,0,34372,0,5,0
42,3728514312,6107,1412550,10600,14826000,2389500,18638650,18758200,55,0,0,10812350,0,34372,0,5,0
43,3728514312,6108,777550,7650,15718900,14771400,31275500,31393350,2696,0,0,10572300,0,34372,0,5,0
44,3728514312,6109,732250,7650,15865100,28350,16633350,16734400,0,0,0,12626350,0,34372,0,5,0
45,3728514312,6110,781350,7650,15483100,16313300,32585400,33427800,2990,0,0,10590200,0,34372,0,5,0
46,3728514312,6111,1301550,9300,14902250,680950,16894050,16996450,1,0,0,11564300,0,34372,0,5,0
47,3728514312,6112,740550,7650,15483700,108750,16340650,16441450,17,0,0,12126650,0,34372,0,5,0
48,3728514312,6113,737100,7650,16036350,16562800,33343900,33437800,3046,0,0,12767700,0,34372,0,5,0
49,3728514312,6114,742950,7650,15526850,335100,16612550,16716550,64,0,0,10183000,0,34372,0,5,0
50,3728514312,6115,1505750,7700,14645400,469550,16628400,16720450,92,0,0,10649550,0,34372,0,5,0
51,3728514312,6116,727200,7650,15556700,16422300,32713850,33440250,3044,0,0,12212950,0,34372,0,5,0
52,3728514312,6117,745000,7650,15683500,182700,16618850,16719000,32,0,0,12435600,0,34372,0,5,0
53,3728514312,6118,715750,7650,15649150,249200,16621750,16719450,46,0,0,11147200,0,34372,0,5,0
54,3728514312,6119,735950,7650,15546700,335100,16625400,16717400,64,0,0,10706950,0,34372,0,5,0
55,3728514312,6120,1484500,7750,14771250,654100,16917600,17012200,11,0,0,11424200,0,34372,0,5,0
56,3728514312,6121,739300,7900,15488200,88800,16324200,16422900,13,0,0,12182150,0,34372,0,5,0
57,3728514312,6122,725400,7650,15795350,100200,16628600,16724850,15,0,0,12477550,0,34372,0,5,0
58,3728514312,6123,754400,7650,16076350,16506300,33344700,33436900,3056,0,0,12108500,0,34372,0,5,0
59,3728514312,6124,728650,602750,14771500,519400,16622300,16719950,102,0,0,10642750,0,34372,0,5,0
60,3728514312,6125,1400000,10600,22085850,9853100,33349550,33442200,1720,0,0,15618750,0,34372,0,5,0
61,3728514312,6126,763300,7650,15843700,28450,16643100,16747600,0,0,0,12531850,0,34372,0,5,0
62,3728514312,6127,750100,7750,15628500,204100,16590450,16685600,37,0,0,11178100,0,34372,0,5,0
63,3728514312,6128,718600,7650,15469750,430600,16626600,16718950,84,0,0,10129850,0,34372,0,5,0
64,3728514312,6129,1530400,10600,15536450,27100,17104550,17195250,0,0,0,11555900,0,34372,0,5,0
65,3728514312,6130,739700,7650,17149600,14971100,32868050,32964650,2735,0,0,12337450,0,34372,0,5,0
66,3728514312,6131,760000,7750,15827050,28450,16623250,16729900,0,0,0,12590850,0,34372,0,5,0
67,3728514312,6132,729650,7650,15599800,271950,16609050,16708400,51,0,0,9679850,0,34372,0,5,0
68,3728514312,6133,728000,7650,15747450,145950,16629050,16720950,25,0,0,10668700,0,34372,0,5,0
69,3728514312,6134,1449450,10600,15541100,16349100,33350250,33440250,3034,0,0,11450350,0,34372,0,5,0
70,3728514312,6135,744550,7650,15644600,216500,16613300,16715000,39,0,0,12371300,0,34372,0,5,0
71,3728514312,6136,715750,7650,15825400,71300,16620100,16717550,9,0,0,11939250,0,34372,0,5,0
72,3728514312,6137,749200,7650,15474100,393300,16624250,16719550,76,0,0,10148800,0,34372,0,5,0
73,3728514312,6138,1486000,7650,14694000,914200,17101850,17190650,65,0,0,10628850,0,34372,0,5,0
74,3728514312,6139,737400,7650,15600350,16524900,32870300,32972800,3063,0,0,12290100,0,34372,0,5,0
75,3728514312,6140,792100,7650,15650500,16107200,32557450,33437200,2954,0,0,10171100,0,34372,0,5,0
76,3728514312,6141,737300,7650,15436200,432100,16613250,16716250,84,0,0,10635500,0,34372,0,5,0
77,3728514312,6142,1446350,7750,15808200,16084300,33346600,33441250,2977,0,0,12431900,0,34372,0,5,0
78,3728514312,6143,738600,7750,15796900,75800,16619050,16718050,10,0,0,12520200,0,34372,0,5,0
79,3728514312,6144,723500,7650,15706100,180950,16618200,16717250,32,0,0,12427600,0,34372,0,5,0
80,3728514312,6145,738700,7650,15508650,372400,16627400,16719650,72,0,0,10183000,0,34372,0,5,0
81,3728514312,6146,1467500,7700,14798750,912150,17186100,17274000,65,0,0,10641300,0,34372,0,5,0
82,3728514312,6147,747500,7650,15496700,16531650,32783500,32882850,3063,0,0,12196600,0,34372,0,5,0
83,3728514312,6148,737300,7650,15854800,28300,16628050,16728400,0,0,0,12550450,0,34372,0,5,0
84,3728514312,6149,747400,7750,15611050,252450,16618650,16712700,47,0,0,11155950,0,34372,0,5,0
85,3728514312,6150,717050,7650,15407450,493600,16625750,16715200,97,0,0,10680500,0,34372,0,5,0
86,3728514312,6151,1473650,10600,15571400,27250,17082900,17173800,0,0,0,11591600,0,34372,0,5,0
87,3728514312,6152,736350,7650,15787250,16362750,32894000,32990550,3014,0,0,12447950,0,34372,0,5,0
88,3728514312,6153,738250,7650,15847400,28300,16621600,16720000,0,0,0,12589650,0,34372,0,5,0
89,3728514312,6154,726250,7650,17719100,14884000,33337000,33434700,2814,0,0,12288650,0,34372,0,5,0
90,3728514312,6155,764150,7650,15620950,27100,16419850,16964200,0,0,0,11549650,0,34372,0,5,0
91,3728514312,6156,744900,7650,15549750,74350,16376650,16472650,10,0,0,12219900,0,34372,0,5,0
92,3728514312,6157,741600,7650,15644250,234300,16627800,16722000,43,0,0,12392250,0,34372,0,5,0
93,3728514312,6158,719900,7650,15786750,108500,16622800,16717450,17,0,0,11149300,0,34372,0,5,0
94,3728514312,6159,745600,7650,15435850,432400,16621500,16721150,84,0,0,10693850,0,34372,0,5,0
95,3728514312,6160,1484550,7850,14766300,698850,16957550,17050400,20,0,0,11410850,0,34372,0,5,0
96,3728514312,6161,742550,7750,15618800,16633050,33002150,33104850,3086,0,0,12311150,0,34372,0,5,0
97,3728514312,6162,746600,7650,16099550,16485600,33339400,33441350,3052,0,0,11452100,0,34372,0,5,0
98,3728514312,6163,743400,7650,15344500,524650,16620200,16717200,103,0,0,10632100,0,34372,0,5,0
99,3728514312,6164,1421700,10600,15441350,25450,16899100,16992050,0,0,0,11475250,0,34372,0,5,0
100,3728514312,6165,732650,7650,15539600,71050,16350950,16446850,9,0,0,12223650,0,34372,0,5,0
101,3728514312,6166,727300,7650,15825600,62900,16623450,16718900,7,0,0,12513900,0,34372,0,5,0
102,3728514312,6167,751250,7650,15663200,198400,16620500,16718700,35,0,0,11825350,0,34372,0,5,0
103,3728514312,6168,718550,7650,15473950,422500,16622650,16718650,82,0,0,10135700,0,34372,0,5,0
104,3728514312,6169,1527150,10500,14881850,676200,17095700,17185450,6,0,0,11557600,0,34372,0,5,0
105,3728514312,6170,789600,7650,15811900,15496250,32105400,32978600,2844,0,0,12476700,0,34372,0,5,0
106,3728514312,6171,739750,7650,15855050,28350,16630800,16734100,0,0,0,12613300,0,34372,0,5,0
107,3728514312,6172,725350,7650,15939150,16651150,33323300,33421600,3060,0,0,9705050,0,34372,0,5,0
108,3728514312,6173,1276450,10600,16103550,27000,17417600,17515350,0,0,0,12117000,0,34372,0,5,0
109,3728514312,6174,741750,7650,21631400,10161600,32542400,32641600,1808,0,0,17160000,0,34372,0,5,0
110,3728514312,6175,775700,7650,15864550,16685750,33333650,33439400,3091,0,0,11175150,0,34372,0,5,0
111,3728514312,6176,1354550,7750,14665750,1089600,17117650,17223200,101,0,0,10605950,0,34372,0,5,0
112,3728514312,6177,742400,7650,17209900,14878050,32838000,32935950,2718,0,0,13888200,0,34372,0,5,0
113,3728514312,6178,751900,7650,15676550,177750,16613850,16716800,31,0,0,12378900,0,34372,0,5,0
114,3728514312,6179,739550,7650,15598400,281050,16626650,16720750,52,0,0,11784900,0,34372,0,5,0
115,3728514312,6180,733200,7650,15375200,504950,16621000,16717550,99,0,0,10633550,0,34372,0,5,0
116,3728514312,6181,1458150,10600,15807150,16073100,33349000,33441900,2953,0,0,12490200,0,34372,0,5,0
117,3728514312,6182,745300,7650,15657950,197300,16608200,16713950,35,0,0,12344300,0,34372,0,5,0
118,3728514312,6183,745100,7650,15671350,200500,16624600,16720000,36,0,0,12443950,0,34372,0,5,0
119,3728514312,6184,718400,7650,15506900,391900,16624850,16721150,76,0,0,10189100,0,34372,0,5,0
120,3728514312,6185,1603500,9250,14700850,315800,16629400,16720150,60,0,0,10664650,0,34372,0,5,0
121,3728514312,6186,740800,7650,15483050,16484250,32715750,33435950,3059,0,0,12129400,0,34372,0,5,0
122,3728514312,6187,736050,7650,15815550,66450,16625700,16722450,8,0,0,12552250,0,34372,0,5,0
123,3728514312,6188,724700,7650,15650100,237950,16620400,16715850,44,0,0,11151600,0,34372,0,5,0
124,3728514312,6189,733400,7650,15402950,479150,16623150,16717450,94,0,0,10694350,0,34372,0,5,0
125,3728514312,6190,1457850,7750,15500050,29650,16995300,17086900,0,0,0,11532650,0,34372,0,5,0
126,3728514312,6191,749900,7650,15876650,16341750,32975950,33072400,3028,0,0,12573450,0,34372,0,5,0
127,3728514312,6192,736300,7650,15873400,28550,16645900,16743650,0,0,0,12570800,0,34372,0,5,0
128,3728514312,6193,746200,7750,15481550,367600,16603100,16696850,71,0,0,10184550,0,34372,0,5,0
129,3728514312,6194,705400,7650,15339450,577800,16630300,16719800,114,0,0,10608150,0,34372,0,5,0
130,3728514312,6195,1375500,10700,15639350,16319400,33344950,33436100,3026,0,0,12322150,0,34372,0,5,0
131,3728514312,6196,739500,7650,15667300,206850,16621300,16721950,37,0,0,12353400,0,34372,0,5,0
132,3728514312,6197,746100,7650,15807850,63600,16625200,16716900,8,0,0,11167450,0,34372,0,5,0
133,3728514312,6198,715050,7650,15463850,435500,16622050,16717100,85,0,0,10116800,0,34372,0,5,0
134,3728514312,6199,1544400,10700,14756750,727950,17039800,17132300,17,0,0,11436150,0,34372,0,5,0
135,3728514312,6200,783200,7650,15988850,15388150,32167850,33030150,2829,0,0,12652100,0,34372,0,5,0
136,3728514312,6201,749550,7650,16020800,16561050,33339050,33442100,2633,0,0,12181300,0,34372,0,5,0
137,3728514312,6202,769500,639800,14609450,577900,16596650,16715600,114,0,0,10599600,0,34372,0,5,0
138,3728514312,6203,1450200,10600,15463600,25900,16950300,17044150,0,0,0,11538500,0,34372,0,5,0
139,3728514312,6204,734850,7650,15705450,16572500,33020450,33114300,3070,0,0,12362400,0,34372,0,5,0
140,3728514312,6205,747300,7650,15683250,179300,16617500,16718850,31,0,0,11827500,0,34372,0,5,0
141,3728514312,6206,719150,7650,15472400,420950,16620150,16715350,82,0,0,10155600,0,34372,0,5,0
142,3728514312,6207,1659000,10500,14789000,663200,17121700,17212450,5,0,0,11471500,0,34372,0,5,0
143,3728514312,6208,733900,7650,15485150,16621100,32847800,32948500,3087,0,0,12131750,0,34372,0,5,0
144,3728514312,6209,735750,7750,15812550,61450,16617500,16717400,7,0,0,12557250,0,34372,0,5,0
145,3728514312,6210,730300,7650,15937050,16671050,33346050,33443000,3071,0,0,10435600,0,34372,0,5,0
146,3728514312,6211,1277650,9300,15570500,27150,16884600,16980000,0,0,0,11624300,0,34372,0,5,0
147,3728514312,6212,735300,7650,15487950,126600,16357500,16455500,21,0,0,12136050,0,34372,0,5,0
148,3728514312,6213,732250,7650,15629700,254000,16623600,16717150,47,0,0,12354900,0,34372,0,5,0
149,3728514312,6214,723250,7650,15853750,40600,16625250,16721250,3,0,0,11291500,0,34372,0,5,0
150,3728514312,6215,740250,7650,15496850,377300,16622050,16720150,73,0,0,10177950,0,34372,0,5,0
151,3728514312,6216,1485200,7600,14662700,1009350,17164850,17254200,85,0,0,10619350,0,34372,0,5,0
152,3728514312,6217,735050,7650,15639250,16424300,32806250,32906000,3050,0,0,12326600,0,34372,0,5,0
153,3728514312,6218,736550,7650,15672650,197450,16614300,16715400,35,0,0,12370100,0,34372,0,5,0
154,3728514312,6219,737400,7650,15749450,131550,16626050,16722650,22,0,0,11144150,0,34372,0,5,0
155,3728514312,6220,706100,7650,15406400,503400,16623550,16717600,99,0,0,10663750,0,34372,0,5,0
156,3728514312,6221,1751800,10700,15481750,16109850,33354100,33446900,1664,0,0,12158600,0,34372,0,5,0
157,3728514312,6222,775300,7750,15721650,81000,16585700,16709650,11,0,0,12376000,0,34372,0,5,0
158,3728514312,6223,747550,7650,15681950,186000,16623150,16718600,33,0,0,12448950,0,34372,0,5,0
159,3728514312,6224,720700,7650,15653200,248050,16629600,16723150,46,0,0,10194050,0,34372,0,5,0
160,3728514312,6225,1529700,7700,14615650,466150,16619200,16716600,91,0,0,10633700,0,34372,0,5,0
161,3728514312,6226,734850,7650,15893300,16053850,32689650,33443600,2661,0,0,12529600,0,34372,0,5,0
162,3728514312,6227,784150,7650,15699600,100150,16591550,16715450,15,0,0,12444200,0,34372,0,5,0
163,3728514312,6228,721300,7650,15662950,228200,16620100,16719250,42,0,0,11155000,0,34372,0,5,0
164,3728514312,6229,733400,7650,15411800,469650,16622500,16716050,92,0,0,10696450,0,34372,0,5,0
165,3728514312,6230,1608450,7750,15391050,28650,17035900,17126250,0,0,0,11448800,0,34372,0,5,0
166,3728514312,6231,744300,7650,15918800,16264650,32935400,33033150,3010,0,0,12619700,0,34372,0,5,0
167,3728514312,6232,739000,7750,15856050,28550,16631350,16727950,0,0,0,12557450,0,34372,0,5,0
168,3728514312,6233,741700,7750,15509250,353050,16611750,16708600,68,0,0,10221050,0,34372,0,5,0
169,3728514312,6234,701400,7650,15345200,576300,16630550,16721350,114,0,0,10602450,0,34372,0,5,0
170,3728514312,6235,1401850,10600,15585700,16353150,33351300,33441300,3036,0,0,12272150,0,34372,0,5,0
171,3728514312,6236,738650,7650,15668650,202200,16617150,16719050,36,0,0,12355150,0,34372,0,5,0
172,3728514312,6237,744750,7650,15768500,103900,16624800,16718300,16,0,0,11276250,0,34372,0,5,0
173,3728514312,6238,719550,7650,15472700,421050,16620950,16714950,82,0,0,10137750,0,34372,0,5,0
174,3728514312,6239,1532250,10600,14759600,772500,17074950,17162850,27,0,0,11428050,0,34372,0,5,0
175,3728514312,6240,727750,7650,15643500,16524700,32903600,33002250,3007,0,0,12283050,0,34372,0,5,0
176,3728514312,6241,748550,7650,15712800,148700,16617700,16718350,25,0,0,12455350,0,34372,0,5,0
177,3728514312,6242,718950,7650,15721700,170400,16618700,16715150,30,0,0,10452450,0,34372,0,5,0
178,3728514312,6243,735000,7650,15411950,469350,16623950,16717800,92,0,0,10666150,0,34372,0,5,0
179,3728514312,6244,1430650,10600,15423550,25650,16890450,16984400,0,0,0,11466100,0,34372,0,5,0
CSV_END

NV_DONE_458d7b265d74=0
# 
CAPTURE: {"label": "mailbox-replay-0", "elapsed_seconds": 11.121006432000286, "bytes_received": 18827, "command": "/tmp/fifo-bench --frames 180 --warmup 30 --wait spin --fixed --replay --grouped --state-frame 0 --csv /tmp/fifo-replay.csv; fifo_rc=$?; if [ \"$fifo_rc\" = 0 ]; then printf \"\\nCSV_BEGIN\\n\"; cat /tmp/fifo-replay.csv; printf \"CSV_END\\n\"; fi; test \"$fifo_rc\" = 0", "command_exit": 0, "login_sent": false, "log": "/path/to/research/experiments/fifo-study-20261008/20261008T075431Z-mailbox-replay-0.raw"}
