/tmp/app-lto --transport unrolled --state-frame 3600 --frames 180 --warmup 30 --wait spin --profile detailed --csv /tmp/transport-frames.csv --grouped && printf "CSV_BEGIN\n" && cat /tmp/transport-frames.csv && printf "CSV_END\n"; study_status=$?; printf "\nSTUDY_DONE_2cedd3846682=%s\n" "$study_status"
TRANSPORT mode=unrolled dma_minimum=64
BEGIN_BREAKOUT frames=180 warmup=30 fixed=0 blocks=40 tiles=1 hud=1 wait=spin replay=0 state_frame=3600 profile=detailed pixel_centers=1 clock_call_ns=4744
HW_COUNTERS unavailable
RESULT frames=180 elapsed_s=6.102508500 fps=29.496067 logic_ms=0.778855 api_ms=6.445826 swap_ms=21.399311 wait_ms=5.134060 worker_inclusive_ms=21.124598 upload_inclusive_ms=4.757714 write_ms=4.557327 bytes_per_frame=18724.00 p50_ms=33.438500 p95_ms=33.797400 max_ms=50.161600 late_60hz=180 first_count=15063 last_count=15242 state_hash=3933ec17 remaining=6 score=340
RENDER_PATH retained=0 grouped=1 quads=7380 full_frames=180
BREAKOUT_PASS
CSV_BEGIN
frame,state_hash,display_count,logic_ns,api_ns,swap_ns,wait_ns,total_ns,completion_interval_ns,polls,worker_inclusive_ns,upload_inclusive_ns,write_ns,read_ns,write_bytes,read_bytes,write_calls,read_calls,dma_copy_ns,dma_launch_ns,dma_completion_wait_ns,dma_bytes,dma_lists
0,3653798554,15063,690450,6647550,20945900,5226100,33510000,33519500,919,20755150,4490950,4313500,0,18692,0,5,0,0,0,0,0,0
1,4254654458,15064,680200,5971350,21660900,4913950,33226400,33329000,954,21468950,5514400,5321900,0,18692,0,5,0,0,0,0,0,0
2,258432485,15065,674600,6796800,20331950,5528550,33331900,33436400,1081,20149000,4089500,3931200,0,18692,0,5,0,0,0,0,0,0
3,872827290,15066,678150,6503750,21534300,4613850,33330050,33438200,784,21343000,4840050,4652350,0,18692,0,5,0,0,0,0,0,0
4,30312805,15067,684900,6042050,21471250,5141400,33339600,33442100,975,21278700,5368000,5173150,0,18692,0,5,0,0,0,0,0,0
5,4016430808,15068,679550,6809450,20378100,5465150,33332250,33434450,1057,20189900,4063650,3885350,0,18692,0,5,0,0,0,0,0,0
6,3012967645,15069,1271950,5952900,21128750,4985950,33339550,33441950,864,20926550,4844050,4655000,0,18692,0,5,0,0,0,0,0,0
7,3593359732,15070,678650,6069500,23285050,3300250,33333450,33437400,587,23097700,4525550,4342000,0,18692,0,5,0,0,0,0,0,0
8,2714884843,15071,692350,6985100,20867350,4795450,33340250,33440100,909,20667450,4531000,4360050,0,19012,0,5,0,0,0,0,0,0
9,1754706848,15072,1175250,5962200,22134650,4065250,33337350,33438350,768,21928750,5740000,5546250,0,19012,0,5,0,0,0,0,0,0
10,634139175,15073,687000,6751800,20532650,5363850,33335300,33437800,1047,20335850,4349650,4183850,0,18692,0,5,0,0,0,0,0,0
11,2225001302,15074,684150,6830800,20674600,5425050,33614600,33719600,965,20480550,4387500,4208900,0,18692,0,5,0,0,0,0,0,0
12,3881591779,15075,690350,6012250,21697200,4657700,33057500,33157200,903,21509350,5540150,5350250,0,18692,0,5,0,0,0,0,0,0
13,2688998526,15076,677500,6770600,20469050,5419550,33336700,33438750,1057,20269200,4093800,3933400,0,18692,0,5,0,0,0,0,0,0
14,3733755993,15077,1509350,6616900,29238450,11956100,49320800,50158850,2308,23210500,5241200,5048100,0,18692,0,5,0,0,0,0,0,0
15,4110562030,15078,697250,6031950,21714600,4890550,33334350,33438600,942,20754750,4093750,3929450,0,18692,0,5,0,0,0,0,0,0
16,2165534041,15079,696300,6744600,20848550,5444550,33734000,33835650,930,20651800,4533050,4359250,0,18692,0,5,0,0,0,0,0,0
17,51482660,15080,681300,6002750,21584550,4671900,32940500,33040300,911,21397450,5373400,5180850,0,18692,0,5,0,0,0,0,0,0
18,1808653113,15081,682150,6768700,20561900,5325300,33338050,33439250,1035,20363250,4094500,3935750,0,18692,0,5,0,0,0,0,0,0
19,3012136936,15082,685950,6648050,20628900,5567200,33530100,33632900,965,20436850,4383950,4205450,0,18692,0,5,0,0,0,0,0,0
20,1547905167,15083,681700,6002750,21562000,4895150,33141600,33241050,957,21368200,5382950,5186450,0,18692,0,5,0,0,0,0,0,0
21,2010544228,15084,679300,6777600,21015600,4870050,33342550,33442050,928,20808800,4169150,3991950,0,18692,0,5,0,0,0,0,0,0
22,2331187115,15085,1296300,5907200,22696350,3437050,33336900,33438500,634,22509000,4340900,4148850,0,18692,0,5,0,0,0,0,0,0
23,591091010,15086,686350,6180850,21447300,5019100,33333600,33436500,977,21239250,5238100,5050700,0,18692,0,5,0,0,0,0,0,0
24,3337222943,15087,695000,6775800,20654850,5212250,33337900,33440800,999,20457600,4155100,3979600,0,18692,0,5,0,0,0,0,0,0
25,541067522,15088,1258450,5955550,21054100,5069100,33337200,33436750,885,20861100,4838200,4658350,0,18692,0,5,0,0,0,0,0,0
26,1909576061,15089,684550,6092100,21386150,5172550,33335350,33439350,1006,21197650,4326850,4155100,0,18692,0,5,0,0,0,0,0,0
27,3576416482,15090,687800,6799900,20774100,5073000,33334800,33437850,902,20576150,4423550,4245850,0,18692,0,5,0,0,0,0,0,0
28,2786439485,15091,1235250,6001200,21560050,4538600,33335100,33440400,881,21375150,5360700,5173600,0,18692,0,5,0,0,0,0,0,0
29,1931780192,15092,678300,6717400,20799900,5139950,33335550,33435050,998,20599200,4226700,4067000,0,18692,0,5,0,0,0,0,0,0
30,1799980229,15093,688800,6660750,20882300,6828700,35060550,35163050,914,20692750,4534450,4361250,0,18692,0,5,0,0,0,0,0,0
31,3538847580,15094,696950,6893850,20455100,3544700,31590600,31714600,646,20268900,4076650,3897750,0,18692,0,5,0,0,0,0,0,0
32,3831628403,15095,686550,6782000,20759050,5111200,33338800,33437950,979,20556600,4251100,4080350,0,19012,0,5,0,0,0,0,0,0
33,1903038664,15096,683450,6541200,20877600,5289300,33391550,33490800,903,20691600,4540900,4361550,0,19012,0,5,0,0,0,0,0,0
34,3410263823,15097,675750,6331100,21453550,4825650,33286050,33389950,933,21265400,5274350,5075400,0,18692,0,5,0,0,0,0,0,0
35,3263986894,15098,673400,6786700,20639700,5233150,33332950,33435950,1007,20466150,4107650,3935600,0,18692,0,5,0,0,0,0,0,0
36,2175892875,15099,1291900,5942500,20682550,5421200,33338150,33441750,960,20487450,4519300,4340950,0,18692,0,5,0,0,0,0,0,0
37,1813748966,15100,683850,6234550,23199800,3217700,33335900,33438150,570,23009900,4575400,4390650,0,18692,0,5,0,0,0,0,0,0
38,833434417,15101,719150,6843950,21083450,3958750,32605300,33435650,724,20893350,4743050,4567250,0,18692,0,5,0,0,0,0,0,0
39,4097282166,15102,1198500,5952250,21677550,4508950,33337250,33438250,878,20920550,4865650,4686850,0,18692,0,5,0,0,0,0,0,0
40,192773425,15103,681000,6052800,21657250,4949000,33340050,33441650,955,20586200,4141000,3975700,0,18692,0,5,0,0,0,0,0,0
41,858826700,15104,683650,6784300,21095000,4773150,33336100,33437250,900,20902200,4694250,4515700,0,18692,0,5,0,0,0,0,0,0
42,1950483681,15105,679200,6003600,21554800,4698300,32935900,33438950,913,21367450,5404800,5212950,0,18692,0,5,0,0,0,0,0,0
43,575738928,15106,676200,6723750,20639300,5300000,33339250,33440200,1033,20438200,4138900,3971550,0,18692,0,5,0,0,0,0,0,0
44,1359536727,15107,679850,6645100,28205750,14523950,50054650,50155550,2762,28008300,4211150,4038900,0,18692,0,5,0,0,0,0,0,0
45,3117637717,15108,690400,6081250,21368200,5200600,33340450,33440100,985,21169800,4366000,4198200,0,18692,0,5,0,0,0,0,0,0
46,2557278958,15109,686450,7149700,20766250,4734200,33336600,33439250,894,20580850,4525000,4346100,0,18692,0,5,0,0,0,0,0,0
47,3928984507,15110,1115050,5960000,21756200,4501850,33333100,33434650,871,21559900,5405700,5213650,0,18692,0,5,0,0,0,0,0,0
48,3279099526,15111,675700,6758600,20379900,5526400,33340600,33442100,1082,20188050,4232550,4071450,0,18692,0,5,0,0,0,0,0,0
49,3402996575,15112,681650,6785250,20632950,5405200,33505050,33605900,963,20436650,4395100,4222100,0,18692,0,5,0,0,0,0,0,0
50,1848951628,15113,680750,6017850,21704500,4767100,33170200,33271600,927,21512300,5407550,5216650,0,18692,0,5,0,0,0,0,0,0
51,3328119971,15114,679550,6775600,20461250,5415200,33331600,33436650,1057,20267400,4131750,3973600,0,18692,0,5,0,0,0,0,0,0
52,536923704,15115,679900,6641800,23106000,2908100,33335800,33438250,517,22915250,4244200,4065000,0,18692,0,5,0,0,0,0,0,0
53,991563721,15116,686650,6013650,21774950,4860250,33335500,33436750,939,21572550,5554200,5368700,0,18692,0,5,0,0,0,0,0,0
54,2482503020,15117,683450,6778900,20534350,5337150,33333850,33439950,1027,20329650,4219600,4044450,0,18692,0,5,0,0,0,0,0,0
55,3320786401,15118,1285100,5932350,21217700,4902100,33337250,33438200,847,21008050,4859700,4677350,0,18692,0,5,0,0,0,0,0,0
56,1307572882,15119,678550,6125750,21605900,4928500,33338700,33438550,947,21409000,5366750,5168400,0,19012,0,5,0,0,0,0,0,0
57,1045847897,15120,677600,6739750,20575800,5341650,33334800,33438500,1027,20378150,4191050,4022600,0,19012,0,5,0,0,0,0,0,0
58,2886179050,15121,1177700,5965650,21994650,4201450,33339450,33440300,803,21796900,5329450,5129100,0,18692,0,5,0,0,0,0,0,0
59,961732807,15122,676750,6027750,21284750,5344500,33333750,33438500,1017,20321800,4346800,4188850,0,18692,0,5,0,0,0,0,0,0
60,1947062354,15123,678650,6724350,20842800,5436650,33682450,33786000,967,20650100,4538600,4367550,0,18692,0,5,0,0,0,0,0,0
61,2075511931,15124,717700,6857850,20689900,4000850,32266300,33091950,755,20489250,4204800,4041800,0,18692,0,5,0,0,0,0,0,0
62,2408546800,15125,690950,6796700,20547300,5300950,33335900,33438550,1031,20349550,4234000,4079300,0,18692,0,5,0,0,0,0,0,0
63,460493639,15126,689850,6735150,20570050,5382750,33377800,33480050,954,20373900,4400500,3457350,0,18692,0,5,0,0,0,0,0,0
64,1463678916,15127,689600,6010650,22043000,4555500,33298750,33397900,874,21840850,5763750,5569250,0,18692,0,5,0,0,0,0,0,0
65,3795713909,15128,676550,6778100,20407250,5472800,33334700,33435450,1064,20199000,4107500,3946150,0,18692,0,5,0,0,0,0,0,0
66,1056688136,15129,1285800,6051700,20610050,5391000,33338550,33440750,952,20411150,4509800,4332350,0,18692,0,5,0,0,0,0,0,0
67,202923725,15130,680050,6008150,22830950,3819450,33338600,33439450,679,22626550,6656800,6415350,0,18692,0,5,0,0,0,0,0,0
68,4012539606,15131,680200,6796800,20333750,5523000,33333750,33435050,1069,20131900,4069000,3892350,0,18692,0,5,0,0,0,0,0,0
69,1087445485,15132,1245850,5946350,21742350,4403900,33338450,33438050,859,20978250,4838750,4652800,0,18692,0,5,0,0,0,0,0,0
70,491589414,15133,677400,6084300,21503600,5072700,33338000,33438800,921,21312150,5352050,5156050,0,18692,0,5,0,0,0,0,0,0
71,1293200275,15134,680200,6779050,20612100,5267300,33338650,33442600,1012,20415250,4286600,4113050,0,18692,0,5,0,0,0,0,0,0
72,1737595726,15135,1155800,5978100,21664300,4538350,33336550,33437250,879,21476350,5364550,5178800,0,18692,0,5,0,0,0,0,0,0
73,2173390039,15136,675800,6723400,20420900,5515450,33335550,33435900,1052,20230800,4228450,4068900,0,18692,0,5,0,0,0,0,0,0
74,2060004372,15137,683300,6661250,27818550,14895750,50058850,50161600,2812,27627650,3963950,3788200,0,18692,0,5,0,0,0,0,0,0
75,668607547,15138,682300,6088550,21446050,5115400,33332300,33436000,996,21243450,5250000,5055400,0,18692,0,5,0,0,0,0,0,0
76,3409034624,15139,683400,6770350,21292450,4590550,33336750,33439550,863,21095000,4532600,4353000,0,18692,0,5,0,0,0,0,0,0
77,66914193,15140,1170700,5994000,21540800,4634700,33340200,33439800,907,20771850,4832750,4649200,0,18692,0,5,0,0,0,0,0,0
78,2553907572,15141,686350,6930950,20450300,5269700,33337300,33438400,1026,20249200,4269000,4110350,0,18692,0,5,0,0,0,0,0,0
79,890390073,15142,681000,6651050,21041350,5255750,33629150,33733250,929,20843950,4510450,4335600,0,18692,0,5,0,0,0,0,0,0
80,2223873098,15143,686500,6001400,21574250,4777950,33040100,33141550,930,21385350,5372900,5186700,0,19012,0,5,0,0,0,0,0,0
81,2336881585,15144,672100,6922950,20502400,5242800,33340250,33439850,1015,20309350,4133900,3971750,0,19012,0,5,0,0,0,0,0,0
82,4135459074,15145,684300,6589200,23257400,3008950,33539850,33644300,510,23055250,4519100,4344750,0,18692,0,5,0,0,0,0,0,0
83,1986260127,15146,686450,6006950,21540550,4888950,33122900,33231750,951,21345250,5348100,5156150,0,18692,0,5,0,0,0,0,0,0
84,353344474,15147,718900,6905300,20878800,4097150,32600150,33437250,757,20688150,4504800,4327750,0,18692,0,5,0,0,0,0,0,0
85,3169575603,15148,1279000,5906750,20664200,5489800,33339750,33439450,933,20474200,4516050,4337150,0,18692,0,5,0,0,0,0,0,0
86,210205944,15149,673850,6075200,21442550,5147900,33339500,33441500,1004,21246950,5330100,5137550,0,18692,0,5,0,0,0,0,0,0
87,1677393503,15150,677050,6744950,20644550,5267900,33334450,33438550,1014,20446550,4184350,4012000,0,18692,0,5,0,0,0,0,0,0
88,3832728684,15151,1239750,5946500,20979350,5169400,33335000,33435450,877,20781200,4840200,4650700,0,18692,0,5,0,0,0,0,0,0
89,2074852568,15152,675450,7174350,20474100,5015200,33339100,33438650,973,20272250,4168650,4007350,0,18692,0,5,0,0,0,0,0,0
90,1464943173,15153,680050,6758250,20936050,4961750,33336100,33440350,946,20742850,4526000,4356150,0,18692,0,5,0,0,0,0,0,0
91,315990800,15154,691750,5967700,21533850,4720500,32913800,33439700,920,21347900,4829950,4646600,0,18692,0,5,0,0,0,0,0,0
92,1451405891,15155,674800,6905200,20444950,5307400,33332350,33435400,1035,20247750,4178250,4019900,0,18692,0,5,0,0,0,0,0,0
93,3196408848,15156,682250,6644100,20958900,5211400,33496650,33599900,920,20756250,4507250,4331150,0,18692,0,5,0,0,0,0,0,0
94,141073587,15157,685150,6015450,21457000,5019900,33177500,33280450,984,21279200,5370350,4650200,0,18692,0,5,0,0,0,0,0,0
95,3576439062,15158,678050,6911650,20718600,5022750,33331050,33434750,963,20519250,4069550,3891950,0,18692,0,5,0,0,0,0,0,0
96,2798564443,15159,681800,6546350,20678800,5432800,33339750,33442300,961,20486500,4526850,4356900,0,18692,0,5,0,0,0,0,0,0
97,3409362634,15160,679100,6024000,22861250,3770900,33335250,33435400,657,22660800,6677000,6484000,0,18692,0,5,0,0,0,0,0,0
98,1459202337,15161,700450,6808850,20522550,5304600,33336450,33442250,1021,20321350,4076000,3905950,0,18692,0,5,0,0,0,0,0,0
99,1984418334,15162,1282600,5938700,20900650,5213550,33335500,33437000,879,20699600,4717400,4544100,0,18692,0,5,0,0,0,0,0,0
100,2690152925,15163,672550,6111000,21406200,5149000,33338750,33439800,1004,21207350,5252550,5051250,0,18692,0,5,0,0,0,0,0,0
101,2607809844,15164,679350,6714750,21160900,4782150,33337150,33438350,907,20963950,4365700,4186450,0,18692,0,5,0,0,0,0,0,0
102,3522750362,15165,1204900,5999400,20944600,5189100,33338000,33438950,876,20739350,4827600,4642800,0,18692,0,5,0,0,0,0,0,0
103,2368404599,15166,682050,6027300,21345400,5281300,33336050,33438550,1033,20392950,4360400,4201600,0,18692,0,5,0,0,0,0,0,0
104,3250007036,15167,680550,6675750,28389850,14308050,50054200,50157600,2710,28182450,4319900,4146450,0,19012,0,5,0,0,0,0,0,0
105,1111684799,15168,686200,6138700,21447250,5061650,33333800,33436750,984,21243050,5061000,4145300,0,19012,0,5,0,0,0,0,0,0
106,2213018028,15169,685950,6772600,20491500,5383900,33333950,33440600,1038,20294900,4198300,4025600,0,18692,0,5,0,0,0,0,0,0
107,3171439817,15170,724050,7392950,20374000,3507500,31998500,33434650,649,20177300,4089950,3933150,0,18692,0,5,0,0,0,0,0,0
108,2255827236,15171,683350,6062750,21394300,5197400,33337800,33441600,1012,20442250,5221550,4184300,0,18692,0,5,0,0,0,0,0,0
109,2472184909,15172,678950,6725000,21101650,4828950,33334550,33436800,918,20909250,4749600,4573700,0,18692,0,5,0,0,0,0,0,0
110,3140412334,15173,686700,6000500,21638300,4613350,32938850,33440050,896,21451300,5376800,5189050,0,18692,0,5,0,0,0,0,0,0
111,785888721,15174,676650,6772750,20641500,5247300,33338200,33439350,1016,20441550,4310400,4153150,0,18692,0,5,0,0,0,0,0,0
112,1084583170,15175,684350,6627650,22845600,3360950,33518550,33621150,618,22642500,5161700,4945450,0,18692,0,5,0,0,0,0,0,0
113,4019848443,15176,681800,6034400,21937950,4497200,33151350,33255600,865,21738800,5255300,5059450,0,18692,0,5,0,0,0,0,0,0
114,808788421,15177,682150,6800050,20363650,5489500,33335350,33439400,1041,20157350,4095100,3939500,0,18692,0,5,0,0,0,0,0,0
115,3645042740,15178,677200,6498750,20728500,5428650,33333100,33438050,966,20542050,4524350,4348000,0,18692,0,5,0,0,0,0,0,0
116,2991496187,15179,687850,6016700,21606200,5025800,33336550,33436500,979,21412300,5336900,5146000,0,18692,0,5,0,0,0,0,0,0
117,3919662364,15180,682500,6759850,20398300,5497750,33338400,33439400,1067,20200650,4072600,3902500,0,18692,0,5,0,0,0,0,0,0
118,1681074571,15181,1403150,5953450,20981050,4997700,33335350,33437550,868,20778850,4845950,4663900,0,18692,0,5,0,0,0,0,0,0
119,4218967458,15182,680500,6078300,21627350,4947750,33333900,33437550,956,21432600,5316700,4115350,0,18692,0,5,0,0,0,0,0,0
120,625353107,15183,683850,6778200,20581550,5294800,33338400,33440900,1019,20382550,4340600,4171650,0,18692,0,5,0,0,0,0,0,0
121,3717195990,15184,1162500,6114200,21521950,4537500,33336150,33436550,880,21328550,5382200,5196550,0,18692,0,5,0,0,0,0,0,0
122,2425705089,15185,680300,6766400,20454150,5439800,33340650,33441650,1061,20261800,4207350,4040450,0,18692,0,5,0,0,0,0,0,0
123,2555484258,15186,684600,6675400,21065600,5190750,33616350,33720200,915,20867900,4732100,4558750,0,18692,0,5,0,0,0,0,0,0
124,1141451493,15187,684000,6003950,21608500,4759700,33056150,33155450,928,21419850,5372600,5186700,0,18692,0,5,0,0,0,0,0,0
125,1505942736,15188,680000,6774200,20630200,5254050,33338450,33438050,952,20429800,4342000,4188050,0,18692,0,5,0,0,0,0,0,0
126,2491710369,15189,680800,6652100,20760700,5596850,33690450,33797400,916,20575400,4578450,4405550,0,18692,0,5,0,0,0,0,0,0
127,2825516936,15190,694350,6117450,21417850,4747650,32977300,33084000,643,21222000,5072700,4885750,0,18692,0,5,0,0,0,0,0,0
128,809518447,15191,694250,6869500,20415650,5337100,33316500,33436050,996,20220150,4102200,3935300,0,19012,0,5,0,0,0,0,0,0
129,1081694344,15192,1287950,5927100,20794250,5326650,33335950,33437900,942,20597350,4596300,4421500,0,19012,0,5,0,0,0,0,0,0
130,3544546839,15193,685800,6072100,21615100,4960150,33333150,33436850,962,21422100,5290250,5095900,0,18692,0,5,0,0,0,0,0,0
131,2291142598,15194,714150,6838300,20700850,4358150,32611450,33440200,814,20499950,4548100,4372650,0,18692,0,5,0,0,0,0,0,0
132,3252385439,15195,1358250,6273200,21541550,4169200,33342200,33439900,797,21348950,5407750,5215250,0,18692,0,5,0,0,0,0,0,0
133,1602009306,15196,672450,6053700,21358450,5253700,33338300,33437750,1024,21158850,4235150,4077550,0,18692,0,5,0,0,0,0,0,0
134,2497072261,15197,682050,6757500,27794250,14822000,50055800,50158500,2767,27589200,10937000,10711300,0,18692,0,5,0,0,0,0,0,0
135,3739067406,15198,683900,6063050,21490700,5091500,33329150,33436050,998,21304950,5289650,5101000,0,18692,0,5,0,0,0,0,0,0
136,1716074641,15199,677050,6917250,20381950,5362200,33338450,33439950,1031,20189400,4105150,3937250,0,18692,0,5,0,0,0,0,0,0
137,3982919220,15200,1253750,5943000,22131350,4011000,33339100,33437050,748,21060500,5023600,4841850,0,18692,0,5,0,0,0,0,0,0
138,2723337005,15201,679900,6079600,21269250,5309750,33338500,33438350,1037,21068300,5094400,4900900,0,18692,0,5,0,0,0,0,0,0
139,733376204,15202,674500,6757550,21126000,4783000,33341050,33442150,908,20931000,4580300,4409550,0,18692,0,5,0,0,0,0,0,0
140,43915006,15203,1160450,5988200,21674600,4513000,33336250,33434200,871,20784350,4861500,4674250,0,18692,0,5,0,0,0,0,0,0
141,2309932913,15204,677350,6723550,20445600,5494900,33341400,33439950,1076,20241150,4220350,4059100,0,18692,0,5,0,0,0,0,0,0
142,1653305798,15205,680750,6637750,23328900,3109450,33756850,33860600,540,23130100,6865600,6652550,0,18692,0,5,0,0,0,0,0,0
143,145291823,15206,688350,6051600,21546400,4627200,32913550,33018800,865,21352150,5387850,5203450,0,18692,0,5,0,0,0,0,0,0
144,3013902878,15207,679150,7166900,20455350,5031100,33332500,33437900,960,20250600,4105000,3933200,0,18692,0,5,0,0,0,0,0,0
145,2859971923,15208,680150,6565500,20961650,5130250,33337550,33437250,899,20773950,4559550,4385800,0,18692,0,5,0,0,0,0,0,0
146,3026746148,15209,685700,6008450,21491450,5152450,33338050,33437950,1012,21307750,5393850,5206700,0,18692,0,5,0,0,0,0,0,0
147,736325239,15210,678750,6939300,20423650,5299800,33341500,33441350,1021,20227750,4113600,3945500,0,18692,0,5,0,0,0,0,0,0
148,2759885216,15211,1291150,5939400,23249300,2858550,33338400,33436800,493,23051800,4272900,4085300,0,18692,0,5,0,0,0,0,0,0
149,1930007773,15212,692050,6113700,21484850,5049000,33339600,33438000,981,21285200,5292900,5102600,0,18692,0,5,0,0,0,0,0,0
150,4233548434,15213,678450,6896750,21337900,4425550,33338650,33440850,826,21135400,4574900,4403450,0,19012,0,5,0,0,0,0,0,0
151,3821597075,15214,1197800,5967100,21815800,4357450,33338150,33438000,841,21632050,5596700,5406150,0,19012,0,5,0,0,0,0,0,0
152,1056834796,15215,687050,6050050,21319200,5279800,33336100,33435450,1029,20376650,4370600,4203350,0,19012,0,5,0,0,0,0,0,0
153,2756113825,15216,679550,6723950,21117750,4817150,33338400,33442400,913,20933300,4598650,4422450,0,18692,0,5,0,0,0,0,0,0
154,2193869574,15217,726550,6913350,20639000,3929850,32208750,33436550,732,20441850,4487700,4330050,0,18692,0,5,0,0,0,0,0,0
155,39089791,15218,683800,6761400,20519250,5370950,33335400,33437850,1048,20313800,4168900,4008850,0,18692,0,5,0,0,0,0,0,0
156,1158667078,15219,680500,6622900,21650800,4471050,33425250,33526700,753,21449800,4846650,4662850,0,18692,0,5,0,0,0,0,0,0
157,4085879547,15220,684100,6019000,21530800,5021850,33255750,33353900,954,21337300,5384950,5195300,0,18692,0,5,0,0,0,0,0,0
158,313686028,15221,685700,8374150,21028950,3247000,33335800,33436850,570,20836900,4846600,4662050,0,18692,0,5,0,0,0,0,0,0
159,3216587021,15222,683450,6482950,20865400,5304300,33336100,33435750,936,20673550,4548050,4372500,0,18692,0,5,0,0,0,0,0,0
160,876009466,15223,676950,6005300,21516050,5143050,33341350,33439550,1006,21330550,5384250,5191400,0,18692,0,5,0,0,0,0,0,0
161,981002535,15224,672200,6914550,20544100,5208600,33339450,33437900,1002,20348950,4191750,4016150,0,18692,0,5,0,0,0,0,0,0
162,47529864,15225,1271700,5947000,22020950,4099050,33338700,33441400,784,21820000,5753300,5557950,0,18692,0,5,0,0,0,0,0,0
163,868088385,15226,677550,6095250,21416800,5147100,33336700,33436650,1002,21220950,5199700,5007550,0,18692,0,5,0,0,0,0,0,0
164,2331947246,15227,682950,6901300,21401700,6452900,35438850,35541750,114,21202700,5128650,4954100,0,18692,0,5,0,0,0,0,0,0
165,2168054517,15228,714800,7897850,21017550,1584800,31215000,31334850,217,20831800,4723750,4553450,0,18692,0,5,0,0,0,0,0,0
166,3926666066,15229,679750,6775500,20535100,5344650,33335000,33438750,1044,20350300,4363200,4208300,0,18692,0,5,0,0,0,0,0,0
167,1177610667,15230,676300,6666500,21042600,5218100,33603500,33706450,920,20850500,4524800,4346700,0,18692,0,5,0,0,0,0,0,0
168,3782405190,15231,686750,6009300,21657100,4721600,33074750,33173100,847,21471050,5519650,5331600,0,18692,0,5,0,0,0,0,0,0
169,916405275,15232,676150,6770400,20403050,5484600,33334200,33436000,1074,20200200,4085600,3929400,0,18692,0,5,0,0,0,0,0,0
170,1596582148,15233,683150,6576500,20944600,5133550,33337800,33440600,899,20754750,4542400,4369050,0,18692,0,5,0,0,0,0,0,0
171,4199562603,15234,687050,6002550,21585700,5062150,33337450,33437150,964,21395500,5378900,5193850,0,18692,0,5,0,0,0,0,0,0
172,3017986708,15235,680100,6795850,20476800,5389600,33342350,33440450,1040,20284950,4171500,4002500,0,18692,0,5,0,0,0,0,0,0
173,2654286289,15236,1283500,5900400,22867300,3284900,33336100,33436900,600,22663950,4173300,4007150,0,18692,0,5,0,0,0,0,0,0
174,1031695476,15237,688750,6129700,21473750,5043600,33335800,33440100,981,21280050,5256150,5057600,0,19012,0,5,0,0,0,0,0,0
175,2959877989,15238,673350,7219700,21070000,4371800,33334850,33438650,819,20883000,4740350,4565950,0,19012,0,5,0,0,0,0,0,0
176,1566373458,15239,1210050,5951100,21734700,4441600,33337450,33438500,861,21004800,4837000,4649900,0,19012,0,5,0,0,0,0,0,0
177,3017804585,15240,687050,6043050,21291650,5315250,33337000,33439600,1040,21100900,4343050,4166300,0,18692,0,5,0,0,0,0,0,0
178,1442923286,15241,685150,6893150,20759900,4994750,33332950,33435400,953,20570550,4527350,4361450,0,18692,0,5,0,0,0,0,0,0
179,959704087,15242,690050,5989150,21702400,4541650,32923250,33438750,879,21507350,5541850,5353050,0,18692,0,5,0,0,0,0,0,0
CSV_END

STUDY_DONE_2cedd3846682=0
# 