/tmp/app --transport dma --state-frame 0 --dma-minimum 64 --frames 180 --warmup 30 --wait spin --profile detailed --csv /tmp/transport-frames.csv --dump /tmp/transport-frame.raw && printf "CSV_BEGIN\n" && cat /tmp/transport-frames.csv && printf "CSV_END\n"; study_status=$?; printf "\nSTUDY_DONE_d3a03a7632ad=%s\n" "$study_status"
TRANSPORT mode=dma dma_minimum=64
BEGIN_BREAKOUT frames=180 warmup=30 fixed=0 blocks=40 tiles=1 hud=1 wait=spin replay=0 state_frame=0 profile=detailed pixel_centers=1 clock_call_ns=5585
HW_COUNTERS unavailable
RESULT frames=180 elapsed_s=15.064037150 fps=11.948988 logic_ms=0.996845 api_ms=21.166713 swap_ms=53.177029 wait_ms=8.186564 worker_inclusive_ms=52.977759 upload_inclusive_ms=21.443542 write_ms=17.776049 bytes_per_frame=30951.56 p50_ms=83.596700 p95_ms=83.915900 max_ms=100.316050 late_60hz=180 first_count=10865 last_count=11044 state_hash=8f34e8fd remaining=38 score=20
RENDER_PATH retained=0 grouped=0 quads=13131 full_frames=180
FRAME_CHECK count=11044 address=9fe00000 fnv1a=79c99b23 pixels=307200 mismatches=0
BREAKOUT_PASS
CSV_BEGIN
frame,state_hash,display_count,logic_ns,api_ns,swap_ns,wait_ns,total_ns,completion_interval_ns,polls,worker_inclusive_ns,upload_inclusive_ns,write_ns,read_ns,write_bytes,read_bytes,write_calls,read_calls,dma_copy_ns,dma_launch_ns,dma_completion_wait_ns,dma_bytes,dma_lists
0,3724779174,10865,744050,20630150,52226550,9942050,83542800,83553500,1795,52044150,20877750,17048850,0,31172,0,5,0,16827400,46400,4289200,31360,5
1,1709657109,10866,885950,21153000,54966200,6483100,83488250,83598600,1081,54786050,23666750,20180650,0,31172,0,5,0,19954250,51700,3712250,31360,5
2,1894904752,10867,872600,20713850,52695950,9200200,83482600,83595250,1625,52513700,21234350,17040600,0,31172,0,5,0,16809200,46900,4249900,31360,5
3,3703759967,10868,816450,20879900,53033950,8755100,83485400,83597150,1540,52854250,21349100,17076950,0,31172,0,5,0,16854800,44300,4740150,31360,5
4,19533624,10869,847300,20707200,60209550,2156900,83920950,84030450,230,60033050,21397000,17917000,0,31172,0,5,0,17696650,45250,3724550,31360,5
5,816884773,10870,822700,20744350,53028550,8456250,83051850,83163100,1506,52855600,21439000,17971400,0,31172,0,5,0,17741900,50850,3700600,31360,5
6,1339236364,10871,1671150,20856800,52992200,7967000,83487150,83596500,1405,52816000,21565750,18111700,0,31172,0,5,0,17886650,51050,3675900,31360,5
7,3072959373,10872,1445500,20729450,54405800,6903950,83484700,83596100,1264,54229500,22775050,18808800,0,31172,0,5,0,18580800,50300,4241500,31360,5
8,1782884746,10873,861350,21454100,53064300,8106100,83485850,83598350,1436,52881250,21391850,17953700,0,31172,0,5,0,17734650,42700,3676050,31360,5
9,30296781,10874,824550,21368950,52513300,8776800,83483600,83595200,1547,52339650,21686850,18636050,0,31492,0,5,0,17965400,500000,3310950,31680,5
10,4026418858,10875,857750,20652800,52104700,9872600,83487850,83598250,1721,51927250,20658350,17146700,0,31492,0,5,0,16937500,46500,3959800,31680,5
11,2084929051,10876,820600,20881550,52283900,9501000,83487050,83595600,1710,52109900,20950650,17334550,0,31492,0,5,0,17107250,47300,4057300,31680,5
12,3114489770,10877,847100,20654050,52706700,9273700,83481550,83595900,1619,52533900,21258350,17024300,0,31172,0,5,0,16801600,47300,4852300,31360,5
13,891400471,10878,817750,20848900,52937450,9068400,83672500,83785300,1232,52763450,21280950,17171600,0,31172,0,5,0,16951800,45550,4725650,31360,5
14,3472773456,10879,901400,20723900,52933700,9060000,83619000,83733900,1526,52755250,21454050,17956350,0,31172,0,5,0,17727750,52050,3715600,31360,5
15,3010688243,10880,835700,20711600,53141900,8469250,83158450,83270550,1449,52969900,21442700,17965600,0,31172,0,5,0,17738050,50450,3710550,31360,5
16,2819524756,10881,1461150,20845700,60329000,844850,83480700,83590350,57,60153250,24165700,20687950,0,31172,0,5,0,20458350,53700,3701100,31360,5
17,3241678401,10882,867700,20800850,52925450,7297900,81891900,83598250,1265,52745650,21437550,17508800,0,31172,0,5,0,17280400,45800,4121350,31360,5
18,2154316504,10883,859200,21484600,53065950,8074950,83484700,83598500,1431,52886100,21237600,17793750,0,31172,0,5,0,17570450,47400,3677550,31360,5
19,772262681,10884,827700,21501750,52200100,8950850,83480400,83594850,1617,52029300,21629300,18137000,0,31172,0,5,0,17911800,50800,3736400,31360,5
20,3882818750,10885,853400,23433950,52896000,6304250,83487600,83598650,954,52716200,21417100,17945450,0,31172,0,5,0,17721650,47050,3718300,31360,5
21,521131153,10886,825150,20921600,52091650,9651050,83489450,83597500,1701,51913800,20834650,17211250,0,31172,0,5,0,16988400,44400,4243200,31360,5
22,1838187414,10887,849100,20744650,52653000,9236600,83483350,83595150,1579,52474750,21206200,17055800,0,31172,0,5,0,16832250,46800,4765350,31360,5
23,840574439,10888,831500,20724000,53089800,8835500,83480800,83595700,1522,52913050,21237350,17058300,0,31172,0,5,0,16836950,44300,4802650,31360,5
24,2879461878,10889,858850,20897000,53059150,9036850,83851850,83961350,1552,52875550,21610000,18119900,0,31172,0,5,0,17894650,49100,3718050,31360,5
25,202086035,10890,828250,20752950,53125450,8410750,83117400,83230050,1417,52948050,21436000,17977450,0,31172,0,5,0,17749050,50350,3682050,31360,5
26,959703924,10891,1391350,22477000,52007500,7616150,83492000,83598300,1344,51827700,20647950,17042950,0,31172,0,5,0,16363200,42900,4204750,31360,5
27,3795724423,10892,1422400,20667800,52863650,8529400,83483250,83594850,1496,52690400,21313600,17817100,0,31172,0,5,0,17587800,51950,3731200,31360,5
28,2500539904,10893,853950,21230050,58246800,3149750,83480550,83596700,513,54874550,24003100,20522750,0,31172,0,5,0,19532300,58100,3186200,31360,5
29,2269000541,10894,870300,21689000,52201950,8710050,83471300,83596200,1571,52031000,21643500,18615700,0,31172,0,5,0,17939150,47950,3292150,31360,5
30,1900681108,10895,862850,20649800,51975800,9997700,83486150,83599300,1679,51792300,20550750,16560850,0,31172,0,5,0,16349400,46200,4458450,31360,5
31,3680168245,10896,829400,20916900,52132300,9610900,83489500,83595650,1694,51957500,20861500,17077100,0,31172,0,5,0,16858600,44400,4403600,31360,5
32,2344329490,10897,856150,20685450,54632750,7310000,83484350,83595700,1230,54458500,21661450,17957850,0,31172,0,5,0,17747100,44850,3967650,31360,5
33,2130650181,10898,831650,20745800,53103150,8806150,83486750,83597850,1517,52926600,21104500,17220350,0,31492,0,5,0,16997750,44400,4512150,31680,5
34,906966818,10899,868450,20840350,53283250,8495100,83487150,83594200,1519,53102450,21747650,18259150,0,31492,0,5,0,18035350,50700,4181200,31680,5
35,3939376531,10900,824400,20728650,53575100,7935650,83063800,83596700,1407,53399900,21845600,18394200,0,31492,0,5,0,18167750,51900,4087800,31680,5
36,2110688546,10901,1390250,20860250,53157600,8081500,83489600,83596150,1431,52980000,21583200,18130000,0,31172,0,5,0,17907600,49100,3672100,31360,5
37,2695523007,10902,1453600,20675500,52817050,8536050,83482200,83597450,1493,52646000,21278700,17780700,0,31172,0,5,0,17558200,47250,3723850,31360,5
38,744447992,10903,873300,21273500,54540000,6797100,83483900,83595400,1160,54367950,20966000,17036200,0,31172,0,5,0,16813650,46500,4565150,31360,5
39,3728640411,10904,831200,21469050,52100800,9089100,83490150,83597600,1654,51933100,21537650,18038150,0,31172,0,5,0,17815750,48100,3744600,31360,5
40,618879740,10905,862800,20654250,52277700,9685850,83480600,83594250,1748,52095550,20850750,16570100,0,31172,0,5,0,16361850,42750,4215200,31360,5
41,1239708057,10906,851100,30076050,52915300,15616600,99459050,100316050,2899,52741950,21285100,17818000,0,31172,0,5,0,17593550,48850,3665550,31360,5
42,2429742208,10907,863600,20840200,51945400,9836800,83486000,83597650,1740,51767550,20615750,16595100,0,31172,0,5,0,16381350,46200,4013600,31360,5
43,412095716,10908,827900,21061450,52109850,9486550,83485750,83596900,1629,51935950,20570250,16576850,0,31172,0,5,0,16367400,43700,4646800,31360,5
44,1226741467,10909,864150,20735750,56802200,5083200,83485300,83597700,792,56627750,21171800,17038550,0,31172,0,5,0,16818000,46800,4782750,31360,5
45,3288446148,10910,825450,20891800,53112100,8777800,83607150,83714400,1519,52939600,21433550,17220450,0,31172,0,5,0,16999250,42250,4817050,31360,5
46,1157984843,10911,858600,20735700,53154100,8615700,83364100,83476050,1540,52977950,21443150,17963550,0,31172,0,5,0,17735400,50750,3719400,31360,5
47,3877288378,10912,1296400,20865000,53042100,8281800,83485300,83595600,1472,52869550,21566950,18120750,0,31172,0,5,0,17895450,49100,3677200,31360,5
48,4236526315,10913,1408000,21020100,53127500,7934600,83490200,83599800,1362,52951900,21427000,17975250,0,31172,0,5,0,17749300,50350,3676900,31360,5
49,533834014,10914,833450,21257900,52816350,8575800,83483500,83595450,1535,52645900,21234300,17731600,0,31172,0,5,0,17513650,47250,3728800,31360,5
50,1649361089,10915,861950,21596600,54378200,6650100,83486850,83597100,1138,54205200,20642200,16704000,0,31172,0,5,0,16497900,42900,4561400,31360,5
51,2486981906,10916,834150,20555050,53124650,8971450,83485300,83595300,1625,52948350,21545750,18038000,0,31172,0,5,0,17814850,48050,3745800,31360,5
52,1706075277,10917,859250,20829300,52038550,9752850,83479950,83594500,1743,51860450,20704450,17191400,0,31172,0,5,0,16982250,46450,4062800,31360,5
53,267972368,10918,825850,28977100,52257350,1421800,83482100,83597500,96,52085450,20898100,17200900,0,31172,0,5,0,16981800,44300,4296450,31360,5
54,3895401273,10919,866300,20684950,52894000,9043450,83488700,83599400,1569,52719500,21439750,17553100,0,31172,0,5,0,16840250,46900,4518150,31360,5
55,605985656,10920,831100,20882850,53121550,8809000,83644500,83750350,1518,52949800,21431250,17234550,0,31172,0,5,0,17007350,45450,4350450,31360,5
56,4077673024,10921,907900,20752500,54628150,7036100,83324650,83436550,1289,54454550,22563550,19099700,0,30852,0,5,0,18875150,49500,3706900,31040,5
57,985632231,10922,1490650,20653950,52867250,8477400,83489250,83601450,1512,52690600,21270650,17836050,0,30852,0,5,0,17612650,47050,3672700,31040,5
58,3720590956,10923,1450150,21122500,52773850,8138200,83484700,83595400,1438,52588550,21396800,17969000,0,30852,0,5,0,17750600,44100,3662800,31040,5
59,3264032585,10924,867050,21176150,52134900,9310300,83488400,83597700,1695,51965650,21493900,17814400,0,30852,0,5,0,17599250,46900,3939700,31040,5
60,395405688,10925,905250,21500750,52283600,8787100,83476700,83594400,1589,52113000,21424800,17976100,0,30852,0,5,0,17764450,47150,3700250,31040,5
61,32142420,10926,867150,20626700,51819600,10163950,83477400,83595350,1790,51641950,20379400,16875000,0,30852,0,5,0,16663900,46450,4099150,31040,5
62,1187067055,10927,893350,20617200,53512500,8456750,83479800,83597350,1514,53338750,22163100,19441350,0,30852,0,5,0,18503100,49100,2978150,31040,5
63,459140908,10928,877850,21182050,52141700,9283950,83485550,83596100,1644,51967650,20847600,16896050,0,30852,0,5,0,16676650,42300,4468100,31040,5
64,3369786495,10929,921850,20795300,52004650,9006750,82728550,83596150,1560,51821950,20556850,16873600,0,30852,0,5,0,16664550,44650,4327800,31040,5
65,1572434254,10930,863800,20867100,60025300,2044700,83800900,83915900,210,59851750,21195300,17725650,0,30852,0,5,0,17502650,46900,3714850,31040,5
66,4107798823,10931,910800,20673550,52882850,8700300,83167500,83276450,1534,52704800,21331700,17848900,0,30852,0,5,0,17621200,50850,3722050,31040,5
67,343968250,10932,1351100,20692650,52917200,8526450,83487400,83598350,1522,52743550,21258750,17822800,0,30852,0,5,0,17596350,49200,3667700,31040,5
68,3102454017,10933,1772200,20820100,54877350,6014050,83483700,83593150,1072,54699100,23450650,20005850,0,30852,0,5,0,19783950,50700,3660200,31040,5
69,3051095563,10934,875550,21201800,52145000,9261550,83483900,83598050,1689,51974650,21361200,17813800,0,30852,0,5,0,17600950,46900,3798600,31040,5
70,2391331016,10935,893000,21515150,52247050,8829550,83484750,83596200,1598,52077300,21408550,17954700,0,30852,0,5,0,17745300,45800,3704800,31040,5
71,3869016117,10936,861100,20654400,51799400,10176000,83490900,83597500,1779,51623500,20370600,16866650,0,30852,0,5,0,16656850,45350,4132900,31040,5
72,1579800804,10937,890650,20613450,52193950,9788700,83486750,83599900,1666,52020750,20844550,16881750,0,30852,0,5,0,16661400,46800,4578100,31040,5
73,2792341157,10938,859650,20888000,52352900,9383150,83483700,83592150,1642,52181850,21150750,17058000,0,30852,0,5,0,16830850,47550,4227600,31040,5
74,714702942,10939,887350,20657050,52739400,10349900,84633700,84745550,1552,52561300,21300750,17387150,0,30852,0,5,0,17157650,49000,4132750,31040,5
75,1092538936,10940,884600,20912300,53161850,7612100,82570850,82678750,1338,52985600,21459100,18019250,0,30852,0,5,0,17791750,52750,3678000,31040,5
76,1561271239,10941,888300,20706100,53111050,8551150,83256600,83367750,1494,52938600,21445950,17971350,0,31172,0,5,0,17744500,50500,3704900,31360,5
77,3798074098,10942,1341800,20744400,60618000,773850,83478050,83591300,41,60442600,28810700,22986050,0,31172,0,5,0,22754700,49350,6024750,31360,5
78,3022639071,10943,1646950,20851400,53070700,7928150,83497200,83600400,1396,52889100,21592000,18161650,0,31172,0,5,0,17937400,52050,3662550,31360,5
79,2282770062,10944,864700,21261850,52289700,9066750,83483000,83594300,1644,52118550,21538350,17820900,0,30852,0,5,0,17605250,48400,3963850,31040,5
80,1626512457,10945,896900,21577450,52340300,8667450,83482100,83598600,1561,52167700,21457050,17933450,0,30852,0,5,0,17722750,45500,3771850,31040,5
81,3156888026,10946,867500,23151000,52757850,6703500,83479850,83594450,1128,52582300,21416600,17933200,0,30852,0,5,0,17714250,47050,3719550,31040,5
82,3038824309,10947,899600,20667650,52152750,9763150,83483150,83597850,1629,51969950,20789600,16882150,0,30852,0,5,0,16665750,46950,4541200,31040,5
83,1261846460,10948,865400,20910400,52322750,9388700,83487250,83597450,1632,52151450,21073850,17054750,0,30852,0,5,0,16838850,44300,4235450,31040,5
84,2035201521,10949,894450,20667000,52750200,9169300,83480950,83598050,1553,52573550,21245250,17377750,0,30852,0,5,0,17147800,55250,4094700,31040,5
85,2164446652,10950,869250,20678050,53149750,9049950,83747000,83862850,1556,52978050,21301400,17360850,0,30852,0,5,0,17133750,47700,4156550,31040,5
86,2017191835,10951,897250,20893700,52688050,8740850,83219850,83329500,1571,52507550,21393550,17903750,0,30852,0,5,0,17688950,47650,3709650,31040,5
87,3029138484,10952,890100,23532300,53173150,4551000,82146550,83593450,730,53004550,21514450,18032650,0,30852,0,5,0,17818200,50050,3723900,31040,5
88,50355403,10953,1534500,20835600,52798100,8316350,83484550,83599100,1483,52619300,21334850,17897100,0,30852,0,5,0,17681650,48800,3676750,31040,5
89,654213990,10954,870100,21228400,52329150,10086200,84513850,84627900,625,52158300,21612850,17818900,0,30852,0,5,0,17605800,46900,4048500,31040,5
90,2360099787,10955,1737400,20732700,53234900,6736050,82441050,82562100,1138,53057400,21297850,17401500,0,30852,0,5,0,17170200,53700,4134350,31040,5
91,2424818746,10956,866450,20802800,51833150,9983850,83486250,83595950,1795,51659450,20513350,16867800,0,30852,0,5,0,16657850,46450,4185650,31040,5
92,1971386461,10957,891800,20707600,55240700,6648300,83488400,83597650,1104,55055250,21461150,17984850,0,30852,0,5,0,17770800,46950,3714800,31040,5
93,3386045126,10958,867750,20871100,55110800,6635100,83484750,83595050,1121,54933850,21263900,17790700,0,30852,0,5,0,17575250,44250,3705550,31040,5
94,1429641961,10959,896350,20676700,52781800,9136100,83490950,83599300,1537,52604000,21304150,17368450,0,30852,0,5,0,17143600,48850,4171900,31040,5
95,3022846880,10960,869050,20710500,53189000,9026700,83795250,83905550,1548,53017000,21259750,17383850,0,30852,0,5,0,17157400,47750,4105450,31040,5
96,1601897261,10961,902650,20920750,52838350,8512150,83173900,83285950,1523,52662250,21425750,17956100,0,30852,0,5,0,17734650,50500,3705000,31040,5
97,1229951528,10962,1369950,20671900,53241700,8201800,83485350,83596700,1433,53072400,21551850,18122500,0,30852,0,5,0,17905300,50250,3667850,31040,5
98,4065171759,10963,1536850,20835200,52655800,8459650,83487500,83595650,1513,52479350,21280750,17840500,0,30852,0,5,0,17624950,47550,3663000,31040,5
99,1034325744,10964,864600,21213100,54316200,7093400,83487300,83597750,1173,54138950,21073800,17373200,0,30852,0,5,0,17153400,44300,3924100,31040,5
100,14078671,10965,903700,21246800,52869950,8464100,83484550,83595550,1512,52690600,21842200,17949250,0,31172,0,5,0,17740400,43600,4156850,31360,5
101,4024270554,10966,865600,20785150,51923850,9911800,83486400,83597800,1791,51750850,20695850,17032450,0,31172,0,5,0,16820900,45200,4153600,31360,5
102,896191351,10967,891550,28421200,52653550,1521750,83488050,83596100,143,52468500,21082650,16839350,0,31172,0,5,0,16634000,44250,4169100,31360,5
103,2131384102,10968,862800,20878650,52291550,9454400,83487400,83597900,1643,52117950,21092200,17505800,0,30852,0,5,0,17281350,48800,3816200,31040,5
104,2586210593,10969,889550,20679350,52690100,9222200,83481200,83593150,1555,52510850,21283900,17809700,0,30852,0,5,0,17581350,54750,3709800,31040,5
105,591918370,10970,864450,20719400,54752500,7493350,83829700,83941300,1305,54584200,21344850,17896850,0,30852,0,5,0,17679600,43850,3226450,31040,5
106,8814317,10971,891100,20839250,52735300,8675050,83140700,83253050,1560,52556700,21420300,17944300,0,30852,0,5,0,17727300,48550,3715000,31040,5
107,2340504196,10972,1395500,20650100,53160550,8275750,83481900,83594600,1467,52986450,21602950,18147500,0,30852,0,5,0,17927750,47100,3691500,31040,5
108,3523076009,10973,1693150,20702950,52460950,8629750,83486800,83599750,1551,52277950,21078150,17630800,0,30852,0,5,0,17414550,47150,3690300,31040,5
109,1961669028,10974,869950,21282200,51914200,9412050,83478400,83592700,1716,51745300,21393150,18423450,0,30852,0,5,0,17736800,47300,3230200,31040,5
110,1037581603,10975,896800,21282050,52666150,8645250,83490250,83598800,1555,52483200,21696500,18248300,0,30852,0,5,0,18035750,46650,3707850,31040,5
111,2701024588,10976,886950,21712450,54063250,6077200,82739850,83594050,1005,53885550,23482950,19252650,0,30852,0,5,0,19023300,51600,4139050,31040,5
112,215037203,10977,891800,20638850,52553300,9402850,83486800,83598250,1664,52371950,21129200,17169800,0,30852,0,5,0,16954450,44750,4351150,31040,5
113,3696282862,10978,863400,20650700,52506900,9465050,83486050,83599100,1643,52332800,21031750,17360350,0,30852,0,5,0,17136150,47200,3898600,31040,5
114,2829142928,10979,891600,20867650,59587950,2218950,83566150,83674100,250,59408250,21250850,17772800,0,30852,0,5,0,17559800,45000,3723950,31040,5
115,3204762949,10980,862950,20705350,53157500,9056150,83781950,83892000,1554,52984300,21232400,17351900,0,30852,0,5,0,17126550,47600,4114800,31040,5
116,3297489190,10981,890550,20849100,52705850,8656900,83102400,83220150,1555,52526050,21399900,17931350,0,30852,0,5,0,17715300,48800,3695700,31040,5
117,1691704917,10982,1397250,20671500,55447100,5969950,83485800,83597850,1005,55278150,23845450,20415150,0,30852,0,5,0,20198700,48800,3677350,31040,5
118,663957814,10983,1593650,20633800,52037550,9217450,83482450,83594650,1678,51862000,20624300,17142900,0,30852,0,5,0,16932650,45000,3752450,31040,5
119,3058583827,10984,866750,21468850,52358750,8791900,83486250,83597300,1590,52186300,21868800,17812550,0,30852,0,5,0,17598950,46900,4306550,31040,5
120,838545270,10985,891600,20525950,51893750,10172650,83483950,83597450,1859,50709150,20314750,16830750,0,30852,0,5,0,16623400,44900,3911250,31040,5
121,3608912039,10986,857050,20807950,51944650,9875900,83485550,83594500,1778,51766550,20692450,17027250,0,30852,0,5,0,16817150,46450,4180500,31040,5
122,4080159716,10987,887850,20641900,52497850,9461050,83488650,83598300,1650,52320650,21119700,17257150,0,30852,0,5,0,17038900,48200,4367800,31040,5
123,1056027075,10988,858900,20665950,52536600,9452100,83513550,83621050,1547,52365950,21029150,17352750,0,30852,0,5,0,17129600,47950,3916400,31040,5
124,4057021248,10989,900950,21988750,51936300,8634050,83460050,83570300,1520,51758350,20692350,17004300,0,31172,0,5,0,16793400,44800,4172850,31360,5
125,2686741161,10990,864600,21005450,52952150,8663650,83485850,83595150,1551,52774350,21419650,17939950,0,31172,0,5,0,17717350,48850,3719650,31360,5
126,3870849660,10991,883150,20814000,59594400,1777200,83068750,83593600,256,59415900,28186200,22329850,0,31172,0,5,0,22108250,48700,5604600,31360,5
127,293449641,10992,1481900,20698650,53259550,8056750,83496850,83601950,1384,53083700,21619100,18189050,0,30852,0,5,0,17968000,47550,3660900,31040,5
128,596064266,10993,1550900,20556550,52093000,9282450,83482900,83595900,1692,51918150,20619550,17096700,0,30852,0,5,0,16891300,44050,3786100,31040,5
129,3715495249,10994,867450,21482200,52250300,8881550,83481500,83594750,1611,52076950,21685250,17968150,0,30852,0,5,0,17753500,47000,3964850,31040,5
130,244680018,10995,897550,23271250,52679850,6639200,83487850,83598750,1116,52496200,21227200,17347650,0,30852,0,5,0,17120500,51650,4110050,31040,5
131,4080661783,10996,877050,20755700,51868050,9984400,83485200,83596500,1772,51691400,20622600,17031900,0,30852,0,5,0,16822600,45200,4239450,31040,5
132,4006730450,10997,897900,20657100,52350650,9578850,83484500,83596300,1654,52175050,20971450,16954650,0,30852,0,5,0,16267500,43000,4771650,31040,5
133,3864584507,10998,869650,20681650,52557050,9375700,83484050,83595950,1626,52385550,21063800,17352600,0,30852,0,5,0,17130250,47700,3935350,31040,5
134,2711027320,10999,922700,20922950,52133200,8820050,82798900,83640800,1520,51947200,20862600,17044400,0,30852,0,5,0,16824800,46600,4442350,31040,5
135,4099079087,11000,864950,21041950,52794100,8744450,83445450,83552750,1565,52619900,21275050,17795600,0,30852,0,5,0,17575100,45750,3719150,31040,5
136,565333772,11001,889200,22083050,51987850,7953500,82913600,83596950,1416,51805750,20526700,16859850,0,30852,0,5,0,16653900,43250,4298150,31040,5
137,1028518269,11002,1414900,20845000,53208750,8014400,83483050,83592700,1412,53033750,21698700,18262100,0,30852,0,5,0,18045400,50200,3677400,31040,5
138,2252688136,11003,1527050,20595350,52110050,10011200,84243650,84354450,653,51932750,21371450,17084250,0,30852,0,5,0,16876800,45600,3810500,31040,5
139,578597309,11004,1700550,20898350,52956650,7159550,82715100,82842800,1229,52782800,21439600,17993250,0,30852,0,5,0,17764350,52100,3681600,31040,5
140,3624439358,11005,891850,23388250,52611150,6591850,83483100,83594350,1077,52426250,21164850,17336850,0,30852,0,5,0,17114450,45900,4069450,31040,5
141,3514067501,11006,862850,20642400,52025650,9950450,83481350,83596150,1761,51849350,20626250,16877300,0,30852,0,5,0,16666300,45200,4413250,31040,5
142,2741972910,11007,908800,20806700,55038450,6737350,83491300,83598950,1141,54860000,21266950,17784600,0,30852,0,5,0,17571350,45600,3719750,31040,5
143,28497579,11008,864000,20720700,52567000,9331500,83483200,83591900,1615,52389050,21048700,17364950,0,30852,0,5,0,17141750,47750,3914200,31040,5
144,466729326,11009,892350,20862200,52688100,9109550,83552200,83665800,1577,52512500,21425600,17947950,0,30852,0,5,0,17723850,50450,3711400,31040,5
145,3425349295,11010,862850,21023500,52831950,8696650,83414950,83526800,1528,52654850,21267950,17790100,0,30852,0,5,0,17566100,48950,3719100,31040,5
146,1537640620,11011,897450,20636750,52911250,8592650,83038100,83598450,1540,52738250,21238700,17773850,0,30852,0,5,0,17552750,52000,3686050,31040,5
147,1853842891,11012,1416350,20869550,53090100,8115650,83491650,83597800,1437,52913100,21369050,17924050,0,30852,0,5,0,17706900,47200,3672000,31040,5
148,1177024904,11013,1511900,20627950,54219550,7125300,83484700,83593900,1231,54043200,20936650,17046600,0,31172,0,5,0,16821900,48000,4535350,31360,5
149,4106734849,11014,866050,21576500,52234250,8810300,83487100,83596400,1594,52065050,21574550,18112400,0,31172,0,5,0,17895950,47150,3714050,31360,5
150,2025356500,11015,895150,21624850,52196300,8768650,83484950,83596550,1545,52026400,21454300,18436750,0,31172,0,5,0,17760950,45250,3268550,31360,5
151,2189605121,11016,861250,28417300,52299750,1909000,83487300,83595850,194,52126800,20775800,16896500,0,30852,0,5,0,16675550,44400,4512000,31040,5
152,4086136290,11017,895350,20828250,52294300,9468100,83486000,83598600,1668,52116750,20668350,16879200,0,30852,0,5,0,16672100,43250,4404450,31040,5
153,4036669705,11018,867900,20714600,52615400,9284750,83482650,83594400,1601,52434600,21086050,17383250,0,30852,0,5,0,17154750,47600,3934050,31040,5
154,4167980074,11019,912500,20858900,54743500,7088850,83603750,83713950,1222,54570300,22002450,18457150,0,30852,0,5,0,18246100,46450,3803050,31040,5
155,51187407,11020,869050,21027400,52802400,8668250,83367100,83480350,1514,52625750,21282800,17820650,0,30852,0,5,0,17592650,47150,3696150,31040,5
156,2242638442,11021,1365600,20636650,56672300,4808300,83482850,83593650,803,56491450,21259650,17785850,0,30852,0,5,0,17562400,50100,3709850,31040,5
157,2730108163,11022,922600,20997550,52636200,7504300,82060650,83601800,1313,52462850,20885750,17078000,0,30852,0,5,0,16859900,42350,4461150,31040,5
158,2718743917,11023,1529500,20612950,52099700,9244250,83486400,83593400,1684,51924850,20585550,17089100,0,30852,0,5,0,16879200,45700,3757300,31040,5
159,3391709842,11024,870300,21554500,52118250,8944400,83487450,83599250,1624,51946600,21520550,17967150,0,30852,0,5,0,17750850,47150,3800550,31040,5
160,1164604273,11025,896850,21775950,54183900,6623900,83480600,83593400,1108,54005650,23665100,20196300,0,30852,0,5,0,19964400,50850,3698350,31040,5
161,2148591176,11026,874950,20698550,52043000,9869450,83485950,83597900,1743,51864500,20552400,16881000,0,30852,0,5,0,16673550,45300,4338350,31040,5
162,4192737573,11027,893750,20777900,52350000,9464950,83486600,83598450,1663,52173200,20711850,16554550,0,30852,0,5,0,16348150,42900,4798800,31040,5
163,535584840,11028,867950,20725050,60397100,1529950,83520050,83627800,64,60223250,21262500,17797300,0,30852,0,5,0,17566000,49900,3710150,31040,5
164,3430794475,11029,904200,20693400,52800900,9197600,83596100,83708600,1590,52622300,21283750,17806050,0,30852,0,5,0,17576200,51050,3714650,31040,5
165,776323552,11030,870150,21186000,52732650,8555400,83344200,83451350,1526,52557200,21429100,17966900,0,30852,0,5,0,17736900,52550,3700600,31040,5
166,3330991427,11031,1365000,20660100,54952100,6510650,83487850,83594000,1178,54771700,23321800,19868250,0,30852,0,5,0,19643500,51100,3674250,31040,5
167,3282074430,11032,1432950,20882250,53253450,7920100,83488750,83598400,1394,53080200,21420550,17975750,0,30852,0,5,0,17746450,50550,3675950,31040,5
168,2597814595,11033,1513100,20618300,52133000,9221200,83485600,83596800,1647,51964050,21318400,17079800,0,30852,0,5,0,16872150,45500,3749900,31040,5
169,2225601370,11034,866700,21187250,52036850,9393650,83484450,83597300,1717,51866550,21326500,17850100,0,30852,0,5,0,17629850,46500,3706450,31040,5
170,3716853465,11035,899350,21955550,52289950,8341850,83486700,83596200,1491,52118950,21775700,17836700,0,30852,0,5,0,17625850,45750,4190500,31040,5
171,1080675697,11036,882700,20479850,51736300,10381000,83479850,83592850,1837,51559400,20594850,17074200,0,30212,0,5,0,16853200,47650,3745700,30400,5
172,219920238,11037,895950,20679100,52129900,10459400,84164350,84275600,1584,51952500,20845600,17077450,0,30212,0,5,0,16851200,49100,3988650,30400,5
173,3070385651,11038,881800,20590250,51810200,9519500,82801750,82920300,1617,51627050,20666050,17083900,0,30212,0,5,0,16855450,53700,3804100,30400,5
174,2609556270,11039,889100,20528250,52317550,10224950,83959850,84073100,1748,52141850,20955350,17496050,0,30212,0,5,0,17281250,48900,3691000,30400,5
175,141401383,11040,859000,20693600,58992450,2465450,83010500,83117000,403,58821850,27965250,24306050,0,30212,0,5,0,24079750,53350,3896050,30400,5
176,3034105280,11041,1421100,20451550,51559400,10064050,83496100,83597550,1859,51380100,20353850,16878650,0,30212,0,5,0,16669550,43900,3725850,30400,5
177,3029196371,11042,1488000,20641500,52511650,8833850,83475000,83595750,1590,52336600,21024350,17571500,0,30212,0,5,0,17351650,50650,3691200,30400,5
178,699378668,11043,900900,20881800,50694000,11010550,83487250,83597250,1955,50524150,20361450,16578150,0,30212,0,5,0,16368550,46550,4434100,30400,5
179,2402609405,11044,866250,22688650,52166650,7763100,83484650,83599100,1291,51992550,20894600,17483150,0,30212,0,5,0,17268300,45600,3658850,30400,5
CSV_END

STUDY_DONE_d3a03a7632ad=0
# 