/tmp/app --transport unrolled --state-frame 3600 --frames 180 --warmup 30 --wait spin --profile detailed --csv /tmp/transport-frames.csv --grouped && printf "CSV_BEGIN\n" && cat /tmp/transport-frames.csv && printf "CSV_END\n"; study_status=$?; printf "\nSTUDY_DONE_f35119aa5d8c=%s\n" "$study_status"
TRANSPORT mode=unrolled dma_minimum=64
BEGIN_BREAKOUT frames=180 warmup=30 fixed=0 blocks=40 tiles=1 hud=1 wait=spin replay=0 state_frame=3600 profile=detailed pixel_centers=1 clock_call_ns=5518
HW_COUNTERS unavailable
RESULT frames=180 elapsed_s=6.353288100 fps=28.331786 logic_ms=0.747117 api_ms=8.867731 swap_ms=22.252089 wait_ms=3.266347 worker_inclusive_ms=22.034015 upload_inclusive_ms=4.781438 write_ms=4.541981 bytes_per_frame=18724.00 p50_ms=33.438850 p95_ms=50.159900 max_ms=50.626050 late_60hz=180 first_count=23845 last_count=24024 state_hash=3933ec17 remaining=6 score=340
RENDER_PATH retained=0 grouped=1 quads=7380 full_frames=180
BREAKOUT_PASS
CSV_BEGIN
frame,state_hash,display_count,logic_ns,api_ns,swap_ns,wait_ns,total_ns,completion_interval_ns,polls,worker_inclusive_ns,upload_inclusive_ns,write_ns,read_ns,write_bytes,read_bytes,write_calls,read_calls,dma_copy_ns,dma_launch_ns,dma_completion_wait_ns,dma_bytes,dma_lists
0,3653798554,23845,659350,8661000,21839950,2231950,33392250,33401650,474,21661950,4134750,3967950,0,18692,0,5,0,0,0,0,0,0
1,4254654458,23846,666550,8518200,22151800,1482200,32818750,33439100,192,21981150,4872450,4668250,0,18692,0,5,0,0,0,0,0,0
2,258432485,23847,663750,8605400,22260050,1793200,33322400,33436250,379,22083800,5311450,5090450,0,18692,0,5,0,0,0,0,0,0
3,872827290,23848,664550,9263600,21121000,2545500,33594650,33707500,428,20944400,4098450,3917200,0,18692,0,5,0,0,0,0,0,0
4,30312805,23849,665950,8810700,22608750,974250,33059650,33170000,203,22434750,5572650,5354500,0,18692,0,5,0,0,0,0,0,0
5,4016430808,23850,653200,8598800,22070300,2010750,33333050,33436300,426,21890400,5095500,4890850,0,18692,0,5,0,0,0,0,0,0
6,3012967645,23851,661500,9182850,21478450,2002250,33325050,33443150,309,21299050,4353850,4176250,0,18692,0,5,0,0,0,0,0,0
7,3593359732,23852,673850,8501450,22028450,2122850,33326600,33438950,301,21856050,4877300,4679800,0,18692,0,5,0,0,0,0,0,0
8,2714884843,23853,662200,8606050,22038750,2015700,33322700,33433550,427,21861700,4329750,4154700,0,19012,0,5,0,0,0,0,0,0
9,1754706848,23854,1346150,8535250,21816200,1636000,33333600,33442800,224,21634000,4550200,4361200,0,19012,0,5,0,0,0,0,0,0
10,634139175,23855,660450,8558450,24813150,16013500,50045550,50158650,3040,24652150,4586300,4390100,0,18692,0,5,0,0,0,0,0,0
11,2225001302,23856,678850,9064450,21132750,2476500,33352550,33467700,414,20951000,4085400,3906950,0,18692,0,5,0,0,0,0,0,0
12,3881591779,23857,663650,8679350,21951300,2002200,33296500,33407450,302,21780550,4865000,4669850,0,18692,0,5,0,0,0,0,0,0
13,2688998526,23858,664450,8573650,22202750,1884800,33325650,33437100,399,22026100,4248050,4072400,0,18692,0,5,0,0,0,0,0,0
14,3733755993,23859,711550,8691050,22368850,16732000,48503450,50157950,3219,22195700,5417600,5213700,0,18692,0,5,0,0,0,0,0,0
15,4110562030,23860,666300,8587300,22417550,1653100,33324250,33439250,349,22242050,4392800,4217700,0,18692,0,5,0,0,0,0,0,0
16,2165534041,23861,656150,9376300,21056000,2376700,33465150,33571650,390,20869700,4085650,3912250,0,18692,0,5,0,0,0,0,0,0
17,51482660,23862,669000,8497750,22046500,1980650,33193900,33304450,294,21870450,4915850,3789900,0,18692,0,5,0,0,0,0,0,0
18,1808653113,23863,661850,8582450,21980400,2103800,33328500,33440550,446,21805400,5115300,4161850,0,18692,0,5,0,0,0,0,0,0
19,3012136936,23864,1338850,8504000,21740150,1749000,33332000,33440650,252,21555950,4569900,4388250,0,18692,0,5,0,0,0,0,0,0
20,1547905167,23865,663650,8502350,21936900,2221750,33324650,33435700,322,21764750,4847100,4641800,0,18692,0,5,0,0,0,0,0,0
21,2010544228,23866,665000,15659500,22568050,11347650,50240200,50351200,2145,22390600,5318300,5092250,0,18692,0,5,0,0,0,0,0,0
22,2331187115,23867,662350,8533300,21812100,2125200,33132950,33244800,330,21633500,4752300,4570250,0,18692,0,5,0,0,0,0,0,0
23,591091010,23868,670200,8582500,22225300,1852350,33330350,33439950,392,22049550,4410750,4242050,0,18692,0,5,0,0,0,0,0,0
24,3337222943,23869,663550,9171500,24069450,16141300,50045800,50156300,3092,23891700,5287950,5061750,0,18692,0,5,0,0,0,0,0,0
25,541067522,23870,667950,8574800,22301600,1782500,33326850,33438850,377,22125600,5373100,5154700,0,18692,0,5,0,0,0,0,0,0
26,1909576061,23871,659300,9317300,21093600,2576850,33647050,33756300,431,20916800,4087350,3910650,0,18692,0,5,0,0,0,0,0,0
27,3576416482,23872,663450,8861250,22611650,872150,33008500,33121650,181,22441050,5435100,5228800,0,18692,0,5,0,0,0,0,0,0
28,2786439485,23873,662200,8612400,22196150,1866150,33336900,33438300,395,22016400,5307750,5094900,0,18692,0,5,0,0,0,0,0,0
29,1931780192,23874,665850,9261400,21177700,2228100,33333050,33440900,358,20998450,4174000,3996700,0,18692,0,5,0,0,0,0,0,0
30,1799980229,23875,668100,8486100,21720350,2451150,33325700,33435350,399,21545950,4684500,4503550,0,18692,0,5,0,0,0,0,0,0
31,3538847580,23876,676200,8555100,21936700,2159100,33327100,33439300,458,21763750,4296500,4124450,0,18692,0,5,0,0,0,0,0,0
32,3831628403,23877,1335300,8537250,21779500,1677900,33329950,33439350,235,21607400,4568600,4378450,0,19012,0,5,0,0,0,0,0,0
33,1903038664,23878,665800,8509000,23052000,1097750,33324550,33434550,230,22871250,5533750,5317000,0,19012,0,5,0,0,0,0,0,0
34,3410263823,23879,653550,8596200,21944800,2138250,33332800,33442650,454,21760950,4251750,4073000,0,18692,0,5,0,0,0,0,0,0
35,3263986894,23880,1246400,8510000,21816600,1752200,33325200,33438450,251,21645150,4567650,4384300,0,18692,0,5,0,0,0,0,0,0
36,2175892875,23881,661700,8609850,22296950,1758700,33327200,33439050,372,22129250,5443350,5238800,0,18692,0,5,0,0,0,0,0,0
37,1813748966,23882,665100,9286350,21296600,2561100,33809150,33916300,431,21110900,4243650,4064900,0,18692,0,5,0,0,0,0,0,0
38,833434417,23883,694300,8774500,22372350,287700,32128850,32958700,55,22194950,5256650,5038600,0,18692,0,5,0,0,0,0,0,0
39,4097282166,23884,665450,10823400,22011350,16549050,50049250,50158450,3156,21839100,4607200,4424600,0,18692,0,5,0,0,0,0,0,0
40,192773425,23885,1197450,8529100,21622600,1980650,33329800,33438200,303,21452550,4594350,4416800,0,18692,0,5,0,0,0,0,0,0
41,858826700,23886,672800,8708300,22349600,1597350,33328050,33436250,337,22176850,5462700,5245550,0,18692,0,5,0,0,0,0,0,0
42,1950483681,23887,655100,8475500,22072000,2131750,33334350,33440600,453,21879000,4161750,3185550,0,18692,0,5,0,0,0,0,0,0
43,575738928,23888,665900,8514100,21883100,1731900,32795000,33436850,245,21714150,4762300,4584350,0,18692,0,5,0,0,0,0,0,0
44,1359536727,23889,666300,8590700,22343850,1727150,33328000,33438800,365,22169300,5315550,5089850,0,18692,0,5,0,0,0,0,0,0
45,3117637717,23890,668700,9422750,21153850,2350000,33595300,33702100,383,20985750,4128900,3947100,0,18692,0,5,0,0,0,0,0,0
46,2557278958,23891,664800,8530300,21830250,2042250,33067600,33178000,311,21654300,4763050,4575900,0,18692,0,5,0,0,0,0,0,0
47,3928984507,23892,667400,8595150,22195500,1866550,33324600,33435800,395,22014850,4402150,4226700,0,18692,0,5,0,0,0,0,0,0
48,3279099526,23893,664300,9202200,21230700,2337000,33434200,33544550,345,21039050,4208300,4031550,0,18692,0,5,0,0,0,0,0,0
49,3402996575,23894,667500,8481550,22009500,2065400,33223950,33334350,315,21837900,4879950,4678350,0,18692,0,5,0,0,0,0,0,0
50,1848951628,23895,665600,9113450,29749950,10984900,50513900,50626050,2025,23854150,4137050,3969350,0,18692,0,5,0,0,0,0,0,0
51,3328119971,23896,676350,8528800,22768600,879800,32853550,32968450,183,22593400,5430550,5226200,0,18692,0,5,0,0,0,0,0,0
52,536923704,23897,655050,8591500,22223500,1867250,33337300,33439250,395,22047500,5262200,5038350,0,18692,0,5,0,0,0,0,0,0
53,991563721,23898,662050,9297700,23956350,16135550,50051650,50161900,3119,23777200,5312350,5076200,0,18692,0,5,0,0,0,0,0,0
54,2482503020,23899,672400,8707250,22308850,1634200,33322700,33436350,345,22133300,5395850,5175900,0,18692,0,5,0,0,0,0,0,0
55,3320786401,23900,665100,8455200,22169950,2457100,33747350,33857950,411,21980450,4265650,4088900,0,18692,0,5,0,0,0,0,0,0
56,1307572882,23901,662950,8494500,22923150,824800,32905400,33017400,171,22749550,5466850,5252950,0,19012,0,5,0,0,0,0,0,0
57,1045847897,23902,656600,8579000,22295750,1805750,33337100,33439050,382,22117850,5126500,4922850,0,19012,0,5,0,0,0,0,0,0
58,2886179050,23903,661000,9232800,21198800,2356950,33449550,33561450,385,21017150,4210900,4031300,0,18692,0,5,0,0,0,0,0,0
59,961732807,23904,671600,8495400,21869350,2167950,33204300,33315400,340,21698800,4771750,4595400,0,18692,0,5,0,0,0,0,0,0
60,1947062354,23905,665950,8561500,22052750,2043500,33323700,33438450,433,21875100,4290300,4121850,0,18692,0,5,0,0,0,0,0,0
61,2075511931,23906,723400,8628950,22487300,16638450,48478100,50159100,3236,22321700,5550850,5347900,0,18692,0,5,0,0,0,0,0,0
62,2408546800,23907,665450,8592400,22341050,1726500,33325400,33439100,365,22169100,5118600,4160600,0,18692,0,5,0,0,0,0,0,0
63,460493639,23908,665950,9467300,21167650,2229600,33530500,33641150,359,20978550,4173600,3997200,0,18692,0,5,0,0,0,0,0,0
64,1463678916,23909,669750,8492750,22077650,1883350,33123500,33233950,279,21904400,4859900,4654400,0,18692,0,5,0,0,0,0,0,0
65,3795713909,23910,667200,8580900,22044150,2034600,33326850,33437550,431,21861650,5122800,4165700,0,18692,0,5,0,0,0,0,0,0
66,1056688136,23911,661150,9334400,21313300,2023150,33332000,33442000,310,21127100,4323500,4145900,0,18692,0,5,0,0,0,0,0,0
67,202923725,23912,675300,8477550,23634300,536150,33323300,33436000,109,23459750,6352700,6100900,0,18692,0,5,0,0,0,0,0,0
68,4012539606,23913,657400,8658250,22402350,1611250,33329250,33439650,341,22218050,4254550,4079500,0,18692,0,5,0,0,0,0,0,0
69,1087445485,23914,1362250,8695000,21569750,1701700,33328700,33438400,240,21398750,4542700,4361750,0,18692,0,5,0,0,0,0,0,0
70,491589414,23915,665400,8548750,22528750,1582500,33325400,33437350,334,22361200,5553600,5340000,0,18692,0,5,0,0,0,0,0,0
71,1293200275,23916,671300,8560700,21891250,2213900,33337150,33440600,470,21715150,4118850,3941650,0,18692,0,5,0,0,0,0,0,0
72,1737595726,23917,1228000,8527300,21934850,1637200,33327350,33436650,226,21762150,4754250,4572000,0,18692,0,5,0,0,0,0,0,0
73,2173390039,23918,671950,8584150,22451750,1623800,33331650,33441800,343,22279350,5540800,5333550,0,18692,0,5,0,0,0,0,0,0
74,2060004372,23919,661250,8470250,22090350,2548400,33770250,33877700,414,21224300,4447000,4278100,0,18692,0,5,0,0,0,0,0,0
75,668607547,23920,670250,8483800,22089750,1638600,32882400,32995800,224,21921450,4858400,4661750,0,18692,0,5,0,0,0,0,0,0
76,3409034624,23921,663500,8591200,22207800,1866050,33328550,33438900,395,22025300,5295000,5077950,0,18692,0,5,0,0,0,0,0,0
77,66914193,23922,669850,9375200,21332050,2025400,33402500,33509200,314,21153400,4314000,4133950,0,18692,0,5,0,0,0,0,0,0
78,2553907572,23923,668150,8494350,22079150,2015150,33256800,33369550,308,21905900,4864050,4657950,0,18692,0,5,0,0,0,0,0,0
79,890390073,23924,669050,8584450,30098400,10996050,50347950,50461650,2095,29914100,5389550,5168500,0,18692,0,5,0,0,0,0,0,0
80,2223873098,23925,668450,8532450,23951100,16594500,49746500,49857450,3174,23771300,6492300,6251850,0,19012,0,5,0,0,0,0,0,0
81,2336881585,23926,667400,8567300,21949150,2140050,33323900,33434000,454,21765950,4126550,3954800,0,19012,0,5,0,0,0,0,0,0
82,4135459074,23927,1295250,10477700,21968500,16303400,50044850,50159100,3154,21801450,4230500,4052900,0,18692,0,5,0,0,0,0,0,0
83,1986260127,23928,670750,8560450,22220650,1867900,33319750,33437550,395,22045700,4425500,4258650,0,18692,0,5,0,0,0,0,0,0
84,353344474,23929,714800,8613450,22535750,16625400,48489400,50160200,3233,22362600,5567550,5351100,0,18692,0,5,0,0,0,0,0,0
85,3169575603,23930,669150,8585150,22525800,1547200,33327300,33437550,327,22356500,5255600,4304050,0,18692,0,5,0,0,0,0,0,0
86,210205944,23931,655100,9187850,21257450,2462700,33563100,33671050,410,21067350,4252900,4075300,0,18692,0,5,0,0,0,0,0,0
87,1677393503,23932,670800,8498750,22136700,1788900,33095150,33207350,255,21963750,4873250,4667800,0,18692,0,5,0,0,0,0,0,0
88,3832728684,23933,660500,8567900,22138800,1960000,33327200,33438200,415,21958900,5253000,5043200,0,18692,0,5,0,0,0,0,0,0
89,2074852568,23934,663650,9315100,21347350,2002950,33329050,33436000,308,21173900,4350400,4172100,0,18692,0,5,0,0,0,0,0,0
90,1464943173,23935,664900,8504750,22054700,2104700,33329050,33439250,323,21880000,4865100,4661600,0,18692,0,5,0,0,0,0,0,0
91,315990800,23936,664300,8571100,22176850,1915700,33327950,33440350,406,21996800,4112800,3940550,0,18692,0,5,0,0,0,0,0,0
92,1451405891,23937,1337850,8721000,21489350,1781100,33329300,33436250,259,21316450,4528250,4337100,0,18692,0,5,0,0,0,0,0,0
93,3196408848,23938,666450,8533150,22550950,1579600,33330150,33438700,333,22382600,5444000,5233150,0,18692,0,5,0,0,0,0,0,0
94,141073587,23939,659900,8587850,21856950,2231300,33336000,33439000,474,21680400,4231300,4061600,0,18692,0,5,0,0,0,0,0,0
95,3576439062,23940,1229450,8670800,21789250,1637950,33327450,33438400,225,21618750,4743150,4565050,0,18692,0,5,0,0,0,0,0,0
96,2798564443,23941,667100,8591400,23987750,16803500,50049750,50162000,3246,23812250,4357100,4168650,0,18692,0,5,0,0,0,0,0,0
97,3409362634,23942,1285350,8871850,21662700,1507400,33327300,33436400,195,21489050,4658500,4471950,0,18692,0,5,0,0,0,0,0,0
98,1459202337,23943,660400,8502900,21857550,2303950,33324800,33435350,367,21685750,4851150,4651500,0,18692,0,5,0,0,0,0,0,0
99,1984418334,23944,667700,8543850,22004000,2111450,33327000,33438850,448,21826650,4106150,3933900,0,18692,0,5,0,0,0,0,0,0
100,2690152925,23945,1252750,8508150,21441300,2132450,33334650,33443850,308,21267200,4441850,3474000,0,18692,0,5,0,0,0,0,0,0
101,2607809844,23946,671150,8603350,22301750,1745650,33321900,33432850,369,22133100,5436450,5220600,0,18692,0,5,0,0,0,0,0,0
102,3522750362,23947,657650,8506350,22107150,2554700,33825850,33932000,431,21916650,4242750,4060650,0,18692,0,5,0,0,0,0,0,0
103,2368404599,23948,671600,8499250,22902750,760150,32833750,32947550,157,22732950,5430650,5216600,0,18692,0,5,0,0,0,0,0,0
104,3250007036,23949,657200,8770200,22209050,1697950,33334400,33437050,359,22030050,5266050,5051400,0,19012,0,5,0,0,0,0,0,0
105,1111684799,23950,666050,9151100,21679800,2024100,33521050,33632700,314,21498650,4420750,4240550,0,19012,0,5,0,0,0,0,0,0
106,2213018028,23951,662150,8501050,21782350,2184800,33130350,33245700,344,21610200,4747750,4560850,0,18692,0,5,0,0,0,0,0,0
107,3171439817,23952,703900,9516850,29197400,9911650,49329800,50160300,1928,29013850,4219500,4042550,0,18692,0,5,0,0,0,0,0,0
108,2255827236,23953,669500,8696600,21771600,1776350,32914050,33437250,256,21590700,4741500,4562500,0,18692,0,5,0,0,0,0,0,0
109,2472184909,23954,669700,8873500,22227450,1554700,33325350,33435350,328,22056550,5263300,5048150,0,18692,0,5,0,0,0,0,0,0
110,3140412334,23955,657750,9129200,23949750,30650,33767350,33876600,0,23784500,5492300,4709150,0,18692,0,5,0,0,0,0,0,0
111,785888721,23956,667200,8525950,22690650,1009350,32893150,33001250,210,22523450,5437950,5235400,0,18692,0,5,0,0,0,0,0,0
112,1084583170,23957,658450,8588650,22293150,1795700,33335950,33438350,380,22110900,5390500,5177950,0,18692,0,5,0,0,0,0,0,0
113,4019848443,23958,661350,9174250,21216300,2281050,33332950,33438550,369,21042450,4237600,4059600,0,18692,0,5,0,0,0,0,0,0
114,808788421,23959,662600,8504850,22083900,2077750,33329100,33440500,318,21911400,4870450,4665250,0,18692,0,5,0,0,0,0,0,0
115,3645042740,23960,664550,8576500,22237250,1849950,33328250,33440150,392,22054800,4112150,3941000,0,18692,0,5,0,0,0,0,0,0
116,2991496187,23961,1476800,8524200,21616850,1714150,33332000,33438650,245,21445600,4634550,4447300,0,18692,0,5,0,0,0,0,0,0
117,3919662364,23962,668250,8526150,22599700,1532000,33326100,33435700,323,22430750,5439750,5233150,0,18692,0,5,0,0,0,0,0,0
118,1681074571,23963,660550,8544350,21902150,2229300,33336350,33439050,473,21728500,4221800,4058600,0,18692,0,5,0,0,0,0,0,0
119,4218967458,23964,1217450,8692100,21862200,1555100,33326850,33437200,208,21694550,4762450,4581450,0,18692,0,5,0,0,0,0,0,0
120,625353107,23965,665300,8614450,22424200,1630000,33333950,33441950,344,22244600,5404950,5194300,0,18692,0,5,0,0,0,0,0,0
121,3717195990,23966,666300,8470050,22166750,2474300,33777400,33883050,412,21983150,4088750,3905850,0,18692,0,5,0,0,0,0,0,0
122,2425705089,23967,662350,8671300,21926650,1618150,32878450,32992400,220,21751400,4863200,4661000,0,18692,0,5,0,0,0,0,0,0
123,2555484258,23968,666900,8588750,22371400,1697600,33324650,33439050,358,22189700,5445550,5230100,0,18692,0,5,0,0,0,0,0,0
124,1141451493,23969,652250,9152150,21076600,2581350,33462350,33570350,435,20901100,4081450,3906850,0,18692,0,5,0,0,0,0,0,0
125,1505942736,23970,667800,8502000,22150400,1872100,33192300,33304400,273,21974650,4874250,4670400,0,18692,0,5,0,0,0,0,0,0
126,2491710369,23971,657450,10894400,21750250,17121700,50423800,50538450,3229,21578150,4740400,4550050,0,18692,0,5,0,0,0,0,0,0
127,2825516936,23972,673600,8525400,23490800,260300,32950100,33061550,50,23319150,5528350,5311350,0,18692,0,5,0,0,0,0,0,0
128,809518447,23973,653950,8632350,22266600,1778100,33331000,33438600,376,22090450,5332500,5113650,0,19012,0,5,0,0,0,0,0,0
129,1081694344,23974,661500,9098300,21567600,2223600,33551000,33661600,357,21390500,4299050,4123250,0,19012,0,5,0,0,0,0,0,0
130,3544546839,23975,660400,8490050,21815000,2136900,33102350,33216250,334,21644800,4782100,4603250,0,18692,0,5,0,0,0,0,0,0
131,2291142598,23976,698700,9555000,21174250,1168200,32596150,33434750,245,20986750,4120100,3943450,0,18692,0,5,0,0,0,0,0,0
132,3252385439,23977,659800,9210000,21785600,1678000,33333400,33440250,238,21610200,4612150,4432950,0,18692,0,5,0,0,0,0,0,0
133,1602009306,23978,663700,8476250,23012850,1173800,33326600,33436600,246,22837900,5472700,5267650,0,18692,0,5,0,0,0,0,0,0
134,2497072261,23979,657150,8726300,21915400,2035950,33334800,33440500,432,21735900,4237200,4060050,0,18692,0,5,0,0,0,0,0,0
135,3739067406,23980,1334600,8540900,21804150,1646650,33326300,33437050,229,21632650,4596700,4413850,0,18692,0,5,0,0,0,0,0,0
136,1716074641,23981,659900,8558200,22441450,1666800,33326350,33437950,352,22278150,5449350,5245250,0,18692,0,5,0,0,0,0,0,0
137,3982919220,23982,654150,15819800,22147050,11438600,50059600,50162700,2190,21966250,5182300,4956850,0,18692,0,5,0,0,0,0,0,0
138,2723337005,23983,661200,8512700,22133850,2017300,33325050,33437550,304,21964450,4895250,4697850,0,18692,0,5,0,0,0,0,0,0
139,733376204,23984,663850,8559850,22311900,1787400,33323000,33434450,378,22128600,4258750,4082450,0,18692,0,5,0,0,0,0,0,0
140,43915006,23985,1347750,8514400,23806100,16385300,50053550,50159900,3142,23634650,5153800,4181200,0,18692,0,5,0,0,0,0,0,0
141,2309932913,23986,668050,8576450,22292300,1788300,33325100,33439450,378,22107650,5281250,5058100,0,18692,0,5,0,0,0,0,0,0
142,1653305798,23987,656200,9223750,21536500,2003150,33419600,33528050,309,21356450,4360400,4183650,0,18692,0,5,0,0,0,0,0,0
143,145291823,23988,667800,8497000,22057650,2015800,33238250,33349500,305,21887450,4912100,4714300,0,18692,0,5,0,0,0,0,0,0
144,3013902878,23989,661500,8746900,21875100,2043900,33327400,33437100,433,21699500,4301500,4129100,0,18692,0,5,0,0,0,0,0,0
145,2859971923,23990,1654150,8523200,22015300,1141700,33334350,33442900,120,21843900,4793550,4613050,0,18692,0,5,0,0,0,0,0,0
146,3026746148,23991,661200,8547400,22490150,1622250,33321000,33434350,342,21743250,4887700,4691700,0,18692,0,5,0,0,0,0,0,0
147,736325239,23992,661600,8708200,21907000,2050750,33327550,33437950,435,21726300,4142500,3967150,0,18692,0,5,0,0,0,0,0,0
148,2759885216,23993,1277800,8523750,21781100,1747650,33330300,33439200,249,21607150,4609000,4416750,0,18692,0,5,0,0,0,0,0,0
149,1930007773,23994,666950,8604250,22398200,1657850,33327250,33439150,350,22225550,5463100,5262350,0,18692,0,5,0,0,0,0,0,0
150,4233548434,23995,653350,8515250,22130100,2035250,33333950,33438400,432,21942300,4261250,4084800,0,19012,0,5,0,0,0,0,0,0
151,3821597075,23996,666750,8832700,22750500,541350,32791300,33440100,110,22568000,5618950,5411400,0,19012,0,5,0,0,0,0,0,0
152,1056834796,23997,652050,8635350,22283950,1760150,33331500,33436550,372,22110300,5348750,5129850,0,19012,0,5,0,0,0,0,0,0
153,2756113825,23998,664350,9123100,21293300,2500500,33581250,33692550,418,21110300,4084750,3907350,0,18692,0,5,0,0,0,0,0,0
154,2193869574,23999,698650,8789700,22371600,488550,32348500,33186850,98,22191450,5438700,5223050,0,18692,0,5,0,0,0,0,0,0
155,39089791,24000,663850,11145900,21642200,16596600,50048550,50155750,3199,21469300,4580250,4385250,0,18692,0,5,0,0,0,0,0,0
156,1158667078,24001,1278800,8546800,21803600,1701950,33331150,33441500,174,21630750,4747550,4570250,0,18692,0,5,0,0,0,0,0,0
157,4085879547,24002,671950,8621300,22425150,1606850,33325250,33435750,339,22252950,5315950,5097100,0,18692,0,5,0,0,0,0,0,0
158,313686028,24003,662850,9199350,21254100,2555250,33671550,33780750,430,21070500,4224950,4049650,0,18692,0,5,0,0,0,0,0,0
159,3216587021,24004,670650,8678700,21976350,1657600,32983300,33098000,226,21803600,4865450,4668300,0,18692,0,5,0,0,0,0,0,0
160,876009466,24005,661400,8595750,22185300,1884700,33327150,33437300,399,22008200,5100000,4186550,0,18692,0,5,0,0,0,0,0,0
161,981002535,24006,664700,9267350,21413200,2030550,33375800,33481250,314,21235900,4393800,4214800,0,18692,0,5,0,0,0,0,0,0
162,47529864,24007,664100,8664650,21950400,2007800,33286950,33399800,303,21777700,4872300,4678100,0,18692,0,5,0,0,0,0,0,0
163,868088385,24008,669200,8917650,22029250,1706450,33322550,33433900,361,21852750,4111750,3935650,0,18692,0,5,0,0,0,0,0,0
164,2331947246,24009,1369400,8564500,21722450,1672850,33329200,33439050,235,21547500,4767300,4586250,0,18692,0,5,0,0,0,0,0,0
165,2168054517,24010,665150,8497500,22680400,1481050,33324100,33437750,312,22511150,5424650,5220550,0,18692,0,5,0,0,0,0,0,0
166,3926666066,24011,658150,14933550,24078200,10381700,50051600,50159000,1945,23894600,4092100,3908950,0,18692,0,5,0,0,0,0,0,0
167,1177610667,24012,682800,8561550,21865550,2218850,33328750,33441050,321,21690150,4762700,4573150,0,18692,0,5,0,0,0,0,0,0
168,3782405190,24013,663250,8584100,22340850,1736800,33325000,33436950,367,22163050,4674100,4497150,0,18692,0,5,0,0,0,0,0,0
169,916405275,24014,1409550,8578450,24033500,16026750,50048250,50158150,3089,23866900,4208150,4041600,0,18692,0,5,0,0,0,0,0,0
170,1596582148,24015,669000,8626150,22339800,1684750,33319700,33435800,356,22157500,5254500,5035050,0,18692,0,5,0,0,0,0,0,0
171,4199562603,24016,666050,9207250,21141200,2519800,33534300,33642300,422,20954100,4083700,3908350,0,18692,0,5,0,0,0,0,0,0
172,3017986708,24017,668100,8670800,21961750,1820000,33120650,33234600,262,21795900,4882100,4677250,0,18692,0,5,0,0,0,0,0,0
173,2654286289,24018,670650,8567450,22278900,1811150,33328150,33439900,383,22098650,4423100,4252100,0,18692,0,5,0,0,0,0,0,0
174,1031695476,24019,654250,9189800,22014500,1471500,33330050,33438650,193,21834050,4566150,4382450,0,19012,0,5,0,0,0,0,0,0
175,2959877989,24020,672100,8609550,22571700,1468850,33322200,33437150,309,21825400,4869750,4669000,0,19012,0,5,0,0,0,0,0,0
176,1566373458,24021,660250,8557550,22107850,2005650,33331300,33439200,425,21924650,4189400,4017500,0,19012,0,5,0,0,0,0,0,0
177,3017804585,24022,1352350,8532850,21476850,1967000,33329050,33439500,299,21309100,4433300,3460300,0,18692,0,5,0,0,0,0,0,0
178,1442923286,24023,675350,8527800,22564800,1555350,33323300,33436750,328,22397500,5438450,5232400,0,18692,0,5,0,0,0,0,0,0
179,959704087,24024,667250,8551800,21970400,2142850,33332300,33439200,455,21792450,4210750,4035450,0,18692,0,5,0,0,0,0,0,0
CSV_END

STUDY_DONE_f35119aa5d8c=0
# 