/tmp/app-if17 --transport apb --state-frame 0 --dma-minimum 64 --frames 180 --warmup 30 --wait spin --profile frame --csv /tmp/transport-frames.csv --grouped --dump /tmp/transport-frame.raw && printf "CSV_BEGIN\n" && cat /tmp/transport-frames.csv && printf "CSV_END\n"; study_status=$?; printf "\nSTUDY_DONE_2cb7be7e2296=%s\n" "$study_status"
TRANSPORT mode=apb dma_minimum=64
BEGIN_BREAKOUT frames=180 warmup=30 fixed=0 blocks=40 tiles=1 hud=1 wait=spin replay=0 state_frame=0 profile=frame pixel_centers=1 clock_call_ns=6130
HW_COUNTERS unavailable
RESULT frames=180 elapsed_s=11.736899450 fps=15.336248 logic_ms=0.000000 api_ms=0.000000 swap_ms=0.000000 wait_ms=0.000000 worker_inclusive_ms=0.000000 upload_inclusive_ms=0.000000 write_ms=0.000000 bytes_per_frame=28820.00 p50_ms=66.877250 p95_ms=67.108350 max_ms=67.477450 late_60hz=180 first_count=289 last_count=468 state_hash=8f34e8fd remaining=38 score=20
RENDER_PATH retained=0 grouped=1 quads=13131 full_frames=180
FRAME_CHECK count=468 address=9fe00000 fnv1a=79c99b23 pixels=307200 mismatches=0
BREAKOUT_PASS
CSV_BEGIN
frame,state_hash,display_count,logic_ns,api_ns,swap_ns,wait_ns,total_ns,completion_interval_ns,polls,worker_inclusive_ns,upload_inclusive_ns,write_ns,read_ns,write_bytes,read_bytes,write_calls,read_calls,dma_copy_ns,dma_launch_ns,dma_completion_wait_ns,dma_bytes,dma_lists
0,3724779174,289,0,0,0,0,66825950,66838650,3255,0,0,0,0,28820,0,3,0,0,0,0,0,0
1,1709657109,290,0,0,0,0,66759150,66873650,3007,0,0,0,0,28820,0,3,0,0,0,0,0,0
2,1894904752,291,0,0,0,0,66764050,66876850,3051,0,0,0,0,28820,0,3,0,0,0,0,0,0
3,3703759967,292,0,0,0,0,50044500,50155200,59,0,0,0,0,28820,0,3,0,0,0,0,0,0
4,19533624,293,0,0,0,0,66775900,66879250,2968,0,0,0,0,28820,0,3,0,0,0,0,0,0
5,816884773,294,0,0,0,0,66766900,66877250,2686,0,0,0,0,28820,0,3,0,0,0,0,0,0
6,1339236364,295,0,0,0,0,50047450,50158600,50,0,0,0,0,28820,0,3,0,0,0,0,0,0
7,3072959373,296,0,0,0,0,66774450,66877850,2991,0,0,0,0,28820,0,3,0,0,0,0,0,0
8,1782884746,297,0,0,0,0,66762650,66879150,3028,0,0,0,0,28820,0,3,0,0,0,0,0,0
9,30296781,298,0,0,0,0,67096950,67209200,3234,0,0,0,0,28820,0,3,0,0,0,0,0,0
10,4026418858,299,0,0,0,0,66427950,66542100,3127,0,0,0,0,28820,0,3,0,0,0,0,0,0
11,2084929051,300,0,0,0,0,66766100,66878150,1588,0,0,0,0,28820,0,3,0,0,0,0,0,0
12,3114489770,301,0,0,0,0,66760400,66876850,3047,0,0,0,0,28820,0,3,0,0,0,0,0,0
13,891400471,302,0,0,0,0,66765900,66877550,2772,0,0,0,0,28820,0,3,0,0,0,0,0,0
14,3472773456,303,0,0,0,0,65358250,66875550,2814,0,0,0,0,28820,0,3,0,0,0,0,0,0
15,3010688243,304,0,0,0,0,66766100,66877850,2663,0,0,0,0,28820,0,3,0,0,0,0,0,0
16,2819524756,305,0,0,0,0,50044200,50154700,53,0,0,0,0,28820,0,3,0,0,0,0,0,0
17,3241678401,306,0,0,0,0,66778200,66885450,2968,0,0,0,0,28820,0,3,0,0,0,0,0,0
18,2154316504,307,0,0,0,0,66761100,66875100,3068,0,0,0,0,28820,0,3,0,0,0,0,0,0
19,772262681,308,0,0,0,0,67038350,67148850,3263,0,0,0,0,28820,0,3,0,0,0,0,0,0
20,3882818750,309,0,0,0,0,66490600,66601600,3037,0,0,0,0,28820,0,3,0,0,0,0,0,0
21,521131153,310,0,0,0,0,66765550,66879950,2812,0,0,0,0,28820,0,3,0,0,0,0,0,0
22,1838187414,311,0,0,0,0,66763500,66876150,3120,0,0,0,0,28820,0,3,0,0,0,0,0,0
23,840574439,312,0,0,0,0,66768400,66879300,3162,0,0,0,0,28820,0,3,0,0,0,0,0,0
24,2879461878,313,0,0,0,0,66764150,66878000,3151,0,0,0,0,28820,0,3,0,0,0,0,0,0
25,202086035,314,0,0,0,0,66764150,66876650,3096,0,0,0,0,29140,0,3,0,0,0,0,0,0
26,959703924,315,0,0,0,0,50033650,50149950,57,0,0,0,0,29140,0,3,0,0,0,0,0,0
27,3795724423,316,0,0,0,0,66774200,66881200,1332,0,0,0,0,29140,0,3,0,0,0,0,0,0
28,2500539904,317,0,0,0,0,66767150,66880150,3004,0,0,0,0,28820,0,3,0,0,0,0,0,0
29,2269000541,318,0,0,0,0,66996950,67108350,2881,0,0,0,0,28820,0,3,0,0,0,0,0,0
30,1900681108,319,0,0,0,0,66531950,66646050,3089,0,0,0,0,28820,0,3,0,0,0,0,0,0
31,3680168245,320,0,0,0,0,66763550,66875200,3192,0,0,0,0,28820,0,3,0,0,0,0,0,0
32,2344329490,321,0,0,0,0,66766050,66876750,3090,0,0,0,0,28820,0,3,0,0,0,0,0,0
33,2130650181,322,0,0,0,0,66766050,66879000,3193,0,0,0,0,28820,0,3,0,0,0,0,0,0
34,906966818,323,0,0,0,0,66759000,66877900,3112,0,0,0,0,28820,0,3,0,0,0,0,0,0
35,3939376531,324,0,0,0,0,66762750,66877350,3060,0,0,0,0,28820,0,3,0,0,0,0,0,0
36,2110688546,325,0,0,0,0,66868150,66980400,2760,0,0,0,0,28820,0,3,0,0,0,0,0,0
37,2695523007,326,0,0,0,0,65920050,66771700,3081,0,0,0,0,28820,0,3,0,0,0,0,0,0
38,744447992,327,0,0,0,0,66763650,66878650,3211,0,0,0,0,28820,0,3,0,0,0,0,0,0
39,3728640411,328,0,0,0,0,66765250,66878400,2951,0,0,0,0,28820,0,3,0,0,0,0,0,0
40,618879740,329,0,0,0,0,66764900,66873650,3194,0,0,0,0,28820,0,3,0,0,0,0,0,0
41,1239708057,330,0,0,0,0,66766000,66879300,3124,0,0,0,0,28820,0,3,0,0,0,0,0,0
42,2429742208,331,0,0,0,0,66763800,66875950,1540,0,0,0,0,28820,0,3,0,0,0,0,0,0
43,412095716,332,0,0,0,0,50042550,50151950,74,0,0,0,0,28820,0,3,0,0,0,0,0,0
44,1226741467,333,0,0,0,0,66785450,66889200,2636,0,0,0,0,28820,0,3,0,0,0,0,0,0
45,3288446148,334,0,0,0,0,66747500,66871950,3100,0,0,0,0,28820,0,3,0,0,0,0,0,0
46,1157984843,335,0,0,0,0,66795350,66909250,3045,0,0,0,0,28820,0,3,0,0,0,0,0,0
47,3877288378,336,0,0,0,0,66732600,66841700,3188,0,0,0,0,28820,0,3,0,0,0,0,0,0
48,4236526315,337,0,0,0,0,66764600,66877350,3199,0,0,0,0,28820,0,3,0,0,0,0,0,0
49,533834014,338,0,0,0,0,66764400,66881300,3028,0,0,0,0,28820,0,3,0,0,0,0,0,0
50,1649361089,339,0,0,0,0,66762750,66874650,3217,0,0,0,0,28820,0,3,0,0,0,0,0,0
51,2486981906,340,0,0,0,0,66768800,66879250,3121,0,0,0,0,28820,0,3,0,0,0,0,0,0
52,1706075277,341,0,0,0,0,66765500,66876150,2737,0,0,0,0,28820,0,3,0,0,0,0,0,0
53,267972368,342,0,0,0,0,66760850,66874800,3153,0,0,0,0,28820,0,3,0,0,0,0,0,0
54,3895401273,343,0,0,0,0,66761900,66877400,3180,0,0,0,0,28820,0,3,0,0,0,0,0,0
55,605985656,344,0,0,0,0,66767350,66880450,2989,0,0,0,0,28820,0,3,0,0,0,0,0,0
56,4077673024,345,0,0,0,0,66763950,66876800,3046,0,0,0,0,28820,0,3,0,0,0,0,0,0
57,985632231,346,0,0,0,0,66758100,66875100,3235,0,0,0,0,28820,0,3,0,0,0,0,0,0
58,3720590956,347,0,0,0,0,66340800,66875800,1593,0,0,0,0,28820,0,3,0,0,0,0,0,0
59,3264032585,348,0,0,0,0,66766450,66880250,3146,0,0,0,0,28820,0,3,0,0,0,0,0,0
60,395405688,349,0,0,0,0,66023200,66874400,2570,0,0,0,0,28820,0,3,0,0,0,0,0,0
61,32142420,350,0,0,0,0,66763050,66878850,3148,0,0,0,0,28820,0,3,0,0,0,0,0,0
62,1187067055,351,0,0,0,0,66761100,66875250,3077,0,0,0,0,28820,0,3,0,0,0,0,0,0
63,459140908,352,0,0,0,0,66764600,66879750,3058,0,0,0,0,28820,0,3,0,0,0,0,0,0
64,3369786495,353,0,0,0,0,67039450,67152450,3142,0,0,0,0,28820,0,3,0,0,0,0,0,0
65,1572434254,354,0,0,0,0,66489000,66600600,3134,0,0,0,0,28820,0,3,0,0,0,0,0,0
66,4107798823,355,0,0,0,0,66762150,66876050,3186,0,0,0,0,28820,0,3,0,0,0,0,0,0
67,343968250,356,0,0,0,0,66765400,66877500,2638,0,0,0,0,28820,0,3,0,0,0,0,0,0
68,3102454017,357,0,0,0,0,66765950,66880350,3147,0,0,0,0,28820,0,3,0,0,0,0,0,0
69,3051095563,358,0,0,0,0,66764100,66876000,3101,0,0,0,0,28820,0,3,0,0,0,0,0,0
70,2391331016,359,0,0,0,0,66760150,66874150,3006,0,0,0,0,28820,0,3,0,0,0,0,0,0
71,3869016117,360,0,0,0,0,50042550,50155800,59,0,0,0,0,28820,0,3,0,0,0,0,0,0
72,1579800804,361,0,0,0,0,66776100,66879900,3025,0,0,0,0,28820,0,3,0,0,0,0,0,0
73,2792341157,362,0,0,0,0,66765700,66882850,1857,0,0,0,0,28820,0,3,0,0,0,0,0,0
74,714702942,363,0,0,0,0,66947650,67074600,2950,0,0,0,0,28820,0,3,0,0,0,0,0,0
75,1092538936,364,0,0,0,0,66564350,66676350,2824,0,0,0,0,28820,0,3,0,0,0,0,0,0
76,1561271239,365,0,0,0,0,66759300,66873700,2678,0,0,0,0,28820,0,3,0,0,0,0,0,0
77,3798074098,366,0,0,0,0,66763100,66878650,2941,0,0,0,0,28820,0,3,0,0,0,0,0,0
78,3022639071,367,0,0,0,0,66761650,66876400,3199,0,0,0,0,28820,0,3,0,0,0,0,0,0
79,2282770062,368,0,0,0,0,66766250,66878000,3064,0,0,0,0,28820,0,3,0,0,0,0,0,0
80,1626512457,369,0,0,0,0,66763400,66878600,3054,0,0,0,0,28820,0,3,0,0,0,0,0,0
81,3156888026,370,0,0,0,0,50034600,50151500,70,0,0,0,0,28820,0,3,0,0,0,0,0,0
82,3038824309,371,0,0,0,0,66774550,66883900,3052,0,0,0,0,28820,0,3,0,0,0,0,0,0
83,1261846460,372,0,0,0,0,66760350,66876700,2647,0,0,0,0,28820,0,3,0,0,0,0,0,0
84,2035201521,373,0,0,0,0,66169700,67024000,2800,0,0,0,0,29140,0,3,0,0,0,0,0,0
85,2164446652,374,0,0,0,0,66616550,66730150,3126,0,0,0,0,29140,0,3,0,0,0,0,0,0
86,2017191835,375,0,0,0,0,66758000,66875250,3082,0,0,0,0,29140,0,3,0,0,0,0,0,0
87,3029138484,376,0,0,0,0,66762200,66879550,2999,0,0,0,0,28820,0,3,0,0,0,0,0,0
88,50355403,377,0,0,0,0,66768250,66879650,3174,0,0,0,0,28820,0,3,0,0,0,0,0,0
89,654213990,378,0,0,0,0,66762200,66874700,1411,0,0,0,0,28820,0,3,0,0,0,0,0,0
90,2360099787,379,0,0,0,0,66761450,66875650,3082,0,0,0,0,28820,0,3,0,0,0,0,0,0
91,2424818746,380,0,0,0,0,66768000,66879650,2637,0,0,0,0,28820,0,3,0,0,0,0,0,0
92,1971386461,381,0,0,0,0,66763050,66875100,3186,0,0,0,0,28820,0,3,0,0,0,0,0,0
93,3386045126,382,0,0,0,0,66762950,66878750,3003,0,0,0,0,28820,0,3,0,0,0,0,0,0
94,1429641961,383,0,0,0,0,66761600,66877200,3014,0,0,0,0,28820,0,3,0,0,0,0,0,0
95,3022846880,384,0,0,0,0,66763450,66874850,3238,0,0,0,0,28820,0,3,0,0,0,0,0,0
96,1601897261,385,0,0,0,0,66764350,66876350,3026,0,0,0,0,28820,0,3,0,0,0,0,0,0
97,1229951528,386,0,0,0,0,66762750,66876150,3112,0,0,0,0,28820,0,3,0,0,0,0,0,0
98,4065171759,387,0,0,0,0,66871400,66987050,2766,0,0,0,0,28820,0,3,0,0,0,0,0,0
99,1034325744,388,0,0,0,0,66648250,66768550,3146,0,0,0,0,28820,0,3,0,0,0,0,0,0
100,14078671,389,0,0,0,0,66765750,66880000,3199,0,0,0,0,28820,0,3,0,0,0,0,0,0
101,4024270554,390,0,0,0,0,66759200,66876400,3025,0,0,0,0,28820,0,3,0,0,0,0,0,0
102,896191351,391,0,0,0,0,67120000,67233300,3209,0,0,0,0,28820,0,3,0,0,0,0,0,0
103,2131384102,392,0,0,0,0,66402050,66519150,3118,0,0,0,0,28820,0,3,0,0,0,0,0,0
104,2586210593,393,0,0,0,0,66766850,66879800,1723,0,0,0,0,28820,0,3,0,0,0,0,0,0
105,591918370,394,0,0,0,0,66759350,66875450,2980,0,0,0,0,28820,0,3,0,0,0,0,0,0
106,8814317,395,0,0,0,0,66760950,66875400,2822,0,0,0,0,28820,0,3,0,0,0,0,0,0
107,2340504196,396,0,0,0,0,65349950,66877550,2933,0,0,0,0,28820,0,3,0,0,0,0,0,0
108,3523076009,397,0,0,0,0,66768500,66881650,2943,0,0,0,0,28820,0,3,0,0,0,0,0,0
109,1961669028,398,0,0,0,0,50039900,50152500,56,0,0,0,0,28820,0,3,0,0,0,0,0,0
110,1037581603,399,0,0,0,0,66774050,66881250,3037,0,0,0,0,28820,0,3,0,0,0,0,0,0
111,2701024588,400,0,0,0,0,66758050,66874150,3036,0,0,0,0,28820,0,3,0,0,0,0,0,0
112,215037203,401,0,0,0,0,67071200,67183000,3138,0,0,0,0,28820,0,3,0,0,0,0,0,0
113,3696282862,402,0,0,0,0,66456650,66570450,3103,0,0,0,0,28820,0,3,0,0,0,0,0,0
114,2829142928,403,0,0,0,0,66761800,66877450,2827,0,0,0,0,28820,0,3,0,0,0,0,0,0
115,3204762949,404,0,0,0,0,66769300,66880100,2967,0,0,0,0,28820,0,3,0,0,0,0,0,0
116,3297489190,405,0,0,0,0,66762550,66874550,3210,0,0,0,0,28820,0,3,0,0,0,0,0,0
117,1691704917,406,0,0,0,0,66762400,66877900,3063,0,0,0,0,28820,0,3,0,0,0,0,0,0
118,663957814,407,0,0,0,0,66768050,66879550,3068,0,0,0,0,28820,0,3,0,0,0,0,0,0
119,3058583827,408,0,0,0,0,50042200,50153900,50,0,0,0,0,28820,0,3,0,0,0,0,0,0
120,838545270,409,0,0,0,0,66773200,66879750,1499,0,0,0,0,28820,0,3,0,0,0,0,0,0
121,3608912039,410,0,0,0,0,66763000,66878400,2972,0,0,0,0,28820,0,3,0,0,0,0,0,0
122,4080159716,411,0,0,0,0,67018200,67130050,2825,0,0,0,0,28820,0,3,0,0,0,0,0,0
123,1056027075,412,0,0,0,0,66507100,66620550,3131,0,0,0,0,28820,0,3,0,0,0,0,0,0
124,4057021248,413,0,0,0,0,66764000,66878750,3087,0,0,0,0,28820,0,3,0,0,0,0,0,0
125,2686741161,414,0,0,0,0,66763350,66877700,2988,0,0,0,0,28820,0,3,0,0,0,0,0,0
126,3870849660,415,0,0,0,0,66761900,66876600,3172,0,0,0,0,28820,0,3,0,0,0,0,0,0
127,293449641,416,0,0,0,0,66764300,66878700,2994,0,0,0,0,28820,0,3,0,0,0,0,0,0
128,596064266,417,0,0,0,0,66760100,66874550,3046,0,0,0,0,28820,0,3,0,0,0,0,0,0
129,3715495249,418,0,0,0,0,50041200,50155850,61,0,0,0,0,28820,0,3,0,0,0,0,0,0
130,244680018,419,0,0,0,0,65206750,66881650,2397,0,0,0,0,28820,0,3,0,0,0,0,0,0
131,4080661783,420,0,0,0,0,66762650,66877200,3048,0,0,0,0,28820,0,3,0,0,0,0,0,0
132,4006730450,421,0,0,0,0,50042150,50154200,52,0,0,0,0,28820,0,3,0,0,0,0,0,0
133,3864584507,422,0,0,0,0,66770500,66878350,3042,0,0,0,0,28820,0,3,0,0,0,0,0,0
134,2711027320,423,0,0,0,0,66762300,66876600,3011,0,0,0,0,28820,0,3,0,0,0,0,0,0
135,4099079087,424,0,0,0,0,50042300,50154050,55,0,0,0,0,28820,0,3,0,0,0,0,0,0
136,565333772,425,0,0,0,0,66776750,66880700,1704,0,0,0,0,28820,0,3,0,0,0,0,0,0
137,1028518269,426,0,0,0,0,66763250,66880800,2588,0,0,0,0,28820,0,3,0,0,0,0,0,0
138,2252688136,427,0,0,0,0,67255400,67373400,2808,0,0,0,0,28820,0,3,0,0,0,0,0,0
139,578597309,428,0,0,0,0,66266950,66379200,3088,0,0,0,0,28820,0,3,0,0,0,0,0,0
140,3624439358,429,0,0,0,0,66761100,66875550,3131,0,0,0,0,29140,0,3,0,0,0,0,0,0
141,3514067501,430,0,0,0,0,66765200,66878900,2919,0,0,0,0,29140,0,3,0,0,0,0,0,0
142,2741972910,431,0,0,0,0,66762300,66875450,3123,0,0,0,0,29140,0,3,0,0,0,0,0,0
143,28497579,432,0,0,0,0,66767200,66877250,3061,0,0,0,0,28820,0,3,0,0,0,0,0,0
144,466729326,433,0,0,0,0,66765250,66879350,3060,0,0,0,0,28820,0,3,0,0,0,0,0,0
145,3425349295,434,0,0,0,0,50039100,50152600,60,0,0,0,0,28820,0,3,0,0,0,0,0,0
146,1537640620,435,0,0,0,0,66777150,66881350,2731,0,0,0,0,28820,0,3,0,0,0,0,0,0
147,1853842891,436,0,0,0,0,66759200,66878650,3019,0,0,0,0,28820,0,3,0,0,0,0,0,0
148,1177024904,437,0,0,0,0,50041500,50153300,56,0,0,0,0,28820,0,3,0,0,0,0,0,0
149,4106734849,438,0,0,0,0,66774700,66881600,3028,0,0,0,0,28820,0,3,0,0,0,0,0,0
150,2025356500,439,0,0,0,0,66755600,66874050,2927,0,0,0,0,28820,0,3,0,0,0,0,0,0
151,2189605121,440,0,0,0,0,66762700,66879050,3239,0,0,0,0,28820,0,3,0,0,0,0,0,0
152,4086136290,441,0,0,0,0,66313700,66879050,1475,0,0,0,0,28820,0,3,0,0,0,0,0,0
153,4036669705,442,0,0,0,0,64317800,66877000,2599,0,0,0,0,28820,0,3,0,0,0,0,0,0
154,4167980074,443,0,0,0,0,66760650,66877000,2667,0,0,0,0,28820,0,3,0,0,0,0,0,0
155,51187407,444,0,0,0,0,66764400,66876600,3170,0,0,0,0,28820,0,3,0,0,0,0,0,0
156,2242638442,445,0,0,0,0,66760600,66874700,3069,0,0,0,0,28820,0,3,0,0,0,0,0,0
157,2730108163,446,0,0,0,0,66760250,66877100,3065,0,0,0,0,28820,0,3,0,0,0,0,0,0
158,2718743917,447,0,0,0,0,67069350,67182500,3229,0,0,0,0,28820,0,3,0,0,0,0,0,0
159,3391709842,448,0,0,0,0,66461800,66572050,3132,0,0,0,0,28820,0,3,0,0,0,0,0,0
160,1164604273,449,0,0,0,0,66761200,66877300,3054,0,0,0,0,28820,0,3,0,0,0,0,0,0
161,2148591176,450,0,0,0,0,66764050,66879400,2731,0,0,0,0,28820,0,3,0,0,0,0,0,0
162,4192737573,451,0,0,0,0,66752500,66873750,3137,0,0,0,0,28820,0,3,0,0,0,0,0,0
163,535584840,452,0,0,0,0,66767500,66877900,2990,0,0,0,0,28820,0,3,0,0,0,0,0,0
164,3430794475,453,0,0,0,0,66767400,66880150,3107,0,0,0,0,28820,0,3,0,0,0,0,0,0
165,776323552,454,0,0,0,0,50039450,50153250,69,0,0,0,0,28820,0,3,0,0,0,0,0,0
166,3330991427,455,0,0,0,0,66774950,66883450,2946,0,0,0,0,28820,0,3,0,0,0,0,0,0
167,3282074430,456,0,0,0,0,67363850,67477450,1914,0,0,0,0,28820,0,3,0,0,0,0,0,0
168,2597814595,457,0,0,0,0,66366400,66495900,2871,0,0,0,0,28820,0,3,0,0,0,0,0,0
169,2225601370,458,0,0,0,0,66541800,66656550,2705,0,0,0,0,28820,0,3,0,0,0,0,0,0
170,3716853465,459,0,0,0,0,66744750,66876650,3126,0,0,0,0,28820,0,3,0,0,0,0,0,0
171,1080675697,460,0,0,0,0,50573800,50689750,148,0,0,0,0,28500,0,3,0,0,0,0,0,0
172,219920238,461,0,0,0,0,66230550,66344800,3170,0,0,0,0,28500,0,3,0,0,0,0,0,0
173,3070385651,462,0,0,0,0,66759650,66878250,3163,0,0,0,0,28500,0,3,0,0,0,0,0,0
174,2609556270,463,0,0,0,0,50035200,50152300,160,0,0,0,0,28500,0,3,0,0,0,0,0,0
175,141401383,464,0,0,0,0,66171800,66882700,3187,0,0,0,0,28500,0,3,0,0,0,0,0,0
176,3034105280,465,0,0,0,0,66760800,66876850,3138,0,0,0,0,28500,0,3,0,0,0,0,0,0
177,3029196371,466,0,0,0,0,50033750,50150900,164,0,0,0,0,28500,0,3,0,0,0,0,0,0
178,699378668,467,0,0,0,0,66774600,66880500,2746,0,0,0,0,28500,0,3,0,0,0,0,0,0
179,2402609405,468,0,0,0,0,66768400,66880350,3071,0,0,0,0,28500,0,3,0,0,0,0,0,0
CSV_END

STUDY_DONE_2cb7be7e2296=0
# 