/tmp/app-lto --transport unrolled --state-frame 1800 --frames 180 --warmup 30 --wait spin --profile detailed --csv /tmp/transport-frames.csv --retained && printf "CSV_BEGIN\n" && cat /tmp/transport-frames.csv && printf "CSV_END\n"; study_status=$?; printf "\nSTUDY_DONE_c44cae97c8e7=%s\n" "$study_status"
TRANSPORT mode=unrolled dma_minimum=64
BEGIN_BREAKOUT frames=180 warmup=30 fixed=0 blocks=40 tiles=1 hud=1 wait=spin replay=0 state_frame=1800 profile=detailed pixel_centers=1 clock_call_ns=4732
HW_COUNTERS unavailable
RESULT frames=180 elapsed_s=3.076324800 fps=58.511377 logic_ms=0.970124 api_ms=2.213899 swap_ms=4.262543 wait_ms=9.502268 worker_inclusive_ms=4.058449 upload_inclusive_ms=1.124370 write_ms=0.936444 bytes_per_frame=3235.56 p50_ms=16.719400 p95_ms=17.002950 max_ms=34.074200 late_60hz=164 first_count=13351 last_count=13530 state_hash=1022e19f remaining=21 score=190
RENDER_PATH retained=1 grouped=0 quads=462 full_frames=0
BREAKOUT_PASS
CSV_BEGIN
frame,state_hash,display_count,logic_ns,api_ns,swap_ns,wait_ns,total_ns,completion_interval_ns,polls,worker_inclusive_ns,upload_inclusive_ns,write_ns,read_ns,write_bytes,read_bytes,write_calls,read_calls,dma_copy_ns,dma_launch_ns,dma_completion_wait_ns,dma_bytes,dma_lists
0,2110160739,13351,803400,2809950,4584650,8490100,16688100,16697900,1504,4408400,863250,723400,0,3612,0,5,0,0,0,0,0,0
1,1693181783,13352,1445300,1664250,3938800,9811700,16860050,16964300,1796,3781300,781600,649100,0,2972,0,5,0,0,0,0,0,0
2,802378003,13353,805350,1703400,3874750,9991050,16374550,16472250,1788,3711700,782450,638400,0,2972,0,5,0,0,0,0,0,0
3,773631361,13354,793600,2019200,5237550,8577600,16627950,16719200,1665,5076850,1661300,1505300,0,3612,0,5,0,0,0,0,0,0
4,3600043099,13355,813550,2631900,3908700,8491400,15845550,16719900,1631,3735600,796150,628200,0,2972,0,5,0,0,0,0,0,0
5,1618316913,13356,802350,2373500,3815300,9630400,16621550,16719150,1842,3642800,1567700,1393950,0,2972,0,5,0,0,0,0,0,0
6,201713393,13357,789250,2818800,4427250,8590450,16625750,16720650,1038,4252400,853100,710300,0,3612,0,5,0,0,0,0,0,0
7,2011502881,13358,3877600,2537450,4073700,6110650,16599400,16719000,1082,3910800,789700,641100,0,2972,0,5,0,0,0,0,0,0
8,3125474025,13359,800250,1698000,3881350,10240000,16619600,16718450,1840,3726000,781800,638850,0,2972,0,5,0,0,0,0,0,0
9,1342287211,13360,790600,2892950,4299800,8639400,16622750,16717100,1667,4122950,1591900,567550,0,3612,0,5,0,0,0,0,0,0
10,3857196809,13361,796500,2506450,3801450,9518000,16622400,16721850,1867,3624200,1578950,1430200,0,2972,0,5,0,0,0,0,0,0
11,2240049260,13362,803650,7026850,8287900,17859900,33978300,34074200,3288,8115950,1023550,871100,0,6632,0,5,0,0,0,0,0,0
12,1815897908,13363,849200,7703550,8676650,15466600,32696000,32799850,2936,8503500,1153900,989100,0,7312,0,5,0,0,0,0,0,0
13,648884648,13364,805300,2516450,3065750,10230750,16618250,16721100,1848,2916700,793050,648200,0,3012,0,5,0,0,0,0,0,0
14,2931991803,13365,827450,2418800,3799000,9574800,16620050,16720250,1869,3620150,1561600,1382900,0,2972,0,5,0,0,0,0,0,0
15,4227589206,13366,794750,2770000,4502650,8554550,16621950,16716400,1592,4337700,860150,717300,0,3612,0,5,0,0,0,0,0,0
16,1986714807,13367,1476500,1691350,3858050,9618700,16644600,16739350,1742,3695700,786800,638950,0,2972,0,5,0,0,0,0,0,0
17,28333542,13368,803050,1657350,3891200,10255550,16607150,16700650,1881,3735750,779700,642150,0,2972,0,5,0,0,0,0,0,0
18,842458438,13369,813500,2863150,4165100,8780650,16622400,16718300,1708,3978750,1522450,1374900,0,3612,0,5,0,0,0,0,0,0
19,4035787358,13370,801550,2623950,3739100,9463350,16627950,16723250,1855,3565850,1509450,1353800,0,2972,0,5,0,0,0,0,0,0
20,3966921526,13371,817800,2393800,3889000,9519450,16620050,16715450,1843,3717900,1658800,636650,0,2972,0,5,0,0,0,0,0,0
21,3331783808,13372,1472950,2015150,4413700,8722450,16624250,16720000,1622,4256400,854100,712450,0,3612,0,5,0,0,0,0,0,0
22,1855912102,13373,822450,1691500,3997700,9712550,16224200,16721450,1760,3834950,784650,645300,0,2972,0,5,0,0,0,0,0,0
23,3437663592,13374,795100,1653150,3855850,10651250,16955350,17052250,1593,3708300,781300,638350,0,2972,0,5,0,0,0,0,0,0
24,3162062844,13375,838450,3006350,4496550,7932600,16273950,16385850,1486,4323800,868800,717150,0,3612,0,5,0,0,0,0,0,0
25,1213835568,13376,815750,2364950,3922550,9517600,16620850,16719200,1849,3749000,1692450,1530300,0,2972,0,5,0,0,0,0,0,0
26,4133797692,13377,814700,2424700,4012800,9366450,16618650,16717050,1787,3849100,784450,639550,0,2972,0,5,0,0,0,0,0,0
27,256876650,13378,823800,2048800,5412050,7039600,15324250,16822900,1323,4363100,1710500,1537200,0,4252,0,5,0,0,0,0,0,0
28,482917404,13379,821200,1672000,4018150,10009750,16521100,16617050,1789,3859200,883700,746700,0,3612,0,5,0,0,0,0,0,0
29,1264633954,13380,797400,1641250,3936800,10254900,16630350,16720150,1871,3786750,818150,676350,0,3292,0,5,0,0,0,0,0,0
30,3606135978,13381,816450,2891350,4802850,8114300,16624950,16720700,1541,4625250,1237500,1084200,0,3932,0,5,0,0,0,0,0,0
31,2630115922,13382,812900,2404100,3892000,9506100,16615100,16715050,1815,3721100,1650700,1479950,0,2972,0,5,0,0,0,0,0,0
32,3881483034,13383,1471500,1737700,4063100,9352700,16625000,16719950,1779,3892150,780000,639100,0,2972,0,5,0,0,0,0,0,0
33,2944919204,13384,1273350,2017250,5543650,7790800,16625050,16718700,1504,4614800,1236400,1088700,0,3612,0,5,0,0,0,0,0,0
34,646532490,13385,825650,1687300,3843600,10262950,16619500,16721850,1844,3677050,790450,652550,0,2972,0,5,0,0,0,0,0,0
35,2877853796,13386,799400,1646750,3847800,10327950,16621900,16717150,1820,3696450,779550,637800,0,2972,0,5,0,0,0,0,0,0
36,1922367648,13387,822000,2860750,4942700,7995650,16621100,16721850,1484,4761450,1243550,1100850,0,3612,0,5,0,0,0,0,0,0
37,1795563108,13388,811700,2391250,3966800,9446100,16615850,16717400,1787,3795400,780300,639450,0,2972,0,5,0,0,0,0,0,0
38,214631552,13389,1406700,1685350,3933950,9788750,16814750,16912550,1787,3756550,778550,639150,0,2972,0,5,0,0,0,0,0,0
39,1929726190,13390,813950,2003900,5549150,8065400,16432400,16527550,1559,4619150,1237700,1090300,0,3612,0,5,0,0,0,0,0,0
40,1190506064,13391,826350,1681300,3843450,10265850,16616950,16718500,1842,3683200,788250,648900,0,2972,0,5,0,0,0,0,0,0
41,3268351150,13392,800750,2553400,3942950,9327150,16624250,16718950,1826,3769350,1687700,1536600,0,2972,0,5,0,0,0,0,0,0
42,118037070,13393,817050,2766600,4962850,8072750,16619250,16718250,1499,4789250,1236950,1091650,0,3612,0,5,0,0,0,0,0,0
43,1955195062,13394,807700,2377550,4068150,9366000,16619400,16719800,1782,3901000,781300,643200,0,2972,0,5,0,0,0,0,0,0
44,1797432467,13395,1398350,1682200,3875500,9667650,16623700,16720750,1752,3711700,783750,641950,0,2972,0,5,0,0,0,0,0,0
45,1035442557,13396,800600,1980050,5573350,8266700,16620700,16716750,1599,5419450,2019650,1865450,0,3612,0,5,0,0,0,0,0,0
46,2267612867,13397,827300,1682450,3846400,10263050,16619200,16722650,1870,3695200,781700,643750,0,2972,0,5,0,0,0,0,0,0
47,1217717069,13398,805750,2594950,3828950,9386350,16616000,16716350,1828,3662750,1589650,1416350,0,2972,0,5,0,0,0,0,0,0
48,1461268009,13399,815250,2781950,5256300,7768050,16621550,16719000,1411,5082400,1235250,1092950,0,3612,0,5,0,0,0,0,0,0
49,2370304197,13400,1411100,1655700,3987850,9850950,16905600,17002950,1804,3827900,781100,647550,0,2972,0,5,0,0,0,0,0,0
50,655561417,13401,825350,1673650,3990400,9848700,16338100,16438950,1790,3830900,784800,645950,0,2972,0,5,0,0,0,0,0,0
51,524675839,13402,824250,3014100,5156450,6843250,15838050,16719400,1259,4991900,1470150,1318050,0,4252,0,5,0,0,0,0,0,0
52,1155835041,13403,829850,2613750,4116600,9058900,16619100,16718250,1760,3920300,1819100,1655800,0,3612,0,5,0,0,0,0,0,0
53,214853719,13404,806500,2368100,4048900,9402200,16625700,16720650,1820,3879400,1770050,1594350,0,3292,0,5,0,0,0,0,0,0
54,3035389575,13405,817150,2743350,5082950,7977550,16621000,16716800,1136,4915150,1461900,1318900,0,3932,0,5,0,0,0,0,0,0
55,1549109231,13406,1348550,1681550,3873050,9708200,16611350,16719150,1765,3719200,781150,642800,0,2972,0,5,0,0,0,0,0,0
56,66132623,13407,818850,1680100,3838350,10286850,16624150,16719100,1851,3683600,782250,645350,0,2972,0,5,0,0,0,0,0,0
57,3504604473,13408,799700,2830850,4205800,8789550,16625900,16719450,1707,4026150,1494850,1348800,0,3612,0,5,0,0,0,0,0,0
58,1691498415,13409,825200,2527300,3746550,9521250,16620300,16719200,1871,3573350,1543400,1392000,0,2972,0,5,0,0,0,0,0,0
59,4055346753,13410,802350,2397650,3893200,9527900,16621100,16718750,1820,3733800,801600,644250,0,2972,0,5,0,0,0,0,0,0
60,4185240021,13411,1434300,2064500,4975050,8626950,17100800,17197650,1438,4811300,1463650,1321200,0,3612,0,5,0,0,0,0,0,0
61,380494641,13412,810600,1655100,3888150,9787400,16141250,16242800,1779,3729350,782900,636800,0,2972,0,5,0,0,0,0,0,0
62,648826037,13413,815400,1664500,3850100,10288700,16618700,16717400,1844,3691000,794300,650650,0,2972,0,5,0,0,0,0,0,0
63,457329003,13414,800050,2931850,4994550,7896600,16623050,16722900,1504,4820450,2310250,2125650,0,3612,0,5,0,0,0,0,0,0
64,3359035981,13415,821300,2422400,3834150,9541250,16619100,16715600,1858,3659600,1594850,1430350,0,2972,0,5,0,0,0,0,0,0
65,1526400123,13416,798650,2352750,4085150,9386150,16622700,16720150,1764,3921300,773800,637450,0,2972,0,5,0,0,0,0,0,0
66,1691524227,13417,4043650,4187750,7715600,17384700,33331700,33437650,3248,4847550,1468200,1325400,0,3612,0,5,0,0,0,0,0,0
67,1475349003,13418,819550,1675500,3876450,10242000,16613500,16720900,1840,3722900,788450,645250,0,2972,0,5,0,0,0,0,0,0
68,485644907,13419,823200,2572450,3935150,9289250,16620050,16717700,1819,3752050,1711900,1564050,0,2972,0,5,0,0,0,0,0,0
69,1050479637,13420,810500,2768500,5220950,7826800,16626750,16722600,1442,5062050,1458750,1315850,0,3612,0,5,0,0,0,0,0,0
70,3204525547,13421,1475200,1702250,4056400,9380150,16614000,16716900,1785,3877650,780550,639750,0,2972,0,5,0,0,0,0,0,0
71,4185398997,13422,808400,1662850,3882700,9724050,16078000,16720350,1765,3722800,782750,645900,0,2972,0,5,0,0,0,0,0,0
72,3094072225,13423,806350,2013700,5511600,8290700,16622350,16719950,1603,5321900,1708100,1551900,0,3612,0,5,0,0,0,0,0,0
73,1835371693,13424,807250,1649750,3808300,10356750,16622050,16719750,1892,3662900,777300,638700,0,2972,0,5,0,0,0,0,0,0
74,2168771505,13425,840900,2749600,4003500,8242650,15836650,16716350,1539,3828200,786200,639850,0,2972,0,5,0,0,0,0,0,0
75,4059398759,13426,812850,2693150,5532150,7585000,16623150,16721150,1383,5356600,1683000,1539500,0,4252,0,5,0,0,0,0,0,0
76,644479865,13427,1419250,1698500,4624650,9019200,16761600,16862050,1619,4464600,1453000,1309100,0,3612,0,5,0,0,0,0,0,0
77,1914197423,13428,804700,1652350,4297550,9722700,16477300,16576600,1764,4136200,1034850,899300,0,3292,0,5,0,0,0,0,0,0
78,430804047,13429,820450,2012800,5226450,8559800,16619500,16718750,1662,5053000,1685850,1533650,0,3932,0,5,0,0,0,0,0,0
79,3866048775,13430,812350,2560950,3949200,9298750,16621250,16721100,1820,3775950,1717050,1559750,0,2972,0,5,0,0,0,0,0,0
80,7140231,13431,824450,2414250,4009400,9372400,16620500,16715500,1814,3825700,1769250,1599150,0,2972,0,5,0,0,0,0,0,0
81,1511961547,13432,1469300,2030800,5023600,8102700,16626400,16720550,1494,4867150,1458250,1316800,0,3612,0,5,0,0,0,0,0,0
82,376629139,13433,1292200,2029800,5733250,7559800,16615050,16718750,1447,5564150,2216300,2060250,0,3612,0,5,0,0,0,0,0,0
83,1861594235,13434,807400,1659350,3867300,10280850,16614900,16719350,1851,3714950,780350,642300,0,2972,0,5,0,0,0,0,0,0
84,1702339483,13435,821800,1684200,6284500,7828650,16619150,16720200,1373,6116400,790550,646350,0,2972,0,5,0,0,0,0,0,0
85,966101579,13436,809700,2419950,3765200,9616650,16611500,16718050,1886,3600450,1528750,1378500,0,2972,0,5,0,0,0,0,0,0
86,2786182811,13437,811800,2403150,3888150,9520100,16623200,16722700,1808,3713950,785650,644900,0,2972,0,5,0,0,0,0,0,0
87,3655782539,13438,1416350,1648750,3971050,9811750,16847900,16945050,1796,3806250,780400,647250,0,2972,0,5,0,0,0,0,0,0
88,3735461922,13439,820250,1680750,3860550,10032600,16394150,16490600,1832,3700500,781500,635550,0,2972,0,5,0,0,0,0,0,0
89,270833838,13440,799700,1642950,3875400,10302950,16621000,16718450,1848,3727050,784150,639800,0,2972,0,5,0,0,0,0,0,0
90,930095294,13441,818850,2600300,3916600,9283200,16618950,16720000,1817,3722850,1680650,1529350,0,2972,0,5,0,0,0,0,0,0
91,1273808962,13442,803800,2365050,3852250,9599000,16620100,16718450,1871,3676850,1597300,1418950,0,2972,0,5,0,0,0,0,0,0
92,1953673858,13443,810250,2389000,4021850,9402850,16623950,16721700,1761,3854100,783650,639550,0,2972,0,5,0,0,0,0,0,0
93,4057475070,13444,1298700,1653000,3897550,9775700,16624950,16719550,1785,3732350,781800,646250,0,2972,0,5,0,0,0,0,0,0
94,3372198854,13445,813500,1679100,3854550,10271100,16618250,16718550,1884,3697650,779150,636700,0,2972,0,5,0,0,0,0,0,0
95,2335202154,13446,795350,1638500,3874100,10311450,16619400,16720250,1855,3726650,779600,636300,0,2972,0,5,0,0,0,0,0,0
96,2170853250,13447,826150,2510750,3760000,9522900,16619800,16716800,1868,3589400,1544600,1395000,0,2972,0,5,0,0,0,0,0,0
97,1829955022,13448,1982050,1682950,3873050,8299300,15837350,16720250,1536,3716850,792950,644850,0,2972,0,5,0,0,0,0,0,0
98,1856045454,13449,1482150,1699750,3963950,9932100,17077950,17180500,1787,3785550,774550,631750,0,2972,0,5,0,0,0,0,0,0
99,2544683154,13450,812850,1642000,4628300,9081900,16165050,16260450,1625,4469700,1450250,1314950,0,3612,0,5,0,0,0,0,0,0
100,1531444578,13451,819650,1665050,4555900,9580900,16621500,16718000,1727,4394450,1462850,1313200,0,3612,0,5,0,0,0,0,0,0
101,1139277022,13452,802550,2494250,4152600,9172700,16622100,16718850,1795,3988050,1890200,1739100,0,3292,0,5,0,0,0,0,0,0
102,2614530982,13453,816650,2543400,3882500,9378100,16620650,16719750,1821,3712300,1648700,579500,0,3292,0,5,0,0,0,0,0,0
103,464765994,13454,799200,2372100,4065600,9384150,16621050,16717000,1787,3898350,781200,641950,0,2972,0,5,0,0,0,0,0,0
104,1592019490,13455,1332850,1688850,3876150,9733750,16631600,16726550,1772,3712300,786150,645950,0,2972,0,5,0,0,0,0,0,0
105,66207950,13456,802500,1651300,4014900,10152300,16621000,16714450,1858,3851900,783450,645150,0,2972,0,5,0,0,0,0,0,0
106,2639428798,13457,814100,1665800,3838000,10304800,16622700,16720750,1882,3678450,788350,640500,0,2972,0,5,0,0,0,0,0,0
107,1495915330,13458,801050,2539900,3787350,9487250,16615550,16717600,1861,3623900,1561700,1403050,0,2972,0,5,0,0,0,0,0,0
108,4079891938,13459,819450,2395200,4026500,9381650,16622800,16720350,1814,3846600,1788450,642800,0,2972,0,5,0,0,0,0,0,0
109,1204987230,13460,1471200,1645950,4043600,9462400,16623150,16716950,1717,3878850,778600,639650,0,2972,0,5,0,0,0,0,0,0
110,949029318,13461,816600,1683100,3893100,9832800,16225600,16721550,1787,3731000,786800,646450,0,2972,0,5,0,0,0,0,0,0
111,2727127274,13462,799050,1638050,3877600,10304650,16619350,16717000,1850,3727400,779650,637850,0,2972,0,5,0,0,0,0,0,0
112,2443393666,13463,812050,2469950,3000800,10338750,16621550,16719050,1885,2819250,780150,648750,0,2972,0,5,0,0,0,0,0,0
113,434260526,13464,797550,2349650,3796400,9678050,16621650,16718950,1890,3621650,1576050,1410450,0,2972,0,5,0,0,0,0,0,0
114,2637634158,13465,813900,2393550,4056950,9354800,16619200,16718500,1657,3886050,780450,640500,0,2972,0,5,0,0,0,0,0,0
115,4248248050,13466,2407500,1683350,3923050,8693700,16707600,16809050,1531,3760500,790300,636750,0,2972,0,5,0,0,0,0,0,0
116,663154818,13467,816250,1661600,3873200,10180650,16531700,16632050,1863,3711600,785150,644950,0,2972,0,5,0,0,0,0,0,0
117,1461428606,13468,802050,1642850,3861400,10313350,16619650,16716750,1850,3710750,787000,639150,0,2972,0,5,0,0,0,0,0,0
118,3252362022,13469,810100,2558350,3923300,9328200,16619950,16720450,1827,3739850,1696350,1549450,0,2972,0,5,0,0,0,0,0,0
119,2423015338,13470,805800,2406050,3900600,9507700,16620150,16719600,1852,3727400,1656050,1484350,0,2972,0,5,0,0,0,0,0,0
120,507309730,13471,1461200,1716000,4031500,9414050,16622750,16718750,1760,3867550,782850,642200,0,2972,0,5,0,0,0,0,0,0
121,2882991293,13472,821500,1693550,3944850,8933200,15393100,16771250,1526,3785050,789300,635150,0,2972,0,5,0,0,0,0,0,0
122,3682963569,13473,817350,1673250,3849000,10230250,16569850,16668450,1870,3691100,790150,643700,0,2972,0,5,0,0,0,0,0,0
123,1404881069,13474,807900,1632000,5171550,9017850,16629300,16720800,1733,5020300,2023450,1873700,0,3612,0,5,0,0,0,0,0,0
124,624513273,13475,825850,2460100,3974200,9362050,16622200,16718200,1820,3791450,1691550,1513100,0,3612,0,5,0,0,0,0,0,0
125,484090933,13476,800550,2377650,4341600,9103200,16623000,16719300,1733,4179400,1046500,910700,0,3292,0,5,0,0,0,0,0,0
126,2330053545,13477,1399500,1699700,11448650,2608650,17156500,17254050,397,11275550,2143650,1976100,0,3292,0,5,0,0,0,0,0,0
127,3891445269,13478,810500,1668600,3893350,9704950,16077400,16182500,1752,3727700,777250,636250,0,2972,0,5,0,0,0,0,0,0
128,1947616753,13479,803300,1676500,3849600,10291800,16621200,16718850,1880,3685050,786000,641000,0,2972,0,5,0,0,0,0,0,0
129,965975981,13480,797850,2563500,3950800,9313800,16625950,16720450,1822,3777100,1706150,1550450,0,2972,0,5,0,0,0,0,0,0
130,2786931617,13481,815300,2538950,3925100,9340800,16620150,16720600,1813,3741850,1670150,637600,0,2972,0,5,0,0,0,0,0,0
131,4011087213,13482,801750,2335000,4053100,9432150,16622000,16719550,1795,3886050,784700,641250,0,2972,0,5,0,0,0,0,0,0
132,3703868376,13483,1282950,1677350,3880800,9780650,16621750,16716450,1780,3717600,785950,648700,0,2972,0,5,0,0,0,0,0,0
133,212089708,13484,792900,1636250,4013900,10182600,16625650,16723300,1861,3857000,776750,643250,0,2972,0,5,0,0,0,0,0,0
134,737348112,13485,807150,1687900,3806550,10318850,16620450,16718450,1787,3659600,782400,637900,0,2972,0,5,0,0,0,0,0,0
135,1465149204,13486,807050,2503250,3796150,9508400,16614850,16717300,1855,3636000,1571950,1411100,0,2972,0,5,0,0,0,0,0,0
136,3549792448,13487,808850,2394450,4019100,9397650,16620050,16721750,1811,3845600,785650,645050,0,2972,0,5,0,0,0,0,0,0
137,3053421220,13488,1395100,1635750,4016800,9840550,16888200,16984400,1801,3839500,779650,647350,0,2972,0,5,0,0,0,0,0,0
138,904563048,13489,806150,1671950,3877150,9994350,16349600,16451800,1822,3713050,782350,640250,0,2972,0,5,0,0,0,0,0,0
139,1363341148,13490,796800,1642950,3896700,10284250,16620700,16721450,1843,3746150,779400,638750,0,2972,0,5,0,0,0,0,0,0
140,3357813192,13491,813750,2614300,3889950,9300550,16618550,16716350,1821,3698900,1644750,647050,0,2972,0,5,0,0,0,0,0,0
141,1376589724,13492,805000,2366750,3848000,9599850,16619600,16720400,1870,3676700,1598350,1430950,0,2972,0,5,0,0,0,0,0,0
142,2806738240,13493,807050,2402450,4019850,9389750,16619100,16721250,1752,3853950,784800,643600,0,2972,0,5,0,0,0,0,0,0
143,1863420068,13494,1306950,1651750,3908650,9750500,16617850,16717000,1774,3743400,783050,645550,0,2972,0,5,0,0,0,0,0,0
144,2368389248,13495,835000,1710950,3943450,9357900,15847300,16721450,1674,3782850,791000,642550,0,2972,0,5,0,0,0,0,0,0
145,3624800580,13496,803100,1645700,3878550,10293450,16620800,16719050,1500,3722700,779750,640350,0,2972,0,5,0,0,0,0,0,0
146,2708332264,13497,844400,2527150,3804200,9431450,16607200,16716800,1774,3635150,1572550,481100,0,2972,0,5,0,0,0,0,0,0
147,3643166428,13498,809250,2408650,4163400,9239100,16620400,16722650,1778,3999400,892200,752600,0,3612,0,5,0,0,0,0,0,0
148,1604903896,13499,1481150,1708400,4129500,9687250,17006300,17101350,1727,3952000,889100,749500,0,3612,0,5,0,0,0,0,0,0
149,499105388,13500,800400,1644950,3978300,9811850,16235500,16333200,1784,3810450,814300,680500,0,3292,0,5,0,0,0,0,0,0
150,3393190256,13501,806150,1675100,3905500,10239450,16626200,16721800,1867,3740950,825250,683200,0,3292,0,5,0,0,0,0,0,0
151,1752164884,13502,798000,2463050,2987650,10374450,16623150,16719500,1864,2830450,779900,643700,0,2972,0,5,0,0,0,0,0,0
152,112950176,13503,806600,2408700,3839500,9567600,16622400,16716900,1866,3651350,1585050,1416800,0,2972,0,5,0,0,0,0,0,0
153,218377828,13504,801600,2399450,4058700,9362700,16622450,16721750,1780,3894300,779000,641200,0,2972,0,5,0,0,0,0,0,0
154,1614877672,13505,1348500,1685600,3875000,9890550,16799650,16900250,1777,3714650,782050,643150,0,2972,0,5,0,0,0,0,0,0
155,624660060,13506,801900,1657700,3876650,10104200,16440450,16539600,1844,3717100,785150,647050,0,2972,0,5,0,0,0,0,0,0
156,1646146728,13507,811250,1670400,3856100,10287650,16625400,16719200,1875,3692750,788300,641700,0,2972,0,5,0,0,0,0,0,0
157,2550301372,13508,798250,2557400,3949300,9320450,16625400,16719300,1824,3775000,1712100,1562750,0,2972,0,5,0,0,0,0,0,0
158,172327680,13509,817750,2538150,3908950,9357750,16622600,16719000,1807,3733800,779550,638450,0,2972,0,5,0,0,0,0,0,0
159,28774455,13510,1495650,6232100,8109900,17498400,33336050,33436450,3269,7946900,1013300,856950,0,6632,0,5,0,0,0,0,0,0
160,1278562831,13511,824400,6146750,8130200,1511750,16613100,16721200,142,7956800,998600,844800,0,6672,0,5,0,0,0,0,0,0
161,1878041307,13512,805950,1670950,3859500,10272150,16608550,16716450,1876,2893100,782450,643100,0,3012,0,5,0,0,0,0,0,0
162,2842495315,13513,814150,2417700,3820650,9573350,16625850,16718650,1869,3644900,1575000,1408550,0,2972,0,5,0,0,0,0,0,0
163,942955647,13514,796100,2381150,4149600,9295150,16622000,16720850,1776,3982250,787100,644650,0,2972,0,5,0,0,0,0,0,0
164,3104849743,13515,1342600,1673750,3933200,9795150,16744700,16842050,1790,3762400,782900,639700,0,2972,0,5,0,0,0,0,0,0
165,2914266731,13516,804600,1644450,3880850,10166250,16496150,16595000,1860,3725700,782600,637950,0,2972,0,5,0,0,0,0,0,0
166,4064468955,13517,808000,1648650,3830900,10334400,16621950,16720950,1852,3675000,790650,643700,0,2972,0,5,0,0,0,0,0,0
167,3195515191,13518,794850,2550600,3932950,9340650,16619050,16717450,1831,3763150,1693650,1543550,0,2972,0,5,0,0,0,0,0,0
168,978211615,13519,817050,2389900,4046450,9372800,16626200,16719900,1820,3864550,1769200,1596950,0,3612,0,5,0,0,0,0,0,0
169,2835071531,13520,1455950,1656900,4289800,9225000,16627650,16721500,1712,4117500,884000,745000,0,3612,0,5,0,0,0,0,0,0
170,2067386771,13521,1267700,1658400,4020600,9674300,16621000,16720550,1662,3853900,886350,747150,0,3612,0,5,0,0,0,0,0,0
171,1313815599,13522,805300,1631750,3953250,10224550,16614850,16716950,1870,3807600,817700,678550,0,3292,0,5,0,0,0,0,0,0
172,2403178911,13523,819400,1647750,3862050,10296000,16625200,16717800,1838,3704900,816200,680000,0,3292,0,5,0,0,0,0,0,0
173,2922328731,13524,805450,2475700,3780650,9573050,16634850,16722100,1870,3613250,1543400,1382400,0,2972,0,5,0,0,0,0,0,0
174,984914827,13525,806400,2394450,3903300,9517700,16621850,16720250,1841,3728350,782250,639550,0,2972,0,5,0,0,0,0,0,0
175,3908989879,13526,2732800,1679050,3854700,8592300,16858850,16956600,1470,2854500,788400,639250,0,2972,0,5,0,0,0,0,0,0
176,3999582383,13527,812450,1664250,3889750,10012050,16378500,16477900,1826,3727000,787050,644000,0,2972,0,5,0,0,0,0,0,0
177,407226939,13528,801750,1631700,3853250,10340850,16627550,16720200,1887,3705800,785300,635700,0,2972,0,5,0,0,0,0,0,0
178,1756548563,13529,817100,2573700,3914250,9323400,16628450,16720050,1796,3723650,1669800,1519650,0,2972,0,5,0,0,0,0,0,0
179,270721439,13530,803750,2345850,3834950,9642550,16627100,16719450,1880,3667850,1581000,488050,0,2972,0,5,0,0,0,0,0,0
CSV_END

STUDY_DONE_c44cae97c8e7=0
# 