/tmp/app --transport unrolled --state-frame 0 --frames 180 --warmup 30 --wait spin --profile detailed --csv /tmp/transport-frames.csv --retained && printf "CSV_BEGIN\n" && cat /tmp/transport-frames.csv && printf "CSV_END\n"; study_status=$?; printf "\nSTUDY_DONE_c19d2c8e35ca=%s\n" "$study_status"
TRANSPORT mode=unrolled dma_minimum=64
BEGIN_BREAKOUT frames=180 warmup=30 fixed=0 blocks=40 tiles=1 hud=1 wait=spin replay=0 state_frame=0 profile=detailed pixel_centers=1 clock_call_ns=5472
HW_COUNTERS unavailable
RESULT frames=180 elapsed_s=3.093020050 fps=58.195549 logic_ms=0.987723 api_ms=3.043509 swap_ms=5.041109 wait_ms=7.944426 worker_inclusive_ms=4.845358 upload_inclusive_ms=1.474681 write_ms=1.268146 bytes_per_frame=3578.67 p50_ms=16.719800 p95_ms=17.048400 max_ms=34.809400 late_60hz=161 first_count=10355 last_count=10534 state_hash=8f34e8fd remaining=38 score=20
RENDER_PATH retained=1 grouped=0 quads=645 full_frames=0
BREAKOUT_PASS
CSV_BEGIN
frame,state_hash,display_count,logic_ns,api_ns,swap_ns,wait_ns,total_ns,completion_interval_ns,polls,worker_inclusive_ns,upload_inclusive_ns,write_ns,read_ns,write_bytes,read_bytes,write_calls,read_calls,dma_copy_ns,dma_launch_ns,dma_completion_wait_ns,dma_bytes,dma_lists
0,3724779174,10355,731100,4189850,6130550,5610150,16661650,16672250,1097,5952650,1994400,1827800,0,4572,0,5,0,0,0,0,0,0
1,1709657109,10356,907450,3908550,5645600,6143800,16605400,16720150,1211,5478800,1716050,1548150,0,4252,0,5,0,0,0,0,0,0
2,1894904752,10357,1745750,2480150,5442850,7221400,16890150,17007600,1361,5261850,1789350,1628700,0,3612,0,5,0,0,0,0,0,0
3,3703759967,10358,829050,2456800,5208350,7809800,16304000,16430800,1493,5043850,1528050,1357350,0,3612,0,5,0,0,0,0,0,0
4,19533624,10359,824250,3391350,4799250,7588000,16602850,16716650,1432,4626250,2047800,1013950,0,3612,0,5,0,0,0,0,0,0
5,816884773,10360,827950,2857650,3897150,9019900,16602650,16719400,1712,3733600,1620200,1436800,0,2972,0,5,0,0,0,0,0,0
6,1339236364,10361,835700,3237250,5226250,7306850,16606050,16723600,1322,5058100,1486800,1330350,0,3612,0,5,0,0,0,0,0,0
7,3072959373,10362,843250,3148300,5901650,6700300,16593500,16715800,1336,5724450,2240150,2072900,0,3612,0,5,0,0,0,0,0,0
8,1782884746,10363,1374600,2006350,3958800,9271050,16610800,16723650,1620,3784300,801250,648600,0,2972,0,5,0,0,0,0,0,0
9,30296781,10364,830100,2429450,5490750,7844600,16594900,16717500,1492,5327350,1715100,1528650,0,4252,0,5,0,0,0,0,0,0
10,4026418858,10365,828450,3415050,5396550,6958800,16598850,16717650,1281,5214900,1708500,1553450,0,4252,0,5,0,0,0,0,0,0
11,2084929051,10366,835100,2767800,4721050,8273900,16597850,16719550,1551,4559300,2354350,2177150,0,3612,0,5,0,0,0,0,0,0
12,3114489770,10367,829200,3255150,6083150,6432400,16599900,16720050,1281,5900850,2419750,2257350,0,3932,0,5,0,0,0,0,0,0
13,891400471,10368,1509300,2465100,5646800,7361000,16982200,17099250,1394,5483050,1932100,1761300,0,3932,0,5,0,0,0,0,0,0
14,3472773456,10369,869250,3035400,4171900,7662700,15739250,16650500,1303,3988350,1866100,1711200,0,2972,0,5,0,0,0,0,0,0
15,3010688243,10370,832450,9362100,5677200,17132900,33004650,33128050,3332,5488350,1723000,1555850,0,3612,0,5,0,0,0,0,0,0
16,2819524756,10371,830250,3279350,5245400,7249250,16604250,16721650,1312,5072600,1484150,1325350,0,3612,0,5,0,0,0,0,0,0
17,3241678401,10372,828400,2886050,3985800,8897900,16598150,16718800,1672,3821250,803200,647900,0,2972,0,5,0,0,0,0,0,0
18,2154316504,10373,1401900,2449200,5479950,7325200,16656250,16777500,1385,5300700,1890650,1724000,0,3612,0,5,0,0,0,0,0,0
19,772262681,10374,828200,2455250,5245350,8010250,16539050,16654850,1530,5073800,1547100,1384550,0,3612,0,5,0,0,0,0,0,0
20,3882818750,10375,819450,1998650,4832050,8955150,16605300,16722400,1742,2891450,804100,656400,0,2972,0,5,0,0,0,0,0,0
21,521131153,10376,832700,3243950,5290700,7233900,16601250,16716500,1315,5131750,1486650,1335950,0,3612,0,5,0,0,0,0,0,0
22,1838187414,10377,834250,3286600,5116850,7362850,16600550,16724950,1326,4947050,1479150,1328150,0,3612,0,5,0,0,0,0,0,0
23,840574439,10378,1531650,2018550,4083450,8957700,16591350,16717550,1678,3916500,803250,654600,0,2972,0,5,0,0,0,0,0,0
24,2879461878,10379,842550,2456350,5297750,7561900,16158550,16715600,1435,5110700,1692050,1524800,0,3612,0,5,0,0,0,0,0,0
25,202086035,10380,825600,3301600,4364300,8112450,16603950,16721300,1488,4195500,1591850,1412550,0,3612,0,5,0,0,0,0,0,0
26,959703924,10381,836750,2973800,3959300,8831600,16601450,16721250,1702,3771050,1687550,511700,0,2972,0,5,0,0,0,0,0,0
27,3795724423,10382,826950,3199100,6944750,5636200,16607000,16718900,1097,6768350,1621400,592850,0,3612,0,5,0,0,0,0,0,0
28,2500539904,10383,837550,3215300,5846850,6701800,16601500,16718750,1343,4908700,1486950,1335350,0,3612,0,5,0,0,0,0,0,0
29,2269000541,10384,1433700,2007450,3975250,9334500,16750900,16870700,1641,3807500,803200,655650,0,2972,0,5,0,0,0,0,0,0
30,1900681108,10385,842950,2458200,5285550,7858350,16445050,16568500,1500,5111250,1678400,1517800,0,3612,0,5,0,0,0,0,0,0
31,3680168245,10386,821800,3384650,5107350,7279950,16593750,16715150,1365,4938150,2333950,1324900,0,3612,0,5,0,0,0,0,0,0
32,2344329490,10387,834550,2815400,3892200,9060900,16603050,16722250,1716,3717700,1631150,520700,0,2972,0,5,0,0,0,0,0,0
33,2130650181,10388,826750,3260500,5300750,7218550,16606550,16721350,1289,5139300,1493650,1335150,0,4252,0,5,0,0,0,0,0,0
34,906966818,10389,1488600,2468000,5811250,6825250,16593100,16715800,1359,5635250,2120300,1951000,0,4252,0,5,0,0,0,0,0,0
35,3939376531,10390,1315450,1996500,4555850,8737750,16605550,16724350,1503,4390800,1254750,1102800,0,3612,0,5,0,0,0,0,0,0
36,2110688546,10391,845700,2451350,5240600,8057550,16595200,16714900,1535,4205800,1625150,1443450,0,3932,0,5,0,0,0,0,0,0
37,2695523007,10392,848650,3384450,5162900,6418600,15814600,16721250,1126,5002750,1303050,1144400,0,3932,0,5,0,0,0,0,0,0
38,744447992,10393,838000,2825000,4258650,8671350,16593000,16717000,1624,4082650,1978550,630150,0,2972,0,5,0,0,0,0,0,0
39,3728640411,10394,829900,3242950,4896300,7631550,16600700,16720000,1386,4729350,1254850,1103500,0,3612,0,5,0,0,0,0,0,0
40,618879740,10395,1422350,2465550,5479700,7472350,16839950,16957550,1419,5305950,1885200,1718450,0,3612,0,5,0,0,0,0,0,0
41,1239708057,10396,825300,1993900,3999950,9549000,16368150,16483400,1689,3835000,803600,654050,0,2972,0,5,0,0,0,0,0,0
42,2429742208,10397,828450,3422550,4781600,7558700,16591300,16714950,1426,4609800,2097850,1926900,0,3612,0,5,0,0,0,0,0,0
43,412095716,10398,830050,3315700,5067700,7386100,16599550,16721150,1348,4896800,1266250,1106850,0,3612,0,5,0,0,0,0,0,0
44,1226741467,10399,842600,2799650,4040050,8916200,16598500,16717300,1697,3860000,807550,654250,0,2972,0,5,0,0,0,0,0,0
45,3288446148,10400,830400,3306500,5703500,6765050,16605450,16722100,1350,5534300,2042150,1877950,0,3612,0,5,0,0,0,0,0,0
46,1157984843,10401,1315800,2445550,5508850,7325850,16596050,16716350,1384,5329750,1907000,1745250,0,3612,0,5,0,0,0,0,0,0
47,3877288378,10402,827350,1994500,4021150,9757850,16600850,16722850,1764,3859300,804750,653850,0,2972,0,5,0,0,0,0,0,0
48,4236526315,10403,832350,3533950,4932450,7299000,16597750,16716600,1341,4755650,1258350,1107600,0,3612,0,5,0,0,0,0,0,0
49,533834014,10404,833150,3246150,5080950,7440500,16600750,16719750,1356,4911900,1265450,1108800,0,3612,0,5,0,0,0,0,0,0
50,1649361089,10405,845700,2780450,4099650,8871000,16596800,16721800,1611,3908650,804900,652100,0,2972,0,5,0,0,0,0,0,0
51,2486981906,10406,1567100,2493600,5459500,7405850,16926050,17048400,1401,5285350,1691600,1526800,0,3612,0,5,0,0,0,0,0,0
52,1706075277,10407,833300,2482100,5151800,7801400,16268600,16387500,1489,4973450,1526450,1364450,0,3612,0,5,0,0,0,0,0,0
53,267972368,10408,820950,1981550,3977850,9824850,16605200,16724000,1772,3815900,802600,649350,0,2972,0,5,0,0,0,0,0,0
54,3895401273,10409,847550,3373150,5153250,7221250,16595200,16717150,1310,4978450,1264750,1108300,0,3612,0,5,0,0,0,0,0,0
55,605985656,10410,842550,3302500,4989000,7464350,16598400,16722000,1353,4827900,1256650,1106250,0,3612,0,5,0,0,0,0,0,0
56,4077673024,10411,904800,7894950,8132150,17755500,34687400,34809400,2982,7967250,1205550,1049750,0,6632,0,5,0,0,0,0,0,0
57,985632231,10412,887900,8713050,9706750,12633950,31941650,32064400,2444,9534350,2107600,1947600,0,7312,0,5,0,0,0,0,0,0
58,3720590956,10413,867300,3361350,5094250,7281900,16604800,16721900,1286,4918750,1256250,1102950,0,3652,0,5,0,0,0,0,0,0
59,3264032585,10414,873750,2829450,4078500,8803850,16585550,16716600,1656,3915150,812500,659150,0,2972,0,5,0,0,0,0,0,0
60,395405688,10415,1544800,2494050,5622200,6941450,16602500,16720150,1386,5448700,2052850,1894150,0,3612,0,5,0,0,0,0,0,0
61,32142420,10416,884500,3783150,5048550,5671400,15387600,16715050,943,4881900,1253450,1105750,0,3612,0,5,0,0,0,0,0,0
62,1187067055,10417,874100,2010900,3943950,9767600,16596550,16722250,1760,3776400,801250,652750,0,2972,0,5,0,0,0,0,0,0
63,459140908,10418,854300,3382700,5063600,7297350,16597950,16720250,1332,4897300,1264900,1114750,0,3612,0,5,0,0,0,0,0,0
64,3369786495,10419,868500,3262400,5007700,7463650,16602250,16719850,1324,4827300,1264100,1106300,0,3612,0,5,0,0,0,0,0,0
65,1572434254,10420,857450,2783550,3991150,8967800,16599950,16721050,1689,3829700,805250,655150,0,2972,0,5,0,0,0,0,0,0
66,4107798823,10421,1433350,2459000,5469700,7333400,16695450,16819300,1385,5291400,1910350,1747900,0,3612,0,5,0,0,0,0,0,0
67,343968250,10422,855150,2473700,5197200,7967200,16493250,16615150,1491,5027300,1521650,1361600,0,3612,0,5,0,0,0,0,0,0
68,3102454017,10423,858250,2848550,3058750,9831200,16596750,16718050,1771,2884150,806650,664550,0,2972,0,5,0,0,0,0,0,0
69,3051095563,10424,867300,3272950,5060550,7402800,16603600,16721150,1351,4892400,1265150,1109250,0,3612,0,5,0,0,0,0,0,0
70,2391331016,10425,886050,3314800,4870000,7526500,16597350,16723000,1363,4695150,1259650,1109000,0,3612,0,5,0,0,0,0,0,0
71,3869016117,10426,1688450,2045050,3989650,8873000,16596150,16719250,1660,3818350,807800,661150,0,2972,0,5,0,0,0,0,0,0
72,1579800804,10427,873150,2471900,5285150,7519650,16149850,16712750,1426,5101100,1686800,1527700,0,3612,0,5,0,0,0,0,0,0
73,2792341157,10428,851750,3845000,9698400,3096350,17491500,17609100,186,9504050,1267300,1112400,0,3612,0,5,0,0,0,0,0,0
74,714702942,10429,870300,3069000,4159400,7609350,15708050,15835900,1400,3979750,804300,655950,0,2972,0,5,0,0,0,0,0,0
75,1092538936,10430,856500,3313300,5065950,7356800,16592550,16716450,1331,4899800,1263050,1105500,0,3612,0,5,0,0,0,0,0,0
76,1561271239,10431,876100,3250850,6021050,6446200,16594200,16715600,1278,5831200,2286150,2118100,0,4252,0,5,0,0,0,0,0,0
77,3798074098,10432,1463650,2007250,4661100,8652800,16784800,16903600,1523,4493800,1253200,1106500,0,3612,0,5,0,0,0,0,0,0
78,3022639071,10433,865800,2491600,5369950,7684100,16411450,16537700,1454,5188450,1671350,1485750,0,4252,0,5,0,0,0,0,0,0
79,2282770062,10434,858150,3432200,5138600,7171350,16600300,16720700,1336,4971200,1482150,1327550,0,3932,0,5,0,0,0,0,0,0
80,1626512457,10435,862800,2844500,4069950,8821200,16598450,16718500,1696,3894750,1795450,1618000,0,3292,0,5,0,0,0,0,0,0
81,3156888026,10436,857000,3288800,5189050,7269100,16603950,16723150,1300,5028200,1487600,1330100,0,3612,0,5,0,0,0,0,0,0
82,3038824309,10437,1529950,2506550,5863500,6686950,16586950,16713150,1332,5679300,2256850,2091800,0,3612,0,5,0,0,0,0,0,0
83,1261846460,10438,1364500,2008650,4018850,9210900,16602900,16721650,1608,3850200,801150,651700,0,2972,0,5,0,0,0,0,0,0
84,2035201521,10439,892100,3513350,5248300,6144400,15798150,16716350,1080,5080100,1471900,1328350,0,3612,0,5,0,0,0,0,0,0
85,2164446652,10440,866900,3419250,5260500,7056300,16602950,16721100,1285,5092800,1491050,1342400,0,3612,0,5,0,0,0,0,0,0
86,2017191835,10441,866000,3146400,4038700,8552200,16603300,16722450,1189,3864050,809000,655800,0,2972,0,5,0,0,0,0,0,0
87,3029138484,10442,889000,3316500,5927550,6456850,16589900,16714350,1283,5756350,2237350,2071100,0,3612,0,5,0,0,0,0,0,0
88,50355403,10443,1483450,2511400,5511100,7372950,16878900,16995750,1394,5332250,1895750,1731500,0,3612,0,5,0,0,0,0,0,0
89,654213990,10444,858300,1991050,4007150,9473850,16330350,16447950,1656,3839500,799100,651400,0,2972,0,5,0,0,0,0,0,0
90,2360099787,10445,857300,3493700,5011800,7232800,16595600,16714950,1353,4834800,2320100,2152900,0,3612,0,5,0,0,0,0,0,0
91,2424818746,10446,864700,3327050,5279650,7131000,16602400,16720200,1292,5118700,1490000,1332900,0,3612,0,5,0,0,0,0,0,0
92,1971386461,10447,870650,2800000,4004800,8922750,16598200,16718850,1672,3825900,812850,657700,0,2972,0,5,0,0,0,0,0,0
93,3386045126,10448,865950,3238950,5698050,6797650,16600600,16720000,1358,5531600,2056550,1894850,0,3612,0,5,0,0,0,0,0,0
94,1429641961,10449,1381000,2481950,5336750,7400950,16600650,16719800,1401,5150300,1699250,1533600,0,3612,0,5,0,0,0,0,0,0
95,3022846880,10450,859800,1998950,3992000,9750750,16601500,16722050,1729,3832500,799750,649250,0,2972,0,5,0,0,0,0,0,0
96,1601897261,10451,858250,3449450,5102000,7184200,16593900,16715850,1326,4928950,1486100,1330350,0,3612,0,5,0,0,0,0,0,0
97,1229951528,10452,869800,3306500,5304700,7124750,16605750,16722300,1284,5142550,1493900,1339150,0,3612,0,5,0,0,0,0,0,0
98,4065171759,10453,868750,2812150,4070750,8838050,16589700,16719850,1579,3890750,809650,658650,0,2972,0,5,0,0,0,0,0,0
99,1034325744,10454,1682050,2505500,5559750,7213350,16960650,17082250,1361,5395250,1923150,1750450,0,3612,0,5,0,0,0,0,0,0
100,14078671,10455,863850,2475950,5472200,7424350,16236350,16353100,1397,5290200,1714400,1536750,0,4252,0,5,0,0,0,0,0,0
101,4024270554,10456,855700,1994650,5267800,8480500,16598650,16718550,1634,5114600,2038300,1875850,0,3612,0,5,0,0,0,0,0,0
102,896191351,10457,858700,3521050,5543800,6671650,16595200,16717400,1191,5372350,1711800,1562050,0,4252,0,5,0,0,0,0,0,0
103,2131384102,10458,874900,3310100,5473500,6939850,16598350,16723200,1234,5307500,1677450,1521700,0,3932,0,5,0,0,0,0,0,0
104,2586210593,10459,887050,2737350,4258650,8717850,16600900,16722450,1634,4092800,1067850,912700,0,3292,0,5,0,0,0,0,0,0
105,591918370,10460,1452600,2457200,5335300,7402900,16648000,16769950,1403,5166950,1528050,1360350,0,3612,0,5,0,0,0,0,0,0
106,8814317,10461,865300,2483550,5169400,8029250,16547500,16665800,1535,4987100,1521050,1360250,0,3612,0,5,0,0,0,0,0,0
107,2340504196,10462,878850,2971800,3964550,7998700,15813900,16715950,1520,3802200,823050,650500,0,2972,0,5,0,0,0,0,0,0
108,3523076009,10463,869900,3299600,5497000,6937900,16604400,16720850,1247,5316450,1491450,1337950,0,3612,0,5,0,0,0,0,0,0
109,1961669028,10464,871050,3304000,5126650,7298000,16599700,16721000,1311,4964900,1485300,1330750,0,3612,0,5,0,0,0,0,0,0
110,1037581603,10465,1540450,2044000,3921900,9094050,16600400,16719400,1707,3746500,808950,652800,0,2972,0,5,0,0,0,0,0,0
111,2701024588,10466,869400,3422700,4955500,6632350,15879950,16715500,1225,4787800,2160800,1969750,0,3612,0,5,0,0,0,0,0,0
112,215037203,10467,865800,3408450,4772850,7558550,16605650,16721000,1425,4596400,2003700,1828150,0,3612,0,5,0,0,0,0,0,0
113,3696282862,10468,868450,2920250,3821250,8995650,16605600,16720400,1742,3654150,1570350,1410200,0,2972,0,5,0,0,0,0,0,0
114,2829142928,10469,865650,3283250,5271250,7180700,16600850,16722050,1255,5096450,1486550,1332450,0,3612,0,5,0,0,0,0,0,0
115,3204762949,10470,875750,3269600,5902900,6543300,16591550,16714600,1302,5729600,2253400,2091550,0,3612,0,5,0,0,0,0,0,0
116,3297489190,10471,1430350,2014250,3950750,9347900,16743250,16856300,1677,3777300,807950,653300,0,2972,0,5,0,0,0,0,0,0
117,1691704917,10472,853400,2494600,7404800,5712100,16464900,16583600,949,7229500,3262750,3066700,0,3612,0,5,0,0,0,0,0,0
118,663957814,10473,850100,3461300,5088800,7197500,16597700,16716950,1338,4907600,1489000,1334800,0,3612,0,5,0,0,0,0,0,0
119,3058583827,10474,869150,2889000,3867450,8978400,16604000,16721650,1729,3704550,1597100,1411600,0,2972,0,5,0,0,0,0,0,0
120,838545270,10475,868250,3299650,5163300,7274550,16605750,16722050,1277,4996300,1495800,1339700,0,3612,0,5,0,0,0,0,0,0
121,3608912039,10476,1566950,2497350,5719000,6811050,16594350,16715300,1358,5547700,2046800,1885000,0,3612,0,5,0,0,0,0,0,0
122,4080159716,10477,1341650,2011850,3977000,9271700,16602200,16722650,1652,3800850,806350,655300,0,2972,0,5,0,0,0,0,0,0
123,1056027075,10478,853700,3372650,4731200,7636650,16594200,16715900,1398,4560150,1938300,1752500,0,3612,0,5,0,0,0,0,0,0
124,4057021248,10479,862950,3387350,5516950,6839750,16607000,16719850,1234,5346000,1707450,1556150,0,4252,0,5,0,0,0,0,0,0
125,2686741161,10480,876650,2858750,4779600,8084450,16599450,16719550,1521,4619600,1487050,1331100,0,3612,0,5,0,0,0,0,0,0
126,3870849660,10481,867100,3252150,6001650,6476100,16597000,16717100,1288,5820950,2332500,2169350,0,4252,0,5,0,0,0,0,0,0
127,293449641,10482,1634350,2509250,5451800,7230100,16825500,16947800,1363,5265850,1729250,1560750,0,3932,0,5,0,0,0,0,0,0
128,596064266,10483,861200,2029850,4200100,9284700,16375850,16495750,1654,4035400,1063400,909150,0,3292,0,5,0,0,0,0,0,0
129,3715495249,10484,857650,3439100,5117200,7181350,16595300,16714700,1342,4953000,1502900,1335050,0,3612,0,5,0,0,0,0,0,0
130,244680018,10485,888450,3583850,5900150,5423250,15795700,16720150,1061,5717950,2261050,2097150,0,3612,0,5,0,0,0,0,0,0
131,4080661783,10486,871350,2823950,4121200,8789650,16606150,16720900,1651,3959000,807700,652300,0,2972,0,5,0,0,0,0,0,0
132,4006730450,10487,1519500,2496000,5834650,6752050,16602200,16718600,1348,5654700,2268550,2103200,0,3612,0,5,0,0,0,0,0,0
133,3864584507,10488,1361200,2479200,5402050,7359800,16602250,16719000,1384,5230950,1569550,590000,0,3612,0,5,0,0,0,0,0,0
134,2711027320,10489,855700,2019550,3975500,10755000,17605750,17724700,680,3797150,808400,654700,0,2972,0,5,0,0,0,0,0,0
135,4099079087,10490,893300,3381050,5232800,6069750,15576900,15715550,990,5059650,1486800,1332100,0,3612,0,5,0,0,0,0,0,0
136,565333772,10491,865550,3338750,5411350,6978250,16593900,16718550,1250,5242000,1493700,1337450,0,3612,0,5,0,0,0,0,0,0
137,1028518269,10492,863850,2838500,4051550,8843250,16597150,16718850,1665,3890450,809750,653100,0,2972,0,5,0,0,0,0,0,0
138,2252688136,10493,1493350,2489250,5507300,7426100,16916000,17038800,1404,5332750,1898950,1737550,0,3612,0,5,0,0,0,0,0,0
139,578597309,10494,868650,2485050,5406450,7515400,16275550,16397300,1413,5226600,1719400,591000,0,3612,0,5,0,0,0,0,0,0
140,3624439358,10495,860450,2011100,3946250,9788350,16606150,16725750,1765,3770150,806500,656700,0,2972,0,5,0,0,0,0,0,0
141,3514067501,10496,854900,3379600,5294650,7066350,16595500,16716000,1281,5131150,1488350,1336550,0,3612,0,5,0,0,0,0,0,0
142,2741972910,10497,880850,3287550,5192500,7237950,16598850,16720500,1268,5018650,1493800,1333650,0,3612,0,5,0,0,0,0,0,0
143,28497579,10498,865950,2786500,3988450,8952050,16592950,16718150,1680,3817650,810900,656750,0,2972,0,5,0,0,0,0,0,0
144,466729326,10499,1389400,2481350,5500050,7232850,16603650,16719100,1363,5321550,1906000,1743200,0,3612,0,5,0,0,0,0,0,0
145,3425349295,10500,855800,2473800,5207900,8060000,16597500,16716300,1505,5042750,1543950,1382800,0,3612,0,5,0,0,0,0,0,0
146,1537640620,10501,865100,4412850,4016900,7304050,16598900,16721950,1335,3828800,805100,656700,0,2972,0,5,0,0,0,0,0,0
147,1853842891,10502,873650,3271000,5294250,7156200,16595100,16720900,1005,5128200,1488500,1330450,0,3612,0,5,0,0,0,0,0,0
148,1177024904,10503,885600,3358550,6122600,6222100,16588850,16716950,1203,5936100,2147150,1983500,0,4252,0,5,0,0,0,0,0,0
149,4106734849,10504,1549300,2061900,4551450,8441550,16604200,16721850,1562,4389100,1264250,1114000,0,3612,0,5,0,0,0,0,0,0
150,2025356500,10505,876150,2487000,5364200,7475900,16203250,16714750,1410,5186050,1649600,1467200,0,4252,0,5,0,0,0,0,0,0
151,2189605121,10506,857400,3397050,4978150,7366150,16598750,16720700,1353,4811400,2132750,1955350,0,3932,0,5,0,0,0,0,0,0
152,4086136290,10507,862700,2931200,3902550,8903500,16599950,16720450,1718,3730900,1645600,1475900,0,3292,0,5,0,0,0,0,0,0
153,4036669705,10508,864250,3306500,5015050,7421350,16607150,16722250,1349,4852700,1262900,1104300,0,3612,0,5,0,0,0,0,0,0
154,4167980074,10509,1682550,2512700,5185250,6426150,15806650,16717500,1268,4159150,1576200,1395150,0,3612,0,5,0,0,0,0,0,0
155,51187407,10510,1588100,2017050,4012150,9059200,16676500,16797000,1614,3832500,803350,651350,0,2972,0,5,0,0,0,0,0,0
156,2242638442,10511,861500,2506350,5130450,8024250,16522550,16639850,1536,4951500,1523900,1362300,0,3612,0,5,0,0,0,0,0,0
157,2730108163,10512,863100,3464000,4874000,7400500,16601600,16717450,1379,4701200,1262400,1113200,0,3612,0,5,0,0,0,0,0,0
158,2718743917,10513,868600,2961950,3925800,8846250,16602600,16722900,1699,3745800,1659800,1480800,0,2972,0,5,0,0,0,0,0,0
159,3391709842,10514,867050,3326600,4930750,7476300,16600700,16718400,1345,4765600,1262800,1112150,0,3612,0,5,0,0,0,0,0,0
160,1164604273,10515,1550550,2521300,5651850,6875700,16599400,16721050,1310,5477050,2039550,1877550,0,3612,0,5,0,0,0,0,0,0
161,2148591176,10516,869900,2032650,4117850,9048850,16069250,16719250,1609,3948350,802150,649650,0,2972,0,5,0,0,0,0,0,0
162,4192737573,10517,861300,3439200,4385700,7914400,16600600,16717750,1503,4201500,1640150,599950,0,3612,0,5,0,0,0,0,0,0
163,535584840,10518,870900,3366750,5058350,7302700,16598700,16718050,1333,4895600,1259200,1108650,0,3612,0,5,0,0,0,0,0,0
164,3430794475,10519,887000,2846550,4079000,8790050,16602600,16721100,1679,3898900,809550,654300,0,2972,0,5,0,0,0,0,0,0
165,776323552,10520,867050,3305700,4925400,7503550,16601700,16716400,1351,4756850,1254800,1101450,0,3612,0,5,0,0,0,0,0,0
166,3330991427,10521,1440300,2515800,5485650,7321850,16763600,16884850,1382,5309150,1892650,1731450,0,3612,0,5,0,0,0,0,0,0
167,3282074430,10522,857450,2023300,4001800,9555250,16437800,16558850,1685,3839550,797850,642700,0,2972,0,5,0,0,0,0,0,0
168,2597814595,10523,859450,3478100,4782950,7476400,16596900,16714550,1408,4601400,1262050,1105600,0,3612,0,5,0,0,0,0,0,0
169,2225601370,10524,872200,3286700,5069950,7373400,16602250,16721750,1345,4898800,1265700,1105500,0,3612,0,5,0,0,0,0,0,0
170,3716853465,10525,878100,2827000,4079850,8806800,16591750,16716000,1623,3904350,805350,650050,0,2972,0,5,0,0,0,0,0,0
171,1080675697,10526,1555350,8785500,9053550,13922000,33316400,33439400,2599,8884050,1464050,1307350,0,7272,0,5,0,0,0,0,0,0
172,219920238,10527,860800,9202500,9088600,14171500,33323400,33440200,2622,8901250,1420300,1263800,0,7312,0,5,0,0,0,0,0,0
173,3070385651,10528,868050,2834650,4012700,8883600,16599000,16719900,1707,3853450,828300,655400,0,3012,0,5,0,0,0,0,0,0
174,2609556270,10529,865750,3305150,4807000,7620300,16598200,16719700,1349,4630400,1251400,1094200,0,3612,0,5,0,0,0,0,0,0
175,141401383,10530,1496600,2488500,5566800,7297550,16849450,16975850,1377,5403400,1907850,1748650,0,3612,0,5,0,0,0,0,0,0
176,3034105280,10531,862750,2015900,3971550,9499100,16349300,16464850,1362,3799800,805700,655400,0,2972,0,5,0,0,0,0,0,0
177,3029196371,10532,880750,3463300,4897750,7350150,16591950,16714600,1348,4730100,1268800,1102550,0,3612,0,5,0,0,0,0,0,0
178,699378668,10533,855550,3320450,5012350,7410650,16599000,16720900,1355,4840600,1262250,1115000,0,3612,0,5,0,0,0,0,0,0
179,2402609405,10534,850400,2809150,4097350,8844050,16600950,16717950,1669,3939250,809300,654700,0,2972,0,5,0,0,0,0,0,0
CSV_END

STUDY_DONE_c19d2c8e35ca=0
# 