/tmp/app --transport dma --state-frame 0 --dma-minimum 1024 --frames 180 --warmup 30 --wait spin --profile frame --csv /tmp/transport-frames.csv --grouped --dump /tmp/transport-frame.raw && printf "CSV_BEGIN\n" && cat /tmp/transport-frames.csv && printf "CSV_END\n"; study_status=$?; printf "\nSTUDY_DONE_01bb4f1ede0d=%s\n" "$study_status"
TRANSPORT mode=dma dma_minimum=1024
BEGIN_BREAKOUT frames=180 warmup=30 fixed=0 blocks=40 tiles=1 hud=1 wait=spin replay=0 state_frame=0 profile=frame pixel_centers=1 clock_call_ns=5556
HW_COUNTERS unavailable
RESULT frames=180 elapsed_s=12.656456100 fps=14.221991 logic_ms=0.000000 api_ms=0.000000 swap_ms=0.000000 wait_ms=0.000000 worker_inclusive_ms=0.000000 upload_inclusive_ms=0.000000 write_ms=0.000000 bytes_per_frame=30951.56 p50_ms=66.878050 p95_ms=83.599800 max_ms=83.946800 late_60hz=180 first_count=7647 last_count=7826 state_hash=8f34e8fd remaining=38 score=20
RENDER_PATH retained=0 grouped=1 quads=13131 full_frames=180
FRAME_CHECK count=7826 address=9fe00000 fnv1a=79c99b23 pixels=307200 mismatches=0
BREAKOUT_PASS
CSV_BEGIN
frame,state_hash,display_count,logic_ns,api_ns,swap_ns,wait_ns,total_ns,completion_interval_ns,polls,worker_inclusive_ns,upload_inclusive_ns,write_ns,read_ns,write_bytes,read_bytes,write_calls,read_calls,dma_copy_ns,dma_launch_ns,dma_completion_wait_ns,dma_bytes,dma_lists
0,3724779174,7647,0,0,0,0,66822500,66833500,121,0,0,0,0,31172,0,5,0,0,0,0,31360,5
1,1709657109,7648,0,0,0,0,66772750,66879100,259,0,0,0,0,31172,0,5,0,0,0,0,31360,5
2,1894904752,7649,0,0,0,0,66764850,66875750,168,0,0,0,0,31172,0,5,0,0,0,0,31360,5
3,3703759967,7650,0,0,0,0,66040800,66878850,116,0,0,0,0,31172,0,5,0,0,0,0,31360,5
4,19533624,7651,0,0,0,0,66762200,66875200,196,0,0,0,0,31172,0,5,0,0,0,0,31360,5
5,816884773,7652,0,0,0,0,82872650,83599900,2999,0,0,0,0,31172,0,5,0,0,0,0,31360,5
6,1339236364,7653,0,0,0,0,66766900,66874450,404,0,0,0,0,31172,0,5,0,0,0,0,31360,5
7,3072959373,7654,0,0,0,0,66773650,66879250,168,0,0,0,0,31172,0,5,0,0,0,0,31360,5
8,1782884746,7655,0,0,0,0,67043200,67155400,42,0,0,0,0,31172,0,5,0,0,0,0,31360,5
9,30296781,7656,0,0,0,0,66489550,66595300,202,0,0,0,0,31492,0,5,0,0,0,0,31680,5
10,4026418858,7657,0,0,0,0,66773750,66879500,272,0,0,0,0,31492,0,5,0,0,0,0,31680,5
11,2084929051,7658,0,0,0,0,83488000,83597700,1775,0,0,0,0,31492,0,5,0,0,0,0,31680,5
12,3114489770,7659,0,0,0,0,66890750,66999100,0,0,0,0,0,31172,0,5,0,0,0,0,31360,5
13,891400471,7660,0,0,0,0,66644600,66751150,276,0,0,0,0,31172,0,5,0,0,0,0,31360,5
14,3472773456,7661,0,0,0,0,66776000,66880800,161,0,0,0,0,31172,0,5,0,0,0,0,31360,5
15,3010688243,7662,0,0,0,0,66767550,66875300,114,0,0,0,0,31172,0,5,0,0,0,0,31360,5
16,2819524756,7663,0,0,0,0,66764200,66875650,151,0,0,0,0,31172,0,5,0,0,0,0,31360,5
17,3241678401,7664,0,0,0,0,66269500,66879550,159,0,0,0,0,31172,0,5,0,0,0,0,31360,5
18,2154316504,7665,0,0,0,0,66772400,66878100,246,0,0,0,0,31172,0,5,0,0,0,0,31360,5
19,772262681,7666,0,0,0,0,66765300,66875100,27,0,0,0,0,31172,0,5,0,0,0,0,31360,5
20,3882818750,7667,0,0,0,0,83693150,83802850,3088,0,0,0,0,31172,0,5,0,0,0,0,31360,5
21,521131153,7668,0,0,0,0,66562900,66670850,231,0,0,0,0,31172,0,5,0,0,0,0,31360,5
22,1838187414,7669,0,0,0,0,66773850,66879100,293,0,0,0,0,31172,0,5,0,0,0,0,31360,5
23,840574439,7670,0,0,0,0,83483900,83594250,2857,0,0,0,0,31172,0,5,0,0,0,0,31360,5
24,2879461878,7671,0,0,0,0,66977300,67084500,105,0,0,0,0,31172,0,5,0,0,0,0,31360,5
25,202086035,7672,0,0,0,0,83278800,83388850,2328,0,0,0,0,31172,0,5,0,0,0,0,31360,5
26,959703924,7673,0,0,0,0,66402600,66879950,194,0,0,0,0,31172,0,5,0,0,0,0,31360,5
27,3795724423,7674,0,0,0,0,82777100,83597000,2756,0,0,0,0,31172,0,5,0,0,0,0,31360,5
28,2500539904,7675,0,0,0,0,66767750,66876300,155,0,0,0,0,31172,0,5,0,0,0,0,31360,5
29,2269000541,7676,0,0,0,0,67022450,67128550,83,0,0,0,0,31172,0,5,0,0,0,0,31360,5
30,1900681108,7677,0,0,0,0,66517550,66623100,322,0,0,0,0,31172,0,5,0,0,0,0,31360,5
31,3680168245,7678,0,0,0,0,66772150,66878050,305,0,0,0,0,31172,0,5,0,0,0,0,31360,5
32,2344329490,7679,0,0,0,0,66771150,66877200,65,0,0,0,0,31172,0,5,0,0,0,0,31360,5
33,2130650181,7680,0,0,0,0,66770950,66877700,135,0,0,0,0,31492,0,5,0,0,0,0,31680,5
34,906966818,7681,0,0,0,0,83494200,83596650,2971,0,0,0,0,31492,0,5,0,0,0,0,31680,5
35,3939376531,7682,0,0,0,0,66764950,66876700,133,0,0,0,0,31492,0,5,0,0,0,0,31680,5
36,2110688546,7683,0,0,0,0,66772600,66878800,118,0,0,0,0,31172,0,5,0,0,0,0,31360,5
37,2695523007,7684,0,0,0,0,66769750,66876450,188,0,0,0,0,31172,0,5,0,0,0,0,31360,5
38,744447992,7685,0,0,0,0,66011300,66875500,215,0,0,0,0,31172,0,5,0,0,0,0,31360,5
39,3728640411,7686,0,0,0,0,66772150,66880150,249,0,0,0,0,31172,0,5,0,0,0,0,31360,5
40,618879740,7687,0,0,0,0,83485000,83595350,1685,0,0,0,0,31172,0,5,0,0,0,0,31360,5
41,1239708057,7688,0,0,0,0,83488700,83597000,2928,0,0,0,0,31172,0,5,0,0,0,0,31360,5
42,2429742208,7689,0,0,0,0,66769300,66876650,175,0,0,0,0,31172,0,5,0,0,0,0,31360,5
43,412095716,7690,0,0,0,0,66771200,66876900,142,0,0,0,0,31172,0,5,0,0,0,0,31360,5
44,1226741467,7691,0,0,0,0,66771550,66876800,212,0,0,0,0,31172,0,5,0,0,0,0,31360,5
45,3288446148,7692,0,0,0,0,66829300,66936250,44,0,0,0,0,31172,0,5,0,0,0,0,31360,5
46,1157984843,7693,0,0,0,0,66710650,66815900,351,0,0,0,0,31172,0,5,0,0,0,0,31360,5
47,3877288378,7694,0,0,0,0,66775200,66879250,195,0,0,0,0,31172,0,5,0,0,0,0,31360,5
48,4236526315,7695,0,0,0,0,66769500,66877500,107,0,0,0,0,31172,0,5,0,0,0,0,31360,5
49,533834014,7696,0,0,0,0,83484000,83595250,3079,0,0,0,0,31172,0,5,0,0,0,0,31360,5
50,1649361089,7697,0,0,0,0,82870600,83731900,3171,0,0,0,0,31172,0,5,0,0,0,0,31360,5
51,2486981906,7698,0,0,0,0,66629750,66742200,323,0,0,0,0,31172,0,5,0,0,0,0,31360,5
52,1706075277,7699,0,0,0,0,66772350,66878050,122,0,0,0,0,31172,0,5,0,0,0,0,31360,5
53,267972368,7700,0,0,0,0,66773600,66875000,67,0,0,0,0,31172,0,5,0,0,0,0,31360,5
54,3895401273,7701,0,0,0,0,83488700,83599300,2053,0,0,0,0,31172,0,5,0,0,0,0,31360,5
55,605985656,7702,0,0,0,0,66766450,66875000,166,0,0,0,0,31172,0,5,0,0,0,0,31360,5
56,4077673024,7703,0,0,0,0,83495150,83599400,2926,0,0,0,0,30852,0,5,0,0,0,0,31040,5
57,985632231,7704,0,0,0,0,66762650,66873350,272,0,0,0,0,30852,0,5,0,0,0,0,31040,5
58,3720590956,7705,0,0,0,0,66766500,66876850,95,0,0,0,0,30852,0,5,0,0,0,0,31040,5
59,3264032585,7706,0,0,0,0,66768250,66876950,373,0,0,0,0,30852,0,5,0,0,0,0,31040,5
60,395405688,7707,0,0,0,0,66773650,66878050,410,0,0,0,0,30852,0,5,0,0,0,0,31040,5
61,32142420,7708,0,0,0,0,66764400,66877250,166,0,0,0,0,30852,0,5,0,0,0,0,31040,5
62,1187067055,7709,0,0,0,0,67035850,67145900,180,0,0,0,0,30852,0,5,0,0,0,0,31040,5
63,459140908,7710,0,0,0,0,83214900,83327100,3129,0,0,0,0,30852,0,5,0,0,0,0,31040,5
64,3369786495,7711,0,0,0,0,66765300,66876200,185,0,0,0,0,30852,0,5,0,0,0,0,31040,5
65,1572434254,7712,0,0,0,0,66771600,66876500,256,0,0,0,0,30852,0,5,0,0,0,0,31040,5
66,4107798823,7713,0,0,0,0,66802200,66913800,87,0,0,0,0,30852,0,5,0,0,0,0,31040,5
67,343968250,7714,0,0,0,0,66727200,66842350,312,0,0,0,0,30852,0,5,0,0,0,0,31040,5
68,3102454017,7715,0,0,0,0,66778000,66880700,354,0,0,0,0,30852,0,5,0,0,0,0,31040,5
69,3051095563,7716,0,0,0,0,83487700,83593300,1962,0,0,0,0,30852,0,5,0,0,0,0,31040,5
70,2391331016,7717,0,0,0,0,66766600,66877100,23,0,0,0,0,30852,0,5,0,0,0,0,31040,5
71,3869016117,7718,0,0,0,0,66767950,66877500,367,0,0,0,0,30852,0,5,0,0,0,0,31040,5
72,1579800804,7719,0,0,0,0,66768200,66879900,403,0,0,0,0,30852,0,5,0,0,0,0,31040,5
73,2792341157,7720,0,0,0,0,82732250,83596050,3156,0,0,0,0,30852,0,5,0,0,0,0,31040,5
74,714702942,7721,0,0,0,0,66769900,66876750,97,0,0,0,0,30852,0,5,0,0,0,0,31040,5
75,1092538936,7722,0,0,0,0,66761550,66875500,276,0,0,0,0,30852,0,5,0,0,0,0,31040,5
76,1561271239,7723,0,0,0,0,66766300,66874450,144,0,0,0,0,31172,0,5,0,0,0,0,31360,5
77,3798074098,7724,0,0,0,0,66776050,66879000,179,0,0,0,0,31172,0,5,0,0,0,0,31360,5
78,3022639071,7725,0,0,0,0,66921950,67027400,0,0,0,0,0,31172,0,5,0,0,0,0,31360,5
79,2282770062,7726,0,0,0,0,66613900,66727900,262,0,0,0,0,30852,0,5,0,0,0,0,31040,5
80,1626512457,7727,0,0,0,0,83494400,83598500,2878,0,0,0,0,30852,0,5,0,0,0,0,31040,5
81,3156888026,7728,0,0,0,0,66765300,66876200,256,0,0,0,0,30852,0,5,0,0,0,0,31040,5
82,3038824309,7729,0,0,0,0,66763350,66875100,73,0,0,0,0,30852,0,5,0,0,0,0,31040,5
83,1261846460,7730,0,0,0,0,83644450,83756600,2127,0,0,0,0,30852,0,5,0,0,0,0,31040,5
84,2035201521,7731,0,0,0,0,66605900,66716150,367,0,0,0,0,30852,0,5,0,0,0,0,31040,5
85,2164446652,7732,0,0,0,0,83488100,83596750,2878,0,0,0,0,30852,0,5,0,0,0,0,31040,5
86,2017191835,7733,0,0,0,0,66769850,66878600,272,0,0,0,0,30852,0,5,0,0,0,0,31040,5
87,3029138484,7734,0,0,0,0,66816800,66929250,0,0,0,0,0,30852,0,5,0,0,0,0,31040,5
88,50355403,7735,0,0,0,0,66712850,66825950,377,0,0,0,0,30852,0,5,0,0,0,0,31040,5
89,654213990,7736,0,0,0,0,66772150,66878550,357,0,0,0,0,30852,0,5,0,0,0,0,31040,5
90,2360099787,7737,0,0,0,0,66762950,66873400,113,0,0,0,0,30852,0,5,0,0,0,0,31040,5
91,2424818746,7738,0,0,0,0,66764050,66876100,205,0,0,0,0,30852,0,5,0,0,0,0,31040,5
92,1971386461,7739,0,0,0,0,82860300,83597700,3050,0,0,0,0,30852,0,5,0,0,0,0,31040,5
93,3386045126,7740,0,0,0,0,66769250,66876050,231,0,0,0,0,30852,0,5,0,0,0,0,31040,5
94,1429641961,7741,0,0,0,0,66778450,66881450,184,0,0,0,0,30852,0,5,0,0,0,0,31040,5
95,3022846880,7742,0,0,0,0,67048400,67164300,156,0,0,0,0,30852,0,5,0,0,0,0,31040,5
96,1601897261,7743,0,0,0,0,82454000,83308250,3090,0,0,0,0,30852,0,5,0,0,0,0,31040,5
97,1229951528,7744,0,0,0,0,66764200,66874600,275,0,0,0,0,30852,0,5,0,0,0,0,31040,5
98,4065171759,7745,0,0,0,0,83493550,83598250,1997,0,0,0,0,30852,0,5,0,0,0,0,31040,5
99,1034325744,7746,0,0,0,0,83484650,83597150,2898,0,0,0,0,30852,0,5,0,0,0,0,31040,5
100,14078671,7747,0,0,0,0,66767500,66876600,64,0,0,0,0,31172,0,5,0,0,0,0,31360,5
101,4024270554,7748,0,0,0,0,66764250,66876650,279,0,0,0,0,31172,0,5,0,0,0,0,31360,5
102,896191351,7749,0,0,0,0,66769900,66878250,79,0,0,0,0,31172,0,5,0,0,0,0,31360,5
103,2131384102,7750,0,0,0,0,66770200,66876750,222,0,0,0,0,30852,0,5,0,0,0,0,31040,5
104,2586210593,7751,0,0,0,0,67134100,67248350,166,0,0,0,0,30852,0,5,0,0,0,0,31040,5
105,591918370,7752,0,0,0,0,66392350,66506200,229,0,0,0,0,30852,0,5,0,0,0,0,31040,5
106,8814317,7753,0,0,0,0,66772350,66875600,306,0,0,0,0,30852,0,5,0,0,0,0,31040,5
107,2340504196,7754,0,0,0,0,66764200,66877650,65,0,0,0,0,30852,0,5,0,0,0,0,31040,5
108,3523076009,7755,0,0,0,0,66763600,66878050,174,0,0,0,0,30852,0,5,0,0,0,0,31040,5
109,1961669028,7756,0,0,0,0,66772350,66877100,444,0,0,0,0,30852,0,5,0,0,0,0,31040,5
110,1037581603,7757,0,0,0,0,66767150,66878000,262,0,0,0,0,30852,0,5,0,0,0,0,31040,5
111,2701024588,7758,0,0,0,0,67012150,67124250,21,0,0,0,0,30852,0,5,0,0,0,0,31040,5
112,215037203,7759,0,0,0,0,83236700,83348600,2381,0,0,0,0,30852,0,5,0,0,0,0,31040,5
113,3696282862,7760,0,0,0,0,66361750,66873500,186,0,0,0,0,30852,0,5,0,0,0,0,31040,5
114,2829142928,7761,0,0,0,0,83497700,83601750,2896,0,0,0,0,30852,0,5,0,0,0,0,31040,5
115,3204762949,7762,0,0,0,0,66762250,66873300,212,0,0,0,0,30852,0,5,0,0,0,0,31040,5
116,3297489190,7763,0,0,0,0,67054600,67166750,132,0,0,0,0,30852,0,5,0,0,0,0,31040,5
117,1691704917,7764,0,0,0,0,66476850,66587650,230,0,0,0,0,30852,0,5,0,0,0,0,31040,5
118,663957814,7765,0,0,0,0,66772950,66877100,299,0,0,0,0,30852,0,5,0,0,0,0,31040,5
119,3058583827,7766,0,0,0,0,66762050,66879450,114,0,0,0,0,30852,0,5,0,0,0,0,31040,5
120,838545270,7767,0,0,0,0,82746000,83595450,3118,0,0,0,0,30852,0,5,0,0,0,0,31040,5
121,3608912039,7768,0,0,0,0,83839600,83946800,3170,0,0,0,0,30852,0,5,0,0,0,0,31040,5
122,4080159716,7769,0,0,0,0,66419150,66528750,505,0,0,0,0,30852,0,5,0,0,0,0,31040,5
123,1056027075,7770,0,0,0,0,66763300,66875650,263,0,0,0,0,30852,0,5,0,0,0,0,31040,5
124,4057021248,7771,0,0,0,0,66762300,66878750,31,0,0,0,0,31172,0,5,0,0,0,0,31360,5
125,2686741161,7772,0,0,0,0,66759250,66872200,298,0,0,0,0,31172,0,5,0,0,0,0,31360,5
126,3870849660,7773,0,0,0,0,66772450,66879450,78,0,0,0,0,31172,0,5,0,0,0,0,31360,5
127,293449641,7774,0,0,0,0,83496600,83599800,1908,0,0,0,0,30852,0,5,0,0,0,0,31040,5
128,596064266,7775,0,0,0,0,83481700,83594000,3063,0,0,0,0,30852,0,5,0,0,0,0,31040,5
129,3715495249,7776,0,0,0,0,66770400,66879550,37,0,0,0,0,30852,0,5,0,0,0,0,31040,5
130,244680018,7777,0,0,0,0,66761200,66871800,421,0,0,0,0,30852,0,5,0,0,0,0,31040,5
131,4080661783,7778,0,0,0,0,66775900,66880400,362,0,0,0,0,30852,0,5,0,0,0,0,31040,5
132,4006730450,7779,0,0,0,0,66760850,66877250,176,0,0,0,0,30852,0,5,0,0,0,0,31040,5
133,3864584507,7780,0,0,0,0,66763800,66876600,174,0,0,0,0,30852,0,5,0,0,0,0,31040,5
134,2711027320,7781,0,0,0,0,66290400,66877200,306,0,0,0,0,30852,0,5,0,0,0,0,31040,5
135,4099079087,7782,0,0,0,0,66769250,66875450,258,0,0,0,0,30852,0,5,0,0,0,0,31040,5
136,565333772,7783,0,0,0,0,83482400,83597650,2628,0,0,0,0,30852,0,5,0,0,0,0,31040,5
137,1028518269,7784,0,0,0,0,67303700,67413900,155,0,0,0,0,30852,0,5,0,0,0,0,31040,5
138,2252688136,7785,0,0,0,0,66225500,66336800,240,0,0,0,0,30852,0,5,0,0,0,0,31040,5
139,578597309,7786,0,0,0,0,66770750,66879550,304,0,0,0,0,30852,0,5,0,0,0,0,31040,5
140,3624439358,7787,0,0,0,0,66765050,66875500,126,0,0,0,0,30852,0,5,0,0,0,0,31040,5
141,3514067501,7788,0,0,0,0,83489000,83601250,1963,0,0,0,0,30852,0,5,0,0,0,0,31040,5
142,2741972910,7789,0,0,0,0,66765550,66873650,414,0,0,0,0,30852,0,5,0,0,0,0,31040,5
143,28497579,7790,0,0,0,0,81960100,83600150,2809,0,0,0,0,30852,0,5,0,0,0,0,31040,5
144,466729326,7791,0,0,0,0,66764200,66874600,291,0,0,0,0,30852,0,5,0,0,0,0,31040,5
145,3425349295,7792,0,0,0,0,66763400,66875450,86,0,0,0,0,30852,0,5,0,0,0,0,31040,5
146,1537640620,7793,0,0,0,0,66766000,66876400,319,0,0,0,0,30852,0,5,0,0,0,0,31040,5
147,1853842891,7794,0,0,0,0,66777750,66880300,406,0,0,0,0,30852,0,5,0,0,0,0,31040,5
148,1177024904,7795,0,0,0,0,66760450,66875450,179,0,0,0,0,31172,0,5,0,0,0,0,31360,5
149,4106734849,7796,0,0,0,0,67146650,67259100,57,0,0,0,0,31172,0,5,0,0,0,0,31360,5
150,2025356500,7797,0,0,0,0,83109700,83217950,3096,0,0,0,0,31172,0,5,0,0,0,0,31360,5
151,2189605121,7798,0,0,0,0,66760850,66872800,285,0,0,0,0,30852,0,5,0,0,0,0,31040,5
152,4086136290,7799,0,0,0,0,66771450,66877900,211,0,0,0,0,30852,0,5,0,0,0,0,31040,5
153,4036669705,7800,0,0,0,0,66833900,66940300,61,0,0,0,0,30852,0,5,0,0,0,0,31040,5
154,4167980074,7801,0,0,0,0,66703100,66813500,413,0,0,0,0,30852,0,5,0,0,0,0,31040,5
155,51187407,7802,0,0,0,0,66773800,66881650,329,0,0,0,0,30852,0,5,0,0,0,0,31040,5
156,2242638442,7803,0,0,0,0,83483450,83593450,1900,0,0,0,0,30852,0,5,0,0,0,0,31040,5
157,2730108163,7804,0,0,0,0,83484300,83595000,2993,0,0,0,0,30852,0,5,0,0,0,0,31040,5
158,2718743917,7805,0,0,0,0,66996850,67107850,77,0,0,0,0,30852,0,5,0,0,0,0,31040,5
159,3391709842,7806,0,0,0,0,66536150,66647250,357,0,0,0,0,30852,0,5,0,0,0,0,31040,5
160,1164604273,7807,0,0,0,0,66770450,66877900,310,0,0,0,0,30852,0,5,0,0,0,0,31040,5
161,2148591176,7808,0,0,0,0,66770500,66877500,81,0,0,0,0,30852,0,5,0,0,0,0,31040,5
162,4192737573,7809,0,0,0,0,66768100,66874650,412,0,0,0,0,30852,0,5,0,0,0,0,31040,5
163,535584840,7810,0,0,0,0,66772350,66878750,279,0,0,0,0,30852,0,5,0,0,0,0,31040,5
164,3430794475,7811,0,0,0,0,66771400,66877450,175,0,0,0,0,30852,0,5,0,0,0,0,31040,5
165,776323552,7812,0,0,0,0,83484950,83597350,3092,0,0,0,0,30852,0,5,0,0,0,0,31040,5
166,3330991427,7813,0,0,0,0,66769500,66876900,228,0,0,0,0,30852,0,5,0,0,0,0,31040,5
167,3282074430,7814,0,0,0,0,66302250,66874800,206,0,0,0,0,30852,0,5,0,0,0,0,31040,5
168,2597814595,7815,0,0,0,0,66773500,66877450,280,0,0,0,0,30852,0,5,0,0,0,0,31040,5
169,2225601370,7816,0,0,0,0,66770400,66877350,88,0,0,0,0,30852,0,5,0,0,0,0,31040,5
170,3716853465,7817,0,0,0,0,83667850,83774650,2250,0,0,0,0,30852,0,5,0,0,0,0,31040,5
171,1080675697,7818,0,0,0,0,66585000,66700400,543,0,0,0,0,30212,0,5,0,0,0,0,30400,5
172,219920238,7819,0,0,0,0,66771450,66881650,0,0,0,0,0,30212,0,5,0,0,0,0,30400,5
173,3070385651,7820,0,0,0,0,66766300,66872400,146,0,0,0,0,30212,0,5,0,0,0,0,30400,5
174,2609556270,7821,0,0,0,0,66769950,66878700,680,0,0,0,0,30212,0,5,0,0,0,0,30400,5
175,141401383,7822,0,0,0,0,66763900,66874400,435,0,0,0,0,30212,0,5,0,0,0,0,30400,5
176,3034105280,7823,0,0,0,0,66772500,66881050,265,0,0,0,0,30212,0,5,0,0,0,0,30400,5
177,3029196371,7824,0,0,0,0,66858900,66968100,450,0,0,0,0,30212,0,5,0,0,0,0,30400,5
178,699378668,7825,0,0,0,0,66674350,66782900,575,0,0,0,0,30212,0,5,0,0,0,0,30400,5
179,2402609405,7826,0,0,0,0,66763900,66876100,341,0,0,0,0,30212,0,5,0,0,0,0,30400,5
CSV_END

STUDY_DONE_01bb4f1ede0d=0
# 