/tmp/app --transport apb --state-frame 0 --frames 180 --warmup 30 --wait spin --profile detailed --csv /tmp/transport-frames.csv --grouped --dump /tmp/transport-frame.raw && printf "CSV_BEGIN\n" && cat /tmp/transport-frames.csv && printf "CSV_END\n"; study_status=$?; printf "\nSTUDY_DONE_b8d00fb3664b=%s\n" "$study_status"
TRANSPORT mode=apb dma_minimum=64
BEGIN_BREAKOUT frames=180 warmup=30 fixed=0 blocks=40 tiles=1 hud=1 wait=spin replay=0 state_frame=0 profile=detailed pixel_centers=1 clock_call_ns=5525
HW_COUNTERS unavailable
RESULT frames=180 elapsed_s=12.037840500 fps=14.952848 logic_ms=0.976876 api_ms=14.960147 swap_ms=36.447727 wait_ms=14.326756 worker_inclusive_ms=36.227027 upload_inclusive_ms=8.181636 write_ms=7.847209 bytes_per_frame=30951.56 p50_ms=66.877100 p95_ms=67.070950 max_ms=67.348150 late_60hz=180 first_count=931 last_count=1110 state_hash=8f34e8fd remaining=38 score=20
RENDER_PATH retained=0 grouped=1 quads=13131 full_frames=180
FRAME_CHECK count=1110 address=9fe00000 fnv1a=79c99b23 pixels=307200 mismatches=0
BREAKOUT_PASS
CSV_BEGIN
frame,state_hash,display_count,logic_ns,api_ns,swap_ns,wait_ns,total_ns,completion_interval_ns,polls,worker_inclusive_ns,upload_inclusive_ns,write_ns,read_ns,write_bytes,read_bytes,write_calls,read_calls,dma_copy_ns,dma_launch_ns,dma_completion_wait_ns,dma_bytes,dma_lists
0,3724779174,931,725950,14825350,36121550,15150700,66823550,66831050,2897,35944900,8181700,7963050,0,31172,0,5,0,0,0,0,0,0
1,1709657109,932,879550,15114450,36038450,14731400,66763850,66877300,2763,35860100,8078500,7858450,0,31172,0,5,0,0,0,0,0,0
2,1894904752,933,857700,14977750,35934350,14994200,66764000,66875950,2967,35762750,8771750,8522050,0,31172,0,5,0,0,0,0,0,0
3,3703759967,934,1299050,14232500,36153050,15082250,66766850,66876850,2877,35984050,8185900,7942300,0,31172,0,5,0,0,0,0,0,0
4,19533624,935,850550,15008500,38881200,12027550,66767800,66877600,2205,38689450,8028000,7811950,0,31172,0,5,0,0,0,0,0,0
5,816884773,936,803900,15034100,37319550,13651500,66809050,66922350,2543,37154400,9378650,9157450,0,31172,0,5,0,0,0,0,0,0
6,1339236364,937,861950,21060700,36661350,8136950,66720950,66832100,1541,36470200,8211100,7964950,0,31172,0,5,0,0,0,0,0,0
7,3072959373,938,1439650,14226150,36146650,14956950,66769400,66876850,2778,35961200,8138000,7924100,0,31172,0,5,0,0,0,0,0,0
8,1782884746,939,838900,15138800,35706600,15086450,66770750,66878450,2855,35529900,7793400,7574450,0,31172,0,5,0,0,0,0,0,0
9,30296781,940,799150,15071550,35922750,14972250,66765700,66876200,2960,35745150,8028150,7820100,0,31492,0,5,0,0,0,0,0,0
10,4026418858,941,1293550,14243450,36140150,15094700,66771850,66880500,2873,35967800,8206600,7956650,0,31492,0,5,0,0,0,0,0,0
11,2084929051,942,798550,15400000,35980150,14587200,66765900,66873750,2734,35795300,8089400,7874300,0,31492,0,5,0,0,0,0,0,0
12,3114489770,943,842800,15019850,35867850,15039650,66770150,66879200,2888,35693900,8009800,7788650,0,31172,0,5,0,0,0,0,0,0
13,891400471,944,800300,14232750,38166650,13569400,66769100,66878050,2645,37985450,7780850,7548550,0,31172,0,5,0,0,0,0,0,0
14,3472773456,945,887950,15562950,35919750,12981150,65351800,66876350,2524,35725650,8016950,7806300,0,31172,0,5,0,0,0,0,0,0
15,3010688243,946,798250,15100200,35677050,15194050,66769550,66876500,2874,35504950,7797750,7571950,0,31172,0,5,0,0,0,0,0,0
16,2819524756,947,840750,15051850,35989250,14886200,66768050,66877200,2936,35803750,8055900,7834350,0,31172,0,5,0,0,0,0,0,0
17,3241678401,948,794000,14293350,37039600,14242850,66369800,66879150,2807,36286500,8102750,7836750,0,31172,0,5,0,0,0,0,0,0
18,2154316504,949,838750,14940950,35958350,15023050,66761100,66873950,2831,35778750,8119300,7901900,0,31172,0,5,0,0,0,0,0,0
19,772262681,950,796900,14989550,35889700,15089200,66765350,66877900,2899,35720800,7964800,7746550,0,31172,0,5,0,0,0,0,0,0
20,3882818750,951,839950,14240300,36893800,14796650,66770700,66878250,2923,36719750,8702450,8448100,0,31172,0,5,0,0,0,0,0,0
21,521131153,952,2634600,15274200,44403000,4450600,66762400,66873000,840,44224550,7828100,7000750,0,31172,0,5,0,0,0,0,0,0
22,1838187414,953,840200,15021250,36019200,14885000,66765650,66878300,2804,35834850,8018800,7802250,0,31172,0,5,0,0,0,0,0,0
23,840574439,954,805750,15032400,36362150,14832850,67033150,67144150,2841,36183950,7824200,7608000,0,31172,0,5,0,0,0,0,0,0
24,2879461878,955,846400,14250200,36101150,15306550,66504300,66611750,2916,35926850,8157950,7908900,0,31172,0,5,0,0,0,0,0,0
25,202086035,956,811300,14934000,35982650,15041550,66769500,66877100,2829,35806450,8072150,7858600,0,31172,0,5,0,0,0,0,0,0
26,959703924,957,842450,14991600,36236900,14697850,66768800,66879500,2796,36054400,7982950,7742700,0,31172,0,5,0,0,0,0,0,0
27,3795724423,958,804050,14259050,36059900,15640500,66763500,66873300,2991,35185000,8176600,7937150,0,31172,0,5,0,0,0,0,0,0
28,2500539904,959,1363300,14259050,38070750,13080550,66773650,66881400,2540,37894150,10206450,9952800,0,31172,0,5,0,0,0,0,0,0
29,2269000541,960,800800,15008900,36264200,14690400,66764300,66873900,2742,36085200,8332200,7236950,0,31172,0,5,0,0,0,0,0,0
30,1900681108,961,845250,15011900,36061200,14979250,66897600,67009600,2871,35873700,7955350,7734850,0,31172,0,5,0,0,0,0,0,0
31,3680168245,962,802850,14241900,36067450,15524750,66636950,66744800,2969,35898100,8179900,7944900,0,31172,0,5,0,0,0,0,0,0
32,2344329490,963,1471750,14343700,35852900,15103750,66772100,66880100,2765,35680000,8059050,7842900,0,31172,0,5,0,0,0,0,0,0
33,2130650181,964,804350,14994850,36012850,14950050,66762100,66876900,2858,35830850,8016850,7788550,0,31492,0,5,0,0,0,0,0,0
34,906966818,965,846200,15024100,35933550,14962700,66766550,66875400,2957,35759350,8741750,7791650,0,31492,0,5,0,0,0,0,0,0
35,3939376531,966,1261850,14239800,36145200,15121500,66768350,66877150,2824,35975100,8189800,7962700,0,31492,0,5,0,0,0,0,0,0
36,2110688546,967,851450,15049450,43487700,7376850,66765450,66878300,922,43302200,12823000,12593500,0,31172,0,5,0,0,0,0,0,0
37,2695523007,968,856600,15126900,36354500,13624500,65962500,66874250,2556,36171400,8199750,7985950,0,31172,0,5,0,0,0,0,0,0
38,744447992,969,843650,14265150,36139800,15523300,66771900,66881050,2965,35963650,8247400,8011400,0,31172,0,5,0,0,0,0,0,0
39,3728640411,970,1446950,14768100,35953650,14596550,66765250,66873550,2730,35762600,8151400,7913550,0,31172,0,5,0,0,0,0,0,0
40,618879740,971,840750,14941350,35962350,15028850,66773300,66880300,2875,35782900,7969600,7739850,0,31172,0,5,0,0,0,0,0,0
41,1239708057,972,806250,15043450,36060400,14851450,66761550,66873750,2931,35883000,8083900,7876950,0,31172,0,5,0,0,0,0,0,0
42,2429742208,973,840950,14534400,36051200,14916000,66342550,66881000,2836,35864600,8173250,7923100,0,31172,0,5,0,0,0,0,0,0
43,412095716,974,797950,14999400,36070400,14898000,66765750,66875150,2714,35886900,8181550,7961800,0,31172,0,5,0,0,0,0,0,0
44,1226741467,975,843250,16095600,36187550,13640700,66767100,66877400,2565,35998350,8138150,7920750,0,31172,0,5,0,0,0,0,0,0
45,3288446148,976,803450,14243650,37061850,14659000,66767950,66877250,2891,36888500,8753550,8494100,0,31172,0,5,0,0,0,0,0,0
46,1157984843,977,1390450,14382750,35849200,15142500,66764900,66875750,2852,35673850,8141500,7920000,0,31172,0,5,0,0,0,0,0,0
47,3877288378,978,801750,14924400,35874400,15170150,66770700,66879700,2904,35703850,7981700,7753100,0,31172,0,5,0,0,0,0,0,0
48,4236526315,979,846350,15002800,36359300,14901400,67109850,67217150,2852,36181950,7915050,7695600,0,31172,0,5,0,0,0,0,0,0
49,533834014,980,801600,14237200,36066050,15318300,66423150,66533450,2921,35894850,8220650,7973150,0,31172,0,5,0,0,0,0,0,0
50,1649361089,981,849050,14930800,36031950,14955650,66767450,66876800,2818,35843650,8176150,7952900,0,31172,0,5,0,0,0,0,0,0
51,2486981906,982,804600,15005000,38175700,12779950,66765250,66877700,2378,38001900,8275550,8030700,0,31172,0,5,0,0,0,0,0,0
52,1706075277,983,843000,21214700,36159300,8552050,66769050,66876800,1635,35969700,8185700,7943800,0,31172,0,5,0,0,0,0,0,0
53,267972368,984,1348150,14398600,36005800,15010000,66762550,66877300,2827,35826450,8209250,7976450,0,31172,0,5,0,0,0,0,0,0
54,3895401273,985,851450,14833300,36573350,14503850,66761950,66876800,2760,36389650,8296650,8072800,0,31172,0,5,0,0,0,0,0,0
55,605985656,986,802250,15011300,36128100,15022250,66963900,67072750,2881,35951150,7998300,7784100,0,31172,0,5,0,0,0,0,0,0
56,4077673024,987,885150,14221600,35944950,15523300,66575000,66683100,2971,35769650,8169000,7921900,0,30852,0,5,0,0,0,0,0,0
57,985632231,988,1598400,14177150,36229100,14763050,66767700,66878400,2758,36050300,8319800,8100650,0,30852,0,5,0,0,0,0,0,0
58,3720590956,989,874600,14967300,35833650,15085950,66761500,66877600,2891,35660500,7740250,7519350,0,30852,0,5,0,0,0,0,0,0
59,3264032585,990,838150,14951200,37649450,13325200,66764000,66874300,2582,37478650,8022100,7807350,0,30852,0,5,0,0,0,0,0,0
60,395405688,991,910500,15332300,35853100,13374150,65470050,66880000,2491,35669200,8004100,7788650,0,30852,0,5,0,0,0,0,0,0
61,32142420,992,848150,14870000,36115050,14925900,66759100,66875050,2850,35936650,8247600,8030350,0,30852,0,5,0,0,0,0,0,0
62,1187067055,993,870950,15056400,35984750,14911550,66823650,66936900,2855,35802750,7973850,7749700,0,30852,0,5,0,0,0,0,0,0
63,459140908,994,832750,14269600,36073150,15533050,66708550,66818000,2911,35903600,8186750,7937750,0,30852,0,5,0,0,0,0,0,0
64,3369786495,995,1712900,16949450,35837650,12267950,66767950,66879050,2367,35647700,7853700,7643750,0,30852,0,5,0,0,0,0,0,0
65,1572434254,996,841500,15038100,35928500,14952900,66761000,66874950,2854,35745550,7778950,6755550,0,30852,0,5,0,0,0,0,0,0
66,4107798823,997,882300,15046300,35800400,15034500,66763500,66878450,2697,35625900,7952000,7742850,0,30852,0,5,0,0,0,0,0,0
67,343968250,998,1532850,15615150,43664150,5944900,66757050,66878500,1179,42774650,8180550,7934050,0,30852,0,5,0,0,0,0,0,0
68,3102454017,999,870900,14824350,36097900,14969150,66762300,66874650,2860,35911500,8257750,8040150,0,30852,0,5,0,0,0,0,0,0
69,3051095563,1000,830250,15038250,35937750,14956750,66763000,66878300,2867,35762550,7864000,7647950,0,30852,0,5,0,0,0,0,0,0
70,2391331016,1001,869150,14542500,35911350,15445200,66768200,66878600,2952,34874400,8169100,7935100,0,30852,0,5,0,0,0,0,0,0
71,3869016117,1002,1581500,14234550,35805200,15146950,66768200,66877300,2860,35637200,8066550,7851600,0,30852,0,5,0,0,0,0,0,0
72,1579800804,1003,867750,14940550,35843950,15111250,66763500,66875200,2890,35667100,7776550,6751450,0,30852,0,5,0,0,0,0,0,0
73,2792341157,1004,835600,15083050,36258000,14586050,66762700,66874700,2868,36083500,7834750,7621350,0,30852,0,5,0,0,0,0,0,0
74,714702942,1005,863450,14402550,37786750,13313250,66366000,66879100,2557,37599100,7713250,7484600,0,30852,0,5,0,0,0,0,0,0
75,1092538936,1006,825950,14769450,36022000,15146800,66764200,66876650,2901,35850600,8254400,8036750,0,30852,0,5,0,0,0,0,0,0
76,1561271239,1007,870850,15000550,36282350,14609050,66762800,66875550,2782,36097950,7798200,7576200,0,31172,0,5,0,0,0,0,0,0
77,3798074098,1008,834650,14259350,35991000,15681600,66766600,66879700,3005,35817950,8167950,7912550,0,31172,0,5,0,0,0,0,0,0
78,3022639071,1009,1562900,14170400,35808100,15222750,66764150,66876550,2874,35637500,8066600,7846200,0,31172,0,5,0,0,0,0,0,0
79,2282770062,1010,829100,14917850,36399000,14620750,66766700,66877500,2782,36217700,7965350,7754550,0,30852,0,5,0,0,0,0,0,0
80,1626512457,1011,868000,15029900,36022100,15115450,67035450,67144950,2903,35836600,8042300,7821750,0,30852,0,5,0,0,0,0,0,0
81,3156888026,1012,832650,14435400,35807000,15422000,66497050,66607100,2909,35635350,8116900,7873550,0,30852,0,5,0,0,0,0,0,0
82,3038824309,1013,875650,14760300,44350950,6782250,66769150,66882800,848,44156150,13486700,7543900,0,30852,0,5,0,0,0,0,0,0
83,1261846460,1014,878400,15076650,35877450,14915650,66748150,66872950,2854,35696900,7713850,7501050,0,30852,0,5,0,0,0,0,0,0
84,2035201521,1015,904450,15328250,35575350,14225900,66033950,66877550,2791,35396150,7681750,7468250,0,30852,0,5,0,0,0,0,0,0
85,2164446652,1016,1515350,14229450,36193400,14827200,66765400,66875900,2769,36016100,8369250,8135200,0,30852,0,5,0,0,0,0,0,0
86,2017191835,1017,866000,14872000,35968050,15058050,66764100,66876500,2876,35793050,7938300,7724900,0,30852,0,5,0,0,0,0,0,0
87,3029138484,1018,833000,15045100,35981150,15036400,66895650,67006500,2882,35803800,7894100,7679750,0,30852,0,5,0,0,0,0,0,0
88,50355403,1019,868650,14376050,35713150,15686150,66644000,66751550,2887,35538650,8113500,7870450,0,30852,0,5,0,0,0,0,0,0
89,654213990,1020,1461100,14176350,36070400,15053700,66761550,66877550,2556,35897550,8167250,7952550,0,30852,0,5,0,0,0,0,0,0
90,2360099787,1021,902050,15097550,35863500,14891100,66754200,66875450,2841,35682450,7760900,7553000,0,30852,0,5,0,0,0,0,0,0
91,2424818746,1022,837700,15169650,35603450,15158650,66769450,66878400,2938,34897800,8067400,7831600,0,30852,0,5,0,0,0,0,0,0
92,1971386461,1023,1568350,14230850,35662500,15304000,66765700,66877350,2891,35491250,8096000,7851450,0,30852,0,5,0,0,0,0,0,0
93,3386045126,1024,832200,14826200,36091100,15010950,66760450,66873350,2867,35913700,8053200,7839600,0,30852,0,5,0,0,0,0,0,0
94,1429641961,1025,874550,15029900,35857750,15005350,66767550,66880000,2879,35684100,7916950,7696250,0,30852,0,5,0,0,0,0,0,0
95,3022846880,1026,835900,15507650,35026900,15397200,66767650,66875100,2906,34859550,8098450,7858100,0,30852,0,5,0,0,0,0,0,0
96,1601897261,1027,1498500,14184800,35931150,15153550,66768000,66877900,2898,35757450,8162600,7938450,0,30852,0,5,0,0,0,0,0,0
97,1229951528,1028,829550,15011850,37656000,13268900,66766300,66875650,2484,37479050,8060000,7824550,0,30852,0,5,0,0,0,0,0,0
98,4065171759,1029,864600,21869000,35719300,8317950,66770850,66880000,1581,35525850,8125750,7887800,0,30852,0,5,0,0,0,0,0,0
99,1034325744,1030,842650,14255800,35765450,15328150,66192050,66876050,2890,35600000,8091350,7853300,0,30852,0,5,0,0,0,0,0,0
100,14078671,1031,875550,14790750,36160650,14939450,66766400,66878200,2841,35972550,8137500,7920550,0,31172,0,5,0,0,0,0,0,0
101,4024270554,1032,832000,15069150,36386300,14475600,66763050,66875250,2749,36209450,7826800,6799950,0,31172,0,5,0,0,0,0,0,0
102,896191351,1033,873100,14409200,35829250,15657800,66769350,66880250,2962,34963500,8182350,7936300,0,31172,0,5,0,0,0,0,0,0
103,2131384102,1034,1391700,14226200,36004200,15143650,66765750,66876300,2894,35837150,8237750,8019700,0,30852,0,5,0,0,0,0,0,0
104,2586210593,1035,867050,14918350,36525000,14455500,66765900,66875350,2744,36339000,8025850,7803550,0,30852,0,5,0,0,0,0,0,0
105,591918370,1036,831850,16572950,35920100,13911450,67236350,67348150,2598,35738350,8107250,7871300,0,30852,0,5,0,0,0,0,0,0
106,8814317,1037,874350,14209450,35758900,15451550,66294250,66406350,2923,35590500,8178400,7927050,0,30852,0,5,0,0,0,0,0,0
107,2340504196,1038,1689900,14292450,36935800,13118250,66036400,66878250,2562,36769300,8632700,7654000,0,30852,0,5,0,0,0,0,0,0
108,3523076009,1039,872050,15015900,35779150,15100350,66767450,66877050,2896,35605550,7730300,7511100,0,30852,0,5,0,0,0,0,0,0
109,1961669028,1040,830900,15136400,35081450,15716800,66765550,66875700,2976,34911450,8161250,7919400,0,30852,0,5,0,0,0,0,0,0
110,1037581603,1041,1443350,14222500,36297300,14806450,66769600,66879950,2814,36116700,8286700,8044600,0,30852,0,5,0,0,0,0,0,0
111,2701024588,1042,832200,14923900,35761700,15245400,66763200,66873650,2917,35589750,7763900,7552600,0,30852,0,5,0,0,0,0,0,0
112,215037203,1043,875400,15170150,35882850,15204150,67132550,67244050,2558,35702600,8097200,7879500,0,30852,0,5,0,0,0,0,0,0
113,3696282862,1044,871400,14317250,44064500,7136550,66389700,66513850,1326,43886000,8355800,8107700,0,30852,0,5,0,0,0,0,0,0
114,2829142928,1045,1506700,14147950,36223200,14886300,66764150,66876350,2835,36038000,8069750,7849450,0,30852,0,5,0,0,0,0,0,0
115,3204762949,1046,842200,14998200,35817500,15103400,66761300,66873850,2896,35644000,7707800,7491950,0,30852,0,5,0,0,0,0,0,0
116,3297489190,1047,870250,15182450,35693600,15024050,66770350,66880900,2855,35525600,8698300,8442350,0,30852,0,5,0,0,0,0,0,0
117,1691704917,1048,1335450,14244650,36040650,15137400,66758150,66872950,2892,35872400,8292650,8039950,0,30852,0,5,0,0,0,0,0,0
118,663957814,1049,878900,14857850,36012350,15017450,66766550,66879000,2868,35829350,8003250,7215350,0,30852,0,5,0,0,0,0,0,0
119,3058583827,1050,831650,15188000,35855100,15176600,67051350,67166500,2809,35674100,7953400,7735900,0,30852,0,5,0,0,0,0,0,0
120,838545270,1051,872050,14233750,37982500,13384400,66472700,66587100,2605,37800050,7847450,7619250,0,30852,0,5,0,0,0,0,0,0
121,3608912039,1052,1477050,14217500,36129850,14939800,66764200,66878700,2833,35954900,8084700,7859750,0,30852,0,5,0,0,0,0,0,0
122,4080159716,1053,869050,15032750,35804450,15058450,66764700,66877600,2878,35626600,7737250,7511200,0,30852,0,5,0,0,0,0,0,0
123,1056027075,1054,830000,15553850,35983000,14399750,66766600,66880000,2472,35804700,8074900,7862150,0,30852,0,5,0,0,0,0,0,0
124,4057021248,1055,1792250,14998400,35863300,14103650,66757600,66874200,2780,35119550,8237350,8002500,0,31172,0,5,0,0,0,0,0,0
125,2686741161,1056,826350,14825700,36222000,14893800,66767850,66876700,2838,36042250,8130050,7917850,0,31172,0,5,0,0,0,0,0,0
126,3870849660,1057,868750,15519400,35684500,14751050,66823700,66934150,2788,35500400,7763950,7542100,0,31172,0,5,0,0,0,0,0,0
127,293449641,1058,828350,14270450,35803150,15803550,66705500,66819100,2997,35635750,8133700,7876400,0,30852,0,5,0,0,0,0,0,0
128,596064266,1059,1476750,16656200,43331350,5300750,66765050,66877150,1040,43149650,14726800,8322300,0,30852,0,5,0,0,0,0,0,0
129,3715495249,1060,840700,14972850,36524800,14426350,66764700,66877950,2730,36343000,7962000,7745000,0,30852,0,5,0,0,0,0,0,0
130,244680018,1061,907850,15307700,35617250,14202000,66034800,66876500,2743,35434750,7704600,7482050,0,30852,0,5,0,0,0,0,0,0
131,4080661783,1062,831150,14271850,35963200,15293700,66359900,66877250,2923,35795850,8258000,8015050,0,30852,0,5,0,0,0,0,0,0
132,4006730450,1063,874000,14787650,36339400,14767050,66768100,66877350,2808,36151400,7996500,7774550,0,30852,0,5,0,0,0,0,0,0
133,3864584507,1064,836350,15174400,35643000,15115050,66768800,66878750,2871,35474000,7721650,7507700,0,30852,0,5,0,0,0,0,0,0
134,2711027320,1065,866900,14210550,35752750,15933950,66764150,66876750,3027,35580600,8137350,7890350,0,30852,0,5,0,0,0,0,0,0
135,4099079087,1066,1387450,14214250,36313400,14845650,66760750,66874100,2454,36138900,8071350,7834800,0,30852,0,5,0,0,0,0,0,0
136,565333772,1067,899150,14920650,35779800,15159750,66759350,66881000,2886,35604150,7760300,7553800,0,30852,0,5,0,0,0,0,0,0
137,1028518269,1068,836650,15192550,35862600,15135650,67027450,67140700,2873,35682700,8021700,7810200,0,30852,0,5,0,0,0,0,0,0
138,2252688136,1069,871800,14225100,36213250,15190600,66500750,66611650,2899,36040250,8247850,7997000,0,30852,0,5,0,0,0,0,0,0
139,578597309,1070,837550,14750250,36010600,15171650,66770050,66878900,2900,35836150,8060250,7841900,0,30852,0,5,0,0,0,0,0,0
140,3624439358,1071,872950,15134100,35517000,15242450,66766500,66875950,2899,35343500,7717850,7502200,0,30852,0,5,0,0,0,0,0,0
141,3514067501,1072,831950,14252950,35944000,15733600,66762500,66874650,2966,35090650,8371600,8139050,0,30852,0,5,0,0,0,0,0,0
142,2741972910,1073,1397450,14206200,35821900,15340800,66766350,66880800,2931,35651000,8030750,7798750,0,30852,0,5,0,0,0,0,0,0
143,28497579,1074,832300,14876600,37598350,13460050,66767300,66876650,2410,37423300,8044700,7799000,0,30852,0,5,0,0,0,0,0,0
144,466729326,1075,868650,22989450,36293550,6744500,66896150,67005050,1259,36103350,8421600,8201300,0,30852,0,5,0,0,0,0,0,0
145,3425349295,1076,841600,14238800,35990500,15569700,66640600,66749600,2985,35821250,8278100,8037450,0,30852,0,5,0,0,0,0,0,0
146,1537640620,1077,1526800,14135750,35985900,15115300,66763750,66875950,2883,35810900,8007600,7790550,0,30852,0,5,0,0,0,0,0,0
147,1853842891,1078,834800,15157550,35601400,15175000,66768750,66877350,2803,35430650,7711100,7500350,0,30852,0,5,0,0,0,0,0,0
148,1177024904,1079,878400,15053900,35794100,15036450,66762850,66875600,2978,34924950,8134750,7887300,0,31172,0,5,0,0,0,0,0,0
149,4106734849,1080,1310000,14261200,36125750,15067750,66764700,66876650,2873,35954450,8136150,7895250,0,31172,0,5,0,0,0,0,0,0
150,2025356500,1081,876800,14837800,36150500,14905100,66770200,66880600,2843,35964700,8096300,7875750,0,31172,0,5,0,0,0,0,0,0
151,2189605121,1082,831900,17038600,35949050,12945250,66764800,66877100,2369,35771050,8171800,7926300,0,30852,0,5,0,0,0,0,0,0
152,4086136290,1083,881600,14218950,35942500,15722650,66765700,66877200,3019,35771400,8324850,8089950,0,30852,0,5,0,0,0,0,0,0
153,4036669705,1084,883400,15024750,35852450,13546400,65307000,66876450,2657,35086400,8050000,7812250,0,30852,0,5,0,0,0,0,0,0
154,4167980074,1085,873300,15493600,35700900,14700100,66767900,66876550,2772,35516450,7999900,7785500,0,30852,0,5,0,0,0,0,0,0
155,51187407,1086,833300,15109850,35798250,15024650,66766050,66876600,2970,35627350,8803300,7865750,0,30852,0,5,0,0,0,0,0,0
156,2242638442,1087,874400,14223850,35953400,15285650,66337300,66876000,2918,35782300,8142550,7896750,0,30852,0,5,0,0,0,0,0,0
157,2730108163,1088,831450,14839900,36333500,14762300,66767150,66877600,2809,36152750,8032500,7822050,0,30852,0,5,0,0,0,0,0,0
158,2718743917,1089,874550,15180200,35678900,15031550,66765200,66877500,2522,35504600,7855350,7633650,0,30852,0,5,0,0,0,0,0,0
159,3391709842,1090,868700,14305450,43306000,8275350,66755500,66875800,1571,43133150,8117700,7887050,0,30852,0,5,0,0,0,0,0,0
160,1164604273,1091,1440400,14220100,36372350,14733900,66766750,66877050,2800,36189150,8103100,7856350,0,30852,0,5,0,0,0,0,0,0
161,2148591176,1092,833500,15069050,35596500,15268450,66767500,66879950,2896,35429950,7766900,7539250,0,30852,0,5,0,0,0,0,0,0
162,4192737573,1093,866450,15025150,35878500,15328200,67098300,67213700,2953,35699450,8133900,7924800,0,30852,0,5,0,0,0,0,0,0
163,535584840,1094,831950,14290550,36958650,14350750,66431900,66540600,2830,36206900,8114700,7867750,0,30852,0,5,0,0,0,0,0,0
164,3430794475,1095,873350,14753850,36115750,15024000,66766950,66876100,2865,35934900,8076550,7846750,0,30852,0,5,0,0,0,0,0,0
165,776323552,1096,838150,15176700,35662300,15088500,66765650,66875150,2862,35492500,7734000,7521250,0,30852,0,5,0,0,0,0,0,0
166,3330991427,1097,866850,14208000,38510700,13182850,66768400,66880850,2548,38333650,8005700,7779650,0,30852,0,5,0,0,0,0,0,0
167,3282074430,1098,1372650,14236950,35932800,15223650,66766050,66876900,2907,35763150,8060550,7831000,0,30852,0,5,0,0,0,0,0,0
168,2597814595,1099,871250,15024700,35573150,15297250,66766350,66875650,2900,35397950,7782750,7572550,0,30852,0,5,0,0,0,0,0,0
169,2225601370,1100,831950,15065000,36394000,14664800,66955750,67070950,2806,36222850,8558200,8347150,0,30852,0,5,0,0,0,0,0,0
170,3716853465,1101,867100,14216650,35948850,15539900,66572500,66685500,2975,35778100,8149150,7911750,0,30852,0,5,0,0,0,0,0,0
171,1080675697,1102,1500900,13992900,35353400,15917150,66764350,66876100,3061,35186550,7678400,7473500,0,30212,0,5,0,0,0,0,0,0
172,219920238,1103,869550,14992050,35546450,15354750,66762800,66875250,2844,35371450,7977750,7768200,0,30212,0,5,0,0,0,0,0,0
173,3070385651,1104,832350,14074400,35546750,16309200,66762700,66879650,3146,35381150,8197450,7945100,0,30212,0,5,0,0,0,0,0,0
174,2609556270,1105,1357650,16655950,43561350,5186600,66761550,66875050,1011,43379000,7752900,7530450,0,30212,0,5,0,0,0,0,0,0
175,141401383,1106,835850,14866650,35167300,15894600,66764400,66876150,2954,34999000,7605650,7401200,0,30212,0,5,0,0,0,0,0,0
176,3034105280,1107,876500,14888200,35402750,15645150,66812600,66927950,3032,34542500,7988550,7024000,0,30212,0,5,0,0,0,0,0,0
177,3029196371,1108,839550,14116050,35665700,16092500,66713800,66826550,3098,35497450,7983100,7749850,0,30212,0,5,0,0,0,0,0,0
178,699378668,1109,1521500,14016100,35742500,15486100,66766200,66878300,2969,35568900,8033350,7808250,0,30212,0,5,0,0,0,0,0,0
179,2402609405,1110,831100,15277600,35142700,15514450,66765850,66877200,2956,34973250,7591250,7378500,0,30212,0,5,0,0,0,0,0,0
CSV_END

STUDY_DONE_b8d00fb3664b=0
# 