/tmp/app --transport unrolled --state-frame 1800 --frames 180 --warmup 30 --wait spin --profile detailed --csv /tmp/transport-frames.csv --grouped --dump /tmp/transport-frame.raw && printf "CSV_BEGIN\n" && cat /tmp/transport-frames.csv && printf "CSV_END\n"; study_status=$?; printf "\nSTUDY_DONE_99b4659092f7=%s\n" "$study_status"
TRANSPORT mode=unrolled dma_minimum=64
BEGIN_BREAKOUT frames=180 warmup=30 fixed=0 blocks=40 tiles=1 hud=1 wait=spin replay=0 state_frame=1800 profile=detailed pixel_centers=1 clock_call_ns=6363
HW_COUNTERS unavailable
RESULT frames=180 elapsed_s=9.028375000 fps=19.937143 logic_ms=0.866056 api_ms=11.900893 swap_ms=28.055272 wait_ms=9.172251 worker_inclusive_ms=27.837997 upload_inclusive_ms=5.469599 write_ms=5.217774 bytes_per_frame=24140.89 p50_ms=50.157700 p95_ms=50.424300 max_ms=51.318900 late_60hz=180 first_count=3713 last_count=3892 state_hash=1022e19f remaining=21 score=190
RENDER_PATH retained=0 grouped=1 quads=10250 full_frames=180
FRAME_CHECK count=3892 address=9fe00000 fnv1a=9868c45b pixels=307200 mismatches=0
BREAKOUT_PASS
CSV_BEGIN
frame,state_hash,display_count,logic_ns,api_ns,swap_ns,wait_ns,total_ns,completion_interval_ns,polls,worker_inclusive_ns,upload_inclusive_ns,write_ns,read_ns,write_bytes,read_bytes,write_calls,read_calls,dma_copy_ns,dma_launch_ns,dma_completion_wait_ns,dma_bytes,dma_lists
0,2110160739,3713,752600,11952900,27709950,9693200,50108650,50117750,1893,27522600,4726700,4534750,0,24452,0,5,0,0,0,0,0,0
1,1693181783,3714,1403950,11083050,29042250,8518800,50048050,50158150,1649,28852650,6055550,5829500,0,24452,0,5,0,0,0,0,0,0
2,802378003,3715,749300,11966250,28777700,8556700,50049950,50159750,1634,28590900,5344250,4363700,0,24452,0,5,0,0,0,0,0,0
3,773631361,3716,1305700,11827500,28327750,8590550,50051500,50157200,1661,28141700,6045250,5828900,0,24452,0,5,0,0,0,0,0,0
4,3600043099,3717,750850,11924050,28047950,9324500,50047350,50154900,1801,27865000,5094250,4888250,0,24452,0,5,0,0,0,0,0,0
5,1618316913,3718,1218000,11913400,28058350,8859850,50049600,50158500,1717,27877000,5893050,5670650,0,24452,0,5,0,0,0,0,0,0
6,201713393,3719,749100,11905100,28502950,9087700,50244850,50351550,1652,28311000,5700700,5487450,0,24452,0,5,0,0,0,0,0,0
7,2011502881,3720,760500,11967500,28055400,9073700,49857100,49963800,1431,27864800,5871750,5654400,0,24452,0,5,0,0,0,0,0,0
8,3125474025,3721,780950,11892650,28328600,9041850,50044050,50160950,1623,28139750,5442100,5217500,0,24452,0,5,0,0,0,0,0,0
9,1342287211,3722,760300,11966100,27937150,9382400,50045950,50155500,1796,27754700,5717300,5489900,0,24452,0,5,0,0,0,0,0,0
10,3857196809,3723,748800,11841500,28231450,9226650,50048400,50156800,1571,28030000,5458150,5226800,0,24452,0,5,0,0,0,0,0,0
11,2240049260,3724,773400,13513850,28023050,7736500,50046800,50158650,1427,27823950,5407850,5209000,0,24132,0,5,0,0,0,0,0,0
12,1815897908,3725,748550,11639550,27905550,9756200,50049850,50158100,1779,27715350,5415550,5199400,0,24132,0,5,0,0,0,0,0,0
13,648884648,3726,755300,11809600,27530750,9951850,50047500,50158400,1951,27346450,5587450,5352000,0,24132,0,5,0,0,0,0,0,0
14,2931991803,3727,795550,11932050,27520900,8225250,48473750,50158400,1580,27338800,5648200,5427300,0,24132,0,5,0,0,0,0,0,0
15,4227589206,3728,772200,12295200,27395600,9589600,50052600,50158350,1857,27205100,4822550,4621900,0,24132,0,5,0,0,0,0,0,0
16,1986714807,3729,1292850,11883550,27090800,9785800,50053000,50158050,1805,26903850,5310800,5099150,0,24132,0,5,0,0,0,0,0,0
17,28333542,3730,761050,11943350,27150950,10192650,50048000,50155750,1987,26961200,4672500,4472350,0,24132,0,5,0,0,0,0,0,0
18,842458438,3731,743800,13471250,34475350,912450,49602850,50154250,189,34287700,9255550,9015750,0,24132,0,5,0,0,0,0,0,0
19,4035787358,3732,755700,12247100,28022700,9175100,50200600,50302050,1687,27833050,5403600,5186800,0,24132,0,5,0,0,0,0,0,0
20,3966921526,3733,740850,11945950,27857250,9370950,49915000,50020550,1825,27679400,5973450,5750200,0,24132,0,5,0,0,0,0,0,0
21,3331783808,3734,760550,11722050,28132200,9430550,50045350,50154450,1742,27938800,5395050,5178600,0,24132,0,5,0,0,0,0,0,0
22,1855912102,3735,745500,11849300,27935650,9521400,50051850,50158300,1858,27752950,5987350,5763050,0,24132,0,5,0,0,0,0,0,0
23,3437663592,3736,754600,11651300,28432500,9211500,50049900,50157350,1687,28232250,5216450,5015100,0,24132,0,5,0,0,0,0,0,0
24,3162062844,3737,742000,11813900,27708350,9786550,50050800,50158050,1912,27525000,5666750,5447550,0,24132,0,5,0,0,0,0,0,0
25,1213835568,3738,755350,11574150,28153450,9569100,50052050,50158550,1767,27953600,5406500,5187650,0,24132,0,5,0,0,0,0,0,0
26,4133797692,3739,743550,11800500,27423850,10081350,50049250,50158000,1977,27233500,5432400,5205400,0,24132,0,5,0,0,0,0,0,0
27,256876650,3740,1375450,10992650,29142750,8542600,50053450,50158600,1652,28956450,6007000,5777250,0,24452,0,5,0,0,0,0,0,0
28,482917404,3741,744950,11833050,29671300,7803750,50053050,50157950,1464,29480200,5239900,5018450,0,24452,0,5,0,0,0,0,0,0
29,1264633954,3742,1291400,11677200,28021300,9058050,50047950,50156800,1766,27838450,5983800,5772850,0,24132,0,5,0,0,0,0,0,0
30,3606135978,3743,741800,11813700,27767600,9728950,50052050,50160200,1886,27583500,5086700,4885400,0,24132,0,5,0,0,0,0,0,0
31,2630115922,3744,759350,11775950,28106200,8998850,49640350,50153600,1746,27926050,5683700,5460650,0,24132,0,5,0,0,0,0,0,0
32,3881483034,3745,749600,11748450,27547600,10096400,50142050,50249250,1886,27367000,4908150,4712100,0,24132,0,5,0,0,0,0,0,0
33,2944919204,3746,761750,11792850,28056300,9349150,49960050,50070400,1823,27874800,6105950,5888650,0,24132,0,5,0,0,0,0,0,0
34,646532490,3747,749100,11692800,27707550,9899100,50048550,50156550,1837,27519450,5184000,4978400,0,24132,0,5,0,0,0,0,0,0
35,2877853796,3748,766500,11830150,28253150,9200400,50050200,50155700,1767,28074250,6379700,6153650,0,24132,0,5,0,0,0,0,0,0
36,1922367648,3749,750600,11672200,27897750,9732000,50052550,50159800,1771,27706550,5379250,5156150,0,24132,0,5,0,0,0,0,0,0
37,1795563108,3750,797000,11996250,27709950,8801450,49304650,50158100,1654,27516500,5079950,4865500,0,24132,0,5,0,0,0,0,0,0
38,214631552,3751,766750,11547650,29736950,7996450,50047800,50156250,1496,29545300,5622600,5407700,0,24132,0,5,0,0,0,0,0,0
39,1929726190,3752,764350,19435900,28060800,1788600,50049650,50156800,377,27877450,6076900,5856900,0,24132,0,5,0,0,0,0,0,0
40,1190506064,3753,1519550,11722000,27035350,9776750,50053650,50157650,1779,26846750,5198950,4964650,0,24132,0,5,0,0,0,0,0,0
41,3268351150,3754,762300,11796150,27243600,10247750,50049800,50159950,2015,27059900,4656000,4469450,0,24132,0,5,0,0,0,0,0,0
42,118037070,3755,1387700,11760200,27799550,9101000,50048450,50157300,1776,27618700,5986700,5754750,0,24132,0,5,0,0,0,0,0,0
43,1955195062,3756,760850,11982900,27694650,9967800,50406200,50513350,1854,27502900,5114950,4925150,0,24132,0,5,0,0,0,0,0,0
44,1797432467,3757,750850,12326600,27580200,9042150,49699800,49805200,1755,27396750,5661950,5444900,0,24132,0,5,0,0,0,0,0,0
45,1035442557,3758,759350,11918950,27624150,9778600,50081050,50189750,1815,27426250,5046150,4842550,0,24132,0,5,0,0,0,0,0,0
46,2267612867,3759,747100,11938700,27812250,9516850,50014900,50123900,1860,27631150,5953200,5728000,0,24132,0,5,0,0,0,0,0,0
47,1217717069,3760,756200,11847550,27976550,9471250,50051550,50156750,1748,27785600,5378950,5167850,0,24132,0,5,0,0,0,0,0,0
48,1461268009,3761,748250,12225650,29462000,7614000,50049900,50157300,1415,29271600,7564600,7315900,0,24132,0,5,0,0,0,0,0,0
49,2370304197,3762,760300,11675500,28104950,9513000,50053750,50160450,1753,27908850,5364700,5154100,0,24132,0,5,0,0,0,0,0,0
50,655561417,3763,743900,11809550,27655900,9839450,50048800,50157650,1926,27473100,5624700,5403000,0,24132,0,5,0,0,0,0,0,0
51,524675839,3764,1363150,10937100,28033350,9717950,50051550,50156750,1798,27837400,5231400,5016700,0,24452,0,5,0,0,0,0,0,0
52,1155835041,3765,744000,11810550,27997850,9501350,50053750,50160850,1837,27811100,4822750,4631950,0,24452,0,5,0,0,0,0,0,0
53,214853719,3766,1364350,11011800,27849100,9822150,50047400,50156800,1819,26952450,5205200,4993900,0,24132,0,5,0,0,0,0,0,0
54,3035389575,3767,743800,11774200,27318250,10209500,50045750,50156000,2000,27132600,4653200,4470400,0,24132,0,5,0,0,0,0,0,0
55,1549109231,3768,1229600,11726500,27948700,9144800,50049600,50156300,1784,27771150,5984900,5771200,0,24132,0,5,0,0,0,0,0,0
56,66132623,3769,748350,11785350,28071800,9751050,50356550,50464950,1809,27882800,5030350,4827750,0,24132,0,5,0,0,0,0,0,0
57,3504604473,3770,764550,11835450,28079600,9065050,49744650,49854700,1759,27902300,5949300,5726550,0,24132,0,5,0,0,0,0,0,0
58,1691498415,3771,751000,11732300,27745050,10880650,51109000,51217950,1732,27562400,5026550,4819150,0,24132,0,5,0,0,0,0,0,0
59,4055346753,3772,796650,11878600,35008800,1289050,48973100,49090300,270,34824050,5799150,5583650,0,24132,0,5,0,0,0,0,0,0
60,4185240021,3773,754750,11798750,28464200,9042200,50059900,50161700,1651,28260800,5390200,5188700,0,24132,0,5,0,0,0,0,0,0
61,380494641,3774,793800,11936850,27363600,9216100,49310350,50161150,1787,27174800,4658050,4473000,0,24132,0,5,0,0,0,0,0,0
62,648826037,3775,746950,11704050,27998750,9601500,50051250,50157900,1772,27801700,5515500,5301950,0,24132,0,5,0,0,0,0,0,0
63,457329003,3776,752900,11819850,27674350,9796850,50043950,50155050,1916,27483950,5691400,5472200,0,24132,0,5,0,0,0,0,0,0
64,3359035981,3777,1384350,10977600,27843250,9843150,50048350,50159700,1705,27649200,5380650,5170450,0,24132,0,5,0,0,0,0,0,0
65,1526400123,3778,766900,11863550,27331700,10089350,50051500,50158800,1944,27141000,5402650,5189600,0,24132,0,5,0,0,0,0,0,0
66,1691524227,3779,1326100,10994400,27765850,9959650,50046000,50156100,1813,26878050,5379500,5167650,0,24132,0,5,0,0,0,0,0,0
67,1475349003,3780,763250,11801450,27152900,10333350,50050950,50159750,2000,26966900,4657100,4474400,0,24132,0,5,0,0,0,0,0,0
68,485644907,3781,1234750,11781800,27689450,9336300,50042300,50154750,1743,26910250,5315500,4292900,0,24132,0,5,0,0,0,0,0,0
69,1050479637,3782,758100,14184850,27891300,7604800,50439050,50550100,1421,27709850,5976150,5759650,0,24132,0,5,0,0,0,0,0,0
70,3204525547,3783,751850,11869450,27825050,9209650,49656000,49767700,1791,27641350,5959400,5742750,0,24132,0,5,0,0,0,0,0,0
71,4185398997,3784,753400,11928450,27589150,9774750,50045750,50155150,1814,27397050,5014200,4809250,0,24132,0,5,0,0,0,0,0,0
72,3094072225,3785,753250,11983800,27777950,9535200,50050200,50159150,1861,27596950,5942750,5721900,0,24132,0,5,0,0,0,0,0,0
73,1835371693,3786,759650,12167850,27939500,9182700,50049700,50158150,1682,27742800,5370050,5166250,0,24132,0,5,0,0,0,0,0,0
74,2168771505,3787,744300,11991850,27540800,9770300,50047250,50159850,1911,27358350,5648150,5430300,0,24132,0,5,0,0,0,0,0,0
75,4059398759,3788,758450,11766900,28007450,9514950,50047750,50156750,1752,27809150,5404750,5193000,0,24452,0,5,0,0,0,0,0,0
76,644479865,3789,742050,11935650,27419450,9949300,50046450,50157500,1947,27228800,5470250,5243700,0,24452,0,5,0,0,0,0,0,0
77,1914197423,3790,1405100,10956300,28887250,8800650,50049300,50160050,1718,28098800,5306600,5098500,0,24132,0,5,0,0,0,0,0,0
78,430804047,3791,742450,11806300,27438200,10058050,50045000,50154900,1971,27250250,5405250,4493350,0,24132,0,5,0,0,0,0,0,0
79,3866048775,3792,1316550,10998500,29646200,9235150,51196400,51308950,1260,28776550,4684650,4508250,0,24132,0,5,0,0,0,0,0,0
80,7140231,3793,795600,16114000,27824700,4148700,48883000,49007450,758,27626100,5221950,5001000,0,24132,0,5,0,0,0,0,0,0
81,1511961547,3794,1224350,11753650,28274350,8793200,50045550,50158550,1700,28093400,5843300,5614850,0,24132,0,5,0,0,0,0,0,0
82,376629139,3795,749400,11791300,27351300,10350250,50242250,50353600,1939,27159100,4692600,4497600,0,24132,0,5,0,0,0,0,0,0
83,1861594235,3796,760200,11781050,28009650,9297750,49848650,49959350,1810,27830650,5972350,5752850,0,24132,0,5,0,0,0,0,0,0
84,1702339483,3797,808150,11935300,27694750,7268900,47707100,50160950,1373,27514600,5669600,5446250,0,24132,0,5,0,0,0,0,0,0
85,966101579,3798,769950,11879900,28004200,9391450,50045500,50156100,1831,27821650,5573150,5352750,0,24132,0,5,0,0,0,0,0,0
86,2786182811,3799,747650,11744050,28083900,9473100,50048700,50158750,1748,27893500,5421900,5208700,0,24132,0,5,0,0,0,0,0,0
87,3655782539,3800,758100,11831350,27763100,9693050,50045600,50155450,1894,27578100,5662150,5443700,0,24132,0,5,0,0,0,0,0,0
88,3735461922,3801,752100,11619500,28105200,9577550,50054350,50161400,1765,27909250,5420250,5220000,0,24132,0,5,0,0,0,0,0,0
89,270833838,3802,759450,11831400,30032000,7424750,50047600,50156850,1380,29836900,5244550,5036200,0,24132,0,5,0,0,0,0,0,0
90,930095294,3803,1395350,11031800,28020900,9602650,50050700,50157700,1395,27829550,5535950,5327600,0,24132,0,5,0,0,0,0,0,0
91,1273808962,3804,788950,11860550,27390050,10006150,50045700,50158700,1959,27205100,5514950,4596150,0,24132,0,5,0,0,0,0,0,0
92,1953673858,3805,1274750,11705700,26980750,10089700,50050900,50158450,1838,26785150,5221750,5007650,0,24132,0,5,0,0,0,0,0,0
93,4057475070,3806,749500,11772300,27160650,10363400,50045850,50154750,1916,26975200,4684550,4493100,0,24132,0,5,0,0,0,0,0,0
94,3372198854,3807,745100,11862650,27848300,9150300,49606350,50160950,1747,27671700,6017350,5799050,0,24132,0,5,0,0,0,0,0,0
95,2335202154,3808,759850,11771600,27293450,10404550,50229450,50336950,1910,27103000,4696050,4489450,0,24132,0,5,0,0,0,0,0,0
96,2170853250,3809,743150,11823050,27846900,9457100,49870200,49977600,1817,27662100,6006450,5783950,0,24132,0,5,0,0,0,0,0,0
97,1829955022,3810,754200,11748700,27576150,10239550,50318600,50428750,1815,27386950,5041900,4830450,0,24132,0,5,0,0,0,0,0,0
98,1856045454,3811,742200,11872500,27753550,9410200,49778450,49887700,1833,27572000,5454250,5215000,0,24132,0,5,0,0,0,0,0,0
99,2544683154,3812,750100,11866550,29997550,7434550,50048750,50155850,1403,29796050,7397650,7164800,0,24452,0,5,0,0,0,0,0,0
100,1531444578,3813,755250,11981850,35579600,1723950,50040650,50152050,363,35395150,5672900,5464850,0,24452,0,5,0,0,0,0,0,0
101,1139277022,3814,757150,11818200,27959450,9528500,50063300,50165550,1754,27757700,5381000,5169400,0,24132,0,5,0,0,0,0,0,0
102,2614530982,3815,743050,12377500,27137150,9789750,50047450,50156250,1910,26956600,4644950,4455150,0,24132,0,5,0,0,0,0,0,0
103,464765994,3816,1379600,11147400,27707050,9816800,50050850,50159000,1814,26807900,5206750,4985850,0,24132,0,5,0,0,0,0,0,0
104,1592019490,3817,740200,11971250,27166200,10172550,50050200,50156750,1994,26980350,4657650,4468100,0,24132,0,5,0,0,0,0,0,0
105,66207950,3818,1284200,11823700,27106350,9835250,50049500,50157600,1817,26915650,5293300,5085700,0,24132,0,5,0,0,0,0,0,0
106,2639428798,3819,737750,11848100,28053650,9407800,50047300,50157200,1817,27869500,5013650,4814250,0,24132,0,5,0,0,0,0,0,0
107,1495915330,3820,791450,12006300,27460450,8633550,48891750,50157050,1662,27273350,4643600,4453400,0,24132,0,5,0,0,0,0,0,0
108,4079891938,3821,745150,11839750,27701000,9865300,50151200,50258750,1834,27515550,5029600,4827950,0,24132,0,5,0,0,0,0,0,0
109,1204987230,3822,756700,11814300,28020400,9361900,49953300,50061850,1556,27832600,5955650,5736500,0,24132,0,5,0,0,0,0,0,0
110,949029318,3823,773900,12241700,28260450,8759700,50035750,50157000,1587,28060700,5205850,5000600,0,24132,0,5,0,0,0,0,0,0
111,2727127274,3824,757600,11859300,27883000,9548950,50048850,50156250,1862,27697050,5802500,5575950,0,24132,0,5,0,0,0,0,0,0
112,2443393666,3825,747450,11683300,28069500,9548050,50048300,50156000,1765,27880550,5382000,5160400,0,24132,0,5,0,0,0,0,0,0
113,434260526,3826,752700,11870750,27645750,9780800,50050000,50158900,1914,27460550,5570900,5350750,0,24132,0,5,0,0,0,0,0,0
114,2637634158,3827,748250,11552100,28230950,9519050,50050350,50157550,1754,28035950,5200300,4981250,0,24132,0,5,0,0,0,0,0,0
115,4248248050,3828,756500,11873700,27474500,9946600,50051300,50158850,1946,27285600,5390750,4446950,0,24132,0,5,0,0,0,0,0,0
116,663154818,3829,1372150,10998750,27797800,9885950,50054650,50159850,1830,27606450,5197850,4968900,0,24132,0,5,0,0,0,0,0,0
117,1461428606,3830,752650,11811750,27378600,10103100,50046100,50155150,1978,27191700,4658300,4470950,0,24132,0,5,0,0,0,0,0,0
118,3252362022,3831,1239400,11680400,28054150,9075450,50049400,50156350,1769,27880900,6262800,6009750,0,24132,0,5,0,0,0,0,0,0
119,2423015338,3832,764700,11775500,27126150,10743900,50410250,50517400,2033,26931500,4693000,4508900,0,24132,0,5,0,0,0,0,0,0
120,507309730,3833,737300,13369250,27587550,8003950,49698050,49803400,451,27397750,5229750,5052200,0,24132,0,5,0,0,0,0,0,0
121,2882991293,3834,794550,12850500,27724600,8699350,50069000,50195250,1545,26845450,5185250,4974000,0,24132,0,5,0,0,0,0,0,0
122,3682963569,3835,747500,11839250,27855150,9567450,50009350,50116200,1751,27669700,5992300,5766800,0,24132,0,5,0,0,0,0,0,0
123,1404881069,3836,755150,11733600,28030850,9528350,50047950,50157250,1721,27841850,5373900,5159750,0,24452,0,5,0,0,0,0,0,0
124,624513273,3837,740250,11815350,27846650,9648350,50050600,50158950,1855,27664150,5953800,5735800,0,24452,0,5,0,0,0,0,0,0
125,484090933,3838,749150,11696850,27926050,9675400,50047450,50157700,1760,27732650,5375000,5151950,0,24132,0,5,0,0,0,0,0,0
126,2330053545,3839,738300,11835300,27492500,9982850,50048950,50160550,1957,27311600,5659650,5440000,0,24132,0,5,0,0,0,0,0,0
127,3891445269,3840,751600,12726450,27063950,9508050,50050050,50157250,1748,26875050,5206200,4990400,0,24132,0,5,0,0,0,0,0,0
128,1947616753,3841,743450,11997450,27192900,10111100,50044900,50158400,1981,27012450,5405850,5172000,0,24132,0,5,0,0,0,0,0,0
129,965975981,3842,1372000,11880600,27018850,9772450,50043900,50157300,1803,26823250,5211900,4995400,0,24132,0,5,0,0,0,0,0,0
130,2786931617,3843,781350,12113700,29859400,6551700,49306150,50156650,1298,29667750,5675150,5447950,0,24132,0,5,0,0,0,0,0,0
131,4011087213,3844,1254250,12340700,27755700,8699700,50050350,50159750,1680,27569050,5801150,5593050,0,24132,0,5,0,0,0,0,0,0
132,3703868376,3845,746200,11969300,27581500,10052550,50349550,50461600,1875,27400150,5092700,4902200,0,24132,0,5,0,0,0,0,0,0
133,212089708,3846,756200,11904750,27853300,9225150,49739400,49853050,1795,27673650,5956750,5742700,0,24132,0,5,0,0,0,0,0,0
134,737348112,3847,749000,11763450,27721650,9811700,50045800,50157850,1820,27531750,5060400,4859500,0,24132,0,5,0,0,0,0,0,0
135,1465149204,3848,756200,11769250,28109050,9410150,50044650,50155200,1832,27930150,5655950,5430650,0,24132,0,5,0,0,0,0,0,0
136,3549792448,3849,748100,11742400,28061550,9499800,50051850,50160650,1749,27865600,5385950,5178400,0,24132,0,5,0,0,0,0,0,0
137,3053421220,3850,755200,11842700,27718950,9727300,50044150,50156250,1901,27532500,5649150,5428400,0,24132,0,5,0,0,0,0,0,0
138,904563048,3851,744750,11706350,28015800,9578650,50045550,50158250,1763,27816200,5386200,5175650,0,24132,0,5,0,0,0,0,0,0
139,1363341148,3852,763550,11820550,27759850,9702750,50046700,50157100,1894,27573450,4637300,4452850,0,24132,0,5,0,0,0,0,0,0
140,3357813192,3853,1375000,10970650,29652800,8052000,50050450,50157250,1539,29462150,5426100,5207600,0,24132,0,5,0,0,0,0,0,0
141,1376589724,3854,760650,16535450,30531050,2219900,50047050,50155850,470,30342550,5570150,5335950,0,24132,0,5,0,0,0,0,0,0
142,2806738240,3855,1417500,11717700,27909100,9011650,50055950,50160350,1761,27152650,5334000,4293750,0,24132,0,5,0,0,0,0,0,0
143,1863420068,3856,756250,11773150,28290400,9225800,50045600,50158200,1775,28102650,5047050,4843450,0,24132,0,5,0,0,0,0,0,0
144,2368389248,3857,1235350,11788450,27901650,9124650,50050100,50156700,1780,27712650,5997600,5780050,0,24132,0,5,0,0,0,0,0,0
145,3624800580,3858,761500,11765450,27688050,10097250,50312250,50424300,1883,27495300,4966850,4760200,0,24132,0,5,0,0,0,0,0,0
146,2708332264,3859,748250,11799850,27938050,9295250,49781400,49893400,1811,27752450,6112900,5892500,0,24132,0,5,0,0,0,0,0,0
147,3643166428,3860,753200,11724950,28139750,9430100,50048000,50159850,1720,27948700,5501200,5274300,0,24452,0,5,0,0,0,0,0,0
148,1604903896,3861,745400,11867250,28039400,9395250,50047300,50155900,1827,27855750,6123800,5901400,0,24452,0,5,0,0,0,0,0,0
149,499105388,3862,755050,11681000,27993250,9614400,50043700,50157350,1746,27797400,5422250,5198400,0,24132,0,5,0,0,0,0,0,0
150,3393190256,3863,750050,11831700,29105250,8358900,50045900,50160250,1521,28922400,7303550,7068500,0,24132,0,5,0,0,0,0,0,0
151,1752164884,3864,781100,11643750,27994700,9627650,50047200,50157300,1657,27795950,5411200,5184450,0,24132,0,5,0,0,0,0,0,0
152,112950176,3865,762450,11839600,27509700,9933100,50044850,50156350,1916,27323650,5651700,5417550,0,24132,0,5,0,0,0,0,0,0
153,218377828,3866,1423650,10949950,27964600,9705250,50043450,50157000,1762,27759450,5418700,5201200,0,24132,0,5,0,0,0,0,0,0
154,1614877672,3867,798300,11992750,27586200,8949500,49326750,50161200,1716,27397000,5067650,4864900,0,24132,0,5,0,0,0,0,0,0
155,624660060,3868,1456450,11713000,27124500,9755350,50049300,50157850,1796,26937800,5327950,5107200,0,24132,0,5,0,0,0,0,0,0
156,1646146728,3869,756500,12286150,27517650,9482300,50042600,50154800,1833,27334800,4947700,3955450,0,24132,0,5,0,0,0,0,0,0
157,2550301372,3870,1234050,11939450,27913450,8959850,50046800,50158200,1737,27734600,5994450,5774950,0,24132,0,5,0,0,0,0,0,0
158,172327680,3871,752700,11944700,27450050,10103800,50251250,50363750,1885,27267850,4914200,4708800,0,24132,0,5,0,0,0,0,0,0
159,28774455,3872,772000,11831300,26874750,10367650,49845700,49954750,1930,26679900,5281900,5069700,0,23812,0,5,0,0,0,0,0,0
160,1278562831,3873,742800,12007950,27118550,11338900,51208200,51318900,1878,26931050,4890000,4693050,0,23812,0,5,0,0,0,0,0,0
161,1878041307,3874,794750,12277300,34557750,1234700,48864500,48988100,258,34370750,5415950,5195850,0,23812,0,5,0,0,0,0,0,0
162,2842495315,3875,751900,11629550,27398000,10283900,50063350,50165250,1922,27206800,5022050,4819100,0,23812,0,5,0,0,0,0,0,0
163,942955647,3876,756250,11703550,27719050,9868900,50047750,50158000,1931,27535000,5953450,5727500,0,23812,0,5,0,0,0,0,0,0
164,3104849743,3877,747100,11470950,28240950,9589000,50048000,50156600,1766,28042700,5395850,5185150,0,23812,0,5,0,0,0,0,0,0
165,2914266731,3878,754750,11719700,27449400,10127950,50051800,50159900,1987,27260350,5672950,5443150,0,23812,0,5,0,0,0,0,0,0
166,4064468955,3879,1401450,10822350,27735600,10089050,50048450,50158250,1881,27548300,5393450,5162600,0,23812,0,5,0,0,0,0,0,0
167,3195515191,3880,754850,11655300,27358500,10277000,50045650,50154300,2022,27177150,5564200,5337150,0,23812,0,5,0,0,0,0,0,0
168,978211615,3881,1311500,10847500,28065750,9827050,50051800,50160150,1816,27876250,5285550,5053450,0,24132,0,5,0,0,0,0,0,0
169,2835071531,3882,760450,11638500,27181500,10466500,50046950,50155550,2061,26995900,5356400,4462450,0,24132,0,5,0,0,0,0,0,0
170,2067386771,3883,738950,11579500,29498800,7773850,49591100,50159250,1465,29322250,5061700,4870250,0,24132,0,5,0,0,0,0,0,0
171,1313815599,3884,753500,12120850,28924750,8402050,50201150,50309350,1507,28738100,5271000,4247700,0,23812,0,5,0,0,0,0,0,0
172,2403178911,3885,747350,11570950,27966050,9610400,49894750,50005550,1884,27780950,5967650,5744750,0,23812,0,5,0,0,0,0,0,0
173,2922328731,3886,757650,11560800,27464900,10263950,50047300,50159200,1922,27274150,4939650,4736700,0,23812,0,5,0,0,0,0,0,0
174,984914827,3887,742950,11631700,26792050,10878800,50045500,50159500,2042,26605000,5286600,5053100,0,23812,0,5,0,0,0,0,0,0
175,3908989879,3888,751900,11514250,27342100,10434650,50042900,50156250,1956,27146300,5049300,4852300,0,23812,0,5,0,0,0,0,0,0
176,3999582383,3889,741500,11668150,27979100,9658350,50047100,50158550,1865,27794350,6373350,6150150,0,23812,0,5,0,0,0,0,0,0
177,407226939,3890,759450,11476550,27261500,10550450,50047950,50156950,1949,27070050,5000350,4786450,0,23812,0,5,0,0,0,0,0,0
178,1756548563,3891,742600,11643200,27449100,10208000,50042900,50155300,1971,27254550,5900800,5681350,0,23812,0,5,0,0,0,0,0,0
179,270721439,3892,1364850,10830450,27576200,10279150,50050650,50160600,1884,27392950,5341450,5124600,0,23812,0,5,0,0,0,0,0,0
CSV_END

STUDY_DONE_99b4659092f7=0
# 