/tmp/app --transport dma --state-frame 0 --dma-minimum 64 --frames 180 --warmup 30 --wait spin --profile frame --csv /tmp/transport-frames.csv --retained --dump /tmp/transport-frame.raw && printf "CSV_BEGIN\n" && cat /tmp/transport-frames.csv && printf "CSV_END\n"; study_status=$?; printf "\nSTUDY_DONE_7fc0e4468c89=%s\n" "$study_status"
TRANSPORT mode=dma dma_minimum=64
BEGIN_BREAKOUT frames=180 warmup=30 fixed=0 blocks=40 tiles=1 hud=1 wait=spin replay=0 state_frame=0 profile=frame pixel_centers=1 clock_call_ns=5553
HW_COUNTERS unavailable
RESULT frames=180 elapsed_s=3.109743750 fps=57.882583 logic_ms=0.000000 api_ms=0.000000 swap_ms=0.000000 wait_ms=0.000000 worker_inclusive_ms=0.000000 upload_inclusive_ms=0.000000 write_ms=0.000000 bytes_per_frame=3578.67 p50_ms=16.719200 p95_ms=17.085350 max_ms=34.877700 late_60hz=162 first_count=4643 last_count=4822 state_hash=8f34e8fd remaining=38 score=20
RENDER_PATH retained=1 grouped=0 quads=645 full_frames=0
FRAME_CHECK count=4822 address=9fe00000 fnv1a=79c99b23 pixels=307200 mismatches=0
BREAKOUT_PASS
CSV_BEGIN
frame,state_hash,display_count,logic_ns,api_ns,swap_ns,wait_ns,total_ns,completion_interval_ns,polls,worker_inclusive_ns,upload_inclusive_ns,write_ns,read_ns,write_bytes,read_bytes,write_calls,read_calls,dma_copy_ns,dma_launch_ns,dma_completion_wait_ns,dma_bytes,dma_lists
0,3724779174,4643,0,0,0,0,16904850,16916900,294,0,0,0,0,4572,0,5,0,0,0,0,4800,5
1,1709657109,4644,0,0,0,0,16366100,16480000,408,0,0,0,0,4252,0,5,0,0,0,0,4480,5
2,1894904752,4645,0,0,0,0,16599250,16719700,795,0,0,0,0,3612,0,5,0,0,0,0,3840,5
3,3703759967,4646,0,0,0,0,15806400,16718850,529,0,0,0,0,3612,0,5,0,0,0,0,3840,5
4,19533624,4647,0,0,0,0,16602900,16718500,830,0,0,0,0,3612,0,5,0,0,0,0,3840,5
5,816884773,4648,0,0,0,0,16607800,16719500,1060,0,0,0,0,2972,0,5,0,0,0,0,3200,5
6,1339236364,4649,0,0,0,0,16600000,16716200,776,0,0,0,0,3612,0,5,0,0,0,0,3840,5
7,3072959373,4650,0,0,0,0,16600000,16719200,941,0,0,0,0,3612,0,5,0,0,0,0,3840,5
8,1782884746,4651,0,0,0,0,16607700,16722950,1094,0,0,0,0,2972,0,5,0,0,0,0,3200,5
9,30296781,4652,0,0,0,0,16604500,16719150,678,0,0,0,0,4252,0,5,0,0,0,0,4480,5
10,4026418858,4653,0,0,0,0,16601900,16716550,713,0,0,0,0,4252,0,5,0,0,0,0,4480,5
11,2084929051,4654,0,0,0,0,16850400,16970650,991,0,0,0,0,3612,0,5,0,0,0,0,3840,5
12,3114489770,4655,0,0,0,0,16350150,16471000,843,0,0,0,0,3932,0,5,0,0,0,0,4160,5
13,891400471,4656,0,0,0,0,16601450,16718700,778,0,0,0,0,3932,0,5,0,0,0,0,4160,5
14,3472773456,4657,0,0,0,0,16600750,16715800,1132,0,0,0,0,2972,0,5,0,0,0,0,3200,5
15,3010688243,4658,0,0,0,0,16605050,16719200,722,0,0,0,0,3612,0,5,0,0,0,0,3840,5
16,2819524756,4659,0,0,0,0,16605000,16722000,816,0,0,0,0,3612,0,5,0,0,0,0,3840,5
17,3241678401,4660,0,0,0,0,16602100,16717750,1069,0,0,0,0,2972,0,5,0,0,0,0,3200,5
18,2154316504,4661,0,0,0,0,16603950,16720550,909,0,0,0,0,3612,0,5,0,0,0,0,3840,5
19,772262681,4662,0,0,0,0,16599700,16718450,529,0,0,0,0,3612,0,5,0,0,0,0,3840,5
20,3882818750,4663,0,0,0,0,16588950,16718900,1073,0,0,0,0,2972,0,5,0,0,0,0,3200,5
21,521131153,4664,0,0,0,0,16605650,16719850,790,0,0,0,0,3612,0,5,0,0,0,0,3840,5
22,1838187414,4665,0,0,0,0,16936050,17051300,871,0,0,0,0,3612,0,5,0,0,0,0,3840,5
23,840574439,4666,0,0,0,0,16269600,16387300,1051,0,0,0,0,2972,0,5,0,0,0,0,3200,5
24,2879461878,4667,0,0,0,0,16602000,16718600,830,0,0,0,0,3612,0,5,0,0,0,0,3840,5
25,202086035,4668,0,0,0,0,16599250,16718100,754,0,0,0,0,3612,0,5,0,0,0,0,3840,5
26,959703924,4669,0,0,0,0,16605850,16721800,1118,0,0,0,0,2972,0,5,0,0,0,0,3200,5
27,3795724423,4670,0,0,0,0,15827350,16717400,674,0,0,0,0,3612,0,5,0,0,0,0,3840,5
28,2500539904,4671,0,0,0,0,16623850,16750950,748,0,0,0,0,3612,0,5,0,0,0,0,3840,5
29,2269000541,4672,0,0,0,0,16577350,16690450,1138,0,0,0,0,2972,0,5,0,0,0,0,3200,5
30,1900681108,4673,0,0,0,0,16599850,16716200,799,0,0,0,0,3612,0,5,0,0,0,0,3840,5
31,3680168245,4674,0,0,0,0,16605000,16723050,756,0,0,0,0,3612,0,5,0,0,0,0,3840,5
32,2344329490,4675,0,0,0,0,16599900,16715400,1024,0,0,0,0,2972,0,5,0,0,0,0,3200,5
33,2130650181,4676,0,0,0,0,16602300,16721650,733,0,0,0,0,4252,0,5,0,0,0,0,4480,5
34,906966818,4677,0,0,0,0,16183550,16719850,694,0,0,0,0,4252,0,5,0,0,0,0,4480,5
35,3939376531,4678,0,0,0,0,16600000,16718500,1087,0,0,0,0,3612,0,5,0,0,0,0,3840,5
36,2110688546,4679,0,0,0,0,16603150,16717850,677,0,0,0,0,3932,0,5,0,0,0,0,4160,5
37,2695523007,4680,0,0,0,0,16604250,16720400,698,0,0,0,0,3932,0,5,0,0,0,0,4160,5
38,744447992,4681,0,0,0,0,16605650,16719750,1070,0,0,0,0,2972,0,5,0,0,0,0,3200,5
39,3728640411,4682,0,0,0,0,16717900,16835000,746,0,0,0,0,3612,0,5,0,0,0,0,3840,5
40,618879740,4683,0,0,0,0,16486700,16602500,838,0,0,0,0,3612,0,5,0,0,0,0,3840,5
41,1239708057,4684,0,0,0,0,16608350,16719150,1225,0,0,0,0,2972,0,5,0,0,0,0,3200,5
42,2429742208,4685,0,0,0,0,16601400,16719450,722,0,0,0,0,3612,0,5,0,0,0,0,3840,5
43,412095716,4686,0,0,0,0,16601550,16718650,766,0,0,0,0,3612,0,5,0,0,0,0,3840,5
44,1226741467,4687,0,0,0,0,16603250,16721600,1132,0,0,0,0,2972,0,5,0,0,0,0,3200,5
45,3288446148,4688,0,0,0,0,16603150,16717400,754,0,0,0,0,3612,0,5,0,0,0,0,3840,5
46,1157984843,4689,0,0,0,0,17205300,17322600,750,0,0,0,0,3612,0,5,0,0,0,0,3840,5
47,3877288378,4690,0,0,0,0,15997550,16118050,901,0,0,0,0,2972,0,5,0,0,0,0,3200,5
48,4236526315,4691,0,0,0,0,20069200,20188400,216,0,0,0,0,3612,0,5,0,0,0,0,3840,5
49,533834014,4692,0,0,0,0,13112800,13245100,32,0,0,0,0,3612,0,5,0,0,0,0,3840,5
50,1649361089,4693,0,0,0,0,15381200,17001750,551,0,0,0,0,2972,0,5,0,0,0,0,3200,5
51,2486981906,4694,0,0,0,0,16326050,16440600,826,0,0,0,0,3612,0,5,0,0,0,0,3840,5
52,1706075277,4695,0,0,0,0,16599000,16718150,752,0,0,0,0,3612,0,5,0,0,0,0,3840,5
53,267972368,4696,0,0,0,0,16604200,16721450,1185,0,0,0,0,2972,0,5,0,0,0,0,3200,5
54,3895401273,4697,0,0,0,0,16605600,16719700,763,0,0,0,0,3612,0,5,0,0,0,0,3840,5
55,605985656,4698,0,0,0,0,16595950,16718850,814,0,0,0,0,3612,0,5,0,0,0,0,3840,5
56,4077673024,4699,0,0,0,0,33320200,33439350,2032,0,0,0,0,6632,0,5,0,0,0,0,6720,5
57,985632231,4700,0,0,0,0,33323300,33435350,1761,0,0,0,0,7312,0,5,0,0,0,0,7360,5
58,3720590956,4701,0,0,0,0,16603150,16720800,761,0,0,0,0,3652,0,5,0,0,0,0,3840,5
59,3264032585,4702,0,0,0,0,16876550,16995700,1038,0,0,0,0,2972,0,5,0,0,0,0,3200,5
60,395405688,4703,0,0,0,0,16322150,16441750,831,0,0,0,0,3612,0,5,0,0,0,0,3840,5
61,32142420,4704,0,0,0,0,16604950,16718950,812,0,0,0,0,3612,0,5,0,0,0,0,3840,5
62,1187067055,4705,0,0,0,0,16605650,16723350,1152,0,0,0,0,2972,0,5,0,0,0,0,3200,5
63,459140908,4706,0,0,0,0,16604250,16718900,670,0,0,0,0,3612,0,5,0,0,0,0,3840,5
64,3369786495,4707,0,0,0,0,16598300,16715300,803,0,0,0,0,3612,0,5,0,0,0,0,3840,5
65,1572434254,4708,0,0,0,0,16601650,16719450,1001,0,0,0,0,2972,0,5,0,0,0,0,3200,5
66,4107798823,4709,0,0,0,0,16601750,16719750,900,0,0,0,0,3612,0,5,0,0,0,0,3840,5
67,343968250,4710,0,0,0,0,16600100,16719950,809,0,0,0,0,3612,0,5,0,0,0,0,3840,5
68,3102454017,4711,0,0,0,0,16604350,16721050,1083,0,0,0,0,2972,0,5,0,0,0,0,3200,5
69,3051095563,4712,0,0,0,0,16603550,16718150,784,0,0,0,0,3612,0,5,0,0,0,0,3840,5
70,2391331016,4713,0,0,0,0,16969750,17085350,871,0,0,0,0,3612,0,5,0,0,0,0,3840,5
71,3869016117,4714,0,0,0,0,16232150,16353050,1028,0,0,0,0,2972,0,5,0,0,0,0,3200,5
72,1579800804,4715,0,0,0,0,16599850,16719900,823,0,0,0,0,3612,0,5,0,0,0,0,3840,5
73,2792341157,4716,0,0,0,0,15812950,16717750,552,0,0,0,0,3612,0,5,0,0,0,0,3840,5
74,714702942,4717,0,0,0,0,16608550,16720950,1088,0,0,0,0,2972,0,5,0,0,0,0,3200,5
75,1092538936,4718,0,0,0,0,16607450,16720450,725,0,0,0,0,3612,0,5,0,0,0,0,3840,5
76,1561271239,4719,0,0,0,0,16691350,16810400,650,0,0,0,0,4252,0,5,0,0,0,0,4480,5
77,3798074098,4720,0,0,0,0,16512500,16627300,991,0,0,0,0,3612,0,5,0,0,0,0,3840,5
78,3022639071,4721,0,0,0,0,16596850,16716850,682,0,0,0,0,4252,0,5,0,0,0,0,4480,5
79,2282770062,4722,0,0,0,0,16603800,16722200,415,0,0,0,0,3932,0,5,0,0,0,0,4160,5
80,1626512457,4723,0,0,0,0,16603750,16717250,986,0,0,0,0,3292,0,5,0,0,0,0,3520,5
81,3156888026,4724,0,0,0,0,16602800,16719550,843,0,0,0,0,3612,0,5,0,0,0,0,3840,5
82,3038824309,4725,0,0,0,0,16182900,16719100,796,0,0,0,0,3612,0,5,0,0,0,0,3840,5
83,1261846460,4726,0,0,0,0,16601650,16719350,1149,0,0,0,0,2972,0,5,0,0,0,0,3200,5
84,2035201521,4727,0,0,0,0,16605250,16721200,730,0,0,0,0,3612,0,5,0,0,0,0,3840,5
85,2164446652,4728,0,0,0,0,16600900,16717100,763,0,0,0,0,3612,0,5,0,0,0,0,3840,5
86,2017191835,4729,0,0,0,0,16604050,16721200,1045,0,0,0,0,2972,0,5,0,0,0,0,3200,5
87,3029138484,4730,0,0,0,0,16752800,16868750,748,0,0,0,0,3612,0,5,0,0,0,0,3840,5
88,50355403,4731,0,0,0,0,16447300,16569800,864,0,0,0,0,3612,0,5,0,0,0,0,3840,5
89,654213990,4732,0,0,0,0,16605250,16719950,1222,0,0,0,0,2972,0,5,0,0,0,0,3200,5
90,2360099787,4733,0,0,0,0,16601200,16717950,721,0,0,0,0,3612,0,5,0,0,0,0,3840,5
91,2424818746,4734,0,0,0,0,16598950,16717550,822,0,0,0,0,3612,0,5,0,0,0,0,3840,5
92,1971386461,4735,0,0,0,0,16600800,16722400,1073,0,0,0,0,2972,0,5,0,0,0,0,3200,5
93,3386045126,4736,0,0,0,0,16600150,16717350,777,0,0,0,0,3612,0,5,0,0,0,0,3840,5
94,1429641961,4737,0,0,0,0,16599750,16721600,940,0,0,0,0,3612,0,5,0,0,0,0,3840,5
95,3022846880,4738,0,0,0,0,16592550,16718250,1114,0,0,0,0,2972,0,5,0,0,0,0,3200,5
96,1601897261,4739,0,0,0,0,15824250,16717400,557,0,0,0,0,3612,0,5,0,0,0,0,3840,5
97,1229951528,4740,0,0,0,0,16603500,16720400,789,0,0,0,0,3612,0,5,0,0,0,0,3840,5
98,4065171759,4741,0,0,0,0,16833550,16948650,1103,0,0,0,0,2972,0,5,0,0,0,0,3200,5
99,1034325744,4742,0,0,0,0,16372900,16489750,816,0,0,0,0,3612,0,5,0,0,0,0,3840,5
100,14078671,4743,0,0,0,0,16597250,16717000,651,0,0,0,0,4252,0,5,0,0,0,0,4480,5
101,4024270554,4744,0,0,0,0,16601300,16719950,1018,0,0,0,0,3612,0,5,0,0,0,0,3840,5
102,896191351,4745,0,0,0,0,16601600,16718500,716,0,0,0,0,4252,0,5,0,0,0,0,4480,5
103,2131384102,4746,0,0,0,0,16602150,16723400,783,0,0,0,0,3932,0,5,0,0,0,0,4160,5
104,2586210593,4747,0,0,0,0,16598850,16716800,1070,0,0,0,0,3292,0,5,0,0,0,0,3520,5
105,591918370,4748,0,0,0,0,16607450,16720300,896,0,0,0,0,3612,0,5,0,0,0,0,3840,5
106,8814317,4749,0,0,0,0,16599150,16718650,816,0,0,0,0,3612,0,5,0,0,0,0,3840,5
107,2340504196,4750,0,0,0,0,16600300,16721300,1008,0,0,0,0,2972,0,5,0,0,0,0,3200,5
108,3523076009,4751,0,0,0,0,34761400,34877700,2530,0,0,0,0,3612,0,5,0,0,0,0,3840,5
109,1961669028,4752,0,0,0,0,15150700,15276900,402,0,0,0,0,3612,0,5,0,0,0,0,3840,5
110,1037581603,4753,0,0,0,0,16604850,16719350,1174,0,0,0,0,2972,0,5,0,0,0,0,3200,5
111,2701024588,4754,0,0,0,0,16602100,16720800,701,0,0,0,0,3612,0,5,0,0,0,0,3840,5
112,215037203,4755,0,0,0,0,16599300,16719500,698,0,0,0,0,3612,0,5,0,0,0,0,3840,5
113,3696282862,4756,0,0,0,0,16601600,16718150,1066,0,0,0,0,2972,0,5,0,0,0,0,3200,5
114,2829142928,4757,0,0,0,0,16608800,16727250,744,0,0,0,0,3612,0,5,0,0,0,0,3840,5
115,3204762949,4758,0,0,0,0,16593000,16714250,904,0,0,0,0,3612,0,5,0,0,0,0,3840,5
116,3297489190,4759,0,0,0,0,16598400,16718250,1128,0,0,0,0,2972,0,5,0,0,0,0,3200,5
117,1691704917,4760,0,0,0,0,16608300,16720400,711,0,0,0,0,3612,0,5,0,0,0,0,3840,5
118,663957814,4761,0,0,0,0,16599800,16716250,773,0,0,0,0,3612,0,5,0,0,0,0,3840,5
119,3058583827,4762,0,0,0,0,16601700,16719300,1092,0,0,0,0,2972,0,5,0,0,0,0,3200,5
120,838545270,4763,0,0,0,0,15417550,16718750,486,0,0,0,0,3612,0,5,0,0,0,0,3840,5
121,3608912039,4764,0,0,0,0,16607800,16722350,827,0,0,0,0,3612,0,5,0,0,0,0,3840,5
122,4080159716,4765,0,0,0,0,16602800,16717600,1150,0,0,0,0,2972,0,5,0,0,0,0,3200,5
123,1056027075,4766,0,0,0,0,16601450,16718750,752,0,0,0,0,3612,0,5,0,0,0,0,3840,5
124,4057021248,4767,0,0,0,0,16599350,16717900,647,0,0,0,0,4252,0,5,0,0,0,0,4480,5
125,2686741161,4768,0,0,0,0,16692500,16809900,1025,0,0,0,0,3612,0,5,0,0,0,0,3840,5
126,3870849660,4769,0,0,0,0,16516600,16631800,817,0,0,0,0,4252,0,5,0,0,0,0,4480,5
127,293449641,4770,0,0,0,0,16599600,16717700,755,0,0,0,0,3932,0,5,0,0,0,0,4160,5
128,596064266,4771,0,0,0,0,16604100,16718050,1187,0,0,0,0,3292,0,5,0,0,0,0,3520,5
129,3715495249,4772,0,0,0,0,16606350,16720700,814,0,0,0,0,3612,0,5,0,0,0,0,3840,5
130,244680018,4773,0,0,0,0,16601450,16717900,847,0,0,0,0,3612,0,5,0,0,0,0,3840,5
131,4080661783,4774,0,0,0,0,16177800,16721350,1048,0,0,0,0,2972,0,5,0,0,0,0,3200,5
132,4006730450,4775,0,0,0,0,16598900,16718350,922,0,0,0,0,3612,0,5,0,0,0,0,3840,5
133,3864584507,4776,0,0,0,0,16604050,16719900,832,0,0,0,0,3612,0,5,0,0,0,0,3840,5
134,2711027320,4777,0,0,0,0,16608800,16721150,1117,0,0,0,0,2972,0,5,0,0,0,0,3200,5
135,4099079087,4778,0,0,0,0,16601200,16718100,781,0,0,0,0,3612,0,5,0,0,0,0,3840,5
136,565333772,4779,0,0,0,0,17069650,17188400,760,0,0,0,0,3612,0,5,0,0,0,0,3840,5
137,1028518269,4780,0,0,0,0,16133050,16250650,1055,0,0,0,0,2972,0,5,0,0,0,0,3200,5
138,2252688136,4781,0,0,0,0,16600600,16716900,829,0,0,0,0,3612,0,5,0,0,0,0,3840,5
139,578597309,4782,0,0,0,0,16598650,16719750,392,0,0,0,0,3612,0,5,0,0,0,0,3840,5
140,3624439358,4783,0,0,0,0,16600500,16717950,1134,0,0,0,0,2972,0,5,0,0,0,0,3200,5
141,3514067501,4784,0,0,0,0,16604500,16722450,830,0,0,0,0,3612,0,5,0,0,0,0,3840,5
142,2741972910,4785,0,0,0,0,16597500,16715850,780,0,0,0,0,3612,0,5,0,0,0,0,3840,5
143,28497579,4786,0,0,0,0,15818400,16721300,949,0,0,0,0,2972,0,5,0,0,0,0,3200,5
144,466729326,4787,0,0,0,0,16607200,16718350,832,0,0,0,0,3612,0,5,0,0,0,0,3840,5
145,3425349295,4788,0,0,0,0,16604250,16720250,742,0,0,0,0,3612,0,5,0,0,0,0,3840,5
146,1537640620,4789,0,0,0,0,16603000,16720850,1046,0,0,0,0,2972,0,5,0,0,0,0,3200,5
147,1853842891,4790,0,0,0,0,16855400,16976400,870,0,0,0,0,3612,0,5,0,0,0,0,3840,5
148,1177024904,4791,0,0,0,0,16342750,16462900,693,0,0,0,0,4252,0,5,0,0,0,0,4480,5
149,4106734849,4792,0,0,0,0,16598900,16717700,1045,0,0,0,0,3612,0,5,0,0,0,0,3840,5
150,2025356500,4793,0,0,0,0,16601800,16717750,662,0,0,0,0,4252,0,5,0,0,0,0,4480,5
151,2189605121,4794,0,0,0,0,16599150,16720300,657,0,0,0,0,3932,0,5,0,0,0,0,4160,5
152,4086136290,4795,0,0,0,0,16600050,16717550,1063,0,0,0,0,3292,0,5,0,0,0,0,3520,5
153,4036669705,4796,0,0,0,0,16605700,16723150,757,0,0,0,0,3612,0,5,0,0,0,0,3840,5
154,4167980074,4797,0,0,0,0,16599250,16714950,877,0,0,0,0,3612,0,5,0,0,0,0,3840,5
155,51187407,4798,0,0,0,0,16603100,16723050,1101,0,0,0,0,2972,0,5,0,0,0,0,3200,5
156,2242638442,4799,0,0,0,0,16605850,16718250,784,0,0,0,0,3612,0,5,0,0,0,0,3840,5
157,2730108163,4800,0,0,0,0,16602000,16716750,741,0,0,0,0,3612,0,5,0,0,0,0,3840,5
158,2718743917,4801,0,0,0,0,16957000,17077200,1155,0,0,0,0,2972,0,5,0,0,0,0,3200,5
159,3391709842,4802,0,0,0,0,16245750,16364900,830,0,0,0,0,3612,0,5,0,0,0,0,3840,5
160,1164604273,4803,0,0,0,0,16596200,16716250,792,0,0,0,0,3612,0,5,0,0,0,0,3840,5
161,2148591176,4804,0,0,0,0,16603700,16722500,1092,0,0,0,0,2972,0,5,0,0,0,0,3200,5
162,4192737573,4805,0,0,0,0,16604650,16717750,731,0,0,0,0,3612,0,5,0,0,0,0,3840,5
163,535584840,4806,0,0,0,0,16596900,16716850,787,0,0,0,0,3612,0,5,0,0,0,0,3840,5
164,3430794475,4807,0,0,0,0,16636650,16759050,1002,0,0,0,0,2972,0,5,0,0,0,0,3200,5
165,776323552,4808,0,0,0,0,16566000,16684100,898,0,0,0,0,3612,0,5,0,0,0,0,3840,5
166,3330991427,4809,0,0,0,0,16602300,16717100,808,0,0,0,0,3612,0,5,0,0,0,0,3840,5
167,3282074430,4810,0,0,0,0,16604350,16720900,1091,0,0,0,0,2972,0,5,0,0,0,0,3200,5
168,2597814595,4811,0,0,0,0,33321050,33434950,2662,0,0,0,0,3612,0,5,0,0,0,0,3840,5
169,2225601370,4812,0,0,0,0,14866350,16722850,367,0,0,0,0,3612,0,5,0,0,0,0,3840,5
170,3716853465,4813,0,0,0,0,16607000,16719350,1160,0,0,0,0,2972,0,5,0,0,0,0,3200,5
171,1080675697,4814,0,0,0,0,33317000,33434850,1778,0,0,0,0,7272,0,5,0,0,0,0,7360,5
172,219920238,4815,0,0,0,0,33441450,33557000,1660,0,0,0,0,7312,0,5,0,0,0,0,7360,5
173,3070385651,4816,0,0,0,0,16492000,16604750,1074,0,0,0,0,3012,0,5,0,0,0,0,3200,5
174,2609556270,4817,0,0,0,0,16606150,16719300,824,0,0,0,0,3612,0,5,0,0,0,0,3840,5
175,141401383,4818,0,0,0,0,16596850,16716500,746,0,0,0,0,3612,0,5,0,0,0,0,3840,5
176,3034105280,4819,0,0,0,0,16601750,16721450,991,0,0,0,0,2972,0,5,0,0,0,0,3200,5
177,3029196371,4820,0,0,0,0,16604300,16717300,828,0,0,0,0,3612,0,5,0,0,0,0,3840,5
178,699378668,4821,0,0,0,0,16601150,16722150,782,0,0,0,0,3612,0,5,0,0,0,0,3840,5
179,2402609405,4822,0,0,0,0,16600450,16717150,1101,0,0,0,0,2972,0,5,0,0,0,0,3200,5
CSV_END

STUDY_DONE_7fc0e4468c89=0
# 