/tmp/fifo-bench --frames 180 --warmup 30 --wait spin --state-frame 0 --retained --csv /tmp/fresh-product.csv --dump /tmp/fresh-product.rgb565; fifo_rc=$?; if [ "$fifo_rc" = 0 ]; then printf "\nCSV_BEGIN\n"; cat /tmp/fresh-product.csv; printf "CSV_END\n"; fi; test "$fifo_rc" = 0; nv_status=$?; printf "\nNV_DONE_7731da765a97=%s\n" "$nv_status"
BEGIN_BREAKOUT frames=180 warmup=30 fixed=0 blocks=40 tiles=1 hud=1 wait=spin replay=0 state_frame=0 profile=detailed pixel_centers=1 clock_call_ns=5840
HW_COUNTERS unavailable
RESULT frames=180 elapsed_s=3.126466200 fps=57.572988 logic_ms=0.981902 api_ms=3.085050 swap_ms=5.213356 wait_ms=7.940965 worker_inclusive_ms=4.987892 upload_inclusive_ms=1.436515 write_ms=1.226888 bytes_per_frame=3578.67 p50_ms=16.719200 p95_ms=17.172450 max_ms=33.441750 late_60hz=164 first_count=677 last_count=856 state_hash=8f34e8fd remaining=38 score=20
RENDER_PATH retained=1 grouped=0 quads=645 full_frames=0
FRAME_CHECK count=856 address=9fe00000 fnv1a=79c99b23 pixels=307200 mismatches=0
BREAKOUT_PASS

CSV_BEGIN
frame,state_hash,display_count,logic_ns,api_ns,swap_ns,wait_ns,total_ns,completion_interval_ns,polls,worker_inclusive_ns,upload_inclusive_ns,write_ns,read_ns,write_bytes,read_bytes,write_calls,read_calls
0,3724779174,677,709050,4247700,6835050,4880300,16672100,16680650,910,6651500,2306550,2144500,0,4572,0,5,0
1,1709657109,678,900450,3942500,6218400,5550200,16611550,16719200,1048,6038700,1954550,1803200,0,4252,0,5,0
2,1894904752,679,846300,3255800,6015900,6491000,16609000,16716500,1240,5844900,2191500,2032150,0,3612,0,5,0
3,3703759967,680,1485300,2527100,5614850,7309500,16936750,17043750,1329,5445800,1861150,1703850,0,3612,0,5,0
4,19533624,681,826850,2473150,5503500,7485500,16289000,16398400,1355,5312400,1696100,666400,0,3612,0,5,0
5,816884773,682,834250,2010900,4002100,9762050,16609300,16718000,1594,3842950,780000,636500,0,2972,0,5,0
6,1339236364,683,811700,3372700,5385850,7035900,16606150,16719350,1231,5220350,1471300,1327250,0,3612,0,5,0
7,3072959373,684,822150,3307950,5356050,7125950,16612100,16720650,1206,5190850,1461750,1308300,0,3612,0,5,0
8,1782884746,685,823100,2682250,4086600,9015750,16607700,16713750,1639,3916600,788100,640050,0,2972,0,5,0
9,30296781,686,1357450,2485750,5626050,7152450,16621700,16726050,1295,5440450,1707050,1533750,0,4252,0,5,0
10,4026418858,687,822050,2470700,5593650,7722200,16608600,16716400,1377,5410750,1720650,1552800,0,4252,0,5,0
11,2084929051,688,843000,2891450,4172150,8704700,16611300,16720950,1615,3994650,1712900,1567150,0,3612,0,5,0
12,3114489770,689,826400,3271050,5608400,6907650,16613500,16718900,1196,5430500,1650700,1497350,0,3932,0,5,0
13,891400471,690,840400,3277100,6083350,6409250,16610100,16719750,1190,5908850,2225700,2072550,0,3932,0,5,0
14,3472773456,691,1454650,2030350,4039250,9086100,16610350,16716950,1644,3876200,788900,647200,0,2972,0,5,0
15,3010688243,692,833450,2464950,5373000,7541500,16212900,16721650,1373,5189800,1588750,1427200,0,3612,0,5,0
16,2819524756,693,807500,3365850,4810350,7623850,16607550,16715750,1359,4640000,1956450,1795300,0,3612,0,5,0
17,3241678401,694,847450,2913950,3897500,8956650,16615550,16722650,1607,3734650,1576100,1419350,0,2972,0,5,0
18,2154316504,695,836550,3428750,5652200,5923200,15840700,16717600,1125,5468750,1878050,1723650,0,3612,0,5,0
19,772262681,696,828000,3242500,5974050,6565050,16609600,16717950,1255,5803550,2200950,2054200,0,3612,0,5,0
20,3882818750,697,2845550,2952050,3956850,6958550,16713000,16817450,1251,3782250,1614250,571000,0,2972,0,5,0
21,521131153,698,845850,2476400,5422500,7777950,16522700,16624200,1420,5243600,1614150,1452050,0,3612,0,5,0
22,1838187414,699,806100,3468000,5111750,7224300,16610150,16718800,1298,4955350,1457700,1319950,0,3612,0,5,0
23,840574439,700,839250,2923300,3948250,8902250,16613050,16717150,1544,3777300,1614250,1456100,0,2972,0,5,0
24,2879461878,701,819350,10476450,5291050,16741150,33328000,33438750,3072,5116900,1454250,1313300,0,3612,0,5,0
25,202086035,702,851850,2495900,5554550,7272000,16174300,16720550,1315,5365500,1620850,677450,0,3612,0,5,0
26,959703924,703,809650,1997950,4035800,9770400,16613800,16719350,1693,3869650,781250,635300,0,2972,0,5,0
27,3795724423,704,839650,3389650,5360400,7024450,16614150,16720050,1228,5198900,1461400,1314000,0,3612,0,5,0
28,2500539904,705,813500,3248550,5519200,7027600,16608850,16714700,1212,5349250,1467400,1317550,0,3612,0,5,0
29,2269000541,706,841300,2803450,4386250,8582250,16613250,16721550,1529,4210800,782650,635750,0,2972,0,5,0
30,1900681108,707,1402550,2496000,5630000,7276750,16805300,16910700,1323,5457400,1881600,1726900,0,3612,0,5,0
31,3680168245,708,830300,2480050,5562000,7551350,16423700,16529000,1370,5372100,1758050,1596900,0,3612,0,5,0
32,2344329490,709,802500,2004500,4016050,9787600,16610650,16717900,1696,3842950,783800,641450,0,2972,0,5,0
33,2130650181,710,834650,3309650,5497800,6970150,16612250,16718150,1208,5327800,1463550,1315050,0,4252,0,5,0
34,906966818,711,808850,3237900,5436150,7130850,16613750,16720800,1203,5271250,1477450,1325250,0,4252,0,5,0
35,3939376531,712,1484400,2065900,4603150,8458950,16612400,16720150,1511,4424050,1234650,1100000,0,3612,0,5,0
36,2110688546,713,1295300,2476850,5455300,7384900,16612350,16719000,1341,5278700,1654950,1489950,0,3932,0,5,0
37,2695523007,714,840950,2470950,5516450,7779800,16608150,16716350,1386,4475950,1697250,1523800,0,3932,0,5,0
38,744447992,715,810300,2931400,3920850,8947700,16610250,16722300,1667,3747450,1582400,1446100,0,2972,0,5,0
39,3728640411,716,832350,3267700,5160750,7355550,16616350,16720950,1285,4981800,1234000,1089050,0,3612,0,5,0
40,618879740,717,815200,3230750,5004950,7556350,16607250,16714450,1288,4832150,1244550,1097050,0,3612,0,5,0
41,1239708057,718,1503900,2040900,4017950,9438150,17000900,17109350,1545,3845700,776400,636700,0,2972,0,5,0
42,2429742208,719,812550,2476750,5335900,7596800,16222000,16334400,1383,4305950,1614600,673000,0,3612,0,5,0
43,412095716,720,829200,3437350,4956950,7381850,16605350,16715100,1309,4778000,1237150,1089900,0,3612,0,5,0
44,1226741467,721,814650,2885250,3972000,8947500,16619400,16722300,1664,3803300,1659250,1495200,0,2972,0,5,0
45,3288446148,722,831850,3305950,5105450,7371100,16614350,16720400,1281,4931100,1239550,1091400,0,3612,0,5,0
46,1157984843,723,818750,3164550,5731600,6897050,16611950,16718850,1330,4807350,1245100,1099850,0,3612,0,5,0
47,3877288378,724,1451350,2037200,4029050,9089050,16606650,16716950,1554,3854900,773750,638900,0,2972,0,5,0
48,4236526315,725,835050,3531050,5105800,6367450,15839350,16721800,1093,4929200,1232100,1092400,0,3612,0,5,0
49,533834014,726,836350,3457500,5101600,7215250,16610700,16716600,939,4941900,1228250,1092550,0,3612,0,5,0
50,1649361089,727,844500,2932950,4034400,8799300,16611150,16720650,1631,3855850,786750,633750,0,2972,0,5,0
51,2486981906,728,838750,3330000,5008150,7439050,16615950,16719200,1292,4836950,1235500,1093100,0,3612,0,5,0
52,1706075277,729,1442200,2511400,5627750,7396000,16977350,17083000,1348,5458200,1879600,1727600,0,3612,0,5,0
53,267972368,730,834950,2025750,4156600,9227850,16245150,16351900,1579,3984150,778150,637450,0,2972,0,5,0
54,3895401273,731,819700,3789750,4961300,7048350,16619100,16724900,1249,4790300,1231500,1096050,0,3612,0,5,0
55,605985656,732,835800,3364800,5133900,7272850,16607350,16714650,1276,4960500,1229900,1091900,0,3612,0,5,0
56,4077673024,733,877050,8179600,9406050,14868700,33331400,33438450,2815,8489900,1292050,1150250,0,6632,0,5,0
57,985632231,734,1419800,9169650,10482000,12261250,33332700,33438750,2246,9529550,1614550,1472600,0,7312,0,5,0
58,3720590956,735,886100,3498600,5090900,7140000,16615600,16721700,1256,4916300,1246800,1104550,0,3652,0,5,0
59,3264032585,736,877250,2820700,3961250,8956100,16615300,16721200,1665,3797500,1625700,566150,0,2972,0,5,0
60,395405688,737,859150,3263300,4980300,7506900,16609650,16716550,1277,4811800,1237950,1088900,0,3612,0,5,0
61,32142420,738,1516750,2546250,5609900,6941600,16614500,16721550,1334,5437450,1873100,1720950,0,3612,0,5,0
62,1187067055,739,855900,2015300,4015350,9309050,16195600,16716900,1599,3855900,775600,639850,0,2972,0,5,0
63,459140908,740,879050,3400150,4664600,7666950,16610750,16718250,1364,4496000,1779750,775400,0,3612,0,5,0
64,3369786495,741,860900,3363600,5099850,7289200,16613550,16722850,1195,4928450,1231950,1091800,0,3612,0,5,0
65,1572434254,742,876300,2816900,4033450,8880150,16606800,16716200,1630,3867250,776200,634600,0,2972,0,5,0
66,4107798823,743,858400,3224500,4960900,7573200,16617000,16720100,1291,4797550,1246450,1099300,0,3612,0,5,0
67,343968250,744,1488300,2514450,5381250,7368000,16752000,16861550,1339,5206100,1588000,1434650,0,3612,0,5,0
68,3102454017,745,851600,2014450,4015700,9587000,16468750,16575600,1657,3847850,779850,637050,0,2972,0,5,0
69,3051095563,746,875550,3483800,5071800,7182450,16613600,16719550,1240,4900100,1227450,1094050,0,3612,0,5,0
70,2391331016,747,857500,3321550,5160950,7274900,16614900,16722400,1265,4987100,1248350,1099650,0,3612,0,5,0
71,3869016117,748,877250,2867100,4169000,8697100,16610450,16716000,1572,3995650,784050,640650,0,2972,0,5,0
72,1579800804,749,1525050,2530300,5732250,6825950,16613550,16719150,1311,5567950,2019200,1869000,0,3612,0,5,0
73,2792341157,750,1474600,2516600,5379450,7239900,16610550,16718900,1308,4355650,1636900,1475250,0,3612,0,5,0
74,714702942,751,861400,1994750,4021950,9735150,16613250,16721950,1685,3849050,778700,639100,0,2972,0,5,0
75,1092538936,752,873250,3406200,5155900,7175200,16610550,16718750,1259,4982650,1235650,1088700,0,3612,0,5,0
76,1561271239,753,858750,3416050,5461850,6874500,16611150,16719200,1181,5305000,1476300,1324800,0,4252,0,5,0
77,3798074098,754,882950,3110850,4568750,8047500,16610050,16718200,1424,4404350,1239450,1098100,0,3612,0,5,0
78,3022639071,755,882650,4977100,7869000,1898250,15627000,17172450,258,7688050,1470750,1325800,0,4252,0,5,0
79,2282770062,756,889150,3532550,5225900,6515350,16162950,16267000,1155,5060400,1460500,1317500,0,3932,0,5,0
80,1626512457,757,853550,2023500,5025350,8713200,16615600,16718600,1616,4853100,1799750,1652650,0,3292,0,5,0
81,3156888026,758,884450,3347650,5387550,6993700,16613350,16720950,1214,5224450,1459350,1313950,0,3612,0,5,0
82,3038824309,759,859050,3844500,12174500,16456150,33334200,33438700,2998,11999600,1470600,1317550,0,3612,0,5,0
83,1261846460,760,1384500,2058300,4051400,9118300,16612500,16716000,1563,3869800,774900,640700,0,2972,0,5,0
84,2035201521,761,870450,2489450,5480850,7776700,16617450,16724500,1415,4438050,1771500,1600800,0,3612,0,5,0
85,2164446652,762,881950,3392450,5334350,6996650,16605400,16717350,1224,5170300,1467150,1318900,0,3612,0,5,0
86,2017191835,763,853400,2817450,4000350,8936400,16607600,16717100,1656,3824800,1667750,1507700,0,2972,0,5,0
87,3029138484,764,878650,3321200,6110450,6301100,16611400,16720400,1194,5921500,2314600,2165100,0,3612,0,5,0
88,50355403,765,1465250,2541800,5937000,6980500,16924550,17032100,1240,5765900,2212450,2056050,0,3612,0,5,0
89,654213990,766,876150,2008750,4025600,9391150,16301650,16408250,1617,3852400,773050,638250,0,2972,0,5,0
90,2360099787,767,863100,3493650,5114000,7139250,16610000,16719400,1252,4948800,1467300,1318250,0,3612,0,5,0
91,2424818746,768,872650,3303900,5383650,7047850,16608050,16716600,1232,5220600,1459200,1320700,0,3612,0,5,0
92,1971386461,769,858400,2804500,4046450,8905050,16614400,16719850,1632,3886800,781450,637800,0,2972,0,5,0
93,3386045126,770,890800,3281200,5748950,6691550,16612500,16718250,1256,5575650,1998600,1846600,0,3612,0,5,0
94,1429641961,771,1398700,2523000,5322800,7369600,16614100,16722900,1340,5151950,1577350,1430250,0,3612,0,5,0
95,3022846880,772,881350,2016900,4018350,9689050,16605650,16715450,1679,3859600,774050,639400,0,2972,0,5,0
96,1601897261,773,854950,3434600,5180200,7138950,16608700,16718650,1239,5021100,1453700,1316550,0,3612,0,5,0
97,1229951528,774,877150,3313350,5416400,7003950,16610850,16719850,1212,5243550,1460150,1313850,0,3612,0,5,0
98,4065171759,775,863650,2788600,4162150,8803650,16618050,16723850,1598,3995300,786050,642450,0,2972,0,5,0
99,1034325744,776,1583050,2549700,5670100,7317000,17119850,17225650,1305,5495350,1887550,1733950,0,3612,0,5,0
100,14078671,777,859400,2504200,5688250,7048250,16100100,16209100,1208,4643000,1859900,1698350,0,4252,0,5,0
101,4024270554,778,881450,2025800,5214150,8485050,16606450,16719450,1568,5042600,1864900,1720300,0,3612,0,5,0
102,896191351,779,863150,3399800,5683250,6662450,16608650,16718200,1155,5518400,1698500,1553150,0,4252,0,5,0
103,2131384102,780,885900,3469750,6271100,5985700,16612450,16723400,1138,6091300,2354600,2198000,0,3932,0,5,0
104,2586210593,781,870350,2738850,4338400,8660700,16608300,16718200,1563,4178000,1060250,909750,0,3292,0,5,0
105,591918370,782,1481700,2512650,5344750,7352600,16691700,16802800,1337,5176300,1562000,1416150,0,3612,0,5,0
106,8814317,783,874600,2494700,5497000,7660250,16526550,16637350,1395,5327150,1599150,1444000,0,3612,0,5,0
107,2340504196,784,881100,2905500,3923200,8902750,16612550,16722550,1411,2947500,777950,638900,0,2972,0,5,0
108,3523076009,785,900400,3821700,5676100,5460850,15859050,16713000,1029,5502650,1856600,1701700,0,3612,0,5,0
109,1961669028,786,884900,3359900,6108700,6256500,16610000,16719900,1193,5932250,2201700,2045800,0,3612,0,5,0
110,1037581603,787,1525650,2055750,4027400,9004050,16612850,16719600,1626,3863050,787200,644100,0,2972,0,5,0
111,2701024588,788,885700,2502200,5368150,7414950,16171000,16716900,1344,5197650,1588650,1431800,0,3612,0,5,0
112,215037203,789,868650,3395300,4953650,7400100,16617700,16723600,1338,4775800,2062350,1903050,0,3612,0,5,0
113,3696282862,790,889100,2948250,4217200,8552600,16607150,16713500,1561,4053550,1908100,567000,0,2972,0,5,0
114,2829142928,791,883100,3296000,5412450,7024900,16616450,16719300,1216,5241850,1465300,1314100,0,3612,0,5,0
115,3204762949,792,886250,3285900,6113450,6325000,16610600,16719300,1200,5928450,2326250,2168800,0,3612,0,5,0
116,3297489190,793,1420550,2029000,4037650,9290350,16777550,16886900,1599,3873100,781850,648350,0,2972,0,5,0
117,1691704917,794,875400,2511950,5385950,7672100,16445400,16556000,1397,5205800,1612550,1452100,0,3612,0,5,0
118,663957814,795,867700,3466300,5155400,7123150,16612550,16720950,1245,4993800,1458150,1317950,0,3612,0,5,0
119,3058583827,796,869650,2864200,3927800,8948250,16609900,16716050,1660,3760200,1608950,567250,0,2972,0,5,0
120,838545270,797,864350,3289700,5279100,7176850,16610000,16718200,1245,5114250,1468000,1312700,0,3612,0,5,0
121,3608912039,798,1489750,2555800,5770100,6798000,16613650,16721350,1278,5602950,2003500,1847050,0,3612,0,5,0
122,4080159716,799,1376350,2033100,4001500,9197950,16608900,16716200,1580,3835000,776550,638300,0,2972,0,5,0
123,1056027075,800,885650,3389300,4536300,7805850,16617100,16724200,1424,4367350,1637300,676300,0,3612,0,5,0
124,4057021248,801,868500,3408700,5682600,6647350,16607150,16715500,1126,5512000,1705350,1547400,0,4252,0,5,0
125,2686741161,802,882600,2890700,4836600,8003950,16613850,16718850,1381,4674800,1461300,1320200,0,3612,0,5,0
126,3870849660,803,863150,3297600,6174300,6275600,16610650,16719150,1195,5999300,2312450,2153700,0,4252,0,5,0
127,293449641,804,1487650,2549400,5524750,7434950,16996750,17105450,1326,5349050,1673850,1517950,0,3932,0,5,0
128,596064266,805,866700,2044800,4308250,9006300,16226050,16334700,1533,4145200,1053700,911850,0,3292,0,5,0
129,3715495249,806,886300,3459900,5230500,7033400,16610100,16718650,1259,5064550,1460950,1328700,0,3612,0,5,0
130,244680018,807,854650,3317850,5347750,7090250,16610500,16718950,1243,5181600,1467700,1316100,0,3612,0,5,0
131,4080661783,808,880900,2998100,4157400,8574450,16610850,16717600,1548,3986500,782850,639000,0,2972,0,5,0
132,4006730450,809,865000,3167100,5957700,6627800,16617600,16723550,1269,5785950,2224100,2065950,0,3612,0,5,0
133,3864584507,810,1348700,2503900,5388650,7369250,16610500,16720000,1336,5210300,1578100,669000,0,3612,0,5,0
134,2711027320,811,851500,2012800,4125350,9617750,16607400,16717300,1662,3942350,783350,641850,0,2972,0,5,0
135,4099079087,812,874500,3434850,5334400,6962700,16606450,16718350,1217,5172150,1460000,1314200,0,3612,0,5,0
136,565333772,813,858750,3294400,5362100,7092100,16607350,16717550,1235,5203150,1468550,1320150,0,3612,0,5,0
137,1028518269,814,880200,2854700,4243150,8632850,16610900,16720400,1556,4065250,779650,633500,0,2972,0,5,0
138,2252688136,815,890150,3842850,5790400,5183650,15707050,17307150,573,5619150,1460100,1316300,0,3612,0,5,0
139,578597309,816,887050,3496250,5174100,6464700,16022100,16134800,1147,5006200,2276600,2116000,0,3612,0,5,0
140,3624439358,817,859850,2020100,4013800,9715200,16608950,16716100,1653,3861200,786250,642300,0,2972,0,5,0
141,3514067501,818,884200,3353300,5386750,6988750,16613000,16721550,1219,5217850,1454050,1316600,0,3612,0,5,0
142,2741972910,819,858200,3282050,12378800,16812050,33331100,33438500,3047,12212450,1474650,1321900,0,3612,0,5,0
143,28497579,820,1422650,2059050,4053900,9099250,16634850,16746000,1551,3882150,776850,641500,0,2972,0,5,0
144,466729326,821,870450,2490300,5342550,7878300,16581600,16689900,1439,5170300,1605050,1438750,0,3612,0,5,0
145,3425349295,822,880600,3457900,5318650,6952650,16609800,16721050,1184,5159500,1454950,1319200,0,3612,0,5,0
146,1537640620,823,874000,2837550,3961950,8940800,16614300,16721250,1659,3793500,1640750,1481550,0,2972,0,5,0
147,1853842891,824,881350,3335500,5985700,6405950,16608500,16714250,1225,5810500,2186400,1311400,0,3612,0,5,0
148,1177024904,825,1514300,2530800,5871950,6698650,16615700,16722950,1251,5705700,2030600,1856600,0,4252,0,5,0
149,4106734849,826,882550,2018050,5359100,7908300,16168000,16720400,1369,4429400,1237750,1097750,0,3612,0,5,0
150,2025356500,827,875500,3496500,5235400,6993800,16601200,16715650,1253,5068500,1470900,1325150,0,4252,0,5,0
151,2189605121,828,872800,3374150,5256100,7111550,16614600,16719850,1220,5086250,1281950,1144100,0,3932,0,5,0
152,4086136290,829,859900,2813900,4335400,8601700,16610900,16717900,1575,4176650,1065550,920150,0,3292,0,5,0
153,4036669705,830,884850,3283200,5738000,6707400,16613450,16720250,1287,5567750,1978750,1091400,0,3612,0,5,0
154,4167980074,831,1412200,2517650,5400400,7525150,16855400,16962050,1347,5230950,1664650,1517650,0,3612,0,5,0
155,51187407,832,885150,2024850,4034500,9424550,16369050,16479000,1621,3864400,774150,638050,0,2972,0,5,0
156,2242638442,833,856600,3510800,4943750,7299550,16610700,16720050,1303,4770400,1231500,1094550,0,3612,0,5,0
157,2730108163,834,873900,3317250,5182400,7235150,16608700,16717100,1263,5003100,1239100,1094200,0,3612,0,5,0
158,2718743917,835,866650,2924950,4148000,8676150,16615750,16722450,1570,3981250,785300,642800,0,2972,0,5,0
159,3391709842,836,1591000,2572000,5639800,6811300,16614100,16718600,1308,5468700,1879050,1726850,0,3612,0,5,0
160,1164604273,837,1315350,2528600,5311650,7453000,16608600,16718500,1354,5141850,1586400,1422050,0,3612,0,5,0
161,2148591176,838,884900,2025050,4167400,9533650,16611000,16719150,1642,4001100,773450,639250,0,2972,0,5,0
162,4192737573,839,857400,3712500,5099600,6940800,16610300,16717000,1207,4931100,1240350,1101050,0,3612,0,5,0
163,535584840,840,887500,3392850,5148650,7187400,16616400,16722050,1250,4976950,1239450,1093900,0,3612,0,5,0
164,3430794475,841,875000,2796350,4212550,8729000,16612900,16719700,1575,4047450,782850,635200,0,2972,0,5,0
165,776323552,842,1498600,2555900,5449900,7310250,16814650,16921600,1328,5276400,1663900,1519100,0,3612,0,5,0
166,3330991427,843,870000,2516350,5343800,7672600,16402750,16512050,1399,5165850,1607700,673300,0,3612,0,5,0
167,3282074430,844,888600,2032000,3948700,9742500,16611800,16721050,1652,2952050,778300,641200,0,2972,0,5,0
168,2597814595,845,876800,4770500,5636600,5321800,16605700,16719100,1001,5459600,1883850,1727250,0,3612,0,5,0
169,2225601370,846,884400,3377000,5044300,7305550,16611250,16718100,1266,4872600,1235350,1090250,0,3612,0,5,0
170,3716853465,847,1492300,2089450,4020050,9014500,16616300,16720400,1600,3857900,779500,642750,0,2972,0,5,0
171,1080675697,848,1372350,9093800,9636100,13235100,33337350,33441750,2323,9450950,1600300,1459900,0,7272,0,5,0
172,219920238,849,886500,8952850,10282050,13214600,33336000,33437450,2374,10097550,2226550,2056650,0,7312,0,5,0
173,3070385651,850,885700,2845450,4100100,8776950,16608200,16718050,1590,3941650,789250,643850,0,3012,0,5,0
174,2609556270,851,1517750,2531900,5638700,7239650,16928000,17034350,1282,5471100,1892300,1738000,0,3612,0,5,0
175,141401383,852,870850,2517900,5356000,7551450,16296200,16407450,1376,4344150,1624950,1455100,0,3612,0,5,0
176,3034105280,853,852600,2003900,4006000,9748450,16610950,16718000,1689,3839900,781150,644900,0,2972,0,5,0
177,3029196371,854,871150,3354000,5128700,7258900,16612750,16719750,1250,4963150,1228400,1090700,0,3612,0,5,0
178,699378668,855,859500,3289850,5087550,7376550,16613450,16720000,1283,4917500,1244850,1095100,0,3612,0,5,0
179,2402609405,856,880450,2777750,4004300,8947200,16609700,16717100,1617,3839050,779900,634650,0,2972,0,5,0
CSV_END

NV_DONE_7731da765a97=0
# 
CAPTURE: {"label": "fresh-product-post-sequence", "elapsed_seconds": 14.569588867000675, "bytes_received": 21068, "command": "/tmp/fifo-bench --frames 180 --warmup 30 --wait spin --state-frame 0 --retained --csv /tmp/fresh-product.csv --dump /tmp/fresh-product.rgb565; fifo_rc=$?; if [ \"$fifo_rc\" = 0 ]; then printf \"\\nCSV_BEGIN\\n\"; cat /tmp/fresh-product.csv; printf \"CSV_END\\n\"; fi; test \"$fifo_rc\" = 0", "command_exit": 0, "login_sent": false, "log": "/path/to/research/experiments/fifo-study-20261008/20261008T130948Z-fresh-product-post-sequence.raw"}
