/tmp/fifo-bench --frames 180 --warmup 30 --wait spin --state-frame 0 --csv /tmp/fresh-product.csv --dump /tmp/fresh-product.rgb565; fifo_rc=$?; if [ "$fifo_rc" = 0 ]; then printf "\nCSV_BEGIN\n"; cat /tmp/fresh-product.csv; printf "CSV_END\n"; fi; test "$fifo_rc" = 0; nv_status=$?; printf "\nNV_DONE_746a902d3772=%s\n" "$nv_status"
BEGIN_BREAKOUT frames=180 warmup=30 fixed=0 blocks=40 tiles=1 hud=1 wait=spin replay=0 state_frame=0 profile=detailed pixel_centers=1 clock_call_ns=5932
HW_COUNTERS unavailable
RESULT frames=180 elapsed_s=12.271907150 fps=14.667647 logic_ms=0.961240 api_ms=21.854888 swap_ms=41.894826 wait_ms=3.322266 worker_inclusive_ms=41.656546 upload_inclusive_ms=7.634931 write_ms=7.387794 bytes_per_frame=30951.56 p50_ms=66.877200 p95_ms=83.597350 max_ms=83.601850 late_60hz=180 first_count=35 last_count=214 state_hash=8f34e8fd remaining=38 score=20
RENDER_PATH retained=0 grouped=0 quads=13131 full_frames=180
FRAME_CHECK count=214 address=9fe00000 fnv1a=79c99b23 pixels=307200 mismatches=0
BREAKOUT_PASS

CSV_BEGIN
frame,state_hash,display_count,logic_ns,api_ns,swap_ns,wait_ns,total_ns,completion_interval_ns,polls,worker_inclusive_ns,upload_inclusive_ns,write_ns,read_ns,write_bytes,read_bytes,write_calls,read_calls
0,3724779174,35,742250,22427200,41112850,2531750,66814050,66825650,409,40919700,7952150,7731950,0,31172,0,5,0
1,1709657109,36,870550,21466200,41899300,2860250,67096300,67203400,465,41706950,7859650,7637150,0,31172,0,5,0
2,1894904752,37,849550,21367050,40854600,3376900,66448100,66555450,576,40667450,7800450,7561900,0,31172,0,5,0
3,3703759967,38,1393350,21562450,40796700,3015900,66768400,66874350,481,40614450,7728050,7507350,0,31172,0,5,0
4,19533624,39,842800,21958400,40660000,3310750,66771950,66879900,581,40467150,7377950,7181650,0,31172,0,5,0
5,816884773,40,826750,21823750,41698800,2414800,66764100,66872500,492,41505600,7652150,7446400,0,31172,0,5,0
6,1339236364,41,873250,21666350,41146450,1787900,65473950,66879600,363,40954050,7738550,7543700,0,31172,0,5,0
7,3072959373,42,808950,22206000,43557600,202600,66775150,66873600,36,43370600,7758900,7543100,0,31172,0,5,0
8,1782884746,43,840250,22567450,48463950,11627950,83499600,83599250,2133,48269700,7495100,7292850,0,31172,0,5,0
9,30296781,44,827950,21614650,41735100,3068150,67245850,67353900,528,41538850,7908200,7694400,0,31492,0,5,0
10,4026418858,45,831500,21356500,40987300,3118600,66293900,66401650,522,40795750,7795800,7579850,0,31492,0,5,0
11,2084929051,46,820600,22426150,41094300,2430100,66771150,66875650,381,40910400,7781100,7572550,0,31492,0,5,0
12,3114489770,47,824600,22417550,40844650,2684100,66770900,66876650,445,40656000,7470950,7259700,0,31172,0,5,0
13,891400471,48,812700,21612000,41670500,2672850,66768050,66876100,545,41483600,7662100,7464750,0,31172,0,5,0
14,3472773456,49,1414750,21731550,40895300,2745100,66786700,66881850,445,40709950,7743300,7521650,0,31172,0,5,0
15,3010688243,50,822450,23734450,41645700,567950,66770550,66874950,111,41458900,7660550,7461350,0,31172,0,5,0
16,2819524756,51,827350,21705800,41619100,2966900,67119150,67214450,508,41427500,7860550,7642200,0,31172,0,5,0
17,3241678401,52,806550,21811300,41834950,1975100,66427900,66538700,401,41640400,7735250,7536350,0,31172,0,5,0
18,2154316504,53,829400,21928800,40903750,3122250,66784200,66878850,531,40715300,7754550,7526350,0,31172,0,5,0
19,772262681,54,807600,22444750,40465750,3049350,66767450,66876200,525,40274200,7317550,7109150,0,31172,0,5,0
20,3882818750,55,833900,21525700,42151600,2260750,66771950,66878450,460,41966250,7732650,7532000,0,31172,0,5,0
21,521131153,56,1378950,21427800,41068150,2900450,66775350,66876350,478,40878200,7767500,7528700,0,31172,0,5,0
22,1838187414,57,827600,22162600,43722850,16778700,83491750,83597350,3090,43537250,7507950,7300600,0,31172,0,5,0
23,840574439,58,825250,22508150,49816550,10340100,83490050,83597450,1853,49630150,7725000,7504850,0,31172,0,5,0
24,2879461878,59,832150,22305650,40491550,3150350,66779700,66885550,520,40301450,7372950,7168800,0,31172,0,5,0
25,202086035,60,815950,21470200,40838450,3633500,66758100,66867200,628,40651250,7748850,6824650,0,31172,0,5,0
26,959703924,61,1399600,21758900,41124900,2488950,66772350,66876750,391,40936150,7043450,6835500,0,31172,0,5,0
27,3795724423,62,800250,22322300,41223850,2422000,66768400,66875350,384,41035200,7762250,7539600,0,31172,0,5,0
28,2500539904,63,826850,21561500,43192650,1620950,67201950,67310500,220,42999150,7793550,7587450,0,31172,0,5,0
29,2269000541,64,807900,21812500,43568450,146900,66335750,66442150,25,43377700,8912250,8669900,0,31172,0,5,0
30,1900681108,65,847150,21974650,41210850,2755350,66788000,66881950,452,41026250,7679750,7474700,0,31172,0,5,0
31,3680168245,66,806900,22319750,40978900,2668550,66774100,66878450,417,40781950,7470500,7271750,0,31172,0,5,0
32,2344329490,67,840350,21661850,41925300,2337100,66764600,66875250,476,41741200,7728150,7529600,0,31172,0,5,0
33,2130650181,68,1402800,21383750,41314850,2675600,66777000,66876300,430,41123700,7829850,7581150,0,31492,0,5,0
34,906966818,69,835250,22284850,41279900,2373900,66773900,66878600,372,41082100,7727200,7525400,0,31492,0,5,0
35,3939376531,70,807200,21615850,42508300,2115000,67046350,67151400,326,41586200,7895100,7079050,0,31492,0,5,0
36,2110688546,71,876150,21611850,41711150,1586700,65785850,66598100,321,41520150,7580600,7379950,0,31172,0,5,0
37,2695523007,72,1500200,21351050,43367650,560900,66779800,66878250,110,43175400,7383350,7177650,0,31172,0,5,0
38,744447992,73,840250,22307600,48128450,12225700,83502000,83597900,2262,47938150,7652300,7439150,0,31172,0,5,0
39,3728640411,74,810650,21427100,41584650,2949250,66771650,66877750,507,40666800,7513300,7311650,0,31172,0,5,0
40,618879740,75,832050,21533050,40561750,3844700,66771550,66875900,672,40371800,7819400,7600350,0,31172,0,5,0
41,1239708057,76,1412500,21613250,41449450,2302800,66778000,66881100,353,41253150,7947250,7704350,0,31172,0,5,0
42,2429742208,77,834200,22205600,41328400,2404400,66772600,66875950,382,41137800,7833800,7614700,0,31172,0,5,0
43,412095716,78,811550,21432600,41854500,2673000,66771650,66876100,545,41662250,7661250,7455250,0,31172,0,5,0
44,1226741467,79,836450,21529550,42931650,1021500,66319150,66873800,205,42735200,9735250,8784600,0,31172,0,5,0
45,3288446148,80,820400,21988900,41174350,2801350,66785000,66881200,460,40980450,7731950,7510150,0,31172,0,5,0
46,1157984843,81,833500,22093600,40708400,3134750,66770250,66873050,548,40518000,7512000,7317250,0,31172,0,5,0
47,3877288378,82,819100,21551600,42280400,2122950,66774050,66878450,432,42088450,7780900,7572000,0,31172,0,5,0
48,4236526315,83,1450700,21465000,40741350,3122400,66779450,66876100,526,40544600,7882000,7680150,0,31172,0,5,0
49,533834014,84,813300,22134500,41311200,2517150,66776150,66879300,404,41129100,7838850,7614150,0,31172,0,5,0
50,1649361089,85,832450,21392150,41841100,3042700,67108400,67213150,529,41651600,7673900,7472450,0,31172,0,5,0
51,2486981906,86,814900,21574900,40899150,3146900,66435850,66540350,502,40709250,7814100,7566700,0,31172,0,5,0
52,1706075277,87,838450,21858700,43370550,704150,66771850,66878100,139,43180750,7779750,7578100,0,31172,0,5,0
53,267972368,88,809050,22029600,49542800,11115500,83496950,83594050,2021,49348550,7678800,7477250,0,31172,0,5,0
54,3895401273,89,842850,21522800,41338950,3171850,66876450,66982300,557,40433900,7644550,7432400,0,31172,0,5,0
55,605985656,90,815450,21398450,41019250,3436050,66669200,66773500,586,40816750,7848350,7613250,0,31172,0,5,0
56,4077673024,91,1514350,21302300,41355250,2606450,66778350,66879400,419,41162150,7755350,7545100,0,30852,0,5,0
57,985632231,92,847900,22283900,41101150,2536450,66769400,66873800,408,40893550,7777700,7570850,0,30852,0,5,0
58,3720590956,93,876500,21386100,41507150,3003900,66773650,66879700,614,41324650,7699800,7494400,0,30852,0,5,0
59,3264032585,94,1323850,21406600,41270600,2783500,66784550,66879250,182,41066550,7028600,6832100,0,30852,0,5,0
60,395405688,95,906050,22260900,40823450,2771150,66761550,66875650,456,40635600,7663300,7447300,0,30852,0,5,0
61,32142420,96,846350,22284750,40676000,2963550,66770650,66876050,510,40484500,7255350,7051300,0,30852,0,5,0
62,1187067055,97,875700,21344350,41121450,3427850,66769350,66878200,566,40934150,8077900,7848150,0,30852,0,5,0
63,459140908,98,1458050,21377700,41040100,2898400,66774250,66877200,482,40852550,7781100,7534700,0,30852,0,5,0
64,3369786495,99,873300,22279200,40590900,3029350,66772750,66876800,510,40401150,7540350,7327300,0,30852,0,5,0
65,1572434254,100,850100,21403300,41907150,2603750,66764300,66873600,531,41719300,7746600,7539500,0,30852,0,5,0
66,4107798823,101,928050,22290800,40637550,1483650,65340050,66878250,300,40443450,7524400,7312200,0,30852,0,5,0
67,343968250,102,845650,22132100,43511800,291550,66781100,66876650,54,43313700,7425550,7214850,0,30852,0,5,0
68,3102454017,103,870100,22365300,48348150,11919250,83502800,83598400,2109,48159500,7732300,7533950,0,30852,0,5,0
69,3051095563,104,853750,21545500,41588800,3025100,67013150,67121750,523,41396200,7442450,7223900,0,30852,0,5,0
70,2391331016,105,869800,21531550,40812250,3316250,66529850,66633950,556,40623050,7882200,7669500,0,30852,0,5,0
71,3869016117,106,1460500,21431400,41270550,2607900,66770350,66874550,359,41081250,7806950,7576050,0,30852,0,5,0
72,1579800804,107,869650,22182650,40789100,2930850,66772250,66880000,496,40599200,7409650,7218400,0,30852,0,5,0
73,2792341157,108,844600,21548950,41445550,2926300,66765400,66872550,597,41259050,7695700,7480100,0,30852,0,5,0
74,714702942,109,1512350,21416000,40849600,3004800,66782750,66877750,498,40652000,7761450,7557400,0,30852,0,5,0
75,1092538936,110,838950,24160200,41653200,123750,66776100,66878800,19,41463000,7615600,7405300,0,30852,0,5,0
76,1561271239,111,884150,21456650,41488500,3062350,66891650,66986250,529,40431150,7508550,7298550,0,31172,0,5,0
77,3798074098,112,848700,21558550,41635550,2619350,66662150,66768550,534,40849350,7165850,6967900,0,31172,0,5,0
78,3022639071,113,1558250,21693000,40988650,2540500,66780400,66877000,402,40801200,7757950,7549150,0,31172,0,5,0
79,2282770062,114,843350,22272100,41276950,2380350,66772750,66876050,377,41088800,7719100,7493100,0,30852,0,5,0
80,1626512457,115,871850,21583800,40436900,3878950,66771500,66875750,678,40237850,7001000,6812050,0,30852,0,5,0
81,3156888026,116,1429150,21715450,40815500,2814750,66774850,66880150,458,40623700,7006050,6813600,0,30852,0,5,0
82,3038824309,117,866950,22038950,43378450,484050,66768400,66874000,94,43195350,7658000,7444000,0,30852,0,5,0
83,1261846460,118,842000,21418400,50029200,11213200,83502800,83601850,2009,49001750,7356650,7161250,0,30852,0,5,0
84,2035201521,119,874650,22617150,40583850,3051650,67127300,67238400,529,40398600,7368450,7167700,0,30852,0,5,0
85,2164446652,120,859800,21462550,40810050,3277500,66409900,66515950,556,40622250,7716450,7477600,0,30852,0,5,0
86,2017191835,121,864400,22106350,40884100,2916800,66771650,66876000,458,40695950,7614050,7410300,0,30852,0,5,0
87,3029138484,122,839000,24219200,40924000,784950,66767150,66876000,39,40724250,7009650,6812500,0,30852,0,5,0
88,50355403,123,864800,21410900,40849700,3647900,66773300,66879000,628,40658100,7009450,6812800,0,30852,0,5,0
89,654213990,124,1392350,21515250,40750500,3109000,66767100,66873700,522,40553050,7715900,7496850,0,30852,0,5,0
90,2360099787,125,863350,23784350,41875650,247550,66770900,66876550,45,41684950,7648550,7456300,0,30852,0,5,0
91,2424818746,126,850750,21335750,41629350,3170450,66986300,67085400,557,41441550,7682500,7465550,0,30852,0,5,0
92,1971386461,127,882500,21337450,40602200,3741650,66563800,66670750,653,40408700,7692450,7487450,0,30852,0,5,0
93,3386045126,128,1472500,21571700,41215700,2514550,66774450,66880350,373,41024650,7706450,7476100,0,30852,0,5,0
94,1429641961,129,878200,22153500,40516300,3220450,66768450,66876200,564,40316150,7257500,6261100,0,30852,0,5,0
95,3022846880,130,852350,21360100,41389950,3162400,66764800,66873500,646,40641350,7019450,6827550,0,30852,0,5,0
96,1601897261,131,921650,21638650,41726200,1217500,65504000,66875600,245,41535100,7674750,7477700,0,30852,0,5,0
97,1229951528,132,848250,22188300,42877150,866000,66779700,66879450,173,42693050,7022750,6813000,0,30852,0,5,0
98,4065171759,133,873600,21420250,49484150,11721300,83499300,83598750,2158,48556250,7489100,7284950,0,30852,0,5,0
99,1034325744,134,863000,21595000,41790150,2520250,66768400,66874450,513,41596900,7478900,7272650,0,30852,0,5,0
100,14078671,135,874850,21398350,40841100,3140200,66254500,66878850,526,40656250,7763500,7533500,0,31172,0,5,0
101,4024270554,136,844950,21996300,41126500,2799350,66767100,66873700,461,40930000,7662150,7458550,0,31172,0,5,0
102,896191351,137,867550,22376650,41281300,2247750,66773250,66877350,351,41088950,7628550,7427200,0,31172,0,5,0
103,2131384102,138,850250,21585000,40745150,3592250,66772650,66880050,620,40551750,7906750,7659450,0,30852,0,5,0
104,2586210593,139,1446650,21408000,40802600,3117400,66774650,66879350,526,40614550,7714450,6915750,0,30852,0,5,0
105,591918370,140,844050,23862700,42062800,16718300,83487850,83594350,3073,41868800,7704900,7496950,0,30852,0,5,0
106,8814317,141,876200,22172950,40503200,3219850,66772200,66878200,563,40307050,7291900,7077200,0,30852,0,5,0
107,2340504196,142,847500,21384100,41418750,3118750,66769100,66874950,637,40675100,7054200,6868750,0,30852,0,5,0
108,3523076009,143,1361750,21613250,41098100,2711100,66784200,66880650,438,40907650,7021100,6817350,0,30852,0,5,0
109,1961669028,144,858150,22239400,41093150,2582100,66772800,66877200,416,40889150,7643750,7428300,0,30852,0,5,0
110,1037581603,145,868000,21434100,41579050,3004300,66885450,66989800,520,41384700,7719550,7520400,0,30852,0,5,0
111,2701024588,146,854350,21392150,41768550,2638600,66653650,66759250,538,41025450,7061750,6862650,0,30852,0,5,0
112,215037203,147,1527600,21474000,43332600,446500,66780700,66878650,86,43143900,7450850,7244450,0,30852,0,5,0
113,3696282862,148,845400,22244850,48211600,12195400,83497250,83597100,2251,48016350,7397200,7197650,0,30852,0,5,0
114,2829142928,149,873400,22424550,41345650,2207600,66851200,66957350,317,41136000,7649650,6863250,0,30852,0,5,0
115,3204762949,150,844300,21433850,41741450,2667950,66687550,66795150,544,41548200,7665850,7456500,0,30852,0,5,0
116,3297489190,151,1451250,21358700,40875700,3100050,66785700,66880600,523,40689900,7700000,6914850,0,30852,0,5,0
117,1691704917,152,838300,22286900,41470050,2175250,66770500,66876400,332,41275350,7668450,7459300,0,30852,0,5,0
118,663957814,153,868800,21552700,41717450,3012250,67151200,67257650,521,41527900,7887250,7668300,0,30852,0,5,0
119,3058583827,154,846150,21376750,40928450,3240350,66391700,66498750,458,40741550,7783850,7552450,0,30852,0,5,0
120,838545270,155,878250,23055100,42188950,645250,66767550,66873800,127,41997200,7698800,7502100,0,30852,0,5,0
121,3608912039,156,845500,22333200,40636500,2964600,66779800,66879150,482,40421700,7308900,7109450,0,30852,0,5,0
122,4080159716,157,870600,21348800,40605750,3940700,66765850,66874750,693,40414100,7744200,7534550,0,30852,0,5,0
123,1056027075,158,1389550,21397500,41375350,2611550,66773950,66879200,419,41182150,8109950,7864400,0,30852,0,5,0
124,4057021248,159,864800,22253650,41052050,2602550,66773050,66877000,423,40855050,7752900,7538000,0,31172,0,5,0
125,2686741161,160,840600,21609300,41589150,2971400,67010450,67119050,512,40647400,7717950,7496900,0,31172,0,5,0
126,3870849660,161,918350,21582350,41923250,1388900,65812850,66635600,280,41724850,7987350,7776000,0,31172,0,5,0
127,293449641,162,1583800,21342850,43219750,628300,66774700,66873350,124,43030150,7379700,7177800,0,30852,0,5,0
128,596064266,163,877150,22329150,48744550,11552450,83503300,83600550,2112,48547650,7506750,7308850,0,30852,0,5,0
129,3715495249,164,850000,22208200,41056600,2717550,66832350,66939950,451,40863850,7362300,6585400,0,30852,0,5,0
130,244680018,165,875750,21552050,40767050,3511200,66706050,66812000,602,40575550,6976600,6775350,0,30852,0,5,0
131,4080661783,166,1468950,21611600,40997850,2694650,66773050,66877950,436,40804250,7864750,7634650,0,30852,0,5,0
132,4006730450,167,869400,22107950,41279000,2515250,66771600,66876150,387,41085700,7863300,7664850,0,30852,0,5,0
133,3864584507,168,849100,21440250,41775150,2709200,66773700,66877750,552,41585200,7676700,7451150,0,30852,0,5,0
134,2711027320,169,872700,21553800,40704400,3172900,66303800,66878550,506,40509000,7695550,7479050,0,30852,0,5,0
135,4099079087,170,845650,23595500,41895050,433400,66769600,66875600,83,41706300,7695550,7489650,0,30852,0,5,0
136,565333772,171,867050,22611250,40663050,2640900,66782250,66880300,434,40473050,7391100,7196600,0,30852,0,5,0
137,1028518269,172,846450,21597950,40821800,3501250,66767450,66874500,597,40627050,7006850,6799700,0,30852,0,5,0
138,2252688136,173,1433050,21551750,40844600,2944750,66774150,66878300,489,40654050,7866800,7655650,0,30852,0,5,0
139,578597309,174,846250,22557750,41190750,2176250,66771000,66875200,332,41002050,7617700,7408350,0,30852,0,5,0
140,3624439358,175,868550,21459350,41631100,3172350,67131350,67235550,555,41439650,7516500,7302800,0,30852,0,5,0
141,3514067501,176,852650,21548600,40842450,3171700,66415400,66521450,506,40647850,7716900,6782700,0,30852,0,5,0
142,2741972910,177,871950,22266100,43136900,493200,66768150,66875950,96,42948450,7542800,7343200,0,30852,0,5,0
143,28497579,178,849100,22093850,48472300,12080750,83496000,83596550,2216,48280400,7469300,7264700,0,30852,0,5,0
144,466729326,179,867000,22304150,40648750,3083750,66903650,67010850,537,40450650,7537250,7329600,0,30852,0,5,0
145,3425349295,180,850650,21763950,43874500,144750,66633850,66740300,24,43684000,8075700,7855750,0,30852,0,5,0
146,1537640620,181,1646700,21207050,41037350,2893700,66784800,66879500,478,40846350,7673050,6869100,0,30852,0,5,0
147,1853842891,182,841400,22256900,40746050,2919150,66763500,66873800,488,40551450,7516100,7317500,0,30852,0,5,0
148,1177024904,183,873600,21717600,41700250,2477900,66769350,66876800,504,41512400,7613750,7415900,0,31172,0,5,0
149,4106734849,184,1345000,21303250,41138000,3002400,66788650,66883650,498,40946000,7778300,7537750,0,31172,0,5,0
150,2025356500,185,879750,24142050,41493900,252750,66768450,66872850,46,41301900,7602300,7397200,0,31172,0,5,0
151,2189605121,186,843500,22500600,40923350,2563450,66830900,66925650,419,40727950,7429100,7229600,0,30852,0,5,0
152,4086136290,187,870550,21372350,40938000,3545300,66726200,66831700,610,40745000,7761500,7532900,0,30852,0,5,0
153,4036669705,188,1466550,21359300,41162900,2785600,66774350,66878400,455,40972350,7764350,7547900,0,30852,0,5,0
154,4167980074,189,868700,22227550,41441400,2230850,66768500,66872750,339,41245400,7786250,7580500,0,30852,0,5,0
155,51187407,190,847850,21442900,41822800,2656500,66770050,66879050,541,41629850,7610750,7389100,0,30852,0,5,0
156,2242638442,191,869900,21344300,40886650,3213000,66313850,66875700,540,40685150,7753900,7544250,0,30852,0,5,0
157,2730108163,192,846300,22115750,43669350,141150,66772550,66876600,23,43476250,7262050,7052050,0,30852,0,5,0
158,2718743917,193,876550,22442200,48811650,11371500,83501900,83599650,2073,48613100,7359650,7157100,0,30852,0,5,0
159,3391709842,194,866750,21402100,41720900,3046900,67036650,67142300,527,41524950,7445350,7226350,0,30852,0,5,0
160,1164604273,195,872050,21537800,41726150,2365150,66501150,66607250,482,41547100,7786450,7588100,0,30852,0,5,0
161,2148591176,196,1503500,21427300,41298100,2557600,66786500,66882150,408,41109750,7804650,7576750,0,30852,0,5,0
162,4192737573,197,866150,22234900,41143800,2528100,66772950,66875550,411,40944850,7656050,7457650,0,30852,0,5,0
163,535584840,198,857050,21609050,41952700,2352800,66771600,66877150,479,41760100,7595250,7382800,0,30852,0,5,0
164,3430794475,199,1530750,21377150,40845200,3027450,66780550,66875450,505,40650700,7773700,7556150,0,30852,0,5,0
165,776323552,200,849750,23715550,41471000,736100,66772400,66875500,146,41281050,7665700,7459200,0,30852,0,5,0
166,3330991427,201,870450,21297600,41664800,3071000,66903850,66997100,534,41475600,7494800,7296800,0,30852,0,5,0
167,3282074430,202,854500,21554450,40907250,3336350,66652550,66758700,560,40713550,7869050,7642750,0,30852,0,5,0
168,2597814595,203,1513500,21322200,40861700,3074450,66771850,66875800,518,40674650,7683950,7476400,0,30852,0,5,0
169,2225601370,204,852100,22214450,41650250,2057800,66774600,66879150,308,41456450,7655100,7446250,0,30852,0,5,0
170,3716853465,205,865900,21576900,41551700,2778000,66772500,66875300,567,41363400,7729550,7523600,0,30852,0,5,0
171,1080675697,206,1491950,21089450,40197950,4004100,66783450,66879350,710,40003900,7529650,7327250,0,30212,0,5,0
172,219920238,207,865750,21630100,42325100,1951650,66772600,66877500,283,42134250,8092650,7874200,0,30212,0,5,0
173,3070385651,208,840650,21298400,48924350,12431300,83494700,83598500,2273,48729900,7534400,7333550,0,30212,0,5,0
174,2609556270,209,877850,21162950,40338650,4715050,67094500,67201250,771,40140550,7649700,7425400,0,30212,0,5,0
175,141401383,210,841100,21130000,40989450,3485500,66446050,66550350,599,40796000,7639150,7403100,0,30212,0,5,0
176,3034105280,211,860600,21856000,39710850,4345500,66772950,66877050,770,39522050,7179400,6970350,0,30212,0,5,0
177,3029196371,212,840750,21167750,41259500,3500700,66768700,66879450,623,40329750,7639150,7440850,0,30212,0,5,0
178,699378668,213,862750,21115050,40744450,4045100,66767350,66874750,714,40554750,7990450,7761700,0,30212,0,5,0
179,2402609405,214,1404300,21304550,40425950,3639950,66774750,66878700,635,40228700,7541350,7321250,0,30212,0,5,0
CSV_END

NV_DONE_746a902d3772=0
# 
CAPTURE: {"label": "fresh-product-s0-full", "elapsed_seconds": 25.967029265000747, "bytes_received": 21612, "command": "/tmp/fifo-bench --frames 180 --warmup 30 --wait spin --state-frame 0 --csv /tmp/fresh-product.csv --dump /tmp/fresh-product.rgb565; fifo_rc=$?; if [ \"$fifo_rc\" = 0 ]; then printf \"\\nCSV_BEGIN\\n\"; cat /tmp/fresh-product.csv; printf \"CSV_END\\n\"; fi; test \"$fifo_rc\" = 0", "command_exit": 0, "login_sent": false, "log": "/path/to/research/experiments/fifo-study-20261008/20261008T130846Z-fresh-product-s0-full.raw"}
