/tmp/app-lto --transport unrolled --state-frame 0 --frames 180 --warmup 30 --wait spin --profile frame --csv /tmp/transport-frames.csv --retained && printf "CSV_BEGIN\n" && cat /tmp/transport-frames.csv && printf "CSV_END\n"; study_status=$?; printf "\nSTUDY_DONE_bc14660b1105=%s\n" "$study_status"
TRANSPORT mode=unrolled dma_minimum=64
BEGIN_BREAKOUT frames=180 warmup=30 fixed=0 blocks=40 tiles=1 hud=1 wait=spin replay=0 state_frame=0 profile=frame pixel_centers=1 clock_call_ns=4744
HW_COUNTERS unavailable
RESULT frames=180 elapsed_s=3.076321050 fps=58.511448 logic_ms=0.000000 api_ms=0.000000 swap_ms=0.000000 wait_ms=0.000000 worker_inclusive_ms=0.000000 upload_inclusive_ms=0.000000 write_ms=0.000000 bytes_per_frame=3578.67 p50_ms=16.719150 p95_ms=17.063100 max_ms=33.441550 late_60hz=161 first_count=34569 last_count=34748 state_hash=8f34e8fd remaining=38 score=20
RENDER_PATH retained=1 grouped=0 quads=645 full_frames=0
BREAKOUT_PASS
CSV_BEGIN
frame,state_hash,display_count,logic_ns,api_ns,swap_ns,wait_ns,total_ns,completion_interval_ns,polls,worker_inclusive_ns,upload_inclusive_ns,write_ns,read_ns,write_bytes,read_bytes,write_calls,read_calls,dma_copy_ns,dma_launch_ns,dma_completion_wait_ns,dma_bytes,dma_lists
0,3724779174,34569,0,0,0,0,16933250,16945000,1202,0,0,0,0,4572,0,5,0,0,0,0,0,0
1,1709657109,34570,0,0,0,0,16355850,16466450,1092,0,0,0,0,4252,0,5,0,0,0,0,0,0
2,1894904752,34571,0,0,0,0,16604350,16720100,1643,0,0,0,0,3612,0,5,0,0,0,0,0,0
3,3703759967,34572,0,0,0,0,16607150,16717900,1437,0,0,0,0,3612,0,5,0,0,0,0,0,0
4,19533624,34573,0,0,0,0,16613400,16720000,1364,0,0,0,0,3612,0,5,0,0,0,0,0,0
5,816884773,34574,0,0,0,0,16608650,16720550,1745,0,0,0,0,2972,0,5,0,0,0,0,0,0
6,1339236364,34575,0,0,0,0,16607000,16718850,1404,0,0,0,0,3612,0,5,0,0,0,0,0,0
7,3072959373,34576,0,0,0,0,16607500,16720600,1505,0,0,0,0,3612,0,5,0,0,0,0,0,0
8,1782884746,34577,0,0,0,0,16603650,16715750,1830,0,0,0,0,2972,0,5,0,0,0,0,0,0
9,30296781,34578,0,0,0,0,16621400,16722550,966,0,0,0,0,4252,0,5,0,0,0,0,0,0
10,4026418858,34579,0,0,0,0,16599600,16717250,1301,0,0,0,0,4252,0,5,0,0,0,0,0,0
11,2084929051,34580,0,0,0,0,16949450,17063100,1577,0,0,0,0,3612,0,5,0,0,0,0,0,0
12,3114489770,34581,0,0,0,0,16263550,16375150,1497,0,0,0,0,3932,0,5,0,0,0,0,0,0
13,891400471,34582,0,0,0,0,16618200,16720200,1573,0,0,0,0,3932,0,5,0,0,0,0,0,0
14,3472773456,34583,0,0,0,0,15828450,16719750,1575,0,0,0,0,2972,0,5,0,0,0,0,0,0
15,3010688243,34584,0,0,0,0,16613500,16720050,1162,0,0,0,0,3612,0,5,0,0,0,0,0,0
16,2819524756,34585,0,0,0,0,16610550,16716300,1442,0,0,0,0,3612,0,5,0,0,0,0,0,0
17,3241678401,34586,0,0,0,0,16645250,16754150,1692,0,0,0,0,2972,0,5,0,0,0,0,0,0
18,2154316504,34587,0,0,0,0,16574850,16689050,1544,0,0,0,0,3612,0,5,0,0,0,0,0,0
19,772262681,34588,0,0,0,0,16606100,16720150,1423,0,0,0,0,3612,0,5,0,0,0,0,0,0
20,3882818750,34589,0,0,0,0,16609000,16714850,1796,0,0,0,0,2972,0,5,0,0,0,0,0,0
21,521131153,34590,0,0,0,0,16616000,16718800,1400,0,0,0,0,3612,0,5,0,0,0,0,0,0
22,1838187414,34591,0,0,0,0,16605150,16719500,1458,0,0,0,0,3612,0,5,0,0,0,0,0,0
23,840574439,34592,0,0,0,0,16194100,16719100,1689,0,0,0,0,2972,0,5,0,0,0,0,0,0
24,2879461878,34593,0,0,0,0,16610350,16723250,1585,0,0,0,0,3612,0,5,0,0,0,0,0,0
25,202086035,34594,0,0,0,0,16608000,16718350,1454,0,0,0,0,3612,0,5,0,0,0,0,0,0
26,959703924,34595,0,0,0,0,16611250,16720000,1805,0,0,0,0,2972,0,5,0,0,0,0,0,0
27,3795724423,34596,0,0,0,0,16610350,16715050,1424,0,0,0,0,3612,0,5,0,0,0,0,0,0
28,2500539904,34597,0,0,0,0,16733400,16843850,1416,0,0,0,0,3612,0,5,0,0,0,0,0,0
29,2269000541,34598,0,0,0,0,16486550,16597550,1748,0,0,0,0,2972,0,5,0,0,0,0,0,0
30,1900681108,34599,0,0,0,0,16603700,16720950,1598,0,0,0,0,3612,0,5,0,0,0,0,0,0
31,3680168245,34600,0,0,0,0,16611450,16717200,1408,0,0,0,0,3612,0,5,0,0,0,0,0,0
32,2344329490,34601,0,0,0,0,16613200,16720600,1522,0,0,0,0,2972,0,5,0,0,0,0,0,0
33,2130650181,34602,0,0,0,0,16604200,16717100,1415,0,0,0,0,4252,0,5,0,0,0,0,0,0
34,906966818,34603,0,0,0,0,16608350,16721050,1440,0,0,0,0,4252,0,5,0,0,0,0,0,0
35,3939376531,34604,0,0,0,0,16602250,16715550,1659,0,0,0,0,3612,0,5,0,0,0,0,0,0
36,2110688546,34605,0,0,0,0,16611900,16723500,1480,0,0,0,0,3932,0,5,0,0,0,0,0,0
37,2695523007,34606,0,0,0,0,15845650,16715450,1248,0,0,0,0,3932,0,5,0,0,0,0,0,0
38,744447992,34607,0,0,0,0,16609250,16719350,1707,0,0,0,0,2972,0,5,0,0,0,0,0,0
39,3728640411,34608,0,0,0,0,16810850,16921050,1472,0,0,0,0,3612,0,5,0,0,0,0,0,0
40,618879740,34609,0,0,0,0,16413900,16522750,1508,0,0,0,0,3612,0,5,0,0,0,0,0,0
41,1239708057,34610,0,0,0,0,16607450,16717200,1789,0,0,0,0,2972,0,5,0,0,0,0,0,0
42,2429742208,34611,0,0,0,0,16605050,16719150,1501,0,0,0,0,3612,0,5,0,0,0,0,0,0
43,412095716,34612,0,0,0,0,16599700,16716050,1438,0,0,0,0,3612,0,5,0,0,0,0,0,0
44,1226741467,34613,0,0,0,0,16614250,16723000,1678,0,0,0,0,2972,0,5,0,0,0,0,0,0
45,3288446148,34614,0,0,0,0,16772100,16886450,1124,0,0,0,0,3612,0,5,0,0,0,0,0,0
46,1157984843,34615,0,0,0,0,16424450,16549350,1569,0,0,0,0,3612,0,5,0,0,0,0,0,0
47,3877288378,34616,0,0,0,0,16602800,16718250,1820,0,0,0,0,2972,0,5,0,0,0,0,0,0
48,4236526315,34617,0,0,0,0,16608950,16718950,1419,0,0,0,0,3612,0,5,0,0,0,0,0,0
49,533834014,34618,0,0,0,0,16614250,16721250,1458,0,0,0,0,3612,0,5,0,0,0,0,0,0
50,1649361089,34619,0,0,0,0,16900800,17012300,1780,0,0,0,0,2972,0,5,0,0,0,0,0,0
51,2486981906,34620,0,0,0,0,16315200,16426900,1470,0,0,0,0,3612,0,5,0,0,0,0,0,0
52,1706075277,34621,0,0,0,0,16612800,16718500,1620,0,0,0,0,3612,0,5,0,0,0,0,0,0
53,267972368,34622,0,0,0,0,16612400,16721150,1784,0,0,0,0,2972,0,5,0,0,0,0,0,0
54,3895401273,34623,0,0,0,0,16610400,16716000,1410,0,0,0,0,3612,0,5,0,0,0,0,0,0
55,605985656,34624,0,0,0,0,16610900,16719850,1479,0,0,0,0,3612,0,5,0,0,0,0,0,0
56,4077673024,34625,0,0,0,0,33334100,33441550,1770,0,0,0,0,6632,0,5,0,0,0,0,0,0
57,985632231,34626,0,0,0,0,33309200,33434750,2863,0,0,0,0,7312,0,5,0,0,0,0,0,0
58,3720590956,34627,0,0,0,0,16604750,16719800,1399,0,0,0,0,3652,0,5,0,0,0,0,0,0
59,3264032585,34628,0,0,0,0,16991450,17107350,1740,0,0,0,0,2972,0,5,0,0,0,0,0,0
60,395405688,34629,0,0,0,0,16221950,16332350,1497,0,0,0,0,3612,0,5,0,0,0,0,0,0
61,32142420,34630,0,0,0,0,15829000,16717700,1175,0,0,0,0,3612,0,5,0,0,0,0,0,0
62,1187067055,34631,0,0,0,0,16610450,16722000,1771,0,0,0,0,2972,0,5,0,0,0,0,0,0
63,459140908,34632,0,0,0,0,16616600,16720200,1419,0,0,0,0,3612,0,5,0,0,0,0,0,0
64,3369786495,34633,0,0,0,0,16608800,16718750,1445,0,0,0,0,3612,0,5,0,0,0,0,0,0
65,1572434254,34634,0,0,0,0,16666800,16777600,1713,0,0,0,0,2972,0,5,0,0,0,0,0,0
66,4107798823,34635,0,0,0,0,16548200,16659750,1560,0,0,0,0,3612,0,5,0,0,0,0,0,0
67,343968250,34636,0,0,0,0,16610300,16720650,1440,0,0,0,0,3612,0,5,0,0,0,0,0,0
68,3102454017,34637,0,0,0,0,16610850,16719600,1811,0,0,0,0,2972,0,5,0,0,0,0,0,0
69,3051095563,34638,0,0,0,0,16613250,16716150,1433,0,0,0,0,3612,0,5,0,0,0,0,0,0
70,2391331016,34639,0,0,0,0,16608150,16719250,1494,0,0,0,0,3612,0,5,0,0,0,0,0,0
71,3869016117,34640,0,0,0,0,16054350,16721400,1689,0,0,0,0,2972,0,5,0,0,0,0,0,0
72,1579800804,34641,0,0,0,0,16607500,16718550,1575,0,0,0,0,3612,0,5,0,0,0,0,0,0
73,2792341157,34642,0,0,0,0,16613850,16721100,1496,0,0,0,0,3612,0,5,0,0,0,0,0,0
74,714702942,34643,0,0,0,0,16611100,16717600,1333,0,0,0,0,2972,0,5,0,0,0,0,0,0
75,1092538936,34644,0,0,0,0,16609500,16720650,1454,0,0,0,0,3612,0,5,0,0,0,0,0,0
76,1561271239,34645,0,0,0,0,16762750,16872750,1424,0,0,0,0,4252,0,5,0,0,0,0,0,0
77,3798074098,34646,0,0,0,0,16450700,16562350,1630,0,0,0,0,3612,0,5,0,0,0,0,0,0
78,3022639071,34647,0,0,0,0,16611150,16722700,1539,0,0,0,0,4252,0,5,0,0,0,0,0,0
79,2282770062,34648,0,0,0,0,16614500,16718900,1312,0,0,0,0,3932,0,5,0,0,0,0,0,0
80,1626512457,34649,0,0,0,0,16606150,16719500,1633,0,0,0,0,3292,0,5,0,0,0,0,0,0
81,3156888026,34650,0,0,0,0,16605750,16719150,1430,0,0,0,0,3612,0,5,0,0,0,0,0,0
82,3038824309,34651,0,0,0,0,16607550,16720250,1445,0,0,0,0,3612,0,5,0,0,0,0,0,0
83,1261846460,34652,0,0,0,0,16605250,16718300,1776,0,0,0,0,2972,0,5,0,0,0,0,0,0
84,2035201521,34653,0,0,0,0,15828200,16718150,1164,0,0,0,0,3612,0,5,0,0,0,0,0,0
85,2164446652,34654,0,0,0,0,16610950,16718650,1385,0,0,0,0,3612,0,5,0,0,0,0,0,0
86,2017191835,34655,0,0,0,0,16609300,16719600,1694,0,0,0,0,2972,0,5,0,0,0,0,0,0
87,3029138484,34656,0,0,0,0,16846850,16964400,1404,0,0,0,0,3612,0,5,0,0,0,0,0,0
88,50355403,34657,0,0,0,0,16366550,16478000,1526,0,0,0,0,3612,0,5,0,0,0,0,0,0
89,654213990,34658,0,0,0,0,16614200,16715750,1771,0,0,0,0,2972,0,5,0,0,0,0,0,0
90,2360099787,34659,0,0,0,0,16609150,16719900,1439,0,0,0,0,3612,0,5,0,0,0,0,0,0
91,2424818746,34660,0,0,0,0,16609450,16718850,1381,0,0,0,0,3612,0,5,0,0,0,0,0,0
92,1971386461,34661,0,0,0,0,16606500,16718050,1655,0,0,0,0,2972,0,5,0,0,0,0,0,0
93,3386045126,34662,0,0,0,0,16608400,16722200,1416,0,0,0,0,3612,0,5,0,0,0,0,0,0
94,1429641961,34663,0,0,0,0,16606600,16719150,1574,0,0,0,0,3612,0,5,0,0,0,0,0,0
95,3022846880,34664,0,0,0,0,16608650,16720300,1764,0,0,0,0,2972,0,5,0,0,0,0,0,0
96,1601897261,34665,0,0,0,0,16604550,16717450,1393,0,0,0,0,3612,0,5,0,0,0,0,0,0
97,1229951528,34666,0,0,0,0,16608050,16716750,1398,0,0,0,0,3612,0,5,0,0,0,0,0,0
98,4065171759,34667,0,0,0,0,17075650,17187000,1772,0,0,0,0,2972,0,5,0,0,0,0,0,0
99,1034325744,34668,0,0,0,0,16141950,16254600,1454,0,0,0,0,3612,0,5,0,0,0,0,0,0
100,14078671,34669,0,0,0,0,16609600,16720050,1583,0,0,0,0,4252,0,5,0,0,0,0,0,0
101,4024270554,34670,0,0,0,0,16609150,16717800,1772,0,0,0,0,3612,0,5,0,0,0,0,0,0
102,896191351,34671,0,0,0,0,16614900,16718350,1279,0,0,0,0,4252,0,5,0,0,0,0,0,0
103,2131384102,34672,0,0,0,0,16607400,16719350,1360,0,0,0,0,3932,0,5,0,0,0,0,0,0
104,2586210593,34673,0,0,0,0,17145050,17255000,1595,0,0,0,0,3292,0,5,0,0,0,0,0,0
105,591918370,34674,0,0,0,0,16070750,16185650,964,0,0,0,0,3612,0,5,0,0,0,0,0,0
106,8814317,34675,0,0,0,0,16606600,16717350,1496,0,0,0,0,3612,0,5,0,0,0,0,0,0
107,2340504196,34676,0,0,0,0,15839950,16717900,1501,0,0,0,0,2972,0,5,0,0,0,0,0,0
108,3523076009,34677,0,0,0,0,16608650,16719200,1370,0,0,0,0,3612,0,5,0,0,0,0,0,0
109,1961669028,34678,0,0,0,0,16614450,16721700,1424,0,0,0,0,3612,0,5,0,0,0,0,0,0
110,1037581603,34679,0,0,0,0,16206900,16719050,1740,0,0,0,0,2972,0,5,0,0,0,0,0,0
111,2701024588,34680,0,0,0,0,16607000,16720450,1580,0,0,0,0,3612,0,5,0,0,0,0,0,0
112,215037203,34681,0,0,0,0,16608900,16720850,1460,0,0,0,0,3612,0,5,0,0,0,0,0,0
113,3696282862,34682,0,0,0,0,16609300,16716750,1833,0,0,0,0,2972,0,5,0,0,0,0,0,0
114,2829142928,34683,0,0,0,0,16612950,16716600,1398,0,0,0,0,3612,0,5,0,0,0,0,0,0
115,3204762949,34684,0,0,0,0,16710550,16825150,1388,0,0,0,0,3612,0,5,0,0,0,0,0,0
116,3297489190,34685,0,0,0,0,16508250,16616950,645,0,0,0,0,2972,0,5,0,0,0,0,0,0
117,1691704917,34686,0,0,0,0,16593250,16719650,1228,0,0,0,0,3612,0,5,0,0,0,0,0,0
118,663957814,34687,0,0,0,0,16599400,16717550,1422,0,0,0,0,3612,0,5,0,0,0,0,0,0
119,3058583827,34688,0,0,0,0,16601650,16717950,1771,0,0,0,0,2972,0,5,0,0,0,0,0,0
120,838545270,34689,0,0,0,0,16610400,16719250,1422,0,0,0,0,3612,0,5,0,0,0,0,0,0
121,3608912039,34690,0,0,0,0,16157000,16720150,1454,0,0,0,0,3612,0,5,0,0,0,0,0,0
122,4080159716,34691,0,0,0,0,16612300,16723100,1825,0,0,0,0,2972,0,5,0,0,0,0,0,0
123,1056027075,34692,0,0,0,0,16604500,16719250,1414,0,0,0,0,3612,0,5,0,0,0,0,0,0
124,4057021248,34693,0,0,0,0,16606300,16717150,1311,0,0,0,0,4252,0,5,0,0,0,0,0,0
125,2686741161,34694,0,0,0,0,16611700,16719300,1559,0,0,0,0,3612,0,5,0,0,0,0,0,0
126,3870849660,34695,0,0,0,0,16933200,17046200,1396,0,0,0,0,4252,0,5,0,0,0,0,0,0
127,293449641,34696,0,0,0,0,16276500,16393450,1506,0,0,0,0,3932,0,5,0,0,0,0,0,0
128,596064266,34697,0,0,0,0,16608350,16718600,1756,0,0,0,0,3292,0,5,0,0,0,0,0,0
129,3715495249,34698,0,0,0,0,16607550,16716500,1313,0,0,0,0,3612,0,5,0,0,0,0,0,0
130,244680018,34699,0,0,0,0,15833100,16721600,1192,0,0,0,0,3612,0,5,0,0,0,0,0,0
131,4080661783,34700,0,0,0,0,16610650,16719800,1757,0,0,0,0,2972,0,5,0,0,0,0,0,0
132,4006730450,34701,0,0,0,0,16608550,16718000,1447,0,0,0,0,3612,0,5,0,0,0,0,0,0
133,3864584507,34702,0,0,0,0,16610200,16719300,1574,0,0,0,0,3612,0,5,0,0,0,0,0,0
134,2711027320,34703,0,0,0,0,16609450,16720450,1803,0,0,0,0,2972,0,5,0,0,0,0,0,0
135,4099079087,34704,0,0,0,0,16601100,16715800,1031,0,0,0,0,3612,0,5,0,0,0,0,0,0
136,565333772,34705,0,0,0,0,16598000,16722500,1370,0,0,0,0,3612,0,5,0,0,0,0,0,0
137,1028518269,34706,0,0,0,0,16876200,16984900,1743,0,0,0,0,2972,0,5,0,0,0,0,0,0
138,2252688136,34707,0,0,0,0,16342200,16453650,1523,0,0,0,0,3612,0,5,0,0,0,0,0,0
139,578597309,34708,0,0,0,0,16617300,16721300,1607,0,0,0,0,3612,0,5,0,0,0,0,0,0
140,3624439358,34709,0,0,0,0,16606250,16715500,1773,0,0,0,0,2972,0,5,0,0,0,0,0,0
141,3514067501,34710,0,0,0,0,16613500,16718050,1371,0,0,0,0,3612,0,5,0,0,0,0,0,0
142,2741972910,34711,0,0,0,0,16612200,16722450,1344,0,0,0,0,3612,0,5,0,0,0,0,0,0
143,28497579,34712,0,0,0,0,16602850,16718550,1712,0,0,0,0,2972,0,5,0,0,0,0,0,0
144,466729326,34713,0,0,0,0,16608450,16718900,1576,0,0,0,0,3612,0,5,0,0,0,0,0,0
145,3425349295,34714,0,0,0,0,16610000,16721400,1396,0,0,0,0,3612,0,5,0,0,0,0,0,0
146,1537640620,34715,0,0,0,0,16607750,16717300,1823,0,0,0,0,2972,0,5,0,0,0,0,0,0
147,1853842891,34716,0,0,0,0,16611350,16718850,1400,0,0,0,0,3612,0,5,0,0,0,0,0,0
148,1177024904,34717,0,0,0,0,17009700,17117300,1397,0,0,0,0,4252,0,5,0,0,0,0,0,0
149,4106734849,34718,0,0,0,0,16214450,16322400,1612,0,0,0,0,3612,0,5,0,0,0,0,0,0
150,2025356500,34719,0,0,0,0,16604600,16719150,1583,0,0,0,0,4252,0,5,0,0,0,0,0,0
151,2189605121,34720,0,0,0,0,16604400,16716350,1426,0,0,0,0,3932,0,5,0,0,0,0,0,0
152,4086136290,34721,0,0,0,0,16611100,16721050,1722,0,0,0,0,3292,0,5,0,0,0,0,0,0
153,4036669705,34722,0,0,0,0,16610500,16717350,1486,0,0,0,0,3612,0,5,0,0,0,0,0,0
154,4167980074,34723,0,0,0,0,15395700,16912950,1080,0,0,0,0,3612,0,5,0,0,0,0,0,0
155,51187407,34724,0,0,0,0,16415850,16526400,1763,0,0,0,0,2972,0,5,0,0,0,0,0,0
156,2242638442,34725,0,0,0,0,16623750,16723250,1597,0,0,0,0,3612,0,5,0,0,0,0,0,0
157,2730108163,34726,0,0,0,0,16614750,16718450,1425,0,0,0,0,3612,0,5,0,0,0,0,0,0
158,2718743917,34727,0,0,0,0,16604200,16716000,1690,0,0,0,0,2972,0,5,0,0,0,0,0,0
159,3391709842,34728,0,0,0,0,16607850,16722600,1478,0,0,0,0,3612,0,5,0,0,0,0,0,0
160,1164604273,34729,0,0,0,0,16201700,16718000,1461,0,0,0,0,3612,0,5,0,0,0,0,0,0
161,2148591176,34730,0,0,0,0,16611900,16719800,1785,0,0,0,0,2972,0,5,0,0,0,0,0,0
162,4192737573,34731,0,0,0,0,16607100,16720800,1496,0,0,0,0,3612,0,5,0,0,0,0,0,0
163,535584840,34732,0,0,0,0,16604850,16717100,1420,0,0,0,0,3612,0,5,0,0,0,0,0,0
164,3430794475,34733,0,0,0,0,16608300,16718800,1695,0,0,0,0,2972,0,5,0,0,0,0,0,0
165,776323552,34734,0,0,0,0,16743200,16853900,1446,0,0,0,0,3612,0,5,0,0,0,0,0,0
166,3330991427,34735,0,0,0,0,16475000,16585550,1049,0,0,0,0,3612,0,5,0,0,0,0,0,0
167,3282074430,34736,0,0,0,0,16598550,16718050,1757,0,0,0,0,2972,0,5,0,0,0,0,0,0
168,2597814595,34737,0,0,0,0,16605100,16720150,1473,0,0,0,0,3612,0,5,0,0,0,0,0,0
169,2225601370,34738,0,0,0,0,16607500,16718200,1427,0,0,0,0,3612,0,5,0,0,0,0,0,0
170,3716853465,34739,0,0,0,0,16605450,16718850,1729,0,0,0,0,2972,0,5,0,0,0,0,0,0
171,1080675697,34740,0,0,0,0,33324900,33441250,2894,0,0,0,0,7272,0,5,0,0,0,0,0,0
172,219920238,34741,0,0,0,0,33323900,33437800,2882,0,0,0,0,7312,0,5,0,0,0,0,0,0
173,3070385651,34742,0,0,0,0,16601050,16717100,1700,0,0,0,0,3012,0,5,0,0,0,0,0,0
174,2609556270,34743,0,0,0,0,16858500,16975350,1448,0,0,0,0,3612,0,5,0,0,0,0,0,0
175,141401383,34744,0,0,0,0,17621500,17734600,847,0,0,0,0,3612,0,5,0,0,0,0,0,0
176,3034105280,34745,0,0,0,0,15325150,15450150,1078,0,0,0,0,2972,0,5,0,0,0,0,0,0
177,3029196371,34746,0,0,0,0,16607450,16719800,1316,0,0,0,0,3612,0,5,0,0,0,0,0,0
178,699378668,34747,0,0,0,0,16607050,16717750,1432,0,0,0,0,3612,0,5,0,0,0,0,0,0
179,2402609405,34748,0,0,0,0,16609900,16718700,1761,0,0,0,0,2972,0,5,0,0,0,0,0,0
CSV_END

STUDY_DONE_bc14660b1105=0
# 