/tmp/app --transport apb --state-frame 0 --frames 180 --warmup 30 --wait spin --profile detailed --csv /tmp/transport-frames.csv --grouped && printf "CSV_BEGIN\n" && cat /tmp/transport-frames.csv && printf "CSV_END\n"; study_status=$?; printf "\nSTUDY_DONE_cde373943fdb=%s\n" "$study_status"
TRANSPORT mode=apb dma_minimum=64
BEGIN_BREAKOUT frames=180 warmup=30 fixed=0 blocks=40 tiles=1 hud=1 wait=spin replay=0 state_frame=0 profile=detailed pixel_centers=1 clock_call_ns=5461
HW_COUNTERS unavailable
RESULT frames=180 elapsed_s=12.037842650 fps=14.952845 logic_ms=0.996519 api_ms=14.976359 swap_ms=36.343621 wait_ms=14.411459 worker_inclusive_ms=36.095839 upload_inclusive_ms=8.130507 write_ms=7.855086 bytes_per_frame=30951.56 p50_ms=66.877350 p95_ms=67.188950 max_ms=68.477100 late_60hz=180 first_count=10141 last_count=10320 state_hash=8f34e8fd remaining=38 score=20
RENDER_PATH retained=0 grouped=1 quads=13131 full_frames=180
BREAKOUT_PASS
CSV_BEGIN
frame,state_hash,display_count,logic_ns,api_ns,swap_ns,wait_ns,total_ns,completion_interval_ns,polls,worker_inclusive_ns,upload_inclusive_ns,write_ns,read_ns,write_bytes,read_bytes,write_calls,read_calls,dma_copy_ns,dma_launch_ns,dma_completion_wait_ns,dma_bytes,dma_lists
0,3724779174,10141,723900,14908350,38382850,12810750,66825850,66833550,2501,37598550,8277150,8029650,0,31172,0,5,0,0,0,0,0,0
1,1709657109,10142,871850,15088350,35982900,14919750,66862850,66975000,2857,35804050,7884350,7661650,0,31172,0,5,0,0,0,0,0,0
2,1894904752,10143,856900,14242300,35974850,15590350,66664400,66776750,2982,35805950,8228300,7991500,0,31172,0,5,0,0,0,0,0,0
3,3703759967,10144,1716450,14401600,35846400,14803700,66768150,66880500,2784,35670050,8102300,7872200,0,31172,0,5,0,0,0,0,0,0
4,19533624,10145,839400,15000850,43487450,7437300,66765000,66876050,1411,43309700,8150200,7926350,0,31172,0,5,0,0,0,0,0,0
5,816884773,10146,822350,15085200,36077850,14779200,66764600,66874800,2914,35902550,8077800,7865850,0,31172,0,5,0,0,0,0,0,0
6,1339236364,10147,1315750,14739600,35779150,14935200,66769700,66880700,2808,34921050,8175300,7927550,0,31172,0,5,0,0,0,0,0,0
7,3072959373,10148,810350,14893950,35990800,15071050,66766150,66880300,2539,35819200,8200300,7178950,0,31172,0,5,0,0,0,0,0,0
8,1782884746,10149,863400,15074550,35906200,14901350,66745500,66870900,2853,35731550,7831900,7611650,0,31172,0,5,0,0,0,0,0,0
9,30296781,10150,811350,14270250,36992750,14694900,66769250,66878200,2903,36270150,8193700,7939450,0,31492,0,5,0,0,0,0,0,0
10,4026418858,10151,1465950,14411600,35820600,15066350,66764500,66877450,2835,35647600,8103850,7862900,0,31492,0,5,0,0,0,0,0,0
11,2084929051,10152,803850,14950750,36074100,14938100,66766800,66878800,2847,35898450,7902250,7666800,0,31492,0,5,0,0,0,0,0,0
12,3114489770,10153,838250,15016450,36416000,14493600,66764300,66874500,2849,36241800,8050800,7836850,0,31172,0,5,0,0,0,0,0,0
13,891400471,10154,815900,14446800,35811550,15270750,66345000,66877850,2883,35639850,8148050,7897550,0,31172,0,5,0,0,0,0,0,0
14,3472773456,10155,1685300,14342950,35824100,14175500,66027850,66877700,2671,35643250,8205150,7953450,0,31172,0,5,0,0,0,0,0,0
15,3010688243,10156,809800,15050500,38195500,12709800,66765600,66878400,2357,38008800,8158150,7899300,0,31172,0,5,0,0,0,0,0,0
16,2819524756,10157,834550,14337350,35918050,15676150,66766100,66877750,2999,35748450,8161800,7919650,0,31172,0,5,0,0,0,0,0,0
17,3241678401,10158,1392200,14403300,35754350,15213400,66763250,66874200,2871,35587900,8058050,7827300,0,31172,0,5,0,0,0,0,0,0
18,2154316504,10159,843350,14895200,36504650,14524050,66767250,66880150,2757,36320650,8064800,7832650,0,31172,0,5,0,0,0,0,0,0
19,772262681,10160,813900,15061200,36094750,16396600,68366450,68477100,2014,35915700,8054300,7832450,0,31172,0,5,0,0,0,0,0,0
20,3882818750,10161,905800,16176900,35887950,12177050,65147700,65273100,2305,35700400,8100500,7865000,0,31172,0,5,0,0,0,0,0,0
21,521131153,10162,806550,14874200,36346450,14743750,66770950,66880950,2797,36155700,8506500,8271350,0,31172,0,5,0,0,0,0,0,0
22,1838187414,10163,838250,15068950,35796550,15057200,66760950,66873100,2887,35624500,7776750,7568650,0,31172,0,5,0,0,0,0,0,0
23,840574439,10164,817900,14267350,37862700,13819400,66767350,66879750,2700,37690350,7765400,7530800,0,31172,0,5,0,0,0,0,0,0
24,2879461878,10165,1386850,14407300,35750200,15218850,66763200,66875500,2778,35582000,8073550,7848150,0,31172,0,5,0,0,0,0,0,0
25,202086035,10166,819300,14905050,36052750,14987850,66764950,66878850,2858,35875850,8013800,7793500,0,31172,0,5,0,0,0,0,0,0
26,959703924,10167,845600,15049800,36093600,14947000,66936000,67046750,2866,35911650,8095650,7873550,0,31172,0,5,0,0,0,0,0,0
27,3795724423,10168,815450,14446800,35873900,15460250,66596400,66707950,2840,35701950,8170600,7924050,0,31172,0,5,0,0,0,0,0,0
28,2500539904,10169,1520550,14186500,35968050,15086500,66761600,66874000,2877,35792250,8239400,8001550,0,31172,0,5,0,0,0,0,0,0
29,2269000541,10170,812200,15035150,35888300,16023950,67759600,67870850,2781,35716150,7779700,7562150,0,31172,0,5,0,0,0,0,0,0
30,1900681108,10171,871950,15115750,35821850,13949200,65758750,65886450,2347,35641100,7757800,7548150,0,31172,0,5,0,0,0,0,0,0
31,3680168245,10172,1702300,15130600,35076450,14839000,66748350,66877650,2787,34891650,8087400,7842400,0,31172,0,5,0,0,0,0,0,0
32,2344329490,10173,845650,14849150,35919500,15151500,66765800,66877250,2897,35749100,8014350,7795950,0,31172,0,5,0,0,0,0,0,0
33,2130650181,10174,809500,15047450,36032750,14906000,66795700,66906900,2860,35851200,7878050,7655050,0,31492,0,5,0,0,0,0,0,0
34,906966818,10175,849100,15409700,35153750,15321750,66734300,66844600,2887,34985400,8191500,7938650,0,31492,0,5,0,0,0,0,0,0
35,3939376531,10176,1472350,18934800,39107100,7249000,66763250,66877600,1355,38922150,8232450,7984600,0,31492,0,5,0,0,0,0,0,0
36,2110688546,10177,847050,14961300,35902300,15054550,66765200,66878700,2877,35731100,7839250,7601750,0,31172,0,5,0,0,0,0,0,0
37,2695523007,10178,849350,15519750,36135950,13528200,66033250,66877350,2628,35953700,8094450,7862900,0,31172,0,5,0,0,0,0,0,0
38,744447992,10179,1329700,14366650,38063900,13002350,66762600,66874700,2495,37884450,7780800,7559250,0,31172,0,5,0,0,0,0,0,0
39,3728640411,10180,809750,14882600,36095000,14979200,66766550,66879200,2858,35916350,8174700,7943200,0,31172,0,5,0,0,0,0,0,0
40,618879740,10181,844850,15024550,36212650,14686200,66768250,66879000,2807,36028400,7797550,7581200,0,31172,0,5,0,0,0,0,0,0
41,1239708057,10182,811250,14384600,35864600,15707450,66767900,66876650,2979,35686800,8208250,7964850,0,31172,0,5,0,0,0,0,0,0
42,2429742208,10183,1465150,14216450,35911600,15169800,66763000,66876650,2886,35735650,8263900,8021750,0,31172,0,5,0,0,0,0,0,0
43,412095716,10184,809950,14928200,36627800,14397000,66762950,66875300,2733,36445350,8098550,7874800,0,31172,0,5,0,0,0,0,0,0
44,1226741467,10185,847100,15032300,35877350,15389050,67145800,67256500,2970,35704800,8068750,7861900,0,31172,0,5,0,0,0,0,0,0
45,3288446148,10186,815150,14390700,35840000,15345350,66391200,66500750,2896,35668150,8215300,7968350,0,31172,0,5,0,0,0,0,0,0
46,1157984843,10187,849650,16998350,36198600,12714000,66760600,66873300,2474,36016950,8026900,7822450,0,31172,0,5,0,0,0,0,0,0
47,3877288378,10188,818650,15070200,35916300,14959150,66764300,66876900,2867,35742000,7763400,7539350,0,31172,0,5,0,0,0,0,0,0
48,4236526315,10189,850400,14398800,35756900,15765650,66771750,66880900,2991,34913200,8207600,7972400,0,31172,0,5,0,0,0,0,0,0
49,533834014,10190,1381750,14262000,36305550,14812200,66761500,66874500,2809,36122750,8639400,7589800,0,31172,0,5,0,0,0,0,0,0
50,1649361089,10191,842200,14908150,43842150,7172150,66764650,66879200,1339,43665050,7890300,7641050,0,31172,0,5,0,0,0,0,0,0
51,2486981906,10192,809450,15057050,36204850,14924700,66996050,67109100,2866,36029200,8101700,7883500,0,31172,0,5,0,0,0,0,0,0
52,1706075277,10193,848000,14420550,35802450,15461350,66532350,66641600,2837,35632850,8210900,7978900,0,31172,0,5,0,0,0,0,0,0
53,267972368,10194,816800,14803200,36114900,15032400,66767300,66880550,2527,35940950,8127750,7897050,0,31172,0,5,0,0,0,0,0,0
54,3895401273,10195,863150,15048250,35902500,14938550,66752450,66877800,2860,35719150,7787400,7570850,0,31172,0,5,0,0,0,0,0,0
55,605985656,10196,813700,15078550,35789650,15080300,66762200,66875000,2874,35048800,8210400,7959300,0,31172,0,5,0,0,0,0,0,0
56,4077673024,10197,1449850,14245950,35818450,15251500,66765750,66878600,2913,35645750,8219750,7987150,0,30852,0,5,0,0,0,0,0,0
57,985632231,10198,839150,14859800,35991600,15078800,66769350,66878100,2870,35824950,7994450,7772650,0,30852,0,5,0,0,0,0,0,0
58,3720590956,10199,879200,15029050,36041700,15179050,67129000,67239450,2861,35871250,8090550,7878300,0,30852,0,5,0,0,0,0,0,0
59,3264032585,10200,848850,15081200,35092550,15377650,66400250,66514650,2900,34918700,8120100,7877700,0,30852,0,5,0,0,0,0,0,0
60,395405688,10201,1546250,14205400,35993350,15016950,66761950,66875000,2863,35817200,8069400,7840550,0,30852,0,5,0,0,0,0,0,0
61,32142420,10202,881900,15013050,38252300,11894050,66041300,66878700,2295,38072050,7996600,7789550,0,30852,0,5,0,0,0,0,0,0
62,1187067055,10203,880400,15649200,35872400,14362500,66764500,66876350,2792,35702450,8048700,7835850,0,30852,0,5,0,0,0,0,0,0
63,459140908,10204,1352500,14246550,35939700,15225850,66764600,66876600,2903,35769250,8275750,7296600,0,30852,0,5,0,0,0,0,0,0
64,3369786495,10205,876450,14868950,36034900,14983700,66764000,66876500,2854,35854150,8101500,7867150,0,30852,0,5,0,0,0,0,0,0
65,1572434254,10206,848200,15377850,35922750,15451300,67600100,67712550,1602,35748950,7722100,7501050,0,30852,0,5,0,0,0,0,0,0
66,4107798823,10207,932150,15346950,35775650,13852400,65907150,66040950,2677,35598800,7877050,7659150,0,30852,0,5,0,0,0,0,0,0
67,343968250,10208,1487800,14239250,35983000,15058050,66768100,66880300,2870,35815150,8069700,7839350,0,30852,0,5,0,0,0,0,0,0
68,3102454017,10209,876850,14995150,36420950,14468100,66761050,66873200,2748,36237900,8031150,7803400,0,30852,0,5,0,0,0,0,0,0
69,3051095563,10210,845500,17119750,35934600,12866250,66766100,66876850,2452,35746500,8102400,7869250,0,30852,0,5,0,0,0,0,0,0
70,2391331016,10211,877250,14297250,35830150,15318200,66322850,66880650,2919,35655750,8288200,8052500,0,30852,0,5,0,0,0,0,0,0
71,3869016117,10212,841000,14863000,36329900,14724050,66757950,66874150,2798,36145250,8033200,7807950,0,30852,0,5,0,0,0,0,0,0
72,1579800804,10213,893900,15041500,35759300,15070350,66765050,66876950,2879,35591050,7721200,7507250,0,30852,0,5,0,0,0,0,0,0
73,2792341157,10214,850750,14455900,35707750,15753300,66767700,66878800,2980,34895500,8153200,7909900,0,30852,0,5,0,0,0,0,0,0
74,714702942,10215,1445250,14227000,36282800,14809700,66764750,66879100,2810,36104150,8108900,7873600,0,30852,0,5,0,0,0,0,0,0
75,1092538936,10216,844250,14965750,36112800,14839300,66762100,66875850,2827,35932750,7996650,7771600,0,30852,0,5,0,0,0,0,0,0
76,1561271239,10217,879250,15212800,35858850,15151300,67102200,67214650,2495,35682800,8052750,7837700,0,31172,0,5,0,0,0,0,0,0
77,3798074098,10218,867100,14305800,42558050,8686300,66417250,66543000,1348,36128400,8608500,8360100,0,31172,0,5,0,0,0,0,0,0
78,3022639071,10219,1611400,14242900,36074750,14812250,66741300,66872800,2819,35896350,8058000,7817850,0,31172,0,5,0,0,0,0,0,0
79,2282770062,10220,845250,15029850,35848300,15038700,66762100,66876100,2884,35680650,7686550,7475350,0,30852,0,5,0,0,0,0,0,0
80,1626512457,10221,881600,15028550,35017700,15841850,66769700,66880350,2921,34845850,8087200,7843050,0,30852,0,5,0,0,0,0,0,0
81,3156888026,10222,1387950,21940600,36098350,7330700,66757600,66873900,1369,35918100,8065950,7834400,0,30852,0,5,0,0,0,0,0,0
82,3038824309,10223,882350,14937550,35927100,15019200,66766200,66881200,2863,35752100,7936850,7716800,0,30852,0,5,0,0,0,0,0,0
83,1261846460,10224,847650,15261750,35780950,15074950,66965300,67078750,2779,35609850,7858100,7639500,0,30852,0,5,0,0,0,0,0,0
84,2035201521,10225,916400,15247350,37755400,11902750,65821900,66671800,2269,37571200,8218950,7986400,0,30852,0,5,0,0,0,0,0,0
85,2164446652,10226,1519900,14214950,36003600,15029700,66768150,66878350,2866,35834600,8009450,7778950,0,30852,0,5,0,0,0,0,0,0
86,2017191835,10227,874600,15033350,35813850,15043450,66765250,66879500,2819,35640800,7698050,7490250,0,30852,0,5,0,0,0,0,0,0
87,3029138484,10228,841550,15243600,35632150,15041700,66759000,66872800,2937,35466950,8606250,7669350,0,30852,0,5,0,0,0,0,0,0
88,50355403,10229,1376200,14250450,35894150,15246900,66767700,66878800,2907,35723200,8053800,7818750,0,30852,0,5,0,0,0,0,0,0
89,654213990,10230,847450,14873700,35878700,15168900,66768750,66883200,2530,35709800,7919750,7698450,0,30852,0,5,0,0,0,0,0,0
90,2360099787,10231,906350,15575550,35619200,14699950,66801050,66926350,2775,35440400,7698500,7480500,0,30852,0,5,0,0,0,0,0,0
91,2424818746,10232,840850,14279600,35889650,15700650,66710750,66822850,3007,35715850,8230450,7987300,0,30852,0,5,0,0,0,0,0,0
92,1971386461,10233,1529250,16427300,35926550,12883200,66766300,66878600,2506,35746600,7951150,7736900,0,30852,0,5,0,0,0,0,0,0
93,3386045126,10234,855650,15314100,35692950,14900850,66763550,66876000,2843,35513350,7748850,7525650,0,30852,0,5,0,0,0,0,0,0
94,1429641961,10235,882050,15188000,35555450,15139600,66765100,66878350,2964,35387700,7891950,7683750,0,30852,0,5,0,0,0,0,0,0
95,3022846880,10236,1312850,14243150,35923500,15282100,66761600,66876000,2914,35752450,8095400,7846500,0,30852,0,5,0,0,0,0,0,0
96,1601897261,10237,876900,14848850,44172150,6867750,66765650,66878500,1272,43988700,8043350,7800700,0,30852,0,5,0,0,0,0,0,0
97,1229951528,10238,845850,15263500,35679900,14971550,66760800,66874650,2835,35502400,7696300,7481600,0,30852,0,5,0,0,0,0,0,0
98,4065171759,10239,876450,14266850,35762550,15853850,66759700,66876050,3037,35591450,8224900,7979250,0,30852,0,5,0,0,0,0,0,0
99,1034325744,10240,1451600,14243650,36217500,14849950,66762700,66878350,2498,36039150,8037100,7794300,0,30852,0,5,0,0,0,0,0,0
100,14078671,10241,899900,14977500,35868950,15004900,66751250,66876400,2865,35694200,7818250,7590850,0,31172,0,5,0,0,0,0,0,0
101,4024270554,10242,844350,15241650,35967050,15087100,67140150,67256250,2864,35789750,8043850,7826050,0,31172,0,5,0,0,0,0,0,0
102,896191351,10243,878700,14249200,36253600,15001550,66383050,66499900,2849,36077500,8108200,7855600,0,31172,0,5,0,0,0,0,0,0
103,2131384102,10244,842350,14823550,35990350,15106800,66763050,66876550,2885,35820000,8096100,7868400,0,30852,0,5,0,0,0,0,0,0
104,2586210593,10245,891500,15193700,35560800,15120450,66766450,66878850,2866,35390300,7722900,7504400,0,30852,0,5,0,0,0,0,0,0
105,591918370,10246,842600,14269150,36776700,14875100,66763550,66876250,2945,36021500,8610300,8354900,0,30852,0,5,0,0,0,0,0,0
106,8814317,10247,1427100,14217450,35866500,15245350,66756400,66875500,2911,35693650,8075900,7850850,0,30852,0,5,0,0,0,0,0,0
107,2340504196,10248,1729000,14283900,38476550,11541400,66030850,66877150,2209,38299500,7709050,7487400,0,30852,0,5,0,0,0,0,0,0
108,3523076009,10249,876250,15244250,36183950,14698350,67002800,67115500,2761,35996200,8350000,8137500,0,30852,0,5,0,0,0,0,0,0
109,1961669028,10250,846900,14282650,35961600,15436750,66527900,66640050,2953,35788550,8161150,7912650,0,30852,0,5,0,0,0,0,0,0
110,1037581603,10251,1528850,14141250,35948200,15144800,66763100,66876700,2895,35775950,8041050,7794800,0,30852,0,5,0,0,0,0,0,0
111,2701024588,10252,842100,15210750,36123800,14590600,66767250,66880850,1411,35944500,8196050,7968200,0,30852,0,5,0,0,0,0,0,0
112,215037203,10253,946950,15112650,35810350,14871550,66741500,66871800,2942,35634300,8863200,8616350,0,30852,0,5,0,0,0,0,0,0
113,3696282862,10254,1369750,14254300,36005950,15140350,66770350,66880350,2889,35838700,8111450,7864150,0,30852,0,5,0,0,0,0,0,0
114,2829142928,10255,879600,14854300,35950650,15078900,66763450,66877350,2821,35783800,7992600,7764300,0,30852,0,5,0,0,0,0,0,0
115,3204762949,10256,846400,16937400,35801150,13272500,66857450,66971850,2454,35618900,8051050,7822200,0,30852,0,5,0,0,0,0,0,0
116,3297489190,10257,871350,14299250,35907250,15588600,66666450,66779200,2982,35732200,8160750,7925850,0,30852,0,5,0,0,0,0,0,0
117,1691704917,10258,1497250,14191550,36033500,15042250,66764550,66878600,2870,35864150,8074200,7833400,0,30852,0,5,0,0,0,0,0,0
118,663957814,10259,873150,15484450,35505700,14901300,66764600,66879450,2807,35329750,7775800,7556350,0,30852,0,5,0,0,0,0,0,0
119,3058583827,10260,840650,14950600,35817150,15153650,66762050,66875700,3007,35079350,8280850,8027200,0,30852,0,5,0,0,0,0,0,0
120,838545270,10261,1342250,14233850,35925400,15263450,66764950,66875150,2915,35757650,8126750,7888350,0,30852,0,5,0,0,0,0,0,0
121,3608912039,10262,839200,15159700,35979150,14789700,66767750,66879950,2818,35805000,8021200,7785650,0,30852,0,5,0,0,0,0,0,0
122,4080159716,10263,874300,15192400,37033650,13664950,66765300,66877400,2502,36858550,9234900,9010200,0,30852,0,5,0,0,0,0,0,0
123,1056027075,10264,855400,14288850,35908700,15708750,66761700,66875750,3012,35731050,8150000,7894550,0,30852,0,5,0,0,0,0,0,0
124,4057021248,10265,1515150,14223750,36289000,14734200,66762100,66875900,2800,36107450,8084400,7847400,0,31172,0,5,0,0,0,0,0,0
125,2686741161,10266,843450,15185750,35727950,15007550,66764700,66877250,2833,35555900,7822850,6814650,0,31172,0,5,0,0,0,0,0,0
126,3870849660,10267,870900,15029950,35823600,15041200,66765650,66877450,2978,35653550,8808300,7881400,0,31172,0,5,0,0,0,0,0,0
127,293449641,10268,845500,21824100,36381300,7290600,66341500,66878100,1359,36199250,8105800,7854750,0,30852,0,5,0,0,0,0,0,0
128,596064266,10269,883100,14838650,35798400,15244000,66764150,66878450,2914,35625050,7978550,7736750,0,30852,0,5,0,0,0,0,0,0
129,3715495249,10270,850550,15233350,35679750,14996700,66760350,66874000,2844,35501800,7702750,7480600,0,30852,0,5,0,0,0,0,0,0
130,244680018,10271,911650,15233650,38068800,11805850,66019950,66877550,2247,37886900,8106650,7861050,0,30852,0,5,0,0,0,0,0,0
131,4080661783,10272,1422700,14227900,36003550,15113100,66767250,66879000,2882,35832200,8034950,7201950,0,30852,0,5,0,0,0,0,0,0
132,4006730450,10273,878800,15116000,35558500,15212100,66765400,66878000,2874,35385750,7768550,6755800,0,30852,0,5,0,0,0,0,0,0
133,3864584507,10274,841250,15032450,36131050,15074050,67078800,67188950,2895,35951900,8103250,7880100,0,30852,0,5,0,0,0,0,0,0
134,2711027320,10275,877900,14265350,35753450,15554500,66451200,66563550,2973,35582250,8087700,7841150,0,30852,0,5,0,0,0,0,0,0
135,4099079087,10276,850300,14804250,35921250,15187700,66763500,66877100,2903,35751100,8023350,7788900,0,30852,0,5,0,0,0,0,0,0
136,565333772,10277,880450,15200650,35875850,14806300,66763250,66876200,2779,35698800,8006250,7796000,0,30852,0,5,0,0,0,0,0,0
137,1028518269,10278,846550,14262700,35808750,15850900,66768900,66879550,3039,34973850,8083650,7831500,0,30852,0,5,0,0,0,0,0,0
138,2252688136,10279,1433250,16489050,35746350,13093450,66762100,66875800,2549,35566700,7726200,7506150,0,30852,0,5,0,0,0,0,0,0
139,578597309,10280,849850,15095200,35495750,15323350,66764150,66878150,2817,35324900,7753950,7525050,0,30852,0,5,0,0,0,0,0,0
140,3624439358,10281,882150,15059850,35814950,15172350,66929300,67048300,2921,35634850,8126800,7913750,0,30852,0,5,0,0,0,0,0,0
141,3514067501,10282,845550,14286850,35883650,15577350,66593400,66705050,2981,35711300,8084200,7844800,0,30852,0,5,0,0,0,0,0,0
142,2741972910,10283,1539500,14180650,43877800,7164050,66762000,66877350,1279,43692500,8044250,7803550,0,30852,0,5,0,0,0,0,0,0
143,28497579,10284,847100,15250500,35628150,15035600,66761350,66878650,2845,35452400,7694500,7481150,0,30852,0,5,0,0,0,0,0,0
144,466729326,10285,878200,14955650,35134600,15796650,66765100,66875650,3026,34957750,8077400,7838800,0,30852,0,5,0,0,0,0,0,0
145,3425349295,10286,1332450,14254000,38180800,12997100,66764350,66874500,2514,37995600,10282000,10011950,0,30852,0,5,0,0,0,0,0,0
146,1537640620,10287,902450,15436200,35712100,14715350,66766100,66880600,2763,35532350,7959000,7727800,0,30852,0,5,0,0,0,0,0,0
147,1853842891,10288,844650,15065600,35879950,15012250,66802450,66918600,2879,35701850,7916350,7692300,0,30852,0,5,0,0,0,0,0,0
148,1177024904,10289,880900,14269100,35949900,15620800,66720700,66832600,2982,35778100,8168150,7923300,0,31172,0,5,0,0,0,0,0,0
149,4106734849,10290,1498200,14521750,38245350,12499850,66765150,66877600,2419,38071350,7771500,7552100,0,31172,0,5,0,0,0,0,0,0
150,2025356500,10291,877700,15164000,35706100,15018650,66766450,66880000,2835,35528750,7805800,7574100,0,31172,0,5,0,0,0,0,0,0
151,2189605121,10292,841000,15093650,35908950,14917500,66761100,66873700,2949,35733750,8000700,7786900,0,30852,0,5,0,0,0,0,0,0
152,4086136290,10293,1350500,14249100,36172800,14997100,66769500,66881100,2850,35991850,8090750,7848000,0,30852,0,5,0,0,0,0,0,0
153,4036669705,10294,841550,15030050,38173700,12714950,66760250,66874100,2439,37996800,7945100,7737600,0,30852,0,5,0,0,0,0,0,0
154,4167980074,10295,910150,15094250,36019850,13992300,66016550,66876050,2645,35838450,8230400,7988600,0,30852,0,5,0,0,0,0,0,0
155,51187407,10296,848150,14246050,36902950,14768000,66765150,66877250,2919,36144750,8135800,7886950,0,30852,0,5,0,0,0,0,0,0
156,2242638442,10297,1492000,14236950,35853500,15182000,66764450,66877050,2897,35682750,8069300,7837300,0,30852,0,5,0,0,0,0,0,0
157,2730108163,10298,846750,15108600,43522900,7290000,66768250,66881050,1379,43347100,15660100,15409100,0,30852,0,5,0,0,0,0,0,0
158,2718743917,10299,874300,15060300,36201000,15008200,67143800,67257650,2879,36023500,7830350,7613350,0,30852,0,5,0,0,0,0,0,0
159,3391709842,10300,849450,14281100,35944500,15302650,66377700,66495300,2916,35768150,8143550,7896400,0,30852,0,5,0,0,0,0,0,0
160,1164604273,10301,876450,14994650,35834600,15058450,66764150,66876600,2835,35662500,8107800,7870150,0,30852,0,5,0,0,0,0,0,0
161,2148591176,10302,843100,16410850,36420750,13091150,66765850,66876700,2445,36236900,8331750,8087800,0,30852,0,5,0,0,0,0,0,0
162,4192737573,10303,876200,14262550,35848350,15775350,66762450,66876150,3020,35672550,8154450,7911700,0,30852,0,5,0,0,0,0,0,0
163,535584840,10304,1417850,14236650,35934650,15172750,66761900,66877600,2897,35765350,8066300,7833400,0,30852,0,5,0,0,0,0,0,0
164,3430794475,10305,875550,15031450,35732850,15127450,66767300,66879700,2843,35563550,8012600,7796800,0,30852,0,5,0,0,0,0,0,0
165,776323552,10306,850800,15045200,36049950,15063800,67009750,67123000,2892,35874300,8034250,7814550,0,30852,0,5,0,0,0,0,0,0
166,3330991427,10307,886700,14264750,35831550,15533600,66516600,66631300,2971,35655250,8152350,7915500,0,30852,0,5,0,0,0,0,0,0
167,3282074430,10308,848200,14989150,35814550,15109250,66761150,66875050,2766,35642400,8032650,7794300,0,30852,0,5,0,0,0,0,0,0
168,2597814595,10309,880800,15033400,37522100,13326150,66762450,66876350,2494,37338900,9695700,8691800,0,30852,0,5,0,0,0,0,0,0
169,2225601370,10310,854600,14252950,38795200,12861100,66763850,66877400,2480,37974850,11105650,10852000,0,30852,0,5,0,0,0,0,0,0
170,3716853465,10311,1407050,14265800,35820800,15272400,66766050,66880350,2853,35653150,8101850,7873300,0,30852,0,5,0,0,0,0,0,0
171,1080675697,10312,857400,14947100,35066900,15889450,66760850,66876550,3033,34898200,7606200,7395950,0,30212,0,5,0,0,0,0,0,0
172,219920238,10313,872700,14907850,35358350,16255750,67394650,67507000,3045,35191900,7814650,7058300,0,30212,0,5,0,0,0,0,0,0
173,3070385651,10314,840200,20777050,35199500,9313000,66129750,66244750,1809,35014050,7607400,6620300,0,30212,0,5,0,0,0,0,0,0
174,2609556270,10315,1546050,14597100,35366750,15258150,66768050,66879450,2879,35199250,7941050,7721050,0,30212,0,5,0,0,0,0,0,0
175,141401383,10316,840550,14866300,35598050,15454950,66759850,66875300,2981,35427650,7977250,7756600,0,30212,0,5,0,0,0,0,0,0
176,3034105280,10317,879100,14751500,36801250,14332750,66764600,66876200,2815,36619450,7563300,7349200,0,30212,0,5,0,0,0,0,0,0
177,3029196371,10318,1313500,14458200,35497400,15495200,66764300,66877050,2965,35327850,8005250,7777450,0,30212,0,5,0,0,0,0,0,0
178,699378668,10319,870350,14855850,35005100,16033250,66764550,66878900,3065,34835050,7592400,7378500,0,30212,0,5,0,0,0,0,0,0
179,2402609405,10320,835300,14914050,35410000,15606450,66765800,66877850,3016,35243100,7861900,7650000,0,30212,0,5,0,0,0,0,0,0
CSV_END

STUDY_DONE_cde373943fdb=0
# 