/tmp/app --transport dma --state-frame 0 --dma-minimum 8192 --frames 180 --warmup 30 --wait spin --profile frame --csv /tmp/transport-frames.csv --grouped --dump /tmp/transport-frame.raw && printf "CSV_BEGIN\n" && cat /tmp/transport-frames.csv && printf "CSV_END\n"; study_status=$?; printf "\nSTUDY_DONE_f1df0a1ffa61=%s\n" "$study_status"
TRANSPORT mode=dma dma_minimum=8192
BEGIN_BREAKOUT frames=180 warmup=30 fixed=0 blocks=40 tiles=1 hud=1 wait=spin replay=0 state_frame=0 profile=frame pixel_centers=1 clock_call_ns=5931
HW_COUNTERS unavailable
RESULT frames=180 elapsed_s=12.188315750 fps=14.768242 logic_ms=0.000000 api_ms=0.000000 swap_ms=0.000000 wait_ms=0.000000 worker_inclusive_ms=0.000000 upload_inclusive_ms=0.000000 write_ms=0.000000 bytes_per_frame=30951.56 p50_ms=66.877500 p95_ms=67.926700 max_ms=83.600900 late_60hz=180 first_count=7433 last_count=7612 state_hash=8f34e8fd remaining=38 score=20
RENDER_PATH retained=0 grouped=1 quads=13131 full_frames=180
FRAME_CHECK count=7612 address=9fe00000 fnv1a=79c99b23 pixels=307200 mismatches=0
BREAKOUT_PASS
CSV_BEGIN
frame,state_hash,display_count,logic_ns,api_ns,swap_ns,wait_ns,total_ns,completion_interval_ns,polls,worker_inclusive_ns,upload_inclusive_ns,write_ns,read_ns,write_bytes,read_bytes,write_calls,read_calls,dma_copy_ns,dma_launch_ns,dma_completion_wait_ns,dma_bytes,dma_lists
0,3724779174,7433,0,0,0,0,66817350,66832850,1194,0,0,0,0,31172,0,5,0,0,0,0,20032,2
1,1709657109,7434,0,0,0,0,66871500,66987200,1155,0,0,0,0,31172,0,5,0,0,0,0,20032,2
2,1894904752,7435,0,0,0,0,66652300,66770250,1410,0,0,0,0,31172,0,5,0,0,0,0,20032,2
3,3703759967,7436,0,0,0,0,65236850,66874050,924,0,0,0,0,31172,0,5,0,0,0,0,20032,2
4,19533624,7437,0,0,0,0,66788050,66902550,717,0,0,0,0,31172,0,5,0,0,0,0,20032,2
5,816884773,7438,0,0,0,0,66725750,66850250,1267,0,0,0,0,31172,0,5,0,0,0,0,20032,2
6,1339236364,7439,0,0,0,0,66767450,66878550,1308,0,0,0,0,31172,0,5,0,0,0,0,20032,2
7,3072959373,7440,0,0,0,0,66761500,66878500,1202,0,0,0,0,31172,0,5,0,0,0,0,20032,2
8,1782884746,7441,0,0,0,0,66760900,66876200,1059,0,0,0,0,31172,0,5,0,0,0,0,20032,2
9,30296781,7442,0,0,0,0,66764550,66875700,1428,0,0,0,0,31492,0,5,0,0,0,0,20032,2
10,4026418858,7443,0,0,0,0,83484100,83597300,2986,0,0,0,0,31492,0,5,0,0,0,0,20032,2
11,2084929051,7444,0,0,0,0,66764450,66880600,1247,0,0,0,0,31492,0,5,0,0,0,0,20032,2
12,3114489770,7445,0,0,0,0,66763300,66876300,871,0,0,0,0,31172,0,5,0,0,0,0,20032,2
13,891400471,7446,0,0,0,0,66766250,66877300,1442,0,0,0,0,31172,0,5,0,0,0,0,20032,2
14,3472773456,7447,0,0,0,0,66763050,66874550,1237,0,0,0,0,31172,0,5,0,0,0,0,20032,2
15,3010688243,7448,0,0,0,0,66764900,66877500,1159,0,0,0,0,31172,0,5,0,0,0,0,20032,2
16,2819524756,7449,0,0,0,0,66989500,67102050,1252,0,0,0,0,31172,0,5,0,0,0,0,20032,2
17,3241678401,7450,0,0,0,0,66539700,66651300,1214,0,0,0,0,31172,0,5,0,0,0,0,20032,2
18,2154316504,7451,0,0,0,0,66769050,66880650,1290,0,0,0,0,31172,0,5,0,0,0,0,20032,2
19,772262681,7452,0,0,0,0,66761800,66874700,763,0,0,0,0,31172,0,5,0,0,0,0,20032,2
20,3882818750,7453,0,0,0,0,66752000,66878550,1243,0,0,0,0,31172,0,5,0,0,0,0,20032,2
21,521131153,7454,0,0,0,0,66763450,66876050,1326,0,0,0,0,31172,0,5,0,0,0,0,20032,2
22,1838187414,7455,0,0,0,0,66760600,66878050,1189,0,0,0,0,31172,0,5,0,0,0,0,20032,2
23,840574439,7456,0,0,0,0,66849800,66967250,1009,0,0,0,0,31172,0,5,0,0,0,0,20032,2
24,2879461878,7457,0,0,0,0,66671350,66785500,1411,0,0,0,0,31172,0,5,0,0,0,0,20032,2
25,202086035,7458,0,0,0,0,83481100,83598000,2933,0,0,0,0,31172,0,5,0,0,0,0,20032,2
26,959703924,7459,0,0,0,0,66761050,66876800,1224,0,0,0,0,31172,0,5,0,0,0,0,20032,2
27,3795724423,7460,0,0,0,0,66011650,66875650,577,0,0,0,0,31172,0,5,0,0,0,0,20032,2
28,2500539904,7461,0,0,0,0,66761150,66876350,1448,0,0,0,0,31172,0,5,0,0,0,0,20032,2
29,2269000541,7462,0,0,0,0,66770100,66881000,1211,0,0,0,0,31172,0,5,0,0,0,0,20032,2
30,1900681108,7463,0,0,0,0,66762600,66873800,1152,0,0,0,0,31172,0,5,0,0,0,0,20032,2
31,3680168245,7464,0,0,0,0,67110700,67223650,1314,0,0,0,0,31172,0,5,0,0,0,0,20032,2
32,2344329490,7465,0,0,0,0,66417900,66530950,1269,0,0,0,0,31172,0,5,0,0,0,0,20032,2
33,2130650181,7466,0,0,0,0,66762950,66876250,1244,0,0,0,0,31492,0,5,0,0,0,0,20032,2
34,906966818,7467,0,0,0,0,67815350,67926700,1059,0,0,0,0,31492,0,5,0,0,0,0,20032,2
35,3939376531,7468,0,0,0,0,65701350,65827450,849,0,0,0,0,31492,0,5,0,0,0,0,20032,2
36,2110688546,7469,0,0,0,0,66764850,66877650,1271,0,0,0,0,31172,0,5,0,0,0,0,20032,2
37,2695523007,7470,0,0,0,0,66761700,66875100,1153,0,0,0,0,31172,0,5,0,0,0,0,20032,2
38,744447992,7471,0,0,0,0,66975750,67089100,1186,0,0,0,0,31172,0,5,0,0,0,0,20032,2
39,3728640411,7472,0,0,0,0,66555400,66667950,1350,0,0,0,0,31172,0,5,0,0,0,0,20032,2
40,618879740,7473,0,0,0,0,66760050,66872900,114,0,0,0,0,31172,0,5,0,0,0,0,20032,2
41,1239708057,7474,0,0,0,0,66777550,66881350,1023,0,0,0,0,31172,0,5,0,0,0,0,20032,2
42,2429742208,7475,0,0,0,0,66762450,66874400,887,0,0,0,0,31172,0,5,0,0,0,0,20032,2
43,412095716,7476,0,0,0,0,66763950,66878350,1261,0,0,0,0,31172,0,5,0,0,0,0,20032,2
44,1226741467,7477,0,0,0,0,66762850,66878600,1084,0,0,0,0,31172,0,5,0,0,0,0,20032,2
45,3288446148,7478,0,0,0,0,66830550,66950100,1184,0,0,0,0,31172,0,5,0,0,0,0,20032,2
46,1157984843,7479,0,0,0,0,66688950,66802200,1375,0,0,0,0,31172,0,5,0,0,0,0,20032,2
47,3877288378,7480,0,0,0,0,66759350,66876150,829,0,0,0,0,31172,0,5,0,0,0,0,20032,2
48,4236526315,7481,0,0,0,0,66762200,66879350,1070,0,0,0,0,31172,0,5,0,0,0,0,20032,2
49,533834014,7482,0,0,0,0,66763150,66877450,1273,0,0,0,0,31172,0,5,0,0,0,0,20032,2
50,1649361089,7483,0,0,0,0,65367550,66878900,526,0,0,0,0,31172,0,5,0,0,0,0,20032,2
51,2486981906,7484,0,0,0,0,66762200,66877150,1171,0,0,0,0,31172,0,5,0,0,0,0,20032,2
52,1706075277,7485,0,0,0,0,66763150,66877850,1120,0,0,0,0,31172,0,5,0,0,0,0,20032,2
53,267972368,7486,0,0,0,0,66761400,66874650,1386,0,0,0,0,31172,0,5,0,0,0,0,20032,2
54,3895401273,7487,0,0,0,0,66760900,66875450,1216,0,0,0,0,31172,0,5,0,0,0,0,20032,2
55,605985656,7488,0,0,0,0,66760200,66876400,1128,0,0,0,0,31172,0,5,0,0,0,0,20032,2
56,4077673024,7489,0,0,0,0,66762950,66877400,34,0,0,0,0,30852,0,5,0,0,0,0,20032,2
57,985632231,7490,0,0,0,0,66041700,66884700,842,0,0,0,0,30852,0,5,0,0,0,0,20032,2
58,3720590956,7491,0,0,0,0,66747050,66874600,1225,0,0,0,0,30852,0,5,0,0,0,0,20032,2
59,3264032585,7492,0,0,0,0,66759550,66876450,1135,0,0,0,0,30852,0,5,0,0,0,0,20032,2
60,395405688,7493,0,0,0,0,66763000,66877500,1225,0,0,0,0,30852,0,5,0,0,0,0,20032,2
61,32142420,7494,0,0,0,0,66758150,66874900,1308,0,0,0,0,30852,0,5,0,0,0,0,20032,2
62,1187067055,7495,0,0,0,0,66763300,66878500,1192,0,0,0,0,30852,0,5,0,0,0,0,20032,2
63,459140908,7496,0,0,0,0,67186050,67302450,1199,0,0,0,0,30852,0,5,0,0,0,0,20032,2
64,3369786495,7497,0,0,0,0,66336650,66452550,1379,0,0,0,0,30852,0,5,0,0,0,0,20032,2
65,1572434254,7498,0,0,0,0,66757650,66872850,848,0,0,0,0,30852,0,5,0,0,0,0,20032,2
66,4107798823,7499,0,0,0,0,66761750,66878250,1058,0,0,0,0,30852,0,5,0,0,0,0,20032,2
67,343968250,7500,0,0,0,0,66764650,66880200,1424,0,0,0,0,30852,0,5,0,0,0,0,20032,2
68,3102454017,7501,0,0,0,0,66757050,66874850,1334,0,0,0,0,30852,0,5,0,0,0,0,20032,2
69,3051095563,7502,0,0,0,0,66760650,66876750,1137,0,0,0,0,30852,0,5,0,0,0,0,20032,2
70,2391331016,7503,0,0,0,0,67048350,67164450,1261,0,0,0,0,30852,0,5,0,0,0,0,20032,2
71,3869016117,7504,0,0,0,0,83189650,83309050,3170,0,0,0,0,30852,0,5,0,0,0,0,20032,2
72,1579800804,7505,0,0,0,0,66756800,66877600,1133,0,0,0,0,30852,0,5,0,0,0,0,20032,2
73,2792341157,7506,0,0,0,0,66012000,66878000,489,0,0,0,0,30852,0,5,0,0,0,0,20032,2
74,714702942,7507,0,0,0,0,66763850,66877250,1192,0,0,0,0,30852,0,5,0,0,0,0,20032,2
75,1092538936,7508,0,0,0,0,66759650,66874500,1233,0,0,0,0,30852,0,5,0,0,0,0,20032,2
76,1561271239,7509,0,0,0,0,66764450,66881100,1262,0,0,0,0,31172,0,5,0,0,0,0,20032,2
77,3798074098,7510,0,0,0,0,66759800,66878400,1124,0,0,0,0,31172,0,5,0,0,0,0,20032,2
78,3022639071,7511,0,0,0,0,66758750,66874250,1214,0,0,0,0,31172,0,5,0,0,0,0,20032,2
79,2282770062,7512,0,0,0,0,66363450,66878300,1364,0,0,0,0,30852,0,5,0,0,0,0,20032,2
80,1626512457,7513,0,0,0,0,66763200,66877900,803,0,0,0,0,30852,0,5,0,0,0,0,20032,2
81,3156888026,7514,0,0,0,0,66845900,66958950,1104,0,0,0,0,30852,0,5,0,0,0,0,20032,2
82,3038824309,7515,0,0,0,0,66678750,66794200,1439,0,0,0,0,30852,0,5,0,0,0,0,20032,2
83,1261846460,7516,0,0,0,0,66759050,66876400,1294,0,0,0,0,30852,0,5,0,0,0,0,20032,2
84,2035201521,7517,0,0,0,0,66762900,66879500,1170,0,0,0,0,30852,0,5,0,0,0,0,20032,2
85,2164446652,7518,0,0,0,0,67020900,67133850,1181,0,0,0,0,30852,0,5,0,0,0,0,20032,2
86,2017191835,7519,0,0,0,0,83222050,83335050,2887,0,0,0,0,30852,0,5,0,0,0,0,20032,2
87,3029138484,7520,0,0,0,0,66763850,66878550,1273,0,0,0,0,30852,0,5,0,0,0,0,20032,2
88,50355403,7521,0,0,0,0,66762650,66879350,781,0,0,0,0,30852,0,5,0,0,0,0,20032,2
89,654213990,7522,0,0,0,0,66817200,66931300,1193,0,0,0,0,30852,0,5,0,0,0,0,20032,2
90,2360099787,7523,0,0,0,0,66708000,66825000,1458,0,0,0,0,30852,0,5,0,0,0,0,20032,2
91,2424818746,7524,0,0,0,0,66756400,66873800,1235,0,0,0,0,30852,0,5,0,0,0,0,20032,2
92,1971386461,7525,0,0,0,0,66759550,66876950,1150,0,0,0,0,30852,0,5,0,0,0,0,20032,2
93,3386045126,7526,0,0,0,0,66765300,66879500,1280,0,0,0,0,30852,0,5,0,0,0,0,20032,2
94,1429641961,7527,0,0,0,0,66764450,66877750,1302,0,0,0,0,30852,0,5,0,0,0,0,20032,2
95,3022846880,7528,0,0,0,0,66757100,66874350,1031,0,0,0,0,30852,0,5,0,0,0,0,20032,2
96,1601897261,7529,0,0,0,0,66007200,66879000,1000,0,0,0,0,30852,0,5,0,0,0,0,20032,2
97,1229951528,7530,0,0,0,0,66763350,66875950,1261,0,0,0,0,30852,0,5,0,0,0,0,20032,2
98,4065171759,7531,0,0,0,0,66767700,66879200,1305,0,0,0,0,30852,0,5,0,0,0,0,20032,2
99,1034325744,7532,0,0,0,0,66761150,66877300,1174,0,0,0,0,30852,0,5,0,0,0,0,20032,2
100,14078671,7533,0,0,0,0,66760650,66875000,1155,0,0,0,0,31172,0,5,0,0,0,0,20032,2
101,4024270554,7534,0,0,0,0,83093200,83595900,3079,0,0,0,0,31172,0,5,0,0,0,0,20032,2
102,896191351,7535,0,0,0,0,66764900,66880050,1256,0,0,0,0,31172,0,5,0,0,0,0,20032,2
103,2131384102,7536,0,0,0,0,66756750,66873100,818,0,0,0,0,30852,0,5,0,0,0,0,20032,2
104,2586210593,7537,0,0,0,0,66923000,67041150,1265,0,0,0,0,30852,0,5,0,0,0,0,20032,2
105,591918370,7538,0,0,0,0,66599700,66716350,1398,0,0,0,0,30852,0,5,0,0,0,0,20032,2
106,8814317,7539,0,0,0,0,66759550,66874300,664,0,0,0,0,30852,0,5,0,0,0,0,20032,2
107,2340504196,7540,0,0,0,0,66763500,66879950,1140,0,0,0,0,30852,0,5,0,0,0,0,20032,2
108,3523076009,7541,0,0,0,0,66757950,66872700,1350,0,0,0,0,30852,0,5,0,0,0,0,20032,2
109,1961669028,7542,0,0,0,0,66766050,66878950,1241,0,0,0,0,30852,0,5,0,0,0,0,20032,2
110,1037581603,7543,0,0,0,0,66762100,66877350,1054,0,0,0,0,30852,0,5,0,0,0,0,20032,2
111,2701024588,7544,0,0,0,0,66784850,66900700,1230,0,0,0,0,30852,0,5,0,0,0,0,20032,2
112,215037203,7545,0,0,0,0,66737000,66854350,1378,0,0,0,0,30852,0,5,0,0,0,0,20032,2
113,3696282862,7546,0,0,0,0,66764000,66878600,1287,0,0,0,0,30852,0,5,0,0,0,0,20032,2
114,2829142928,7547,0,0,0,0,66763000,66877250,1150,0,0,0,0,30852,0,5,0,0,0,0,20032,2
115,3204762949,7548,0,0,0,0,66756750,66875050,1269,0,0,0,0,30852,0,5,0,0,0,0,20032,2
116,3297489190,7549,0,0,0,0,83483100,83597050,3150,0,0,0,0,30852,0,5,0,0,0,0,20032,2
117,1691704917,7550,0,0,0,0,66765700,66877850,1308,0,0,0,0,30852,0,5,0,0,0,0,20032,2
118,663957814,7551,0,0,0,0,66759450,66876950,670,0,0,0,0,30852,0,5,0,0,0,0,20032,2
119,3058583827,7552,0,0,0,0,67040250,67160250,1314,0,0,0,0,30852,0,5,0,0,0,0,20032,2
120,838545270,7553,0,0,0,0,65734650,66591600,1066,0,0,0,0,30852,0,5,0,0,0,0,20032,2
121,3608912039,7554,0,0,0,0,66765300,66878000,1243,0,0,0,0,30852,0,5,0,0,0,0,20032,2
122,4080159716,7555,0,0,0,0,66767700,66880000,1149,0,0,0,0,30852,0,5,0,0,0,0,20032,2
123,1056027075,7556,0,0,0,0,66761500,66875850,1466,0,0,0,0,30852,0,5,0,0,0,0,20032,2
124,4057021248,7557,0,0,0,0,66761850,66876800,1257,0,0,0,0,31172,0,5,0,0,0,0,20032,2
125,2686741161,7558,0,0,0,0,66766500,66879450,803,0,0,0,0,31172,0,5,0,0,0,0,20032,2
126,3870849660,7559,0,0,0,0,66896500,67020650,1224,0,0,0,0,31172,0,5,0,0,0,0,20032,2
127,293449641,7560,0,0,0,0,66616350,66732750,1351,0,0,0,0,30852,0,5,0,0,0,0,20032,2
128,596064266,7561,0,0,0,0,66759700,66877550,1303,0,0,0,0,30852,0,5,0,0,0,0,20032,2
129,3715495249,7562,0,0,0,0,66760500,66873200,1126,0,0,0,0,30852,0,5,0,0,0,0,20032,2
130,244680018,7563,0,0,0,0,66762650,66875950,1376,0,0,0,0,30852,0,5,0,0,0,0,20032,2
131,4080661783,7564,0,0,0,0,83486350,83600900,3154,0,0,0,0,30852,0,5,0,0,0,0,20032,2
132,4006730450,7565,0,0,0,0,66759600,66875950,1338,0,0,0,0,30852,0,5,0,0,0,0,20032,2
133,3864584507,7566,0,0,0,0,66762950,66878450,914,0,0,0,0,30852,0,5,0,0,0,0,20032,2
134,2711027320,7567,0,0,0,0,66760400,66875000,1317,0,0,0,0,30852,0,5,0,0,0,0,20032,2
135,4099079087,7568,0,0,0,0,66360850,66876200,1371,0,0,0,0,30852,0,5,0,0,0,0,20032,2
136,565333772,7569,0,0,0,0,66764800,66881000,1240,0,0,0,0,30852,0,5,0,0,0,0,20032,2
137,1028518269,7570,0,0,0,0,66759000,66875300,1159,0,0,0,0,30852,0,5,0,0,0,0,20032,2
138,2252688136,7571,0,0,0,0,66762250,66877550,1445,0,0,0,0,30852,0,5,0,0,0,0,20032,2
139,578597309,7572,0,0,0,0,66753850,66877500,1371,0,0,0,0,30852,0,5,0,0,0,0,20032,2
140,3624439358,7573,0,0,0,0,66759200,66877450,869,0,0,0,0,30852,0,5,0,0,0,0,20032,2
141,3514067501,7574,0,0,0,0,67015400,67144200,1267,0,0,0,0,30852,0,5,0,0,0,0,20032,2
142,2741972910,7575,0,0,0,0,66489800,66608500,1419,0,0,0,0,30852,0,5,0,0,0,0,20032,2
143,28497579,7576,0,0,0,0,66010500,66875950,960,0,0,0,0,30852,0,5,0,0,0,0,20032,2
144,466729326,7577,0,0,0,0,66766850,66876450,1191,0,0,0,0,30852,0,5,0,0,0,0,20032,2
145,3425349295,7578,0,0,0,0,66766250,66879100,1454,0,0,0,0,30852,0,5,0,0,0,0,20032,2
146,1537640620,7579,0,0,0,0,83483000,83597450,3064,0,0,0,0,30852,0,5,0,0,0,0,20032,2
147,1853842891,7580,0,0,0,0,66762550,66876600,1312,0,0,0,0,30852,0,5,0,0,0,0,20032,2
148,1177024904,7581,0,0,0,0,66762400,66876800,769,0,0,0,0,31172,0,5,0,0,0,0,20032,2
149,4106734849,7582,0,0,0,0,66760350,66873400,1224,0,0,0,0,31172,0,5,0,0,0,0,20032,2
150,2025356500,7583,0,0,0,0,66766000,66880250,1338,0,0,0,0,31172,0,5,0,0,0,0,20032,2
151,2189605121,7584,0,0,0,0,66765600,66879800,1234,0,0,0,0,30852,0,5,0,0,0,0,20032,2
152,4086136290,7585,0,0,0,0,66759000,66873900,1069,0,0,0,0,30852,0,5,0,0,0,0,20032,2
153,4036669705,7586,0,0,0,0,66764050,66877000,1468,0,0,0,0,30852,0,5,0,0,0,0,20032,2
154,4167980074,7587,0,0,0,0,66767350,66880450,1325,0,0,0,0,30852,0,5,0,0,0,0,20032,2
155,51187407,7588,0,0,0,0,67337450,67452250,968,0,0,0,0,30852,0,5,0,0,0,0,20032,2
156,2242638442,7589,0,0,0,0,66168200,66297000,1053,0,0,0,0,30852,0,5,0,0,0,0,20032,2
157,2730108163,7590,0,0,0,0,66384350,66882800,1361,0,0,0,0,30852,0,5,0,0,0,0,20032,2
158,2718743917,7591,0,0,0,0,66760350,66873700,1185,0,0,0,0,30852,0,5,0,0,0,0,20032,2
159,3391709842,7592,0,0,0,0,66761900,66878000,1164,0,0,0,0,30852,0,5,0,0,0,0,20032,2
160,1164604273,7593,0,0,0,0,66762550,66878200,1452,0,0,0,0,30852,0,5,0,0,0,0,20032,2
161,2148591176,7594,0,0,0,0,83479000,83593250,3044,0,0,0,0,30852,0,5,0,0,0,0,20032,2
162,4192737573,7595,0,0,0,0,66762700,66879650,1264,0,0,0,0,30852,0,5,0,0,0,0,20032,2
163,535584840,7596,0,0,0,0,66759250,66874800,678,0,0,0,0,30852,0,5,0,0,0,0,20032,2
164,3430794475,7597,0,0,0,0,66764300,66879950,851,0,0,0,0,30852,0,5,0,0,0,0,20032,2
165,776323552,7598,0,0,0,0,66760150,66877900,1330,0,0,0,0,30852,0,5,0,0,0,0,20032,2
166,3330991427,7599,0,0,0,0,66762100,66877100,1245,0,0,0,0,30852,0,5,0,0,0,0,20032,2
167,3282074430,7600,0,0,0,0,66916450,67031100,1061,0,0,0,0,30852,0,5,0,0,0,0,20032,2
168,2597814595,7601,0,0,0,0,66606100,66722150,1441,0,0,0,0,30852,0,5,0,0,0,0,20032,2
169,2225601370,7602,0,0,0,0,66765200,66878000,1290,0,0,0,0,30852,0,5,0,0,0,0,20032,2
170,3716853465,7603,0,0,0,0,66761400,66873900,1115,0,0,0,0,30852,0,5,0,0,0,0,20032,2
171,1080675697,7604,0,0,0,0,66762900,66877200,1119,0,0,0,0,30212,0,5,0,0,0,0,19712,2
172,219920238,7605,0,0,0,0,66764900,66879100,1505,0,0,0,0,30212,0,5,0,0,0,0,19712,2
173,3070385651,7606,0,0,0,0,66765050,66878200,1246,0,0,0,0,30212,0,5,0,0,0,0,19712,2
174,2609556270,7607,0,0,0,0,66787150,66900000,1339,0,0,0,0,30212,0,5,0,0,0,0,19712,2
175,141401383,7608,0,0,0,0,66737950,66854850,1583,0,0,0,0,30212,0,5,0,0,0,0,19712,2
176,3034105280,7609,0,0,0,0,66755350,66870000,128,0,0,0,0,30212,0,5,0,0,0,0,19712,2
177,3029196371,7610,0,0,0,0,66773800,66881800,1328,0,0,0,0,30212,0,5,0,0,0,0,19712,2
178,699378668,7611,0,0,0,0,67132550,67246050,1158,0,0,0,0,30212,0,5,0,0,0,0,19712,2
179,2402609405,7612,0,0,0,0,66394250,66508900,1455,0,0,0,0,30212,0,5,0,0,0,0,19712,2
CSV_END

STUDY_DONE_f1df0a1ffa61=0
# 