/tmp/app-lto --transport apb --state-frame 0 --frames 180 --warmup 30 --wait spin --profile frame --csv /tmp/transport-frames.csv --grouped --dump /tmp/transport-frame.raw && printf "CSV_BEGIN\n" && cat /tmp/transport-frames.csv && printf "CSV_END\n"; study_status=$?; printf "\nSTUDY_DONE_95f1ef4fa7b7=%s\n" "$study_status"
TRANSPORT mode=apb dma_minimum=64
BEGIN_BREAKOUT frames=180 warmup=30 fixed=0 blocks=40 tiles=1 hud=1 wait=spin replay=0 state_frame=0 profile=frame pixel_centers=1 clock_call_ns=5544
HW_COUNTERS unavailable
RESULT frames=180 elapsed_s=9.178808600 fps=19.610388 logic_ms=0.000000 api_ms=0.000000 swap_ms=0.000000 wait_ms=0.000000 worker_inclusive_ms=0.000000 upload_inclusive_ms=0.000000 write_ms=0.000000 bytes_per_frame=30951.56 p50_ms=50.158100 p95_ms=50.596350 max_ms=66.878750 late_60hz=180 first_count=27063 last_count=27242 state_hash=8f34e8fd remaining=38 score=20
RENDER_PATH retained=0 grouped=1 quads=13131 full_frames=180
FRAME_CHECK count=27242 address=9fe00000 fnv1a=79c99b23 pixels=307200 mismatches=0
BREAKOUT_PASS
CSV_BEGIN
frame,state_hash,display_count,logic_ns,api_ns,swap_ns,wait_ns,total_ns,completion_interval_ns,polls,worker_inclusive_ns,upload_inclusive_ns,write_ns,read_ns,write_bytes,read_bytes,write_calls,read_calls,dma_copy_ns,dma_launch_ns,dma_completion_wait_ns,dma_bytes,dma_lists
0,3724779174,27063,0,0,0,0,50070050,50081500,894,0,0,0,0,31172,0,5,0,0,0,0,0,0
1,1709657109,27064,0,0,0,0,50052750,50162650,683,0,0,0,0,31172,0,5,0,0,0,0,0,0
2,1894904752,27065,0,0,0,0,50049100,50152700,863,0,0,0,0,31172,0,5,0,0,0,0,0,0
3,3703759967,27066,0,0,0,0,50055250,50158450,723,0,0,0,0,31172,0,5,0,0,0,0,0,0
4,19533624,27067,0,0,0,0,50048750,50152950,427,0,0,0,0,31172,0,5,0,0,0,0,0,0
5,816884773,27068,0,0,0,0,50060250,50158400,730,0,0,0,0,31172,0,5,0,0,0,0,0,0
6,1339236364,27069,0,0,0,0,50052150,50158200,859,0,0,0,0,31172,0,5,0,0,0,0,0,0
7,3072959373,27070,0,0,0,0,50055400,50159750,794,0,0,0,0,31172,0,5,0,0,0,0,0,0
8,1782884746,27071,0,0,0,0,50047200,50155650,853,0,0,0,0,31172,0,5,0,0,0,0,0,0
9,30296781,27072,0,0,0,0,49615700,50160700,723,0,0,0,0,31492,0,5,0,0,0,0,0,0
10,4026418858,27073,0,0,0,0,66764450,66872700,2415,0,0,0,0,31492,0,5,0,0,0,0,0,0
11,2084929051,27074,0,0,0,0,50054600,50161700,841,0,0,0,0,31492,0,5,0,0,0,0,0,0
12,3114489770,27075,0,0,0,0,50053450,50157900,674,0,0,0,0,31172,0,5,0,0,0,0,0,0
13,891400471,27076,0,0,0,0,50044100,50157350,864,0,0,0,0,31172,0,5,0,0,0,0,0,0
14,3472773456,27077,0,0,0,0,48179700,50158100,116,0,0,0,0,31172,0,5,0,0,0,0,0,0
15,3010688243,27078,0,0,0,0,50060600,50160200,849,0,0,0,0,31172,0,5,0,0,0,0,0,0
16,2819524756,27079,0,0,0,0,50051650,50156150,824,0,0,0,0,31172,0,5,0,0,0,0,0,0
17,3241678401,27080,0,0,0,0,50374700,50482300,753,0,0,0,0,31172,0,5,0,0,0,0,0,0
18,2154316504,27081,0,0,0,0,49723750,49832800,863,0,0,0,0,31172,0,5,0,0,0,0,0,0
19,772262681,27082,0,0,0,0,50175400,50282150,788,0,0,0,0,31172,0,5,0,0,0,0,0,0
20,3882818750,27083,0,0,0,0,49925100,50032000,941,0,0,0,0,31172,0,5,0,0,0,0,0,0
21,521131153,27084,0,0,0,0,50054650,50159350,644,0,0,0,0,31172,0,5,0,0,0,0,0,0
22,1838187414,27085,0,0,0,0,50054500,50158950,929,0,0,0,0,31172,0,5,0,0,0,0,0,0
23,840574439,27086,0,0,0,0,50055350,50157000,731,0,0,0,0,31172,0,5,0,0,0,0,0,0
24,2879461878,27087,0,0,0,0,50051600,50155600,552,0,0,0,0,31172,0,5,0,0,0,0,0,0
25,202086035,27088,0,0,0,0,50054700,50160450,718,0,0,0,0,31172,0,5,0,0,0,0,0,0
26,959703924,27089,0,0,0,0,50053650,50158200,871,0,0,0,0,31172,0,5,0,0,0,0,0,0
27,3795724423,27090,0,0,0,0,50050800,50154950,797,0,0,0,0,31172,0,5,0,0,0,0,0,0
28,2500539904,27091,0,0,0,0,50055000,50158100,812,0,0,0,0,31172,0,5,0,0,0,0,0,0
29,2269000541,27092,0,0,0,0,50054800,50160650,734,0,0,0,0,31172,0,5,0,0,0,0,0,0
30,1900681108,27093,0,0,0,0,66770500,66876700,2471,0,0,0,0,31172,0,5,0,0,0,0,0,0
31,3680168245,27094,0,0,0,0,50049650,50158350,841,0,0,0,0,31172,0,5,0,0,0,0,0,0
32,2344329490,27095,0,0,0,0,50054150,50157450,739,0,0,0,0,31172,0,5,0,0,0,0,0,0
33,2130650181,27096,0,0,0,0,50051000,50156750,754,0,0,0,0,31492,0,5,0,0,0,0,0,0
34,906966818,27097,0,0,0,0,50051250,50158100,363,0,0,0,0,31492,0,5,0,0,0,0,0,0
35,3939376531,27098,0,0,0,0,50051100,50157350,816,0,0,0,0,31492,0,5,0,0,0,0,0,0
36,2110688546,27099,0,0,0,0,50053350,50159150,820,0,0,0,0,31172,0,5,0,0,0,0,0,0
37,2695523007,27100,0,0,0,0,49325750,50154400,550,0,0,0,0,31172,0,5,0,0,0,0,0,0
38,744447992,27101,0,0,0,0,49585450,50159900,851,0,0,0,0,31172,0,5,0,0,0,0,0,0
39,3728640411,27102,0,0,0,0,50168700,50274450,739,0,0,0,0,31172,0,5,0,0,0,0,0,0
40,618879740,27103,0,0,0,0,49939200,50043500,905,0,0,0,0,31172,0,5,0,0,0,0,0,0
41,1239708057,27104,0,0,0,0,50050100,50154450,612,0,0,0,0,31172,0,5,0,0,0,0,0,0
42,2429742208,27105,0,0,0,0,50053900,50158600,899,0,0,0,0,31172,0,5,0,0,0,0,0,0
43,412095716,27106,0,0,0,0,50056600,50157900,707,0,0,0,0,31172,0,5,0,0,0,0,0,0
44,1226741467,27107,0,0,0,0,50054050,50158450,420,0,0,0,0,31172,0,5,0,0,0,0,0,0
45,3288446148,27108,0,0,0,0,50056250,50156800,671,0,0,0,0,31172,0,5,0,0,0,0,0,0
46,1157984843,27109,0,0,0,0,50055050,50160150,843,0,0,0,0,31172,0,5,0,0,0,0,0,0
47,3877288378,27110,0,0,0,0,50061150,50165800,753,0,0,0,0,31172,0,5,0,0,0,0,0,0
48,4236526315,27111,0,0,0,0,50048600,50148600,831,0,0,0,0,31172,0,5,0,0,0,0,0,0
49,533834014,27112,0,0,0,0,50053650,50159300,753,0,0,0,0,31172,0,5,0,0,0,0,0,0
50,1649361089,27113,0,0,0,0,66762850,66876000,2556,0,0,0,0,31172,0,5,0,0,0,0,0,0
51,2486981906,27114,0,0,0,0,50054200,50159800,815,0,0,0,0,31172,0,5,0,0,0,0,0,0
52,1706075277,27115,0,0,0,0,50053350,50156350,705,0,0,0,0,31172,0,5,0,0,0,0,0,0
53,267972368,27116,0,0,0,0,50050750,50156650,772,0,0,0,0,31172,0,5,0,0,0,0,0,0
54,3895401273,27117,0,0,0,0,50051600,50159900,362,0,0,0,0,31172,0,5,0,0,0,0,0,0
55,605985656,27118,0,0,0,0,50052350,50157500,850,0,0,0,0,31172,0,5,0,0,0,0,0,0
56,4077673024,27119,0,0,0,0,50053800,50158450,793,0,0,0,0,30852,0,5,0,0,0,0,0,0
57,985632231,27120,0,0,0,0,50047600,50154850,739,0,0,0,0,30852,0,5,0,0,0,0,0,0
58,3720590956,27121,0,0,0,0,50046850,50161950,835,0,0,0,0,30852,0,5,0,0,0,0,0,0
59,3264032585,27122,0,0,0,0,50284150,50388350,786,0,0,0,0,30852,0,5,0,0,0,0,0,0
60,395405688,27123,0,0,0,0,49094400,49925050,610,0,0,0,0,30852,0,5,0,0,0,0,0,0
61,32142420,27124,0,0,0,0,50047550,50155800,745,0,0,0,0,30852,0,5,0,0,0,0,0,0
62,1187067055,27125,0,0,0,0,50049850,50158600,769,0,0,0,0,30852,0,5,0,0,0,0,0,0
63,459140908,27126,0,0,0,0,50054000,50159350,763,0,0,0,0,30852,0,5,0,0,0,0,0,0
64,3369786495,27127,0,0,0,0,50051700,50156750,293,0,0,0,0,30852,0,5,0,0,0,0,0,0
65,1572434254,27128,0,0,0,0,50063100,50159050,715,0,0,0,0,30852,0,5,0,0,0,0,0,0
66,4107798823,27129,0,0,0,0,50051950,50160100,820,0,0,0,0,30852,0,5,0,0,0,0,0,0
67,343968250,27130,0,0,0,0,50052850,50156900,771,0,0,0,0,30852,0,5,0,0,0,0,0,0
68,3102454017,27131,0,0,0,0,50053350,50156500,856,0,0,0,0,30852,0,5,0,0,0,0,0,0
69,3051095563,27132,0,0,0,0,50050350,50155900,795,0,0,0,0,30852,0,5,0,0,0,0,0,0
70,2391331016,27133,0,0,0,0,66774350,66878750,2569,0,0,0,0,30852,0,5,0,0,0,0,0,0
71,3869016117,27134,0,0,0,0,50044150,50158000,878,0,0,0,0,30852,0,5,0,0,0,0,0,0
72,1579800804,27135,0,0,0,0,50060050,50166600,698,0,0,0,0,30852,0,5,0,0,0,0,0,0
73,2792341157,27136,0,0,0,0,50046350,50148400,863,0,0,0,0,30852,0,5,0,0,0,0,0,0
74,714702942,27137,0,0,0,0,50051100,50160150,297,0,0,0,0,30852,0,5,0,0,0,0,0,0
75,1092538936,27138,0,0,0,0,50045700,50152150,457,0,0,0,0,30852,0,5,0,0,0,0,0,0
76,1561271239,27139,0,0,0,0,50065650,50160950,789,0,0,0,0,31172,0,5,0,0,0,0,0,0
77,3798074098,27140,0,0,0,0,50054150,50161300,850,0,0,0,0,31172,0,5,0,0,0,0,0,0
78,3022639071,27141,0,0,0,0,50047150,50155600,727,0,0,0,0,31172,0,5,0,0,0,0,0,0
79,2282770062,27142,0,0,0,0,50410000,50513050,834,0,0,0,0,30852,0,5,0,0,0,0,0,0
80,1626512457,27143,0,0,0,0,49696600,49803300,874,0,0,0,0,30852,0,5,0,0,0,0,0,0
81,3156888026,27144,0,0,0,0,50088500,50194500,776,0,0,0,0,30852,0,5,0,0,0,0,0,0
82,3038824309,27145,0,0,0,0,50009950,50118850,852,0,0,0,0,30852,0,5,0,0,0,0,0,0
83,1261846460,27146,0,0,0,0,50058850,50161650,794,0,0,0,0,30852,0,5,0,0,0,0,0,0
84,2035201521,27147,0,0,0,0,49332400,50154900,317,0,0,0,0,30852,0,5,0,0,0,0,0,0
85,2164446652,27148,0,0,0,0,50066650,50164250,714,0,0,0,0,30852,0,5,0,0,0,0,0,0
86,2017191835,27149,0,0,0,0,50046500,50151950,804,0,0,0,0,30852,0,5,0,0,0,0,0,0
87,3029138484,27150,0,0,0,0,50055750,50160100,752,0,0,0,0,30852,0,5,0,0,0,0,0,0
88,50355403,27151,0,0,0,0,50053000,50155700,875,0,0,0,0,30852,0,5,0,0,0,0,0,0
89,654213990,27152,0,0,0,0,50055150,50159450,817,0,0,0,0,30852,0,5,0,0,0,0,0,0
90,2360099787,27153,0,0,0,0,66773500,66877900,2506,0,0,0,0,30852,0,5,0,0,0,0,0,0
91,2424818746,27154,0,0,0,0,50045700,50157700,902,0,0,0,0,30852,0,5,0,0,0,0,0,0
92,1971386461,27155,0,0,0,0,50054000,50156650,811,0,0,0,0,30852,0,5,0,0,0,0,0,0
93,3386045126,27156,0,0,0,0,50051600,50157350,932,0,0,0,0,30852,0,5,0,0,0,0,0,0
94,1429641961,27157,0,0,0,0,50052600,50157250,353,0,0,0,0,30852,0,5,0,0,0,0,0,0
95,3022846880,27158,0,0,0,0,50052950,50157600,856,0,0,0,0,30852,0,5,0,0,0,0,0,0
96,1601897261,27159,0,0,0,0,50053650,50157550,779,0,0,0,0,30852,0,5,0,0,0,0,0,0
97,1229951528,27160,0,0,0,0,50051650,50157550,883,0,0,0,0,30852,0,5,0,0,0,0,0,0
98,4065171759,27161,0,0,0,0,50055950,50161200,770,0,0,0,0,30852,0,5,0,0,0,0,0,0
99,1034325744,27162,0,0,0,0,50051250,50154400,823,0,0,0,0,30852,0,5,0,0,0,0,0,0
100,14078671,27163,0,0,0,0,49609250,50157350,836,0,0,0,0,31172,0,5,0,0,0,0,0,0
101,4024270554,27164,0,0,0,0,50220300,50326800,766,0,0,0,0,31172,0,5,0,0,0,0,0,0
102,896191351,27165,0,0,0,0,49881750,49989050,817,0,0,0,0,31172,0,5,0,0,0,0,0,0
103,2131384102,27166,0,0,0,0,50054750,50160500,767,0,0,0,0,30852,0,5,0,0,0,0,0,0
104,2586210593,27167,0,0,0,0,50048700,50156000,493,0,0,0,0,30852,0,5,0,0,0,0,0,0
105,591918370,27168,0,0,0,0,50051150,50158400,778,0,0,0,0,30852,0,5,0,0,0,0,0,0
106,8814317,27169,0,0,0,0,50054250,50158300,880,0,0,0,0,30852,0,5,0,0,0,0,0,0
107,2340504196,27170,0,0,0,0,49329300,50157400,457,0,0,0,0,30852,0,5,0,0,0,0,0,0
108,3523076009,27171,0,0,0,0,50054050,50158300,846,0,0,0,0,30852,0,5,0,0,0,0,0,0
109,1961669028,27172,0,0,0,0,50052100,50157200,717,0,0,0,0,30852,0,5,0,0,0,0,0,0
110,1037581603,27173,0,0,0,0,50054800,50161650,324,0,0,0,0,30852,0,5,0,0,0,0,0,0
111,2701024588,27174,0,0,0,0,66751450,66872900,3200,0,0,0,0,30852,0,5,0,0,0,0,0,0
112,215037203,27175,0,0,0,0,50051550,50158850,779,0,0,0,0,30852,0,5,0,0,0,0,0,0
113,3696282862,27176,0,0,0,0,50053550,50159300,919,0,0,0,0,30852,0,5,0,0,0,0,0,0
114,2829142928,27177,0,0,0,0,50051950,50156350,261,0,0,0,0,30852,0,5,0,0,0,0,0,0
115,3204762949,27178,0,0,0,0,50045450,50157300,887,0,0,0,0,30852,0,5,0,0,0,0,0,0
116,3297489190,27179,0,0,0,0,50056100,50159250,747,0,0,0,0,30852,0,5,0,0,0,0,0,0
117,1691704917,27180,0,0,0,0,50051350,50156900,856,0,0,0,0,30852,0,5,0,0,0,0,0,0
118,663957814,27181,0,0,0,0,50052200,50159000,747,0,0,0,0,30852,0,5,0,0,0,0,0,0
119,3058583827,27182,0,0,0,0,50052450,50157400,764,0,0,0,0,30852,0,5,0,0,0,0,0,0
120,838545270,27183,0,0,0,0,50049350,50155850,832,0,0,0,0,30852,0,5,0,0,0,0,0,0
121,3608912039,27184,0,0,0,0,50492800,50596350,843,0,0,0,0,30852,0,5,0,0,0,0,0,0
122,4080159716,27185,0,0,0,0,49610350,49719350,888,0,0,0,0,30852,0,5,0,0,0,0,0,0
123,1056027075,27186,0,0,0,0,50055500,50159550,722,0,0,0,0,30852,0,5,0,0,0,0,0,0
124,4057021248,27187,0,0,0,0,50049400,50155100,474,0,0,0,0,31172,0,5,0,0,0,0,0,0
125,2686741161,27188,0,0,0,0,50055100,50162000,719,0,0,0,0,31172,0,5,0,0,0,0,0,0
126,3870849660,27189,0,0,0,0,50051650,50155900,909,0,0,0,0,31172,0,5,0,0,0,0,0,0
127,293449641,27190,0,0,0,0,50052350,50157900,680,0,0,0,0,30852,0,5,0,0,0,0,0,0
128,596064266,27191,0,0,0,0,50052200,50156450,876,0,0,0,0,30852,0,5,0,0,0,0,0,0
129,3715495249,27192,0,0,0,0,50056050,50160600,746,0,0,0,0,30852,0,5,0,0,0,0,0,0
130,244680018,27193,0,0,0,0,49319700,50156650,670,0,0,0,0,30852,0,5,0,0,0,0,0,0
131,4080661783,27194,0,0,0,0,66771200,66877050,2749,0,0,0,0,30852,0,5,0,0,0,0,0,0
132,4006730450,27195,0,0,0,0,50054300,50160700,811,0,0,0,0,30852,0,5,0,0,0,0,0,0
133,3864584507,27196,0,0,0,0,50050650,50156500,939,0,0,0,0,30852,0,5,0,0,0,0,0,0
134,2711027320,27197,0,0,0,0,50050500,50155150,374,0,0,0,0,30852,0,5,0,0,0,0,0,0
135,4099079087,27198,0,0,0,0,50055600,50158750,796,0,0,0,0,30852,0,5,0,0,0,0,0,0
136,565333772,27199,0,0,0,0,50052900,50157200,767,0,0,0,0,30852,0,5,0,0,0,0,0,0
137,1028518269,27200,0,0,0,0,50056000,50161550,870,0,0,0,0,30852,0,5,0,0,0,0,0,0
138,2252688136,27201,0,0,0,0,50049900,50155950,789,0,0,0,0,30852,0,5,0,0,0,0,0,0
139,578597309,27202,0,0,0,0,50057400,50160000,757,0,0,0,0,30852,0,5,0,0,0,0,0,0
140,3624439358,27203,0,0,0,0,50057050,50161300,835,0,0,0,0,30852,0,5,0,0,0,0,0,0
141,3514067501,27204,0,0,0,0,50051250,50152750,827,0,0,0,0,30852,0,5,0,0,0,0,0,0
142,2741972910,27205,0,0,0,0,49631600,50158950,864,0,0,0,0,30852,0,5,0,0,0,0,0,0
143,28497579,27206,0,0,0,0,50176750,50279650,716,0,0,0,0,30852,0,5,0,0,0,0,0,0
144,466729326,27207,0,0,0,0,49931400,50035500,484,0,0,0,0,30852,0,5,0,0,0,0,0,0
145,3425349295,27208,0,0,0,0,50050100,50156300,777,0,0,0,0,30852,0,5,0,0,0,0,0,0
146,1537640620,27209,0,0,0,0,50049800,50158700,907,0,0,0,0,30852,0,5,0,0,0,0,0,0
147,1853842891,27210,0,0,0,0,50051400,50156800,660,0,0,0,0,30852,0,5,0,0,0,0,0,0
148,1177024904,27211,0,0,0,0,50050800,50156700,840,0,0,0,0,31172,0,5,0,0,0,0,0,0
149,4106734849,27212,0,0,0,0,50055300,50159500,716,0,0,0,0,31172,0,5,0,0,0,0,0,0
150,2025356500,27213,0,0,0,0,50049500,50156750,866,0,0,0,0,31172,0,5,0,0,0,0,0,0
151,2189605121,27214,0,0,0,0,66772200,66877600,2478,0,0,0,0,30852,0,5,0,0,0,0,0,0
152,4086136290,27215,0,0,0,0,50051800,50157750,770,0,0,0,0,30852,0,5,0,0,0,0,0,0
153,4036669705,27216,0,0,0,0,49324850,50158850,648,0,0,0,0,30852,0,5,0,0,0,0,0,0
154,4167980074,27217,0,0,0,0,50047200,50155500,16,0,0,0,0,30852,0,5,0,0,0,0,0,0
155,51187407,27218,0,0,0,0,50059700,50160650,753,0,0,0,0,30852,0,5,0,0,0,0,0,0
156,2242638442,27219,0,0,0,0,50054950,50159250,738,0,0,0,0,30852,0,5,0,0,0,0,0,0
157,2730108163,27220,0,0,0,0,50048300,50154000,860,0,0,0,0,30852,0,5,0,0,0,0,0,0
158,2718743917,27221,0,0,0,0,50056100,50160400,752,0,0,0,0,30852,0,5,0,0,0,0,0,0
159,3391709842,27222,0,0,0,0,50053500,50156450,813,0,0,0,0,30852,0,5,0,0,0,0,0,0
160,1164604273,27223,0,0,0,0,50045450,50156950,812,0,0,0,0,30852,0,5,0,0,0,0,0,0
161,2148591176,27224,0,0,0,0,50052950,50157650,806,0,0,0,0,30852,0,5,0,0,0,0,0,0
162,4192737573,27225,0,0,0,0,50055450,50161200,851,0,0,0,0,30852,0,5,0,0,0,0,0,0
163,535584840,27226,0,0,0,0,50271300,50374750,788,0,0,0,0,30852,0,5,0,0,0,0,0,0
164,3430794475,27227,0,0,0,0,49831850,49937400,304,0,0,0,0,30852,0,5,0,0,0,0,0,0
165,776323552,27228,0,0,0,0,50057750,50160550,754,0,0,0,0,30852,0,5,0,0,0,0,0,0
166,3330991427,27229,0,0,0,0,50047800,50156350,957,0,0,0,0,30852,0,5,0,0,0,0,0,0
167,3282074430,27230,0,0,0,0,50054050,50160100,769,0,0,0,0,30852,0,5,0,0,0,0,0,0
168,2597814595,27231,0,0,0,0,50052700,50158150,797,0,0,0,0,30852,0,5,0,0,0,0,0,0
169,2225601370,27232,0,0,0,0,50052500,50158550,750,0,0,0,0,30852,0,5,0,0,0,0,0,0
170,3716853465,27233,0,0,0,0,50047250,50154550,848,0,0,0,0,30852,0,5,0,0,0,0,0,0
171,1080675697,27234,0,0,0,0,66771850,66878600,2703,0,0,0,0,30212,0,5,0,0,0,0,0,0
172,219920238,27235,0,0,0,0,50127600,50233950,826,0,0,0,0,30212,0,5,0,0,0,0,0,0
173,3070385651,27236,0,0,0,0,49973600,50082650,945,0,0,0,0,30212,0,5,0,0,0,0,0,0
174,2609556270,27237,0,0,0,0,50046550,50155150,563,0,0,0,0,30212,0,5,0,0,0,0,0,0
175,141401383,27238,0,0,0,0,50054450,50161600,1034,0,0,0,0,30212,0,5,0,0,0,0,0,0
176,3034105280,27239,0,0,0,0,50053300,50155600,838,0,0,0,0,30212,0,5,0,0,0,0,0,0
177,3029196371,27240,0,0,0,0,50039850,50157450,1101,0,0,0,0,30212,0,5,0,0,0,0,0,0
178,699378668,27241,0,0,0,0,50050350,50157400,923,0,0,0,0,30212,0,5,0,0,0,0,0,0
179,2402609405,27242,0,0,0,0,50052900,50157650,1040,0,0,0,0,30212,0,5,0,0,0,0,0,0
CSV_END

STUDY_DONE_95f1ef4fa7b7=0
# 