/tmp/app --transport apb --state-frame 3600 --frames 180 --warmup 30 --wait spin --profile detailed --csv /tmp/transport-frames.csv --grouped && printf "CSV_BEGIN\n" && cat /tmp/transport-frames.csv && printf "CSV_END\n"; study_status=$?; printf "\nSTUDY_DONE_a2eadd90aa28=%s\n" "$study_status"
TRANSPORT mode=apb dma_minimum=64
BEGIN_BREAKOUT frames=180 warmup=30 fixed=0 blocks=40 tiles=1 hud=1 wait=spin replay=0 state_frame=3600 profile=detailed pixel_centers=1 clock_call_ns=5539
HW_COUNTERS unavailable
RESULT frames=180 elapsed_s=6.487040000 fps=27.747632 logic_ms=0.817859 api_ms=8.735386 swap_ms=23.048021 wait_ms=3.268820 worker_inclusive_ms=22.842870 upload_inclusive_ms=5.609288 write_ms=5.376028 bytes_per_frame=18724.00 p50_ms=33.438750 p95_ms=50.160850 max_ms=50.455950 late_60hz=180 first_count=15277 last_count=15456 state_hash=3933ec17 remaining=6 score=340
RENDER_PATH retained=0 grouped=1 quads=7380 full_frames=180
BREAKOUT_PASS
CSV_BEGIN
frame,state_hash,display_count,logic_ns,api_ns,swap_ns,wait_ns,total_ns,completion_interval_ns,polls,worker_inclusive_ns,upload_inclusive_ns,write_ns,read_ns,write_bytes,read_bytes,write_calls,read_calls,dma_copy_ns,dma_launch_ns,dma_completion_wait_ns,dma_bytes,dma_lists
0,3653798554,15277,672750,8482650,22986150,1244550,33386100,33395650,261,22812800,6037900,5825900,0,18692,0,5,0,0,0,0,0,0
1,4254654458,15278,675300,8617600,22810150,1232400,33335450,33435250,259,22631300,4917500,4729700,0,18692,0,5,0,0,0,0,0,0
2,258432485,15279,1348750,8551500,22413200,1017100,33330550,33441150,93,22238550,5442550,5248050,0,18692,0,5,0,0,0,0,0,0
3,872827290,15280,675550,9029200,22674200,953400,33332350,33436300,198,22498400,5765450,5551800,0,18692,0,5,0,0,0,0,0,0
4,30312805,15281,671550,8575000,22933300,1156250,33336100,33439150,243,22755600,5105450,4905800,0,18692,0,5,0,0,0,0,0,0
5,4016430808,15282,1267850,8535950,22957400,572050,33333250,33440500,116,22782800,6019950,5815950,0,18692,0,5,0,0,0,0,0,0
6,3012967645,15283,662800,8742350,24581150,16070950,50057250,50158350,3086,24414350,5339450,5127600,0,18692,0,5,0,0,0,0,0,0
7,3593359732,15284,1297650,8669050,22371100,993850,33331650,33441550,89,22189800,5410000,5216100,0,18692,0,5,0,0,0,0,0,0
8,2714884843,15285,671800,8535450,23410800,706750,33324800,33435050,145,23234700,6467700,6269300,0,19012,0,5,0,0,0,0,0,0
9,1754706848,15286,668600,8630050,22762250,1269100,33330000,33436450,267,22579800,4987500,4793900,0,19012,0,5,0,0,0,0,0,0
10,634139175,15287,1290050,8545550,23126500,366300,33328400,33439750,72,22953700,6036800,5835700,0,18692,0,5,0,0,0,0,0,0
11,2225001302,15288,670150,8581550,22985100,1099600,33336400,33440500,230,22804750,6171800,5971350,0,18692,0,5,0,0,0,0,0,0
12,3881591779,15289,666950,8491550,23071000,6857550,39087050,39192250,207,22191050,5455000,5255950,0,18692,0,5,0,0,0,0,0,0
13,2688998526,15290,715650,10585300,22381100,10593400,44275450,44404700,1992,22194800,5354450,5152350,0,18692,0,5,0,0,0,0,0,0
14,3733755993,15291,709500,9461550,23581800,15554150,49307000,50158800,2997,23418650,6039550,5825550,0,18692,0,5,0,0,0,0,0,0
15,4110562030,15292,679950,8589450,23183750,876900,33330050,33437200,182,23008650,6032450,5819150,0,18692,0,5,0,0,0,0,0,0
16,2165534041,15293,675100,8616600,22414800,1626300,33332800,33435400,343,22239250,4842500,4668100,0,18692,0,5,0,0,0,0,0,0
17,51482660,15294,1360700,8691450,22410300,874050,33336500,33441050,66,22217300,5390550,5197600,0,18692,0,5,0,0,0,0,0,0
18,1808653113,15295,674950,8540400,23137700,972750,33325800,33437300,202,22963200,6031600,5837250,0,18692,0,5,0,0,0,0,0,0
19,3012136936,15296,676050,8590950,22554750,1513700,33335450,33439300,320,22379100,4869950,4675000,0,18692,0,5,0,0,0,0,0,0
20,1547905167,15297,1311350,8663500,25103350,14970450,50048650,50157500,2852,24931300,5003750,4796800,0,18692,0,5,0,0,0,0,0,0
21,2010544228,15298,691300,8576200,22534650,1529900,33332050,33440550,322,22348550,4774200,4595900,0,18692,0,5,0,0,0,0,0,0
22,2331187115,15299,1351700,8535100,22461150,982450,33330400,33436750,83,22271750,5483100,5290300,0,18692,0,5,0,0,0,0,0,0
23,591091010,15300,679750,8510600,23050350,1088000,33328700,33438800,227,22870700,6018400,5806750,0,18692,0,5,0,0,0,0,0,0
24,3337222943,15301,666350,8618700,22739850,1313900,33338800,33439750,277,22564050,4912250,4722300,0,18692,0,5,0,0,0,0,0,0
25,541067522,15302,1356550,8533250,22397650,1038200,33325650,33438400,69,22222100,5407850,4444900,0,18692,0,5,0,0,0,0,0,0
26,1909576061,15303,664900,8904000,22704350,1046200,33319450,33435250,218,22518650,5884600,5684450,0,18692,0,5,0,0,0,0,0,0
27,3576416482,15304,672550,8586150,22780850,1297750,33337300,33440000,273,22599450,4927650,4730750,0,18692,0,5,0,0,0,0,0,0
28,2786439485,15305,1272150,8534300,22915700,608250,33330400,33439600,124,22744750,6006350,5804950,0,18692,0,5,0,0,0,0,0,0
29,1931780192,15306,668350,8711350,22691800,1267300,33338800,33438600,265,22508550,5756250,5551550,0,18692,0,5,0,0,0,0,0,0
30,1799980229,15307,668450,9176350,22159700,1691400,33695900,33798800,245,21976350,5047450,4860350,0,18692,0,5,0,0,0,0,0,0
31,3538847580,15308,675300,8523750,23011750,757150,32967950,33078700,156,22841100,6032000,5818350,0,18692,0,5,0,0,0,0,0,0
32,3831628403,15309,663900,8751900,23020150,896250,33332200,33436600,187,22838850,4919050,4718650,0,19012,0,5,0,0,0,0,0,0
33,1903038664,15310,666150,9301300,22697900,727050,33392400,33504350,33,22516700,5427850,5225600,0,19012,0,5,0,0,0,0,0,0
34,3410263823,15311,670100,8538000,23079050,978150,33265300,33375450,204,22906800,6050700,5848600,0,18692,0,5,0,0,0,0,0,0
35,3263986894,15312,672150,8616000,25634700,15430750,50353600,50455950,2971,25461350,6058400,5824300,0,18692,0,5,0,0,0,0,0,0
36,2175892875,15313,675950,8553150,23248000,552500,33029600,33136650,111,23070650,6057450,5853500,0,18692,0,5,0,0,0,0,0,0
37,1813748966,15314,678950,8589100,22762350,1308650,33339050,33441800,275,22567250,5824900,5615750,0,18692,0,5,0,0,0,0,0,0
38,833434417,15315,1823250,8598800,23032300,15871400,49325750,50159600,3029,22860550,6077500,5880150,0,18692,0,5,0,0,0,0,0,0
39,4097282166,15316,684600,8626850,22934500,1078100,33324050,33436450,225,22754750,6060200,5842200,0,18692,0,5,0,0,0,0,0,0
40,192773425,15317,674700,8497200,23020550,1137350,33329800,33435750,239,22832100,5107700,4910900,0,18692,0,5,0,0,0,0,0,0
41,858826700,15318,718050,11302450,23277900,9350050,44648450,50160900,1829,23103900,6231450,6023600,0,18692,0,5,0,0,0,0,0,0
42,1950483681,15319,672150,8593400,22561600,1496750,33323900,33436400,315,22369600,4847750,4670700,0,18692,0,5,0,0,0,0,0,0
43,575738928,15320,1343800,9064700,23086600,16561950,50057050,50162600,3211,22907900,6078050,5864750,0,18692,0,5,0,0,0,0,0,0
44,1359536727,15321,664950,8709650,22456950,1496150,33327700,33435400,315,22266350,4824500,4648500,0,18692,0,5,0,0,0,0,0,0
45,3117637717,15322,675500,9185750,22584150,892350,33337750,33438800,64,22387950,5432000,5236450,0,18692,0,5,0,0,0,0,0,0
46,2557278958,15323,668300,8531350,23088100,1039250,33327000,33436550,217,22920400,6089300,5882650,0,18692,0,5,0,0,0,0,0,0
47,3928984507,15324,672300,8606200,22744600,1314550,33337650,33438300,277,22563500,4897350,4705950,0,18692,0,5,0,0,0,0,0,0
48,3279099526,15325,1372600,8528550,24445100,15704850,50051100,50163350,3005,24263800,5881700,4829100,0,18692,0,5,0,0,0,0,0,0
49,3402996575,15326,685900,8562600,22815450,1262550,33326500,33433100,265,22626150,5834350,5623100,0,18692,0,5,0,0,0,0,0,0
50,1848951628,15327,662050,9234500,22387900,1060900,33345350,33450100,105,22196500,5389300,5197500,0,18692,0,5,0,0,0,0,0,0
51,3328119971,15328,676000,8543250,23288200,813100,33320550,33428250,168,23108100,6079450,5865850,0,18692,0,5,0,0,0,0,0,0
52,536923704,15329,673350,8602900,22423500,1639300,33339050,33440750,345,22238200,4810500,4640950,0,18692,0,5,0,0,0,0,0,0
53,991563721,15330,1529400,8538400,23105100,160500,33333400,33436450,28,22919950,6084550,5865950,0,18692,0,5,0,0,0,0,0,0
54,2482503020,15331,667250,8518000,23316150,837500,33338900,33440900,172,23140700,5832350,5624150,0,18692,0,5,0,0,0,0,0,0
55,3320786401,15332,673550,8583250,22555250,1523250,33335300,33439050,322,22368950,4893950,4699750,0,18692,0,5,0,0,0,0,0,0
56,1307572882,15333,1308850,8674250,23126950,216300,33326350,33434900,40,22952800,6063400,5862200,0,19012,0,5,0,0,0,0,0,0
57,1045847897,15334,674500,8601850,22884600,1176450,33337400,33438300,245,22699650,5809750,5597500,0,19012,0,5,0,0,0,0,0,0
58,2886179050,15335,668950,8503350,22376750,2254400,33803450,33915950,368,22189500,4744300,4554250,0,18692,0,5,0,0,0,0,0,0
59,961732807,15336,674100,8671250,23000800,506300,32852450,32963450,102,22824100,6022000,5806650,0,18692,0,5,0,0,0,0,0,0
60,1947062354,15337,664300,8602900,23034700,1031250,33333150,33436450,215,22844000,6166300,5970050,0,18692,0,5,0,0,0,0,0,0
61,2075511931,15338,1559250,8603550,23017050,16147650,49327500,50163350,3095,22849150,6032350,5821150,0,18692,0,5,0,0,0,0,0,0
62,2408546800,15339,676800,8572950,24116450,16681450,50047650,50158300,3157,23947400,7317000,7119250,0,18692,0,5,0,0,0,0,0,0
63,460493639,15340,1297750,8522600,22259650,1243600,33323600,33436100,145,22070100,5345900,5153950,0,18692,0,5,0,0,0,0,0,0
64,1463678916,15341,668500,8552050,23107650,999150,33327350,33437300,207,22926750,6019300,5823850,0,18692,0,5,0,0,0,0,0,0
65,3795713909,15342,677750,8571050,22468400,1618750,33335950,33435800,341,22285950,4812850,4638900,0,18692,0,5,0,0,0,0,0,0
66,1056688136,15343,1481650,8838950,22932450,16800200,50053250,50162300,3269,22761350,6036100,5832600,0,18692,0,5,0,0,0,0,0,0
67,202923725,15344,677550,8728400,22419550,1501050,33326550,33434450,316,22241000,4838850,4665600,0,18692,0,5,0,0,0,0,0,0
68,4012539606,15345,664750,9158650,29739450,10491950,50054800,50160850,1973,29548300,5050300,4853300,0,18692,0,5,0,0,0,0,0,0
69,1087445485,15346,693300,8543550,22773300,1318400,33328550,33438250,276,22580750,5704900,5497250,0,18692,0,5,0,0,0,0,0,0
70,491589414,15347,671300,9169950,21907550,1919700,33668500,33771300,296,21725700,4943400,4756650,0,18692,0,5,0,0,0,0,0,0
71,1293200275,15348,674600,8688300,23397300,233350,32993550,33105200,43,23216150,6009900,5786150,0,18692,0,5,0,0,0,0,0,0
72,1737595726,15349,667550,8570250,22797600,1299550,33334950,33438000,273,22601450,5873750,5679700,0,18692,0,5,0,0,0,0,0,0
73,2173390039,15350,668350,9224950,22322850,2651950,34868100,34972050,127,22141050,5339000,5145550,0,18692,0,5,0,0,0,0,0,0
74,2060004372,15351,700450,9078350,22797750,15931650,48508200,48628700,3068,21787450,5038100,4848050,0,18692,0,5,0,0,0,0,0,0
75,668607547,15352,675600,8426950,22877300,1773100,33752950,33863850,263,22690000,5045600,4846300,0,18692,0,5,0,0,0,0,0,0
76,3409034624,15353,671100,9871800,22589550,16489550,49622000,49729900,3108,22402300,5681600,4788100,0,18692,0,5,0,0,0,0,0,0
77,66914193,15354,684200,8543300,22536600,1561000,33325100,33438750,330,22353850,4887750,4683100,0,18692,0,5,0,0,0,0,0,0
78,2553907572,15355,1439400,8495650,22940800,453550,33329400,33438450,91,22769750,6003400,5799900,0,18692,0,5,0,0,0,0,0,0
79,890390073,15356,673600,8611850,22883000,1165100,33333550,33436800,243,22697350,5862500,5658550,0,18692,0,5,0,0,0,0,0,0
80,2223873098,15357,672650,8498100,22691600,1983450,33845800,33947800,310,22499200,4989400,4802600,0,19012,0,5,0,0,0,0,0,0
81,2336881585,15358,674950,8745600,23076650,323450,32820650,32931050,62,22893400,6045400,5839250,0,19012,0,5,0,0,0,0,0,0
82,4135459074,15359,668800,8574850,22902100,1183800,33329550,33435400,247,22716500,5889950,5669250,0,18692,0,5,0,0,0,0,0,0
83,1986260127,15360,672850,9145100,22059050,1660050,33537050,33645050,238,21878150,5092900,4896550,0,18692,0,5,0,0,0,0,0,0
84,353344474,15361,705400,8889800,22532500,258150,32385850,33233250,48,22349500,5649250,5448200,0,18692,0,5,0,0,0,0,0,0
85,3169575603,15362,685250,8636700,22522850,1491800,33336600,33440300,314,22327700,5619950,4584550,0,18692,0,5,0,0,0,0,0,0
86,210205944,15363,673900,9195450,22282800,1179550,33331700,33439100,131,22102900,5352600,5158750,0,18692,0,5,0,0,0,0,0,0
87,1677393503,15364,674650,8550350,23157400,944900,33327300,33438200,196,22973750,6025150,5820300,0,18692,0,5,0,0,0,0,0,0
88,3832728684,15365,675000,8598450,22386700,1676250,33336400,33436150,354,22204650,4875900,4702000,0,18692,0,5,0,0,0,0,0,0
89,2074852568,15366,1671050,8517300,23031300,115450,33335100,33441100,18,22859900,6036800,5823950,0,18692,0,5,0,0,0,0,0,0
90,1464943173,15367,663050,8602850,23050000,1020050,33335950,33438200,212,22863250,6012950,5821250,0,18692,0,5,0,0,0,0,0,0
91,315990800,15368,673800,11214650,23027700,15139400,50055550,50159500,2902,22851100,6169050,5967600,0,18692,0,5,0,0,0,0,0,0
92,1451405891,15369,671150,8528750,22981250,1147850,33329000,33434900,240,22810050,6030900,5831650,0,18692,0,5,0,0,0,0,0,0
93,3196408848,15370,673600,8754900,22579400,1334600,33342500,33442000,281,22392400,4876850,4683100,0,18692,0,5,0,0,0,0,0,0
94,141073587,15371,1376200,8535150,23468700,16666650,50046700,50156650,3238,23290600,6062500,5841900,0,18692,0,5,0,0,0,0,0,0
95,3576439062,15372,673450,8559600,22745850,1346800,33325700,33436750,282,22553950,5680600,5468350,0,18692,0,5,0,0,0,0,0,0
96,2798564443,15373,674850,9263050,29274700,10843400,50056000,50159500,1991,29085500,11709100,11452450,0,18692,0,5,0,0,0,0,0,0
97,3409362634,15374,684850,8602250,22736850,1307100,33331050,33437000,274,22549400,5888300,5687100,0,18692,0,5,0,0,0,0,0,0
98,1459202337,15375,671550,8510050,22827500,1785100,33794200,33896450,267,21824800,5092350,4906000,0,18692,0,5,0,0,0,0,0,0
99,1984418334,15376,678250,8533450,23475950,180950,32868600,32979750,32,23300450,6501900,6291000,0,18692,0,5,0,0,0,0,0,0
100,2690152925,15377,664800,8642700,22627300,1406800,33341600,33441450,295,22435650,5763500,5569350,0,18692,0,5,0,0,0,0,0,0
101,2607809844,15378,676150,9209150,22443050,1162500,33490850,33593450,130,22252100,5343400,5144400,0,18692,0,5,0,0,0,0,0,0
102,3522750362,15379,665300,8528750,23094950,883600,33172600,33282600,184,22919800,6172100,5973150,0,18692,0,5,0,0,0,0,0,0
103,2368404599,15380,667500,8619100,22385750,1664200,33336550,33437150,351,22201950,4781200,4610850,0,18692,0,5,0,0,0,0,0,0
104,3250007036,15381,1346600,8540550,24613300,15553550,50054000,50160550,2958,24442000,7433650,7206900,0,19012,0,5,0,0,0,0,0,0
105,1111684799,15382,691250,8602900,22949600,1083350,33327100,33437650,226,22770850,4773750,4595250,0,19012,0,5,0,0,0,0,0,0
106,2213018028,15383,666400,9134850,22039950,1725300,33566500,33676100,252,21856850,5119700,4931050,0,18692,0,5,0,0,0,0,0,0
107,3171439817,15384,716100,8894900,22602200,128250,32341450,33199350,20,22415000,5648450,5437800,0,18692,0,5,0,0,0,0,0,0
108,2255827236,15385,669800,8650950,22511700,1502150,33334600,33438100,316,22329450,4797650,4621800,0,18692,0,5,0,0,0,0,0,0
109,2472184909,15386,677400,9209000,22325600,1122250,33334250,33440000,119,22147050,5396050,5200100,0,18692,0,5,0,0,0,0,0,0
110,3140412334,15387,669100,8692550,22945950,1023950,33331550,33439250,213,22768500,6027250,5833550,0,18692,0,5,0,0,0,0,0,0
111,785888721,15388,678600,8604050,22755450,1300650,33338750,33440550,272,22569950,5033250,4855600,0,18692,0,5,0,0,0,0,0,0
112,1084583170,15389,1435400,8555450,22370200,974050,33335100,33439450,84,22193450,5425550,4451600,0,18692,0,5,0,0,0,0,0,0
113,4019848443,15390,672550,8560700,23056900,1040000,33330150,33436350,217,22879400,6041850,5838950,0,18692,0,5,0,0,0,0,0,0
114,808788421,15391,665900,8587000,22536050,1544750,33333700,33439400,327,22347650,4971100,4768450,0,18692,0,5,0,0,0,0,0,0
115,3645042740,15392,1298500,8544100,22929850,556300,33328750,33437850,113,22755200,6012500,5812250,0,18692,0,5,0,0,0,0,0,0
116,2991496187,15393,663800,8603850,22785950,1280950,33334550,33435300,268,22602300,5879250,5686850,0,18692,0,5,0,0,0,0,0,0
117,3919662364,15394,675750,8469250,22597900,2153500,33896400,33997350,314,21712700,5000850,4815000,0,18692,0,5,0,0,0,0,0,0
118,1681074571,15395,666100,8899900,22887400,316250,32769650,32883450,61,22702550,6047250,5849750,0,18692,0,5,0,0,0,0,0,0
119,4218967458,15396,672850,8594450,24843850,15941550,50052700,50158350,3061,24666750,5421500,5204350,0,18692,0,5,0,0,0,0,0,0
120,625353107,15397,1199950,8540700,23148150,441100,33329900,33435900,88,22967500,6013900,5803300,0,18692,0,5,0,0,0,0,0,0
121,3717195990,15398,666000,8576100,22839100,1258300,33339500,33438700,264,22650800,6026100,5819400,0,18692,0,5,0,0,0,0,0,0
122,2425705089,15399,669000,9354150,21934900,1872650,33830700,33935400,285,21761500,5063900,4136700,0,18692,0,5,0,0,0,0,0,0
123,2555484258,15400,671750,8530700,23525450,16823500,49551400,49663800,3270,23350400,6394350,6174750,0,18692,0,5,0,0,0,0,0,0
124,1141451493,15401,664300,8593400,22538600,1534100,33330400,33437400,324,22356600,4824350,4625350,0,18692,0,5,0,0,0,0,0,0
125,1505942736,15402,1328350,8519450,30018250,10183700,50049750,50159600,1866,29839500,5396850,5192100,0,18692,0,5,0,0,0,0,0,0
126,2491710369,15403,672600,8589850,22515700,1542400,33320550,33435300,325,22332800,5674250,5462250,0,18692,0,5,0,0,0,0,0,0
127,2825516936,15404,1352400,8539450,22500550,941100,33333500,33441150,81,22316850,5406800,5206600,0,18692,0,5,0,0,0,0,0,0
128,809518447,15405,670700,8533400,23235750,887950,33327800,33437350,184,23061500,6236450,6036500,0,19012,0,5,0,0,0,0,0,0
129,1081694344,15406,672850,8991150,22870600,799500,33334100,33437950,166,22693150,5182400,4975600,0,19012,0,5,0,0,0,0,0,0
130,3544546839,15407,1353100,8519900,23186100,263750,33322850,33437000,50,23020250,6068750,5867750,0,18692,0,5,0,0,0,0,0,0
131,2291142598,15408,709800,8754700,22424850,712800,32602150,33441350,146,22239300,4850550,4673900,0,18692,0,5,0,0,0,0,0,0
132,3252385439,15409,680600,8760650,22689900,1203900,33335050,33436250,253,21817100,5045050,4106150,0,18692,0,5,0,0,0,0,0,0
133,1602009306,15410,1281750,8567000,24463250,15745000,50057000,50159450,3025,24297050,4921950,4719850,0,18692,0,5,0,0,0,0,0,0
134,2497072261,15411,673300,8583300,23127000,943200,33326800,33437350,197,22937300,5001100,4796350,0,18692,0,5,0,0,0,0,0,0
135,3739067406,15412,1387150,8528500,22394250,1022500,33332400,33442650,98,22216800,5458500,5269300,0,18692,0,5,0,0,0,0,0,0
136,1716074641,15413,669500,8703900,22932600,1021100,33327100,33434150,212,22749700,6093950,5904450,0,18692,0,5,0,0,0,0,0,0
137,3982919220,15414,671700,8579950,22568100,1520600,33340350,33441600,321,22387550,4808100,4614600,0,18692,0,5,0,0,0,0,0,0
138,2723337005,15415,1272350,8536500,22997200,523000,33329050,33436550,106,22818450,6083600,5873950,0,18692,0,5,0,0,0,0,0,0
139,733376204,15416,668100,8613150,22788200,1265900,33335350,33436500,265,22606500,5817050,5610800,0,18692,0,5,0,0,0,0,0,0
140,43915006,15417,669150,8492350,22487250,2451150,34099900,34208050,340,21612350,4896750,4706400,0,18692,0,5,0,0,0,0,0,0
141,2309932913,15418,674400,8548450,23004150,333050,32560050,32671300,64,22824900,6079000,5877450,0,18692,0,5,0,0,0,0,0,0
142,1653305798,15419,670050,8596300,22685850,1384250,33336450,33438400,291,22499150,5708300,5501550,0,18692,0,5,0,0,0,0,0,0
143,145291823,15420,669350,9211600,22257400,1476500,33614850,33719350,167,22075850,5293550,5106700,0,18692,0,5,0,0,0,0,0,0
144,3013902878,15421,665550,8523000,22987700,873250,33049500,33159350,181,22816050,6099600,5904200,0,18692,0,5,0,0,0,0,0,0
145,2859971923,15422,670650,8602850,22539200,1526600,33339300,33438300,321,22362000,4820200,4654350,0,18692,0,5,0,0,0,0,0,0
146,3026746148,15423,1355550,8522500,22307750,1149800,33335600,33440400,125,22128700,5411200,5223300,0,18692,0,5,0,0,0,0,0,0
147,736325239,15424,674750,9013800,22905250,730600,33324400,33436800,150,22712850,6094150,5890900,0,18692,0,5,0,0,0,0,0,0
148,2759885216,15425,665500,8606600,25267400,15586300,50125800,50230250,3008,25097000,6087600,5857100,0,18692,0,5,0,0,0,0,0,0
149,1930007773,15426,683500,8533550,23182850,854900,33254800,33366800,177,23008850,6101100,5886150,0,18692,0,5,0,0,0,0,0,0
150,4233548434,15427,662900,8629600,22570900,1473750,33337150,33435950,310,22386500,5707850,5495150,0,19012,0,5,0,0,0,0,0,0
151,3821597075,15428,670850,9332850,22470800,858600,33333100,33440700,62,22292000,5463450,5266600,0,19012,0,5,0,0,0,0,0,0
152,1056834796,15429,665350,8517750,23536850,607100,33327050,33437750,124,23350950,6540050,6336700,0,19012,0,5,0,0,0,0,0,0
153,2756113825,15430,663150,8633700,22355750,1679050,33331650,33436600,354,22173250,4768300,4592000,0,18692,0,5,0,0,0,0,0,0
154,2193869574,15431,715250,8714900,30610250,8547200,48587600,50160950,1648,30433550,6040150,5836500,0,18692,0,5,0,0,0,0,0,0
155,39089791,15432,689450,8645100,22565950,1426850,33327350,33437100,300,22381350,4784350,4605650,0,18692,0,5,0,0,0,0,0,0
156,1158667078,15433,677100,9226950,22323600,1252100,33479750,33584100,118,22147550,5387800,5197800,0,18692,0,5,0,0,0,0,0,0
157,4085879547,15434,671900,8572800,22982600,951700,33179000,33292650,198,22804400,6025100,5815000,0,18692,0,5,0,0,0,0,0,0
158,313686028,15435,674100,8631400,23375800,653250,33334550,33436750,135,23191750,5120650,4924300,0,18692,0,5,0,0,0,0,0,0
159,3216587021,15436,1391750,8555150,22365550,1021300,33333750,33441350,98,22189100,5377200,5179300,0,18692,0,5,0,0,0,0,0,0
160,876009466,15437,666350,8735300,22939300,988500,33329450,33438750,205,22756650,6037050,5839300,0,18692,0,5,0,0,0,0,0,0
161,981002535,15438,672800,8586050,22849850,1224850,33333550,33435050,258,22673050,4991700,4803950,0,18692,0,5,0,0,0,0,0,0
162,47529864,15439,1293000,8534500,24570650,15660100,50058250,50166550,2972,24405150,4775550,4576400,0,18692,0,5,0,0,0,0,0,0
163,868088385,15440,688050,8604050,22392500,1633250,33317850,33433600,344,22206550,4765600,4591000,0,18692,0,5,0,0,0,0,0,0
164,2331947246,15441,1374150,8674250,23347450,16659550,50055400,50157200,3241,23175700,6037800,5821750,0,18692,0,5,0,0,0,0,0,0
165,2168054517,15442,679500,8598000,22696000,1355750,33329250,33437000,284,22516900,5644350,5442600,0,18692,0,5,0,0,0,0,0,0
166,3926666066,15443,673200,9202950,22438300,1213300,33527750,33632450,137,22265050,5451650,5268150,0,18692,0,5,0,0,0,0,0,0
167,1177610667,15444,676300,8535850,23030800,890200,33133150,33243500,185,22855350,6034700,5833700,0,18692,0,5,0,0,0,0,0,0
168,3782405190,15445,664350,8649900,22509300,1515800,33339350,33439050,319,22325800,4780500,4607750,0,18692,0,5,0,0,0,0,0,0
169,916405275,15446,1354300,8525100,22329900,1140700,33350000,33452450,93,22147850,5386500,5195700,0,18692,0,5,0,0,0,0,0,0
170,1596582148,15447,681400,8907500,22886650,837250,33312800,33427400,173,22697500,6037550,5846300,0,18692,0,5,0,0,0,0,0,0
171,4199562603,15448,673550,8602750,22635700,1415700,33327700,33435100,299,22452000,4762100,4570600,0,18692,0,5,0,0,0,0,0,0
172,3017986708,15449,1343600,8508850,22345400,1135400,33333250,33440750,122,22168700,5395300,5204250,0,18692,0,5,0,0,0,0,0,0
173,2654286289,15450,677150,8715750,22830350,1102050,33325300,33437700,230,22645450,6022050,5810000,0,18692,0,5,0,0,0,0,0,0
174,1031695476,15451,663850,8566250,23048450,1055100,33333650,33441400,221,22866800,5179150,4984450,0,19012,0,5,0,0,0,0,0,0
175,2959877989,15452,1282400,8520700,23070950,454850,33328900,33437450,91,22895200,6031150,5830300,0,19012,0,5,0,0,0,0,0,0
176,1566373458,15453,664650,8750250,23164450,757400,33336750,33439050,156,22990400,5926000,4971950,0,19012,0,5,0,0,0,0,0,0
177,3017804585,15454,679350,10490500,23181400,15701900,50053150,50160200,3028,23009600,6042800,5840500,0,18692,0,5,0,0,0,0,0,0
178,1442923286,15455,673750,8520200,23060150,1071850,33325950,33435750,224,22886750,6187850,5988900,0,18692,0,5,0,0,0,0,0,0
179,959704087,15456,673000,8572700,22549300,1537500,33332500,33438900,325,22368550,4906100,4711300,0,18692,0,5,0,0,0,0,0,0
CSV_END

STUDY_DONE_a2eadd90aa28=0
# 