/tmp/app --transport apb --state-frame 3600 --frames 180 --warmup 30 --wait spin --profile detailed --csv /tmp/transport-frames.csv --retained && printf "CSV_BEGIN\n" && cat /tmp/transport-frames.csv && printf "CSV_END\n"; study_status=$?; printf "\nSTUDY_DONE_b334513f36ea=%s\n" "$study_status"
TRANSPORT mode=apb dma_minimum=64
BEGIN_BREAKOUT frames=180 warmup=30 fixed=0 blocks=40 tiles=1 hud=1 wait=spin replay=0 state_frame=3600 profile=detailed pixel_centers=1 clock_call_ns=5941
HW_COUNTERS unavailable
RESULT frames=180 elapsed_s=3.009432600 fps=59.811939 logic_ms=0.824914 api_ms=2.169325 swap_ms=4.849282 wait_ms=8.719072 worker_inclusive_ms=4.644718 upload_inclusive_ms=1.377530 write_ms=1.176194 bytes_per_frame=3455.56 p50_ms=16.719000 p95_ms=16.946200 max_ms=17.200500 late_60hz=162 first_count=16133 last_count=16312 state_hash=3933ec17 remaining=6 score=340
RENDER_PATH retained=1 grouped=0 quads=580 full_frames=0
BREAKOUT_PASS
CSV_BEGIN
frame,state_hash,display_count,logic_ns,api_ns,swap_ns,wait_ns,total_ns,completion_interval_ns,polls,worker_inclusive_ns,upload_inclusive_ns,write_ns,read_ns,write_bytes,read_bytes,write_calls,read_calls,dma_copy_ns,dma_launch_ns,dma_completion_wait_ns,dma_bytes,dma_lists
0,3653798554,16133,707050,1959450,5365300,8640100,16671900,16682650,1661,4365200,1792450,1616650,0,3612,0,5,0,0,0,0,0,0
1,4254654458,16134,698450,2749200,5085400,8070350,16603400,16717250,1511,4931050,1300550,1149750,0,3612,0,5,0,0,0,0,0,0
2,258432485,16135,706750,2270250,4124350,9504100,16605450,16718600,1845,3966300,838100,675200,0,2972,0,5,0,0,0,0,0,0
3,872827290,16136,1290550,1965650,4970350,8628400,16854950,16967800,1518,4812700,1290850,1135100,0,3612,0,5,0,0,0,0,0,0
4,30312805,16137,704900,1951350,5693450,8020250,16369950,16472750,1543,4761000,1269650,1123900,0,3612,0,5,0,0,0,0,0,0
5,4016430808,16138,703000,1532200,3971250,10540650,16747100,16856000,1610,3837600,822750,669900,0,2972,0,5,0,0,0,0,0,0
6,3012967645,16139,725300,2923350,4900500,7908100,16457250,16581950,1490,4748050,1288000,1146150,0,3612,0,5,0,0,0,0,0,0
7,3593359732,16140,728600,2867900,4951850,7282400,15830750,16718700,1227,4793750,1281950,1124900,0,3612,0,5,0,0,0,0,0,0
8,2714884843,16141,712400,2248050,4744450,8898150,16603050,16718950,1642,4580350,1294600,1140450,0,3612,0,5,0,0,0,0,0,0
9,1754706848,16142,1207750,1944100,5991650,7469500,16613000,16721250,1421,5831400,2179050,2026100,0,4252,0,5,0,0,0,0,0,0
10,634139175,16143,728300,1952850,5841700,8085000,16607850,16715500,1553,5672250,2124850,1974000,0,3932,0,5,0,0,0,0,0,0
11,2225001302,16144,707400,1532250,4315200,10059100,16613950,16723650,1783,4181300,1108950,953500,0,3292,0,5,0,0,0,0,0,0
12,3881591779,16145,706400,2821750,5131750,7943800,16603700,16715450,1495,4976000,1511400,1357100,0,3612,0,5,0,0,0,0,0,0
13,2688998526,16146,704100,2659400,5394250,7849550,16607300,16719000,1442,5232150,1516200,1355100,0,3612,0,5,0,0,0,0,0,0
14,3733755993,16147,1349650,1565200,4162900,9892600,16970350,17085850,1773,3995200,828650,680350,0,2972,0,5,0,0,0,0,0,0
15,4110562030,16148,710200,1947000,5763700,7818700,16239600,16354550,1498,5612450,2077050,1921950,0,3612,0,5,0,0,0,0,0,0
16,2165534041,16149,707600,1928600,5561200,8415400,16612800,16721300,1624,5413850,1953850,1794550,0,3612,0,5,0,0,0,0,0,0
17,51482660,16150,704550,1528300,3956400,10418650,16607900,16715650,1876,3816450,827600,670900,0,2972,0,5,0,0,0,0,0,0
18,1808653113,16151,698900,2765800,5301450,7843750,16609900,16719150,1451,5142550,1509950,1366200,0,3612,0,5,0,0,0,0,0,0
19,3012136936,16152,709350,2647150,5318050,7934900,16609450,16723450,1456,5163550,1513300,1355350,0,3612,0,5,0,0,0,0,0,0
20,1547905167,16153,1553050,1546400,4047200,9622100,16768750,16880150,1709,3882600,822500,676600,0,2972,0,5,0,0,0,0,0,0
21,2010544228,16154,713600,1931500,5651350,8147700,16444150,16556050,1568,5500450,1952700,1790500,0,3612,0,5,0,0,0,0,0,0
22,2331187115,16155,706400,1918700,5384600,8597550,16607250,16718200,1654,5229650,1775150,1604950,0,3612,0,5,0,0,0,0,0,0
23,591091010,16156,695700,2431850,4003450,9476800,16607800,16719800,1852,3853750,1727600,1572950,0,2972,0,5,0,0,0,0,0,0
24,3337222943,16157,704800,2784650,5368300,7751300,16609050,16720600,1420,5202400,1509650,1355000,0,3612,0,5,0,0,0,0,0,0
25,541067522,16158,1339550,1966600,5243800,8055150,16605100,16717650,1476,5086350,1510100,1355950,0,3612,0,5,0,0,0,0,0,0
26,1909576061,16159,701650,1539950,4042100,9917200,16200900,16721800,1810,3882250,819250,671550,0,2972,0,5,0,0,0,0,0,0
27,3576416482,16160,702600,1929800,5754250,8217800,16604450,16720050,1581,5614700,1953250,1796250,0,3612,0,5,0,0,0,0,0,0
28,2786439485,16161,703350,2844350,4830900,8229400,16608000,16718300,1570,4663800,2095550,1918200,0,3612,0,5,0,0,0,0,0,0
29,1931780192,16162,696300,2329400,4032700,9547850,16606250,16719250,1859,3878350,1749600,1574100,0,2972,0,5,0,0,0,0,0,0
30,1799980229,16163,698500,2654450,5453000,7794250,16600200,16715800,1421,5290700,1512750,1361150,0,3612,0,5,0,0,0,0,0,0
31,3538847580,16164,729400,1979550,5530450,7060400,15299800,16828250,1323,5366100,1785700,1611300,0,3612,0,5,0,0,0,0,0,0
32,3831628403,16165,696750,1547650,4821400,9438750,16504550,16611100,1626,4664000,1498300,1350600,0,3612,0,5,0,0,0,0,0,0
33,1903038664,16166,709100,1943400,5791400,8164350,16608250,16718600,1557,5638950,2023700,1837850,0,4252,0,5,0,0,0,0,0,0
34,3410263823,16167,692350,2885950,5362700,7672000,16613000,16721650,1442,5196450,1687100,1534600,0,3932,0,5,0,0,0,0,0,0
35,3263986894,16168,705550,2255850,4181100,9467350,16609850,16721300,1840,4033350,1820600,744350,0,3292,0,5,0,0,0,0,0,0
36,2175892875,16169,700850,2585500,5280750,8038650,16605750,16716100,1113,5114600,1511250,1356850,0,3612,0,5,0,0,0,0,0,0
37,1813748966,16170,1173900,1974950,5780050,7671000,16599900,16718050,1464,5624450,2059150,1893000,0,3612,0,5,0,0,0,0,0,0
38,833434417,16171,700700,1549700,3977550,10387850,16615800,16723350,1906,3822250,818850,678050,0,2972,0,5,0,0,0,0,0,0
39,4097282166,16172,709200,2790250,4653250,8454000,16606700,16719500,1589,4495100,1847450,815700,0,3612,0,5,0,0,0,0,0,0
40,192773425,16173,701350,2772800,5294900,7841700,16610750,16719400,1457,5129850,1511200,1366350,0,3612,0,5,0,0,0,0,0,0
41,858826700,16174,708850,2253750,3957500,9685550,16605650,16715550,1883,3804750,828950,668400,0,2972,0,5,0,0,0,0,0,0
42,1950483681,16175,1302350,1941450,5170250,8422150,16836200,16948100,1432,5009950,1523300,1372150,0,3612,0,5,0,0,0,0,0,0
43,575738928,16176,712450,1941150,5736450,7993900,16383950,16493200,1532,5578850,2069600,1907200,0,3612,0,5,0,0,0,0,0,0
44,1359536727,16177,703900,1548700,3971550,10392000,16616150,16719400,1838,3821050,823150,678200,0,2972,0,5,0,0,0,0,0,0
45,3117637717,16178,707400,2867000,5123450,7911550,16609400,16717350,1476,4971000,1516850,1359350,0,3612,0,5,0,0,0,0,0,0
46,2557278958,16179,702000,3241850,11846300,815350,16605500,16718950,169,11665350,2391400,2212650,0,3612,0,5,0,0,0,0,0,0
47,3928984507,16180,705500,2392400,4154450,9354050,16606400,16718150,1778,3998250,837350,679950,0,2972,0,5,0,0,0,0,0,0
48,3279099526,16181,1164150,1951500,5984850,7530350,16630850,16744150,1403,5798650,2253750,2105750,0,3612,0,5,0,0,0,0,0,0
49,3402996575,16182,715150,1937850,5637400,8296250,16586650,16698550,1596,5489350,1915300,1752500,0,3612,0,5,0,0,0,0,0,0
50,1848951628,16183,695450,1559000,3958850,10395100,16608400,16719550,1897,3810550,826400,676800,0,2972,0,5,0,0,0,0,0,0
51,3328119971,16184,698350,2807600,5275050,7822300,16603300,16716300,1459,5113300,1514850,1367450,0,3612,0,5,0,0,0,0,0,0
52,536923704,16185,706650,2821800,5352150,7723300,16603900,16718200,1415,5183500,1510700,1359100,0,3612,0,5,0,0,0,0,0,0
53,991563721,16186,1304550,1567100,4138550,9864450,16874650,16997200,1807,3964350,826000,671850,0,2972,0,5,0,0,0,0,0,0
54,2482503020,16187,722800,1990000,5570500,7267400,15550700,16445050,1368,4494150,1841850,1672100,0,3612,0,5,0,0,0,0,0,0
55,3320786401,16188,700650,1933550,5594150,8380300,16608650,16717600,1614,5434300,1751700,1585700,0,3612,0,5,0,0,0,0,0,0
56,1307572882,16189,696550,1546200,5170500,9199250,16612500,16720450,1792,5018200,1965200,1815300,0,3612,0,5,0,0,0,0,0,0
57,1045847897,16190,700900,2712600,6028400,7170250,16612150,16720050,1291,5877500,1752000,1593300,0,4252,0,5,0,0,0,0,0,0
58,2886179050,16191,710350,2653650,6440850,6797350,16602200,16715450,1357,6270250,2476050,2319550,0,3932,0,5,0,0,0,0,0,0
59,961732807,16192,1199600,1556600,4373100,9476400,16605700,16723100,1719,4217100,1097100,938150,0,3292,0,5,0,0,0,0,0,0
60,1947062354,16193,721050,1956750,5710050,8217500,16605350,16716750,1583,5547700,2067550,1916500,0,3612,0,5,0,0,0,0,0,0
61,2075511931,16194,706400,1927850,5569450,8405700,16609400,16718400,1611,5429500,1933800,1745600,0,3612,0,5,0,0,0,0,0,0
62,2408546800,16195,697800,2419650,4036600,9458000,16612050,16721750,1845,3868850,1745200,705000,0,2972,0,5,0,0,0,0,0,0
63,460493639,16196,705650,2640800,5389350,7873300,16609100,16718100,1446,5236750,1517400,1361550,0,3612,0,5,0,0,0,0,0,0
64,1463678916,16197,1372350,1963250,5203050,8436550,16975200,17086700,1440,5040100,1507050,1353050,0,3612,0,5,0,0,0,0,0,0
65,3795713909,16198,713550,1549100,3997900,9982300,16242850,16350200,1822,3844850,826900,674000,0,2972,0,5,0,0,0,0,0,0
66,1056688136,16199,704000,1959900,5566100,8385500,16615500,16723350,1616,5415550,1947900,1796150,0,3612,0,5,0,0,0,0,0,0
67,202923725,16200,703150,4292700,6457450,5153200,16606500,16716050,1002,6277400,2430650,2275850,0,3612,0,5,0,0,0,0,0,0
68,4012539606,16201,701450,2361550,4079350,9471800,16614150,16721050,1841,3919050,1800050,695750,0,2972,0,5,0,0,0,0,0,0
69,1087445485,16202,702150,2637250,5300950,7964350,16604700,16717150,1401,5141700,1514300,1356450,0,3612,0,5,0,0,0,0,0,0
70,491589414,16203,1309000,1965050,5906000,7510850,16690900,16806450,1394,5738850,2276050,2117750,0,3612,0,5,0,0,0,0,0,0
71,1293200275,16204,706850,1560000,4019000,10233750,16519600,16633800,1873,3860400,824250,671100,0,2972,0,5,0,0,0,0,0,0
72,1737595726,16205,710350,1945900,5399100,8553100,16608450,16717600,1645,5241250,1771900,1602950,0,3612,0,5,0,0,0,0,0,0
73,2173390039,16206,694550,2846600,5145650,7916200,16603000,16719650,1462,4994050,1513800,1358850,0,3612,0,5,0,0,0,0,0,0
74,2060004372,16207,704650,2282500,4044400,9571250,16602800,16719500,1863,3888300,1752000,1579350,0,2972,0,5,0,0,0,0,0,0
75,668607547,16208,1291700,1983500,5221100,8106800,16603100,16720100,1490,5062550,1512500,1354500,0,3612,0,5,0,0,0,0,0,0
76,3409034624,16209,698650,1962450,5912950,7612350,16186400,16718100,1422,5749900,2264150,2114850,0,3612,0,5,0,0,0,0,0,0
77,66914193,16210,731350,1587750,4104900,9408100,15832100,16721200,1684,3943550,832600,677100,0,2972,0,5,0,0,0,0,0,0
78,2553907572,16211,697850,2828350,4668550,8415000,16609750,16720650,1613,4500700,1910500,1732300,0,3612,0,5,0,0,0,0,0,0
79,890390073,16212,702850,2746100,5331750,7827750,16608450,16719400,1448,5177400,1517650,1368900,0,3612,0,5,0,0,0,0,0,0
80,2223873098,16213,706750,2403700,4681950,8816800,16609200,16718050,1666,4523100,1295250,1144100,0,3612,0,5,0,0,0,0,0,0
81,2336881585,16214,1284600,1961450,6047100,7459000,16752150,16862900,1419,5885200,2279100,2117850,0,4252,0,5,0,0,0,0,0,0
82,4135459074,16215,700950,1977150,6032600,7749250,16459950,16574450,1478,5868150,2032250,1880700,0,3932,0,5,0,0,0,0,0,0
83,1986260127,16216,711450,1548700,4449400,9897200,16606750,16718350,1791,4312000,1101900,949900,0,3292,0,5,0,0,0,0,0,0
84,353344474,16217,705800,2895350,4864500,8144000,16609650,16718500,1550,4696950,1290550,1133550,0,3612,0,5,0,0,0,0,0,0
85,3169575603,16218,704350,2655600,5126050,8129000,16615000,16723600,1512,4965950,1289600,1132750,0,3612,0,5,0,0,0,0,0,0
86,210205944,16219,711800,2212000,4320000,9360100,16603900,16718300,1782,4153250,832450,679000,0,2972,0,5,0,0,0,0,0,0
87,1677393503,16220,1155050,1974650,5721150,7754150,16605000,16719150,1488,4796850,1276800,1129950,0,3612,0,5,0,0,0,0,0,0
88,3832728684,16221,704450,1967750,5599100,8338650,16609950,16716050,1607,5448400,1938000,1785550,0,3612,0,5,0,0,0,0,0,0
89,2074852568,16222,698500,1544350,3956800,10413000,16612650,16722000,1860,3816600,825750,669700,0,2972,0,5,0,0,0,0,0,0
90,1464943173,16223,711600,2826900,5057850,8010900,16607250,16717750,1496,4892150,1288450,1144950,0,3612,0,5,0,0,0,0,0,0
91,315990800,16224,704550,2693000,5141350,8069700,16608600,16720400,1491,4981550,1288350,1130600,0,3612,0,5,0,0,0,0,0,0
92,1451405891,16225,1313850,1558050,4121400,9840100,16833400,16946200,1767,3954100,830200,676450,0,2972,0,5,0,0,0,0,0,0
93,3196408848,16226,705800,1972550,5791900,7906650,16376900,16491000,1514,5639300,2072350,1918550,0,3612,0,5,0,0,0,0,0,0
94,141073587,16227,699600,1961550,5561200,8382800,16605150,16718300,1535,5412450,1949050,1797150,0,3612,0,5,0,0,0,0,0,0
95,3576439062,16228,702050,1551900,3924650,10426000,16604600,16720550,1863,2964400,822900,674050,0,2972,0,5,0,0,0,0,0,0
96,2798564443,16229,700250,2708550,5071550,8127650,16608000,16718000,1513,4911750,1284050,1131950,0,3612,0,5,0,0,0,0,0,0
97,3409362634,16230,712950,2660850,5041900,8197200,16612900,16723600,1421,4886050,1283500,1135350,0,3612,0,5,0,0,0,0,0,0
98,1459202337,16231,2325800,1588700,4017150,8662050,16593700,16716600,1487,3851000,824450,677800,0,2972,0,5,0,0,0,0,0,0
99,1984418334,16232,705550,1965550,5744900,8190650,16606650,16719750,1576,5597650,2063850,1908900,0,3612,0,5,0,0,0,0,0,0
100,2690152925,16233,701850,1968500,5393850,8542800,16607000,16717450,1643,4385100,1792350,1618200,0,3612,0,5,0,0,0,0,0,0
101,2607809844,16234,720500,2463750,4124800,8522300,15831350,16719700,1585,3952700,830250,673050,0,2972,0,5,0,0,0,0,0,0
102,3522750362,16235,700650,2721100,5112500,8077750,16612000,16718600,1490,4935950,1287650,1132250,0,3612,0,5,0,0,0,0,0,0
103,2368404599,16236,1321000,2004400,4941600,8657150,16924150,17034500,1524,4780250,1279850,1133850,0,3612,0,5,0,0,0,0,0,0
104,3250007036,16237,723650,1562900,4292500,9718650,16297700,16405400,1731,4132300,980950,833350,0,3612,0,5,0,0,0,0,0,0
105,1111684799,16238,710850,1961900,5689250,8246700,16608700,16720550,1582,5545950,1886050,1704800,0,4252,0,5,0,0,0,0,0,0
106,2213018028,16239,700900,2881050,4794800,8231700,16608450,16718800,1572,4624700,2004700,1832550,0,3932,0,5,0,0,0,0,0,0
107,3171439817,16240,703900,2605800,4708300,8588500,16606500,16719500,512,4545900,2352450,2172500,0,3292,0,5,0,0,0,0,0,0
108,2255827236,16241,734150,3709750,5356200,6794500,16594600,16717350,1360,5185750,945150,800250,0,3612,0,5,0,0,0,0,0,0
109,2472184909,16242,1240200,1973000,4594250,8803850,16611300,16721300,1561,4441100,931050,781000,0,3612,0,5,0,0,0,0,0,0
110,3140412334,16243,707750,1568150,4045750,10285100,16606750,16717850,1889,3888050,819750,674700,0,2972,0,5,0,0,0,0,0,0
111,785888721,16244,719850,1958550,5552350,8381200,16611950,16722650,1609,5408250,1780350,1602800,0,3612,0,5,0,0,0,0,0,0
112,1084583170,16245,699000,2831450,4536600,8544400,16611450,16718200,1627,4366400,944900,801700,0,3612,0,5,0,0,0,0,0,0
113,4019848443,16246,704950,2245300,4030600,9628150,16609000,16717300,1878,3875000,1727000,1539800,0,2972,0,5,0,0,0,0,0,0
114,808788421,16247,1293850,1985450,4776400,8555100,16610800,16721550,1579,4606800,945500,790550,0,3612,0,5,0,0,0,0,0,0
115,3645042740,16248,704800,1968650,4627950,8921500,16222900,16717900,1580,4471750,938650,781850,0,3612,0,5,0,0,0,0,0,0
116,2991496187,16249,706750,1545700,4027450,10329650,16609550,16717450,1890,3874050,814200,674400,0,2972,0,5,0,0,0,0,0,0
117,3919662364,16250,706750,2873200,4769100,8261500,16610550,16723350,1579,4613250,2004250,814300,0,3612,0,5,0,0,0,0,0,0
118,1681074571,16251,715800,2758050,4704750,8426150,16604750,16718750,1578,4538250,952350,795650,0,3612,0,5,0,0,0,0,0,0
119,4218967458,16252,701650,2267800,4010050,9623700,16603200,16719300,1777,3855100,834450,675600,0,2972,0,5,0,0,0,0,0,0
120,625353107,16253,1242150,1961950,4561750,8925500,16691350,16802500,1545,4399650,941300,797300,0,3612,0,5,0,0,0,0,0,0
121,3717195990,16254,707350,1965450,4626600,9228600,16528000,16636200,1649,4472000,934050,780450,0,3612,0,5,0,0,0,0,0,0
122,2425705089,16255,706700,1550700,3972950,10375250,16605600,16716150,1900,3822700,818200,669100,0,2972,0,5,0,0,0,0,0,0
123,2555484258,16256,697950,2876150,4580150,8455150,16609400,16722450,1576,4425050,951450,803250,0,3612,0,5,0,0,0,0,0,0
124,1141451493,16257,1547550,2032300,4576550,7657650,15814050,16715600,1394,4400900,933850,788650,0,3612,0,5,0,0,0,0,0,0
125,1505942736,16258,706800,2227350,4157600,9519350,16611100,16720250,1816,3991600,828600,676100,0,2972,0,5,0,0,0,0,0,0
126,2491710369,16259,701150,1967450,4581700,8920500,16170800,16718850,1541,4422800,931900,788150,0,3612,0,5,0,0,0,0,0,0
127,2825516936,16260,710900,1961400,5376400,8561500,16610200,16718350,1664,4461750,938100,776700,0,3612,0,5,0,0,0,0,0,0
128,809518447,16261,704500,1551350,4144050,10213850,16613750,16723300,1508,3995150,932200,783150,0,3612,0,5,0,0,0,0,0,0
129,1081694344,16262,726900,2775150,5068150,8025950,16596150,16715950,1459,4916950,1075650,927750,0,4252,0,5,0,0,0,0,0,0
130,3544546839,16263,726500,2696700,4883800,8299200,16606200,16722700,1533,4710050,997900,842500,0,3932,0,5,0,0,0,0,0,0
131,2291142598,16264,1278800,1566550,4256600,9983850,17085800,17200500,1760,4087450,878500,721400,0,3292,0,5,0,0,0,0,0,0
132,3252385439,16265,713050,1972650,5369300,8073150,16128150,16234300,1521,5198700,938900,792450,0,3612,0,5,0,0,0,0,0,0
133,1602009306,16266,700500,1959450,5439750,8512750,16612450,16722900,1639,5292450,1764600,824250,0,3612,0,5,0,0,0,0,0,0
134,2497072261,16267,702050,2355450,3114650,10432950,16605100,16715800,1901,2948550,817900,674750,0,2972,0,5,0,0,0,0,0,0
135,3739067406,16268,711100,2653550,4835750,8405250,16605650,16719400,1572,4675200,958550,799950,0,3612,0,5,0,0,0,0,0,0
136,1716074641,16269,711150,2754300,4603200,8537150,16605800,16720200,1581,4428700,940700,785900,0,3612,0,5,0,0,0,0,0,0
137,3982919220,16270,1162150,1560150,4034150,9851500,16607950,16721200,1800,3878650,825850,666650,0,2972,0,5,0,0,0,0,0,0
138,2723337005,16271,711950,1947900,4585250,9361750,16606850,16715850,1675,4434150,935900,789700,0,3612,0,5,0,0,0,0,0,0
139,733376204,16272,700100,2941150,4565600,8403900,16610750,16723050,1614,4408250,1762700,1580350,0,3612,0,5,0,0,0,0,0,0
140,43915006,16273,705600,2378100,4028050,9492850,16604600,16717450,1851,3869050,1758350,1589700,0,2972,0,5,0,0,0,0,0,0
141,2309932913,16274,702450,2644400,4795700,8461150,16603700,16719750,1571,4641200,952850,794800,0,3612,0,5,0,0,0,0,0,0
142,1653305798,16275,1322350,1952800,4698300,8894550,16868000,16983750,1574,4530000,936950,785800,0,3612,0,5,0,0,0,0,0,0
143,145291823,16276,705800,1553050,3996500,10087750,16343100,16454700,1844,3838550,821450,675600,0,2972,0,5,0,0,0,0,0,0
144,3013902878,16277,709900,1955100,5657750,8281750,16604500,16717600,1581,5502400,2050450,1898650,0,3612,0,5,0,0,0,0,0,0
145,2859971923,16278,703300,2852900,4742950,8306750,16605900,16718750,1587,4586250,1979100,1796100,0,3612,0,5,0,0,0,0,0,0
146,3026746148,16279,698450,2347500,4043900,9516300,16606150,16719350,1852,3888850,1748150,1570600,0,2972,0,5,0,0,0,0,0,0
147,736325239,16280,1492450,1981150,4630050,7724500,15828150,16720750,1396,4469150,942600,790550,0,3612,0,5,0,0,0,0,0,0
148,2759885216,16281,1204900,1956750,4557000,8895150,16613800,16720250,1539,4400350,944350,793350,0,3612,0,5,0,0,0,0,0,0
149,1930007773,16282,711700,1555150,4016700,10328300,16611850,16718150,1892,3858350,821850,675000,0,2972,0,5,0,0,0,0,0,0
150,4233548434,16283,700000,1549850,4171650,10187550,16609050,16719450,1853,4024800,927250,783500,0,3612,0,5,0,0,0,0,0,0
151,3821597075,16284,703750,2447600,4249600,9207250,16608200,16719700,1750,4100300,1861450,798900,0,3612,0,5,0,0,0,0,0,0
152,1056834796,16285,710500,2274900,4207150,9416000,16608550,16720900,1826,4040300,1828450,798500,0,3612,0,5,0,0,0,0,0,0
153,2756113825,16286,1325900,1556550,4251400,9821050,16954900,17067700,1799,4094450,874300,722050,0,3292,0,5,0,0,0,0,0,0
154,2193869574,16287,722950,1556250,4098100,9877600,16254900,16370600,1759,3939150,872400,730500,0,3292,0,5,0,0,0,0,0,0
155,39089791,16288,727500,1538500,3981500,10356500,16604000,16718000,1894,3838600,821650,667550,0,2972,0,5,0,0,0,0,0,0
156,1158667078,16289,702700,1556500,3969100,10380700,16609000,16719100,1839,3820300,819450,676850,0,2972,0,5,0,0,0,0,0,0
157,4085879547,16290,703550,2372350,4031750,9497500,16605150,16721400,1820,3882400,1765150,1585500,0,2972,0,5,0,0,0,0,0,0
158,313686028,16291,702350,2272300,3989350,9638950,16602950,16716500,1868,3830700,826250,673500,0,2972,0,5,0,0,0,0,0,0
159,3216587021,16292,2582050,1597800,3998050,8459050,16636950,16750400,1481,2991650,828950,679750,0,2972,0,5,0,0,0,0,0,0
160,876009466,16293,698450,1536450,4050450,10291950,16577300,16687650,1861,3891100,820600,677250,0,2972,0,5,0,0,0,0,0,0
161,981002535,16294,700450,1543550,3979000,10384850,16607850,16718900,1900,3831600,824450,673200,0,2972,0,5,0,0,0,0,0,0
162,47529864,16295,697950,2418150,4017450,9477150,16610700,16722200,1853,3856350,1727200,1572900,0,2972,0,5,0,0,0,0,0,0
163,868088385,16296,710400,2233000,4064700,9594800,16602900,16718600,1871,3914400,1761400,683200,0,2972,0,5,0,0,0,0,0,0
164,2331947246,16297,1467900,1567850,4144500,9425450,16605700,16717200,1793,3980950,826450,674450,0,2972,0,5,0,0,0,0,0,0
165,2168054517,16298,696750,1953900,4632350,8922350,16205350,16722300,1581,4471200,935200,778050,0,3612,0,5,0,0,0,0,0,0
166,3926666066,16299,704400,1957050,5352900,8590550,16604900,16717500,1673,4423900,931800,785450,0,3612,0,5,0,0,0,0,0,0
167,1177610667,16300,702300,1544000,4097200,10263050,16606550,16721200,1872,3957050,829150,677850,0,2972,0,5,0,0,0,0,0,0
168,3782405190,16301,699700,2812800,4732250,8532750,16777500,16889450,495,4563950,950350,803150,0,3612,0,5,0,0,0,0,0,0
169,916405275,16302,740150,2833600,4958000,7895750,16427500,16548500,1438,4780700,937450,783850,0,3612,0,5,0,0,0,0,0,0
170,1596582148,16303,1279250,1578550,4300100,9566700,16724600,16838850,1736,4133900,833200,679500,0,2972,0,5,0,0,0,0,0,0
171,4199562603,16304,707100,1952150,4641550,9190850,16491650,16600100,1641,4481950,935100,785400,0,3612,0,5,0,0,0,0,0,0
172,3017986708,16305,717600,1951800,5335350,8607600,16612350,16718700,1664,5171400,1734850,1581250,0,3612,0,5,0,0,0,0,0,0
173,2654286289,16306,700600,2373800,4103600,9438000,16616000,16720550,1845,2980200,831450,680150,0,2972,0,5,0,0,0,0,0,0
174,1031695476,16307,705200,2662400,5252500,7985700,16605800,16718350,1472,5081900,1305100,1149900,0,4252,0,5,0,0,0,0,0,0
175,2959877989,16308,703000,2632150,5148400,8123550,16607100,16720550,1491,4982750,1295000,1140250,0,4252,0,5,0,0,0,0,0,0
176,1566373458,16309,1156550,1563250,4287350,9595000,16602150,16717900,1701,4125450,986100,831650,0,3612,0,5,0,0,0,0,0,0
177,3017804585,16310,708450,1957650,5658950,8282800,16607850,16718100,1596,5514550,1944350,1777500,0,3932,0,5,0,0,0,0,0,0
178,1442923286,16311,708000,2816100,4717850,8369000,16610950,16719000,1603,4549300,1896800,1718650,0,3932,0,5,0,0,0,0,0,0
179,959704087,16312,709600,2367150,4008000,9526750,16611500,16719600,1819,3853600,1731700,1558250,0,2972,0,5,0,0,0,0,0,0
CSV_END

STUDY_DONE_b334513f36ea=0
# 