/tmp/app-lto --transport apb --state-frame 0 --frames 180 --warmup 30 --wait spin --profile detailed --csv /tmp/transport-frames.csv --dump /tmp/transport-frame.raw && printf "CSV_BEGIN\n" && cat /tmp/transport-frames.csv && printf "CSV_END\n"; study_status=$?; printf "\nSTUDY_DONE_cb79dfd42182=%s\n" "$study_status"
TRANSPORT mode=apb dma_minimum=64
BEGIN_BREAKOUT frames=180 warmup=30 fixed=0 blocks=40 tiles=1 hud=1 wait=spin replay=0 state_frame=0 profile=detailed pixel_centers=1 clock_call_ns=4798
HW_COUNTERS unavailable
RESULT frames=180 elapsed_s=12.037853650 fps=14.952832 logic_ms=1.004187 api_ms=15.540297 swap_ms=36.874424 wait_ms=13.320843 worker_inclusive_ms=36.671932 upload_inclusive_ms=7.678136 write_ms=7.442743 bytes_per_frame=30951.56 p50_ms=66.877050 p95_ms=67.151500 max_ms=67.747350 late_60hz=180 first_count=503 last_count=682 state_hash=8f34e8fd remaining=38 score=20
RENDER_PATH retained=0 grouped=0 quads=13131 full_frames=180
FRAME_CHECK count=682 address=9fe00000 fnv1a=79c99b23 pixels=307200 mismatches=0
BREAKOUT_PASS
CSV_BEGIN
frame,state_hash,display_count,logic_ns,api_ns,swap_ns,wait_ns,total_ns,completion_interval_ns,polls,worker_inclusive_ns,upload_inclusive_ns,write_ns,read_ns,write_bytes,read_bytes,write_calls,read_calls,dma_copy_ns,dma_launch_ns,dma_completion_wait_ns,dma_bytes,dma_lists
0,3724779174,503,797550,15620100,36161650,14258400,66837700,66847200,2668,35989650,7733050,7504650,0,31172,0,5,0,0,0,0,0,0
1,1709657109,504,903050,15518500,36493550,13887450,66802550,66902450,2620,36315400,7872550,7659350,0,31172,0,5,0,0,0,0,0,0
2,1894904752,505,886800,15804650,36213050,13846850,66751350,66850350,2712,36031950,7429050,7209550,0,31172,0,5,0,0,0,0,0,0
3,3703759967,506,1465450,14639750,36260550,14408900,66774650,66875250,2728,36088800,7771500,7535050,0,31172,0,5,0,0,0,0,0,0
4,19533624,507,865400,15546300,36094500,14275100,66781300,66878550,2666,35921150,7669400,7455150,0,31172,0,5,0,0,0,0,0,0
5,816884773,508,869950,15873100,36409850,12903150,66056050,66876250,2493,36233400,7773350,7555650,0,31172,0,5,0,0,0,0,0,0
6,1339236364,509,1361400,17359400,36287800,11773350,66781950,66879850,2249,36107400,7756250,7546300,0,31172,0,5,0,0,0,0,0,0
7,3072959373,510,839500,15471300,36212400,14255000,66778200,66876700,2667,36040700,7778550,7547600,0,31172,0,5,0,0,0,0,0,0
8,1782884746,511,854950,15419400,36866400,13635850,66776600,66874600,2554,36693350,7867600,7653700,0,31172,0,5,0,0,0,0,0,0
9,30296781,512,836200,15459700,36520350,13967400,66783650,66880100,2738,36338400,7740950,7518200,0,31492,0,5,0,0,0,0,0,0
10,4026418858,513,1480750,14642900,36301950,14351200,66776800,66875050,2716,36127550,7019850,6812800,0,31492,0,5,0,0,0,0,0,0
11,2084929051,514,834550,15543100,36666900,13734000,66778550,66879000,2547,36485700,7768500,7548600,0,31492,0,5,0,0,0,0,0,0
12,3114489770,515,861600,15415750,36135350,14738300,67151000,67248150,2825,35958750,7351500,7136950,0,31172,0,5,0,0,0,0,0,0
13,891400471,516,839900,15406650,37696650,12465650,66408850,66505400,2360,37506200,8976350,8755200,0,31172,0,5,0,0,0,0,0,0
14,3472773456,517,884700,15378750,36497850,14014100,66775400,66877700,2615,36325600,7666200,6714900,0,31172,0,5,0,0,0,0,0,0
15,3010688243,518,826600,23247900,36707650,5992700,66774850,66874500,1089,36535350,7844150,7628400,0,31172,0,5,0,0,0,0,0,0
16,2819524756,519,868450,15468250,36271950,14170250,66778900,66877250,2784,36093000,7432250,7220400,0,31172,0,5,0,0,0,0,0,0
17,3241678401,520,1385200,14678250,37252250,13467550,66783250,66879800,2639,37079150,7597050,7393350,0,31172,0,5,0,0,0,0,0,0
18,2154316504,521,865100,15544250,36168650,14199000,66777000,66874900,2650,35994650,7665700,7454600,0,31172,0,5,0,0,0,0,0,0
19,772262681,522,839050,15492200,36660350,14030300,67021900,67119850,2658,36483400,7729350,6935850,0,31172,0,5,0,0,0,0,0,0
20,3882818750,523,861850,15390650,36609600,13676050,66538150,66634450,2653,36422650,7934650,7718600,0,31172,0,5,0,0,0,0,0,0
21,521131153,524,845050,15310200,38408400,12214200,66777850,66876400,2331,38237250,7349100,7134350,0,31172,0,5,0,0,0,0,0,0
22,1838187414,525,862750,15369000,36466200,14079600,66777550,66878150,2655,36292100,7857650,7643200,0,31172,0,5,0,0,0,0,0,0
23,840574439,526,837200,15453450,36226250,14262700,66779600,66878800,2717,36050550,7384450,7168900,0,31172,0,5,0,0,0,0,0,0
24,2879461878,527,1403750,14660350,37132200,13581200,66777500,66877900,2662,36960400,7657750,7440600,0,31172,0,5,0,0,0,0,0,0
25,202086035,528,834700,15568900,36132900,14242700,66779200,66875500,2659,35959050,7689100,7457900,0,31172,0,5,0,0,0,0,0,0
26,959703924,529,865050,15463900,36600700,14217200,67146850,67246000,2641,36427900,7782500,7568500,0,31172,0,5,0,0,0,0,0,0
27,3795724423,530,840150,15483500,36249350,13834100,66407100,66507650,2712,36068000,7370550,7150000,0,31172,0,5,0,0,0,0,0,0
28,2500539904,531,1671850,15637850,36114250,12646700,66070650,66878350,2413,35931800,7435150,7227950,0,31172,0,5,0,0,0,0,0,0
29,2269000541,532,834500,16973400,36838950,12131750,66778600,66876350,2349,35929800,7768400,7571300,0,31172,0,5,0,0,0,0,0,0
30,1900681108,533,875950,15810950,43918300,6172750,66777950,66876600,1223,43738800,7381300,7153050,0,31172,0,5,0,0,0,0,0,0
31,3680168245,534,1334400,14691150,37153800,13598300,66777650,66876200,2663,36259400,7676600,7467150,0,31172,0,5,0,0,0,0,0,0
32,2344329490,535,869000,15498100,36165150,14250850,66783100,66879350,2661,35990350,7732250,7504150,0,31172,0,5,0,0,0,0,0,0
33,2130650181,536,839650,15799950,36593850,13546650,66780100,66876550,2549,36417050,7725900,7509500,0,31492,0,5,0,0,0,0,0,0
34,906966818,537,875600,15339050,36622350,13939000,66776000,66876750,2735,36446450,7735650,7525300,0,31492,0,5,0,0,0,0,0,0
35,3939376531,538,1468500,14862900,36898100,13551450,66780950,66878750,2632,36147200,7059400,6851100,0,31492,0,5,0,0,0,0,0,0
36,2110688546,539,865400,15387700,38823900,11703250,66780250,66878100,2248,38648150,9988300,9726450,0,31172,0,5,0,0,0,0,0,0
37,2695523007,540,853350,15498300,36407650,14017700,66777000,66873750,2741,36231400,7467850,7256950,0,31172,0,5,0,0,0,0,0,0
38,744447992,541,873050,15387700,36412600,13689400,66362750,66876450,2682,36221700,7722300,7512700,0,31172,0,5,0,0,0,0,0,0
39,3728640411,542,846900,15486050,36670650,13778350,66781950,66880250,2555,36493200,7021300,6810150,0,31172,0,5,0,0,0,0,0,0
40,618879740,543,866350,15462150,36622600,13828700,66779800,66876350,2615,36453150,7813450,7597200,0,31172,0,5,0,0,0,0,0,0
41,1239708057,544,840150,15490750,36387500,14059400,66777800,66874650,2762,36211400,7442450,7224750,0,31172,0,5,0,0,0,0,0,0
42,2429742208,545,1447500,14789950,37392450,13152500,66782400,66880250,2535,37223400,7731550,7525350,0,31172,0,5,0,0,0,0,0,0
43,412095716,546,844650,15430450,36310650,14189100,66774850,66874400,2663,36131650,7825550,7603100,0,31172,0,5,0,0,0,0,0,0
44,1226741467,547,864450,15444650,39508750,11273050,67090900,67188450,2161,39331900,7811100,7595250,0,31172,0,5,0,0,0,0,0,0
45,3288446148,548,844750,15390750,37107000,13131750,66474250,66572600,1242,36914050,8025250,7809650,0,31172,0,5,0,0,0,0,0,0
46,1157984843,549,921700,15540150,36202950,14085100,66749900,66872600,2620,36026950,7765000,7536300,0,31172,0,5,0,0,0,0,0,0
47,3877288378,550,833200,15436350,36543650,13961250,66774450,66874400,2637,36370150,7691750,7472550,0,31172,0,5,0,0,0,0,0,0
48,4236526315,551,873550,15430550,36609700,13868350,66782150,66878850,2687,36429900,7737100,7527150,0,31172,0,5,0,0,0,0,0,0
49,533834014,552,1396250,14792750,36767000,13822200,66778200,66876400,2688,36022100,7055750,6844350,0,31172,0,5,0,0,0,0,0,0
50,1649361089,553,863900,15345250,36342550,14224550,66776250,66877700,2683,36163650,7814800,7597450,0,31172,0,5,0,0,0,0,0,0
51,2486981906,554,876250,15541450,36416150,13841550,66675400,67502600,2433,36243250,7746700,7529500,0,31172,0,5,0,0,0,0,0,0
52,1706075277,555,878900,16664400,36406200,12200650,66150150,66252050,2338,36225050,7765500,7553100,0,31172,0,5,0,0,0,0,0,0
53,267972368,556,1481050,14769400,36217450,14312400,66780300,66877350,2669,36039300,7773700,7538100,0,31172,0,5,0,0,0,0,0,0
54,3895401273,557,866850,15345350,36476050,14090200,66778450,66876750,2601,36301450,7676750,7460900,0,31172,0,5,0,0,0,0,0,0
55,605985656,558,836400,15530500,36213000,14195850,66775750,66875400,2786,36034650,7356250,7134450,0,31172,0,5,0,0,0,0,0,0
56,4077673024,559,1398400,15529450,36195400,13660350,66783600,66879950,2647,36022100,7654850,7453600,0,30852,0,5,0,0,0,0,0,0
57,985632231,560,861350,15403350,36347850,14167350,66779900,66877800,2672,36168550,7837300,7616850,0,30852,0,5,0,0,0,0,0,0
58,3720590956,561,892600,15759250,36459300,13697750,66808900,66908300,2573,36280000,7671250,7460800,0,30852,0,5,0,0,0,0,0,0
59,3264032585,562,870350,15423200,38010600,12442850,66747000,66846700,2395,37830200,7768250,7548800,0,30852,0,5,0,0,0,0,0,0
60,395405688,563,1526600,14772100,36050000,14427600,66776300,66873200,2696,35871000,7706000,7476450,0,30852,0,5,0,0,0,0,0,0
61,32142420,564,866450,23907800,36539300,5469800,66783350,66880150,969,36362400,7834050,7600300,0,30852,0,5,0,0,0,0,0,0
62,1187067055,565,897600,15422500,36118550,14334900,66773550,66873950,2818,35930700,7286150,7070550,0,30852,0,5,0,0,0,0,0,0
63,459140908,566,1345700,15558450,36236650,13641900,66782700,66880950,2641,36059600,7657100,7451000,0,30852,0,5,0,0,0,0,0,0
64,3369786495,567,891350,15314900,36561400,14010550,66778200,66875850,2634,36388200,7831950,7590500,0,30852,0,5,0,0,0,0,0,0
65,1572434254,568,882200,15442750,36575200,13879800,66779950,66876400,2625,36403450,7737350,7521950,0,30852,0,5,0,0,0,0,0,0
66,4107798823,569,892500,15383900,36484250,14016750,66777400,66875350,2751,36300750,7676650,7469700,0,30852,0,5,0,0,0,0,0,0
67,343968250,570,1475650,14858950,39016650,11427400,66778650,66878000,2136,38840650,7706400,7487000,0,30852,0,5,0,0,0,0,0,0
68,3102454017,571,891750,15351800,36233250,14302250,66779050,66877200,2711,36050900,7617550,7396600,0,30852,0,5,0,0,0,0,0,0
69,3051095563,572,864300,15463450,36312550,14514300,67154600,67251250,2767,36138450,7402850,7194250,0,30852,0,5,0,0,0,0,0,0
70,2391331016,573,891250,15528450,36465050,13517200,66401950,66503150,2613,36282700,7549800,7350900,0,30852,0,5,0,0,0,0,0,0
71,3869016117,574,865250,15286000,36360450,14264050,66775750,66876150,2690,36183450,7884550,7653100,0,30852,0,5,0,0,0,0,0,0
72,1579800804,575,894150,15398650,36495500,13993650,66781950,66878350,2646,36317500,7715200,7505550,0,30852,0,5,0,0,0,0,0,0
73,2792341157,576,867850,15482200,36462650,13968300,66781000,66878600,2742,36283100,7315700,7102800,0,30852,0,5,0,0,0,0,0,0
74,714702942,577,943750,15708650,35969300,12809150,65430850,66878900,2178,35787250,7267050,7067400,0,30852,0,5,0,0,0,0,0,0
75,1092538936,578,897750,15559450,36349300,13956650,66763150,66876550,2634,36170800,7687350,7463150,0,30852,0,5,0,0,0,0,0,0
76,1561271239,579,892600,15429600,45026450,5667400,67016050,67112400,1019,44848800,7766050,7548050,0,31172,0,5,0,0,0,0,0,0
77,3798074098,580,876450,15620750,36447350,13597350,66541900,66640850,2632,36262300,7675000,7467900,0,31172,0,5,0,0,0,0,0,0
78,3022639071,581,1562450,14594900,36360450,14260800,66778600,66878100,2688,36184650,7869050,7635850,0,31172,0,5,0,0,0,0,0,0
79,2282770062,582,866200,15440050,36319800,14151250,66777300,66875400,2601,36143200,7555750,7339650,0,30852,0,5,0,0,0,0,0,0
80,1626512457,583,900150,15410000,36177950,14288250,66776350,66876800,2809,36002500,7311300,7111150,0,30852,0,5,0,0,0,0,0,0
81,3156888026,584,1394800,14851450,36873150,13661950,66781350,66877800,2642,35967550,7591350,7380000,0,30852,0,5,0,0,0,0,0,0
82,3038824309,585,891100,15358600,38483200,12045100,66778000,66876150,2263,38305250,7417150,7208700,0,30852,0,5,0,0,0,0,0,0
83,1261846460,586,873650,15507650,36655400,13844000,66880700,66981100,2618,36476550,7708900,7498350,0,30852,0,5,0,0,0,0,0,0
84,2035201521,587,893800,15587850,36296150,13898000,66675800,66772300,2698,36121200,7602600,7397300,0,30852,0,5,0,0,0,0,0,0
85,2164446652,588,1509900,14662750,36269850,14334850,66777350,66877150,2706,36086550,7813400,7588050,0,30852,0,5,0,0,0,0,0,0
86,2017191835,589,896550,15783650,36293700,13806350,66780250,66878600,2603,36120100,7648850,6842400,0,30852,0,5,0,0,0,0,0,0
87,3029138484,590,868550,15467200,36199500,14242350,66777600,66875400,2799,36019850,7295300,7088850,0,30852,0,5,0,0,0,0,0,0
88,50355403,591,1379400,15475500,36201050,13725900,66781850,66878150,2654,36030400,7621550,7414600,0,30852,0,5,0,0,0,0,0,0
89,654213990,592,865350,15631200,36258750,14026000,66781300,66878050,2649,36084700,7639450,7406550,0,30852,0,5,0,0,0,0,0,0
90,2360099787,593,891700,15455750,39362450,11069750,66779650,66878850,2118,39186750,7709450,7504000,0,30852,0,5,0,0,0,0,0,0
91,2424818746,594,869800,15607800,42569050,7725300,66771950,66873500,1399,42383650,13883900,13614550,0,30852,0,5,0,0,0,0,0,0
92,1971386461,595,1552750,14642650,37394500,13191050,66780950,66880350,2575,37212050,7744450,7548100,0,30852,0,5,0,0,0,0,0,0
93,3386045126,596,878850,15384050,36235500,14281850,66780250,66877050,2707,36051450,7577700,7367800,0,30852,0,5,0,0,0,0,0,0
94,1429641961,597,898100,15399850,36095850,14384850,66778650,66876700,2830,35925200,7252150,7049300,0,30852,0,5,0,0,0,0,0,0
95,3022846880,598,867100,15646750,36402450,13443500,66359800,66875550,2592,36224400,7306150,7113300,0,30852,0,5,0,0,0,0,0,0
96,1601897261,599,900650,15232650,36266000,14380050,66779350,66877200,2724,36089050,7666150,7445200,0,30852,0,5,0,0,0,0,0,0
97,1229951528,600,865450,15480350,36508500,14794850,67649150,67747350,2502,36331950,7670750,7462500,0,30852,0,5,0,0,0,0,0,0
98,4065171759,601,960550,15694000,36593900,11930500,65178950,66007150,2246,36413650,7770600,7550000,0,30852,0,5,0,0,0,0,0,0
99,1034325744,602,1442400,14649150,36226950,14457650,66776150,66875800,2734,36048400,7792150,6817950,0,30852,0,5,0,0,0,0,0,0
100,14078671,603,894900,15377450,36205950,14303200,66781500,66878000,2712,36032200,7609050,7395800,0,31172,0,5,0,0,0,0,0,0
101,4024270554,604,870500,15477800,36994650,13748850,67091800,67188200,2596,36825400,7767550,7549200,0,31172,0,5,0,0,0,0,0,0
102,896191351,605,897400,15651900,36302150,13618400,66469850,66568600,2628,36128750,7661050,7465300,0,31172,0,5,0,0,0,0,0,0
103,2131384102,606,880300,15234950,36331200,14329800,66776250,66876450,2711,36156700,7744050,7512900,0,30852,0,5,0,0,0,0,0,0
104,2586210593,607,894500,15414000,36745650,13722800,66776950,66876000,2567,36574350,7915600,7700650,0,30852,0,5,0,0,0,0,0,0
105,591918370,608,875350,15664450,40478800,9761650,66780250,66877100,1879,40299600,7394250,7203500,0,30852,0,5,0,0,0,0,0,0
106,8814317,609,1481750,14583050,36225900,14487750,66778450,66878450,2730,36048100,7078900,6863250,0,30852,0,5,0,0,0,0,0,0
107,2340504196,610,865450,22888400,36792550,6232400,66778800,66877150,1116,36619750,7993200,7771700,0,30852,0,5,0,0,0,0,0,0
108,3523076009,611,904150,15441450,36186550,14417500,66949650,67046950,2741,36014100,7388550,7169600,0,30852,0,5,0,0,0,0,0,0
109,1961669028,612,868400,15570950,36297700,13870450,66607500,66704900,2683,36121600,7665700,7461200,0,30852,0,5,0,0,0,0,0,0
110,1037581603,613,1531750,14596300,36273600,14378300,66779950,66878350,2667,36099450,7717050,7488350,0,30852,0,5,0,0,0,0,0,0
111,2701024588,614,876450,15426150,36368550,14102650,66773800,66875900,2671,36197750,7605300,7381000,0,30852,0,5,0,0,0,0,0,0
112,215037203,615,889400,15627000,36036050,14231050,66783500,66880050,2767,35866050,7364950,7169300,0,30852,0,5,0,0,0,0,0,0
113,3696282862,616,1359150,14719350,38509350,12191450,66779300,66876950,2342,38330100,7805500,7599350,0,30852,0,5,0,0,0,0,0,0
114,2829142928,617,905550,15730500,36224450,13914500,66775000,66874250,2623,36045950,7668500,7444550,0,30852,0,5,0,0,0,0,0,0
115,3204762949,618,869650,15471500,36607800,13860400,66809350,66909050,2621,36429350,7744100,7524300,0,30852,0,5,0,0,0,0,0,0
116,3297489190,619,891800,15587550,36360650,13908250,66748250,66845250,2690,36186900,7659750,7460300,0,30852,0,5,0,0,0,0,0,0
117,1691704917,620,1494350,14996900,37106650,13180500,66778400,66876850,2574,36933550,7640300,7446700,0,30852,0,5,0,0,0,0,0,0
118,663957814,621,900500,15373800,36340300,14165450,66780050,66878350,2683,36164650,7608850,7395050,0,30852,0,5,0,0,0,0,0,0
119,3058583827,622,876250,15628700,35960100,14312850,66777900,66878000,2784,35787150,7272250,7057850,0,30852,0,5,0,0,0,0,0,0
120,838545270,623,1375300,14618600,37494300,13290100,66778300,66877450,2255,36591900,7807450,7607750,0,30852,0,5,0,0,0,0,0,0
121,3608912039,624,1753950,15469450,36516650,12293250,66033300,66877350,2381,36343150,7734500,7534750,0,30852,0,5,0,0,0,0,0,0
122,4080159716,625,903150,15480150,45108150,5285450,66776900,66876950,933,44933400,7759200,7532500,0,30852,0,5,0,0,0,0,0,0
123,1056027075,626,882400,15656700,36379850,13856650,66775600,66876050,2678,36192350,7266550,7060800,0,30852,0,5,0,0,0,0,0,0
124,4057021248,627,1520550,14654850,36247950,14358800,66782150,66880000,2717,36074250,6961450,6761600,0,31172,0,5,0,0,0,0,0,0
125,2686741161,628,867850,15383750,36243100,14281900,66776600,66873500,2708,36071950,7604450,7386400,0,31172,0,5,0,0,0,0,0,0
126,3870849660,629,903050,15565700,36846700,13875800,67191250,67289600,2586,36665800,7753450,7544250,0,31172,0,5,0,0,0,0,0,0
127,293449641,630,870600,15371200,36361350,13756850,66360000,66468000,2694,36187750,7758250,7553150,0,30852,0,5,0,0,0,0,0,0
128,596064266,631,901400,15211950,38442900,12222300,66778550,66875450,2364,38272150,7350650,7146650,0,30852,0,5,0,0,0,0,0,0
129,3715495249,632,878750,15416850,36881600,13602400,66779600,66876950,2566,36704050,7654150,7444550,0,30852,0,5,0,0,0,0,0,0
130,244680018,633,897400,15564350,36145400,14173200,66780350,66878850,2748,35967800,7477050,7279500,0,30852,0,5,0,0,0,0,0,0
131,4080661783,634,1425550,14713650,36869800,13766150,66775150,66873750,2709,36125200,6967450,6759250,0,30852,0,5,0,0,0,0,0,0
132,4006730450,635,889750,15359150,36446050,14088950,66783900,66880650,2644,36269050,7851600,7636600,0,30852,0,5,0,0,0,0,0,0
133,3864584507,636,875550,15621700,36393750,14161700,67052700,67151500,2653,36220050,7610800,7399800,0,30852,0,5,0,0,0,0,0,0
134,2711027320,637,887750,15334350,36326350,13953350,66501800,66600350,2738,36150750,7742550,7541550,0,30852,0,5,0,0,0,0,0,0
135,4099079087,638,872200,15184750,36258900,14465400,66781250,66879550,2663,36085000,7679850,7457850,0,30852,0,5,0,0,0,0,0,0
136,565333772,639,896050,16853350,37488100,11536550,66774050,66874650,2218,37305950,7713950,7510550,0,30852,0,5,0,0,0,0,0,0
137,1028518269,640,888050,15614850,44035350,6240000,66778250,66876650,1236,43841800,10494000,10228650,0,30852,0,5,0,0,0,0,0,0
138,2252688136,641,1425550,14638700,37102250,13609200,66775700,66879450,2603,36926200,7594700,7389350,0,30852,0,5,0,0,0,0,0,0
139,578597309,642,879950,15443800,36336900,14111950,66772600,66874250,2667,36157650,7661050,7439400,0,30852,0,5,0,0,0,0,0,0
140,3624439358,643,894550,15560800,36258850,14209700,66923900,67020800,2662,36084150,7581150,7375900,0,30852,0,5,0,0,0,0,0,0
141,3514067501,644,871750,15367100,36374450,14026600,66639900,66736750,2753,36197200,7758550,7552100,0,30852,0,5,0,0,0,0,0,0
142,2741972910,645,1554250,14977050,37064200,13179800,66775300,66875250,2575,36896700,7597250,7396250,0,30852,0,5,0,0,0,0,0,0
143,28497579,646,888750,15440650,36317800,14131850,66779050,66879900,2311,36138400,7559950,7343700,0,30852,0,5,0,0,0,0,0,0
144,466729326,647,956450,15652600,36347200,13059950,66016200,66873700,2491,36167450,7657250,7443400,0,30852,0,5,0,0,0,0,0,0
145,3425349295,648,1358650,15844850,36254350,13321750,66779600,66876950,2602,36078850,7303100,7103750,0,30852,0,5,0,0,0,0,0,0
146,1537640620,649,906350,15295300,36324800,14253150,66779600,66877750,2697,36149200,7660250,7437800,0,30852,0,5,0,0,0,0,0,0
147,1853842891,650,870750,15635050,36335200,13938250,66779250,66877100,2601,36160200,7670100,7460850,0,30852,0,5,0,0,0,0,0,0
148,1177024904,651,889200,15344950,36650550,13897500,66782200,66879250,2723,36476050,7576600,7377850,0,31172,0,5,0,0,0,0,0,0
149,4106734849,652,1491500,14677550,36398150,14210950,66778150,66875000,2683,36216300,6982900,6783550,0,31172,0,5,0,0,0,0,0,0
150,2025356500,653,894050,15354050,36365650,14162750,66776500,66877650,2682,36195150,7613200,7399750,0,31172,0,5,0,0,0,0,0,0
151,2189605121,654,874000,15612950,39323800,10967800,66778550,66878000,2176,39149700,7831300,7618150,0,30852,0,5,0,0,0,0,0,0
152,4086136290,655,911250,15356900,36435650,13720350,66424150,66937000,2154,36246350,7639750,7435350,0,30852,0,5,0,0,0,0,0,0
153,4036669705,656,910950,19258950,36416800,10115750,66702450,66815900,1888,36240700,7798350,7573000,0,30852,0,5,0,0,0,0,0,0
154,4167980074,657,901950,15605750,36679100,13591350,66778150,66878050,2523,36505000,7681400,7470300,0,30852,0,5,0,0,0,0,0,0
155,51187407,658,869250,15438800,36427400,14042000,66777450,66875800,2757,36254900,7698500,7492750,0,30852,0,5,0,0,0,0,0,0
156,2242638442,659,1485700,14615600,36334100,14344350,66779750,66878300,2710,36150550,6978450,6778500,0,30852,0,5,0,0,0,0,0,0
157,2730108163,660,872950,15382650,36657700,13865300,66778600,66875200,2618,36483250,7718800,7500650,0,30852,0,5,0,0,0,0,0,0
158,2718743917,661,897550,15566250,36080400,14559950,67104150,67202700,2736,35910650,7402200,7191700,0,30852,0,5,0,0,0,0,0,0
159,3391709842,662,873500,17055500,36489900,12036250,66455150,66553300,2306,36312650,7715650,7500300,0,30852,0,5,0,0,0,0,0,0
160,1164604273,663,902650,15185250,36597500,14092950,66778350,66875400,2642,36425050,7996050,7756150,0,30852,0,5,0,0,0,0,0,0
161,2148591176,664,875800,15543000,36277350,14084950,66781100,66879100,2635,36099650,7623100,7412600,0,30852,0,5,0,0,0,0,0,0
162,4192737573,665,898700,15406100,36259650,14212250,66776700,66876200,2790,36080800,7586350,7382500,0,30852,0,5,0,0,0,0,0,0
163,535584840,666,1428150,14668150,37150150,13533950,66780400,66880100,2562,36974800,7644000,7432200,0,30852,0,5,0,0,0,0,0,0
164,3430794475,667,910400,15360050,36278000,14224300,66772750,66874500,2690,36103650,7660100,6858700,0,30852,0,5,0,0,0,0,0,0
165,776323552,668,875500,15615450,39519700,10953600,66964250,67060600,2084,39345000,7915700,7707750,0,30852,0,5,0,0,0,0,0,0
166,3330991427,669,914100,15324900,36427150,13927600,66593750,66694800,2340,36252350,7655150,7447450,0,30852,0,5,0,0,0,0,0,0
167,3282074430,670,1570050,14689250,36239900,14264400,66763600,66876950,2700,36067350,7701650,7465700,0,30852,0,5,0,0,0,0,0,0
168,2597814595,671,902200,15516150,43893050,6467700,66779100,66877350,1159,43719950,7746650,7531250,0,30852,0,5,0,0,0,0,0,0
169,2225601370,672,873100,15485250,36164550,14256650,66779550,66876650,2801,35987700,7445500,7236350,0,30852,0,5,0,0,0,0,0,0
170,3716853465,673,1375700,15836350,36311000,13255200,66778250,66876500,2588,36124650,7557350,7364850,0,30852,0,5,0,0,0,0,0,0
171,1080675697,674,899750,15213400,35833250,14833450,66779850,66878050,2830,35659300,7514500,7287800,0,30212,0,5,0,0,0,0,0,0
172,219920238,675,897700,15407850,35570100,14942700,66818350,66915150,2832,35394150,7222050,7013900,0,30212,0,5,0,0,0,0,0,0
173,3070385651,676,871650,15661750,36086300,14122050,66741750,66839100,2775,35910550,7568800,7371250,0,30212,0,5,0,0,0,0,0,0
174,2609556270,677,1520800,14452800,38262750,12540500,66776850,66875350,2432,38090950,7230350,7022950,0,30212,0,5,0,0,0,0,0,0
175,141401383,678,869550,15386950,35805850,14718700,66781050,66879400,2772,35631350,7526900,7314900,0,30212,0,5,0,0,0,0,0,0
176,3034105280,679,894850,15222400,36163800,14500650,66781700,66878800,2854,35978550,7447950,7231800,0,30212,0,5,0,0,0,0,0,0
177,3029196371,680,1344500,14510150,35964950,14956600,66776200,66872850,2848,35786150,6889550,6672700,0,30212,0,5,0,0,0,0,0,0
178,699378668,681,889500,15107450,35864500,14918550,66780000,66878350,2847,35686750,7530050,7317900,0,30212,0,5,0,0,0,0,0,0
179,2402609405,682,867500,15419950,36307200,14185050,66779700,66877850,2656,36131300,7517950,6740100,0,30212,0,5,0,0,0,0,0,0
CSV_END

STUDY_DONE_cb79dfd42182=0
# 