/tmp/app --transport unrolled --state-frame 0 --frames 180 --warmup 30 --wait spin --profile detailed --csv /tmp/transport-frames.csv --retained --dump /tmp/transport-frame.raw && printf "CSV_BEGIN\n" && cat /tmp/transport-frames.csv && printf "CSV_END\n"; study_status=$?; printf "\nSTUDY_DONE_606cba4be032=%s\n" "$study_status"
TRANSPORT mode=unrolled dma_minimum=64
BEGIN_BREAKOUT frames=180 warmup=30 fixed=0 blocks=40 tiles=1 hud=1 wait=spin replay=0 state_frame=0 profile=detailed pixel_centers=1 clock_call_ns=5531
HW_COUNTERS unavailable
RESULT frames=180 elapsed_s=3.109747100 fps=57.882520 logic_ms=0.987969 api_ms=2.949748 swap_ms=5.111676 wait_ms=8.074277 worker_inclusive_ms=4.901331 upload_inclusive_ms=1.451761 write_ms=1.257227 bytes_per_frame=3578.67 p50_ms=16.719200 p95_ms=17.052350 max_ms=33.440350 late_60hz=165 first_count=2001 last_count=2180 state_hash=8f34e8fd remaining=38 score=20
RENDER_PATH retained=1 grouped=0 quads=645 full_frames=0
FRAME_CHECK count=2180 address=9fe00000 fnv1a=79c99b23 pixels=307200 mismatches=0
BREAKOUT_PASS
CSV_BEGIN
frame,state_hash,display_count,logic_ns,api_ns,swap_ns,wait_ns,total_ns,completion_interval_ns,polls,worker_inclusive_ns,upload_inclusive_ns,write_ns,read_ns,write_bytes,read_bytes,write_calls,read_calls,dma_copy_ns,dma_launch_ns,dma_completion_wait_ns,dma_bytes,dma_lists
0,3724779174,2001,712750,4152950,6167750,5631850,16665300,16677450,1107,5991350,1993700,1829800,0,4572,0,5,0,0,0,0,0,0
1,1709657109,2002,905500,3793850,5625800,6284800,16609950,16719400,1239,5461050,1691850,1521400,0,4252,0,5,0,0,0,0,0,0
2,1894904752,2003,1394200,2438050,13710900,15777350,33320500,33439850,3030,13528900,1716200,1551350,0,3612,0,5,0,0,0,0,0,0
3,3703759967,2004,823250,3302950,5123650,7358350,16608200,16720900,1383,4965200,1497150,1332450,0,3612,0,5,0,0,0,0,0,0
4,19533624,2005,834000,3224400,5300500,7247800,16606700,16716550,1323,5138100,1491050,1334400,0,3612,0,5,0,0,0,0,0,0
5,816884773,2006,820500,2865150,4106250,8817050,16608950,16718700,1662,3955650,808500,647950,0,2972,0,5,0,0,0,0,0,0
6,1339236364,2007,1472450,2454850,5997300,6684000,16608600,16718650,1322,5825000,2374000,2210850,0,3612,0,5,0,0,0,0,0,0
7,3072959373,2008,821500,2412900,5376750,7573700,16184850,16721450,1444,5212500,1684550,1511150,0,3612,0,5,0,0,0,0,0,0
8,1782884746,2009,829150,2016400,4017050,9749050,16611650,16720950,1758,3862050,809650,654200,0,2972,0,5,0,0,0,0,0,0
9,30296781,2010,818400,3302300,5544800,6945600,16611100,16718400,1264,5379550,1711650,1544000,0,4252,0,5,0,0,0,0,0,0
10,4026418858,2011,833200,3216500,5645000,6906250,16600950,16718800,1238,5471350,1709450,1550950,0,4252,0,5,0,0,0,0,0,0
11,2084929051,2012,829500,2757350,4978850,8045550,16611250,16718150,1484,4825650,1486950,1329600,0,3612,0,5,0,0,0,0,0,0
12,3114489770,2013,1384450,2455400,5580200,7325250,16745300,16856400,1389,5408700,1942550,1788800,0,3932,0,5,0,0,0,0,0,0
13,891400471,2014,808650,2416500,5440450,7809800,16475400,16584050,1495,5272750,1719400,1554050,0,3932,0,5,0,0,0,0,0,0
14,3472773456,2015,849900,3003000,4088400,7881400,15822700,16719850,1499,3923000,1772050,645550,0,2972,0,5,0,0,0,0,0,0
15,3010688243,2016,815400,3190300,5279700,7327050,16612450,16717000,1342,5121450,1484050,1321650,0,3612,0,5,0,0,0,0,0,0
16,2819524756,2017,837650,3206650,5200100,7366050,16610450,16717750,1333,5034950,1486650,1332900,0,3612,0,5,0,0,0,0,0,0
17,3241678401,2018,1453200,2015450,3973750,9174600,16617000,16722750,1697,3818250,806800,651650,0,2972,0,5,0,0,0,0,0,0
18,2154316504,2019,1290400,2458350,5302750,7679700,16731200,16841450,1400,5136100,1697950,1536400,0,3612,0,5,0,0,0,0,0,0
19,772262681,2020,808650,3312950,4442250,7925150,16489000,16596500,1510,4287150,1649800,1465050,0,3612,0,5,0,0,0,0,0,0
20,3882818750,2021,823450,2899200,3968350,8918900,16609900,16717700,1704,3797050,1679350,1521000,0,2972,0,5,0,0,0,0,0,0
21,521131153,2022,813300,3168400,5296350,7334000,16612050,16718250,1335,5133300,1481600,1327700,0,3612,0,5,0,0,0,0,0,0
22,1838187414,2023,827250,3190150,5083900,7507750,16609050,16721700,1359,4924200,1487100,1332150,0,3612,0,5,0,0,0,0,0,0
23,840574439,2024,1397050,1994950,3936300,9537000,16865300,16970700,1688,3771400,807150,652550,0,2972,0,5,0,0,0,0,0,0
24,2879461878,2025,817100,2463900,5292800,7786700,16360500,16469550,1489,5126150,1691950,1538750,0,3612,0,5,0,0,0,0,0,0
25,202086035,2026,813050,3343950,5063800,7380400,16601200,16717200,1392,4899550,2295600,2120450,0,3612,0,5,0,0,0,0,0,0
26,959703924,2027,823500,2881400,3914550,8987350,16606800,16718000,1710,3747200,1616950,1433700,0,2972,0,5,0,0,0,0,0,0
27,3795724423,2028,813400,3209300,5250800,7340600,16614100,16720200,1331,5091850,1478950,1317850,0,3612,0,5,0,0,0,0,0,0
28,2500539904,2029,843950,3109200,5862750,6794900,16610800,16718300,1360,5694950,2259000,2102850,0,3612,0,5,0,0,0,0,0,0
29,2269000541,2030,1273250,1977650,3956950,9446250,16654100,16761500,1671,3805150,800350,642750,0,2972,0,5,0,0,0,0,0,0
30,1900681108,2031,815300,2445900,5147100,8157000,16565300,16677500,1569,4987450,1551650,1399350,0,3612,0,5,0,0,0,0,0,0
31,3680168245,2032,810050,3301150,5362050,7136400,16609650,16721850,1030,5194950,1487950,1332600,0,3612,0,5,0,0,0,0,0,0
32,2344329490,2033,831950,3201300,4158550,8397850,16589650,16719250,1581,3993650,811150,654700,0,2972,0,5,0,0,0,0,0,0
33,2130650181,2034,821500,3363800,6036500,6386000,16607800,16716400,1271,5859700,2292500,2120000,0,4252,0,5,0,0,0,0,0,0
34,906966818,2035,1452250,2459800,5782400,7217450,16911900,17027350,1360,5610550,2045600,1874350,0,4252,0,5,0,0,0,0,0,0
35,3939376531,2036,810950,1962900,4553150,8979350,16306350,16414550,1595,4395800,1249200,1096300,0,3612,0,5,0,0,0,0,0,0
36,2110688546,2037,828700,3465400,4953400,7362050,16609550,16718050,1388,4784650,2149250,1981000,0,3932,0,5,0,0,0,0,0,0
37,2695523007,2038,832800,3382350,5100400,6534150,15849700,16717800,1150,4932300,1305500,1143300,0,3932,0,5,0,0,0,0,0,0
38,744447992,2039,846000,2777550,3972600,9017100,16613250,16720250,1732,3809350,810700,659900,0,2972,0,5,0,0,0,0,0,0
39,3728640411,2040,823550,3105500,5818350,6868250,16615650,16720200,1384,4867750,1259950,1098000,0,3612,0,5,0,0,0,0,0,0
40,618879740,2041,1338000,2443300,5532500,7297950,16611750,16720100,1385,5363200,1907100,1754450,0,3612,0,5,0,0,0,0,0,0
41,1239708057,2042,812750,1979250,3976500,9843600,16612100,16719050,1781,3819550,798200,645350,0,2972,0,5,0,0,0,0,0,0
42,2429742208,2043,825400,3389350,4985500,7404250,16604500,16715700,1385,4814600,1262500,1100850,0,3612,0,5,0,0,0,0,0,0
43,412095716,2044,812050,3201450,5088150,7507800,16609450,16718900,1308,4924850,1258800,1097300,0,3612,0,5,0,0,0,0,0,0
44,1226741467,2045,826450,2819150,4131950,8827300,16604850,16722800,1666,3972100,808650,658400,0,2972,0,5,0,0,0,0,0,0
45,3288446148,2046,1508400,2436750,5857050,6806250,16608450,16718150,1361,5686200,2202050,2027300,0,3612,0,5,0,0,0,0,0,0
46,1157984843,2047,828350,2463700,5327100,7588250,16207400,16716600,1446,5158450,1694450,1541400,0,3612,0,5,0,0,0,0,0,0
47,3877288378,2048,808250,1978450,3927750,9902800,16617250,16720400,1795,3781850,798650,646750,0,2972,0,5,0,0,0,0,0,0
48,4236526315,2049,823050,3322600,5028550,7438750,16612950,16718250,1334,4857700,1257550,1113050,0,3612,0,5,0,0,0,0,0,0
49,533834014,2050,822950,3211550,5085950,7493400,16613850,16722250,1367,4922700,1259600,1098000,0,3612,0,5,0,0,0,0,0,0
50,1649361089,2051,834850,2714200,4070550,8991800,16611400,16720150,1698,3897350,810600,656400,0,2972,0,5,0,0,0,0,0,0
51,2486981906,2052,1381050,2441950,5577200,7325700,16725900,16831100,1355,5409150,1906500,1744200,0,3612,0,5,0,0,0,0,0,0
52,1706075277,2053,816700,2490650,5157750,8037400,16502500,16607650,1544,4994350,1533850,1377900,0,3612,0,5,0,0,0,0,0,0
53,267972368,2054,811700,1977450,3915850,9904700,16609700,16718500,1792,2933500,797650,645000,0,2972,0,5,0,0,0,0,0,0
54,3895401273,2055,821800,3284400,5048700,7444500,16599400,16716300,1333,4884650,1255500,1109800,0,3612,0,5,0,0,0,0,0,0
55,605985656,2056,819950,3233000,4944100,7619200,16616250,16722600,1385,4776750,1258150,1106400,0,3612,0,5,0,0,0,0,0,0
56,4077673024,2057,1557950,8468150,8163700,15138950,33328750,33437450,2866,7984900,1856550,900200,0,6632,0,5,0,0,0,0,0,0
57,985632231,2058,852550,8975150,9001300,14491200,33320200,33440350,2696,8821650,1394500,1230900,0,7312,0,5,0,0,0,0,0,0
58,3720590956,2059,876900,3258900,5097600,7369150,16602550,16718500,1335,4937000,1259700,1103700,0,3652,0,5,0,0,0,0,0,0
59,3264032585,2060,843700,2931200,3972950,8865350,16613200,16716800,1665,3815450,805300,646000,0,2972,0,5,0,0,0,0,0,0
60,395405688,2061,876150,3492550,13094950,14443200,31906850,33439700,2699,12902300,3287450,3072250,0,3612,0,5,0,0,0,0,0,0
61,32142420,2062,863700,3504500,4892150,7347000,16607350,16717800,1370,4730150,1262200,1108750,0,3612,0,5,0,0,0,0,0,0
62,1187067055,2063,864800,2878700,3916150,8949350,16609000,16719850,1729,3747400,1616650,521700,0,2972,0,5,0,0,0,0,0,0
63,459140908,2064,841500,3221650,4966750,7580800,16610700,16718050,1381,4801900,1258050,1096600,0,3612,0,5,0,0,0,0,0,0
64,3369786495,2065,1522500,2501550,5782000,6809750,16615800,16723000,1362,5612550,2059800,1902050,0,3612,0,5,0,0,0,0,0,0
65,1572434254,2066,1318650,2009650,4003700,9278250,16610250,16718600,1572,3847850,803600,646300,0,2972,0,5,0,0,0,0,0,0
66,4107798823,2067,855250,2472050,5161050,8117600,16605950,16720700,1553,4155250,1567050,1405300,0,3612,0,5,0,0,0,0,0,0
67,343968250,2068,854750,3305800,5100150,7352100,16612800,16717350,1354,4932250,1262550,1101700,0,3612,0,5,0,0,0,0,0,0
68,3102454017,2069,874400,2800350,3967100,8967800,16609650,16720000,1731,3806900,1682400,645950,0,2972,0,5,0,0,0,0,0,0
69,3051095563,2070,840950,3211950,4875500,7679850,16608250,16716850,1396,4707600,1259500,1097800,0,3612,0,5,0,0,0,0,0,0
70,2391331016,2071,1468050,2482600,5666150,7289150,16905950,17019750,1368,5498250,2056700,1902000,0,3612,0,5,0,0,0,0,0,0
71,3869016117,2072,832600,1995400,3955400,9532250,16315650,16420650,1715,3801200,799850,640900,0,2972,0,5,0,0,0,0,0,0
72,1579800804,2073,862650,3410150,4829250,7509350,16611400,16721000,1418,4665000,2119250,1948500,0,3612,0,5,0,0,0,0,0,0
73,2792341157,2074,841000,3288800,5056350,7423800,16609950,16718700,1321,4897950,1263250,1099050,0,3612,0,5,0,0,0,0,0,0
74,714702942,2075,861050,2792150,4060950,8893100,16607250,16716150,1693,3904500,812700,657900,0,2972,0,5,0,0,0,0,0,0
75,1092538936,2076,841100,3184200,5659750,6930600,16615650,16721500,1399,4713800,1255100,1101750,0,3612,0,5,0,0,0,0,0,0
76,1561271239,2077,1343850,2473750,5581050,7206800,16605450,16717800,1318,5411350,1851400,1681050,0,4252,0,5,0,0,0,0,0,0
77,3798074098,2078,835100,1981800,4540500,9250300,16607700,16722400,1653,4383950,1248950,1094350,0,3612,0,5,0,0,0,0,0,0
78,3022639071,2079,863500,3700600,5384550,6706900,16655550,16771000,872,5220950,1496200,1346800,0,4252,0,5,0,0,0,0,0,0
79,2282770062,2080,857150,3359100,5422750,6910100,16549100,16663100,1209,5263550,1484850,1327200,0,3932,0,5,0,0,0,0,0,0
80,1626512457,2081,856450,2820500,4350950,8581400,16609300,16722300,1611,4201700,1079650,926800,0,3292,0,5,0,0,0,0,0,0
81,3156888026,2082,1475000,2477050,5525750,7478850,16956650,17068250,1426,5362150,1903050,1726950,0,3612,0,5,0,0,0,0,0,0
82,3038824309,2083,860600,2469600,5193500,7728550,16252250,16367700,1447,5030450,1536300,1382700,0,3612,0,5,0,0,0,0,0,0
83,1261846460,2084,842050,1982150,3942900,9846600,16613700,16719700,1784,3794300,801950,648050,0,2972,0,5,0,0,0,0,0,0
84,2035201521,2085,878850,3444200,5155300,6348400,15826750,16722750,1111,4996650,1488450,1331650,0,3612,0,5,0,0,0,0,0,0
85,2164446652,2086,848400,3231900,5276050,7251850,16608200,16717150,1314,5120100,1490300,1326700,0,3612,0,5,0,0,0,0,0,0
86,2017191835,2087,873000,2863950,3955350,8916550,16608850,16718800,1677,3798050,801550,652250,0,2972,0,5,0,0,0,0,0,0
87,3029138484,2088,1382650,2475650,5505550,7280250,16644100,16750050,1382,5348450,1918350,1747050,0,3612,0,5,0,0,0,0,0,0
88,50355403,2089,863450,2489050,5194300,8027950,16574750,16687400,1540,5027750,1554700,1398950,0,3612,0,5,0,0,0,0,0,0
89,654213990,2090,847900,2927000,3893950,8943500,16612350,16721400,1747,2921700,798050,644200,0,2972,0,5,0,0,0,0,0,0
90,2360099787,2091,853550,3731350,6938200,5080950,16604050,16716800,966,6750150,2078400,1908900,0,3612,0,5,0,0,0,0,0,0
91,2424818746,2092,845600,3210000,5176850,7372000,16604450,16719150,1335,5013800,1469200,1320400,0,3612,0,5,0,0,0,0,0,0
92,1971386461,2093,1542600,2042050,4069300,8959250,16613200,16722900,1676,3901950,808300,658250,0,2972,0,5,0,0,0,0,0,0
93,3386045126,2094,844900,2475650,5201250,7686300,16208100,16719350,1467,5034350,1536300,1374300,0,3612,0,5,0,0,0,0,0,0
94,1429641961,2095,856350,3381900,4472900,7894550,16605700,16718450,1496,4314350,1714000,676800,0,3612,0,5,0,0,0,0,0,0
95,3022846880,2096,843700,2876250,3961750,8933650,16615350,16720000,1736,3794950,1684700,1522350,0,2972,0,5,0,0,0,0,0,0
96,1601897261,2097,866050,3233100,5275550,7232700,16607400,16719000,1304,5113800,1489450,1328850,0,3612,0,5,0,0,0,0,0,0
97,1229951528,2098,850300,3212300,5923600,6624000,16610200,16716250,1324,5751900,2257900,2088000,0,3612,0,5,0,0,0,0,0,0
98,4065171759,2099,1424300,2016400,3957400,9331650,16729750,16840500,1636,3785750,804850,659900,0,2972,0,5,0,0,0,0,0,0
99,1034325744,2100,854250,2441300,5207750,7991650,16494950,16601600,1532,5047050,1545450,1382650,0,3612,0,5,0,0,0,0,0,0
100,14078671,2101,855250,3394600,5402350,6949850,16602050,16716900,1285,5235650,1708600,1559650,0,4252,0,5,0,0,0,0,0,0
101,4024270554,2102,850700,2812100,4447950,8498850,16609600,16720850,1595,4289350,2045900,1866650,0,3612,0,5,0,0,0,0,0,0
102,896191351,2103,865750,3235900,6263250,6244150,16609050,16719250,1243,6087600,2474600,2306750,0,4252,0,5,0,0,0,0,0,0
103,2131384102,2104,1826300,2488850,5461900,6835900,16612950,16720000,1369,5297400,1733650,1560150,0,3932,0,5,0,0,0,0,0,0
104,2586210593,2105,1312400,2017800,4187900,9089550,16607650,16719900,1580,4034700,1061900,915750,0,3292,0,5,0,0,0,0,0,0
105,591918370,2106,835350,2461350,5203200,8106700,16606600,16717850,1545,4205200,1581950,1408100,0,3612,0,5,0,0,0,0,0,0
106,8814317,2107,869200,3339300,5246250,7149800,16604550,16717500,1312,5080850,1483000,1325600,0,3612,0,5,0,0,0,0,0,0
107,2340504196,2108,872700,2932200,3963750,8052900,15821550,16718400,1460,3804350,805050,646450,0,2972,0,5,0,0,0,0,0,0
108,3523076009,2109,864150,3242900,5854150,6647600,16608800,16721950,1335,4939750,1486600,1339950,0,3612,0,5,0,0,0,0,0,0
109,1961669028,2110,1407500,2479800,5512350,7419950,16819600,16930600,1412,5352550,1897450,1730700,0,3612,0,5,0,0,0,0,0,0
110,1037581603,2111,877400,2007400,3950500,9555300,16390600,16505750,1687,3785800,805500,656050,0,2972,0,5,0,0,0,0,0,0
111,2701024588,2112,835900,3409000,5061400,7298850,16605150,16720900,1370,4897100,2301950,2125600,0,3612,0,5,0,0,0,0,0,0
112,215037203,2113,871000,3254750,5305800,7176450,16608000,16720550,1310,5142100,1484550,1328250,0,3612,0,5,0,0,0,0,0,0
113,3696282862,2114,854800,2777700,4114100,8859800,16606400,16718450,1678,3949500,810400,647300,0,2972,0,5,0,0,0,0,0,0
114,2829142928,2115,1648300,2516900,5672350,6769450,16607000,16719450,1356,5507900,2064800,1904250,0,3612,0,5,0,0,0,0,0,0
115,3204762949,2116,1313650,2457800,5680450,7159350,16611250,16718450,1339,5517300,2028950,1860700,0,3612,0,5,0,0,0,0,0,0
116,3297489190,2117,864700,2022500,3924550,9800850,16612600,16721900,1768,3764650,801250,656050,0,2972,0,5,0,0,0,0,0,0
117,1691704917,2118,845000,3489350,5203200,7072150,16609700,16716100,1289,5040900,1480350,1327550,0,3612,0,5,0,0,0,0,0,0
118,663957814,2119,874500,3250250,5315750,7162450,16602950,16720600,1298,5155150,1487300,1328200,0,3612,0,5,0,0,0,0,0,0
119,3058583827,2120,851750,2764350,4071800,8919150,16607050,16716950,1680,3911450,816450,652700,0,2972,0,5,0,0,0,0,0,0
120,838545270,2121,1477400,2502900,5650400,10041350,19672050,19779400,618,5480000,1905350,1744000,0,3612,0,5,0,0,0,0,0,0
121,3608912039,2122,1963900,2510250,5257300,3803700,13535150,13660750,715,5079050,1528950,1364100,0,3612,0,5,0,0,0,0,0,0
122,4080159716,2123,863650,2016700,3949300,9781500,16611150,16721950,1768,3783150,794100,651350,0,2972,0,5,0,0,0,0,0,0
123,1056027075,2124,841850,3331550,5417300,7021150,16611850,16716850,1273,5254200,1480800,1313600,0,3612,0,5,0,0,0,0,0,0
124,4057021248,2125,881650,3245350,6336500,6144100,16607600,16720650,1224,6150000,1700450,1551700,0,4252,0,5,0,0,0,0,0,0
125,2686741161,2126,854300,2708050,4799050,8249250,16610650,16719850,1529,4638400,1489400,1327450,0,3612,0,5,0,0,0,0,0,0
126,3870849660,2127,1381700,2475250,5634600,7109800,16601350,16715550,1339,5461450,1907900,1746800,0,4252,0,5,0,0,0,0,0,0
127,293449641,2128,846800,2459550,5417250,7889050,16612650,16721350,1436,5246850,1683500,1501100,0,3932,0,5,0,0,0,0,0,0
128,596064266,2129,862750,2941250,4052100,8751800,16607900,16718600,1697,3895050,1749500,1591750,0,3292,0,5,0,0,0,0,0,0
129,3715495249,2130,848950,3216900,5310750,7233000,16609600,16720600,1276,5148450,1490750,1326600,0,3612,0,5,0,0,0,0,0,0
130,244680018,2131,1703000,2543300,5338150,6226950,15811400,16717200,1230,5155250,1689550,1523250,0,3612,0,5,0,0,0,0,0,0
131,4080661783,2132,1511100,2002000,3965750,9504500,16983350,17092850,1717,3799750,804100,641550,0,2972,0,5,0,0,0,0,0,0
132,4006730450,2133,878550,2460450,5303150,7592650,16234800,16347250,1412,5130300,1686100,1529200,0,3612,0,5,0,0,0,0,0,0
133,3864584507,2134,847850,3317800,4515750,7928600,16610000,16717450,1506,4360200,1726650,690850,0,3612,0,5,0,0,0,0,0,0
134,2711027320,2135,862800,2905250,3902400,8939000,16609450,16722150,1731,3727250,1618600,1445550,0,2972,0,5,0,0,0,0,0,0
135,4099079087,2136,855950,3225700,5288100,7238700,16608450,16717600,1276,5128350,1489000,1322850,0,3612,0,5,0,0,0,0,0,0
136,565333772,2137,871450,3175600,5901600,6660650,16609300,16721200,1332,5726300,2264050,2105750,0,3612,0,5,0,0,0,0,0,0
137,1028518269,2138,1422100,1985600,3965550,9295550,16668800,16776500,1668,3795550,806450,650950,0,2972,0,5,0,0,0,0,0,0
138,2252688136,2139,860400,2457650,5312500,7918600,16549150,16661400,1488,5140050,1684400,1525050,0,3612,0,5,0,0,0,0,0,0
139,578597309,2140,842450,3375450,5060650,7333350,16611900,16716450,1376,4896050,1485000,1319700,0,3612,0,5,0,0,0,0,0,0
140,3624439358,2141,863350,2793750,4201100,8748650,16606850,16720000,1674,4030650,1897800,1714800,0,2972,0,5,0,0,0,0,0,0
141,3514067501,2142,848100,3241750,5195600,7326900,16612350,16719200,1323,5036650,1484450,1320950,0,3612,0,5,0,0,0,0,0,0
142,2741972910,2143,1679650,2508100,5490850,6931950,16610550,16721100,1388,5320600,1887700,1722550,0,3612,0,5,0,0,0,0,0,0
143,28497579,2144,841900,1994300,3960600,9385550,16182350,16719650,1683,3806050,805750,641050,0,2972,0,5,0,0,0,0,0,0
144,466729326,2145,862250,3358950,4433050,7957750,16612000,16718800,1515,4266300,1667450,1493300,0,3612,0,5,0,0,0,0,0,0
145,3425349295,2146,844000,3434200,5274900,7060000,16613100,16720650,1283,5110400,1489050,1326500,0,3612,0,5,0,0,0,0,0,0
146,1537640620,2147,870100,2793100,3971250,8969050,16603500,16717200,1727,3801200,812900,651800,0,2972,0,5,0,0,0,0,0,0
147,1853842891,2148,848600,3200500,5887100,6675700,16611900,16719850,1339,5710450,1485400,1322450,0,3612,0,5,0,0,0,0,0,0
148,1177024904,2149,1429250,2483250,5719500,7138100,16770100,16879200,1341,5535950,1842850,1662000,0,4252,0,5,0,0,0,0,0,0
149,4106734849,2150,844100,1974650,4540350,9090600,16449700,16561100,1619,4378500,1251500,1089200,0,3612,0,5,0,0,0,0,0,0
150,2025356500,2151,865850,3421000,5214800,7105850,16607500,16719500,1317,5049000,1500150,1352700,0,4252,0,5,0,0,0,0,0,0
151,2189605121,2152,851100,3220950,7308150,5228650,16608850,16717750,1020,7119350,1811150,1635700,0,3932,0,5,0,0,0,0,0,0
152,4086136290,2153,865500,2784250,4388100,8563000,16600850,16719450,1540,4234100,1075200,918600,0,3292,0,5,0,0,0,0,0,0
153,4036669705,2154,1663850,3395750,4637500,6143550,15840650,16718850,1206,4462900,1826750,1641400,0,3612,0,5,0,0,0,0,0,0
154,4167980074,2155,1329200,2493500,5478450,7306800,16607950,16718300,1383,5299400,1831950,1672600,0,3612,0,5,0,0,0,0,0,0
155,51187407,2156,845450,2004000,3971550,9791050,16612050,16719800,1767,3806700,805900,648000,0,2972,0,5,0,0,0,0,0,0
156,2242638442,2157,876200,3380700,5023400,7326400,16606700,16719000,1345,4857650,1255250,1108550,0,3612,0,5,0,0,0,0,0,0
157,2730108163,2158,857150,3259250,5074150,7419150,16609700,16719350,1314,4914400,1255000,1102500,0,3612,0,5,0,0,0,0,0,0
158,2718743917,2159,866550,2777550,4070500,8892600,16607200,16717800,1675,3913600,810300,653900,0,2972,0,5,0,0,0,0,0,0
159,3391709842,2160,1468450,2493600,5534950,7360700,16857700,16963900,1398,5368150,1892250,1728550,0,3612,0,5,0,0,0,0,0,0
160,1164604273,2161,853950,2496000,5177350,7836750,16364050,16474750,1464,5008700,1541050,1382800,0,3612,0,5,0,0,0,0,0,0
161,2148591176,2162,846400,1992800,3933450,9840950,16613600,16720400,1783,3784650,796800,637700,0,2972,0,5,0,0,0,0,0,0
162,4192737573,2163,869850,3318000,5052250,7365600,16605700,16721950,1349,4883300,1258650,1108900,0,3612,0,5,0,0,0,0,0,0
163,535584840,2164,866650,3276400,4972650,7493500,16609200,16715600,1330,4812000,1257650,1094650,0,3612,0,5,0,0,0,0,0,0
164,3430794475,2165,1510750,2082700,3961550,9054650,16609650,16720050,1700,3799550,810000,654650,0,2972,0,5,0,0,0,0,0,0
165,776323552,2166,1312600,2480400,5600000,7218150,16611150,16719200,1357,5429800,1601350,601200,0,3612,0,5,0,0,0,0,0,0
166,3330991427,2167,865700,2492250,5128050,8128500,16614500,16720500,1531,4117250,1525600,1369100,0,3612,0,5,0,0,0,0,0,0
167,3282074430,2168,843950,2850400,3957250,8963250,16614850,16718000,1746,3793800,797900,641650,0,2972,0,5,0,0,0,0,0,0
168,2597814595,2169,873900,3271550,5061050,7405200,16611700,16718850,1349,4890950,1261250,1101650,0,3612,0,5,0,0,0,0,0,0
169,2225601370,2170,858400,3283400,4888600,7582150,16612550,16722050,1372,4726150,1257750,1104150,0,3612,0,5,0,0,0,0,0,0
170,3716853465,2171,1626800,2061400,3902450,9348250,16938900,17052350,1677,3741750,805450,662150,0,2972,0,5,0,0,0,0,0,0
171,1080675697,2172,857500,8840050,9168600,14134150,33000300,33104050,2624,8991800,1430600,1266700,0,7272,0,5,0,0,0,0,0,0
172,219920238,2173,872500,8682700,9662750,14110100,33328050,33440200,2779,8681800,1333150,1182700,0,7312,0,5,0,0,0,0,0,0
173,3070385651,2174,871000,2704500,4038050,8980800,16594350,16717150,1690,3882150,807700,649850,0,3012,0,5,0,0,0,0,0,0
174,2609556270,2175,1394550,2474550,5461900,7293200,16624200,16735800,1381,5276850,1707450,1554800,0,3612,0,5,0,0,0,0,0,0
175,141401383,2176,839250,2455100,5193400,8106050,16593800,16703200,1468,5030650,1534650,1372250,0,3612,0,5,0,0,0,0,0,0
176,3034105280,2177,851750,2872800,3915500,8968300,16608350,16718750,1753,2926100,798300,658600,0,2972,0,5,0,0,0,0,0,0
177,3029196371,2178,855200,3257350,5246300,7253850,16612700,16718150,1312,5074450,1263750,1104900,0,3612,0,5,0,0,0,0,0,0
178,699378668,2179,876150,3211600,4877050,7652650,16617450,16722350,1391,4703400,1258250,1103450,0,3612,0,5,0,0,0,0,0,0
179,2402609405,2180,1479550,2036950,3908250,9192800,16617550,16719050,1728,3752000,806550,652050,0,2972,0,5,0,0,0,0,0,0
CSV_END

STUDY_DONE_606cba4be032=0
# 