Addressing configuration for axi_crossbar_addr instance TOP.RasterIX_IF.mainXBar.axi_crossbar_wr_inst.s_ifaces[0].addr_inst
 0 ( 0): 00000000 / 32 -- 00000000-ffffffff
Addressing configuration for axi_crossbar_addr instance TOP.RasterIX_IF.mainXBar.axi_crossbar_wr_inst.s_ifaces[1].addr_inst
 0 ( 0): 00000000 / 32 -- 00000000-ffffffff
Addressing configuration for axi_crossbar_addr instance TOP.RasterIX_IF.mainXBar.axi_crossbar_wr_inst.s_ifaces[2].addr_inst
 0 ( 0): 00000000 / 32 -- 00000000-ffffffff
Addressing configuration for axi_crossbar_addr instance TOP.RasterIX_IF.mainXBar.axi_crossbar_wr_inst.s_ifaces[3].addr_inst
 0 ( 0): 00000000 / 32 -- 00000000-ffffffff
Addressing configuration for axi_crossbar_addr instance TOP.RasterIX_IF.mainXBar.axi_crossbar_rd_inst.s_ifaces[0].addr_inst
 0 ( 0): 00000000 / 32 -- 00000000-ffffffff
Addressing configuration for axi_crossbar_addr instance TOP.RasterIX_IF.mainXBar.axi_crossbar_rd_inst.s_ifaces[1].addr_inst
 0 ( 0): 00000000 / 32 -- 00000000-ffffffff
Addressing configuration for axi_crossbar_addr instance TOP.RasterIX_IF.mainXBar.axi_crossbar_rd_inst.s_ifaces[2].addr_inst
 0 ( 0): 00000000 / 32 -- 00000000-ffffffff
Addressing configuration for axi_crossbar_addr instance TOP.RasterIX_IF.mainXBar.axi_crossbar_rd_inst.s_ifaces[3].addr_inst
 0 ( 0): 00000000 / 32 -- 00000000-ffffffff
GPU_FRAME mode=apb state=1800 gap=0 seed=27 repeat=0 pixels=307200 mismatches=0 hash=a25cae93 cycles=528428
GPU_FRAME mode=apb state=1800 gap=0 seed=27 repeat=1 pixels=307200 mismatches=0 hash=16b58153 cycles=949113
GPU_FRAME mode=apb state=1800 gap=0 seed=27 repeat=2 pixels=307200 mismatches=0 hash=e3872013 cycles=1369846
GPU_FRAME mode=apb state=1800 gap=0 seed=27 repeat=3 pixels=307200 mismatches=0 hash=ad53fad3 cycles=1790731
GPU_FUNCTIONAL_PASS
