Addressing configuration for axi_crossbar_addr instance TOP.RasterIX_IF.mainXBar.axi_crossbar_wr_inst.s_ifaces[0].addr_inst
 0 ( 0): 00000000 / 32 -- 00000000-ffffffff
Addressing configuration for axi_crossbar_addr instance TOP.RasterIX_IF.mainXBar.axi_crossbar_wr_inst.s_ifaces[1].addr_inst
 0 ( 0): 00000000 / 32 -- 00000000-ffffffff
Addressing configuration for axi_crossbar_addr instance TOP.RasterIX_IF.mainXBar.axi_crossbar_wr_inst.s_ifaces[2].addr_inst
 0 ( 0): 00000000 / 32 -- 00000000-ffffffff
Addressing configuration for axi_crossbar_addr instance TOP.RasterIX_IF.mainXBar.axi_crossbar_wr_inst.s_ifaces[3].addr_inst
 0 ( 0): 00000000 / 32 -- 00000000-ffffffff
Addressing configuration for axi_crossbar_addr instance TOP.RasterIX_IF.mainXBar.axi_crossbar_rd_inst.s_ifaces[0].addr_inst
 0 ( 0): 00000000 / 32 -- 00000000-ffffffff
Addressing configuration for axi_crossbar_addr instance TOP.RasterIX_IF.mainXBar.axi_crossbar_rd_inst.s_ifaces[1].addr_inst
 0 ( 0): 00000000 / 32 -- 00000000-ffffffff
Addressing configuration for axi_crossbar_addr instance TOP.RasterIX_IF.mainXBar.axi_crossbar_rd_inst.s_ifaces[2].addr_inst
 0 ( 0): 00000000 / 32 -- 00000000-ffffffff
Addressing configuration for axi_crossbar_addr instance TOP.RasterIX_IF.mainXBar.axi_crossbar_rd_inst.s_ifaces[3].addr_inst
 0 ( 0): 00000000 / 32 -- 00000000-ffffffff
GPU_FRAME mode=dma state=3600 gap=0 seed=27 repeat=0 pixels=307200 mismatches=0 hash=ff1fa27b cycles=502439
GPU_FRAME mode=dma state=3600 gap=0 seed=27 repeat=1 pixels=307200 mismatches=0 hash=2962b6fb cycles=896539
GPU_FRAME mode=dma state=3600 gap=0 seed=27 repeat=2 pixels=307200 mismatches=0 hash=83cba8c3 cycles=1289574
GPU_FRAME mode=dma state=3600 gap=0 seed=27 repeat=3 pixels=307200 mismatches=0 hash=10136843 cycles=1681830
GPU_FUNCTIONAL_PASS
