/tmp/app-lto --transport unrolled --state-frame 0 --frames 180 --warmup 30 --wait spin --profile detailed --csv /tmp/transport-frames.csv --grouped --dump /tmp/transport-frame.raw && printf "CSV_BEGIN\n" && cat /tmp/transport-frames.csv && printf "CSV_END\n"; study_status=$?; printf "\nSTUDY_DONE_ef8ea7f8faa8=%s\n" "$study_status"
TRANSPORT mode=unrolled dma_minimum=64
BEGIN_BREAKOUT frames=180 warmup=30 fixed=0 blocks=40 tiles=1 hud=1 wait=spin replay=0 state_frame=0 profile=detailed pixel_centers=1 clock_call_ns=4755
HW_COUNTERS unavailable
RESULT frames=180 elapsed_s=9.162735200 fps=19.644789 logic_ms=0.993630 api_ms=11.226314 swap_ms=32.826023 wait_ms=5.714355 worker_inclusive_ms=32.580670 upload_inclusive_ms=6.323296 write_ms=6.062684 bytes_per_frame=30951.56 p50_ms=50.157900 p95_ms=50.484450 max_ms=67.174050 late_60hz=180 first_count=1573 last_count=1752 state_hash=8f34e8fd remaining=38 score=20
RENDER_PATH retained=0 grouped=1 quads=13131 full_frames=180
FRAME_CHECK count=1752 address=9fe00000 fnv1a=79c99b23 pixels=307200 mismatches=0
BREAKOUT_PASS
CSV_BEGIN
frame,state_hash,display_count,logic_ns,api_ns,swap_ns,wait_ns,total_ns,completion_interval_ns,polls,worker_inclusive_ns,upload_inclusive_ns,write_ns,read_ns,write_bytes,read_bytes,write_calls,read_calls,dma_copy_ns,dma_launch_ns,dma_completion_wait_ns,dma_bytes,dma_lists
0,3724779174,1573,771550,11316350,32494800,5529150,50111850,50121550,982,32317950,6092200,5882700,0,31172,0,5,0,0,0,0,0,0
1,1709657109,1574,903300,11374300,31943000,5835700,50056300,50158000,1149,31758150,6267850,6068750,0,31172,0,5,0,0,0,0,0,0
2,1894904752,1575,1519600,10678850,33383100,4474600,50056150,50156650,865,33200550,6691300,6468150,0,31172,0,5,0,0,0,0,0,0
3,3703759967,1576,820900,11323050,31851350,6064300,50059600,50157900,1200,31663950,6141300,5947400,0,31172,0,5,0,0,0,0,0,0
4,19533624,1577,1405000,10520700,33182450,4955700,50063850,50160600,970,32998950,6680400,6455750,0,31172,0,5,0,0,0,0,0,0
5,816884773,1578,832900,11239000,32336050,5650150,50058100,50156650,1098,32145400,6428000,5614600,0,31172,0,5,0,0,0,0,0,0
6,1339236364,1579,1320850,10537550,33412950,4786600,50057950,50156100,928,33236950,6527100,6305200,0,31172,0,5,0,0,0,0,0,0
7,3072959373,1580,834450,11206150,32379450,5845750,50265800,50365550,1052,32196150,6496450,6278850,0,31172,0,5,0,0,0,0,0,0
8,1782884746,1581,860900,10530600,33083300,5375500,49850300,49950150,1058,32909100,6567300,6342550,0,31172,0,5,0,0,0,0,0,0
9,30296781,1582,840250,13806550,32208800,3202200,50057800,50159150,586,32028250,6295350,6098000,0,31492,0,5,0,0,0,0,0,0
10,4026418858,1583,865700,10529700,33341300,5323800,50060500,50160550,1019,32409700,6796550,6560700,0,31492,0,5,0,0,0,0,0,0
11,2084929051,1584,837400,11166900,32766100,5286100,50056500,50156600,929,32586200,6094300,5879300,0,31492,0,5,0,0,0,0,0,0
12,3114489770,1585,852750,11209900,32182450,5814800,50059900,50158050,1149,32001250,6415000,6182250,0,31172,0,5,0,0,0,0,0,0
13,891400471,1586,844350,11121950,32663700,5425400,50055400,50155550,952,32484800,6049950,5842250,0,31172,0,5,0,0,0,0,0,0
14,3472773456,1587,883850,11418850,32286300,4767600,49356600,50158900,905,32097300,6475300,6252600,0,31172,0,5,0,0,0,0,0,0
15,3010688243,1588,1772050,10542650,33286050,4458200,50058950,50157200,860,33106550,6660850,6439600,0,31172,0,5,0,0,0,0,0,0
16,2819524756,1589,847800,11197500,31866650,6148400,50060350,50158600,1217,31677750,6120900,5911900,0,31172,0,5,0,0,0,0,0,0
17,3241678401,1590,1377900,10550600,33299650,4830450,50058600,50158400,941,33121500,6681950,6459900,0,31172,0,5,0,0,0,0,0,0
18,2154316504,1591,851700,11243350,32427750,5538200,50061000,50159250,1073,32244150,6788700,6569150,0,31172,0,5,0,0,0,0,0,0
19,772262681,1592,838950,11660550,34532900,2621550,49653950,50159550,326,34354600,6054950,5838450,0,31172,0,5,0,0,0,0,0,0
20,3882818750,1593,857350,18331050,32082750,15497150,66768300,66874450,2992,31908100,6267700,6056450,0,31172,0,5,0,0,0,0,0,0
21,521131153,1594,842900,11191050,32212500,5810900,50057350,50155600,1149,32034300,6281000,6079950,0,31172,0,5,0,0,0,0,0,0
22,1838187414,1595,1485550,10468750,32576100,5529550,50059950,50161300,486,32398200,6070500,5852350,0,31172,0,5,0,0,0,0,0,0
23,840574439,1596,846750,11247850,31941200,6001650,50037450,50155950,1189,31758700,6113800,5923250,0,31172,0,5,0,0,0,0,0,0
24,2879461878,1597,1420700,10529750,33140000,4968200,50058650,50157150,981,32360850,6074500,5850650,0,31172,0,5,0,0,0,0,0,0
25,202086035,1598,843150,11210800,32074050,5933500,50061500,50159750,1160,31892800,6226650,6007400,0,31172,0,5,0,0,0,0,0,0
26,959703924,1599,1340050,10547550,33170850,4999100,50057550,50159050,978,32993900,6690450,6466150,0,31172,0,5,0,0,0,0,0,0
27,3795724423,1600,834200,11582900,32114450,5856350,50387900,50484450,1057,31926650,6542600,6326850,0,31172,0,5,0,0,0,0,0,0
28,2500539904,1601,855750,10554450,33082650,5240100,49732950,49829900,1027,32906100,6820200,6587550,0,31172,0,5,0,0,0,0,0,0
29,2269000541,1602,835500,12589900,33236250,3466000,50127650,50224750,646,33054450,6813600,6595100,0,31172,0,5,0,0,0,0,0,0
30,1900681108,1603,853800,10550600,33093100,5492550,49990050,50088100,1076,32162800,6829850,6603150,0,31172,0,5,0,0,0,0,0,0
31,3680168245,1604,839800,11175400,32714700,5335800,50065700,50162250,903,32534150,6046800,5837300,0,31172,0,5,0,0,0,0,0,0
32,2344329490,1605,847050,11242350,32052200,5910200,50051800,50153500,1144,31881250,6461900,6233050,0,31172,0,5,0,0,0,0,0,0
33,2130650181,1606,838100,11135400,32547400,5539050,50059950,50159300,952,32366750,6100200,5888950,0,31492,0,5,0,0,0,0,0,0
34,906966818,1607,851200,11209050,32055400,5943400,50059050,50159600,1178,31876700,6449950,6218700,0,31492,0,5,0,0,0,0,0,0
35,3939376531,1608,1598300,10533800,33541500,4384500,50058100,50156000,845,33364600,6711750,6489750,0,31492,0,5,0,0,0,0,0,0
36,2110688546,1609,868800,11373800,31753300,6063950,50059850,50157850,1202,31573150,6145950,5944350,0,31172,0,5,0,0,0,0,0,0
37,2695523007,1610,865050,11462750,32052750,4294500,48675050,50159250,823,31864750,6432950,6242550,0,31172,0,5,0,0,0,0,0,0
38,744447992,1611,868250,11401700,32323750,5465100,50058800,50159000,1057,32136050,6636200,6416200,0,31172,0,5,0,0,0,0,0,0
39,3728640411,1612,1302550,10713850,34817100,3222000,50055500,50153950,567,34630850,5730050,5541750,0,31172,0,5,0,0,0,0,0,0
40,618879740,1613,860900,18989150,31834900,15097200,66782150,66880750,2850,31647150,6215550,6017850,0,31172,0,5,0,0,0,0,0,0
41,1239708057,1614,827800,11212700,32112800,5904150,50057450,50155850,1140,31938750,6495850,6272900,0,31172,0,5,0,0,0,0,0,0
42,2429742208,1615,855600,11083850,32364950,5757700,50062100,50160100,1001,32190550,6083550,5874350,0,31172,0,5,0,0,0,0,0,0
43,412095716,1616,832500,11200800,32193750,5831850,50058900,50155200,1153,32014400,6144700,5947550,0,31172,0,5,0,0,0,0,0,0
44,1226741467,1617,1616250,10547200,33049400,4845850,50058700,50156850,954,32264450,6109850,5890900,0,31172,0,5,0,0,0,0,0,0
45,3288446148,1618,838500,11328200,31823300,6070400,50060400,50161400,1197,31637700,6136250,5935400,0,31172,0,5,0,0,0,0,0,0
46,1157984843,1619,1399650,10626500,33008050,5021050,50055250,50155050,986,32833150,6707400,6487100,0,31172,0,5,0,0,0,0,0,0
47,3877288378,1620,835200,11354650,32490500,5383700,50064050,50160750,1035,32295350,5696500,5495200,0,31172,0,5,0,0,0,0,0,0
48,4236526315,1621,849300,10679500,33002850,5116000,49647650,50157650,1000,32068100,6694100,6464950,0,31172,0,5,0,0,0,0,0,0
49,533834014,1622,835900,11341500,34631250,3441350,50250000,50349400,641,34441850,6679000,6461900,0,31172,0,5,0,0,0,0,0,0
50,1649361089,1623,862700,10577550,32991700,5432550,49864500,49962650,1071,31913050,6557650,6337050,0,31172,0,5,0,0,0,0,0,0
51,2486981906,1624,833000,11189150,33086700,4955050,50063900,50161150,857,32909000,6099300,5890300,0,31172,0,5,0,0,0,0,0,0
52,1706075277,1625,850450,11272200,32229900,5703750,50056300,50156400,1128,32054650,6480950,6252300,0,31172,0,5,0,0,0,0,0,0
53,267972368,1626,838300,11171500,32701950,5344300,50056050,50156200,939,32519100,6100500,5891350,0,31172,0,5,0,0,0,0,0,0
54,3895401273,1627,856350,11196150,32170750,5834000,50057250,50160200,1152,31993400,6441600,6218750,0,31172,0,5,0,0,0,0,0,0
55,605985656,1628,842150,11069200,33653150,4498250,50062750,50159450,876,32793400,6384450,6179350,0,31172,0,5,0,0,0,0,0,0
56,4077673024,1629,900100,11207700,31943300,6007350,50058450,50155200,1189,31764400,6259000,6056900,0,30852,0,5,0,0,0,0,0,0
57,985632231,1630,1480850,10543550,33219650,4812600,50056650,50157850,940,33052650,6659350,5864550,0,30852,0,5,0,0,0,0,0,0
58,3720590956,1631,879650,11177600,31805300,6198200,50060750,50160100,1228,31619300,6119150,5917200,0,30852,0,5,0,0,0,0,0,0
59,3264032585,1632,1385900,10532000,34869600,3267000,50054500,50154850,521,34689750,5652300,5461800,0,30852,0,5,0,0,0,0,0,0
60,395405688,1633,927400,18968950,32063850,14101100,66061300,66879950,2667,31876550,5617200,5421000,0,30852,0,5,0,0,0,0,0,0
61,32142420,1634,871300,11275400,32260850,5650050,50057600,50158750,1113,32081400,6383900,6188300,0,30852,0,5,0,0,0,0,0,0
62,1187067055,1635,892950,11079800,32518950,5564250,50055950,50155900,989,32341100,6052950,5843500,0,30852,0,5,0,0,0,0,0,0
63,459140908,1636,861850,11182700,32268250,5748450,50061250,50159600,1131,32084000,6468450,6269100,0,30852,0,5,0,0,0,0,0,0
64,3369786495,1637,1539950,10470700,32539000,5508950,50058600,50156750,971,32359200,6073800,5857550,0,30852,0,5,0,0,0,0,0,0
65,1572434254,1638,861700,11182300,31906700,6104750,50055450,50155600,1210,31723800,6111150,5909550,0,30852,0,5,0,0,0,0,0,0
66,4107798823,1639,1440300,10496850,33184950,4937400,50059500,50159500,967,33011700,6670200,6455250,0,30852,0,5,0,0,0,0,0,0
67,343968250,1640,862150,11170000,32343050,5686350,50061550,50158400,1042,32149150,6474700,6261850,0,30852,0,5,0,0,0,0,0,0
68,3102454017,1641,1425350,10553150,32989900,5085250,50053650,50157650,999,32823500,6482400,6263050,0,30852,0,5,0,0,0,0,0,0
69,3051095563,1642,861250,11227100,35094750,3201950,50385050,50484350,587,34911100,6550550,6340450,0,30852,0,5,0,0,0,0,0,0
70,2391331016,1643,878300,10572450,32955850,5327850,49734450,49831100,1048,32025600,6471050,6253850,0,30852,0,5,0,0,0,0,0,0
71,3869016117,1644,860100,11201600,32194400,5805950,50062050,50158800,1042,32012300,5677050,5490550,0,30852,0,5,0,0,0,0,0,0
72,1579800804,1645,879150,11592600,32145550,5440350,50057650,50157250,1069,31968700,6433100,6216950,0,30852,0,5,0,0,0,0,0,0
73,2792341157,1646,857450,11161700,32254750,5782550,50056450,50156350,1035,32070050,5844350,5653800,0,30852,0,5,0,0,0,0,0,0
74,714702942,1647,877550,11230550,32238400,5716000,50062500,50160650,1126,32062000,6622000,6400350,0,30852,0,5,0,0,0,0,0,0
75,1092538936,1648,863300,11117350,32551700,5528600,50060950,50156250,971,32366700,6179450,5976900,0,30852,0,5,0,0,0,0,0,0
76,1561271239,1649,874950,11497950,32057400,5626150,50056450,50157300,1095,31880250,6423600,6224550,0,31172,0,5,0,0,0,0,0,0
77,3798074098,1650,1486950,10544350,32490150,5531800,50053250,50157700,940,32310350,6065450,5858300,0,31172,0,5,0,0,0,0,0,0
78,3022639071,1651,877350,11186100,31898900,6095300,50057650,50157900,1178,31715450,6274200,6061550,0,31172,0,5,0,0,0,0,0,0
79,2282770062,1652,1427200,10536650,34162600,3934650,50061100,50160250,700,33986800,6208850,5998200,0,30852,0,5,0,0,0,0,0,0
80,1626512457,1653,879900,17096600,33481850,15317450,66775800,66873550,2940,33302800,6536600,5495750,0,30852,0,5,0,0,0,0,0,0
81,3156888026,1654,859050,11344950,32260750,5597200,50061950,50160600,1103,32083950,6402650,5379100,0,30852,0,5,0,0,0,0,0,0
82,3038824309,1655,895700,11146800,32519600,5494150,50056250,50155950,974,32341400,6021100,5807200,0,30852,0,5,0,0,0,0,0,0
83,1261846460,1656,868150,11195900,32091300,5907100,50062450,50160800,1169,31914850,6412100,5251200,0,30852,0,5,0,0,0,0,0,0
84,2035201521,1657,1716400,11699850,31953200,3974850,49344300,50156750,752,31777400,6404750,6193600,0,30852,0,5,0,0,0,0,0,0
85,2164446652,1658,882450,11202450,32001100,5973450,50059450,50158300,1178,31815900,6365700,6161300,0,30852,0,5,0,0,0,0,0,0
86,2017191835,1659,1505450,10503350,32394500,5654850,50058150,50157800,969,32213500,6046250,5830600,0,30852,0,5,0,0,0,0,0,0
87,3029138484,1660,866400,11182700,31776000,6233150,50058250,50156250,1206,31584750,6077850,5876250,0,30852,0,5,0,0,0,0,0,0
88,50355403,1661,1403850,10519700,33149100,4988150,50060800,50158400,947,32970050,6435100,6216750,0,30852,0,5,0,0,0,0,0,0
89,654213990,1662,854250,11228150,34910650,3064750,50057800,50154050,652,34730500,6623400,6409500,0,30852,0,5,0,0,0,0,0,0
90,2360099787,1663,877400,11305400,32038700,5275450,49496950,50159100,1038,31868850,6440950,6213000,0,30852,0,5,0,0,0,0,0,0
91,2424818746,1664,868500,11338500,32053500,5871150,50131650,50228250,1061,31869100,6437450,5481600,0,30852,0,5,0,0,0,0,0,0
92,1971386461,1665,886500,11426150,32389350,5287500,49989500,50089000,1034,32210500,6363750,6170750,0,30852,0,5,0,0,0,0,0,0
93,3386045126,1666,869750,11299550,31984500,5903150,50056950,50157050,1063,31798950,5675000,5479200,0,30852,0,5,0,0,0,0,0,0
94,1429641961,1667,883750,11454350,32127450,5594800,50060350,50160600,1101,31946800,6521200,6293200,0,30852,0,5,0,0,0,0,0,0
95,3022846880,1668,872350,11265700,32395450,5524350,50057850,50154700,978,32211550,6014050,5810150,0,30852,0,5,0,0,0,0,0,0
96,1601897261,1669,878250,11315000,32194800,5666750,50054800,50157450,1115,32013200,6230750,6028050,0,30852,0,5,0,0,0,0,0,0
97,1229951528,1670,1506900,10455400,32569700,5529150,50061150,50160950,977,32391400,6023800,5818350,0,30852,0,5,0,0,0,0,0,0
98,4065171759,1671,878600,11213500,31877150,6089400,50058650,50158500,1207,31699400,6088300,5884750,0,30852,0,5,0,0,0,0,0,0
99,1034325744,1672,1488900,10556050,34265950,3748250,50059150,50157900,687,34086700,6113600,5899950,0,30852,0,5,0,0,0,0,0,0
100,14078671,1673,883100,11202950,41647000,13040850,66773900,66873900,2433,41465500,6013300,5815800,0,31172,0,5,0,0,0,0,0,0
101,4024270554,1674,864300,11461750,34366350,3365000,50057400,50158750,597,34189950,6042950,5835400,0,31172,0,5,0,0,0,0,0,0
102,896191351,1675,882300,11302550,32454550,5418500,50057900,50156450,957,32269400,6042450,5835400,0,31172,0,5,0,0,0,0,0,0
103,2131384102,1676,863000,11369850,32047600,5777200,50057650,50158400,1139,31865700,6409950,5404900,0,30852,0,5,0,0,0,0,0,0
104,2586210593,1677,893250,11186200,32806600,5174300,50060350,50158450,901,32621550,6075750,5870400,0,30852,0,5,0,0,0,0,0,0
105,591918370,1678,854300,11277500,32048100,5876100,50056000,50157150,1161,31869750,6375600,6190150,0,30852,0,5,0,0,0,0,0,0
106,8814317,1679,1547950,10476550,32522200,5512450,50059150,50159200,973,32350600,6072850,5856400,0,30852,0,5,0,0,0,0,0,0
107,2340504196,1680,899200,11354700,32247000,4845150,49346050,50157400,918,32061800,5699450,5513300,0,30852,0,5,0,0,0,0,0,0
108,3523076009,1681,1429650,10517700,33310300,4801500,50059150,50157550,937,33133650,6541300,6320200,0,30852,0,5,0,0,0,0,0,0
109,1961669028,1682,870650,11214300,35117600,2855350,50057900,50157900,607,34930900,6445250,6235550,0,30852,0,5,0,0,0,0,0,0
110,1037581603,1683,1425350,10559400,32929650,5146000,50060400,50156800,1012,31985900,6473550,6256650,0,30852,0,5,0,0,0,0,0,0
111,2701024588,1684,865500,11206700,32347000,5837850,50257050,50355350,1051,32156450,6476600,5521000,0,30852,0,5,0,0,0,0,0,0
112,215037203,1685,881150,10548150,33272300,5159650,49861250,49961650,990,32332450,6814850,6596850,0,30852,0,5,0,0,0,0,0,0
113,3696282862,1686,865000,11165300,32183350,5844900,50058550,50158650,1053,31997550,5684750,5503150,0,30852,0,5,0,0,0,0,0,0
114,2829142928,1687,887050,11257400,32191950,5721400,50057800,50157500,1132,31997300,6466150,6248750,0,30852,0,5,0,0,0,0,0,0
115,3204762949,1688,864050,11147100,32647000,5399300,50057450,50157350,951,32460200,6056350,5854850,0,30852,0,5,0,0,0,0,0,0
116,3297489190,1689,875600,11223500,32181700,5775050,50055850,50157500,1138,32001850,6445700,5422100,0,30852,0,5,0,0,0,0,0,0
117,1691704917,1690,867150,11388200,32605000,5199700,50060050,50159850,906,32425550,6065950,5871000,0,30852,0,5,0,0,0,0,0,0
118,663957814,1691,878650,11182950,31994800,5999250,50055650,50155300,1186,31816750,6253850,6049600,0,30852,0,5,0,0,0,0,0,0
119,3058583827,1692,1492850,10503250,34227850,3834950,50058900,50158250,718,34050100,7250450,7028000,0,30852,0,5,0,0,0,0,0,0
120,838545270,1693,889050,11171450,39424700,15355000,66840200,66937050,2871,39251800,6453350,6236900,0,30852,0,5,0,0,0,0,0,0
121,3608912039,1694,863000,10589600,33080700,5461600,49994900,50097950,1076,32126700,6463750,6246500,0,30852,0,5,0,0,0,0,0,0
122,4080159716,1695,893000,11161400,32126650,5877700,50058750,50160450,1058,31946700,5729800,5529350,0,30852,0,5,0,0,0,0,0,0
123,1056027075,1696,868950,11270550,32275550,5642500,50057550,50155950,1111,32094700,6413350,5400900,0,30852,0,5,0,0,0,0,0,0
124,4057021248,1697,891500,11103500,32670500,5394050,50059550,50159350,885,32495300,6072450,5855750,0,31172,0,5,0,0,0,0,0,0
125,2686741161,1698,866100,11158150,32181650,5846200,50052100,50157800,1152,31997650,6270000,6068650,0,31172,0,5,0,0,0,0,0,0
126,3870849660,1699,1544300,10468800,32681250,5361200,50055550,50156600,938,32510550,6084950,5872500,0,31172,0,5,0,0,0,0,0,0
127,293449641,1700,873000,11174250,32033750,5977600,50058600,50156800,1184,31848050,6224950,6023450,0,30852,0,5,0,0,0,0,0,0
128,596064266,1701,1458800,10500050,33187900,4913100,50059850,50159450,961,33028400,6632300,5833050,0,30852,0,5,0,0,0,0,0,0
129,3715495249,1702,877700,11558100,34794250,2826400,50056450,50157850,601,34612050,6456050,6232400,0,30852,0,5,0,0,0,0,0,0
130,244680018,1703,936900,11304750,32044550,4445150,48731350,50156700,853,31857550,6414250,6208250,0,30852,0,5,0,0,0,0,0,0
131,4080661783,1704,877200,11270600,32358950,5874000,50380750,50477900,1054,32171550,6641850,6428800,0,30852,0,5,0,0,0,0,0,0
132,4006730450,1705,890750,10528500,33145200,5175550,49740000,49839550,1008,32972700,6785050,6560950,0,30852,0,5,0,0,0,0,0,0
133,3864584507,1706,870400,11193700,32886050,5138700,50088850,50186950,860,32701800,6014700,5806900,0,30852,0,5,0,0,0,0,0,0
134,2711027320,1707,879600,10539450,33025950,5581850,50026850,50128200,1071,32088000,6629750,6410500,0,30852,0,5,0,0,0,0,0,0
135,4099079087,1708,873000,11174400,31961950,6052800,50062150,50157250,1064,31781800,5651600,5465650,0,30852,0,5,0,0,0,0,0,0
136,565333772,1709,881650,11263600,32066400,5847350,50059000,50157100,1159,31889100,6436800,6215000,0,30852,0,5,0,0,0,0,0,0
137,1028518269,1710,873550,11207250,32844050,5134000,50058850,50157100,891,32663650,6036800,5831350,0,30852,0,5,0,0,0,0,0,0
138,2252688136,1711,886200,11372550,31832000,5965850,50056600,50158950,1180,31651250,6230450,6024000,0,30852,0,5,0,0,0,0,0,0
139,578597309,1712,1526350,10674100,34130350,3730450,50061250,50159450,696,33949050,7664000,7444900,0,30852,0,5,0,0,0,0,0,0
140,3624439358,1713,894150,11356150,39658100,15053350,66961750,67059900,2853,39470450,6034350,5832100,0,30852,0,5,0,0,0,0,0,0
141,3514067501,1714,861100,10585150,33378500,5049400,49874150,49972850,977,32129500,6548850,5530500,0,30852,0,5,0,0,0,0,0,0
142,2741972910,1715,892550,11169800,32015050,5980650,50058050,50158150,1048,31833350,5633150,5430250,0,30852,0,5,0,0,0,0,0,0
143,28497579,1716,871500,11275600,32173950,5739000,50060050,50157150,1108,31985300,6428400,6206750,0,30852,0,5,0,0,0,0,0,0
144,466729326,1717,897850,11143550,32441450,5583250,50066100,50161100,962,32263400,6013050,5804200,0,30852,0,5,0,0,0,0,0,0
145,3425349295,1718,863850,11215800,32323950,5654450,50058050,50157150,1113,32138700,6245550,6052200,0,30852,0,5,0,0,0,0,0,0
146,1537640620,1719,885300,11178750,32441000,5554350,50059400,50159550,984,32265700,6027750,5816000,0,30852,0,5,0,0,0,0,0,0
147,1853842891,1720,871100,11353200,31882500,5951100,50057900,50157500,1179,31698400,6219550,6023800,0,30852,0,5,0,0,0,0,0,0
148,1177024904,1721,1521950,10647400,33128300,4759050,50056700,50155150,928,32953200,6679000,6464750,0,31172,0,5,0,0,0,0,0,0
149,4106734849,1722,863450,11303850,35132650,2757100,50057050,50156850,586,34948650,6520950,6303100,0,31172,0,5,0,0,0,0,0,0
150,2025356500,1723,1455100,10672400,33130850,4806300,50064650,50159500,935,32957700,6669450,6450100,0,31172,0,5,0,0,0,0,0,0
151,2189605121,1724,865450,11345900,32323000,5525550,50059900,50157050,1068,32139600,6536450,6317950,0,30852,0,5,0,0,0,0,0,0
152,4086136290,1725,886250,10520500,33032250,5210100,49649100,50156850,1024,32855350,6542100,6325950,0,30852,0,5,0,0,0,0,0,0
153,4036669705,1726,903400,11280150,33634000,3681950,49499500,50316550,697,33446500,6676400,6461900,0,30852,0,5,0,0,0,0,0,0
154,4167980074,1727,895200,11328050,32275450,5401950,49900650,50001050,1061,32073600,6465000,6247050,0,30852,0,5,0,0,0,0,0,0
155,51187407,1728,867400,11160350,32684400,5351200,50063350,50160150,943,32496100,6015900,5815200,0,30852,0,5,0,0,0,0,0,0
156,2242638442,1729,883000,11244450,32309050,5620550,50057050,50155350,1105,32130600,6476650,6252600,0,30852,0,5,0,0,0,0,0,0
157,2730108163,1730,869250,11120500,33073050,4996050,50058850,50157450,844,32878050,6364100,6160450,0,30852,0,5,0,0,0,0,0,0
158,2718743917,1731,891050,11197500,32139950,5826650,50055150,50158100,1150,31957750,6405300,6204650,0,30852,0,5,0,0,0,0,0,0
159,3391709842,1732,1483500,10430600,32689300,5456850,50060250,50158850,576,32510500,6069000,5870100,0,30852,0,5,0,0,0,0,0,0
160,1164604273,1733,914300,11258150,39702700,15186100,67061250,67174050,2921,39521600,6360200,6165150,0,30852,0,5,0,0,0,0,0,0
161,2148591176,1734,861200,10576950,33373750,4947700,49759600,49859800,960,32299100,6401150,6211950,0,30852,0,5,0,0,0,0,0,0
162,4192737573,1735,886600,11175450,32180550,5815450,50058050,50159950,1045,31994800,5666950,5472100,0,30852,0,5,0,0,0,0,0,0
163,535584840,1736,873950,10539500,33082450,5560350,50056250,50155200,1095,32140350,6459900,6239300,0,30852,0,5,0,0,0,0,0,0
164,3430794475,1737,898250,11154700,32516950,5490900,50060800,50159200,974,32337250,6029600,5823950,0,30852,0,5,0,0,0,0,0,0
165,776323552,1738,870450,11244950,32517000,5425250,50057650,50159100,1064,32336350,6632950,6431300,0,30852,0,5,0,0,0,0,0,0
166,3330991427,1739,901000,11090000,32630000,5436500,50057500,50158650,959,32444150,6069350,5854250,0,30852,0,5,0,0,0,0,0,0
167,3282074430,1740,874400,11177950,32119350,5884300,50056000,50154250,1162,31931650,6246400,6045450,0,30852,0,5,0,0,0,0,0,0
168,2597814595,1741,1557700,10481900,32573500,5448200,50061300,50159450,956,32401150,6076600,5863750,0,30852,0,5,0,0,0,0,0,0
169,2225601370,1742,871550,11180050,33997200,4007200,50056000,50156700,638,33802550,8194500,7957350,0,30852,0,5,0,0,0,0,0,0
170,3716853465,1743,1502850,10504100,33234450,4815100,50056500,50160450,939,33056200,6687750,6474800,0,30852,0,5,0,0,0,0,0,0
171,1080675697,1744,905450,11059650,31612500,6480500,50058100,50154850,1291,31419600,6027100,5827100,0,30212,0,5,0,0,0,0,0,0
172,219920238,1745,1368500,10416100,32246950,6029700,50061250,50159800,1085,32072800,5999850,5794700,0,30212,0,5,0,0,0,0,0,0
173,3070385651,1746,868250,11095200,31722850,6616550,50302850,50403850,1221,31540950,6114050,5909750,0,30212,0,5,0,0,0,0,0,0
174,2609556270,1747,884350,11521050,31957900,5446050,49809350,49910700,1077,31778700,6402500,6196050,0,30212,0,5,0,0,0,0,0,0
175,141401383,1748,856750,11063600,32031800,6109450,50061600,50159400,1115,31845300,6617800,6409800,0,30212,0,5,0,0,0,0,0,0
176,3034105280,1749,884250,10438850,32804450,5931150,50058700,50157150,1180,32639200,6127050,5918500,0,30212,0,5,0,0,0,0,0,0
177,3029196371,1750,870000,11013050,31881550,6292050,50056650,50158200,1149,31689750,6585550,6371400,0,30212,0,5,0,0,0,0,0,0
178,699378668,1751,884350,11467050,31886300,5816900,50054600,50155800,1144,31709550,6526200,6318400,0,30212,0,5,0,0,0,0,0,0
179,2402609405,1752,858850,10991050,31596450,7217400,50663750,50761550,1042,31410300,5575650,5381350,0,30212,0,5,0,0,0,0,0,0
CSV_END

STUDY_DONE_ef8ea7f8faa8=0
# 