/tmp/app-lto --transport apb --state-frame 0 --frames 180 --warmup 30 --wait spin --profile frame --csv /tmp/transport-frames.csv --replay && printf "CSV_BEGIN\n" && cat /tmp/transport-frames.csv && printf "CSV_END\n"; study_status=$?; printf "\nSTUDY_DONE_f111f1a78fa6=%s\n" "$study_status"
TRANSPORT mode=apb dma_minimum=64
BEGIN_BREAKOUT frames=180 warmup=30 fixed=1 blocks=40 tiles=1 hud=1 wait=spin replay=1 state_frame=0 profile=frame pixel_centers=1 clock_call_ns=5240
HW_COUNTERS unavailable
RESULT frames=180 elapsed_s=3.042866100 fps=59.154755 logic_ms=0.000000 api_ms=0.000000 swap_ms=0.000000 wait_ms=0.000000 worker_inclusive_ms=0.000000 upload_inclusive_ms=0.000000 write_ms=0.000000 bytes_per_frame=34372.00 p50_ms=16.719050 p95_ms=16.977250 max_ms=33.438500 late_60hz=162 first_count=35213 last_count=35392 state_hash=de3c9d08 remaining=40 score=0
RENDER_PATH retained=0 grouped=0 quads=0 full_frames=0
BREAKOUT_PASS
CSV_BEGIN
frame,state_hash,display_count,logic_ns,api_ns,swap_ns,wait_ns,total_ns,completion_interval_ns,polls,worker_inclusive_ns,upload_inclusive_ns,write_ns,read_ns,write_bytes,read_bytes,write_calls,read_calls,dma_copy_ns,dma_launch_ns,dma_completion_wait_ns,dma_bytes,dma_lists
0,3728514312,35213,0,0,0,0,16666000,16675900,921,0,0,0,0,34372,0,5,0,0,0,0,0,0
1,3728514312,35214,0,0,0,0,16615100,16718950,890,0,0,0,0,34372,0,5,0,0,0,0,0,0
2,3728514312,35215,0,0,0,0,15048600,16720350,695,0,0,0,0,34372,0,5,0,0,0,0,0,0
3,3728514312,35216,0,0,0,0,16181050,16718350,890,0,0,0,0,34372,0,5,0,0,0,0,0,0
4,3728514312,35217,0,0,0,0,16602450,16716500,840,0,0,0,0,34372,0,5,0,0,0,0,0,0
5,3728514312,35218,0,0,0,0,16614400,16722450,943,0,0,0,0,34372,0,5,0,0,0,0,0,0
6,3728514312,35219,0,0,0,0,16616300,16720200,904,0,0,0,0,34372,0,5,0,0,0,0,0,0
7,3728514312,35220,0,0,0,0,16610800,16717950,907,0,0,0,0,34372,0,5,0,0,0,0,0,0
8,3728514312,35221,0,0,0,0,16708300,16822800,864,0,0,0,0,34372,0,5,0,0,0,0,0,0
9,3728514312,35222,0,0,0,0,16504700,16614700,955,0,0,0,0,34372,0,5,0,0,0,0,0,0
10,3728514312,35223,0,0,0,0,16606150,16719350,931,0,0,0,0,34372,0,5,0,0,0,0,0,0
11,3728514312,35224,0,0,0,0,16610150,16721900,929,0,0,0,0,34372,0,5,0,0,0,0,0,0
12,3728514312,35225,0,0,0,0,16605300,16717250,913,0,0,0,0,34372,0,5,0,0,0,0,0,0
13,3728514312,35226,0,0,0,0,16613300,16720500,922,0,0,0,0,34372,0,5,0,0,0,0,0,0
14,3728514312,35227,0,0,0,0,16143650,16718050,873,0,0,0,0,34372,0,5,0,0,0,0,0,0
15,3728514312,35228,0,0,0,0,16611450,16721650,986,0,0,0,0,34372,0,5,0,0,0,0,0,0
16,3728514312,35229,0,0,0,0,16598850,16715250,908,0,0,0,0,34372,0,5,0,0,0,0,0,0
17,3728514312,35230,0,0,0,0,16609950,16721150,825,0,0,0,0,34372,0,5,0,0,0,0,0,0
18,3728514312,35231,0,0,0,0,16608700,16719900,929,0,0,0,0,34372,0,5,0,0,0,0,0,0
19,3728514312,35232,0,0,0,0,16931550,17040450,888,0,0,0,0,34372,0,5,0,0,0,0,0,0
20,3728514312,35233,0,0,0,0,16283050,16397150,892,0,0,0,0,34372,0,5,0,0,0,0,0,0
21,3728514312,35234,0,0,0,0,16616050,16723100,982,0,0,0,0,34372,0,5,0,0,0,0,0,0
22,3728514312,35235,0,0,0,0,16601850,16714900,918,0,0,0,0,34372,0,5,0,0,0,0,0,0
23,3728514312,35236,0,0,0,0,16619100,16722200,885,0,0,0,0,34372,0,5,0,0,0,0,0,0
24,3728514312,35237,0,0,0,0,16604950,16716850,942,0,0,0,0,34372,0,5,0,0,0,0,0,0
25,3728514312,35238,0,0,0,0,15308700,16722850,647,0,0,0,0,34372,0,5,0,0,0,0,0,0
26,3728514312,35239,0,0,0,0,16602150,16716400,920,0,0,0,0,34372,0,5,0,0,0,0,0,0
27,3728514312,35240,0,0,0,0,16609850,16719700,969,0,0,0,0,34372,0,5,0,0,0,0,0,0
28,3728514312,35241,0,0,0,0,16603250,16720450,895,0,0,0,0,34372,0,5,0,0,0,0,0,0
29,3728514312,35242,0,0,0,0,16617850,16719350,711,0,0,0,0,34372,0,5,0,0,0,0,0,0
30,3728514312,35243,0,0,0,0,16915150,17029050,619,0,0,0,0,34372,0,5,0,0,0,0,0,0
31,3728514312,35244,0,0,0,0,16297150,16407950,909,0,0,0,0,34372,0,5,0,0,0,0,0,0
32,3728514312,35245,0,0,0,0,16611700,16720900,925,0,0,0,0,34372,0,5,0,0,0,0,0,0
33,3728514312,35246,0,0,0,0,16611050,16719700,958,0,0,0,0,34372,0,5,0,0,0,0,0,0
34,3728514312,35247,0,0,0,0,16606800,16719950,903,0,0,0,0,34372,0,5,0,0,0,0,0,0
35,3728514312,35248,0,0,0,0,16609350,16718100,910,0,0,0,0,34372,0,5,0,0,0,0,0,0
36,3728514312,35249,0,0,0,0,16604750,16718550,855,0,0,0,0,34372,0,5,0,0,0,0,0,0
37,3728514312,35250,0,0,0,0,16612450,16718350,980,0,0,0,0,34372,0,5,0,0,0,0,0,0
38,3728514312,35251,0,0,0,0,16608450,16720200,916,0,0,0,0,34372,0,5,0,0,0,0,0,0
39,3728514312,35252,0,0,0,0,16606350,16718550,914,0,0,0,0,34372,0,5,0,0,0,0,0,0
40,3728514312,35253,0,0,0,0,16610100,16718250,924,0,0,0,0,34372,0,5,0,0,0,0,0,0
41,3728514312,35254,0,0,0,0,33331500,33438500,2549,0,0,0,0,34372,0,5,0,0,0,0,0,0
42,3728514312,35255,0,0,0,0,16607950,16720450,949,0,0,0,0,34372,0,5,0,0,0,0,0,0
43,3728514312,35256,0,0,0,0,16608600,16719850,923,0,0,0,0,34372,0,5,0,0,0,0,0,0
44,3728514312,35257,0,0,0,0,16605300,16719200,894,0,0,0,0,34372,0,5,0,0,0,0,0,0
45,3728514312,35258,0,0,0,0,16606800,16719550,934,0,0,0,0,34372,0,5,0,0,0,0,0,0
46,3728514312,35259,0,0,0,0,16784950,16895250,866,0,0,0,0,34372,0,5,0,0,0,0,0,0
47,3728514312,35260,0,0,0,0,16431350,16543850,934,0,0,0,0,34372,0,5,0,0,0,0,0,0
48,3728514312,35261,0,0,0,0,15815750,16718650,691,0,0,0,0,34372,0,5,0,0,0,0,0,0
49,3728514312,35262,0,0,0,0,16613800,16718850,921,0,0,0,0,34372,0,5,0,0,0,0,0,0
50,3728514312,35263,0,0,0,0,16606100,16716100,879,0,0,0,0,34372,0,5,0,0,0,0,0,0
51,3728514312,35264,0,0,0,0,16608650,16723500,927,0,0,0,0,34372,0,5,0,0,0,0,0,0
52,3728514312,35265,0,0,0,0,16191100,16717300,877,0,0,0,0,34372,0,5,0,0,0,0,0,0
53,3728514312,35266,0,0,0,0,16612150,16718300,862,0,0,0,0,34372,0,5,0,0,0,0,0,0
54,3728514312,35267,0,0,0,0,16609600,16722600,935,0,0,0,0,34372,0,5,0,0,0,0,0,0
55,3728514312,35268,0,0,0,0,16607800,16718050,918,0,0,0,0,34372,0,5,0,0,0,0,0,0
56,3728514312,35269,0,0,0,0,16608900,16718000,889,0,0,0,0,34372,0,5,0,0,0,0,0,0
57,3728514312,35270,0,0,0,0,16748350,16857150,876,0,0,0,0,34372,0,5,0,0,0,0,0,0
58,3728514312,35271,0,0,0,0,16472700,16585350,937,0,0,0,0,34372,0,5,0,0,0,0,0,0
59,3728514312,35272,0,0,0,0,16606200,16715800,567,0,0,0,0,34372,0,5,0,0,0,0,0,0
60,3728514312,35273,0,0,0,0,16603500,16719900,890,0,0,0,0,34372,0,5,0,0,0,0,0,0
61,3728514312,35274,0,0,0,0,16622050,16717850,908,0,0,0,0,34372,0,5,0,0,0,0,0,0
62,3728514312,35275,0,0,0,0,16607150,16720400,910,0,0,0,0,34372,0,5,0,0,0,0,0,0
63,3728514312,35276,0,0,0,0,16608600,16720200,880,0,0,0,0,34372,0,5,0,0,0,0,0,0
64,3728514312,35277,0,0,0,0,16600800,16718750,965,0,0,0,0,34372,0,5,0,0,0,0,0,0
65,3728514312,35278,0,0,0,0,16615500,16720350,864,0,0,0,0,34372,0,5,0,0,0,0,0,0
66,3728514312,35279,0,0,0,0,16603900,16717850,888,0,0,0,0,34372,0,5,0,0,0,0,0,0
67,3728514312,35280,0,0,0,0,16610600,16720700,926,0,0,0,0,34372,0,5,0,0,0,0,0,0
68,3728514312,35281,0,0,0,0,16862500,16977250,859,0,0,0,0,34372,0,5,0,0,0,0,0,0
69,3728514312,35282,0,0,0,0,16350450,16460050,917,0,0,0,0,34372,0,5,0,0,0,0,0,0
70,3728514312,35283,0,0,0,0,16603800,16718350,966,0,0,0,0,34372,0,5,0,0,0,0,0,0
71,3728514312,35284,0,0,0,0,16608200,16718350,918,0,0,0,0,34372,0,5,0,0,0,0,0,0
72,3728514312,35285,0,0,0,0,15834500,16723300,705,0,0,0,0,34372,0,5,0,0,0,0,0,0
73,3728514312,35286,0,0,0,0,16608450,16718450,945,0,0,0,0,34372,0,5,0,0,0,0,0,0
74,3728514312,35287,0,0,0,0,16808950,16923350,748,0,0,0,0,34372,0,5,0,0,0,0,0,0
75,3728514312,35288,0,0,0,0,16397450,16513850,911,0,0,0,0,34372,0,5,0,0,0,0,0,0
76,3728514312,35289,0,0,0,0,16602300,16718700,945,0,0,0,0,34372,0,5,0,0,0,0,0,0
77,3728514312,35290,0,0,0,0,16613750,16718750,918,0,0,0,0,34372,0,5,0,0,0,0,0,0
78,3728514312,35291,0,0,0,0,16605200,16718950,790,0,0,0,0,34372,0,5,0,0,0,0,0,0
79,3728514312,35292,0,0,0,0,16921350,17034500,902,0,0,0,0,34372,0,5,0,0,0,0,0,0
80,3728514312,35293,0,0,0,0,16289050,16407000,896,0,0,0,0,34372,0,5,0,0,0,0,0,0
81,3728514312,35294,0,0,0,0,16610550,16717950,950,0,0,0,0,34372,0,5,0,0,0,0,0,0
82,3728514312,35295,0,0,0,0,16608500,16721800,928,0,0,0,0,34372,0,5,0,0,0,0,0,0
83,3728514312,35296,0,0,0,0,16611100,16716000,909,0,0,0,0,34372,0,5,0,0,0,0,0,0
84,3728514312,35297,0,0,0,0,16603750,16717050,900,0,0,0,0,34372,0,5,0,0,0,0,0,0
85,3728514312,35298,0,0,0,0,16613300,16723050,868,0,0,0,0,34372,0,5,0,0,0,0,0,0
86,3728514312,35299,0,0,0,0,16603700,16718600,966,0,0,0,0,34372,0,5,0,0,0,0,0,0
87,3728514312,35300,0,0,0,0,16605100,16716700,933,0,0,0,0,34372,0,5,0,0,0,0,0,0
88,3728514312,35301,0,0,0,0,16608300,16724950,899,0,0,0,0,34372,0,5,0,0,0,0,0,0
89,3728514312,35302,0,0,0,0,16612800,16714950,925,0,0,0,0,34372,0,5,0,0,0,0,0,0
90,3728514312,35303,0,0,0,0,16607150,16720900,469,0,0,0,0,34372,0,5,0,0,0,0,0,0
91,3728514312,35304,0,0,0,0,16036500,16720050,853,0,0,0,0,34372,0,5,0,0,0,0,0,0
92,3728514312,35305,0,0,0,0,16599450,16716850,951,0,0,0,0,34372,0,5,0,0,0,0,0,0
93,3728514312,35306,0,0,0,0,16614000,16721450,922,0,0,0,0,34372,0,5,0,0,0,0,0,0
94,3728514312,35307,0,0,0,0,16606600,16717150,894,0,0,0,0,34372,0,5,0,0,0,0,0,0
95,3728514312,35308,0,0,0,0,15818550,16720250,693,0,0,0,0,34372,0,5,0,0,0,0,0,0
96,3728514312,35309,0,0,0,0,16712600,16830450,823,0,0,0,0,34372,0,5,0,0,0,0,0,0
97,3728514312,35310,0,0,0,0,16499950,16609800,956,0,0,0,0,34372,0,5,0,0,0,0,0,0
98,3728514312,35311,0,0,0,0,16603950,16717500,961,0,0,0,0,34372,0,5,0,0,0,0,0,0
99,3728514312,35312,0,0,0,0,16611250,16719300,904,0,0,0,0,34372,0,5,0,0,0,0,0,0
100,3728514312,35313,0,0,0,0,16609550,16722850,912,0,0,0,0,34372,0,5,0,0,0,0,0,0
101,3728514312,35314,0,0,0,0,33331050,33438200,2728,0,0,0,0,34372,0,5,0,0,0,0,0,0
102,3728514312,35315,0,0,0,0,16608850,16717850,859,0,0,0,0,34372,0,5,0,0,0,0,0,0
103,3728514312,35316,0,0,0,0,16616950,16718150,956,0,0,0,0,34372,0,5,0,0,0,0,0,0
104,3728514312,35317,0,0,0,0,16611300,16717950,894,0,0,0,0,34372,0,5,0,0,0,0,0,0
105,3728514312,35318,0,0,0,0,16612100,16718100,885,0,0,0,0,34372,0,5,0,0,0,0,0,0
106,3728514312,35319,0,0,0,0,16779850,16893100,877,0,0,0,0,34372,0,5,0,0,0,0,0,0
107,3728514312,35320,0,0,0,0,16440050,16548950,936,0,0,0,0,34372,0,5,0,0,0,0,0,0
108,3728514312,35321,0,0,0,0,16602550,16716400,932,0,0,0,0,34372,0,5,0,0,0,0,0,0
109,3728514312,35322,0,0,0,0,16608700,16720100,942,0,0,0,0,34372,0,5,0,0,0,0,0,0
110,3728514312,35323,0,0,0,0,16615700,16723250,907,0,0,0,0,34372,0,5,0,0,0,0,0,0
111,3728514312,35324,0,0,0,0,16604750,16717350,912,0,0,0,0,34372,0,5,0,0,0,0,0,0
112,3728514312,35325,0,0,0,0,16604050,16717200,860,0,0,0,0,34372,0,5,0,0,0,0,0,0
113,3728514312,35326,0,0,0,0,16614050,16723400,981,0,0,0,0,34372,0,5,0,0,0,0,0,0
114,3728514312,35327,0,0,0,0,16603300,16713500,811,0,0,0,0,34372,0,5,0,0,0,0,0,0
115,3728514312,35328,0,0,0,0,16612650,16723250,911,0,0,0,0,34372,0,5,0,0,0,0,0,0
116,3728514312,35329,0,0,0,0,16606250,16718600,916,0,0,0,0,34372,0,5,0,0,0,0,0,0
117,3728514312,35330,0,0,0,0,16874550,16983350,868,0,0,0,0,34372,0,5,0,0,0,0,0,0
118,3728514312,35331,0,0,0,0,15551650,16454200,667,0,0,0,0,34372,0,5,0,0,0,0,0,0
119,3728514312,35332,0,0,0,0,16611150,16722450,621,0,0,0,0,34372,0,5,0,0,0,0,0,0
120,3728514312,35333,0,0,0,0,16603050,16717100,864,0,0,0,0,34372,0,5,0,0,0,0,0,0
121,3728514312,35334,0,0,0,0,16612950,16718550,896,0,0,0,0,34372,0,5,0,0,0,0,0,0
122,3728514312,35335,0,0,0,0,16605800,16718250,925,0,0,0,0,34372,0,5,0,0,0,0,0,0
123,3728514312,35336,0,0,0,0,16615750,16721850,830,0,0,0,0,34372,0,5,0,0,0,0,0,0
124,3728514312,35337,0,0,0,0,16605350,16720350,956,0,0,0,0,34372,0,5,0,0,0,0,0,0
125,3728514312,35338,0,0,0,0,16609450,16717250,975,0,0,0,0,34372,0,5,0,0,0,0,0,0
126,3728514312,35339,0,0,0,0,16601250,16716100,873,0,0,0,0,34372,0,5,0,0,0,0,0,0
127,3728514312,35340,0,0,0,0,16615050,16722200,442,0,0,0,0,34372,0,5,0,0,0,0,0,0
128,3728514312,35341,0,0,0,0,16951700,17066500,901,0,0,0,0,34372,0,5,0,0,0,0,0,0
129,3728514312,35342,0,0,0,0,16260050,16372200,867,0,0,0,0,34372,0,5,0,0,0,0,0,0
130,3728514312,35343,0,0,0,0,16607850,16718400,954,0,0,0,0,34372,0,5,0,0,0,0,0,0
131,3728514312,35344,0,0,0,0,16612800,16721300,952,0,0,0,0,34372,0,5,0,0,0,0,0,0
132,3728514312,35345,0,0,0,0,16602550,16717550,898,0,0,0,0,34372,0,5,0,0,0,0,0,0
133,3728514312,35346,0,0,0,0,16609400,16719000,902,0,0,0,0,34372,0,5,0,0,0,0,0,0
134,3728514312,35347,0,0,0,0,16640400,16752350,863,0,0,0,0,34372,0,5,0,0,0,0,0,0
135,3728514312,35348,0,0,0,0,16576150,16686850,968,0,0,0,0,34372,0,5,0,0,0,0,0,0
136,3728514312,35349,0,0,0,0,16605650,16720650,916,0,0,0,0,34372,0,5,0,0,0,0,0,0
137,3728514312,35350,0,0,0,0,16609600,16720050,918,0,0,0,0,34372,0,5,0,0,0,0,0,0
138,3728514312,35351,0,0,0,0,16607050,16717300,917,0,0,0,0,34372,0,5,0,0,0,0,0,0
139,3728514312,35352,0,0,0,0,16606400,16719100,812,0,0,0,0,34372,0,5,0,0,0,0,0,0
140,3728514312,35353,0,0,0,0,16183200,16721000,875,0,0,0,0,34372,0,5,0,0,0,0,0,0
141,3728514312,35354,0,0,0,0,16611100,16716800,980,0,0,0,0,34372,0,5,0,0,0,0,0,0
142,3728514312,35355,0,0,0,0,15809750,16719050,644,0,0,0,0,34372,0,5,0,0,0,0,0,0
143,3728514312,35356,0,0,0,0,16613700,16723200,906,0,0,0,0,34372,0,5,0,0,0,0,0,0
144,3728514312,35357,0,0,0,0,16604550,16717550,930,0,0,0,0,34372,0,5,0,0,0,0,0,0
145,3728514312,35358,0,0,0,0,16731750,16842350,840,0,0,0,0,34372,0,5,0,0,0,0,0,0
146,3728514312,35359,0,0,0,0,16483950,16595350,935,0,0,0,0,34372,0,5,0,0,0,0,0,0
147,3728514312,35360,0,0,0,0,16613250,16719500,977,0,0,0,0,34372,0,5,0,0,0,0,0,0
148,3728514312,35361,0,0,0,0,16601900,16718300,865,0,0,0,0,34372,0,5,0,0,0,0,0,0
149,3728514312,35362,0,0,0,0,16621800,16722050,912,0,0,0,0,34372,0,5,0,0,0,0,0,0
150,3728514312,35363,0,0,0,0,16601650,16714900,510,0,0,0,0,34372,0,5,0,0,0,0,0,0
151,3728514312,35364,0,0,0,0,16735100,16848500,800,0,0,0,0,34372,0,5,0,0,0,0,0,0
152,3728514312,35365,0,0,0,0,16471750,16592200,916,0,0,0,0,34372,0,5,0,0,0,0,0,0
153,3728514312,35366,0,0,0,0,16613150,16720550,957,0,0,0,0,34372,0,5,0,0,0,0,0,0
154,3728514312,35367,0,0,0,0,16600300,16715550,870,0,0,0,0,34372,0,5,0,0,0,0,0,0
155,3728514312,35368,0,0,0,0,16616550,16722900,920,0,0,0,0,34372,0,5,0,0,0,0,0,0
156,3728514312,35369,0,0,0,0,16812650,16930450,884,0,0,0,0,34372,0,5,0,0,0,0,0,0
157,3728514312,35370,0,0,0,0,16395750,16507350,903,0,0,0,0,34372,0,5,0,0,0,0,0,0
158,3728514312,35371,0,0,0,0,16610250,16721700,963,0,0,0,0,34372,0,5,0,0,0,0,0,0
159,3728514312,35372,0,0,0,0,16610550,16718100,944,0,0,0,0,34372,0,5,0,0,0,0,0,0
160,3728514312,35373,0,0,0,0,16607050,16719650,899,0,0,0,0,34372,0,5,0,0,0,0,0,0
161,3728514312,35374,0,0,0,0,16609800,16719550,373,0,0,0,0,34372,0,5,0,0,0,0,0,0
162,3728514312,35375,0,0,0,0,16736400,16860900,17,0,0,0,0,34372,0,5,0,0,0,0,0,0
163,3728514312,35376,0,0,0,0,16459700,16574350,938,0,0,0,0,34372,0,5,0,0,0,0,0,0
164,3728514312,35377,0,0,0,0,16603850,16719850,812,0,0,0,0,34372,0,5,0,0,0,0,0,0
165,3728514312,35378,0,0,0,0,16618700,16722900,912,0,0,0,0,34372,0,5,0,0,0,0,0,0
166,3728514312,35379,0,0,0,0,16602550,16715350,919,0,0,0,0,34372,0,5,0,0,0,0,0,0
167,3728514312,35380,0,0,0,0,16902250,17011750,869,0,0,0,0,34372,0,5,0,0,0,0,0,0
168,3728514312,35381,0,0,0,0,16323500,16426700,902,0,0,0,0,34372,0,5,0,0,0,0,0,0
169,3728514312,35382,0,0,0,0,16627700,16722050,975,0,0,0,0,34372,0,5,0,0,0,0,0,0
170,3728514312,35383,0,0,0,0,16610450,16715650,894,0,0,0,0,34372,0,5,0,0,0,0,0,0
171,3728514312,35384,0,0,0,0,16622350,16721050,909,0,0,0,0,34372,0,5,0,0,0,0,0,0
172,3728514312,35385,0,0,0,0,16611300,16719450,938,0,0,0,0,34372,0,5,0,0,0,0,0,0
173,3728514312,35386,0,0,0,0,16620750,16718600,832,0,0,0,0,34372,0,5,0,0,0,0,0,0
174,3728514312,35387,0,0,0,0,16622000,16723000,971,0,0,0,0,34372,0,5,0,0,0,0,0,0
175,3728514312,35388,0,0,0,0,16621100,16717950,977,0,0,0,0,34372,0,5,0,0,0,0,0,0
176,3728514312,35389,0,0,0,0,16611450,16717050,806,0,0,0,0,34372,0,5,0,0,0,0,0,0
177,3728514312,35390,0,0,0,0,16611150,16719950,913,0,0,0,0,34372,0,5,0,0,0,0,0,0
178,3728514312,35391,0,0,0,0,16999250,17102100,916,0,0,0,0,34372,0,5,0,0,0,0,0,0
179,3728514312,35392,0,0,0,0,16233300,16335800,855,0,0,0,0,34372,0,5,0,0,0,0,0,0
CSV_END

STUDY_DONE_f111f1a78fa6=0
# 