/tmp/app-lto --transport apb --state-frame 0 --frames 180 --warmup 30 --wait spin --profile frame --csv /tmp/transport-frames.csv --retained && printf "CSV_BEGIN\n" && cat /tmp/transport-frames.csv && printf "CSV_END\n"; study_status=$?; printf "\nSTUDY_DONE_784841ad9c15=%s\n" "$study_status"
TRANSPORT mode=apb dma_minimum=64
BEGIN_BREAKOUT frames=180 warmup=30 fixed=0 blocks=40 tiles=1 hud=1 wait=spin replay=0 state_frame=0 profile=frame pixel_centers=1 clock_call_ns=4762
HW_COUNTERS unavailable
RESULT frames=180 elapsed_s=3.076319450 fps=58.511479 logic_ms=0.000000 api_ms=0.000000 swap_ms=0.000000 wait_ms=0.000000 worker_inclusive_ms=0.000000 upload_inclusive_ms=0.000000 write_ms=0.000000 bytes_per_frame=3578.67 p50_ms=16.719450 p95_ms=17.029550 max_ms=33.795900 late_60hz=166 first_count=34355 last_count=34534 state_hash=8f34e8fd remaining=38 score=20
RENDER_PATH retained=1 grouped=0 quads=645 full_frames=0
BREAKOUT_PASS
CSV_BEGIN
frame,state_hash,display_count,logic_ns,api_ns,swap_ns,wait_ns,total_ns,completion_interval_ns,polls,worker_inclusive_ns,upload_inclusive_ns,write_ns,read_ns,write_bytes,read_bytes,write_calls,read_calls,dma_copy_ns,dma_launch_ns,dma_completion_wait_ns,dma_bytes,dma_lists
0,3724779174,34355,0,0,0,0,16675800,16688850,1158,0,0,0,0,4572,0,5,0,0,0,0,0,0
1,1709657109,34356,0,0,0,0,16611800,16719600,1274,0,0,0,0,4252,0,5,0,0,0,0,0,0
2,1894904752,34357,0,0,0,0,16608850,16718650,1446,0,0,0,0,3612,0,5,0,0,0,0,0,0
3,3703759967,34358,0,0,0,0,16615350,16720850,1543,0,0,0,0,3612,0,5,0,0,0,0,0,0
4,19533624,34359,0,0,0,0,16616300,16718650,1525,0,0,0,0,3612,0,5,0,0,0,0,0,0
5,816884773,34360,0,0,0,0,16616000,16720250,1810,0,0,0,0,2972,0,5,0,0,0,0,0,0
6,1339236364,34361,0,0,0,0,16609200,16720000,1416,0,0,0,0,3612,0,5,0,0,0,0,0,0
7,3072959373,34362,0,0,0,0,16931750,17039900,1394,0,0,0,0,3612,0,5,0,0,0,0,0,0
8,1782884746,34363,0,0,0,0,16292900,16395950,1763,0,0,0,0,2972,0,5,0,0,0,0,0,0
9,30296781,34364,0,0,0,0,16618050,16723150,1587,0,0,0,0,4252,0,5,0,0,0,0,0,0
10,4026418858,34365,0,0,0,0,16610200,16715450,1365,0,0,0,0,4252,0,5,0,0,0,0,0,0
11,2084929051,34366,0,0,0,0,16610200,16719500,1643,0,0,0,0,3612,0,5,0,0,0,0,0,0
12,3114489770,34367,0,0,0,0,16612650,16719050,1401,0,0,0,0,3932,0,5,0,0,0,0,0,0
13,891400471,34368,0,0,0,0,16630200,16734150,1328,0,0,0,0,3932,0,5,0,0,0,0,0,0
14,3472773456,34369,0,0,0,0,15828100,16705050,1614,0,0,0,0,2972,0,5,0,0,0,0,0,0
15,3010688243,34370,0,0,0,0,16613150,16719750,1521,0,0,0,0,3612,0,5,0,0,0,0,0,0
16,2819524756,34371,0,0,0,0,16615100,16718700,1424,0,0,0,0,3612,0,5,0,0,0,0,0,0
17,3241678401,34372,0,0,0,0,16611550,16718200,1776,0,0,0,0,2972,0,5,0,0,0,0,0,0
18,2154316504,34373,0,0,0,0,16609500,16719950,1464,0,0,0,0,3612,0,5,0,0,0,0,0,0
19,772262681,34374,0,0,0,0,16198950,16717950,1445,0,0,0,0,3612,0,5,0,0,0,0,0,0
20,3882818750,34375,0,0,0,0,16614950,16720000,1827,0,0,0,0,2972,0,5,0,0,0,0,0,0
21,521131153,34376,0,0,0,0,16616100,16718250,1464,0,0,0,0,3612,0,5,0,0,0,0,0,0
22,1838187414,34377,0,0,0,0,16613100,16719850,1385,0,0,0,0,3612,0,5,0,0,0,0,0,0
23,840574439,34378,0,0,0,0,16608200,16718900,1744,0,0,0,0,2972,0,5,0,0,0,0,0,0
24,2879461878,34379,0,0,0,0,16721050,16827600,1012,0,0,0,0,3612,0,5,0,0,0,0,0,0
25,202086035,34380,0,0,0,0,16499050,16611000,1452,0,0,0,0,3612,0,5,0,0,0,0,0,0
26,959703924,34381,0,0,0,0,16621250,16721650,1819,0,0,0,0,2972,0,5,0,0,0,0,0,0
27,3795724423,34382,0,0,0,0,16617500,16718550,1425,0,0,0,0,3612,0,5,0,0,0,0,0,0
28,2500539904,34383,0,0,0,0,16612150,16720100,1380,0,0,0,0,3612,0,5,0,0,0,0,0,0
29,2269000541,34384,0,0,0,0,16613550,16720900,1762,0,0,0,0,2972,0,5,0,0,0,0,0,0
30,1900681108,34385,0,0,0,0,16166100,16717600,1455,0,0,0,0,3612,0,5,0,0,0,0,0,0
31,3680168245,34386,0,0,0,0,16614650,16719550,1542,0,0,0,0,3612,0,5,0,0,0,0,0,0
32,2344329490,34387,0,0,0,0,16612700,16718450,1788,0,0,0,0,2972,0,5,0,0,0,0,0,0
33,2130650181,34388,0,0,0,0,16619200,16720300,1387,0,0,0,0,4252,0,5,0,0,0,0,0,0
34,906966818,34389,0,0,0,0,16608000,16718800,1407,0,0,0,0,4252,0,5,0,0,0,0,0,0
35,3939376531,34390,0,0,0,0,18980350,19089800,1043,0,0,0,0,3612,0,5,0,0,0,0,0,0
36,2110688546,34391,0,0,0,0,14219750,14346250,591,0,0,0,0,3932,0,5,0,0,0,0,0,0
37,2695523007,34392,0,0,0,0,15846250,16720850,1206,0,0,0,0,3932,0,5,0,0,0,0,0,0
38,744447992,34393,0,0,0,0,16613200,16721000,1683,0,0,0,0,2972,0,5,0,0,0,0,0,0
39,3728640411,34394,0,0,0,0,16617800,16719650,1431,0,0,0,0,3612,0,5,0,0,0,0,0,0
40,618879740,34395,0,0,0,0,16610150,16716300,1500,0,0,0,0,3612,0,5,0,0,0,0,0,0
41,1239708057,34396,0,0,0,0,16617100,16721750,1689,0,0,0,0,2972,0,5,0,0,0,0,0,0
42,2429742208,34397,0,0,0,0,16609700,16716200,1578,0,0,0,0,3612,0,5,0,0,0,0,0,0
43,412095716,34398,0,0,0,0,16616100,16721050,1503,0,0,0,0,3612,0,5,0,0,0,0,0,0
44,1226741467,34399,0,0,0,0,16618850,16722050,1793,0,0,0,0,2972,0,5,0,0,0,0,0,0
45,3288446148,34400,0,0,0,0,16611900,16715600,1461,0,0,0,0,3612,0,5,0,0,0,0,0,0
46,1157984843,34401,0,0,0,0,16886200,16994150,1487,0,0,0,0,3612,0,5,0,0,0,0,0,0
47,3877288378,34402,0,0,0,0,16336500,16444300,1723,0,0,0,0,2972,0,5,0,0,0,0,0,0
48,4236526315,34403,0,0,0,0,16616100,16721050,1636,0,0,0,0,3612,0,5,0,0,0,0,0,0
49,533834014,34404,0,0,0,0,16616800,16719850,1499,0,0,0,0,3612,0,5,0,0,0,0,0,0
50,1649361089,34405,0,0,0,0,16609350,16718100,1714,0,0,0,0,2972,0,5,0,0,0,0,0,0
51,2486981906,34406,0,0,0,0,16617250,16720150,1475,0,0,0,0,3612,0,5,0,0,0,0,0,0
52,1706075277,34407,0,0,0,0,16614400,16722200,1444,0,0,0,0,3612,0,5,0,0,0,0,0,0
53,267972368,34408,0,0,0,0,16610450,16715500,1787,0,0,0,0,2972,0,5,0,0,0,0,0,0
54,3895401273,34409,0,0,0,0,16616100,16722500,1454,0,0,0,0,3612,0,5,0,0,0,0,0,0
55,605985656,34410,0,0,0,0,16605600,16714800,1220,0,0,0,0,3612,0,5,0,0,0,0,0,0
56,4077673024,34411,0,0,0,0,33687000,33795900,3200,0,0,0,0,6632,0,5,0,0,0,0,0,0
57,985632231,34412,0,0,0,0,32970050,33082000,2723,0,0,0,0,7312,0,5,0,0,0,0,0,0
58,3720590956,34413,0,0,0,0,16599800,16718400,1474,0,0,0,0,3652,0,5,0,0,0,0,0,0
59,3264032585,34414,0,0,0,0,16611950,16720800,1799,0,0,0,0,2972,0,5,0,0,0,0,0,0
60,395405688,34415,0,0,0,0,16614900,16721200,1495,0,0,0,0,3612,0,5,0,0,0,0,0,0
61,32142420,34416,0,0,0,0,15114650,16759800,975,0,0,0,0,3612,0,5,0,0,0,0,0,0
62,1187067055,34417,0,0,0,0,16564500,16678900,1810,0,0,0,0,2972,0,5,0,0,0,0,0,0
63,459140908,34418,0,0,0,0,16617150,16719050,1551,0,0,0,0,3612,0,5,0,0,0,0,0,0
64,3369786495,34419,0,0,0,0,16610900,16716850,1428,0,0,0,0,3612,0,5,0,0,0,0,0,0
65,1572434254,34420,0,0,0,0,16607850,16718000,1766,0,0,0,0,2972,0,5,0,0,0,0,0,0
66,4107798823,34421,0,0,0,0,16610250,16723250,1500,0,0,0,0,3612,0,5,0,0,0,0,0,0
67,343968250,34422,0,0,0,0,16197700,16719400,1439,0,0,0,0,3612,0,5,0,0,0,0,0,0
68,3102454017,34423,0,0,0,0,16613200,16716400,1821,0,0,0,0,2972,0,5,0,0,0,0,0,0
69,3051095563,34424,0,0,0,0,16616500,16719950,1501,0,0,0,0,3612,0,5,0,0,0,0,0,0
70,2391331016,34425,0,0,0,0,16608750,16717950,1415,0,0,0,0,3612,0,5,0,0,0,0,0,0
71,3869016117,34426,0,0,0,0,16613750,16719850,1727,0,0,0,0,2972,0,5,0,0,0,0,0,0
72,1579800804,34427,0,0,0,0,16738100,16845350,1466,0,0,0,0,3612,0,5,0,0,0,0,0,0
73,2792341157,34428,0,0,0,0,16490000,16592250,1412,0,0,0,0,3612,0,5,0,0,0,0,0,0
74,714702942,34429,0,0,0,0,16611650,16721700,1820,0,0,0,0,2972,0,5,0,0,0,0,0,0
75,1092538936,34430,0,0,0,0,16617450,16720650,1446,0,0,0,0,3612,0,5,0,0,0,0,0,0
76,1561271239,34431,0,0,0,0,16608100,16718400,1340,0,0,0,0,4252,0,5,0,0,0,0,0,0
77,3798074098,34432,0,0,0,0,16612750,16717750,1629,0,0,0,0,3612,0,5,0,0,0,0,0,0
78,3022639071,34433,0,0,0,0,16612000,16722200,1427,0,0,0,0,4252,0,5,0,0,0,0,0,0
79,2282770062,34434,0,0,0,0,16611350,16717550,1538,0,0,0,0,3932,0,5,0,0,0,0,0,0
80,1626512457,34435,0,0,0,0,16619300,16721750,1701,0,0,0,0,3292,0,5,0,0,0,0,0,0
81,3156888026,34436,0,0,0,0,16606700,16714500,1389,0,0,0,0,3612,0,5,0,0,0,0,0,0
82,3038824309,34437,0,0,0,0,16613050,16722000,1396,0,0,0,0,3612,0,5,0,0,0,0,0,0
83,1261846460,34438,0,0,0,0,16837450,16946700,1383,0,0,0,0,2972,0,5,0,0,0,0,0,0
84,2035201521,34439,0,0,0,0,15604850,16492950,1196,0,0,0,0,3612,0,5,0,0,0,0,0,0
85,2164446652,34440,0,0,0,0,16614250,16720100,1539,0,0,0,0,3612,0,5,0,0,0,0,0,0
86,2017191835,34441,0,0,0,0,16613100,16716900,1727,0,0,0,0,2972,0,5,0,0,0,0,0,0
87,3029138484,34442,0,0,0,0,16609800,16717400,1383,0,0,0,0,3612,0,5,0,0,0,0,0,0
88,50355403,34443,0,0,0,0,16613450,16719800,1438,0,0,0,0,3612,0,5,0,0,0,0,0,0
89,654213990,34444,0,0,0,0,16611500,16721950,1673,0,0,0,0,2972,0,5,0,0,0,0,0,0
90,2360099787,34445,0,0,0,0,16613200,16719450,1565,0,0,0,0,3612,0,5,0,0,0,0,0,0
91,2424818746,34446,0,0,0,0,16619000,16721250,1435,0,0,0,0,3612,0,5,0,0,0,0,0,0
92,1971386461,34447,0,0,0,0,16612100,16718050,1775,0,0,0,0,2972,0,5,0,0,0,0,0,0
93,3386045126,34448,0,0,0,0,16611100,16718600,1403,0,0,0,0,3612,0,5,0,0,0,0,0,0
94,1429641961,34449,0,0,0,0,19665100,19769150,1443,0,0,0,0,3612,0,5,0,0,0,0,0,0
95,3022846880,34450,0,0,0,0,13538850,13668050,397,0,0,0,0,2972,0,5,0,0,0,0,0,0
96,1601897261,34451,0,0,0,0,16610450,16720700,1592,0,0,0,0,3612,0,5,0,0,0,0,0,0
97,1229951528,34452,0,0,0,0,16613750,16717100,1438,0,0,0,0,3612,0,5,0,0,0,0,0,0
98,4065171759,34453,0,0,0,0,16611600,16719350,1678,0,0,0,0,2972,0,5,0,0,0,0,0,0
99,1034325744,34454,0,0,0,0,16611350,16720650,1412,0,0,0,0,3612,0,5,0,0,0,0,0,0
100,14078671,34455,0,0,0,0,16610450,16719350,1399,0,0,0,0,4252,0,5,0,0,0,0,0,0
101,4024270554,34456,0,0,0,0,16616300,16718800,1614,0,0,0,0,3612,0,5,0,0,0,0,0,0
102,896191351,34457,0,0,0,0,16610050,16718800,1371,0,0,0,0,4252,0,5,0,0,0,0,0,0
103,2131384102,34458,0,0,0,0,16611900,16719400,1330,0,0,0,0,3932,0,5,0,0,0,0,0,0
104,2586210593,34459,0,0,0,0,16610500,16719400,1634,0,0,0,0,3292,0,5,0,0,0,0,0,0
105,591918370,34460,0,0,0,0,17002200,17111400,1430,0,0,0,0,3612,0,5,0,0,0,0,0,0
106,8814317,34461,0,0,0,0,16221300,16328700,1485,0,0,0,0,3612,0,5,0,0,0,0,0,0
107,2340504196,34462,0,0,0,0,15821100,16715550,1547,0,0,0,0,2972,0,5,0,0,0,0,0,0
108,3523076009,34463,0,0,0,0,16615550,16722000,1456,0,0,0,0,3612,0,5,0,0,0,0,0,0
109,1961669028,34464,0,0,0,0,16613950,16717400,1385,0,0,0,0,3612,0,5,0,0,0,0,0,0
110,1037581603,34465,0,0,0,0,16612200,16718800,1703,0,0,0,0,2972,0,5,0,0,0,0,0,0
111,2701024588,34466,0,0,0,0,16682850,16796300,1391,0,0,0,0,3612,0,5,0,0,0,0,0,0
112,215037203,34467,0,0,0,0,16537650,16642350,1545,0,0,0,0,3612,0,5,0,0,0,0,0,0
113,3696282862,34468,0,0,0,0,16616200,16722500,1789,0,0,0,0,2972,0,5,0,0,0,0,0,0
114,2829142928,34469,0,0,0,0,16615000,16720050,1095,0,0,0,0,3612,0,5,0,0,0,0,0,0
115,3204762949,34470,0,0,0,0,16606850,16714700,1380,0,0,0,0,3612,0,5,0,0,0,0,0,0
116,3297489190,34471,0,0,0,0,16617700,16722900,1767,0,0,0,0,2972,0,5,0,0,0,0,0,0
117,1691704917,34472,0,0,0,0,16032950,16719800,1426,0,0,0,0,3612,0,5,0,0,0,0,0,0
118,663957814,34473,0,0,0,0,16612650,16718050,1608,0,0,0,0,3612,0,5,0,0,0,0,0,0
119,3058583827,34474,0,0,0,0,16612050,16717150,1764,0,0,0,0,2972,0,5,0,0,0,0,0,0
120,838545270,34475,0,0,0,0,16618900,16722350,1139,0,0,0,0,3612,0,5,0,0,0,0,0,0
121,3608912039,34476,0,0,0,0,16614450,16719150,1415,0,0,0,0,3612,0,5,0,0,0,0,0,0
122,4080159716,34477,0,0,0,0,16768500,16878050,1739,0,0,0,0,2972,0,5,0,0,0,0,0,0
123,1056027075,34478,0,0,0,0,16448800,16558050,1439,0,0,0,0,3612,0,5,0,0,0,0,0,0
124,4057021248,34479,0,0,0,0,16617150,16723000,1494,0,0,0,0,4252,0,5,0,0,0,0,0,0
125,2686741161,34480,0,0,0,0,16613300,16716650,1752,0,0,0,0,3612,0,5,0,0,0,0,0,0
126,3870849660,34481,0,0,0,0,16610550,16717150,1286,0,0,0,0,4252,0,5,0,0,0,0,0,0
127,293449641,34482,0,0,0,0,16611650,16722600,1399,0,0,0,0,3932,0,5,0,0,0,0,0,0
128,596064266,34483,0,0,0,0,16612400,16718750,1666,0,0,0,0,3292,0,5,0,0,0,0,0,0
129,3715495249,34484,0,0,0,0,16614000,16719150,1519,0,0,0,0,3612,0,5,0,0,0,0,0,0
130,244680018,34485,0,0,0,0,15839100,16717250,1180,0,0,0,0,3612,0,5,0,0,0,0,0,0
131,4080661783,34486,0,0,0,0,16615900,16722750,1809,0,0,0,0,2972,0,5,0,0,0,0,0,0
132,4006730450,34487,0,0,0,0,16611300,16716450,1388,0,0,0,0,3612,0,5,0,0,0,0,0,0
133,3864584507,34488,0,0,0,0,16872600,16975300,1414,0,0,0,0,3612,0,5,0,0,0,0,0,0
134,2711027320,34489,0,0,0,0,16356600,16464400,1763,0,0,0,0,2972,0,5,0,0,0,0,0,0
135,4099079087,34490,0,0,0,0,16607550,16716950,1487,0,0,0,0,3612,0,5,0,0,0,0,0,0
136,565333772,34491,0,0,0,0,16615700,16723350,1465,0,0,0,0,3612,0,5,0,0,0,0,0,0
137,1028518269,34492,0,0,0,0,16611350,16715000,1801,0,0,0,0,2972,0,5,0,0,0,0,0,0
138,2252688136,34493,0,0,0,0,16616750,16723150,1416,0,0,0,0,3612,0,5,0,0,0,0,0,0
139,578597309,34494,0,0,0,0,16611150,16718950,1430,0,0,0,0,3612,0,5,0,0,0,0,0,0
140,3624439358,34495,0,0,0,0,16615150,16717700,1823,0,0,0,0,2972,0,5,0,0,0,0,0,0
141,3514067501,34496,0,0,0,0,16617400,16721300,1410,0,0,0,0,3612,0,5,0,0,0,0,0,0
142,2741972910,34497,0,0,0,0,16611600,16717650,1404,0,0,0,0,3612,0,5,0,0,0,0,0,0
143,28497579,34498,0,0,0,0,16607200,16716750,1734,0,0,0,0,2972,0,5,0,0,0,0,0,0
144,466729326,34499,0,0,0,0,17350450,17458300,1151,0,0,0,0,3612,0,5,0,0,0,0,0,0
145,3425349295,34500,0,0,0,0,15866950,15981200,1402,0,0,0,0,3612,0,5,0,0,0,0,0,0
146,1537640620,34501,0,0,0,0,16607050,16719000,1820,0,0,0,0,2972,0,5,0,0,0,0,0,0
147,1853842891,34502,0,0,0,0,16616250,16722800,1445,0,0,0,0,3612,0,5,0,0,0,0,0,0
148,1177024904,34503,0,0,0,0,16611600,16718200,1272,0,0,0,0,4252,0,5,0,0,0,0,0,0
149,4106734849,34504,0,0,0,0,16612000,16717500,1630,0,0,0,0,3612,0,5,0,0,0,0,0,0
150,2025356500,34505,0,0,0,0,16638150,16750500,1399,0,0,0,0,4252,0,5,0,0,0,0,0,0
151,2189605121,34506,0,0,0,0,16580700,16691400,1533,0,0,0,0,3932,0,5,0,0,0,0,0,0
152,4086136290,34507,0,0,0,0,16608250,16714750,1761,0,0,0,0,3292,0,5,0,0,0,0,0,0
153,4036669705,34508,0,0,0,0,16620850,16723000,1447,0,0,0,0,3612,0,5,0,0,0,0,0,0
154,4167980074,34509,0,0,0,0,15838550,16720750,1245,0,0,0,0,3612,0,5,0,0,0,0,0,0
155,51187407,34510,0,0,0,0,16613150,16716950,1759,0,0,0,0,2972,0,5,0,0,0,0,0,0
156,2242638442,34511,0,0,0,0,16515450,17029550,269,0,0,0,0,3612,0,5,0,0,0,0,0,0
157,2730108163,34512,0,0,0,0,16299700,16408200,1355,0,0,0,0,3612,0,5,0,0,0,0,0,0
158,2718743917,34513,0,0,0,0,16608500,16718350,1771,0,0,0,0,2972,0,5,0,0,0,0,0,0
159,3391709842,34514,0,0,0,0,16611750,16721850,1424,0,0,0,0,3612,0,5,0,0,0,0,0,0
160,1164604273,34515,0,0,0,0,16612300,16718900,1383,0,0,0,0,3612,0,5,0,0,0,0,0,0
161,2148591176,34516,0,0,0,0,16730650,16832050,1695,0,0,0,0,2972,0,5,0,0,0,0,0,0
162,4192737573,34517,0,0,0,0,16498600,16605400,1535,0,0,0,0,3612,0,5,0,0,0,0,0,0
163,535584840,34518,0,0,0,0,16612750,16721750,1504,0,0,0,0,3612,0,5,0,0,0,0,0,0
164,3430794475,34519,0,0,0,0,16613600,16718550,1799,0,0,0,0,2972,0,5,0,0,0,0,0,0
165,776323552,34520,0,0,0,0,16615450,16716200,1424,0,0,0,0,3612,0,5,0,0,0,0,0,0
166,3330991427,34521,0,0,0,0,16615550,16722400,1458,0,0,0,0,3612,0,5,0,0,0,0,0,0
167,3282074430,34522,0,0,0,0,16613550,16718800,1707,0,0,0,0,2972,0,5,0,0,0,0,0,0
168,2597814595,34523,0,0,0,0,16614250,16716550,1560,0,0,0,0,3612,0,5,0,0,0,0,0,0
169,2225601370,34524,0,0,0,0,16616300,16720250,1472,0,0,0,0,3612,0,5,0,0,0,0,0,0
170,3716853465,34525,0,0,0,0,16612350,16719950,1804,0,0,0,0,2972,0,5,0,0,0,0,0,0
171,1080675697,34526,0,0,0,0,33663800,33772100,2955,0,0,0,0,7272,0,5,0,0,0,0,0,0
172,219920238,34527,0,0,0,0,32988450,33102750,2708,0,0,0,0,7312,0,5,0,0,0,0,0,0
173,3070385651,34528,0,0,0,0,16606000,16720750,1433,0,0,0,0,3012,0,5,0,0,0,0,0,0
174,2609556270,34529,0,0,0,0,16603650,16721250,1404,0,0,0,0,3612,0,5,0,0,0,0,0,0
175,141401383,34530,0,0,0,0,16610250,16719600,1480,0,0,0,0,3612,0,5,0,0,0,0,0,0
176,3034105280,34531,0,0,0,0,16615050,16719700,1726,0,0,0,0,2972,0,5,0,0,0,0,0,0
177,3029196371,34532,0,0,0,0,16610700,16716200,1588,0,0,0,0,3612,0,5,0,0,0,0,0,0
178,699378668,34533,0,0,0,0,16625350,16721100,1492,0,0,0,0,3612,0,5,0,0,0,0,0,0
179,2402609405,34534,0,0,0,0,16622550,16719500,1803,0,0,0,0,2972,0,5,0,0,0,0,0,0
CSV_END

STUDY_DONE_784841ad9c15=0
# 