/tmp/app --transport dma --state-frame 0 --dma-minimum 64 --frames 180 --warmup 30 --wait spin --profile frame --csv /tmp/transport-frames.csv --dump /tmp/transport-frame.raw && printf "CSV_BEGIN\n" && cat /tmp/transport-frames.csv && printf "CSV_END\n"; study_status=$?; printf "\nSTUDY_DONE_efbbf0515036=%s\n" "$study_status"
TRANSPORT mode=dma dma_minimum=64
BEGIN_BREAKOUT frames=180 warmup=30 fixed=0 blocks=40 tiles=1 hud=1 wait=spin replay=0 state_frame=0 profile=frame pixel_centers=1 clock_call_ns=5490
HW_COUNTERS unavailable
RESULT frames=180 elapsed_s=15.197785850 fps=11.843831 logic_ms=0.000000 api_ms=0.000000 swap_ms=0.000000 wait_ms=0.000000 worker_inclusive_ms=0.000000 upload_inclusive_ms=0.000000 write_ms=0.000000 bytes_per_frame=30951.56 p50_ms=83.596850 p95_ms=84.009000 max_ms=100.320100 late_60hz=180 first_count=1857 last_count=2036 state_hash=8f34e8fd remaining=38 score=20
RENDER_PATH retained=0 grouped=0 quads=13131 full_frames=180
FRAME_CHECK count=2036 address=9fe00000 fnv1a=79c99b23 pixels=307200 mismatches=0
BREAKOUT_PASS
CSV_BEGIN
frame,state_hash,display_count,logic_ns,api_ns,swap_ns,wait_ns,total_ns,completion_interval_ns,polls,worker_inclusive_ns,upload_inclusive_ns,write_ns,read_ns,write_bytes,read_bytes,write_calls,read_calls,dma_copy_ns,dma_launch_ns,dma_completion_wait_ns,dma_bytes,dma_lists
0,3724779174,1857,0,0,0,0,83573400,83587300,0,0,0,0,0,31172,0,5,0,0,0,0,31360,5
1,1709657109,1858,0,0,0,0,83690650,83805300,1528,0,0,0,0,31172,0,5,0,0,0,0,31360,5
2,1894904752,1859,0,0,0,0,83243450,83354500,1540,0,0,0,0,31172,0,5,0,0,0,0,31360,5
3,3703759967,1860,0,0,0,0,83484550,83596750,1390,0,0,0,0,31172,0,5,0,0,0,0,31360,5
4,19533624,1861,0,0,0,0,83480650,83592500,1521,0,0,0,0,31172,0,5,0,0,0,0,31360,5
5,816884773,1862,0,0,0,0,83485550,83597300,1655,0,0,0,0,31172,0,5,0,0,0,0,31360,5
6,1339236364,1863,0,0,0,0,83487750,83599400,1235,0,0,0,0,31172,0,5,0,0,0,0,31360,5
7,3072959373,1864,0,0,0,0,83475750,83592550,1807,0,0,0,0,31172,0,5,0,0,0,0,31360,5
8,1782884746,1865,0,0,0,0,83484000,83600050,1688,0,0,0,0,31172,0,5,0,0,0,0,31360,5
9,30296781,1866,0,0,0,0,83482750,83596150,1633,0,0,0,0,31492,0,5,0,0,0,0,31680,5
10,4026418858,1867,0,0,0,0,83481800,83593850,1551,0,0,0,0,31492,0,5,0,0,0,0,31680,5
11,2084929051,1868,0,0,0,0,83897500,84009000,1531,0,0,0,0,31492,0,5,0,0,0,0,31680,5
12,3114489770,1869,0,0,0,0,83069550,83183100,25,0,0,0,0,31172,0,5,0,0,0,0,31360,5
13,891400471,1870,0,0,0,0,83494400,83599950,1162,0,0,0,0,31172,0,5,0,0,0,0,31360,5
14,3472773456,1871,0,0,0,0,83481000,83592900,1521,0,0,0,0,31172,0,5,0,0,0,0,31360,5
15,3010688243,1872,0,0,0,0,83484550,83596350,1646,0,0,0,0,31172,0,5,0,0,0,0,31360,5
16,2819524756,1873,0,0,0,0,83484450,83598650,1543,0,0,0,0,31172,0,5,0,0,0,0,31360,5
17,3241678401,1874,0,0,0,0,82728950,83596600,1433,0,0,0,0,31172,0,5,0,0,0,0,31360,5
18,2154316504,1875,0,0,0,0,83484800,83595850,1712,0,0,0,0,31172,0,5,0,0,0,0,31360,5
19,772262681,1876,0,0,0,0,83484050,83596550,847,0,0,0,0,31172,0,5,0,0,0,0,31360,5
20,3882818750,1877,0,0,0,0,83488200,83598500,1551,0,0,0,0,31172,0,5,0,0,0,0,31360,5
21,521131153,1878,0,0,0,0,83824050,83936450,1520,0,0,0,0,31172,0,5,0,0,0,0,31360,5
22,1838187414,1879,0,0,0,0,83140350,83252400,1532,0,0,0,0,31172,0,5,0,0,0,0,31360,5
23,840574439,1880,0,0,0,0,83489150,83600250,1393,0,0,0,0,31172,0,5,0,0,0,0,31360,5
24,2879461878,1881,0,0,0,0,83481800,83595450,447,0,0,0,0,31172,0,5,0,0,0,0,31360,5
25,202086035,1882,0,0,0,0,83472450,83595000,1190,0,0,0,0,31172,0,5,0,0,0,0,31360,5
26,959703924,1883,0,0,0,0,83487800,83598600,1528,0,0,0,0,31172,0,5,0,0,0,0,31360,5
27,3795724423,1884,0,0,0,0,83483650,83597100,1792,0,0,0,0,31172,0,5,0,0,0,0,31360,5
28,2500539904,1885,0,0,0,0,83479350,83593550,1708,0,0,0,0,31172,0,5,0,0,0,0,31360,5
29,2269000541,1886,0,0,0,0,83487050,83599600,1611,0,0,0,0,31172,0,5,0,0,0,0,31360,5
30,1900681108,1887,0,0,0,0,83486800,83595450,1582,0,0,0,0,31172,0,5,0,0,0,0,31360,5
31,3680168245,1888,0,0,0,0,83834200,83944850,1270,0,0,0,0,31172,0,5,0,0,0,0,31360,5
32,2344329490,1889,0,0,0,0,83138800,83248400,1548,0,0,0,0,31172,0,5,0,0,0,0,31360,5
33,2130650181,1890,0,0,0,0,83480250,83595350,1355,0,0,0,0,31492,0,5,0,0,0,0,31680,5
34,906966818,1891,0,0,0,0,83486650,83595700,1490,0,0,0,0,31492,0,5,0,0,0,0,31680,5
35,3939376531,1892,0,0,0,0,83481350,83596450,1615,0,0,0,0,31492,0,5,0,0,0,0,31680,5
36,2110688546,1893,0,0,0,0,83481100,83597000,1554,0,0,0,0,31172,0,5,0,0,0,0,31360,5
37,2695523007,1894,0,0,0,0,100200400,100316950,2895,0,0,0,0,31172,0,5,0,0,0,0,31360,5
38,744447992,1895,0,0,0,0,83482650,83594800,1570,0,0,0,0,31172,0,5,0,0,0,0,31360,5
39,3728640411,1896,0,0,0,0,83485250,83594550,1771,0,0,0,0,31172,0,5,0,0,0,0,31360,5
40,618879740,1897,0,0,0,0,83484650,83600150,1661,0,0,0,0,31172,0,5,0,0,0,0,31360,5
41,1239708057,1898,0,0,0,0,82729450,83596800,1408,0,0,0,0,31172,0,5,0,0,0,0,31360,5
42,2429742208,1899,0,0,0,0,83550950,83658550,1557,0,0,0,0,31172,0,5,0,0,0,0,31360,5
43,412095716,1900,0,0,0,0,83422000,83533850,1272,0,0,0,0,31172,0,5,0,0,0,0,31360,5
44,1226741467,1901,0,0,0,0,83049200,83594900,1522,0,0,0,0,31172,0,5,0,0,0,0,31360,5
45,3288446148,1902,0,0,0,0,83483450,83595750,1406,0,0,0,0,31172,0,5,0,0,0,0,31360,5
46,1157984843,1903,0,0,0,0,83486100,83596100,1533,0,0,0,0,31172,0,5,0,0,0,0,31360,5
47,3877288378,1904,0,0,0,0,83484400,83594850,1613,0,0,0,0,31172,0,5,0,0,0,0,31360,5
48,4236526315,1905,0,0,0,0,83486650,83599000,1558,0,0,0,0,31172,0,5,0,0,0,0,31360,5
49,533834014,1906,0,0,0,0,100202100,100313300,2889,0,0,0,0,31172,0,5,0,0,0,0,31360,5
50,1649361089,1907,0,0,0,0,83488600,83599450,1607,0,0,0,0,31172,0,5,0,0,0,0,31360,5
51,2486981906,1908,0,0,0,0,83490600,83597050,1740,0,0,0,0,31172,0,5,0,0,0,0,31360,5
52,1706075277,1909,0,0,0,0,83482650,83597050,1653,0,0,0,0,31172,0,5,0,0,0,0,31360,5
53,267972368,1910,0,0,0,0,83480750,83593950,1532,0,0,0,0,31172,0,5,0,0,0,0,31360,5
54,3895401273,1911,0,0,0,0,83691450,83800850,1584,0,0,0,0,31172,0,5,0,0,0,0,31360,5
55,605985656,1912,0,0,0,0,83281800,83393650,1147,0,0,0,0,31172,0,5,0,0,0,0,31360,5
56,4077673024,1913,0,0,0,0,83480850,83592950,1527,0,0,0,0,30852,0,5,0,0,0,0,31040,5
57,985632231,1914,0,0,0,0,83487050,83600100,1524,0,0,0,0,30852,0,5,0,0,0,0,31040,5
58,3720590956,1915,0,0,0,0,83483550,83595200,1453,0,0,0,0,30852,0,5,0,0,0,0,31040,5
59,3264032585,1916,0,0,0,0,83485900,83596950,1617,0,0,0,0,30852,0,5,0,0,0,0,31040,5
60,395405688,1917,0,0,0,0,83480100,83593450,1620,0,0,0,0,30852,0,5,0,0,0,0,31040,5
61,32142420,1918,0,0,0,0,100206300,100320100,2807,0,0,0,0,30852,0,5,0,0,0,0,31040,5
62,1187067055,1919,0,0,0,0,83484050,83593900,1782,0,0,0,0,30852,0,5,0,0,0,0,31040,5
63,459140908,1920,0,0,0,0,83485800,83597350,1716,0,0,0,0,30852,0,5,0,0,0,0,31040,5
64,3369786495,1921,0,0,0,0,82723800,83595400,1584,0,0,0,0,30852,0,5,0,0,0,0,31040,5
65,1572434254,1922,0,0,0,0,83482950,83598400,1586,0,0,0,0,30852,0,5,0,0,0,0,31040,5
66,4107798823,1923,0,0,0,0,83803900,83914500,1228,0,0,0,0,30852,0,5,0,0,0,0,31040,5
67,343968250,1924,0,0,0,0,83159850,83275050,1446,0,0,0,0,30852,0,5,0,0,0,0,31040,5
68,3102454017,1925,0,0,0,0,83485850,83597600,1570,0,0,0,0,30852,0,5,0,0,0,0,31040,5
69,3051095563,1926,0,0,0,0,83485850,83599250,1517,0,0,0,0,30852,0,5,0,0,0,0,31040,5
70,2391331016,1927,0,0,0,0,83484700,83594450,1651,0,0,0,0,30852,0,5,0,0,0,0,31040,5
71,3869016117,1928,0,0,0,0,83487150,83596850,1594,0,0,0,0,30852,0,5,0,0,0,0,31040,5
72,1579800804,1929,0,0,0,0,83483000,83594950,1762,0,0,0,0,30852,0,5,0,0,0,0,31040,5
73,2792341157,1930,0,0,0,0,100201700,100318500,3109,0,0,0,0,30852,0,5,0,0,0,0,31040,5
74,714702942,1931,0,0,0,0,83478650,83593000,1773,0,0,0,0,30852,0,5,0,0,0,0,31040,5
75,1092538936,1932,0,0,0,0,83485150,83597750,1649,0,0,0,0,30852,0,5,0,0,0,0,31040,5
76,1561271239,1933,0,0,0,0,83487150,83598400,1613,0,0,0,0,31172,0,5,0,0,0,0,31360,5
77,3798074098,1934,0,0,0,0,83517950,83628300,1521,0,0,0,0,31172,0,5,0,0,0,0,31360,5
78,3022639071,1935,0,0,0,0,83452300,83562950,1617,0,0,0,0,31172,0,5,0,0,0,0,31360,5
79,2282770062,1936,0,0,0,0,82920600,83595750,1117,0,0,0,0,30852,0,5,0,0,0,0,31040,5
80,1626512457,1937,0,0,0,0,83485250,83598650,1455,0,0,0,0,30852,0,5,0,0,0,0,31040,5
81,3156888026,1938,0,0,0,0,83481700,83593450,1695,0,0,0,0,30852,0,5,0,0,0,0,31040,5
82,3038824309,1939,0,0,0,0,83486750,83598400,1620,0,0,0,0,30852,0,5,0,0,0,0,31040,5
83,1261846460,1940,0,0,0,0,83486450,83597500,1820,0,0,0,0,30852,0,5,0,0,0,0,31040,5
84,2035201521,1941,0,0,0,0,83485300,83596250,1783,0,0,0,0,30852,0,5,0,0,0,0,31040,5
85,2164446652,1942,0,0,0,0,100198300,100312600,2924,0,0,0,0,30852,0,5,0,0,0,0,31040,5
86,2017191835,1943,0,0,0,0,83483350,83595750,1712,0,0,0,0,30852,0,5,0,0,0,0,31040,5
87,3029138484,1944,0,0,0,0,82734800,83600850,1340,0,0,0,0,30852,0,5,0,0,0,0,31040,5
88,50355403,1945,0,0,0,0,83474750,83593950,1588,0,0,0,0,30852,0,5,0,0,0,0,31040,5
89,654213990,1946,0,0,0,0,83773450,83885550,1543,0,0,0,0,30852,0,5,0,0,0,0,31040,5
90,2360099787,1947,0,0,0,0,83197550,83308550,1619,0,0,0,0,30852,0,5,0,0,0,0,31040,5
91,2424818746,1948,0,0,0,0,83481900,83593100,1389,0,0,0,0,30852,0,5,0,0,0,0,31040,5
92,1971386461,1949,0,0,0,0,83483700,83597250,1470,0,0,0,0,30852,0,5,0,0,0,0,31040,5
93,3386045126,1950,0,0,0,0,83486500,83598150,1680,0,0,0,0,30852,0,5,0,0,0,0,31040,5
94,1429641961,1951,0,0,0,0,83487550,83594150,1677,0,0,0,0,30852,0,5,0,0,0,0,31040,5
95,3022846880,1952,0,0,0,0,83484650,83597300,1828,0,0,0,0,30852,0,5,0,0,0,0,31040,5
96,1601897261,1953,0,0,0,0,83482200,83597900,1746,0,0,0,0,30852,0,5,0,0,0,0,31040,5
97,1229951528,1954,0,0,0,0,100204100,100313950,3018,0,0,0,0,30852,0,5,0,0,0,0,31040,5
98,4065171759,1955,0,0,0,0,83486800,83599200,1735,0,0,0,0,30852,0,5,0,0,0,0,31040,5
99,1034325744,1956,0,0,0,0,83480350,83594650,1633,0,0,0,0,30852,0,5,0,0,0,0,31040,5
100,14078671,1957,0,0,0,0,83506750,83617200,1556,0,0,0,0,31172,0,5,0,0,0,0,31360,5
101,4024270554,1958,0,0,0,0,83747450,83860800,1600,0,0,0,0,31172,0,5,0,0,0,0,31360,5
102,896191351,1959,0,0,0,0,83203300,83312600,1513,0,0,0,0,31172,0,5,0,0,0,0,31360,5
103,2131384102,1960,0,0,0,0,83481900,83596250,1374,0,0,0,0,30852,0,5,0,0,0,0,31040,5
104,2586210593,1961,0,0,0,0,83482750,83597050,1416,0,0,0,0,30852,0,5,0,0,0,0,31040,5
105,591918370,1962,0,0,0,0,83478800,83593750,1622,0,0,0,0,30852,0,5,0,0,0,0,31040,5
106,8814317,1963,0,0,0,0,83487900,83598200,1884,0,0,0,0,30852,0,5,0,0,0,0,31040,5
107,2340504196,1964,0,0,0,0,83487850,83596000,1570,0,0,0,0,30852,0,5,0,0,0,0,31040,5
108,3523076009,1965,0,0,0,0,83484650,83598300,1735,0,0,0,0,30852,0,5,0,0,0,0,31040,5
109,1961669028,1966,0,0,0,0,100202700,100315850,2708,0,0,0,0,30852,0,5,0,0,0,0,31040,5
110,1037581603,1967,0,0,0,0,83485650,83595150,1715,0,0,0,0,30852,0,5,0,0,0,0,31040,5
111,2701024588,1968,0,0,0,0,82736050,83597000,1575,0,0,0,0,30852,0,5,0,0,0,0,31040,5
112,215037203,1969,0,0,0,0,83485000,83602750,1593,0,0,0,0,30852,0,5,0,0,0,0,31040,5
113,3696282862,1970,0,0,0,0,83478250,83588100,1277,0,0,0,0,30852,0,5,0,0,0,0,31040,5
114,2829142928,1971,0,0,0,0,83078050,83598250,1502,0,0,0,0,30852,0,5,0,0,0,0,31040,5
115,3204762949,1972,0,0,0,0,83486450,83596850,1339,0,0,0,0,30852,0,5,0,0,0,0,31040,5
116,3297489190,1973,0,0,0,0,83485700,83595850,1516,0,0,0,0,30852,0,5,0,0,0,0,31040,5
117,1691704917,1974,0,0,0,0,83481100,83595950,1624,0,0,0,0,30852,0,5,0,0,0,0,31040,5
118,663957814,1975,0,0,0,0,83485250,83594900,1855,0,0,0,0,30852,0,5,0,0,0,0,31040,5
119,3058583827,1976,0,0,0,0,83488300,83596300,1772,0,0,0,0,30852,0,5,0,0,0,0,31040,5
120,838545270,1977,0,0,0,0,83486400,83599850,1710,0,0,0,0,30852,0,5,0,0,0,0,31040,5
121,3608912039,1978,0,0,0,0,83484550,83594300,36,0,0,0,0,30852,0,5,0,0,0,0,31040,5
122,4080159716,1979,0,0,0,0,83528600,83638450,1629,0,0,0,0,30852,0,5,0,0,0,0,31040,5
123,1056027075,1980,0,0,0,0,83442900,83553700,1630,0,0,0,0,30852,0,5,0,0,0,0,31040,5
124,4057021248,1981,0,0,0,0,83060650,83597800,1497,0,0,0,0,31172,0,5,0,0,0,0,31360,5
125,2686741161,1982,0,0,0,0,83485350,83597600,1459,0,0,0,0,31172,0,5,0,0,0,0,31360,5
126,3870849660,1983,0,0,0,0,83486450,83595250,1458,0,0,0,0,31172,0,5,0,0,0,0,31360,5
127,293449641,1984,0,0,0,0,83486450,83599450,1348,0,0,0,0,30852,0,5,0,0,0,0,31040,5
128,596064266,1985,0,0,0,0,83472450,83591200,1656,0,0,0,0,30852,0,5,0,0,0,0,31040,5
129,3715495249,1986,0,0,0,0,83485400,83600000,1765,0,0,0,0,30852,0,5,0,0,0,0,31040,5
130,244680018,1987,0,0,0,0,83484000,83593650,1702,0,0,0,0,30852,0,5,0,0,0,0,31040,5
131,4080661783,1988,0,0,0,0,83482000,83597600,1557,0,0,0,0,30852,0,5,0,0,0,0,31040,5
132,4006730450,1989,0,0,0,0,83557200,83674200,1629,0,0,0,0,30852,0,5,0,0,0,0,31040,5
133,3864584507,1990,0,0,0,0,83400350,83514150,260,0,0,0,0,30852,0,5,0,0,0,0,31040,5
134,2711027320,1991,0,0,0,0,82183900,83597050,815,0,0,0,0,30852,0,5,0,0,0,0,31040,5
135,4099079087,1992,0,0,0,0,83484200,83599650,1494,0,0,0,0,30852,0,5,0,0,0,0,31040,5
136,565333772,1993,0,0,0,0,83480800,83594450,1509,0,0,0,0,30852,0,5,0,0,0,0,31040,5
137,1028518269,1994,0,0,0,0,83483150,83596650,1613,0,0,0,0,30852,0,5,0,0,0,0,31040,5
138,2252688136,1995,0,0,0,0,83486250,83599300,1846,0,0,0,0,30852,0,5,0,0,0,0,31040,5
139,578597309,1996,0,0,0,0,83484250,83595950,1728,0,0,0,0,30852,0,5,0,0,0,0,31040,5
140,3624439358,1997,0,0,0,0,83482000,83597450,1092,0,0,0,0,30852,0,5,0,0,0,0,31040,5
141,3514067501,1998,0,0,0,0,83483850,83597100,1592,0,0,0,0,30852,0,5,0,0,0,0,31040,5
142,2741972910,1999,0,0,0,0,83599700,83709800,1636,0,0,0,0,30852,0,5,0,0,0,0,31040,5
143,28497579,2000,0,0,0,0,83369350,83481350,1628,0,0,0,0,30852,0,5,0,0,0,0,31040,5
144,466729326,2001,0,0,0,0,83486200,83596900,1502,0,0,0,0,30852,0,5,0,0,0,0,31040,5
145,3425349295,2002,0,0,0,0,83482200,83597400,997,0,0,0,0,30852,0,5,0,0,0,0,31040,5
146,1537640620,2003,0,0,0,0,83475000,83596550,452,0,0,0,0,30852,0,5,0,0,0,0,31040,5
147,1853842891,2004,0,0,0,0,83485750,83594450,1605,0,0,0,0,30852,0,5,0,0,0,0,31040,5
148,1177024904,2005,0,0,0,0,83480050,83594750,1641,0,0,0,0,31172,0,5,0,0,0,0,31360,5
149,4106734849,2006,0,0,0,0,83485550,83596700,1549,0,0,0,0,31172,0,5,0,0,0,0,31360,5
150,2025356500,2007,0,0,0,0,83487100,83600200,1684,0,0,0,0,31172,0,5,0,0,0,0,31360,5
151,2189605121,2008,0,0,0,0,83476850,83592250,1597,0,0,0,0,30852,0,5,0,0,0,0,31040,5
152,4086136290,2009,0,0,0,0,83628850,83740600,1516,0,0,0,0,30852,0,5,0,0,0,0,31040,5
153,4036669705,2010,0,0,0,0,83339800,83453600,1574,0,0,0,0,30852,0,5,0,0,0,0,31040,5
154,4167980074,2011,0,0,0,0,83488500,83598700,1485,0,0,0,0,30852,0,5,0,0,0,0,31040,5
155,51187407,2012,0,0,0,0,83479850,83593550,1494,0,0,0,0,30852,0,5,0,0,0,0,31040,5
156,2242638442,2013,0,0,0,0,83484650,83597450,1408,0,0,0,0,30852,0,5,0,0,0,0,31040,5
157,2730108163,2014,0,0,0,0,82747250,83597000,1261,0,0,0,0,30852,0,5,0,0,0,0,31040,5
158,2718743917,2015,0,0,0,0,100205300,100316450,2831,0,0,0,0,30852,0,5,0,0,0,0,31040,5
159,3391709842,2016,0,0,0,0,83480600,83594050,1593,0,0,0,0,30852,0,5,0,0,0,0,31040,5
160,1164604273,2017,0,0,0,0,83488750,83597750,1775,0,0,0,0,30852,0,5,0,0,0,0,31040,5
161,2148591176,2018,0,0,0,0,83482000,83595450,997,0,0,0,0,30852,0,5,0,0,0,0,31040,5
162,4192737573,2019,0,0,0,0,83485250,83596950,1659,0,0,0,0,30852,0,5,0,0,0,0,31040,5
163,535584840,2020,0,0,0,0,83489350,83597450,1548,0,0,0,0,30852,0,5,0,0,0,0,31040,5
164,3430794475,2021,0,0,0,0,83759750,83869550,1523,0,0,0,0,30852,0,5,0,0,0,0,31040,5
165,776323552,2022,0,0,0,0,83209150,83321050,1553,0,0,0,0,30852,0,5,0,0,0,0,31040,5
166,3330991427,2023,0,0,0,0,83486050,83597950,1492,0,0,0,0,30852,0,5,0,0,0,0,31040,5
167,3282074430,2024,0,0,0,0,83489600,83596300,1574,0,0,0,0,30852,0,5,0,0,0,0,31040,5
168,2597814595,2025,0,0,0,0,83488750,83598400,1610,0,0,0,0,30852,0,5,0,0,0,0,31040,5
169,2225601370,2026,0,0,0,0,83478500,83594550,1603,0,0,0,0,30852,0,5,0,0,0,0,31040,5
170,3716853465,2027,0,0,0,0,100205800,100314700,2929,0,0,0,0,30852,0,5,0,0,0,0,31040,5
171,1080675697,2028,0,0,0,0,83484100,83599450,1837,0,0,0,0,30212,0,5,0,0,0,0,30400,5
172,219920238,2029,0,0,0,0,83483950,83595500,1926,0,0,0,0,30212,0,5,0,0,0,0,30400,5
173,3070385651,2030,0,0,0,0,83482000,83593650,1791,0,0,0,0,30212,0,5,0,0,0,0,30400,5
174,2609556270,2031,0,0,0,0,83488000,83597750,1819,0,0,0,0,30212,0,5,0,0,0,0,30400,5
175,141401383,2032,0,0,0,0,83485950,83596400,1779,0,0,0,0,30212,0,5,0,0,0,0,30400,5
176,3034105280,2033,0,0,0,0,83484950,83595000,1480,0,0,0,0,30212,0,5,0,0,0,0,30400,5
177,3029196371,2034,0,0,0,0,83086800,83598450,1924,0,0,0,0,30212,0,5,0,0,0,0,30400,5
178,699378668,2035,0,0,0,0,83483050,83596000,1690,0,0,0,0,30212,0,5,0,0,0,0,30400,5
179,2402609405,2036,0,0,0,0,83485500,83595400,2037,0,0,0,0,30212,0,5,0,0,0,0,30400,5
CSV_END

STUDY_DONE_efbbf0515036=0
# 