/tmp/app-lto --transport apb --state-frame 0 --frames 180 --warmup 30 --wait spin --profile frame --csv /tmp/transport-frames.csv && printf "CSV_BEGIN\n" && cat /tmp/transport-frames.csv && printf "CSV_END\n"; study_status=$?; printf "\nSTUDY_DONE_8da3db07dbcb=%s\n" "$study_status"
TRANSPORT mode=apb dma_minimum=64
BEGIN_BREAKOUT frames=180 warmup=30 fixed=0 blocks=40 tiles=1 hud=1 wait=spin replay=0 state_frame=0 profile=frame pixel_centers=1 clock_call_ns=4839
HW_COUNTERS unavailable
RESULT frames=180 elapsed_s=12.054577550 fps=14.932087 logic_ms=0.000000 api_ms=0.000000 swap_ms=0.000000 wait_ms=0.000000 worker_inclusive_ms=0.000000 upload_inclusive_ms=0.000000 write_ms=0.000000 bytes_per_frame=30951.56 p50_ms=66.877050 p95_ms=67.102400 max_ms=83.564400 late_60hz=180 first_count=29425 last_count=29604 state_hash=8f34e8fd remaining=38 score=20
RENDER_PATH retained=0 grouped=0 quads=13131 full_frames=180
BREAKOUT_PASS
CSV_BEGIN
frame,state_hash,display_count,logic_ns,api_ns,swap_ns,wait_ns,total_ns,completion_interval_ns,polls,worker_inclusive_ns,upload_inclusive_ns,write_ns,read_ns,write_bytes,read_bytes,write_calls,read_calls,dma_copy_ns,dma_launch_ns,dma_completion_wait_ns,dma_bytes,dma_lists
0,3724779174,29425,0,0,0,0,66840650,66852300,1210,0,0,0,0,31172,0,5,0,0,0,0,0,0
1,1709657109,29426,0,0,0,0,66743400,66871850,2635,0,0,0,0,31172,0,5,0,0,0,0,0,0
2,1894904752,29427,0,0,0,0,66877950,66980600,2654,0,0,0,0,31172,0,5,0,0,0,0,0,0
3,3703759967,29428,0,0,0,0,66671700,66776500,2635,0,0,0,0,31172,0,5,0,0,0,0,0,0
4,19533624,29429,0,0,0,0,66772500,66876500,2373,0,0,0,0,31172,0,5,0,0,0,0,0,0
5,816884773,29430,0,0,0,0,66069750,66874300,2471,0,0,0,0,31172,0,5,0,0,0,0,0,0
6,1339236364,29431,0,0,0,0,66777950,66879250,2688,0,0,0,0,31172,0,5,0,0,0,0,0,0
7,3072959373,29432,0,0,0,0,66769500,66874300,2590,0,0,0,0,31172,0,5,0,0,0,0,0,0
8,1782884746,29433,0,0,0,0,66773150,66876000,2673,0,0,0,0,31172,0,5,0,0,0,0,0,0
9,30296781,29434,0,0,0,0,66780600,66881950,2507,0,0,0,0,31492,0,5,0,0,0,0,0,0
10,4026418858,29435,0,0,0,0,66774900,66876050,2696,0,0,0,0,31492,0,5,0,0,0,0,0,0
11,2084929051,29436,0,0,0,0,66779000,66877150,2703,0,0,0,0,31492,0,5,0,0,0,0,0,0
12,3114489770,29437,0,0,0,0,66770350,66873000,2260,0,0,0,0,31172,0,5,0,0,0,0,0,0
13,891400471,29438,0,0,0,0,66781250,66882400,2794,0,0,0,0,31172,0,5,0,0,0,0,0,0
14,3472773456,29439,0,0,0,0,66355000,66873600,2606,0,0,0,0,31172,0,5,0,0,0,0,0,0
15,3010688243,29440,0,0,0,0,66774200,66877350,2602,0,0,0,0,31172,0,5,0,0,0,0,0,0
16,2819524756,29441,0,0,0,0,66771050,66878500,1202,0,0,0,0,31172,0,5,0,0,0,0,0,0
17,3241678401,29442,0,0,0,0,66776150,66877950,2731,0,0,0,0,31172,0,5,0,0,0,0,0,0
18,2154316504,29443,0,0,0,0,66777500,66878250,2656,0,0,0,0,31172,0,5,0,0,0,0,0,0
19,772262681,29444,0,0,0,0,66767350,66874650,2333,0,0,0,0,31172,0,5,0,0,0,0,0,0
20,3882818750,29445,0,0,0,0,67082100,67191350,2731,0,0,0,0,31172,0,5,0,0,0,0,0,0
21,521131153,29446,0,0,0,0,66463350,66566200,2634,0,0,0,0,31172,0,5,0,0,0,0,0,0
22,1838187414,29447,0,0,0,0,66770300,66872300,2665,0,0,0,0,31172,0,5,0,0,0,0,0,0
23,840574439,29448,0,0,0,0,66774250,66877650,2635,0,0,0,0,31172,0,5,0,0,0,0,0,0
24,2879461878,29449,0,0,0,0,66774450,66877350,2760,0,0,0,0,31172,0,5,0,0,0,0,0,0
25,202086035,29450,0,0,0,0,66777150,66879550,2535,0,0,0,0,31172,0,5,0,0,0,0,0,0
26,959703924,29451,0,0,0,0,66771700,66874500,2688,0,0,0,0,31172,0,5,0,0,0,0,0,0
27,3795724423,29452,0,0,0,0,66953750,67059000,2225,0,0,0,0,31172,0,5,0,0,0,0,0,0
28,2500539904,29453,0,0,0,0,65899100,66697550,2357,0,0,0,0,31172,0,5,0,0,0,0,0,0
29,2269000541,29454,0,0,0,0,66771900,66873250,2696,0,0,0,0,31172,0,5,0,0,0,0,0,0
30,1900681108,29455,0,0,0,0,66778750,66880450,2667,0,0,0,0,31172,0,5,0,0,0,0,0,0
31,3680168245,29456,0,0,0,0,66770300,66875950,1183,0,0,0,0,31172,0,5,0,0,0,0,0,0
32,2344329490,29457,0,0,0,0,66775100,66877050,2328,0,0,0,0,31172,0,5,0,0,0,0,0,0
33,2130650181,29458,0,0,0,0,66766950,66879200,2640,0,0,0,0,31492,0,5,0,0,0,0,0,0
34,906966818,29459,0,0,0,0,66813950,66914850,2547,0,0,0,0,31492,0,5,0,0,0,0,0,0
35,3939376531,29460,0,0,0,0,66736750,66840000,2263,0,0,0,0,31492,0,5,0,0,0,0,0,0
36,2110688546,29461,0,0,0,0,66775100,66877850,2719,0,0,0,0,31172,0,5,0,0,0,0,0,0
37,2695523007,29462,0,0,0,0,66773850,66875100,2568,0,0,0,0,31172,0,5,0,0,0,0,0,0
38,744447992,29463,0,0,0,0,66775200,66876350,2764,0,0,0,0,31172,0,5,0,0,0,0,0,0
39,3728640411,29464,0,0,0,0,66774300,66876550,2665,0,0,0,0,31172,0,5,0,0,0,0,0,0
40,618879740,29465,0,0,0,0,66774850,66877550,2606,0,0,0,0,31172,0,5,0,0,0,0,0,0
41,1239708057,29466,0,0,0,0,66777650,66878900,2580,0,0,0,0,31172,0,5,0,0,0,0,0,0
42,2429742208,29467,0,0,0,0,66777300,66878650,2411,0,0,0,0,31172,0,5,0,0,0,0,0,0
43,412095716,29468,0,0,0,0,66759350,66875650,2493,0,0,0,0,31172,0,5,0,0,0,0,0,0
44,1226741467,29469,0,0,0,0,66773600,66876500,2688,0,0,0,0,31172,0,5,0,0,0,0,0,0
45,3288446148,29470,0,0,0,0,67180100,67281000,2628,0,0,0,0,31172,0,5,0,0,0,0,0,0
46,1157984843,29471,0,0,0,0,66370300,66471700,1240,0,0,0,0,31172,0,5,0,0,0,0,0,0
47,3877288378,29472,0,0,0,0,66765950,66877900,2645,0,0,0,0,31172,0,5,0,0,0,0,0,0
48,4236526315,29473,0,0,0,0,66776150,66879450,2611,0,0,0,0,31172,0,5,0,0,0,0,0,0
49,533834014,29474,0,0,0,0,66773000,66873850,2726,0,0,0,0,31172,0,5,0,0,0,0,0,0
50,1649361089,29475,0,0,0,0,66774500,66877250,2217,0,0,0,0,31172,0,5,0,0,0,0,0,0
51,2486981906,29476,0,0,0,0,66071300,66877850,2458,0,0,0,0,31172,0,5,0,0,0,0,0,0
52,1706075277,29477,0,0,0,0,67046650,67151000,2710,0,0,0,0,31172,0,5,0,0,0,0,0,0
53,267972368,29478,0,0,0,0,66510300,66611400,2639,0,0,0,0,31172,0,5,0,0,0,0,0,0
54,3895401273,29479,0,0,0,0,66774850,66871750,2721,0,0,0,0,31172,0,5,0,0,0,0,0,0
55,605985656,29480,0,0,0,0,66770100,66874200,2661,0,0,0,0,31172,0,5,0,0,0,0,0,0
56,4077673024,29481,0,0,0,0,66778700,66880950,2702,0,0,0,0,30852,0,5,0,0,0,0,0,0
57,985632231,29482,0,0,0,0,66772200,66873600,2665,0,0,0,0,30852,0,5,0,0,0,0,0,0
58,3720590956,29483,0,0,0,0,66783300,66884200,2316,0,0,0,0,30852,0,5,0,0,0,0,0,0
59,3264032585,29484,0,0,0,0,66902450,67000550,2531,0,0,0,0,30852,0,5,0,0,0,0,0,0
60,395405688,29485,0,0,0,0,66646100,66749750,2733,0,0,0,0,30852,0,5,0,0,0,0,0,0
61,32142420,29486,0,0,0,0,66772800,66874200,2695,0,0,0,0,30852,0,5,0,0,0,0,0,0
62,1187067055,29487,0,0,0,0,66774250,66875250,1036,0,0,0,0,30852,0,5,0,0,0,0,0,0
63,459140908,29488,0,0,0,0,66776800,66879500,2763,0,0,0,0,30852,0,5,0,0,0,0,0,0
64,3369786495,29489,0,0,0,0,66775550,66878150,2699,0,0,0,0,30852,0,5,0,0,0,0,0,0
65,1572434254,29490,0,0,0,0,66777150,66878050,2295,0,0,0,0,30852,0,5,0,0,0,0,0,0
66,4107798823,29491,0,0,0,0,66765950,66874550,2567,0,0,0,0,30852,0,5,0,0,0,0,0,0
67,343968250,29492,0,0,0,0,66771400,66875400,2724,0,0,0,0,30852,0,5,0,0,0,0,0,0
68,3102454017,29493,0,0,0,0,66775700,66880150,2652,0,0,0,0,30852,0,5,0,0,0,0,0,0
69,3051095563,29494,0,0,0,0,66777500,66878700,2701,0,0,0,0,30852,0,5,0,0,0,0,0,0
70,2391331016,29495,0,0,0,0,66774300,66875700,2791,0,0,0,0,30852,0,5,0,0,0,0,0,0
71,3869016117,29496,0,0,0,0,66365550,66875500,2564,0,0,0,0,30852,0,5,0,0,0,0,0,0
72,1579800804,29497,0,0,0,0,66777800,66880650,2727,0,0,0,0,30852,0,5,0,0,0,0,0,0
73,2792341157,29498,0,0,0,0,66774700,66877300,2098,0,0,0,0,30852,0,5,0,0,0,0,0,0
74,714702942,29499,0,0,0,0,66784000,66886400,2657,0,0,0,0,30852,0,5,0,0,0,0,0,0
75,1092538936,29500,0,0,0,0,65344600,66864700,2460,0,0,0,0,30852,0,5,0,0,0,0,0,0
76,1561271239,29501,0,0,0,0,66776550,66879100,2720,0,0,0,0,31172,0,5,0,0,0,0,0,0
77,3798074098,29502,0,0,0,0,67393750,67496200,1244,0,0,0,0,31172,0,5,0,0,0,0,0,0
78,3022639071,29503,0,0,0,0,66160150,66257700,2663,0,0,0,0,31172,0,5,0,0,0,0,0,0
79,2282770062,29504,0,0,0,0,66774150,66876550,2702,0,0,0,0,30852,0,5,0,0,0,0,0,0
80,1626512457,29505,0,0,0,0,66775050,66878050,2628,0,0,0,0,30852,0,5,0,0,0,0,0,0
81,3156888026,29506,0,0,0,0,66774900,66876050,2272,0,0,0,0,30852,0,5,0,0,0,0,0,0
82,3038824309,29507,0,0,0,0,66773700,66875500,2755,0,0,0,0,30852,0,5,0,0,0,0,0,0
83,1261846460,29508,0,0,0,0,66777300,66880100,2713,0,0,0,0,30852,0,5,0,0,0,0,0,0
84,2035201521,29509,0,0,0,0,66940300,67043300,2566,0,0,0,0,30852,0,5,0,0,0,0,0,0
85,2164446652,29510,0,0,0,0,66605150,66706950,2692,0,0,0,0,30852,0,5,0,0,0,0,0,0
86,2017191835,29511,0,0,0,0,66778050,66878950,2714,0,0,0,0,30852,0,5,0,0,0,0,0,0
87,3029138484,29512,0,0,0,0,66776500,66879100,2602,0,0,0,0,30852,0,5,0,0,0,0,0,0
88,50355403,29513,0,0,0,0,66780300,66883100,2475,0,0,0,0,30852,0,5,0,0,0,0,0,0
89,654213990,29514,0,0,0,0,66763900,66869950,2662,0,0,0,0,30852,0,5,0,0,0,0,0,0
90,2360099787,29515,0,0,0,0,66777150,66878300,2638,0,0,0,0,30852,0,5,0,0,0,0,0,0
91,2424818746,29516,0,0,0,0,66807250,66909750,2569,0,0,0,0,30852,0,5,0,0,0,0,0,0
92,1971386461,29517,0,0,0,0,83461200,83564400,2532,0,0,0,0,30852,0,5,0,0,0,0,0,0
93,3386045126,29518,0,0,0,0,66378250,66875600,2606,0,0,0,0,30852,0,5,0,0,0,0,0,0
94,1429641961,29519,0,0,0,0,66776150,66877200,2734,0,0,0,0,30852,0,5,0,0,0,0,0,0
95,3022846880,29520,0,0,0,0,66774700,66878100,2640,0,0,0,0,30852,0,5,0,0,0,0,0,0
96,1601897261,29521,0,0,0,0,66772000,66875750,2389,0,0,0,0,30852,0,5,0,0,0,0,0,0
97,1229951528,29522,0,0,0,0,66775850,66878500,2691,0,0,0,0,30852,0,5,0,0,0,0,0,0
98,4065171759,29523,0,0,0,0,66066300,66878050,2522,0,0,0,0,30852,0,5,0,0,0,0,0,0
99,1034325744,29524,0,0,0,0,67071300,67174600,2596,0,0,0,0,30852,0,5,0,0,0,0,0,0
100,14078671,29525,0,0,0,0,66471850,66576250,2628,0,0,0,0,31172,0,5,0,0,0,0,0,0
101,4024270554,29526,0,0,0,0,66779000,66879950,2693,0,0,0,0,31172,0,5,0,0,0,0,0,0
102,896191351,29527,0,0,0,0,66776900,66878200,2583,0,0,0,0,31172,0,5,0,0,0,0,0,0
103,2131384102,29528,0,0,0,0,66773700,66876350,2437,0,0,0,0,30852,0,5,0,0,0,0,0,0
104,2586210593,29529,0,0,0,0,66766000,66876900,2702,0,0,0,0,30852,0,5,0,0,0,0,0,0
105,591918370,29530,0,0,0,0,66773900,66874950,2613,0,0,0,0,30852,0,5,0,0,0,0,0,0
106,8814317,29531,0,0,0,0,66940000,67041100,2728,0,0,0,0,30852,0,5,0,0,0,0,0,0
107,2340504196,29532,0,0,0,0,66612100,66714850,1329,0,0,0,0,30852,0,5,0,0,0,0,0,0
108,3523076009,29533,0,0,0,0,66768250,66878300,2616,0,0,0,0,30852,0,5,0,0,0,0,0,0
109,1961669028,29534,0,0,0,0,66768700,66874800,2683,0,0,0,0,30852,0,5,0,0,0,0,0,0
110,1037581603,29535,0,0,0,0,66777550,66878400,2798,0,0,0,0,30852,0,5,0,0,0,0,0,0
111,2701024588,29536,0,0,0,0,66772300,66874750,2093,0,0,0,0,30852,0,5,0,0,0,0,0,0
112,215037203,29537,0,0,0,0,66774050,66878500,2668,0,0,0,0,30852,0,5,0,0,0,0,0,0
113,3696282862,29538,0,0,0,0,66801750,66902900,2589,0,0,0,0,30852,0,5,0,0,0,0,0,0
114,2829142928,29539,0,0,0,0,66751350,66852500,2697,0,0,0,0,30852,0,5,0,0,0,0,0,0
115,3204762949,29540,0,0,0,0,66775600,66878400,2639,0,0,0,0,30852,0,5,0,0,0,0,0,0
116,3297489190,29541,0,0,0,0,66774750,66877400,2680,0,0,0,0,30852,0,5,0,0,0,0,0,0
117,1691704917,29542,0,0,0,0,66772550,66875000,2795,0,0,0,0,30852,0,5,0,0,0,0,0,0
118,663957814,29543,0,0,0,0,66773700,66875200,2573,0,0,0,0,30852,0,5,0,0,0,0,0,0
119,3058583827,29544,0,0,0,0,66776050,66880000,2317,0,0,0,0,30852,0,5,0,0,0,0,0,0
120,838545270,29545,0,0,0,0,66770750,66876150,2613,0,0,0,0,30852,0,5,0,0,0,0,0,0
121,3608912039,29546,0,0,0,0,66070750,66876250,2368,0,0,0,0,30852,0,5,0,0,0,0,0,0
122,4080159716,29547,0,0,0,0,66776000,66877500,2729,0,0,0,0,30852,0,5,0,0,0,0,0,0
123,1056027075,29548,0,0,0,0,66774100,66876800,1169,0,0,0,0,30852,0,5,0,0,0,0,0,0
124,4057021248,29549,0,0,0,0,67279250,67385200,2603,0,0,0,0,31172,0,5,0,0,0,0,0,0
125,2686741161,29550,0,0,0,0,66270350,66371350,2584,0,0,0,0,31172,0,5,0,0,0,0,0,0
126,3870849660,29551,0,0,0,0,66774150,66875400,2389,0,0,0,0,31172,0,5,0,0,0,0,0,0
127,293449641,29552,0,0,0,0,66767200,66876450,2571,0,0,0,0,30852,0,5,0,0,0,0,0,0
128,596064266,29553,0,0,0,0,66776350,66879150,2744,0,0,0,0,30852,0,5,0,0,0,0,0,0
129,3715495249,29554,0,0,0,0,66773800,66875000,2723,0,0,0,0,30852,0,5,0,0,0,0,0,0
130,244680018,29555,0,0,0,0,66776100,66877200,2616,0,0,0,0,30852,0,5,0,0,0,0,0,0
131,4080661783,29556,0,0,0,0,67144400,67247250,2677,0,0,0,0,30852,0,5,0,0,0,0,0,0
132,4006730450,29557,0,0,0,0,66406900,66509550,2680,0,0,0,0,30852,0,5,0,0,0,0,0,0
133,3864584507,29558,0,0,0,0,66774300,66876200,2647,0,0,0,0,30852,0,5,0,0,0,0,0,0
134,2711027320,29559,0,0,0,0,66775950,66876900,2227,0,0,0,0,30852,0,5,0,0,0,0,0,0
135,4099079087,29560,0,0,0,0,66773200,66876150,2751,0,0,0,0,30852,0,5,0,0,0,0,0,0
136,565333772,29561,0,0,0,0,66773000,66875950,2665,0,0,0,0,30852,0,5,0,0,0,0,0,0
137,1028518269,29562,0,0,0,0,66772950,66879950,2690,0,0,0,0,30852,0,5,0,0,0,0,0,0
138,2252688136,29563,0,0,0,0,67001400,67102400,1095,0,0,0,0,30852,0,5,0,0,0,0,0,0
139,578597309,29564,0,0,0,0,66547300,66651400,2614,0,0,0,0,30852,0,5,0,0,0,0,0,0
140,3624439358,29565,0,0,0,0,66770150,66876650,2705,0,0,0,0,30852,0,5,0,0,0,0,0,0
141,3514067501,29566,0,0,0,0,66775300,66876350,2705,0,0,0,0,30852,0,5,0,0,0,0,0,0
142,2741972910,29567,0,0,0,0,66773800,66875050,2411,0,0,0,0,30852,0,5,0,0,0,0,0,0
143,28497579,29568,0,0,0,0,66773700,66878350,2608,0,0,0,0,30852,0,5,0,0,0,0,0,0
144,466729326,29569,0,0,0,0,66069700,66878900,2438,0,0,0,0,30852,0,5,0,0,0,0,0,0
145,3425349295,29570,0,0,0,0,66859450,66962650,2612,0,0,0,0,30852,0,5,0,0,0,0,0,0
146,1537640620,29571,0,0,0,0,66690900,66792000,2688,0,0,0,0,30852,0,5,0,0,0,0,0,0
147,1853842891,29572,0,0,0,0,66772950,66875850,2710,0,0,0,0,30852,0,5,0,0,0,0,0,0
148,1177024904,29573,0,0,0,0,66774150,66878400,2551,0,0,0,0,31172,0,5,0,0,0,0,0,0
149,4106734849,29574,0,0,0,0,66775600,66876950,2150,0,0,0,0,31172,0,5,0,0,0,0,0,0
150,2025356500,29575,0,0,0,0,66366600,66876100,2634,0,0,0,0,31172,0,5,0,0,0,0,0,0
151,2189605121,29576,0,0,0,0,66775750,66878200,2692,0,0,0,0,30852,0,5,0,0,0,0,0,0
152,4086136290,29577,0,0,0,0,66773850,66876700,2114,0,0,0,0,30852,0,5,0,0,0,0,0,0
153,4036669705,29578,0,0,0,0,66778450,66879150,1235,0,0,0,0,30852,0,5,0,0,0,0,0,0
154,4167980074,29579,0,0,0,0,66774550,66874750,2744,0,0,0,0,30852,0,5,0,0,0,0,0,0
155,51187407,29580,0,0,0,0,66775900,66878650,2591,0,0,0,0,30852,0,5,0,0,0,0,0,0
156,2242638442,29581,0,0,0,0,67072600,67175450,2716,0,0,0,0,30852,0,5,0,0,0,0,0,0
157,2730108163,29582,0,0,0,0,66475550,66576900,2179,0,0,0,0,30852,0,5,0,0,0,0,0,0
158,2718743917,29583,0,0,0,0,66777800,66878900,2656,0,0,0,0,30852,0,5,0,0,0,0,0,0
159,3391709842,29584,0,0,0,0,66771400,66874850,2636,0,0,0,0,30852,0,5,0,0,0,0,0,0
160,1164604273,29585,0,0,0,0,66777250,66880800,2762,0,0,0,0,30852,0,5,0,0,0,0,0,0
161,2148591176,29586,0,0,0,0,66772450,66875100,2640,0,0,0,0,30852,0,5,0,0,0,0,0,0
162,4192737573,29587,0,0,0,0,66774500,66876000,2704,0,0,0,0,30852,0,5,0,0,0,0,0,0
163,535584840,29588,0,0,0,0,66941000,67043700,2630,0,0,0,0,30852,0,5,0,0,0,0,0,0
164,3430794475,29589,0,0,0,0,66607350,66709750,2653,0,0,0,0,30852,0,5,0,0,0,0,0,0
165,776323552,29590,0,0,0,0,66768850,66875650,2215,0,0,0,0,30852,0,5,0,0,0,0,0,0
166,3330991427,29591,0,0,0,0,66779600,66882000,2639,0,0,0,0,30852,0,5,0,0,0,0,0,0
167,3282074430,29592,0,0,0,0,66770050,66874050,2723,0,0,0,0,30852,0,5,0,0,0,0,0,0
168,2597814595,29593,0,0,0,0,66768550,66878950,2578,0,0,0,0,30852,0,5,0,0,0,0,0,0
169,2225601370,29594,0,0,0,0,66771350,66876450,1337,0,0,0,0,30852,0,5,0,0,0,0,0,0
170,3716853465,29595,0,0,0,0,66787300,66890200,2599,0,0,0,0,30852,0,5,0,0,0,0,0,0
171,1080675697,29596,0,0,0,0,66757200,66863200,2738,0,0,0,0,30212,0,5,0,0,0,0,0,0
172,219920238,29597,0,0,0,0,66775300,66877950,2495,0,0,0,0,30212,0,5,0,0,0,0,0,0
173,3070385651,29598,0,0,0,0,66768450,66876050,2782,0,0,0,0,30212,0,5,0,0,0,0,0,0
174,2609556270,29599,0,0,0,0,66779950,66881100,2811,0,0,0,0,30212,0,5,0,0,0,0,0,0
175,141401383,29600,0,0,0,0,66773550,66876550,2858,0,0,0,0,30212,0,5,0,0,0,0,0,0
176,3034105280,29601,0,0,0,0,66771500,66874800,2840,0,0,0,0,30212,0,5,0,0,0,0,0,0
177,3029196371,29602,0,0,0,0,66779100,66880150,2618,0,0,0,0,30212,0,5,0,0,0,0,0,0
178,699378668,29603,0,0,0,0,66774900,66876750,2963,0,0,0,0,30212,0,5,0,0,0,0,0,0
179,2402609405,29604,0,0,0,0,66774900,66877450,2816,0,0,0,0,30212,0,5,0,0,0,0,0,0
CSV_END

STUDY_DONE_8da3db07dbcb=0
# 