/tmp/app-lto --transport apb --state-frame 1800 --frames 180 --warmup 30 --wait spin --profile detailed --csv /tmp/transport-frames.csv && printf "CSV_BEGIN\n" && cat /tmp/transport-frames.csv && printf "CSV_END\n"; study_status=$?; printf "\nSTUDY_DONE_aa427293ed66=%s\n" "$study_status"
TRANSPORT mode=apb dma_minimum=64
BEGIN_BREAKOUT frames=180 warmup=30 fixed=0 blocks=40 tiles=1 hud=1 wait=spin replay=0 state_frame=1800 profile=detailed pixel_centers=1 clock_call_ns=4978
HW_COUNTERS unavailable
RESULT frames=180 elapsed_s=9.111978200 fps=19.754218 logic_ms=0.897412 api_ms=12.072709 swap_ms=29.932943 wait_ms=7.566385 worker_inclusive_ms=29.730256 upload_inclusive_ms=6.535682 write_ms=6.283648 bytes_per_frame=24140.89 p50_ms=50.158050 p95_ms=50.491550 max_ms=66.878450 late_60hz=180 first_count=11425 last_count=11604 state_hash=1022e19f remaining=21 score=190
RENDER_PATH retained=0 grouped=0 quads=10250 full_frames=180
BREAKOUT_PASS
CSV_BEGIN
frame,state_hash,display_count,logic_ns,api_ns,swap_ns,wait_ns,total_ns,completion_interval_ns,polls,worker_inclusive_ns,upload_inclusive_ns,write_ns,read_ns,write_bytes,read_bytes,write_calls,read_calls,dma_copy_ns,dma_launch_ns,dma_completion_wait_ns,dma_bytes,dma_lists
0,2110160739,11425,801850,12121850,30346750,7031250,50301700,50313300,1323,30156050,6941400,6753400,0,24452,0,5,0,0,0,0,0,0
1,1693181783,11426,789350,12234750,29497150,7339200,49860450,49970600,1344,29319350,5998900,5821250,0,24452,0,5,0,0,0,0,0,0
2,802378003,11427,781800,12102400,30271450,6890250,50045900,50157200,1236,30097850,6806000,6612550,0,24452,0,5,0,0,0,0,0,0
3,773631361,11428,792350,12236550,29753800,7267400,50050100,50161700,1329,29582050,6211750,6004600,0,24452,0,5,0,0,0,0,0,0
4,3600043099,11429,792950,12060350,37802400,16108550,66764250,66874450,3117,37624250,6738050,6535800,0,24452,0,5,0,0,0,0,0,0
5,1618316913,11430,829300,12281200,30096450,6095350,49302300,50157950,1206,29907600,6423000,6217600,0,24452,0,5,0,0,0,0,0,0
6,201713393,11431,1307150,12145300,30086700,6514150,50053300,50160550,1195,29895550,6149950,5957800,0,24452,0,5,0,0,0,0,0,0
7,2011502881,11432,797600,12173300,30325050,7120650,50416600,50525200,1346,30136900,6915000,6725050,0,24452,0,5,0,0,0,0,0,0
8,3125474025,11433,799050,12213800,29645100,7020400,49678350,49787150,1303,29467200,6139250,5965850,0,24452,0,5,0,0,0,0,0,0
9,1342287211,11434,788800,12106550,31662300,5549550,50107200,50212700,986,31472650,5951950,5769850,0,24452,0,5,0,0,0,0,0,0
10,3857196809,11435,793700,12216450,29745500,7242750,49998400,50104700,1300,29554700,6264050,6082650,0,24452,0,5,0,0,0,0,0,0
11,2240049260,11436,801650,11975250,29919400,7352450,50048750,50156100,1359,29730450,6597300,6399500,0,24132,0,5,0,0,0,0,0,0
12,1815897908,11437,788250,12064100,29004200,8194850,50051400,50158850,1537,28825700,5751350,5570650,0,24132,0,5,0,0,0,0,0,0
13,648884648,11438,781750,11890600,29748900,7629000,50050250,50158400,1426,29555350,6468300,6265550,0,24132,0,5,0,0,0,0,0,0
14,2931991803,11439,774650,12065450,29515800,7694200,50050100,50157100,1392,29334650,6161750,5977700,0,24132,0,5,0,0,0,0,0,0
15,4227589206,11440,1587050,11944800,28828600,7688250,50048700,50159450,1469,28653650,6342300,6134450,0,24132,0,5,0,0,0,0,0,0
16,1986714807,11441,786200,12171800,29407550,7682600,50048150,50155050,1447,29224550,6205800,6012600,0,24132,0,5,0,0,0,0,0,0
17,28333542,11442,1373050,12199150,28716350,7764100,50052650,50158000,1481,28535200,6210100,6010150,0,24132,0,5,0,0,0,0,0,0
18,842458438,11443,788700,12175050,29922100,7169050,50054900,50160850,1450,29174800,6205300,6016200,0,24132,0,5,0,0,0,0,0,0
19,4035787358,11444,1282800,12544450,31585150,4637600,50050000,50158100,895,31401900,6729550,6516800,0,24132,0,5,0,0,0,0,0,0
20,3966921526,11445,797750,12155600,31630050,5772300,50355700,50462850,1045,31428700,5743000,5554900,0,24132,0,5,0,0,0,0,0,0
21,3331783808,11446,790150,12215450,28828750,7911050,49745400,49851100,1502,28635850,6360950,6150350,0,24132,0,5,0,0,0,0,0,0
22,1855912102,11447,788100,11909700,30108100,7245650,50051550,50159600,1374,29923150,6735450,6540900,0,24132,0,5,0,0,0,0,0,0
23,3437663592,11448,787550,12346950,29169550,7745450,50049500,50156900,1465,28991950,5785350,5602900,0,24132,0,5,0,0,0,0,0,0
24,3162062844,11449,786050,11922300,38077550,15983650,66769550,66876700,3093,37894300,14102800,11632550,0,24132,0,5,0,0,0,0,0,0
25,1213835568,11450,788850,12190150,29341950,7723350,50044300,50157000,1455,29160300,6199750,6002200,0,24132,0,5,0,0,0,0,0,0
26,4133797692,11451,1325150,12116600,28671050,7939450,50052250,50159400,1520,28476600,6223600,6032550,0,24132,0,5,0,0,0,0,0,0
27,256876650,11452,785250,12490200,29875650,6896200,50047300,50157450,1382,29688350,6683800,6473900,0,24452,0,5,0,0,0,0,0,0
28,482917404,11453,829900,12271900,29488650,6222900,48813350,50158800,1133,29302800,6202900,6012650,0,24452,0,5,0,0,0,0,0,0
29,1264633954,11454,790600,12120700,30878150,6425450,50214900,50323400,1188,30690950,6183150,5964750,0,24132,0,5,0,0,0,0,0,0
30,3606135978,11455,796250,12176250,28872650,8040400,49885550,49991000,1533,28678900,6439250,6232900,0,24132,0,5,0,0,0,0,0,0
31,2630115922,11456,793700,12240200,29817300,7196750,50047950,50155950,1366,29638700,6526000,6322600,0,24132,0,5,0,0,0,0,0,0
32,3881483034,11457,789350,12052550,29052600,8155900,50050400,50159600,1555,28874750,6473100,5528900,0,24132,0,5,0,0,0,0,0,0
33,2944919204,11458,794650,11895300,29853000,7505300,50048250,50155950,1432,29672100,6527900,6325400,0,24132,0,5,0,0,0,0,0,0
34,646532490,11459,789550,12008750,29084000,8168800,50051100,50158550,1558,28900950,5792650,5618250,0,24132,0,5,0,0,0,0,0,0
35,2877853796,11460,790950,11791950,29889050,7577100,50049050,50159600,1447,29710450,6282700,6087950,0,24132,0,5,0,0,0,0,0,0
36,1922367648,11461,781550,11997350,29634650,7633250,50046800,50155700,1440,29446700,6158000,5971650,0,24132,0,5,0,0,0,0,0,0
37,1795563108,11462,1400800,11943150,28776150,7934000,50054100,50161650,1523,28598600,6171100,5972200,0,24132,0,5,0,0,0,0,0,0
38,214631552,11463,788950,12042850,29441950,7772900,50046650,50153800,1467,29265550,6156900,5965250,0,24132,0,5,0,0,0,0,0,0
39,1929726190,11464,1304000,12021800,32252650,4473200,50051650,50161900,860,32072100,6546550,6346450,0,24132,0,5,0,0,0,0,0,0
40,1190506064,11465,800350,11948150,29942750,7353550,50044800,50156250,1491,29208550,6090600,5897300,0,24132,0,5,0,0,0,0,0,0
41,3268351150,11466,788450,12032900,29004350,7820850,49646550,50157600,1486,28823000,6438300,6223750,0,24132,0,5,0,0,0,0,0,0
42,118037070,11467,792400,11932700,29919900,7522850,50167850,50275400,1440,29732950,6634250,6435700,0,24132,0,5,0,0,0,0,0,0
43,1955195062,11468,792150,12057550,29402300,7678050,49930050,50040250,1450,29220350,6668300,5565750,0,24132,0,5,0,0,0,0,0,0
44,1797432467,11469,791750,11913250,35953150,1464000,50122150,50231300,171,35765600,12838150,12590250,0,24132,0,5,0,0,0,0,0,0
45,1035442557,11470,796400,12065400,29114350,7994700,49970850,50083450,1513,28923250,5884350,5684750,0,24132,0,5,0,0,0,0,0,0
46,2267612867,11471,792250,11860700,30016850,7380500,50050300,50159200,1398,29834100,6820850,6628900,0,24132,0,5,0,0,0,0,0,0
47,1217717069,11472,789150,12038600,29571350,7648200,50047300,50158100,1388,29391900,6254950,5099600,0,24132,0,5,0,0,0,0,0,0
48,1461268009,11473,788550,11773250,29642300,7840050,50044150,50156850,1467,29462650,6520100,6330250,0,24132,0,5,0,0,0,0,0,0
49,2370304197,11474,783000,12041350,29478750,7745050,50048150,50157950,1120,29301800,6157600,5958200,0,24132,0,5,0,0,0,0,0,0
50,655561417,11475,1564150,12024250,28589000,7855300,50032700,50158300,1476,28405500,6178750,5966700,0,24132,0,5,0,0,0,0,0,0
51,524675839,11476,831900,12115000,29966100,6398400,49311400,50158050,1216,29779250,6687850,6474450,0,24452,0,5,0,0,0,0,0,0
52,1155835041,11477,1512550,12023250,28650550,7853800,50040150,50157550,1494,28465250,6246000,6039300,0,24452,0,5,0,0,0,0,0,0
53,214853719,11478,788750,12151150,29770850,7709900,50420650,50528100,1483,29590950,6596800,6398500,0,24132,0,5,0,0,0,0,0,0
54,3035389575,11479,787400,12198300,28592800,8093400,49671900,49787100,1546,28416650,6161950,5958150,0,24132,0,5,0,0,0,0,0,0
55,1549109231,11480,791300,12099100,29753700,7466400,50110500,50219600,1429,29571650,6607950,6405100,0,24132,0,5,0,0,0,0,0,0
56,66132623,11481,787700,12548400,28890050,7757900,49984050,50095500,1471,28710700,5738550,5553150,0,24132,0,5,0,0,0,0,0,0
57,3504604473,11482,783150,12170800,29747800,7347800,50049550,50158100,1399,29556350,6522800,6315900,0,24132,0,5,0,0,0,0,0,0
58,1691498415,11483,788650,12215200,28802000,8246300,50052150,50159650,1578,28622700,5698900,5504950,0,24132,0,5,0,0,0,0,0,0
59,4055346753,11484,787200,11892850,29770750,7595950,50046750,50157450,1453,29587400,6522250,6319550,0,24132,0,5,0,0,0,0,0,0
60,4185240021,11485,786500,13873500,29703650,5683700,50047350,50156100,1119,29513450,6397750,6191050,0,24132,0,5,0,0,0,0,0,0
61,380494641,11486,1385550,11180250,29587350,7895500,50048650,50157400,1516,29393500,6311000,6118750,0,24132,0,5,0,0,0,0,0,0
62,648826037,11487,782750,12025700,29644750,7599300,50052500,50160300,1430,29463700,6147150,5952500,0,24132,0,5,0,0,0,0,0,0
63,457329003,11488,1369150,12050100,28762750,7863150,50045150,50156600,1509,28588150,6158250,5960350,0,24132,0,5,0,0,0,0,0,0
64,3359035981,11489,795800,12021400,30239700,6990550,50047450,50156700,1407,30058050,6589100,6389050,0,24132,0,5,0,0,0,0,0,0
65,1526400123,11490,1275550,18218050,30081000,471000,50045600,50158800,94,29892800,6385250,6184750,0,24132,0,5,0,0,0,0,0,0
66,1691524227,11491,796950,12028450,29895400,7664250,50385050,50485950,1472,29708450,6607450,6409800,0,24132,0,5,0,0,0,0,0,0
67,1475349003,11492,791550,12050100,28956650,7920350,49718650,49828700,1509,28765500,6305200,6093250,0,24132,0,5,0,0,0,0,0,0
68,485644907,11493,788950,11973850,30212400,7093150,50068350,50178550,1344,30030950,6521900,6329750,0,24132,0,5,0,0,0,0,0,0
69,1050479637,11494,785050,12046550,28743800,8452750,50028150,50139450,1622,28558050,6152250,5935600,0,24132,0,5,0,0,0,0,0,0
70,3204525547,11495,790600,11931350,31142000,6187250,50051200,50158700,1133,30966950,6430950,5489050,0,24132,0,5,0,0,0,0,0,0
71,4185398997,11496,792500,12068800,29046550,8137650,50045500,50155800,1551,28855550,5727500,5526900,0,24132,0,5,0,0,0,0,0,0
72,3094072225,11497,789100,11839850,29977500,7440100,50046550,50156600,1413,29804150,6539850,6343150,0,24132,0,5,0,0,0,0,0,0
73,1835371693,11498,791300,12031600,29343100,7882800,50048800,50159100,1488,29158400,6124900,5949000,0,24132,0,5,0,0,0,0,0,0
74,2168771505,11499,1411350,11224600,29597050,7815400,50048400,50157300,1490,29424400,6549500,6359250,0,24132,0,5,0,0,0,0,0,0
75,4059398759,11500,827750,12109700,29984200,6394050,49315700,50160400,1271,29794100,6813550,6615600,0,24452,0,5,0,0,0,0,0,0
76,644479865,11501,1374650,11981450,29034100,7652600,50042800,50154900,1398,28856150,6550750,6363950,0,24452,0,5,0,0,0,0,0,0
77,1914197423,11502,796250,12069400,29299250,7887700,50052600,50160250,1464,29121650,6196200,5991600,0,24132,0,5,0,0,0,0,0,0
78,430804047,11503,1295350,12004450,28657250,8091350,50048400,50157050,1524,28469150,6210550,6013550,0,24132,0,5,0,0,0,0,0,0
79,3866048775,11504,786650,12019400,29840000,7808350,50454400,50564950,1475,29657850,6658200,6459300,0,24132,0,5,0,0,0,0,0,0
80,7140231,11505,792850,12036550,31543300,5268650,49641350,49753150,975,31362050,6676600,6476100,0,24132,0,5,0,0,0,0,0,0
81,1511961547,11506,796200,12092900,29884500,7270950,50044550,50155650,1382,29692200,6741950,6544700,0,24132,0,5,0,0,0,0,0,0
82,376629139,11507,790200,12203200,28636750,8419550,50049700,50157150,1612,28454500,6224200,6016900,0,24132,0,5,0,0,0,0,0,0
83,1861594235,11508,792800,12107100,29746950,7403200,50050050,50160350,1411,29564050,6597400,6391500,0,24132,0,5,0,0,0,0,0,0
84,1702339483,11509,793650,12180150,28972950,8098950,50045700,50154400,1543,28794300,5801250,5620600,0,24132,0,5,0,0,0,0,0,0
85,966101579,11510,790800,13001350,36661450,16315700,66769300,66878450,3131,36487650,6755850,6550900,0,24132,0,5,0,0,0,0,0,0
86,2786182811,11511,801750,11986300,29905950,7357750,50051750,50159700,1462,29153250,6191300,5994900,0,24132,0,5,0,0,0,0,0,0
87,3655782539,11512,785500,12013900,28677850,8132350,49609600,50154100,1530,28500000,6230550,6025050,0,24132,0,5,0,0,0,0,0,0
88,3735461922,11513,792450,11918800,29812250,7906350,50429850,50540500,1415,29637100,6662350,6465100,0,24132,0,5,0,0,0,0,0,0
89,270833838,11514,783950,12054800,28810450,8011300,49660500,49775600,1526,28624950,6375850,6152700,0,24132,0,5,0,0,0,0,0,0
90,930095294,11515,785750,12057450,31550700,5660950,50054850,50161700,1017,31361600,5820600,5647350,0,24132,0,5,0,0,0,0,0,0
91,1273808962,11516,789750,12174000,28812700,8269000,50045450,50155350,1581,28618450,6382000,4866450,0,24132,0,5,0,0,0,0,0,0
92,1953673858,11517,785200,12045250,29706900,7509450,50046800,50158150,1432,29520850,6597450,6402650,0,24132,0,5,0,0,0,0,0,0
93,4057475070,11518,784650,12516450,29440250,7308550,50049900,50158400,1369,29256600,6203950,6010000,0,24132,0,5,0,0,0,0,0,0
94,3372198854,11519,785550,11893600,29607950,7763350,50050450,50157500,1485,29425800,6469650,6277950,0,24132,0,5,0,0,0,0,0,0
95,2335202154,11520,784100,12134500,29502900,7628150,50049650,50159700,1437,29320150,6195100,6003500,0,24132,0,5,0,0,0,0,0,0
96,2170853250,11521,1389800,12003400,28819900,7832100,50045200,50155200,1499,28639450,6379600,6189250,0,24132,0,5,0,0,0,0,0,0
97,1829955022,11522,786750,12321700,29956800,6983650,50048900,50157150,1405,29778100,6676350,6473650,0,24132,0,5,0,0,0,0,0,0
98,1856045454,11523,834700,12079350,29699500,6098150,48711700,50157850,1107,29506150,6199300,6009400,0,24132,0,5,0,0,0,0,0,0
99,2544683154,11524,785850,11965850,31670300,5627000,50049000,50158950,1092,31480200,6370550,6149100,0,24452,0,5,0,0,0,0,0,0
100,1531444578,11525,783950,12021800,31964650,4892600,49663000,50156100,948,31770400,6746300,6548300,0,24452,0,5,0,0,0,0,0,0
101,1139277022,11526,790800,11962250,30371600,7010250,50134900,50242300,1327,30177000,6694300,6498900,0,24132,0,5,0,0,0,0,0,0
102,2614530982,11527,783200,12034750,28729550,8418800,49966300,50073950,1612,28548750,6202050,5992550,0,24132,0,5,0,0,0,0,0,0
103,464765994,11528,779850,11957450,30006650,7305900,50049850,50159850,1389,29818200,6680750,6477000,0,24132,0,5,0,0,0,0,0,0
104,1592019490,11529,777950,12051700,28997050,8222150,50048850,50157550,1572,28812850,5696450,5508050,0,24132,0,5,0,0,0,0,0,0
105,66207950,11530,779550,11862350,38070000,16057550,66769450,66876750,3112,37884550,13827500,13521850,0,24132,0,5,0,0,0,0,0,0
106,2639428798,11531,787200,11977450,29373900,7909750,50048300,50159250,1495,29197150,6137650,5937150,0,24132,0,5,0,0,0,0,0,0
107,1495915330,11532,1271000,12029250,28750700,7997500,50048450,50157300,1527,28570050,6189900,5977050,0,24132,0,5,0,0,0,0,0,0
108,4079891938,11533,781750,12002400,29874050,7649550,50307750,50416600,1468,29689150,6611700,6412600,0,24132,0,5,0,0,0,0,0,0
109,1204987230,11534,782200,12038100,29424950,7545100,49790350,49898950,1423,29241700,5733750,5550700,0,24132,0,5,0,0,0,0,0,0
110,949029318,11535,778100,11890700,30927000,6454250,50050050,50159400,1192,30741100,6174750,5957950,0,24132,0,5,0,0,0,0,0,0
111,2727127274,11536,778600,12012250,28739800,8512450,50043100,50155000,1635,28543350,6184900,5974450,0,24132,0,5,0,0,0,0,0,0
112,2443393666,11537,786100,11908800,29895100,7458800,50048800,50158100,1423,29713500,6669550,6471950,0,24132,0,5,0,0,0,0,0,0
113,434260526,11538,779000,12022900,29947250,7301150,50050300,50157400,1368,29768550,6141800,5948150,0,24132,0,5,0,0,0,0,0,0
114,2637634158,11539,778500,11757800,29804850,7708650,50049800,50158450,1475,29616300,6516700,6325600,0,24132,0,5,0,0,0,0,0,0
115,4248248050,11540,778700,11976500,29595800,7694850,50045850,50157400,1452,29414500,6131350,5940350,0,24132,0,5,0,0,0,0,0,0
116,663154818,11541,1396250,11192050,29514700,7945400,50048400,50158850,1526,28646900,6305100,6117050,0,24132,0,5,0,0,0,0,0,0
117,1461428606,11542,782400,11980850,30378500,6907650,50049400,50158500,1388,30209750,6094400,5897200,0,24132,0,5,0,0,0,0,0,0
118,3252362022,11543,1327600,11946300,28780450,7992450,50046800,50159100,1532,28590550,6377400,6194800,0,24132,0,5,0,0,0,0,0,0
119,2423015338,11544,778450,11991500,29352950,7920300,50043200,50157600,1491,29169800,6273500,6080100,0,24132,0,5,0,0,0,0,0,0
120,507309730,11545,1272250,12022850,31593700,5153500,50042300,50156300,1008,31410350,6783100,6578200,0,24132,0,5,0,0,0,0,0,0
121,2882991293,11546,821400,12055950,33692750,3035900,49606000,50453650,547,33504800,6618250,6407300,0,24132,0,5,0,0,0,0,0,0
122,3682963569,11547,779300,12053550,28647100,8272650,49752600,49861600,1546,28448250,6192100,5986450,0,24132,0,5,0,0,0,0,0,0
123,1404881069,11548,775050,11944100,29860250,7468550,50047950,50158850,1388,29678000,6652700,5648400,0,24452,0,5,0,0,0,0,0,0
124,624513273,11549,783100,12061800,28907850,8294150,50046900,50158200,1555,28726550,6375300,6162550,0,24452,0,5,0,0,0,0,0,0
125,484090933,11550,778450,11944050,37522700,16520650,66765850,66875850,3215,37335650,14324000,14063300,0,24132,0,5,0,0,0,0,0,0
126,2330053545,11551,801150,12051300,29462650,7727100,50042200,50157650,1453,29276550,6150800,5942750,0,24132,0,5,0,0,0,0,0,0
127,3891445269,11552,1298150,11997450,28722550,8034050,50052200,50160700,1539,28544400,6161750,5958950,0,24132,0,5,0,0,0,0,0,0
128,1947616753,11553,774750,12017800,29871200,7386250,50050000,50157700,1495,29130500,6096350,5904350,0,24132,0,5,0,0,0,0,0,0
129,965975981,11554,773650,12031450,29340650,7526000,49671750,50157050,1417,29162600,6981950,6765200,0,24132,0,5,0,0,0,0,0,0
130,2786931617,11555,782250,11942800,31022450,6376700,50124200,50230450,1173,30829350,6343250,6128850,0,24132,0,5,0,0,0,0,0,0
131,4011087213,11556,779050,12069550,28725700,8402700,49977000,50084450,1605,28532250,6316450,6111200,0,24132,0,5,0,0,0,0,0,0
132,3703868376,11557,776750,11942200,29840250,7490100,50049300,50156750,1422,29658100,6777100,6589950,0,24132,0,5,0,0,0,0,0,0
133,212089708,11558,781200,12067200,28743600,8455750,50047750,50156850,1499,28558750,6348950,6135850,0,24132,0,5,0,0,0,0,0,0
134,737348112,11559,779850,11849000,29793300,7624000,50046150,50157500,1423,29605650,6682600,6486400,0,24132,0,5,0,0,0,0,0,0
135,1465149204,11560,778050,12026250,29161650,8083250,50049200,50160250,1501,28978400,5929700,5757400,0,24132,0,5,0,0,0,0,0,0
136,3549792448,11561,779450,11774300,29617200,7879600,50050550,50158550,1483,29433550,6525500,6334300,0,24132,0,5,0,0,0,0,0,0
137,3053421220,11562,772700,12054750,29488100,7734450,50050000,50158200,1459,29301750,6156750,5966050,0,24132,0,5,0,0,0,0,0,0
138,904563048,11563,1775300,12035650,28515250,7722250,50048450,50155700,1465,28325200,6153800,5366300,0,24132,0,5,0,0,0,0,0,0
139,1363341148,11564,777400,12146550,29268600,7856200,50048750,50159600,1483,29077900,6139150,5944150,0,24132,0,5,0,0,0,0,0,0
140,3357813192,11565,1278550,12176750,31463600,5130600,50049500,50158400,1006,31294800,9137150,8236200,0,24132,0,5,0,0,0,0,0,0
141,1376589724,11566,780400,12153350,29737550,7708450,50379750,50491550,1483,29543950,6610250,6415100,0,24132,0,5,0,0,0,0,0,0
142,2806738240,11567,783600,12527200,28974350,7427750,49712900,49822750,1400,28782250,5782800,5602800,0,24132,0,5,0,0,0,0,0,0
143,1863420068,11568,781050,12056600,29804700,7418850,50061200,50172300,1416,29618900,6607200,6403300,0,24132,0,5,0,0,0,0,0,0
144,2368389248,11569,821950,12266800,29361100,6859550,49309400,50145400,1275,29178950,6153250,5963900,0,24132,0,5,0,0,0,0,0,0
145,3624800580,11570,783900,11944800,32527900,5048500,50305100,50417200,202,32341350,9184350,8965350,0,24132,0,5,0,0,0,0,0,0
146,2708332264,11571,817700,12116700,29981200,6857300,49772900,49898300,1267,29801000,6147700,5954050,0,24132,0,5,0,0,0,0,0,0
147,3643166428,11572,781550,11848350,29809400,7609650,50048950,50157850,1454,29622500,6450850,6248550,0,24452,0,5,0,0,0,0,0,0
148,1604903896,11573,780450,12043350,29723200,7498300,50045300,50154000,1410,29535650,6202050,6018250,0,24452,0,5,0,0,0,0,0,0
149,499105388,11574,1395400,11213950,29578950,7862050,50050350,50159100,1506,29397800,6338700,6130500,0,24132,0,5,0,0,0,0,0,0
150,3393190256,11575,775850,12004300,30449850,6820950,50050950,50158350,1275,30275050,6665800,6471450,0,24132,0,5,0,0,0,0,0,0
151,1752164884,11576,2382550,12062300,29675500,5926300,50046650,50157250,1071,29500300,6213000,6010900,0,24132,0,5,0,0,0,0,0,0
152,112950176,11577,793550,11980500,30069000,7207100,50050150,50159050,1458,29312050,6207250,6016350,0,24132,0,5,0,0,0,0,0,0
153,218377828,11578,1269550,12009650,28794400,7977400,50051000,50158100,1521,28607350,6205150,5993600,0,24132,0,5,0,0,0,0,0,0
154,1614877672,11579,778450,11993500,30445600,7110400,50327950,50435400,1347,30263450,6743450,6544250,0,24132,0,5,0,0,0,0,0,0
155,624660060,11580,782000,12066750,28759350,8163200,49771300,49880200,1548,28576850,6206400,5993700,0,24132,0,5,0,0,0,0,0,0
156,1646146728,11581,779600,11943950,29930300,7393050,50046900,50157050,1409,29761650,6687100,6487450,0,24132,0,5,0,0,0,0,0,0
157,2550301372,11582,781600,12047050,28941700,8277850,50048200,50159850,1585,28764250,6525500,6318000,0,24132,0,5,0,0,0,0,0,0
158,172327680,11583,781900,11916750,30068400,7278500,50045550,50154050,1380,29889450,6970550,6774300,0,24132,0,5,0,0,0,0,0,0
159,28774455,11584,792650,11891250,28345800,9019100,50048800,50158650,1748,28170800,6192400,5993050,0,23812,0,5,0,0,0,0,0,0
160,1278562831,11585,781200,11657300,29573000,8037350,50048850,50158900,1549,29393600,6744650,6550250,0,23812,0,5,0,0,0,0,0,0
161,1878041307,11586,781900,13408800,29621850,6234350,50046900,50158800,1241,29439900,6750700,6544400,0,23812,0,5,0,0,0,0,0,0
162,2842495315,11587,1418550,11048300,29508600,8069350,50044800,50155050,1437,29320500,6662650,6470150,0,23812,0,5,0,0,0,0,0,0
163,942955647,11588,777450,11874050,28607950,8783600,50043050,50159600,1659,28426950,5729150,5540500,0,23812,0,5,0,0,0,0,0,0
164,3104849743,11589,1323350,11769200,28593500,8360900,50046950,50158200,1586,28417200,6398700,6206300,0,23812,0,5,0,0,0,0,0,0
165,2914266731,11590,770100,11884800,28936900,8455400,50047200,50157100,1618,28764300,6110750,5918450,0,23812,0,5,0,0,0,0,0,0
166,4064468955,11591,1396900,12452300,35565200,632150,50046550,50155050,129,35382550,6423700,6213200,0,23812,0,5,0,0,0,0,0,0
167,3195515191,11592,785500,12376150,29424550,7694000,50280200,50386900,1480,29245350,6598650,6400850,0,23812,0,5,0,0,0,0,0,0
168,978211615,11593,786600,12034950,28329100,8667850,49818500,49934200,1681,28152700,6166400,5972700,0,24132,0,5,0,0,0,0,0,0
169,2835071531,11594,775300,11912800,29528000,7830800,50046900,50156500,1511,29358400,6614300,5885350,0,24132,0,5,0,0,0,0,0,0
170,2067386771,11595,781050,12045750,28327600,8895000,50049400,50158400,1728,28154400,6162750,5969000,0,24132,0,5,0,0,0,0,0,0
171,1313815599,11596,780650,12205050,30877250,6186050,50049000,50157750,1132,30694200,5674300,5503050,0,23812,0,5,0,0,0,0,0,0
172,2403178911,11597,781800,12011800,28325150,8929800,50048550,50157400,1722,28132800,6158550,5949400,0,23812,0,5,0,0,0,0,0,0
173,2922328731,11598,781700,11700650,29581500,7985150,50049000,50157000,1536,29406250,6605200,6410550,0,23812,0,5,0,0,0,0,0,0
174,984914827,11599,779750,11841800,28767250,8662100,50050900,50158050,1663,28589900,5698650,5523450,0,23812,0,5,0,0,0,0,0,0
175,3908989879,11600,1394450,11090000,29591250,7971150,50046850,50157100,1530,29420250,6254050,6054200,0,23812,0,5,0,0,0,0,0,0
176,3999582383,11601,775100,11837950,29233300,8205750,50052100,50161100,1562,29046300,6055500,5872250,0,23812,0,5,0,0,0,0,0,0
177,407226939,11602,1290450,11772250,28641100,8344750,50048550,50156950,1610,28463700,6357850,6164150,0,23812,0,5,0,0,0,0,0,0
178,1756548563,11603,781250,11848100,31073150,6347150,50049650,50157050,1263,30899250,6111950,5908850,0,23812,0,5,0,0,0,0,0,0
179,270721439,11604,1228700,11876000,28712100,8229200,50046000,50155400,1582,28525550,6109750,5905550,0,23812,0,5,0,0,0,0,0,0
CSV_END

STUDY_DONE_aa427293ed66=0
# 