/tmp/app-lto --transport unrolled --state-frame 0 --frames 180 --warmup 30 --wait spin --profile detailed --csv /tmp/transport-frames.csv --retained --dump /tmp/transport-frame.raw && printf "CSV_BEGIN\n" && cat /tmp/transport-frames.csv && printf "CSV_END\n"; study_status=$?; printf "\nSTUDY_DONE_d9c333e9b201=%s\n" "$study_status"
TRANSPORT mode=unrolled dma_minimum=64
BEGIN_BREAKOUT frames=180 warmup=30 fixed=0 blocks=40 tiles=1 hud=1 wait=spin replay=0 state_frame=0 profile=detailed pixel_centers=1 clock_call_ns=4754
HW_COUNTERS unavailable
RESULT frames=180 elapsed_s=3.093038400 fps=58.195204 logic_ms=1.031149 api_ms=2.704716 swap_ms=4.872116 wait_ms=8.425921 worker_inclusive_ms=4.665710 upload_inclusive_ms=1.475379 write_ms=1.292520 bytes_per_frame=3578.67 p50_ms=16.719300 p95_ms=17.099100 max_ms=33.439800 late_60hz=162 first_count=2429 last_count=2608 state_hash=8f34e8fd remaining=38 score=20
RENDER_PATH retained=1 grouped=0 quads=645 full_frames=0
FRAME_CHECK count=2608 address=9fe00000 fnv1a=79c99b23 pixels=307200 mismatches=0
BREAKOUT_PASS
CSV_BEGIN
frame,state_hash,display_count,logic_ns,api_ns,swap_ns,wait_ns,total_ns,completion_interval_ns,polls,worker_inclusive_ns,upload_inclusive_ns,write_ns,read_ns,write_bytes,read_bytes,write_calls,read_calls,dma_copy_ns,dma_launch_ns,dma_completion_wait_ns,dma_bytes,dma_lists
0,3724779174,2429,1383700,3170350,6040800,6428200,17023050,17032700,1186,5096100,2167550,1996950,0,4572,0,5,0,0,0,0,0,0
1,1709657109,2430,932300,3806800,5477600,6053400,16270100,16379150,1099,5301050,1672650,1513950,0,4252,0,5,0,0,0,0,0,0
2,1894904752,2431,866900,2243300,5002350,8496700,16609250,16718600,1648,3983950,1506000,1351400,0,3612,0,5,0,0,0,0,0,0
3,3703759967,2432,846900,3070300,5039900,7658850,16615950,16719500,1408,4874750,1475500,1319350,0,3612,0,5,0,0,0,0,0,0
4,19533624,2433,831400,3273100,5156150,7352850,16613500,16719200,1341,4993750,1470500,1319850,0,3612,0,5,0,0,0,0,0,0
5,816884773,2434,847350,2631650,3985350,9141400,16605750,16717150,1735,3822500,794000,642800,0,2972,0,5,0,0,0,0,0,0
6,1339236364,2435,1394900,2224150,5737100,7314100,16670250,16778700,1358,5561800,2230900,2071850,0,3612,0,5,0,0,0,0,0,0
7,3072959373,2436,839450,2217850,5433500,8061100,16551900,16659300,1555,5269600,1876250,1711200,0,3612,0,5,0,0,0,0,0,0
8,1782884746,2437,849150,1849100,3802850,10580300,17081400,17186200,473,3626350,794900,642200,0,2972,0,5,0,0,0,0,0,0
9,30296781,2438,850050,3134000,5483000,6655450,16122500,16252500,1153,5311550,1682900,1522500,0,4252,0,5,0,0,0,0,0,0
10,4026418858,2439,850600,2996750,5413050,7343150,16603550,16719450,1333,5232450,1690600,1531750,0,4252,0,5,0,0,0,0,0,0
11,2084929051,2440,1526950,1896100,4633850,8550200,16607100,16720600,1594,4469150,1462400,1304400,0,3612,0,5,0,0,0,0,0,0
12,3114489770,2441,852700,2223500,5434100,7695250,16205550,16719450,1444,5263450,1922750,1758850,0,3932,0,5,0,0,0,0,0,0
13,891400471,2442,845850,2211550,5276100,8280750,16614250,16720800,1600,5117600,1702900,1542150,0,3932,0,5,0,0,0,0,0,0
14,3472773456,2443,859050,2805250,3874100,8305300,15843700,16718300,1593,3694100,799850,637650,0,2972,0,5,0,0,0,0,0,0
15,3010688243,2444,848300,2946450,5211900,7608550,16615200,16717000,1402,5040100,1464700,1309000,0,3612,0,5,0,0,0,0,0,0
16,2819524756,2445,856900,3117100,4927450,7712000,16613450,16721600,1318,4761400,1469750,1319100,0,3612,0,5,0,0,0,0,0,0
17,3241678401,2446,1442450,1873300,3874150,9528250,16718150,16832200,1726,3714400,794550,638900,0,2972,0,5,0,0,0,0,0,0
18,2154316504,2447,854500,2235850,5358650,8046150,16495150,16606100,1550,5192550,1886350,1726600,0,3612,0,5,0,0,0,0,0,0
19,772262681,2448,845900,3250450,4688400,7828900,16613650,16719500,1491,4519800,2025550,1855500,0,3612,0,5,0,0,0,0,0,0
20,3882818750,2449,858950,2663650,3745200,9347950,16615750,16719700,1829,3574200,1569600,1415500,0,2972,0,5,0,0,0,0,0,0
21,521131153,2450,840400,2956500,5191850,7628700,16617450,16718400,1399,5022100,1464900,1305650,0,3612,0,5,0,0,0,0,0,0
22,1838187414,2451,1565650,2244950,5837000,6957350,16604950,16717400,1397,5651650,2216750,2051100,0,3612,0,5,0,0,0,0,0,0
23,840574439,2452,1308050,1871550,3826200,9611350,16617150,16720900,1742,3664350,791650,631450,0,2972,0,5,0,0,0,0,0,0
24,2879461878,2453,860050,2231850,5356950,8161150,16610000,16719200,1575,5190450,1894600,1732250,0,3612,0,5,0,0,0,0,0,0
25,202086035,2454,849250,3130100,5126500,7508500,16614350,16721000,1416,4954600,2442950,1308000,0,3612,0,5,0,0,0,0,0,0
26,959703924,2455,850500,2617150,3772950,9369100,16609700,16717850,1823,3600650,1589200,1420850,0,2972,0,5,0,0,0,0,0,0
27,3795724423,2456,840850,2964850,5047750,7763600,16617050,16719000,1422,4884650,1462950,1305500,0,3612,0,5,0,0,0,0,0,0
28,2500539904,2457,1424450,2244950,5826900,7616650,17112950,17222150,1390,5646050,2368300,2205600,0,3612,0,5,0,0,0,0,0,0
29,2269000541,2458,843700,1885600,3858250,9520400,16107950,16218150,1713,3702550,796800,638600,0,2972,0,5,0,0,0,0,0,0
30,1900681108,2459,867550,3083850,4221550,8441600,16614550,16718450,1623,4039350,1592150,1406900,0,3612,0,5,0,0,0,0,0,0
31,3680168245,2460,854650,3019350,5022800,7721100,16617900,16720400,1413,4855450,1469400,1313750,0,3612,0,5,0,0,0,0,0,0
32,2344329490,2461,862500,2621850,3857650,9270750,16612750,16717200,1801,3680400,811850,642000,0,2972,0,5,0,0,0,0,0,0
33,2130650181,2462,1496250,2256850,5076000,7781700,16610800,16719550,1417,4905850,1473950,1318750,0,4252,0,5,0,0,0,0,0,0
34,906966818,2463,1333200,2222900,5648600,7399750,16604450,16719450,1374,5479800,2118750,1954500,0,4252,0,5,0,0,0,0,0,0
35,3939376531,2464,838500,1851150,4390350,9530400,16610400,16717600,1716,4236800,1249000,1089050,0,3612,0,5,0,0,0,0,0,0
36,2110688546,2465,859800,3160550,4786550,7805900,16612800,16723250,1485,4606650,2140750,1971300,0,3932,0,5,0,0,0,0,0,0
37,2695523007,2466,864100,3129150,4840300,7012050,15845600,16718400,1225,4665800,1277550,1121150,0,3932,0,5,0,0,0,0,0,0
38,744447992,2467,852400,2631750,3989800,9137400,16611350,16716400,1740,3816900,786350,641850,0,2972,0,5,0,0,0,0,0,0
39,3728640411,2468,2882750,3435400,5019350,5576350,16913850,17021500,965,4847650,1243650,1090650,0,3612,0,5,0,0,0,0,0,0
40,618879740,2469,852750,2205800,5518900,7737150,16314600,16418950,1455,5357900,2039450,1876100,0,3612,0,5,0,0,0,0,0,0
41,1239708057,2470,837900,1851550,3854100,10074050,16617600,16719050,1740,3695150,796250,637700,0,2972,0,5,0,0,0,0,0,0
42,2429742208,2471,852800,3085450,4738000,7928300,16604550,16720100,1501,4558750,1242150,1091700,0,3612,0,5,0,0,0,0,0,0
43,412095716,2472,841400,2988200,4969750,7817950,16617300,16719200,1440,4796700,1242250,1085650,0,3612,0,5,0,0,0,0,0,0
44,1226741467,2473,858300,2692400,3903100,9152000,16605800,16716500,1739,3732900,788150,643800,0,2972,0,5,0,0,0,0,0,0
45,3288446148,2474,1356300,2228300,5550100,7476850,16611550,16720950,1430,5390200,2039700,1871450,0,3612,0,5,0,0,0,0,0,0
46,1157984843,2475,854300,2217600,5346500,8194700,16613100,16720750,1584,5176450,1875300,1711950,0,3612,0,5,0,0,0,0,0,0
47,3877288378,2476,851500,1860900,3901750,10000900,16615050,16719400,1819,2815300,785250,631200,0,2972,0,5,0,0,0,0,0,0
48,4236526315,2477,870500,2999350,4890700,7846150,16606700,16716100,1457,4714850,1245350,1092900,0,3612,0,5,0,0,0,0,0,0
49,533834014,2478,854300,2994700,4890100,7875900,16615000,16719750,1450,4725500,1241100,1088700,0,3612,0,5,0,0,0,0,0,0
50,1649361089,2479,1489000,1894600,3967650,9638050,16989300,17099100,1755,3797350,784400,636700,0,2972,0,5,0,0,0,0,0,0
51,2486981906,2480,833100,2243000,5434700,7724900,16235700,16342000,1483,5275800,1897650,1733200,0,3612,0,5,0,0,0,0,0,0
52,1706075277,2481,851700,2219850,5112550,8429250,16613350,16718700,1634,4929150,1664100,1504850,0,3612,0,5,0,0,0,0,0,0
53,267972368,2482,843400,2753900,4040600,8978150,16616050,16720350,1682,3865650,1806450,1653150,0,2972,0,5,0,0,0,0,0,0
54,3895401273,2483,860000,3021650,4913950,7815750,16611350,16719150,1444,4735550,1242050,1085800,0,3612,0,5,0,0,0,0,0,0
55,605985656,2484,846550,2990750,4751000,8016050,16604350,16718800,1472,4579050,1237450,1085650,0,3612,0,5,0,0,0,0,0,0
56,4077673024,2485,1455700,6707250,8054550,17112450,33329950,33437100,3172,7879000,1195200,1036450,0,6632,0,5,0,0,0,0,0,0
57,985632231,2486,881450,8340400,8797650,15310150,33329650,33437350,2845,8629400,1344700,1187650,0,7312,0,5,0,0,0,0,0,0
58,3720590956,2487,878900,3100350,4866050,7766100,16611400,16723450,1425,4691350,1239600,1088750,0,3652,0,5,0,0,0,0,0,0
59,3264032585,2488,1578900,1911450,3865050,9249150,16604550,16716250,1752,3703150,793200,639350,0,2972,0,5,0,0,0,0,0,0
60,395405688,2489,910600,3263150,4740800,6463900,15378450,16718050,1161,4565800,2126050,1085750,0,3612,0,5,0,0,0,0,0,0
61,32142420,2490,890150,2220850,5211900,8296750,16619650,16719000,1607,5042500,1665350,1505550,0,3612,0,5,0,0,0,0,0,0
62,1187067055,2491,888400,2800350,3859800,9080300,16628850,16722850,1775,3685700,1667200,1510450,0,2972,0,5,0,0,0,0,0,0
63,459140908,2492,889600,2988350,4954250,7783200,16615400,16717650,1407,4786900,1239450,1088800,0,3612,0,5,0,0,0,0,0,0
64,3369786495,2493,880900,2994350,5005950,7733350,16614550,16719650,1404,4833550,1241950,1085000,0,3612,0,5,0,0,0,0,0,0
65,1572434254,2494,1445800,1896200,3845050,9573200,16760250,16873400,1737,3689150,793850,641250,0,2972,0,5,0,0,0,0,0,0
66,4107798823,2495,885200,2243200,5360500,7965450,16454350,16566250,1506,5193550,1887400,1725650,0,3612,0,5,0,0,0,0,0,0
67,343968250,2496,889750,3168900,4321800,10368900,18749350,18853750,700,4150450,1657700,1481300,0,3612,0,5,0,0,0,0,0,0
68,3102454017,2497,1896750,1920700,3855950,6785850,14459250,14584100,1200,3683250,795950,640400,0,2972,0,5,0,0,0,0,0,0
69,3051095563,2498,889950,3056800,4932900,7730950,16610600,16721000,1419,4761900,1239150,1080450,0,3612,0,5,0,0,0,0,0,0
70,2391331016,2499,1675950,2275400,4698900,7955250,16605500,16716000,1457,4530200,1243350,1090600,0,3612,0,5,0,0,0,0,0,0
71,3869016117,2500,1363250,1881100,3830450,9536850,16611650,16721150,1728,3673050,798150,645700,0,2972,0,5,0,0,0,0,0,0
72,1579800804,2501,880600,2224650,5364950,8139700,16609900,16717650,1572,5187900,1883750,1723350,0,3612,0,5,0,0,0,0,0,0
73,2792341157,2502,890100,3281700,4815300,7627300,16614400,16718950,1433,4643800,1244750,1090350,0,3612,0,5,0,0,0,0,0,0
74,714702942,2503,881900,2629300,3788400,9317400,16617000,16719650,1812,3606800,1597950,1423000,0,2972,0,5,0,0,0,0,0,0
75,1092538936,2504,875250,2991550,4818300,7935750,16620850,16722150,1460,4648900,1239950,1082600,0,3612,0,5,0,0,0,0,0,0
76,1561271239,2505,1464300,2249000,5779500,7471600,16964400,17072000,1338,5608850,2129900,1963900,0,4252,0,5,0,0,0,0,0,0
77,3798074098,2506,890450,1877400,4388600,9100100,16256550,16366650,1622,4227900,1251700,1089000,0,3612,0,5,0,0,0,0,0,0
78,3022639071,2507,892700,3130300,4458350,8132950,16614300,16718650,1557,4266550,1731200,1546950,0,4252,0,5,0,0,0,0,0,0
79,2282770062,2508,879150,3031600,5328700,7376050,16615500,16718300,1356,5157050,1477800,1326800,0,3932,0,5,0,0,0,0,0,0
80,1626512457,2509,883000,2632550,4103200,8995850,16614600,16719550,1742,3937400,1074900,915850,0,3292,0,5,0,0,0,0,0,0
81,3156888026,2510,1552650,2280300,4972500,7805000,16610450,16717950,1427,4796900,1466000,1310300,0,3612,0,5,0,0,0,0,0,0
82,3038824309,2511,1347400,2248500,5617650,7393750,16607300,16718950,1403,5434050,2161500,1999550,0,3612,0,5,0,0,0,0,0,0
83,1261846460,2512,894650,1878850,3855100,9986300,16614900,16720250,1820,3705250,798850,638950,0,2972,0,5,0,0,0,0,0,0
84,2035201521,2513,902400,3172150,5134800,6637350,15846700,16720800,1191,4965050,1464700,1307850,0,3612,0,5,0,0,0,0,0,0
85,2164446652,2514,900750,3009650,5197000,7499250,16606650,16716000,1344,5032100,1468250,1313200,0,3612,0,5,0,0,0,0,0,0
86,2017191835,2515,887550,2664400,3965250,9096750,16613950,16719700,1733,3789450,788050,643050,0,2972,0,5,0,0,0,0,0,0
87,3029138484,2516,1535200,2279950,5770500,7360600,16946250,17049400,1403,5594750,2229250,2065150,0,3612,0,5,0,0,0,0,0,0
88,50355403,2517,876200,2249600,5331350,7829700,16286850,16390950,1467,5164050,1881250,1718350,0,3612,0,5,0,0,0,0,0,0
89,654213990,2518,887800,1877100,4147300,9702700,16614900,16718050,1748,3991600,795300,635200,0,2972,0,5,0,0,0,0,0,0
90,2360099787,2519,888450,3134350,4970400,7621700,16614900,16720800,1433,4798350,1477550,1329200,0,3612,0,5,0,0,0,0,0,0
91,2424818746,2520,880200,3038050,5184950,7513000,16616200,16717200,1342,5015300,1464900,1306750,0,3612,0,5,0,0,0,0,0,0
92,1971386461,2521,887150,2605650,3951100,9169800,16613700,16720700,1743,3783950,786800,641450,0,2972,0,5,0,0,0,0,0,0
93,3386045126,2522,1427150,2254100,5541300,7399850,16622400,16729650,1412,5381300,2039150,1876300,0,3612,0,5,0,0,0,0,0,0
94,1429641961,2523,898800,2246600,5369350,8086650,16601400,16708400,1528,5199500,1890500,1728550,0,3612,0,5,0,0,0,0,0,0
95,3022846880,2524,895450,1871950,3805600,10046000,16619000,16721500,1826,2819550,790450,632900,0,2972,0,5,0,0,0,0,0,0
96,1601897261,2525,878300,3032950,5111300,7590000,16612550,16717900,1400,4939250,1473400,1318450,0,3612,0,5,0,0,0,0,0,0
97,1229951528,2526,885750,3036300,5113850,7576950,16612850,16717800,1384,4949250,1466100,1305400,0,3612,0,5,0,0,0,0,0,0
98,4065171759,2527,1655400,1904850,6128000,6926300,16614550,16721500,1388,5939400,1632600,1476400,0,2972,0,5,0,0,0,0,0,0
99,1034325744,2528,886250,2250300,5453850,7617750,16208150,16717400,1458,5292850,1886600,1724050,0,3612,0,5,0,0,0,0,0,0
100,14078671,2529,896600,2226150,5292650,8199300,16614700,16718550,1583,4286150,1755100,1594350,0,4252,0,5,0,0,0,0,0,0
101,4024270554,2530,886900,2907150,3965050,8858400,16617500,16720200,1624,3790000,1655350,1477600,0,3612,0,5,0,0,0,0,0,0
102,896191351,2531,892800,3023800,5393600,7297600,16607800,16720700,1328,5219100,1683950,1528450,0,4252,0,5,0,0,0,0,0,0
103,2131384102,2532,888200,2962250,5984350,6771850,16606650,16717150,1363,5063950,1656000,1496800,0,3932,0,5,0,0,0,0,0,0
104,2586210593,2533,1464050,1882500,4194800,9170450,16711800,16820000,1647,4026400,1045400,898550,0,3292,0,5,0,0,0,0,0,0
105,591918370,2534,881350,2227250,5430900,7969750,16509250,16619550,1535,5267750,1859150,1694800,0,3612,0,5,0,0,0,0,0,0
106,8814317,2535,885650,3166250,4490450,8069850,16612200,16719100,1543,4316000,1829000,1652150,0,3612,0,5,0,0,0,0,0,0
107,2340504196,2536,909000,2823250,4157550,7960450,15850250,16721150,1482,3986300,787650,630850,0,2972,0,5,0,0,0,0,0,0
108,3523076009,2537,894850,3005300,5143800,7571500,16615450,16716700,1385,4975700,1468950,1319500,0,3612,0,5,0,0,0,0,0,0
109,1961669028,2538,1599250,2272400,5724400,7018750,16614800,16722300,1409,5555350,2233750,2073050,0,3612,0,5,0,0,0,0,0,0
110,1037581603,2539,1352700,1881850,3797050,9582450,16614050,16718550,1695,3626850,798800,646950,0,2972,0,5,0,0,0,0,0,0
111,2701024588,2540,872900,2222950,5215750,8304000,16615600,16720000,1607,5051050,1643850,1478350,0,3612,0,5,0,0,0,0,0,0
112,215037203,2541,883500,3131750,4970050,7628100,16613400,16719050,1447,4803750,2336650,1324500,0,3612,0,5,0,0,0,0,0,0
113,3696282862,2542,892050,2678700,3874100,9168300,16613150,16716200,1740,3699600,1643350,1468150,0,2972,0,5,0,0,0,0,0,0
114,2829142928,2543,892600,3289600,4946800,7485850,16614850,16719700,1357,4782500,1473350,1319300,0,3612,0,5,0,0,0,0,0,0
115,3204762949,2544,1467950,2265850,5752600,7312300,16798700,16905300,1394,5581200,2222200,2058750,0,3612,0,5,0,0,0,0,0,0
116,3297489190,2545,875950,1879300,3818350,9860000,16433600,16536250,1753,3649250,801750,647450,0,2972,0,5,0,0,0,0,0,0
117,1691704917,2546,871700,3132700,4405850,8196500,16606750,16717300,1572,4238400,1711200,1536600,0,3612,0,5,0,0,0,0,0,0
118,663957814,2547,890200,3022300,5011450,7688750,16612700,16718900,1449,4834650,1473100,1325700,0,3612,0,5,0,0,0,0,0,0
119,3058583827,2548,884050,2628550,3916950,9193150,16622700,16718950,1743,3744600,798300,644400,0,2972,0,5,0,0,0,0,0,0
120,838545270,2549,1564000,2277850,5766000,7010500,16618350,16719050,1414,4835600,1466000,1315850,0,3612,0,5,0,0,0,0,0,0
121,3608912039,2550,1347850,2233050,5583350,7449650,16613900,16718750,1423,5421900,2028700,1865250,0,3612,0,5,0,0,0,0,0,0
122,4080159716,2551,888150,1868500,3832700,10030800,16620150,16723050,1796,3661600,799250,646250,0,2972,0,5,0,0,0,0,0,0
123,1056027075,2552,869500,3166750,4989650,7580150,16606050,16715000,1436,4825200,2310300,1314950,0,3612,0,5,0,0,0,0,0,0
124,4057021248,2553,899450,3008500,5478150,7233950,16620050,16722600,1320,5291600,1691850,1533800,0,4252,0,5,0,0,0,0,0,0
125,2686741161,2554,885300,2660950,4775450,8286900,16608600,16719450,1548,4613150,1458600,1304400,0,3612,0,5,0,0,0,0,0,0
126,3870849660,2555,1602300,2268250,5912000,7122450,16905000,17010400,1324,5733750,2376350,2215450,0,4252,0,5,0,0,0,0,0,0
127,293449641,2556,877700,2263650,5520900,7660500,16322750,16426900,1468,5360400,1916000,1750550,0,3932,0,5,0,0,0,0,0,0
128,596064266,2557,891550,1876950,4072850,14668200,21509550,21606050,1518,3909650,1057750,901500,0,3292,0,5,0,0,0,0,0,0
129,3715495249,2558,907050,5919300,5031700,16556150,28414200,28551900,3204,4861350,1493800,1315850,0,3612,0,5,0,0,0,0,0,0
130,244680018,2559,1674250,2293450,5381950,6499600,15849250,16720350,1298,5206350,1894850,1738500,0,3612,0,5,0,0,0,0,0,0
131,4080661783,2560,1372650,1895750,3974900,9374100,16617400,16719350,1690,3808500,797800,645950,0,2972,0,5,0,0,0,0,0,0
132,4006730450,2561,889800,2240200,5356200,8123450,16609650,16716200,1567,5188400,1890850,1731450,0,3612,0,5,0,0,0,0,0,0
133,3864584507,2562,895550,3196150,4997900,7525800,16615400,16720150,1423,4833550,2318300,2142000,0,3612,0,5,0,0,0,0,0,0
134,2711027320,2563,877900,2643850,3940350,9156400,16618500,16722200,1771,3751300,1744900,1575250,0,2972,0,5,0,0,0,0,0,0
135,4099079087,2564,879650,3016450,5081500,7639950,16617550,16715950,1399,4914250,1464950,1312150,0,3612,0,5,0,0,0,0,0,0
136,565333772,2565,1523200,2276350,5688350,7488150,16976050,17082700,1431,5501000,2225800,2065200,0,3612,0,5,0,0,0,0,0,0
137,1028518269,2566,873750,1899850,3860400,9615450,16249450,16355500,1637,3707450,800600,644450,0,2972,0,5,0,0,0,0,0,0
138,2252688136,2567,880950,2249900,5127100,8352400,16610350,16719200,1616,4113150,1677500,1520750,0,3612,0,5,0,0,0,0,0,0
139,578597309,2568,888300,3074000,5029650,7631900,16623850,16719750,1436,4866800,1473550,1321750,0,3612,0,5,0,0,0,0,0,0
140,3624439358,2569,880800,2673000,3836250,9225450,16615500,16720650,1753,3659900,1653550,1480650,0,2972,0,5,0,0,0,0,0,0
141,3514067501,2570,881800,2978000,5007600,7746600,16614000,16720450,1416,4827300,1464800,1308600,0,3612,0,5,0,0,0,0,0,0
142,2741972910,2571,1421850,2248950,5690500,7290900,16652200,16761600,1389,5512500,2231500,2070450,0,3612,0,5,0,0,0,0,0,0
143,28497579,2572,878750,1891750,3869300,9933200,16573000,16678000,1768,3716500,800950,644150,0,2972,0,5,0,0,0,0,0,0
144,466729326,2573,875050,3183950,4643600,7909450,16612050,16717250,1507,4470400,2024350,1853250,0,3612,0,5,0,0,0,0,0,0
145,3425349295,2574,878250,3016300,5185250,7536850,16616650,16718500,1388,5015250,1467350,1310050,0,3612,0,5,0,0,0,0,0,0
146,1537640620,2575,883300,2647600,3879450,9207500,16617850,16719850,1744,3704450,790050,647200,0,2972,0,5,0,0,0,0,0,0
147,1853842891,2576,1565650,2265850,5771600,7012700,16615800,16721200,1409,5596300,2231250,2072050,0,3612,0,5,0,0,0,0,0,0
148,1177024904,2577,884000,2246950,5569150,7504700,16204800,16718800,1423,5396850,2033050,1855700,0,4252,0,5,0,0,0,0,0,0
149,4106734849,2578,876250,1880250,4388500,9465150,16610150,16718800,1672,4238200,1243500,1090050,0,3612,0,5,0,0,0,0,0,0
150,2025356500,2579,881850,3147000,5362000,7216900,16607750,16719850,1331,5196800,1476550,1329550,0,4252,0,5,0,0,0,0,0,0
151,2189605121,2580,883800,3047700,5077650,7607100,16616250,16718450,1395,4903050,1275000,1120950,0,3932,0,5,0,0,0,0,0,0
152,4086136290,2581,883200,2639400,4244250,8841450,16608300,16717850,1666,4075200,1044650,899550,0,3292,0,5,0,0,0,0,0,0
153,4036669705,2582,923550,3287850,4788700,6190950,15191050,16851850,1137,4623100,1271950,1091050,0,3612,0,5,0,0,0,0,0,0
154,4167980074,2583,889500,2239800,5380150,7974750,16484200,16588100,1536,5218450,1887900,1726050,0,3612,0,5,0,0,0,0,0,0
155,51187407,2584,883950,1882500,3850950,10003150,16620550,16720950,1814,3698700,786350,633050,0,2972,0,5,0,0,0,0,0,0
156,2242638442,2585,897400,3247900,4906400,7557600,16609300,16715750,1393,4735750,1241150,1093650,0,3612,0,5,0,0,0,0,0,0
157,2730108163,2586,896600,3063150,4937900,7719500,16617150,16720500,1416,4766700,1239850,1083200,0,3612,0,5,0,0,0,0,0,0
158,2718743917,2587,1548100,1922700,3884450,9256050,16611300,16720800,1424,3718300,787800,642750,0,2972,0,5,0,0,0,0,0,0
159,3391709842,2588,1553550,2281950,5202600,7567650,16605750,16718250,1448,5028300,1531700,1365200,0,3612,0,5,0,0,0,0,0,0
160,1164604273,2589,887950,2247800,5381500,8099300,16616550,16719500,1563,5210950,1896450,1737300,0,3612,0,5,0,0,0,0,0,0
161,2148591176,2590,888150,2795750,3951350,8980200,16615450,16720100,1753,3775450,1703000,1546250,0,2972,0,5,0,0,0,0,0,0
162,4192737573,2591,882400,3031500,5043300,7655550,16612750,16719800,1346,4860700,1239600,1090150,0,3612,0,5,0,0,0,0,0,0
163,535584840,2592,891700,3086750,4761300,7870750,16610500,16718900,1442,4584150,1235250,1079100,0,3612,0,5,0,0,0,0,0,0
164,3430794475,2593,1491700,1923950,3840150,9575750,16831550,16935800,1740,3661850,788150,641500,0,2972,0,5,0,0,0,0,0,0
165,776323552,2594,888400,2273850,5549900,7682300,16394450,16503050,1465,5387500,1999900,1841550,0,3612,0,5,0,0,0,0,0,0
166,3330991427,2595,898450,3181050,4262950,8270500,16612950,16717450,1590,4090250,1634450,1447750,0,3612,0,5,0,0,0,0,0,0
167,3282074430,2596,889600,2722450,3776600,9230950,16619600,16721300,1806,3612650,1565300,1410850,0,2972,0,5,0,0,0,0,0,0
168,2597814595,2597,894450,3027150,4909800,7785650,16617050,16717350,1398,4737600,1244250,1094000,0,3612,0,5,0,0,0,0,0,0
169,2225601370,2598,1567300,2320050,4758450,7963000,16608800,16720650,1460,4585250,1243050,1089400,0,3612,0,5,0,0,0,0,0,0
170,3716853465,2599,1372700,1896350,3806800,9530350,16606200,16718350,1723,3638750,789450,646950,0,2972,0,5,0,0,0,0,0,0
171,1080675697,2600,915050,8246500,8946800,15223350,33331700,33437500,2875,8776350,1350400,1196600,0,7272,0,5,0,0,0,0,0,0
172,219920238,2601,876000,7877900,8640800,15940750,33335450,33439800,2987,8471150,1381950,1220900,0,7312,0,5,0,0,0,0,0,0
173,3070385651,2602,1494400,1939700,4269950,9216950,16921000,17034350,1642,4095800,790950,637550,0,3012,0,5,0,0,0,0,0,0
174,2609556270,2603,888500,2262550,5348600,7791100,16290750,16403600,1498,5179650,1866750,1701950,0,3612,0,5,0,0,0,0,0,0
175,141401383,2604,886450,3119300,4206350,8408050,16620150,16718050,1588,4037600,1538500,560950,0,3612,0,5,0,0,0,0,0,0
176,3034105280,2605,873950,2716600,3859450,9163700,16613700,16719300,1794,3682050,1666950,1513950,0,2972,0,5,0,0,0,0,0,0
177,3029196371,2606,885800,3019150,4993300,7720950,16619200,16721450,1418,4818000,1241150,1090200,0,3612,0,5,0,0,0,0,0,0
178,699378668,2607,891650,3014350,4703200,8003350,16612550,16717250,1471,4523550,1246250,1093350,0,3612,0,5,0,0,0,0,0,0
179,2402609405,2608,1565000,1892800,3862250,9295300,16615350,16719050,1673,3698500,798650,641850,0,2972,0,5,0,0,0,0,0,0
CSV_END

STUDY_DONE_d9c333e9b201=0
# 