/tmp/app --transport apb --state-frame 0 --frames 180 --warmup 30 --wait spin --profile detailed --csv /tmp/transport-frames.csv && printf "CSV_BEGIN\n" && cat /tmp/transport-frames.csv && printf "CSV_END\n"; study_status=$?; printf "\nSTUDY_DONE_17817b93bbb1=%s\n" "$study_status"
TRANSPORT mode=apb dma_minimum=64
BEGIN_BREAKOUT frames=180 warmup=30 fixed=0 blocks=40 tiles=1 hud=1 wait=spin replay=0 state_frame=0 profile=detailed pixel_centers=1 clock_call_ns=5502
HW_COUNTERS unavailable
RESULT frames=180 elapsed_s=12.221752400 fps=14.727839 logic_ms=1.041995 api_ms=21.532991 swap_ms=39.883660 wait_ms=5.281019 worker_inclusive_ms=39.687466 upload_inclusive_ms=8.232922 write_ms=7.982635 bytes_per_frame=30951.56 p50_ms=66.877050 p95_ms=83.414650 max_ms=83.599700 late_60hz=180 first_count=9285 last_count=9464 state_hash=8f34e8fd remaining=38 score=20
RENDER_PATH retained=0 grouped=0 quads=13131 full_frames=180
BREAKOUT_PASS
CSV_BEGIN
frame,state_hash,display_count,logic_ns,api_ns,swap_ns,wait_ns,total_ns,completion_interval_ns,polls,worker_inclusive_ns,upload_inclusive_ns,write_ns,read_ns,write_bytes,read_bytes,write_calls,read_calls,dma_copy_ns,dma_launch_ns,dma_completion_wait_ns,dma_bytes,dma_lists
0,3724779174,9285,775500,21068800,42036300,2941100,66821700,66832750,626,41307750,8233300,7990300,0,31172,0,5,0,0,0,0,0,0
1,1709657109,9286,1510550,21595500,39079700,4585150,66770900,66878800,847,38895200,7813200,7595900,0,31172,0,5,0,0,0,0,0,0
2,1894904752,9287,894650,21825250,39327750,4716600,66764250,66873900,920,38587000,8227400,7990250,0,31172,0,5,0,0,0,0,0,0
3,3703759967,9288,867200,21136150,39442900,5501000,66947250,67060000,979,39265450,8173150,7950150,0,31172,0,5,0,0,0,0,0,0
4,19533624,9289,886100,21191150,46831000,14393700,83301950,83414650,2788,46641200,8091400,7866600,0,31172,0,5,0,0,0,0,0,0
5,816884773,9290,898100,21345100,39516750,3756800,65516750,66877050,686,39332850,8180250,7939800,0,31172,0,5,0,0,0,0,0,0
6,1339236364,9291,891550,21753800,39377100,4749550,66772000,66879500,922,39194150,8770500,8526550,0,31172,0,5,0,0,0,0,0,0
7,3072959373,9292,854250,22317550,40973150,2689800,66834750,66945300,465,40790250,10540950,10278800,0,31172,0,5,0,0,0,0,0,0
8,1782884746,9293,900550,21095050,39079500,5619600,66694700,66808400,1100,38893250,7841000,7624150,0,31172,0,5,0,0,0,0,0,0
9,30296781,9294,1473600,21113300,39501700,4676300,66764900,66874450,895,39310000,7957300,7738550,0,31492,0,5,0,0,0,0,0,0
10,4026418858,9295,904250,22317300,39324750,4220600,66766900,66876600,807,39144650,8767900,7791000,0,31492,0,5,0,0,0,0,0,0
11,2084929051,9296,855100,21263250,39601400,5047650,66767400,66879900,965,39420650,8383100,8149450,0,31492,0,5,0,0,0,0,0,0
12,3114489770,9297,876750,21098150,39155150,5222100,66352150,66876150,1015,38965300,7856150,7643000,0,31172,0,5,0,0,0,0,0,0
13,891400471,9298,864300,21717650,39896200,4288000,66766150,66876800,815,39713850,7983200,7767400,0,31172,0,5,0,0,0,0,0,0
14,3472773456,9299,887000,21192100,39202150,5493400,66774650,66879500,940,39016150,8114550,7880250,0,31172,0,5,0,0,0,0,0,0
15,3010688243,9300,868050,21110800,41133500,3654850,66767200,66876600,658,40958300,8193150,7949800,0,31172,0,5,0,0,0,0,0,0
16,2819524756,9301,1463500,21082300,39680750,4536500,66763050,66875600,866,39497150,7810000,7597300,0,31172,0,5,0,0,0,0,0,0
17,3241678401,9302,866250,22040400,39338200,4520400,66765250,66876000,876,39168900,8747200,8504200,0,31172,0,5,0,0,0,0,0,0
18,2154316504,9303,890700,21241650,39403450,5533800,67069600,67179250,990,39218150,8299000,8075250,0,31172,0,5,0,0,0,0,0,0
19,772262681,9304,853000,21077650,47670850,13585350,83186850,83296700,2647,47480150,15312250,15007450,0,31172,0,5,0,0,0,0,0,0
20,3882818750,9305,1403450,21211250,39182800,4969000,66766500,66874750,960,38989700,8020550,7794900,0,31172,0,5,0,0,0,0,0,0
21,521131153,9306,846300,21812800,39376150,4731100,66766350,66875650,918,39194150,8726750,8464800,0,31172,0,5,0,0,0,0,0,0
22,1838187414,9307,887600,21050000,41847900,3146150,66931650,67041200,570,41656900,10182000,9920300,0,31172,0,5,0,0,0,0,0,0
23,840574439,9308,860550,21239750,38944750,5561800,66606850,66714850,1087,38759750,7823800,7612100,0,31172,0,5,0,0,0,0,0,0
24,2879461878,9309,1695800,21081450,39312000,4678850,66768100,66875850,898,39120150,7953450,7740650,0,31172,0,5,0,0,0,0,0,0
25,202086035,9310,860750,21724200,39108500,5079150,66772600,66879450,885,38925050,8185000,7934850,0,31172,0,5,0,0,0,0,0,0
26,959703924,9311,896950,21044850,39006200,5819600,66767600,66877050,1135,38820000,7839500,7606150,0,31172,0,5,0,0,0,0,0,0
27,3795724423,9312,1321350,21232350,39168300,5041650,66763650,66876550,974,38987050,8048550,7821950,0,31172,0,5,0,0,0,0,0,0
28,2500539904,9313,1744100,21156850,39582700,3548750,66032400,66876850,648,39390050,7842300,7597750,0,31172,0,5,0,0,0,0,0,0
29,2269000541,9314,854150,21153000,39456550,5303850,66767550,66876900,936,39274550,8093200,7865400,0,31172,0,5,0,0,0,0,0,0
30,1900681108,9315,901600,21333500,40890150,3643400,66768650,66878900,657,40704000,8177350,7936050,0,31172,0,5,0,0,0,0,0,0
31,3680168245,9316,1614650,21149550,39653750,4344800,66762750,66875200,824,39472500,8209950,7980450,0,31172,0,5,0,0,0,0,0,0
32,2344329490,9317,902700,21829600,38792750,5242600,66767650,66879900,919,38610600,8171950,7941150,0,31172,0,5,0,0,0,0,0,0
33,2130650181,9318,857900,21187150,39583350,5136300,66764700,66873250,983,39401850,8228650,8000600,0,31492,0,5,0,0,0,0,0,0
34,906966818,9319,889000,21278600,47021350,13896250,83085200,83598650,2717,46822350,15794450,15508300,0,31492,0,5,0,0,0,0,0,0
35,3939376531,9320,1396800,21157850,39447750,4758850,66761250,66874350,915,39270500,7899600,7665500,0,31492,0,5,0,0,0,0,0,0
36,2110688546,9321,908250,22024150,39305200,4528200,66765800,66878600,846,39118650,8792800,8542400,0,31172,0,5,0,0,0,0,0,0
37,2695523007,9322,865250,21227600,39938950,5425600,67457400,67567150,578,39758700,8537150,7642950,0,31172,0,5,0,0,0,0,0,0
38,744447992,9323,923650,21198850,39644200,4305200,66071900,66186500,804,39458500,8206400,7971650,0,31172,0,5,0,0,0,0,0,0
39,3728640411,9324,1493450,21250250,39401950,4621050,66766700,66876300,884,39229100,8161500,7949650,0,31172,0,5,0,0,0,0,0,0
40,618879740,9325,902000,21876700,38663250,5328400,66770350,66881300,845,38475400,8307050,8077300,0,31172,0,5,0,0,0,0,0,0
41,1239708057,9326,854650,21208250,41843050,2859300,66765250,66873400,608,41667800,10468600,10181800,0,31172,0,5,0,0,0,0,0,0
42,2429742208,9327,1462900,21027450,39235600,5050550,66776500,66877950,978,39044300,7839400,7618950,0,31172,0,5,0,0,0,0,0,0
43,412095716,9328,854200,22004750,39281050,4629100,66769100,66880350,866,39096550,8786850,8530950,0,31172,0,5,0,0,0,0,0,0
44,1226741467,9329,903950,21404000,39368750,5147450,66824150,66936900,901,39184850,8158650,7934650,0,31172,0,5,0,0,0,0,0,0
45,3288446148,9330,860500,21152800,41386250,3304300,66703850,66813500,582,41194050,8248600,8006900,0,31172,0,5,0,0,0,0,0,0
46,1157984843,9331,1558550,21188550,39325050,4699500,66771650,66879800,902,39132250,8021750,7804900,0,31172,0,5,0,0,0,0,0,0
47,3877288378,9332,868950,22364300,39556500,3980100,66769850,66879050,754,39376750,8979600,8732250,0,31172,0,5,0,0,0,0,0,0
48,4236526315,9333,886050,21099050,39452050,5325550,66762700,66873450,1026,39265900,8189050,7366000,0,31172,0,5,0,0,0,0,0,0
49,533834014,9334,1309100,21082000,44079800,296400,66767300,66875350,56,43886800,12694050,12469150,0,31172,0,5,0,0,0,0,0,0
50,1649361089,9335,908600,24162850,39242500,2448450,66762400,66881050,374,39052900,8155450,7918800,0,31172,0,5,0,0,0,0,0,0
51,2486981906,9336,887800,22086000,39525800,3538250,66037850,66875300,661,39336900,8077400,7858050,0,31172,0,5,0,0,0,0,0,0
52,1706075277,9337,899950,21143800,39001150,5719000,66763900,66876200,1122,38816950,7838750,7626300,0,31172,0,5,0,0,0,0,0,0
53,267972368,9338,1446700,22754850,39681950,2879550,66763050,66877350,496,39494800,8172000,7938500,0,31172,0,5,0,0,0,0,0,0
54,3895401273,9339,909650,21974800,39419250,4464700,66768400,66877850,867,38627800,8399700,8167600,0,31172,0,5,0,0,0,0,0,0
55,605985656,9340,856200,21162250,39544850,5201400,66764700,66875750,997,39364900,8224250,7994950,0,31172,0,5,0,0,0,0,0,0
56,4077673024,9341,935750,21074600,39420500,4926150,66357000,66876600,943,39238550,7758900,6940300,0,30852,0,5,0,0,0,0,0,0
57,985632231,9342,886200,21921150,39220900,4749050,66777300,66879800,889,39042550,8008450,7799300,0,30852,0,5,0,0,0,0,0,0
58,3720590956,9343,919250,21009300,39332450,5508850,66769850,66876250,979,39149250,8107100,7872500,0,30852,0,5,0,0,0,0,0,0
59,3264032585,9344,892900,21144200,39832700,4900400,66770200,66876800,934,39656800,8162850,7940700,0,30852,0,5,0,0,0,0,0,0
60,395405688,9345,1490750,21222550,40362150,3698000,66773450,66881300,634,40183000,9268450,9053350,0,30852,0,5,0,0,0,0,0,0
61,32142420,9346,903000,22031650,39502250,4327100,66764000,66874400,830,39322700,8901050,8650500,0,30852,0,5,0,0,0,0,0,0
62,1187067055,9347,917300,21038350,39658450,5434050,67048150,67157600,964,39481350,8097700,7870500,0,30852,0,5,0,0,0,0,0,0
63,459140908,9348,893250,21100650,38985600,5506150,66485650,66597150,1074,38805050,7763150,7537550,0,30852,0,5,0,0,0,0,0,0
64,3369786495,9349,1591000,21209000,39046650,4920250,66766900,66879350,926,38867350,8011350,7789950,0,30852,0,5,0,0,0,0,0,0
65,1572434254,9350,897550,28336850,39754600,14495450,83484450,83594200,2750,39571450,8013850,7785550,0,30852,0,5,0,0,0,0,0,0
66,4107798823,9351,928650,21236200,39189850,5463700,66818400,66926150,970,39008500,8105900,7873800,0,30852,0,5,0,0,0,0,0,0
67,343968250,9352,897250,21272900,39001950,5551200,66723300,66829800,1086,38823100,7938000,7713950,0,30852,0,5,0,0,0,0,0,0
68,3102454017,9353,1584700,22491250,39769050,2915400,66760400,66874150,505,39585300,8103150,7869200,0,30852,0,5,0,0,0,0,0,0
69,3051095563,9354,895100,21818950,38805300,5250900,66770250,66878350,920,38629950,8177300,7944550,0,30852,0,5,0,0,0,0,0,0
70,2391331016,9355,923050,21275450,38793600,5774950,66767050,66875200,1097,38612800,7805600,7579600,0,30852,0,5,0,0,0,0,0,0
71,3869016117,9356,1360800,21083500,39398250,4923700,66766250,66877150,949,39215150,7753550,7529850,0,30852,0,5,0,0,0,0,0,0
72,1579800804,9357,925100,21685250,39252400,4905600,66768350,66879600,956,39080700,8714200,8472100,0,30852,0,5,0,0,0,0,0,0
73,2792341157,9358,890100,21203850,39209500,5465400,66768850,66876400,972,39022300,8093800,7868800,0,30852,0,5,0,0,0,0,0,0
74,714702942,9359,930600,21219200,39189500,5430700,66770000,66878200,1044,39010150,8199750,7978900,0,30852,0,5,0,0,0,0,0,0
75,1092538936,9360,927900,21197600,39080550,4157700,65363750,66878600,494,38894450,7829250,7608100,0,30852,0,5,0,0,0,0,0,0
76,1561271239,9361,952650,22346550,39339550,4122400,66761150,66874450,784,39151550,8021750,7796550,0,31172,0,5,0,0,0,0,0,0
77,3798074098,9362,895800,21246150,39383550,5240300,66765800,66876600,978,39198000,8163550,7931800,0,31172,0,5,0,0,0,0,0,0
78,3022639071,9363,927600,21067450,39032800,5050550,66078400,66879100,975,38846700,7790250,7573800,0,31172,0,5,0,0,0,0,0,0
79,2282770062,9364,891950,21698250,39297850,4874950,66763000,66873950,949,39119800,7941300,7727050,0,30852,0,5,0,0,0,0,0,0
80,1626512457,9365,915750,27661950,40926850,13982650,83487200,83598500,2515,40741400,8009600,7778950,0,30852,0,5,0,0,0,0,0,0
81,3156888026,9366,904250,21171300,39470350,5398950,66944850,67057450,952,39285650,8054700,7821900,0,30852,0,5,0,0,0,0,0,0
82,3038824309,9367,924900,21080550,39012700,5574000,66592150,66695400,1091,38829650,7830250,7615700,0,30852,0,5,0,0,0,0,0,0
83,1261846460,9368,1526450,21288400,41397250,2551800,66763900,66877100,354,41214700,8228200,7257300,0,30852,0,5,0,0,0,0,0,0
84,2035201521,9369,924250,21739750,38669500,5433550,66767050,66877350,962,38480750,8112050,7886800,0,30852,0,5,0,0,0,0,0,0
85,2164446652,9370,890000,21106650,39130150,5639950,66766750,66875100,1095,38946300,7806600,7577150,0,30852,0,5,0,0,0,0,0,0
86,2017191835,9371,1412200,21178600,39057750,5128600,66777150,66880350,996,38868150,7933000,7708650,0,30852,0,5,0,0,0,0,0,0
87,3029138484,9372,896850,22336050,39456550,4074850,66764300,66875950,768,39268350,8050250,7836500,0,30852,0,5,0,0,0,0,0,0
88,50355403,9373,920600,21088450,39289550,5505200,66803800,66910250,979,39106850,8021550,7798850,0,30852,0,5,0,0,0,0,0,0
89,654213990,9374,881150,21120200,39009550,5724500,66735400,66843750,1122,38829550,7762700,7535800,0,30852,0,5,0,0,0,0,0,0
90,2360099787,9375,1598800,21553300,39080000,4539450,66771550,66878150,866,38892900,7967650,7743950,0,30852,0,5,0,0,0,0,0,0
91,2424818746,9376,890050,23419700,39032700,3421900,66764350,66874850,626,38847850,7743100,7528600,0,30852,0,5,0,0,0,0,0,0
92,1971386461,9377,925500,21151600,39165600,5528050,66770750,66880550,1071,38978250,7986950,7766650,0,30852,0,5,0,0,0,0,0,0
93,3386045126,9378,1340000,21575250,38871000,4982050,66768300,66873500,962,38686250,7721600,7501400,0,30852,0,5,0,0,0,0,0,0
94,1429641961,9379,927700,21844200,39193450,4809400,66774750,66882000,935,39010800,8810650,8565950,0,30852,0,5,0,0,0,0,0,0
95,3022846880,9380,883550,21102100,46946000,14555500,83487150,83594050,2766,46760250,7952750,7737550,0,30852,0,5,0,0,0,0,0,0
96,1601897261,9381,929000,21586450,39275000,5274650,67065100,67173000,921,39090550,8183800,7948200,0,30852,0,5,0,0,0,0,0,0
97,1229951528,9382,889200,21190850,39037800,5357750,66475600,66580750,1043,38861700,7758250,7540500,0,30852,0,5,0,0,0,0,0,0
98,4065171759,9383,1723350,21196150,40964500,2158900,66042900,66879500,335,40780300,8155000,7919550,0,30852,0,5,0,0,0,0,0,0
99,1034325744,9384,891250,22484250,39335200,4059350,66770050,66875300,748,39168100,8677450,7877050,0,30852,0,5,0,0,0,0,0,0
100,14078671,9385,930750,21145900,40608600,4076000,66761250,66875050,705,40419350,9306650,9055850,0,31172,0,5,0,0,0,0,0,0
101,4024270554,9386,1470200,21114500,39274800,4908800,66768300,66880900,945,39096950,7878850,7661900,0,31172,0,5,0,0,0,0,0,0
102,896191351,9387,926550,22005200,39675800,4162750,66770300,66876550,788,39490050,8063850,7851500,0,31172,0,5,0,0,0,0,0,0
103,2131384102,9388,885800,21298950,39313500,5431700,66929950,67035500,956,39128150,8239300,8014900,0,30852,0,5,0,0,0,0,0,0
104,2586210593,9389,922300,21118400,39011650,5554050,66606400,66718250,1084,38830150,7764000,7543650,0,30852,0,5,0,0,0,0,0,0
105,591918370,9390,1544450,21125750,39669050,4425950,66765200,66874750,841,39487750,7854900,7640500,0,30852,0,5,0,0,0,0,0,0
106,8814317,9391,929500,23612500,38910650,3318550,66771200,66882000,575,38722100,7888700,7662800,0,30852,0,5,0,0,0,0,0,0
107,2340504196,9392,892950,21112650,39132150,5621750,66759500,66873600,1090,38947100,7833000,7608900,0,30852,0,5,0,0,0,0,0,0
108,3523076009,9393,1384850,21053700,39507150,4823100,66768800,66876450,926,39316700,7741650,7522250,0,30852,0,5,0,0,0,0,0,0
109,1961669028,9394,901250,21916350,39203550,4747900,66769050,66879500,921,39023300,8715150,8476600,0,30852,0,5,0,0,0,0,0,0
110,1037581603,9395,917950,21239100,47322000,14003650,83482700,83595400,2641,47138050,8005700,7775900,0,30852,0,5,0,0,0,0,0,0
111,2701024588,9396,893700,21121200,39726100,5024300,66765300,66876650,957,39548600,8124450,7875600,0,30852,0,5,0,0,0,0,0,0
112,215037203,9397,919050,21277500,38893650,5272650,66362850,66879950,995,38706550,7893700,7671900,0,30852,0,5,0,0,0,0,0,0
113,3696282862,9398,888700,21718100,41650500,2506700,66764000,66876200,416,41471800,8113500,7875000,0,30852,0,5,0,0,0,0,0,0
114,2829142928,9399,927600,20970050,39791900,5081150,66770700,66876950,881,39609600,8155350,7923850,0,30852,0,5,0,0,0,0,0,0
115,3204762949,9400,891900,21257650,38887700,5727600,66764850,66877450,1122,38702950,7725200,7510750,0,30852,0,5,0,0,0,0,0,0
116,3297489190,9401,1491350,21231050,39180850,4860250,66763500,66874750,936,38988950,8044550,7822300,0,30852,0,5,0,0,0,0,0,0
117,1691704917,9402,895650,21823150,39676250,4373550,66768600,66878800,838,39492250,7988650,7763950,0,30852,0,5,0,0,0,0,0,0
118,663957814,9403,922250,21060650,39313200,5754800,67050900,67159350,1034,39131800,8168700,7941600,0,30852,0,5,0,0,0,0,0,0
119,3058583827,9404,893950,21286300,38955100,5352350,66487700,66597100,1011,38774750,7875650,7654650,0,30852,0,5,0,0,0,0,0,0
120,838545270,9405,1584500,21017950,39580400,4574900,66757750,66873150,878,39396750,8056000,7831000,0,30852,0,5,0,0,0,0,0,0
121,3608912039,9406,905300,23752850,39434650,1941350,66034150,66880000,296,39247600,8110600,7877450,0,30852,0,5,0,0,0,0,0,0
122,4080159716,9407,922600,21253350,38826050,5764200,66766200,66874050,1129,38639600,7738150,7518250,0,30852,0,5,0,0,0,0,0,0
123,1056027075,9408,1423850,21249450,39455500,4635750,66764550,66878400,872,39274900,8320250,8102350,0,30852,0,5,0,0,0,0,0,0
124,4057021248,9409,923950,21807900,38655150,5380550,66767550,66876800,942,38470600,8163300,7928600,0,31172,0,5,0,0,0,0,0,0
125,2686741161,9410,884050,21157150,47098400,14351300,83490900,83599700,2679,46920250,8068150,7839600,0,31172,0,5,0,0,0,0,0,0
126,3870849660,9411,935700,21087700,39723750,5017500,66764650,66875100,957,39545350,8135800,7904150,0,31172,0,5,0,0,0,0,0,0
127,293449641,9412,1348300,21118100,39079450,5221150,66767000,66874850,1014,38894800,7753100,7526150,0,30852,0,5,0,0,0,0,0,0
128,596064266,9413,935750,21866850,40958800,3006900,66768300,66876900,527,40775300,8117500,7880450,0,30852,0,5,0,0,0,0,0,0
129,3715495249,9414,899750,21197550,39697950,4982500,66777750,66881950,849,39513650,8506800,8273950,0,30852,0,5,0,0,0,0,0,0
130,244680018,9415,926350,21076050,38890600,5871100,66764100,66873400,1155,38713850,7754900,7536100,0,30852,0,5,0,0,0,0,0,0
131,4080661783,9416,1496650,21120300,39340600,4807450,66765000,66878700,926,39158400,7828750,7606450,0,30852,0,5,0,0,0,0,0,0
132,4006730450,9417,917500,22019450,38466850,5365850,66769650,66875750,845,38284750,8114100,7882600,0,30852,0,5,0,0,0,0,0,0
133,3864584507,9418,893050,21150500,39493800,5231700,66769050,66878050,1003,39306000,8093400,7873000,0,30852,0,5,0,0,0,0,0,0
134,2711027320,9419,924100,21093550,39011500,5345100,66374250,66876350,1041,38831800,7741400,7531200,0,30852,0,5,0,0,0,0,0,0
135,4099079087,9420,884850,21895700,39202050,4786400,66769000,66876600,927,39025700,7975200,7749700,0,30852,0,5,0,0,0,0,0,0
136,565333772,9421,915600,23856950,38983550,3015300,66771400,66875700,540,38798050,7762650,7542450,0,30852,0,5,0,0,0,0,0,0
137,1028518269,9422,892000,21115750,39018250,5749000,66775000,66879250,1127,38836050,7740350,7521500,0,30852,0,5,0,0,0,0,0,0
138,2252688136,9423,1486650,21050700,39322650,4905550,66765550,66875100,947,39129150,7933550,7715650,0,30852,0,5,0,0,0,0,0,0
139,578597309,9424,888550,22363350,39231350,4288500,66771750,66879700,819,39056500,8066300,7854700,0,30852,0,5,0,0,0,0,0,0
140,3624439358,9425,916250,21089150,47758750,13728700,83492850,83597600,2583,47578700,7980600,7740500,0,30852,0,5,0,0,0,0,0,0
141,3514067501,9426,891700,21270700,38944950,5664800,66772150,66877200,1101,38759450,7810450,7578500,0,30852,0,5,0,0,0,0,0,0
142,2741972910,9427,1535400,21379550,38937050,4918200,66770200,66874700,949,38751700,7765450,7555300,0,30852,0,5,0,0,0,0,0,0
143,28497579,9428,882950,21798750,41194400,2891900,66768000,66879350,502,41011000,8120050,7877050,0,30852,0,5,0,0,0,0,0,0
144,466729326,9429,975750,22124200,39163350,3821150,66084450,66929400,729,38401200,8078550,7837950,0,30852,0,5,0,0,0,0,0,0
145,3425349295,9430,892950,21644200,38952350,5225700,66715200,66825800,1010,38765750,7884450,7666800,0,30852,0,5,0,0,0,0,0,0
146,1537640620,9431,1579600,21087800,39450400,4648850,66766650,66874850,893,39258450,8056950,7847250,0,30852,0,5,0,0,0,0,0,0
147,1853842891,9432,896750,21816550,38680150,5376500,66769950,66878650,947,38503700,8136250,7902450,0,30852,0,5,0,0,0,0,0,0
148,1177024904,9433,924450,21637800,39329450,4876000,66767700,66875400,925,39143350,8108550,7878900,0,31172,0,5,0,0,0,0,0,0
149,4106734849,9434,1489450,21163600,39121700,4998900,66773650,66878250,966,38947750,7815500,7594900,0,31172,0,5,0,0,0,0,0,0
150,2025356500,9435,938250,21707250,39507500,4616550,66769550,66876000,890,39324400,8022700,7810650,0,31172,0,5,0,0,0,0,0,0
151,2189605121,9436,889250,23930600,39228150,2723650,66771650,66878000,475,39043400,7751350,7528950,0,30852,0,5,0,0,0,0,0,0
152,4086136290,9437,943700,21269600,39013000,5543700,66770000,66879200,1081,38829800,7886650,7661700,0,30852,0,5,0,0,0,0,0,0
153,4036669705,9438,1512700,21127050,39361150,4765800,66766700,66875700,917,39178750,7902900,7676200,0,30852,0,5,0,0,0,0,0,0
154,4167980074,9439,923550,21891250,39634950,4316200,66765950,66875600,829,39456150,7965300,7747350,0,30852,0,5,0,0,0,0,0,0
155,51187407,9440,887900,21339600,47247200,14013450,83488150,83598500,2644,47072650,8228200,7984000,0,30852,0,5,0,0,0,0,0,0
156,2242638442,9441,933250,21065800,39055250,5713200,66767500,66876400,1115,38869650,7738450,7529600,0,30852,0,5,0,0,0,0,0,0
157,2730108163,9442,1432300,21222750,39275300,4840300,66770650,66877950,931,39085700,7771300,7547500,0,30852,0,5,0,0,0,0,0,0
158,2718743917,9443,931350,21985100,41465050,2387050,66768550,66874750,391,41281100,8258900,8029100,0,30852,0,5,0,0,0,0,0,0
159,3391709842,9444,895400,21064650,41903900,3147850,67011800,67121100,569,41715950,8082700,7860500,0,30852,0,5,0,0,0,0,0,0
160,1164604273,9445,927100,21052250,39523250,5025100,66527700,66634150,964,39331800,7815500,7590200,0,30852,0,5,0,0,0,0,0,0
161,2148591176,9446,1555250,21276750,39320550,4621000,66773550,66878550,855,39137800,8095000,7870000,0,30852,0,5,0,0,0,0,0,0
162,4192737573,9447,929750,21735900,38626850,5472550,66765050,66875500,970,38446400,8169050,7944050,0,30852,0,5,0,0,0,0,0,0
163,535584840,9448,889100,21114100,39837050,4924300,66764550,66875800,938,39655550,8110550,7886300,0,30852,0,5,0,0,0,0,0,0
164,3430794475,9449,1395450,21256900,39049300,5066000,66767650,66878950,982,38866650,7899350,7681050,0,30852,0,5,0,0,0,0,0,0
165,776323552,9450,887200,21970400,39351850,4558000,66767450,66877500,880,39169200,8881700,8631950,0,30852,0,5,0,0,0,0,0,0
166,3330991427,9451,920750,21042950,41811200,3092400,66867300,66978200,557,41632650,7896650,7676550,0,30852,0,5,0,0,0,0,0,0
167,3282074430,9452,901050,20977900,39057750,5726000,66662700,66773000,1122,38876200,7787500,7559900,0,30852,0,5,0,0,0,0,0,0
168,2597814595,9453,1580900,21271350,39187100,4725350,66764700,66878300,878,39001500,7973650,7764300,0,30852,0,5,0,0,0,0,0,0
169,2225601370,9454,890800,21745600,39074450,5062100,66772950,66880550,876,38898400,8524150,8282550,0,30852,0,5,0,0,0,0,0,0
170,3716853465,9455,921200,21003850,47303450,14258700,83487200,83594550,2703,47113400,8001850,7770050,0,30852,0,5,0,0,0,0,0,0
171,1080675697,9456,901350,21025000,38867400,5973650,66767400,66876950,1177,38681250,8040000,7809900,0,30212,0,5,0,0,0,0,0,0
172,219920238,9457,1489100,20857250,39459250,4962950,66768550,66878600,959,39276950,7977500,7759300,0,30212,0,5,0,0,0,0,0,0
173,3070385651,9458,883000,21474700,40647250,3764100,66769050,66874200,701,40472200,7979450,7752800,0,30212,0,5,0,0,0,0,0,0
174,2609556270,9459,924550,21038300,38330750,6782900,67076500,67181250,1232,38145550,7602150,7376200,0,30212,0,5,0,0,0,0,0,0
175,141401383,9460,874850,20876300,39170650,5543200,66465000,66573900,1084,38986900,7835500,7614250,0,30212,0,5,0,0,0,0,0,0
176,3034105280,9461,1569350,20724800,38281500,6195500,66771150,66878700,1121,38095200,8028750,7798750,0,30212,0,5,0,0,0,0,0,0
177,3029196371,9462,878900,20924750,38831850,6129900,66765400,66875200,1117,38649350,8033600,7803250,0,30212,0,5,0,0,0,0,0,0
178,699378668,9463,915850,20942900,39054900,5860500,66774150,66879400,1136,38870800,8424400,8198600,0,30212,0,5,0,0,0,0,0,0
179,2402609405,9464,1403000,20845150,38847300,5670850,66766300,66875750,1120,38663350,7875400,7653500,0,30212,0,5,0,0,0,0,0,0
CSV_END

STUDY_DONE_17817b93bbb1=0
# 