/tmp/app-if17 --transport apb --state-frame 0 --dma-minimum 64 --frames 180 --warmup 30 --wait spin --profile frame --csv /tmp/transport-frames.csv --replay --dump /tmp/transport-frame.raw && printf "CSV_BEGIN\n" && cat /tmp/transport-frames.csv && printf "CSV_END\n"; study_status=$?; printf "\nSTUDY_DONE_d767e28fb2f1=%s\n" "$study_status"
TRANSPORT mode=apb dma_minimum=64
BEGIN_BREAKOUT frames=180 warmup=30 fixed=1 blocks=40 tiles=1 hud=1 wait=spin replay=1 state_frame=0 profile=frame pixel_centers=1 clock_call_ns=5654
HW_COUNTERS unavailable
RESULT frames=180 elapsed_s=3.059596450 fps=58.831288 logic_ms=0.000000 api_ms=0.000000 swap_ms=0.000000 wait_ms=0.000000 worker_inclusive_ms=0.000000 upload_inclusive_ms=0.000000 write_ms=0.000000 bytes_per_frame=30420.00 p50_ms=16.719400 p95_ms=16.982750 max_ms=33.438150 late_60hz=164 first_count=1577 last_count=1756 state_hash=de3c9d08 remaining=40 score=0
RENDER_PATH retained=0 grouped=0 quads=0 full_frames=0
FRAME_CHECK count=1756 address=9fe00000 fnv1a=16e1fedb pixels=307200 mismatches=0
BREAKOUT_PASS
CSV_BEGIN
frame,state_hash,display_count,logic_ns,api_ns,swap_ns,wait_ns,total_ns,completion_interval_ns,polls,worker_inclusive_ns,upload_inclusive_ns,write_ns,read_ns,write_bytes,read_bytes,write_calls,read_calls,dma_copy_ns,dma_launch_ns,dma_completion_wait_ns,dma_bytes,dma_lists
0,3728514312,1577,0,0,0,0,16678850,16688350,841,0,0,0,0,30420,0,3,0,0,0,0,0,0
1,3728514312,1578,0,0,0,0,16608600,16719250,982,0,0,0,0,30420,0,3,0,0,0,0,0,0
2,3728514312,1579,0,0,0,0,16620200,16719100,917,0,0,0,0,30420,0,3,0,0,0,0,0,0
3,3728514312,1580,0,0,0,0,16607350,16720800,1004,0,0,0,0,30420,0,3,0,0,0,0,0,0
4,3728514312,1581,0,0,0,0,16605250,16717900,955,0,0,0,0,30420,0,3,0,0,0,0,0,0
5,3728514312,1582,0,0,0,0,16974600,17086200,956,0,0,0,0,30420,0,3,0,0,0,0,0,0
6,3728514312,1583,0,0,0,0,16242800,16352150,864,0,0,0,0,30420,0,3,0,0,0,0,0,0
7,3728514312,1584,0,0,0,0,16619650,16720200,1022,0,0,0,0,30420,0,3,0,0,0,0,0,0
8,3728514312,1585,0,0,0,0,15833500,16716500,740,0,0,0,0,30420,0,3,0,0,0,0,0,0
9,3728514312,1586,0,0,0,0,16609300,16719750,991,0,0,0,0,30420,0,3,0,0,0,0,0,0
10,3728514312,1587,0,0,0,0,16609500,16718200,964,0,0,0,0,30420,0,3,0,0,0,0,0,0
11,3728514312,1588,0,0,0,0,16659900,16769550,899,0,0,0,0,30420,0,3,0,0,0,0,0,0
12,3728514312,1589,0,0,0,0,16556700,16670750,923,0,0,0,0,30420,0,3,0,0,0,0,0,0
13,3728514312,1590,0,0,0,0,16605650,16718200,979,0,0,0,0,30420,0,3,0,0,0,0,0,0
14,3728514312,1591,0,0,0,0,16607900,16719400,976,0,0,0,0,30420,0,3,0,0,0,0,0,0
15,3728514312,1592,0,0,0,0,16609750,16721650,556,0,0,0,0,30420,0,3,0,0,0,0,0,0
16,3728514312,1593,0,0,0,0,16596050,16719400,886,0,0,0,0,30420,0,3,0,0,0,0,0,0
17,3728514312,1594,0,0,0,0,16181500,16717600,894,0,0,0,0,30420,0,3,0,0,0,0,0,0
18,3728514312,1595,0,0,0,0,16610800,16719050,997,0,0,0,0,30420,0,3,0,0,0,0,0,0
19,3728514312,1596,0,0,0,0,16604550,16717800,1021,0,0,0,0,30420,0,3,0,0,0,0,0,0
20,3728514312,1597,0,0,0,0,16611300,16721350,1022,0,0,0,0,30420,0,3,0,0,0,0,0,0
21,3728514312,1598,0,0,0,0,16606850,16720250,971,0,0,0,0,30420,0,3,0,0,0,0,0,0
22,3728514312,1599,0,0,0,0,16745150,16856050,851,0,0,0,0,30420,0,3,0,0,0,0,0,0
23,3728514312,1600,0,0,0,0,16471550,16583450,957,0,0,0,0,30420,0,3,0,0,0,0,0,0
24,3728514312,1601,0,0,0,0,16603100,16716650,974,0,0,0,0,30420,0,3,0,0,0,0,0,0
25,3728514312,1602,0,0,0,0,16610400,16722450,952,0,0,0,0,30420,0,3,0,0,0,0,0,0
26,3728514312,1603,0,0,0,0,16606350,16716900,954,0,0,0,0,30420,0,3,0,0,0,0,0,0
27,3728514312,1604,0,0,0,0,16611000,16720150,898,0,0,0,0,30420,0,3,0,0,0,0,0,0
28,3728514312,1605,0,0,0,0,16600450,16716950,845,0,0,0,0,30420,0,3,0,0,0,0,0,0
29,3728514312,1606,0,0,0,0,16609900,16722600,978,0,0,0,0,30420,0,3,0,0,0,0,0,0
30,3728514312,1607,0,0,0,0,16604750,16716500,1020,0,0,0,0,30420,0,3,0,0,0,0,0,0
31,3728514312,1608,0,0,0,0,15830400,16718250,698,0,0,0,0,30420,0,3,0,0,0,0,0,0
32,3728514312,1609,0,0,0,0,16603750,16723100,949,0,0,0,0,30420,0,3,0,0,0,0,0,0
33,3728514312,1610,0,0,0,0,16828750,16941150,917,0,0,0,0,30420,0,3,0,0,0,0,0,0
34,3728514312,1611,0,0,0,0,16385600,16494450,895,0,0,0,0,30420,0,3,0,0,0,0,0,0
35,3728514312,1612,0,0,0,0,16611850,16720400,1032,0,0,0,0,30420,0,3,0,0,0,0,0,0
36,3728514312,1613,0,0,0,0,16606000,16719900,974,0,0,0,0,30420,0,3,0,0,0,0,0,0
37,3728514312,1614,0,0,0,0,16611050,16720050,945,0,0,0,0,30420,0,3,0,0,0,0,0,0
38,3728514312,1615,0,0,0,0,16608300,16719400,859,0,0,0,0,30420,0,3,0,0,0,0,0,0
39,3728514312,1616,0,0,0,0,33317400,33436500,2704,0,0,0,0,30420,0,3,0,0,0,0,0,0
40,3728514312,1617,0,0,0,0,16601850,16718450,1006,0,0,0,0,30420,0,3,0,0,0,0,0,0
41,3728514312,1618,0,0,0,0,16605850,16720350,1040,0,0,0,0,30420,0,3,0,0,0,0,0,0
42,3728514312,1619,0,0,0,0,16625750,16721550,931,0,0,0,0,30420,0,3,0,0,0,0,0,0
43,3728514312,1620,0,0,0,0,16926400,17039000,936,0,0,0,0,30420,0,3,0,0,0,0,0,0
44,3728514312,1621,0,0,0,0,16284700,16397350,907,0,0,0,0,30420,0,3,0,0,0,0,0,0
45,3728514312,1622,0,0,0,0,16609300,16721850,688,0,0,0,0,30420,0,3,0,0,0,0,0,0
46,3728514312,1623,0,0,0,0,16601750,16715150,968,0,0,0,0,30420,0,3,0,0,0,0,0,0
47,3728514312,1624,0,0,0,0,16613900,16720400,985,0,0,0,0,30420,0,3,0,0,0,0,0,0
48,3728514312,1625,0,0,0,0,16611750,16720650,972,0,0,0,0,30420,0,3,0,0,0,0,0,0
49,3728514312,1626,0,0,0,0,16606200,16718700,837,0,0,0,0,30420,0,3,0,0,0,0,0,0
50,3728514312,1627,0,0,0,0,16606650,16718900,978,0,0,0,0,30420,0,3,0,0,0,0,0,0
51,3728514312,1628,0,0,0,0,16608150,16719600,888,0,0,0,0,30420,0,3,0,0,0,0,0,0
52,3728514312,1629,0,0,0,0,16608550,16721350,992,0,0,0,0,30420,0,3,0,0,0,0,0,0
53,3728514312,1630,0,0,0,0,16606950,16716400,971,0,0,0,0,30420,0,3,0,0,0,0,0,0
54,3728514312,1631,0,0,0,0,15059200,16726700,697,0,0,0,0,30420,0,3,0,0,0,0,0,0
55,3728514312,1632,0,0,0,0,16183700,16714350,858,0,0,0,0,30420,0,3,0,0,0,0,0,0
56,3728514312,1633,0,0,0,0,16603500,16717950,1028,0,0,0,0,30420,0,3,0,0,0,0,0,0
57,3728514312,1634,0,0,0,0,16608950,16721400,1029,0,0,0,0,30420,0,3,0,0,0,0,0,0
58,3728514312,1635,0,0,0,0,16611250,16716250,923,0,0,0,0,30420,0,3,0,0,0,0,0,0
59,3728514312,1636,0,0,0,0,16613150,16719750,975,0,0,0,0,30420,0,3,0,0,0,0,0,0
60,3728514312,1637,0,0,0,0,16709200,16817850,887,0,0,0,0,30420,0,3,0,0,0,0,0,0
61,3728514312,1638,0,0,0,0,16504100,16619550,931,0,0,0,0,30420,0,3,0,0,0,0,0,0
62,3728514312,1639,0,0,0,0,16604100,16719750,982,0,0,0,0,30420,0,3,0,0,0,0,0,0
63,3728514312,1640,0,0,0,0,16615450,16725000,926,0,0,0,0,30420,0,3,0,0,0,0,0,0
64,3728514312,1641,0,0,0,0,16606250,16716500,911,0,0,0,0,30420,0,3,0,0,0,0,0,0
65,3728514312,1642,0,0,0,0,16606850,16717700,975,0,0,0,0,30420,0,3,0,0,0,0,0,0
66,3728514312,1643,0,0,0,0,16180200,16716950,876,0,0,0,0,30420,0,3,0,0,0,0,0,0
67,3728514312,1644,0,0,0,0,16614000,16722250,1007,0,0,0,0,30420,0,3,0,0,0,0,0,0
68,3728514312,1645,0,0,0,0,16602100,16719250,1022,0,0,0,0,30420,0,3,0,0,0,0,0,0
69,3728514312,1646,0,0,0,0,16612800,16719850,1035,0,0,0,0,30420,0,3,0,0,0,0,0,0
70,3728514312,1647,0,0,0,0,16614400,16719550,941,0,0,0,0,30420,0,3,0,0,0,0,0,0
71,3728514312,1648,0,0,0,0,16783000,16900600,898,0,0,0,0,30420,0,3,0,0,0,0,0,0
72,3728514312,1649,0,0,0,0,16420550,16535950,940,0,0,0,0,30420,0,3,0,0,0,0,0,0
73,3728514312,1650,0,0,0,0,16605650,16718100,952,0,0,0,0,30420,0,3,0,0,0,0,0,0
74,3728514312,1651,0,0,0,0,16599250,16718800,558,0,0,0,0,30420,0,3,0,0,0,0,0,0
75,3728514312,1652,0,0,0,0,16608050,16721700,959,0,0,0,0,30420,0,3,0,0,0,0,0,0
76,3728514312,1653,0,0,0,0,16605650,16714000,552,0,0,0,0,30420,0,3,0,0,0,0,0,0
77,3728514312,1654,0,0,0,0,15412000,17038800,634,0,0,0,0,30420,0,3,0,0,0,0,0,0
78,3728514312,1655,0,0,0,0,16280700,16406350,941,0,0,0,0,30420,0,3,0,0,0,0,0,0
79,3728514312,1656,0,0,0,0,16609600,16718100,1030,0,0,0,0,30420,0,3,0,0,0,0,0,0
80,3728514312,1657,0,0,0,0,16603250,16716800,986,0,0,0,0,30420,0,3,0,0,0,0,0,0
81,3728514312,1658,0,0,0,0,16610400,16720100,959,0,0,0,0,30420,0,3,0,0,0,0,0,0
82,3728514312,1659,0,0,0,0,16877800,16982750,917,0,0,0,0,30420,0,3,0,0,0,0,0,0
83,3728514312,1660,0,0,0,0,16348150,16456750,896,0,0,0,0,30420,0,3,0,0,0,0,0,0
84,3728514312,1661,0,0,0,0,16607550,16720000,1021,0,0,0,0,30420,0,3,0,0,0,0,0,0
85,3728514312,1662,0,0,0,0,16605200,16720300,991,0,0,0,0,30420,0,3,0,0,0,0,0,0
86,3728514312,1663,0,0,0,0,16612150,16718100,919,0,0,0,0,30420,0,3,0,0,0,0,0,0
87,3728514312,1664,0,0,0,0,16608950,16717400,978,0,0,0,0,30420,0,3,0,0,0,0,0,0
88,3728514312,1665,0,0,0,0,16696000,16805400,790,0,0,0,0,30420,0,3,0,0,0,0,0,0
89,3728514312,1666,0,0,0,0,16515200,16632500,924,0,0,0,0,30420,0,3,0,0,0,0,0,0
90,3728514312,1667,0,0,0,0,16607500,16721800,1010,0,0,0,0,30420,0,3,0,0,0,0,0,0
91,3728514312,1668,0,0,0,0,16609350,16719400,987,0,0,0,0,30420,0,3,0,0,0,0,0,0
92,3728514312,1669,0,0,0,0,16609500,16720250,925,0,0,0,0,30420,0,3,0,0,0,0,0,0
93,3728514312,1670,0,0,0,0,16961000,17071950,946,0,0,0,0,30420,0,3,0,0,0,0,0,0
94,3728514312,1671,0,0,0,0,16255000,16366600,899,0,0,0,0,30420,0,3,0,0,0,0,0,0
95,3728514312,1672,0,0,0,0,16607800,16718800,998,0,0,0,0,30420,0,3,0,0,0,0,0,0
96,3728514312,1673,0,0,0,0,16599000,16716500,972,0,0,0,0,30420,0,3,0,0,0,0,0,0
97,3728514312,1674,0,0,0,0,16608550,16720150,1035,0,0,0,0,30420,0,3,0,0,0,0,0,0
98,3728514312,1675,0,0,0,0,16610400,16720800,941,0,0,0,0,30420,0,3,0,0,0,0,0,0
99,3728514312,1676,0,0,0,0,33323950,33435950,2638,0,0,0,0,30420,0,3,0,0,0,0,0,0
100,3728514312,1677,0,0,0,0,16607750,16723450,895,0,0,0,0,30420,0,3,0,0,0,0,0,0
101,3728514312,1678,0,0,0,0,15828450,16717100,744,0,0,0,0,30420,0,3,0,0,0,0,0,0
102,3728514312,1679,0,0,0,0,16613700,16720900,955,0,0,0,0,30420,0,3,0,0,0,0,0,0
103,3728514312,1680,0,0,0,0,16607100,16716050,964,0,0,0,0,30420,0,3,0,0,0,0,0,0
104,3728514312,1681,0,0,0,0,16058200,16721500,850,0,0,0,0,30420,0,3,0,0,0,0,0,0
105,3728514312,1682,0,0,0,0,16611350,16721950,639,0,0,0,0,30420,0,3,0,0,0,0,0,0
106,3728514312,1683,0,0,0,0,16589850,16718100,1003,0,0,0,0,30420,0,3,0,0,0,0,0,0
107,3728514312,1684,0,0,0,0,16607050,16718150,945,0,0,0,0,30420,0,3,0,0,0,0,0,0
108,3728514312,1685,0,0,0,0,16614250,16717950,965,0,0,0,0,30420,0,3,0,0,0,0,0,0
109,3728514312,1686,0,0,0,0,16731700,16847900,898,0,0,0,0,30420,0,3,0,0,0,0,0,0
110,3728514312,1687,0,0,0,0,16477150,16590750,913,0,0,0,0,30420,0,3,0,0,0,0,0,0
111,3728514312,1688,0,0,0,0,16606950,16718600,979,0,0,0,0,30420,0,3,0,0,0,0,0,0
112,3728514312,1689,0,0,0,0,16608250,16719150,876,0,0,0,0,30420,0,3,0,0,0,0,0,0
113,3728514312,1690,0,0,0,0,16604150,16720300,929,0,0,0,0,30420,0,3,0,0,0,0,0,0
114,3728514312,1691,0,0,0,0,16604100,16718000,968,0,0,0,0,30420,0,3,0,0,0,0,0,0
115,3728514312,1692,0,0,0,0,16610300,16721750,891,0,0,0,0,30420,0,3,0,0,0,0,0,0
116,3728514312,1693,0,0,0,0,16605750,16720650,1002,0,0,0,0,30420,0,3,0,0,0,0,0,0
117,3728514312,1694,0,0,0,0,16605650,16716400,1023,0,0,0,0,30420,0,3,0,0,0,0,0,0
118,3728514312,1695,0,0,0,0,16612400,16720700,1023,0,0,0,0,30420,0,3,0,0,0,0,0,0
119,3728514312,1696,0,0,0,0,16608000,16719900,932,0,0,0,0,30420,0,3,0,0,0,0,0,0
120,3728514312,1697,0,0,0,0,16807800,16923250,897,0,0,0,0,30420,0,3,0,0,0,0,0,0
121,3728514312,1698,0,0,0,0,16402900,16516000,940,0,0,0,0,30420,0,3,0,0,0,0,0,0
122,3728514312,1699,0,0,0,0,16602750,16715300,984,0,0,0,0,30420,0,3,0,0,0,0,0,0
123,3728514312,1700,0,0,0,0,16607800,16719700,990,0,0,0,0,30420,0,3,0,0,0,0,0,0
124,3728514312,1701,0,0,0,0,15840650,16720450,722,0,0,0,0,30420,0,3,0,0,0,0,0,0
125,3728514312,1702,0,0,0,0,16603650,16721200,848,0,0,0,0,30420,0,3,0,0,0,0,0,0
126,3728514312,1703,0,0,0,0,16601600,16716550,851,0,0,0,0,30420,0,3,0,0,0,0,0,0
127,3728514312,1704,0,0,0,0,16610700,16722000,988,0,0,0,0,30420,0,3,0,0,0,0,0,0
128,3728514312,1705,0,0,0,0,16604850,16718500,982,0,0,0,0,30420,0,3,0,0,0,0,0,0
129,3728514312,1706,0,0,0,0,16606000,16717100,1030,0,0,0,0,30420,0,3,0,0,0,0,0,0
130,3728514312,1707,0,0,0,0,16610600,16718450,956,0,0,0,0,30420,0,3,0,0,0,0,0,0
131,3728514312,1708,0,0,0,0,17036300,17148750,943,0,0,0,0,30420,0,3,0,0,0,0,0,0
132,3728514312,1709,0,0,0,0,16172750,16290500,880,0,0,0,0,30420,0,3,0,0,0,0,0,0
133,3728514312,1710,0,0,0,0,16603900,16721950,1038,0,0,0,0,30420,0,3,0,0,0,0,0,0
134,3728514312,1711,0,0,0,0,16605050,16716850,974,0,0,0,0,30420,0,3,0,0,0,0,0,0
135,3728514312,1712,0,0,0,0,16610200,16719400,938,0,0,0,0,30420,0,3,0,0,0,0,0,0
136,3728514312,1713,0,0,0,0,16605900,16718800,576,0,0,0,0,30420,0,3,0,0,0,0,0,0
137,3728514312,1714,0,0,0,0,16604500,16719500,765,0,0,0,0,30420,0,3,0,0,0,0,0,0
138,3728514312,1715,0,0,0,0,16607950,16721550,984,0,0,0,0,30420,0,3,0,0,0,0,0,0
139,3728514312,1716,0,0,0,0,16609700,16718200,983,0,0,0,0,30420,0,3,0,0,0,0,0,0
140,3728514312,1717,0,0,0,0,16608300,16719950,1026,0,0,0,0,30420,0,3,0,0,0,0,0,0
141,3728514312,1718,0,0,0,0,16607300,16720600,924,0,0,0,0,30420,0,3,0,0,0,0,0,0
142,3728514312,1719,0,0,0,0,16608650,16719500,939,0,0,0,0,30420,0,3,0,0,0,0,0,0
143,3728514312,1720,0,0,0,0,16213750,16716050,902,0,0,0,0,30420,0,3,0,0,0,0,0,0
144,3728514312,1721,0,0,0,0,16600200,16719800,987,0,0,0,0,30420,0,3,0,0,0,0,0,0
145,3728514312,1722,0,0,0,0,16606000,16718300,1020,0,0,0,0,30420,0,3,0,0,0,0,0,0
146,3728514312,1723,0,0,0,0,16609850,16722100,1019,0,0,0,0,30420,0,3,0,0,0,0,0,0
147,3728514312,1724,0,0,0,0,15832750,16717100,656,0,0,0,0,30420,0,3,0,0,0,0,0,0
148,3728514312,1725,0,0,0,0,16685100,16799800,878,0,0,0,0,30420,0,3,0,0,0,0,0,0
149,3728514312,1726,0,0,0,0,16528350,16642100,895,0,0,0,0,30420,0,3,0,0,0,0,0,0
150,3728514312,1727,0,0,0,0,16603400,16715050,936,0,0,0,0,30420,0,3,0,0,0,0,0,0
151,3728514312,1728,0,0,0,0,16611650,16719800,980,0,0,0,0,30420,0,3,0,0,0,0,0,0
152,3728514312,1729,0,0,0,0,16610050,16719400,954,0,0,0,0,30420,0,3,0,0,0,0,0,0
153,3728514312,1730,0,0,0,0,16609250,16719850,945,0,0,0,0,30420,0,3,0,0,0,0,0,0
154,3728514312,1731,0,0,0,0,16144400,16718800,874,0,0,0,0,30420,0,3,0,0,0,0,0,0
155,3728514312,1732,0,0,0,0,16608550,16721000,1040,0,0,0,0,30420,0,3,0,0,0,0,0,0
156,3728514312,1733,0,0,0,0,16608050,16720650,988,0,0,0,0,30420,0,3,0,0,0,0,0,0
157,3728514312,1734,0,0,0,0,16605450,16718800,1023,0,0,0,0,30420,0,3,0,0,0,0,0,0
158,3728514312,1735,0,0,0,0,16609550,16717650,962,0,0,0,0,30420,0,3,0,0,0,0,0,0
159,3728514312,1736,0,0,0,0,33324300,33438150,2744,0,0,0,0,30420,0,3,0,0,0,0,0,0
160,3728514312,1737,0,0,0,0,16605700,16722450,961,0,0,0,0,30420,0,3,0,0,0,0,0,0
161,3728514312,1738,0,0,0,0,16606750,16715400,949,0,0,0,0,30420,0,3,0,0,0,0,0,0
162,3728514312,1739,0,0,0,0,16622750,16722550,919,0,0,0,0,30420,0,3,0,0,0,0,0,0
163,3728514312,1740,0,0,0,0,16609000,16716200,974,0,0,0,0,30420,0,3,0,0,0,0,0,0
164,3728514312,1741,0,0,0,0,16613750,16721650,878,0,0,0,0,30420,0,3,0,0,0,0,0,0
165,3728514312,1742,0,0,0,0,17057400,17167250,816,0,0,0,0,30420,0,3,0,0,0,0,0,0
166,3728514312,1743,0,0,0,0,16148450,16268850,851,0,0,0,0,30420,0,3,0,0,0,0,0,0
167,3728514312,1744,0,0,0,0,16611050,16719600,1034,0,0,0,0,30420,0,3,0,0,0,0,0,0
168,3728514312,1745,0,0,0,0,16612850,16720200,919,0,0,0,0,30420,0,3,0,0,0,0,0,0
169,3728514312,1746,0,0,0,0,16860600,16973100,918,0,0,0,0,30420,0,3,0,0,0,0,0,0
170,3728514312,1747,0,0,0,0,16360650,16466400,920,0,0,0,0,30420,0,3,0,0,0,0,0,0
171,3728514312,1748,0,0,0,0,16606100,16717050,1004,0,0,0,0,30420,0,3,0,0,0,0,0,0
172,3728514312,1749,0,0,0,0,16604900,16718750,982,0,0,0,0,30420,0,3,0,0,0,0,0,0
173,3728514312,1750,0,0,0,0,16614000,16724900,908,0,0,0,0,30420,0,3,0,0,0,0,0,0
174,3728514312,1751,0,0,0,0,16606750,16718050,920,0,0,0,0,30420,0,3,0,0,0,0,0,0
175,3728514312,1752,0,0,0,0,16604850,16717500,877,0,0,0,0,30420,0,3,0,0,0,0,0,0
176,3728514312,1753,0,0,0,0,16603800,16720250,979,0,0,0,0,30420,0,3,0,0,0,0,0,0
177,3728514312,1754,0,0,0,0,16600150,16716950,988,0,0,0,0,30420,0,3,0,0,0,0,0,0
178,3728514312,1755,0,0,0,0,16602500,16718850,1032,0,0,0,0,30420,0,3,0,0,0,0,0,0
179,3728514312,1756,0,0,0,0,16606050,16719500,967,0,0,0,0,30420,0,3,0,0,0,0,0,0
CSV_END

STUDY_DONE_d767e28fb2f1=0
# 