/tmp/app --transport unrolled --state-frame 0 --frames 180 --warmup 30 --wait spin --profile detailed --csv /tmp/transport-frames.csv --grouped --dump /tmp/transport-frame.raw && printf "CSV_BEGIN\n" && cat /tmp/transport-frames.csv && printf "CSV_END\n"; study_status=$?; printf "\nSTUDY_DONE_b01243cd41c4=%s\n" "$study_status"
TRANSPORT mode=unrolled dma_minimum=64
BEGIN_BREAKOUT frames=180 warmup=30 fixed=0 blocks=40 tiles=1 hud=1 wait=spin replay=0 state_frame=0 profile=detailed pixel_centers=1 clock_call_ns=5933
HW_COUNTERS unavailable
RESULT frames=180 elapsed_s=10.733411350 fps=16.770064 logic_ms=1.014573 api_ms=15.118607 swap_ms=34.371449 wait_ms=8.955462 worker_inclusive_ms=34.161243 upload_inclusive_ms=6.394070 write_ms=6.121794 bytes_per_frame=30951.56 p50_ms=66.875050 p95_ms=66.882050 max_ms=67.461350 late_60hz=180 first_count=1145 last_count=1324 state_hash=8f34e8fd remaining=38 score=20
RENDER_PATH retained=0 grouped=1 quads=13131 full_frames=180
FRAME_CHECK count=1324 address=9fe00000 fnv1a=79c99b23 pixels=307200 mismatches=0
BREAKOUT_PASS
CSV_BEGIN
frame,state_hash,display_count,logic_ns,api_ns,swap_ns,wait_ns,total_ns,completion_interval_ns,polls,worker_inclusive_ns,upload_inclusive_ns,write_ns,read_ns,write_bytes,read_bytes,write_calls,read_calls,dma_copy_ns,dma_launch_ns,dma_completion_wait_ns,dma_bytes,dma_lists
0,3724779174,1145,730450,14343700,33948750,751350,49774250,49787400,153,33769050,6201000,5995350,0,31172,0,5,0,0,0,0,0,0
1,1709657109,1146,884450,14991100,34702950,16189150,66767650,66879250,3123,34531150,6764250,6535850,0,31172,0,5,0,0,0,0,0,0
2,1894904752,1147,856250,15077300,36063400,14764650,66761600,66877300,2833,35884650,6533500,6293450,0,31172,0,5,0,0,0,0,0,0
3,3703759967,1148,808900,14453700,33756200,524100,49542900,50154900,104,33568850,6195100,5981650,0,31172,0,5,0,0,0,0,0,0
4,19533624,1149,850550,15132100,34479250,32450,50494350,50604150,0,34307550,6747850,5913800,0,31172,0,5,0,0,0,0,0,0
5,816884773,1150,803550,14285350,34259900,255750,49604550,49715400,47,33255650,6594150,6364300,0,31172,0,5,0,0,0,0,0,0
6,1339236364,1151,858500,14996750,34583750,16328150,66767150,66876200,3069,34417400,6751000,6522050,0,31172,0,5,0,0,0,0,0,0
7,3072959373,1152,818600,15245500,33861850,111600,50037550,50155550,17,33687000,6103500,5885100,0,31172,0,5,0,0,0,0,0,0
8,1782884746,1153,1595750,14429800,33796500,230700,50052750,50157400,41,33615350,6194900,5984000,0,31172,0,5,0,0,0,0,0,0
9,30296781,1154,814050,15198550,34068500,16690800,66771900,66879950,3077,33894850,6141050,5917400,0,31492,0,5,0,0,0,0,0,0
10,4026418858,1155,848450,14269850,34738600,175300,50032200,50153050,32,34554700,6787800,6529500,0,31492,0,5,0,0,0,0,0,0
11,2084929051,1156,811750,14978700,35884450,15098550,66773450,66880600,2839,35719300,8185750,7946100,0,31492,0,5,0,0,0,0,0,0
12,3114489770,1157,855700,20950100,34063350,10893300,66762450,66878650,2063,33871650,6194400,5977200,0,31172,0,5,0,0,0,0,0,0
13,891400471,1158,809400,14320400,33933450,970250,50033500,50155500,201,33755950,6213750,5359150,0,31172,0,5,0,0,0,0,0,0
14,3472773456,1159,2057650,14334100,34002000,15666700,66060450,66880850,2997,33831800,6304650,6059050,0,31172,0,5,0,0,0,0,0,0
15,3010688243,1160,813150,15221850,33958500,16805650,66799150,66916850,3113,33780050,6095900,5882350,0,31172,0,5,0,0,0,0,0,0
16,2819524756,1161,848600,14271800,34017000,858300,49995700,50113500,177,33830800,6250250,6022400,0,31172,0,5,0,0,0,0,0,0
17,3241678401,1162,816950,14983300,34794600,16178900,66773750,66881500,3122,34624850,6487500,6255450,0,31172,0,5,0,0,0,0,0,0
18,2154316504,1163,857450,15098250,34054400,16890850,66900950,67017300,3160,33878200,6111450,5902100,0,31172,0,5,0,0,0,0,0,0
19,772262681,1164,809150,14445800,33968800,676900,49900650,50015400,138,33780750,6314000,6082300,0,31172,0,5,0,0,0,0,0,0
20,3882818750,1165,849750,16588800,34075900,15258100,66772550,66880100,2865,33253200,6563550,6323500,0,31172,0,5,0,0,0,0,0,0
21,521131153,1166,807950,15073350,33389600,766800,50037700,50156950,158,33206550,5754600,5543600,0,31172,0,5,0,0,0,0,0,0
22,1838187414,1167,1711450,14301800,33905700,127550,50046500,50154150,19,33725800,6331550,6118000,0,31172,0,5,0,0,0,0,0,0
23,840574439,1168,821250,15249300,33937500,16765150,66773200,66879850,3096,33754150,6092800,5869850,0,31172,0,5,0,0,0,0,0,0
24,2879461878,1169,847750,14299300,34745600,149700,50042350,50158850,26,34562950,6617750,6371600,0,31172,0,5,0,0,0,0,0,0
25,202086035,1170,818450,14975450,34480250,16491600,66765750,66878350,3186,34308700,6720650,6486900,0,31172,0,5,0,0,0,0,0,0
26,959703924,1171,850800,15057150,34001250,127850,50037050,50153350,20,33819250,6104250,5895250,0,31172,0,5,0,0,0,0,0,0
27,3795724423,1172,1511150,14288050,34148850,16825000,66773050,66878850,3187,33971000,6330500,6107500,0,31172,0,5,0,0,0,0,0,0
28,2500539904,1173,847800,15067450,34316000,16528600,66759850,66877550,2848,34141950,6731000,6496650,0,31172,0,5,0,0,0,0,0,0
29,2269000541,1174,833800,15098000,43209750,7703200,66844750,66967650,1473,43044050,6116200,5895000,0,31172,0,5,0,0,0,0,0,0
30,1900681108,1175,850350,14345250,34069850,686700,49952150,50068300,140,33892700,6324200,6101500,0,31172,0,5,0,0,0,0,0,0
31,3680168245,1176,826100,15000200,34815450,16127950,66769700,66875600,3110,34651950,6482450,6252450,0,31172,0,5,0,0,0,0,0,0
32,2344329490,1177,846350,15067500,33979550,150900,50044300,50159500,25,33803050,6088050,5881650,0,31172,0,5,0,0,0,0,0,0
33,2130650181,1178,1550400,14287750,34301250,16633500,66772900,66877200,3205,34121550,6379050,6155850,0,31492,0,5,0,0,0,0,0,0
34,906966818,1179,852550,15086800,34805700,16012600,66757650,66877000,3052,34635150,7100150,6867550,0,31492,0,5,0,0,0,0,0,0
35,3939376531,1180,807450,15052500,33643200,536700,50039850,50157500,109,33468750,5934650,5713400,0,31492,0,5,0,0,0,0,0,0
36,2110688546,1181,1604100,14242450,34081550,117900,50046000,50155300,17,33907500,6478000,6266900,0,31172,0,5,0,0,0,0,0,0
37,2695523007,1182,845500,15157350,36061100,13986500,66050450,66881850,2631,35877000,6688450,6427950,0,31172,0,5,0,0,0,0,0,0
38,744447992,1183,849400,14315850,34963350,16631400,66760000,66873600,3197,34780100,6735750,6491250,0,31172,0,5,0,0,0,0,0,0
39,3728640411,1184,1466800,14270700,34188300,114350,50040150,50155350,17,34013050,6327050,6109700,0,31172,0,5,0,0,0,0,0,0
40,618879740,1185,847900,15097050,34143500,16718250,66806700,66915800,3120,33962550,6140150,5923000,0,31172,0,5,0,0,0,0,0,0
41,1239708057,1186,812700,14468350,34741850,16702100,66725000,66843550,3183,34571300,7093550,6822400,0,31172,0,5,0,0,0,0,0,0
42,2429742208,1187,1499750,14259450,34212750,16786800,66758750,66876800,3246,34030000,6482000,6258550,0,31172,0,5,0,0,0,0,0,0
43,412095716,1188,807800,14975400,34784800,16193250,66761250,66877800,3127,34618400,6755300,6525200,0,31172,0,5,0,0,0,0,0,0
44,1226741467,1189,846700,15185200,33430200,581350,50043450,50157100,118,33245900,6477150,5555250,0,31172,0,5,0,0,0,0,0,0
45,3288446148,1190,1845050,14264700,36579050,14085350,66774150,66877200,2635,36391600,6012400,5790100,0,31172,0,5,0,0,0,0,0,0
46,1157984843,1191,839550,22214150,33687650,10017450,66758800,66875600,1856,33499850,5937150,5719550,0,31172,0,5,0,0,0,0,0,0
47,3877288378,1192,807800,15076200,33684400,470050,50038450,50155500,94,33506000,6505100,5548050,0,31172,0,5,0,0,0,0,0,0
48,4236526315,1193,1627150,14227400,34522400,16397400,66774350,66878300,3160,34348450,6227100,6009700,0,31172,0,5,0,0,0,0,0,0
49,533834014,1194,818350,15036850,36275950,14625300,66756450,66877750,2664,36108550,8228600,5920450,0,31172,0,5,0,0,0,0,0,0
50,1649361089,1195,879600,15244200,33557350,353300,50034450,50159550,69,33370450,6585050,6349750,0,31172,0,5,0,0,0,0,0,0
51,2486981906,1196,811800,15125850,34495450,16337600,66770700,66874800,3112,34330800,6795800,6569500,0,31172,0,5,0,0,0,0,0,0
52,1706075277,1197,851850,15022300,33969200,942400,50785750,50898000,36,33781150,6141450,5926600,0,31172,0,5,0,0,0,0,0,0
53,267972368,1198,808550,14273850,33842750,373300,49298450,49417300,73,32991450,6315400,6079750,0,31172,0,5,0,0,0,0,0,0
54,3895401273,1199,849900,15187050,36132200,14604100,66773250,66880550,2730,35954450,6545600,6282100,0,31172,0,5,0,0,0,0,0,0
55,605985656,1200,806600,15086900,34511000,16354100,66758600,66876850,3125,34340100,6127750,5921000,0,31172,0,5,0,0,0,0,0,0
56,4077673024,1201,887800,14307450,33868200,549050,49612500,50157300,110,33692050,6191800,5967050,0,30852,0,5,0,0,0,0,0,0
57,985632231,1202,845100,15073650,34667800,16177150,66763700,66877100,3123,34499850,6715300,6487400,0,30852,0,5,0,0,0,0,0,0
58,3720590956,1203,882400,15251300,33631000,275000,50039700,50154950,53,33455350,6007300,5790950,0,30852,0,5,0,0,0,0,0,0
59,3264032585,1204,1645200,14363850,33983850,16779300,66772200,66880200,3221,33801000,6292050,6081950,0,30852,0,5,0,0,0,0,0,0
60,395405688,1205,915850,15083150,34355800,15666950,66021750,66878900,3012,34182650,6664050,6432350,0,30852,0,5,0,0,0,0,0,0
61,32142420,1206,855250,14982750,33685850,511600,50035450,50152800,103,33506600,6602750,6350900,0,30852,0,5,0,0,0,0,0,0
62,1187067055,1207,1651300,14223700,36321200,14579750,66775950,66880050,2750,36144850,8133000,7873550,0,30852,0,5,0,0,0,0,0,0
63,459140908,1208,839000,22328650,33399400,10191200,66758250,66875950,1893,33193050,5707650,5496450,0,30852,0,5,0,0,0,0,0,0
64,3369786495,1209,872400,15290050,33442650,435100,50040200,50159500,86,33264650,6548050,6310100,0,30852,0,5,0,0,0,0,0,0
65,1572434254,1210,843000,15136650,34406450,16382700,66768800,66876100,3129,34234200,6642650,6426950,0,30852,0,5,0,0,0,0,0,0
66,4107798823,1211,870550,15025900,34017550,125200,50039200,50157900,20,33827550,6216950,6003100,0,30852,0,5,0,0,0,0,0,0
67,343968250,1212,840750,14291300,33817550,461350,49410950,50158050,91,33637700,6312500,6086750,0,30852,0,5,0,0,0,0,0,0
68,3102454017,1213,881400,15038350,34630250,35500,50585500,50691150,0,33694200,6098500,5876700,0,30852,0,5,0,0,0,0,0,0
69,3051095563,1214,844650,15007050,33727200,16653200,66232100,66343700,3174,33551400,6531150,6277550,0,30852,0,5,0,0,0,0,0,0
70,2391331016,1215,1527900,14228700,34185750,16815700,66758050,66878150,3258,34006000,6303450,6085100,0,30852,0,5,0,0,0,0,0,0
71,3869016117,1216,845950,15036650,35698850,15179500,66760950,66876650,2894,35526450,6225900,5986050,0,30852,0,5,0,0,0,0,0,0
72,1579800804,1217,876900,15233350,33798050,130350,50038650,50157600,22,33623300,6934150,6690700,0,30852,0,5,0,0,0,0,0,0
73,2792341157,1218,1619150,14356750,34125050,16673300,66774250,66878700,3195,33940500,6440800,6232950,0,30852,0,5,0,0,0,0,0,0
74,714702942,1219,873350,15035500,33982800,673450,50565100,50684400,1,33799750,6225550,6002500,0,30852,0,5,0,0,0,0,0,0
75,1092538936,1220,838450,14263300,33815700,593750,49511200,49627000,119,33634700,6315700,6095750,0,30852,0,5,0,0,0,0,0,0
76,1561271239,1221,881450,15012050,34797150,16080800,66771450,66879900,3104,34624950,6667050,6436450,0,31172,0,5,0,0,0,0,0,0
77,3798074098,1222,842900,15070500,33783900,337900,50035200,50156850,66,33612300,5902150,5693750,0,31172,0,5,0,0,0,0,0,0
78,3022639071,1223,1683250,14244400,34118000,16729350,66775000,66879400,3239,33937850,6345400,6134200,0,31172,0,5,0,0,0,0,0,0
79,2282770062,1224,843900,15005700,34644000,16846750,67340350,67461350,2921,34482200,6686850,6459600,0,30852,0,5,0,0,0,0,0,0
80,1626512457,1225,904250,15266050,41403450,8593850,66167600,66292600,1598,41224800,6044150,5826600,0,30852,0,5,0,0,0,0,0,0
81,3156888026,1226,846900,14335700,33977850,471400,49631850,50156300,94,33797250,6361900,5507400,0,30852,0,5,0,0,0,0,0,0
82,3038824309,1227,883350,15058500,34595000,16230000,66766850,66877950,3139,34437850,6808150,6570600,0,30852,0,5,0,0,0,0,0,0
83,1261846460,1228,842150,15392950,33930050,16596200,66761350,66877700,3186,33756250,6033150,5816800,0,30852,0,5,0,0,0,0,0,0
84,2035201521,1229,921100,15344550,33742100,15526550,65534300,66877300,2954,33570850,6005650,5802650,0,30852,0,5,0,0,0,0,0,0
85,2164446652,1230,845000,15062300,34184250,16666750,66758300,66878600,3197,34007300,6509650,6270800,0,30852,0,5,0,0,0,0,0,0
86,2017191835,1231,886350,15040400,34989950,15840550,66757250,66873300,3058,34240750,6085700,5874700,0,30852,0,5,0,0,0,0,0,0
87,3029138484,1232,855250,14299300,33877000,1013350,50044900,50157850,211,33698800,6178750,5308800,0,30852,0,5,0,0,0,0,0,0
88,50355403,1233,878750,17513300,33490050,14890300,66772400,66876950,2822,33324150,5645700,5437800,0,30852,0,5,0,0,0,0,0,0
89,654213990,1234,844750,15262450,34119600,16544800,66771600,66891850,3046,33943550,6326100,6104600,0,30852,0,5,0,0,0,0,0,0
90,2360099787,1235,869450,14283850,33816350,1054000,50023650,50141400,218,33632450,6297450,6087150,0,30852,0,5,0,0,0,0,0,0
91,2424818746,1236,857200,14927650,34525450,16468500,66778800,66881350,3188,34355550,6817500,6587950,0,30852,0,5,0,0,0,0,0,0
92,1971386461,1237,873550,15052900,33941450,174500,50042400,50156750,30,33760400,6062700,5858500,0,30852,0,5,0,0,0,0,0,0
93,3386045126,1238,1587500,14286200,34570650,16331450,66775800,66876150,3141,34400150,6435450,6202650,0,30852,0,5,0,0,0,0,0,0
94,1429641961,1239,881500,14895950,34557400,16420650,66755500,66878550,3177,34389700,6689300,6462250,0,30852,0,5,0,0,0,0,0,0
95,3022846880,1240,849450,15216100,33742950,232900,50041400,50154750,43,33568000,6038600,5819750,0,30852,0,5,0,0,0,0,0,0
96,1601897261,1241,1623000,14417850,36345700,14392150,66778700,66879250,2669,36169600,5958450,5741900,0,30852,0,5,0,0,0,0,0,0
97,1229951528,1242,838700,23142200,34455800,8326900,66763600,66880250,1603,34277350,6508900,6276050,0,30852,0,5,0,0,0,0,0,0
98,4065171759,1243,874450,15073700,33887650,207300,50043100,50156100,37,33714100,6028300,5824450,0,30852,0,5,0,0,0,0,0,0
99,1034325744,1244,1601150,14281900,33944650,228450,50056150,50155100,41,33768250,6155500,5945250,0,30852,0,5,0,0,0,0,0,0
100,14078671,1245,883100,15077250,35127300,15686900,66774550,66880950,3020,34961950,6730950,6507050,0,31172,0,5,0,0,0,0,0,0
101,4024270554,1246,843150,14313700,34083250,797050,50037150,50156200,164,33907400,6310100,6057650,0,31172,0,5,0,0,0,0,0,0
102,896191351,1247,881250,14964950,34416250,16510450,66772900,66879000,3197,34239250,6547200,6306900,0,31172,0,5,0,0,0,0,0,0
103,2131384102,1248,844450,15219850,34278650,16442000,66784950,66899500,3034,34113800,6095450,5878500,0,30852,0,5,0,0,0,0,0,0
104,2586210593,1249,871500,14284700,33807250,1052900,50016350,50132300,218,33618750,6288500,6078800,0,30852,0,5,0,0,0,0,0,0
105,591918370,1250,841800,16334550,34329500,15262500,66768350,66880300,2908,34158350,6665100,6402150,0,30852,0,5,0,0,0,0,0,0
106,8814317,1251,876750,15062450,33974350,117850,50031400,50153700,18,33798350,6094800,5888600,0,30852,0,5,0,0,0,0,0,0
107,2340504196,1252,907500,15495200,34021050,14829900,65253650,66880150,2802,33843600,5977050,5756100,0,30852,0,5,0,0,0,0,0,0
108,3523076009,1253,876550,14914300,34555400,16414400,66760650,66875050,3177,34385750,6722000,6494550,0,30852,0,5,0,0,0,0,0,0
109,1961669028,1254,851050,15217900,33803400,167500,50039850,50157150,29,33632500,6071550,5855850,0,30852,0,5,0,0,0,0,0,0
110,1037581603,1255,1637600,14425900,34186200,16530800,66780500,66881150,3151,34003450,6311900,6090200,0,30852,0,5,0,0,0,0,0,0
111,2701024588,1256,854550,14939800,34642100,16321550,66758000,66877100,3157,34472500,6714850,6482100,0,30852,0,5,0,0,0,0,0,0
112,215037203,1257,878150,15028700,33564150,573350,50044350,50157050,116,33388500,5791500,5590800,0,30852,0,5,0,0,0,0,0,0
113,3696282862,1258,1618650,14279550,36152000,14724950,66775150,66876100,2725,35968300,5971150,5748150,0,30852,0,5,0,0,0,0,0,0
114,2829142928,1259,874050,22596450,33930750,9360000,66761250,66877000,1679,33747000,6087850,5862950,0,30852,0,5,0,0,0,0,0,0
115,3204762949,1260,843800,15047900,33359950,785350,50037000,50155450,162,33184800,6439100,5464250,0,30852,0,5,0,0,0,0,0,0
116,3297489190,1261,1817050,14242250,36128050,14592350,66779700,66879550,2720,35946950,5970500,5756550,0,30852,0,5,0,0,0,0,0,0
117,1691704917,1262,835250,15002000,34846900,16075600,66759750,66879150,3105,34674650,6530650,6301200,0,30852,0,5,0,0,0,0,0,0
118,663957814,1263,883050,15060850,33513650,583950,50041500,50154800,118,33330750,5741550,5543650,0,30852,0,5,0,0,0,0,0,0
119,3058583827,1264,1654250,14261200,34144850,16721300,66781600,66880100,3235,33962550,6276350,6062000,0,30852,0,5,0,0,0,0,0,0
120,838545270,1265,870750,15200350,34768800,15919300,66759200,66874850,3034,34597200,7054750,6830500,0,30852,0,5,0,0,0,0,0,0
121,3608912039,1266,834700,15070200,33626800,511100,50042800,50158000,103,33444500,6721150,6466350,0,30852,0,5,0,0,0,0,0,0
122,4080159716,1267,3031850,15095550,33426000,15215500,66768900,66876650,2891,33253250,5841350,5637200,0,30852,0,5,0,0,0,0,0,0
123,1056027075,1268,838100,15032050,34665000,16223650,66758800,66878550,3140,33903600,6098350,5867600,0,30852,0,5,0,0,0,0,0,0
124,4057021248,1269,871400,15326750,33619050,223600,50040800,50157950,41,33445350,5800550,5594300,0,31172,0,5,0,0,0,0,0,0
125,2686741161,1270,843550,14952250,34344850,16635800,66776450,66878050,3217,34166950,6444400,6234600,0,31172,0,5,0,0,0,0,0,0
126,3870849660,1271,875400,15163900,33892250,16827900,66759450,66878400,3113,33711450,6099050,5879350,0,31172,0,5,0,0,0,0,0,0
127,293449641,1272,835550,14934550,33882700,383250,50036050,50154000,76,33700050,6710000,6462600,0,30852,0,5,0,0,0,0,0,0
128,596064266,1273,881250,14916600,34206100,16768650,66772600,66877650,3251,34035150,6628700,6385400,0,30852,0,5,0,0,0,0,0,0
129,3715495249,1274,848900,15012450,34012250,164850,50038450,50158800,29,33834700,6051750,5829400,0,30852,0,5,0,0,0,0,0,0
130,244680018,1275,919050,15225500,35997550,13410450,65552550,67019350,1517,35811900,6112500,5901300,0,30852,0,5,0,0,0,0,0,0
131,4080661783,1276,1967550,14309700,34067150,16259600,66604000,66736950,3138,33894250,6296250,6090850,0,30852,0,5,0,0,0,0,0,0
132,4006730450,1277,879600,15186700,33818900,153400,50038600,50156100,26,33636150,6059750,5849200,0,30852,0,5,0,0,0,0,0,0
133,3864584507,1278,1528300,15125700,32989250,409350,50052600,50157800,81,32799100,6189700,5329550,0,30852,0,5,0,0,0,0,0,0
134,2711027320,1279,888150,15203750,34673850,16005050,66770800,66877300,3056,34513950,6685800,6455800,0,30852,0,5,0,0,0,0,0,0
135,4099079087,1280,842900,15029900,33545650,622450,50040900,50155350,127,33366700,6710650,6455300,0,30852,0,5,0,0,0,0,0,0
136,565333772,1281,1670300,14230800,34132000,16748900,66782000,66881650,3247,33954850,6493950,5303750,0,30852,0,5,0,0,0,0,0,0
137,1028518269,1282,841400,14994550,33993650,708750,50538350,50659500,14,33818400,6046250,5828450,0,30852,0,5,0,0,0,0,0,0
138,2252688136,1283,873400,14257350,34313000,16810800,66254550,66373750,3247,34130400,6441650,6211450,0,30852,0,5,0,0,0,0,0,0
139,578597309,1284,840850,17427250,33668800,14819250,66756150,66875400,2807,33485050,5901250,5689750,0,30852,0,5,0,0,0,0,0,0
140,3624439358,1285,871750,15220300,33819200,715450,50626700,50748400,17,33643300,6055100,5823750,0,30852,0,5,0,0,0,0,0,0
141,3514067501,1286,841500,15091800,33736400,16503000,66172700,66288650,3142,33554050,6581200,6327050,0,30852,0,5,0,0,0,0,0,0
142,2741972910,1287,880850,14804300,34238850,109750,50033750,50154850,16,34062100,6507500,6277750,0,30852,0,5,0,0,0,0,0,0
143,28497579,1288,838250,15122800,33508200,583600,50052850,50158250,118,33328450,6578700,6334400,0,30852,0,5,0,0,0,0,0,0
144,466729326,1289,1691400,14219700,34076600,16790900,66778600,66878700,3256,33900650,6444500,6227450,0,30852,0,5,0,0,0,0,0,0
145,3425349295,1290,844500,15327050,34537000,16051300,66759850,66879700,3097,34369650,6679300,6453650,0,30852,0,5,0,0,0,0,0,0
146,1537640620,1291,876600,15203700,33325200,629750,50035250,50153050,128,33143000,6498600,6262200,0,30852,0,5,0,0,0,0,0,0
147,1853842891,1292,1607800,14225900,35412150,15533900,66779750,66880100,2932,35243450,7550050,7337350,0,30852,0,5,0,0,0,0,0,0
148,1177024904,1293,892400,19837300,37831850,8196400,66757950,66875900,1583,37037650,6225150,5995300,0,31172,0,5,0,0,0,0,0,0
149,4106734849,1294,842950,14988400,33713300,498900,50043550,50159300,100,33537150,6557450,6314150,0,31172,0,5,0,0,0,0,0,0
150,2025356500,1295,1669800,14177350,34317300,16604700,66769150,66874800,3212,34137150,6370000,6157700,0,31172,0,5,0,0,0,0,0,0
151,2189605121,1296,845350,14988200,34102550,16826600,66762700,66880000,3063,33921650,6082400,5858650,0,30852,0,5,0,0,0,0,0,0
152,4086136290,1297,878400,15159200,33438100,560950,50036650,50155700,113,33259150,6603150,6367000,0,30852,0,5,0,0,0,0,0,0
153,4036669705,1298,1734000,14481400,34107350,15733700,66056450,66878750,2981,33249750,6605350,6364450,0,30852,0,5,0,0,0,0,0,0
154,4167980074,1299,884650,15011800,33878300,261000,50035750,50154900,49,33688050,6090250,5879900,0,30852,0,5,0,0,0,0,0,0
155,51187407,1300,835350,14290900,34411250,16490300,66027800,66881950,3143,33582600,6589650,6340600,0,30852,0,5,0,0,0,0,0,0
156,2242638442,1301,874550,17022850,33558750,15298200,66754350,66874950,2912,33391800,6553950,6300550,0,30852,0,5,0,0,0,0,0,0
157,2730108163,1302,844450,15053900,34107800,16753250,66759400,66877900,3126,33935750,6078850,5860350,0,30852,0,5,0,0,0,0,0,0
158,2718743917,1303,880000,15064250,33873300,220750,50038300,50156750,42,33696150,7088600,6843700,0,30852,0,5,0,0,0,0,0,0
159,3391709842,1304,836450,15148300,34279950,16509200,66773900,66877050,3154,34106150,6537950,6298350,0,30852,0,5,0,0,0,0,0,0
160,1164604273,1305,873300,15014950,34007100,148150,50043500,50158000,25,33829000,6223250,6009550,0,30852,0,5,0,0,0,0,0,0
161,2148591176,1306,1520350,14268900,33828350,433050,50050650,50156200,85,33656250,6223950,5993900,0,30852,0,5,0,0,0,0,0,0
162,4192737573,1307,885600,15079150,34959350,15850500,66774600,66878800,3056,34791250,6847950,6618850,0,30852,0,5,0,0,0,0,0,0
163,535584840,1308,848550,14951900,33612000,630000,50042450,50156350,128,33440700,6610050,6373300,0,30852,0,5,0,0,0,0,0,0
164,3430794475,1309,884700,14951650,34288400,16652000,66776750,66881500,2894,34114500,6475750,6265950,0,30852,0,5,0,0,0,0,0,0
165,776323552,1310,869850,15049300,41497950,9331200,66748300,66875650,1622,41320500,6075650,5860000,0,30852,0,5,0,0,0,0,0,0
166,3330991427,1311,888300,15233700,33439850,474700,50036550,50153300,95,33264050,6611650,6375250,0,30852,0,5,0,0,0,0,0,0
167,3282074430,1312,846250,15119500,34281350,16529100,66776200,66882300,3160,34107000,6613150,6372650,0,30852,0,5,0,0,0,0,0,0
168,2597814595,1313,879050,14984450,33955050,219950,50038500,50155400,40,33776900,6216000,6001350,0,30852,0,5,0,0,0,0,0,0
169,2225601370,1314,840100,14293400,34498900,16505450,66137850,66878300,3170,34317750,6592850,6347700,0,30852,0,5,0,0,0,0,0,0
170,3716853465,1315,888550,14834100,34276800,16752200,66751650,66876350,3247,34102700,6530900,6298550,0,30852,0,5,0,0,0,0,0,0
171,1080675697,1316,860000,14908850,33550350,720750,50039950,50155850,148,33383700,5975950,5759100,0,30212,0,5,0,0,0,0,0,0
172,219920238,1317,1528450,14092600,33728050,703000,50052100,50155600,143,33550850,6370350,6157750,0,30212,0,5,0,0,0,0,0,0
173,3070385651,1318,843350,15228700,35868750,14828900,66769700,66882050,2817,35687700,6307300,6061750,0,30212,0,5,0,0,0,0,0,0
174,2609556270,1319,880250,15059950,32579150,1519550,50038900,50158100,318,32402350,6093050,5883950,0,30212,0,5,0,0,0,0,0,0
175,141401383,1320,1585200,14208700,33970300,281450,50045650,50153650,53,33796950,6630150,6400650,0,30212,0,5,0,0,0,0,0,0
176,3034105280,1321,877000,15081350,33384550,711950,50054850,50160700,147,33206850,6802650,6564250,0,30212,0,5,0,0,0,0,0,0
177,3029196371,1322,1624850,14223250,33893250,308700,50050050,50156050,58,33709500,6543000,6306850,0,30212,0,5,0,0,0,0,0,0
178,699378668,1323,876750,15055200,32943400,1173450,50048800,50159350,245,32761250,5660750,5460600,0,30212,0,5,0,0,0,0,0,0
179,2402609405,1324,1514050,14162600,33888100,493250,50058000,50156700,98,33715050,6380950,6164900,0,30212,0,5,0,0,0,0,0,0
CSV_END

STUDY_DONE_b01243cd41c4=0
# 