/tmp/app-lto --transport apb --state-frame 0 --frames 180 --warmup 30 --wait spin --profile frame --csv /tmp/transport-frames.csv --dump /tmp/transport-frame.raw && printf "CSV_BEGIN\n" && cat /tmp/transport-frames.csv && printf "CSV_END\n"; study_status=$?; printf "\nSTUDY_DONE_e9e8b4941e35=%s\n" "$study_status"
TRANSPORT mode=apb dma_minimum=64
BEGIN_BREAKOUT frames=180 warmup=30 fixed=0 blocks=40 tiles=1 hud=1 wait=spin replay=0 state_frame=0 profile=frame pixel_centers=1 clock_call_ns=4627
HW_COUNTERS unavailable
RESULT frames=180 elapsed_s=12.037858300 fps=14.952826 logic_ms=0.000000 api_ms=0.000000 swap_ms=0.000000 wait_ms=0.000000 worker_inclusive_ms=0.000000 upload_inclusive_ms=0.000000 write_ms=0.000000 bytes_per_frame=30951.56 p50_ms=66.877400 p95_ms=67.109450 max_ms=70.214900 late_60hz=180 first_count=26207 last_count=26386 state_hash=8f34e8fd remaining=38 score=20
RENDER_PATH retained=0 grouped=0 quads=13131 full_frames=180
FRAME_CHECK count=26386 address=9fe00000 fnv1a=79c99b23 pixels=307200 mismatches=0
BREAKOUT_PASS
CSV_BEGIN
frame,state_hash,display_count,logic_ns,api_ns,swap_ns,wait_ns,total_ns,completion_interval_ns,polls,worker_inclusive_ns,upload_inclusive_ns,write_ns,read_ns,write_bytes,read_bytes,write_calls,read_calls,dma_copy_ns,dma_launch_ns,dma_completion_wait_ns,dma_bytes,dma_lists
0,3724779174,26207,0,0,0,0,66837850,66849300,2376,0,0,0,0,31172,0,5,0,0,0,0,0,0
1,1709657109,26208,0,0,0,0,66771150,66875800,2673,0,0,0,0,31172,0,5,0,0,0,0,0,0
2,1894904752,26209,0,0,0,0,66774150,66877500,2670,0,0,0,0,31172,0,5,0,0,0,0,0,0
3,3703759967,26210,0,0,0,0,66772500,66878000,2625,0,0,0,0,31172,0,5,0,0,0,0,0,0
4,19533624,26211,0,0,0,0,66836850,66940150,2564,0,0,0,0,31172,0,5,0,0,0,0,0,0
5,816884773,26212,0,0,0,0,66004300,66812850,2550,0,0,0,0,31172,0,5,0,0,0,0,0,0
6,1339236364,26213,0,0,0,0,66778100,66881400,2309,0,0,0,0,31172,0,5,0,0,0,0,0,0
7,3072959373,26214,0,0,0,0,66774850,66878050,2259,0,0,0,0,31172,0,5,0,0,0,0,0,0
8,1782884746,26215,0,0,0,0,66759900,66872950,2812,0,0,0,0,31172,0,5,0,0,0,0,0,0
9,30296781,26216,0,0,0,0,66777600,66879350,2647,0,0,0,0,31492,0,5,0,0,0,0,0,0
10,4026418858,26217,0,0,0,0,66772700,66875750,2573,0,0,0,0,31492,0,5,0,0,0,0,0,0
11,2084929051,26218,0,0,0,0,66773650,66879550,2608,0,0,0,0,31492,0,5,0,0,0,0,0,0
12,3114489770,26219,0,0,0,0,66772050,66873400,1344,0,0,0,0,31172,0,5,0,0,0,0,0,0
13,891400471,26220,0,0,0,0,66778950,66880600,2663,0,0,0,0,31172,0,5,0,0,0,0,0,0
14,3472773456,26221,0,0,0,0,66769400,66874400,2688,0,0,0,0,31172,0,5,0,0,0,0,0,0
15,3010688243,26222,0,0,0,0,66777350,66880250,2334,0,0,0,0,31172,0,5,0,0,0,0,0,0
16,2819524756,26223,0,0,0,0,66367400,66873700,2709,0,0,0,0,31172,0,5,0,0,0,0,0,0
17,3241678401,26224,0,0,0,0,66777250,66878450,2623,0,0,0,0,31172,0,5,0,0,0,0,0,0
18,2154316504,26225,0,0,0,0,66774850,66877950,2629,0,0,0,0,31172,0,5,0,0,0,0,0,0
19,772262681,26226,0,0,0,0,66774250,66877300,2769,0,0,0,0,31172,0,5,0,0,0,0,0,0
20,3882818750,26227,0,0,0,0,66775650,66876500,2619,0,0,0,0,31172,0,5,0,0,0,0,0,0
21,521131153,26228,0,0,0,0,66777050,66878400,2642,0,0,0,0,31172,0,5,0,0,0,0,0,0
22,1838187414,26229,0,0,0,0,67059500,67165400,2789,0,0,0,0,31172,0,5,0,0,0,0,0,0
23,840574439,26230,0,0,0,0,66483550,66586350,2187,0,0,0,0,31172,0,5,0,0,0,0,0,0
24,2879461878,26231,0,0,0,0,66775250,66876400,2699,0,0,0,0,31172,0,5,0,0,0,0,0,0
25,202086035,26232,0,0,0,0,66777600,66878900,2663,0,0,0,0,31172,0,5,0,0,0,0,0,0
26,959703924,26233,0,0,0,0,66772750,66876600,2744,0,0,0,0,31172,0,5,0,0,0,0,0,0
27,3795724423,26234,0,0,0,0,70110750,70214900,2161,0,0,0,0,31172,0,5,0,0,0,0,0,0
28,2500539904,26235,0,0,0,0,62662900,63539350,1551,0,0,0,0,31172,0,5,0,0,0,0,0,0
29,2269000541,26236,0,0,0,0,66918600,67020550,2578,0,0,0,0,31172,0,5,0,0,0,0,0,0
30,1900681108,26237,0,0,0,0,66633050,66735650,2376,0,0,0,0,31172,0,5,0,0,0,0,0,0
31,3680168245,26238,0,0,0,0,66759000,66874800,2665,0,0,0,0,31172,0,5,0,0,0,0,0,0
32,2344329490,26239,0,0,0,0,66776000,66877900,2588,0,0,0,0,31172,0,5,0,0,0,0,0,0
33,2130650181,26240,0,0,0,0,66775100,66876050,2781,0,0,0,0,31492,0,5,0,0,0,0,0,0
34,906966818,26241,0,0,0,0,66774600,66876850,2656,0,0,0,0,31492,0,5,0,0,0,0,0,0
35,3939376531,26242,0,0,0,0,66774550,66876950,2551,0,0,0,0,31492,0,5,0,0,0,0,0,0
36,2110688546,26243,0,0,0,0,66786500,66887450,2601,0,0,0,0,31172,0,5,0,0,0,0,0,0
37,2695523007,26244,0,0,0,0,66766700,66867400,2728,0,0,0,0,31172,0,5,0,0,0,0,0,0
38,744447992,26245,0,0,0,0,66774600,66877250,2143,0,0,0,0,31172,0,5,0,0,0,0,0,0
39,3728640411,26246,0,0,0,0,66772000,66879100,2670,0,0,0,0,31172,0,5,0,0,0,0,0,0
40,618879740,26247,0,0,0,0,66777100,66878050,2820,0,0,0,0,31172,0,5,0,0,0,0,0,0
41,1239708057,26248,0,0,0,0,66772450,66873650,2609,0,0,0,0,31172,0,5,0,0,0,0,0,0
42,2429742208,26249,0,0,0,0,66775950,66880100,2657,0,0,0,0,31172,0,5,0,0,0,0,0,0
43,412095716,26250,0,0,0,0,66772750,66875400,1222,0,0,0,0,31172,0,5,0,0,0,0,0,0
44,1226741467,26251,0,0,0,0,66774500,66877050,2753,0,0,0,0,31172,0,5,0,0,0,0,0,0
45,3288446148,26252,0,0,0,0,66774500,66878200,2537,0,0,0,0,31172,0,5,0,0,0,0,0,0
46,1157984843,26253,0,0,0,0,66774100,66877950,2271,0,0,0,0,31172,0,5,0,0,0,0,0,0
47,3877288378,26254,0,0,0,0,67123450,67226450,2761,0,0,0,0,31172,0,5,0,0,0,0,0,0
48,4236526315,26255,0,0,0,0,66425100,66526650,2643,0,0,0,0,31172,0,5,0,0,0,0,0,0
49,533834014,26256,0,0,0,0,66773550,66876150,2660,0,0,0,0,31172,0,5,0,0,0,0,0,0
50,1649361089,26257,0,0,0,0,66773650,66878700,2633,0,0,0,0,31172,0,5,0,0,0,0,0,0
51,2486981906,26258,0,0,0,0,66066900,66878450,2440,0,0,0,0,31172,0,5,0,0,0,0,0,0
52,1706075277,26259,0,0,0,0,66776000,66875100,2683,0,0,0,0,31172,0,5,0,0,0,0,0,0
53,267972368,26260,0,0,0,0,66777000,66878050,2332,0,0,0,0,31172,0,5,0,0,0,0,0,0
54,3895401273,26261,0,0,0,0,66984800,67089100,2566,0,0,0,0,31172,0,5,0,0,0,0,0,0
55,605985656,26262,0,0,0,0,66560300,66662800,2735,0,0,0,0,31172,0,5,0,0,0,0,0,0
56,4077673024,26263,0,0,0,0,66775900,66876900,2696,0,0,0,0,30852,0,5,0,0,0,0,0,0
57,985632231,26264,0,0,0,0,66778000,66878850,2562,0,0,0,0,30852,0,5,0,0,0,0,0,0
58,3720590956,26265,0,0,0,0,66774500,66876900,1252,0,0,0,0,30852,0,5,0,0,0,0,0,0
59,3264032585,26266,0,0,0,0,66774900,66876250,2634,0,0,0,0,30852,0,5,0,0,0,0,0,0
60,395405688,26267,0,0,0,0,66778550,66880300,2615,0,0,0,0,30852,0,5,0,0,0,0,0,0
61,32142420,26268,0,0,0,0,66843450,66944600,2109,0,0,0,0,30852,0,5,0,0,0,0,0,0
62,1187067055,26269,0,0,0,0,66706100,66809350,2776,0,0,0,0,30852,0,5,0,0,0,0,0,0
63,459140908,26270,0,0,0,0,66774350,66877750,2593,0,0,0,0,30852,0,5,0,0,0,0,0,0
64,3369786495,26271,0,0,0,0,66774950,66875900,2663,0,0,0,0,30852,0,5,0,0,0,0,0,0
65,1572434254,26272,0,0,0,0,66772900,66873950,2802,0,0,0,0,30852,0,5,0,0,0,0,0,0
66,4107798823,26273,0,0,0,0,66777700,66880550,2130,0,0,0,0,30852,0,5,0,0,0,0,0,0
67,343968250,26274,0,0,0,0,66770300,66878550,2670,0,0,0,0,30852,0,5,0,0,0,0,0,0
68,3102454017,26275,0,0,0,0,66772850,66875300,2611,0,0,0,0,30852,0,5,0,0,0,0,0,0
69,3051095563,26276,0,0,0,0,66773300,66875400,2281,0,0,0,0,30852,0,5,0,0,0,0,0,0
70,2391331016,26277,0,0,0,0,66774850,66879850,2682,0,0,0,0,30852,0,5,0,0,0,0,0,0
71,3869016117,26278,0,0,0,0,66769650,66874250,2705,0,0,0,0,30852,0,5,0,0,0,0,0,0
72,1579800804,26279,0,0,0,0,66779200,66880400,2829,0,0,0,0,30852,0,5,0,0,0,0,0,0
73,2792341157,26280,0,0,0,0,66372950,66877750,1464,0,0,0,0,30852,0,5,0,0,0,0,0,0
74,714702942,26281,0,0,0,0,65998500,66874800,2160,0,0,0,0,30852,0,5,0,0,0,0,0,0
75,1092538936,26282,0,0,0,0,66772750,66877150,2631,0,0,0,0,30852,0,5,0,0,0,0,0,0
76,1561271239,26283,0,0,0,0,66774600,66876250,2292,0,0,0,0,31172,0,5,0,0,0,0,0,0
77,3798074098,26284,0,0,0,0,66774300,66875900,2683,0,0,0,0,31172,0,5,0,0,0,0,0,0
78,3022639071,26285,0,0,0,0,66776950,66880000,2682,0,0,0,0,31172,0,5,0,0,0,0,0,0
79,2282770062,26286,0,0,0,0,67061700,67164300,2582,0,0,0,0,30852,0,5,0,0,0,0,0,0
80,1626512457,26287,0,0,0,0,66487750,66589200,2649,0,0,0,0,30852,0,5,0,0,0,0,0,0
81,3156888026,26288,0,0,0,0,66775150,66876500,2735,0,0,0,0,30852,0,5,0,0,0,0,0,0
82,3038824309,26289,0,0,0,0,66775450,66878300,2586,0,0,0,0,30852,0,5,0,0,0,0,0,0
83,1261846460,26290,0,0,0,0,66772100,66874600,2790,0,0,0,0,30852,0,5,0,0,0,0,0,0
84,2035201521,26291,0,0,0,0,66779800,66880700,2243,0,0,0,0,30852,0,5,0,0,0,0,0,0
85,2164446652,26292,0,0,0,0,66776100,66877600,2601,0,0,0,0,30852,0,5,0,0,0,0,0,0
86,2017191835,26293,0,0,0,0,66918850,67021650,2679,0,0,0,0,30852,0,5,0,0,0,0,0,0
87,3029138484,26294,0,0,0,0,66626150,66728800,2667,0,0,0,0,30852,0,5,0,0,0,0,0,0
88,50355403,26295,0,0,0,0,66775550,66877050,2677,0,0,0,0,30852,0,5,0,0,0,0,0,0
89,654213990,26296,0,0,0,0,66777000,66878400,1142,0,0,0,0,30852,0,5,0,0,0,0,0,0
90,2360099787,26297,0,0,0,0,66775450,66878500,2806,0,0,0,0,30852,0,5,0,0,0,0,0,0
91,2424818746,26298,0,0,0,0,66772550,66878200,2596,0,0,0,0,30852,0,5,0,0,0,0,0,0
92,1971386461,26299,0,0,0,0,66770150,66873850,2331,0,0,0,0,30852,0,5,0,0,0,0,0,0
93,3386045126,26300,0,0,0,0,66783200,66885800,2618,0,0,0,0,30852,0,5,0,0,0,0,0,0
94,1429641961,26301,0,0,0,0,66769650,66872250,2614,0,0,0,0,30852,0,5,0,0,0,0,0,0
95,3022846880,26302,0,0,0,0,66766300,66873150,2716,0,0,0,0,30852,0,5,0,0,0,0,0,0
96,1601897261,26303,0,0,0,0,66777400,66879750,2715,0,0,0,0,30852,0,5,0,0,0,0,0,0
97,1229951528,26304,0,0,0,0,66775250,66877400,2756,0,0,0,0,30852,0,5,0,0,0,0,0,0
98,4065171759,26305,0,0,0,0,65382550,66877000,2441,0,0,0,0,30852,0,5,0,0,0,0,0,0
99,1034325744,26306,0,0,0,0,66775450,66878300,2333,0,0,0,0,30852,0,5,0,0,0,0,0,0
100,14078671,26307,0,0,0,0,66773400,66874550,2633,0,0,0,0,31172,0,5,0,0,0,0,0,0
101,4024270554,26308,0,0,0,0,66779050,66880050,2667,0,0,0,0,31172,0,5,0,0,0,0,0,0
102,896191351,26309,0,0,0,0,66772600,66875900,2737,0,0,0,0,31172,0,5,0,0,0,0,0,0
103,2131384102,26310,0,0,0,0,66771950,66874900,2709,0,0,0,0,30852,0,5,0,0,0,0,0,0
104,2586210593,26311,0,0,0,0,67259750,67361600,1318,0,0,0,0,30852,0,5,0,0,0,0,0,0
105,591918370,26312,0,0,0,0,66290650,66393450,2610,0,0,0,0,30852,0,5,0,0,0,0,0,0
106,8814317,26313,0,0,0,0,66776250,66878900,2735,0,0,0,0,30852,0,5,0,0,0,0,0,0
107,2340504196,26314,0,0,0,0,66771000,66874100,2153,0,0,0,0,30852,0,5,0,0,0,0,0,0
108,3523076009,26315,0,0,0,0,66777750,66879050,2744,0,0,0,0,30852,0,5,0,0,0,0,0,0
109,1961669028,26316,0,0,0,0,66776600,66878300,2728,0,0,0,0,30852,0,5,0,0,0,0,0,0
110,1037581603,26317,0,0,0,0,66773450,66876900,2608,0,0,0,0,30852,0,5,0,0,0,0,0,0
111,2701024588,26318,0,0,0,0,67120950,67223800,2741,0,0,0,0,30852,0,5,0,0,0,0,0,0
112,215037203,26319,0,0,0,0,66425450,66528400,2654,0,0,0,0,30852,0,5,0,0,0,0,0,0
113,3696282862,26320,0,0,0,0,66775900,66877300,2640,0,0,0,0,30852,0,5,0,0,0,0,0,0
114,2829142928,26321,0,0,0,0,68002050,68104850,2580,0,0,0,0,30852,0,5,0,0,0,0,0,0
115,3204762949,26322,0,0,0,0,65525100,65649100,2444,0,0,0,0,30852,0,5,0,0,0,0,0,0
116,3297489190,26323,0,0,0,0,66773800,66875650,2614,0,0,0,0,30852,0,5,0,0,0,0,0,0
117,1691704917,26324,0,0,0,0,66775100,66877950,2654,0,0,0,0,30852,0,5,0,0,0,0,0,0
118,663957814,26325,0,0,0,0,66986450,67089550,2666,0,0,0,0,30852,0,5,0,0,0,0,0,0
119,3058583827,26326,0,0,0,0,66564950,66670250,1102,0,0,0,0,30852,0,5,0,0,0,0,0,0
120,838545270,26327,0,0,0,0,66753450,66870450,2682,0,0,0,0,30852,0,5,0,0,0,0,0,0
121,3608912039,26328,0,0,0,0,66065800,66879650,2497,0,0,0,0,30852,0,5,0,0,0,0,0,0
122,4080159716,26329,0,0,0,0,66773800,66876950,2225,0,0,0,0,30852,0,5,0,0,0,0,0,0
123,1056027075,26330,0,0,0,0,66771000,66878500,2699,0,0,0,0,30852,0,5,0,0,0,0,0,0
124,4057021248,26331,0,0,0,0,66773950,66875450,2669,0,0,0,0,31172,0,5,0,0,0,0,0,0
125,2686741161,26332,0,0,0,0,66949700,67051050,2549,0,0,0,0,31172,0,5,0,0,0,0,0,0
126,3870849660,26333,0,0,0,0,66599050,66706150,2342,0,0,0,0,31172,0,5,0,0,0,0,0,0
127,293449641,26334,0,0,0,0,66770800,66873500,2730,0,0,0,0,30852,0,5,0,0,0,0,0,0
128,596064266,26335,0,0,0,0,66777250,66878450,2723,0,0,0,0,30852,0,5,0,0,0,0,0,0
129,3715495249,26336,0,0,0,0,66777600,66878500,2612,0,0,0,0,30852,0,5,0,0,0,0,0,0
130,244680018,26337,0,0,0,0,66373900,66877700,2335,0,0,0,0,30852,0,5,0,0,0,0,0,0
131,4080661783,26338,0,0,0,0,66774050,66877300,2711,0,0,0,0,30852,0,5,0,0,0,0,0,0
132,4006730450,26339,0,0,0,0,66774550,66876400,2614,0,0,0,0,30852,0,5,0,0,0,0,0,0
133,3864584507,26340,0,0,0,0,66775700,66878100,2744,0,0,0,0,30852,0,5,0,0,0,0,0,0
134,2711027320,26341,0,0,0,0,66772250,66875200,2736,0,0,0,0,30852,0,5,0,0,0,0,0,0
135,4099079087,26342,0,0,0,0,66775400,66878450,1116,0,0,0,0,30852,0,5,0,0,0,0,0,0
136,565333772,26343,0,0,0,0,67060450,67162400,2716,0,0,0,0,30852,0,5,0,0,0,0,0,0
137,1028518269,26344,0,0,0,0,66491250,66595200,2444,0,0,0,0,30852,0,5,0,0,0,0,0,0
138,2252688136,26345,0,0,0,0,66750100,66871550,2452,0,0,0,0,30852,0,5,0,0,0,0,0,0
139,578597309,26346,0,0,0,0,66772150,66877300,2640,0,0,0,0,30852,0,5,0,0,0,0,0,0
140,3624439358,26347,0,0,0,0,66775050,66877650,2765,0,0,0,0,30852,0,5,0,0,0,0,0,0
141,3514067501,26348,0,0,0,0,66776100,66878850,2578,0,0,0,0,30852,0,5,0,0,0,0,0,0
142,2741972910,26349,0,0,0,0,66773100,66877650,2666,0,0,0,0,30852,0,5,0,0,0,0,0,0
143,28497579,26350,0,0,0,0,66913450,67018550,2622,0,0,0,0,30852,0,5,0,0,0,0,0,0
144,466729326,26351,0,0,0,0,65922100,66735350,2392,0,0,0,0,30852,0,5,0,0,0,0,0,0
145,3425349295,26352,0,0,0,0,66772150,66873550,2288,0,0,0,0,30852,0,5,0,0,0,0,0,0
146,1537640620,26353,0,0,0,0,66777950,66880600,2679,0,0,0,0,30852,0,5,0,0,0,0,0,0
147,1853842891,26354,0,0,0,0,66769450,66873750,2725,0,0,0,0,30852,0,5,0,0,0,0,0,0
148,1177024904,26355,0,0,0,0,66776650,66878000,2684,0,0,0,0,31172,0,5,0,0,0,0,0,0
149,4106734849,26356,0,0,0,0,66777750,66878800,2660,0,0,0,0,31172,0,5,0,0,0,0,0,0
150,2025356500,26357,0,0,0,0,66784500,66886950,1006,0,0,0,0,31172,0,5,0,0,0,0,0,0
151,2189605121,26358,0,0,0,0,66771050,66874300,2790,0,0,0,0,30852,0,5,0,0,0,0,0,0
152,4086136290,26359,0,0,0,0,66773850,66870350,2708,0,0,0,0,30852,0,5,0,0,0,0,0,0
153,4036669705,26360,0,0,0,0,66775900,66876600,2170,0,0,0,0,30852,0,5,0,0,0,0,0,0
154,4167980074,26361,0,0,0,0,66770500,66877750,2802,0,0,0,0,30852,0,5,0,0,0,0,0,0
155,51187407,26362,0,0,0,0,66773450,66876300,2684,0,0,0,0,30852,0,5,0,0,0,0,0,0
156,2242638442,26363,0,0,0,0,66777750,66878550,2705,0,0,0,0,30852,0,5,0,0,0,0,0,0
157,2730108163,26364,0,0,0,0,66773500,66874700,2580,0,0,0,0,30852,0,5,0,0,0,0,0,0
158,2718743917,26365,0,0,0,0,66776000,66878900,2764,0,0,0,0,30852,0,5,0,0,0,0,0,0
159,3391709842,26366,0,0,0,0,66774950,66877400,2720,0,0,0,0,30852,0,5,0,0,0,0,0,0
160,1164604273,26367,0,0,0,0,66776400,66877600,2250,0,0,0,0,30852,0,5,0,0,0,0,0,0
161,2148591176,26368,0,0,0,0,67112400,67228850,2733,0,0,0,0,30852,0,5,0,0,0,0,0,0
162,4192737573,26369,0,0,0,0,66417200,66522650,2721,0,0,0,0,30852,0,5,0,0,0,0,0,0
163,535584840,26370,0,0,0,0,66775000,66877500,2667,0,0,0,0,30852,0,5,0,0,0,0,0,0
164,3430794475,26371,0,0,0,0,66777400,66878750,2626,0,0,0,0,30852,0,5,0,0,0,0,0,0
165,776323552,26372,0,0,0,0,66777350,66878700,1408,0,0,0,0,30852,0,5,0,0,0,0,0,0
166,3330991427,26373,0,0,0,0,66756550,66872200,2553,0,0,0,0,30852,0,5,0,0,0,0,0,0
167,3282074430,26374,0,0,0,0,66771600,66878000,2662,0,0,0,0,30852,0,5,0,0,0,0,0,0
168,2597814595,26375,0,0,0,0,67005900,67109450,2291,0,0,0,0,30852,0,5,0,0,0,0,0,0
169,2225601370,26376,0,0,0,0,66544750,66646400,2671,0,0,0,0,30852,0,5,0,0,0,0,0,0
170,3716853465,26377,0,0,0,0,66773400,66876500,2732,0,0,0,0,30852,0,5,0,0,0,0,0,0
171,1080675697,26378,0,0,0,0,66777150,66880350,2796,0,0,0,0,30212,0,5,0,0,0,0,0,0
172,219920238,26379,0,0,0,0,66771950,66873150,2829,0,0,0,0,30212,0,5,0,0,0,0,0,0
173,3070385651,26380,0,0,0,0,66774950,66876050,2840,0,0,0,0,30212,0,5,0,0,0,0,0,0
174,2609556270,26381,0,0,0,0,66777950,66880700,2791,0,0,0,0,30212,0,5,0,0,0,0,0,0
175,141401383,26382,0,0,0,0,66847350,66951750,2790,0,0,0,0,30212,0,5,0,0,0,0,0,0
176,3034105280,26383,0,0,0,0,66697550,66799200,2498,0,0,0,0,30212,0,5,0,0,0,0,0,0
177,3029196371,26384,0,0,0,0,66775600,66877000,2856,0,0,0,0,30212,0,5,0,0,0,0,0,0
178,699378668,26385,0,0,0,0,66777300,66879800,2739,0,0,0,0,30212,0,5,0,0,0,0,0,0
179,2402609405,26386,0,0,0,0,66768600,66876850,2834,0,0,0,0,30212,0,5,0,0,0,0,0,0
CSV_END

STUDY_DONE_e9e8b4941e35=0
# 