/tmp/app --transport dma --state-frame 0 --dma-minimum 1024 --frames 180 --warmup 30 --wait spin --profile frame --csv /tmp/transport-frames.csv --dump /tmp/transport-frame.raw && printf "CSV_BEGIN\n" && cat /tmp/transport-frames.csv && printf "CSV_END\n"; study_status=$?; printf "\nSTUDY_DONE_b73ca64fa560=%s\n" "$study_status"
TRANSPORT mode=dma dma_minimum=1024
BEGIN_BREAKOUT frames=180 warmup=30 fixed=0 blocks=40 tiles=1 hud=1 wait=spin replay=0 state_frame=0 profile=frame pixel_centers=1 clock_call_ns=5954
HW_COUNTERS unavailable
RESULT frames=180 elapsed_s=15.047424050 fps=11.962180 logic_ms=0.000000 api_ms=0.000000 swap_ms=0.000000 wait_ms=0.000000 worker_inclusive_ms=0.000000 upload_inclusive_ms=0.000000 write_ms=0.000000 bytes_per_frame=30951.56 p50_ms=83.596450 p95_ms=83.776150 max_ms=88.950800 late_60hz=180 first_count=7219 last_count=7398 state_hash=8f34e8fd remaining=38 score=20
RENDER_PATH retained=0 grouped=0 quads=13131 full_frames=180
FRAME_CHECK count=7398 address=9fe00000 fnv1a=79c99b23 pixels=307200 mismatches=0
BREAKOUT_PASS
CSV_BEGIN
frame,state_hash,display_count,logic_ns,api_ns,swap_ns,wait_ns,total_ns,completion_interval_ns,polls,worker_inclusive_ns,upload_inclusive_ns,write_ns,read_ns,write_bytes,read_bytes,write_calls,read_calls,dma_copy_ns,dma_launch_ns,dma_completion_wait_ns,dma_bytes,dma_lists
0,3724779174,7219,0,0,0,0,83540200,83554100,1550,0,0,0,0,31172,0,5,0,0,0,0,31360,5
1,1709657109,7220,0,0,0,0,83752200,83865350,1641,0,0,0,0,31172,0,5,0,0,0,0,31360,5
2,1894904752,7221,0,0,0,0,83214450,83327400,1722,0,0,0,0,31172,0,5,0,0,0,0,31360,5
3,3703759967,7222,0,0,0,0,83482000,83594550,1578,0,0,0,0,31172,0,5,0,0,0,0,31360,5
4,19533624,7223,0,0,0,0,83483100,83596900,1735,0,0,0,0,31172,0,5,0,0,0,0,31360,5
5,816884773,7224,0,0,0,0,83484900,83598600,1975,0,0,0,0,31172,0,5,0,0,0,0,31360,5
6,1339236364,7225,0,0,0,0,83486300,83597100,1205,0,0,0,0,31172,0,5,0,0,0,0,31360,5
7,3072959373,7226,0,0,0,0,83485150,83595350,1779,0,0,0,0,31172,0,5,0,0,0,0,31360,5
8,1782884746,7227,0,0,0,0,83482700,83593350,1728,0,0,0,0,31172,0,5,0,0,0,0,31360,5
9,30296781,7228,0,0,0,0,83488300,83600150,1643,0,0,0,0,31492,0,5,0,0,0,0,31680,5
10,4026418858,7229,0,0,0,0,83639600,83748400,193,0,0,0,0,31492,0,5,0,0,0,0,31680,5
11,2084929051,7230,0,0,0,0,83629000,83746400,1592,0,0,0,0,31492,0,5,0,0,0,0,31680,5
12,3114489770,7231,0,0,0,0,83175000,83290650,1448,0,0,0,0,31172,0,5,0,0,0,0,31360,5
13,891400471,7232,0,0,0,0,83487850,83600700,1554,0,0,0,0,31172,0,5,0,0,0,0,31360,5
14,3472773456,7233,0,0,0,0,83478350,83593000,1732,0,0,0,0,31172,0,5,0,0,0,0,31360,5
15,3010688243,7234,0,0,0,0,83486400,83596050,1941,0,0,0,0,31172,0,5,0,0,0,0,31360,5
16,2819524756,7235,0,0,0,0,83479850,83596600,1730,0,0,0,0,31172,0,5,0,0,0,0,31360,5
17,3241678401,7236,0,0,0,0,82746800,83599000,1563,0,0,0,0,31172,0,5,0,0,0,0,31360,5
18,2154316504,7237,0,0,0,0,83481350,83595650,1387,0,0,0,0,31172,0,5,0,0,0,0,31360,5
19,772262681,7238,0,0,0,0,83481850,83594250,1690,0,0,0,0,31172,0,5,0,0,0,0,31360,5
20,3882818750,7239,0,0,0,0,83715650,83831000,1651,0,0,0,0,31172,0,5,0,0,0,0,31360,5
21,521131153,7240,0,0,0,0,83582450,83699700,1679,0,0,0,0,31172,0,5,0,0,0,0,31360,5
22,1838187414,7241,0,0,0,0,83151550,83260500,1696,0,0,0,0,31172,0,5,0,0,0,0,31360,5
23,840574439,7242,0,0,0,0,83475450,83592800,49,0,0,0,0,31172,0,5,0,0,0,0,31360,5
24,2879461878,7243,0,0,0,0,83495900,83602000,1272,0,0,0,0,31172,0,5,0,0,0,0,31360,5
25,202086035,7244,0,0,0,0,83484000,83594650,1865,0,0,0,0,31172,0,5,0,0,0,0,31360,5
26,959703924,7245,0,0,0,0,83480200,83596550,1878,0,0,0,0,31172,0,5,0,0,0,0,31360,5
27,3795724423,7246,0,0,0,0,83481750,83593750,1793,0,0,0,0,31172,0,5,0,0,0,0,31360,5
28,2500539904,7247,0,0,0,0,83483650,83597400,1705,0,0,0,0,31172,0,5,0,0,0,0,31360,5
29,2269000541,7248,0,0,0,0,83483900,83595550,1677,0,0,0,0,31172,0,5,0,0,0,0,31360,5
30,1900681108,7249,0,0,0,0,83574850,83686600,1420,0,0,0,0,31172,0,5,0,0,0,0,31360,5
31,3680168245,7250,0,0,0,0,83759850,83872700,1780,0,0,0,0,31172,0,5,0,0,0,0,31360,5
32,2344329490,7251,0,0,0,0,83111400,83232250,1680,0,0,0,0,31172,0,5,0,0,0,0,31360,5
33,2130650181,7252,0,0,0,0,83481650,83598150,1539,0,0,0,0,31492,0,5,0,0,0,0,31680,5
34,906966818,7253,0,0,0,0,83479350,83593900,1716,0,0,0,0,31492,0,5,0,0,0,0,31680,5
35,3939376531,7254,0,0,0,0,83484550,83595900,375,0,0,0,0,31492,0,5,0,0,0,0,31680,5
36,2110688546,7255,0,0,0,0,83478950,83597800,1088,0,0,0,0,31172,0,5,0,0,0,0,31360,5
37,2695523007,7256,0,0,0,0,83479400,83594050,1783,0,0,0,0,31172,0,5,0,0,0,0,31360,5
38,744447992,7257,0,0,0,0,83484500,83598550,1662,0,0,0,0,31172,0,5,0,0,0,0,31360,5
39,3728640411,7258,0,0,0,0,83482600,83597450,1730,0,0,0,0,31172,0,5,0,0,0,0,31360,5
40,618879740,7259,0,0,0,0,83498900,83611550,1604,0,0,0,0,31172,0,5,0,0,0,0,31360,5
41,1239708057,7260,0,0,0,0,82709250,83579650,1560,0,0,0,0,31172,0,5,0,0,0,0,31360,5
42,2429742208,7261,0,0,0,0,83068450,83600700,1335,0,0,0,0,31172,0,5,0,0,0,0,31360,5
43,412095716,7262,0,0,0,0,83473800,83594450,1502,0,0,0,0,31172,0,5,0,0,0,0,31360,5
44,1226741467,7263,0,0,0,0,83479250,83596450,1813,0,0,0,0,31172,0,5,0,0,0,0,31360,5
45,3288446148,7264,0,0,0,0,83477950,83593200,1854,0,0,0,0,31172,0,5,0,0,0,0,31360,5
46,1157984843,7265,0,0,0,0,83485500,83597650,1859,0,0,0,0,31172,0,5,0,0,0,0,31360,5
47,3877288378,7266,0,0,0,0,83483350,83597700,212,0,0,0,0,31172,0,5,0,0,0,0,31360,5
48,4236526315,7267,0,0,0,0,83483050,83595700,1648,0,0,0,0,31172,0,5,0,0,0,0,31360,5
49,533834014,7268,0,0,0,0,83487550,83598250,1596,0,0,0,0,31172,0,5,0,0,0,0,31360,5
50,1649361089,7269,0,0,0,0,83527100,83638950,1600,0,0,0,0,31172,0,5,0,0,0,0,31360,5
51,2486981906,7270,0,0,0,0,83440900,83553200,1787,0,0,0,0,31172,0,5,0,0,0,0,31360,5
52,1706075277,7271,0,0,0,0,83040850,83595600,1680,0,0,0,0,31172,0,5,0,0,0,0,31360,5
53,267972368,7272,0,0,0,0,83483400,83599300,1528,0,0,0,0,31172,0,5,0,0,0,0,31360,5
54,3895401273,7273,0,0,0,0,83478550,83590850,1803,0,0,0,0,31172,0,5,0,0,0,0,31360,5
55,605985656,7274,0,0,0,0,83485000,83598850,1153,0,0,0,0,31172,0,5,0,0,0,0,31360,5
56,4077673024,7275,0,0,0,0,83483450,83595250,1860,0,0,0,0,30852,0,5,0,0,0,0,31040,5
57,985632231,7276,0,0,0,0,83484200,83596200,1809,0,0,0,0,30852,0,5,0,0,0,0,31040,5
58,3720590956,7277,0,0,0,0,83480850,83597800,1698,0,0,0,0,30852,0,5,0,0,0,0,31040,5
59,3264032585,7278,0,0,0,0,83485300,83596050,296,0,0,0,0,30852,0,5,0,0,0,0,31040,5
60,395405688,7279,0,0,0,0,83558100,83672150,1626,0,0,0,0,30852,0,5,0,0,0,0,31040,5
61,32142420,7280,0,0,0,0,83405850,83519350,1498,0,0,0,0,30852,0,5,0,0,0,0,31040,5
62,1187067055,7281,0,0,0,0,82891050,83598850,1742,0,0,0,0,30852,0,5,0,0,0,0,31040,5
63,459140908,7282,0,0,0,0,83478900,83594200,1588,0,0,0,0,30852,0,5,0,0,0,0,31040,5
64,3369786495,7283,0,0,0,0,82743850,83596100,1443,0,0,0,0,30852,0,5,0,0,0,0,31040,5
65,1572434254,7284,0,0,0,0,83480500,83598300,1931,0,0,0,0,30852,0,5,0,0,0,0,31040,5
66,4107798823,7285,0,0,0,0,83485750,83596250,1843,0,0,0,0,30852,0,5,0,0,0,0,31040,5
67,343968250,7286,0,0,0,0,83480650,83598000,1464,0,0,0,0,30852,0,5,0,0,0,0,31040,5
68,3102454017,7287,0,0,0,0,83480950,83594600,1701,0,0,0,0,30852,0,5,0,0,0,0,31040,5
69,3051095563,7288,0,0,0,0,83482050,83596150,1751,0,0,0,0,30852,0,5,0,0,0,0,31040,5
70,2391331016,7289,0,0,0,0,83591000,83702850,1661,0,0,0,0,30852,0,5,0,0,0,0,31040,5
71,3869016117,7290,0,0,0,0,83381700,83490800,1766,0,0,0,0,30852,0,5,0,0,0,0,31040,5
72,1579800804,7291,0,0,0,0,83477450,83594800,317,0,0,0,0,30852,0,5,0,0,0,0,31040,5
73,2792341157,7292,0,0,0,0,83489750,83599450,1327,0,0,0,0,30852,0,5,0,0,0,0,31040,5
74,714702942,7293,0,0,0,0,83483950,83593000,2011,0,0,0,0,30852,0,5,0,0,0,0,31040,5
75,1092538936,7294,0,0,0,0,83483850,83597900,1754,0,0,0,0,30852,0,5,0,0,0,0,31040,5
76,1561271239,7295,0,0,0,0,83484650,83598650,1806,0,0,0,0,31172,0,5,0,0,0,0,31360,5
77,3798074098,7296,0,0,0,0,83482150,83596500,1784,0,0,0,0,31172,0,5,0,0,0,0,31360,5
78,3022639071,7297,0,0,0,0,83478600,83594750,1665,0,0,0,0,31172,0,5,0,0,0,0,31360,5
79,2282770062,7298,0,0,0,0,83484750,83597200,1576,0,0,0,0,30852,0,5,0,0,0,0,31040,5
80,1626512457,7299,0,0,0,0,83622350,83733100,1655,0,0,0,0,30852,0,5,0,0,0,0,31040,5
81,3156888026,7300,0,0,0,0,83347750,83460900,1757,0,0,0,0,30852,0,5,0,0,0,0,31040,5
82,3038824309,7301,0,0,0,0,83484000,83595950,1850,0,0,0,0,30852,0,5,0,0,0,0,31040,5
83,1261846460,7302,0,0,0,0,83483950,83598150,1238,0,0,0,0,30852,0,5,0,0,0,0,31040,5
84,2035201521,7303,0,0,0,0,83469450,83592400,442,0,0,0,0,30852,0,5,0,0,0,0,31040,5
85,2164446652,7304,0,0,0,0,83482250,83598150,1460,0,0,0,0,30852,0,5,0,0,0,0,31040,5
86,2017191835,7305,0,0,0,0,83483700,83598250,1849,0,0,0,0,30852,0,5,0,0,0,0,31040,5
87,3029138484,7306,0,0,0,0,82713600,83594550,1742,0,0,0,0,30852,0,5,0,0,0,0,31040,5
88,50355403,7307,0,0,0,0,83477100,83596450,1690,0,0,0,0,30852,0,5,0,0,0,0,31040,5
89,654213990,7308,0,0,0,0,83473550,83594150,1706,0,0,0,0,30852,0,5,0,0,0,0,31040,5
90,2360099787,7309,0,0,0,0,83659250,83776150,1766,0,0,0,0,30852,0,5,0,0,0,0,31040,5
91,2424818746,7310,0,0,0,0,83309250,83421300,1564,0,0,0,0,30852,0,5,0,0,0,0,31040,5
92,1971386461,7311,0,0,0,0,83471850,83595600,1835,0,0,0,0,30852,0,5,0,0,0,0,31040,5
93,3386045126,7312,0,0,0,0,83481100,83596100,1613,0,0,0,0,30852,0,5,0,0,0,0,31040,5
94,1429641961,7313,0,0,0,0,83483650,83596200,1969,0,0,0,0,30852,0,5,0,0,0,0,31040,5
95,3022846880,7314,0,0,0,0,83483550,83595550,1914,0,0,0,0,30852,0,5,0,0,0,0,31040,5
96,1601897261,7315,0,0,0,0,83479300,83593250,286,0,0,0,0,30852,0,5,0,0,0,0,31040,5
97,1229951528,7316,0,0,0,0,83485100,83599150,1806,0,0,0,0,30852,0,5,0,0,0,0,31040,5
98,4065171759,7317,0,0,0,0,83479200,83595500,1323,0,0,0,0,30852,0,5,0,0,0,0,31040,5
99,1034325744,7318,0,0,0,0,83480150,83594650,1702,0,0,0,0,30852,0,5,0,0,0,0,31040,5
100,14078671,7319,0,0,0,0,83698550,83814000,1652,0,0,0,0,31172,0,5,0,0,0,0,31360,5
101,4024270554,7320,0,0,0,0,83265700,83379200,1856,0,0,0,0,31172,0,5,0,0,0,0,31360,5
102,896191351,7321,0,0,0,0,83481500,83596950,1798,0,0,0,0,31172,0,5,0,0,0,0,31360,5
103,2131384102,7322,0,0,0,0,83481850,83596550,1728,0,0,0,0,30852,0,5,0,0,0,0,31040,5
104,2586210593,7323,0,0,0,0,83484050,83601450,1357,0,0,0,0,30852,0,5,0,0,0,0,31040,5
105,591918370,7324,0,0,0,0,83476200,83591150,1899,0,0,0,0,30852,0,5,0,0,0,0,31040,5
106,8814317,7325,0,0,0,0,83485350,83595600,1848,0,0,0,0,30852,0,5,0,0,0,0,31040,5
107,2340504196,7326,0,0,0,0,83479850,83596450,1795,0,0,0,0,30852,0,5,0,0,0,0,31040,5
108,3523076009,7327,0,0,0,0,83480450,83597350,277,0,0,0,0,30852,0,5,0,0,0,0,31040,5
109,1961669028,7328,0,0,0,0,83479300,83597400,1703,0,0,0,0,30852,0,5,0,0,0,0,31040,5
110,1037581603,7329,0,0,0,0,83739550,83853550,1520,0,0,0,0,30852,0,5,0,0,0,0,31040,5
111,2701024588,7330,0,0,0,0,82486200,83339700,1548,0,0,0,0,30852,0,5,0,0,0,0,31040,5
112,215037203,7331,0,0,0,0,83484950,83597700,1830,0,0,0,0,30852,0,5,0,0,0,0,31040,5
113,3696282862,7332,0,0,0,0,83479150,83595950,1720,0,0,0,0,30852,0,5,0,0,0,0,31040,5
114,2829142928,7333,0,0,0,0,83484100,83596000,1945,0,0,0,0,30852,0,5,0,0,0,0,31040,5
115,3204762949,7334,0,0,0,0,83484250,83594500,1894,0,0,0,0,30852,0,5,0,0,0,0,31040,5
116,3297489190,7335,0,0,0,0,83487400,83599350,1239,0,0,0,0,30852,0,5,0,0,0,0,31040,5
117,1691704917,7336,0,0,0,0,83482600,83594700,1760,0,0,0,0,30852,0,5,0,0,0,0,31040,5
118,663957814,7337,0,0,0,0,83481800,83595400,1696,0,0,0,0,30852,0,5,0,0,0,0,31040,5
119,3058583827,7338,0,0,0,0,83483150,83597250,1750,0,0,0,0,30852,0,5,0,0,0,0,31040,5
120,838545270,7339,0,0,0,0,88835400,88950800,1709,0,0,0,0,30852,0,5,0,0,0,0,31040,5
121,3608912039,7340,0,0,0,0,78116300,78240350,359,0,0,0,0,30852,0,5,0,0,0,0,31040,5
122,4080159716,7341,0,0,0,0,83492600,83596400,1360,0,0,0,0,30852,0,5,0,0,0,0,31040,5
123,1056027075,7342,0,0,0,0,83487450,83597300,1730,0,0,0,0,30852,0,5,0,0,0,0,31040,5
124,4057021248,7343,0,0,0,0,83487350,83597000,1962,0,0,0,0,31172,0,5,0,0,0,0,31360,5
125,2686741161,7344,0,0,0,0,83486600,83598500,1886,0,0,0,0,31172,0,5,0,0,0,0,31360,5
126,3870849660,7345,0,0,0,0,83486150,83596400,1811,0,0,0,0,31172,0,5,0,0,0,0,31360,5
127,293449641,7346,0,0,0,0,83484500,83594600,1681,0,0,0,0,30852,0,5,0,0,0,0,31040,5
128,596064266,7347,0,0,0,0,83480150,83598750,1626,0,0,0,0,30852,0,5,0,0,0,0,31040,5
129,3715495249,7348,0,0,0,0,83480550,83594400,1695,0,0,0,0,30852,0,5,0,0,0,0,31040,5
130,244680018,7349,0,0,0,0,83804750,83919750,1705,0,0,0,0,30852,0,5,0,0,0,0,31040,5
131,4080661783,7350,0,0,0,0,83160200,83273500,1445,0,0,0,0,30852,0,5,0,0,0,0,31040,5
132,4006730450,7351,0,0,0,0,83481000,83595800,1721,0,0,0,0,30852,0,5,0,0,0,0,31040,5
133,3864584507,7352,0,0,0,0,83480500,83597500,328,0,0,0,0,30852,0,5,0,0,0,0,31040,5
134,2711027320,7353,0,0,0,0,82759200,83597450,1182,0,0,0,0,30852,0,5,0,0,0,0,31040,5
135,4099079087,7354,0,0,0,0,83484450,83597000,1883,0,0,0,0,30852,0,5,0,0,0,0,31040,5
136,565333772,7355,0,0,0,0,83477600,83593650,1844,0,0,0,0,30852,0,5,0,0,0,0,31040,5
137,1028518269,7356,0,0,0,0,83485300,83599050,1650,0,0,0,0,30852,0,5,0,0,0,0,31040,5
138,2252688136,7357,0,0,0,0,83481550,83592500,1761,0,0,0,0,30852,0,5,0,0,0,0,31040,5
139,578597309,7358,0,0,0,0,83487650,83599400,1734,0,0,0,0,30852,0,5,0,0,0,0,31040,5
140,3624439358,7359,0,0,0,0,84025200,84140250,1365,0,0,0,0,30852,0,5,0,0,0,0,31040,5
141,3514067501,7360,0,0,0,0,82927700,83049750,1651,0,0,0,0,30852,0,5,0,0,0,0,31040,5
142,2741972910,7361,0,0,0,0,83482700,83596350,1693,0,0,0,0,30852,0,5,0,0,0,0,31040,5
143,28497579,7362,0,0,0,0,83483550,83596500,1870,0,0,0,0,30852,0,5,0,0,0,0,31040,5
144,466729326,7363,0,0,0,0,83484750,83598700,1959,0,0,0,0,30852,0,5,0,0,0,0,31040,5
145,3425349295,7364,0,0,0,0,83485550,83597250,283,0,0,0,0,30852,0,5,0,0,0,0,31040,5
146,1537640620,7365,0,0,0,0,83478800,83594400,1855,0,0,0,0,30852,0,5,0,0,0,0,31040,5
147,1853842891,7366,0,0,0,0,83483500,83597050,1251,0,0,0,0,30852,0,5,0,0,0,0,31040,5
148,1177024904,7367,0,0,0,0,83487100,83598450,1735,0,0,0,0,31172,0,5,0,0,0,0,31360,5
149,4106734849,7368,0,0,0,0,83476450,83592350,1679,0,0,0,0,31172,0,5,0,0,0,0,31360,5
150,2025356500,7369,0,0,0,0,83484200,83599000,1624,0,0,0,0,31172,0,5,0,0,0,0,31360,5
151,2189605121,7370,0,0,0,0,83060850,83597700,1761,0,0,0,0,30852,0,5,0,0,0,0,31040,5
152,4086136290,7371,0,0,0,0,83477900,83596100,1723,0,0,0,0,30852,0,5,0,0,0,0,31040,5
153,4036669705,7372,0,0,0,0,83480000,83593700,1334,0,0,0,0,30852,0,5,0,0,0,0,31040,5
154,4167980074,7373,0,0,0,0,83481350,83597900,1953,0,0,0,0,30852,0,5,0,0,0,0,31040,5
155,51187407,7374,0,0,0,0,83481400,83594850,1823,0,0,0,0,30852,0,5,0,0,0,0,31040,5
156,2242638442,7375,0,0,0,0,83485250,83599700,1845,0,0,0,0,30852,0,5,0,0,0,0,31040,5
157,2730108163,7376,0,0,0,0,82732150,83593350,161,0,0,0,0,30852,0,5,0,0,0,0,31040,5
158,2718743917,7377,0,0,0,0,83487350,83597850,1755,0,0,0,0,30852,0,5,0,0,0,0,31040,5
159,3391709842,7378,0,0,0,0,83507700,83621500,1524,0,0,0,0,30852,0,5,0,0,0,0,31040,5
160,1164604273,7379,0,0,0,0,83461050,83574650,1662,0,0,0,0,30852,0,5,0,0,0,0,31040,5
161,2148591176,7380,0,0,0,0,83055350,83593150,1876,0,0,0,0,30852,0,5,0,0,0,0,31040,5
162,4192737573,7381,0,0,0,0,83483600,83597750,1728,0,0,0,0,30852,0,5,0,0,0,0,31040,5
163,535584840,7382,0,0,0,0,83487000,83597300,444,0,0,0,0,30852,0,5,0,0,0,0,31040,5
164,3430794475,7383,0,0,0,0,83476400,83593950,1940,0,0,0,0,30852,0,5,0,0,0,0,31040,5
165,776323552,7384,0,0,0,0,83482350,83594950,1192,0,0,0,0,30852,0,5,0,0,0,0,31040,5
166,3330991427,7385,0,0,0,0,83487800,83600400,1832,0,0,0,0,30852,0,5,0,0,0,0,31040,5
167,3282074430,7386,0,0,0,0,83482400,83595900,1682,0,0,0,0,30852,0,5,0,0,0,0,31040,5
168,2597814595,7387,0,0,0,0,83483550,83595950,1714,0,0,0,0,30852,0,5,0,0,0,0,31040,5
169,2225601370,7388,0,0,0,0,84021800,84137500,1765,0,0,0,0,30852,0,5,0,0,0,0,31040,5
170,3716853465,7389,0,0,0,0,82931650,83051750,438,0,0,0,0,30852,0,5,0,0,0,0,31040,5
171,1080675697,7390,0,0,0,0,82995400,83598950,1544,0,0,0,0,30212,0,5,0,0,0,0,30400,5
172,219920238,7391,0,0,0,0,83483700,83595700,2105,0,0,0,0,30212,0,5,0,0,0,0,30400,5
173,3070385651,7392,0,0,0,0,83483650,83595950,2075,0,0,0,0,30212,0,5,0,0,0,0,30400,5
174,2609556270,7393,0,0,0,0,83482500,83599300,2070,0,0,0,0,30212,0,5,0,0,0,0,30400,5
175,141401383,7394,0,0,0,0,83477650,83592450,1953,0,0,0,0,30212,0,5,0,0,0,0,30400,5
176,3034105280,7395,0,0,0,0,83482250,83597050,1956,0,0,0,0,30212,0,5,0,0,0,0,30400,5
177,3029196371,7396,0,0,0,0,83483000,83598750,1671,0,0,0,0,30212,0,5,0,0,0,0,30400,5
178,699378668,7397,0,0,0,0,83486550,83594450,2055,0,0,0,0,30212,0,5,0,0,0,0,30400,5
179,2402609405,7398,0,0,0,0,83594850,83707700,1608,0,0,0,0,30212,0,5,0,0,0,0,30400,5
CSV_END

STUDY_DONE_b73ca64fa560=0
# 