/tmp/app-lto --transport unrolled --state-frame 0 --frames 180 --warmup 30 --wait spin --profile detailed --csv /tmp/transport-frames.csv && printf "CSV_BEGIN\n" && cat /tmp/transport-frames.csv && printf "CSV_END\n"; study_status=$?; printf "\nSTUDY_DONE_1d63b7c0f133=%s\n" "$study_status"
TRANSPORT mode=unrolled dma_minimum=64
BEGIN_BREAKOUT frames=180 warmup=30 fixed=0 blocks=40 tiles=1 hud=1 wait=spin replay=0 state_frame=0 profile=detailed pixel_centers=1 clock_call_ns=4799
HW_COUNTERS unavailable
RESULT frames=180 elapsed_s=12.021502300 fps=14.973170 logic_ms=1.035311 api_ms=15.328024 swap_ms=35.146740 wait_ms=15.125314 worker_inclusive_ms=34.898038 upload_inclusive_ms=6.250645 write_ms=6.003523 bytes_per_frame=30951.56 p50_ms=66.877250 p95_ms=67.122700 max_ms=72.078750 late_60hz=180 first_count=17425 last_count=17604 state_hash=8f34e8fd remaining=38 score=20
RENDER_PATH retained=0 grouped=0 quads=13131 full_frames=180
BREAKOUT_PASS
CSV_BEGIN
frame,state_hash,display_count,logic_ns,api_ns,swap_ns,wait_ns,total_ns,completion_interval_ns,polls,worker_inclusive_ns,upload_inclusive_ns,write_ns,read_ns,write_bytes,read_bytes,write_calls,read_calls,dma_copy_ns,dma_launch_ns,dma_completion_wait_ns,dma_bytes,dma_lists
0,3724779174,17425,758000,15144550,34653650,16280100,66836300,66847550,3140,34468300,6423400,6194700,0,31172,0,5,0,0,0,0,0,0
1,1709657109,17426,928550,15358700,35025450,15460750,66773450,66878850,2977,34852850,6443300,6204950,0,31172,0,5,0,0,0,0,0,0
2,1894904752,17427,901700,15606450,34647950,15612950,66769050,66875700,2975,34480650,6110050,5890050,0,31172,0,5,0,0,0,0,0,0
3,3703759967,17428,1417000,14721750,34763300,15866300,66768350,66875450,3005,34593050,6567000,6319350,0,31172,0,5,0,0,0,0,0,0
4,19533624,17429,885900,15199550,34750900,15939350,66775700,66882300,2705,34570050,6418350,6201250,0,31172,0,5,0,0,0,0,0,0
5,816884773,17430,889250,15463300,34984950,14935300,66272800,67144350,2857,34792550,6208700,5982150,0,31172,0,5,0,0,0,0,0,0
6,1339236364,17431,890150,15429550,34012150,16172350,66504200,66607950,3077,33838550,5758250,5552350,0,31172,0,5,0,0,0,0,0,0
7,3072959373,17432,863050,15092200,43321350,7493200,66769800,66873550,1409,43130900,6684700,6464150,0,31172,0,5,0,0,0,0,0,0
8,1782884746,17433,877450,15265800,35217750,15415650,66776650,66880850,2961,35040850,6270950,6053000,0,31172,0,5,0,0,0,0,0,0
9,30296781,17434,865650,15320900,34693800,15890700,66771050,66873550,3036,34524250,6100350,5882300,0,31492,0,5,0,0,0,0,0,0
10,4026418858,17435,1427700,14646200,34768050,15935350,66777300,66879550,3020,34596200,6529200,5552350,0,31492,0,5,0,0,0,0,0,0
11,2084929051,17436,862000,15259350,35024750,15624350,66770450,66873900,2994,34846850,6315050,6083700,0,31492,0,5,0,0,0,0,0,0
12,3114489770,17437,871300,15239100,39292750,11492600,66895750,67000850,2205,39111900,6667150,6436800,0,31172,0,5,0,0,0,0,0,0
13,891400471,17438,857500,15390600,33940800,16464300,66653200,66753950,3142,33747850,5688900,5499150,0,31172,0,5,0,0,0,0,0,0
14,3472773456,17439,1556350,14516100,35122100,15581700,66776250,66878000,2966,34940650,6681950,6449500,0,31172,0,5,0,0,0,0,0,0
15,3010688243,17440,855550,15274000,34974850,15669800,66774200,66876400,3013,34797350,6403800,6199250,0,31172,0,5,0,0,0,0,0,0
16,2819524756,17441,874250,15278350,34589300,16033750,66775650,66879100,3064,34419950,6066900,5848100,0,31172,0,5,0,0,0,0,0,0
17,3241678401,17442,1357000,14703550,34872700,15845050,66778300,66878900,2974,33976850,5937900,5724550,0,31172,0,5,0,0,0,0,0,0
18,2154316504,17443,872850,15159800,34646000,16092650,66771300,66873550,3100,34465600,6288700,6065750,0,31172,0,5,0,0,0,0,0,0
19,772262681,17444,859050,15319700,35121750,15475300,66775800,66879200,2973,34951600,6469350,6237900,0,31172,0,5,0,0,0,0,0,0
20,3882818750,17445,884400,16954350,34691800,14245750,66776300,66878150,2681,34502050,6378450,6148100,0,31172,0,5,0,0,0,0,0,0
21,521131153,17446,1486700,14562300,34785700,15931200,66765900,66875200,3049,34610750,6539400,6304800,0,31172,0,5,0,0,0,0,0,0
22,1838187414,17447,890000,15190000,43381950,7314200,66776150,66879450,1372,43198050,6297500,6071100,0,31172,0,5,0,0,0,0,0,0
23,840574439,17448,869950,15331000,35316050,15253100,66770100,66875550,2956,34559550,6082900,5868650,0,31172,0,5,0,0,0,0,0,0
24,2879461878,17449,900500,15420400,34105750,15815850,66242500,66876750,2990,33937800,5869550,5666450,0,31172,0,5,0,0,0,0,0,0
25,202086035,17450,872950,15195100,34539000,16166250,66773300,66878250,3116,34367500,6154150,5936050,0,31172,0,5,0,0,0,0,0,0
26,959703924,17451,888550,15247050,35106000,15529250,66770850,66874100,2982,34930000,6454350,6219750,0,31172,0,5,0,0,0,0,0,0
27,3795724423,17452,870150,15869500,34534300,15499300,66773250,66880050,2586,34364450,6034800,5807250,0,31172,0,5,0,0,0,0,0,0
28,2500539904,17453,933750,15412300,34495650,14460150,65301850,66878400,2718,34313000,6101700,5882050,0,31172,0,5,0,0,0,0,0,0
29,2269000541,17454,859650,15297750,34751200,15863600,66772200,66874900,3060,34580400,6409700,6192300,0,31172,0,5,0,0,0,0,0,0
30,1900681108,17455,888300,15637500,35147750,15448750,67122300,67224250,2969,34966500,6475250,6240150,0,31172,0,5,0,0,0,0,0,0
31,3680168245,17456,872950,15397800,33899650,16257950,66428350,66530500,3086,33727550,5689950,5495650,0,31172,0,5,0,0,0,0,0,0
32,2344329490,17457,889350,15045300,34409450,16426900,66771000,66874500,3178,34232600,6135400,5918250,0,31172,0,5,0,0,0,0,0,0
33,2130650181,17458,874450,15331400,35251100,15321550,66778500,66880400,2944,35080900,6303200,6086950,0,31492,0,5,0,0,0,0,0,0
34,906966818,17459,889200,15485200,34551650,15847750,66773800,66875450,2996,34384650,6105450,5883050,0,31492,0,5,0,0,0,0,0,0
35,3939376531,17460,1440850,14548700,37411650,13375450,66776650,66880000,2603,37229200,6766300,6538500,0,31492,0,5,0,0,0,0,0,0
36,2110688546,17461,872450,15222300,34799150,15876750,66770650,66873450,3060,34629000,6162600,5946350,0,31172,0,5,0,0,0,0,0,0
37,2695523007,17462,875200,15317850,35344850,15986850,67524750,67626550,1883,35177450,6696650,6454300,0,31172,0,5,0,0,0,0,0,0
38,744447992,17463,915350,15431500,34483450,15172000,66002300,66127950,2841,34312850,6062700,5850050,0,31172,0,5,0,0,0,0,0,0
39,3728640411,17464,1487250,14556150,35368350,15360800,66772550,66876450,2929,35191050,6623450,6386750,0,31172,0,5,0,0,0,0,0,0
40,618879740,17465,882800,15213800,35064900,15612050,66773550,66877400,2999,34888750,6468550,6243750,0,31172,0,5,0,0,0,0,0,0
41,1239708057,17466,865700,15536000,34541500,15834550,66777750,66879800,2989,34373250,6111950,5890100,0,31172,0,5,0,0,0,0,0,0
42,2429742208,17467,1407450,14499300,35010400,15854950,66772100,66874000,3024,34831400,5835800,5617700,0,31172,0,5,0,0,0,0,0,0
43,412095716,17468,852750,17856550,35271150,12794900,66775350,66879300,2488,34494100,6050650,5840950,0,31172,0,5,0,0,0,0,0,0
44,1226741467,17469,881950,15247050,35287150,15422800,66838950,66942600,2963,35110900,6690200,6448550,0,31172,0,5,0,0,0,0,0,0
45,3288446148,17470,878300,15472250,34403250,15955650,66709450,66812300,2998,34230700,6162600,5950750,0,31172,0,5,0,0,0,0,0,0
46,1157984843,17471,1537000,14483050,35002700,15748600,66771350,66874850,3016,34826400,6665950,6430550,0,31172,0,5,0,0,0,0,0,0
47,3877288378,17472,853950,15219850,35018950,15681950,66774700,66878800,3017,34847350,6421650,6206400,0,31172,0,5,0,0,0,0,0,0
48,4236526315,17473,889600,15401150,34497150,15980700,66768600,66875100,2939,34325200,6104000,5880450,0,31172,0,5,0,0,0,0,0,0
49,533834014,17474,1359950,14582650,34785100,16046500,66774200,66881400,3072,34609150,5846850,5620100,0,31172,0,5,0,0,0,0,0,0
50,1649361089,17475,876450,15172100,34489450,16238900,66776900,66881900,2771,34313850,6156000,5941250,0,31172,0,5,0,0,0,0,0,0
51,2486981906,17476,897200,15485500,34446600,15199500,66028800,66903850,2834,34273550,6095450,5877700,0,31172,0,5,0,0,0,0,0,0
52,1706075277,17477,883000,15485600,34523000,15840200,66731800,66844300,2987,34360200,6105200,5893100,0,31172,0,5,0,0,0,0,0,0
53,267972368,17478,1474350,21288100,35219450,8790350,66772250,66874900,1703,35024600,6299950,6089050,0,31172,0,5,0,0,0,0,0,0
54,3895401273,17479,882400,15178100,34902800,15811800,66775100,66877050,3046,34729650,6438400,6227100,0,31172,0,5,0,0,0,0,0,0
55,605985656,17480,880700,15865700,35051000,14979050,66776450,66880350,2923,34863900,6486350,6261150,0,31172,0,5,0,0,0,0,0,0
56,4077673024,17481,929200,15276100,34047200,16095050,66347550,66874000,3082,33857750,5817350,5612550,0,30852,0,5,0,0,0,0,0,0
57,985632231,17482,894750,15144150,34465850,16271850,66776600,66878450,3143,34293350,6117550,5901750,0,30852,0,5,0,0,0,0,0,0
58,3720590956,17483,920200,15610350,36255050,13990200,66775800,66877950,2634,36072200,5631000,5420000,0,30852,0,5,0,0,0,0,0,0
59,3264032585,17484,888950,15516000,34554850,15814050,66773850,66877350,2982,34384050,6073500,5850400,0,30852,0,5,0,0,0,0,0,0
60,395405688,17485,1504100,14488550,35005600,15774600,66772850,66876400,3020,34830200,6637400,6389600,0,30852,0,5,0,0,0,0,0,0
61,32142420,17486,900900,15265350,34863550,15743050,66772850,66874850,3029,34686050,6116450,5892700,0,30852,0,5,0,0,0,0,0,0
62,1187067055,17487,920600,15447600,35131400,15579550,67079150,67181300,2964,34959700,6662650,6426600,0,30852,0,5,0,0,0,0,0,0
63,459140908,17488,908000,15297600,34051550,16216300,66473450,66577050,3109,33870100,5813800,5608900,0,30852,0,5,0,0,0,0,0,0
64,3369786495,17489,1578900,14465150,35197300,15529450,66770800,66874250,2970,35025900,6503200,6262050,0,30852,0,5,0,0,0,0,0,0
65,1572434254,17490,899050,15304850,35044000,15527600,66775500,66876650,2986,34871500,6467000,5418800,0,30852,0,5,0,0,0,0,0,0
66,4107798823,17491,925850,17000250,34488400,14360600,66775100,66877600,2779,34296600,6193550,5970550,0,30852,0,5,0,0,0,0,0,0
67,343968250,17492,1417250,14565350,35538900,15252200,66773700,66878700,2903,35361500,5983550,5766150,0,30852,0,5,0,0,0,0,0,0
68,3102454017,17493,913050,15187200,43434650,7238150,66773050,66878350,1353,43253800,6524250,6271950,0,30852,0,5,0,0,0,0,0,0
69,3051095563,17494,895350,15471800,35016900,15556750,66940800,67043200,2960,34837950,6521250,6288450,0,30852,0,5,0,0,0,0,0,0
70,2391331016,17495,914400,14552550,35597750,15540800,66605500,66707450,2956,34709050,6150300,5933550,0,30852,0,5,0,0,0,0,0,0
71,3869016117,17496,1549500,14545700,34829350,15846400,66770950,66877250,3041,34652350,6431450,5605250,0,30852,0,5,0,0,0,0,0,0
72,1579800804,17497,914700,15250300,36950950,13657350,66773300,66876800,2557,36769650,5935100,5732150,0,30852,0,5,0,0,0,0,0,0
73,2792341157,17498,885250,15488400,36743950,13659750,66777350,66879150,2578,36545500,8244450,8000400,0,30852,0,5,0,0,0,0,0,0
74,714702942,17499,1415000,14544350,34724850,16087500,66771700,66876600,3088,34538950,5667450,5467400,0,30852,0,5,0,0,0,0,0,0
75,1092538936,17500,1791950,14676950,34702350,14885700,66056950,66877500,2829,33800400,5610600,5409150,0,30852,0,5,0,0,0,0,0,0
76,1561271239,17501,920500,15412850,34924900,15541200,66799450,66902700,2871,34752800,6461500,6227950,0,31172,0,5,0,0,0,0,0,0
77,3798074098,17502,890400,15330200,34067100,16459050,66746750,66853150,3158,33881200,5832450,5625450,0,31172,0,5,0,0,0,0,0,0
78,3022639071,17503,1572500,14493700,34859450,15846350,66772000,66873750,3040,34687900,6534300,6288700,0,31172,0,5,0,0,0,0,0,0
79,2282770062,17504,902600,15260250,34800200,15814900,66777950,66879700,2968,34626700,6345800,6121400,0,30852,0,5,0,0,0,0,0,0
80,1626512457,17505,918150,15396000,34457500,15998700,66770350,66878000,3018,34288700,6043050,5812200,0,30852,0,5,0,0,0,0,0,0
81,3156888026,17506,896950,14564300,37203200,13695600,66360050,66877550,2676,37013650,6378950,6155100,0,30852,0,5,0,0,0,0,0,0
82,3038824309,17507,908400,15129600,34455650,16280750,66774400,66876050,3146,34278950,6085950,5865500,0,30852,0,5,0,0,0,0,0,0
83,1261846460,17508,903050,15808650,34668550,15475450,66855700,66958850,1644,34498300,6401800,5376200,0,30852,0,5,0,0,0,0,0,0
84,2035201521,17509,951050,15310000,34530650,15876900,66668600,66794550,3028,34353150,6151100,5938600,0,30852,0,5,0,0,0,0,0,0
85,2164446652,17510,1497200,14534300,34879800,15863000,66774300,66876650,3044,34707500,6448300,6196250,0,30852,0,5,0,0,0,0,0,0
86,2017191835,17511,921100,15467850,34596850,15788850,66774650,66876450,3041,34419500,6245700,6020400,0,30852,0,5,0,0,0,0,0,0
87,3029138484,17512,883850,15457150,35046300,15732450,67119750,67223050,3000,34878500,6021950,5786700,0,30852,0,5,0,0,0,0,0,0
88,50355403,17513,918250,14526450,34713200,16273600,66431500,66534800,3130,33812650,5668000,5465700,0,30852,0,5,0,0,0,0,0,0
89,654213990,17514,899900,17999250,35053400,12821450,66774000,66875600,2488,34865600,6380550,6160450,0,30852,0,5,0,0,0,0,0,0
90,2360099787,17515,901550,15441850,34776950,15655550,66775900,66876350,2977,34601800,6415700,6179650,0,30852,0,5,0,0,0,0,0,0
91,2424818746,17516,900200,15356200,34530350,15984650,66771400,66877800,3052,34364100,6158000,5938400,0,30852,0,5,0,0,0,0,0,0
92,1971386461,17517,1488250,14475500,35014750,15794950,66773450,66878700,3028,34842300,5662800,5465050,0,30852,0,5,0,0,0,0,0,0
93,3386045126,17518,902000,15267700,34536050,16064200,66769950,66873050,3105,34365350,6221750,6004150,0,30852,0,5,0,0,0,0,0,0
94,1429641961,17519,920900,15389600,35034100,15647000,66991600,67094650,2981,34858000,6617450,6381800,0,30852,0,5,0,0,0,0,0,0
95,3022846880,17520,899250,14577450,35582400,15494600,66553700,66660200,2955,34676500,5984950,5771500,0,30852,0,5,0,0,0,0,0,0
96,1601897261,17521,1560850,14460300,34981650,15775150,66777950,66880900,2752,34801900,6636000,6405150,0,30852,0,5,0,0,0,0,0,0
97,1229951528,17522,924050,15479400,34617200,15732750,66753400,66873800,2996,34443050,6362150,6127750,0,30852,0,5,0,0,0,0,0,0
98,4065171759,17523,948950,15419300,35274100,14409350,66051700,66879800,2827,35082550,6424600,6202500,0,30852,0,5,0,0,0,0,0,0
99,1034325744,17524,1397550,21869450,34510950,8995750,66773700,66877700,1739,34310100,6102800,5885950,0,30852,0,5,0,0,0,0,0,0
100,14078671,17525,911550,15139600,34630000,16091500,66772650,66876350,3107,34453450,6289250,6070400,0,31172,0,5,0,0,0,0,0,0
101,4024270554,17526,900050,15487750,35302400,15157600,66847800,66949750,2870,35128450,6808700,6573050,0,31172,0,5,0,0,0,0,0,0
102,896191351,17527,913450,14564200,35038100,16183300,66699050,66801250,3108,34134750,5894450,4969100,0,31172,0,5,0,0,0,0,0,0
103,2131384102,17528,1535950,14557050,34427500,16255150,66775650,66877950,3131,34257450,6119350,5877950,0,30852,0,5,0,0,0,0,0,0
104,2586210593,17529,921650,15345850,36046650,14462050,66776200,66879350,2615,35859850,5566850,5367100,0,30852,0,5,0,0,0,0,0,0
105,591918370,17530,885300,15271950,34592950,16020550,66770750,66876950,3057,34420400,6187300,5967200,0,30852,0,5,0,0,0,0,0,0
106,8814317,17531,1411400,14515400,34665300,16182300,66774400,66876650,3111,34484650,5661700,5452150,0,30852,0,5,0,0,0,0,0,0
107,2340504196,17532,893550,15205800,34443000,16232600,66774950,66878350,3056,34271550,6123150,5902650,0,30852,0,5,0,0,0,0,0,0
108,3523076009,17533,911550,15383450,34877700,15595450,66768150,66875650,2970,34704700,6505650,6278650,0,30852,0,5,0,0,0,0,0,0
109,1961669028,17534,877200,15301350,34508300,16090350,66777200,66879000,3087,34331950,6033850,5821250,0,30852,0,5,0,0,0,0,0,0
110,1037581603,17535,1545400,14473950,34868050,15884950,66772350,66873200,3047,34696700,6524100,6277850,0,30852,0,5,0,0,0,0,0,0
111,2701024588,17536,900300,15775500,34447650,15653800,66777250,66879650,2979,34268650,6236100,6016350,0,30852,0,5,0,0,0,0,0,0
112,215037203,17537,910800,16777100,34596000,14488850,66772750,66876350,2841,34409050,6336650,6115850,0,30852,0,5,0,0,0,0,0,0
113,3696282862,17538,882850,14595350,34788750,16117050,66384000,66878200,3096,33884800,5716950,5520650,0,30852,0,5,0,0,0,0,0,0
114,2829142928,17539,929100,15417600,42084350,8342400,66773450,66875100,1605,41899450,6247700,6022350,0,30852,0,5,0,0,0,0,0,0
115,3204762949,17540,902950,15415000,34898100,15559500,66775550,66880600,2958,34720350,6452100,6217900,0,30852,0,5,0,0,0,0,0,0
116,3297489190,17541,922950,15233750,34501600,16109400,66767700,66873350,3087,34334750,6048000,5836100,0,30852,0,5,0,0,0,0,0,0
117,1691704917,17542,1475600,14554850,35043550,15703100,66777100,66879100,3005,34871900,5686000,5484750,0,30852,0,5,0,0,0,0,0,0
118,663957814,17543,921300,15298800,34543150,16011150,66774400,66878700,3051,34364900,6388050,6175550,0,30852,0,5,0,0,0,0,0,0
119,3058583827,17544,897750,15303850,36147850,14687500,67036950,67145050,2800,35964100,7716400,7474550,0,30852,0,5,0,0,0,0,0,0
120,838545270,17545,907250,14530650,35612050,15449550,66499500,66607250,2944,34718450,6014850,5803250,0,30852,0,5,0,0,0,0,0,0
121,3608912039,17546,1708300,15592100,34314450,14430050,66044900,66875050,2727,34145500,5957450,5738700,0,30852,0,5,0,0,0,0,0,0
122,4080159716,17547,921300,15402750,34784150,15670650,66778850,66879250,2978,34601750,6454350,6215750,0,30852,0,5,0,0,0,0,0,0
123,1056027075,17548,895950,15399100,35599350,14880500,66774900,66878700,2936,35417300,6620700,6386550,0,30852,0,5,0,0,0,0,0,0
124,4057021248,17549,1455150,14511950,34811800,15994650,66773550,66876300,3072,34638000,6497750,6262900,0,31172,0,5,0,0,0,0,0,0
125,2686741161,17550,885350,15444150,34469000,15973250,66771750,66875850,3046,34288950,6276800,6053850,0,31172,0,5,0,0,0,0,0,0
126,3870849660,17551,926750,15264550,35348200,15375050,66914550,67016950,2953,35165350,6624250,6390650,0,31172,0,5,0,0,0,0,0,0
127,293449641,17552,880850,14571400,37282800,13898900,66633950,66736950,2718,36379700,6134350,5921900,0,30852,0,5,0,0,0,0,0,0
128,596064266,17553,1585100,14470800,34797250,15921100,66774250,66877800,3057,34617800,6469900,6230900,0,30852,0,5,0,0,0,0,0,0
129,3715495249,17554,906750,15384250,35346850,15143350,66781200,66882950,1472,35166100,7069850,6824600,0,30852,0,5,0,0,0,0,0,0
130,244680018,17555,967250,15364600,34571100,15847500,66750450,66871500,3025,34400700,6037950,5818350,0,30852,0,5,0,0,0,0,0,0
131,4080661783,17556,1370800,14592450,34670400,16140850,66774500,66878300,3101,34496000,5623400,5416050,0,30852,0,5,0,0,0,0,0,0
132,4006730450,17557,931650,17719000,34294100,13829400,66774150,66877550,2466,34108500,5941550,5733700,0,30852,0,5,0,0,0,0,0,0
133,3864584507,17558,892450,15363050,35192700,15322800,66771000,66878800,2941,35015950,6751650,6513850,0,30852,0,5,0,0,0,0,0,0
134,2711027320,17559,926550,14529700,34642300,16673150,66771700,66872650,3216,33740200,5658150,5452700,0,30852,0,5,0,0,0,0,0,0
135,4099079087,17560,1969600,16740450,34759850,13306100,66776000,66879250,2515,34577150,6336450,6119250,0,30852,0,5,0,0,0,0,0,0
136,565333772,17561,914500,15361100,34662800,15832900,66771300,66878250,3016,34484750,6518250,6286850,0,30852,0,5,0,0,0,0,0,0
137,1028518269,17562,884450,15308350,34566600,16012600,66772000,66875400,3060,34394050,6044950,5820350,0,30852,0,5,0,0,0,0,0,0
138,2252688136,17563,931650,14520950,34592200,16303000,66347800,66878000,3137,34414650,5632300,5419550,0,30852,0,5,0,0,0,0,0,0
139,578597309,17564,904050,15679200,34628750,15560150,66772150,66876950,2941,34448250,6442900,6211200,0,30852,0,5,0,0,0,0,0,0
140,3624439358,17565,908450,15266400,35153700,15445850,66774400,66877950,2965,34976300,6756000,6518250,0,30852,0,5,0,0,0,0,0,0
141,3514067501,17566,907400,15308750,34433750,16122750,66772650,66874850,3092,34265250,6003850,5787400,0,30852,0,5,0,0,0,0,0,0
142,2741972910,17567,1526700,14829150,36834300,13587300,66777450,66879650,2659,36657600,5890550,5675850,0,30852,0,5,0,0,0,0,0,0
143,28497579,17568,885600,15385500,34497950,15998900,66767950,66874250,3052,34324550,6343850,6125350,0,30852,0,5,0,0,0,0,0,0
144,466729326,17569,949800,15397850,34902600,15141000,66391250,67222150,2903,34712000,6441300,6229750,0,30852,0,5,0,0,0,0,0,0
145,3425349295,17570,907450,22570350,34727250,8222000,66427050,66531600,1563,33676850,5682550,5482600,0,30852,0,5,0,0,0,0,0,0
146,1537640620,17571,914100,15175400,34276500,16410850,66776850,66879250,3139,34102650,6226600,6007500,0,30852,0,5,0,0,0,0,0,0
147,1853842891,17572,901750,15317300,34956050,15596200,66771300,66875150,3001,34785000,6567150,6325700,0,30852,0,5,0,0,0,0,0,0
148,1177024904,17573,927000,15301650,34950900,15597700,66777250,66880050,2970,34782950,6051050,5829500,0,31172,0,5,0,0,0,0,0,0
149,4106734849,17574,1457800,14557900,34790000,15968000,66773700,66875150,3065,34616000,6483600,6237250,0,31172,0,5,0,0,0,0,0,0
150,2025356500,17575,918350,15364900,36640400,13852300,66775950,66877450,2561,36454700,5970900,5763700,0,31172,0,5,0,0,0,0,0,0
151,2189605121,17576,883500,15262050,35397250,15430750,66973550,67077150,2970,35216100,6473400,6245150,0,30852,0,5,0,0,0,0,0,0
152,4086136290,17577,905700,14531150,34717000,16420150,66574000,66676400,3159,33813750,5687300,5487850,0,30852,0,5,0,0,0,0,0,0
153,4036669705,17578,1523000,14704100,34691150,15857000,66775250,66876750,3008,34519100,6499250,6263450,0,30852,0,5,0,0,0,0,0,0
154,4167980074,17579,927100,15198200,35185000,15467800,66778100,66880200,2970,35004200,6396500,6176600,0,30852,0,5,0,0,0,0,0,0
155,51187407,17580,880850,15350150,34654350,15887200,66772550,66876200,3033,34481200,6070500,5856050,0,30852,0,5,0,0,0,0,0,0
156,2242638442,17581,1410400,14523200,34866100,15972550,66772250,66875500,3066,34690650,6636400,6393800,0,30852,0,5,0,0,0,0,0,0
157,2730108163,17582,898750,15381850,34675550,16064850,67021000,67122700,2780,34501200,6501350,6278400,0,30852,0,5,0,0,0,0,0,0
158,2718743917,17583,936000,15349150,35042750,15262150,66590050,66698750,2928,34861550,6482100,6257650,0,30852,0,5,0,0,0,0,0,0
159,3391709842,17584,888100,14558650,34728750,16532900,66708400,66812600,3184,33835300,5686600,5488300,0,30852,0,5,0,0,0,0,0,0
160,1164604273,17585,1582650,14687050,42848650,7652700,66771050,66874350,1404,42672650,7038700,6797850,0,30852,0,5,0,0,0,0,0,0
161,2148591176,17586,895000,15225650,34950750,15701200,66772600,66878850,3024,34767600,6634550,6395700,0,30852,0,5,0,0,0,0,0,0
162,4192737573,17587,916500,15239550,34599000,16017500,66772550,66876050,3062,34432400,6072550,5846000,0,30852,0,5,0,0,0,0,0,0
163,535584840,17588,1391150,14581750,34713650,16085900,66772450,66878450,3006,33680850,5678550,5479150,0,30852,0,5,0,0,0,0,0,0
164,3430794475,17589,928250,15271500,34405200,16160800,66765750,66876050,3086,34227200,6239250,6012050,0,30852,0,5,0,0,0,0,0,0
165,776323552,17590,890450,15324000,36514650,14043950,66773050,66876650,2649,36330550,6516650,6271400,0,30852,0,5,0,0,0,0,0,0
166,3330991427,17591,913750,15250250,34309950,16300550,66774500,66877850,3131,34140250,5899100,4973700,0,30852,0,5,0,0,0,0,0,0
167,3282074430,17592,1812050,14734900,34626550,15600900,66774400,66879300,2948,33724700,5664650,5465850,0,30852,0,5,0,0,0,0,0,0
168,2597814595,17593,921300,15194200,34798900,15855650,66770050,66876800,3053,34623950,6551150,6317250,0,30852,0,5,0,0,0,0,0,0
169,2225601370,17594,903700,15290000,35227600,15354000,66775300,66877150,3043,34449150,6064050,5836200,0,30852,0,5,0,0,0,0,0,0
170,3716853465,17595,928500,15761950,34359150,15328850,66378450,66876600,2918,34189300,6010100,5791150,0,30852,0,5,0,0,0,0,0,0
171,1080675697,17596,900800,15131100,34209350,16530950,66772200,66874550,3166,34028900,6307600,6082650,0,30212,0,5,0,0,0,0,0,0
172,219920238,17597,931250,15130050,34865100,15849500,66775900,66879400,3063,34695500,6570600,6330550,0,30212,0,5,0,0,0,0,0,0
173,3070385651,17598,896800,15418950,36261750,14196150,66773650,66874800,2783,36083650,6066300,5845850,0,30212,0,5,0,0,0,0,0,0
174,2609556270,17599,1494950,14479050,33879250,202600,50055850,50158000,36,33698850,6030000,5807100,0,30212,0,5,0,0,0,0,0,0
175,141401383,17600,888250,15366950,34764900,20962950,71983050,72078750,2882,34603400,6577050,6335850,0,30212,0,5,0,0,0,0,0,0
176,3034105280,17601,944650,16166900,34468200,9974700,61554450,61676250,1956,34270700,6047200,5831500,0,30212,0,5,0,0,0,0,0,0
177,3029196371,17602,1494200,14398900,34086200,16797800,66777100,66879100,3257,33906700,6020150,5797850,0,30212,0,5,0,0,0,0,0,0
178,699378668,17603,922950,15019250,34533250,16298300,66773750,66875600,3157,34362450,6372450,6132400,0,30212,0,5,0,0,0,0,0,0
179,2402609405,17604,894600,15314500,34399300,16532900,67141300,67243400,3043,34227950,6250100,6024350,0,30212,0,5,0,0,0,0,0,0
CSV_END

STUDY_DONE_1d63b7c0f133=0
# 