/tmp/app --transport dma --state-frame 0 --dma-minimum 8192 --frames 180 --warmup 30 --wait spin --profile frame --csv /tmp/transport-frames.csv --retained --dump /tmp/transport-frame.raw && printf "CSV_BEGIN\n" && cat /tmp/transport-frames.csv && printf "CSV_END\n"; study_status=$?; printf "\nSTUDY_DONE_d74dc35851c6=%s\n" "$study_status"
TRANSPORT mode=dma dma_minimum=8192
BEGIN_BREAKOUT frames=180 warmup=30 fixed=0 blocks=40 tiles=1 hud=1 wait=spin replay=0 state_frame=0 profile=frame pixel_centers=1 clock_call_ns=5416
HW_COUNTERS unavailable
RESULT frames=180 elapsed_s=3.076309000 fps=58.511677 logic_ms=0.000000 api_ms=0.000000 swap_ms=0.000000 wait_ms=0.000000 worker_inclusive_ms=0.000000 upload_inclusive_ms=0.000000 write_ms=0.000000 bytes_per_frame=3578.67 p50_ms=16.719400 p95_ms=16.999350 max_ms=33.654600 late_60hz=164 first_count=6359 last_count=6538 state_hash=8f34e8fd remaining=38 score=20
RENDER_PATH retained=1 grouped=0 quads=645 full_frames=0
FRAME_CHECK count=6538 address=9fe00000 fnv1a=79c99b23 pixels=307200 mismatches=0
BREAKOUT_PASS
CSV_BEGIN
frame,state_hash,display_count,logic_ns,api_ns,swap_ns,wait_ns,total_ns,completion_interval_ns,polls,worker_inclusive_ns,upload_inclusive_ns,write_ns,read_ns,write_bytes,read_bytes,write_calls,read_calls,dma_copy_ns,dma_launch_ns,dma_completion_wait_ns,dma_bytes,dma_lists
0,3724779174,6359,0,0,0,0,16667700,16678650,1109,0,0,0,0,4572,0,5,0,0,0,0,0,0
1,1709657109,6360,0,0,0,0,16601900,16718450,1224,0,0,0,0,4252,0,5,0,0,0,0,0,0
2,1894904752,6361,0,0,0,0,15865450,16723100,1354,0,0,0,0,3612,0,5,0,0,0,0,0,0
3,3703759967,6362,0,0,0,0,15811650,16716200,1086,0,0,0,0,3612,0,5,0,0,0,0,0,0
4,19533624,6363,0,0,0,0,16597850,16718500,1366,0,0,0,0,3612,0,5,0,0,0,0,0,0
5,816884773,6364,0,0,0,0,16605650,16722650,1775,0,0,0,0,2972,0,5,0,0,0,0,0,0
6,1339236364,6365,0,0,0,0,16611200,16715950,1352,0,0,0,0,3612,0,5,0,0,0,0,0,0
7,3072959373,6366,0,0,0,0,16776500,16898100,1408,0,0,0,0,3612,0,5,0,0,0,0,0,0
8,1782884746,6367,0,0,0,0,16423350,16543850,1749,0,0,0,0,2972,0,5,0,0,0,0,0,0
9,30296781,6368,0,0,0,0,16605100,16715900,1294,0,0,0,0,4252,0,5,0,0,0,0,0,0
10,4026418858,6369,0,0,0,0,16605700,16720550,1265,0,0,0,0,4252,0,5,0,0,0,0,0,0
11,2084929051,6370,0,0,0,0,16595300,16718950,1529,0,0,0,0,3612,0,5,0,0,0,0,0,0
12,3114489770,6371,0,0,0,0,16609500,16720500,1371,0,0,0,0,3932,0,5,0,0,0,0,0,0
13,891400471,6372,0,0,0,0,16604650,16719600,1402,0,0,0,0,3932,0,5,0,0,0,0,0,0
14,3472773456,6373,0,0,0,0,16604900,16720650,1703,0,0,0,0,2972,0,5,0,0,0,0,0,0
15,3010688243,6374,0,0,0,0,16601450,16719000,1374,0,0,0,0,3612,0,5,0,0,0,0,0,0
16,2819524756,6375,0,0,0,0,16602700,16715450,1319,0,0,0,0,3612,0,5,0,0,0,0,0,0
17,3241678401,6376,0,0,0,0,16611700,16723250,1703,0,0,0,0,2972,0,5,0,0,0,0,0,0
18,2154316504,6377,0,0,0,0,16878300,16986850,1386,0,0,0,0,3612,0,5,0,0,0,0,0,0
19,772262681,6378,0,0,0,0,16337300,16450600,1451,0,0,0,0,3612,0,5,0,0,0,0,0,0
20,3882818750,6379,0,0,0,0,16599150,16717200,1799,0,0,0,0,2972,0,5,0,0,0,0,0,0
21,521131153,6380,0,0,0,0,16607050,16719950,1310,0,0,0,0,3612,0,5,0,0,0,0,0,0
22,1838187414,6381,0,0,0,0,16606950,16722100,1300,0,0,0,0,3612,0,5,0,0,0,0,0,0
23,840574439,6382,0,0,0,0,16599550,16716200,1732,0,0,0,0,2972,0,5,0,0,0,0,0,0
24,2879461878,6383,0,0,0,0,16613100,16720350,1420,0,0,0,0,3612,0,5,0,0,0,0,0,0
25,202086035,6384,0,0,0,0,16612600,16720950,1526,0,0,0,0,3612,0,5,0,0,0,0,0,0
26,959703924,6385,0,0,0,0,16605750,16717850,1724,0,0,0,0,2972,0,5,0,0,0,0,0,0
27,3795724423,6386,0,0,0,0,15816750,16720450,1142,0,0,0,0,3612,0,5,0,0,0,0,0,0
28,2500539904,6387,0,0,0,0,16603150,16716400,1089,0,0,0,0,3612,0,5,0,0,0,0,0,0
29,2269000541,6388,0,0,0,0,16949850,17062950,1736,0,0,0,0,2972,0,5,0,0,0,0,0,0
30,1900681108,6389,0,0,0,0,16269650,16377750,1442,0,0,0,0,3612,0,5,0,0,0,0,0,0
31,3680168245,6390,0,0,0,0,16601750,16716750,1468,0,0,0,0,3612,0,5,0,0,0,0,0,0
32,2344329490,6391,0,0,0,0,16609750,16720200,1763,0,0,0,0,2972,0,5,0,0,0,0,0,0
33,2130650181,6392,0,0,0,0,16613000,16719400,1304,0,0,0,0,4252,0,5,0,0,0,0,0,0
34,906966818,6393,0,0,0,0,16607600,16720450,1333,0,0,0,0,4252,0,5,0,0,0,0,0,0
35,3939376531,6394,0,0,0,0,16627950,16740100,1566,0,0,0,0,3612,0,5,0,0,0,0,0,0
36,2110688546,6395,0,0,0,0,16584900,16696950,1529,0,0,0,0,3932,0,5,0,0,0,0,0,0
37,2695523007,6396,0,0,0,0,16606500,16718200,1373,0,0,0,0,3932,0,5,0,0,0,0,0,0
38,744447992,6397,0,0,0,0,16613050,16723500,1754,0,0,0,0,2972,0,5,0,0,0,0,0,0
39,3728640411,6398,0,0,0,0,16609350,16719400,1324,0,0,0,0,3612,0,5,0,0,0,0,0,0
40,618879740,6399,0,0,0,0,16600000,16717650,1435,0,0,0,0,3612,0,5,0,0,0,0,0,0
41,1239708057,6400,0,0,0,0,16059800,16716700,1674,0,0,0,0,2972,0,5,0,0,0,0,0,0
42,2429742208,6401,0,0,0,0,16616500,16722700,1537,0,0,0,0,3612,0,5,0,0,0,0,0,0
43,412095716,6402,0,0,0,0,16598150,16716700,1382,0,0,0,0,3612,0,5,0,0,0,0,0,0
44,1226741467,6403,0,0,0,0,16603400,16721550,1719,0,0,0,0,2972,0,5,0,0,0,0,0,0
45,3288446148,6404,0,0,0,0,16610350,16719000,1427,0,0,0,0,3612,0,5,0,0,0,0,0,0
46,1157984843,6405,0,0,0,0,16729800,16844700,1406,0,0,0,0,3612,0,5,0,0,0,0,0,0
47,3877288378,6406,0,0,0,0,16480650,16592650,1740,0,0,0,0,2972,0,5,0,0,0,0,0,0
48,4236526315,6407,0,0,0,0,16608100,16719350,1452,0,0,0,0,3612,0,5,0,0,0,0,0,0
49,533834014,6408,0,0,0,0,16612400,16721000,1379,0,0,0,0,3612,0,5,0,0,0,0,0,0
50,1649361089,6409,0,0,0,0,15814950,16716150,1480,0,0,0,0,2972,0,5,0,0,0,0,0,0
51,2486981906,6410,0,0,0,0,16604450,16716550,181,0,0,0,0,3612,0,5,0,0,0,0,0,0
52,1706075277,6411,0,0,0,0,16606650,16723150,1092,0,0,0,0,3612,0,5,0,0,0,0,0,0
53,267972368,6412,0,0,0,0,16601900,16717900,1753,0,0,0,0,2972,0,5,0,0,0,0,0,0
54,3895401273,6413,0,0,0,0,16607600,16723000,1412,0,0,0,0,3612,0,5,0,0,0,0,0,0
55,605985656,6414,0,0,0,0,16600750,16717850,1367,0,0,0,0,3612,0,5,0,0,0,0,0,0
56,4077673024,6415,0,0,0,0,33539250,33654600,3017,0,0,0,0,6632,0,5,0,0,0,0,0,0
57,985632231,6416,0,0,0,0,33104250,33221350,2163,0,0,0,0,7312,0,5,0,0,0,0,0,0
58,3720590956,6417,0,0,0,0,16607900,16719950,1349,0,0,0,0,3652,0,5,0,0,0,0,0,0
59,3264032585,6418,0,0,0,0,16608750,16721400,1679,0,0,0,0,2972,0,5,0,0,0,0,0,0
60,395405688,6419,0,0,0,0,16605200,16718200,1393,0,0,0,0,3612,0,5,0,0,0,0,0,0
61,32142420,6420,0,0,0,0,16604400,16718700,1400,0,0,0,0,3612,0,5,0,0,0,0,0,0
62,1187067055,6421,0,0,0,0,16609750,16719550,1711,0,0,0,0,2972,0,5,0,0,0,0,0,0
63,459140908,6422,0,0,0,0,16610850,16719900,1349,0,0,0,0,3612,0,5,0,0,0,0,0,0
64,3369786495,6423,0,0,0,0,16604100,16720350,1378,0,0,0,0,3612,0,5,0,0,0,0,0,0
65,1572434254,6424,0,0,0,0,16602250,16716250,1684,0,0,0,0,2972,0,5,0,0,0,0,0,0
66,4107798823,6425,0,0,0,0,17046750,17158300,1429,0,0,0,0,3612,0,5,0,0,0,0,0,0
67,343968250,6426,0,0,0,0,16164500,16281650,1436,0,0,0,0,3612,0,5,0,0,0,0,0,0
68,3102454017,6427,0,0,0,0,16595500,16717200,1780,0,0,0,0,2972,0,5,0,0,0,0,0,0
69,3051095563,6428,0,0,0,0,16607950,16719550,1350,0,0,0,0,3612,0,5,0,0,0,0,0,0
70,2391331016,6429,0,0,0,0,16608300,16722550,1355,0,0,0,0,3612,0,5,0,0,0,0,0,0
71,3869016117,6430,0,0,0,0,16607150,16720000,1726,0,0,0,0,2972,0,5,0,0,0,0,0,0
72,1579800804,6431,0,0,0,0,16602750,16715450,1409,0,0,0,0,3612,0,5,0,0,0,0,0,0
73,2792341157,6432,0,0,0,0,15808250,16718550,1107,0,0,0,0,3612,0,5,0,0,0,0,0,0
74,714702942,6433,0,0,0,0,16610900,16720250,1671,0,0,0,0,2972,0,5,0,0,0,0,0,0
75,1092538936,6434,0,0,0,0,16604150,16720200,1355,0,0,0,0,3612,0,5,0,0,0,0,0,0
76,1561271239,6435,0,0,0,0,16607700,16720900,1279,0,0,0,0,4252,0,5,0,0,0,0,0,0
77,3798074098,6436,0,0,0,0,16605750,16717650,1611,0,0,0,0,3612,0,5,0,0,0,0,0,0
78,3022639071,6437,0,0,0,0,16234350,16721500,1413,0,0,0,0,4252,0,5,0,0,0,0,0,0
79,2282770062,6438,0,0,0,0,16601850,16717700,1407,0,0,0,0,3932,0,5,0,0,0,0,0,0
80,1626512457,6439,0,0,0,0,16605300,16719400,1736,0,0,0,0,3292,0,5,0,0,0,0,0,0
81,3156888026,6440,0,0,0,0,16609500,16720250,1313,0,0,0,0,3612,0,5,0,0,0,0,0,0
82,3038824309,6441,0,0,0,0,16604700,16718150,1344,0,0,0,0,3612,0,5,0,0,0,0,0,0
83,1261846460,6442,0,0,0,0,16661050,16779600,1691,0,0,0,0,2972,0,5,0,0,0,0,0,0
84,2035201521,6443,0,0,0,0,16548650,16658950,1541,0,0,0,0,3612,0,5,0,0,0,0,0,0
85,2164446652,6444,0,0,0,0,16605800,16720800,1345,0,0,0,0,3612,0,5,0,0,0,0,0,0
86,2017191835,6445,0,0,0,0,16607300,16716150,1750,0,0,0,0,2972,0,5,0,0,0,0,0,0
87,3029138484,6446,0,0,0,0,16612150,16722800,883,0,0,0,0,3612,0,5,0,0,0,0,0,0
88,50355403,6447,0,0,0,0,16597100,16718600,1369,0,0,0,0,3612,0,5,0,0,0,0,0,0
89,654213990,6448,0,0,0,0,16161800,16716650,1686,0,0,0,0,2972,0,5,0,0,0,0,0,0
90,2360099787,6449,0,0,0,0,16613250,16722250,1530,0,0,0,0,3612,0,5,0,0,0,0,0,0
91,2424818746,6450,0,0,0,0,16604050,16717850,1290,0,0,0,0,3612,0,5,0,0,0,0,0,0
92,1971386461,6451,0,0,0,0,16601450,16720400,1764,0,0,0,0,2972,0,5,0,0,0,0,0,0
93,3386045126,6452,0,0,0,0,16605900,16717350,1363,0,0,0,0,3612,0,5,0,0,0,0,0,0
94,1429641961,6453,0,0,0,0,16902150,17016500,1414,0,0,0,0,3612,0,5,0,0,0,0,0,0
95,3022846880,6454,0,0,0,0,16304800,16421000,1715,0,0,0,0,2972,0,5,0,0,0,0,0,0
96,1601897261,6455,0,0,0,0,15828350,16719800,1111,0,0,0,0,3612,0,5,0,0,0,0,0,0
97,1229951528,6456,0,0,0,0,16608050,16719400,1321,0,0,0,0,3612,0,5,0,0,0,0,0,0
98,4065171759,6457,0,0,0,0,16608000,16719250,1653,0,0,0,0,2972,0,5,0,0,0,0,0,0
99,1034325744,6458,0,0,0,0,16607600,16720450,1301,0,0,0,0,3612,0,5,0,0,0,0,0,0
100,14078671,6459,0,0,0,0,16598550,16717900,1409,0,0,0,0,4252,0,5,0,0,0,0,0,0
101,4024270554,6460,0,0,0,0,16604500,16722600,1601,0,0,0,0,3612,0,5,0,0,0,0,0,0
102,896191351,6461,0,0,0,0,16607650,16719450,1272,0,0,0,0,4252,0,5,0,0,0,0,0,0
103,2131384102,6462,0,0,0,0,16592550,16716050,1264,0,0,0,0,3932,0,5,0,0,0,0,0,0
104,2586210593,6463,0,0,0,0,16599150,16719050,1593,0,0,0,0,3292,0,5,0,0,0,0,0,0
105,591918370,6464,0,0,0,0,16853850,16967750,1431,0,0,0,0,3612,0,5,0,0,0,0,0,0
106,8814317,6465,0,0,0,0,16354400,16472700,1498,0,0,0,0,3612,0,5,0,0,0,0,0,0
107,2340504196,6466,0,0,0,0,16599750,16717950,1732,0,0,0,0,2972,0,5,0,0,0,0,0,0
108,3523076009,6467,0,0,0,0,16608450,16720450,1309,0,0,0,0,3612,0,5,0,0,0,0,0,0
109,1961669028,6468,0,0,0,0,16600050,16718150,1332,0,0,0,0,3612,0,5,0,0,0,0,0,0
110,1037581603,6469,0,0,0,0,16606550,16723400,577,0,0,0,0,2972,0,5,0,0,0,0,0,0
111,2701024588,6470,0,0,0,0,16799950,16934150,1190,0,0,0,0,3612,0,5,0,0,0,0,0,0
112,215037203,6471,0,0,0,0,16379150,16500650,1457,0,0,0,0,3612,0,5,0,0,0,0,0,0
113,3696282862,6472,0,0,0,0,16607300,16721850,1719,0,0,0,0,2972,0,5,0,0,0,0,0,0
114,2829142928,6473,0,0,0,0,16607850,16718450,1333,0,0,0,0,3612,0,5,0,0,0,0,0,0
115,3204762949,6474,0,0,0,0,16595450,16718300,1354,0,0,0,0,3612,0,5,0,0,0,0,0,0
116,3297489190,6475,0,0,0,0,16967500,17087700,1699,0,0,0,0,2972,0,5,0,0,0,0,0,0
117,1691704917,6476,0,0,0,0,16238700,16349750,1461,0,0,0,0,3612,0,5,0,0,0,0,0,0
118,663957814,6477,0,0,0,0,16602700,16720500,960,0,0,0,0,3612,0,5,0,0,0,0,0,0
119,3058583827,6478,0,0,0,0,16604200,16718450,1705,0,0,0,0,2972,0,5,0,0,0,0,0,0
120,838545270,6479,0,0,0,0,15823250,16718500,1191,0,0,0,0,3612,0,5,0,0,0,0,0,0
121,3608912039,6480,0,0,0,0,16604100,16720800,1350,0,0,0,0,3612,0,5,0,0,0,0,0,0
122,4080159716,6481,0,0,0,0,16768850,16882000,1675,0,0,0,0,2972,0,5,0,0,0,0,0,0
123,1056027075,6482,0,0,0,0,16435650,16555500,1492,0,0,0,0,3612,0,5,0,0,0,0,0,0
124,4057021248,6483,0,0,0,0,16597150,16718850,1215,0,0,0,0,4252,0,5,0,0,0,0,0,0
125,2686741161,6484,0,0,0,0,16609900,16721600,1630,0,0,0,0,3612,0,5,0,0,0,0,0,0
126,3870849660,6485,0,0,0,0,16605950,16716500,1238,0,0,0,0,4252,0,5,0,0,0,0,0,0
127,293449641,6486,0,0,0,0,16601650,16722800,1395,0,0,0,0,3932,0,5,0,0,0,0,0,0
128,596064266,6487,0,0,0,0,16190150,16715200,1626,0,0,0,0,3292,0,5,0,0,0,0,0,0
129,3715495249,6488,0,0,0,0,16609750,16720550,1417,0,0,0,0,3612,0,5,0,0,0,0,0,0
130,244680018,6489,0,0,0,0,16608650,16720900,1367,0,0,0,0,3612,0,5,0,0,0,0,0,0
131,4080661783,6490,0,0,0,0,16607600,16720250,1756,0,0,0,0,2972,0,5,0,0,0,0,0,0
132,4006730450,6491,0,0,0,0,16609950,16718800,1346,0,0,0,0,3612,0,5,0,0,0,0,0,0
133,3864584507,6492,0,0,0,0,16723250,16831800,1411,0,0,0,0,3612,0,5,0,0,0,0,0,0
134,2711027320,6493,0,0,0,0,16491450,16604900,1752,0,0,0,0,2972,0,5,0,0,0,0,0,0
135,4099079087,6494,0,0,0,0,16605600,16718300,1349,0,0,0,0,3612,0,5,0,0,0,0,0,0
136,565333772,6495,0,0,0,0,16602550,16721100,1280,0,0,0,0,3612,0,5,0,0,0,0,0,0
137,1028518269,6496,0,0,0,0,16599400,16720800,1662,0,0,0,0,2972,0,5,0,0,0,0,0,0
138,2252688136,6497,0,0,0,0,16606950,16719800,1346,0,0,0,0,3612,0,5,0,0,0,0,0,0
139,578597309,6498,0,0,0,0,16599100,16715100,1437,0,0,0,0,3612,0,5,0,0,0,0,0,0
140,3624439358,6499,0,0,0,0,16601750,16722350,1784,0,0,0,0,2972,0,5,0,0,0,0,0,0
141,3514067501,6500,0,0,0,0,16608150,16717850,1286,0,0,0,0,3612,0,5,0,0,0,0,0,0
142,2741972910,6501,0,0,0,0,16608450,16721550,1340,0,0,0,0,3612,0,5,0,0,0,0,0,0
143,28497579,6502,0,0,0,0,15803450,16718400,1508,0,0,0,0,2972,0,5,0,0,0,0,0,0
144,466729326,6503,0,0,0,0,16831700,16938950,1380,0,0,0,0,3612,0,5,0,0,0,0,0,0
145,3425349295,6504,0,0,0,0,16388100,16498200,1485,0,0,0,0,3612,0,5,0,0,0,0,0,0
146,1537640620,6505,0,0,0,0,16604750,16720250,1784,0,0,0,0,2972,0,5,0,0,0,0,0,0
147,1853842891,6506,0,0,0,0,16603400,16717050,1277,0,0,0,0,3612,0,5,0,0,0,0,0,0
148,1177024904,6507,0,0,0,0,16604250,16721350,1009,0,0,0,0,4252,0,5,0,0,0,0,0,0
149,4106734849,6508,0,0,0,0,16594000,16717200,1483,0,0,0,0,3612,0,5,0,0,0,0,0,0
150,2025356500,6509,0,0,0,0,16636400,16743300,1352,0,0,0,0,4252,0,5,0,0,0,0,0,0
151,2189605121,6510,0,0,0,0,16578600,16696300,1498,0,0,0,0,3932,0,5,0,0,0,0,0,0
152,4086136290,6511,0,0,0,0,16603450,16718700,1725,0,0,0,0,3292,0,5,0,0,0,0,0,0
153,4036669705,6512,0,0,0,0,16610350,16721550,1367,0,0,0,0,3612,0,5,0,0,0,0,0,0
154,4167980074,6513,0,0,0,0,16605300,16718450,1372,0,0,0,0,3612,0,5,0,0,0,0,0,0
155,51187407,6514,0,0,0,0,16888950,16999350,1729,0,0,0,0,2972,0,5,0,0,0,0,0,0
156,2242638442,6515,0,0,0,0,16332600,16441100,1495,0,0,0,0,3612,0,5,0,0,0,0,0,0
157,2730108163,6516,0,0,0,0,16606050,16717650,1390,0,0,0,0,3612,0,5,0,0,0,0,0,0
158,2718743917,6517,0,0,0,0,16606650,16718450,1750,0,0,0,0,2972,0,5,0,0,0,0,0,0
159,3391709842,6518,0,0,0,0,16603300,16718700,1368,0,0,0,0,3612,0,5,0,0,0,0,0,0
160,1164604273,6519,0,0,0,0,16601550,16720100,1389,0,0,0,0,3612,0,5,0,0,0,0,0,0
161,2148591176,6520,0,0,0,0,16684900,16799000,1612,0,0,0,0,2972,0,5,0,0,0,0,0,0
162,4192737573,6521,0,0,0,0,16522500,16640500,1515,0,0,0,0,3612,0,5,0,0,0,0,0,0
163,535584840,6522,0,0,0,0,16603650,16717900,1364,0,0,0,0,3612,0,5,0,0,0,0,0,0
164,3430794475,6523,0,0,0,0,16600750,16717600,1752,0,0,0,0,2972,0,5,0,0,0,0,0,0
165,776323552,6524,0,0,0,0,16611850,16722500,1395,0,0,0,0,3612,0,5,0,0,0,0,0,0
166,3330991427,6525,0,0,0,0,16967150,17081900,1387,0,0,0,0,3612,0,5,0,0,0,0,0,0
167,3282074430,6526,0,0,0,0,16241550,16353600,1698,0,0,0,0,2972,0,5,0,0,0,0,0,0
168,2597814595,6527,0,0,0,0,16614650,16723500,1508,0,0,0,0,3612,0,5,0,0,0,0,0,0
169,2225601370,6528,0,0,0,0,16607500,16717950,1319,0,0,0,0,3612,0,5,0,0,0,0,0,0
170,3716853465,6529,0,0,0,0,16610300,16719550,1746,0,0,0,0,2972,0,5,0,0,0,0,0,0
171,1080675697,6530,0,0,0,0,33422500,33532950,1215,0,0,0,0,7272,0,5,0,0,0,0,0,0
172,219920238,6531,0,0,0,0,33227900,33343950,2557,0,0,0,0,7312,0,5,0,0,0,0,0,0
173,3070385651,6532,0,0,0,0,16597750,16716600,1700,0,0,0,0,3012,0,5,0,0,0,0,0,0
174,2609556270,6533,0,0,0,0,16610200,16719300,1375,0,0,0,0,3612,0,5,0,0,0,0,0,0
175,141401383,6534,0,0,0,0,16606500,16721600,1406,0,0,0,0,3612,0,5,0,0,0,0,0,0
176,3034105280,6535,0,0,0,0,16172650,16719800,1657,0,0,0,0,2972,0,5,0,0,0,0,0,0
177,3029196371,6536,0,0,0,0,16608150,16717950,1147,0,0,0,0,3612,0,5,0,0,0,0,0,0
178,699378668,6537,0,0,0,0,16606250,16720600,1389,0,0,0,0,3612,0,5,0,0,0,0,0,0
179,2402609405,6538,0,0,0,0,16602550,16718400,1751,0,0,0,0,2972,0,5,0,0,0,0,0,0
CSV_END

STUDY_DONE_d74dc35851c6=0
# 