/tmp/app-lto --transport unrolled --state-frame 3600 --frames 180 --warmup 30 --wait spin --profile detailed --csv /tmp/transport-frames.csv --grouped && printf "CSV_BEGIN\n" && cat /tmp/transport-frames.csv && printf "CSV_END\n"; study_status=$?; printf "\nSTUDY_DONE_95ed8f48a3b9=%s\n" "$study_status"
TRANSPORT mode=unrolled dma_minimum=64
BEGIN_BREAKOUT frames=180 warmup=30 fixed=0 blocks=40 tiles=1 hud=1 wait=spin replay=0 state_frame=3600 profile=detailed pixel_centers=1 clock_call_ns=4769
HW_COUNTERS unavailable
RESULT frames=180 elapsed_s=6.119228900 fps=29.415471 logic_ms=0.796852 api_ms=6.505359 swap_ms=21.373664 wait_ms=5.162984 worker_inclusive_ms=21.129476 upload_inclusive_ms=4.754739 write_ms=4.544144 bytes_per_frame=18724.00 p50_ms=33.438900 p95_ms=33.781750 max_ms=50.159550 late_60hz=180 first_count=23417 last_count=23596 state_hash=3933ec17 remaining=6 score=340
RENDER_PATH retained=0 grouped=1 quads=7380 full_frames=180
BREAKOUT_PASS
CSV_BEGIN
frame,state_hash,display_count,logic_ns,api_ns,swap_ns,wait_ns,total_ns,completion_interval_ns,polls,worker_inclusive_ns,upload_inclusive_ns,write_ns,read_ns,write_bytes,read_bytes,write_calls,read_calls,dma_copy_ns,dma_launch_ns,dma_completion_wait_ns,dma_bytes,dma_lists
0,3653798554,23417,686250,6779900,20633100,5297800,33397050,33408150,1020,20447200,4229500,4063550,0,18692,0,5,0,0,0,0,0,0
1,4254654458,23418,1199850,5964650,21758750,4412900,33336150,33441050,854,21567850,5368150,5181600,0,18692,0,5,0,0,0,0,0,0
2,258432485,23419,683400,6085400,21317950,5245500,33332250,33439200,996,20371250,4367200,4212050,0,18692,0,5,0,0,0,0,0,0
3,872827290,23420,671850,6744450,20994500,4916500,33327300,33434800,880,20811950,4574400,4400400,0,18692,0,5,0,0,0,0,0,0
4,30312805,23421,676100,6037550,29871400,12968450,49553500,50159550,2524,29673500,5177700,4988750,0,18692,0,5,0,0,0,0,0,0
5,4016430808,23422,678000,6812150,20957050,4890250,33337450,33440100,932,20766750,4368400,4193550,0,18692,0,5,0,0,0,0,0,0
6,3012967645,23423,1215050,5976300,21054000,5088700,33334050,33439350,553,20855900,4833150,4650450,0,18692,0,5,0,0,0,0,0,0
7,3593359732,23424,702050,7034050,20606300,4976250,33318650,33435250,967,20416050,4222150,4065300,0,18692,0,5,0,0,0,0,0,0
8,2714884843,23425,691500,6822350,21111500,4711350,33336700,33440500,891,20932300,4534250,4363700,0,19012,0,5,0,0,0,0,0,0
9,1754706848,23426,687750,6020500,21912200,4309900,32930350,33439000,826,21716450,5269250,5077600,0,19012,0,5,0,0,0,0,0,0
10,634139175,23427,673800,6949000,20484750,5223600,33331150,33437550,1016,20294050,4119850,3959050,0,18692,0,5,0,0,0,0,0,0
11,2225001302,23428,684550,6707600,20821050,5276950,33490150,33597250,929,20631400,4517850,4341950,0,18692,0,5,0,0,0,0,0,0
12,3881591779,23429,681800,6027400,21626650,4839300,33175150,33279900,944,21432950,5374450,5188550,0,18692,0,5,0,0,0,0,0,0
13,2688998526,23430,675900,6811700,20823350,5021550,33332500,33436950,961,20628750,4261150,4088200,0,18692,0,5,0,0,0,0,0,0
14,3733755993,23431,1489700,6143650,21623650,3357000,32614000,33438200,614,21429250,5387750,5199500,0,18692,0,5,0,0,0,0,0,0
15,4110562030,23432,678900,6051700,21937500,4663950,33332050,33439700,878,21744250,5663950,5473800,0,18692,0,5,0,0,0,0,0,0
16,2165534041,23433,679400,6835650,20601850,5221650,33338550,33441550,1003,20417800,4078500,3909350,0,18692,0,5,0,0,0,0,0,0
17,51482660,23434,1289050,5975550,21106250,4961800,33332650,33435900,833,20901400,4868750,4689250,0,18692,0,5,0,0,0,0,0,0
18,1808653113,23435,680750,6154600,21365400,5130500,33331250,33438300,1001,21170500,5187000,4987300,0,18692,0,5,0,0,0,0,0,0
19,3012136936,23436,682600,6789950,21141200,4724800,33338550,33441450,895,20958400,4584600,4407600,0,18692,0,5,0,0,0,0,0,0
20,1547905167,23437,1188200,6008050,21558350,4579850,33334450,33437500,894,20809700,4825300,4642900,0,18692,0,5,0,0,0,0,0,0
21,2010544228,23438,678550,6969550,20623250,5060650,33332000,33436050,983,20431100,4257200,4096250,0,18692,0,5,0,0,0,0,0,0
22,2331187115,23439,686450,8464000,21730200,2889850,33770500,33876350,513,21537150,4130650,3971400,0,18692,0,5,0,0,0,0,0,0
23,591091010,23440,680500,6001900,21630850,4580650,32893900,33000550,886,21429600,5367100,5180350,0,18692,0,5,0,0,0,0,0,0
24,3337222943,23441,679050,6924200,20525800,5207300,33336350,33439300,1011,20329450,4128350,3965200,0,18692,0,5,0,0,0,0,0,0
25,541067522,23442,689650,6655100,20948700,5067100,33360550,33463600,883,20763950,4660750,4487300,0,18692,0,5,0,0,0,0,0,0
26,1909576061,23443,675200,6039650,21611850,4979700,33306400,33414300,973,21421100,5385300,5198600,0,18692,0,5,0,0,0,0,0,0
27,3576416482,23444,673950,6788700,20689750,5182350,33334750,33439400,996,20477500,4108600,3934000,0,18692,0,5,0,0,0,0,0,0
28,2786439485,23445,1304050,5944950,21321400,4762750,33333150,33437750,780,21134500,4849450,4644500,0,18692,0,5,0,0,0,0,0,0
29,1931780192,23446,672850,6050900,21529400,5079850,33333000,33439400,990,21329850,5242600,5051400,0,18692,0,5,0,0,0,0,0,0
30,1799980229,23447,679200,6796000,20893900,4964600,33333700,33438150,948,20695850,4319150,4146700,0,18692,0,5,0,0,0,0,0,0
31,3538847580,23448,1239600,5963800,21060850,5069150,33333400,33439400,854,20860950,4854200,4671800,0,18692,0,5,0,0,0,0,0,0
32,3831628403,23449,676850,6104000,21419350,5128550,33328750,33435800,998,21218600,4385200,4219200,0,19012,0,5,0,0,0,0,0,0
33,1903038664,23450,677000,6782400,21018100,4860900,33338400,33441100,924,20822750,4449900,4272650,0,19012,0,5,0,0,0,0,0,0
34,3410263823,23451,1125100,6016500,29703650,13205600,50050850,50158300,2576,29517050,5514300,5329850,0,18692,0,5,0,0,0,0,0,0
35,3263986894,23452,684300,6807050,20601500,5235750,33328600,33435300,1008,20399950,4118550,3946700,0,18692,0,5,0,0,0,0,0,0
36,2175892875,23453,1256200,6087500,21689400,4304400,33337500,33441900,734,20933750,4864900,4684250,0,18692,0,5,0,0,0,0,0,0
37,1813748966,23454,678650,8109450,20985600,3558800,33332500,33439150,644,20799800,4433800,4261500,0,18692,0,5,0,0,0,0,0,0
38,833434417,23455,723850,6845750,20952000,4091300,32612900,33436150,756,20763800,4746700,4575750,0,18692,0,5,0,0,0,0,0,0
39,4097282166,23456,1159200,6011000,21771400,4392100,33333700,33438750,846,21575050,5406550,5219400,0,18692,0,5,0,0,0,0,0,0
40,192773425,23457,678800,7092950,20601350,4959900,33333000,33439050,955,20411200,4249400,4089550,0,18692,0,5,0,0,0,0,0,0
41,858826700,23458,680050,6703700,20853250,5378100,33615100,33719850,956,20670300,4445000,4274500,0,18692,0,5,0,0,0,0,0,0
42,1950483681,23459,692100,6012100,21793950,4555650,33053800,33158650,877,21595650,5370250,5180450,0,18692,0,5,0,0,0,0,0,0
43,575738928,23460,678750,6803600,20550650,5297000,33330000,33436150,1003,20360300,4134700,3975750,0,18692,0,5,0,0,0,0,0,0
44,1359536727,23461,680600,6608300,20833050,5212450,33334400,33440300,919,20641550,4538100,4370800,0,18692,0,5,0,0,0,0,0,0
45,3117637717,23462,683200,5993700,21813750,4842550,33333200,33436650,940,21609100,5379450,5192200,0,18692,0,5,0,0,0,0,0,0
46,2557278958,23463,672250,6787650,21016950,4853550,33330400,33437750,924,20824700,4237550,3229100,0,18692,0,5,0,0,0,0,0,0
47,3928984507,23464,1422900,5956250,21039300,4917050,33335500,33439950,853,20843950,4818000,4647300,0,18692,0,5,0,0,0,0,0,0
48,3279099526,23465,678450,6114400,21619500,4921450,33333800,33437250,953,21417000,5234650,5038300,0,18692,0,5,0,0,0,0,0,0
49,3402996575,23466,674500,6760550,20542900,5357900,33335850,33439300,1034,20343900,4103150,3933500,0,18692,0,5,0,0,0,0,0,0
50,1848951628,23467,1214650,6096250,21598150,4422600,33331650,33437800,859,20856200,4848050,4662500,0,18692,0,5,0,0,0,0,0,0
51,3328119971,23468,672300,6062900,21518100,5082550,33335850,33439900,989,21314750,4410200,4254500,0,18692,0,5,0,0,0,0,0,0
52,536923704,23469,675800,6790150,23226650,2640650,33333250,33436300,562,23031050,4235500,4081450,0,18692,0,5,0,0,0,0,0,0
53,991563721,23470,681400,6018750,21828000,4338300,32866450,33440350,832,21630250,5415150,5224750,0,18692,0,5,0,0,0,0,0,0
54,2482503020,23471,672800,6769950,20729050,5164000,33335800,33442000,1001,20535600,4369300,4209050,0,18692,0,5,0,0,0,0,0,0
55,3320786401,23472,672600,6671400,20766900,5360000,33470900,33577100,953,20568600,4419050,4249950,0,18692,0,5,0,0,0,0,0,0
56,1307572882,23473,673250,6016550,21835800,4667600,33193200,33296050,901,21638300,5371350,5183250,0,19012,0,5,0,0,0,0,0,0
57,1045847897,23474,665200,6784600,20729950,5153100,33332850,33440300,961,20532750,4289350,4126300,0,19012,0,5,0,0,0,0,0,0
58,2886179050,23475,672100,6532000,20595850,5531350,33331300,33438350,899,20403800,4415850,3444750,0,18692,0,5,0,0,0,0,0,0
59,961732807,23476,672450,6008450,21688150,4954450,33323500,33438850,965,21486700,5260300,5067400,0,18692,0,5,0,0,0,0,0,0
60,1947062354,23477,668450,6784400,20482650,5399950,33335450,33439750,1041,20286900,4101350,3931450,0,18692,0,5,0,0,0,0,0,0
61,2075511931,23478,722750,6899250,20481700,3647650,31751350,33435450,683,20279400,4237750,4082100,0,18692,0,5,0,0,0,0,0,0
62,2408546800,23479,682550,6118800,21415350,5119750,33336450,33441500,998,21210950,4347250,4183000,0,18692,0,5,0,0,0,0,0,0
63,460493639,23480,669300,6773600,20744150,5147150,33334200,33438550,987,20551550,4341800,4167700,0,18692,0,5,0,0,0,0,0,0
64,1463678916,23481,1171150,6136650,26837100,15909950,50054850,50158200,2955,26638600,10588850,10319150,0,18692,0,5,0,0,0,0,0,0
65,3795713909,23482,679050,6929750,20548550,5169450,33326800,33438650,995,20356600,4082500,3912250,0,18692,0,5,0,0,0,0,0,0
66,1056688136,23483,1307800,5952600,20797000,5276600,33334000,33439250,926,20609250,4673000,4499150,0,18692,0,5,0,0,0,0,0,0
67,202923725,23484,677850,8462200,20629900,3559400,33329350,33437000,646,20444300,4339750,4163750,0,18692,0,5,0,0,0,0,0,0
68,4012539606,23485,675550,6749750,20869000,5038850,33333150,33436400,964,20677950,4334800,4161750,0,18692,0,5,0,0,0,0,0,0
69,1087445485,23486,1188050,5981550,21047400,5117100,33334100,33438550,856,20857500,4836500,4652200,0,18692,0,5,0,0,0,0,0,0
70,491589414,23487,676100,6089300,21641750,4925600,33332750,33440700,931,20717100,4678550,4527650,0,18692,0,5,0,0,0,0,0,0
71,1293200275,23488,672350,6741450,20952150,4967800,33333750,33438550,949,20759200,4434850,4264400,0,18692,0,5,0,0,0,0,0,0
72,1737595726,23489,673750,6006850,21570450,4698400,32949450,33440100,885,21376000,5365100,5176800,0,18692,0,5,0,0,0,0,0,0
73,2173390039,23490,672100,6776800,20651600,5231300,33331800,33435600,1022,20453000,4266400,4108300,0,18692,0,5,0,0,0,0,0,0
74,2060004372,23491,680850,6642050,21000600,5103150,33426650,33531250,895,20810550,4525550,4356850,0,18692,0,5,0,0,0,0,0,0
75,668607547,23492,677100,6034800,21633800,4895200,33240900,33345850,955,21441750,5379950,5193050,0,18692,0,5,0,0,0,0,0,0
76,3409034624,23493,673400,6940300,20627400,5098300,33339400,33441000,977,20427200,4251950,4082200,0,18692,0,5,0,0,0,0,0,0
77,66914193,23494,680300,6843350,21191000,4619850,33334500,33439000,785,20990300,4854000,4671400,0,18692,0,5,0,0,0,0,0,0
78,2553907572,23495,674650,6019400,21543550,5091250,33328850,33435950,996,21341000,5341250,5150650,0,18692,0,5,0,0,0,0,0,0
79,890390073,23496,667700,6921250,20472650,5274300,33335900,33441250,1017,20274400,4082050,3911150,0,18692,0,5,0,0,0,0,0,0
80,2223873098,23497,1273000,5959600,21780550,4321150,33334300,33438700,837,21011350,4977000,4792650,0,19012,0,5,0,0,0,0,0,0
81,2336881585,23498,673250,6108200,21358250,5187750,33327450,33434500,1014,21156900,5075050,4177850,0,19012,0,5,0,0,0,0,0,0
82,4135459074,23499,683350,6778400,23248750,2622400,33332900,33438600,558,23051300,5209950,4984350,0,18692,0,5,0,0,0,0,0,0
83,1986260127,23500,1222450,6030400,21966050,4119050,33337950,33441500,780,21766750,5397700,5207150,0,18692,0,5,0,0,0,0,0,0
84,353344474,23501,720250,6960350,20768100,4146450,32595150,33435950,774,20578050,4347100,4181200,0,18692,0,5,0,0,0,0,0,0
85,3169575603,23502,686100,6684950,21849850,4387650,33608550,33711450,733,21663050,4842350,4662650,0,18692,0,5,0,0,0,0,0,0
86,210205944,23503,679100,6067800,21571250,4743550,33061700,33167300,895,21381800,5380850,5193700,0,18692,0,5,0,0,0,0,0,0
87,1677393503,23504,683250,6797200,20491050,5361750,33333250,33437400,1050,20294300,4111950,3950850,0,18692,0,5,0,0,0,0,0,0
88,3832728684,23505,691300,6574950,20902250,5168550,33337050,33439800,909,20707300,4529850,4361050,0,18692,0,5,0,0,0,0,0,0
89,2074852568,23506,684600,6021650,21834600,4794050,33334900,33439100,929,21632350,5250400,5059900,0,18692,0,5,0,0,0,0,0,0
90,1464943173,23507,688100,6963600,20484800,5199200,33335700,33439300,999,20288700,4084650,3920500,0,18692,0,5,0,0,0,0,0,0
91,315990800,23508,1302950,5952400,21186050,4891650,33333050,33438900,849,20995900,4883550,4704900,0,18692,0,5,0,0,0,0,0,0
92,1451405891,23509,679900,6112800,21449200,5089250,33331150,33435350,993,21254500,5251650,5062550,0,18692,0,5,0,0,0,0,0,0
93,3196408848,23510,682400,6901750,20758550,4997300,33340000,33441200,957,20558200,4375900,4203900,0,18692,0,5,0,0,0,0,0,0
94,141073587,23511,1203450,5970900,22240300,8644350,38059000,38163450,610,20968450,4982950,4794300,0,18692,0,5,0,0,0,0,0,0
95,3576439062,23512,721800,7902600,21332750,15343600,45300750,45430200,2896,21140050,4831050,4653850,0,18692,0,5,0,0,0,0,0,0
96,2798564443,23513,1286000,5937900,20711600,5398000,33333500,33440900,959,20530000,4531100,4360300,0,18692,0,5,0,0,0,0,0,0
97,3409362634,23514,679400,6015400,22898200,3739900,33332900,33436300,687,22686750,4209050,4036800,0,18692,0,5,0,0,0,0,0,0
98,1459202337,23515,688150,6759800,20686000,5201350,33335300,33441650,970,20487950,4250550,4083650,0,18692,0,5,0,0,0,0,0,0
99,1984418334,23516,1249700,5979200,21049150,5054600,33332650,33439300,883,20858950,4854900,4675300,0,18692,0,5,0,0,0,0,0,0
100,2690152925,23517,683700,6114100,21498850,5033600,33330250,33436500,979,21301150,4380050,4224450,0,18692,0,5,0,0,0,0,0,0
101,2607809844,23518,682000,6790000,21229100,4636400,33337500,33440550,875,21045150,4535750,4344750,0,18692,0,5,0,0,0,0,0,0
102,3522750362,23519,1282050,6027750,21569350,4454100,33333250,33438000,862,21377150,5376800,5187950,0,18692,0,5,0,0,0,0,0,0
103,2368404599,23520,673600,6731650,20785200,5140450,33330900,33436600,1003,20595600,4233050,4076900,0,18692,0,5,0,0,0,0,0,0
104,3250007036,23521,694300,6669900,21048750,5130500,33543450,33647700,904,20857650,4635300,4462700,0,19012,0,5,0,0,0,0,0,0
105,1111684799,23522,691250,6155000,21671400,4607200,33124850,33228000,891,21469000,5354050,5169050,0,19012,0,5,0,0,0,0,0,0
106,2213018028,23523,682050,6783700,20602650,5266800,33335200,33441100,1015,20409800,4089600,3131950,0,18692,0,5,0,0,0,0,0,0
107,3171439817,23524,1497950,6097100,21663050,3354550,32612650,33439600,621,21466850,5091050,4884000,0,18692,0,5,0,0,0,0,0,0
108,2255827236,23525,686250,6049250,21677150,4922400,33335050,33439200,958,21476750,5340150,5157850,0,18692,0,5,0,0,0,0,0,0
109,2472184909,23526,680500,6795000,20617800,5241850,33335150,33438150,1004,20415050,4217100,4045800,0,18692,0,5,0,0,0,0,0,0
110,3140412334,23527,1292650,5949700,20690400,5395250,33328000,33435900,957,20501700,4570700,4399800,0,18692,0,5,0,0,0,0,0,0
111,785888721,23528,681250,6134250,21441150,5080250,33336900,33441550,991,21248350,5076900,4177150,0,18692,0,5,0,0,0,0,0,0
112,1084583170,23529,680450,6761800,23550800,2339750,33332800,33437050,497,23354550,5253950,4295350,0,18692,0,5,0,0,0,0,0,0
113,4019848443,23530,1306550,6009200,21853150,4165700,33334600,33436300,780,21660600,5668950,4650400,0,18692,0,5,0,0,0,0,0,0
114,808788421,23531,683800,6079850,21489000,5081150,33333800,33442550,988,20559200,4323050,4172400,0,18692,0,5,0,0,0,0,0,0
115,3645042740,23532,674550,6721250,21107100,4823550,33326450,33434300,918,20914550,4779600,4612900,0,18692,0,5,0,0,0,0,0,0
116,2991496187,23533,674950,6037650,22988150,3108950,32809700,33439200,551,22791850,4244100,4076500,0,18692,0,5,0,0,0,0,0,0
117,3919662364,23534,689550,6797600,20666800,5183250,33337200,33441550,1010,20470550,4111900,3958500,0,18692,0,5,0,0,0,0,0,0
118,1681074571,23535,676500,6649050,20889450,5198550,33413550,33519400,916,20706450,4557300,4391200,0,18692,0,5,0,0,0,0,0,0
119,4218967458,23536,682450,6163600,21584650,4819750,33250450,33356900,938,21389750,5350650,5167700,0,18692,0,5,0,0,0,0,0,0
120,625353107,23537,675050,7152200,20933650,4573800,33334700,33439100,865,20740200,4393200,4226050,0,18692,0,5,0,0,0,0,0,0
121,3717195990,23538,677100,6522300,20708000,5423400,33330800,33435650,964,20522350,4559650,4391100,0,18692,0,5,0,0,0,0,0,0
122,2425705089,23539,677200,6042550,21561700,5052450,33333900,33438400,986,21360750,5257400,5070600,0,18692,0,5,0,0,0,0,0,0
123,2555484258,23540,684450,6783100,20598000,5266700,33332250,33438450,1011,20403700,4187650,4019400,0,18692,0,5,0,0,0,0,0,0
124,1141451493,23541,1261500,5971900,20998150,9628550,37860100,37967500,774,20807850,4848700,4671700,0,18692,0,5,0,0,0,0,0,0
125,1505942736,23542,711100,8878450,21517400,14396200,45503150,45629400,2757,21321850,5290100,5109550,0,18692,0,5,0,0,0,0,0,0
126,2491710369,23543,685600,6587450,20910800,5142850,33326700,33442000,902,20725300,4553600,4380650,0,18692,0,5,0,0,0,0,0,0
127,2825516936,23544,675150,6025850,23260950,3368900,33330850,33438350,576,23055950,4397950,4220050,0,18692,0,5,0,0,0,0,0,0
128,809518447,23545,695650,6793500,20539200,5303750,33332100,33436650,1023,20343750,4115550,3953500,0,19012,0,5,0,0,0,0,0,0
129,1081694344,23546,1275500,5962050,21816450,4278200,33332200,33438400,828,21060450,4862050,4681000,0,19012,0,5,0,0,0,0,0,0
130,3544546839,23547,678500,6123400,21453150,5075100,33330150,33437200,990,21257050,5276950,5080750,0,18692,0,5,0,0,0,0,0,0
131,2291142598,23548,721600,6960850,21110550,3815750,32608750,33441250,697,20919400,4883800,4706050,0,18692,0,5,0,0,0,0,0,0
132,3252385439,23549,1494200,6064750,21612600,4163250,33334800,33439150,794,21414150,5291800,5107400,0,18692,0,5,0,0,0,0,0,0
133,1602009306,23550,679700,6793050,20595450,5267700,33335900,33438600,1030,20398800,4413350,4260500,0,18692,0,5,0,0,0,0,0,0
134,2497072261,23551,688050,6812400,20776400,5400350,33677200,33781750,961,20583000,4461450,4297850,0,18692,0,5,0,0,0,0,0,0
135,3739067406,23552,689150,6013950,21791600,4495500,32990200,33095000,865,21597150,5570800,5386850,0,18692,0,5,0,0,0,0,0,0
136,1716074641,23553,682150,6795450,20431500,5426100,33335200,33438450,1063,20238800,4140100,3986450,0,18692,0,5,0,0,0,0,0,0
137,3982919220,23554,680150,6626200,20886150,5168400,33360900,33463700,909,20694450,4565900,4396000,0,18692,0,5,0,0,0,0,0,0
138,2723337005,23555,677750,6024350,21972250,4632650,33307000,33412000,888,21774650,5511300,5325350,0,18692,0,5,0,0,0,0,0,0
139,733376204,23556,671200,6818550,20609350,5236600,33335700,33441350,1010,20409000,4266800,4097100,0,18692,0,5,0,0,0,0,0,0
140,43915006,23557,1293000,5930700,20813850,5294350,33331900,33434850,935,20627500,4568650,4399400,0,18692,0,5,0,0,0,0,0,0
141,2309932913,23558,682950,6067500,21495600,5092000,33338050,33441400,958,21298950,5291900,5106050,0,18692,0,5,0,0,0,0,0,0
142,1653305798,23559,676800,6801250,23290650,2564750,33333450,33436500,545,23103050,5453300,5238550,0,18692,0,5,0,0,0,0,0,0
143,145291823,23560,1319200,5976700,21742500,4296950,33335350,33439500,830,21544350,5396250,5213650,0,18692,0,5,0,0,0,0,0,0
144,3013902878,23561,687700,6132050,21660500,4851500,33331750,33436300,939,20738000,4252850,4087350,0,18692,0,5,0,0,0,0,0,0
145,2859971923,23562,688150,6959050,20819500,4871450,33338150,33442650,929,20621200,4464550,4295450,0,18692,0,5,0,0,0,0,0,0
146,3026746148,23563,1131400,6018000,21712750,4469850,33332000,33437050,863,21520450,5395950,5213200,0,18692,0,5,0,0,0,0,0,0
147,736325239,23564,685400,6804100,20581700,5261450,33332650,33438100,1027,20393300,4257550,4103250,0,18692,0,5,0,0,0,0,0,0
148,2759885216,23565,695950,6794550,20690000,5360350,33540850,33643700,953,20498650,4462800,4299650,0,18692,0,5,0,0,0,0,0,0
149,1930007773,23566,683700,6034600,21783800,4626300,33128400,33231350,893,21588250,5563350,5380550,0,18692,0,5,0,0,0,0,0,0
150,4233548434,23567,678800,6790200,20782800,5080750,33332550,33439650,976,20586850,4123900,3944350,0,19012,0,5,0,0,0,0,0,0
151,3821597075,23568,683850,6541200,20983200,5123050,33331300,33438500,899,20799600,4606700,4435450,0,19012,0,5,0,0,0,0,0,0
152,1056834796,23569,684800,6039600,21773950,4836800,33335150,33439650,933,21577100,5527400,5345350,0,19012,0,5,0,0,0,0,0,0
153,2756113825,23570,676550,6802800,20470800,5386850,33337000,33439750,1042,20273350,4086800,3918700,0,18692,0,5,0,0,0,0,0,0
154,2193869574,23571,749150,6203000,21460100,3481450,31893700,33438100,646,21264750,4364850,4210600,0,18692,0,5,0,0,0,0,0,0
155,39089791,23572,679100,12840400,20892100,15641700,50053300,50159300,2989,20706950,4668450,4496650,0,18692,0,5,0,0,0,0,0,0
156,1158667078,23573,684050,6615100,21262650,4883600,33445400,33550650,817,21078150,4711850,4520500,0,18692,0,5,0,0,0,0,0,0
157,4085879547,23574,684150,6033450,22747150,3753350,33218100,33323650,691,22535900,4077000,3904500,0,18692,0,5,0,0,0,0,0,0
158,313686028,23575,696500,6790650,20609050,5236350,33332550,33437350,1009,20413200,4080250,3913600,0,18692,0,5,0,0,0,0,0,0
159,3216587021,23576,1301400,5947550,20706150,5376350,33331450,33438400,953,20510350,4571950,4401300,0,18692,0,5,0,0,0,0,0,0
160,876009466,23577,680950,6243000,21426100,4986250,33336300,33440350,971,21230400,5240950,5051250,0,18692,0,5,0,0,0,0,0,0
161,981002535,23578,686200,6774800,21212800,4662750,33336550,33439350,884,21020700,4648400,4482200,0,18692,0,5,0,0,0,0,0,0
162,47529864,23579,1208750,5971400,21890250,4258650,33329050,33436150,819,21694450,5395950,5209000,0,18692,0,5,0,0,0,0,0,0
163,868088385,23580,681750,6106800,21440200,5106850,33335600,33440100,995,20383700,4385400,4233050,0,18692,0,5,0,0,0,0,0,0
164,2331947246,23581,682800,6774300,21042500,4837250,33336850,33441000,916,20849450,4768850,4597800,0,18692,0,5,0,0,0,0,0,0
165,2168054517,23582,690250,6025550,21625900,4572700,32914400,33434500,887,21428100,5379050,5192100,0,18692,0,5,0,0,0,0,0,0
166,3926666066,23583,674950,6795350,20596150,5270050,33336500,33440550,1028,20405700,4121350,3962750,0,18692,0,5,0,0,0,0,0,0
167,1177610667,23584,681550,6673000,20957100,5193850,33505500,33611300,882,20760800,4629350,4460950,0,18692,0,5,0,0,0,0,0,0
168,3782405190,23585,677500,6028000,21837000,4618300,33160800,33266050,873,21639650,5649950,5468400,0,18692,0,5,0,0,0,0,0,0
169,916405275,23586,679300,6795850,20711150,5152800,33339100,33440750,991,20503700,4211600,4044800,0,18692,0,5,0,0,0,0,0,0
170,1596582148,23587,681450,6554300,20729450,5365100,33330300,33437650,923,20540350,4554000,4387150,0,18692,0,5,0,0,0,0,0,0
171,4199562603,23588,679650,6036450,21601100,5012350,33329550,33437150,978,21401800,5338900,5152400,0,18692,0,5,0,0,0,0,0,0
172,3017986708,23589,677350,6801750,22077600,3777450,33334150,33438050,648,21889250,5567850,5378300,0,18692,0,5,0,0,0,0,0,0
173,2654286289,23590,1274900,5972400,20914750,5168650,33330700,33438650,908,20718300,4751750,3778900,0,18692,0,5,0,0,0,0,0,0
174,1031695476,23591,688150,6266800,21307900,5069000,33331850,33437800,987,20364650,4351550,4194000,0,19012,0,5,0,0,0,0,0,0
175,2959877989,23592,684050,7161400,21098300,4387200,33330950,33438200,821,20911200,4572800,4399200,0,19012,0,5,0,0,0,0,0,0
176,1566373458,23593,1176250,5989400,21589950,4580550,33336150,33440550,894,20857000,4836650,4654200,0,19012,0,5,0,0,0,0,0,0
177,3017804585,23594,687050,6924300,20691700,5029400,33332450,33437000,978,20497300,4368750,4215050,0,18692,0,5,0,0,0,0,0,0
178,1442923286,23595,689700,6680700,21035700,5256100,33662200,33768050,924,20840350,4712950,4547500,0,18692,0,5,0,0,0,0,0,0
179,959704087,23596,691000,6034250,21587850,4689850,33002950,33109650,912,21397550,5380950,5194750,0,18692,0,5,0,0,0,0,0,0
CSV_END

STUDY_DONE_95ed8f48a3b9=0
# 