/tmp/app --transport unrolled --state-frame 3600 --frames 180 --warmup 30 --wait spin --profile detailed --csv /tmp/transport-frames.csv --grouped --dump /tmp/transport-frame.raw && printf "CSV_BEGIN\n" && cat /tmp/transport-frames.csv && printf "CSV_END\n"; study_status=$?; printf "\nSTUDY_DONE_7962b3560d82=%s\n" "$study_status"
TRANSPORT mode=unrolled dma_minimum=64
BEGIN_BREAKOUT frames=180 warmup=30 fixed=0 blocks=40 tiles=1 hud=1 wait=spin replay=0 state_frame=3600 profile=detailed pixel_centers=1 clock_call_ns=5540
HW_COUNTERS unavailable
RESULT frames=180 elapsed_s=6.319844400 fps=28.481714 logic_ms=0.762263 api_ms=8.708823 swap_ms=22.431507 wait_ms=3.033024 worker_inclusive_ms=22.145725 upload_inclusive_ms=4.793857 write_ms=4.515499 bytes_per_frame=18724.00 p50_ms=33.438900 p95_ms=50.158850 max_ms=50.161250 late_60hz=180 first_count=6281 last_count=6460 state_hash=3933ec17 remaining=6 score=340
RENDER_PATH retained=0 grouped=1 quads=7380 full_frames=180
FRAME_CHECK count=6460 address=9fe00000 fnv1a=c250e403 pixels=307200 mismatches=0
BREAKOUT_PASS
CSV_BEGIN
frame,state_hash,display_count,logic_ns,api_ns,swap_ns,wait_ns,total_ns,completion_interval_ns,polls,worker_inclusive_ns,upload_inclusive_ns,write_ns,read_ns,write_bytes,read_bytes,write_calls,read_calls,dma_copy_ns,dma_launch_ns,dma_completion_wait_ns,dma_bytes,dma_lists
0,3653798554,6281,671400,8709150,22480950,1525000,33386500,33394400,322,22288650,4297450,4102100,0,18692,0,5,0,0,0,0,0,0
1,4254654458,6282,1322650,8491750,21818400,1698250,33331050,33440100,241,21638300,4580550,4396800,0,18692,0,5,0,0,0,0,0,0
2,258432485,6283,667500,8529750,22398600,1733600,33329450,33437900,367,22219950,5420550,5216450,0,18692,0,5,0,0,0,0,0,0
3,872827290,6284,661150,8625900,21920650,2126500,33334200,33435900,451,21734200,4174750,4007350,0,18692,0,5,0,0,0,0,0,0
4,30312805,6285,663000,8519850,22127000,1489550,32799400,33442550,196,21945850,4901800,4695850,0,18692,0,5,0,0,0,0,0,0
5,4016430808,6286,667400,8567750,22283950,1804850,33323950,33436350,382,22092800,5296700,5095350,0,18692,0,5,0,0,0,0,0,0
6,3012967645,6287,658400,9233700,21625550,2120900,33638550,33741650,334,21436250,4286250,3282700,0,18692,0,5,0,0,0,0,0,0
7,3593359732,6288,669500,8509250,27583350,61950,36824050,36933550,0,21982000,5021350,4815700,0,18692,0,5,0,0,0,0,0,0
8,2714884843,6289,708450,11287850,21720600,12534300,46251200,46364100,2368,21524050,4555200,4368900,0,19012,0,5,0,0,0,0,0,0
9,1754706848,6290,1141650,8558200,21749250,1873300,33322400,33436400,277,21571550,4579300,4382650,0,19012,0,5,0,0,0,0,0,0
10,634139175,6291,659400,8572250,22386900,1706000,33324550,33437100,361,22198700,5309250,5105100,0,18692,0,5,0,0,0,0,0,0
11,2225001302,6292,666050,8439850,25142750,15804800,50053450,50158450,2985,22929450,5559800,5359250,0,18692,0,5,0,0,0,0,0,0
12,3881591779,6293,665900,8508500,22464400,1685400,33324200,33438900,356,21735400,4862800,4661750,0,18692,0,5,0,0,0,0,0,0
13,2688998526,6294,669400,8671800,21959900,2029150,33330250,33435950,430,21766100,4159450,3988150,0,18692,0,5,0,0,0,0,0,0
14,3733755993,6295,711850,8726150,22444950,16811850,48694800,50159500,3265,22266850,5294800,5088200,0,18692,0,5,0,0,0,0,0,0
15,4110562030,6296,668800,8590100,22237900,1832700,33329500,33437600,388,22052250,4272150,4099350,0,18692,0,5,0,0,0,0,0,0
16,2165534041,6297,1367300,8524650,21652500,1793150,33337600,33440700,262,21463500,4616350,4435200,0,18692,0,5,0,0,0,0,0,0
17,51482660,6298,671700,8659350,22781300,1207650,33320000,33433500,254,22594100,5420100,5195850,0,18692,0,5,0,0,0,0,0,0
18,1808653113,6299,662050,8578800,22034500,2061700,33337050,33441300,437,21851900,4135750,3969050,0,18692,0,5,0,0,0,0,0,0
19,3012136936,6300,1283850,8484450,21526700,2040900,33335900,33439250,316,21338850,4474300,3482000,0,18692,0,5,0,0,0,0,0,0
20,1547905167,6301,662850,8610550,22492650,1561900,33327950,33438800,330,22305400,5406350,5204700,0,18692,0,5,0,0,0,0,0,0
21,2010544228,6302,665050,8465300,21953000,2252350,33335700,33439750,478,21755850,4179850,4011000,0,18692,0,5,0,0,0,0,0,0
22,2331187115,6303,653350,8569050,21843900,1737400,32803700,33437300,248,21667750,4766700,4585450,0,18692,0,5,0,0,0,0,0,0
23,591091010,6304,668200,8562200,22754200,1342200,33326800,33438650,281,22568350,5529600,5322200,0,18692,0,5,0,0,0,0,0,0
24,3337222943,6305,658950,9137950,21322350,2595050,33714300,33817300,409,21135650,4277850,4098100,0,18692,0,5,0,0,0,0,0,0
25,541067522,6306,662850,8487200,24115250,16401250,49666550,49780800,3161,23943050,4297700,4105350,0,18692,0,5,0,0,0,0,0,0
26,1909576061,6307,668050,8645250,21891150,2125900,33330350,33439350,451,21695950,4174950,3998700,0,18692,0,5,0,0,0,0,0,0
27,3576416482,6308,1210850,8586150,22172600,1366100,33335700,33440050,165,21992750,4872900,4677600,0,18692,0,5,0,0,0,0,0,0
28,2786439485,6309,659800,8591250,22350950,1719100,33321100,33434050,363,22160050,5407450,5205600,0,18692,0,5,0,0,0,0,0,0
29,1931780192,6310,665950,9299650,21818050,1895900,33679550,33782450,285,21624650,4356500,4161550,0,18692,0,5,0,0,0,0,0,0
30,1799980229,6311,661400,8521450,22117400,1686500,32986750,33095200,237,21937700,4888700,4687600,0,18692,0,5,0,0,0,0,0,0
31,3538847580,6312,666250,8558200,22272150,1828550,33325150,33438300,387,22082350,5245500,5027600,0,18692,0,5,0,0,0,0,0,0
32,3831628403,6313,661950,9247550,21515350,1937550,33362400,33464550,294,21329000,4396450,4220900,0,19012,0,5,0,0,0,0,0,0
33,1903038664,6314,667600,8512150,22795950,1325900,33301600,33413950,279,22054100,5029650,4821700,0,19012,0,5,0,0,0,0,0,0
34,3410263823,6315,657300,8561150,22117750,1991500,33327700,33435950,422,21924100,4468650,4292700,0,18692,0,5,0,0,0,0,0,0
35,3263986894,6316,1365500,8540900,22092450,1342100,33340950,33443850,150,21909300,4873300,4661450,0,18692,0,5,0,0,0,0,0,0
36,2175892875,6317,660450,8527100,30683900,10176350,50047800,50155050,2004,30495650,5484100,5270650,0,18692,0,5,0,0,0,0,0,0
37,1813748966,6318,1483050,8562650,22794650,35450,32875800,33738000,0,21925450,4889550,4676500,0,18692,0,5,0,0,0,0,0,0
38,833434417,6319,658600,8550100,22560150,1260050,33028900,33139450,264,21811600,4901200,4700750,0,18692,0,5,0,0,0,0,0,0
39,4097282166,6320,668450,8561500,23574400,528900,33333250,33438300,107,23382550,5668400,5493900,0,18692,0,5,0,0,0,0,0,0
40,192773425,6321,1479300,8523450,21752350,1574750,33329850,33438200,215,21561700,4659250,4482200,0,18692,0,5,0,0,0,0,0,0
41,858826700,6322,675950,8685150,22795700,1168100,33324900,33438950,245,22607650,5342350,5122200,0,18692,0,5,0,0,0,0,0,0
42,1950483681,6323,660000,8575400,22175300,1926300,33337000,33439650,408,21987250,4159350,3990300,0,18692,0,5,0,0,0,0,0,0
43,575738928,6324,1298650,8487650,21753550,1795800,33335650,33440450,260,21563200,4598850,4418500,0,18692,0,5,0,0,0,0,0,0
44,1359536727,6325,662450,8729500,22374200,1561850,33328000,33437100,330,22186750,5454750,5252400,0,18692,0,5,0,0,0,0,0,0
45,3117637717,6326,673800,8447800,22266700,1948200,33336500,33438550,413,22057300,4286700,4112900,0,18692,0,5,0,0,0,0,0,0
46,2557278958,6327,659400,8551900,21892350,1666250,32769900,33439600,232,21711550,4798100,4617150,0,18692,0,5,0,0,0,0,0,0
47,3928984507,6328,669700,8587000,22578650,1487350,33322700,33434550,313,22390650,5401250,5164950,0,18692,0,5,0,0,0,0,0,0
48,3279099526,6329,659700,9124200,21484850,2363400,33632150,33734400,384,21288650,4428650,4250850,0,18692,0,5,0,0,0,0,0,0
49,3402996575,6330,666150,8520550,22069800,1773650,33030150,33143750,254,21890150,4893850,4699300,0,18692,0,5,0,0,0,0,0,0
50,1848951628,6331,658300,8572650,22318400,1773450,33322800,33439300,375,22123600,4452350,4283350,0,18692,0,5,0,0,0,0,0,0
51,3328119971,6332,667850,9157350,21332200,2265950,33423350,33524600,340,21140700,4240050,4065050,0,18692,0,5,0,0,0,0,0,0
52,536923704,6333,655000,8490850,22013550,2079550,33238950,33351650,320,21834850,4911000,4716200,0,18692,0,5,0,0,0,0,0,0
53,991563721,6334,666150,8571400,22256950,1829700,33324200,33439100,387,22064300,4291100,4115700,0,18692,0,5,0,0,0,0,0,0
54,2482503020,6335,1631200,8512100,21635350,1551750,33330400,33438900,208,21456650,4599450,4411550,0,18692,0,5,0,0,0,0,0,0
55,3320786401,6336,671750,10120750,22076750,457550,33326800,33437950,92,21884150,4189850,3188150,0,18692,0,5,0,0,0,0,0,0
56,1307572882,6337,656600,8588250,22325800,1761950,33332600,33439950,373,22134700,4318750,4144200,0,19012,0,5,0,0,0,0,0,0
57,1045847897,6338,1285150,8518650,22018950,1503250,33326000,33439700,198,21839000,4811950,4625750,0,19012,0,5,0,0,0,0,0,0
58,2886179050,6339,659900,8746700,22269200,1645300,33321100,33433900,348,22076950,5315800,5102400,0,18692,0,5,0,0,0,0,0,0
59,961732807,6340,669200,8451250,22221600,2446550,33788600,33894550,406,22027500,4312450,4129350,0,18692,0,5,0,0,0,0,0,0
60,1947062354,6341,658750,8834900,21852800,1525500,32871950,32983600,198,21669400,4869300,4664750,0,18692,0,5,0,0,0,0,0,0
61,2075511931,6342,714300,8702000,22262650,913200,32592150,33441200,190,22067800,4284500,4100350,0,18692,0,5,0,0,0,0,0,0
62,2408546800,6343,659800,9324500,21434300,2059800,33478400,33587650,319,21249250,4345950,4168750,0,18692,0,5,0,0,0,0,0,0
63,460493639,6344,660200,8542600,22038650,1934300,33175750,33289150,291,21856400,4876300,4678500,0,18692,0,5,0,0,0,0,0,0
64,1463678916,6345,661450,8567800,22164700,1935000,33328950,33437900,410,21974500,4319000,4149550,0,18692,0,5,0,0,0,0,0,0
65,3795713909,6346,1325000,8499300,21458600,2051600,33334500,33440650,292,21265050,4376350,4192500,0,18692,0,5,0,0,0,0,0,0
66,1056688136,6347,661350,8504950,28723250,12152800,50042350,50158850,2312,28540550,10667100,3162100,0,18692,0,5,0,0,0,0,0,0
67,202923725,6348,665750,9375850,21382700,2136050,33560350,33671500,337,21188800,4229750,3240600,0,18692,0,5,0,0,0,0,0,0
68,4012539606,6349,662000,8524500,22116550,1791000,33094050,33203200,258,21932400,4881400,4680200,0,18692,0,5,0,0,0,0,0,0
69,1087445485,6350,660700,8589900,22102900,1969450,33322950,33436350,417,21905600,4373750,4197150,0,18692,0,5,0,0,0,0,0,0
70,491589414,6351,666250,10756000,22340500,16295850,50058600,50161050,3153,22165600,5399700,5199250,0,18692,0,5,0,0,0,0,0,0
71,1293200275,6352,663700,8717900,22453650,1490700,33325950,33437550,314,22270900,4304150,4128500,0,18692,0,5,0,0,0,0,0,0
72,1737595726,6353,656600,9127150,21353550,2517900,33655200,33760100,420,21154200,4144450,3971150,0,18692,0,5,0,0,0,0,0,0
73,2173390039,6354,662650,8556200,22034250,1751100,33004200,33118800,251,21855650,4881750,4689850,0,18692,0,5,0,0,0,0,0,0
74,2060004372,6355,660650,8554150,22196000,1909450,33320250,33434650,404,22007850,5095150,4201200,0,18692,0,5,0,0,0,0,0,0
75,668607547,6356,666450,9200300,21451150,2028400,33346300,33447850,313,21261250,4353600,4174000,0,18692,0,5,0,0,0,0,0,0
76,3409034624,6357,658850,8548700,21860650,2250350,33318550,33432050,358,21678950,4792000,4614850,0,18692,0,5,0,0,0,0,0,0
77,66914193,6358,670050,8566500,22576850,1511100,33324500,33436750,318,22379550,4582350,4409950,0,18692,0,5,0,0,0,0,0,0
78,2553907572,6359,1430750,8523900,21529900,1847250,33331800,33437700,247,21340700,4470400,4292350,0,18692,0,5,0,0,0,0,0,0
79,890390073,6360,664550,8510800,22483550,1667150,33326050,33438000,352,21731350,4856950,4664350,0,18692,0,5,0,0,0,0,0,0
80,2223873098,6361,659100,8559350,22222700,1892200,33333350,33442150,401,22027150,4232250,4047800,0,19012,0,5,0,0,0,0,0,0
81,2336881585,6362,1306450,8514450,21699050,1811850,33331800,33438100,264,21522150,4559400,4376350,0,19012,0,5,0,0,0,0,0,0
82,4135459074,6363,658750,8740100,22335300,1587350,33321500,33436050,335,22142850,5412650,5204550,0,18692,0,5,0,0,0,0,0,0
83,1986260127,6364,661800,8463550,22251550,2447300,33824200,33928050,406,22060250,4294550,4107300,0,18692,0,5,0,0,0,0,0,0
84,353344474,6365,693150,9056600,23595050,15472750,48817550,49672350,2922,23423600,4579900,4360400,0,18692,0,5,0,0,0,0,0,0
85,3169575603,6366,680200,8602900,21928500,2113650,33325250,33433800,448,21738850,4115300,3941550,0,18692,0,5,0,0,0,0,0,0
86,210205944,6367,1292250,8666900,21586700,1789600,33335450,33440200,260,21403300,4562100,4383800,0,18692,0,5,0,0,0,0,0,0
87,1677393503,6368,671600,8605200,22564200,1487100,33328100,33437650,314,22369400,5564050,5347550,0,18692,0,5,0,0,0,0,0,0
88,3832728684,6369,659100,8469700,21916350,2294750,33339900,33441300,487,21728750,4123900,3950250,0,18692,0,5,0,0,0,0,0,0
89,2074852568,6370,668350,8571900,23151750,443400,32835400,33438850,89,22962050,5833800,5605650,0,18692,0,5,0,0,0,0,0,0
90,1464943173,6371,652250,8620900,22445200,1612750,33331100,33436200,341,22254700,5438300,5220550,0,18692,0,5,0,0,0,0,0,0
91,315990800,6372,662300,9095850,21414800,2424000,33596950,33702050,401,21228650,4292250,4108100,0,18692,0,5,0,0,0,0,0,0
92,1451405891,6373,661750,8535050,22139400,1720150,33056350,33174950,242,21956800,4897650,4697000,0,18692,0,5,0,0,0,0,0,0
93,3196408848,6374,669850,8593800,22097600,1968900,33330150,33440300,417,21902050,5089300,4182900,0,18692,0,5,0,0,0,0,0,0
94,141073587,6375,664200,9295850,21470150,1904650,33334850,33438100,287,21283650,4416050,4235250,0,18692,0,5,0,0,0,0,0,0
95,3576439062,6376,665600,8507100,28775150,12101200,50049050,50158850,2074,28591000,11411250,11196800,0,18692,0,5,0,0,0,0,0,0
96,2798564443,6377,692400,8433300,22097200,2454100,33677000,33793900,406,21223750,4146250,3971950,0,18692,0,5,0,0,0,0,0,0
97,3409362634,6378,667950,8547950,22053050,1703100,32972050,33084900,240,21875450,4870800,4678150,0,18692,0,5,0,0,0,0,0,0
98,1459202337,6379,657600,8719300,23886600,16779400,50042900,50157050,2862,23704700,4617150,4418650,0,18692,0,5,0,0,0,0,0,0
99,1984418334,6380,1157250,8716800,21970500,1476550,33321100,33436950,192,21795250,4809050,3800600,0,18692,0,5,0,0,0,0,0,0
100,2690152925,6381,665550,8589650,22450750,1623850,33329800,33439350,343,22262750,5556150,5343650,0,18692,0,5,0,0,0,0,0,0
101,2607809844,6382,663650,8472150,22193000,2440000,33768800,33874700,405,22001650,4133950,3951100,0,18692,0,5,0,0,0,0,0,0
102,3522750362,6383,659750,8542100,22138850,1551750,32892450,33003200,206,21954350,4891900,4690900,0,18692,0,5,0,0,0,0,0,0
103,2368404599,6384,658950,8539650,22496350,1629600,33324550,33437050,344,22301550,5436450,5220100,0,18692,0,5,0,0,0,0,0,0
104,3250007036,6385,655600,9116600,21248950,2429450,33450600,33558600,402,21064150,4118800,3944450,0,19012,0,5,0,0,0,0,0,0
105,1111684799,6386,665650,8533050,22759850,1244000,33202550,33318900,261,22021500,4860050,4671350,0,19012,0,5,0,0,0,0,0,0
106,2213018028,6387,659600,8561800,22026350,2079950,33327700,33436000,441,21832200,4384300,4203500,0,18692,0,5,0,0,0,0,0,0
107,3171439817,6388,728300,8719350,22336150,15765450,47549250,50159200,3035,22156950,4114150,3941150,0,18692,0,5,0,0,0,0,0,0
108,2255827236,6389,661150,8758650,22257050,1642650,33319500,33436450,347,22066250,5251900,5035750,0,18692,0,5,0,0,0,0,0,0
109,2472184909,6390,671550,9079750,21385950,2402750,33540000,33643300,398,21199300,4099250,3922550,0,18692,0,5,0,0,0,0,0,0
110,3140412334,6391,657800,8545400,21828500,2092000,33123700,33238900,324,21652950,4767300,4586050,0,18692,0,5,0,0,0,0,0,0
111,785888721,6392,668250,8712400,22143100,1800350,33324100,33433500,381,21950800,4433600,4264400,0,18692,0,5,0,0,0,0,0,0
112,1084583170,6393,660450,9111750,21994550,1570100,33336850,33441150,215,21806850,4736650,3740700,0,18692,0,5,0,0,0,0,0,0
113,4019848443,6394,667150,8827200,23774000,16774350,50042700,50160350,3209,23592850,4247450,4055900,0,18692,0,5,0,0,0,0,0,0
114,808788421,6395,660800,8392800,21998150,2565050,33616800,33732200,432,21131500,4252450,4075150,0,18692,0,5,0,0,0,0,0,0
115,3645042740,6396,666350,8546950,22714650,1099700,33027650,33142150,230,21970300,4859950,4658500,0,18692,0,5,0,0,0,0,0,0
116,2991496187,6397,659200,8551100,22264150,1856200,33330650,33437350,393,22069000,5253100,5035800,0,18692,0,5,0,0,0,0,0,0
117,3919662364,6398,664150,9123050,21417050,2129350,33333600,33440200,337,21232700,4307650,3325850,0,18692,0,5,0,0,0,0,0,0
118,1681074571,6399,661800,8504550,22138750,2017300,33322400,33437550,248,21963300,4893750,4695650,0,18692,0,5,0,0,0,0,0,0
119,4218967458,6400,661350,8573000,22031050,2060900,33326300,33439500,437,21850150,4312500,4148950,0,18692,0,5,0,0,0,0,0,0
120,625353107,6401,1479350,8521800,21686100,1643800,33331050,33436600,229,21503800,4608700,4418100,0,18692,0,5,0,0,0,0,0,0
121,3717195990,6402,662600,8509550,22686950,1469350,33328450,33439800,310,22508350,5433350,5225200,0,18692,0,5,0,0,0,0,0,0
122,2425705089,6403,656350,8571200,21938400,2169050,33335000,33439400,460,21750000,4130000,3964600,0,18692,0,5,0,0,0,0,0,0
123,2555484258,6404,1247500,8704200,21947250,1431750,33330700,33437400,180,21766800,4811150,3806900,0,18692,0,5,0,0,0,0,0,0
124,1141451493,6405,660450,8595600,30318200,10475350,50049600,50161050,2058,29268350,4879750,4678550,0,18692,0,5,0,0,0,0,0,0
125,1505942736,6406,1306250,8546750,21935050,1530750,33318800,33434050,206,21755150,4683250,4487600,0,18692,0,5,0,0,0,0,0,0
126,2491710369,6407,660300,8506250,22527500,1629700,33323750,33439850,344,21785050,4883550,4683700,0,18692,0,5,0,0,0,0,0,0
127,2825516936,6408,665450,8580800,24361350,16447050,50054650,50158950,3086,24185300,4939700,4719350,0,18692,0,5,0,0,0,0,0,0
128,809518447,6409,665450,8541050,22273500,1849950,33329950,33437850,269,22095650,4925150,4730800,0,19012,0,5,0,0,0,0,0,0
129,1081694344,6410,680300,8579950,22213950,1849900,33324100,33440400,392,22020850,4442350,4273700,0,19012,0,5,0,0,0,0,0,0
130,3544546839,6411,716250,8613850,22788200,16366200,48484500,50158650,3139,22620750,5339650,5122950,0,18692,0,5,0,0,0,0,0,0
131,2291142598,6412,670400,8615550,22412550,1629800,33328300,33437400,344,22224950,5328800,5113200,0,18692,0,5,0,0,0,0,0,0
132,3252385439,6413,662650,9104500,21409000,2412200,33588350,33688400,397,21218700,4142600,3970400,0,18692,0,5,0,0,0,0,0,0
133,1602009306,6414,666500,8554450,22117850,1735450,33074250,33188850,244,21939650,4904300,4710850,0,18692,0,5,0,0,0,0,0,0
134,2497072261,6415,658350,8718800,22081400,1866650,33325200,33435600,395,21897950,4429050,4266800,0,18692,0,5,0,0,0,0,0,0
135,3739067406,6416,667050,9157400,21917750,1595850,33338050,33439250,220,21733000,4641350,4459500,0,18692,0,5,0,0,0,0,0,0
136,1716074641,6417,664000,8902800,22478250,1287150,33332200,33441450,271,22302200,5465100,5255650,0,18692,0,5,0,0,0,0,0,0
137,3982919220,6418,658050,8728350,22083950,1862300,33332650,33437650,394,21895950,4296450,4125150,0,18692,0,5,0,0,0,0,0,0
138,2723337005,6419,1346850,8527850,21797100,1662800,33334600,33438650,233,21618950,4620300,4433000,0,18692,0,5,0,0,0,0,0,0
139,733376204,6420,663900,8540600,22514050,1603550,33322100,33435450,339,22335800,5460300,5255850,0,18692,0,5,0,0,0,0,0,0
140,43915006,6421,657350,8564400,22025000,2093700,33340450,33441900,444,21834350,4157950,3985150,0,18692,0,5,0,0,0,0,0,0
141,2309932913,6422,1218450,8550450,21796100,1766800,33331800,33438400,251,21619150,4715700,4525500,0,18692,0,5,0,0,0,0,0,0
142,1653305798,6423,656900,11032600,21286250,343900,33319650,33437100,68,21100050,4247000,4066200,0,18692,0,5,0,0,0,0,0,0
143,145291823,6424,671550,8510450,22061600,2511850,33755450,33858700,420,21192850,4131450,3957200,0,18692,0,5,0,0,0,0,0,0
144,3013902878,6425,658500,8530400,21933950,1784700,32907550,33020150,233,21759550,4858600,4658450,0,18692,0,5,0,0,0,0,0,0
145,2859971923,6426,663250,8562400,22320250,1774350,33320250,33435750,375,22130700,5282450,5069100,0,18692,0,5,0,0,0,0,0,0
146,3026746148,6427,660300,9117000,21475050,2191900,33444250,33548150,351,21292400,4247600,4073600,0,18692,0,5,0,0,0,0,0,0
147,736325239,6428,663700,8528050,22051400,1973850,33217000,33330950,301,21872800,4910050,4708450,0,18692,0,5,0,0,0,0,0,0
148,2759885216,6429,659200,8698950,22280850,1684850,33323850,33436400,356,22094000,4164300,3976600,0,18692,0,5,0,0,0,0,0,0
149,1930007773,6430,1328000,8535500,21746900,1726900,33337300,33440950,248,21562850,4487850,4307350,0,18692,0,5,0,0,0,0,0,0
150,4233548434,6431,660200,8479150,22587550,1592400,33319300,33435450,336,21840050,4906800,4711600,0,19012,0,5,0,0,0,0,0,0
151,3821597075,6432,666100,8709000,21944600,2015700,33335400,33441850,427,21761650,4164350,3988350,0,19012,0,5,0,0,0,0,0,0
152,1056834796,6433,1278250,8506400,21881900,1667450,33334000,33438650,234,21701500,4664900,4473850,0,19012,0,5,0,0,0,0,0,0
153,2756113825,6434,669950,8518550,30305500,10549350,50043350,50156200,2055,30136550,5416050,4644850,0,18692,0,5,0,0,0,0,0,0
154,2193869574,6435,716850,8913500,22356250,16562300,48548900,50159550,3184,22178500,5426650,5218250,0,18692,0,5,0,0,0,0,0,0
155,39089791,6436,671450,8599200,22306250,1750400,33327300,33437900,370,22112450,5282550,5077350,0,18692,0,5,0,0,0,0,0,0
156,1158667078,6437,668550,9101750,24527800,15762050,50060150,50161250,3041,24346200,5270500,5040200,0,18692,0,5,0,0,0,0,0,0
157,4085879547,6438,682950,8545950,22588850,1506000,33323750,33435800,318,22402350,5425550,5222350,0,18692,0,5,0,0,0,0,0,0
158,313686028,6439,663550,8527300,21873150,2271050,33335050,33439600,482,21679350,4122700,3958050,0,18692,0,5,0,0,0,0,0,0
159,3216587021,6440,1350700,8549450,22939950,492000,33332100,33435750,100,22764300,5429200,5209200,0,18692,0,5,0,0,0,0,0,0
160,876009466,6441,656500,8589200,22410650,1679450,33335800,33440100,355,22225400,5311800,5101150,0,18692,0,5,0,0,0,0,0,0
161,981002535,6442,671500,8438200,22014250,2581300,33705250,33808300,435,21127850,4251800,4077400,0,18692,0,5,0,0,0,0,0,0
162,47529864,6443,661700,8712200,22530800,1045450,32950150,33066600,217,21787150,4883750,4691850,0,18692,0,5,0,0,0,0,0,0
163,868088385,6444,668200,8546350,22312100,1806500,33333150,33439100,382,22109600,4387600,4221100,0,18692,0,5,0,0,0,0,0,0
164,2331947246,6445,668150,9143700,21187750,2385650,33385250,33487150,394,20995950,4111650,3940150,0,18692,0,5,0,0,0,0,0,0
165,2168054517,6446,667900,8653000,22952200,1003450,33276550,33390400,210,22761800,5462050,5244600,0,18692,0,5,0,0,0,0,0,0
166,3926666066,6447,657700,8578300,22098050,1997500,33331550,33436750,423,21908350,4303750,4135200,0,18692,0,5,0,0,0,0,0,0
167,1177610667,6448,1378050,8549650,21861750,1546550,33336000,33439400,210,21672100,4806650,4620150,0,18692,0,5,0,0,0,0,0,0
168,3782405190,6449,665350,8479700,22633900,1553300,33332250,33440850,328,22457950,5440350,5241650,0,18692,0,5,0,0,0,0,0,0
169,916405275,6450,664400,8567000,22062850,2033650,33327900,33435600,431,21867750,4244350,4070150,0,18692,0,5,0,0,0,0,0,0
170,1596582148,6451,1281500,8517450,21645200,1892700,33336850,33443100,283,21457450,4606600,4427450,0,18692,0,5,0,0,0,0,0,0
171,4199562603,6452,674600,9017450,23397650,236950,33326650,33438850,45,23205350,4289900,4104250,0,18692,0,5,0,0,0,0,0,0
172,3017986708,6453,658600,8545350,21876000,2251750,33331700,33437050,478,21690550,4135900,3959950,0,18692,0,5,0,0,0,0,0,0
173,2654286289,6454,662350,8506650,22006450,1522650,32698100,33439300,202,21826950,4863900,4672650,0,18692,0,5,0,0,0,0,0,0
174,1031695476,6455,659150,8591250,22326150,1742300,33318850,33434700,368,22130000,5120850,4907400,0,19012,0,5,0,0,0,0,0,0
175,2959877989,6456,670650,9093050,21267800,2530750,33562250,33665500,425,21071850,4122550,3942700,0,19012,0,5,0,0,0,0,0,0
176,1566373458,6457,663700,8694750,22564400,1178450,33101300,33213400,246,21818100,4880200,4687850,0,19012,0,5,0,0,0,0,0,0
177,3017804585,6458,672500,8549850,22318800,1787700,33328850,33437150,378,22119000,4426550,4265500,0,18692,0,5,0,0,0,0,0,0
178,1442923286,6459,658850,9468100,21673400,1536300,33336650,33441800,206,21485100,4618650,4441750,0,18692,0,5,0,0,0,0,0,0
179,959704087,6460,663500,8650800,22547850,1462300,33324450,33435200,308,21773100,4867400,4672750,0,18692,0,5,0,0,0,0,0,0
CSV_END

STUDY_DONE_7962b3560d82=0
# 