/tmp/fifo-bench --frames 180 --warmup 30 --wait spin --state-frame 0 --retained --csv /tmp/fifo-case.csv --dump /tmp/fifo-check.rgb565; fifo_rc=$?; if [ "$fifo_rc" = 0 ]; then sha256sum /tmp/fifo-check.rgb565 /tmp/fifo-check.rgb565.expected; printf "\nCSV_BEGIN\n"; cat /tmp/fifo-case.csv; printf "CSV_END\n"; fi; test "$fifo_rc" = 0; nv_status=$?; printf "\nNV_DONE_67765b539967=%s\n" "$nv_status"
BEGIN_BREAKOUT frames=180 warmup=30 fixed=0 blocks=40 tiles=1 hud=1 wait=spin replay=0 state_frame=0 profile=detailed pixel_centers=1 clock_call_ns=5538
HW_COUNTERS id=46490200 words=161040 wait_cycles=1038715 longest_wait_cycles=4550 total_cycles=61856657 cpu_hz=20000000
RESULT frames=180 elapsed_s=3.092698150 fps=58.201606 logic_ms=1.035057 api_ms=3.053486 swap_ms=5.103263 wait_ms=7.838310 worker_inclusive_ms=4.880843 upload_inclusive_ms=1.470195 write_ms=1.285289 bytes_per_frame=3578.67 p50_ms=16.719400 p95_ms=17.102250 max_ms=33.439500 late_60hz=160 first_count=677 last_count=856 state_hash=8f34e8fd remaining=38 score=20
RENDER_PATH retained=1 grouped=0 quads=645 full_frames=0
FRAME_CHECK count=856 address=9fe00000 fnv1a=79c99b23 pixels=307200 mismatches=0
BREAKOUT_PASS
390c3a3d59409d8ff943126d26d4cf382d68bc6138c59a7b19e01e47d8229426  /tmp/fifo-check.rgb565
390c3a3d59409d8ff943126d26d4cf382d68bc6138c59a7b19e01e47d8229426  /tmp/fifo-check.rgb565.expected

CSV_BEGIN
frame,state_hash,display_count,logic_ns,api_ns,swap_ns,wait_ns,total_ns,completion_interval_ns,polls,worker_inclusive_ns,upload_inclusive_ns,write_ns,read_ns,write_bytes,read_bytes,write_calls,read_calls
0,3724779174,677,753150,5113700,6619100,3850050,16336000,16351150,628,6453900,1898200,1757750,0,4572,0,5,0
1,1709657109,678,1496050,4027650,5798200,5462500,16784400,16899250,887,5639000,1656000,1511250,0,4252,0,5,0
2,1894904752,679,861800,2488200,5305450,7774300,16429750,16539000,1389,5147500,1603500,698200,0,3612,0,5,0
3,3703759967,680,851250,3395800,5240450,7120300,16607800,16718550,1240,5078200,1455750,1309500,0,3612,0,5,0
4,19533624,681,845400,3237600,5368050,7155850,16606900,16717250,1227,5210850,1469550,1319950,0,3612,0,5,0
5,816884773,682,845200,2794500,4111500,8855800,16607000,16718500,1570,3949950,779750,634350,0,2972,0,5,0
6,1339236364,683,1453050,2484900,5903550,6773250,16614750,16722050,1263,5734750,2136000,1981150,0,3612,0,5,0
7,3072959373,684,1338000,2500150,5362450,7408500,16609100,16719400,1316,5195600,1619050,1463600,0,3612,0,5,0
8,1782884746,685,843200,2017200,3966700,9782350,16609450,16717150,1653,3815050,780950,636050,0,2972,0,5,0
9,30296781,686,847850,3350600,5658650,6751600,16608700,16719350,1109,5487150,1686450,1539350,0,4252,0,5,0
10,4026418858,687,834900,3229350,5680150,6864600,16609000,16720750,1158,5505900,1699700,1549950,0,4252,0,5,0
11,2084929051,688,845650,2770250,4857300,8133850,16607050,16717250,1419,4695300,1457500,1314750,0,3612,0,5,0
12,3114489770,689,1416050,2466650,5699700,7598300,17180700,17290150,1270,5534500,1946850,1795950,0,3932,0,5,0
13,891400471,690,835000,3365950,5049100,6790400,16040450,16150600,1209,4887700,2159700,1996400,0,3932,0,5,0
14,3472773456,691,843850,2006250,3912650,9833150,16595900,16720500,1698,3753450,777900,637650,0,2972,0,5,0
15,3010688243,692,853250,3278000,5308650,7163000,16602900,16715600,1223,5150600,1451900,1313750,0,3612,0,5,0
16,2819524756,693,845900,3238450,5281350,7248800,16614500,16722150,1257,5120300,1464550,1315500,0,3612,0,5,0
17,3241678401,694,845600,2703450,3979850,9082100,16611000,16719400,1645,3817200,778500,635850,0,2972,0,5,0
18,2154316504,695,869150,3535400,5252450,5703700,15360700,16803650,907,5091900,1452300,1313900,0,3612,0,5,0
19,772262681,696,833950,3344600,4526750,7821550,16526850,16635750,1394,4351100,1666500,1504100,0,3612,0,5,0
20,3882818750,697,840600,2830600,3043250,9898700,16613150,16719600,1388,2904000,774700,637050,0,2972,0,5,0
21,521131153,698,864250,3376450,5392700,6960100,16593500,16717100,1173,5230900,1466100,1317700,0,3612,0,5,0
22,1838187414,699,842900,3383600,5960850,6427300,16614650,16722950,678,5791750,2216400,2066200,0,3612,0,5,0
23,840574439,700,2875200,5000450,3917100,5165450,16958200,17082050,802,3758650,774400,635200,0,2972,0,5,0
24,2879461878,701,849900,2469200,5308700,7611400,16239200,16351750,1346,5149600,1614550,1450900,0,3612,0,5,0
25,202086035,702,834750,3545850,5422500,6809650,16612750,16721350,1166,5255200,1466300,1316850,0,3612,0,5,0
26,959703924,703,829400,2842900,3941200,8994800,16608300,16717200,1631,3785850,1663400,1512500,0,2972,0,5,0
27,3795724423,704,849300,3230600,5328400,7206650,16614950,16720750,1223,5179150,1461700,1312350,0,3612,0,5,0
28,2500539904,705,845250,3173050,5873450,6714850,16606600,16716300,1258,5709200,2014250,1867450,0,3612,0,5,0
29,2269000541,706,1404000,2006550,3967850,9274350,16652750,16761450,1555,3810750,771150,635100,0,2972,0,5,0
30,1900681108,707,842950,2453900,5305900,7967350,16570100,16678500,1421,5148900,1605700,1443300,0,3612,0,5,0
31,3680168245,708,836300,3384850,5319100,7068300,16608550,16718300,1216,5147700,1459700,1320550,0,3612,0,5,0
32,2344329490,709,838750,2760700,3961550,9052450,16613450,16721550,1642,3791650,1669950,1512500,0,2972,0,5,0
33,2130650181,710,846950,3258850,6084300,6422200,16612300,16719850,1202,5913900,2198000,1323300,0,4252,0,5,0
34,906966818,711,1437200,2469200,6043950,6658450,16608800,16716050,1235,5879800,2186150,2009450,0,4252,0,5,0
35,3939376531,712,838700,2001050,4565600,8770050,16175400,16720700,1448,4404250,1237700,1092700,0,3612,0,5,0
36,2110688546,713,845900,3326500,4666300,7775350,16614050,16720700,1381,4505600,1784350,1625250,0,3932,0,5,0
37,2695523007,714,833750,3268250,5210200,7301100,16613300,16719100,1163,5047700,1291850,1150850,0,3932,0,5,0
38,744447992,715,845450,2771100,3979250,9012150,16607950,16716500,1625,3816750,774850,630300,0,2972,0,5,0
39,3728640411,716,839850,3215750,4962250,7593400,16611250,16722500,1290,4798050,1237250,1089950,0,3612,0,5,0
40,618879740,717,1391750,2459000,5612650,7311800,16775200,16884900,1262,5447300,1893000,1740900,0,3612,0,5,0
41,1239708057,718,837100,1997100,3991450,9616100,16441750,16551750,1621,3828600,773900,635400,0,2972,0,5,0
42,2429742208,719,840600,3413200,4906650,7448950,16609400,16720550,1305,4748350,1240750,1097850,0,3612,0,5,0
43,412095716,720,832200,3245650,5133100,7400150,16611100,16721200,1241,4961900,1241700,1094600,0,3612,0,5,0
44,1226741467,721,839350,2767850,4127800,8874500,16609500,16717950,1576,3953250,775750,633050,0,2972,0,5,0
45,3288446148,722,1517700,2498200,5725750,6866200,16607850,16717300,1289,5567500,2008300,1856400,0,3612,0,5,0
46,1157984843,723,1319750,2475150,5294750,7521050,16610700,16719050,1309,5132350,1604400,1458600,0,3612,0,5,0
47,3877288378,724,846600,2014300,3995550,9753500,16609950,16720150,1648,3835200,781200,633850,0,2972,0,5,0
48,4236526315,725,868050,3462350,5072550,6427750,15830700,16717650,1065,4902400,1236250,1086950,0,3612,0,5,0
49,533834014,726,839600,3256550,5133300,7383900,16613350,16720350,1258,4975800,1238850,1090300,0,3612,0,5,0
50,1649361089,727,837150,2865200,4318000,8591750,16612100,16721200,1499,4148200,782650,642450,0,2972,0,5,0
51,2486981906,728,1463900,2511850,6879550,6085700,16941000,17052200,935,6696400,3100950,2940350,0,3612,0,5,0
52,1706075277,729,850700,2504150,5343200,7579100,16277150,16387000,1343,4321850,1653550,1494850,0,3612,0,5,0
53,267972368,730,839500,2024250,4080050,9666000,16609800,16718500,1624,3921350,781050,636400,0,2972,0,5,0
54,3895401273,731,841550,3296850,5126800,7348000,16613200,16720650,1262,4959950,1244350,1090600,0,3612,0,5,0
55,605985656,732,835150,3315650,5024900,7432600,16608300,16718500,1265,4864800,1236300,1087000,0,3612,0,5,0
56,4077673024,733,1524500,8294000,8577700,14931600,33327800,33437950,2666,8407750,2083750,1161800,0,6632,0,5,0
57,985632231,734,887750,9168700,10276500,12989250,33322200,33437150,2383,10105200,2384150,2240650,0,7312,0,5,0
58,3720590956,735,869500,3316850,5204250,7217850,16608450,16721850,1255,5027350,1247450,1099150,0,3652,0,5,0
59,3264032585,736,866500,2816500,4038450,8886400,16607850,16716250,1609,3880600,774600,631750,0,2972,0,5,0
60,395405688,737,1487950,2494100,5725350,7321300,17028700,17136600,1235,5557850,2027850,1877200,0,3612,0,5,0
61,32142420,738,875300,3351900,4516150,7446450,16189800,16301600,1346,4350100,1666700,1501100,0,3612,0,5,0
62,1187067055,739,870200,2001600,3928250,9813900,16613950,16719750,1695,3780750,773500,634850,0,2972,0,5,0
63,459140908,740,883450,3320550,5088900,7316550,16609450,16722200,1250,4922300,1225600,1088900,0,3612,0,5,0
64,3369786495,741,876100,3257600,5057750,7414750,16606200,16718050,1292,4896050,1240650,1092350,0,3612,0,5,0
65,1572434254,742,878200,2758650,3973750,8998850,16609450,16719300,1627,3803700,778800,635650,0,2972,0,5,0
66,4107798823,743,1391550,2494550,5296500,7442900,16625500,16732400,1319,5136150,1597400,1445750,0,3612,0,5,0
67,343968250,744,881150,2501750,5360400,7852000,16595300,16704450,1429,4337250,1635850,1456550,0,3612,0,5,0
68,3102454017,745,875100,2916050,3904550,8917350,16613050,16720200,1622,3751600,1623050,639100,0,2972,0,5,0
69,3051095563,746,868750,3310650,5110750,7311500,16601650,16719050,1216,4946250,1235850,1089400,0,3612,0,5,0
70,2391331016,747,871400,3278500,4953850,7507800,16611550,16720400,1280,4799500,1243950,1093950,0,3612,0,5,0
71,3869016117,748,1565050,2025650,4001450,9407450,16999600,17109200,1585,3838800,778950,634000,0,2972,0,5,0
72,1579800804,749,872050,2489100,5299500,7560550,16221200,16330950,1313,5137450,1621250,1459450,0,3612,0,5,0
73,2792341157,750,872900,3743300,5033200,6954200,16603600,16715200,1191,4870300,1227600,1097050,0,3612,0,5,0
74,714702942,751,870750,2888200,3930750,8922700,16612400,16722400,1616,3775400,1663550,1506100,0,2972,0,5,0
75,1092538936,752,877250,3301350,5082650,7349500,16610750,16716850,1250,4929500,1235600,1087700,0,3612,0,5,0
76,1561271239,753,874350,3388300,5907000,6440650,16610300,16718750,1197,5744050,2066800,1894050,0,4252,0,5,0
77,3798074098,754,1440150,2006900,4552950,8693150,16693150,16801900,1432,4380900,1231300,1089850,0,3612,0,5,0
78,3022639071,755,915650,3537800,5464450,5842400,15760300,16639900,958,5301050,1476900,1326800,0,4252,0,5,0
79,2282770062,756,870600,3594750,5370250,6773300,16608900,16719100,1145,5205950,1455300,1317800,0,3932,0,5,0
80,1626512457,757,870350,3285600,5501950,6953000,16610900,16717200,1148,5329650,1072850,922250,0,3292,0,5,0
81,3156888026,758,885200,3334250,5959150,6428250,16606850,16721150,1205,5041800,1461600,1311900,0,3612,0,5,0
82,3038824309,759,4368700,7029250,5228200,16702700,33328850,33438650,2895,5069750,1460100,1309350,0,3612,0,5,0
83,1261846460,760,878400,2017950,3992200,9717700,16606250,16719700,1637,3833150,780950,633450,0,2972,0,5,0
84,2035201521,761,878550,3374150,5428900,6921100,16602700,16715400,1091,5265500,1463100,1324000,0,3612,0,5,0
85,2164446652,762,879200,3334950,5324900,7069400,16608450,16721800,1193,5163050,1458300,1308800,0,3612,0,5,0
86,2017191835,763,870450,2739550,4059150,8937050,16606200,16717600,1588,3890750,776650,635550,0,2972,0,5,0
87,3029138484,764,2986150,3723200,5502950,4561650,16773950,16887850,684,5340850,1459500,1308350,0,3612,0,5,0
88,50355403,765,876950,2512150,5321650,7731600,16442350,16552400,1373,5156550,1633650,1472850,0,3612,0,5,0
89,654213990,766,867450,2013150,3884500,9848000,16613100,16718350,1662,2917850,776100,637000,0,2972,0,5,0
90,2360099787,767,894550,3312850,5301950,7101850,16611200,16719250,1177,5143650,1457750,1309050,0,3612,0,5,0
91,2424818746,768,866450,3344800,5212200,7185050,16608500,16722050,1211,5049700,1461600,1312750,0,3612,0,5,0
92,1971386461,769,1521350,2027650,3989450,9071900,16610350,16718450,1604,3835200,783050,641050,0,2972,0,5,0
93,3386045126,770,1383450,2533150,5318550,7374550,16609700,16720700,1269,5152600,1624100,1455450,0,3612,0,5,0
94,1429641961,771,868650,3360250,4465450,7909150,16603500,16715550,1408,4299350,1654650,689700,0,3612,0,5,0
95,3022846880,772,877250,2936300,3868650,8928700,16610900,16719700,1621,3706550,1578750,1443650,0,2972,0,5,0
96,1601897261,773,890150,3294800,5345300,7081450,16611700,16721800,1173,5194050,1466350,1316550,0,3612,0,5,0
97,1229951528,774,877650,3560300,5731800,6438050,16607800,16720100,1202,5570450,2030150,1876000,0,3612,0,5,0
98,4065171759,775,1445200,2023650,3992700,9401450,16863000,16970700,1583,3842350,769450,635600,0,2972,0,5,0
99,1034325744,776,881200,2511300,5349200,7609550,16351250,16465500,1320,4353600,1636000,1465400,0,3612,0,5,0
100,14078671,777,880550,3484250,5445050,6806250,16616100,16721800,1174,5291700,1692650,1546900,0,4252,0,5,0
101,4024270554,778,866900,2826600,4158250,8752750,16604500,16716600,1582,3989750,1760650,1599750,0,3612,0,5,0
102,896191351,779,877800,3269800,6318750,6144050,16610400,16718300,1143,6151150,2413900,2261550,0,4252,0,5,0
103,2131384102,780,1652900,2552250,5710450,6697250,16612850,16720750,1255,5546050,1922950,1766650,0,3932,0,5,0
104,2586210593,781,1379650,2010400,4261850,8956850,16608750,16720300,1487,4102650,1049750,909900,0,3292,0,5,0
105,591918370,782,885100,2521650,5328200,7871550,16606500,16716750,1404,4327850,1644100,1473850,0,3612,0,5,0
106,8814317,783,888250,3516350,5312150,6893450,16610200,16721150,1174,5159450,1463900,1316950,0,3612,0,5,0
107,2340504196,784,868700,2834350,3943550,8959850,16606450,16717150,1623,3778900,1650200,1482600,0,2972,0,5,0
108,3523076009,785,1725550,2534850,5347400,6245800,15853600,16721200,1163,5179350,1596050,1450500,0,3612,0,5,0
109,1961669028,786,1534950,2544350,5757200,7371300,17207800,17318300,974,5590450,1887250,1727050,0,3612,0,5,0
110,1037581603,787,895350,2022650,3991600,9088150,15997750,16120200,1513,3843700,776050,636600,0,2972,0,5,0
111,2701024588,788,880850,3479900,5122800,7120850,16604400,16717600,1251,4968650,1459800,1314900,0,3612,0,5,0
112,215037203,789,878700,3328000,5453250,6955600,16615550,16722300,1184,5285900,1461600,1320700,0,3612,0,5,0
113,3696282862,790,872300,2825400,4107550,8800850,16606100,16717650,1560,3948450,781000,635750,0,2972,0,5,0
114,2829142928,791,902250,3187850,5924550,6592850,16607500,16719000,1234,5754950,2212850,2060350,0,3612,0,5,0
115,3204762949,792,1401450,2527700,5440050,7264950,16634150,16745750,1283,5267500,1692050,1545800,0,3612,0,5,0
116,3297489190,793,887350,2000300,3963750,9729850,16581250,16694800,1643,3806150,780150,643200,0,2972,0,5,0
117,1691704917,794,878550,3400600,5244350,7083650,16607150,16718800,1216,5086600,1454150,1319850,0,3612,0,5,0
118,663957814,795,870550,3270500,5375550,7086500,16603100,16715600,1176,5210350,1466500,1318300,0,3612,0,5,0
119,3058583827,796,870200,2810250,4094450,8833400,16608300,16721450,1563,3931900,777900,634150,0,2972,0,5,0
120,838545270,797,1526850,2511900,5617850,6948950,16605550,16718300,1306,5455550,1875850,1722850,0,3612,0,5,0
121,3608912039,798,873500,2523950,5330550,7513700,16241700,16785900,1234,4334900,1617500,1448250,0,3612,0,5,0
122,4080159716,799,897600,1999050,3955050,9693300,16545000,16652600,1636,3802600,777850,632150,0,2972,0,5,0
123,1056027075,800,887800,3375550,5337850,7008250,16609450,16719050,1197,5178700,1457100,1314850,0,3612,0,5,0
124,4057021248,801,881900,3267700,6381000,6076550,16607150,16720300,1109,5494100,1694600,1544350,0,4252,0,5,0
125,2686741161,802,878650,2770100,4801900,8157000,16607650,16720900,1416,4635200,1461750,1317900,0,3612,0,5,0
126,3870849660,803,1431600,2493200,5527600,7280400,16732800,16844300,1288,5365950,1723450,1570800,0,4252,0,5,0
127,293449641,804,879850,2522400,5484100,7594650,16481000,16592800,1318,4457450,1701850,746300,0,3932,0,5,0
128,596064266,805,882650,2904200,4156950,8661200,16605000,16719750,1569,3998900,1844350,1700500,0,3292,0,5,0
129,3715495249,806,881300,3275500,5348350,7101600,16606750,16721500,1206,5187150,1463000,1314900,0,3612,0,5,0
130,244680018,807,873450,3298000,5204900,7227450,16603800,16716750,1223,5048150,1457700,1307250,0,3612,0,5,0
131,4080661783,808,1687200,2017100,3997200,8904350,16605850,16718100,1566,3818650,779100,634550,0,2972,0,5,0
132,4006730450,809,899800,2488100,5288950,7474600,16151450,16722850,1324,5125850,1620750,1453950,0,3612,0,5,0
133,3864584507,810,881500,3389850,4579850,7757500,16608700,16719500,1379,4421350,1748100,1579450,0,3612,0,5,0
134,2711027320,811,888050,3023700,4206800,8484100,16602650,16715500,1512,4040450,1925100,1765950,0,2972,0,5,0
135,4099079087,812,892650,3275850,5341750,7104550,16614800,16721750,1203,5185350,1460150,1310500,0,3612,0,5,0
136,565333772,813,881700,3218500,5913400,6591050,16604650,16716300,1233,5746600,2205250,2054700,0,3612,0,5,0
137,1028518269,814,1476550,2021200,4101900,9210850,16810500,16922400,1538,3935950,775100,631100,0,2972,0,5,0
138,2252688136,815,919600,3502400,5295050,5924900,15641950,16517000,967,5132750,1462350,1313450,0,3612,0,5,0
139,578597309,816,876800,3447350,5162750,7119700,16606600,16721050,1237,5003900,1459500,1319450,0,3612,0,5,0
140,3624439358,817,872950,2841450,5409650,7478850,16602900,16716150,1276,5236600,3127900,2954000,0,2972,0,5,0
141,3514067501,818,895050,3268600,5261600,7182350,16607600,16720900,1214,5099550,1465600,1314800,0,3612,0,5,0
142,2741972910,819,1548550,2531000,11403100,1124300,16606950,16717150,222,11219600,7130800,6930800,0,3612,0,5,0
143,28497579,820,1919900,2055200,3963300,8683950,16622350,16722900,1395,3803900,776250,635800,0,2972,0,5,0
144,466729326,821,894350,3379100,4455450,7870350,16599250,16716700,1400,4293850,1652850,1490350,0,3612,0,5,0
145,3425349295,822,871400,3359100,5310300,7072200,16613000,16723150,1206,5142600,1455500,1317700,0,3612,0,5,0
146,1537640620,823,866050,2807350,3950500,8979950,16603850,16715750,1529,3794550,1683050,1518800,0,2972,0,5,0
147,1853842891,824,876450,3315900,5963250,6457400,16613000,16723050,1206,5791650,2220200,2069900,0,3612,0,5,0
148,1177024904,825,1441850,2515100,5873300,7068750,16899000,17010950,1243,5709350,2048550,1875150,0,4252,0,5,0
149,4106734849,826,877050,2020700,4561050,8860400,16319200,16427500,1434,4396350,1240200,1094850,0,3612,0,5,0
150,2025356500,827,884750,3480650,5256900,6980800,16603100,16717000,1209,5101450,1474250,1328000,0,4252,0,5,0
151,2189605121,828,861700,3300800,5208600,7239200,16610300,16721850,1239,5037200,1304200,1156000,0,3932,0,5,0
152,4086136290,829,867050,2787850,4416500,8539750,16611150,16718750,1482,4257700,1058950,916550,0,3292,0,5,0
153,4036669705,830,884100,3245700,5726200,6748650,16604650,16715300,1266,5559900,2017200,1863200,0,3612,0,5,0
154,4167980074,831,1379300,2513500,5290650,7427200,16610650,16719300,1320,5133850,1599650,1455200,0,3612,0,5,0
155,51187407,832,884700,2025750,3976550,9726900,16613900,16721100,1617,3823300,783100,635900,0,2972,0,5,0
156,2242638442,833,886500,3427800,5011400,7282500,16608200,16718050,1255,4853800,1239550,1094650,0,3612,0,5,0
157,2730108163,834,883200,3346200,5128400,7250700,16608500,16720600,1233,4967650,1236000,1089200,0,3612,0,5,0
158,2718743917,835,869850,2781450,4119750,8839450,16610500,16718700,1567,3955550,780650,637850,0,2972,0,5,0
159,3391709842,836,1679550,2553200,5673850,7084550,16991150,17102250,1244,5497150,1650950,1485050,0,3612,0,5,0
160,1164604273,837,884400,2516750,5309200,7516500,16226850,16336700,1331,4292850,1623700,691600,0,3612,0,5,0
161,2148591176,838,870750,2035750,3956100,9746850,16609450,16718300,1645,3805450,779750,632700,0,2972,0,5,0
162,4192737573,839,881600,3532400,5068050,7134650,16616700,16718950,1217,4896550,1234600,1095250,0,3612,0,5,0
163,535584840,840,881100,3354050,5047300,7333900,16616350,16722150,1248,4885750,1238250,1089750,0,3612,0,5,0
164,3430794475,841,882150,2736500,4004200,8986400,16609250,16719450,1594,3842900,780200,636900,0,2972,0,5,0
165,776323552,842,1476100,2552950,5472800,7174950,16676800,16786850,1264,5298900,1621300,1443650,0,3612,0,5,0
166,3330991427,843,871500,2521800,5310550,7836150,16540000,16648550,1396,4298750,1633700,1473150,0,3612,0,5,0
167,3282074430,844,888350,2910000,3898300,8914050,16610700,16721050,1627,2898400,778150,639750,0,2972,0,5,0
168,2597814595,845,881250,3318450,5233500,7174250,16607450,16718850,1217,5072350,1246600,1095700,0,3612,0,5,0
169,2225601370,846,890400,3345200,4959750,7415150,16610500,16720500,1255,4795650,1242550,1092400,0,3612,0,5,0
170,3716853465,847,1525850,2050850,3984350,9050000,16611050,16716950,1596,3833050,773450,639500,0,2972,0,5,0
171,1080675697,848,910500,8936250,10602850,11107350,31556950,33439200,1970,10420250,2382150,2205450,0,7272,0,5,0
172,219920238,849,871000,8823500,10113450,13522400,33330350,33439500,2485,9948700,2243450,2075250,0,7312,0,5,0
173,3070385651,850,875200,2795350,4059750,8878400,16608700,16719050,1602,3895750,784000,636950,0,3012,0,5,0
174,2609556270,851,1435000,2512450,5603750,7212200,16763400,16876500,1303,5443650,1896300,1744750,0,3612,0,5,0
175,141401383,852,865850,2505700,5346300,7738100,16455950,16562900,1371,5182600,1636850,685850,0,3612,0,5,0
176,3034105280,853,864800,2003700,3894450,9850950,16613900,16718150,1704,2916150,774600,634650,0,2972,0,5,0
177,3029196371,854,870200,3294600,5109200,7334600,16608600,16718100,1281,4937450,1237500,1091150,0,3612,0,5,0
178,699378668,855,859800,3273350,4999650,7476850,16609650,16719400,1274,4838700,1243550,1093900,0,3612,0,5,0
179,2402609405,856,1549650,2026000,3982500,9054000,16612150,16721950,1599,3824700,782150,633800,0,2972,0,5,0
CSV_END

NV_DONE_67765b539967=0
# 
CAPTURE: {"label": "fifo512-r0-s0-retained", "elapsed_seconds": 21.316552562000652, "bytes_received": 21405, "command": "/tmp/fifo-bench --frames 180 --warmup 30 --wait spin --state-frame 0 --retained --csv /tmp/fifo-case.csv --dump /tmp/fifo-check.rgb565; fifo_rc=$?; if [ \"$fifo_rc\" = 0 ]; then sha256sum /tmp/fifo-check.rgb565 /tmp/fifo-check.rgb565.expected; printf \"\\nCSV_BEGIN\\n\"; cat /tmp/fifo-case.csv; printf \"CSV_END\\n\"; fi; test \"$fifo_rc\" = 0", "command_exit": 0, "login_sent": false, "log": "/path/to/research/experiments/fifo-study-20261008/20261008T082254Z-fifo512-r0-s0-retained.raw"}
