/tmp/fifo-bench --frames 180 --warmup 30 --wait spin --state-frame 3600 --retained --csv /tmp/fifo-case.csv --dump /tmp/fifo-check.rgb565; fifo_rc=$?; if [ "$fifo_rc" = 0 ]; then sha256sum /tmp/fifo-check.rgb565 /tmp/fifo-check.rgb565.expected; printf "\nCSV_BEGIN\n"; cat /tmp/fifo-case.csv; printf "CSV_END\n"; fi; test "$fifo_rc" = 0; nv_status=$?; printf "\nNV_DONE_bf44ceac59e8=%s\n" "$nv_status"
BEGIN_BREAKOUT frames=180 warmup=30 fixed=0 blocks=40 tiles=1 hud=1 wait=spin replay=0 state_frame=3600 profile=detailed pixel_centers=1 clock_call_ns=5871
HW_COUNTERS id=46490200 words=155500 wait_cycles=837542 longest_wait_cycles=4540 total_cycles=60184528 cpu_hz=20000000
RESULT frames=180 elapsed_s=3.009098350 fps=59.818583 logic_ms=0.827800 api_ms=2.227958 swap_ms=4.836573 wait_ms=8.678757 worker_inclusive_ms=4.620318 upload_inclusive_ms=1.304851 write_ms=1.126953 bytes_per_frame=3455.56 p50_ms=16.719250 p95_ms=16.981750 max_ms=21.222500 late_60hz=160 first_count=1961 last_count=2140 state_hash=3933ec17 remaining=6 score=340
RENDER_PATH retained=1 grouped=0 quads=580 full_frames=0
FRAME_CHECK count=2140 address=9fe00000 fnv1a=c250e403 pixels=307200 mismatches=0
BREAKOUT_PASS
94ad6618d2c13904842579da96db339027c945ef168a22bb8507f1a694887d4d  /tmp/fifo-check.rgb565
94ad6618d2c13904842579da96db339027c945ef168a22bb8507f1a694887d4d  /tmp/fifo-check.rgb565.expected

CSV_BEGIN
frame,state_hash,display_count,logic_ns,api_ns,swap_ns,wait_ns,total_ns,completion_interval_ns,polls,worker_inclusive_ns,upload_inclusive_ns,write_ns,read_ns,write_bytes,read_bytes,write_calls,read_calls
0,3653798554,1961,725400,2833400,5135150,7640450,16334400,16344450,1229,4961550,1246350,1105800,0,3612,0,5,0
1,4254654458,1962,703200,2775950,5116950,8018600,16614700,16718400,1380,4953850,1233500,1091600,0,3612,0,5,0
2,258432485,1963,1307050,1532000,4205350,9612000,16656400,16760500,1629,4026700,778600,636400,0,2972,0,5,0
3,872827290,1964,712700,1970200,5811400,8080400,16574700,16676400,1448,5644950,2038950,1889500,0,3612,0,5,0
4,30312805,1965,710900,1966900,5300200,8642000,16620000,16724500,1236,5127300,1623400,1458650,0,3612,0,5,0
5,4016430808,1966,711850,2510650,4042900,9343650,16609050,16718750,1699,3865500,1698250,1557850,0,2972,0,5,0
6,3012967645,1967,715950,2765300,5109500,8022900,16613650,16715750,1388,4940850,1243600,1103000,0,3612,0,5,0
7,3593359732,1968,1398950,2012650,5021500,8187950,16621050,16720100,1410,4865700,1236300,1093000,0,3612,0,5,0
8,2714884843,1969,723550,1532300,4520000,9398600,16174450,16718150,1550,4350300,1238650,1099500,0,3612,0,5,0
9,1754706848,1970,719350,3051450,5409100,6660850,15840750,16723100,1131,5234900,1458000,1327550,0,4252,0,5,0
10,634139175,1971,715450,2954050,5128800,7817400,16615700,16719550,1389,4963850,2295450,2131800,0,3932,0,5,0
11,2225001302,1972,701700,2397000,4027950,9487400,16614050,16715100,1696,3870500,1690900,626500,0,3292,0,5,0
12,3881591779,1973,709700,2791500,5275550,7839250,16616000,16718900,1348,5106750,1461850,1318300,0,3612,0,5,0
13,2688998526,1974,1587550,1993850,5791650,7385700,16758750,16858350,1309,5625250,2040050,1899950,0,3612,0,5,0
14,3733755993,1975,716900,1541500,3975350,10245700,16479450,16584300,1724,3802650,776400,637450,0,2972,0,5,0
15,4110562030,1976,704700,1951450,5322350,8634650,16613150,16718750,1558,5168200,1597700,1456400,0,3612,0,5,0
16,2165534041,1977,713800,2901900,5088050,7912000,16615750,16719550,1397,4921350,1460000,1321150,0,3612,0,5,0
17,51482660,1978,693350,2298300,3960400,9662400,16614450,16718000,1736,3799950,1664450,1497300,0,2972,0,5,0
18,1808653113,1979,708050,2736050,5203950,7966450,16614500,16717200,1370,5039800,1475150,1331700,0,3612,0,5,0
19,3012136936,1980,1203950,1974350,5777000,7663650,16618950,16719650,1365,5619800,2021550,1881600,0,3612,0,5,0
20,1547905167,1981,718150,1536350,3957700,10401550,16613750,16718600,1757,3794250,774600,637950,0,2972,0,5,0
21,2010544228,1982,711600,2859800,4623050,8431150,16625600,16722150,1511,4453050,1769900,1603700,0,3612,0,5,0
22,2331187115,1983,718650,2796900,5264700,7836450,16616700,16717950,1362,5096100,1468250,1334550,0,3612,0,5,0
23,591091010,1984,703200,2312900,4008750,9590600,16615450,16718950,1738,3854750,773050,635350,0,2972,0,5,0
24,3337222943,1985,1530900,1993250,5946200,7373700,16844050,16947900,1306,5772900,2241050,2092500,0,3612,0,5,0
25,541067522,1986,706700,1964700,6088550,7632750,16392700,16491950,1337,5919150,2319950,2168800,0,3612,0,5,0
26,1909576061,1987,718650,1535850,3942450,10420050,16617000,16717750,1777,3777000,778800,639600,0,2972,0,5,0
27,3576416482,1988,696250,3024100,5256250,7640850,16617450,16721650,1327,5093350,1457500,1326550,0,3612,0,5,0
28,2786439485,1989,712250,2739150,5292950,7866100,16610450,16716900,1363,5131350,1475500,1333350,0,3612,0,5,0
29,1931780192,1990,698600,2278850,4166850,9474000,16618300,16720600,1686,4013050,776700,633300,0,2972,0,5,0
30,1799980229,1991,1213050,1956300,5862400,7581300,16613050,16716750,1348,5689150,2024900,1880750,0,3612,0,5,0
31,3538847580,1992,698050,1959150,5771500,8186000,16614700,16719600,1471,5615900,2021250,1882050,0,3612,0,5,0
32,3831628403,1993,715450,1531850,5432600,8937000,16616900,16721950,1622,5269400,2223600,2077100,0,3612,0,5,0
33,1903038664,1994,698400,2842400,5815650,7262650,16619100,16720000,1239,5660800,1695250,1546650,0,4252,0,5,0
34,3410263823,1995,715850,2775600,5563450,7553500,16608400,16716100,1293,5396200,1645400,1502050,0,3932,0,5,0
35,3263986894,1996,1402700,1573150,6734250,7220250,16930350,17033650,1275,6567200,1911800,1758400,0,3292,0,5,0
36,2175892875,1997,725600,1960050,5911050,7701950,16298650,16408050,1367,5738350,2133300,1989700,0,3612,0,5,0
37,1813748966,1998,706100,1960750,12328900,1615400,16611150,16717500,92,12161900,1461450,1312000,0,3612,0,5,0
38,833434417,1999,741900,1556950,3915100,10399450,16613400,16721750,1772,2917950,780900,644250,0,2972,0,5,0
39,4097282166,2000,728550,2737350,5390950,7755350,16612200,16715750,1309,5230100,1458600,1313600,0,3612,0,5,0
40,192773425,2001,731450,2990850,5173800,5274900,14171000,16718700,958,5000050,1451900,1308000,0,3612,0,5,0
41,858826700,2002,1256400,1561600,4047500,9749800,16615300,16721700,1659,3891950,779950,637450,0,2972,0,5,0
42,1950483681,2003,714500,1946650,5720900,8240800,16622850,16721300,1449,5552850,2000700,1858850,0,3612,0,5,0
43,575738928,2004,700900,1960150,5336350,8615700,16613100,16716150,1548,5164600,1600550,1447800,0,3612,0,5,0
44,1359536727,2005,714950,2466700,3855200,9578250,16615100,16722250,1750,3681900,1575750,1429900,0,2972,0,5,0
45,3117637717,2006,722900,2721300,5383850,7787550,16615600,16715200,1317,5232250,1459650,1315050,0,3612,0,5,0
46,2557278958,2007,1442950,1981300,5950350,7641150,17015750,17120750,1365,5053050,1458550,1316050,0,3612,0,5,0
47,3928984507,2008,716700,1558600,3990400,9953450,16219150,16319900,1694,3829500,775500,633750,0,2972,0,5,0
48,3279099526,2009,720950,1943850,5597500,8355150,16617450,16717400,1478,5432350,1873950,1728400,0,3612,0,5,0
49,3402996575,2010,703000,2917400,5157450,7839950,16617800,16721400,1392,4989850,2294950,1301100,0,3612,0,5,0
50,1848951628,2011,724150,2408450,4206050,9277500,16616150,16719000,1666,4035900,1937200,1770300,0,2972,0,5,0
51,3328119971,2012,711250,2726200,5353050,7832450,16622950,16718100,1346,5199750,1457650,1314850,0,3612,0,5,0
52,536923704,2013,1413750,1972950,5974250,7347050,16708000,16811850,1300,5808100,2212550,2064900,0,3612,0,5,0
53,991563721,2014,704550,1545650,3997950,10278950,16527100,16626550,1761,3837550,771300,629050,0,2972,0,5,0
54,2482503020,2015,723550,1940400,5299500,8658150,16621600,16721700,1563,5130200,1582300,1441550,0,3612,0,5,0
55,3320786401,2016,695900,2993200,5300650,7628050,16617800,16719150,1319,5138150,1456450,1318400,0,3612,0,5,0
56,1307572882,2017,717400,2294000,4678300,8921200,16610900,16716600,1609,4519000,2334100,2171700,0,3612,0,5,0
57,1045847897,2018,1378250,2004350,6203350,7037750,16623700,16723400,1320,6043050,2285100,2139000,0,4252,0,5,0
58,2886179050,2019,715600,1955450,5836350,7646500,16153900,16718050,1360,5667100,1949800,1803800,0,3932,0,5,0
59,961732807,2020,704950,1546150,4313500,10046900,16611500,16716650,1706,4155150,1049650,910600,0,3292,0,5,0
60,1947062354,2021,707250,2911800,4778200,8224400,16621650,16721550,1469,4610850,1993050,1842050,0,3612,0,5,0
61,2075511931,2022,700650,2794900,5481050,7641050,16617650,16718600,1315,5323200,1451500,1314650,0,3612,0,5,0
62,2408546800,2023,717200,2332000,3960750,9606200,16616150,16720050,1681,3795450,781150,637350,0,2972,0,5,0
63,460493639,2024,1409300,1977850,6002300,7404850,16794300,16891300,1311,5836650,2222950,2079000,0,3612,0,5,0
64,1463678916,2025,712650,1959400,6067900,7701350,16441300,16544150,1365,5894350,2355850,2213900,0,3612,0,5,0
65,3795713909,2026,694150,1536250,3977300,10502850,16710550,16813550,1520,3815700,773350,633350,0,2972,0,5,0
66,1056688136,2027,721400,2978450,5248300,7572150,16520300,16628350,1307,5078500,1472650,1330150,0,3612,0,5,0
67,202923725,2028,710100,2733450,5405800,7766950,16616300,16720550,1303,5248950,1463350,1321200,0,3612,0,5,0
68,4012539606,2029,716600,2313100,4126150,9458850,16614700,16718800,1686,3961850,776900,636350,0,2972,0,5,0
69,1087445485,2030,1207050,1962050,5994600,7451750,16615450,16719200,1320,5832500,2222200,2083450,0,3612,0,5,0
70,491589414,2031,732350,3038050,5101500,6973550,15845450,16716250,1183,4932350,2291750,2134100,0,3612,0,5,0
71,1293200275,2032,706200,1535400,3965150,10410000,16616750,16722200,1771,3805900,772900,637150,0,2972,0,5,0
72,1737595726,2033,708350,2861350,5268150,7777350,16615200,16718850,1348,5105650,1467950,1334450,0,3612,0,5,0
73,2173390039,2034,699800,2768150,5407050,7741300,16616300,16717700,1296,5252150,1458300,1316800,0,3612,0,5,0
74,2060004372,2035,1443300,1552900,4088250,9793200,16877650,16981750,1670,3921900,772850,635350,0,2972,0,5,0
75,668607547,2036,706550,1959400,5995050,7695500,16356500,16456150,1371,5832050,1939300,1797050,0,3612,0,5,0
76,3409034624,2037,715100,1960200,5388550,8549450,16613300,16718000,1514,5215100,1686300,1546700,0,3612,0,5,0
77,66914193,2038,684600,1552600,3900100,10483750,16621050,16720950,1787,2914900,774350,641250,0,2972,0,5,0
78,2553907572,2039,706850,2765950,5317500,7827450,16617750,16720600,1355,5150850,1468950,1325450,0,3612,0,5,0
79,890390073,2040,698350,2737050,5325650,7856950,16618000,16716300,1346,5172100,1458300,1314600,0,3612,0,5,0
80,2223873098,2041,1372150,1543950,4525550,9175850,16617500,16720100,1535,4351400,1233800,1101750,0,3612,0,5,0
81,2336881585,2042,714300,1974800,5933700,8001300,16624100,16722450,1427,5768700,2053950,1881950,0,4252,0,5,0
82,4135459074,2043,707000,1964300,5445750,8498150,16615200,16718600,1525,4414350,1716000,1543350,0,3932,0,5,0
83,1986260127,2044,691950,2611250,4011600,9299550,16614350,16717600,1688,3843050,1669500,1510200,0,3292,0,5,0
84,353344474,2045,729400,2749150,5110000,8029900,16618450,16720950,1386,4942450,1251200,1110550,0,3612,0,5,0
85,3169575603,2046,1408900,1988900,4991750,8579150,16968700,17068750,1406,4843300,1237000,1097000,0,3612,0,5,0
86,210205944,2047,717650,1525750,4145550,9876100,16265050,16367150,1677,3974850,778850,636700,0,2972,0,5,0
87,1677393503,2048,708000,1960650,5651650,8297900,16618200,16719400,1409,5488200,1912150,1761700,0,3612,0,5,0
88,3832728684,2049,710400,2930600,4887450,8087900,16616350,16723150,1440,4710850,2083450,1083800,0,3612,0,5,0
89,2074852568,2050,693400,2382700,4091650,9446800,16614550,16715250,1714,3935350,1791350,1629000,0,2972,0,5,0
90,1464943173,2051,716700,2753300,5047700,8096500,16614200,16719400,1395,4870100,1240850,1097400,0,3612,0,5,0
91,315990800,2052,1286500,1978300,5789450,7603850,16658100,16757500,1358,4850250,1236000,1096900,0,3612,0,5,0
92,1451405891,2053,722500,1534150,3982200,10343500,16582350,16684950,1742,3803050,775900,634850,0,2972,0,5,0
93,3196408848,2054,712150,1970050,5343050,8589700,16614950,16717950,1544,5183150,1629000,1475700,0,3612,0,5,0
94,141073587,2055,713100,2877450,4923200,8102000,16615750,16719750,1425,4761550,1243100,1103500,0,3612,0,5,0
95,3576439062,2056,702000,2321450,3989600,9601300,16614350,16718150,1713,3828800,1661400,1484250,0,2972,0,5,0
96,2798564443,2057,1403200,2011650,5000850,8202250,16617950,16722400,1095,4827950,1240550,1099450,0,3612,0,5,0
97,3409362634,2058,719000,1996200,5700950,7771650,16187800,16717050,1386,5530550,1890800,1754150,0,3612,0,5,0
98,1459202337,2059,722450,1532300,3980350,11069100,17304200,17411550,748,3816500,776200,640600,0,2972,0,5,0
99,1984418334,2060,711950,3277850,5217950,6701400,15909150,16027300,1116,5035500,1223650,1087800,0,3612,0,5,0
100,2690152925,2061,729800,3236750,4918000,6966500,15851050,16719850,1164,4744950,1234400,1095050,0,3612,0,5,0
101,2607809844,2062,723050,2336300,4124950,9431450,16615750,16715650,1658,3964450,782750,638750,0,2972,0,5,0
102,3522750362,2063,1365950,1998100,5758850,7612800,16735700,16839250,1363,4795250,1241050,1101250,0,3612,0,5,0
103,2368404599,2064,695350,1980500,5796350,8030150,16502350,16602050,1437,5633800,2028200,1888500,0,3612,0,5,0
104,3250007036,2065,713300,1533950,4152050,10220350,16619650,16720200,1709,3983950,916450,771750,0,3612,0,5,0
105,1111684799,2066,697600,2914650,5186450,7813300,16612000,16716150,1356,5013800,1243200,1106800,0,4252,0,5,0
106,2213018028,2067,714550,2744050,4980100,8178500,16617200,16718750,1422,4816800,1068600,924150,0,3932,0,5,0
107,3171439817,2068,700450,2276350,4296600,9347850,16621250,16720700,1658,4135450,834250,692650,0,3292,0,5,0
108,2255827236,2069,1334700,1979450,4593850,8709400,16617400,16718750,1428,4417850,871500,734850,0,3612,0,5,0
109,2472184909,2070,705600,1985400,5391450,8540750,16623200,16721800,1541,4441450,871500,736650,0,3612,0,5,0
110,3140412334,2071,725750,1529650,3945450,10416650,16617500,16718400,1773,3780600,781950,642650,0,2972,0,5,0
111,785888721,2072,707100,2959900,4810450,8139800,16617250,16717250,1417,4643150,882000,749750,0,3612,0,5,0
112,1084583170,2073,711900,2792950,4745400,8373550,16623800,16722200,1372,4574150,893650,750050,0,3612,0,5,0
113,4019848443,2074,1390300,1551200,4086400,9799600,16827500,16930200,1670,3934150,778700,634300,0,2972,0,5,0
114,808788421,2075,714550,1972450,4719100,8997600,16403700,16504800,1485,4539450,886950,739100,0,3612,0,5,0
115,3645042740,2076,706750,1974700,5382800,8553450,16617700,16720300,1541,5210200,1626900,1476000,0,3612,0,5,0
116,2991496187,2077,711800,1530500,3903600,10469550,16615450,16720750,1781,2903950,780400,643400,0,2972,0,5,0
117,3919662364,2078,711850,2760800,4996650,8148500,16617800,16723400,1116,4834500,893550,748100,0,3612,0,5,0
118,1681074571,2079,732850,3189800,4591100,8093200,16606950,16715550,1385,4415150,888950,745350,0,3612,0,5,0
119,4218967458,2080,1212750,1543050,4046450,9816200,16618450,16718600,1667,3882900,777250,636200,0,2972,0,5,0
120,625353107,2081,716650,1963500,4565400,9375800,16621350,16721100,1532,4388200,876150,741550,0,3612,0,5,0
121,3717195990,2082,708100,2845350,4506700,8554300,16614450,16717000,1533,4330300,1635800,1467850,0,3612,0,5,0
122,2425705089,2083,720350,2478550,3882750,9536200,16617850,16721700,1738,3707400,1590000,1431950,0,2972,0,5,0
123,2555484258,2084,709900,2746400,4837750,8327100,16621150,16719250,1414,4678750,887850,746900,0,3612,0,5,0
124,1141451493,2085,1431050,1991300,4611850,9183350,17217550,17322050,1464,4442200,888800,747850,0,3612,0,5,0
125,1505942736,2086,713050,1543050,3977000,9779350,16012450,16115700,1648,3812850,768300,636300,0,2972,0,5,0
126,2491710369,2087,711350,1970400,5367650,8565350,16614750,16719650,1513,5194350,1673100,1531800,0,3612,0,5,0
127,2825516936,2088,697350,4342050,4949600,6627650,16616650,16719750,1080,4771600,886300,748300,0,3612,0,5,0
128,809518447,2089,722200,2363800,4099650,9426300,16611950,16717650,1711,3937550,1746300,673900,0,3612,0,5,0
129,1081694344,2090,699100,2739500,4882550,8299150,16620300,16719850,1405,4721600,929100,779350,0,4252,0,5,0
130,3544546839,2091,731200,2010700,5532800,6972450,15247150,16720400,1216,4427550,1694750,1529550,0,3932,0,5,0
131,2291142598,2092,697700,1547750,4047200,10322850,16615500,16717600,1764,3885350,749000,609700,0,3292,0,5,0
132,3252385439,2093,722000,1958000,5309300,8625150,16614450,16717000,1523,4266700,1624900,684150,0,3612,0,5,0
133,1602009306,2094,681700,2832000,4618750,8486700,16619150,16723600,1496,4458300,816700,677050,0,3612,0,5,0
134,2497072261,2095,716700,2336450,3902050,9662300,16617500,16718800,1759,3737550,1592800,567100,0,2972,0,5,0
135,3739067406,2096,1389600,1981500,4601550,9163100,17135750,17235450,1497,4445550,810950,669500,0,3612,0,5,0
136,1716074641,2097,705300,1978400,4511300,8898450,16093450,16198850,1465,4337450,800950,661750,0,3612,0,5,0
137,3982919220,2098,700150,1540100,3887850,10492650,16620750,16720350,1711,3725750,696150,557800,0,2972,0,5,0
138,2723337005,2099,715200,2916000,4490250,8490200,16611650,16719950,1521,4315850,1691550,1517200,0,3612,0,5,0
139,733376204,2100,698350,2869900,4711300,8342850,16622400,16720550,1456,4550500,809850,677050,0,3612,0,5,0
140,43915006,2101,712250,2326500,3962150,9617400,16618300,16719500,1732,3800550,703600,563250,0,2972,0,5,0
141,2309932913,2102,1311400,1973400,4586350,8819750,16690900,16790500,1451,4432850,813250,671400,0,3612,0,5,0
142,1653305798,2103,713500,1973450,4621800,9240750,16549500,16646200,1534,4451200,803800,664100,0,3612,0,5,0
143,145291823,2104,707650,1540600,3891000,10476850,16616100,16718450,1790,3729350,700450,557850,0,2972,0,5,0
144,3013902878,2105,704800,2877450,4468600,8565100,16615950,16719800,1524,4286300,824600,684650,0,3612,0,5,0
145,2859971923,2106,694350,2730100,4874150,8319250,16617850,16720100,1444,4712850,812750,670850,0,3612,0,5,0
146,3026746148,2107,1406950,1594950,4042200,9572900,16617000,16719250,1707,3877300,692500,560350,0,2972,0,5,0
147,736325239,2108,694650,1957750,4563550,8948000,16163950,16719300,1471,4399600,796800,660950,0,3612,0,5,0
148,2759885216,2109,712450,1964850,4471300,9467850,16616450,16719050,1548,4299200,796950,664650,0,3612,0,5,0
149,1930007773,2110,700950,1542000,3877300,10497300,16617550,16717800,1727,3731250,691200,556150,0,2972,0,5,0
150,4233548434,2111,727000,2424950,4078100,9382600,16612650,16720250,1705,3914900,1730400,1558850,0,3612,0,5,0
151,3821597075,2112,707050,2319450,4294750,9300350,16621600,16722500,1626,4130250,814750,676250,0,3612,0,5,0
152,1056834796,2113,1358250,1557250,4165000,9689350,16769850,16875450,1642,4000000,808350,667150,0,3612,0,5,0
153,2756113825,2114,703850,1533950,4076050,10147000,16460850,16559150,1730,3912850,782800,638350,0,3292,0,5,0
154,2193869574,2115,707000,1530650,3967200,10411700,16616550,16720350,1741,3803400,782900,643550,0,3292,0,5,0
155,39089791,2116,700950,2390250,3090000,10432150,16613350,16718000,1769,2932600,775300,638850,0,2972,0,5,0
156,1158667078,2117,721000,2315050,3948200,9633800,16618050,16723300,1755,3783150,1645000,1473450,0,2972,0,5,0
157,4085879547,2118,709550,2287800,4166000,9454150,16617500,16720050,1570,4013200,778000,636100,0,2972,0,5,0
158,313686028,2119,2311550,1558250,4022500,8720650,16612950,16719000,1432,3850600,779550,638750,0,2972,0,5,0
159,3216587021,2120,718600,1538100,3999700,14865100,21121500,21222500,1492,3839500,777800,638500,0,2972,0,5,0
160,876009466,2121,726800,3401550,4090500,3880100,12098950,12212300,625,3909400,770100,635750,0,2972,0,5,0
161,981002535,2122,711650,2439300,3947950,9519700,16618600,16722050,1732,3778050,1627500,1469550,0,2972,0,5,0
162,47529864,2123,705850,2339000,4256050,9315000,16615900,16719000,1666,4080300,779600,634900,0,2972,0,5,0
163,868088385,2124,1343050,1549100,4112700,9998250,17003100,17100400,1685,3957400,781100,637700,0,2972,0,5,0
164,2331947246,2125,715600,1546000,3996450,9974050,16232100,16334850,1694,3827800,776200,640100,0,2972,0,5,0
165,2168054517,2126,696650,1962350,5454250,8511000,16624250,16723800,1533,5297200,1691500,1550000,0,3612,0,5,0
166,3926666066,2127,707350,2930300,4518050,8456000,16611700,16716550,1512,4349000,886900,741700,0,3612,0,5,0
167,1177610667,2128,690350,2437500,3929700,9558200,16615750,16718300,1739,3781550,1632350,1472750,0,2972,0,5,0
168,3782405190,2129,715100,2727300,4674200,8502050,16618650,16719700,1481,4505650,895000,749950,0,3612,0,5,0
169,916405275,2130,1217000,1969250,4657500,8776250,16620000,16718400,1428,4494150,874200,735150,0,3612,0,5,0
170,1596582148,2131,721700,1534100,4120950,10247900,16624650,16722900,1750,3954200,784000,637950,0,2972,0,5,0
171,4199562603,2132,718750,1958700,5379950,8558000,16615400,16716750,1536,4361700,1649050,683350,0,3612,0,5,0
172,3017986708,2133,716250,2839750,4700350,8364300,16620650,16721250,1468,4537100,902700,760750,0,3612,0,5,0
173,2654286289,2134,697650,2335350,4116300,9462950,16612250,16716100,1714,3950650,780350,613550,0,2972,0,5,0
174,1031695476,2135,1364450,1988500,5115600,8590400,17058950,17160600,1325,4938400,1255150,1104850,0,4252,0,5,0
175,2959877989,2136,719900,1961100,5712100,7787000,16180100,16282450,1387,5538600,1816350,1672400,0,4252,0,5,0
176,1566373458,2137,704800,1532850,4139000,10234700,16611350,16717600,1707,3978150,911250,769850,0,3612,0,5,0
177,3017804585,2138,699900,2909700,5033950,7974450,16618000,16720650,1409,4855600,1243300,1102700,0,3932,0,5,0
178,1442923286,2139,705800,2733300,5151200,8023800,16614100,16715550,1394,4977850,1249050,1105250,0,3932,0,5,0
179,959704087,2140,689500,2319000,4149350,9463750,16621600,16722800,1659,3997550,778300,634800,0,2972,0,5,0
CSV_END

NV_DONE_bf44ceac59e8=0
# 
CAPTURE: {"label": "fifo512-r0-s3600-retained", "elapsed_seconds": 21.536605846000384, "bytes_received": 21542, "command": "/tmp/fifo-bench --frames 180 --warmup 30 --wait spin --state-frame 3600 --retained --csv /tmp/fifo-case.csv --dump /tmp/fifo-check.rgb565; fifo_rc=$?; if [ \"$fifo_rc\" = 0 ]; then sha256sum /tmp/fifo-check.rgb565 /tmp/fifo-check.rgb565.expected; printf \"\\nCSV_BEGIN\\n\"; cat /tmp/fifo-case.csv; printf \"CSV_END\\n\"; fi; test \"$fifo_rc\" = 0", "command_exit": 0, "login_sent": false, "log": "/path/to/research/experiments/fifo-study-20261008/20261008T082534Z-fifo512-r0-s3600-retained.raw"}
