/tmp/fifo-bench --frames 180 --warmup 30 --wait spin --state-frame 0 --grouped --csv /tmp/fifo-case.csv --dump /tmp/fifo-check.rgb565; fifo_rc=$?; if [ "$fifo_rc" = 0 ]; then sha256sum /tmp/fifo-check.rgb565 /tmp/fifo-check.rgb565.expected; printf "\nCSV_BEGIN\n"; cat /tmp/fifo-case.csv; printf "CSV_END\n"; fi; test "$fifo_rc" = 0; nv_status=$?; printf "\nNV_DONE_bec9df525342=%s\n" "$nv_status"
BEGIN_BREAKOUT frames=180 warmup=30 fixed=0 blocks=40 tiles=1 hud=1 wait=spin replay=0 state_frame=0 profile=detailed pixel_centers=1 clock_call_ns=5243
HW_COUNTERS id=46490200 words=1392820 wait_cycles=1363690 longest_wait_cycles=2945 total_cycles=240741097 cpu_hz=20000000
RESULT frames=180 elapsed_s=12.036928200 fps=14.953981 logic_ms=0.982130 api_ms=15.023032 swap_ms=38.242489 wait_ms=12.480338 worker_inclusive_ms=38.017599 upload_inclusive_ms=7.701768 write_ms=7.480774 bytes_per_frame=30951.56 p50_ms=66.877350 p95_ms=67.110850 max_ms=70.656750 late_60hz=180 first_count=463 last_count=642 state_hash=8f34e8fd remaining=38 score=20
RENDER_PATH retained=0 grouped=1 quads=13131 full_frames=180
FRAME_CHECK count=642 address=9fe00000 fnv1a=79c99b23 pixels=307200 mismatches=0
BREAKOUT_PASS
390c3a3d59409d8ff943126d26d4cf382d68bc6138c59a7b19e01e47d8229426  /tmp/fifo-check.rgb565
390c3a3d59409d8ff943126d26d4cf382d68bc6138c59a7b19e01e47d8229426  /tmp/fifo-check.rgb565.expected

CSV_BEGIN
frame,state_hash,display_count,logic_ns,api_ns,swap_ns,wait_ns,total_ns,completion_interval_ns,polls,worker_inclusive_ns,upload_inclusive_ns,write_ns,read_ns,write_bytes,read_bytes,write_calls,read_calls
0,3724779174,463,726900,16535900,45753800,2889350,65905950,65916950,465,45571800,7887300,7656750,0,31172,0,5,0
1,1709657109,464,894800,14978150,38444050,12459500,66776500,66875650,2264,38257050,7780800,7581950,0,31172,0,5,0
2,1894904752,465,864850,15098100,37752400,13064050,66779400,66877550,2295,37565300,7819500,7612900,0,31172,0,5,0
3,3703759967,466,820650,14522750,38486550,12951250,66781200,66878750,2327,37631750,7682400,7479600,0,31172,0,5,0
4,19533624,467,1443600,14294950,38287600,12754850,66781000,66879000,2324,38106500,7719650,7531050,0,31172,0,5,0
5,816884773,468,838500,14950250,37706550,13281150,66776450,66874300,2340,37520850,7730650,6840450,0,31172,0,5,0
6,1339236364,469,850550,15213200,37911750,12803650,66779150,66877150,2321,37722400,7733350,7536950,0,31172,0,5,0
7,3072959373,470,820700,14343300,39239700,11865650,66269350,66876950,2088,39053900,8758800,8557400,0,31172,0,5,0
8,1782884746,471,853500,14878200,38290100,12754000,66775800,66880250,2328,38108000,7723550,7535250,0,31172,0,5,0
9,30296781,472,829350,15087550,38814150,12043500,66774550,66874150,2200,38055150,7078650,6896150,0,31492,0,5,0
10,4026418858,473,838250,15163550,37051000,13728750,66781550,66880600,2489,36872200,7337250,6344900,0,31492,0,5,0
11,2084929051,474,1386950,14295150,38200000,12892850,66774950,66875200,2353,38013950,7449350,7249200,0,31492,0,5,0
12,3114489770,475,844800,14904400,38550400,12480800,66780400,66878050,2277,38370700,7928450,7733900,0,31172,0,5,0
13,891400471,476,821300,15250150,37521750,13565150,67158350,67255900,2379,37332900,7698300,7495350,0,31172,0,5,0
14,3472773456,477,845200,14299900,37739700,13515600,66400400,66499550,2476,37559250,7433350,7242750,0,31172,0,5,0
15,3010688243,478,828000,14755950,40029900,14945050,70558900,70656750,1516,39848050,7777800,7570800,0,31172,0,5,0
16,2819524756,479,891600,16035600,38326200,7721100,62974500,63093300,1386,38145550,7756500,7559050,0,31172,0,5,0
17,3241678401,480,827400,15254550,37456700,13244200,66782850,66881150,2384,37272300,7661350,6880550,0,31172,0,5,0
18,2154316504,481,871550,15302550,37552100,11743850,65470050,66872900,2045,37366600,7699050,7500900,0,31172,0,5,0
19,772262681,482,821350,14932100,37541550,13491300,66786300,66879600,2380,37347650,6978950,6789800,0,31172,0,5,0
20,3882818750,483,843050,15232100,37344500,13593550,67013200,67110850,2383,37159150,7666750,7469200,0,31172,0,5,0
21,521131153,484,822050,14375650,37779050,13567750,66544500,66643200,2487,37600250,7393900,7190000,0,31172,0,5,0
22,1838187414,485,1489000,14655950,37941800,12691000,66777750,66875650,2312,37763650,7470100,7279050,0,31172,0,5,0
23,840574439,486,835450,16946000,37924300,11074150,66779900,66879100,1976,37739450,7375550,7167200,0,31172,0,5,0
24,2879461878,487,850300,15260000,37416550,13248600,66775450,66874700,2382,37230650,7731200,7528900,0,31172,0,5,0
25,202086035,488,1274350,14635050,37879850,12991700,66780950,66880050,2369,37696250,7283100,7089350,0,31172,0,5,0
26,959703924,489,846300,14909800,37392700,13629450,66778250,66878050,2405,37207850,6983250,6792950,0,31172,0,5,0
27,3795724423,490,823550,15199700,37465700,13387850,66876800,66976300,2341,37276050,7673300,7468700,0,31172,0,5,0
28,2500539904,491,845650,14316800,38104000,13411350,66677800,66776850,2450,37924400,7428500,7228350,0,31172,0,5,0
29,2269000541,492,1439150,14267350,38199250,12872500,66778250,66876350,2347,38015450,7536200,7337150,0,31172,0,5,0
30,1900681108,493,847050,14993350,40989100,9954000,66783500,66881050,1757,40802800,11140500,10856200,0,31172,0,5,0
31,3680168245,494,821550,19921000,41169750,4866600,66778900,66875200,865,40972300,7823950,7621250,0,31172,0,5,0
32,2344329490,495,853350,14347950,37738150,13410650,66350100,66874650,2457,37558450,7338150,7148250,0,31172,0,5,0
33,2130650181,496,827050,14867900,38456750,12627900,66779600,66877400,2301,38271600,7764750,7571950,0,31492,0,5,0
34,906966818,497,845100,15238350,37892350,12805850,66781650,66879500,2216,37702950,7768000,7557750,0,31492,0,5,0
35,3939376531,498,822350,14338900,37927200,13687650,66776100,66875350,2508,37744650,7473150,7264800,0,31492,0,5,0
36,2110688546,499,1416350,14309900,38139050,12913100,66778400,66876400,2357,37957550,7583950,7388000,0,31172,0,5,0
37,2695523007,500,840150,14926050,38703800,12310150,66780150,66877800,2241,38515050,7732200,7534800,0,31172,0,5,0
38,744447992,501,846000,15265150,39925250,11069750,67106150,67204000,1955,39733350,7654650,7456250,0,31172,0,5,0
39,3728640411,502,825950,14326400,37877500,13420100,66449950,66548850,2458,37692500,7310300,7111850,0,31172,0,5,0
40,618879740,503,849750,14799650,38703300,12428500,66781200,66879900,2259,38518050,8106650,7913650,0,31172,0,5,0
41,1239708057,504,821550,15224950,37617400,13116150,66780050,66875950,2280,37423150,7794250,7581700,0,31172,0,5,0
42,2429742208,505,841650,14317850,37698500,13917500,66775500,66874800,2557,36834150,7455600,7257150,0,31172,0,5,0
43,412095716,506,1369650,14273600,38085350,13052350,66780950,66880100,2308,37899350,7495750,7297600,0,31172,0,5,0
44,1226741467,507,848000,14891250,37579900,13459200,66778350,66875450,2373,37389850,7011300,6831100,0,31172,0,5,0
45,3288446148,508,827700,15250600,37618850,13259850,66957000,67056450,2311,37431000,7759450,7552850,0,31172,0,5,0
46,1157984843,509,857450,16572350,45624900,3544100,66598800,66698100,543,45432650,7846050,7628500,0,31172,0,5,0
47,3877288378,510,825250,14830450,38446450,12678800,66780950,66879850,2311,38262650,7722150,7522500,0,31172,0,5,0
48,4236526315,511,874500,15277600,38238150,11669000,66059250,66874150,2079,38054850,7804900,7614850,0,31172,0,5,0
49,533834014,512,831300,15059050,37766600,13125050,66782000,66880000,2390,37580850,7977750,7773350,0,31172,0,5,0
50,1649361089,513,1347050,14667650,37759500,13002550,66776750,66875750,2375,37575850,7338200,7150200,0,31172,0,5,0
51,2486981906,514,831700,14863450,37565750,13513650,66774550,66874500,2383,37376450,7043500,6859850,0,31172,0,5,0
52,1706075277,515,854850,15204150,37376200,13396050,66831250,66928900,2333,37189050,7717300,7520750,0,31172,0,5,0
53,267972368,516,831050,14596050,39949100,11351600,66727800,66826900,2018,39029050,9351550,9098550,0,31172,0,5,0
54,3895401273,517,1475750,14222100,38318250,12766450,66782550,66878700,2328,38134100,7714850,7526800,0,31172,0,5,0
55,605985656,518,819800,15158750,37502950,13293800,66775300,66874150,2311,37306100,7759950,7543850,0,31172,0,5,0
56,4077673024,519,895100,15153000,37849200,12882250,66779550,66878550,2340,37659050,7841700,7644300,0,30852,0,5,0
57,985632231,520,1299400,14304950,37962500,13213100,66779950,66877850,2419,37784550,7351350,7154200,0,30852,0,5,0
58,3720590956,521,877750,17509600,37439600,10953300,66780250,66877750,1951,37250050,7751050,7548950,0,30852,0,5,0
59,3264032585,522,851700,15253200,37881300,12794150,66780350,66878000,2211,37692650,7721200,7503950,0,30852,0,5,0
60,395405688,523,874650,14315800,37648100,13937100,66775650,66873400,2564,37467100,7250100,7052200,0,30852,0,5,0
61,32142420,524,1470400,14247850,40339400,10833650,66891300,66988900,743,40152800,7733950,7513750,0,30852,0,5,0
62,1187067055,525,916600,15284000,38392050,12048850,66641500,66765150,2150,38204950,7722850,7538000,0,30852,0,5,0
63,459140908,526,849800,15174950,37598750,13157950,66781450,66881400,2395,37414250,7845500,7642200,0,30852,0,5,0
64,3369786495,527,874150,14333750,37768900,13410500,66387300,66874700,2456,37592300,7339850,7148750,0,30852,0,5,0
65,1572434254,528,857300,14861650,38562050,12499350,66780350,66878250,2271,38382800,7702350,7504100,0,30852,0,5,0
66,4107798823,529,871250,15290850,37355400,13263250,66780750,66878900,2306,37178050,7698350,7483550,0,30852,0,5,0
67,343968250,530,855600,14343000,37735100,13840800,66774500,66874200,2542,36872350,7262900,7082400,0,30852,0,5,0
68,3102454017,531,1442100,14305400,38159400,12873100,66780000,66879350,2348,37981000,7689450,7495550,0,30852,0,5,0
69,3051095563,532,865400,17768750,37441450,10706200,66781800,66877850,1868,37255250,7763650,7557800,0,30852,0,5,0
70,2391331016,533,883150,15134300,37432800,13584450,67034700,67133800,2404,37249850,7812950,7612800,0,30852,0,5,0
71,3869016117,534,859300,14365200,37735400,13560650,66520550,66619300,2407,37551850,7216200,7022100,0,30852,0,5,0
72,1579800804,535,879150,14787300,38126550,12984050,66777050,66875100,2375,37950250,7652650,7464750,0,30852,0,5,0
73,2792341157,536,858750,15205250,37488400,13229000,66781400,66879700,2299,37301600,7717750,7508950,0,30852,0,5,0
74,714702942,537,882800,14939450,36881350,14071650,66775250,66873900,2534,36700950,7236750,7043000,0,30852,0,5,0
75,1092538936,538,1461950,14302050,37870900,13143750,66778650,66877850,2404,37690350,7334050,7133750,0,30852,0,5,0
76,1561271239,539,882450,15074400,39129300,11694400,66780550,66879200,2075,38945850,9664800,9410950,0,31172,0,5,0
77,3798074098,540,857050,21105050,37947650,6997800,66907550,67003950,1238,37765400,7382050,7176550,0,31172,0,5,0
78,3022639071,541,912550,15638900,37675100,11714100,65940650,66749200,2098,37496350,7792850,7588150,0,31172,0,5,0
79,2282770062,542,1484050,14240600,38104750,12947550,66776950,66876200,2364,37922050,7600600,7406550,0,30852,0,5,0
80,1626512457,543,880250,15203500,37277900,13417000,66778650,66876000,2335,37101150,7633850,7415050,0,30852,0,5,0
81,3156888026,544,857400,15469100,37568950,12882900,66778350,66879200,2337,37384500,7660550,7460450,0,30852,0,5,0
82,3038824309,545,1356500,14320900,37798700,13299900,66776000,66875750,2432,37615500,7382800,7193500,0,30852,0,5,0
83,1261846460,546,867950,15030250,37154600,13722250,66775050,66877250,2393,36972100,6912800,6727700,0,30852,0,5,0
84,2035201521,547,877600,15103950,39884950,10913500,66780000,66879550,1949,39696350,7302050,7107300,0,30852,0,5,0
85,2164446652,548,849850,14371450,37712600,13843450,66777350,66877950,2543,37526950,7234150,7034600,0,30852,0,5,0
86,2017191835,549,1544100,14272150,37988600,12968400,66773250,66875800,2368,37811800,7605800,7414600,0,30852,0,5,0
87,3029138484,550,861450,15164100,37712500,13040850,66778900,66878000,2255,37524250,7013500,6824350,0,30852,0,5,0
88,50355403,551,879250,15139050,37427850,13329450,66775600,66874800,2427,37241250,7663250,7468600,0,30852,0,5,0
89,654213990,552,865850,14316250,37840750,13329500,66352350,66877500,2439,37651450,7285300,7089750,0,30852,0,5,0
90,2360099787,553,880900,15051450,38364500,12478500,66775350,66876400,2238,38186600,7661150,7466600,0,30852,0,5,0
91,2424818746,554,854300,15097750,37573900,14358100,67884050,67984900,2304,37389500,7823300,7612250,0,30852,0,5,0
92,1971386461,555,905350,15194750,45525600,4038750,65664450,65771150,701,45344150,7743500,7530400,0,30852,0,5,0
93,3386045126,556,1420650,14321450,38205800,12829200,66777100,66876700,2338,38024400,7281250,7082500,0,30852,0,5,0
94,1429641961,557,884750,15129400,37161850,13600100,66776100,66875600,2372,36979700,7641150,7433350,0,30852,0,5,0
95,3022846880,558,859700,15128700,37566950,13558550,67113900,67214900,2398,37375500,7634700,7438950,0,30852,0,5,0
96,1601897261,559,879000,14334450,37986150,13240350,66439950,66538850,2419,37803200,7597250,7399500,0,30852,0,5,0
97,1229951528,560,855700,14971950,37978500,12977400,66783550,66881200,2345,37795150,7607950,7415950,0,30852,0,5,0
98,4065171759,561,885500,15076900,37415950,13398950,66777300,66876450,2366,37232700,7800150,7597200,0,30852,0,5,0
99,1034325744,562,860500,14287650,39784150,11844150,66776450,66876750,2041,38916600,7802350,7560900,0,30852,0,5,0
100,14078671,563,1438400,14301550,38068550,12963150,66771650,66874500,2357,37888850,7651150,7462300,0,31172,0,5,0
101,4024270554,564,862150,15056150,37270550,13589500,66778350,66877700,2371,37089900,7669700,6745850,0,31172,0,5,0
102,896191351,565,887850,15085200,37457350,13661250,67091650,67190600,2336,37268900,7651600,7461350,0,31172,0,5,0
103,2131384102,566,862800,14322800,37696050,13583700,66465350,66564100,2491,37509750,7221950,7029500,0,30852,0,5,0
104,2586210593,567,1522100,14377500,37948300,12928750,66776650,66875600,2336,37772200,7658850,7463450,0,30852,0,5,0
105,591918370,568,862450,15046700,37597850,13269850,66776850,66877450,2337,37408750,7852200,7643200,0,30852,0,5,0
106,8814317,569,884200,15401500,37506050,12986050,66777800,66878200,2358,37320400,7699100,7503100,0,30852,0,5,0
107,2340504196,570,1360200,14277850,47603200,3541050,66782300,66881250,606,47408950,14988550,14670900,0,30852,0,5,0
108,3523076009,571,1911650,14368200,37892400,11901500,66073750,66872750,2148,37710000,7714000,7524250,0,30852,0,5,0
109,1961669028,572,861650,15434150,37615000,12916550,66827350,66931100,2264,37428100,7747500,7540000,0,30852,0,5,0
110,1037581603,573,880700,14340800,37660800,13839450,66721750,66822450,2544,37480950,7310050,7112850,0,30852,0,5,0
111,2701024588,574,1504600,14435500,37897950,12940300,66778350,66878150,2335,37713300,7651800,7456200,0,30852,0,5,0
112,215037203,575,882800,15069000,37859650,12969500,66780950,66880000,2270,37669850,7008150,6820150,0,30852,0,5,0
113,3696282862,576,854900,15176350,37517400,13227200,66775850,66876450,2411,37330650,7737450,7537150,0,30852,0,5,0
114,2829142928,577,1353700,14340400,37819850,13262500,66776450,66876750,2343,37641050,7549300,7355850,0,30852,0,5,0
115,3204762949,578,872600,16244550,38151050,11508700,66776900,66877950,2050,37290000,7528100,7319100,0,30852,0,5,0
116,3297489190,579,874250,15091750,37301900,13506500,66774400,66873250,2387,37116150,7634250,7436100,0,30852,0,5,0
117,1691704917,580,856000,14310400,37750950,13863550,66780900,66880000,2156,37565750,7332200,7131050,0,30852,0,5,0
118,663957814,581,1575550,14495250,37961150,12742100,66774050,66878750,2289,37778500,7373800,7182050,0,30852,0,5,0
119,3058583827,582,856400,15007500,37433600,13474450,66771950,66874700,2376,37248000,7812450,7605650,0,30852,0,5,0
120,838545270,583,879200,15069400,37357950,13468950,66775500,66875000,2457,37175100,7738050,7537950,0,30852,0,5,0
121,3608912039,584,853600,14340150,38043450,13138500,66375700,66881150,2397,37851100,7282350,7100500,0,30852,0,5,0
122,4080159716,585,880900,14998450,39415250,11484550,66779150,66878100,2055,39237000,7590200,7384050,0,30852,0,5,0
123,1056027075,586,858200,22370850,37709200,5838100,66776350,66875950,990,37524200,7805150,7602150,0,30852,0,5,0
124,4057021248,587,879000,14338800,37985800,13572000,66775600,66874800,2481,37111100,7617500,7422850,0,31172,0,5,0
125,2686741161,588,1402350,14516000,37878450,12985450,66782250,66880000,2341,37697550,7505500,7307750,0,31172,0,5,0
126,3870849660,589,881800,14957850,37435250,13500600,66775500,66874850,2384,37257650,7816700,7589250,0,31172,0,5,0
127,293449641,590,855100,15104900,37502400,13577250,67039650,67140450,2321,37317100,7616250,7417250,0,30852,0,5,0
128,596064266,591,889650,14327450,37748000,13550400,66515500,66614250,2484,37570450,7266850,7074800,0,30852,0,5,0
129,3715495249,592,862100,14917050,38099800,12897000,66775950,66874750,2356,37919550,7719500,7528200,0,30852,0,5,0
130,244680018,593,894950,15074550,39471500,11335400,66776400,66877550,1947,39291500,7304750,7102200,0,30852,0,5,0
131,4080661783,594,863850,14998150,37224100,13692300,66778400,66881350,2501,37041600,7374050,7169150,0,30852,0,5,0
132,4006730450,595,1411650,14458650,37719050,13184850,66774200,66873200,2381,37540450,7456250,7266100,0,30852,0,5,0
133,3864584507,596,864000,14880050,37388450,13643650,66776150,66876900,2409,37200400,7778050,7560750,0,30852,0,5,0
134,2711027320,597,886350,15423350,37569000,13030400,66909100,67008350,2288,37388400,7691350,7493450,0,30852,0,5,0
135,4099079087,598,856100,14323800,37730500,13738600,66649000,66747900,2521,37541350,7215550,7018450,0,30852,0,5,0
136,565333772,599,1669650,14276050,38141650,12691500,66778850,66879250,2308,37957250,7729600,7532100,0,30852,0,5,0
137,1028518269,600,863450,15414000,37480700,13020150,66778300,66877350,1967,37289950,6965450,6778000,0,30852,0,5,0
138,2252688136,601,945200,15155350,45091500,4020950,65213000,66873450,697,44912650,7713950,7486550,0,30852,0,5,0
139,578597309,602,1318000,14553300,37592500,13311750,66775550,66876400,2404,37407900,7266600,7065700,0,30852,0,5,0
140,3624439358,603,887400,14908400,38043900,12934500,66774200,66876750,2379,37277850,6937500,6756000,0,30852,0,5,0
141,3514067501,604,848550,15141950,37439000,13349950,66779450,66880000,2356,37255050,7595750,7394900,0,30852,0,5,0
142,2741972910,605,887400,14349050,37591900,13949450,66777800,66876800,2566,37412600,7370500,7171450,0,30852,0,5,0
143,28497579,606,1618050,14336750,38178500,12641800,66775100,66875000,2299,37997350,7436650,7231700,0,30852,0,5,0
144,466729326,607,890550,15054900,37298400,13533550,66777400,66877700,2387,37118700,7617700,7400000,0,30852,0,5,0
145,3425349295,608,857050,15171350,39958450,10790000,66776850,66878700,2002,39767900,7728200,7523950,0,30852,0,5,0
146,1537640620,609,890300,14556850,37844250,13063000,66354400,66877400,2350,37670200,7298300,7116150,0,30852,0,5,0
147,1853842891,610,853550,14936250,37172750,13816950,66779500,66879050,2443,36987950,6907200,6720200,0,30852,0,5,0
148,1177024904,611,875900,15096850,37578650,13222850,66774250,66873400,2327,37392200,7750150,7548850,0,31172,0,5,0
149,4106734849,612,859050,14326300,38552000,13044600,66781950,66879200,2373,38366700,7642700,6861800,0,31172,0,5,0
150,2025356500,613,1559500,14339300,38048400,12832500,66779700,66877250,2336,37871450,7764800,7572750,0,31172,0,5,0
151,2189605121,614,862200,14987450,37479250,13450500,66779400,66877450,2372,37290300,7684200,7473150,0,30852,0,5,0
152,4086136290,615,877000,15084150,37827200,13332300,67120650,67217950,2350,37638200,8073400,7865750,0,30852,0,5,0
153,4036669705,616,855150,14513500,49972850,1096950,66438450,66534250,216,49788950,14620700,14331500,0,30852,0,5,0
154,4167980074,617,884250,14911500,38147800,12832200,66775750,66877400,2341,37969150,7672450,7487250,0,30852,0,5,0
155,51187407,618,861000,15100700,37732200,13087300,66781200,66879450,2211,37541050,7742900,7534050,0,30852,0,5,0
156,2242638442,619,878450,14307800,37579300,14010950,66776500,66873950,2574,36611650,7278050,7084250,0,30852,0,5,0
157,2730108163,620,1518900,14341350,37995950,12926500,66782700,66880600,2354,37811400,7643800,7443200,0,30852,0,5,0
158,2718743917,621,881900,14923500,37369900,13601350,66776650,66873950,2318,37187800,7674050,7454650,0,30852,0,5,0
159,3391709842,622,856550,15156100,37602850,13355200,66970700,67067750,2358,37416400,7692800,7488600,0,30852,0,5,0
160,1164604273,623,882250,14467500,37553150,13687100,66590000,66687900,2123,37370300,7327550,7126100,0,30852,0,5,0
161,2148591176,624,1576650,14257800,38287700,12644400,66766550,66875400,2302,38107250,7692650,7500000,0,30852,0,5,0
162,4192737573,625,877750,15379100,37439100,13085150,66781100,66880850,2298,37259450,7731700,7522200,0,30852,0,5,0
163,535584840,626,861650,15097150,37090950,13727950,66777700,66876400,2509,36905350,7405650,7202900,0,30852,0,5,0
164,3430794475,627,1505900,14334850,37835550,13102750,66779050,66876350,2392,37651200,7564850,7373900,0,30852,0,5,0
165,776323552,628,866750,15211200,38305850,12394500,66778300,66875600,2254,38121100,7711750,7521450,0,30852,0,5,0
166,3330991427,629,877700,15082200,37457650,13416250,66833800,66932500,2368,37268900,7650200,7451750,0,30852,0,5,0
167,3282074430,630,860750,14485800,37575550,13801750,66723850,66823100,2506,37388700,7230500,7028550,0,30852,0,5,0
168,2597814595,631,1549450,14284850,40280900,10660600,66775800,66875750,1886,40097650,7745600,7531100,0,30852,0,5,0
169,2225601370,632,855450,22684300,37739700,5499150,66778600,66877600,917,37550700,7788450,7559300,0,30852,0,5,0
170,3716853465,633,883450,15300050,37477350,13120100,66780950,66880250,2381,37290750,7770450,7571300,0,30852,0,5,0
171,1080675697,634,1460400,14232550,37884050,13198650,66775650,66874500,2409,37699450,7343450,7140750,0,30212,0,5,0
172,219920238,635,876050,14763450,36966800,14169900,66776200,66875650,2514,36789350,7574500,7352550,0,30212,0,5,0
173,3070385651,636,853750,14942800,37145850,13834750,66777150,66877400,2454,36965100,7514500,7316050,0,30212,0,5,0
174,2609556270,637,872950,14351800,37559700,13996150,66780600,66879750,2546,37380850,7216500,7017100,0,30212,0,5,0
175,141401383,638,1456150,14126050,37581750,13613750,66777700,66875300,2512,36819250,6908300,6719900,0,30212,0,5,0
176,3034105280,639,868900,16313700,37863350,11735100,66781050,66877200,2117,37683550,7644600,7448750,0,30212,0,5,0
177,3029196371,640,849150,15128700,39773750,11030900,66782500,66879800,2055,39584900,9870100,9620800,0,30212,0,5,0
178,699378668,641,884450,14217300,37574000,13577250,66253000,66873100,2488,37395000,7637350,7440350,0,30212,0,5,0
179,2402609405,642,851550,14695800,37017800,14218250,66783400,66881300,2527,36836200,7574650,7355450,0,30212,0,5,0
CSV_END

NV_DONE_bec9df525342=0
# 
CAPTURE: {"label": "fifo512-r0-s0-grouped", "elapsed_seconds": 31.937863447999916, "bytes_received": 22383, "command": "/tmp/fifo-bench --frames 180 --warmup 30 --wait spin --state-frame 0 --grouped --csv /tmp/fifo-case.csv --dump /tmp/fifo-check.rgb565; fifo_rc=$?; if [ \"$fifo_rc\" = 0 ]; then sha256sum /tmp/fifo-check.rgb565 /tmp/fifo-check.rgb565.expected; printf \"\\nCSV_BEGIN\\n\"; cat /tmp/fifo-case.csv; printf \"CSV_END\\n\"; fi; test \"$fifo_rc\" = 0", "command_exit": 0, "login_sent": false, "log": "/path/to/research/experiments/fifo-study-20261008/20261008T082222Z-fifo512-r0-s0-grouped.raw"}
