/tmp/fifo-bench --frames 180 --warmup 30 --wait spin --state-frame 1800 --retained --csv /tmp/fifo-case.csv --dump /tmp/fifo-check.rgb565; fifo_rc=$?; if [ "$fifo_rc" = 0 ]; then sha256sum /tmp/fifo-check.rgb565 /tmp/fifo-check.rgb565.expected; printf "\nCSV_BEGIN\n"; cat /tmp/fifo-case.csv; printf "CSV_END\n"; fi; test "$fifo_rc" = 0; nv_status=$?; printf "\nNV_DONE_ac0787f2c3b2=%s\n" "$nv_status"
BEGIN_BREAKOUT frames=180 warmup=30 fixed=0 blocks=40 tiles=1 hud=1 wait=spin replay=0 state_frame=1800 profile=detailed pixel_centers=1 clock_call_ns=6004
HW_COUNTERS id=46490200 words=145600 wait_cycles=403219 longest_wait_cycles=4523 total_cycles=61518594 cpu_hz=20000000
RESULT frames=180 elapsed_s=3.075808900 fps=58.521191 logic_ms=0.932319 api_ms=2.420399 swap_ms=4.515982 wait_ms=9.073639 worker_inclusive_ms=4.280890 upload_inclusive_ms=1.158212 write_ms=0.973995 bytes_per_frame=3235.56 p50_ms=16.719500 p95_ms=17.088750 max_ms=33.440350 late_60hz=161 first_count=1319 last_count=1498 state_hash=1022e19f remaining=21 score=190
RENDER_PATH retained=1 grouped=0 quads=462 full_frames=0
FRAME_CHECK count=1498 address=9fe00000 fnv1a=9868c45b pixels=307200 mismatches=0
BREAKOUT_PASS
3dd0f3773c4c88e99236daa3e632c23fcf18c11cbc88b51789817c7aea3b6d59  /tmp/fifo-check.rgb565
3dd0f3773c4c88e99236daa3e632c23fcf18c11cbc88b51789817c7aea3b6d59  /tmp/fifo-check.rgb565.expected

CSV_BEGIN
frame,state_hash,display_count,logic_ns,api_ns,swap_ns,wait_ns,total_ns,completion_interval_ns,polls,worker_inclusive_ns,upload_inclusive_ns,write_ns,read_ns,write_bytes,read_bytes,write_calls,read_calls
0,2110160739,1319,795050,2322300,5471800,7573350,16162500,16175200,1367,5304950,1617900,1458850,0,3612,0,5,0
1,1693181783,1320,810650,1823550,4044500,9932550,16611250,16721000,1712,3881650,781550,640200,0,2972,0,5,0
2,802378003,1321,790100,2763150,3940200,9124400,16617850,16721300,1357,3770400,1611950,1464350,0,2972,0,5,0
3,773631361,1322,817300,3153450,4928050,7701600,16600400,16719200,1343,4744750,876650,731550,0,3612,0,5,0
4,3600043099,1323,1477600,1884000,4074750,9179500,16615850,16716400,1667,3913100,788000,645350,0,2972,0,5,0
5,1618316913,1324,820450,2843650,4038200,6753650,14455950,16717700,1198,3860700,777250,626700,0,2972,0,5,0
6,201713393,1325,797900,2309850,10890500,3444650,17442900,17542500,275,10728300,7173300,7010700,0,3612,0,5,0
7,2011502881,1326,821800,2804400,4174400,7983900,15784500,15901100,1437,3985550,786650,636400,0,2972,0,5,0
8,3125474025,1327,802650,2638150,3966100,9207250,16614150,16717750,1694,3793650,1628600,1477450,0,2972,0,5,0
9,1342287211,1328,791300,3408700,4714400,7698450,16612850,16719600,1300,4538050,885050,739200,0,3612,0,5,0
10,3857196809,1329,1463450,1858600,4045050,9508250,16875350,16982350,1641,3889300,783450,639400,0,2972,0,5,0
11,2240049260,1330,802100,7888600,8972950,15406000,33069650,33176950,2780,8797850,1338050,1181450,0,6632,0,5,0
12,1815897908,1331,832200,8548800,10360850,13594550,33336400,33437800,2527,10183450,2225250,2054900,0,7312,0,5,0
13,648884648,1332,807750,2548000,4158000,9104400,16618150,16718550,1625,3972500,789300,643550,0,3012,0,5,0
14,2931991803,1333,1333550,1818050,4046300,9415500,16613400,16717450,1613,3867300,771500,632850,0,2972,0,5,0
15,4227589206,1334,806850,2273000,5411400,8129300,16620550,16722600,1486,5250700,1602600,1454850,0,3612,0,5,0
16,1986714807,1335,799650,1819150,3974000,10022500,16615300,16717800,1709,3814450,778350,636650,0,2972,0,5,0
17,28333542,1336,787950,2636450,3985000,9195950,16605350,16716700,1706,3805000,1622750,1451700,0,2972,0,5,0
18,842458438,1337,795450,3036750,4707650,8080250,16620100,16723850,1423,4521700,886400,732700,0,3612,0,5,0
19,4035787358,1338,1440950,1854850,4066100,9738700,17100600,17204900,1580,3885850,783950,636850,0,2972,0,5,0
20,3966921526,1339,802300,1823400,4043600,9453150,16122450,16228750,1616,3866600,781200,637100,0,2972,0,5,0
21,3331783808,1340,796300,2258650,5434850,8127100,16616900,16721750,1482,4405450,1645950,671600,0,3612,0,5,0
22,1855912102,1341,794100,2737800,3942600,9145650,16620150,16718450,1697,3760250,1596050,1447250,0,2972,0,5,0
23,3437663592,1342,797050,2703700,4109550,9003050,16613350,16719900,1655,3934850,785350,634650,0,2972,0,5,0
24,3162062844,1343,786550,3033550,4625450,8167350,16612900,16717300,1468,4449450,884850,731200,0,3612,0,5,0
25,1213835568,1344,1360450,1830450,4041000,9429250,16661150,16766000,1652,3871800,778900,633950,0,2972,0,5,0
26,4133797692,1345,788500,1812900,4140500,9828450,16570350,16672750,1729,3967450,782250,635500,0,2972,0,5,0
27,256876650,1346,797550,3220600,5139650,7456700,16614500,16719700,1358,4965750,1240250,1102000,0,4252,0,5,0
28,482917404,1347,793200,2695200,4147800,8988300,16624500,16724450,1692,3977950,1752900,1587000,0,3612,0,5,0
29,1264633954,1348,793300,2562800,4429150,8828450,16613700,16717300,1627,4249000,843200,692600,0,3292,0,5,0
30,3606135978,1349,1444850,2313150,5790550,7064750,16613300,16715550,1383,5621200,2030700,1871800,0,3932,0,5,0
31,2630115922,1350,805750,1840450,6282250,7286400,16214850,16756450,1243,6106700,1619150,576150,0,2972,0,5,0
32,3881483034,1351,813500,1828600,4039200,9898150,16579450,16686100,1676,3877550,794050,642400,0,2972,0,5,0
33,2944919204,1352,798600,3184400,5136200,7490950,16610150,16716750,1319,4972850,1241800,1088900,0,3612,0,5,0
34,646532490,1353,796700,2573650,4016350,9234100,16620800,16721300,1711,3833600,1642750,1483750,0,2972,0,5,0
35,2877853796,1354,1647500,1843150,4067600,8301700,15859950,16718650,1431,3894450,772650,635800,0,2972,0,5,0
36,1922367648,1355,1370250,2288150,5634550,7450450,16743400,16844250,1350,5470100,1903400,1743200,0,3612,0,5,0
37,1795563108,1356,811000,1847950,4082400,9748600,16489950,16594750,1677,3911350,785250,636550,0,2972,0,5,0
38,214631552,1357,796150,1816650,4007600,10000200,16620600,16719750,1697,3841900,786650,636500,0,2972,0,5,0
39,1929726190,1358,799150,3131500,5242850,7435250,16608750,16714700,1302,5054700,1240550,1085800,0,3612,0,5,0
40,1190506064,1359,806550,2570300,4060300,9186300,16623450,16721050,1694,3886600,784650,634750,0,2972,0,5,0
41,3268351150,1360,1416500,1845800,4078150,9278050,16618500,16721550,1663,3913750,783300,634300,0,2972,0,5,0
42,118037070,1361,1300100,2271850,5620600,7419650,16612200,16716550,1344,5457450,1886900,1736750,0,3612,0,5,0
43,1955195062,1362,806750,1830300,4038800,9941150,16617000,16720250,1722,3881050,787450,638550,0,2972,0,5,0
44,1797432467,1363,794600,2678300,4234200,8910300,16617400,16717950,1610,2949150,780950,638300,0,2972,0,5,0
45,1035442557,1364,783450,3039850,5257750,7535000,16616050,16722600,1317,5082250,1237850,1085250,0,3612,0,5,0
46,2267612867,1365,803000,2611050,4204550,9000650,16619250,16719850,1629,4025500,787550,638100,0,2972,0,5,0
47,1217717069,1366,1397100,1833450,4042400,9683950,16956900,17061650,1648,3873050,772850,639400,0,2972,0,5,0
48,1461268009,1367,791450,2270750,5359550,7843500,16265250,16371500,1429,5184700,1606200,1455950,0,3612,0,5,0
49,2370304197,1368,809950,1822450,4035850,9949050,16617300,16722350,1716,3877600,784200,633850,0,2972,0,5,0
50,655561417,1369,798600,2734750,3960700,9126050,16620100,16719150,1690,3786050,1634550,1478950,0,2972,0,5,0
51,524675839,1370,804050,3164500,5515150,7129200,16612900,16720050,1224,5349050,1470250,1321900,0,4252,0,5,0
52,1155835041,1371,806450,2547750,4627050,8635050,16616300,16717150,1547,4452000,1247000,1096700,0,3612,0,5,0
53,214853719,1372,1291150,1818800,4404700,9101850,16616500,16723750,1550,4246950,1053050,916200,0,3292,0,5,0
54,3035389575,1373,795150,2259400,5625650,7938150,16618350,16718650,1441,5439250,1688000,1525400,0,3932,0,5,0
55,1549109231,1374,804100,1823450,3982150,10005400,16615100,16721050,1729,2989100,779200,639000,0,2972,0,5,0
56,66132623,1375,785500,2645950,4000100,9185300,16616850,16716100,1640,3823900,1669500,1512600,0,2972,0,5,0
57,3504604473,1376,804150,3063450,6136550,6604750,16608900,16716100,1267,5227100,1460050,1311950,0,3612,0,5,0
58,1691498415,1377,1436100,1832250,4002050,9654100,16924500,17027700,1675,3832150,777400,633450,0,2972,0,5,0
59,4055346753,1378,827500,1825200,4048750,9611050,16312500,16414300,1652,3886300,773050,634700,0,2972,0,5,0
60,4185240021,1379,791050,2260150,5485950,8084900,16622050,16722700,1466,4456500,1754000,683450,0,3612,0,5,0
61,380494641,1380,797750,2739900,3969650,9107800,16615100,16716100,1403,3808700,1615500,1446350,0,2972,0,5,0
62,648826037,1381,808300,3010000,4214150,8573000,16605450,16717950,1541,4039000,780150,640850,0,2972,0,5,0
63,457329003,1382,806050,3029800,6152900,6625900,16614650,16720700,1257,5975750,2346750,2191450,0,3612,0,5,0
64,3359035981,1383,1335350,1822250,4028900,9429350,16615850,16720550,1620,3866700,776000,636400,0,2972,0,5,0
65,1526400123,1384,829500,1847400,4930800,10116350,17724050,18589900,839,3831350,780600,641400,0,2972,0,5,0
66,1691524227,1385,818850,3173800,6119800,4609050,14721500,14844300,842,5935600,2389150,2229500,0,3612,0,5,0
67,1475349003,1386,813350,2722700,3963250,9121000,16620300,16724700,1687,3795300,1603200,1441500,0,2972,0,5,0
68,485644907,1387,795800,2579300,4196250,9041200,16612550,16713800,1642,4022300,787500,634750,0,2972,0,5,0
69,1050479637,1388,1452450,2289750,6029750,7259550,17031500,17137400,1278,5862650,1929800,1778550,0,3612,0,5,0
70,3204525547,1389,795050,1832250,4042100,9529650,16199050,16303600,1634,3870950,789300,640050,0,2972,0,5,0
71,4185398997,1390,805550,1818750,4052650,9935800,16612750,16719350,1718,3894500,788950,638300,0,2972,0,5,0
72,3094072225,1391,791200,3191900,5294350,7333950,16611400,16715250,1263,5131650,1469400,1311850,0,3612,0,5,0
73,1835371693,1392,804100,2578600,4053850,9181700,16618250,16724750,1700,3870350,1654150,618900,0,2972,0,5,0
74,2168771505,1393,782850,2518900,4198200,9117900,16617850,16719900,1654,4013750,781200,639500,0,2972,0,5,0
75,4059398759,1394,1363550,2271750,5908250,7267750,16811300,16916300,1287,5742050,2002500,1858100,0,4252,0,5,0
76,644479865,1395,800600,1827750,5559650,8221950,16409950,16517900,1519,4615050,1462250,1314150,0,3612,0,5,0
77,1914197423,1396,809250,1831600,5117750,8855050,16613650,16720150,1639,4956450,1827500,1682300,0,3292,0,5,0
78,430804047,1397,783650,3156700,5596150,7082200,16618700,16723450,1232,5419150,1638400,1493250,0,3932,0,5,0
79,3866048775,1398,808800,2692700,4210000,8900250,16611750,16716550,1608,4030100,786550,635850,0,2972,0,5,0
80,7140231,1399,1451200,1836650,4102700,9228950,16619500,16721700,1674,3924200,786850,631950,0,2972,0,5,0
81,1511961547,1400,797650,2253950,5528850,7578050,16158500,16718900,1294,5347200,1664700,1517600,0,3612,0,5,0
82,376629139,1401,812250,2260250,5537700,8001850,16612050,16718000,1456,5373300,1623000,1458800,0,3612,0,5,0
83,1861594235,1402,809650,2747300,4024950,9030500,16612400,16719200,1676,3851450,1641750,1505750,0,2972,0,5,0
84,1702339483,1403,791550,2581850,3973750,9262900,16610050,16717250,1717,3800500,1637350,1478700,0,2972,0,5,0
85,966101579,1404,791950,2552200,4282850,8983200,16610200,16722350,1626,4107000,780550,636450,0,2972,0,5,0
86,2786182811,1405,1364400,1822950,4026650,9563850,16777850,16882350,1650,3853900,779550,632950,0,2972,0,5,0
87,3655782539,1406,815750,1827850,4061800,9737650,16443050,16552200,1678,3881000,778850,638700,0,2972,0,5,0
88,3735461922,1407,799900,1816700,4017850,9985000,16619450,16725250,1691,3846300,788450,635900,0,2972,0,5,0
89,270833838,1408,788150,2723450,4009400,9084300,16605300,16714450,1681,3843350,1648150,1484700,0,2972,0,5,0
90,930095294,1409,796800,2569650,4022100,9227750,16616300,16721400,1703,3850750,773650,630950,0,2972,0,5,0
91,1273808962,1410,1420800,1850800,4068700,9273600,16613900,16718750,1656,3911050,776450,634400,0,2972,0,5,0
92,1953673858,1411,1301650,1811600,4033600,9542100,16688950,16795150,1281,3857700,771150,633100,0,2972,0,5,0
93,4057475070,1412,815850,1831800,4060750,9821200,16529600,16645500,1693,3888950,780000,637700,0,2972,0,5,0
94,3372198854,1413,796050,2950000,3895700,8975250,16617000,16717100,1630,3714050,1521200,1377500,0,2972,0,5,0
95,2335202154,1414,792000,2588350,3970600,9266150,16617100,16721300,1717,3801650,1606750,1446350,0,2972,0,5,0
96,2170853250,1415,1666400,1833150,4051700,8310150,15861400,16717950,1466,3880300,784150,637600,0,2972,0,5,0
97,1829955022,1416,1467950,1846250,4033800,9541400,16889400,16994500,1615,3872350,780150,640750,0,2972,0,5,0
98,1856045454,1417,799100,1811050,4008500,9723650,16342300,16443300,1674,3838500,776050,634200,0,2972,0,5,0
99,2544683154,1418,800050,1813600,5344300,8659550,16617500,16720200,1598,5184850,2018400,1865050,0,3612,0,5,0
100,1531444578,1419,789300,2753500,4168500,8899400,16610700,16715450,1616,3985050,1765400,1606950,0,3612,0,5,0
101,1139277022,1420,792200,2588200,4424050,8806500,16610950,16723200,1612,4253300,1053050,913350,0,3292,0,5,0
102,2614530982,1421,791300,2573250,4389400,8861900,16615850,16717800,1602,4225100,1056250,903900,0,3292,0,5,0
103,464765994,1422,1300350,1816000,4115650,9445250,16677250,16784950,1592,3944900,786700,640800,0,2972,0,5,0
104,1592019490,1423,789000,1825350,4035150,9898850,16548350,16654850,1710,3860450,781300,637450,0,2972,0,5,0
105,66207950,1424,795450,1813400,3991000,10012200,16612050,16717450,1732,3830450,776250,634350,0,2972,0,5,0
106,2639428798,1425,785800,2670600,3968150,9194300,16618850,16719750,1615,3798750,1640200,1487400,0,2972,0,5,0
107,1495915330,1426,804250,2689450,4198350,8919400,16611450,16721600,1614,4015450,782650,636050,0,2972,0,5,0
108,4079891938,1427,1454850,1835700,4023200,9641250,16955000,17060000,1670,3856200,784250,633650,0,2972,0,5,0
109,1204987230,1428,798800,1824000,4065800,9581750,16270350,16375700,1644,3897100,775400,639150,0,2972,0,5,0
110,949029318,1429,790900,1825600,4136950,9865200,16618650,16719750,1699,3972050,786800,634300,0,2972,0,5,0
111,2727127274,1430,802000,2786700,3984100,9042250,16615050,16720550,1674,3811050,1623250,1462250,0,2972,0,5,0
112,2443393666,1431,791600,2573400,4030850,9218200,16614050,16719400,1708,3850300,1683550,623350,0,2972,0,5,0
113,434260526,1432,794650,2540550,4254300,9021700,16611200,16718950,1633,4084350,786550,636400,0,2972,0,5,0
114,2637634158,1433,1347750,1798250,4007200,9483550,16636750,16740500,1633,3833350,783100,638000,0,2972,0,5,0
115,4248248050,1434,796850,1828250,4063200,9903950,16592250,16698300,1715,3893650,773650,636700,0,2972,0,5,0
116,663154818,1435,790650,1810350,3984050,10033850,16618900,16720200,1703,3827600,787700,636350,0,2972,0,5,0
117,1461428606,1436,790250,2703150,3998850,9120300,16612550,16719250,1689,3837850,1663900,1505750,0,2972,0,5,0
118,3252362022,1437,806650,2564650,4095400,9142750,16609450,16715900,1670,3917500,784300,641500,0,2972,0,5,0
119,2423015338,1438,1735350,1849100,4047400,8977950,16609800,16720250,1576,3877000,784400,636400,0,2972,0,5,0
120,507309730,1439,795600,1817400,4032450,9554100,16199550,16722600,1640,3860450,775750,636000,0,2972,0,5,0
121,2882991293,1440,792900,1812400,4045250,9962900,16613450,16719850,1724,3876700,787700,637550,0,2972,0,5,0
122,3682963569,1441,786600,2764250,4021700,9039550,16612100,16715900,1644,3848600,1689600,1545400,0,2972,0,5,0
123,1404881069,1442,797400,3963000,4670900,7180000,16611300,16719300,1232,4486200,1235550,1097150,0,3612,0,5,0
124,624513273,1443,796100,2575600,4711300,8532200,16615200,16718850,1531,4534500,1245850,1094400,0,3612,0,5,0
125,484090933,1444,1364100,1822550,4364900,9200550,16752100,16855300,1540,4201700,1062050,915550,0,3292,0,5,0
126,2330053545,1445,826150,1830700,5198250,9807450,17662550,18526200,1307,4088400,1856300,1709450,0,3292,0,5,0
127,3891445269,1446,829450,3995400,6785550,3041500,14651900,14775900,474,3865900,793300,639700,0,2972,0,5,0
128,1947616753,1447,814000,2683700,3915300,9204850,16617850,16720550,1683,3752400,1603500,1439850,0,2972,0,5,0
129,965975981,1448,799450,2576500,4158300,9077050,16611300,16717950,1654,3975050,788950,640300,0,2972,0,5,0
130,2786931617,1449,1437050,1848500,4052150,9281250,16618950,16723250,1688,3885650,789450,633850,0,2972,0,5,0
131,4011087213,1450,802250,1818150,4085650,9449800,16155850,16717600,1507,3916200,774850,635950,0,2972,0,5,0
132,3703868376,1451,794800,1817850,4034700,9962100,16609450,16716900,1723,3866100,781650,638600,0,2972,0,5,0
133,212089708,1452,791400,2685150,3960250,9179000,16615800,16720650,1715,2980850,779500,637200,0,2972,0,5,0
134,737348112,1453,783600,2592300,3971550,9265000,16612450,16716050,1717,3800950,1645450,1480100,0,2972,0,5,0
135,1465149204,1454,800050,2660400,4157700,9001350,16619500,16725750,1631,3978900,787450,637300,0,2972,0,5,0
136,3549792448,1455,1392800,1814100,4001300,9602000,16810200,16912300,1659,3836500,784350,636650,0,2972,0,5,0
137,3053421220,1456,796750,1816550,4059350,9744700,16417350,16523450,1686,3890200,774350,640950,0,2972,0,5,0
138,904563048,1457,786000,1805500,4145650,9878450,16615600,16717650,1704,3978000,782950,638250,0,2972,0,5,0
139,1363341148,1458,800600,2716550,3969750,9128450,16615350,16719200,1693,3812750,1603050,1437100,0,2972,0,5,0
140,3357813192,1459,795000,2562950,4057500,9200800,16616250,16718500,1699,3881500,789850,636650,0,2972,0,5,0
141,1376589724,1460,1400700,1866400,4231400,9114350,16612850,16717600,1649,4063000,780300,637100,0,2972,0,5,0
142,2806738240,1461,1297950,1806750,4050300,9463950,16618950,16720750,1627,3867650,775700,637700,0,2972,0,5,0
143,1863420068,1462,804750,1825750,4054950,9938650,16624100,16725350,1661,3896700,780400,641200,0,2972,0,5,0
144,2368389248,1463,805800,1830050,3981100,9996300,16613250,16716600,1694,2971950,781450,637750,0,2972,0,5,0
145,3624800580,1464,788550,2618450,3961600,9240000,16608600,16719350,1712,3793550,1606300,1445050,0,2972,0,5,0
146,2708332264,1465,789150,2571050,4197750,9060550,16618500,16716550,1646,4018200,784350,631500,0,2972,0,5,0
147,3643166428,1466,1441950,1830200,4306650,9321100,16899900,17006200,1565,4140400,923200,778650,0,3612,0,5,0
148,1604903896,1467,795200,1822750,4246300,9461450,16325700,16432400,1618,4077750,914100,772550,0,3612,0,5,0
149,499105388,1468,803950,1813350,4160600,9841200,16619100,16722700,1696,3998400,834500,693550,0,3292,0,5,0
150,3393190256,1469,792100,2751700,4017850,9055500,16617150,16718000,1646,3850150,1666350,1509900,0,3292,0,5,0
151,1752164884,1470,800950,2600000,4105100,9107600,16613650,16722450,1678,3931350,779550,637100,0,2972,0,5,0
152,112950176,1471,791650,2565250,4160250,9100000,16617150,16716550,1651,3986700,787500,635300,0,2972,0,5,0
153,218377828,1472,1317450,1816150,4112050,9573450,16819100,16925300,1283,3938350,782350,644250,0,2972,0,5,0
154,1614877672,1473,811900,1824500,4056100,9707700,16400200,16514500,1671,3886100,782900,637150,0,2972,0,5,0
155,624660060,1474,802400,1813100,3994900,10003850,16614250,16714300,1733,3830800,789350,638100,0,2972,0,5,0
156,1646146728,1475,798900,2672550,4247900,8900950,16620300,16721100,1597,4073800,1917950,1745950,0,2972,0,5,0
157,2550301372,1476,799500,2582150,4224600,9009200,16615450,16718650,1633,4041650,786050,636750,0,2972,0,5,0
158,172327680,1477,1457600,1821500,4064550,9642550,16986200,17088750,1675,3885450,784800,635400,0,2972,0,5,0
159,28774455,1478,807900,7567200,9016800,15574950,32966850,33072800,2848,8833100,2213300,2044600,0,6632,0,5,0
160,1278562831,1479,794150,7590650,9039250,15914750,33338800,33440350,2876,8860000,1345150,1192150,0,6672,0,5,0
161,1878041307,1480,806000,2677800,4151950,8977350,16613100,16718750,1623,3971350,790050,639950,0,3012,0,5,0
162,2842495315,1481,1347650,1787300,4028750,9500100,16663800,16768500,1640,3854000,781050,635500,0,2972,0,5,0
163,942955647,1482,797200,1809600,4060400,9893350,16560550,16666750,1710,3889200,778000,638150,0,2972,0,5,0
164,3104849743,1483,788750,1787800,4133500,9904600,16614650,16717000,1712,3971250,790750,639300,0,2972,0,5,0
165,2914266731,1484,793500,2688600,4004350,9131350,16617800,16723500,1695,3831750,1649650,558350,0,2972,0,5,0
166,4064468955,1485,786350,2542000,4046600,9235000,16609950,16713400,1642,3865900,785350,633400,0,2972,0,5,0
167,3195515191,1486,1501400,1838550,4206250,9069050,16615250,16724000,1635,4043300,782100,638500,0,2972,0,5,0
168,978211615,1487,804650,1790050,4226900,9351200,16172800,16717800,1595,4053600,922400,772800,0,3612,0,5,0
169,2835071531,1488,800900,1800150,4301500,9711650,16614200,16719500,1668,4137750,930250,780100,0,3612,0,5,0
170,2067386771,1489,784950,2658400,4307450,8862350,16613150,16717750,1636,4128300,1898250,1736600,0,3612,0,5,0
171,1313815599,1490,808400,2559000,4189750,9051000,16608150,16720550,1677,4003200,1730450,1562700,0,3292,0,5,0
172,2403178911,1491,789700,2580950,4260250,8985950,16616850,16721350,1627,4079000,841250,688050,0,3292,0,5,0
173,2922328731,1492,1362100,1816350,4061750,9512800,16753000,16858850,1607,3887500,775350,638350,0,2972,0,5,0
174,984914827,1493,790900,1794400,4023400,9864800,16473500,16577000,1705,3854450,784200,636750,0,2972,0,5,0
175,3908989879,1494,796750,1804550,4038500,9978650,16618450,16720500,1725,3882000,786850,636050,0,2972,0,5,0
176,3999582383,1495,790350,2688600,3968900,9173250,16621100,16720650,1668,3792200,1644050,564900,0,2972,0,5,0
177,407226939,1496,790650,2560300,4074550,9185850,16611350,16717500,1693,3901200,784650,634300,0,2972,0,5,0
178,1756548563,1497,1462700,1856000,4092150,9206350,16617200,16721300,1671,3926550,787650,634350,0,2972,0,5,0
179,270721439,1498,1260250,1797850,4349400,9206300,16613800,16719800,1525,4182400,769900,636400,0,2972,0,5,0
CSV_END

NV_DONE_ac0787f2c3b2=0
# 
CAPTURE: {"label": "fifo512-r0-s1800-retained", "elapsed_seconds": 21.32829928799947, "bytes_received": 21462, "command": "/tmp/fifo-bench --frames 180 --warmup 30 --wait spin --state-frame 1800 --retained --csv /tmp/fifo-case.csv --dump /tmp/fifo-check.rgb565; fifo_rc=$?; if [ \"$fifo_rc\" = 0 ]; then sha256sum /tmp/fifo-check.rgb565 /tmp/fifo-check.rgb565.expected; printf \"\\nCSV_BEGIN\\n\"; cat /tmp/fifo-case.csv; printf \"CSV_END\\n\"; fi; test \"$fifo_rc\" = 0", "command_exit": 0, "login_sent": false, "log": "/path/to/research/experiments/fifo-study-20261008/20261008T082416Z-fifo512-r0-s1800-retained.raw"}
