/tmp/fifo-bench --frames 180 --warmup 30 --wait spin --state-frame 0 --grouped --csv /tmp/fifo-case.csv; fifo_rc=$?; if [ "$fifo_rc" = 0 ]; then  printf "\nCSV_BEGIN\n"; cat /tmp/fifo-case.csv; printf "CSV_END\n"; fi; test "$fifo_rc" = 0; nv_status=$?; printf "\nNV_DONE_661eeb17407a=%s\n" "$nv_status"
BEGIN_BREAKOUT frames=180 warmup=30 fixed=0 blocks=40 tiles=1 hud=1 wait=spin replay=0 state_frame=0 profile=detailed pixel_centers=1 clock_call_ns=5385
HW_COUNTERS id=46490200 words=1392820 wait_cycles=1294786 longest_wait_cycles=2945 total_cycles=240753163 cpu_hz=20000000
RESULT frames=180 elapsed_s=12.037528300 fps=14.953236 logic_ms=1.041768 api_ms=15.167830 swap_ms=38.191098 wait_ms=12.340717 worker_inclusive_ms=37.955695 upload_inclusive_ms=7.685340 write_ms=7.415167 bytes_per_frame=30951.56 p50_ms=66.877000 p95_ms=67.131600 max_ms=67.799900 late_60hz=180 first_count=2175 last_count=2354 state_hash=8f34e8fd remaining=38 score=20
RENDER_PATH retained=0 grouped=1 quads=13131 full_frames=180
BREAKOUT_PASS

CSV_BEGIN
frame,state_hash,display_count,logic_ns,api_ns,swap_ns,wait_ns,total_ns,completion_interval_ns,polls,worker_inclusive_ns,upload_inclusive_ns,write_ns,read_ns,write_bytes,read_bytes,write_calls,read_calls
0,3724779174,2175,758450,17847950,37412150,10490700,66509250,66519950,1853,37229450,7738050,7516850,0,31172,0,5,0
1,1709657109,2176,918250,15530500,37711350,12611900,66772000,66874550,2230,37526050,7811300,7573700,0,31172,0,5,0
2,1894904752,2177,886350,14444800,37748400,13698850,66778400,66880550,2554,37566600,7313950,7106550,0,31172,0,5,0
3,3703759967,2178,1494550,14516700,38041700,12716150,66769100,66875550,2327,37857600,7635200,7423550,0,31172,0,5,0
4,19533624,2179,872300,15059800,38534050,12304100,66770250,66877350,2275,38355400,7810000,7610450,0,31172,0,5,0
5,816884773,2180,850950,15185650,37574350,13165900,66776850,66879500,2433,37398400,7764000,7540600,0,31172,0,5,0
6,1339236364,2181,871250,14416900,37762500,13283150,66333800,66875600,2470,37584350,7316600,7115300,0,31172,0,5,0
7,3072959373,2182,851250,15099900,40171950,10647600,66770700,66876800,1879,39995950,8940850,8694950,0,31172,0,5,0
8,1782884746,2183,865500,22797450,37567650,5546250,66776850,66877900,942,37387600,7800600,7566200,0,31172,0,5,0
9,30296781,2184,860350,15115400,37321700,13475100,66772550,66874750,2499,37126750,7491550,7277850,0,31492,0,5,0
10,4026418858,2185,1460900,14530350,38180900,12602400,66774550,66878550,2304,37997900,7430000,7228650,0,31492,0,5,0
11,2084929051,2186,852600,15071200,37557900,13291100,66772800,66878200,2367,37372700,7889000,7650850,0,31492,0,5,0
12,3114489770,2187,867900,15200200,37512200,13506000,67086300,67189000,2423,37340400,7743250,7522550,0,31172,0,5,0
13,891400471,2188,854200,14424700,38538700,12643650,66461250,66563000,2329,38359400,7667350,7454800,0,31172,0,5,0
14,3472773456,2189,873450,15125650,37981000,12790850,66770950,66876300,2345,37807250,7691650,7484250,0,31172,0,5,0
15,3010688243,2190,850300,15136000,39768750,11018450,66773500,66880050,1999,39579050,7362750,7139450,0,31172,0,5,0
16,2819524756,2191,883200,15148350,37805350,12930700,66767600,66872450,2386,37628450,8174600,7949250,0,31172,0,5,0
17,3241678401,2192,1433750,14540950,37769500,13035400,66779600,66881600,2393,37584150,7388750,7184500,0,31172,0,5,0
18,2154316504,2193,1782700,14412950,37941650,11915200,66052500,66877000,2189,37767250,7592200,7383100,0,31172,0,5,0
19,772262681,2194,860000,15177100,37563500,13345300,66945900,67054000,2297,37387000,7734750,7505200,0,31172,0,5,0
20,3882818750,2195,872100,14409800,37719050,13596350,66597300,66700100,2536,37541600,7301850,7099600,0,31172,0,5,0
21,521131153,2196,1500600,14482700,38019550,12767550,66770400,66873900,2335,37843600,7699100,7487900,0,31172,0,5,0
22,1838187414,2197,877050,15090100,37548850,14180450,67696450,67799900,2213,37372800,7753150,7531850,0,31172,0,5,0
23,840574439,2198,884550,15252200,45141850,4573950,65852550,65957150,824,44955250,7734650,7503450,0,31172,0,5,0
24,2879461878,2199,1386000,14565850,37722400,13100800,66775050,66877450,2402,37540050,7332700,7128100,0,31172,0,5,0
25,202086035,2200,855800,15103200,37987950,12819150,66766100,66875200,2383,37820500,7133000,6934600,0,31172,0,5,0
26,959703924,2201,869450,15523800,37641250,12779400,66813900,66916400,2265,37464700,7782350,7553800,0,31172,0,5,0
27,3795724423,2202,852650,14430000,37781850,13674900,66739400,66841850,2550,37601800,7310600,7092750,0,31172,0,5,0
28,2500539904,2203,1536750,14557750,37865000,12809900,66769400,66872800,2343,37689700,7685600,7480800,0,31172,0,5,0
29,2269000541,2204,856150,15442100,37363450,13112200,66773900,66879650,2331,37179300,7017200,6809100,0,31172,0,5,0
30,1900681108,2205,879100,15229700,39969050,10699150,66777000,66878900,2020,39786900,7789350,7578100,0,31172,0,5,0
31,3680168245,2206,1341800,14544750,37608850,13275250,66770650,66874400,2441,37425900,7318050,7107800,0,31172,0,5,0
32,2344329490,2207,888400,15017750,38545500,12318100,66769750,66874850,2271,38359600,7864450,7665750,0,31172,0,5,0
33,2130650181,2208,851150,15136450,37854500,12933300,66775400,66879550,2295,37674500,7837650,7602150,0,31492,0,5,0
34,906966818,2209,874300,14390100,37832550,13678750,66775700,66877700,2546,37655100,7351350,7134300,0,31492,0,5,0
35,3939376531,2210,1468350,14528450,38221900,12553750,66772450,66876000,2290,38036750,7451050,7245500,0,31492,0,5,0
36,2110688546,2211,869400,15046450,37529350,13326500,66771700,66875450,2375,37351200,7773000,7546800,0,31172,0,5,0
37,2695523007,2212,850350,15154600,37619450,13544250,67168650,67270600,2425,37444750,7770350,7547550,0,31172,0,5,0
38,744447992,2213,876300,14524800,47021650,3962850,66385600,66487300,623,46145350,14027350,13729150,0,31172,0,5,0
39,3728640411,2214,874100,15028500,38357100,12509100,66768800,66876050,2308,38177800,7924800,7709150,0,31172,0,5,0
40,618879740,2215,874100,15173950,37692800,13031500,66772350,66877700,2314,37508550,7834300,7610600,0,31172,0,5,0
41,1239708057,2216,851100,14387350,38726400,12808350,66773200,66877000,2357,37878800,7838450,7621350,0,31172,0,5,0
42,2429742208,2217,1459800,14565750,37792050,12955000,66772600,66877100,2371,37612000,7370350,7171350,0,31172,0,5,0
43,412095716,2218,856600,15057300,37480450,13379550,66773900,66877500,2384,37302150,7034000,6835750,0,31172,0,5,0
44,1226741467,2219,875650,15212550,38052450,12871500,67012150,67115700,2288,37878100,8258750,8036600,0,31172,0,5,0
45,3288446148,2220,849500,14567700,37694550,13424550,66536300,66641200,2205,36819100,7323200,7112350,0,31172,0,5,0
46,1157984843,2221,1999250,14456800,37890350,12415500,66761900,66870850,2292,37706600,7524300,7321750,0,31172,0,5,0
47,3877288378,2222,860800,15165150,37765050,12987700,66778700,66883900,2215,37584200,7822350,7585450,0,31172,0,5,0
48,4236526315,2223,919200,15399150,37831300,11901600,66051250,66871000,2164,37650850,7893300,7656700,0,31172,0,5,0
49,533834014,2224,1380400,14548900,37749700,13092850,66771850,66878350,2399,37570650,7350500,7135550,0,31172,0,5,0
50,1649361089,2225,877900,15040500,40110600,10745050,66774050,66879900,1847,39927800,7855250,7648300,0,31172,0,5,0
51,2486981906,2226,850550,15199000,37652750,13182000,66884300,66986900,2351,37475150,7799650,7566600,0,31172,0,5,0
52,1706075277,2227,873300,14513950,37625700,13648950,66661900,66764250,2520,37444600,7336900,7122500,0,31172,0,5,0
53,267972368,2228,1536250,14352850,39974500,10906100,66769700,66876950,1963,39793700,7973000,7758850,0,31172,0,5,0
54,3895401273,2229,871850,22563350,37659650,5677750,66772600,66875750,965,37480450,7822800,7579500,0,31172,0,5,0
55,605985656,2230,854300,15283500,37694700,12942400,66774900,66878550,2386,37520300,7788300,7560800,0,31172,0,5,0
56,4077673024,2231,1420950,14573000,37553850,13223600,66771400,66875100,2425,37369950,7254950,7044200,0,30852,0,5,0
57,985632231,2232,887900,15398050,38215600,12274400,66775950,66881800,2262,38029450,7742250,7519050,0,30852,0,5,0
58,3720590956,2233,908200,15170750,37617600,13078350,66774900,66878700,2332,37438000,7769800,7541500,0,30852,0,5,0
59,3264032585,2234,887900,14529550,37599150,13757100,66773700,66875550,2541,36728100,7261300,7030550,0,30852,0,5,0
60,395405688,2235,1555950,14363550,38162750,12687700,66769950,66877100,2348,37975550,7431900,7228800,0,30852,0,5,0
61,32142420,2236,883800,15080650,39565400,11241700,66771550,66875500,2040,39376200,7327200,6523000,0,30852,0,5,0
62,1187067055,2237,907700,15202100,37479750,13187300,66776850,66879100,2437,37304350,7739050,7521600,0,30852,0,5,0
63,459140908,2238,897050,14580000,38538900,12306800,66322750,66877400,2227,37684000,7778200,7564150,0,30852,0,5,0
64,3369786495,2239,906350,14962300,38228800,12675750,66773200,66877350,2398,38048050,7725100,7515400,0,30852,0,5,0
65,1572434254,2240,886250,15136900,37678750,13069700,66771600,66875350,2373,37497450,7776100,7540450,0,30852,0,5,0
66,4107798823,2241,903900,15210350,37790800,12868800,66773850,66875850,2399,37614700,7786350,7575150,0,30852,0,5,0
67,343968250,2242,1484000,14404400,37917000,12969250,66774650,66880200,2460,37729800,7575100,7353350,0,30852,0,5,0
68,3102454017,2243,906500,15037050,37385350,13442100,66771000,66875350,2115,37209500,7713150,6735050,0,30852,0,5,0
69,3051095563,2244,915550,15221850,45559600,5394300,67091300,67197450,913,45377550,7737700,7515800,0,30852,0,5,0
70,2391331016,2245,904550,15285600,36879400,13381800,66451350,66554850,2463,36692700,7260950,7053200,0,30852,0,5,0
71,3869016117,2246,889300,14960500,38225050,12702200,66777050,66881950,2350,38042000,7718950,7506100,0,30852,0,5,0
72,1579800804,2247,899750,15180850,38562050,12125700,66768350,66872050,2247,37791100,8181650,7948300,0,30852,0,5,0
73,2792341157,2248,883350,15201100,37045700,13650100,66780250,66880500,2512,36867050,7395600,7176600,0,30852,0,5,0
74,714702942,2249,1471400,14403000,37873200,13023000,66770600,66877000,2417,37691150,7582400,7382600,0,30852,0,5,0
75,1092538936,2250,887750,15063050,37345000,13477800,66773600,66878850,2318,37165850,6976200,6781100,0,30852,0,5,0
76,1561271239,2251,905000,15227050,39771400,11049750,66953200,67054550,2008,39588300,7531000,7325800,0,31172,0,5,0
77,3798074098,2252,897700,15261000,37118000,13315650,66592350,66696900,2441,36920800,7358100,6566450,0,31172,0,5,0
78,3022639071,2253,1712350,15103350,37371350,11874000,66061050,66880600,2081,37195750,7526700,7312300,0,31172,0,5,0
79,2282770062,2254,896000,15185100,37499100,13187950,66768150,66873950,2348,37314200,7698600,7462700,0,30852,0,5,0
80,1626512457,2255,902800,15293150,37189250,13383550,66768750,66875800,2455,37010650,7590750,7381100,0,30852,0,5,0
81,3156888026,2256,1412500,14399400,37756850,13200300,66769050,66875700,2452,37571400,7440700,7222300,0,30852,0,5,0
82,3038824309,2257,908750,15373150,38107000,12383700,66772600,66878350,2287,37929750,7698700,7490550,0,30852,0,5,0
83,1261846460,2258,888550,15203700,37623550,13101100,66816900,66922050,2334,37446200,7730600,7497400,0,30852,0,5,0
84,2035201521,2259,914950,14548050,47379750,3887050,66729800,66833800,633,45168100,15268750,13770250,0,30852,0,5,0
85,2164446652,2260,1584850,14777700,37850250,12554900,66767700,66877900,2318,37668950,7306600,7083500,0,30852,0,5,0
86,2017191835,2261,902600,15113450,37317300,13434900,66768250,66874800,2401,37143550,7655500,7429200,0,30852,0,5,0
87,3029138484,2262,888200,15379700,37287650,13219900,66775450,66879250,2419,37108850,7647200,7431600,0,30852,0,5,0
88,50355403,2263,1410850,14363850,38052400,12942450,66769550,66874600,2391,37872500,7400650,5665650,0,30852,0,5,0
89,654213990,2264,887800,14993750,38161400,12732250,66775200,66879000,2358,37983100,7654000,7441050,0,30852,0,5,0
90,2360099787,2265,901700,15180500,37494650,13194650,66771500,66875250,2353,37316400,7706950,7481000,0,30852,0,5,0
91,2424818746,2266,888450,15212650,37582700,13094000,66777800,66881650,2085,37398700,7583100,7374900,0,30852,0,5,0
92,1971386461,2267,1680100,14435950,37773350,12877300,66766700,66874450,2386,37586600,7341500,7142700,0,30852,0,5,0
93,3386045126,2268,890500,15113300,37309500,13458500,66771800,66877000,2404,37131000,7660950,7425250,0,30852,0,5,0
94,1429641961,2269,909400,15324050,37543050,13408200,67184700,67288250,2373,37364550,7667950,7459900,0,30852,0,5,0
95,3022846880,2270,891250,14420450,37605700,13444700,66362100,66465600,2504,37423550,7355200,7140400,0,30852,0,5,0
96,1601897261,2271,906450,14942250,37988100,12935550,66772350,66877800,2403,37810250,7620550,7412250,0,30852,0,5,0
97,1229951528,2272,887550,15109150,37874150,12905400,66776250,66879650,2294,37687550,7676850,6732850,0,30852,0,5,0
98,4065171759,2273,905800,15175600,36774350,13917450,66773200,66876850,2571,36592100,7271150,7051600,0,30852,0,5,0
99,1034325744,2274,1482300,14873500,39686850,10726400,66769050,66875650,1926,38829900,7711250,7482800,0,30852,0,5,0
100,14078671,2275,905250,22698950,38949000,4216600,66769800,66876650,768,38766800,7814550,7603550,0,31172,0,5,0
101,4024270554,2276,900500,15403550,37706800,13023100,67033950,67140900,2287,37524300,7789450,7556500,0,31172,0,5,0
102,896191351,2277,908250,14438150,37817800,13347250,66511450,66614500,2482,37636700,7425250,7214800,0,31172,0,5,0
103,2131384102,2278,1543600,14361100,38585200,12278450,66768350,66876850,2241,38401200,8008950,7794800,0,30852,0,5,0
104,2586210593,2279,908250,15192850,37492050,13177800,66770950,66877950,2342,37318150,7763200,7544400,0,30852,0,5,0
105,591918370,2280,891200,15335850,37279100,13262450,66768600,66874950,2424,37097950,7649700,7436700,0,30852,0,5,0
106,8814317,2281,1457100,14365250,37863150,13088900,66774400,66880400,2348,37682950,7476200,7277200,0,30852,0,5,0
107,2340504196,2282,889550,16420350,37818050,11639150,66767100,66872950,2125,36833650,7324400,7119650,0,30852,0,5,0
108,3523076009,2283,905550,15393500,37367900,13230700,66897650,67005550,2332,37183800,7728050,6923500,0,30852,0,5,0
109,1961669028,2284,928400,15372750,37471050,12167700,65939900,66750400,2228,37293400,7856200,7632150,0,30852,0,5,0
110,1037581603,2285,1903500,16747200,37538600,10577950,66767250,66873650,1893,37354350,7787100,7545500,0,30852,0,5,0
111,2701024588,2286,883200,15125500,37441500,13324900,66775100,66880500,2378,37261250,7721000,7488600,0,30852,0,5,0
112,215037203,2287,906400,15303600,37162500,13400550,66773050,66876550,2454,36984100,7634600,7425700,0,30852,0,5,0
113,3696282862,2288,1385900,15393150,37007200,12988950,66775200,66878650,2409,36819900,7289250,6252200,0,30852,0,5,0
114,2829142928,2289,906800,15001550,37227300,13633100,66768750,66875950,2115,37050300,6984750,6795650,0,30852,0,5,0
115,3204762949,2290,906850,15373350,45140600,5349500,66770300,66876500,873,44957400,7726500,7494400,0,30852,0,5,0
116,3297489190,2291,913650,14484950,38023600,13351450,66773650,66879000,2476,36842200,7513150,7304350,0,30852,0,5,0
117,1691704917,2292,1556050,14408550,38090550,12716650,66771800,66875650,2350,37904850,7685550,7472950,0,30852,0,5,0
118,663957814,2293,904650,15121250,37280250,13462850,66769000,66874150,2406,37102900,7710150,7488200,0,30852,0,5,0
119,3058583827,2294,884450,15334150,37756050,12801450,66776100,66879550,2326,37573400,7716600,7503900,0,30852,0,5,0
120,838545270,2295,908550,14413450,37777500,13225850,66325350,66879050,2459,37599200,7377950,7176050,0,30852,0,5,0
121,3608912039,2296,886700,14961050,38100600,12821550,66769900,66874850,2380,37922150,7686800,7476450,0,30852,0,5,0
122,4080159716,2297,898250,15303050,39732450,10842650,66776400,66880100,1933,39543600,7314850,6308950,0,30852,0,5,0
123,1056027075,2298,882050,15133500,36959200,13792200,66766950,66872400,2575,36769350,7335500,7119900,0,30852,0,5,0
124,4057021248,2299,1502050,14360550,38077450,12837450,66777500,66882850,2377,37897200,7697400,7497700,0,31172,0,5,0
125,2686741161,2300,885400,15030700,38669250,12184300,66769650,66874450,2246,38485400,7733500,7536400,0,31172,0,5,0
126,3870849660,2301,902000,15336050,37292500,13558500,67089050,67192400,2402,37113300,7689250,7478600,0,31172,0,5,0
127,293449641,2302,883650,14400500,37731850,13441100,66457100,66560800,2500,37541800,7244300,7031250,0,30852,0,5,0
128,596064266,2303,911700,14917500,38443100,12500300,66772600,66877450,2308,38255850,7708400,7507200,0,30852,0,5,0
129,3715495249,2304,886700,15316100,37411700,13159350,66773850,66879500,2312,37233250,7726650,7497100,0,30852,0,5,0
130,244680018,2305,908500,16883350,44862750,4115350,66769950,66875050,726,44681000,8227850,7985450,0,30852,0,5,0
131,4080661783,2306,1466150,14410550,38105050,12794700,66776450,66880500,2350,37929500,7615400,7402350,0,30852,0,5,0
132,4006730450,2307,906300,15062450,37211550,13588700,66769000,66872450,2433,37033950,6915400,6714850,0,30852,0,5,0
133,3864584507,2308,883400,15349350,37327500,13390200,66950450,67053600,2370,37148300,7635650,7413600,0,30852,0,5,0
134,2711027320,2309,911000,14421000,37660500,13608100,66600600,66704000,2447,37477950,7244650,7035400,0,30852,0,5,0
135,4099079087,2310,1543200,14352600,38066100,12807200,66769100,66873950,2372,37883500,7631850,7420000,0,30852,0,5,0
136,565333772,2311,907900,15315850,37180700,13366850,66771300,66877850,2357,37003250,7682400,7455200,0,30852,0,5,0
137,1028518269,2312,892950,15181600,37511300,13189950,66775800,66881750,2091,37335500,7841050,7630450,0,30852,0,5,0
138,2252688136,2313,1749700,15106100,37000250,12910750,66766800,66874800,2388,36805200,7280750,7080550,0,30852,0,5,0
139,578597309,2314,1765950,14461250,37805900,12026100,66059200,66877750,2209,37623300,7335800,7115950,0,30852,0,5,0
140,3624439358,2315,930500,15325400,37388950,13163400,66808250,66916300,2319,37208350,7724450,7500650,0,30852,0,5,0
141,3514067501,2316,887850,15490700,37467700,12883650,66729900,66834950,2377,37293800,7615200,7397600,0,30852,0,5,0
142,2741972910,2317,1604400,14366000,37995950,12808900,66775250,66878800,2372,37814500,7629500,7418800,0,30852,0,5,0
143,28497579,2318,899500,15256600,37237550,13376000,66769650,66874600,2359,37055000,7662400,7421650,0,30852,0,5,0
144,466729326,2319,905100,15503750,37342950,13024250,66776050,66879900,2405,37169900,7794900,7583950,0,30852,0,5,0
145,3425349295,2320,1370550,14392400,39847250,11165600,66775800,66879700,1911,39663050,7739050,7510900,0,30852,0,5,0
146,1537640620,2321,909100,22422850,37430200,6000600,66762750,66873650,1030,37241050,7754400,7521950,0,30852,0,5,0
147,1853842891,2322,892550,15390150,37836150,12657550,66776400,66880300,2212,37651100,6961900,6772950,0,30852,0,5,0
148,1177024904,2323,905350,14397600,37742300,13726600,66771850,66876050,2557,36870800,7295550,7073300,0,31172,0,5,0
149,4106734849,2324,1508600,14374050,37974250,12913800,66770700,66874800,2392,37787750,7459650,7245550,0,31172,0,5,0
150,2025356500,2325,904150,15225300,38505650,12140700,66775800,66879700,2208,38325100,7738850,7542250,0,31172,0,5,0
151,2189605121,2326,890300,15184800,37541650,13541100,67157850,67261750,2432,37365000,7851400,7630650,0,30852,0,5,0
152,4086136290,2327,907300,14376550,37794650,13309400,66387900,66491400,2472,37607900,7260500,7058400,0,30852,0,5,0
153,4036669705,2328,883650,17361750,37797300,10733250,66775950,66879450,1930,37616250,7686550,7457250,0,30852,0,5,0
154,4167980074,2329,913350,15332150,37476050,13047100,66768650,66870750,2291,37300950,7771250,7550400,0,30852,0,5,0
155,51187407,2330,891950,15034750,37134850,13718500,66780050,66882200,2552,36944050,7300150,6506000,0,30852,0,5,0
156,2242638442,2331,1489950,14372350,38108150,12804200,66774650,66876600,2368,37922600,7344400,7141600,0,30852,0,5,0
157,2730108163,2332,893650,15168100,37270850,13439050,66771650,66875700,2370,37093400,6977200,6775700,0,30852,0,5,0
158,2718743917,2333,906250,15184400,37397500,13540850,67029000,67131600,2430,37221950,7845100,7631600,0,30852,0,5,0
159,3391709842,2334,886150,14392250,38086850,13154250,66519500,66621150,2423,37900200,7561300,7344150,0,30852,0,5,0
160,1164604273,2335,1574550,14313350,39369450,11517100,66774450,66876400,2053,39189650,8974750,8764600,0,30852,0,5,0
161,2148591176,2336,907700,15306850,45147100,5415400,66777050,66881450,917,44960950,7963500,7724550,0,30852,0,5,0
162,4192737573,2337,917600,15167250,37304000,13385000,66773850,66876450,2393,37119700,7626900,7420600,0,30852,0,5,0
163,535584840,2338,1418000,14427350,37838450,13088850,66772650,66875750,2427,37656300,7375350,7167900,0,30852,0,5,0
164,3430794475,2339,925300,15206450,37135850,13505250,66772850,66876600,2380,36959750,6983200,6790400,0,30852,0,5,0
165,776323552,2340,888300,15218700,37599100,13494750,67200850,67304000,2353,37420750,7874200,7037200,0,30852,0,5,0
166,3330991427,2341,917800,15056400,37117100,13258050,66349350,66452300,2454,36938000,7411850,7206250,0,30852,0,5,0
167,3282074430,2342,1576150,14339300,38102400,12755000,66772850,66877800,2349,37920250,7694100,7478200,0,30852,0,5,0
168,2597814595,2343,907900,15236300,40210600,10416150,66770950,66876650,1868,40029000,7791450,7593800,0,30852,0,5,0
169,2225601370,2344,897350,15584550,37542700,12751900,66776500,66883100,2044,37362550,7746300,7512100,0,30852,0,5,0
170,3716853465,2345,1873000,15149150,37411000,12331050,66764200,66870800,2262,37221700,7670100,7459700,0,30852,0,5,0
171,1080675697,2346,905150,15020650,36767800,14077700,66771300,66876000,2502,36590600,7566050,7325750,0,30212,0,5,0
172,219920238,2347,902600,15338350,36899700,13632650,66773300,66877100,2450,36725350,7691850,7478700,0,30212,0,5,0
173,3070385651,2348,887050,14238150,37673650,13974500,66773350,66875750,2611,37492750,7549850,7324700,0,30212,0,5,0
174,2609556270,2349,1560000,14204450,37448700,13562350,66775500,66879400,2538,36677350,6925100,6725500,0,30212,0,5,0
175,141401383,2350,877300,15060900,37241000,13597100,66776300,66878500,2403,37057800,7607200,7376050,0,30212,0,5,0
176,3034105280,2351,907600,16705100,45097100,4062650,66772450,66875550,712,44925550,7809500,6765400,0,30212,0,5,0
177,3029196371,2352,889250,14291600,37692200,13445300,66318350,66875400,2503,37509300,7524800,7314150,0,30212,0,5,0
178,699378668,2353,905550,15043300,37837650,12984050,66770550,66876800,2383,37666150,7556050,7360150,0,30212,0,5,0
179,2402609405,2354,881100,15053500,37089250,13753050,66776900,66879500,2473,36909800,7698750,7480700,0,30212,0,5,0
CSV_END

NV_DONE_661eeb17407a=0
# 
CAPTURE: {"label": "fifo512-r1-s0-grouped", "elapsed_seconds": 20.935255606000283, "bytes_received": 22202, "command": "/tmp/fifo-bench --frames 180 --warmup 30 --wait spin --state-frame 0 --grouped --csv /tmp/fifo-case.csv; fifo_rc=$?; if [ \"$fifo_rc\" = 0 ]; then  printf \"\\nCSV_BEGIN\\n\"; cat /tmp/fifo-case.csv; printf \"CSV_END\\n\"; fi; test \"$fifo_rc\" = 0", "command_exit": 0, "login_sent": false, "log": "/path/to/research/experiments/fifo-study-20261008/20261008T082555Z-fifo512-r1-s0-grouped.raw"}
