/tmp/fifo-bench --frames 180 --warmup 30 --wait spin --state-frame 0 --retained --csv /tmp/fifo-case.csv; fifo_rc=$?; if [ "$fifo_rc" = 0 ]; then  printf "\nCSV_BEGIN\n"; cat /tmp/fifo-case.csv; printf "CSV_END\n"; fi; test "$fifo_rc" = 0; nv_status=$?; printf "\nNV_DONE_7e7869061063=%s\n" "$nv_status"
BEGIN_BREAKOUT frames=180 warmup=30 fixed=0 blocks=40 tiles=1 hud=1 wait=spin replay=0 state_frame=0 profile=detailed pixel_centers=1 clock_call_ns=5465
HW_COUNTERS id=46490200 words=161040 wait_cycles=1099134 longest_wait_cycles=4557 total_cycles=62190587 cpu_hz=20000000
RESULT frames=180 elapsed_s=3.109419550 fps=57.888618 logic_ms=1.013993 api_ms=3.015918 swap_ms=5.168844 wait_ms=7.937127 worker_inclusive_ms=4.949548 upload_inclusive_ms=1.499697 write_ms=1.333272 bytes_per_frame=3578.67 p50_ms=16.719200 p95_ms=17.060750 max_ms=33.451250 late_60hz=163 first_count=2389 last_count=2568 state_hash=8f34e8fd remaining=38 score=20
RENDER_PATH retained=1 grouped=0 quads=645 full_frames=0
BREAKOUT_PASS

CSV_BEGIN
frame,state_hash,display_count,logic_ns,api_ns,swap_ns,wait_ns,total_ns,completion_interval_ns,polls,worker_inclusive_ns,upload_inclusive_ns,write_ns,read_ns,write_bytes,read_bytes,write_calls,read_calls
0,3724779174,2389,1388400,4330000,6416150,4207700,16342250,16355750,442,6244150,1913650,1767250,0,4572,0,5,0
1,1709657109,2390,908950,3994550,5939150,5093550,15936200,16718700,804,5770250,1662200,1510350,0,4252,0,5,0
2,1894904752,2391,846750,3472100,5147650,7149350,16615850,16717150,1254,4980350,2253500,2095950,0,3612,0,5,0
3,3703759967,2392,834000,3305750,5325150,7156200,16621100,16722050,1226,5161100,1463100,1316950,0,3612,0,5,0
4,19533624,2393,833900,3231000,5422350,7126400,16613650,16715800,1210,5247950,1466950,1318250,0,3612,0,5,0
5,816884773,2394,827850,2764950,4167350,8858150,16618300,16718950,1562,3991900,782500,637700,0,2972,0,5,0
6,1339236364,2395,1360550,2466200,5624350,7332500,16783600,16886250,1304,5440150,1874900,1736050,0,3612,0,5,0
7,3072959373,2396,832500,2491800,5393400,7734100,16451800,16554800,1376,5214450,1612750,1449600,0,3612,0,5,0
8,1782884746,2397,813900,2012200,3959200,9833150,16618450,16720850,1631,3784550,773300,645400,0,2972,0,5,0
9,30296781,2398,826600,3276600,5767100,6744350,16614650,16718800,1134,5581200,1699450,1552050,0,4252,0,5,0
10,4026418858,2399,814600,3205850,6377750,6216700,16614900,16719950,1162,6171150,2414950,2260500,0,4252,0,5,0
11,2084929051,2400,1711550,2066750,4760600,8073150,16612050,16715650,1359,4590850,1452800,1320450,0,3612,0,5,0
12,3114489770,2401,1292000,2465450,5481500,7376350,16615300,16718750,1306,5294200,1662300,1496600,0,3932,0,5,0
13,891400471,2402,822550,2470950,5624400,7702550,16620450,16721400,1368,4596600,1803200,1632500,0,3932,0,5,0
14,3472773456,2403,823550,2954250,3953450,8882350,16613600,16719550,1585,3770500,1614150,574900,0,2972,0,5,0
15,3010688243,2404,834600,3249400,5437450,7096350,16617800,16720700,1204,5274300,1469150,1323350,0,3612,0,5,0
16,2819524756,2405,817300,3250250,5935400,6610500,16613450,16715800,1243,5746900,1469150,1327400,0,3612,0,5,0
17,3241678401,2406,1390250,2038550,3967000,9495250,16891050,16991350,1571,3800950,774600,641800,0,2972,0,5,0
18,2154316504,2407,831150,3503600,5321750,5912550,15569050,16451100,972,5152250,1456750,1318250,0,3612,0,5,0
19,772262681,2408,820250,3478400,5171300,7148700,16618650,16716950,1247,5010000,1458450,1314800,0,3612,0,5,0
20,3882818750,2409,821050,2880450,3983600,8936800,16621900,16720300,1596,3801200,1668750,1513850,0,2972,0,5,0
21,521131153,2410,826300,3280100,5337100,7174550,16618050,16719050,1216,5177250,1467650,1319500,0,3612,0,5,0
22,1838187414,2411,819700,3160250,5933350,6704750,16618050,16717250,1259,5755000,2214200,2066800,0,3612,0,5,0
23,840574439,2412,1301450,2044050,4031150,9303850,16680500,16781250,1450,3863950,779300,639600,0,2972,0,5,0
24,2879461878,2413,820200,2465150,5386450,7886050,16557850,16660100,1404,4320150,1643400,1484400,0,3612,0,5,0
25,202086035,2414,829300,3322500,5288550,7176000,16616350,16715950,1231,5129700,1466950,1324550,0,3612,0,5,0
26,959703924,2415,816100,2746000,3993350,9064300,16619750,16720800,1645,3806950,1650400,1491100,0,2972,0,5,0
27,3795724423,2416,830550,3335250,5974800,6479150,16619750,16717550,1215,5788450,2212350,2065250,0,3612,0,5,0
28,2500539904,2417,1409100,2455950,5614500,7480700,16960250,17060750,1332,5438100,1904400,1753850,0,3612,0,5,0
29,2269000541,2418,827000,2038150,4011300,9405800,16282250,16381400,1578,3843150,776700,637300,0,2972,0,5,0
30,1900681108,2419,824950,3541700,5161200,7090950,16618800,16717950,1244,4986950,1466250,1321850,0,3612,0,5,0
31,3680168245,2420,821350,3308900,7298600,5185850,16614700,16717500,953,7128350,1973350,1827100,0,3612,0,5,0
32,2344329490,2421,830400,2760400,4015300,9011200,16617300,16719500,1625,3840400,781050,645050,0,2972,0,5,0
33,2130650181,2422,830400,3203600,12504950,16813300,33352250,33451250,2921,12309750,3763100,3569950,0,4252,0,5,0
34,906966818,2423,814750,2467200,5644900,7677750,16604600,16707350,1301,5456400,1756850,1584950,0,4252,0,5,0
35,3939376531,2424,821000,2928750,4312900,8557850,16620500,16719850,1542,4142300,1860800,1701350,0,3612,0,5,0
36,2110688546,2425,827000,3231750,5290200,7269550,16618500,16718550,1240,5097350,1297400,1144250,0,3932,0,5,0
37,2695523007,2426,825950,3226550,5144950,7424000,16621450,16721300,1261,4965150,1294450,1147350,0,3932,0,5,0
38,744447992,2427,1417500,2018550,4011450,9171350,16618850,16718050,1590,3833450,772800,641300,0,2972,0,5,0
39,3728640411,2428,821200,2488800,5408000,7480150,16198150,16718050,1325,5224700,1624450,1456050,0,3612,0,5,0
40,618879740,2429,816050,3341100,4516100,7945250,16618500,16719200,1417,4340750,1686450,1532050,0,3612,0,5,0
41,1239708057,2430,819050,2901300,3928300,8969200,16617850,16719950,1597,3760150,1588850,1440500,0,2972,0,5,0
42,2429742208,2431,826950,3222700,5125500,7443700,16618850,16719500,1272,4940550,1244700,1096750,0,3612,0,5,0
43,412095716,2432,822500,3204550,4972050,7621250,16620350,16720900,1298,4798950,1237750,1095000,0,3612,0,5,0
44,1226741467,2433,1355150,2007950,3994600,9389400,16747100,16848250,1547,3813700,775800,644200,0,2972,0,5,0
45,3288446148,2434,819500,2499300,5399600,7767300,16485700,16589100,1383,5215300,1625450,1453200,0,3612,0,5,0
46,1157984843,2435,809850,3424250,4921800,7461750,16617650,16718350,1311,4746650,1244850,1099050,0,3612,0,5,0
47,3877288378,2436,828000,2838650,4250050,8702550,16619250,16721400,1528,4070400,1910400,1748750,0,2972,0,5,0
48,4236526315,2437,1719400,2498300,5632000,6003050,15852750,16716300,1115,5447500,1881300,1729450,0,3612,0,5,0
49,533834014,2438,1445700,2518450,5786350,6869300,16619800,16718950,1292,5612850,2018150,1867850,0,3612,0,5,0
50,1649361089,2439,1298050,2014350,4012050,9298100,16622550,16720450,1529,3845600,777250,644950,0,2972,0,5,0
51,2486981906,2440,823700,3383850,4511450,7899150,16618150,16722100,1406,4354700,1643300,1483100,0,3612,0,5,0
52,1706075277,2441,812500,3341450,5079850,7385850,16619650,16717450,1273,4901500,1242800,1096700,0,3612,0,5,0
53,267972368,2442,824050,2790950,3986800,9019000,16620800,16721200,1635,3807350,779400,633050,0,2972,0,5,0
54,3895401273,2443,825950,3322400,4939700,7530000,16618050,16717350,1276,4759500,1243300,1099750,0,3612,0,5,0
55,605985656,2444,1372900,2528100,5604850,7316300,16822150,16922900,1298,5430000,1880450,1737450,0,3612,0,5,0
56,4077673024,2445,880100,8259050,8596600,15398150,33133900,33234950,2713,8426000,1314950,1177400,0,6632,0,5,0
57,985632231,2446,863400,8866800,10210600,13395750,33336550,33437950,2376,10028750,2231800,2069100,0,7312,0,5,0
58,3720590956,2447,1569600,2579950,5787150,6684750,16621450,16718600,1253,5609300,1900400,1750750,0,3652,0,5,0
59,3264032585,2448,2737950,2974800,3973700,6932600,16619050,16718400,1213,3801000,1636950,1475400,0,2972,0,5,0
60,395405688,2449,867450,2471800,5337800,7943000,16620050,16719400,1418,4301250,1644700,1481900,0,3612,0,5,0
61,32142420,2450,855900,3319600,5224750,7221050,16621300,16720600,1237,5050450,1242650,1093600,0,3612,0,5,0
62,1187067055,2451,853300,2782300,3984000,9002550,16622150,16721800,1631,3801650,1664200,1508400,0,2972,0,5,0
63,459140908,2452,860900,3276600,4945950,7538400,16621850,16718700,1283,4775500,1243400,1099300,0,3612,0,5,0
64,3369786495,2453,1431950,2490050,5705600,7269650,16897250,16999400,1283,5526050,2023150,1871050,0,3612,0,5,0
65,1572434254,2454,851250,2025850,3997200,9462250,16336550,16436000,1590,3830450,775550,638750,0,2972,0,5,0
66,4107798823,2455,862550,3455700,4912950,7391750,16622950,16722200,1304,4735400,2096900,1093300,0,3612,0,5,0
67,343968250,2456,848500,3295450,5114350,7361300,16619600,16720750,1232,4946800,1230700,1092800,0,3612,0,5,0
68,3102454017,2457,856100,2764350,4052900,8944250,16617600,16716350,1601,3866950,770600,643750,0,2972,0,5,0
69,3051095563,2458,857550,3203550,5712200,6843450,16616750,16718550,1287,5532850,2009750,1858200,0,3612,0,5,0
70,2391331016,2459,1358150,2479200,5702200,7085900,16625450,16726300,1211,5517300,1659550,1484900,0,3612,0,5,0
71,3869016117,2460,847900,2014100,4013200,9740100,16615300,16715900,1648,3858500,776950,634850,0,2972,0,5,0
72,1579800804,2461,854400,3389650,4997550,7373000,16614600,16716350,1276,4824200,1247950,1105550,0,3612,0,5,0
73,2792341157,2462,850700,3293200,5150600,7323550,16618050,16718600,1224,4976500,1238250,1092050,0,3612,0,5,0
74,714702942,2463,854650,2761900,4157600,8843350,16617500,16720950,1564,3971650,769000,640550,0,2972,0,5,0
75,1092538936,2464,1481300,2535150,5605750,7373050,16995250,17097450,1310,5432500,1888400,1734800,0,3612,0,5,0
76,1561271239,2465,855500,2475850,5584500,7322450,16238300,16339000,1266,5407450,1748400,1585400,0,4252,0,5,0
77,3798074098,2466,849550,2012150,5247750,8509500,16618950,16719850,1537,5092750,1907850,1766400,0,3612,0,5,0
78,3022639071,2467,867950,3460550,6118200,5410950,15857650,16722550,1002,5208900,1476850,1322100,0,4252,0,5,0
79,2282770062,2468,849950,3285800,5428900,7053250,16617900,16716050,1189,5257850,1464650,1314850,0,3932,0,5,0
80,1626512457,2469,860600,2840000,4291700,8632500,16624800,16722600,1518,4119200,1064200,922850,0,3292,0,5,0
81,3156888026,2470,1393600,2525300,5418500,7344150,16681550,16779350,1303,5242050,1679850,1526950,0,3612,0,5,0
82,3038824309,2471,856350,2496300,5349800,7856950,16559400,16658900,1319,5170450,1617950,1452700,0,3612,0,5,0
83,1261846460,2472,855550,3012900,3923150,8823850,16615450,16717750,1603,3744400,1580650,1445400,0,2972,0,5,0
84,2035201521,2473,857650,3267350,5352550,7139400,16616950,16717850,1216,5173450,1467700,1318200,0,3612,0,5,0
85,2164446652,2474,856150,3295150,5196550,7269900,16617750,16719900,1231,5024250,1461200,1314000,0,3612,0,5,0
86,2017191835,2475,1495200,2035000,4118700,8968100,16617000,16720550,1577,3939950,777350,644700,0,2972,0,5,0
87,3029138484,2476,851650,2534450,5336800,7450450,16173350,16718350,1316,5167600,1608750,1449950,0,3612,0,5,0
88,50355403,2477,855200,3417100,4823550,7520100,16615950,16718300,1360,4639200,1988700,1830050,0,3612,0,5,0
89,654213990,2478,851750,2914750,4025800,8827500,16619800,16719600,1252,3848050,1694900,1543050,0,2972,0,5,0
90,2360099787,2479,861750,3354600,5364500,7025400,16606250,16718300,1207,5191050,1473050,1324100,0,3612,0,5,0
91,2424818746,2480,852450,3293400,8565550,3911100,16622500,16724500,161,8391300,4826350,4650300,0,3612,0,5,0
92,1971386461,2481,1862100,2052900,4073600,8761650,16750250,16866800,1440,3894800,774200,637700,0,2972,0,5,0
93,3386045126,2482,870600,2529600,5373000,7691450,16464650,16570400,1396,4370950,1630750,1470000,0,3612,0,5,0
94,1429641961,2483,858300,3467550,5132000,7156550,16614400,16716750,1274,4960100,1462600,1326500,0,3612,0,5,0
95,3022846880,2484,856650,3152450,3928300,8677950,16615350,16718900,1566,3756700,770900,630250,0,2972,0,5,0
96,1601897261,2485,856600,3275550,5209700,7274400,16616250,16718450,1259,5033150,1467000,1316300,0,3612,0,5,0
97,1229951528,2486,1479400,2537400,5753100,6851100,16621000,16723200,1316,5576350,2017900,1867150,0,3612,0,5,0
98,4065171759,2487,1328250,2030450,3998500,9258600,16615800,16718400,1551,3833050,773100,641700,0,2972,0,5,0
99,1034325744,2488,855300,3377350,4523250,7859950,16615850,16720100,1431,4357450,1651900,1489250,0,3612,0,5,0
100,14078671,2489,853900,3344100,5633250,6783900,16615150,16717600,1150,5451650,1696600,1549650,0,4252,0,5,0
101,4024270554,2490,852700,2813200,4780500,8166150,16612550,16717600,1420,4610050,1456650,1318200,0,3612,0,5,0
102,896191351,2491,853650,3246600,6096700,6419600,16616550,16720250,1203,5904650,2304450,2157950,0,4252,0,5,0
103,2131384102,2492,1415100,2535900,5714400,7227300,16892700,16996500,1272,5545350,1931350,1780200,0,3932,0,5,0
104,2586210593,2493,860100,2015450,4267450,9195700,16338700,16440600,1508,4100750,1045750,914250,0,3292,0,5,0
105,591918370,2494,852750,3517350,5149200,7095200,16614500,16719950,1234,4986850,1466150,1319950,0,3612,0,5,0
106,8814317,2495,846950,3275000,5389050,7101200,16612200,16718550,1215,5206750,1470950,1321450,0,3612,0,5,0
107,2340504196,2496,849450,2814100,4132350,8816500,16612400,16718800,1479,3960950,777950,634050,0,2972,0,5,0
108,3523076009,2497,1585750,2548400,5698450,6785050,16617650,16719500,1275,5531650,2025300,1881850,0,3612,0,5,0
109,1961669028,2498,877900,3541850,5347800,5568200,15335750,16719450,904,5182250,1462000,1315150,0,3612,0,5,0
110,1037581603,2499,855500,2012650,3991100,9758400,16617650,16720350,1649,3837800,776750,642850,0,2972,0,5,0
111,2701024588,2500,854500,3523900,5327600,6908850,16614850,16719250,1176,5159650,1467750,1318200,0,3612,0,5,0
112,215037203,2501,852000,3269350,5405950,7087850,16615150,16718900,1204,5224650,1470100,1321100,0,3612,0,5,0
113,3696282862,2502,862750,2793800,4083200,8877350,16617100,16720650,1572,3906800,779650,636700,0,2972,0,5,0
114,2829142928,2503,1464450,2502650,5711850,7258550,16937500,17038600,1289,5528600,1866650,1724850,0,3612,0,5,0
115,3204762949,2504,865050,2514750,5307550,7609500,16296850,16400850,1351,5140900,1589700,1435250,0,3612,0,5,0
116,3297489190,2505,851850,2005100,3981300,9777050,16615300,16720600,1652,3817850,780500,646500,0,2972,0,5,0
117,1691704917,2506,852850,3340850,5503850,6919900,16617450,16717100,1172,5322750,1462200,1322500,0,3612,0,5,0
118,663957814,2507,853700,3242600,5358050,7159600,16613950,16718700,1215,5179250,1469050,1321300,0,3612,0,5,0
119,3058583827,2508,857250,2737850,3988550,9032900,16616550,16721900,1598,3811150,772850,633650,0,2972,0,5,0
120,838545270,2509,1644750,2503150,7562350,4911400,16621650,16722250,757,6059350,1484000,1339200,0,3612,0,5,0
121,3608912039,2510,859600,2501550,5349200,7898800,16609150,16713600,1409,5177450,1604250,1450350,0,3612,0,5,0
122,4080159716,2511,855500,2909500,3906800,8946150,16617950,16718650,1636,2909600,777400,644950,0,2972,0,5,0
123,1056027075,2512,857750,3286450,5381600,7093300,16619100,16719850,1173,5212800,1465300,1314200,0,3612,0,5,0
124,4057021248,2513,851250,3241400,6252200,6265900,16610750,16720200,1171,6058100,2415200,2262900,0,4252,0,5,0
125,2686741161,2514,1494900,2057250,4765750,8701700,17019600,17122000,1440,4598350,1456200,1315750,0,3612,0,5,0
126,3870849660,2515,857950,2481050,5548850,7329250,16217100,16316650,1258,5373750,1720500,1562650,0,4252,0,5,0
127,293449641,2516,856400,3475250,5404150,6880300,16616100,16720450,1203,5231000,1653100,1498800,0,3932,0,5,0
128,596064266,2517,857250,2927450,4049200,8781400,16615300,16719950,1590,3869500,1721800,1560000,0,3292,0,5,0
129,3715495249,2518,865300,3285550,5375750,7089450,16616050,16717400,1172,5215700,1460750,1310750,0,3612,0,5,0
130,244680018,2519,854750,3257550,5924100,6578550,16614950,16719100,1234,5745150,2221100,2072550,0,3612,0,5,0
131,4080661783,2520,1398850,2045700,3956250,9301300,16702100,16805350,1561,3789450,771650,634050,0,2972,0,5,0
132,4006730450,2521,861000,2471000,5658000,7542550,16532550,16633550,1289,5475850,1929800,1764300,0,3612,0,5,0
133,3864584507,2522,853300,3488250,5260250,7014650,16616450,16718650,1199,5090050,1456850,1317000,0,3612,0,5,0
134,2711027320,2523,855100,2827850,3949950,8985750,16618650,16720950,1629,3771950,1641250,1490900,0,2972,0,5,0
135,4099079087,2524,849700,3280050,5225350,7261200,16616300,16718300,1229,5052350,1462800,1316750,0,3612,0,5,0
136,565333772,2525,1616500,2513600,5587550,6899800,16617450,16720900,1298,5409500,1920450,1769900,0,3612,0,5,0
137,1028518269,2526,855800,2041500,3995100,9279700,16172100,16717900,1554,3831000,769300,633950,0,2972,0,5,0
138,2252688136,2527,862000,3379350,4501700,7872800,16615850,16716800,1402,4325900,1681200,1525000,0,3612,0,5,0
139,578597309,2528,869300,3612950,5285900,6098100,15866250,16723400,993,5120750,1462750,1314550,0,3612,0,5,0
140,3624439358,2529,856800,2819750,4010800,8929050,16616400,16715350,1612,3833700,786300,644800,0,2972,0,5,0
141,3514067501,2530,858500,3240500,5944650,6575200,16618850,16719500,1234,5758250,2214800,2064750,0,3612,0,5,0
142,2741972910,2531,1400150,2472250,5725400,7204800,16802600,16903500,1278,5534400,1894500,1746150,0,3612,0,5,0
143,28497579,2532,863450,2036450,4022650,9515050,16437600,16535900,1603,3850750,778600,636000,0,2972,0,5,0
144,466729326,2533,864400,3456100,5132600,7167000,16620100,16721000,1190,4957000,1458050,1324250,0,3612,0,5,0
145,3425349295,2534,861500,3290150,5507750,6960150,16619550,16720300,1176,5335100,1460300,1309900,0,3612,0,5,0
146,1537640620,2535,857350,2772750,4150350,8832500,16612950,16716250,1569,3971650,783650,645250,0,2972,0,5,0
147,1853842891,2536,1489700,2551750,5777950,6797050,16616450,16718200,1278,5601850,2035300,1884200,0,3612,0,5,0
148,1177024904,2537,1342300,2484550,5701650,7091600,16620100,16721050,1241,5524900,1867000,1704900,0,4252,0,5,0
149,4106734849,2538,853150,2018400,5365150,8383600,16620300,16721150,1514,5205100,2003900,1856250,0,3612,0,5,0
150,2025356500,2539,859250,3390450,5434750,6937650,16622100,16719850,917,5273950,1484150,1331850,0,4252,0,5,0
151,2189605121,2540,865200,3441550,5247750,7050450,16604950,16718300,1159,5073450,1292100,1142050,0,3932,0,5,0
152,4086136290,2541,858550,2788000,4400450,8568100,16615100,16717600,1402,4232700,1058250,920150,0,3292,0,5,0
153,4036669705,2542,6828250,4292900,5062150,17152250,33335550,33437600,2953,4882000,1243550,1094650,0,3612,0,5,0
154,4167980074,2543,874100,3456950,4912500,7373050,16616600,16721000,1300,4733200,1238700,1093200,0,3612,0,5,0
155,51187407,2544,856850,2864500,3913800,8981600,16616750,16717550,1630,3754350,1610950,1451950,0,2972,0,5,0
156,2242638442,2545,869000,3278100,5376100,7102200,16625400,16723100,1160,5198950,1246800,1103000,0,3612,0,5,0
157,2730108163,2546,857300,3240850,5738300,6782150,16618600,16716550,1273,5560000,2013300,1862700,0,3612,0,5,0
158,2718743917,2547,1344550,2017650,4017100,9242900,16622200,16721700,1548,3850800,774300,643150,0,2972,0,5,0
159,3391709842,2548,853600,2521200,5355450,7885500,16615750,16716050,1380,4349050,1626300,1459350,0,3612,0,5,0
160,1164604273,2549,855600,3425900,4999750,7335300,16616550,16718900,1264,4829950,1236200,1099200,0,3612,0,5,0
161,2148591176,2550,853250,2827450,3966850,8970450,16618000,16720000,1626,3790200,1627600,1464850,0,2972,0,5,0
162,4192737573,2551,858000,3257800,4937700,7567100,16620600,16720800,1282,4748450,1241500,1097600,0,3612,0,5,0
163,535584840,2552,1595900,2584150,5421350,7375800,16977200,17076150,1311,5239750,1679350,1534700,0,3612,0,5,0
164,3430794475,2553,865250,2043350,3994700,9358400,16261700,16361150,1572,3824650,779200,642600,0,2972,0,5,0
165,776323552,2554,857250,3501450,4919600,7337900,16616200,16718150,1295,4744550,1235700,1091250,0,3612,0,5,0
166,3330991427,2555,861200,3472950,5112450,7173200,16619800,16723350,1224,4921300,1236600,1096600,0,3612,0,5,0
167,3282074430,2556,858300,2842650,4138200,8776150,16615300,16717550,1557,3965350,781450,638700,0,2972,0,5,0
168,2597814595,2557,866550,3209250,5675500,6866150,16617450,16716550,1236,4717900,1240200,1096650,0,3612,0,5,0
169,2225601370,2558,1451300,2550450,5478200,7179100,16659050,16757700,1266,5291750,1622750,687750,0,3612,0,5,0
170,3716853465,2559,859600,2037350,3995000,9694300,16586250,16682700,1638,3824750,781900,645450,0,2972,0,5,0
171,1080675697,2560,875600,9007750,10177750,13278300,33339400,33437600,2381,9989800,2223900,1296000,0,7272,0,5,0
172,219920238,2561,850300,9493400,9428650,13562800,33335150,33440850,2517,9257150,2380150,2213500,0,7312,0,5,0
173,3070385651,2562,867700,2063500,4075650,9182200,16189050,16716600,1528,3905950,788350,643650,0,3012,0,5,0
174,2609556270,2563,856100,3414550,4597000,7750350,16618000,16718950,1409,4416900,1777500,1618800,0,3612,0,5,0
175,141401383,2564,849550,3329150,5107450,7333250,16619400,16719900,1285,4943850,1232100,1093100,0,3612,0,5,0
176,3034105280,2565,856050,2784000,3973200,9007000,16620250,16720800,1627,3800700,780800,642800,0,2972,0,5,0
177,3029196371,2566,850850,3245600,4947950,7573700,16618100,16719100,1312,4770150,1241500,1097850,0,3612,0,5,0
178,699378668,2567,1389850,2479850,7002350,5876700,16748750,16849250,983,6801750,3278850,3121600,0,3612,0,5,0
179,2402609405,2568,864050,2024850,4316400,9282100,16487400,16587400,1548,4133450,776000,640100,0,2972,0,5,0
CSV_END

NV_DONE_7e7869061063=0
# 
CAPTURE: {"label": "fifo512-r1-s0-retained", "elapsed_seconds": 10.304770948998339, "bytes_received": 21230, "command": "/tmp/fifo-bench --frames 180 --warmup 30 --wait spin --state-frame 0 --retained --csv /tmp/fifo-case.csv; fifo_rc=$?; if [ \"$fifo_rc\" = 0 ]; then  printf \"\\nCSV_BEGIN\\n\"; cat /tmp/fifo-case.csv; printf \"CSV_END\\n\"; fi; test \"$fifo_rc\" = 0", "command_exit": 0, "login_sent": false, "log": "/path/to/research/experiments/fifo-study-20261008/20261008T082616Z-fifo512-r1-s0-retained.raw"}
