/tmp/fifo-bench --frames 180 --warmup 30 --wait spin --state-frame 1800 --grouped --csv /tmp/fifo-case.csv; fifo_rc=$?; if [ "$fifo_rc" = 0 ]; then  printf "\nCSV_BEGIN\n"; cat /tmp/fifo-case.csv; printf "CSV_END\n"; fi; test "$fifo_rc" = 0; nv_status=$?; printf "\nNV_DONE_6c244093bef7=%s\n" "$nv_status"
BEGIN_BREAKOUT frames=180 warmup=30 fixed=0 blocks=40 tiles=1 hud=1 wait=spin replay=0 state_frame=1800 profile=detailed pixel_centers=1 clock_call_ns=6049
HW_COUNTERS id=46490200 words=1086340 wait_cycles=1933462 longest_wait_cycles=2945 total_cycles=183230961 cpu_hz=20000000
RESULT frames=180 elapsed_s=9.161434700 fps=19.647578 logic_ms=0.878036 api_ms=11.793687 swap_ms=31.000251 wait_ms=7.087778 worker_inclusive_ms=30.766359 upload_inclusive_ms=6.475948 write_ms=6.237467 bytes_per_frame=24140.89 p50_ms=50.158150 p95_ms=50.760550 max_ms=66.877350 late_60hz=180 first_count=2817 last_count=2996 state_hash=1022e19f remaining=21 score=190
RENDER_PATH retained=0 grouped=1 quads=10250 full_frames=180
BREAKOUT_PASS

CSV_BEGIN
frame,state_hash,display_count,logic_ns,api_ns,swap_ns,wait_ns,total_ns,completion_interval_ns,polls,worker_inclusive_ns,upload_inclusive_ns,write_ns,read_ns,write_bytes,read_bytes,write_calls,read_calls
0,2110160739,2817,768750,12119200,39644100,13604650,66136700,66146200,2482,39468800,6528800,6354750,0,24452,0,5,0
1,1693181783,2818,746450,11822850,31011500,6473800,50054600,50155800,1111,30829700,6529250,5614300,0,24452,0,5,0
2,802378003,2819,748250,11977950,31813750,5519300,50059250,50157250,990,31644050,7146650,6967950,0,24452,0,5,0
3,773631361,2820,1346650,11138400,31223600,6356650,50065300,50161500,1091,31037700,6032050,5855050,0,24452,0,5,0
4,3600043099,2821,748550,11998300,31145350,6167400,50059600,50157750,1144,30970000,6546800,6372450,0,24452,0,5,0
5,1618316913,2822,1303050,11829000,30835650,6088800,50056500,50154350,1033,30658900,6252250,6064000,0,24452,0,5,0
6,201713393,2823,745100,11916000,31034600,6367300,50063000,50160550,1184,30851050,6560100,6383750,0,24452,0,5,0
7,2011502881,2824,1535150,11970100,31394200,5161400,50060850,50158550,944,31216700,6733300,6539100,0,24452,0,5,0
8,3125474025,2825,747350,11900900,30818850,6836750,50303850,50401500,1195,30645100,6451000,6269300,0,24452,0,5,0
9,1342287211,2826,740300,11995350,32590550,4486950,49813150,49910700,800,32413900,6418550,6235800,0,24452,0,5,0
10,3857196809,2827,749400,11893850,30596550,6820150,50059950,50157700,1188,30417500,6303350,6112050,0,24452,0,5,0
11,2240049260,2828,749750,12235550,31121600,5953550,50060450,50159650,1106,30267250,6196550,6014950,0,24132,0,5,0
12,1815897908,2829,734100,11653750,30354850,7316750,50059450,50157250,1263,30163800,6357500,6176400,0,24132,0,5,0
13,648884648,2830,728850,11836350,30345650,7148450,50059300,50157900,1222,30165550,6198200,6019500,0,24132,0,5,0
14,2931991803,2831,735550,11588850,30149650,7585000,50059050,50159000,1322,29964200,6222000,6042400,0,24132,0,5,0
15,4227589206,2832,730350,11851400,31372600,6101250,50055600,50155450,1131,31188400,6754600,6577400,0,24132,0,5,0
16,1986714807,2833,1479650,11001300,30133150,7447050,50061150,50159750,1313,29955050,6203700,6005000,0,24132,0,5,0
17,28333542,2834,731700,11985150,30825650,6517600,50060100,50160000,1217,30644700,6708850,5729500,0,24132,0,5,0
18,842458438,2835,1289900,11874950,29689450,7199550,50053850,50153750,1262,29517850,5746400,5561200,0,24132,0,5,0
19,4035787358,2836,769100,12085050,31885150,4619350,49358650,50159600,775,31696950,7488100,7265600,0,24132,0,5,0
20,3966921526,2837,761050,12039700,38279150,15239000,66318900,66876450,2685,38108350,6134500,5950600,0,24132,0,5,0
21,3331783808,2838,744450,11707400,30322850,7285100,50059800,50158200,1253,30134350,6214050,6018550,0,24132,0,5,0
22,1855912102,2839,741250,11823050,30965300,6529700,50059300,50157400,1205,30224200,6202250,6016650,0,24132,0,5,0
23,3437663592,2840,733700,11566450,30808750,6951050,50059950,50158750,1186,30612550,6340850,6141700,0,24132,0,5,0
24,3162062844,2841,733550,11890700,30897050,6538600,50059900,50158900,1222,30715700,6677300,6495850,0,24132,0,5,0
25,1213835568,2842,1473950,11689200,29682250,7212250,50057650,50156300,1262,29493800,6330650,6129900,0,24132,0,5,0
26,4133797692,2843,735850,11945300,30871100,6510750,50063000,50160300,1213,30687700,6756450,6572400,0,24132,0,5,0
27,256876650,2844,1238250,11914000,30850250,6054850,50057350,50154800,1026,30664800,6185300,6004600,0,24452,0,5,0
28,482917404,2845,743400,11942200,30718700,7026700,50431000,50528550,1228,30548050,6605900,6426450,0,24452,0,5,0
29,1264633954,2846,731700,11932400,32181650,4846200,49691950,49787100,877,32003900,6505600,6319850,0,24132,0,5,0
30,3606135978,2847,747600,11883600,30511950,6964350,50107500,50204750,1223,30338200,6444100,6256750,0,24132,0,5,0
31,2630115922,2848,749500,11984300,30739100,6541450,50014350,50111750,1124,30562500,6148600,5969650,0,24132,0,5,0
32,3881483034,2849,743450,11689800,30469250,7159300,50061800,50159900,1261,30286800,6302350,6119350,0,24132,0,5,0
33,2944919204,2850,736300,11826800,30474150,7022050,50059300,50156600,1222,30291850,6150300,5966650,0,24132,0,5,0
34,646532490,2851,744450,11607800,30330650,7379050,50061950,50159700,1306,30149650,6172950,5992600,0,24132,0,5,0
35,2877853796,2852,742700,11846800,31493500,5974300,50057300,50154250,1104,31313450,6733250,6551100,0,24132,0,5,0
36,1922367648,2853,744200,11532500,30309350,7476050,50062100,50159350,1321,30126150,6172150,5979550,0,24132,0,5,0
37,1795563108,2854,741500,11834100,31166300,6316800,50058700,50156450,1176,30989050,6734650,6556200,0,24132,0,5,0
38,214631552,2855,1330250,11017300,30436400,7279000,50062950,50160350,1278,29541900,6331300,6135750,0,24132,0,5,0
39,1929726190,2856,741600,11779100,31307850,6233050,50061600,50158950,879,31121600,6998150,6814950,0,24132,0,5,0
40,1190506064,2857,1707800,11915350,37914150,15233400,66770700,66877350,2722,37745750,6084850,5908950,0,24132,0,5,0
41,3268351150,2858,749200,11692200,30330050,7284450,50055900,50155000,1285,30142800,6175850,5980200,0,24132,0,5,0
42,118037070,2859,746600,11874050,30384650,7055550,50060850,50158550,1224,30208150,6148850,5963500,0,24132,0,5,0
43,1955195062,2860,743250,11587650,30928250,6800850,50060000,50157150,1180,30737750,6391700,6190900,0,24132,0,5,0
44,1797432467,2861,741450,11840500,30868050,6610650,50060650,50158350,1237,30688600,6625600,6441400,0,24132,0,5,0
45,1035442557,2862,1381800,10987150,30565600,7126750,50061300,50160350,1246,30382250,6436000,6239600,0,24132,0,5,0
46,2267612867,2863,741800,11835800,30973150,6505500,50056250,50155300,1214,30794900,6715800,6533700,0,24132,0,5,0
47,1217717069,2864,1283900,11687350,30174800,6909600,50055650,50155700,1180,29990350,6760700,5869600,0,24132,0,5,0
48,1461268009,2865,743700,11777500,30920700,6617350,50059250,50159350,1235,30750500,6713100,6533900,0,24132,0,5,0
49,2370304197,2866,771250,12036500,32472900,3616000,48896650,50158550,582,32287100,8076650,7878100,0,24132,0,5,0
50,655561417,2867,779000,11776750,30600600,7074450,50230800,50328100,1245,30428150,6438000,6251800,0,24132,0,5,0
51,524675839,2868,748000,13730850,30604400,4805250,49888500,49987350,806,30416150,6366900,6191100,0,24452,0,5,0
52,1155835041,2869,741500,11746450,30547350,7025350,50060650,50160050,1234,30359700,6367250,6183500,0,24452,0,5,0
53,214853719,2870,744650,11833400,30398350,7082800,50059200,50156750,1235,30224800,6143350,5950550,0,24132,0,5,0
54,3035389575,2871,749850,11636500,30426700,7244700,50057750,50155300,1278,30240250,6511200,6326500,0,24132,0,5,0
55,1549109231,2872,744600,11850700,31049250,6414900,50059450,50158150,1207,30281200,6258850,6072500,0,24132,0,5,0
56,66132623,2873,745000,11951450,30203650,7160450,50060550,50157700,1251,30022700,6316050,6121000,0,24132,0,5,0
57,3504604473,2874,737750,11845500,30966600,6514450,50064300,50162000,1213,30781800,6754700,6569700,0,24132,0,5,0
58,1691498415,2875,1372050,11023050,30102300,7561200,50058600,50156450,1304,29919000,6203300,6002400,0,24132,0,5,0
59,4055346753,2876,736750,11866600,30741300,6715300,50059950,50159250,1234,30561950,6642200,6457100,0,24132,0,5,0
60,4185240021,2877,2618050,12151050,38247600,13760000,66776700,66875650,2518,38065250,6703200,6523550,0,24132,0,5,0
61,380494641,2878,751800,11740800,30501600,7064800,50059000,50157500,1241,30317850,6367650,6179650,0,24132,0,5,0
62,648826037,2879,747150,11890700,30364200,7056900,50058950,50156650,1228,30185650,6160000,5974350,0,24132,0,5,0
63,457329003,2880,742050,11672500,30352200,7295100,50061850,50159300,1285,30160800,6377550,6181950,0,24132,0,5,0
64,3359035981,2881,745150,12247600,30813050,6251600,50057400,50154950,1165,30633750,6759250,6578750,0,24132,0,5,0
65,1526400123,2882,1338150,10967950,30214850,7542500,50063450,50161300,1333,30020750,6229150,6040050,0,24132,0,5,0
66,1691524227,2883,744500,11845350,30815300,6654800,50059950,50157550,1241,30641850,6738750,6556650,0,24132,0,5,0
67,1475349003,2884,1337150,11059500,30131500,7533150,50061300,50159150,1301,29267500,6176500,5979450,0,24132,0,5,0
68,485644907,2885,740300,12111350,30664000,6540600,50056250,50155850,1194,30484500,6699850,6521300,0,24132,0,5,0
69,1050479637,2886,1243750,11825550,29712650,7275850,50057800,50160300,941,29534700,5730550,5548500,0,24132,0,5,0
70,3204525547,2887,787000,11847750,30708200,7122950,50465900,50571000,1230,30530250,6721550,6530950,0,24132,0,5,0
71,4185398997,2888,747700,11881700,30261200,6754600,49645200,49744150,1169,30084650,6139750,5943150,0,24132,0,5,0
72,3094072225,2889,749950,11888550,30586300,6834350,50059150,50156850,1194,30406000,6215850,6028550,0,24132,0,5,0
73,1835371693,2890,742650,12049400,30307700,6958950,50058700,50157850,1211,30132350,6140950,5960100,0,24132,0,5,0
74,2168771505,2891,749500,11816950,30331650,7159000,50057100,50154750,1260,30153400,6357050,6180050,0,24132,0,5,0
75,4059398759,2892,739300,11990800,30985600,6343200,50058900,50157850,1193,30257450,6204300,6020550,0,24452,0,5,0
76,644479865,2893,739400,11726400,30656300,6937150,50059250,50158050,1209,30472950,6246300,6049300,0,24452,0,5,0
77,1914197423,2894,743200,11943450,30898300,6472100,50057050,50157350,1210,30718750,6682400,6494500,0,24132,0,5,0
78,430804047,2895,1350450,10979750,30254600,7475750,50060550,50159300,1322,30073400,6225550,6034450,0,24132,0,5,0
79,3866048775,2896,777400,11957250,30556100,6066400,49357150,50158800,1121,30378350,6361900,6163900,0,24132,0,5,0
80,7140231,2897,1298850,13262750,38928450,13285600,66775650,66874800,2423,38738750,13783300,13525250,0,24132,0,5,0
81,1511961547,2898,760550,11929400,30398200,6975100,50063250,50162200,1221,30209950,6346650,6152600,0,24132,0,5,0
82,376629139,2899,740850,12019850,30242300,7056250,50059250,50158000,1228,30062000,6192800,6005450,0,24132,0,5,0
83,1861594235,2900,741250,11820200,30220650,7278250,50060350,50157400,1283,30024450,6221700,6022450,0,24132,0,5,0
84,1702339483,2901,748600,11983150,31182950,6144350,50059050,50156200,1143,31006400,6666050,6484050,0,24132,0,5,0
85,966101579,2902,737750,11695400,30246000,7376650,50055800,50156150,1303,30055500,6212100,6013300,0,24132,0,5,0
86,2786182811,2903,739600,11972500,30811500,6539350,50062950,50160950,1225,30635500,6668250,6485750,0,24132,0,5,0
87,3655782539,2904,1382100,11004100,30307250,7362300,50055750,50154650,1296,30125900,6214550,6009150,0,24132,0,5,0
88,3735461922,2905,749750,11831000,31237900,6243300,50061950,50158150,1159,31057950,6600300,6420550,0,24132,0,5,0
89,270833838,2906,1279400,11667250,29868150,7248300,50063100,50160850,1005,29694050,5742550,5562200,0,24132,0,5,0
90,930095294,2907,767400,12329250,30569500,6387150,50053300,50155450,1187,30384600,6366500,6183650,0,24132,0,5,0
91,1273808962,2908,739050,11878350,30480150,6564700,49662250,50159950,1130,30303950,6189800,5995600,0,24132,0,5,0
92,1953673858,2909,747000,11761050,31011050,6638150,50157250,50254800,1154,30835100,6796150,6602750,0,24132,0,5,0
93,4057475070,2910,741600,11794100,30499600,6926400,49961700,50057650,1204,30319750,6197050,6002100,0,24132,0,5,0
94,3372198854,2911,747950,11681500,30542450,7088150,50060050,50157750,1247,30356700,6363800,6172800,0,24132,0,5,0
95,2335202154,2912,742250,11836000,30508950,6977150,50064350,50161650,1212,30333100,6196000,6004650,0,24132,0,5,0
96,2170853250,2913,745350,11664800,30402550,7248250,50060950,50158600,1193,30210000,6232850,6043550,0,24132,0,5,0
97,1829955022,2914,739450,11847650,31098950,6372150,50058200,50154250,1191,30923300,6685000,6486000,0,24132,0,5,0
98,1856045454,2915,737950,11540050,30318650,7463800,50060450,50157900,1320,30132050,6206350,6013550,0,24132,0,5,0
99,2544683154,2916,740400,11847250,31151450,6323150,50062250,50161400,1178,30968900,6706850,5711700,0,24452,0,5,0
100,1531444578,2917,1358550,13290650,37254000,14869600,66772800,66873350,2570,37065200,12913400,12669600,0,24452,0,5,0
101,1139277022,2918,774500,11820400,30539800,6917400,50052100,50159450,1211,30349700,6344450,6154250,0,24132,0,5,0
102,2614530982,2919,741950,11876150,30365950,7075700,50059750,50157450,1233,30190300,6134700,5952400,0,24132,0,5,0
103,464765994,2920,740050,11727800,30466150,7125500,50059500,50157750,1255,30278550,6354500,6162650,0,24132,0,5,0
104,1592019490,2921,746600,11875450,30317650,7119050,50058750,50155900,1155,30139550,6149650,5964400,0,24132,0,5,0
105,66207950,2922,736250,11654750,30297550,7370950,50059500,50159300,1302,30108100,6166600,5969100,0,24132,0,5,0
106,2639428798,2923,742900,11848350,30803950,6663900,50059100,50157400,1256,30072350,6072600,5886950,0,24132,0,5,0
107,1495915330,2924,1346850,11022800,30339800,7352950,50062400,50160850,1294,30153150,6208500,6002900,0,24132,0,5,0
108,4079891938,2925,746100,11842800,30843800,6626000,50058700,50157100,1240,30668750,6641650,6455600,0,24132,0,5,0
109,1204987230,2926,775750,12021100,31032650,4592600,48422100,50158100,828,30847400,6703550,6531750,0,24132,0,5,0
110,949029318,2927,746450,13400400,30134350,5775650,50056850,50154350,1056,29240850,6253500,6060850,0,24132,0,5,0
111,2727127274,2928,1217100,11831350,29946400,7063450,50058300,50158150,1228,29766850,5927750,5744450,0,24132,0,5,0
112,2443393666,2929,739200,11810150,30785800,6950800,50285950,50383250,1218,30608000,6831500,6646900,0,24132,0,5,0
113,434260526,2930,738700,12266950,30243100,6588250,49837000,49934150,1103,30065450,6147700,5970700,0,24132,0,5,0
114,2637634158,2931,732600,11757600,30409100,7159650,50058950,50156350,1232,30238900,6434400,6257950,0,24132,0,5,0
115,4248248050,2932,730600,11832950,30194350,7303200,50061100,50158600,1256,30024050,6132500,5952400,0,24132,0,5,0
116,663154818,2933,732250,11667400,30276000,7382450,50058100,50157550,1282,30098600,6354250,6176400,0,24132,0,5,0
117,1461428606,2934,735300,11851500,31188800,6285500,50061100,50159550,1173,31009750,6621700,6448100,0,24132,0,5,0
118,3252362022,2935,735800,11709350,30149550,7467900,50062600,50160000,1322,29966350,6243400,6057800,0,24132,0,5,0
119,2423015338,2936,743400,11995400,30798650,6518600,50056050,50153500,1220,30619450,6626800,6450650,0,24132,0,5,0
120,507309730,2937,1360750,11156850,35209150,3993700,51720450,51817850,174,32986600,9068150,5908100,0,24132,0,5,0
121,2882991293,2938,1864700,12065750,30620150,3835100,48385700,48499950,659,30432450,6135500,5954550,0,24132,0,5,0
122,3682963569,2939,1282100,11910250,29632850,7236150,50061350,50159050,1265,29451900,5698300,5512150,0,24132,0,5,0
123,1404881069,2940,738050,11933850,30709500,6676100,50057500,50154950,1245,30527050,6712950,6521250,0,24452,0,5,0
124,624513273,2941,744300,11905650,30020650,6946700,49617300,50159500,1210,29841400,5993150,5817100,0,24452,0,5,0
125,484090933,2942,738800,11750350,30842950,6898100,50230200,50327300,1209,30659150,6326100,6146600,0,24132,0,5,0
126,2330053545,2943,741150,11876650,30291600,6981900,49891300,49988450,1215,30115550,6136100,5959700,0,24132,0,5,0
127,3891445269,2944,735600,11743150,30527900,7056050,50062700,50160150,1241,30350700,6315100,6139250,0,24132,0,5,0
128,1947616753,2945,737800,11832900,30357600,7127100,50055400,50153350,1246,30185800,6146250,5967500,0,24132,0,5,0
129,965975981,2946,736650,11641100,30683000,7040350,50101100,50198400,847,30494000,6485550,6297800,0,24132,0,5,0
130,2786931617,2947,765300,11923700,32014750,5310200,50013950,50119900,968,31838950,6169200,5984550,0,24132,0,5,0
131,4011087213,2948,745750,11597900,30291800,7425400,50060850,50159850,1313,30107650,6158450,5964000,0,24132,0,5,0
132,3703868376,2949,744250,11825450,30923700,6561800,50055200,50153950,1229,30746850,6634400,6447100,0,24132,0,5,0
133,212089708,2950,1369000,11027150,30523300,7143900,50063350,50161100,1165,30337450,6359900,5571350,0,24132,0,5,0
134,737348112,2951,747750,11833450,30960750,6515850,50057800,50154950,1217,30783850,6710050,6523950,0,24132,0,5,0
135,1465149204,2952,1280450,11674550,29858000,7249800,50062800,50161350,1270,29679150,5743900,5559750,0,24132,0,5,0
136,3549792448,2953,741950,11789750,30887850,6634950,50054500,50153100,1239,30706000,6716800,6527400,0,24132,0,5,0
137,3053421220,2954,743300,11801650,30454400,6639350,49638700,50160550,1146,30281150,6138400,5947200,0,24132,0,5,0
138,904563048,2955,742250,12159200,30435400,6849150,50186000,50284550,1199,30254100,6457500,6280050,0,24132,0,5,0
139,1363341148,2956,773950,12011800,31008600,5431400,49225750,50031900,999,30827700,6787650,6592800,0,24132,0,5,0
140,3357813192,2957,746800,11700650,33599450,4011800,50058700,50159100,721,32834000,6292850,6116400,0,24132,0,5,0
141,1376589724,2958,740300,11876200,38048900,16109700,66775100,66874550,2816,37878350,6120600,5948700,0,24132,0,5,0
142,2806738240,2959,1332750,11066450,30515250,7142700,50057150,50156300,1249,29645600,6460250,6257400,0,24132,0,5,0
143,1863420068,2960,744850,11779300,30998250,6539400,50061800,50161500,1218,30811150,6707950,6522250,0,24132,0,5,0
144,2368389248,2961,1221000,11798850,29990350,7048800,50059000,50156600,1230,29814900,5867100,5684800,0,24132,0,5,0
145,3624800580,2962,742500,11820450,30687400,7413100,50663450,50760550,1251,30503300,6462050,6276350,0,24132,0,5,0
146,2708332264,2963,745450,11895650,30401000,6417800,49459900,49554400,1090,30223950,6157500,5973800,0,24132,0,5,0
147,3643166428,2964,740650,11790800,30675800,6853700,50060950,50156350,1198,30499050,6520400,6330950,0,24452,0,5,0
148,1604903896,2965,740500,11856050,30434050,7030750,50061350,50158750,1220,30259500,6309100,6119650,0,24452,0,5,0
149,499105388,2966,741300,11692450,30536100,7088300,50058150,50156700,1243,30349800,6497750,6306600,0,24132,0,5,0
150,3393190256,2967,742000,12241800,32302800,4775700,50062300,50160450,851,32126900,6340750,6144000,0,24132,0,5,0
151,1752164884,2968,744100,11658200,30219850,7437300,50059450,50157150,1287,30031300,6207300,6012250,0,24132,0,5,0
152,112950176,2969,746700,11825450,30855000,6634050,50061200,50158750,1223,30138400,6185950,6001150,0,24132,0,5,0
153,218377828,2970,1352550,10997750,30227450,7482200,50059950,50159000,1293,30039350,6181600,5967650,0,24132,0,5,0
154,1614877672,2971,743400,11843350,31326150,6141900,50054800,50153650,1138,31148250,6755700,6578650,0,24132,0,5,0
155,624660060,2972,1431250,11678450,29773400,7181450,50064550,50162350,1256,29590050,6446700,5548700,0,24132,0,5,0
156,1646146728,2973,741000,11952000,30773800,6593600,50060400,50157550,1230,30595600,6759900,6575900,0,24132,0,5,0
157,2550301372,2974,1215650,11979150,30409250,6452400,50056450,50154150,1109,30230300,6192200,6003300,0,24132,0,5,0
158,172327680,2975,740100,11936550,30764950,6864900,50306500,50403800,1201,30583700,6238150,6065000,0,24132,0,5,0
159,28774455,2976,749950,11788850,29493800,7781350,49813950,49911500,1378,29318250,5685750,5500900,0,23812,0,5,0
160,1278562831,2977,738750,11711950,31663900,5949900,50064500,50161900,1007,31475200,7851450,7630100,0,23812,0,5,0
161,1878041307,2978,742300,11827650,38587700,15617750,66775400,66873850,2766,38409800,6144100,5971950,0,23812,0,5,0
162,2842495315,2979,1378500,10895150,30148650,7639000,50061300,50160450,1326,29970450,6142400,5377350,0,23812,0,5,0
163,942955647,2980,732650,11727550,30545000,7053000,50058200,50157400,1330,30373600,6065250,5886800,0,23812,0,5,0
164,3104849743,2981,1399000,11575100,29143550,7940600,50058250,50155750,1414,28969900,6166950,5977600,0,23812,0,5,0
165,2914266731,2982,733000,11770900,30436950,7120300,50061150,50160150,1340,30251750,6631550,6448350,0,23812,0,5,0
166,4064468955,2983,740850,11821700,30339350,6752300,49654200,50159450,1169,30164750,6127500,5953850,0,23812,0,5,0
167,3195515191,2984,737150,11835150,30521600,7071800,50165700,50265200,1244,30344900,6705750,6527950,0,23812,0,5,0
168,978211615,2985,736450,11789450,29518550,7904900,49949350,50048150,1403,29346100,5739200,5561450,0,24132,0,5,0
169,2835071531,2986,732150,11753800,30284600,7287950,50058500,50157550,1288,30104750,6437150,6263250,0,24132,0,5,0
170,2067386771,2987,735000,11852200,32165100,5308500,50060800,50159400,970,31981900,6304500,6128650,0,24132,0,5,0
171,1313815599,2988,738450,11509100,30314400,7495950,50057900,50155650,1329,30124500,6379550,6194350,0,23812,0,5,0
172,2403178911,2989,742050,11678350,30082550,7556950,50059900,50158950,1332,29910600,6084250,5897300,0,23812,0,5,0
173,2922328731,2990,737900,11427750,30185650,7708050,50059350,50156800,1371,29997550,6259400,6066600,0,23812,0,5,0
174,984914827,2991,740650,11694100,30954350,6671850,50060950,50158300,1250,30775950,6593200,6406850,0,23812,0,5,0
175,3908989879,2992,1359250,10868700,30038100,7793800,50059850,50158400,1386,29849500,6091050,5901400,0,23812,0,5,0
176,3999582383,2993,733950,11699250,30597250,7028100,50058550,50157250,1322,30418800,6560400,6380500,0,23812,0,5,0
177,407226939,2994,1245950,10872700,30063100,7876500,50058250,50156500,1397,29165150,6140450,5941750,0,23812,0,5,0
178,1756548563,2995,746450,11637950,30880750,7161850,50427000,50524350,1248,30711050,6916900,6729850,0,23812,0,5,0
179,270721439,2996,740150,11590400,29535450,7829500,49695500,49791200,1388,29364350,6307400,4793400,0,23812,0,5,0
CSV_END

NV_DONE_6c244093bef7=0
# 
CAPTURE: {"label": "fifo512-r1-s1800-grouped", "elapsed_seconds": 17.713778975999958, "bytes_received": 22033, "command": "/tmp/fifo-bench --frames 180 --warmup 30 --wait spin --state-frame 1800 --grouped --csv /tmp/fifo-case.csv; fifo_rc=$?; if [ \"$fifo_rc\" = 0 ]; then  printf \"\\nCSV_BEGIN\\n\"; cat /tmp/fifo-case.csv; printf \"CSV_END\\n\"; fi; test \"$fifo_rc\" = 0", "command_exit": 0, "login_sent": false, "log": "/path/to/research/experiments/fifo-study-20261008/20261008T082648Z-fifo512-r1-s1800-grouped.raw"}
