/tmp/fifo-bench --frames 180 --warmup 30 --wait spin --state-frame 3600 --retained --csv /tmp/fifo-case.csv; fifo_rc=$?; if [ "$fifo_rc" = 0 ]; then  printf "\nCSV_BEGIN\n"; cat /tmp/fifo-case.csv; printf "CSV_END\n"; fi; test "$fifo_rc" = 0; nv_status=$?; printf "\nNV_DONE_a0cd992c9318=%s\n" "$nv_status"
BEGIN_BREAKOUT frames=180 warmup=30 fixed=0 blocks=40 tiles=1 hud=1 wait=spin replay=0 state_frame=3600 profile=detailed pixel_centers=1 clock_call_ns=5846
HW_COUNTERS id=46490200 words=155500 wait_cycles=791050 longest_wait_cycles=4558 total_cycles=60184558 cpu_hz=20000000
RESULT frames=180 elapsed_s=3.009106050 fps=59.818430 logic_ms=0.818950 api_ms=2.220928 swap_ms=4.874383 wait_ms=8.668087 worker_inclusive_ms=4.684926 upload_inclusive_ms=1.334135 write_ms=1.160119 bytes_per_frame=3455.56 p50_ms=16.719350 p95_ms=16.987950 max_ms=22.143600 late_60hz=160 first_count=3673 last_count=3852 state_hash=3933ec17 remaining=6 score=340
RENDER_PATH retained=1 grouped=0 quads=580 full_frames=0
BREAKOUT_PASS

CSV_BEGIN
frame,state_hash,display_count,logic_ns,api_ns,swap_ns,wait_ns,total_ns,completion_interval_ns,polls,worker_inclusive_ns,upload_inclusive_ns,write_ns,read_ns,write_bytes,read_bytes,write_calls,read_calls
0,3653798554,3673,709150,2889250,5056900,7685950,16341250,16351900,1362,4897000,1252350,1101250,0,3612,0,5,0
1,4254654458,3674,711200,2766450,5167100,7977300,16622050,16721500,1411,5009550,1242700,1090000,0,3612,0,5,0
2,258432485,3675,714100,2384800,4163100,9360450,16622450,16721550,1704,4006300,782300,646800,0,2972,0,5,0
3,872827290,3676,1193150,1996500,5808600,7626350,16624600,16718950,1390,5651150,2024850,1880750,0,3612,0,5,0
4,30312805,3677,719400,1982700,5708350,8210150,16620600,16717850,1509,5558150,2021300,1879000,0,3612,0,5,0
5,4016430808,3678,693150,1566800,4093800,10272900,16626650,16719550,1786,3957550,785800,636750,0,2972,0,5,0
6,3012967645,3679,709300,2840300,5060350,8012100,16622050,16718850,1427,4901700,1255850,1107150,0,3612,0,5,0
7,3593359732,3680,698000,2719450,5184900,8021600,16623950,16721000,1414,5027750,1245050,1091250,0,3612,0,5,0
8,2714884843,3681,1344850,1572400,4820400,9178100,16915750,17014750,1484,4661800,1251150,1104450,0,3612,0,5,0
9,1754706848,3682,698600,1978700,5961650,7683600,16322550,16421450,1396,5806600,2069300,1901800,0,4252,0,5,0
10,634139175,3683,721250,3048050,5318050,6771200,15858550,16722650,1175,5162450,1480600,1336300,0,3932,0,5,0
11,2225001302,3684,697650,1574850,5162950,9183050,16618500,16713650,1706,4182150,1956750,1814100,0,3292,0,5,0
12,3881591779,3685,721050,2775150,5330650,7799400,16626250,16724750,1379,5172800,1467000,1327700,0,3612,0,5,0
13,2688998526,3686,699400,2672750,5310750,7943200,16626100,16718450,1394,5164150,1463350,1309900,0,3612,0,5,0
14,3733755993,3687,1251900,1557050,4085500,9723000,16617450,16718250,1658,3927300,788800,645700,0,2972,0,5,0
15,4110562030,3688,681900,1974100,5784800,8179500,16620300,16721350,1504,5638500,2019450,1876000,0,3612,0,5,0
16,2165534041,3689,712750,1968450,5309650,8628700,16619550,16719100,1587,4308900,1646400,1490250,0,3612,0,5,0
17,51482660,3690,686350,2476150,3872100,9592650,16627250,16719900,1762,3728000,1594750,1446650,0,2972,0,5,0
18,1808653113,3691,703600,2755300,5354050,7799000,16611950,16715050,1374,5196900,1475950,1325700,0,3612,0,5,0
19,3012136936,3692,1342300,1989150,5240350,8429050,17000850,17096000,1410,5092550,1465300,1315750,0,3612,0,5,0
20,1547905167,3693,723650,1567750,3993950,9957200,16242550,16340900,1640,3835300,785050,641450,0,2972,0,5,0
21,2010544228,3694,693900,1968150,5679200,8286550,16627800,16723850,1517,5525300,1903850,1759250,0,3612,0,5,0
22,2331187115,3695,707000,2926400,5107450,7880050,16620900,16720000,1429,4951150,2319400,2163150,0,3612,0,5,0
23,591091010,3696,689550,2336100,3919750,9671800,16617200,16716400,1778,3771500,1622650,1462100,0,2972,0,5,0
24,3337222943,3697,706550,3202200,6481200,6227000,16616950,16719350,1175,6309150,1763400,1593850,0,3612,0,5,0
25,541067522,3698,1264600,1988300,6030550,12761600,22045050,22143600,1343,5878700,2250150,2100250,0,3612,0,5,0
26,1909576061,3699,729050,4247800,3999950,2204750,11181550,11294600,272,3820800,770800,634400,0,2972,0,5,0
27,3576416482,3700,705550,1969350,5420500,8525400,16620800,16722250,1565,5272050,1652050,1485550,0,3612,0,5,0
28,2786439485,3701,708650,2861400,5186850,7862500,16619400,16716150,1408,5028000,1478000,1331800,0,3612,0,5,0
29,1931780192,3702,707100,2294950,3963850,9655400,16621300,16720850,1799,3818550,1656550,565700,0,2972,0,5,0
30,1799980229,3703,1443200,2028650,5171450,7975900,16619200,16719900,1395,5006550,1462600,1313150,0,3612,0,5,0
31,3538847580,3704,703200,1975400,5822500,7660250,16161350,16715750,1396,5661000,2023350,1880650,0,3612,0,5,0
32,3831628403,3705,712400,1563750,4731300,9616250,16623700,16723100,1650,4594700,1456950,1312650,0,3612,0,5,0
33,1903038664,3706,712800,3036600,5883650,6986900,16619950,16716250,1217,5716900,1705850,1553750,0,4252,0,5,0
34,3410263823,3707,720050,2764300,5555450,7576850,16616650,16720450,1334,5392150,1648400,1505750,0,3932,0,5,0
35,3263986894,3708,698650,2297850,4363900,9260500,16620900,16718900,1690,4218350,1048700,903250,0,3292,0,5,0
36,2175892875,3709,1320250,1976750,6090800,7395000,16782800,16879500,1341,5928550,2229500,2070000,0,3612,0,5,0
37,1813748966,3710,708750,1976700,5797250,7971200,16453900,16558750,1459,5640200,2014550,1865350,0,3612,0,5,0
38,833434417,3711,717700,1569100,3950650,10384750,16622200,16723000,1808,3804350,790850,643750,0,2972,0,5,0
39,4097282166,3712,698200,2890600,5317650,7709150,16615600,16714200,1383,5148300,1462500,1314750,0,3612,0,5,0
40,192773425,3713,1575350,2048950,6005550,6211350,15841200,16724800,1180,5828600,2212950,2052350,0,3612,0,5,0
41,858826700,3714,707250,2298350,4171700,9439250,16616550,16716100,1717,4022050,781250,638150,0,2972,0,5,0
42,1950483681,3715,1210250,1962850,6099200,7348000,16620300,16719000,1328,5922450,2341450,2189900,0,3612,0,5,0
43,575738928,3716,710450,1968050,5650100,8289250,16617850,16720950,1525,5504350,1880250,1727550,0,3612,0,5,0
44,1359536727,3717,720950,1567350,3927500,10404250,16620050,16715700,1811,3778300,785750,639850,0,2972,0,5,0
45,3117637717,3718,708650,2781950,5337400,7798000,16626000,16723250,1287,5177550,1455800,1310250,0,3612,0,5,0
46,2557278958,3719,716200,2751350,5418900,7729650,16616100,16718450,1355,5252700,1469650,1318700,0,3612,0,5,0
47,3928984507,3720,1339000,1563000,4082200,9873050,16857250,16958400,1724,3931200,780850,632100,0,2972,0,5,0
48,3279099526,3721,706750,1970250,5745400,7957100,16379500,16482050,1426,5583150,2008950,1860900,0,3612,0,5,0
49,3402996575,3722,708500,1957000,5348800,8600950,16615250,16715450,1588,5204700,1591400,1436800,0,3612,0,5,0
50,1848951628,3723,714100,1561150,3896150,10445650,16617050,16717800,1820,2914400,780700,641050,0,2972,0,5,0
51,3328119971,3724,711100,2699500,5397350,7821850,16629800,16722450,1358,5228600,1463450,1312850,0,3612,0,5,0
52,536923704,3725,705400,2691900,5308000,7911500,16616800,16717100,1392,5148050,1486200,1334350,0,3612,0,5,0
53,991563721,3726,1207200,1562100,4059000,9790400,16618700,16720850,1702,3908600,771700,636850,0,2972,0,5,0
54,2482503020,3727,719650,1953200,5739550,8211600,16624000,16721000,1147,5590050,2013800,1865750,0,3612,0,5,0
55,3320786401,3728,719900,2862050,4535400,8487150,16604500,16716300,1559,4368500,1653500,682650,0,3612,0,5,0
56,1307572882,3729,730100,2454800,4108350,9330150,16623400,16720150,1734,3948300,1741650,1575100,0,3612,0,5,0
57,1045847897,3730,695650,2700700,5742150,7487600,16626100,16721400,1300,5580800,1695900,1541150,0,4252,0,5,0
58,2886179050,3731,1485350,2002000,6082250,7379850,16949450,17046450,1337,5919650,1999450,1847600,0,3932,0,5,0
59,961732807,3732,696750,1583100,4350450,9660550,16290850,16388750,1632,4199000,1044950,902550,0,3292,0,5,0
60,1947062354,3733,708100,1966400,5592950,8357600,16625050,16721750,1507,5439100,1889650,1745650,0,3612,0,5,0
61,2075511931,3734,686600,3025650,5218950,7686450,16617650,16718100,1352,5056200,1460450,1316950,0,3612,0,5,0
62,2408546800,3735,714000,2367050,3959650,9575350,16616050,16717200,1746,3795500,1653200,1499550,0,2972,0,5,0
63,460493639,3736,707450,2672650,5338950,7903150,16622200,16721450,1357,5184750,1458200,1306500,0,3612,0,5,0
64,1463678916,3737,1259700,1963250,6084100,7323450,16630500,16732600,1299,5924200,2235050,2086750,0,3612,0,5,0
65,3795713909,3738,699500,1573100,4023600,10304600,16600800,16703700,1763,3876100,776800,632400,0,2972,0,5,0
66,1056688136,3739,707600,1962750,5299000,8647700,16617050,16719250,1557,5147500,1629550,1471150,0,3612,0,5,0
67,202923725,3740,686750,2823650,5384000,7729800,16624200,16720500,1348,5220700,1463050,1313800,0,3612,0,5,0
68,4012539606,3741,704450,2310950,3989150,9615150,16619700,16717800,1754,3827250,1666450,1507950,0,2972,0,5,0
69,1087445485,3742,1330350,1994500,5277550,8427950,17030350,17128800,1380,5128700,1459400,1310700,0,3612,0,5,0
70,491589414,3743,728600,2938650,4666250,7099600,15433100,16311750,1153,4496650,1812500,1654900,0,3612,0,5,0
71,1293200275,3744,690500,1566650,3996650,10361600,16615400,16717900,1772,3850200,772000,634650,0,2972,0,5,0
72,1737595726,3745,702300,2929400,5132350,7858250,16622300,16718700,1397,4971300,2326700,2166750,0,3612,0,5,0
73,2173390039,3746,689800,2741850,5348100,7844050,16623800,16722900,1328,5194850,1459650,1319550,0,3612,0,5,0
74,2060004372,3747,711350,2296450,4027200,9584950,16619950,16718350,1733,3863200,780000,640550,0,2972,0,5,0
75,668607547,3748,1267800,1969700,5991300,7494100,16722900,16822250,1332,5832300,2224000,2075050,0,3612,0,5,0
76,3409034624,3749,721500,1978550,5731050,8086000,16517100,16617900,1419,5565900,2008300,1867600,0,3612,0,5,0
77,66914193,3750,690900,1562950,3968500,10397100,16619450,16714900,1776,3832300,772050,633050,0,2972,0,5,0
78,2553907572,3751,703650,2895500,5139300,7887450,16625900,16723400,1392,4974100,1461000,1327700,0,3612,0,5,0
79,890390073,3752,701000,2714600,5375000,7826550,16617150,16715100,1325,5224400,1460300,1308600,0,3612,0,5,0
80,2223873098,3753,1349200,1620400,4696250,8956100,16621950,16724200,1584,4536650,1243750,1096400,0,3612,0,5,0
81,2336881585,3754,702000,1989350,5980950,7492300,16164600,16716250,1330,5821450,2084450,1941300,0,4252,0,5,0
82,4135459074,3755,709200,1980150,5694300,8241600,16625250,16719050,1457,5546000,1956900,1814400,0,3932,0,5,0
83,1986260127,3756,683750,1570700,5421900,8948550,16624900,16721100,1627,5275100,1865350,1725500,0,3292,0,5,0
84,353344474,3757,712000,2836200,5104450,7965550,16618200,16718050,1385,4935250,1231950,1095700,0,3612,0,5,0
85,3169575603,3758,700650,2724000,7107600,6090250,16622500,16719150,1123,6936550,1745050,1569100,0,3612,0,5,0
86,210205944,3759,1453000,1571700,4053300,9729500,16807500,16910850,1657,3883900,776700,641900,0,2972,0,5,0
87,1677393503,3760,692850,2015350,12395500,1330050,16433750,16530200,100,12212150,3571850,3369700,0,3612,0,5,0
88,3832728684,3761,718750,1998700,5315650,8576900,16610000,16714850,1547,5150350,1596800,1450900,0,3612,0,5,0
89,2074852568,3762,685250,2528350,5341600,8069500,16624700,16720150,1405,5171300,775750,637100,0,2972,0,5,0
90,1464943173,3763,721000,2768800,5130650,8003650,16624100,16722800,1390,4960150,1240600,1089450,0,3612,0,5,0
91,315990800,3764,699150,2695750,5084350,8140950,16620200,16719450,1400,4927900,1239000,1088900,0,3612,0,5,0
92,1451405891,3765,1205050,1561100,4169400,9677200,16612750,16714750,1641,4004300,780850,638750,0,2972,0,5,0
93,3196408848,3766,699050,1999000,5644600,8274200,16616850,16723550,1489,5498500,1888300,1743500,0,3612,0,5,0
94,141073587,3767,709700,2856300,4497050,8558250,16621300,16719000,1538,4327000,1679850,1522100,0,3612,0,5,0
95,3576439062,3768,688200,2434500,4038700,9456850,16618250,16717500,1638,3872650,1723100,1567050,0,2972,0,5,0
96,2798564443,3769,699300,2775000,5113100,8030600,16618000,16720750,1389,4944000,1241200,1091500,0,3612,0,5,0
97,3409362634,3770,1313550,2012400,4987800,8577000,16890750,16987950,1409,4831750,1235950,1088600,0,3612,0,5,0
98,1459202337,3771,729850,1572750,4009700,10032600,16344900,16447050,1678,3851200,779150,639650,0,2972,0,5,0
99,1984418334,3772,696600,2004400,5436550,8484500,16622050,16720250,1533,5283200,1687250,1539300,0,3612,0,5,0
100,2690152925,3773,723450,2965800,5138800,7023250,15851300,16720600,1188,4964950,1241700,1090750,0,3612,0,5,0
101,2607809844,3774,699350,2316450,3984550,9620350,16620700,16717100,1722,3823300,1652850,1491250,0,2972,0,5,0
102,3522750362,3775,704750,2727100,5025650,8163500,16621000,16720900,1413,4852000,1238700,1089450,0,3612,0,5,0
103,2368404599,3776,1219650,1984050,5756400,7664250,16624350,16720850,1375,4828100,1234600,1087250,0,3612,0,5,0
104,3250007036,3777,718700,1576550,4217200,10107450,16619900,16720550,1692,4055500,920700,778550,0,3612,0,5,0
105,1111684799,3778,691850,1995150,5594400,8334200,16615600,16715050,1493,4595500,1764950,1595300,0,4252,0,5,0
106,2213018028,3779,706150,2850050,4935200,8132500,16623900,16721600,1421,4772050,1075450,927000,0,3932,0,5,0
107,3171439817,3780,706400,2284650,4097650,9533600,16622300,16719700,1710,3942250,848500,686050,0,3292,0,5,0
108,2255827236,3781,1664650,2011350,4592200,8711250,16979450,17083000,1435,4417150,881100,740600,0,3612,0,5,0
109,2472184909,3782,696800,1996800,4649450,8915400,16258450,16354850,1473,4497350,874050,734350,0,3612,0,5,0
110,3140412334,3783,710000,1575000,3944600,10394150,16623750,16720200,1752,3800650,779350,643100,0,2972,0,5,0
111,785888721,3784,691700,2934800,4626950,8369200,16622650,16719600,1502,4458650,1765350,744050,0,3612,0,5,0
112,1084583170,3785,708450,2756600,4737700,8419750,16622500,16719050,1478,4569050,889000,751100,0,3612,0,5,0
113,4019848443,3786,692400,2267350,4177500,9483800,16621050,16718300,1697,4025000,784300,638900,0,2972,0,5,0
114,808788421,3787,1377000,2009600,4570600,8705100,16662300,16761900,1429,4408750,891250,742300,0,3612,0,5,0
115,3645042740,3788,712500,1988650,4628650,9949700,17279500,17380550,1406,4475950,874850,732750,0,3612,0,5,0
116,2991496187,3789,716550,2613950,3946150,8635250,15911900,16012900,1560,3781600,1610650,1448050,0,2972,0,5,0
117,3919662364,3790,703600,2966250,4736350,8222300,16628500,16723650,1441,4582200,898650,747050,0,3612,0,5,0
118,1681074571,3791,713650,2751850,4773300,8385250,16624050,16719250,1459,4609050,904100,750600,0,3612,0,5,0
119,4218967458,3792,1305100,1590850,4157700,9568200,16621850,16719350,1710,4012550,778750,631700,0,2972,0,5,0
120,625353107,3793,702300,2002400,4712550,8766300,16183550,16715950,1357,4544350,882650,743700,0,3612,0,5,0
121,3717195990,3794,689400,1994900,5439900,8493950,16618150,16720250,1536,5285950,1666250,1519250,0,3612,0,5,0
122,2425705089,3795,714800,1572600,3911650,10421100,16620150,16719000,1779,3773850,784000,640400,0,2972,0,5,0
123,2555484258,3796,688350,2814400,4940100,8182250,16625100,16721650,1427,4759550,892400,741300,0,3612,0,5,0
124,1141451493,3797,718100,2752850,4764200,8386350,16621500,16717800,1455,4603950,901000,750500,0,3612,0,5,0
125,1505942736,3798,1284300,1574000,4099800,9789450,16747550,16846700,1673,3946500,783900,636100,0,2972,0,5,0
126,2491710369,3799,705100,1993600,4606800,9184500,16490000,16590800,1494,4435700,881650,743550,0,3612,0,5,0
127,2825516936,3800,686200,1977150,5382600,8572950,16618900,16719900,1546,5236050,1624450,1461000,0,3612,0,5,0
128,809518447,3801,707150,2422450,4080650,9408650,16618900,16718150,1722,3915750,1680250,1538400,0,3612,0,5,0
129,1081694344,3802,703000,2710200,4989300,8219200,16621700,16719800,1397,4826950,932750,779850,0,4252,0,5,0
130,3544546839,3803,732650,2017800,5482050,6845100,15077600,16719350,1284,5305900,1667550,1519150,0,3932,0,5,0
131,2291142598,3804,1174000,1549100,4084750,9817850,16625700,16719050,1668,3929100,752500,607150,0,3292,0,5,0
132,3252385439,3805,716550,1982400,4488400,9434900,16622250,16720550,1483,4332550,805150,667850,0,3612,0,5,0
133,1602009306,3806,686550,2831200,4558150,8546700,16622600,16719950,1540,4394600,1684600,1524300,0,3612,0,5,0
134,2497072261,3807,714450,2410500,3917550,9581900,16624400,16720850,1750,3760650,1612100,1447200,0,2972,0,5,0
135,3739067406,3808,692650,2707800,4772300,8447400,16620150,16718950,1446,4612950,816900,666550,0,3612,0,5,0
136,1716074641,3809,1341700,1998250,4538700,8953750,16832400,16932700,1486,4374200,822000,675150,0,3612,0,5,0
137,3982919220,3810,694950,1575950,3943300,10188600,16402800,16501900,1745,3800350,700900,559350,0,2972,0,5,0
138,2723337005,3811,699400,1987950,5310450,8627050,16624850,16722450,1536,5160300,1610750,1459150,0,3612,0,5,0
139,733376204,3812,683100,2914850,4581850,8438050,16617850,16717300,1506,4410050,827450,682450,0,3612,0,5,0
140,43915006,3813,705000,2330250,3922450,9666050,16623750,16720400,1766,3761000,1615950,1460100,0,2972,0,5,0
141,2309932913,3814,707650,2662200,4703700,8547400,16620950,16717200,1487,4544300,815700,663000,0,3612,0,5,0
142,1653305798,3815,1332250,1986000,4524850,8781450,16624550,16722750,1444,4355400,812700,670700,0,3612,0,5,0
143,145291823,3816,690200,1577600,3939200,10409400,16616400,16716700,1789,3806000,702650,562750,0,2972,0,5,0
144,3013902878,3817,701900,2808750,4472000,8638750,16621400,16720150,1559,4299750,1642800,1482750,0,3612,0,5,0
145,2859971923,3818,693850,2927350,5023250,7983400,16627850,16721450,1375,4854400,826850,679550,0,3612,0,5,0
146,3026746148,3819,718950,2308850,3900600,9690950,16619350,16718800,1445,3742900,718250,573950,0,2972,0,5,0
147,736325239,3820,1326000,2015300,4587200,8990100,16918600,17023650,1492,4427200,816750,670550,0,3612,0,5,0
148,2759885216,3821,723050,1990500,4639450,9107650,16460650,16559950,349,4479200,807650,668100,0,3612,0,5,0
149,1930007773,3822,711250,1597200,3964650,10179450,16452550,16573150,1731,3815250,701000,563400,0,2972,0,5,0
150,4233548434,3823,704050,1566650,4015650,10339200,16625550,16720800,1759,3860450,813000,668400,0,3612,0,5,0
151,3821597075,3824,693500,2355950,4257000,9312650,16619100,16718400,1688,4100650,1825800,1656150,0,3612,0,5,0
152,1056834796,3825,696100,2303150,4239300,9376350,16614900,16717300,1673,4078000,820450,677750,0,3612,0,5,0
153,2756113825,3826,1246300,1556500,4133500,9687300,16623600,16719600,1645,3974550,784950,641800,0,3292,0,5,0
154,2193869574,3827,707800,1572600,4036050,10304700,16621150,16721350,1736,3873200,782550,639750,0,3292,0,5,0
155,39089791,3828,684350,1561050,3976500,10397050,16618950,16717950,1777,3839050,775250,637600,0,2972,0,5,0
156,1158667078,3829,703500,2514850,3931600,9468450,16618400,16718500,1727,3772200,1615950,1445200,0,2972,0,5,0
157,4085879547,3830,706050,2265100,3988950,9659800,16619900,16718850,1670,3837100,1661450,1492650,0,2972,0,5,0
158,313686028,3831,1428450,1588300,4165350,9823650,17005750,17111600,1682,4008750,789900,642900,0,2972,0,5,0
159,3216587021,3832,691550,1579650,4041500,9919450,16232150,16329800,1691,3891250,778100,637600,0,2972,0,5,0
160,876009466,3833,703950,1555900,3962750,10398250,16620850,16719000,1748,3822250,778150,640150,0,2972,0,5,0
161,981002535,3834,697900,1563300,3936850,10420450,16618500,16715250,1779,3804700,774200,633450,0,2972,0,5,0
162,47529864,3835,701050,2429100,3918550,9577000,16625700,16721750,1787,3759100,1626850,1467400,0,2972,0,5,0
163,868088385,3836,707200,2278650,4067700,9568100,16621650,16718400,1730,3923050,775000,633100,0,2972,0,5,0
164,2331947246,3837,1276450,1565850,4093750,9763950,16700000,16797550,1702,3936200,790550,642600,0,2972,0,5,0
165,2168054517,3838,686700,1985950,4651500,9217900,16542050,16641100,1567,4496850,870650,734750,0,3612,0,5,0
166,3926666066,3839,729050,1972700,5274500,8644700,16620950,16719950,1568,5119850,1608850,1450300,0,3612,0,5,0
167,1177610667,3840,691150,2501350,4034100,9397600,16624200,16719550,1756,3879900,1707400,1565850,0,2972,0,5,0
168,3782405190,3841,698000,2763200,4786100,8372550,16619850,16720350,1493,4627100,904550,754850,0,3612,0,5,0
169,916405275,3842,1324050,2026800,4719350,8550850,16621050,16718600,1519,4562600,882200,733650,0,3612,0,5,0
170,1596582148,3843,709800,1585750,4291950,9460850,16048350,16719950,1612,4133450,777950,640500,0,2972,0,5,0
171,4199562603,3844,710000,1996050,5395650,8525300,16627000,16719700,1583,4466600,874550,732350,0,3612,0,5,0
172,3017986708,3845,727800,2903300,4559250,8429050,16619400,16717050,1544,4393800,1733350,696650,0,3612,0,5,0
173,2654286289,3846,695200,2485200,3921100,9518150,16619650,16717850,1774,3768900,1604100,1442150,0,2972,0,5,0
174,1031695476,3847,703850,2746850,5283200,7888550,16622450,16722950,1381,5104450,1256850,1105450,0,4252,0,5,0
175,2959877989,3848,1286900,1993300,5889850,7617150,16787200,16884750,1397,4945900,1246950,1099900,0,4252,0,5,0
176,1566373458,3849,712900,1584250,4347250,9807200,16451600,16550650,1699,4191050,925200,781250,0,3612,0,5,0
177,3017804585,3850,710250,1983750,7771100,6161250,16626350,16722750,1014,7618150,1240450,1093650,0,3932,0,5,0
178,1442923286,3851,724650,2905950,5001100,7986500,16618200,16719050,1437,4834550,1249300,1111650,0,3932,0,5,0
179,959704087,3852,696550,2279600,4090200,9552250,16618600,16717650,1777,3938400,1765600,569700,0,2972,0,5,0
CSV_END

NV_DONE_a0cd992c9318=0
# 
CAPTURE: {"label": "fifo512-r1-s3600-retained", "elapsed_seconds": 10.490999117000683, "bytes_received": 21186, "command": "/tmp/fifo-bench --frames 180 --warmup 30 --wait spin --state-frame 3600 --retained --csv /tmp/fifo-case.csv; fifo_rc=$?; if [ \"$fifo_rc\" = 0 ]; then  printf \"\\nCSV_BEGIN\\n\"; cat /tmp/fifo-case.csv; printf \"CSV_END\\n\"; fi; test \"$fifo_rc\" = 0", "command_exit": 0, "login_sent": false, "log": "/path/to/research/experiments/fifo-study-20261008/20261008T082754Z-fifo512-r1-s3600-retained.raw"}
