/tmp/fifo-bench --frames 180 --warmup 30 --wait spin --state-frame 1800  --csv /tmp/fifo-case.csv; fifo_rc=$?; if [ "$fifo_rc" = 0 ]; then  printf "\nCSV_BEGIN\n"; cat /tmp/fifo-case.csv; printf "CSV_END\n"; fi; test "$fifo_rc" = 0; nv_status=$?; printf "\nNV_DONE_d49c1c6aa43b=%s\n" "$nv_status"
BEGIN_BREAKOUT frames=180 warmup=30 fixed=0 blocks=40 tiles=1 hud=1 wait=spin replay=0 state_frame=1800 profile=detailed pixel_centers=1 clock_call_ns=5531
HW_COUNTERS id=46490200 words=1086340 wait_cycles=1902447 longest_wait_cycles=2945 total_cycles=240079633 cpu_hz=20000000
RESULT frames=180 elapsed_s=12.003850700 fps=14.995188 logic_ms=0.884942 api_ms=17.391400 swap_ms=33.449033 wait_ms=14.816003 worker_inclusive_ms=33.215667 upload_inclusive_ms=6.388584 write_ms=6.150708 bytes_per_frame=24140.89 p50_ms=66.877350 p95_ms=67.078500 max_ms=68.720500 late_60hz=180 first_count=3245 last_count=3424 state_hash=1022e19f remaining=21 score=190
RENDER_PATH retained=0 grouped=0 quads=10250 full_frames=180
BREAKOUT_PASS

CSV_BEGIN
frame,state_hash,display_count,logic_ns,api_ns,swap_ns,wait_ns,total_ns,completion_interval_ns,polls,worker_inclusive_ns,upload_inclusive_ns,write_ns,read_ns,write_bytes,read_bytes,write_calls,read_calls
0,2110160739,3245,789150,17499200,35170000,12814700,66273050,66285600,1135,34979100,6627950,6423500,0,24452,0,5,0
1,1693181783,3246,823950,17968250,33538800,14417450,66748450,66871500,2517,33356100,6126450,5934150,0,24452,0,5,0
2,802378003,3247,775100,17132050,33595250,15266000,66768400,66876350,2728,32701100,6411700,6221000,0,24452,0,5,0
3,773631361,3248,780850,17068350,34433450,14488750,66771400,66877550,2656,34247200,6752700,6550250,0,24452,0,5,0
4,3600043099,3249,1332250,17250400,32998400,15190200,66771250,66878650,2682,32831800,6166200,5974800,0,24452,0,5,0
5,1618316913,3250,773900,17822050,32616250,15553050,66765250,66877750,2785,32438200,6299450,6079600,0,24452,0,5,0
6,201713393,3251,821450,18226800,33720450,13391000,66159700,66980050,2345,33539050,5982350,5802700,0,24452,0,5,0
7,2011502881,3252,776100,17172350,33478400,15242750,66669600,66775950,2455,33304500,6188600,5989350,0,24452,0,5,0
8,3125474025,3253,1599550,17284150,32843350,15029400,66756450,66873700,2647,32675950,5994700,5809850,0,24452,0,5,0
9,1342287211,3254,778350,17853850,33172100,14965850,66770150,66875950,2670,32992000,6199000,5971300,0,24452,0,5,0
10,3857196809,3255,790300,17288300,33857650,14836500,66772750,66878750,2731,33685350,6734300,6544300,0,24452,0,5,0
11,2240049260,3256,1282150,17078800,32464000,15943500,66768450,66878600,2896,32292400,5778000,5574500,0,24132,0,5,0
12,1815897908,3257,766000,17656950,32874850,15473550,66771350,66878800,2826,32697250,6678200,6449700,0,24132,0,5,0
13,648884648,3258,765850,16980200,33559650,15465700,66771400,66876550,2833,33387950,6689650,6480150,0,24132,0,5,0
14,2931991803,3259,776900,16985300,33073750,15932000,66767950,66873700,2918,32907150,6155800,5969100,0,24132,0,5,0
15,4227589206,3260,1431650,16912900,35259650,13169100,66773300,66879150,2394,35085550,6810200,6608650,0,24132,0,5,0
16,1986714807,3261,762800,24669850,33618650,7724850,66776150,66880550,1400,33436500,6752100,6565600,0,24132,0,5,0
17,28333542,3262,763500,16984200,33695200,15324100,66767000,66872150,2892,33528700,6659200,5910950,0,24132,0,5,0
18,842458438,3263,769750,17141500,32622550,15804350,66338150,66883700,2782,32454750,5978800,5797900,0,24132,0,5,0
19,4035787358,3264,779500,17609250,32510400,15862450,66761600,66872500,2909,32335000,6233650,6012200,0,24132,0,5,0
20,3966921526,3265,776750,17007800,33744100,15242550,66771200,66877050,2785,33571450,6749800,6553500,0,24132,0,5,0
21,3331783808,3266,777550,16879000,33233050,15878950,66768550,66876550,2904,33059300,6169100,5959150,0,24132,0,5,0
22,1855912102,3267,1683450,17066650,32387950,15634900,66772950,66879100,2830,32221600,5771700,5580450,0,24132,0,5,0
23,3437663592,3268,771000,18992000,33720550,13286400,66769950,66877850,2366,33527750,6026900,5835500,0,24132,0,5,0
24,3162062844,3269,765000,16993750,33615650,15706500,67080900,67186950,2885,33451100,6653950,6458000,0,24132,0,5,0
25,1213835568,3270,774950,17514800,33131050,15038750,66459550,66565450,2700,32955550,6127050,5933100,0,24132,0,5,0
26,4133797692,3271,766150,17538600,32581950,15883400,66770100,66877550,2910,32407350,6257400,6045250,0,24132,0,5,0
27,256876650,3272,770450,16901650,33712000,15386600,66770700,66877900,2815,33539650,6605050,6390500,0,24452,0,5,0
28,482917404,3273,775350,17268000,33111300,15613550,66768200,66875550,2846,32941000,6194500,6004050,0,24452,0,5,0
29,1264633954,3274,1335400,16921350,35328050,13182850,66767650,66876050,2415,35145150,6581300,6379900,0,24132,0,5,0
30,3606135978,3275,761400,17655500,32630450,15838800,66886150,66993500,2605,32457700,6304750,6112200,0,24132,0,5,0
31,2630115922,3276,795350,17054500,41932350,7046400,66828600,66940300,1262,41753200,6410000,6208900,0,24132,0,5,0
32,3881483034,3277,771600,17155850,33076700,15588100,66592250,66699550,2817,32906250,6125300,5933800,0,24132,0,5,0
33,2944919204,3278,1424050,16763950,32687200,15892450,66767650,66875000,2846,32519550,6316950,6078850,0,24132,0,5,0
34,646532490,3279,765550,16869850,33792900,15341250,66769550,66879050,2744,33621850,6283150,6086250,0,24132,0,5,0
35,2877853796,3280,765950,16921300,33206150,15874850,66768250,66876750,2838,33033600,6118250,5920700,0,24132,0,5,0
36,1922367648,3281,813750,17270700,33479850,13908450,65472750,66875100,2512,33300150,6536500,6352900,0,24132,0,5,0
37,1795563108,3282,780000,17607850,33243100,15137250,66768200,66877500,2696,33070200,6345000,6115650,0,24132,0,5,0
38,214631552,3283,775600,16957500,34934800,14141150,66809050,66916350,2495,34747750,6372500,6163800,0,24132,0,5,0
39,1929726190,3284,767500,17057150,33060600,15848650,66733900,66839550,2812,32888750,6112450,5899550,0,24132,0,5,0
40,1190506064,3285,1438700,16767900,33045850,15519600,66772050,66878800,2770,32859600,6894450,5854400,0,24132,0,5,0
41,3268351150,3286,772250,16887300,33485450,15623850,66768850,66873350,2802,33310100,6429700,6214400,0,24132,0,5,0
42,118037070,3287,777750,17010050,32909150,16071450,66768400,66877550,2877,32736800,6140450,5955500,0,24132,0,5,0
43,1955195062,3288,1258900,17051200,32415450,16045450,66771000,66878900,2762,32241700,5777250,5576100,0,24132,0,5,0
44,1797432467,3289,778400,17692900,32612200,15681950,66765450,66875650,2809,32432950,6200600,5981800,0,24132,0,5,0
45,1035442557,3290,773900,16979500,33762000,15254250,66769650,66875600,2725,33591200,6704200,6487700,0,24132,0,5,0
46,2267612867,3291,769600,18517500,38865900,8625500,66778500,66883400,1218,37878950,12139200,11936000,0,24132,0,5,0
47,1217717069,3292,1448850,16915900,32964600,15419300,66748650,66871650,2747,32790600,5867350,5678200,0,24132,0,5,0
48,1461268009,3293,765350,17610000,32608700,15786750,66770800,66877650,2834,32432350,6424500,6234800,0,24132,0,5,0
49,2370304197,3294,775500,16882800,33021250,16786000,67465550,67571450,2876,32841850,6132600,5927050,0,24132,0,5,0
50,655561417,3295,780550,17170750,33053000,15070300,66074600,66182000,2645,32880350,6083800,5899150,0,24132,0,5,0
51,524675839,3296,772250,17559900,32947950,15494150,66774250,66880500,2770,32770550,6358650,6128400,0,24452,0,5,0
52,1155835041,3297,770600,17014700,33653800,15330450,66769550,66875850,2742,33477550,6567650,6374750,0,24452,0,5,0
53,214853719,3298,774600,17477150,32930250,15593000,66775000,66880000,2436,32757450,6131750,5939700,0,24132,0,5,0
54,3035389575,3299,1399500,16954350,32898200,15497850,66749900,66872850,2765,32729100,5898200,5704000,0,24132,0,5,0
55,1549109231,3300,773300,17570000,32742500,15685250,66771050,66876800,2813,32568000,6217050,5998400,0,24132,0,5,0
56,66132623,3301,773200,17350150,33780650,15117550,67021550,67127500,2699,33604700,6691100,6494500,0,24132,0,5,0
57,3504604473,3302,783250,17057250,32791550,15889850,66521900,66628200,2816,32623250,5992000,5061700,0,24132,0,5,0
58,1691498415,3303,772450,17476150,32680450,15841400,66770450,66878100,2841,32501700,6192150,5970200,0,24132,0,5,0
59,4055346753,3304,772750,16865400,33767250,15361450,66766850,66877300,2749,33594800,6324900,6121200,0,24132,0,5,0
60,4185240021,3305,784650,17079500,33037300,15868900,66770350,66877450,2812,32867950,6134500,5943350,0,24132,0,5,0
61,380494641,3306,1339300,16785450,35469600,13174750,66769100,66877850,2388,35288600,6716650,6512950,0,24132,0,5,0
62,648826037,3307,764050,25377100,32949850,7679400,66770400,66877500,1360,32774700,6134200,5936600,0,24132,0,5,0
63,457329003,3308,766650,16972900,33667650,15473700,66880900,66986000,2774,33496000,6629400,6423600,0,24132,0,5,0
64,3359035981,3309,775050,17190900,32927250,15765500,66658700,66766150,2791,32759650,6111250,5915400,0,24132,0,5,0
65,1526400123,3310,1409000,16799550,33215100,15347100,66770750,66878950,2739,33046250,5714100,5513700,0,24132,0,5,0
66,1691524227,3311,776750,16868950,33549450,15569700,66764850,66875650,2790,33377900,6549550,6354550,0,24132,0,5,0
67,1475349003,3312,809900,17245850,33614600,14384050,66054400,66876550,2608,33425250,6638050,6435800,0,24132,0,5,0
68,485644907,3313,1310000,16913650,33340000,15203200,66766850,66879300,2701,33168300,6167850,5981300,0,24132,0,5,0
69,1050479637,3314,765100,19469800,33557900,12978600,66771400,66877400,2363,32819850,5953600,5773550,0,24132,0,5,0
70,3204525547,3315,768950,17030500,33623850,15346850,66770150,66876650,2806,33457600,6691150,6497850,0,24132,0,5,0
71,4185398997,3316,782500,17116250,32594900,16274400,66768050,66875650,2867,32427950,5946950,5748100,0,24132,0,5,0
72,3094072225,3317,1443200,16907100,32794400,15623400,66768100,66877750,2857,32629750,5698750,5508950,0,24132,0,5,0
73,1835371693,3318,776350,16893600,33410250,15689850,66770050,66875500,2875,32528150,6531950,6319550,0,24132,0,5,0
74,2168771505,3319,772650,17169200,33459950,15370950,66772750,66880300,2735,32734200,6053450,5869800,0,24132,0,5,0
75,4059398759,3320,780350,17010550,32566750,15948050,66305700,66877150,2854,32397200,5895950,5690350,0,24452,0,5,0
76,644479865,3321,778350,17590850,32657400,15746450,66773050,66879750,2489,32480550,6248450,6028450,0,24452,0,5,0
77,1914197423,3322,797100,17056450,40904750,8132050,66890350,67007400,1405,40143900,6172700,5978900,0,24132,0,5,0
78,430804047,3323,784600,17264200,33101550,15483250,66633600,66743450,2729,32927850,6186050,5999600,0,24132,0,5,0
79,3866048775,3324,1387950,16863950,32875900,15643850,66771650,66878100,2799,32705050,5769150,5571300,0,24132,0,5,0
80,7140231,3325,773450,17656300,32767100,15574250,66771100,66876900,2791,32593950,6359700,6157450,0,24132,0,5,0
81,1511961547,3326,780150,17464200,33745300,15113800,67103450,67209400,2669,33560050,6727800,6524750,0,24132,0,5,0
82,376629139,3327,776950,16971750,32648900,16037700,66435300,66541350,2875,32472900,5939900,5750550,0,24132,0,5,0
83,1861594235,3328,777050,17490550,32721550,15783300,66772450,66878150,2829,32546650,6200200,5964750,0,24132,0,5,0
84,1702339483,3329,770700,17242900,35525200,13234500,66773300,66879450,2309,34478550,6087950,5901400,0,24132,0,5,0
85,966101579,3330,769200,17131450,32927750,15941150,66769550,66875200,2826,32753450,6185850,5975400,0,24132,0,5,0
86,2786182811,3331,1326500,16884850,32960700,15597150,66769200,66875200,2788,32789300,5836250,5647000,0,24132,0,5,0
87,3655782539,3332,780200,17629600,33062950,15298500,66771250,66877350,2732,32888700,6147500,5920500,0,24132,0,5,0
88,3735461922,3333,785050,17131100,33322150,15732800,66971100,67078500,2798,33156950,6662450,6463200,0,24132,0,5,0
89,270833838,3334,778450,16859350,35538900,13392850,66569550,66676850,2433,35353700,6266550,6061100,0,24132,0,5,0
90,930095294,3335,769200,17433350,33252750,15317450,66772750,66878850,2733,33080200,5749350,5572950,0,24132,0,5,0
91,1273808962,3336,760950,16910950,33600650,15496500,66769050,66878550,2775,33426500,6611250,6405750,0,24132,0,5,0
92,1953673858,3337,776350,19501000,40662350,5828900,66768600,66875550,1065,40475600,13942100,13653250,0,24132,0,5,0
93,4057475070,3338,1294250,16856900,33847750,14773600,66772500,66875700,2614,33653450,6109550,5911900,0,24132,0,5,0
94,3372198854,3339,767900,17726650,32672650,15603650,66770850,66878150,2795,32493350,6189900,6000750,0,24132,0,5,0
95,2335202154,3340,777400,17112800,33680750,15257950,66828900,66936100,2701,33507850,6744400,6540650,0,24132,0,5,0
96,2170853250,3341,772400,16980150,32982700,15972600,66707850,66816650,2857,32807550,6125500,5127550,0,24132,0,5,0
97,1829955022,3342,821200,17009500,33131700,14331800,65294200,66878850,2526,32943150,6077450,5887900,0,24132,0,5,0
98,1856045454,3343,771350,16915250,33538450,15544450,66769500,66876250,2786,32498150,6617300,6418150,0,24132,0,5,0
99,2544683154,3344,776500,17028800,33927950,15038500,66771750,66883150,2428,32914350,6123000,5919150,0,24452,0,5,0
100,1531444578,3345,811950,17053700,32918000,15512550,66296200,66873100,2770,32749600,6081600,5892200,0,24452,0,5,0
101,1139277022,3346,780150,17599050,32460750,15933050,66773000,66878950,2924,32283250,6128400,5907850,0,24132,0,5,0
102,2614530982,3347,772900,17177700,33286400,15532000,66769000,66873450,2730,33117000,6625300,6423400,0,24132,0,5,0
103,464765994,3348,781050,16920750,32593550,16467950,66763300,66877150,3023,32423950,5892600,5689400,0,24132,0,5,0
104,1592019490,3349,1416550,16914150,32478200,15961150,66770050,66875900,2863,32307350,6311500,6096300,0,24132,0,5,0
105,66207950,3350,773000,17711950,32584450,15702350,66771750,66879550,2756,32407950,6346450,6131500,0,24132,0,5,0
106,2639428798,3351,782950,17154200,33462850,15756200,67156200,67263550,2809,33298150,6615550,6420100,0,24132,0,5,0
107,1495915330,3352,774500,16918850,35107400,15815400,68616150,68720500,1971,34924150,6396650,6194050,0,24132,0,5,0
108,4079891938,3353,809750,19722600,32327950,11661850,64522150,64646650,2119,32146050,6072450,5875900,0,24132,0,5,0
109,1204987230,3354,761150,18168600,32683000,15159700,66772450,66878550,2737,32512750,6330650,6127150,0,24132,0,5,0
110,949029318,3355,775300,17020700,32960100,16015200,66771300,66877550,2929,32789700,6230050,6037000,0,24132,0,5,0
111,2727127274,3356,1333900,16875150,32973900,15585600,66768550,66874700,2849,32801300,5764800,5562950,0,24132,0,5,0
112,2443393666,3357,775150,18263500,32345100,15387300,66771050,66877000,2810,32172300,6164350,5947900,0,24132,0,5,0
113,434260526,3358,774000,17122100,33553050,15569800,67018950,67124550,2828,33383150,6620550,6411050,0,24132,0,5,0
114,2637634158,3359,768850,16952000,33122450,15683300,66526600,66632650,2862,32955050,6105300,5912300,0,24132,0,5,0
115,4248248050,3360,776950,19360200,34117700,12513550,66768400,66874800,2304,33933950,6636350,6436850,0,24132,0,5,0
116,663154818,3361,763500,17124250,33492300,15393800,66773850,66878350,2785,32601800,6707100,6512450,0,24132,0,5,0
117,1461428606,3362,769250,16857100,32779450,16359100,66764900,66875450,3000,32607050,6141400,5078650,0,24132,0,5,0
118,3252362022,3363,1307700,16885900,33613050,14966450,66773100,66879000,2715,33430850,6066300,5880000,0,24132,0,5,0
119,2423015338,3364,768550,17775950,32490400,15733500,66768400,66875750,2884,32315700,6225900,6021500,0,24132,0,5,0
120,507309730,3365,781150,17109650,33189500,15792750,66873050,66980250,2878,33022600,6051550,5865100,0,24132,0,5,0
121,2882991293,3366,776600,16840150,33656250,15393550,66666550,66773750,2798,33482950,6092450,5894050,0,24132,0,5,0
122,3682963569,3367,1421100,16708300,32540950,16098800,66769150,66882200,2612,32366250,6193300,5977050,0,24132,0,5,0
123,1404881069,3368,799500,22480800,35904450,7569000,66753750,66871900,1310,35726700,6547550,6344550,0,24452,0,5,0
124,624513273,3369,775050,17010400,34000300,14986050,66771800,66879700,2760,33822050,6778700,6588400,0,24452,0,5,0
125,484090933,3370,1267500,16844050,33282400,15369250,66763200,66875250,2740,33111100,6082350,5880450,0,24132,0,5,0
126,2330053545,3371,774450,17733050,32264450,15994000,66765950,66874700,2876,32091500,6313000,6119050,0,24132,0,5,0
127,3891445269,3372,820850,17977500,32773300,14478500,66050150,66879150,2521,32576700,6607000,6398100,0,24132,0,5,0
128,1947616753,3373,775550,17049400,32511000,16437350,66773300,66877400,2960,32342400,5830950,5641900,0,24132,0,5,0
129,965975981,3374,1435150,16747750,32889600,15699900,66772400,66878400,2869,32715500,6475150,6240150,0,24132,0,5,0
130,2786931617,3375,772900,17825350,34508250,13668850,66775350,66880100,2329,34322700,6018400,5837900,0,24132,0,5,0
131,4011087213,3376,764400,16983700,33657650,15358350,66764100,66872450,2910,32884300,6246600,6043800,0,24132,0,5,0
132,3703868376,3377,765150,17009100,32478100,16074850,66327200,66879200,2948,32308600,5783450,5594050,0,24132,0,5,0
133,212089708,3378,778500,17661800,32346250,15985400,66771950,66876350,2875,32168800,6148950,5931450,0,24132,0,5,0
134,737348112,3379,783650,17189700,33456600,15342050,66772000,66876800,2778,33284800,6702100,6508000,0,24132,0,5,0
135,1465149204,3380,769700,16995700,33066800,15938050,66770250,66874700,2916,32894300,6122750,5912650,0,24132,0,5,0
136,3549792448,3381,1372650,16948150,32721450,15735150,66777400,66881950,2876,32552250,5730400,5544150,0,24132,0,5,0
137,3053421220,3382,780800,18232100,32437750,15321300,66771950,66876450,2766,32269750,6153350,5932050,0,24132,0,5,0
138,904563048,3383,772300,19334600,40512600,6481500,67101000,67205550,1139,40324700,6208100,5994200,0,24132,0,5,0
139,1363341148,3384,782850,16950500,33082500,15625000,66440850,66545450,2852,32908900,6103750,5894700,0,24132,0,5,0
140,3357813192,3385,782150,18051350,32452350,15487450,66773300,66878150,2826,32278000,6371500,5566800,0,24132,0,5,0
141,1376589724,3386,778400,17094100,33488200,15407350,66768050,66875250,2787,33312250,6559850,6342400,0,24132,0,5,0
142,2806738240,3387,775550,17049000,33088300,15862700,66775550,66880550,2898,32916050,6148400,5958750,0,24132,0,5,0
143,1863420068,3388,1330700,16879600,33405200,15155700,66771200,66876050,2755,33236950,6053200,5852750,0,24132,0,5,0
144,2368389248,3389,782600,17927600,32289000,15770700,66769900,66874650,2863,32116150,6316150,6118700,0,24132,0,5,0
145,3624800580,3390,780950,16954300,34933650,14268900,66937800,67042550,2548,34751550,8096950,7868500,0,24132,0,5,0
146,2708332264,3391,793800,17093850,33504850,15217000,66609500,66717550,2762,33327600,6079200,5891900,0,24132,0,5,0
147,3643166428,3392,775650,17686200,32841050,15465700,66768600,66873550,2818,32668000,6529750,6305750,0,24452,0,5,0
148,1604903896,3393,781800,17082600,33431250,15474150,66769800,66878350,2799,32546600,6636000,6437250,0,24452,0,5,0
149,499105388,3394,779900,19412550,33229400,13348500,66770350,66876800,2418,33039850,6351200,5566550,0,24132,0,5,0
150,3393190256,3395,1264350,16998500,33122700,15386300,66771850,66877700,2746,32953300,6095300,5903800,0,24132,0,5,0
151,1752164884,3396,783000,17809200,32268150,15911150,66771500,66877700,2830,32092500,6220450,6005350,0,24132,0,5,0
152,112950176,3397,771150,17016950,33720250,15307800,66816150,66921800,2738,33546250,6815300,6621000,0,24132,0,5,0
153,218377828,3398,774800,16888600,35397500,13935700,66996600,67101350,1416,35213250,6240550,6045600,0,24132,0,5,0
154,1614877672,3399,1591900,17159100,32396550,15334050,66481600,66605100,2735,32221800,5781600,5598950,0,24132,0,5,0
155,624660060,3400,769750,17765300,32963850,15270200,66769100,66876700,2678,32791650,6794750,6580350,0,24132,0,5,0
156,1646146728,3401,778400,17027150,33672700,15293250,66771500,66878450,2830,32950300,6120250,5935450,0,24132,0,5,0
157,2550301372,3402,1261200,16903400,33273500,15331400,66769500,66876550,2733,33106500,6125050,5916700,0,24132,0,5,0
158,172327680,3403,782800,17779950,32421800,15787300,66771850,66878100,2722,32245950,6187650,5993400,0,24132,0,5,0
159,28774455,3404,785850,16736800,33386350,15856900,66765900,66876000,2859,33215800,6247950,6041800,0,23812,0,5,0
160,1278562831,3405,770250,16700850,32266800,313600,50051500,50155950,58,32084150,6309550,6095300,0,23812,0,5,0
161,1878041307,3406,761600,17363600,34576100,14081600,66782900,66881500,2481,34391400,5970700,5783550,0,23812,0,5,0
162,2842495315,3407,777950,17143000,33185650,15665850,66772450,66876950,2814,33014650,6611550,6417950,0,23812,0,5,0
163,942955647,3408,779100,16878500,31875800,517750,50051150,50156000,99,31692600,6122000,5885550,0,23812,0,5,0
164,3104849743,3409,764150,17716250,32314900,15985100,66780400,66879200,2846,32140550,6441550,6248250,0,23812,0,5,0
165,2914266731,3410,776900,16728250,33529200,15815650,66850000,66954650,2854,32811900,6054800,5855200,0,23812,0,5,0
166,4064468955,3411,763650,16816450,32413350,16701800,66695250,66799700,3013,32237000,6416350,5491800,0,23812,0,5,0
167,3195515191,3412,1407150,16851650,32129500,16383300,66771600,66876700,2928,31950500,6145450,5925350,0,23812,0,5,0
168,978211615,3413,761200,16752500,33491150,15763700,66768550,66874000,2827,33315700,7107350,6904900,0,24132,0,5,0
169,2835071531,3414,779550,18104200,39457350,8435250,66776350,66879250,1455,38449450,12807700,12533200,0,24132,0,5,0
170,2067386771,3415,1294700,16784050,32509950,16183600,66772300,66878900,2904,32336800,6468950,5534200,0,24132,0,5,0
171,1313815599,3416,766500,17573400,32253550,16177850,66771300,66877750,2797,32076800,6237000,6024250,0,23812,0,5,0
172,2403178911,3417,777600,16834850,32550650,16602750,66765850,66875000,2904,32371250,6079300,5892100,0,23812,0,5,0
173,2922328731,3418,772200,16652750,32537600,16809300,66771850,66876150,3031,32354300,5692150,5485050,0,23812,0,5,0
174,984914827,3419,1421150,16823300,32043950,16484300,66772700,66877350,2866,31864550,6078800,5882100,0,23812,0,5,0
175,3908989879,3420,769450,16692100,33339650,15968150,66769350,66879450,2873,33165050,6756200,6544500,0,23812,0,5,0
176,3999582383,3421,771450,16806500,32783750,16409800,66771500,66876050,2632,32613150,6074150,5884750,0,23812,0,5,0
177,407226939,3422,790750,16767900,32592200,16189500,66340350,66878750,2907,32405450,5714200,5514950,0,23812,0,5,0
178,1756548563,3423,776400,17866250,31976650,16151350,66770650,66875300,2881,31802100,6258450,6064700,0,23812,0,5,0
179,270721439,3424,771200,16732350,32596000,16670850,66770400,66876450,2915,32405400,6079000,5880500,0,23812,0,5,0
CSV_END

NV_DONE_d49c1c6aa43b=0
# 
CAPTURE: {"label": "fifo512-r1-s1800-full", "elapsed_seconds": 21.102518143999987, "bytes_received": 22196, "command": "/tmp/fifo-bench --frames 180 --warmup 30 --wait spin --state-frame 1800  --csv /tmp/fifo-case.csv; fifo_rc=$?; if [ \"$fifo_rc\" = 0 ]; then  printf \"\\nCSV_BEGIN\\n\"; cat /tmp/fifo-case.csv; printf \"CSV_END\\n\"; fi; test \"$fifo_rc\" = 0", "command_exit": 0, "login_sent": false, "log": "/path/to/research/experiments/fifo-study-20261008/20261008T082716Z-fifo512-r1-s1800-full.raw"}
