/tmp/fifo-bench --frames 180 --warmup 30 --wait spin --state-frame 1800  --csv /tmp/fifo-case.csv; fifo_rc=$?; if [ "$fifo_rc" = 0 ]; then  printf "\nCSV_BEGIN\n"; cat /tmp/fifo-case.csv; printf "CSV_END\n"; fi; test "$fifo_rc" = 0; nv_status=$?; printf "\nNV_DONE_5df1b53359b6=%s\n" "$nv_status"
BEGIN_BREAKOUT frames=180 warmup=30 fixed=0 blocks=40 tiles=1 hud=1 wait=spin replay=0 state_frame=1800 profile=detailed pixel_centers=1 clock_call_ns=5486
HW_COUNTERS id=46490200 words=1086340 wait_cycles=1930002 longest_wait_cycles=2945 total_cycles=240760228 cpu_hz=20000000
RESULT frames=180 elapsed_s=12.037889500 fps=14.952787 logic_ms=0.929737 api_ms=17.799823 swap_ms=33.856410 wait_ms=14.151281 worker_inclusive_ms=33.628760 upload_inclusive_ms=6.349396 write_ms=6.105803 bytes_per_frame=24140.89 p50_ms=66.877150 p95_ms=67.149400 max_ms=67.472850 late_60hz=180 first_count=4957 last_count=5136 state_hash=1022e19f remaining=21 score=190
RENDER_PATH retained=0 grouped=0 quads=10250 full_frames=180
BREAKOUT_PASS

CSV_BEGIN
frame,state_hash,display_count,logic_ns,api_ns,swap_ns,wait_ns,total_ns,completion_interval_ns,polls,worker_inclusive_ns,upload_inclusive_ns,write_ns,read_ns,write_bytes,read_bytes,write_calls,read_calls
0,2110160739,4957,784400,18306150,33926750,13503200,66520500,66531350,2365,33745000,6142450,5959950,0,24452,0,5,0
1,1693181783,4958,774550,17600200,36132200,12645750,67152700,67252450,2047,35940900,8575900,8324050,0,24452,0,5,0
2,802378003,4959,784650,17601950,34079800,13930950,66397350,66501750,2550,33891250,6802100,6594700,0,24452,0,5,0
3,773631361,4960,769750,18025350,33941400,14032300,66768800,66877800,2471,33744200,6102350,5912300,0,24452,0,5,0
4,3600043099,4961,773600,18394750,33173750,14456400,66798500,66901450,2498,32979450,6360250,6147450,0,24452,0,5,0
5,1618316913,4962,774700,17718800,34092600,14161850,66747950,66852850,2559,33903500,6723200,6517750,0,24452,0,5,0
6,201713393,4963,807500,17622800,34014950,12977450,65422700,66881050,2351,33821750,6386700,6184300,0,24452,0,5,0
7,2011502881,4964,767000,18310000,36302350,11388200,66767550,66875300,2024,36105750,6228050,6011850,0,24452,0,5,0
8,3125474025,4965,772750,18965850,33331550,13927400,66997550,67100750,2422,33147600,6476750,6263500,0,24452,0,5,0
9,1342287211,4966,773000,17497200,35878400,12402500,66551100,66654550,1120,35681500,6654500,6422400,0,24452,0,5,0
10,3857196809,4967,2352050,17572000,34191200,12641250,66756500,66877100,2280,34002900,6608350,6406650,0,24452,0,5,0
11,2240049260,4968,773200,18503400,33099650,14393400,66769650,66873450,2545,32900750,6349550,5430600,0,24132,0,5,0
12,1815897908,4969,765200,17425600,33850950,14737550,66779300,66881250,2683,33665100,6648500,6443500,0,24132,0,5,0
13,648884648,4970,1278900,17173200,33481250,14837500,66770850,66875650,2631,33293900,6132550,5935900,0,24132,0,5,0
14,2931991803,4971,762200,18026900,33947500,14035150,66771750,66875750,2475,33755000,6033450,5842800,0,24132,0,5,0
15,4227589206,4972,760750,17385250,33678850,15029400,66854250,66954550,2653,33484300,6594250,6393550,0,24132,0,5,0
16,1986714807,4973,755000,17253950,34092100,14594200,66695250,66798450,2693,33310950,6240350,6051650,0,24132,0,5,0
17,28333542,4974,2711550,17356300,34175900,12530750,66774500,66877850,2261,33984050,6277600,6083000,0,24132,0,5,0
18,842458438,4975,761950,18226650,32705350,15083800,66777750,66881050,2686,32527050,6140050,5927050,0,24132,0,5,0
19,4035787358,4976,774050,17372350,33952400,14676950,66775750,66877150,2667,33758200,6699250,6489900,0,24132,0,5,0
20,3966921526,4977,1249700,17248600,34382200,13892300,66772800,66875900,2541,34194450,6575700,6373200,0,24132,0,5,0
21,3331783808,4978,764750,17980500,33614150,14413700,66773100,66874800,2552,33424700,6040800,5843050,0,24132,0,5,0
22,1855912102,4979,764900,17402000,33528800,15082950,66778650,66880500,2666,33342650,6336700,6137950,0,24132,0,5,0
23,3437663592,4980,757750,17300000,34309700,14404900,66772350,66875250,2644,34118600,6812650,6606350,0,24132,0,5,0
24,3162062844,4981,1427750,17182100,35349650,12816200,66775700,66877300,2318,35155350,6395250,6193350,0,24132,0,5,0
25,1213835568,4982,763250,25858950,32864000,7282800,66769000,66876950,1280,32671250,6212650,6005900,0,24132,0,5,0
26,4133797692,4983,765950,17408500,34299250,14710150,67183850,67286350,2568,34108550,7019400,6819400,0,24132,0,5,0
27,256876650,4984,764250,17262050,34109850,14227500,66363650,66466900,2616,33929150,6047200,5854800,0,24452,0,5,0
28,482917404,4985,762550,17943550,33674400,14394900,66775400,66878800,2547,33481200,6066000,5872050,0,24452,0,5,0
29,1264633954,4986,765050,18065850,32699350,15242500,66772750,66875950,2609,32505350,6434600,6230850,0,24132,0,5,0
30,3606135978,4987,759650,17290200,33934700,14790400,66774950,66876750,2726,33743900,6723050,6524550,0,24132,0,5,0
31,2630115922,4988,1357800,17158750,33493450,14765600,66775600,66878950,2623,33308750,6056800,5867550,0,24132,0,5,0
32,3881483034,4989,770850,18251950,35591850,12154750,66769400,66875350,2125,35391150,6598250,6406700,0,24132,0,5,0
33,2944919204,4990,774000,17388250,33894700,14985850,67042800,67146250,2646,33698700,6650500,6444250,0,24132,0,5,0
34,646532490,4991,759000,17277050,33179300,15289450,66504800,66611000,2727,32996050,6098750,5911300,0,24132,0,5,0
35,2877853796,4992,764600,17763750,33674050,14565700,66768100,66872850,2582,33487450,6010850,5814650,0,24132,0,5,0
36,1922367648,4993,817450,18690400,33031650,13537850,66077350,66881050,2342,32849000,5997300,5806700,0,24132,0,5,0
37,1795563108,4994,784700,17218000,33935250,14831600,66769550,66873900,2734,33742550,6744050,6541050,0,24132,0,5,0
38,214631552,4995,1330950,17166550,33437900,14837600,66773000,66877550,2634,33243100,6067950,5878300,0,24132,0,5,0
39,1929726190,4996,766050,18506050,33374650,14397500,67044250,67149400,2291,33187550,5966300,5772650,0,24132,0,5,0
40,1190506064,4997,795800,18845300,40222850,6770300,66634250,66741200,1178,40026400,6444200,6244800,0,24132,0,5,0
41,3268351150,4998,766650,17209900,33419600,15243450,66639600,66743100,2714,33234500,6082800,5896800,0,24132,0,5,0
42,118037070,4999,1398650,17192900,33963650,14220150,66775350,66874450,2510,33770600,5995950,5809900,0,24132,0,5,0
43,1955195062,5000,765050,18223500,32682500,15102900,66773950,66877300,2665,32502500,6091550,5278500,0,24132,0,5,0
44,1797432467,5001,763350,17237600,33642050,15133300,66776300,66880650,2802,33460250,6163000,5976550,0,24132,0,5,0
45,1035442557,5002,1249900,17184400,34277500,14059450,66771250,66874250,2585,33499900,5952350,5767600,0,24132,0,5,0
46,2267612867,5003,764450,18132650,32877100,15001600,66775800,66878700,2670,32693800,5657100,5475550,0,24132,0,5,0
47,1217717069,5004,769000,17358200,35388150,13260150,66775500,66877100,2281,35199650,7737050,6740800,0,24132,0,5,0
48,1461268009,5005,774600,17298100,34285050,14418150,66775900,66876450,2647,34094000,6561700,6361250,0,24132,0,5,0
49,2370304197,5006,1433850,17080950,33580650,14684650,66780100,66879300,2603,33394050,6032050,5833900,0,24132,0,5,0
50,655561417,5007,767150,18190450,32441050,15377250,66775900,66877200,2724,32253950,6129650,5927700,0,24132,0,5,0
51,524675839,5008,762350,17214950,34173550,14619350,66770200,66873650,2682,33978950,6674750,6471250,0,24452,0,5,0
52,1155835041,5009,762150,17223000,33314450,15029500,66329100,66877700,2670,33132600,6068100,5879900,0,24452,0,5,0
53,214853719,5010,765450,18098500,32557750,15352250,66773950,66875300,2740,32373550,6270700,5311650,0,24132,0,5,0
54,3035389575,5011,769550,17409250,33749400,14852250,66780450,66881800,2601,32838950,6835450,6635100,0,24132,0,5,0
55,1549109231,5012,768350,17237800,40252450,8517200,66775800,66877300,1156,40057100,11436250,11223350,0,24132,0,5,0
56,66132623,5013,1435650,17362750,33238850,14724000,66761250,66876000,2607,33045950,6033050,5846950,0,24132,0,5,0
57,3504604473,5014,770350,18310100,32507650,15183150,66771250,66876650,2583,32325750,6141850,5926450,0,24132,0,5,0
58,1691498415,5015,770350,17322500,33984700,15044100,67121650,67223450,2684,33790100,6781400,6579750,0,24132,0,5,0
59,4055346753,5016,764650,17226650,33367300,15064600,66423200,66527900,2674,33186500,6092900,5901800,0,24132,0,5,0
60,4185240021,5017,764000,18028550,32738650,15245700,66776900,66879050,2656,32554250,5658050,5478500,0,24132,0,5,0
61,380494641,5018,768600,18206200,32759250,15041350,66775400,66877100,2653,32575950,6203300,6000450,0,24132,0,5,0
62,648826037,5019,761650,17328200,33928900,14756500,66775250,66878500,2449,33740700,6587300,6391050,0,24132,0,5,0
63,457329003,5020,1547250,17228900,33394700,14602250,66773100,66877900,2581,33209100,6030250,5842600,0,24132,0,5,0
64,3359035981,5021,764850,18575550,33117400,14312400,66770200,66873150,2496,32928400,5861950,5683500,0,24132,0,5,0
65,1526400123,5022,767000,17287400,33830750,15097250,66982400,67088050,2694,33638300,6642550,6437050,0,24132,0,5,0
66,1691524227,5023,763150,17279900,33392250,15128100,66563400,66669350,2685,33212300,6082500,5897400,0,24132,0,5,0
67,1475349003,5024,1561450,17724700,34930100,11853050,66069300,66876400,2115,34741700,6101300,5887600,0,24132,0,5,0
68,485644907,5025,764600,18341050,32701650,14965900,66773200,66876850,2630,32509200,6139600,5931950,0,24132,0,5,0
69,1050479637,5026,765650,17208700,33761550,15036350,66772250,66875400,2770,33575150,6607400,6407550,0,24132,0,5,0
70,3204525547,5027,1302500,17231150,35431350,12808200,66773200,66876800,2312,35236050,6080650,5885850,0,24132,0,5,0
71,4185398997,5028,768500,26001650,32654300,7351400,66775850,66879600,1257,32461500,6128550,5908900,0,24132,0,5,0
72,3094072225,5029,764250,17294000,33815800,14978250,66852300,66954200,2666,33620500,6826000,6620750,0,24132,0,5,0
73,1835371693,5030,762700,17186750,34309200,14438850,66697500,66800950,2651,34118100,6572150,6374300,0,24132,0,5,0
74,2168771505,5031,1429100,17286100,33346550,14709250,66771000,66873750,2606,33161050,6032350,5841250,0,24132,0,5,0
75,4059398759,5032,763700,18245600,32654100,15111650,66775050,66877850,2660,32472550,6153350,5334550,0,24452,0,5,0
76,644479865,5033,762150,17263550,34375600,14375700,66777000,66878850,2632,34183200,6714150,6517050,0,24452,0,5,0
77,1914197423,5034,1253650,17215500,33505600,14797800,66772550,66875900,2620,33313100,6117050,5923000,0,24132,0,5,0
78,430804047,5035,764100,19517200,34032200,12462450,66775950,66877650,2220,33831800,6689100,6498550,0,24132,0,5,0
79,3866048775,5036,757950,17247950,33996450,14772150,66774500,66877800,2632,33804350,6529950,6318850,0,24132,0,5,0
80,7140231,5037,762350,17274900,33990400,14743800,66771450,66874650,2724,33261600,6073500,5885450,0,24132,0,5,0
81,1511961547,5038,1432250,17290400,33180900,14872550,66776100,66879350,2643,32996850,6111950,5912550,0,24132,0,5,0
82,376629139,5039,771450,18288450,33182000,14534700,66776600,66878250,2521,32987950,6551450,6333800,0,24132,0,5,0
83,1861594235,5040,765300,17245450,34113250,15060800,67184800,67285200,2689,33919300,6705750,6498900,0,24132,0,5,0
84,1702339483,5041,763650,17273850,33403900,14917800,66359200,66468050,2646,33214250,6117500,5928200,0,24132,0,5,0
85,966101579,5042,762850,18041900,33607550,14366800,66779100,66877750,2084,33420800,6062950,5867700,0,24132,0,5,0
86,2786182811,5043,788300,18094600,40652300,7237350,66772550,66877200,1271,40457350,6755000,6555350,0,24132,0,5,0
87,3655782539,5044,766500,17189550,34103300,14713650,66773000,66876250,2704,33911350,6632950,6425650,0,24132,0,5,0
88,3735461922,5045,1374950,17315450,33103500,14987550,66781450,66880100,2604,32915900,6108400,5913200,0,24132,0,5,0
89,270833838,5046,769550,18231850,32601750,15167600,66770750,66872150,2668,32419700,6143400,5924350,0,24132,0,5,0
90,930095294,5047,762150,17199950,33970800,15122250,67055150,67156650,2701,33776800,6743050,6546600,0,24132,0,5,0
91,1273808962,5048,763600,17200950,33449750,15080300,66494600,66597800,2676,33271150,6129200,5938050,0,24132,0,5,0
92,1953673858,5049,768800,18303650,32905950,14796650,66775050,66876900,2597,32721750,5943650,5769650,0,24132,0,5,0
93,4057475070,5050,764900,17233350,35804200,12972850,66775300,66880550,2251,34911650,6131200,5942050,0,24132,0,5,0
94,3372198854,5051,764800,17294550,33852750,14860900,66773000,66876000,2737,33669150,6660000,6451800,0,24132,0,5,0
95,2335202154,5052,1333600,17649100,33864100,13924250,66771050,66878550,2555,33087950,5999350,5808000,0,24132,0,5,0
96,2170853250,5053,762450,18205100,32736450,15067100,66771100,66877000,2650,32556700,6282300,5347100,0,24132,0,5,0
97,1829955022,5054,807700,18339900,33211550,13843150,66202300,67012850,2434,33021250,5665550,5477900,0,24132,0,5,0
98,1856045454,5055,765750,17224350,34112600,14535200,66637900,66740550,2675,33377750,6053550,5868050,0,24132,0,5,0
99,2544683154,5056,1419800,17283600,33529550,14539650,66772600,66878050,2544,33349450,6082550,5887400,0,24452,0,5,0
100,1531444578,5057,762850,18030050,32745300,15238000,66776200,66877650,2723,32562100,6285300,6082800,0,24452,0,5,0
101,1139277022,5058,765950,19557450,40601600,5846650,66771650,66874750,1068,40406400,10358800,10068650,0,24132,0,5,0
102,2614530982,5059,1289450,17386700,32801450,15298550,66776150,66879550,2720,32621600,6071650,5876000,0,24132,0,5,0
103,464765994,5060,769150,18124000,32839650,15039800,66772600,66874850,2641,32657200,5622400,5433650,0,24132,0,5,0
104,1592019490,5061,760600,17249600,33847000,14917300,66774500,66879950,2659,33651450,6341850,6139400,0,24132,0,5,0
105,66207950,5062,760900,17262300,33363850,15381350,66768400,66872950,2737,33181550,6095700,5907200,0,24132,0,5,0
106,2639428798,5063,1429950,17298350,33308950,14738750,66776000,66877700,2585,33125050,6036700,5839650,0,24132,0,5,0
107,1495915330,5064,761100,18121300,33164400,14723550,66770350,66876550,2611,32978850,6410900,6194150,0,24132,0,5,0
108,4079891938,5065,763900,17239850,33907850,14865500,66777100,66879450,2431,33718800,6651900,5660700,0,24132,0,5,0
109,1204987230,5066,794050,17482850,33193000,14845250,66315150,66875000,2629,33004250,5990450,5800100,0,24132,0,5,0
110,949029318,5067,761250,18033000,33138500,14844650,66777400,66879300,2582,32948950,5906050,5719450,0,24132,0,5,0
111,2727127274,5068,761850,17243500,33640550,15128950,66774850,66875150,2701,33454050,6404800,6202350,0,24132,0,5,0
112,2443393666,5069,761450,17271250,33905900,14834150,66772750,66877950,2738,33168450,6021550,5837050,0,24132,0,5,0
113,434260526,5070,1412150,17300550,33048950,15009550,66771200,66876250,2553,32865900,6058900,5868650,0,24132,0,5,0
114,2637634158,5071,766550,18103250,32741550,15167450,66778800,66880750,2700,32561350,6282750,6069050,0,24132,0,5,0
115,4248248050,5072,763000,17217950,34051700,15091300,67123950,67226050,2692,33859650,6647100,6441550,0,24132,0,5,0
116,663154818,5073,762050,17392700,34788900,13479200,66422850,66526100,2393,34592050,6239250,6041100,0,24132,0,5,0
117,1461428606,5074,769700,25426050,33137850,7438800,66772400,66877800,1304,32943850,6464600,6252750,0,24132,0,5,0
118,3252362022,5075,764600,18080900,32816300,15114500,66776300,66878750,2694,32632100,6191750,5994500,0,24132,0,5,0
119,2423015338,5076,766750,17269750,34006300,14727150,66769950,66874750,2706,33821150,6589450,6386450,0,24132,0,5,0
120,507309730,5077,1342250,17738400,33142950,14554000,66777600,66878950,2538,32961450,5944050,5757700,0,24132,0,5,0
121,2882991293,5078,759100,18166450,32911000,14934750,66771300,66875250,2653,32722900,6435200,6215650,0,24132,0,5,0
122,3682963569,5079,764700,17345150,33877300,14999000,66986150,67087800,2674,33681950,6493800,6293600,0,24132,0,5,0
123,1404881069,5080,762900,17758100,33615150,14427150,66563300,66668550,2656,33436000,6552800,5806500,0,24452,0,5,0
124,624513273,5081,767350,19674500,33923750,12406600,66772200,66875150,2234,33723350,6633100,6433600,0,24452,0,5,0
125,484090933,5082,761400,18074400,32806550,15126700,66769050,66875500,2699,32620050,6085000,5883450,0,24132,0,5,0
126,2330053545,5083,766900,17301550,34263600,14441850,66773900,66879700,2646,34070000,6639900,6440200,0,24132,0,5,0
127,3891445269,5084,803000,20315150,33257650,11110850,65486650,66874800,1930,33067950,6078650,5884450,0,24132,0,5,0
128,1947616753,5085,759800,18070100,33073450,14871750,66775100,66880650,2642,32888450,6531100,5477550,0,24132,0,5,0
129,965975981,5086,763950,17174150,34099600,14800350,66838050,66945800,2636,33902300,6280450,6077450,0,24132,0,5,0
130,2786931617,5087,763250,17464350,33175550,15299150,66702300,66805700,2726,32997950,6008250,5820500,0,24132,0,5,0
131,4011087213,5088,1540900,17278350,33150250,14809200,66778700,66880500,2256,32964850,6039750,5837450,0,24132,0,5,0
132,3703868376,5089,797200,18226100,40710800,7027900,66762000,66872550,1223,40518150,6189550,5977050,0,24132,0,5,0
133,212089708,5090,774750,17289200,33930200,14782800,66776950,66881400,2718,33737700,6656100,5656900,0,24132,0,5,0
134,737348112,5091,1248600,17402700,33144450,14975400,66771150,66878000,2629,32954650,6072850,5883650,0,24132,0,5,0
135,1465149204,5092,757050,18010300,33888100,14114100,66769550,66874700,2484,33698200,5974850,5784200,0,24132,0,5,0
136,3549792448,5093,765100,17253550,33700200,15053250,66772100,66874500,2687,33514300,6387750,6191500,0,24132,0,5,0
137,3053421220,5094,760450,17399700,33813450,14803800,66777400,66881100,2732,33071950,6022450,5836550,0,24132,0,5,0
138,904563048,5095,1556550,17220450,33332150,14664750,66773900,66873900,2548,33141200,6282950,6088150,0,24132,0,5,0
139,1363341148,5096,765350,18105700,35668700,12235250,66775000,66877550,2203,35473650,6565050,6371350,0,24132,0,5,0
140,3357813192,5097,766150,17300950,34014850,14693400,66775350,66878550,2696,33822550,6640050,6438950,0,24132,0,5,0
141,1376589724,5098,763650,17414450,33210500,14968850,66357450,66874600,2543,33020950,6005600,5808050,0,24132,0,5,0
142,2806738240,5099,766150,17935050,33124450,14953300,66778950,66880300,2662,32937050,5731000,5550400,0,24132,0,5,0
143,1863420068,5100,764850,17232500,33631250,15146150,66774750,66876550,2704,33447200,6268000,6068000,0,24132,0,5,0
144,2368389248,5101,761150,17398500,33718600,14892900,66771150,66876300,2694,32992300,6032900,5846850,0,24132,0,5,0
145,3624800580,5102,1555250,17183050,33043000,14993550,66774850,66876850,2634,32861150,6061000,5863900,0,24132,0,5,0
146,2708332264,5103,766950,18211050,33138250,14659000,66775250,66877000,2603,32947150,5654500,5478750,0,24132,0,5,0
147,3643166428,5104,768550,19575200,40973850,5743000,67060600,67162350,958,40781900,7053150,6829300,0,24452,0,5,0
148,1604903896,5105,771150,17869300,33639050,14211600,66491100,66591900,2575,33449700,6587300,6390000,0,24452,0,5,0
149,499105388,5106,763550,17810450,33254650,14944450,66773100,66877700,2660,33061800,5886300,5703800,0,24132,0,5,0
150,3393190256,5107,764000,17969500,32821750,15222900,66778150,66880150,2722,32633550,6343200,6145350,0,24132,0,5,0
151,1752164884,5108,762950,17731700,33806200,14471900,66772750,66875800,2652,33612400,6688800,6486450,0,24132,0,5,0
152,112950176,5109,1445650,17238100,32963200,15127950,66774900,66878300,2664,32781450,6116000,5921500,0,24132,0,5,0
153,218377828,5110,765100,18041300,33197800,14769750,66773950,66876650,2624,33006650,5693200,5505750,0,24132,0,5,0
154,1614877672,5111,767000,17239750,33886600,15000750,66894100,66998550,2378,33693500,6326150,6130550,0,24132,0,5,0
155,624660060,5112,788100,17514350,33806350,14531600,66640400,66751900,2647,33076600,6057050,5869050,0,24132,0,5,0
156,1646146728,5113,1406850,17187950,32837900,15343650,66776350,66881550,2738,32654950,5729800,5539200,0,24132,0,5,0
157,2550301372,5114,770700,17986500,33118300,14893100,66768600,66873450,2647,32926650,6126250,5913600,0,24132,0,5,0
158,172327680,5115,767800,17434900,33830550,14743050,66776300,66879050,2710,33646150,6651350,5663300,0,24132,0,5,0
159,28774455,5116,1403500,16980650,32331250,16058000,66773400,66876200,2851,32149350,5698850,5513500,0,23812,0,5,0
160,1278562831,5117,760200,17791200,32752150,15469200,66772750,66875700,2761,32565750,6124300,5914800,0,23812,0,5,0
161,1878041307,5118,770150,16977900,33923150,15111300,66782500,66884450,2697,33735500,6543400,6339450,0,23812,0,5,0
162,2842495315,5119,763600,17219600,34873600,13911750,66768550,66871750,2410,34683350,6597750,6400150,0,23812,0,5,0
163,942955647,5120,7029150,18298000,32819900,8620250,66767300,66875100,1551,32616550,6167400,5963350,0,23812,0,5,0
164,3104849743,5121,757350,17834750,32670450,15510250,66772800,66877950,2779,32486250,6293000,6092300,0,23812,0,5,0
165,2914266731,5122,760850,17141250,33539850,15330500,66772450,66877550,2838,32793300,6065350,5873600,0,23812,0,5,0
166,4064468955,5123,756650,17058100,32497950,15890600,66203300,66875800,2797,32316050,5984050,5804050,0,23812,0,5,0
167,3195515191,5124,764150,17742250,32593400,15679200,66779000,66879050,2805,32406750,6147650,5929850,0,23812,0,5,0
168,978211615,5125,760400,17039350,33637250,15340250,66777250,66878800,2744,33449350,6694350,6496300,0,24132,0,5,0
169,2835071531,5126,760050,17157450,32964500,15892250,66774250,66877400,2732,32781300,6139500,5943100,0,24132,0,5,0
170,2067386771,5127,1407450,18864900,33624050,12878650,66775050,66875400,2331,33429050,6623300,6422750,0,24132,0,5,0
171,1313815599,5128,762850,17763900,32551700,15694600,66773050,66876550,2818,32366350,6251200,6044250,0,23812,0,5,0
172,2403178911,5129,757250,17168500,33454000,15989750,67369500,67472850,2779,33272600,6561250,6353800,0,23812,0,5,0
173,2922328731,5130,765300,17078100,32887900,15446350,66177650,66281200,2729,32704650,6074600,5873350,0,23812,0,5,0
174,984914827,5131,758500,17683600,32830300,15504050,66776450,66878600,2769,32646850,6387300,6174800,0,23812,0,5,0
175,3908989879,5132,767600,17038300,33530150,15440650,66776700,66878800,2764,33343800,6653900,6452100,0,23812,0,5,0
176,3999582383,5133,758850,17607000,32783250,15621300,66770400,66873600,2758,32600200,5998250,5807600,0,23812,0,5,0
177,407226939,5134,1324950,16972000,32893600,15587550,66778100,66880250,2440,32713450,5750350,5558100,0,23812,0,5,0
178,1756548563,5135,786600,18510250,40499000,6970150,66766000,66873950,1212,40298650,6361100,6153150,0,23812,0,5,0
179,270721439,5136,771450,17466150,33538050,15346850,67122500,67226050,2720,33344750,6653800,6449400,0,23812,0,5,0
CSV_END

NV_DONE_5df1b53359b6=0
# 
CAPTURE: {"label": "fifo512-r2-s1800-full", "elapsed_seconds": 21.099072626000634, "bytes_received": 22201, "command": "/tmp/fifo-bench --frames 180 --warmup 30 --wait spin --state-frame 1800  --csv /tmp/fifo-case.csv; fifo_rc=$?; if [ \"$fifo_rc\" = 0 ]; then  printf \"\\nCSV_BEGIN\\n\"; cat /tmp/fifo-case.csv; printf \"CSV_END\\n\"; fi; test \"$fifo_rc\" = 0", "command_exit": 0, "login_sent": false, "log": "/path/to/research/experiments/fifo-study-20261008/20261008T082926Z-fifo512-r2-s1800-full.raw"}
