/tmp/fifo-bench --frames 180 --warmup 30 --wait spin --state-frame 3600 --grouped --csv /tmp/fifo-case.csv; fifo_rc=$?; if [ "$fifo_rc" = 0 ]; then  printf "\nCSV_BEGIN\n"; cat /tmp/fifo-case.csv; printf "CSV_END\n"; fi; test "$fifo_rc" = 0; nv_status=$?; printf "\nNV_DONE_4b805dc1498e=%s\n" "$nv_status"
BEGIN_BREAKOUT frames=180 warmup=30 fixed=0 blocks=40 tiles=1 hud=1 wait=spin replay=0 state_frame=3600 profile=detailed pixel_centers=1 clock_call_ns=5441
HW_COUNTERS id=46490200 words=842580 wait_cycles=2400215 longest_wait_cycles=2945 total_cycles=157156664 cpu_hz=20000000
RESULT frames=180 elapsed_s=7.857711000 fps=22.907434 logic_ms=0.802343 api_ms=8.968572 swap_ms=23.829453 wait_ms=9.893864 worker_inclusive_ms=23.637122 upload_inclusive_ms=5.353176 write_ms=5.143365 bytes_per_frame=18724.00 p50_ms=50.155850 p95_ms=50.333050 max_ms=50.560450 late_60hz=180 first_count=5813 last_count=5992 state_hash=3933ec17 remaining=6 score=340
RENDER_PATH retained=0 grouped=1 quads=7380 full_frames=180
BREAKOUT_PASS

CSV_BEGIN
frame,state_hash,display_count,logic_ns,api_ns,swap_ns,wait_ns,total_ns,completion_interval_ns,polls,worker_inclusive_ns,upload_inclusive_ns,write_ns,read_ns,write_bytes,read_bytes,write_calls,read_calls
0,3653798554,5813,672150,8739850,23601350,16778150,49791500,49802400,2993,23423600,5047650,4876300,0,18692,0,5,0
1,4254654458,5814,678350,8631200,23560100,16747200,49616850,50158650,3000,23371450,5581950,5390000,0,18692,0,5,0
2,258432485,5815,681900,8667500,24020850,16832750,50203000,50306750,2922,23845650,5156350,4987650,0,18692,0,5,0
3,872827290,5816,661850,8632900,25234800,15378500,49908050,50009550,2696,25070000,7278200,7045200,0,18692,0,5,0
4,30312805,5817,675150,8592500,23650100,416700,33334450,33434700,79,23472650,5106350,4936300,0,18692,0,5,0
5,4016430808,5818,1299550,8747950,23402100,16614600,50064200,50159700,3004,23233900,5473000,5282200,0,18692,0,5,0
6,3012967645,5819,667150,8662450,23697200,309700,33336500,33437600,57,23529050,5038050,4868000,0,18692,0,5,0
7,3593359732,5820,1419900,8601500,23848800,16196950,50067150,50162650,2918,23683750,5613900,5423550,0,18692,0,5,0
8,2714884843,5821,666600,8635000,23341100,692500,33335200,33435700,134,23170700,4748200,4576200,0,19012,0,5,0
9,1754706848,5822,676800,9306400,23733600,16343800,50060600,50157350,2927,23569700,5855150,5664550,0,19012,0,5,0
10,634139175,5823,666700,8662100,23054950,948800,33332550,33437600,186,22895000,4622700,4467850,0,18692,0,5,0
11,2225001302,5824,662550,8556200,23949700,656600,33825050,33922250,13,23062050,5231650,4263850,0,18692,0,5,0
12,3881591779,5825,669800,8595100,23733250,16580500,49578650,49678550,2964,23562300,4799400,4634850,0,18692,0,5,0
13,2688998526,5826,666950,8644200,23725000,293250,33329400,33433650,54,23552200,5109100,4938250,0,18692,0,5,0
14,3733755993,5827,1337250,8756600,23423750,16545350,50062950,50161350,2989,23258150,5579250,5392700,0,18692,0,5,0
15,4110562030,5828,668000,8773700,23498650,394500,33334850,33435000,74,23327200,4862300,4687650,0,18692,0,5,0
16,2165534041,5829,1405550,16955450,23628850,8076300,50066150,50163200,1442,23452050,5574300,5383800,0,18692,0,5,0
17,51482660,5830,674100,8674100,24265950,16437650,50051800,50154950,2960,24098200,5039700,4867100,0,18692,0,5,0
18,1808653113,5831,1244550,8623650,23831750,16356250,50056200,50158800,2952,23670700,5979200,5794150,0,18692,0,5,0
19,3012136936,5832,697900,8699100,23956000,15989700,49342700,50156950,2865,23083100,5327900,5154050,0,18692,0,5,0
20,1547905167,5833,667800,8612450,23729000,16594400,49603650,50159450,3000,23550450,5802400,5611300,0,18692,0,5,0
21,2010544228,5834,674050,8632850,24189650,16731250,50227800,50333050,2904,24016000,5133150,4948800,0,18692,0,5,0
22,2331187115,5835,665150,8644500,23509750,340300,33159700,33261750,63,23336600,5567250,5382050,0,18692,0,5,0
23,591091010,5836,664950,8845050,23478550,350650,33339200,33436800,65,23305250,4848400,4673900,0,18692,0,5,0
24,3337222943,5837,676150,9292100,23822650,16276050,50066950,50162350,2939,23656300,5849400,5667400,0,18692,0,5,0
25,541067522,5838,667850,8639400,23545050,482950,33335250,33434850,92,23379200,4737250,4564100,0,18692,0,5,0
26,1909576061,5839,666500,9259100,23994300,16143300,50063200,50157700,2887,23836950,5468850,5287500,0,18692,0,5,0
27,3576416482,5840,663800,8641150,26385100,14371850,50061900,50161900,2612,26225600,5789650,5041400,0,18692,0,5,0
28,2786439485,5841,666200,9158850,23689350,27250,33541650,33644500,0,23529700,5840350,5115150,0,18692,0,5,0
29,1931780192,5842,660650,8660000,23655500,158200,33134350,33230750,26,23487050,4828800,4675050,0,18692,0,5,0
30,1799980229,5843,661350,8710450,23594950,376200,33342950,33438500,70,23422950,4975250,4798450,0,18692,0,5,0
31,3538847580,5844,1456500,8571650,23730500,16305700,50064350,50157150,2831,23563850,5850100,5666400,0,18692,0,5,0
32,3831628403,5845,663450,8665750,23281550,723450,33334200,33439600,143,23108250,4619150,4444800,0,19012,0,5,0
33,1903038664,5846,666200,9329800,24068850,15996600,50061450,50157100,2944,23902500,5897850,5706650,0,19012,0,5,0
34,3410263823,5847,665950,8667400,23330050,675850,33339250,33439000,133,23166050,4628250,4474650,0,18692,0,5,0
35,3263986894,5848,662800,8579550,23815800,284400,33342550,33439550,53,23629850,5162350,4984650,0,18692,0,5,0
36,2175892875,5849,671200,8795250,23441350,16587150,49494950,50160650,2973,23266550,5506450,5320350,0,18692,0,5,0
37,1813748966,5850,676200,8770900,23880050,16860200,50187350,50288450,3021,23704550,5163650,4985250,0,18692,0,5,0
38,833434417,5851,665750,8795050,23549750,194100,33204650,33304750,34,23387650,5631800,5446000,0,18692,0,5,0
39,4097282166,5852,662600,8701800,23655200,313450,33333050,33436600,57,23478950,4888650,4714100,0,18692,0,5,0
40,192773425,5853,689900,17497400,23894350,7982300,50063950,50158000,1391,23704800,5887850,5706350,0,18692,0,5,0
41,858826700,5854,663000,8672050,23431750,570300,33337100,33439900,109,23259350,4620950,4446300,0,18692,0,5,0
42,1950483681,5855,673900,9773950,23979850,15633550,50061250,50155800,2804,23819100,5885950,5702200,0,18692,0,5,0
43,575738928,5856,664300,8625150,23590250,461150,33340850,33440650,87,23410150,4689850,4536850,0,18692,0,5,0
44,1359536727,5857,672500,8681900,23806100,176900,33337400,33434500,30,23635050,5140150,4961900,0,18692,0,5,0
45,3117637717,5858,1443750,8605850,23570800,16448500,50068900,50166950,2562,23405150,5513550,5328550,0,18692,0,5,0
46,2557278958,5859,691700,8899950,23861200,16906550,50359400,50472750,2882,23690150,5153150,4981150,0,18692,0,5,0
47,3928984507,5860,670750,8804750,23571850,16683750,49731100,49837250,3017,23397700,5493550,4614400,0,18692,0,5,0
48,3279099526,5861,681500,8811350,23820900,16743500,50057250,50158550,2935,23647900,5149950,4973600,0,18692,0,5,0
49,3402996575,5862,706650,8957150,23340200,16329200,49333200,50156700,2943,23164200,4618700,4448600,0,18692,0,5,0
50,1848951628,5863,671700,8546900,24719400,16117250,50055250,50156700,2924,24557000,5359100,5172650,0,18692,0,5,0
51,3328119971,5864,665600,8646000,26484400,14260600,50056600,50158950,2620,26322100,5815600,5084150,0,18692,0,5,0
52,536923704,5865,672150,9195500,24013000,16180150,50060800,50159150,2920,23857450,5886450,5695900,0,18692,0,5,0
53,991563721,5866,663650,8682050,23495600,495750,33337050,33435700,94,23323400,4647450,4492200,0,18692,0,5,0
54,2482503020,5867,660900,8667950,23825250,189550,33343650,33439050,33,22944800,5154100,4976100,0,18692,0,5,0
55,3320786401,5868,665950,8652750,23554200,16493900,49366800,50159350,2895,23384500,4793350,4627050,0,18692,0,5,0
56,1307572882,5869,681200,8833700,23871250,16842000,50228150,50328200,2955,23700350,5146100,4970400,0,19012,0,5,0
57,1045847897,5870,664950,8768550,23674900,16780450,49888850,49987400,3036,23501300,5565800,4658950,0,19012,0,5,0
58,2886179050,5871,667550,8746500,23751900,170350,33336300,33436950,29,22873900,5108900,4934550,0,18692,0,5,0
59,961732807,5872,1278650,8623300,23683500,16481000,50066450,50160200,2976,23516100,5505900,5316400,0,18692,0,5,0
60,1947062354,5873,688600,8653100,24327500,16643200,50312400,50411350,2913,24165000,5186050,5016100,0,18692,0,5,0
61,2075511931,5874,666400,8617750,23691350,16829950,49805450,49904300,3047,23525250,5655400,5464800,0,18692,0,5,0
62,2408546800,5875,665150,8631850,31643150,9118300,50058450,50157300,1516,31454800,12950200,12704250,0,18692,0,5,0
63,460493639,5876,696500,8656550,23665950,316500,33335500,33436250,58,23492350,5645800,5455200,0,18692,0,5,0
64,1463678916,5877,675200,8749100,23732850,187250,33344400,33439100,32,23563600,5030450,4862900,0,18692,0,5,0
65,3795713909,5878,1403350,8978350,23607000,16074800,50063500,50159900,2895,23446300,5515150,5324400,0,18692,0,5,0
66,1056688136,5879,667600,8656800,23341900,672450,33338750,33437450,130,23174950,4549750,4383300,0,18692,0,5,0
67,202923725,5880,669300,9345300,23750000,16299400,50064000,50160800,2918,23590600,5853150,5662450,0,18692,0,5,0
68,4012539606,5881,660650,8675200,23187650,810800,33334300,33436850,158,23028700,4709150,4557050,0,18692,0,5,0
69,1087445485,5882,665250,9409500,23159450,16826350,50060550,50155850,2867,22980600,5209400,5039900,0,18692,0,5,0
70,491589414,5883,671750,8754500,23369750,543550,33339550,33437850,104,23203800,4788350,4623500,0,18692,0,5,0
71,1293200275,5884,657600,8729400,23961000,16830800,50178800,50275400,2954,23777400,5118650,4943150,0,18692,0,5,0
72,1737595726,5885,685500,8647800,23621500,266150,33220950,33319950,48,23457300,5644300,5454100,0,18692,0,5,0
73,2173390039,5886,665000,8676300,23541200,458700,33341200,33438750,87,23371950,4841450,4672450,0,18692,0,5,0
74,2060004372,5887,667650,9261100,23885500,16252400,50066650,50163750,2933,23726300,5848150,5665100,0,18692,0,5,0
75,668607547,5888,664800,11494150,23790450,14107300,50056700,50156150,2581,23621350,5602100,5407900,0,18692,0,5,0
76,3409034624,5889,1305150,8635200,23859450,16256900,50056700,50155400,2930,23693250,5841650,5656250,0,18692,0,5,0
77,66914193,5890,671450,8632550,23716550,315700,33336250,33437450,58,23538900,4850150,4673950,0,18692,0,5,0
78,2553907572,5891,677200,9303300,23732350,16349850,50062700,50159200,2926,23567000,5829400,5644450,0,18692,0,5,0
79,890390073,5892,694500,8830650,24297850,15506550,49329550,50157600,2736,24122550,5232400,5064150,0,18692,0,5,0
80,2223873098,5893,1302500,8604650,23837650,16311800,50056600,50158750,2913,23673400,5855200,5675400,0,19012,0,5,0
81,2336881585,5894,660750,8642900,23542400,488800,33334850,33437900,93,23367100,4770300,4603250,0,19012,0,5,0
82,4135459074,5895,662450,9488650,23769400,16145050,50065550,50160650,2912,23595500,5853500,5671150,0,18692,0,5,0
83,1986260127,5896,663150,8673100,23554350,447050,33337650,33435750,85,23385850,4727150,4554550,0,18692,0,5,0
84,353344474,5897,658950,8612050,24952500,15839250,50062750,50158050,2853,24082650,5987950,5801400,0,18692,0,5,0
85,3169575603,5898,658450,8626600,23665450,390600,33341100,33440550,73,23495150,4896850,4744500,0,18692,0,5,0
86,210205944,5899,660200,8710350,23773750,198950,33343250,33436450,35,23605900,5096600,4924850,0,18692,0,5,0
87,1677393503,5900,6778950,11798900,23270800,8216950,50065600,50159650,1465,23093250,4632300,4479150,0,18692,0,5,0
88,3832728684,5901,659200,8658400,23895700,16845850,50059150,50156350,3037,23723050,5040700,4872300,0,18692,0,5,0
89,2074852568,5902,678500,8955700,23554900,16427650,49616750,50161700,2970,23391750,4671050,4516500,0,18692,0,5,0
90,1464943173,5903,661450,8681500,23901800,16956650,50201400,50300800,2977,23733250,5106150,4937850,0,18692,0,5,0
91,315990800,5904,671200,8630400,23645350,245750,33192700,33291350,44,23474250,5473000,5283750,0,18692,0,5,0
92,1451405891,5905,658500,8727200,23537650,420200,33343550,33438650,79,23372100,4882250,4712950,0,18692,0,5,0
93,3196408848,5906,658700,9396950,23798300,16212900,50066850,50161000,2869,23620900,5847800,5658600,0,18692,0,5,0
94,141073587,5907,661100,8656400,23521550,501200,33340250,33434550,96,23357100,4731650,4559650,0,18692,0,5,0
95,3576439062,5908,662600,9247950,23970950,16182300,50063800,50160950,2921,23810750,6002800,5813050,0,18692,0,5,0
96,2798564443,5909,659650,8614150,23536950,523150,33333900,33434750,100,23369800,4889150,4737500,0,18692,0,5,0
97,3409362634,5910,658200,8674900,23812600,199700,33345400,33441200,35,23639500,5114100,4939050,0,18692,0,5,0
98,1459202337,5911,1296600,8613650,23680150,16476100,50066500,50160500,2682,23521600,5578900,5390700,0,18692,0,5,0
99,1984418334,5912,692000,9032800,24091400,16550100,50366300,50478400,2896,23925350,5203350,5033350,0,18692,0,5,0
100,2690152925,5913,665250,8659650,23663000,16749950,49737850,49837750,3030,23491700,5576300,5390450,0,18692,0,5,0
101,2607809844,5914,666100,8621900,23968000,16813800,50069800,50169950,2949,23799650,5123400,4948500,0,18692,0,5,0
102,3522750362,5915,668050,8617350,23643550,394150,33323100,33421450,74,23478650,5578800,5394700,0,18692,0,5,0
103,2368404599,5916,655500,8711050,23867800,17228350,50462700,50560450,3046,23698400,5171400,4990550,0,18692,0,5,0
104,3250007036,5917,659800,8643100,23544300,16804500,49651700,49756700,3075,23374100,5575650,5387900,0,19012,0,5,0
105,1111684799,5918,675500,8648500,23858750,158100,33340850,33442200,27,23685700,5158950,4986150,0,19012,0,5,0
106,2213018028,5919,1369950,8609250,23656050,16424700,50059950,50158100,3030,23496950,5683950,5498550,0,18692,0,5,0
107,3171439817,5920,669700,8646750,23913450,16825500,50055400,50155100,3106,23741400,5114600,4945900,0,18692,0,5,0
108,2255827236,5921,670750,8982400,23519750,16421450,49594350,50159300,3032,23360300,4757550,4606650,0,18692,0,5,0
109,2472184909,5922,694550,9551550,23898300,15384100,49528500,50354500,1503,23727700,5860150,5673650,0,18692,0,5,0
110,3140412334,5923,715500,8744300,23521900,142150,33123850,33239350,23,23355850,5444700,4554350,0,18692,0,5,0
111,785888721,5924,682900,8735650,23559300,365350,33343200,33440800,70,23387000,4923050,4751900,0,18692,0,5,0
112,1084583170,5925,665600,9437550,23721750,16237350,50062250,50159350,2915,23550450,5848600,5668000,0,18692,0,5,0
113,4019848443,5926,671550,8768900,23366650,526500,33333600,33435500,103,23194500,4682000,4507850,0,18692,0,5,0
114,808788421,5927,665350,9255150,23881050,16263700,50065250,50159950,3012,23166600,5305950,5128800,0,18692,0,5,0
115,3645042740,5928,667750,8620000,23403550,647300,33338600,33435550,127,23237100,4639650,4487850,0,18692,0,5,0
116,2991496187,5929,660600,8677350,23752650,255550,33346150,33441900,47,23578600,5148600,4981550,0,18692,0,5,0
117,3919662364,5930,1319700,8600200,23700550,16442400,50062850,50157300,3035,23539000,5592650,5411600,0,18692,0,5,0
118,1681074571,5931,666400,8985800,23892300,16869150,50413650,50511900,3028,23718800,5153400,4982650,0,18692,0,5,0
119,4218967458,5932,664150,8627700,23604650,16806150,49702650,49801250,3109,23435700,5466900,5281150,0,18692,0,5,0
120,625353107,5933,667150,8634000,23905950,16888550,50095650,50194100,3036,23732300,5141650,4973350,0,18692,0,5,0
121,3717195990,5934,662300,8614200,24984250,15766550,50027300,50125900,2846,24819400,6884550,6695450,0,18692,0,5,0
122,2425705089,5935,675450,8530250,24827000,16024500,50057200,50156550,2952,24660000,5843600,5661100,0,18692,0,5,0
123,2555484258,5936,663350,8594650,23537750,543750,33339500,33439050,106,23364250,4733800,4583050,0,18692,0,5,0
124,1141451493,5937,659200,8686350,23806150,189000,33340700,33436250,33,23636500,5220750,5052050,0,18692,0,5,0
125,1505942736,5938,1360050,8751300,23577600,16374300,50063250,50159050,3018,23408800,5591900,5406050,0,18692,0,5,0
126,2491710369,5939,665950,8649200,23612050,407500,33334700,33435450,78,23439500,4918450,4747500,0,18692,0,5,0
127,2825516936,5940,655300,9249800,24252150,15907200,50064450,50159650,2923,24072250,6004200,5819800,0,18692,0,5,0
128,809518447,5941,660700,8654100,23499550,527550,33341900,33440650,103,23326450,4875850,4704250,0,19012,0,5,0
129,1081694344,5942,669500,9221200,23879900,16292000,50062600,50155300,2990,23715950,5383000,5197900,0,19012,0,5,0
130,3544546839,5943,655400,8640500,23738550,299650,33334100,33438850,54,23578300,5210800,5052750,0,18692,0,5,0
131,2291142598,5944,659950,8646450,24035550,16722100,50064050,50158900,2932,23859800,5249550,5081350,0,18692,0,5,0
132,3252385439,5945,662750,8915500,23412050,348000,33338300,33438250,64,23241750,4671200,4519950,0,18692,0,5,0
133,1602009306,5946,654100,8669450,23762200,255050,33340800,33436700,46,23590000,5105950,4937900,0,18692,0,5,0
134,2497072261,5947,1425750,14806050,25821700,8011800,50065300,50160750,1429,25643700,5521450,5338650,0,18692,0,5,0
135,3739067406,5948,663800,8783350,23490950,398900,33337000,33437150,75,23314850,4807250,4639350,0,18692,0,5,0
136,1716074641,5949,658500,9370300,23945700,16078650,50053150,50157000,2896,23785500,5902050,5716650,0,18692,0,5,0
137,3982919220,5950,661200,10968700,24225750,14202850,50058500,50158300,2602,24059100,5823300,5638200,0,18692,0,5,0
138,2723337005,5951,1304150,8601400,23928000,16225000,50058550,50159650,2924,23766250,6054200,5868900,0,18692,0,5,0
139,733376204,5952,691600,8831750,23991800,15824400,49339550,50159000,2830,23816700,5311200,5136000,0,18692,0,5,0
140,43915006,5953,1232000,8625250,23927300,16266950,50051500,50154650,2933,23757650,6021700,5839500,0,18692,0,5,0
141,2309932913,5954,664250,8638900,24230550,16521550,50055250,50157150,2945,24057550,5171700,4992900,0,18692,0,5,0
142,1653305798,5955,663150,8642950,23595950,16709600,49611650,50161000,2994,23427250,5632650,5448050,0,18692,0,5,0
143,145291823,5956,687150,8629500,23850450,169950,33337050,33437500,29,23676550,5172700,5004300,0,18692,0,5,0
144,3013902878,5957,1391950,8756350,23528950,16388800,50066050,50159650,2960,23369700,5623300,5437600,0,18692,0,5,0
145,2859971923,5958,665200,11515500,23433550,14443200,50057450,50157950,2595,23265550,5465050,5279250,0,18692,0,5,0
146,3026746148,5959,1234700,8789350,23440750,16590250,50055050,50153700,3000,23262400,5515900,5335200,0,18692,0,5,0
147,736325239,5960,665200,8614800,24006700,17028250,50314950,50413300,2997,23838250,5194450,5024150,0,18692,0,5,0
148,2759885216,5961,670000,8621900,23696100,16817000,49805000,49903100,3047,23525800,5631950,5452750,0,18692,0,5,0
149,1930007773,5962,689900,8585350,24001200,16785950,50062400,50161050,2947,23832450,5198500,5025050,0,18692,0,5,0
150,4233548434,5963,661850,8979950,23460750,233300,33335850,33434350,41,23295150,4630950,4482400,0,19012,0,5,0
151,3821597075,5964,657500,8708650,24051700,16991800,50409650,50510000,2958,23879550,5300200,5133350,0,19012,0,5,0
152,1056834796,5965,678550,8609500,23629950,16792350,49710350,49809600,3009,23462100,5644300,5459650,0,19012,0,5,0
153,2756113825,5966,659950,8612800,23881850,180250,33334850,33434800,31,23707450,5154950,4985050,0,18692,0,5,0
154,2193869574,5967,1314600,8764550,23502000,16482600,50063750,50161150,2896,23340500,5570850,5386400,0,18692,0,5,0
155,39089791,5968,674400,8783400,24008950,16590150,50056900,50157900,2448,23834000,5231000,5062550,0,18692,0,5,0
156,1158667078,5969,1731500,8900100,23117700,12425200,46174500,50157750,2239,22941900,4716000,4563700,0,18692,0,5,0
157,4085879547,5970,666950,8659500,23956300,16897500,50180250,50278700,2968,23778100,5161750,4990700,0,18692,0,5,0
158,313686028,5971,668650,8642250,23647700,260450,33219050,33317550,47,23464800,5560400,5378450,0,18692,0,5,0
159,3216587021,5972,664000,8692600,24298350,16408900,50063850,50159050,2950,24131250,5282400,5111300,0,18692,0,5,0
160,876009466,5973,1137200,8633400,23707000,16579500,50057100,50158550,2996,23540250,5800400,5615600,0,18692,0,5,0
161,981002535,5974,666650,8647900,23871700,146400,33332650,33433950,24,23695050,5223800,5055950,0,18692,0,5,0
162,47529864,5975,1549800,8609400,23573750,16330450,50063400,50158400,2946,23411400,5666500,5482700,0,18692,0,5,0
163,868088385,5976,669700,8801850,23566200,303050,33340800,33439150,56,23394500,4914900,4743800,0,18692,0,5,0
164,2331947246,5977,667000,9610900,23857900,15927250,50063050,50159650,2866,23686600,5827600,5651650,0,18692,0,5,0
165,2168054517,5978,669800,8663750,23474600,530800,33338950,33437100,102,23307350,4688150,4516900,0,18692,0,5,0
166,3926666066,5979,668150,9270450,23053100,796700,33788400,33885250,43,22880100,5172300,5000650,0,18692,0,5,0
167,1177610667,5980,667050,8752100,23427600,16766700,49613450,49713250,2720,23258000,5449700,4559650,0,18692,0,5,0
168,3782405190,5981,692500,8674550,23833400,17095600,50296050,50406700,2952,23660650,5150500,4984450,0,18692,0,5,0
169,916405275,5982,677800,8611600,23581500,213500,33084400,33187250,37,23406100,4760000,4610650,0,18692,0,5,0
170,1596582148,5983,664850,8694450,23618350,362450,33340100,33437100,68,23446800,5038300,4868450,0,18692,0,5,0
171,4199562603,5984,1430100,8572500,23734050,16330250,50066900,50161400,2924,23564100,5843050,5660650,0,18692,0,5,0
172,3017986708,5985,664450,8665300,23277650,723950,33331350,33435200,141,23107100,4654750,4485350,0,18692,0,5,0
173,2654286289,5986,670950,9309700,23907750,16174550,50062950,50159550,2922,23741750,5857800,5668500,0,18692,0,5,0
174,1031695476,5987,665050,8961700,23686950,16744500,50058200,50157400,3025,23516350,4846550,4680550,0,19012,0,5,0
175,2959877989,5988,1259900,8502600,23985350,16311250,50059100,50157600,2950,23817900,5867000,5681250,0,19012,0,5,0
176,1566373458,5989,678400,8666300,23689200,305850,33339750,33437950,56,23519300,4839750,4672700,0,19012,0,5,0
177,3017804585,5990,665000,9284200,23792300,27100,33768600,33862600,0,23636450,5860850,5659250,0,18692,0,5,0
178,1442923286,5991,655900,8775300,23320900,172050,32924150,33017100,29,23158050,5443100,4568350,0,18692,0,5,0
179,959704087,5992,659400,8690400,24262200,16445500,50057500,50158000,2961,24096450,5113550,4942250,0,18692,0,5,0
CSV_END

NV_DONE_4b805dc1498e=0
# 
CAPTURE: {"label": "fifo512-r2-s3600-grouped", "elapsed_seconds": 16.308522199000436, "bytes_received": 21769, "command": "/tmp/fifo-bench --frames 180 --warmup 30 --wait spin --state-frame 3600 --grouped --csv /tmp/fifo-case.csv; fifo_rc=$?; if [ \"$fifo_rc\" = 0 ]; then  printf \"\\nCSV_BEGIN\\n\"; cat /tmp/fifo-case.csv; printf \"CSV_END\\n\"; fi; test \"$fifo_rc\" = 0", "command_exit": 0, "login_sent": false, "log": "/path/to/research/experiments/fifo-study-20261008/20261008T083033Z-fifo512-r2-s3600-grouped.raw"}
