/tmp/fifo-bench --frames 180 --warmup 30 --wait spin --state-frame 0 --grouped --csv /tmp/fifo-case.csv; fifo_rc=$?; if [ "$fifo_rc" = 0 ]; then  printf "\nCSV_BEGIN\n"; cat /tmp/fifo-case.csv; printf "CSV_END\n"; fi; test "$fifo_rc" = 0; nv_status=$?; printf "\nNV_DONE_8fb214416319=%s\n" "$nv_status"
BEGIN_BREAKOUT frames=180 warmup=30 fixed=0 blocks=40 tiles=1 hud=1 wait=spin replay=0 state_frame=0 profile=detailed pixel_centers=1 clock_call_ns=5458
HW_COUNTERS id=46490200 words=1392820 wait_cycles=1324538 longest_wait_cycles=2945 total_cycles=240753122 cpu_hz=20000000
RESULT frames=180 elapsed_s=12.037535650 fps=14.953227 logic_ms=1.009127 api_ms=15.135155 swap_ms=38.299591 wait_ms=12.295507 worker_inclusive_ms=38.082620 upload_inclusive_ms=7.703324 write_ms=7.463477 bytes_per_frame=30951.56 p50_ms=66.877400 p95_ms=67.102450 max_ms=71.602800 late_60hz=180 first_count=4529 last_count=4708 state_hash=8f34e8fd remaining=38 score=20
RENDER_PATH retained=0 grouped=1 quads=13131 full_frames=180
BREAKOUT_PASS

CSV_BEGIN
frame,state_hash,display_count,logic_ns,api_ns,swap_ns,wait_ns,total_ns,completion_interval_ns,polls,worker_inclusive_ns,upload_inclusive_ns,write_ns,read_ns,write_bytes,read_bytes,write_calls,read_calls
0,3724779174,4529,749400,15191750,37547650,13025800,66514600,66525500,2353,37363800,7743900,7532700,0,31172,0,5,0
1,1709657109,4530,1516400,14376000,38028600,12857950,66778950,66879450,2326,37843050,7363500,7163650,0,31172,0,5,0
2,1894904752,4531,876050,15166300,38403800,12330300,66776450,66877250,2192,38217400,8050150,7854350,0,31172,0,5,0
3,3703759967,4532,825350,15158650,37697900,13378200,67060100,67158950,2334,37509600,7768350,7550850,0,31172,0,5,0
4,19533624,4533,859450,14335200,37860700,13441050,66496400,66595100,2443,37679250,7319050,7122100,0,31172,0,5,0
5,816884773,4534,829650,17202750,45400350,3341150,66773900,66874800,529,45214200,15085950,14802050,0,31172,0,5,0
6,1339236364,4535,851050,15218400,37776350,12931800,66777600,66878850,2238,37590600,7970300,7760400,0,31172,0,5,0
7,3072959373,4536,831400,15052900,37598800,13292800,66775900,66875400,2407,37412400,7704450,7494250,0,31172,0,5,0
8,1782884746,4537,1417200,14379550,38061150,12920500,66778400,66877800,2276,37877100,7455950,7260250,0,31172,0,5,0
9,30296781,4538,824100,15217850,38382500,12360350,66784800,66879950,2199,38192100,7810500,7614850,0,31492,0,5,0
10,4026418858,4539,864900,15166450,37761500,13123400,66916250,67018000,2284,37576300,7796300,6998100,0,31492,0,5,0
11,2084929051,4540,829150,14392650,38356850,13054050,66632700,66733250,2359,38173500,7504250,7293100,0,31492,0,5,0
12,3114489770,4541,1561600,14814700,38041900,12361450,66779650,66879050,1883,37858050,7391800,7193350,0,31172,0,5,0
13,891400471,4542,840450,15089650,37758850,13070500,66759450,66875250,2269,37567700,7893500,7651500,0,31172,0,5,0
14,3472773456,4543,865850,15169950,37667900,13075300,66779000,66879400,2359,37483050,7785300,7580200,0,31172,0,5,0
15,3010688243,4544,1326050,14700600,38081550,12669050,66777250,66877650,2282,37159450,7452450,7236950,0,31172,0,5,0
16,2819524756,4545,854000,15146550,38085350,12683650,66769550,66876300,2268,37900850,7715300,7524450,0,31172,0,5,0
17,3241678401,4546,832450,15124850,37721650,13098600,66777550,66880800,2280,37529300,7776250,7558300,0,31172,0,5,0
18,2154316504,4547,883950,15329450,38078000,11773100,66064500,66874750,2093,37889550,7826650,7614100,0,31172,0,5,0
19,772262681,4548,1497100,14459450,38023200,12792150,66771900,66876700,2287,37829950,7579500,7383700,0,31172,0,5,0
20,3882818750,4549,851750,15056250,39640650,11222400,66771050,66877600,1896,39448950,7504750,7294500,0,31172,0,5,0
21,521131153,4550,838100,21183200,38490450,6254600,66766350,66874100,1156,38305200,7437750,7228600,0,31172,0,5,0
22,1838187414,4551,860100,14398650,37847650,13212150,66318550,66878900,2395,37664850,7323650,7124900,0,31172,0,5,0
23,840574439,4552,836300,15192650,38197100,12547300,66773350,66874450,2236,38018750,7757400,7561550,0,31172,0,5,0
24,2879461878,4553,864400,15149850,38065850,12700350,66780450,66881400,2241,37879650,7040850,6853350,0,31172,0,5,0
25,202086035,4554,832000,14412550,38088800,13443100,66776450,66875650,2489,37905000,7454650,7244350,0,31172,0,5,0
26,959703924,4555,1479300,14454800,37940100,12904200,66778400,66877200,2357,37752800,7487600,7292250,0,31172,0,5,0
27,3795724423,4556,829450,15054400,38624200,12267150,66775200,66877650,2258,38432400,7819450,7627750,0,31172,0,5,0
28,2500539904,4557,855400,17013000,38228650,11041800,67138850,67239500,1955,38044400,7656000,7451900,0,31172,0,5,0
29,2269000541,4558,834300,14412900,38011150,13152150,66410500,66511400,2381,37822550,7336700,6337000,0,31172,0,5,0
30,1900681108,4559,854450,15092500,38550900,12284500,66782350,66881350,2177,38369000,8150650,7956350,0,31172,0,5,0
31,3680168245,4560,825200,15156500,37761300,13033500,66776500,66876050,2263,37574600,7797100,7583050,0,31172,0,5,0
32,2344329490,4561,857850,14332000,37983800,13603750,66777400,66876600,2469,37112150,7480950,7275600,0,31172,0,5,0
33,2130650181,4562,1415800,14505100,38055000,12800900,66776800,66876450,2203,37871750,7462050,7260550,0,31492,0,5,0
34,906966818,4563,860700,15076000,38191700,12647700,66776100,66877800,2293,38019450,7195250,7015550,0,31492,0,5,0
35,3939376531,4564,835950,15196000,37792350,13177200,67001500,67102450,1962,37608100,7797850,7573750,0,31492,0,5,0
36,2110688546,4565,871250,14469450,45597050,5603300,66541050,66649600,964,45413150,7443550,7228250,0,31172,0,5,0
37,2695523007,4566,1497600,14523450,38210200,12544650,66775900,66877050,2228,38032450,7666550,7466100,0,31172,0,5,0
38,744447992,4567,855350,15148850,37752900,13019850,66776950,66878000,2256,37568650,7836250,7625550,0,31172,0,5,0
39,3728640411,4568,833600,15179150,37696550,13067000,66776300,66876350,2356,37507750,7833400,7616550,0,31172,0,5,0
40,618879740,4569,1371200,15637850,37189050,12578250,66776350,66876800,2283,37004450,7503400,7296000,0,31172,0,5,0
41,1239708057,4570,837000,15053300,38185300,12701500,66777100,66877750,2346,37997700,7804900,7609900,0,31172,0,5,0
42,2429742208,4571,855250,15193200,37838350,12975150,66861950,66962150,2295,37652650,7869000,7655950,0,31172,0,5,0
43,412095716,4572,830750,15423950,40059050,10379200,66692950,66792950,1912,39873500,7752750,7553650,0,31172,0,5,0
44,1226741467,4573,1528850,14481650,38137100,12631600,66779200,66879750,2246,37953450,7684250,7486150,0,31172,0,5,0
45,3288446148,4574,831100,15070850,37795900,13074500,66772350,66874500,2266,37606500,7824400,6893150,0,31172,0,5,0
46,1157984843,4575,855900,15156850,38094800,12667000,66774550,66877600,2271,37906200,7792600,7575950,0,31172,0,5,0
47,3877288378,4576,1326800,14498050,37822650,13131300,66778800,66879800,2355,37638900,7359600,7160400,0,31172,0,5,0
48,4236526315,4577,1759100,14413650,38040800,11846100,66059650,66873650,2117,37858500,7516850,7314950,0,31172,0,5,0
49,533834014,4578,832300,15187050,38199300,12555350,66774000,66878700,2163,38013000,7097400,6905050,0,31172,0,5,0
50,1649361089,4579,848900,14374000,38006900,13544150,66773950,66875550,2459,37818000,7360050,6365800,0,31172,0,5,0
51,2486981906,4580,1483650,16738450,45528200,3024400,66774700,66878500,491,45339700,7997750,7768400,0,31172,0,5,0
52,1706075277,4581,870850,15103350,38912200,11891800,66778200,66878100,2130,38727350,7837450,7646400,0,31172,0,5,0
53,267972368,4582,832300,15189300,37742500,13011750,66775850,66877050,2342,37551500,7792650,7575000,0,31172,0,5,0
54,3895401273,4583,853450,14502800,37741850,13256450,66354550,66876500,2379,37558250,7354450,7157950,0,31172,0,5,0
55,605985656,4584,831300,14973050,38691300,12277200,66772850,66876600,2209,38502200,7817650,7616900,0,31172,0,5,0
56,4077673024,4585,903900,15137400,37704800,13030650,66776750,66879000,2260,37520150,7782250,7561700,0,30852,0,5,0
57,985632231,4586,862600,14367950,38045250,13501100,66776900,66876500,2448,37157550,7410350,7202000,0,30852,0,5,0
58,3720590956,4587,1485150,14522950,39425600,11343350,66777050,66876750,1935,39241450,8983250,8781800,0,30852,0,5,0
59,3264032585,4588,892150,15061300,40397400,10420400,66771250,66874450,1818,40218400,7683250,7460800,0,30852,0,5,0
60,395405688,4589,883500,15146750,37560300,13478300,67068850,67168000,2356,37373450,7731300,7522950,0,30852,0,5,0
61,32142420,4590,863900,14513100,37719600,13394050,66490650,66590050,2323,37530050,7256000,7055400,0,30852,0,5,0
62,1187067055,4591,1554250,14270950,38201750,12744800,66771750,66875750,2306,38017950,7854300,7663100,0,30852,0,5,0
63,459140908,4592,864350,15152900,37729800,13027850,66774900,66875650,2261,37545100,7790100,7572700,0,30852,0,5,0
64,3369786495,4593,887500,14995100,37182100,13715150,66779850,66879000,2430,36998700,7421350,7216950,0,30852,0,5,0
65,1572434254,4594,1479850,14513200,37796500,12992950,66782500,66875500,2322,37613450,7399150,7200400,0,30852,0,5,0
66,4107798823,4595,886350,15025350,40233400,15357000,71502100,71602800,1600,40052350,7683650,7480900,0,30852,0,5,0
67,343968250,4596,900850,16126300,38114400,7053200,62194750,62311700,1232,37931050,7480800,7260050,0,30852,0,5,0
68,3102454017,4597,896100,15696900,37561850,12460400,66615250,66716100,2210,37378250,7795050,7588100,0,30852,0,5,0
69,3051095563,4598,1581050,14338200,38190250,12666700,66776200,66879750,2335,38006850,7748750,7551150,0,30852,0,5,0
70,2391331016,4599,887800,15184700,37601400,13102850,66776750,66878650,2325,37417350,7782450,7568750,0,30852,0,5,0
71,3869016117,4600,865150,15516350,37591900,12802400,66775800,66875900,2348,37406800,7720750,7499650,0,30852,0,5,0
72,1579800804,4601,1389100,14539050,37686050,13165000,66779200,66878550,2407,37500650,7278100,7081800,0,30852,0,5,0
73,2792341157,4602,874550,15048300,38404000,12447300,66774150,66875800,2293,38217500,7755000,7559750,0,30852,0,5,0
74,714702942,4603,893600,16798800,38241750,10852250,66786400,66887200,1960,38056850,7361950,7158700,0,30852,0,5,0
75,1092538936,4604,866700,14544300,37698750,13652000,66761750,66863950,2509,36780050,7254250,7057100,0,30852,0,5,0
76,1561271239,4605,1584750,14340300,38100650,12749600,66775300,66878800,2353,37918650,7638500,7441650,0,31172,0,5,0
77,3798074098,4606,867850,15092700,38903250,11911350,66775150,66877550,2132,38715850,7776200,7584200,0,31172,0,5,0
78,3022639071,4607,927450,15346050,37681600,12125400,66080500,66878900,2160,37499450,7827850,7615150,0,31172,0,5,0
79,2282770062,4608,865150,14530000,37744300,13173600,66313050,66877400,2357,37554450,7292200,7090200,0,30852,0,5,0
80,1626512457,4609,890850,14946400,38621450,12309200,66767900,66875050,2212,38432450,7696000,7502750,0,30852,0,5,0
81,3156888026,4610,863500,15160550,39795650,10953400,66773100,66875600,1932,39611150,9868400,9615750,0,30852,0,5,0
82,3038824309,4611,909750,20686800,39154850,6025800,66777200,66880400,1086,38955250,7758450,7553700,0,30852,0,5,0
83,1261846460,4612,1499100,14400050,38258900,12614950,66773000,66877500,2275,38075400,7387000,7185150,0,30852,0,5,0
84,2035201521,4613,884950,15075450,37350250,13456450,66767100,66873250,2349,37165750,7629100,6726600,0,30852,0,5,0
85,2164446652,4614,868900,15193550,37547050,13529650,67139150,67239550,2367,37360600,7673750,7463500,0,30852,0,5,0
86,2017191835,4615,894400,14523850,38127750,12868550,66414550,66515000,2289,37220900,7712250,7498450,0,30852,0,5,0
87,3029138484,4616,860500,14916000,38322250,12682050,66780800,66879950,2291,38133350,7667900,7469150,0,30852,0,5,0
88,50355403,4617,888000,15128900,37594850,13163750,66775500,66877600,2290,37411100,7729050,7518000,0,30852,0,5,0
89,654213990,4618,866850,15174700,39067950,11665300,66774800,66875150,1956,38875750,7023800,6833100,0,30852,0,5,0
90,2360099787,4619,1503750,14361300,37927900,12981700,66774650,66878000,2351,37739900,7470450,7269450,0,30852,0,5,0
91,2424818746,4620,871100,15036950,37437600,13426850,66772500,66874900,2342,37252150,6934600,6752250,0,30852,0,5,0
92,1971386461,4621,892100,15147350,37559050,13506600,67105100,67205600,2280,37376350,7675600,7465450,0,30852,0,5,0
93,3386045126,4622,873350,15223550,37075400,13278500,66450800,66549750,2377,36885300,7336500,7140150,0,30852,0,5,0
94,1429641961,4623,1573550,14307600,38117350,12777200,66775700,66876450,2311,37937250,7664700,7470800,0,30852,0,5,0
95,3022846880,4624,863150,15167850,37602300,13139050,66772350,66876750,2284,37420200,7733050,7519050,0,30852,0,5,0
96,1601897261,4625,892300,15615850,37332750,12940000,66780900,66881300,2307,37144050,7682700,7472900,0,30852,0,5,0
97,1229951528,4626,1396800,16627350,45364000,3384800,66772950,66875300,564,45178700,7710800,6867900,0,30852,0,5,0
98,4065171759,4627,899800,15038000,38004350,12833750,66775900,66877350,2332,37225350,6990450,6808350,0,30852,0,5,0
99,1034325744,4628,863800,15525850,37671250,12795900,66856800,66959200,2215,37483350,7723800,7492200,0,30852,0,5,0
100,14078671,4629,890800,14569950,37694500,13537500,66692750,66795100,2431,36803700,7314500,7110300,0,31172,0,5,0
101,4024270554,4630,1549900,14368600,38222250,12632650,66773400,66877050,2279,38041600,7612150,7411700,0,31172,0,5,0
102,896191351,4631,894050,15158850,38750750,11968750,66772400,66874550,2151,38568750,7751800,7562200,0,31172,0,5,0
103,2131384102,4632,860900,15369200,37486100,13061100,66777300,66880650,2329,37299650,7719450,7508650,0,30852,0,5,0
104,2586210593,4633,1421000,14365200,40073350,10910650,66770200,66873600,1894,39892300,9637600,9445350,0,30852,0,5,0
105,591918370,4634,872300,15007800,38677150,12218300,66775550,66878750,2196,38487650,7596650,7400050,0,30852,0,5,0
106,8814317,4635,895050,15172200,37707350,12999700,66774300,66877950,2257,37526550,7787300,7577750,0,30852,0,5,0
107,2340504196,4636,866300,15223650,37043500,13638150,66771600,66876050,2450,36836650,7301550,7108700,0,30852,0,5,0
108,3523076009,4637,1529350,14338900,38348950,12553050,66770250,66878750,2263,38170650,7330850,7134750,0,30852,0,5,0
109,1961669028,4638,898900,15151000,38437650,11590700,66078250,66878350,2067,38252850,7796200,7590800,0,30852,0,5,0
110,1037581603,4639,890700,15307200,37413500,13156900,66768300,66872650,2349,37228000,7700900,7491000,0,30852,0,5,0
111,2701024588,4640,865350,14407100,38573800,12485750,66332000,66878950,2244,38382400,7796800,7586050,0,30852,0,5,0
112,215037203,4641,893800,14991400,40036200,10864000,66785400,66889750,814,39848850,7665300,7451350,0,30852,0,5,0
113,3696282862,4642,902050,16130550,38362500,11347750,66742850,66864950,2017,38173700,7793450,7581300,0,30852,0,5,0
114,2829142928,4643,902500,15301050,37827200,12743450,66774200,66876500,2262,37640600,8174550,7965700,0,30852,0,5,0
115,3204762949,4644,1458250,14384350,38066650,12865900,66775150,66876500,2325,37879600,7496500,7299350,0,30852,0,5,0
116,3297489190,4645,895350,15043700,37433500,13404050,66776600,66879800,2332,37247950,6970950,6786500,0,30852,0,5,0
117,1691704917,4646,863500,15387100,37518450,13314850,67083900,67184650,2206,37329350,7714200,7498200,0,30852,0,5,0
118,663957814,4647,888000,14388150,37773950,13417650,66467750,66566750,2438,37590650,7403050,7210400,0,30852,0,5,0
119,3058583827,4648,866650,17315800,37535600,11058200,66776250,66878450,1948,37352850,7679100,7449050,0,30852,0,5,0
120,838545270,4649,896400,16621700,38024250,11236300,66778650,66879250,1910,37841200,7476150,7262500,0,30852,0,5,0
121,3608912039,4650,875500,15350350,37329400,13221600,66776850,66877400,2361,37139700,7640600,7435450,0,30852,0,5,0
122,4080159716,4651,1455200,14386850,37901800,13030900,66774750,66875300,2359,37717450,7370450,7176400,0,30852,0,5,0
123,1056027075,4652,868350,15047700,37379050,13481750,66776850,66878500,2348,37190200,6988500,6805100,0,30852,0,5,0
124,4057021248,4653,890700,15658850,37518500,12882900,66950950,67051400,2201,37339850,7805450,7597750,0,31172,0,5,0
125,2686741161,4654,867400,14412100,37825850,13497050,66602400,66702950,2453,37634850,7459400,7258950,0,31172,0,5,0
126,3870849660,4655,1589100,14315150,38162650,12704550,66771450,66874150,2293,37978900,7726450,7533500,0,31172,0,5,0
127,293449641,4656,877250,15448550,39095300,11358000,66779100,66880700,2017,38905850,7416600,7172900,0,30852,0,5,0
128,596064266,4657,895250,23342600,37583300,4951800,66772950,66873350,883,37398600,7839150,7616900,0,30852,0,5,0
129,3715495249,4658,1371850,14422450,38001700,12981450,66777450,66878450,2345,37818000,7311500,7112950,0,30852,0,5,0
130,244680018,4659,898400,15031300,38602050,12244250,66776000,66878550,2201,38411700,7709550,7515550,0,30852,0,5,0
131,4080661783,4660,864050,15335150,37551900,13055850,66806950,66910750,2238,37367050,7741750,7525100,0,30852,0,5,0
132,4006730450,4661,892400,14428150,37742400,13681600,66744550,66844600,2491,37557200,7392750,7196400,0,30852,0,5,0
133,3864584507,4662,1545100,14351900,38372250,12500400,66769650,66873200,2250,38184100,7325850,7129350,0,30852,0,5,0
134,2711027320,4663,896350,15082350,37414150,13381300,66774150,66878000,2333,37229100,7682800,7469950,0,30852,0,5,0
135,4099079087,4664,867050,15296000,40020750,10591500,66775300,66876950,1946,39832650,7848800,7649000,0,30852,0,5,0
136,565333772,4665,910200,14367700,38327700,12712850,66318450,66877800,2287,38143500,7393600,7177550,0,30852,0,5,0
137,1028518269,4666,871000,14961300,38272200,12667450,66771950,66878850,2292,38085550,7678550,7486250,0,30852,0,5,0
138,2252688136,4667,895150,15292450,37417350,13165300,66770250,66874550,2258,37236400,7735900,7531750,0,30852,0,5,0
139,578597309,4668,903750,15351500,38120500,11684900,66060650,66877100,2075,37934350,7925900,7699200,0,30852,0,5,0
140,3624439358,4669,1510150,14328600,38033650,12900500,66772900,66877250,2331,37848700,7520450,7326100,0,30852,0,5,0
141,3514067501,4670,879450,15056200,37492550,13346200,66774400,66876150,2323,37301550,6923550,6743000,0,30852,0,5,0
142,2741972910,4671,895400,15277600,37734500,14500400,68407900,68508100,2275,37542550,8047000,7827900,0,30852,0,5,0
143,28497579,4672,901550,15273500,45768800,3196350,65140200,65248750,523,45583150,7760750,7536950,0,30852,0,5,0
144,466729326,4673,884650,14966200,38276050,12650800,66777700,66878350,2281,38091250,7678000,7480250,0,30852,0,5,0
145,3425349295,4674,866950,15286800,37584400,13034250,66772400,66874850,2145,37397100,7740300,7521600,0,30852,0,5,0
146,1537640620,4675,895700,14990050,37036300,13855300,66777350,66876350,2524,36831850,7392600,7193650,0,30852,0,5,0
147,1853842891,4676,1453050,14399100,37977050,12946100,66775300,66877550,2341,37787500,7352000,7150300,0,30852,0,5,0
148,1177024904,4677,895600,15007300,37484100,13390700,66777700,66879700,2244,37296900,6995600,6821350,0,31172,0,5,0
149,4106734849,4678,867800,15273100,37600400,13257550,66998850,67096200,2283,37414550,7732250,7516900,0,31172,0,5,0
150,2025356500,4679,895850,14356650,40906400,10401350,66560250,66658700,1923,40733800,8261550,8039150,0,31172,0,5,0
151,2189605121,4680,1540600,14302600,38308700,12623750,66775650,66874300,2277,38128050,7731700,7537400,0,30852,0,5,0
152,4086136290,4681,893050,15580400,37306900,12998550,66778900,66879200,2223,37125050,7761850,6819150,0,30852,0,5,0
153,4036669705,4682,865750,15087150,37701350,13122700,66776950,66875900,2370,37520050,7926300,7717050,0,30852,0,5,0
154,4167980074,4683,1408900,14356400,37924050,13091050,66780400,66879750,2370,37738400,7288100,7095900,0,30852,0,5,0
155,51187407,4684,871250,15359300,38349000,12194000,66773550,66873800,2190,38163700,7749850,7549200,0,30852,0,5,0
156,2242638442,4685,895950,15283450,37438400,13241000,66858800,66958750,2280,37248900,7728100,7517550,0,30852,0,5,0
157,2730108163,4686,870100,14368050,37858550,13599000,66695700,66794250,2470,37664750,7251400,7057200,0,30852,0,5,0
158,2718743917,4687,1586900,14330400,46540800,4318750,66776850,66880950,759,46358200,13878600,13571150,0,30852,0,5,0
159,3391709842,4688,887150,15320950,37344900,13221100,66774100,66873200,2267,37160450,7766600,7551100,0,30852,0,5,0
160,1164604273,4689,896350,15177950,37610550,13096550,66781400,66881550,2360,37421500,7939500,7734850,0,30852,0,5,0
161,2148591176,4690,1364900,14389650,38718850,12299950,66773350,66873750,2203,38532550,7683300,6871550,0,30852,0,5,0
162,4192737573,4691,892000,15062950,38243300,12580750,66779000,66878050,2273,38058400,7746900,7557600,0,30852,0,5,0
163,535584840,4692,874350,15276250,37592750,13033400,66776750,66878400,2234,37405250,7796650,7584050,0,30852,0,5,0
164,3430794475,4693,900500,14406300,38658850,12808750,66774400,66874900,2306,38476300,7804200,7604000,0,30852,0,5,0
165,776323552,4694,1536550,14396950,38074000,12772650,66780150,66880300,2049,37890850,7533550,7335350,0,30852,0,5,0
166,3330991427,4695,918250,15318200,37303500,13226100,66766050,66874300,2266,37118400,6993800,6810900,0,30852,0,5,0
167,3282074430,4696,866600,15150200,38088950,12669550,66775300,66877450,2275,37900950,7946550,7731150,0,30852,0,5,0
168,2597814595,4697,901750,14392250,37791700,13265150,66350850,66877550,2406,37609100,7254800,7059350,0,30852,0,5,0
169,2225601370,4698,869450,14990450,38299850,12615400,66775150,66879800,2277,38115650,7751050,7557050,0,30852,0,5,0
170,3716853465,4699,886600,15294800,37914850,12674350,66770600,66875200,2157,37727900,8194350,7977350,0,30852,0,5,0
171,1080675697,4700,886300,14297600,37506900,14087300,66778100,66878150,2572,37318450,7271750,7073150,0,30212,0,5,0
172,219920238,4701,1489950,14235550,38091500,12953700,66770700,66874250,2344,37906000,7417400,7223600,0,30212,0,5,0
173,3070385651,4702,860950,15051750,39270400,11595100,66778200,66878750,2020,39080400,7612500,7409950,0,30212,0,5,0
174,2609556270,4703,886800,22497050,36809000,6893050,67085900,67185000,1200,36614250,7267850,7069850,0,30212,0,5,0
175,141401383,4704,858450,14247950,37693250,13666600,66466250,66567050,2484,37505750,7341000,7139200,0,30212,0,5,0
176,3034105280,4705,887700,14731000,36995600,14162550,66776850,66878950,2391,36815300,6851850,6663950,0,30212,0,5,0
177,3029196371,4706,876550,15139950,37129550,13634350,66780400,66877550,2355,36948150,7600150,6767900,0,30212,0,5,0
178,699378668,4707,884100,14165200,37491750,14238700,66779750,66878650,2314,36591700,7263350,7065500,0,30212,0,5,0
179,2402609405,4708,1610550,14251250,37832750,13071650,66766200,66875400,2366,37640450,7512700,7307200,0,30212,0,5,0
CSV_END

NV_DONE_8fb214416319=0
# 
CAPTURE: {"label": "fifo512-r2-s0-grouped", "elapsed_seconds": 20.914569108999785, "bytes_received": 22204, "command": "/tmp/fifo-bench --frames 180 --warmup 30 --wait spin --state-frame 0 --grouped --csv /tmp/fifo-case.csv; fifo_rc=$?; if [ \"$fifo_rc\" = 0 ]; then  printf \"\\nCSV_BEGIN\\n\"; cat /tmp/fifo-case.csv; printf \"CSV_END\\n\"; fi; test \"$fifo_rc\" = 0", "command_exit": 0, "login_sent": false, "log": "/path/to/research/experiments/fifo-study-20261008/20261008T082854Z-fifo512-r2-s0-grouped.raw"}
