/tmp/fifo-bench --frames 180 --warmup 30 --wait spin --state-frame 0 --retained --csv /tmp/fifo-case.csv; fifo_rc=$?; if [ "$fifo_rc" = 0 ]; then  printf "\nCSV_BEGIN\n"; cat /tmp/fifo-case.csv; printf "CSV_END\n"; fi; test "$fifo_rc" = 0; nv_status=$?; printf "\nNV_DONE_ff1d4d7e9733=%s\n" "$nv_status"
BEGIN_BREAKOUT frames=180 warmup=30 fixed=0 blocks=40 tiles=1 hud=1 wait=spin replay=0 state_frame=0 profile=detailed pixel_centers=1 clock_call_ns=5448
HW_COUNTERS id=46490200 words=161040 wait_cycles=1043176 longest_wait_cycles=4549 total_cycles=61516604 cpu_hz=20000000
RESULT frames=180 elapsed_s=3.075705000 fps=58.523168 logic_ms=0.978629 api_ms=3.054993 swap_ms=5.169499 wait_ms=7.752141 worker_inclusive_ms=4.958074 upload_inclusive_ms=1.502561 write_ms=1.333787 bytes_per_frame=3578.67 p50_ms=16.719450 p95_ms=17.093000 max_ms=33.441700 late_60hz=158 first_count=4101 last_count=4280 state_hash=8f34e8fd remaining=38 score=20
RENDER_PATH retained=1 grouped=0 quads=645 full_frames=0
BREAKOUT_PASS

CSV_BEGIN
frame,state_hash,display_count,logic_ns,api_ns,swap_ns,wait_ns,total_ns,completion_interval_ns,polls,worker_inclusive_ns,upload_inclusive_ns,write_ns,read_ns,write_bytes,read_bytes,write_calls,read_calls
0,3724779174,4101,685400,4349000,7162950,3688500,15885850,15896700,662,7000650,2629150,2476100,0,4572,0,5,0
1,1709657109,4102,928750,3954000,5946100,5782450,16611300,16718250,961,5780550,1653650,1499200,0,4252,0,5,0
2,1894904752,4103,849700,3331450,5396150,7042050,16619350,16722150,1203,5232700,1460100,1320650,0,3612,0,5,0
3,3703759967,4104,837200,3260400,5394750,7122750,16615100,16718500,1231,5232900,1463500,1312000,0,3612,0,5,0
4,19533624,4105,815450,3151300,5941700,6704150,16612600,16714450,1283,5768350,2176350,2027450,0,3612,0,5,0
5,816884773,4106,1377550,2029150,3995250,9462850,16864800,16961900,1599,3833500,786100,636700,0,2972,0,5,0
6,1339236364,4107,808550,2471750,5380700,7718450,16379450,16478350,1402,4335750,1606450,685050,0,3612,0,5,0
7,3072959373,4108,828050,3381050,5253750,7158500,16621350,16719900,1269,5090500,1453850,1312200,0,3612,0,5,0
8,1782884746,4109,816150,2809450,3977950,9012650,16616200,16719550,1670,3809400,1652650,1496250,0,2972,0,5,0
9,30296781,4110,823800,3364200,6547350,5883050,16618400,16717550,1096,6375500,2616000,2461200,0,4252,0,5,0
10,4026418858,4111,1465050,2475800,5822950,6859550,16623350,16722450,1316,5656550,1991300,1836950,0,4252,0,5,0
11,2084929051,4112,1282250,2027800,5574650,7776650,16661350,16763000,1095,5411200,2214100,2064250,0,3612,0,5,0
12,3114489770,4113,825100,3468450,5336300,6941400,16571250,16676000,1238,5160850,2387950,2234200,0,3932,0,5,0
13,891400471,4114,837450,3306300,5639150,10583300,20366200,20467000,731,5467800,1642300,1490950,0,3932,0,5,0
14,3472773456,4115,835600,3664700,4156000,4194200,12850500,12970200,724,3981800,781400,636450,0,2972,0,5,0
15,3010688243,4116,833700,3206600,6097250,6479500,16617050,16717700,1237,5929750,2207850,2060100,0,3612,0,5,0
16,2819524756,4117,1365700,2477050,5618200,7361800,16822750,16925100,1336,5442700,1892100,1741200,0,3612,0,5,0
17,3241678401,4118,831650,2022100,4055300,9506600,16415650,16515500,1630,3892800,786750,633700,0,2972,0,5,0
18,2154316504,4119,842500,3449100,5536400,6022300,15850300,16719500,1005,5368250,1457350,1312300,0,3612,0,5,0
19,772262681,4120,826950,3263850,5429650,7101800,16622250,16720500,1235,5256250,1453250,1305200,0,3612,0,5,0
20,3882818750,4121,807400,2716900,4103400,8987300,16615000,16714800,1642,3939050,777700,632800,0,2972,0,5,0
21,521131153,4122,1410500,2539600,5928450,6745850,16624400,16722300,1286,5756650,2142050,1989300,0,3612,0,5,0
22,1838187414,4123,1596650,2464050,5348700,7204500,16613900,16715350,1294,4363000,1655050,1500350,0,3612,0,5,0
23,840574439,4124,834650,2033650,4049350,9708150,16625800,16725300,1671,3889000,787700,632150,0,2972,0,5,0
24,2879461878,4125,811850,3324100,5311550,7171950,16619450,16719050,1226,5143550,1469150,1323150,0,3612,0,5,0
25,202086035,4126,827050,3249200,5445250,7094450,16615950,16717250,1225,5279050,1459750,1309750,0,3612,0,5,0
26,959703924,4127,811500,2712700,4189000,8904100,16617300,16719950,1613,4013900,781750,635450,0,2972,0,5,0
27,3795724423,4128,1426450,2510350,5657850,7340600,16935250,17032950,1300,5498450,1893250,1733950,0,3612,0,5,0
28,2500539904,4129,812350,2450250,5346750,7695550,16304900,16405050,1395,5164500,1610650,1452850,0,3612,0,5,0
29,2269000541,4130,825650,2012200,4006750,9776850,16621450,16719600,1686,3860250,785750,634050,0,2972,0,5,0
30,1900681108,4131,814000,3331200,5388500,7083250,16616950,16715050,1209,5226250,1459250,1321050,0,3612,0,5,0
31,3680168245,4132,836650,3267950,5366150,7144450,16615200,16720750,1232,5202050,1462150,1311850,0,3612,0,5,0
32,2344329490,4133,807400,2643900,4110850,9054350,16616500,16720400,1641,3938250,780900,635100,0,2972,0,5,0
33,2130650181,4134,1337400,2493200,5654300,7236250,16721150,16820500,1275,5492500,1747600,1583150,0,4252,0,5,0
34,906966818,4135,808450,2453350,5906500,7345100,16513400,16615900,1303,4858300,2057200,1876500,0,4252,0,5,0
35,3939376531,4136,830850,2846750,4231150,8713550,16622300,16719000,1610,4066800,1762900,1599900,0,3612,0,5,0
36,2110688546,4137,828650,3225950,5277300,7293050,16624950,16721200,1272,5106000,1289150,1141100,0,3932,0,5,0
37,2695523007,4138,833750,3346400,5109750,7328600,16618500,16719250,1262,4942650,1287400,1138450,0,3932,0,5,0
38,744447992,4139,1414250,2014200,4033500,9530100,16992050,17093000,1650,3868000,781800,631800,0,2972,0,5,0
39,3728640411,4140,838750,2490700,5401900,7515650,16247000,16346350,1359,5230300,1623600,684450,0,3612,0,5,0
40,618879740,4141,805700,3447350,4903400,7462800,16619250,16718550,1348,4737650,2046250,1892850,0,3612,0,5,0
41,1239708057,4142,848150,2854550,3942250,8974500,16619450,16719100,1663,3789000,1607950,1442250,0,2972,0,5,0
42,2429742208,4143,813650,3234850,7112450,5460050,16621000,16719200,1018,6939300,1756950,1589600,0,3612,0,5,0
43,412095716,4144,830300,3199550,5900300,6690300,16620450,16722750,1281,5737400,2011000,1866750,0,3612,0,5,0
44,1226741467,4145,1359400,2024800,4026550,9262300,16673050,16775400,1584,3857600,773700,635650,0,2972,0,5,0
45,3288446148,4146,829900,2492300,5430000,7813350,16565550,16663800,1421,5261750,1636150,1472750,0,3612,0,5,0
46,1157984843,4147,806950,3404500,5121050,7280200,16612700,16713650,1232,4960350,1246650,1099200,0,3612,0,5,0
47,3877288378,4148,819800,2834250,3968900,8998850,16621800,16723000,1668,3812850,1623350,1459950,0,2972,0,5,0
48,4236526315,4149,1690400,2521450,5451500,6192850,15856200,16717900,1179,5284650,1696250,1542600,0,3612,0,5,0
49,533834014,4150,1495150,2514850,5834200,6778300,16622500,16722750,1295,5667900,2038850,1881200,0,3612,0,5,0
50,1649361089,4151,809950,2023750,4029400,9318850,16181950,16719100,1595,3858500,783450,638900,0,2972,0,5,0
51,2486981906,4152,823050,3372700,4636250,7785500,16617500,16716300,1416,4477750,1734100,1572500,0,3612,0,5,0
52,1706075277,4153,809950,3312250,5139400,7360600,16622200,16719850,1259,4965700,1242000,1090950,0,3612,0,5,0
53,267972368,4154,839300,2799950,4011550,8968350,16619150,16721850,1652,3848650,789350,636850,0,2972,0,5,0
54,3895401273,4155,814500,3200500,4940250,7661550,16616800,16716200,1334,4762650,1236950,1088100,0,3612,0,5,0
55,605985656,4156,1384150,2538850,5435600,7436400,16795000,16896100,1317,5263500,1672550,1524200,0,3612,0,5,0
56,4077673024,4157,869850,8225050,8693000,15372200,33160100,33263000,2799,8522250,1324900,1189000,0,6632,0,5,0
57,985632231,4158,868650,8798550,10533950,13137350,33338500,33438700,2346,10350450,2361650,2187750,0,7312,0,5,0
58,3720590956,4159,1538550,2547650,5683300,6847800,16617300,16720700,1314,5512550,1905500,1751900,0,3652,0,5,0
59,3264032585,4160,1337450,2046700,4041650,9193450,16619250,16716300,1542,3886650,780450,635250,0,2972,0,5,0
60,395405688,4161,841450,3359000,4482150,7939950,16622550,16719450,1448,4322100,1651200,1492150,0,3612,0,5,0
61,32142420,4162,865600,3293800,5153750,7306550,16619700,16717900,1279,4982200,1229550,1090800,0,3612,0,5,0
62,1187067055,4163,840850,2755500,3980250,9043250,16619850,16722200,1677,3818200,1663450,1508200,0,2972,0,5,0
63,459140908,4164,862100,3355800,5760900,6639650,16618450,16716900,1279,4819500,1226250,1087800,0,3612,0,5,0
64,3369786495,4165,1406200,2504350,5573550,7373750,16857850,16958800,1340,5403200,1885750,1733550,0,3612,0,5,0
65,1572434254,4166,865250,2029950,4047450,9441500,16384150,16482000,1620,3884400,775350,629850,0,2972,0,5,0
66,4107798823,4167,846500,3574850,5004450,7198700,16624500,16720450,1270,4841150,1243850,1098500,0,3612,0,5,0
67,343968250,4168,859150,3278500,5173850,7306300,16617800,16715700,1275,5003650,1236150,1087150,0,3612,0,5,0
68,3102454017,4169,841900,2744700,4133150,8901100,16620850,16722150,1622,3966400,779500,635550,0,2972,0,5,0
69,3051095563,4170,1484650,2565150,5752350,6819150,16621300,16719250,1253,5593600,1895000,1742600,0,3612,0,5,0
70,2391331016,4171,1398700,2499200,5346600,8608150,17852650,17954300,1316,5171300,1616950,1447500,0,3612,0,5,0
71,3869016117,4172,858600,2943750,4040450,7534100,15376900,15481400,1366,3871350,1666400,1503750,0,2972,0,5,0
72,1579800804,4173,847000,3359050,5186050,10610400,20002500,20100350,956,5009100,1242600,1094200,0,3612,0,5,0
73,2792341157,4174,874450,5102900,5684550,1560050,13221950,13339300,317,5516350,1890000,1744300,0,3612,0,5,0
74,714702942,4175,847650,2785400,4153450,8836950,16623450,16720500,1595,3984950,785200,638400,0,2972,0,5,0
75,1092538936,4176,1510650,2537250,5799150,7096950,16944000,17044650,1277,5631700,2029350,1870150,0,3612,0,5,0
76,1561271239,4177,845500,2488200,5562800,7393650,16290150,16394550,1332,5386950,1742600,1582200,0,4252,0,5,0
77,3798074098,4178,863500,2005650,5236100,8512400,16617650,16716700,1569,5082000,1922650,1757600,0,3612,0,5,0
78,3022639071,4179,870400,3479600,6242550,5269400,15861950,16721250,983,6075200,2347650,2195750,0,4252,0,5,0
79,2282770062,4180,865650,3292650,5406050,7049450,16613800,16717000,1210,5239950,1462100,1309950,0,3932,0,5,0
80,1626512457,4181,844850,2679700,4361800,8734600,16620950,16720700,1571,4197900,1058600,910850,0,3292,0,5,0
81,3156888026,4182,1381750,2522150,5383550,7371450,16658900,16756600,1306,5222050,1614550,1456450,0,3612,0,5,0
82,3038824309,4183,842350,2500200,5949500,7291500,16583550,16683500,1312,5775150,1932250,1774200,0,3612,0,5,0
83,1261846460,4184,864700,2866050,3956200,8933100,16620050,16717400,1665,3799650,1606250,634050,0,2972,0,5,0
84,2035201521,4185,854100,3250550,5380500,7129600,16614750,16718200,1206,5215150,1457750,1310900,0,3612,0,5,0
85,2164446652,4186,865550,3303900,5969100,6476350,16614900,16717800,1243,5061400,1452950,1304700,0,3612,0,5,0
86,2017191835,4187,1500500,2033000,4023200,9465200,17021900,17123200,1634,3854250,785300,637800,0,2972,0,5,0
87,3029138484,4188,856650,2523000,5386800,7446650,16213100,16319450,1315,5221250,1633800,1470050,0,3612,0,5,0
88,50355403,4189,842200,3471150,5149850,7151900,16615100,16716400,1283,4985400,2315450,2158950,0,3612,0,5,0
89,654213990,4190,865500,2869150,3985100,8903150,16622900,16721650,1647,3825150,1622900,1455150,0,2972,0,5,0
90,2360099787,4191,855700,3286500,5351300,7125450,16618950,16717450,1229,5182850,1452450,1305750,0,3612,0,5,0
91,2424818746,4192,871850,3370600,5739150,6635800,16617400,16719000,1272,5580650,2015750,1859750,0,3612,0,5,0
92,1971386461,4193,1385450,2020150,3998850,9304000,16708450,16811100,1594,3831800,774900,636250,0,2972,0,5,0
93,3386045126,4194,869350,2517900,5375150,7771400,16533800,16629450,1412,5208250,1639150,1474150,0,3612,0,5,0
94,1429641961,4195,850150,3541400,5311400,6909550,16612500,16715400,1114,5150500,1463650,1322200,0,3612,0,5,0
95,3022846880,4196,867400,2805850,3983550,8959700,16616500,16721800,1660,3819950,1629700,1460950,0,2972,0,5,0
96,1601897261,4197,846400,5576750,4821700,5376250,16621100,16719800,999,4660150,1972050,1815600,0,3612,0,5,0
97,1229951528,4198,1485950,2553400,5748550,6830500,16618400,16716650,1310,5582950,1887850,1734250,0,3612,0,5,0
98,4065171759,4199,848800,2015250,4030900,9264500,16159450,16719450,1583,3860150,769900,632450,0,2972,0,5,0
99,1034325744,4200,862300,3357100,4856400,7547000,16622800,16720950,1369,4694400,1947700,1784600,0,3612,0,5,0
100,14078671,4201,867700,3318850,5820700,6612150,16619400,16719450,1134,5649700,1683400,1540700,0,4252,0,5,0
101,4024270554,4202,866400,2802150,4885900,8062650,16617100,16720800,1066,4724250,1463000,1314350,0,3612,0,5,0
102,896191351,4203,857500,3322600,5954850,6478800,16613750,16719050,1236,5781250,2114550,1964700,0,4252,0,5,0
103,2131384102,4204,1437800,2541850,5623800,7202150,16805600,16907750,1299,5446050,1766250,1606500,0,3932,0,5,0
104,2586210593,4205,849350,2008900,4285000,9278250,16421500,16529000,1585,4126150,1039750,899350,0,3292,0,5,0
105,591918370,4206,853400,3412250,5201850,7151900,16619400,16721200,1273,5037900,1460100,1316950,0,3612,0,5,0
106,8814317,4207,851050,3243300,5411200,7107900,16613450,16717250,1206,5241300,1454800,1317600,0,3612,0,5,0
107,2340504196,4208,866150,3102200,4106150,8544850,16619350,16723450,1537,3947550,786650,632300,0,2972,0,5,0
108,3523076009,4209,1461250,2539650,5754300,6859300,16614500,16716700,1317,5593750,2019500,1870650,0,3612,0,5,0
109,1961669028,4210,870350,3518350,5425200,5512600,15326500,16718900,881,5261550,1452350,1310300,0,3612,0,5,0
110,1037581603,4211,856550,2027600,3991350,9742000,16617500,16717300,1680,3837150,775700,633250,0,2972,0,5,0
111,2701024588,4212,853200,3364300,5389050,7015550,16622100,16719250,1225,5228700,1465950,1315450,0,3612,0,5,0
112,215037203,4213,853400,3259400,5432850,7074600,16620250,16723150,1201,5267350,1464200,1318100,0,3612,0,5,0
113,3696282862,4214,863200,2796100,4089300,8864400,16613000,16716600,1602,3924500,778400,634400,0,2972,0,5,0
114,2829142928,4215,1434350,2511100,5604250,7350350,16900050,17005850,1331,5436200,1861000,1719450,0,3612,0,5,0
115,3204762949,4216,856950,2521600,5393300,7558200,16330050,16434300,1342,4390850,1631050,1464000,0,3612,0,5,0
116,3297489190,4217,842150,2025650,3994650,9749300,16611750,16719150,1681,3823250,775050,632300,0,2972,0,5,0
117,1691704917,4218,853450,3301550,5394500,7070950,16620450,16715950,1232,5233300,1452700,1308100,0,3612,0,5,0
118,663957814,4219,849750,3255250,5356300,7157400,16618700,16721050,1239,5191950,1458050,1309500,0,3612,0,5,0
119,3058583827,4220,872250,2835900,3972200,8940550,16620900,16720600,1520,3808850,777350,635150,0,2972,0,5,0
120,838545270,4221,1353650,2511400,5367500,7386250,16618800,16718300,1340,5197900,1586200,1432550,0,3612,0,5,0
121,3608912039,4222,857150,2499550,5367350,7894000,16618050,16719050,1437,5208150,1621950,1452700,0,3612,0,5,0
122,4080159716,4223,843350,3009750,3897600,8866350,16617050,16720400,1646,3747050,1575200,1435800,0,2972,0,5,0
123,1056027075,4224,856400,3274100,5447250,7042350,16620100,16720150,1217,5296200,1462200,1319550,0,3612,0,5,0
124,4057021248,4225,848300,3297950,6134400,6335300,16615950,16718650,1208,5962100,2305050,2156550,0,4252,0,5,0
125,2686741161,4226,1490950,2062750,4892350,8531350,16977400,17079150,1430,4732350,1456250,1315950,0,3612,0,5,0
126,3870849660,4227,860700,2497400,5532800,7368750,16259650,16358750,1330,5355250,1723050,1565800,0,4252,0,5,0
127,293449641,4228,866700,3438500,5416950,6900300,16622450,16720950,1226,5254400,1647450,1494050,0,3932,0,5,0
128,596064266,4229,849200,2871650,4158600,8735800,16615250,16719300,1611,3986500,1829600,1670450,0,3292,0,5,0
129,3715495249,4230,866350,3285500,5369600,7096700,16618150,16720500,1224,5216800,1449600,1308850,0,3612,0,5,0
130,244680018,4231,850800,3215000,5917700,6630000,16613500,16717450,1270,5755000,2214800,2069200,0,3612,0,5,0
131,4080661783,4232,1408000,2035900,4005550,9502400,16951850,17056900,1543,3842900,780850,637750,0,2972,0,5,0
132,4006730450,4233,854150,3866950,6394900,5164550,16280550,16380600,807,6217100,1460300,1318100,0,3612,0,5,0
133,3864584507,4234,865450,3392750,5413950,6945600,16617750,16721550,1207,5246700,1460950,1310800,0,3612,0,5,0
134,2711027320,4235,841750,10361050,3959450,1448050,16610300,16715800,294,3795350,1585400,1427500,0,2972,0,5,0
135,4099079087,4236,863300,3298450,5999300,6459500,16620550,16721950,1241,5082400,1458750,1309650,0,3612,0,5,0
136,565333772,4237,1469450,2511900,5617250,7012900,16611500,16715500,1347,5442200,1889050,1736200,0,3612,0,5,0
137,1028518269,4238,865500,2035600,4046600,9233350,16181050,16722550,1545,3882100,783000,632050,0,2972,0,5,0
138,2252688136,4239,847150,3383550,4828750,7558600,16618050,16721350,1365,4671100,1994050,1837500,0,3612,0,5,0
139,578597309,4240,874100,3483600,5339450,6165700,15862850,16715750,1030,5172200,1452550,1303550,0,3612,0,5,0
140,3624439358,4241,865350,2770950,4005150,8979100,16620550,16721150,1627,3847700,783250,636850,0,2972,0,5,0
141,3514067501,4242,858450,3232800,5986900,6542050,16620200,16718450,1251,5817100,2213800,2067950,0,3612,0,5,0
142,2741972910,4243,1404150,2484400,5599000,7267950,16755500,16857300,1317,5430950,1891150,1740950,0,3612,0,5,0
143,28497579,4244,871200,2026200,4046000,9533150,16476550,16578750,1611,3886150,785250,632250,0,2972,0,5,0
144,466729326,4245,850900,3458200,5518650,6793650,16621400,16722800,1174,5356350,1454900,1311500,0,3612,0,5,0
145,3425349295,4246,856450,3279450,5423900,7053400,16613200,16717000,1220,5261850,1461150,1310100,0,3612,0,5,0
146,1537640620,4247,844250,2753250,4161150,8860850,16619500,16723050,1607,3990450,773850,635700,0,2972,0,5,0
147,1853842891,4248,1612900,2545950,5637500,6817150,16613500,16715600,1308,5473550,1885850,1729650,0,3612,0,5,0
148,1177024904,4249,1356750,2495800,5570050,7199050,16621650,16721400,1294,5395800,1741650,1584300,0,4252,0,5,0
149,4106734849,4250,861000,2027900,5357100,8374800,16620800,16717700,1544,5205100,2009200,1861600,0,3612,0,5,0
150,2025356500,4251,865650,3505650,5448350,6802000,16621650,16717800,1171,5285300,1472850,1324250,0,4252,0,5,0
151,2189605121,4252,863000,3299200,5301000,7157850,16621050,16722700,1234,5132000,1293800,1142750,0,3932,0,5,0
152,4086136290,4253,843150,2733500,4423450,8617700,16617800,16719900,1554,4256800,1058100,911800,0,3292,0,5,0
153,4036669705,4254,1449400,2539250,5525150,7334700,16848500,16946350,1329,5357800,1622950,1465850,0,3612,0,5,0
154,4167980074,4255,841800,2494350,5336400,7716350,16388900,16491750,1402,5156700,1625850,1466400,0,3612,0,5,0
155,51187407,4256,865700,2032750,3946000,9774200,16618650,16716450,1685,3805000,779950,634950,0,2972,0,5,0
156,2242638442,4257,851250,3277700,5261500,7234700,16625150,16720350,1196,5095700,1238150,1099700,0,3612,0,5,0
157,2730108163,4258,860150,3323600,5086600,7349750,16620100,16720150,1273,4917900,1233100,1083400,0,3612,0,5,0
158,2718743917,4259,1446950,2064500,4045400,9059250,16616100,16717450,1641,3880800,783850,633700,0,2972,0,5,0
159,3391709842,4260,1363550,2540350,5558100,7156600,16618600,16720550,1283,5376900,1753700,1588900,0,3612,0,5,0
160,1164604273,4261,841050,2510500,5331800,7933550,16616900,16720750,1447,4312950,1633500,1480450,0,3612,0,5,0
161,2148591176,4262,868950,2963100,3970050,8816650,16618750,16717950,1631,3806700,1611100,1448450,0,2972,0,5,0
162,4192737573,4263,842400,3294150,5140300,7345550,16622400,16721650,964,4964550,1231700,1084800,0,3612,0,5,0
163,535584840,4264,874600,3452600,5762500,6523650,16613350,16716150,1252,5596950,2013250,1087300,0,3612,0,5,0
164,3430794475,4265,1455650,2061550,4007100,9401050,16925350,17027200,1618,3837400,774850,636850,0,2972,0,5,0
165,776323552,4266,858700,2538850,5396250,7518900,16312700,16414950,1326,4396350,1637750,1473250,0,3612,0,5,0
166,3330991427,4267,851500,3475550,4917350,7366150,16610550,16714500,1327,4754650,1242900,1101500,0,3612,0,5,0
167,3282074430,4268,868400,2857350,3966600,8927850,16620200,16720500,1655,3803650,1621700,1457700,0,2972,0,5,0
168,2597814595,4269,868000,3296100,5067800,7389500,16621400,16720550,1255,4891000,1230300,1083550,0,3612,0,5,0
169,2225601370,4270,873250,3250350,5949000,6547600,16620200,16719950,1251,5780200,1910600,1755550,0,3612,0,5,0
170,3716853465,4271,1349900,2049450,4002650,9216550,16618550,16717000,1577,3835450,775150,635500,0,2972,0,5,0
171,1080675697,4272,879050,8994900,10619850,12852600,33346400,33441700,2381,10432400,2401850,2255800,0,7272,0,5,0
172,219920238,4273,840950,8659650,10181500,13653450,33335550,33436200,2539,9992700,2221300,2056100,0,7312,0,5,0
173,3070385651,4274,1657850,2092450,4088450,9174900,17013650,17114650,1565,3922250,792200,640300,0,3012,0,5,0
174,2609556270,4275,843650,2494650,5313850,7572000,16224150,16323900,1374,5142200,1614850,1456500,0,3612,0,5,0
175,141401383,4276,857950,3446050,4944050,7374500,16622550,16720550,1331,4775500,2051750,1885300,0,3612,0,5,0
176,3034105280,4277,842150,2971850,3975300,8825950,16615250,16718250,1633,3818000,1642950,1489400,0,2972,0,5,0
177,3029196371,4278,858900,3296100,5173500,7291300,16619800,16717250,1264,5020100,1236750,1086100,0,3612,0,5,0
178,699378668,4279,840750,3228000,5711550,6839650,16619950,16722050,1321,4777150,1241350,1096300,0,3612,0,5,0
179,2402609405,4280,1416200,2034500,4112500,9237350,16800550,16899100,1492,3952450,777350,634400,0,2972,0,5,0
CSV_END

NV_DONE_ff1d4d7e9733=0
# 
CAPTURE: {"label": "fifo512-r2-s0-retained", "elapsed_seconds": 10.293627581000692, "bytes_received": 21232, "command": "/tmp/fifo-bench --frames 180 --warmup 30 --wait spin --state-frame 0 --retained --csv /tmp/fifo-case.csv; fifo_rc=$?; if [ \"$fifo_rc\" = 0 ]; then  printf \"\\nCSV_BEGIN\\n\"; cat /tmp/fifo-case.csv; printf \"CSV_END\\n\"; fi; test \"$fifo_rc\" = 0", "command_exit": 0, "login_sent": false, "log": "/path/to/research/experiments/fifo-study-20261008/20261008T082822Z-fifo512-r2-s0-retained.raw"}
