/tmp/fifo-bench --frames 180 --warmup 30 --wait spin --fixed --replay --grouped --state-frame 0 --csv /tmp/fifo-replay.csv; fifo_rc=$?; if [ "$fifo_rc" = 0 ]; then printf "\nCSV_BEGIN\n"; cat /tmp/fifo-replay.csv; printf "CSV_END\n"; fi; test "$fifo_rc" = 0; nv_status=$?; printf "\nNV_DONE_935b8068dad7=%s\n" "$nv_status"
BEGIN_BREAKOUT frames=180 warmup=30 fixed=1 blocks=40 tiles=1 hud=1 wait=spin replay=1 state_frame=0 profile=detailed pixel_centers=1 clock_call_ns=5971
HW_COUNTERS id=46490200 words=1546740 wait_cycles=332187 longest_wait_cycles=602 total_cycles=61188453 cpu_hz=20000000
RESULT frames=180 elapsed_s=3.059284400 fps=58.837289 logic_ms=0.854511 api_ms=0.011052 swap_ms=10.906276 wait_ms=5.078894 worker_inclusive_ms=0.000000 upload_inclusive_ms=0.000000 write_ms=6.860837 bytes_per_frame=34372.00 p50_ms=16.719400 p95_ms=17.008300 max_ms=33.205550 late_60hz=164 first_count=6029 last_count=6208 state_hash=de3c9d08 remaining=40 score=0
RENDER_PATH retained=0 grouped=1 quads=0 full_frames=0
BREAKOUT_PASS

CSV_BEGIN
frame,state_hash,display_count,logic_ns,api_ns,swap_ns,wait_ns,total_ns,completion_interval_ns,polls,worker_inclusive_ns,upload_inclusive_ns,write_ns,read_ns,write_bytes,read_bytes,write_calls,read_calls
0,3728514312,6029,772650,9100,11158350,4421900,16362000,16373200,778,0,0,7235900,0,34372,0,5,0
1,3728514312,6030,713600,7550,11229150,4666450,16616750,16720900,816,0,0,7076500,0,34372,0,5,0
2,3728514312,6031,723650,7550,10924100,4952950,16608250,16716250,866,0,0,6408050,0,34372,0,5,0
3,3728514312,6032,1258650,9100,10346350,4998900,16613000,16718150,790,0,0,6278700,0,34372,0,5,0
4,3728514312,6033,719800,7550,10477050,5418350,16622750,16723000,870,0,0,6311000,0,34372,0,5,0
5,3728514312,6034,719800,7550,11395000,4490650,16613000,16720050,807,0,0,8050500,0,34372,0,5,0
6,3728514312,6035,730000,7550,12614050,3270050,16621650,16721200,492,0,0,9306550,0,34372,0,5,0
7,3728514312,6036,742200,7550,11191150,4666650,16607550,16718000,816,0,0,6512650,0,34372,0,5,0
8,3728514312,6037,1395600,7550,10329850,5130350,16863350,16970500,817,0,0,6366650,0,34372,0,5,0
9,3728514312,6038,715650,7550,10352500,5290850,16366550,16466250,849,0,0,6262150,0,34372,0,5,0
10,3728514312,6039,725150,7550,11085150,4808550,16626400,16719400,877,0,0,6245700,0,34372,0,5,0
11,3728514312,6040,727900,7550,11072550,4806300,16614300,16718250,870,0,0,7741400,0,34372,0,5,0
12,3728514312,6041,731900,7550,11087650,4802250,16629350,16720200,847,0,0,7198150,0,34372,0,5,0
13,3728514312,6042,715350,7550,11062300,4830700,16615900,16719750,845,0,0,6364450,0,34372,0,5,0
14,3728514312,6043,806850,7650,11212750,2485650,14512900,16796050,384,0,0,7290050,0,34372,0,5,0
15,3728514312,6044,714500,7550,10334600,5471250,16527900,16641850,884,0,0,6219000,0,34372,0,5,0
16,3728514312,6045,723800,7650,11097750,4800200,16629400,16722650,867,0,0,7167400,0,34372,0,5,0
17,3728514312,6046,726300,7550,11433350,4444100,16611300,16716450,773,0,0,7146150,0,34372,0,5,0
18,3728514312,6047,720700,7650,11009300,4881850,16619500,16718400,856,0,0,7021900,0,34372,0,5,0
19,3728514312,6048,1369550,7450,10352050,5252100,16981150,17082150,818,0,0,6345500,0,34372,0,5,0
20,3728514312,6049,726050,7650,10293950,5218400,16246050,16356200,834,0,0,6271600,0,34372,0,5,0
21,3728514312,6050,716050,7550,10310250,5586800,16620650,16722750,906,0,0,5566450,0,34372,0,5,0
22,3728514312,6051,714350,7650,11039750,4853850,16615600,16720700,856,0,0,7742150,0,34372,0,5,0
23,3728514312,6052,725400,7800,11144250,4731800,16609250,16714250,833,0,0,7212250,0,34372,0,5,0
24,3728514312,6053,721000,7650,10926400,4960650,16615700,16720600,870,0,0,7017700,0,34372,0,5,0
25,3728514312,6054,1276050,9100,10367200,5098800,16751150,16854950,789,0,0,6351500,0,34372,0,5,0
26,3728514312,6055,728400,7650,10307700,5430400,16474150,16585250,877,0,0,6263400,0,34372,0,5,0
27,3728514312,6056,714500,7550,10960300,4930950,16613300,16720350,901,0,0,6980250,0,34372,0,5,0
28,3728514312,6057,716550,7650,11115950,4771850,16612000,16716200,857,0,0,7163750,0,34372,0,5,0
29,3728514312,6058,703450,7550,11177450,4729350,16617800,16719450,830,0,0,7057700,0,34372,0,5,0
30,3728514312,6059,1625550,7750,10348150,4633650,16615100,16719950,799,0,0,6369350,0,34372,0,5,0
31,3728514312,6060,720250,7800,10318350,5141250,16187650,16716200,817,0,0,6257050,0,34372,0,5,0
32,3728514312,6061,714600,7650,10433200,5456900,16612350,16718700,876,0,0,5591750,0,34372,0,5,0
33,3728514312,6062,720150,7550,11053050,4833900,16614650,16721450,875,0,0,7706750,0,34372,0,5,0
34,3728514312,6063,722500,7650,11081200,4804300,16615650,16718350,852,0,0,7172400,0,34372,0,5,0
35,3728514312,6064,705400,7550,11145750,4762300,16621000,16720550,836,0,0,6476350,0,34372,0,5,0
36,3728514312,6065,1341300,7650,10327600,12144950,23821500,23926350,801,0,0,6365900,0,34372,0,5,0
37,3728514312,6066,1889050,7550,10290550,13925250,26112400,26231100,2393,0,0,6204550,0,34372,0,5,0
38,3728514312,6067,744750,7550,11087000,4769850,16609150,16724050,860,0,0,7814500,0,34372,0,5,0
39,3728514312,6068,715500,7550,11038150,4852250,16613450,16714300,856,0,0,6999550,0,34372,0,5,0
40,3728514312,6069,1364100,7600,10390250,4852250,16614200,16721900,840,0,0,6390400,0,34372,0,5,0
41,3728514312,6070,739150,7550,10629450,4769600,16145750,16720600,727,0,0,6576150,0,34372,0,5,0
42,3728514312,6071,729850,7550,10301450,5573550,16612400,16718200,906,0,0,6249450,0,34372,0,5,0
43,3728514312,6072,720000,7550,11142100,4741750,16611400,16717400,855,0,0,7800150,0,34372,0,5,0
44,3728514312,6073,733050,7550,11067250,4811000,16618850,16722150,856,0,0,7146250,0,34372,0,5,0
45,3728514312,6074,1626800,9350,10315900,3921700,15873750,16719250,655,0,0,6239700,0,34372,0,5,0
46,3728514312,6075,1399050,7650,10322450,5101050,16830200,16942300,778,0,0,6361750,0,34372,0,5,0
47,3728514312,6076,740500,7550,10357650,5276500,16382200,16491950,846,0,0,6234000,0,34372,0,5,0
48,3728514312,6077,721750,7650,10950600,4938000,16618000,16720550,903,0,0,6219000,0,34372,0,5,0
49,3728514312,6078,721550,7550,11102050,4793400,16624550,16722350,842,0,0,7765800,0,34372,0,5,0
50,3728514312,6079,739400,7650,11081050,4789450,16617550,16719050,843,0,0,7048400,0,34372,0,5,0
51,3728514312,6080,724100,7550,10931150,4945800,16608600,16714050,871,0,0,6361550,0,34372,0,5,0
52,3728514312,6081,1284700,7650,10290550,5036950,16619850,16727700,773,0,0,6297750,0,34372,0,5,0
53,3728514312,6082,732800,7550,10336800,5529750,16606900,16713750,834,0,0,6222350,0,34372,0,5,0
54,3728514312,6083,726650,7650,11020700,4858350,16613350,16722950,881,0,0,7710450,0,34372,0,5,0
55,3728514312,6084,718100,7550,11102200,4783250,16611100,16712850,855,0,0,7145150,0,34372,0,5,0
56,3728514312,6085,719450,7650,11180450,4716150,16623700,16721950,819,0,0,7085450,0,34372,0,5,0
57,3728514312,6086,1359000,7450,10354800,5178750,16900000,17008300,831,0,0,6355800,0,34372,0,5,0
58,3728514312,6087,715700,7650,10297850,5304250,16325450,16429250,849,0,0,6285750,0,34372,0,5,0
59,3728514312,6088,715850,7550,11081650,4808350,16613400,16718450,875,0,0,6185850,0,34372,0,5,0
60,3728514312,6089,730400,7650,11024600,4847850,16610500,16719550,879,0,0,7728650,0,34372,0,5,0
61,3728514312,6090,716300,7550,11087600,4809200,16620650,16721200,848,0,0,7160100,0,34372,0,5,0
62,3728514312,6091,718650,7650,11070600,4817800,16614700,16718300,840,0,0,6491300,0,34372,0,5,0
63,3728514312,6092,1278550,9100,10357750,4964650,16610050,16717150,782,0,0,6337950,0,34372,0,5,0
64,3728514312,6093,716550,7650,10295150,5599800,16619150,16723300,909,0,0,6277100,0,34372,0,5,0
65,3728514312,6094,717950,7550,11162700,4726600,16614800,16719800,856,0,0,7044600,0,34372,0,5,0
66,3728514312,6095,723600,7650,12781200,3099000,16611450,16716700,459,0,0,7431450,0,34372,0,5,0
67,3728514312,6096,738050,7550,11009750,4851400,16606750,16719000,853,0,0,7018250,0,34372,0,5,0
68,3728514312,6097,1389800,7550,10428150,5171000,16996500,17100450,820,0,0,6472650,0,34372,0,5,0
69,3728514312,6098,726350,7550,10344100,5157050,16235050,16340550,821,0,0,6255150,0,34372,0,5,0
70,3728514312,6099,720150,7550,10320850,5566500,16615050,16718100,900,0,0,6276050,0,34372,0,5,0
71,3728514312,6100,719550,7550,11144500,4751400,16623000,16721200,855,0,0,7801350,0,34372,0,5,0
72,3728514312,6101,741600,7550,11092300,4774700,16616150,16717650,845,0,0,7186900,0,34372,0,5,0
73,3728514312,6102,714200,7550,10956500,4936100,16614350,16719250,871,0,0,7005300,0,34372,0,5,0
74,3728514312,6103,1294400,7550,10330050,5065900,16697900,16804250,774,0,0,6367400,0,34372,0,5,0
75,3728514312,6104,787250,9100,11189250,3778450,15764050,16636200,662,0,0,7803700,0,34372,0,5,0
76,3728514312,6105,733400,7650,10987000,4884100,16612150,16716450,891,0,0,7034450,0,34372,0,5,0
77,3728514312,6106,715650,7550,11130050,4763200,16616450,16721150,831,0,0,7144800,0,34372,0,5,0
78,3728514312,6107,729000,7650,11049750,4823400,16609800,16716950,784,0,0,7024650,0,34372,0,5,0
79,3728514312,6108,1409950,7600,10350650,4847550,16615750,16720250,846,0,0,7057600,0,34372,0,5,0
80,3728514312,6109,724300,7650,10320700,5111150,16163800,16718350,786,0,0,6290900,0,34372,0,5,0
81,3728514312,6110,732100,7550,10378650,5491300,16609600,16717850,885,0,0,6250700,0,34372,0,5,0
82,3728514312,6111,731350,7650,11022550,4864800,16626350,16720400,882,0,0,7721200,0,34372,0,5,0
83,3728514312,6112,719750,7550,11091850,4799100,16618250,16718800,851,0,0,7125550,0,34372,0,5,0
84,3728514312,6113,720550,7650,11126450,4762700,16617350,16718750,828,0,0,6416550,0,34372,0,5,0
85,3728514312,6114,1343550,7550,10371650,5042400,16765150,16872300,800,0,0,6363200,0,34372,0,5,0
86,3728514312,6115,721150,7650,10327150,5406150,16462100,16567150,870,0,0,6284000,0,34372,0,5,0
87,3728514312,6116,718750,7550,11098450,4789900,16614650,16718500,873,0,0,7082200,0,34372,0,5,0
88,3728514312,6117,730650,7650,11063900,4828400,16630600,16722800,872,0,0,7787450,0,34372,0,5,0
89,3728514312,6118,713450,7550,11075450,4816900,16613350,16714950,848,0,0,7045300,0,34372,0,5,0
90,3728514312,6119,723500,7650,11014650,4867750,16613550,16720550,847,0,0,6477950,0,34372,0,5,0
91,3728514312,6120,1246250,9150,10671750,4685850,16613000,16719250,723,0,0,6368500,0,34372,0,5,0
92,3728514312,6121,731500,7650,10285600,5591950,16616700,16722050,909,0,0,6260550,0,34372,0,5,0
93,3728514312,6122,716000,7550,11172700,4721150,16617400,16722300,852,0,0,7825000,0,34372,0,5,0
94,3728514312,6123,729650,7650,11084000,4790150,16611450,16713950,853,0,0,7158650,0,34372,0,5,0
95,3728514312,6124,711000,7550,11024700,4877550,16620800,16720450,859,0,0,7014900,0,34372,0,5,0
96,3728514312,6125,1388700,7650,10443900,5007200,16847450,16952450,791,0,0,6482700,0,34372,0,5,0
97,3728514312,6126,724800,7550,18510050,13857150,33099550,33205550,2408,0,0,9216300,0,34372,0,5,0
98,3728514312,6127,751050,7550,11208800,4638300,16605700,16720850,832,0,0,7915700,0,34372,0,5,0
99,3728514312,6128,734250,7550,11072250,4799300,16613350,16718850,845,0,0,6397750,0,34372,0,5,0
100,3728514312,6129,723800,7550,10921600,4963150,16616100,16718600,869,0,0,6370050,0,34372,0,5,0
101,3728514312,6130,1264850,9150,10362400,4978700,16615100,16717700,754,0,0,6317800,0,34372,0,5,0
102,3728514312,6131,731450,7550,10286850,5584350,16610200,16720700,826,0,0,6261250,0,34372,0,5,0
103,3728514312,6132,729350,7550,10975850,4898000,16610750,16719050,892,0,0,6990950,0,34372,0,5,0
104,3728514312,6133,723250,7600,11104600,4784100,16619550,16721250,832,0,0,7155850,0,34372,0,5,0
105,3728514312,6134,1659600,9100,10312600,3870750,15852050,16720400,645,0,0,6267700,0,34372,0,5,0
106,3728514312,6135,1440800,9000,10306900,5162500,16919200,17036100,824,0,0,6357450,0,34372,0,5,0
107,3728514312,6136,720550,7550,10360800,5205050,16293950,16396750,803,0,0,6254800,0,34372,0,5,0
108,3728514312,6137,740500,7550,10315800,5550700,16614550,16722750,896,0,0,5581700,0,34372,0,5,0
109,3728514312,6138,725250,7550,11041650,4844950,16619400,16718850,879,0,0,7700750,0,34372,0,5,0
110,3728514312,6139,731150,7550,11095250,4783800,16617750,16716150,846,0,0,7198950,0,34372,0,5,0
111,3728514312,6140,713150,7550,11086850,4809650,16617200,16720900,844,0,0,6366350,0,34372,0,5,0
112,3728514312,6141,1291850,7550,10324550,4992950,16616900,16726250,789,0,0,6350600,0,34372,0,5,0
113,3728514312,6142,721450,7550,10318400,5562000,16609400,16711700,904,0,0,6249600,0,34372,0,5,0
114,3728514312,6143,721150,7550,11103400,4783400,16615500,16723700,868,0,0,7800400,0,34372,0,5,0
115,3728514312,6144,727150,7550,11504500,4375500,16614700,16718050,761,0,0,7564900,0,34372,0,5,0
116,3728514312,6145,734800,7550,11011150,4860350,16613850,16718200,853,0,0,7013850,0,34372,0,5,0
117,3728514312,6146,1356650,7500,10486750,5173100,17024000,17127800,831,0,0,7203300,0,34372,0,5,0
118,3728514312,6147,723350,7550,10322900,5150900,16204700,16313550,821,0,0,6275400,0,34372,0,5,0
119,3728514312,6148,720150,7550,10318150,5569500,16615350,16719050,904,0,0,6212300,0,34372,0,5,0
120,3728514312,6149,727450,7550,11137200,4755850,16628050,16720700,860,0,0,7833950,0,34372,0,5,0
121,3728514312,6150,724050,7550,11080700,4799150,16611450,16715700,851,0,0,7137350,0,34372,0,5,0
122,3728514312,6151,714200,7550,10931300,4959700,16612750,16718100,870,0,0,6997800,0,34372,0,5,0
123,3728514312,6152,1313700,7550,10470550,4916200,16708000,16812050,773,0,0,6470000,0,34372,0,5,0
124,3728514312,6153,722950,7550,10320300,5470250,16521050,16628500,885,0,0,6274900,0,34372,0,5,0
125,3728514312,6154,719900,7550,10966700,4920000,16614150,16718250,899,0,0,6971850,0,34372,0,5,0
126,3728514312,6155,729000,7550,11208100,4681500,16626150,16720200,582,0,0,7931000,0,34372,0,5,0
127,3728514312,6156,753200,7550,11912100,3925600,16598450,16717300,647,0,0,6540200,0,34372,0,5,0
128,3728514312,6157,1378150,7600,10275600,4947200,16608550,16718700,863,0,0,6381750,0,34372,0,5,0
129,3728514312,6158,722450,7550,10323350,5113500,16166850,16723250,781,0,0,6268050,0,34372,0,5,0
130,3728514312,6159,738000,7550,10290100,5584450,16620100,16718850,908,0,0,6242600,0,34372,0,5,0
131,3728514312,6160,723750,7550,11026950,4861050,16619300,16717200,882,0,0,7682800,0,34372,0,5,0
132,3728514312,6161,722350,7550,11069400,4824300,16623600,16720700,833,0,0,7158350,0,34372,0,5,0
133,3728514312,6162,719400,7550,10989450,4891700,16608100,16719200,862,0,0,6986300,0,34372,0,5,0
134,3728514312,6163,1376100,7550,10310400,5098750,16792800,16902400,812,0,0,6351700,0,34372,0,5,0
135,3728514312,6164,779000,9100,11171650,3708650,15668400,16537250,620,0,0,7786950,0,34372,0,5,0
136,3728514312,6165,738250,7650,10978650,4886400,16610950,16718150,892,0,0,7025250,0,34372,0,5,0
137,3728514312,6166,723100,7550,11090400,4794400,16615450,16716450,867,0,0,7768600,0,34372,0,5,0
138,3728514312,6167,728450,7650,11055200,4829750,16621050,16721850,852,0,0,7052650,0,34372,0,5,0
139,3728514312,6168,722950,7550,11058850,4827950,16617300,16719950,844,0,0,6357150,0,34372,0,5,0
140,3728514312,6169,1579700,9300,10349000,4669700,16607700,16717500,720,0,0,6268400,0,34372,0,5,0
141,3728514312,6170,730800,7550,10337600,5536550,16612500,16718250,897,0,0,6213550,0,34372,0,5,0
142,3728514312,6171,727100,7650,11157150,4727150,16619050,16723850,854,0,0,7864250,0,34372,0,5,0
143,3728514312,6172,722200,7550,11105300,4778750,16613800,16715600,854,0,0,7149150,0,34372,0,5,0
144,3728514312,6173,723450,7650,10989250,4895950,16616300,16716400,858,0,0,7017250,0,34372,0,5,0
145,3728514312,6174,1366950,7450,10507700,5009800,16891900,16994650,794,0,0,6381900,0,34372,0,5,0
146,3728514312,6175,729700,7650,10287650,5314700,16339700,16446900,853,0,0,6267800,0,34372,0,5,0
147,3728514312,6176,719500,7550,10972750,4918150,16617950,16721600,900,0,0,5556200,0,34372,0,5,0
148,3728514312,6177,722450,7650,12963050,2916400,16609550,16714850,454,0,0,9680050,0,34372,0,5,0
149,3728514312,6178,746200,7550,11087050,4770250,16611050,16722750,840,0,0,6413550,0,34372,0,5,0
150,3728514312,6179,730800,7550,10946200,4927800,16612350,16714900,864,0,0,6373200,0,34372,0,5,0
151,3728514312,6180,1272850,9100,10501650,4836850,16620450,16723500,753,0,0,6469550,0,34372,0,5,0
152,3728514312,6181,728300,7550,10585250,5289300,16610400,16716900,830,0,0,6545000,0,34372,0,5,0
153,3728514312,6182,725800,7550,11004200,4881200,16618750,16722600,889,0,0,7012700,0,34372,0,5,0
154,3728514312,6183,719200,7550,11256150,4638950,16621850,16721900,824,0,0,7190500,0,34372,0,5,0
155,3728514312,6184,722850,7550,11009150,4873600,16613150,16715650,860,0,0,7011000,0,34372,0,5,0
156,3728514312,6185,1387250,7550,10316600,5260050,16971450,17079350,845,0,0,6351900,0,34372,0,5,0
157,3728514312,6186,716700,7550,18739200,13510850,32974300,33076750,2302,0,0,11982300,0,34372,0,5,0
158,3728514312,6187,753300,7550,11012700,4836500,16610050,16721900,876,0,0,7726950,0,34372,0,5,0
159,3728514312,6188,715750,7550,11089900,4807900,16621100,16719100,823,0,0,7162250,0,34372,0,5,0
160,3728514312,6189,728300,7600,10949950,4923600,16609450,16719400,862,0,0,6367100,0,34372,0,5,0
161,3728514312,6190,1279450,9150,10380600,4991400,16660600,16765050,789,0,0,6359300,0,34372,0,5,0
162,3728514312,6191,713550,7550,10328550,5519000,16568650,16672300,868,0,0,6288700,0,34372,0,5,0
163,3728514312,6192,735200,7550,11009850,4871750,16624350,16721850,825,0,0,7017250,0,34372,0,5,0
164,3728514312,6193,720650,7550,11145650,4740400,16614250,16716350,851,0,0,7197700,0,34372,0,5,0
165,3728514312,6194,710450,7550,11020050,4881200,16619250,16720350,862,0,0,7002850,0,34372,0,5,0
166,3728514312,6195,1495500,9050,10316400,4788800,16609750,16715050,833,0,0,6346300,0,34372,0,5,0
167,3728514312,6196,718000,7550,10319750,5136950,16182250,16722450,819,0,0,6255200,0,34372,0,5,0
168,3728514312,6197,717800,7550,10301300,5589900,16616550,16720050,909,0,0,6255900,0,34372,0,5,0
169,3728514312,6198,717350,7550,11149250,4743750,16617900,16720350,859,0,0,7823750,0,34372,0,5,0
170,3728514312,6199,731250,7550,11063250,4810750,16612800,16714250,855,0,0,7162500,0,34372,0,5,0
171,3728514312,6200,704750,7550,10967800,4938500,16618600,16719450,873,0,0,6990900,0,34372,0,5,0
172,3728514312,6201,1339850,7550,10458900,4941450,16747750,16854600,778,0,0,6387550,0,34372,0,5,0
173,3728514312,6202,722750,7550,10340350,5409150,16479800,16587150,874,0,0,6253200,0,34372,0,5,0
174,3728514312,6203,713400,7550,10950800,4937750,16609500,16715750,903,0,0,6982050,0,34372,0,5,0
175,3728514312,6204,714450,7550,11269350,4627300,16618650,16721650,828,0,0,7251200,0,34372,0,5,0
176,3728514312,6205,723300,7550,11406400,4480900,16618150,16720200,773,0,0,7408850,0,34372,0,5,0
177,3728514312,6206,725800,609750,10290550,4989650,16615750,16721350,880,0,0,6361300,0,34372,0,5,0
178,3728514312,6207,1198350,7550,10458500,4947200,16611600,16718350,775,0,0,6464100,0,34372,0,5,0
179,3728514312,6208,724650,7550,10291750,5589200,16613150,16718450,910,0,0,6205600,0,34372,0,5,0
CSV_END

NV_DONE_935b8068dad7=0
# 
CAPTURE: {"label": "fifo512-replay-0", "elapsed_seconds": 10.336396166001578, "bytes_received": 18863, "command": "/tmp/fifo-bench --frames 180 --warmup 30 --wait spin --fixed --replay --grouped --state-frame 0 --csv /tmp/fifo-replay.csv; fifo_rc=$?; if [ \"$fifo_rc\" = 0 ]; then printf \"\\nCSV_BEGIN\\n\"; cat /tmp/fifo-replay.csv; printf \"CSV_END\\n\"; fi; test \"$fifo_rc\" = 0", "command_exit": 0, "login_sent": false, "log": "/path/to/research/experiments/fifo-study-20261008/20261008T083049Z-fifo512-replay-0.raw"}
