/tmp/fifo-bench --frames 180 --warmup 30 --wait spin --fixed --replay --grouped --state-frame 0 --csv /tmp/fifo-replay.csv; fifo_rc=$?; if [ "$fifo_rc" = 0 ]; then printf "\nCSV_BEGIN\n"; cat /tmp/fifo-replay.csv; printf "CSV_END\n"; fi; test "$fifo_rc" = 0; nv_status=$?; printf "\nNV_DONE_c0e681a31cac=%s\n" "$nv_status"
BEGIN_BREAKOUT frames=180 warmup=30 fixed=1 blocks=40 tiles=1 hud=1 wait=spin replay=1 state_frame=0 profile=detailed pixel_centers=1 clock_call_ns=5272
HW_COUNTERS id=46490200 words=1546740 wait_cycles=335526 longest_wait_cycles=600 total_cycles=60853895 cpu_hz=20000000
RESULT frames=180 elapsed_s=3.042571050 fps=59.160492 logic_ms=0.843930 api_ms=0.007665 swap_ms=10.858082 wait_ms=5.061119 worker_inclusive_ms=0.000000 upload_inclusive_ms=0.000000 write_ms=6.838981 bytes_per_frame=34372.00 p50_ms=16.718950 p95_ms=17.037900 max_ms=33.440700 late_60hz=160 first_count=6245 last_count=6424 state_hash=de3c9d08 remaining=40 score=0
RENDER_PATH retained=0 grouped=1 quads=0 full_frames=0
BREAKOUT_PASS

CSV_BEGIN
frame,state_hash,display_count,logic_ns,api_ns,swap_ns,wait_ns,total_ns,completion_interval_ns,polls,worker_inclusive_ns,upload_inclusive_ns,write_ns,read_ns,write_bytes,read_bytes,write_calls,read_calls
0,3728514312,6245,755400,7650,11248900,4355250,16367200,16377850,482,0,0,7223850,0,34372,0,5,0
1,3728514312,6246,759200,7550,11086500,4756050,16609300,16718500,850,0,0,6367250,0,34372,0,5,0
2,3728514312,6247,1281600,7750,10294850,5098700,16682900,16780100,818,0,0,6348900,0,34372,0,5,0
3,3728514312,6248,733650,7650,10446100,5370600,16558000,16658200,885,0,0,6406800,0,34372,0,5,0
4,3728514312,6249,737550,7650,10905550,4969600,16620350,16721400,931,0,0,6997800,0,34372,0,5,0
5,3728514312,6250,729050,7650,11094850,4786000,16617550,16718600,882,0,0,7816150,0,34372,0,5,0
6,3728514312,6251,713200,7650,11121000,4786000,16627850,16723050,854,0,0,7169650,0,34372,0,5,0
7,3728514312,6252,1325500,7700,10291650,4990600,16615450,16718700,897,0,0,6392250,0,34372,0,5,0
8,3728514312,6253,725300,7650,10266200,5192200,16191350,16716750,847,0,0,6295650,0,34372,0,5,0
9,3728514312,6254,731350,7650,11418400,4460400,16617800,16716950,822,0,0,6318700,0,34372,0,5,0
10,3728514312,6255,739500,7650,12534700,3337000,16618850,16721450,489,0,0,9246000,0,34372,0,5,0
11,3728514312,6256,746450,7550,11125000,4736900,16615900,16722000,859,0,0,7183450,0,34372,0,5,0
12,3728514312,6257,714100,7650,10926850,4968050,16616650,16718900,861,0,0,7010050,0,34372,0,5,0
13,3728514312,6258,1353600,7750,10322500,5065900,16749750,16853950,823,0,0,6350700,0,34372,0,5,0
14,3728514312,6259,790450,7650,11110000,3822050,15730150,16580400,690,0,0,7817000,0,34372,0,5,0
15,3728514312,6260,720900,7650,10922300,4970600,16621450,16723700,903,0,0,6946750,0,34372,0,5,0
16,3728514312,6261,727400,7650,11091850,4786250,16613150,16717750,885,0,0,7843050,0,34372,0,5,0
17,3728514312,6262,716900,7650,11038800,4859850,16623200,16719900,878,0,0,7038500,0,34372,0,5,0
18,3728514312,6263,724600,7650,10879050,5003200,16614500,16715800,895,0,0,6413750,0,34372,0,5,0
19,3728514312,6264,1353800,7750,10297500,4965700,16624750,16721100,800,0,0,6232300,0,34372,0,5,0
20,3728514312,6265,726800,7650,10265350,5615800,16615600,16719150,931,0,0,6270150,0,34372,0,5,0
21,3728514312,6266,728850,7650,11312100,4575250,16623850,16722300,826,0,0,8005700,0,34372,0,5,0
22,3728514312,6267,720250,7650,11211100,4677500,16616500,16715650,849,0,0,7319000,0,34372,0,5,0
23,3728514312,6268,729800,7550,10975100,4907150,16619600,16720050,886,0,0,7016250,0,34372,0,5,0
24,3728514312,6269,1357700,7750,10296150,5181600,16843200,16946150,842,0,0,6356700,0,34372,0,5,0
25,3728514312,6270,725450,7650,10428750,5230200,16392050,16492250,854,0,0,6290450,0,34372,0,5,0
26,3728514312,6271,734950,7650,10236450,5635900,16614950,16718100,931,0,0,5569050,0,34372,0,5,0
27,3728514312,6272,728900,7650,11031450,4852800,16620800,16722300,899,0,0,7731350,0,34372,0,5,0
28,3728514312,6273,720900,7650,11164500,4728850,16621900,16718000,845,0,0,7199050,0,34372,0,5,0
29,3728514312,6274,734350,7650,10899600,4970500,16612100,16716650,895,0,0,6360950,0,34372,0,5,0
30,3728514312,6275,1282150,7750,10288850,5041950,16620700,16721750,813,0,0,6343550,0,34372,0,5,0
31,3728514312,6276,727650,7650,18536600,14070950,33342850,33440700,2481,0,0,11794950,0,34372,0,5,0
32,3728514312,6277,752550,7650,11096550,4757500,16614250,16718800,874,0,0,7214200,0,34372,0,5,0
33,3728514312,6278,724250,7650,11549200,4352150,16633250,16716900,760,0,0,6486350,0,34372,0,5,0
34,3728514312,6279,1365550,7750,10284300,5280800,16938400,17030850,867,0,0,6341400,0,34372,0,5,0
35,3728514312,6280,723950,7650,10315050,5265950,16312600,16410250,865,0,0,6260750,0,34372,0,5,0
36,3728514312,6281,730100,7650,10253200,5637700,16628650,16717550,906,0,0,5594650,0,34372,0,5,0
37,3728514312,6282,738650,7650,11008900,4865750,16620950,16720650,903,0,0,7693950,0,34372,0,5,0
38,3728514312,6283,730500,7900,11085600,4808850,16632850,16718650,871,0,0,7209050,0,34372,0,5,0
39,3728514312,6284,717000,7650,10911150,4989500,16625300,16719600,879,0,0,7003200,0,34372,0,5,0
40,3728514312,6285,1296550,7750,10299750,5022350,16626400,16717100,812,0,0,6352050,0,34372,0,5,0
41,3728514312,6286,726700,7650,10328750,5559350,16622450,16723750,923,0,0,6261800,0,34372,0,5,0
42,3728514312,6287,729900,7900,10940350,4949550,16627700,16716200,903,0,0,7028550,0,34372,0,5,0
43,3728514312,6288,739000,7650,11127250,4744650,16618550,16721600,873,0,0,7191900,0,34372,0,5,0
44,3728514312,6289,723100,7650,11000650,4898900,16630300,16716350,879,0,0,7049200,0,34372,0,5,0
45,3728514312,6290,787850,7650,11375200,3508000,15678700,17278850,600,0,0,6277150,0,34372,0,5,0
46,3728514312,6291,748500,7650,10297700,4996800,16050650,16161600,805,0,0,6261900,0,34372,0,5,0
47,3728514312,6292,734450,7650,10259400,5613400,16614900,16715650,935,0,0,6197000,0,34372,0,5,0
48,3728514312,6293,724150,7650,11000250,4889550,16621600,16722800,909,0,0,7731600,0,34372,0,5,0
49,3728514312,6294,719650,7650,11188900,4711600,16627800,16721550,852,0,0,7278000,0,34372,0,5,0
50,3728514312,6295,734900,7650,10945150,4924150,16611850,16715150,879,0,0,7052500,0,34372,0,5,0
51,3728514312,6296,1296050,7650,10347650,5057750,16709100,16807750,820,0,0,6354600,0,34372,0,5,0
52,3728514312,6297,721900,7650,10410000,5391350,16530900,16630900,886,0,0,6309650,0,34372,0,5,0
53,3728514312,6298,737400,7650,10933800,4935250,16614100,16718500,924,0,0,6971100,0,34372,0,5,0
54,3728514312,6299,715850,7650,11065450,4827100,16616050,16718700,893,0,0,7822300,0,34372,0,5,0
55,3728514312,6300,710700,7650,11138850,4767550,16624750,16722600,857,0,0,7125300,0,34372,0,5,0
56,3728514312,6301,1328350,7700,10274150,5005900,16616100,16718250,895,0,0,6412300,0,34372,0,5,0
57,3728514312,6302,721000,7650,10289100,5195350,16213100,16772700,790,0,0,6271400,0,34372,0,5,0
58,3728514312,6303,728800,7650,10414650,5412750,16563850,16663300,884,0,0,6385550,0,34372,0,5,0
59,3728514312,6304,735000,7650,10990600,4885900,16619150,16723950,911,0,0,7678250,0,34372,0,5,0
60,3728514312,6305,712950,7650,11063100,4834950,16618650,16716200,887,0,0,7171450,0,34372,0,5,0
61,3728514312,6306,719150,7650,13698300,2199400,16624500,16719700,448,0,0,6342350,0,34372,0,5,0
62,3728514312,6307,1406800,7750,10325150,5047500,16787200,16888900,817,0,0,6352050,0,34372,0,5,0
63,3728514312,6308,725150,7650,10303150,5411000,16446950,16547500,893,0,0,6263400,0,34372,0,5,0
64,3728514312,6309,721600,7650,11012950,4879850,16622050,16723500,907,0,0,6338900,0,34372,0,5,0
65,3728514312,6310,744600,7650,11084350,4774500,16611100,16717950,884,0,0,7773800,0,34372,0,5,0
66,3728514312,6311,709200,7650,11031000,4874150,16622000,16719600,880,0,0,6423100,0,34372,0,5,0
67,3728514312,6312,720550,7650,10882100,5012200,16622500,16720200,880,0,0,6354000,0,34372,0,5,0
68,3728514312,6313,1255400,7750,10264800,5084400,16612350,16718450,824,0,0,6300250,0,34372,0,5,0
69,3728514312,6314,723550,7650,10266300,5622150,16619650,16721800,937,0,0,6217800,0,34372,0,5,0
70,3728514312,6315,724000,7650,11344900,4541800,16618350,16718250,810,0,0,8058500,0,34372,0,5,0
71,3728514312,6316,734400,7550,11105950,4766650,16614550,16717150,870,0,0,7166000,0,34372,0,5,0
72,3728514312,6317,719050,7650,10978300,4910200,16615200,16716550,877,0,0,7027100,0,34372,0,5,0
73,3728514312,6318,1327050,7550,10333350,5332200,17000150,17100000,857,0,0,6351000,0,34372,0,5,0
74,3728514312,6319,735950,7650,10291550,5202450,16237600,16342500,848,0,0,6276950,0,34372,0,5,0
75,3728514312,6320,777750,7650,11274350,3790250,15850000,16718150,677,0,0,7273050,0,34372,0,5,0
76,3728514312,6321,723350,7650,10995550,4893600,16620150,16718250,909,0,0,7748700,0,34372,0,5,0
77,3728514312,6322,713450,7650,11213600,4688950,16623650,16718700,843,0,0,7971100,0,34372,0,5,0
78,3728514312,6323,740350,7650,10865150,5014950,16628100,16720050,898,0,0,6379550,0,34372,0,5,0
79,3728514312,6324,1257400,7650,10327350,5030900,16623300,16718650,815,0,0,6337350,0,34372,0,5,0
80,3728514312,6325,728750,7650,10435550,5463050,16635000,16722750,902,0,0,6305750,0,34372,0,5,0
81,3728514312,6326,734600,7650,10959700,4916000,16617950,16717750,919,0,0,7008800,0,34372,0,5,0
82,3728514312,6327,718200,7650,11110000,4799700,16635550,16721550,822,0,0,7185450,0,34372,0,5,0
83,3728514312,6328,713450,7550,11131550,4766150,16618700,16715550,857,0,0,7146500,0,34372,0,5,0
84,3728514312,6329,1355100,7750,10272150,5327850,16962850,17064250,874,0,0,6333250,0,34372,0,5,0
85,3728514312,6330,716650,7650,10321200,5229000,16274500,16372200,857,0,0,6266900,0,34372,0,5,0
86,3728514312,6331,726550,7650,11076300,4829150,16639650,16725600,903,0,0,7064650,0,34372,0,5,0
87,3728514312,6332,731300,7650,10996400,4880150,16615500,16716500,907,0,0,7683600,0,34372,0,5,0
88,3728514312,6333,729050,7650,11089900,4805000,16631600,16716550,873,0,0,7210800,0,34372,0,5,0
89,3728514312,6334,716400,7650,11008550,4893750,16626350,16721900,880,0,0,7100800,0,34372,0,5,0
90,3728514312,6335,1296050,7750,10308750,5046650,16659200,16751250,816,0,0,6356050,0,34372,0,5,0
91,3728514312,6336,723200,7650,10298000,7017950,18046800,18140650,90,0,0,6264100,0,34372,0,5,0
92,3728514312,6337,771200,7650,13717950,660050,15156850,15263300,130,0,0,7269200,0,34372,0,5,0
93,3728514312,6338,749100,7650,11107250,4752550,16616550,16720300,877,0,0,7170000,0,34372,0,5,0
94,3728514312,6339,708300,7650,10967400,4935850,16619200,16720700,890,0,0,7019950,0,34372,0,5,0
95,3728514312,6340,1305900,7600,10705850,4598400,16617750,16718950,788,0,0,7451100,0,34372,0,5,0
96,3728514312,6341,746700,7650,10285800,5125500,16165650,16714950,835,0,0,6275100,0,34372,0,5,0
97,3728514312,6342,726650,7650,10254750,5633600,16622650,16721150,940,0,0,6183650,0,34372,0,5,0
98,3728514312,6343,723150,7650,10976050,4912450,16619300,16721650,890,0,0,7700700,0,34372,0,5,0
99,3728514312,6344,726700,7700,11080350,4800400,16615150,16720100,874,0,0,7144350,0,34372,0,5,0
100,3728514312,6345,719100,7650,10887300,5004600,16618650,16720450,898,0,0,6989950,0,34372,0,5,0
101,3728514312,6346,1304400,7650,10334000,5204050,16850100,16949050,831,0,0,6350550,0,34372,0,5,0
102,3728514312,6347,735850,7650,10282350,5353450,16379300,16485800,880,0,0,6268800,0,34372,0,5,0
103,3728514312,6348,728450,7650,10912450,4967800,16616350,16720300,931,0,0,6943250,0,34372,0,5,0
104,3728514312,6349,724750,7650,11048200,4840150,16620750,16721950,899,0,0,7797650,0,34372,0,5,0
105,3728514312,6350,1757600,9250,10346850,3748650,15862350,16717900,638,0,0,6334450,0,34372,0,5,0
106,3728514312,6351,1355950,7700,10217900,5029800,16611350,16717800,904,0,0,6379050,0,34372,0,5,0
107,3728514312,6352,1203300,7550,10294700,5120400,16625950,16723200,752,0,0,6273850,0,34372,0,5,0
108,3728514312,6353,749800,7650,10452450,5418500,16628400,16716900,893,0,0,5615300,0,34372,0,5,0
109,3728514312,6354,738250,7550,10978550,4896500,16620850,16717650,914,0,0,7667850,0,34372,0,5,0
110,3728514312,6355,721450,7650,11056950,4850100,16636150,16722050,893,0,0,7173850,0,34372,0,5,0
111,3728514312,6356,709400,7650,11125900,4780550,16623500,16720450,862,0,0,7154100,0,34372,0,5,0
112,3728514312,6357,1366850,7750,10282550,5171050,16828200,16918600,846,0,0,6349800,0,34372,0,5,0
113,3728514312,6358,722600,7650,10312750,5382750,16425750,16520650,891,0,0,6258450,0,34372,0,5,0
114,3728514312,6359,725250,7650,11032150,4864100,16629150,16715550,910,0,0,6238400,0,34372,0,5,0
115,3728514312,6360,723600,7650,11027850,4857150,16616250,16717400,902,0,0,7710300,0,34372,0,5,0
116,3728514312,6361,721100,7650,11036350,4873250,16638350,16721700,882,0,0,6443750,0,34372,0,5,0
117,3728514312,6362,712200,7650,10975750,4927750,16623350,16719950,886,0,0,6339900,0,34372,0,5,0
118,3728514312,6363,1278600,7750,10278700,5062950,16628000,16718400,823,0,0,6327000,0,34372,0,5,0
119,3728514312,6364,721400,7650,10272500,5623250,16624800,16722500,940,0,0,6220350,0,34372,0,5,0
120,3728514312,6365,724150,7650,11452350,4445450,16629600,16718000,813,0,0,8168700,0,34372,0,5,0
121,3728514312,6366,727350,7650,11080250,4804850,16620100,16717700,884,0,0,7153300,0,34372,0,5,0
122,3728514312,6367,716800,7650,13440000,2464450,16628900,16715850,502,0,0,9442000,0,34372,0,5,0
123,3728514312,6368,1356700,7450,10322900,5246200,16933250,17037900,834,0,0,6338900,0,34372,0,5,0
124,3728514312,6369,736150,7650,10270750,5283450,16298000,16401500,868,0,0,6277100,0,34372,0,5,0
125,3728514312,6370,721900,7650,10261000,5625300,16615850,16718350,938,0,0,5553500,0,34372,0,5,0
126,3728514312,6371,722000,7650,10978450,4914900,16623000,16724450,890,0,0,7708150,0,34372,0,5,0
127,3728514312,6372,729150,7650,11078850,4799650,16615300,16716200,869,0,0,7189250,0,34372,0,5,0
128,3728514312,6373,721550,7650,10874050,5016750,16620000,16721800,900,0,0,6373500,0,34372,0,5,0
129,3728514312,6374,1250900,7650,10320150,5132150,16710850,16810250,814,0,0,6328200,0,34372,0,5,0
130,3728514312,6375,736750,7650,10271100,5505150,16520650,16626500,911,0,0,6265500,0,34372,0,5,0
131,3728514312,6376,728200,7650,10936750,4943750,16616350,16716800,925,0,0,6986900,0,34372,0,5,0
132,3728514312,6377,718800,7650,11401400,4490600,16618450,16721100,802,0,0,7189250,0,34372,0,5,0
133,3728514312,6378,715050,7550,11135050,4763850,16621500,16718100,859,0,0,7033350,0,34372,0,5,0
134,3728514312,6379,1375500,7750,10264000,5343650,16990900,17096700,882,0,0,6330400,0,34372,0,5,0
135,3728514312,6380,782700,7650,11120050,3575250,15485650,16347050,641,0,0,7764850,0,34372,0,5,0
136,3728514312,6381,729350,7650,11073750,4803600,16614350,16714100,898,0,0,5570650,0,34372,0,5,0
137,3728514312,6382,738150,7650,10964700,4906550,16617050,16719350,913,0,0,7664600,0,34372,0,5,0
138,3728514312,6383,725850,7650,11060850,4845550,16639900,16723000,885,0,0,7191800,0,34372,0,5,0
139,3728514312,6384,714600,7650,11033500,4869500,16625250,16719200,880,0,0,6456300,0,34372,0,5,0
140,3728514312,6385,1294050,7850,10292100,5093150,16687150,16778950,829,0,0,6340050,0,34372,0,5,0
141,3728514312,6386,727100,7650,10316500,5511750,16563000,16658050,916,0,0,6255050,0,34372,0,5,0
142,3728514312,6387,727700,7650,11064050,4830750,16630150,16717550,902,0,0,7028950,0,34372,0,5,0
143,3728514312,6388,731800,7650,11087950,4788100,16615500,16717050,885,0,0,7802300,0,34372,0,5,0
144,3728514312,6389,716500,7650,10983450,4929850,16637450,16721900,890,0,0,7018650,0,34372,0,5,0
145,3728514312,6390,1625650,7550,10495200,4495650,16624050,16720700,787,0,0,6483850,0,34372,0,5,0
146,3728514312,6391,754850,7650,10258250,5164350,16185100,16722700,844,0,0,6274050,0,34372,0,5,0
147,3728514312,6392,723950,7650,10251750,5633450,16616800,16715950,941,0,0,6181800,0,34372,0,5,0
148,3728514312,6393,721200,7650,11098350,4794950,16622150,16720300,887,0,0,7815850,0,34372,0,5,0
149,3728514312,6394,731150,7650,11050850,4825300,16614950,16715800,880,0,0,7126550,0,34372,0,5,0
150,3728514312,6395,725800,7650,10906200,4994950,16634600,16719150,896,0,0,6987700,0,34372,0,5,0
151,3728514312,6396,1311250,7650,10338100,5141750,16798750,16894850,815,0,0,6351250,0,34372,0,5,0
152,3728514312,6397,743250,7650,10276000,11431850,22458750,22547750,780,0,0,6272350,0,34372,0,5,0
153,3728514312,6398,770100,7550,11470700,15076900,27325250,27439400,2694,0,0,6353650,0,34372,0,5,0
154,3728514312,6399,748800,7650,11015650,4837250,16609350,16717700,871,0,0,7020750,0,34372,0,5,0
155,3728514312,6400,724600,7650,10842600,5042950,16617800,16718150,911,0,0,6350300,0,34372,0,5,0
156,3728514312,6401,1230900,7750,10614550,4781500,16634700,16721850,721,0,0,6658550,0,34372,0,5,0
157,3728514312,6402,745750,7550,10308650,5554650,16616600,16716850,924,0,0,6207400,0,34372,0,5,0
158,3728514312,6403,722100,7650,10968450,4922700,16620900,16718950,919,0,0,7687400,0,34372,0,5,0
159,3728514312,6404,716100,7650,11063200,4835950,16622900,16718300,889,0,0,7135850,0,34372,0,5,0
160,3728514312,6405,720650,7650,11133450,4773700,16635450,16721550,850,0,0,7088950,0,34372,0,5,0
161,3728514312,6406,1335150,7650,10341650,5173150,16857600,16956150,851,0,0,6348050,0,34372,0,5,0
162,3728514312,6407,724400,7650,10281950,5381200,16395200,16479950,885,0,0,6290150,0,34372,0,5,0
163,3728514312,6408,724250,7650,11036550,4855250,16623700,16722700,908,0,0,6178350,0,34372,0,5,0
164,3728514312,6409,731300,7650,11024700,4850900,16614550,16717150,901,0,0,7764250,0,34372,0,5,0
165,3728514312,6410,711950,7650,11081200,4827350,16628150,16721700,874,0,0,7186200,0,34372,0,5,0
166,3728514312,6411,723750,7650,11014050,4879250,16624700,16719000,871,0,0,6492800,0,34372,0,5,0
167,3728514312,6412,1259450,7650,10329750,5024350,16621200,16718400,815,0,0,6329150,0,34372,0,5,0
168,3728514312,6413,728750,7650,10264850,5629000,16630250,16718900,871,0,0,6268900,0,34372,0,5,0
169,3728514312,6414,736150,7550,11128050,4753750,16625500,16721300,884,0,0,7050650,0,34372,0,5,0
170,3728514312,6415,724250,7650,11073100,4814450,16619450,16716700,888,0,0,7171150,0,34372,0,5,0
171,3728514312,6416,711400,7650,10972100,4935600,16626750,16718250,893,0,0,7002300,0,34372,0,5,0
172,3728514312,6417,1357100,7750,10388850,5205950,16959650,17045500,846,0,0,6447200,0,34372,0,5,0
173,3728514312,6418,731650,7650,10293000,5262550,16294850,16394650,864,0,0,6258800,0,34372,0,5,0
174,3728514312,6419,728700,7650,10267600,5627550,16631500,16719150,933,0,0,5601650,0,34372,0,5,0
175,3728514312,6420,722800,7650,11109350,4782850,16622650,16719150,881,0,0,7803400,0,34372,0,5,0
176,3728514312,6421,744350,7650,11083900,4797100,16633000,16720050,869,0,0,7218450,0,34372,0,5,0
177,3728514312,6422,712100,7650,10874900,5026400,16621050,16717900,913,0,0,6980250,0,34372,0,5,0
178,3728514312,6423,1278950,7750,10299650,5083950,16670300,16758900,796,0,0,6353000,0,34372,0,5,0
179,3728514312,6424,737900,7650,10292650,5541950,16580150,16681700,920,0,0,6249300,0,34372,0,5,0
CSV_END

NV_DONE_c0e681a31cac=0
# 
CAPTURE: {"label": "fifo512-replay-1", "elapsed_seconds": 10.13291607499923, "bytes_received": 18856, "command": "/tmp/fifo-bench --frames 180 --warmup 30 --wait spin --fixed --replay --grouped --state-frame 0 --csv /tmp/fifo-replay.csv; fifo_rc=$?; if [ \"$fifo_rc\" = 0 ]; then printf \"\\nCSV_BEGIN\\n\"; cat /tmp/fifo-replay.csv; printf \"CSV_END\\n\"; fi; test \"$fifo_rc\" = 0", "command_exit": 0, "login_sent": false, "log": "/path/to/research/experiments/fifo-study-20261008/20261008T083100Z-fifo512-replay-1.raw"}
