/tmp/app --transport apb --state-frame 0 --frames 180 --warmup 30 --wait spin --profile detailed --csv /tmp/transport-frames.csv --replay && printf "CSV_BEGIN\n" && cat /tmp/transport-frames.csv && printf "CSV_END\n"; study_status=$?; printf "\nSTUDY_DONE_8e81900da1c6=%s\n" "$study_status"
TRANSPORT mode=apb dma_minimum=64
BEGIN_BREAKOUT frames=180 warmup=30 fixed=1 blocks=40 tiles=1 hud=1 wait=spin replay=1 state_frame=0 profile=detailed pixel_centers=1 clock_call_ns=7296
HW_COUNTERS unavailable
RESULT frames=180 elapsed_s=3.059588300 fps=58.831445 logic_ms=0.875440 api_ms=0.011749 swap_ms=11.615086 wait_ms=4.340095 worker_inclusive_ms=0.000000 upload_inclusive_ms=0.000000 write_ms=7.598645 bytes_per_frame=34372.00 p50_ms=16.719550 p95_ms=16.974800 max_ms=33.440700 late_60hz=163 first_count=16997 last_count=17176 state_hash=de3c9d08 remaining=40 score=0
RENDER_PATH retained=0 grouped=0 quads=0 full_frames=0
BREAKOUT_PASS
CSV_BEGIN
frame,state_hash,display_count,logic_ns,api_ns,swap_ns,wait_ns,total_ns,completion_interval_ns,polls,worker_inclusive_ns,upload_inclusive_ns,write_ns,read_ns,write_bytes,read_bytes,write_calls,read_calls,dma_copy_ns,dma_launch_ns,dma_completion_wait_ns,dma_bytes,dma_lists
0,3728514312,16997,759100,9700,11882150,4016200,16667150,16677700,715,0,0,7717100,0,34372,0,5,0,0,0,0,0,0
1,3728514312,16998,738900,8050,11556550,4298500,16602000,16718100,784,0,0,6927450,0,34372,0,5,0,0,0,0,0,0
2,3728514312,16999,808800,9600,11688250,2995850,15502500,17131450,544,0,0,8358550,0,34372,0,5,0,0,0,0,0,0
3,3728514312,17000,734750,8050,11432700,4012600,16188100,16306000,773,0,0,6738200,0,34372,0,5,0,0,0,0,0,0
4,3728514312,17001,748350,9600,11454750,4401700,16614400,16719800,853,0,0,6740350,0,34372,0,5,0,0,0,0,0,0
5,3728514312,17002,719050,8150,11741800,4144850,16613850,16718650,777,0,0,7679600,0,34372,0,5,0,0,0,0,0,0
6,3728514312,17003,729200,9700,11674250,4200850,16614000,16719350,772,0,0,8434800,0,34372,0,5,0,0,0,0,0,0
7,3728514312,17004,732000,8150,11468650,4396050,16604850,16718850,803,0,0,7517650,0,34372,0,5,0,0,0,0,0,0
8,3728514312,17005,1294400,9700,10786700,4601900,16692700,16798900,735,0,0,6803450,0,34372,0,5,0,0,0,0,0,0
9,3728514312,17006,731200,8050,11433450,4354350,16527050,16640200,847,0,0,7399900,0,34372,0,5,0,0,0,0,0,0
10,3728514312,17007,744950,9600,11500000,4359300,16613850,16722050,840,0,0,8190450,0,34372,0,5,0,0,0,0,0,0
11,3728514312,17008,723200,8050,11578700,4296500,16606450,16716900,775,0,0,7691850,0,34372,0,5,0,0,0,0,0,0
12,3728514312,17009,739850,9700,11627400,4238750,16615700,16722550,780,0,0,6973550,0,34372,0,5,0,0,0,0,0,0
13,3728514312,17010,1587750,7850,10753350,4256900,16605850,16716600,771,0,0,6787600,0,34372,0,5,0,0,0,0,0,0
14,3728514312,17011,745250,9650,11446050,3990000,16190950,16719900,738,0,0,7409900,0,34372,0,5,0,0,0,0,0,0
15,3728514312,17012,739500,8050,11430400,4425200,16603150,16719550,861,0,0,6707550,0,34372,0,5,0,0,0,0,0,0
16,3728514312,17013,746000,9650,11653400,4202800,16611850,16717200,795,0,0,7705800,0,34372,0,5,0,0,0,0,0,0
17,3728514312,17014,711600,8050,11581500,4309300,16610450,16718800,794,0,0,8355150,0,34372,0,5,0,0,0,0,0,0
18,3728514312,17015,743750,9650,11704000,4161750,16619150,16719950,760,0,0,7609600,0,34372,0,5,0,0,0,0,0,0
19,3728514312,17016,1331200,8050,10733900,4654550,16727700,16845500,777,0,0,6783400,0,34372,0,5,0,0,0,0,0,0
20,3728514312,17017,747050,9650,11450450,4286700,16493850,16596500,831,0,0,7404400,0,34372,0,5,0,0,0,0,0,0
21,3728514312,17018,725550,8200,11614350,4258150,16606250,16717050,820,0,0,8306800,0,34372,0,5,0,0,0,0,0,0
22,3728514312,17019,745250,11150,11632700,4227600,16616700,16720550,787,0,0,7727800,0,34372,0,5,0,0,0,0,0,0
23,3728514312,17020,718850,8050,11576950,4299150,16603000,16716950,786,0,0,6970150,0,34372,0,5,0,0,0,0,0,0
24,3728514312,17021,739450,9600,11547000,4318200,16614250,16719900,792,0,0,7669300,0,34372,0,5,0,0,0,0,0,0
25,3728514312,17022,785100,8050,12026350,2509800,15329300,16719750,428,0,0,7984300,0,34372,0,5,0,0,0,0,0,0
26,3728514312,17023,751700,9600,11489800,4355300,16606400,16717600,847,0,0,6738750,0,34372,0,5,0,0,0,0,0,0
27,3728514312,17024,734350,8200,11765100,4118350,16626000,16723200,779,0,0,7771100,0,34372,0,5,0,0,0,0,0,0
28,3728514312,17025,758950,12450,11620950,4229350,16621700,16715950,778,0,0,8377100,0,34372,0,5,0,0,0,0,0,0
29,3728514312,17026,731200,8050,13780750,2090250,16610250,16720700,443,0,0,9754600,0,34372,0,5,0,0,0,0,0,0
30,3728514312,17027,1463000,9700,10944900,4403250,16820850,16928050,716,0,0,6951200,0,34372,0,5,0,0,0,0,0,0
31,3728514312,17028,744250,8050,11417250,4226350,16395900,16510150,820,0,0,6752800,0,34372,0,5,0,0,0,0,0,0
32,3728514312,17029,745350,9700,11454200,4400950,16610200,16718150,852,0,0,8122800,0,34372,0,5,0,0,0,0,0,0
33,3728514312,17030,720050,8050,11725400,4158750,16612250,16720850,776,0,0,7681650,0,34372,0,5,0,0,0,0,0,0
34,3728514312,17031,745900,11150,11656500,4201150,16614700,16718450,773,0,0,7010700,0,34372,0,5,0,0,0,0,0,0
35,3728514312,17032,731900,8050,11334400,4532850,16607200,16721450,833,0,0,7447100,0,34372,0,5,0,0,0,0,0,0
36,3728514312,17033,1293800,11250,10768550,4538800,16612400,16716250,718,0,0,6780400,0,34372,0,5,0,0,0,0,0,0
37,3728514312,17034,735650,8050,11428650,4437500,16609850,16721050,805,0,0,6712850,0,34372,0,5,0,0,0,0,0,0
38,3728514312,17035,752500,9600,11672350,4177800,16612250,16718550,796,0,0,8382900,0,34372,0,5,0,0,0,0,0,0
39,3728514312,17036,713250,8050,20053350,12555300,33329950,33440200,2404,0,0,14348600,0,34372,0,5,0,0,0,0,0,0
40,3728514312,17037,1417900,7750,10780050,4711900,16917600,17029200,792,0,0,6821250,0,34372,0,5,0,0,0,0,0,0
41,3728514312,17038,736850,7950,10753750,4800250,16298800,16408050,771,0,0,6754350,0,34372,0,5,0,0,0,0,0,0
42,3728514312,17039,757200,7850,11459750,4389900,16614700,16718900,848,0,0,6745200,0,34372,0,5,0,0,0,0,0,0
43,3728514312,17040,724500,7950,11615000,4267450,16614900,16721750,808,0,0,7685600,0,34372,0,5,0,0,0,0,0,0
44,3728514312,17041,726150,7850,11657200,4222750,16613950,16715400,777,0,0,8430400,0,34372,0,5,0,0,0,0,0,0
45,3728514312,17042,726250,7950,11582550,4289050,16605800,16720250,780,0,0,7541650,0,34372,0,5,0,0,0,0,0,0
46,3728514312,17043,1323950,9500,10779500,4498550,16611500,16718250,745,0,0,6776700,0,34372,0,5,0,0,0,0,0,0
47,3728514312,17044,731150,7950,10749450,5116550,16605100,16720250,869,0,0,6752100,0,34372,0,5,0,0,0,0,0,0
48,3728514312,17045,788250,7850,11918300,3103600,15818000,16719850,535,0,0,8654050,0,34372,0,5,0,0,0,0,0,0
49,3728514312,17046,743300,7950,11976200,3871800,16599250,16720250,696,0,0,8720500,0,34372,0,5,0,0,0,0,0,0
50,3728514312,17047,755350,7850,11566150,4286550,16615900,16718250,791,0,0,6964000,0,34372,0,5,0,0,0,0,0,0
51,3728514312,17048,1306400,7750,10934700,4371200,16620050,16721050,798,0,0,6860350,0,34372,0,5,0,0,0,0,0,0
52,3728514312,17049,773650,10700,11467950,3976800,16229100,16720400,763,0,0,6753900,0,34372,0,5,0,0,0,0,0,0
53,3728514312,17050,729700,7950,11400900,4470200,16608750,16715800,869,0,0,6700100,0,34372,0,5,0,0,0,0,0,0
54,3728514312,17051,743250,7850,11802650,4062650,16616400,16719500,759,0,0,7831550,0,34372,0,5,0,0,0,0,0,0
55,3728514312,17052,723100,7950,11598250,4281000,16610300,16720850,786,0,0,8383950,0,34372,0,5,0,0,0,0,0,0
56,3728514312,17053,749600,7850,11460250,4406700,16624400,16718500,812,0,0,7503400,0,34372,0,5,0,0,0,0,0,0
57,3728514312,17054,1291000,7950,10867350,4532150,16698450,16807350,743,0,0,6922700,0,34372,0,5,0,0,0,0,0,0
58,3728514312,17055,761950,7850,11466650,4301850,16538300,16630800,833,0,0,6763850,0,34372,0,5,0,0,0,0,0,0
59,3728514312,17056,729700,7950,13440400,2429350,16607400,16720300,380,0,0,10144250,0,34372,0,5,0,0,0,0,0,0
60,3728514312,17057,779250,7850,11762000,4061600,16610700,16720800,739,0,0,7739400,0,34372,0,5,0,0,0,0,0,0
61,3728514312,17058,739950,7950,11577650,4278250,16603800,16715500,718,0,0,6960550,0,34372,0,5,0,0,0,0,0,0
62,3728514312,17059,1439350,7800,10781600,4388250,16617000,16719550,805,0,0,6832950,0,34372,0,5,0,0,0,0,0,0
63,3728514312,17060,725350,7950,10741850,4700500,16175650,16719700,749,0,0,6746100,0,34372,0,5,0,0,0,0,0,0
64,3728514312,17061,753750,7850,11448600,4401550,16611750,16718800,855,0,0,6730950,0,34372,0,5,0,0,0,0,0,0
65,3728514312,17062,727400,7950,11524850,4353300,16613500,16723000,834,0,0,8264550,0,34372,0,5,0,0,0,0,0,0
66,3728514312,17063,731650,9400,11597600,4273250,16611900,16715650,758,0,0,8370150,0,34372,0,5,0,0,0,0,0,0
67,3728514312,17064,730600,7950,11502550,4367050,16608150,16722000,797,0,0,7493450,0,34372,0,5,0,0,0,0,0,0
68,3728514312,17065,1373250,9500,10785200,4614700,16782650,16884800,772,0,0,6806900,0,34372,0,5,0,0,0,0,0,0
69,3728514312,17066,723800,7950,10762100,4946350,16440200,16550850,808,0,0,6745250,0,34372,0,5,0,0,0,0,0,0
70,3728514312,17067,748800,7850,11485900,4373300,16615850,16720800,842,0,0,8158000,0,34372,0,5,0,0,0,0,0,0
71,3728514312,17068,723150,8100,11586450,4288950,16606650,16718450,808,0,0,7681100,0,34372,0,5,0,0,0,0,0,0
72,3728514312,17069,1622500,10650,10761050,3434800,15829000,16719800,597,0,0,6832100,0,34372,0,5,0,0,0,0,0,0
73,3728514312,17070,739350,7950,11507600,4348400,16603300,16721500,792,0,0,6786750,0,34372,0,5,0,0,0,0,0,0
74,3728514312,17071,1293900,12300,11797250,3520400,16623850,16716450,665,0,0,6760550,0,34372,0,5,0,0,0,0,0,0
75,3728514312,17072,729150,7950,11429750,4446600,16613450,16722500,865,0,0,6697800,0,34372,0,5,0,0,0,0,0,0
76,3728514312,17073,746400,7850,11832700,4025100,16612050,16718000,757,0,0,7879500,0,34372,0,5,0,0,0,0,0,0
77,3728514312,17074,716050,7950,11575900,4316600,16616500,16720350,796,0,0,8330600,0,34372,0,5,0,0,0,0,0,0
78,3728514312,17075,749900,7850,11538450,4333900,16630100,16719800,796,0,0,7543700,0,34372,0,5,0,0,0,0,0,0
79,3728514312,17076,1325600,7750,10908150,4620400,16861900,16974800,771,0,0,6836800,0,34372,0,5,0,0,0,0,0,0
80,3728514312,17077,762600,7850,11490350,4106150,16366950,16463650,791,0,0,6754800,0,34372,0,5,0,0,0,0,0,0
81,3728514312,17078,730950,8100,11407600,4461150,16607800,16719500,866,0,0,7479700,0,34372,0,5,0,0,0,0,0,0
82,3728514312,17079,739050,9400,11805050,4064200,16617700,16718250,753,0,0,7847600,0,34372,0,5,0,0,0,0,0,0
83,3728514312,17080,730300,7950,11621100,4249050,16608400,16717850,774,0,0,8419550,0,34372,0,5,0,0,0,0,0,0
84,3728514312,17081,749000,7850,11422450,4450200,16629500,16719650,822,0,0,7492750,0,34372,0,5,0,0,0,0,0,0
85,3728514312,17082,1243600,7950,10878400,4481450,16611400,16720050,732,0,0,6902600,0,34372,0,5,0,0,0,0,0,0
86,3728514312,17083,762850,7900,11755800,4100050,16626600,16717650,772,0,0,7041250,0,34372,0,5,0,0,0,0,0,0
87,3728514312,17084,737050,7950,11486650,4377000,16608650,16719300,839,0,0,8199600,0,34372,0,5,0,0,0,0,0,0
88,3728514312,17085,738900,9400,11763800,4105750,16617850,16719850,748,0,0,8499950,0,34372,0,5,0,0,0,0,0,0
89,3728514312,17086,738200,7950,11539850,4322150,16608150,16720150,693,0,0,6922900,0,34372,0,5,0,0,0,0,0,0
90,3728514312,17087,2524300,12100,11580650,2907100,17024150,17119500,525,0,0,8295550,0,34372,0,5,0,0,0,0,0,0
91,3728514312,17088,733850,7950,11561950,3899350,16203100,16320600,742,0,0,6889600,0,34372,0,5,0,0,0,0,0,0
92,3728514312,17089,756100,8050,11448550,4391800,16604500,16715800,849,0,0,6742550,0,34372,0,5,0,0,0,0,0,0
93,3728514312,17090,719700,7950,11587400,4295250,16610300,16720650,815,0,0,7674100,0,34372,0,5,0,0,0,0,0,0
94,3728514312,17091,723450,8050,11665300,4217400,16614200,16718050,747,0,0,8426450,0,34372,0,5,0,0,0,0,0,0
95,3728514312,17092,1598100,10800,11404400,2804150,15817450,16720750,594,0,0,6720400,0,34372,0,5,0,0,0,0,0,0
96,3728514312,17093,1346900,12550,10764000,4512150,16635600,16745500,748,0,0,6769150,0,34372,0,5,0,0,0,0,0,0
97,3728514312,17094,729900,8100,11489350,4354900,16582250,16694100,815,0,0,7446350,0,34372,0,5,0,0,0,0,0,0
98,3728514312,17095,757200,8100,11538750,4313850,16617900,16717650,829,0,0,8233750,0,34372,0,5,0,0,0,0,0,0
99,3728514312,17096,723050,7950,19282550,13318550,33332100,33438950,2599,0,0,14521450,0,34372,0,5,0,0,0,0,0,0
100,3728514312,17097,1510500,7750,10759300,4328350,16605900,16719550,792,0,0,6812300,0,34372,0,5,0,0,0,0,0,0
101,3728514312,17098,740350,7950,11430250,4022550,16201100,16719750,776,0,0,6748200,0,34372,0,5,0,0,0,0,0,0
102,3728514312,17099,756900,8050,11462650,4397900,16625500,16718000,854,0,0,6745950,0,34372,0,5,0,0,0,0,0,0
103,3728514312,17100,721850,7950,11751950,4129650,16611400,16720350,778,0,0,7827850,0,34372,0,5,0,0,0,0,0,0
104,3728514312,17101,746450,8050,14088350,1782000,16624850,16717900,376,0,0,9977800,0,34372,0,5,0,0,0,0,0,0
105,3728514312,17102,752050,8050,11521200,4331500,16612800,16719900,789,0,0,7512850,0,34372,0,5,0,0,0,0,0,0
106,3728514312,17103,1362100,9700,10968050,4398500,16738350,16840800,722,0,0,6841200,0,34372,0,5,0,0,0,0,0,0
107,3728514312,17104,732000,8050,11415700,4327450,16483200,16596050,842,0,0,6755900,0,34372,0,5,0,0,0,0,0,0
108,3728514312,17105,743200,8050,11491050,4372650,16614950,16719950,841,0,0,8164950,0,34372,0,5,0,0,0,0,0,0
109,3728514312,17106,718900,8050,11745600,4140050,16612600,16719750,767,0,0,7797850,0,34372,0,5,0,0,0,0,0,0
110,3728514312,17107,743750,8050,11923850,3939600,16615250,16720500,699,0,0,7004800,0,34372,0,5,0,0,0,0,0,0
111,3728514312,17108,737850,588050,10716050,4562300,16604250,16718950,839,0,0,7466250,0,34372,0,5,0,0,0,0,0,0
112,3728514312,17109,1203650,9700,11624650,3778000,16616000,16719450,721,0,0,7609050,0,34372,0,5,0,0,0,0,0,0
113,3728514312,17110,736500,8050,11408600,4459500,16612650,16719550,868,0,0,6704600,0,34372,0,5,0,0,0,0,0,0
114,3728514312,17111,743450,8050,11619200,4247100,16617800,16718800,809,0,0,8340150,0,34372,0,5,0,0,0,0,0,0
115,3728514312,17112,707650,8050,11690450,4202750,16608900,16720150,764,0,0,8459150,0,34372,0,5,0,0,0,0,0,0
116,3728514312,17113,749250,8050,11555500,4299800,16612600,16717900,789,0,0,7551350,0,34372,0,5,0,0,0,0,0,0
117,3728514312,17114,1321250,8050,10740550,4740150,16810000,16921950,794,0,0,6791400,0,34372,0,5,0,0,0,0,0,0
118,3728514312,17115,788250,8050,11875850,2964050,15636200,16516100,524,0,0,8564600,0,34372,0,5,0,0,0,0,0,0
119,3728514312,17116,729600,8050,12985050,2880250,16602950,16720650,485,0,0,9633900,0,34372,0,5,0,0,0,0,0,0
120,3728514312,17117,774000,8050,11648800,4178300,16609150,16719300,778,0,0,7731750,0,34372,0,5,0,0,0,0,0,0
121,3728514312,17118,717950,8150,11610350,4271550,16608000,16717600,751,0,0,7613350,0,34372,0,5,0,0,0,0,0,0
122,3728514312,17119,750400,8050,11414650,4441700,16614800,16718650,819,0,0,7489100,0,34372,0,5,0,0,0,0,0,0
123,3728514312,17120,1541600,8050,11427250,3628200,16605100,16720150,690,0,0,6707400,0,34372,0,5,0,0,0,0,0,0
124,3728514312,17121,743850,8050,11464050,4392100,16608050,16719350,823,0,0,6738350,0,34372,0,5,0,0,0,0,0,0
125,3728514312,17122,733000,8050,11547950,4317600,16606600,16721450,830,0,0,8262750,0,34372,0,5,0,0,0,0,0,0
126,3728514312,17123,737500,9600,11605200,4264500,16616800,16720350,786,0,0,8357900,0,34372,0,5,0,0,0,0,0,0
127,3728514312,17124,733800,8300,11509900,4348300,16600300,16715900,794,0,0,6919500,0,34372,0,5,0,0,0,0,0,0
128,3728514312,17125,1525550,7750,10779450,4591550,16904300,17009350,766,0,0,6797600,0,34372,0,5,0,0,0,0,0,0
129,3728514312,17126,736200,8050,11446050,4131250,16321550,16432400,799,0,0,7417500,0,34372,0,5,0,0,0,0,0,0
130,3728514312,17127,749250,8050,11450650,4409900,16617850,16718800,854,0,0,6745900,0,34372,0,5,0,0,0,0,0,0
131,3728514312,17128,721350,8050,11747850,4133100,16610350,16717650,774,0,0,7841250,0,34372,0,5,0,0,0,0,0,0
132,3728514312,17129,738600,8050,11675650,4190750,16613050,16718650,771,0,0,8450300,0,34372,0,5,0,0,0,0,0,0
133,3728514312,17130,731700,8200,11409900,4459550,16609350,16721300,816,0,0,7492300,0,34372,0,5,0,0,0,0,0,0
134,3728514312,17131,1300100,8150,11577250,3727450,16612950,16717250,712,0,0,7442750,0,34372,0,5,0,0,0,0,0,0
135,3728514312,17132,740100,8050,11827350,4032800,16608300,16721550,773,0,0,7816850,0,34372,0,5,0,0,0,0,0,0
136,3728514312,17133,751250,9600,11559850,4288150,16608850,16715850,822,0,0,8246050,0,34372,0,5,0,0,0,0,0,0
137,3728514312,17134,718200,8050,11735750,4154500,16616500,16722700,762,0,0,8492850,0,34372,0,5,0,0,0,0,0,0
138,3728514312,17135,750950,8050,11577950,4280650,16617600,16719000,789,0,0,6963050,0,34372,0,5,0,0,0,0,0,0
139,3728514312,17136,1324050,7750,10748300,4897650,16977750,17092800,828,0,0,6810350,0,34372,0,5,0,0,0,0,0,0
140,3728514312,17137,739500,8050,11628350,3862050,16237950,16344650,740,0,0,7590250,0,34372,0,5,0,0,0,0,0,0
141,3728514312,17138,735500,7950,11405500,4454250,16603200,16717250,866,0,0,6711750,0,34372,0,5,0,0,0,0,0,0
142,3728514312,17139,788700,8050,11784000,3249200,15829950,16719550,566,0,0,7923300,0,34372,0,5,0,0,0,0,0,0
143,3728514312,17140,741200,7950,11793000,4058350,16600500,16720750,728,0,0,8572800,0,34372,0,5,0,0,0,0,0,0
144,3728514312,17141,761150,8050,11471500,4384100,16624800,16718750,807,0,0,7515650,0,34372,0,5,0,0,0,0,0,0
145,3728514312,17142,1288150,7950,10726300,4648200,16670600,16779400,775,0,0,6782350,0,34372,0,5,0,0,0,0,0,0
146,3728514312,17143,754150,8050,11617800,4187450,16567450,16658950,803,0,0,6892950,0,34372,0,5,0,0,0,0,0,0
147,3728514312,17144,739100,7950,11471500,4390750,16609300,16718800,787,0,0,8168050,0,34372,0,5,0,0,0,0,0,0
148,3728514312,17145,740400,9600,11675700,4188650,16614350,16720600,772,0,0,7762950,0,34372,0,5,0,0,0,0,0,0
149,3728514312,17146,731300,7950,11582450,4290800,16612500,16720050,754,0,0,6958800,0,34372,0,5,0,0,0,0,0,0
150,3728514312,17147,2725750,9200,11670750,2218600,16624300,16716950,471,0,0,8384100,0,34372,0,5,0,0,0,0,0,0
151,3728514312,17148,731650,8050,10735900,4643250,16118850,16722500,767,0,0,6753700,0,34372,0,5,0,0,0,0,0,0
152,3728514312,17149,749200,7950,11471950,4382350,16611450,16716450,821,0,0,6741750,0,34372,0,5,0,0,0,0,0,0
153,3728514312,17150,731250,7950,11559300,4312300,16610800,16720750,823,0,0,8288800,0,34372,0,5,0,0,0,0,0,0
154,3728514312,17151,733650,7950,11638050,4236950,16616600,16720600,780,0,0,8396000,0,34372,0,5,0,0,0,0,0,0
155,3728514312,17152,730550,8050,11493150,4369650,16601400,16716600,797,0,0,7507200,0,34372,0,5,0,0,0,0,0,0
156,3728514312,17153,1505600,9700,10846500,4403250,16765050,16869150,722,0,0,6794050,0,34372,0,5,0,0,0,0,0,0
157,3728514312,17154,735900,7950,11433900,4279550,16457300,16572750,830,0,0,7402550,0,34372,0,5,0,0,0,0,0,0
158,3728514312,17155,748500,7750,11487800,4370750,16614800,16716900,842,0,0,8153600,0,34372,0,5,0,0,0,0,0,0
159,3728514312,17156,718600,7950,16841600,15761300,33329450,33440700,2549,0,0,10438950,0,34372,0,5,0,0,0,0,0,0
160,3728514312,17157,1400600,7900,10788650,4391650,16588800,16716700,806,0,0,6838750,0,34372,0,5,0,0,0,0,0,0
161,3728514312,17158,1220250,7950,11600300,3776100,16604600,16718000,720,0,0,6740400,0,34372,0,5,0,0,0,0,0,0
162,3728514312,17159,762350,9600,11468900,4388400,16629250,16722000,852,0,0,6736500,0,34372,0,5,0,0,0,0,0,0
163,3728514312,17160,723100,7950,11529800,4343000,16603850,16719400,835,0,0,8255400,0,34372,0,5,0,0,0,0,0,0
164,3728514312,17161,746150,11150,11788800,4079800,16625900,16718650,747,0,0,8528500,0,34372,0,5,0,0,0,0,0,0
165,3728514312,17162,740200,7950,11524000,4337900,16610050,16721050,790,0,0,7519150,0,34372,0,5,0,0,0,0,0,0
166,3728514312,17163,1388550,9400,10772000,4689150,16859100,16957750,786,0,0,6816450,0,34372,0,5,0,0,0,0,0,0
167,3728514312,17164,719350,8050,11615200,4025100,16367700,16479750,774,0,0,7575350,0,34372,0,5,0,0,0,0,0,0
168,3728514312,17165,761800,9600,11468500,4380700,16620600,16719100,847,0,0,8126250,0,34372,0,5,0,0,0,0,0,0
169,3728514312,17166,725600,7950,11599000,4290300,16622850,16718900,812,0,0,7691500,0,34372,0,5,0,0,0,0,0,0
170,3728514312,17167,744900,11150,11783100,4089150,16628300,16720900,741,0,0,8566800,0,34372,0,5,0,0,0,0,0,0
171,3728514312,17168,743050,7950,11363300,4500100,16614400,16717500,762,0,0,7458850,0,34372,0,5,0,0,0,0,0,0
172,3728514312,17169,1379400,9700,11442400,3787600,16619100,16717550,723,0,0,7415450,0,34372,0,5,0,0,0,0,0,0
173,3728514312,17170,735700,7950,11573250,4307500,16624400,16723000,828,0,0,6872750,0,34372,0,5,0,0,0,0,0,0
174,3728514312,17171,767450,9600,11587050,4257750,16621850,16717700,814,0,0,8300600,0,34372,0,5,0,0,0,0,0,0
175,3728514312,17172,723550,7950,11582350,4309850,16623700,16719800,798,0,0,7696700,0,34372,0,5,0,0,0,0,0,0
176,3728514312,17173,752450,9600,11561300,4306150,16629500,16719550,766,0,0,6962500,0,34372,0,5,0,0,0,0,0,0
177,3728514312,17174,1362200,7750,10755100,4822100,16947150,17044250,812,0,0,6804150,0,34372,0,5,0,0,0,0,0,0
178,3728514312,17175,761100,9600,11488100,4043250,16302050,16391650,778,0,0,6772100,0,34372,0,5,0,0,0,0,0,0
179,3728514312,17176,731450,7950,12785350,3097500,16622250,16722150,487,0,0,8077200,0,34372,0,5,0,0,0,0,0,0
CSV_END

STUDY_DONE_8e81900da1c6=0
# 