/tmp/app --transport unrolled --state-frame 3600 --frames 180 --warmup 30 --wait spin --profile detailed --csv /tmp/transport-frames.csv && printf "CSV_BEGIN\n" && cat /tmp/transport-frames.csv && printf "CSV_END\n"; study_status=$?; printf "\nSTUDY_DONE_4a261f25b4a8=%s\n" "$study_status"
TRANSPORT mode=unrolled dma_minimum=64
BEGIN_BREAKOUT frames=180 warmup=30 fixed=0 blocks=40 tiles=1 hud=1 wait=spin replay=0 state_frame=3600 profile=detailed pixel_centers=1 clock_call_ns=5922
HW_COUNTERS unavailable
RESULT frames=180 elapsed_s=9.028379450 fps=19.937133 logic_ms=0.789256 api_ms=11.921766 swap_ms=24.175246 wait_ms=13.119542 worker_inclusive_ms=23.946706 upload_inclusive_ms=4.672263 write_ms=4.445594 bytes_per_frame=18724.00 p50_ms=50.157800 p95_ms=50.362550 max_ms=52.683750 late_60hz=180 first_count=22989 last_count=23168 state_hash=3933ec17 remaining=6 score=340
RENDER_PATH retained=0 grouped=0 quads=7380 full_frames=180
BREAKOUT_PASS
CSV_BEGIN
frame,state_hash,display_count,logic_ns,api_ns,swap_ns,wait_ns,total_ns,completion_interval_ns,polls,worker_inclusive_ns,upload_inclusive_ns,write_ns,read_ns,write_bytes,read_bytes,write_calls,read_calls,dma_copy_ns,dma_launch_ns,dma_completion_wait_ns,dma_bytes,dma_lists
0,3653798554,22989,695100,11752450,23541400,14121750,50110700,50121650,2637,23349400,4284050,4090150,0,18692,0,5,0,0,0,0,0,0
1,4254654458,22990,676450,11812150,23754700,13800600,50043900,50158700,2696,23556300,5149950,4938200,0,18692,0,5,0,0,0,0,0,0
2,258432485,22991,675950,11836500,23731700,13800450,50044600,50155500,2596,23541200,4451050,4245800,0,18692,0,5,0,0,0,0,0,0
3,872827290,22992,685300,11962850,23786650,13611950,50046750,50158700,2568,23590350,4274700,4095650,0,18692,0,5,0,0,0,0,0,0
4,30312805,22993,681150,11660700,23913750,13787400,50043000,50156300,2593,23718300,4637400,4442250,0,18692,0,5,0,0,0,0,0,0
5,4016430808,22994,705550,12146300,23925650,12546550,49324050,50160800,1232,23731900,4529700,4355550,0,18692,0,5,0,0,0,0,0,0
6,3012967645,22995,2123250,12084950,23616250,12200500,50024950,50155950,2346,23414050,4146450,3975950,0,18692,0,5,0,0,0,0,0,0
7,3593359732,22996,684300,11904900,24044000,13413000,50046200,50159200,2258,23849700,4631700,4434550,0,18692,0,5,0,0,0,0,0,0
8,2714884843,22997,1245850,11887800,23816750,13089950,50040350,50158550,2544,23638800,5166600,4954450,0,19012,0,5,0,0,0,0,0,0
9,1754706848,22998,683100,11713150,23531200,14362150,50289600,50399200,2720,23333900,3948950,3764550,0,19012,0,5,0,0,0,0,0,0
10,634139175,22999,684100,11722800,23977450,13420550,49804900,49915350,2617,23797800,5281400,5075150,0,18692,0,5,0,0,0,0,0,0
11,2225001302,23000,683800,11758800,23755600,13850400,50048600,50158100,2607,23562450,4281800,4087550,0,18692,0,5,0,0,0,0,0,0
12,3881591779,23001,675200,12174600,23715750,13482600,50048150,50158950,2627,23520550,4255250,4074750,0,18692,0,5,0,0,0,0,0,0
13,2688998526,23002,681950,11695150,23855400,13810250,50042750,50154450,2602,23660350,4371850,4183200,0,18692,0,5,0,0,0,0,0,0
14,3733755993,23003,670600,11834350,23848850,13695500,50049300,50158100,2672,23654500,4384250,4209550,0,18692,0,5,0,0,0,0,0,0
15,4110562030,23004,680650,11574250,23981600,13810650,50047150,50158250,2600,23781200,4460400,4255650,0,18692,0,5,0,0,0,0,0,0
16,2165534041,23005,675300,12085750,23660500,13629650,50051200,50161150,2655,23465550,4036150,3858850,0,18692,0,5,0,0,0,0,0,0
17,51482660,23006,1298250,10893700,24232950,13623050,50047950,50157900,2222,24040250,4717800,4522500,0,18692,0,5,0,0,0,0,0,0
18,1808653113,23007,710200,11850150,23831150,13647850,50039350,50155800,2649,23642400,4202250,4007050,0,18692,0,5,0,0,0,0,0,0
19,3012136936,23008,1263300,10946850,24749950,13086250,50046350,50158900,2560,23977250,4847650,4636550,0,18692,0,5,0,0,0,0,0,0
20,1547905167,23009,668750,11803700,23864850,13707900,50045200,50155750,2661,23678650,4059100,3850300,0,18692,0,5,0,0,0,0,0,0
21,2010544228,23010,1113500,11652150,24066850,13215200,50047700,50158200,2578,23897150,5460750,5242400,0,18692,0,5,0,0,0,0,0,0
22,2331187115,23011,673800,11739600,23365750,14452450,50231600,50341750,2710,23171350,4015500,3814950,0,18692,0,5,0,0,0,0,0,0
23,591091010,23012,683400,11655200,23902100,13622450,49863150,49975800,2632,23715300,5272800,5062950,0,18692,0,5,0,0,0,0,0,0
24,3337222943,23013,672600,11768300,24200650,13403000,50044550,50158600,2479,24009350,4482700,4283600,0,18692,0,5,0,0,0,0,0,0
25,541067522,23014,668650,11795050,23840250,13741900,50045850,50157000,2651,23652950,5162450,4932150,0,18692,0,5,0,0,0,0,0,0
26,1909576061,23015,670050,19760250,23808600,5805450,50044350,50155450,1007,23610750,4460850,4269850,0,18692,0,5,0,0,0,0,0,0
27,3576416482,23016,675300,11820350,23811300,13739150,50046100,50157550,2655,23610450,4391150,4223000,0,18692,0,5,0,0,0,0,0,0
28,2786439485,23017,1481750,13380100,24353550,10100450,49315850,50158050,1856,24153900,4633050,4444950,0,18692,0,5,0,0,0,0,0,0
29,1931780192,23018,679900,11794600,23686400,13887850,50048750,50161250,2709,23496750,4252850,4078650,0,18692,0,5,0,0,0,0,0,0
30,1799980229,23019,1427250,10951700,23997350,13668250,50044550,50155300,2566,23805850,4708500,4508200,0,18692,0,5,0,0,0,0,0,0
31,3538847580,23020,680700,11957550,23567000,13839400,50044650,50156550,2694,23369600,4093750,3923100,0,18692,0,5,0,0,0,0,0,0
32,3831628403,23021,1234650,11837400,23965050,13012100,50049200,50161350,2445,23769100,5305000,5102500,0,19012,0,5,0,0,0,0,0,0
33,1903038664,23022,691750,11982300,23538000,13833550,50045600,50156750,2689,23335650,4101650,3912600,0,19012,0,5,0,0,0,0,0,0
34,3410263823,23023,670700,12083750,23810600,13041700,49606750,50155400,2531,23619000,5210300,4996650,0,18692,0,5,0,0,0,0,0,0
35,3263986894,23024,681600,11870450,23336100,14305350,50193500,50304550,2707,23141450,3973500,3791250,0,18692,0,5,0,0,0,0,0,0
36,2175892875,23025,674300,11859800,23859250,13508350,49901700,50015100,2580,23676050,5309300,5103300,0,18692,0,5,0,0,0,0,0,0
37,1813748966,23026,681150,11772000,24046600,13546400,50046150,50155400,2540,23854800,4573000,4379300,0,18692,0,5,0,0,0,0,0,0
38,833434417,23027,679050,11813350,25546100,12009250,50047750,50156700,2292,25341800,4335150,4141200,0,18692,0,5,0,0,0,0,0,0
39,4097282166,23028,681300,11688900,24024150,13650350,50044700,50157400,2562,23834200,4510250,4309100,0,18692,0,5,0,0,0,0,0,0
40,192773425,23029,673850,11833650,23801050,13737100,50045650,50158100,2676,23597150,4309650,4134350,0,18692,0,5,0,0,0,0,0,0
41,858826700,23030,679050,11929400,24862000,12578300,50048750,50160400,2447,24105150,4786550,4584600,0,18692,0,5,0,0,0,0,0,0
42,1950483681,23031,673450,11823300,23880500,13672650,50049900,50158450,2659,23686250,4193200,4018350,0,18692,0,5,0,0,0,0,0,0
43,575738928,23032,1324450,10940700,24839550,12940800,50045500,50156800,2526,24085000,4750750,4554350,0,18692,0,5,0,0,0,0,0,0
44,1359536727,23033,670400,11800250,23748350,13823200,50042200,50155650,2686,23548950,4098700,3129400,0,18692,0,5,0,0,0,0,0,0
45,3117637717,23034,1230550,10941750,25025000,12848900,50046200,50158350,2494,23819000,5307700,5102450,0,18692,0,5,0,0,0,0,0,0
46,2557278958,23035,665250,11810150,31412250,6164800,50052450,50159550,1205,31216950,6525850,6279500,0,18692,0,5,0,0,0,0,0,0
47,3928984507,23036,672600,11718700,24142250,13119400,49652950,50157850,2548,23961050,5481650,5250250,0,18692,0,5,0,0,0,0,0,0
48,3279099526,23037,665100,11792650,26598050,11079900,50135700,50250150,2107,26405000,5384850,5162650,0,18692,0,5,0,0,0,0,0,0
49,3402996575,23038,671700,11713300,24388300,13182900,49956200,50066050,2561,24199150,5391050,5181300,0,18692,0,5,0,0,0,0,0,0
50,1848951628,23039,664850,11781550,23609800,13993200,50049400,50158300,2604,23416400,4302900,4101950,0,18692,0,5,0,0,0,0,0,0
51,3328119971,23040,705950,12001250,23686950,12917700,49311850,50155450,2459,23488000,4086000,3913800,0,18692,0,5,0,0,0,0,0,0
52,536923704,23041,659750,11713400,23760200,13911550,50044900,50158700,2587,23571050,4415700,3402550,0,18692,0,5,0,0,0,0,0,0
53,991563721,23042,680350,11796250,24158400,13412600,50047600,50158550,2572,23956350,4183000,4008100,0,18692,0,5,0,0,0,0,0,0
54,2482503020,23043,666300,11584200,23778800,14017450,50046750,50157500,2605,23591750,4482300,4281300,0,18692,0,5,0,0,0,0,0,0
55,3320786401,23044,674700,11829700,23688500,13852900,50045800,50157150,2670,23489200,4170800,4003050,0,18692,0,5,0,0,0,0,0,0
56,1307572882,23045,1310200,10955300,24139950,13637650,50043100,50156000,2527,23947700,4746650,4546800,0,19012,0,5,0,0,0,0,0,0
57,1045847897,23046,678550,11817100,24071850,13478350,50045850,50158200,2600,23881950,4520050,4329200,0,19012,0,5,0,0,0,0,0,0
58,2886179050,23047,1320250,11758300,24280300,12688100,50046950,50159400,2178,24105800,5726300,5517100,0,18692,0,5,0,0,0,0,0,0
59,961732807,23048,708450,12031150,23609050,14041300,50389950,50509150,2652,23413450,4176250,3986100,0,18692,0,5,0,0,0,0,0,0
60,1947062354,23049,670250,12027950,23764100,13232800,49695100,49808950,2576,23571750,5176900,4965550,0,18692,0,5,0,0,0,0,0,0
61,2075511931,23050,679900,11889350,23655950,13867150,50092350,50199650,2525,23460050,4264400,4076450,0,18692,0,5,0,0,0,0,0,0
62,2408546800,23051,675100,11985100,23747400,13598650,50006250,50116500,2655,23555350,5148450,4937150,0,18692,0,5,0,0,0,0,0,0
63,460493639,23052,675950,11896850,23753350,13718000,50044150,50155050,2582,23559500,4372650,4185850,0,18692,0,5,0,0,0,0,0,0
64,1463678916,23053,670900,11975700,23732250,13668700,50047550,50157950,2670,23539450,5122750,4919900,0,18692,0,5,0,0,0,0,0,0
65,3795713909,23054,677750,11694450,23939550,13736550,50048300,50157700,2528,23748900,4466050,4262800,0,18692,0,5,0,0,0,0,0,0
66,1056688136,23055,673900,11878900,23892300,13604950,50050050,50159300,2652,23692650,4288600,4119250,0,18692,0,5,0,0,0,0,0,0
67,202923725,23056,678950,19007550,24032250,6326950,50045700,50157400,1154,23836200,4610350,4417050,0,18692,0,5,0,0,0,0,0,0
68,4012539606,23057,671850,11822800,23725750,13823950,50044350,50158050,2422,23533000,4061300,3890100,0,18692,0,5,0,0,0,0,0,0
69,1087445485,23058,1454600,11667050,24092050,12821650,50035350,50156150,2493,23898850,5307000,5105700,0,18692,0,5,0,0,0,0,0,0
70,491589414,23059,671650,12211900,23523700,13641400,50048650,50157000,2648,23329400,4043550,3847650,0,18692,0,5,0,0,0,0,0,0
71,1293200275,23060,1148150,11689450,24079450,13133000,50050050,50162100,2558,23894000,5304250,5093400,0,18692,0,5,0,0,0,0,0,0
72,1737595726,23061,690700,11794000,23546550,14316600,50347850,50456250,2712,23355850,4043700,3851150,0,18692,0,5,0,0,0,0,0,0
73,2173390039,23062,691500,11700700,24060750,13296050,49749000,49857750,2589,23869450,5303950,5094800,0,18692,0,5,0,0,0,0,0,0
74,2060004372,23063,675000,11776650,24202600,13397400,50051650,50159150,2511,24008600,4417900,4229600,0,18692,0,5,0,0,0,0,0,0
75,668607547,23064,706300,12011750,23882950,12717150,49318150,50157650,2452,23689300,4120200,3116700,0,18692,0,5,0,0,0,0,0,0
76,3409034624,23065,677000,11783550,26321650,11265150,50047350,50156000,2131,26128900,7063450,6837750,0,18692,0,5,0,0,0,0,0,0
77,66914193,23066,689850,11884650,23941000,13536300,50051800,50158800,2639,23750850,5268300,4347750,0,18692,0,5,0,0,0,0,0,0
78,2553907572,23067,669650,11690600,24438900,13248750,50047900,50155400,2441,24246400,4754800,4557950,0,18692,0,5,0,0,0,0,0,0
79,890390073,23068,671800,13374700,23895100,12107800,50049400,50160300,2283,23708000,4552700,4361400,0,18692,0,5,0,0,0,0,0,0
80,2223873098,23069,672100,11490650,23822200,14059400,50044350,50156050,2615,23622800,4424900,4221300,0,19012,0,5,0,0,0,0,0,0
81,2336881585,23070,674700,12319150,23680400,13377800,50052050,50160500,2553,23493300,4200750,4014400,0,19012,0,5,0,0,0,0,0,0
82,4135459074,23071,1256500,10938550,24944200,12906350,50045600,50156950,2475,24761150,5313550,5108950,0,18692,0,5,0,0,0,0,0,0
83,1986260127,23072,671550,11781750,23676650,13912500,50042450,50156150,2679,23488150,4199300,4003750,0,18692,0,5,0,0,0,0,0,0
84,353344474,23073,1145100,11662900,23892100,13346650,50046750,50160400,2581,23147800,4745350,4544950,0,18692,0,5,0,0,0,0,0,0
85,3169575603,23074,673650,11736300,23578400,14449700,50438050,50550350,2707,23381950,4205600,4011550,0,18692,0,5,0,0,0,0,0,0
86,210205944,23075,669900,11811800,24082550,13086550,49650800,49763200,2527,23886550,5479400,5267700,0,18692,0,5,0,0,0,0,0,0
87,1677393503,23076,682550,11919600,31097050,6348150,50047350,50156950,1160,30903250,4088700,3910500,0,18692,0,5,0,0,0,0,0,0
88,3832728684,23077,679550,12035300,23736500,13593750,50045100,50157450,2651,23546000,5172550,4959300,0,18692,0,5,0,0,0,0,0,0
89,2074852568,23078,678400,11879300,26030300,11466200,50054200,50161600,2190,25836750,4389750,4223700,0,18692,0,5,0,0,0,0,0,0
90,1464943173,23079,668600,12005950,23619000,13756350,50049900,50157650,2595,23421400,4264850,4082300,0,18692,0,5,0,0,0,0,0,0
91,315990800,23080,679250,11734500,23811500,13819900,50045150,50155250,2598,23608250,4469400,4263300,0,18692,0,5,0,0,0,0,0,0
92,1451405891,23081,670800,11968800,23630550,13776600,50046750,50158200,2685,23439600,4243050,4070600,0,18692,0,5,0,0,0,0,0,0
93,3196408848,23082,1304050,10901100,24204350,13639650,50049150,50158800,2548,24016450,4718850,4521850,0,18692,0,5,0,0,0,0,0,0
94,141073587,23083,669400,11827450,23778400,13768800,50044050,50156750,2676,23587800,4083150,3114550,0,18692,0,5,0,0,0,0,0,0
95,3576439062,23084,1562000,11741750,24051300,12692100,50047150,50159650,2456,23852300,5197300,4980300,0,18692,0,5,0,0,0,0,0,0
96,2798564443,23085,667350,11805450,23775100,13796650,50044550,50157200,2682,23590200,4212300,4012700,0,18692,0,5,0,0,0,0,0,0
97,3409362634,23086,1118650,11632350,24114850,13180000,50045850,50156750,2563,23928950,5316200,5104700,0,18692,0,5,0,0,0,0,0,0
98,1459202337,23087,699350,11954250,24363900,12514800,49532300,50361250,2316,24164650,4799700,4601500,0,18692,0,5,0,0,0,0,0,0
99,1984418334,23088,670350,12125750,26379150,10668350,49843600,49953900,2002,26186400,4773000,4585100,0,18692,0,5,0,0,0,0,0,0
100,2690152925,23089,666950,11807250,24053850,13520900,50048950,50161400,2537,23864350,4533850,4342050,0,18692,0,5,0,0,0,0,0,0
101,2607809844,23090,681150,11845000,24103500,13414350,50044000,50155500,2611,23910800,5291150,5076900,0,18692,0,5,0,0,0,0,0,0
102,3522750362,23091,671450,11753400,23780100,13844400,50049350,50156850,2607,23593700,4383000,3373650,0,18692,0,5,0,0,0,0,0,0
103,2368404599,23092,685950,11798850,24111250,13452500,50048550,50160200,2617,23920200,4088150,3918800,0,18692,0,5,0,0,0,0,0,0
104,3250007036,23093,668100,11593100,23944150,13839000,50044350,50155600,2604,23758050,4632350,4426800,0,19012,0,5,0,0,0,0,0,0
105,1111684799,23094,676600,11789350,23909300,13673400,50048650,50157850,2664,23717150,4378300,4211550,0,19012,0,5,0,0,0,0,0,0
106,2213018028,23095,1274900,10924700,23949100,13900150,50048850,50159800,2583,23755450,4640200,4446200,0,18692,0,5,0,0,0,0,0,0
107,3171439817,23096,673800,11814750,23895750,16187250,52571550,52683750,1819,23702700,4000150,3814250,0,18692,0,5,0,0,0,0,0,0
108,2255827236,23097,711000,12810350,24948400,9031900,47501650,47631450,1763,24039400,4849800,4656650,0,18692,0,5,0,0,0,0,0,0
109,2472184909,23098,667800,11803500,23651850,13924250,50047400,50158400,2309,23461300,4209300,4019050,0,18692,0,5,0,0,0,0,0,0
110,3140412334,23099,698350,11877050,23865400,13168350,49609150,50157250,2528,23677450,5290500,5073250,0,18692,0,5,0,0,0,0,0,0
111,785888721,23100,676000,11754350,24342700,13438250,50211300,50322300,2487,24151050,4674300,4485600,0,18692,0,5,0,0,0,0,0,0
112,1084583170,23101,667550,11765300,23830200,13617250,49880300,49992950,2634,23650850,5286200,5070000,0,18692,0,5,0,0,0,0,0,0
113,4019848443,23102,675200,11770550,23962900,13629550,50038200,50156100,2517,23771650,4610000,4420300,0,18692,0,5,0,0,0,0,0,0
114,808788421,23103,669250,11806650,23778850,13791100,50045850,50160850,2695,23588600,5184850,4967900,0,18692,0,5,0,0,0,0,0,0
115,3645042740,23104,679300,11855150,23873600,13634950,50043000,50155000,2471,23681250,4507800,4311150,0,18692,0,5,0,0,0,0,0,0
116,2991496187,23105,678550,11968050,23608300,13792050,50046950,50160500,2690,23414700,4273300,4104950,0,18692,0,5,0,0,0,0,0,0
117,3919662364,23106,673550,11703400,24023400,13646600,50046950,50159300,2561,23818500,4640150,4440050,0,18692,0,5,0,0,0,0,0,0
118,1681074571,23107,673250,11968800,23532200,13870750,50045000,50154050,2705,23341200,4123150,3953550,0,18692,0,5,0,0,0,0,0,0
119,4218967458,23108,1329150,11066650,24077600,13836300,50309700,50421650,2242,23880150,4714150,4509900,0,18692,0,5,0,0,0,0,0,0
120,625353107,23109,700200,12048400,23336200,13688600,49773400,49894950,2656,23150400,4007050,3811000,0,18692,0,5,0,0,0,0,0,0
121,3717195990,23110,717400,12090700,23718150,12195000,48721250,50158550,2344,23528400,4102900,3930700,0,18692,0,5,0,0,0,0,0,0
122,2425705089,23111,661750,11781850,23677100,13929450,50050150,50159400,2706,23491550,4181850,3981100,0,18692,0,5,0,0,0,0,0,0
123,2555484258,23112,671550,11700850,24074350,13195900,49642650,50157300,2566,23882050,5299350,5089550,0,18692,0,5,0,0,0,0,0,0
124,1141451493,23113,672000,12074050,24164650,13236800,50147500,50260050,2476,23978450,4756100,4559650,0,18692,0,5,0,0,0,0,0,0
125,1505942736,23114,679200,11684000,24064550,13512200,49939950,50054600,2633,23874100,5286700,5071700,0,18692,0,5,0,0,0,0,0,0
126,2491710369,23115,677000,11734800,24178050,13459800,50049650,50159850,2524,23993000,4726450,4531800,0,18692,0,5,0,0,0,0,0,0
127,2825516936,23116,682900,11779400,24066150,13511150,50039600,50155300,2632,23870350,5272750,5056900,0,18692,0,5,0,0,0,0,0,0
128,809518447,23117,669500,11966650,31855750,5554550,50046450,50158000,987,31666000,4631050,4421400,0,19012,0,5,0,0,0,0,0,0
129,1081694344,23118,676950,11779550,23960250,13629450,50046200,50159050,2656,23765000,4274000,4102000,0,19012,0,5,0,0,0,0,0,0
130,3544546839,23119,666850,13923600,23796700,11659450,50046600,50156250,2232,23602600,4257500,4081100,0,18692,0,5,0,0,0,0,0,0
131,2291142598,23120,675700,11754200,23826100,13789950,50045950,50156900,2690,23629000,4184600,4019900,0,18692,0,5,0,0,0,0,0,0
132,3252385439,23121,1293450,10943300,25139800,12673850,50050400,50159700,2461,24945550,5500650,5293000,0,18692,0,5,0,0,0,0,0,0
133,1602009306,23122,669550,11798950,23747250,13834450,50050200,50159200,2682,23556000,4219950,4040550,0,18692,0,5,0,0,0,0,0,0
134,2497072261,23123,1166250,10966850,24014400,13897000,50044500,50157000,2577,23121300,4781900,4579450,0,18692,0,5,0,0,0,0,0,0
135,3739067406,23124,670650,11771450,23582250,14380150,50404500,50514600,2692,23387300,4217300,4038000,0,18692,0,5,0,0,0,0,0,0
136,1716074641,23125,664850,11775350,24136200,13111150,49687550,49799800,2512,23947150,5202050,4988050,0,18692,0,5,0,0,0,0,0,0
137,3982919220,23126,667850,11745600,23282950,14368950,50065350,50183650,2684,23092550,3978400,3789000,0,18692,0,5,0,0,0,0,0,0
138,2723337005,23127,681650,11723000,23863750,13758100,50026500,50135100,2662,23683550,5309250,5100950,0,18692,0,5,0,0,0,0,0,0
139,733376204,23128,678700,11758150,23834100,13775850,50046800,50158350,2564,23643450,4568400,4383500,0,18692,0,5,0,0,0,0,0,0
140,43915006,23129,671750,11828650,26051650,11490250,50042300,50154850,2155,25858750,4612350,4419900,0,18692,0,5,0,0,0,0,0,0
141,2309932913,23130,673300,11720700,23872800,13779600,50046400,50158100,2566,23678350,4497600,4305100,0,18692,0,5,0,0,0,0,0,0
142,1653305798,23131,669600,11843500,23639600,13894850,50047550,50157800,2715,23440050,4295850,4127700,0,18692,0,5,0,0,0,0,0,0
143,145291823,23132,677450,11676850,24058800,13632550,50045650,50158700,2562,23872300,4719100,3688700,0,18692,0,5,0,0,0,0,0,0
144,3013902878,23133,696050,12131400,23697050,12807450,49331950,50159750,2381,23499900,4320050,4125450,0,18692,0,5,0,0,0,0,0,0
145,2859971923,23134,1273150,11123250,24649850,12994750,50041000,50155850,2537,23173900,4749900,4547600,0,18692,0,5,0,0,0,0,0,0
146,3026746148,23135,675100,12004000,23577300,13793550,50049950,50159200,2684,23387750,4213200,4016400,0,18692,0,5,0,0,0,0,0,0
147,736325239,23136,1157100,11900050,23937050,13051450,50045650,50156400,2540,23754700,5314950,5111800,0,18692,0,5,0,0,0,0,0,0
148,2759885216,23137,672600,11959300,29008900,8829350,50470150,50580600,1402,28805250,9679550,9435700,0,18692,0,5,0,0,0,0,0,0
149,1930007773,23138,697500,12019050,23846250,13053000,49615800,49736650,2534,23652900,5190400,4991600,0,18692,0,5,0,0,0,0,0,0
150,4233548434,23139,667000,11772200,26425250,11182650,50047100,50154950,2133,26239000,5477150,5250650,0,19012,0,5,0,0,0,0,0,0
151,3821597075,23140,681800,11743450,24077250,13548550,50051050,50160450,2644,23882700,5214650,4998850,0,19012,0,5,0,0,0,0,0,0
152,1056834796,23141,669500,11764250,24008850,13601650,50044250,50156550,2557,23819900,4526800,4330700,0,19012,0,5,0,0,0,0,0,0
153,2756113825,23142,681250,12185750,23780650,13399900,50047550,50159550,2596,23586450,4089400,3920300,0,18692,0,5,0,0,0,0,0,0
154,2193869574,23143,675600,11676750,23985000,13710850,50048200,50155950,2580,23793750,4488250,4291550,0,18692,0,5,0,0,0,0,0,0
155,39089791,23144,683550,11789950,23961200,13606300,50041000,50155750,2651,23771550,4272550,4107900,0,18692,0,5,0,0,0,0,0,0
156,1158667078,23145,680350,11553200,26474900,11343400,50051850,50161100,2155,26278000,4096150,3914300,0,18692,0,5,0,0,0,0,0,0
157,4085879547,23146,675650,12163650,23761850,13447650,50048800,50157350,2606,23571800,4153350,3960850,0,18692,0,5,0,0,0,0,0,0
158,313686028,23147,1266000,10935350,24759100,13088100,50048550,50157600,2556,23986950,4695450,4495500,0,18692,0,5,0,0,0,0,0,0
159,3216587021,23148,676600,11782600,23825350,13762150,50046700,50159200,2675,23629150,4181450,3994300,0,18692,0,5,0,0,0,0,0,0
160,876009466,23149,1123250,11732550,24015650,13170150,50041600,50155350,2197,23832100,5448200,5233250,0,18692,0,5,0,0,0,0,0,0
161,981002535,23150,712400,11805400,24175450,13598750,50292000,50408800,2556,23983100,4521450,4327650,0,18692,0,5,0,0,0,0,0,0
162,47529864,23151,671150,11719500,23984300,13422750,49797700,49909500,2618,23808550,5427600,5211850,0,18692,0,5,0,0,0,0,0,0
163,868088385,23152,677350,11775100,23703950,13893000,50049400,50157500,2584,23507650,4340850,4153500,0,18692,0,5,0,0,0,0,0,0
164,2331947246,23153,669050,11837600,23801950,13737200,50045800,50158450,2650,23616350,5271800,5062950,0,18692,0,5,0,0,0,0,0,0
165,2168054517,23154,675900,11756150,24179800,13436450,50048300,50157100,2480,23988700,4522700,4317700,0,18692,0,5,0,0,0,0,0,0
166,3926666066,23155,664250,11842250,23712550,13828500,50047550,50157450,2665,23522850,5173400,4946850,0,18692,0,5,0,0,0,0,0,0
167,1177610667,23156,681350,11598250,23810450,13959700,50049750,50158700,2595,23618250,4480750,4277950,0,18692,0,5,0,0,0,0,0,0
168,3782405190,23157,675150,11828300,23527350,14013150,50043950,50156600,2708,23334400,4258400,4090850,0,18692,0,5,0,0,0,0,0,0
169,916405275,23158,1302450,18338600,24370650,6034200,50045900,50156750,1057,24171000,4615750,4423600,0,18692,0,5,0,0,0,0,0,0
170,1596582148,23159,660850,11874950,23526950,13981100,50043850,50156850,2727,23337800,4024600,3850900,0,18692,0,5,0,0,0,0,0,0
171,4199562603,23160,2715350,11833650,23603950,11897050,50050000,50159550,2274,23408100,4147050,3971800,0,18692,0,5,0,0,0,0,0,0
172,3017986708,23161,675400,11954850,23487050,13927400,50044700,50157450,2709,23292000,4176250,3983700,0,18692,0,5,0,0,0,0,0,0
173,2654286289,23162,1120050,11886600,23920300,13118200,50045150,50157400,2463,23733250,5306800,5098000,0,18692,0,5,0,0,0,0,0,0
174,1031695476,23163,673300,11931800,23616000,14034700,50255800,50362550,2649,23426000,4289450,4086200,0,19012,0,5,0,0,0,0,0,0
175,2959877989,23164,686150,11988900,23903850,13268550,49847450,49956050,2579,23707850,5222750,5013050,0,19012,0,5,0,0,0,0,0,0
176,1566373458,23165,670100,11955400,24030550,13389500,50045550,50153800,2510,23838150,4735800,4535150,0,19012,0,5,0,0,0,0,0,0
177,3017804585,23166,696450,11971550,23803050,13580050,50051100,50158050,2584,23605900,5159250,4946000,0,18692,0,5,0,0,0,0,0,0
178,1442923286,23167,674600,11752650,23749650,13876550,50053450,50160000,2614,23558400,4352300,4152000,0,18692,0,5,0,0,0,0,0,0
179,959704087,23168,679100,11790100,23822200,13758050,50049450,50159600,2681,23631500,4275350,4111250,0,18692,0,5,0,0,0,0,0,0
CSV_END

STUDY_DONE_4a261f25b4a8=0
# 