/tmp/app-lto --transport unrolled --state-frame 1800 --frames 180 --warmup 30 --wait spin --profile detailed --csv /tmp/transport-frames.csv && printf "CSV_BEGIN\n" && cat /tmp/transport-frames.csv && printf "CSV_END\n"; study_status=$?; printf "\nSTUDY_DONE_f545c80ab6de=%s\n" "$study_status"
TRANSPORT mode=unrolled dma_minimum=64
BEGIN_BREAKOUT frames=180 warmup=30 fixed=0 blocks=40 tiles=1 hud=1 wait=spin replay=0 state_frame=1800 profile=detailed pixel_centers=1 clock_call_ns=4828
HW_COUNTERS unavailable
RESULT frames=180 elapsed_s=9.045315800 fps=19.899803 logic_ms=0.897881 api_ms=12.203702 swap_ms=28.880063 wait_ms=8.124185 worker_inclusive_ms=28.670545 upload_inclusive_ms=5.425630 write_ms=5.218158 bytes_per_frame=24140.89 p50_ms=50.157800 p95_ms=50.448550 max_ms=66.640100 late_60hz=180 first_count=11639 last_count=11818 state_hash=1022e19f remaining=21 score=190
RENDER_PATH retained=0 grouped=0 quads=10250 full_frames=180
BREAKOUT_PASS
CSV_BEGIN
frame,state_hash,display_count,logic_ns,api_ns,swap_ns,wait_ns,total_ns,completion_interval_ns,polls,worker_inclusive_ns,upload_inclusive_ns,write_ns,read_ns,write_bytes,read_bytes,write_calls,read_calls,dma_copy_ns,dma_launch_ns,dma_completion_wait_ns,dma_bytes,dma_lists
0,2110160739,11639,790050,12844800,28453600,8034000,50122450,50132150,1543,28262050,5717750,5524300,0,24452,0,5,0,0,0,0,0,0
1,1693181783,11640,777650,12345200,29051150,7879100,50053100,50158100,1485,28866700,5439350,5244950,0,24452,0,5,0,0,0,0,0,0
2,802378003,11641,1375650,12299500,28506000,7873700,50054850,50157750,1508,28308450,4681350,4515250,0,24452,0,5,0,0,0,0,0,0
3,773631361,11642,774500,12147900,29058800,8072250,50053450,50158950,1525,28879300,5426100,5234300,0,24452,0,5,0,0,0,0,0,0
4,3600043099,11643,1282700,13799300,28872500,6098150,50052650,50159300,1099,28682950,5240850,5035750,0,24452,0,5,0,0,0,0,0,0
5,1618316913,11644,813950,12327650,29434300,6758400,49334300,50157450,1349,29241150,5707900,5487950,0,24452,0,5,0,0,0,0,0,0
6,201713393,11645,779200,12261850,28843600,7783450,49668100,50156050,1451,28660400,5112650,4928500,0,24452,0,5,0,0,0,0,0,0
7,2011502881,11646,790300,12155400,29739100,7451800,50136600,50237950,1421,29555750,6042800,5829450,0,24452,0,5,0,0,0,0,0,0
8,3125474025,11647,790500,12242650,28439800,8505550,49978500,50080500,1628,28248650,4680700,4492350,0,24452,0,5,0,0,0,0,0,0
9,1342287211,11648,786000,12158050,29648200,7464850,50057100,50156100,1422,29468350,6002500,5807150,0,24452,0,5,0,0,0,0,0,0
10,3857196809,11649,781750,12224500,28892150,8159550,50057950,50158500,1496,28700600,5063650,4885150,0,24452,0,5,0,0,0,0,0,0
11,2240049260,11650,787350,11938000,29404000,7922250,50051600,50158100,1519,29221300,5955900,5751200,0,24132,0,5,0,0,0,0,0,0
12,1815897908,11651,779200,12008800,28501350,8765200,50054550,50157100,1684,28306800,4885850,4701650,0,24132,0,5,0,0,0,0,0,0
13,648884648,11652,776000,11823450,29330000,8130550,50060000,50159000,1565,29146150,5933000,5742150,0,24132,0,5,0,0,0,0,0,0
14,2931991803,11653,774550,12011600,31154800,6115650,50056600,50157650,1210,30965200,5634200,5428100,0,24132,0,5,0,0,0,0,0,0
15,4227589206,11654,1379450,12363900,28147150,8163200,50053700,50156500,1567,27957000,5562350,5354500,0,24132,0,5,0,0,0,0,0,0
16,1986714807,11655,770250,12042550,28850900,8391050,50054750,50158900,1591,28669350,5518300,5330800,0,24132,0,5,0,0,0,0,0,0
17,28333542,11656,1259350,12035550,28312850,8449750,50057500,50158000,1624,28129600,5776150,5580600,0,24132,0,5,0,0,0,0,0,0
18,842458438,11657,777750,12010350,28681700,8930850,50400650,50501900,1595,28484200,5386050,5201500,0,24132,0,5,0,0,0,0,0,0
19,4035787358,11658,771100,12360750,35694900,883150,49709900,49812200,182,35508900,5553300,5341100,0,24132,0,5,0,0,0,0,0,0
20,3966921526,11659,774850,11981600,28663500,8700500,50120450,50219400,1543,28471800,5381000,5187350,0,24132,0,5,0,0,0,0,0,0
21,3331783808,11660,769200,12034700,27944650,9247250,49995800,50098000,1774,27756000,5414050,5216250,0,24132,0,5,0,0,0,0,0,0
22,1855912102,11661,763700,11956450,28427800,8904450,50052400,50155850,1591,28232250,5201050,5009900,0,24132,0,5,0,0,0,0,0,0
23,3437663592,11662,766750,12070100,28451700,8766900,50055450,50157650,1687,28273950,4765900,4586250,0,24132,0,5,0,0,0,0,0,0
24,3162062844,11663,763650,12066250,30854750,6374450,50059100,50159550,1170,30663750,5039700,4843500,0,24132,0,5,0,0,0,0,0,0
25,1213835568,11664,776950,12148100,28497800,8634350,50057200,50156800,1656,28313500,5013800,4835400,0,24132,0,5,0,0,0,0,0,0
26,4133797692,11665,1401450,12071550,28433350,8150200,50056550,50157200,1568,28245650,5946400,5755900,0,24132,0,5,0,0,0,0,0,0
27,256876650,11666,766850,12162050,29150800,7974000,50053700,50159800,1507,28973700,5387750,5202000,0,24452,0,5,0,0,0,0,0,0
28,482917404,11667,824450,12286200,28505150,7007850,48623650,50157800,1305,28320700,5062000,4878650,0,24452,0,5,0,0,0,0,0,0
29,1264633954,11668,769350,12150400,28624400,8512450,50056600,50155850,1625,28446850,5358350,5174400,0,24132,0,5,0,0,0,0,0,0
30,3606135978,11669,1238800,12134750,27974050,8711900,50059500,50158500,1689,27780200,5523250,5321850,0,24132,0,5,0,0,0,0,0,0
31,2630115922,11670,776150,12005500,28916600,8648250,50346500,50448550,1570,28736450,5161750,4972650,0,24132,0,5,0,0,0,0,0,0
32,3881483034,11671,774550,12050750,28012850,8927650,49765800,49869750,1732,27816500,5369800,5168350,0,24132,0,5,0,0,0,0,0,0
33,2944919204,11672,780400,11932400,28605800,8735500,50054100,50156700,1586,28422600,5149150,4966200,0,24132,0,5,0,0,0,0,0,0
34,646532490,11673,774700,12033000,30100250,7147050,50055000,50157150,1328,29907600,7448450,7207300,0,24132,0,5,0,0,0,0,0,0
35,2877853796,11674,774550,11991300,29599850,7689950,50055650,50159550,1450,29423600,6197150,6008700,0,24132,0,5,0,0,0,0,0,0
36,1922367648,11675,781250,12056400,27967650,9249550,50054850,50157100,1798,27789550,4616000,4435750,0,24132,0,5,0,0,0,0,0,0
37,1795563108,11676,775850,11872650,29323900,8082450,50054850,50157000,1557,29136550,5918200,5727150,0,24132,0,5,0,0,0,0,0,0
38,214631552,11677,780950,12037900,28548300,8689600,50056750,50159000,1667,28363750,5019450,4833150,0,24132,0,5,0,0,0,0,0,0
39,1929726190,11678,1378300,11275800,29642400,8774900,51071400,51176700,510,28766150,6261350,6069900,0,24132,0,5,0,0,0,0,0,0
40,1190506064,11679,807450,13878400,28142400,6188500,49016750,49138550,1226,27952050,5538150,5338250,0,24132,0,5,0,0,0,0,0,0
41,3268351150,11680,1325300,12010250,28299350,8416400,50051300,50155500,1625,28112500,5611500,5409650,0,24132,0,5,0,0,0,0,0,0
42,118037070,11681,770800,11992300,28713100,8582400,50058600,50161650,1639,28524950,5364900,5179900,0,24132,0,5,0,0,0,0,0,0
43,1955195062,11682,1244300,12030900,28030700,8745800,50051700,50154100,1695,27843550,5525150,5326250,0,24132,0,5,0,0,0,0,0,0
44,1797432467,11683,769450,12381950,28482750,8915000,50549150,50653600,1278,28295100,5274600,5090100,0,24132,0,5,0,0,0,0,0,0
45,1035442557,11684,808450,12069550,27852900,8815050,49545950,49664950,1697,27669000,4639800,4451800,0,24132,0,5,0,0,0,0,0,0
46,2267612867,11685,772800,11928000,28559900,8792800,50053500,50157450,1561,28372400,5359550,5170200,0,24132,0,5,0,0,0,0,0,0
47,1217717069,11686,770100,12046050,27930750,9306100,50053000,50157200,1779,27749450,5380550,5179000,0,24132,0,5,0,0,0,0,0,0
48,1461268009,11687,768400,11936200,29458700,7889400,50052700,50158250,1484,29271250,5931850,5738400,0,24132,0,5,0,0,0,0,0,0
49,2370304197,11688,766400,12033550,27855800,9400300,50056050,50158900,1802,27674350,4618500,4448700,0,24132,0,5,0,0,0,0,0,0
50,655561417,11689,764150,11845050,29122750,8318350,50050300,50155350,1580,28935600,5940450,5744850,0,24132,0,5,0,0,0,0,0,0
51,524675839,11690,814900,12172100,28650750,7679900,49317650,50158950,1442,28469350,5346250,5162150,0,24452,0,5,0,0,0,0,0,0
52,1155835041,11691,1525150,11961700,28464800,8099950,50051600,50156850,1556,28284300,5619550,5425450,0,24452,0,5,0,0,0,0,0,0
53,214853719,11692,774400,12179350,28458700,8644150,50056600,50159850,1656,28279200,5222150,5050050,0,24132,0,5,0,0,0,0,0,0
54,3035389575,11693,1294050,12162800,28086400,8513050,50056300,50157300,1644,27888700,5605750,5412900,0,24132,0,5,0,0,0,0,0,0
55,1549109231,11694,773550,14415100,28126950,6735400,50051000,50155150,1344,27936650,5608650,5407000,0,24132,0,5,0,0,0,0,0,0
56,66132623,11695,1233000,12253250,28174100,8396450,50056800,50160750,1613,27991400,4604300,4441050,0,24132,0,5,0,0,0,0,0,0
57,3504604473,11696,771600,12151850,28504000,8815700,50243150,50346150,1605,28321500,5187400,5002300,0,24132,0,5,0,0,0,0,0,0
58,1691498415,11697,773100,12176350,27909700,9007050,49866200,49968650,1748,27711350,5405600,5216250,0,24132,0,5,0,0,0,0,0,0
59,4055346753,11698,773900,11952050,28578950,8747450,50052350,50156450,1589,28393200,5147350,4962350,0,24132,0,5,0,0,0,0,0,0
60,4185240021,11699,771850,18287900,29434650,1559500,50053900,50157600,327,29253650,5769500,5579950,0,24132,0,5,0,0,0,0,0,0
61,380494641,11700,778150,12023150,29348750,7911350,50061400,50159150,1518,29159750,5924100,5733500,0,24132,0,5,0,0,0,0,0,0
62,648826037,11701,773900,12030850,28336950,8916700,50058400,50160450,1714,28145650,4778400,4593300,0,24132,0,5,0,0,0,0,0,0
63,457329003,11702,773350,11828600,29359000,8090250,50051200,50154800,1552,29174150,5918100,5725500,0,24132,0,5,0,0,0,0,0,0
64,3359035981,11703,772600,12047200,28859450,8369800,50049050,50157200,1516,28667550,5232250,5052800,0,24132,0,5,0,0,0,0,0,0
65,1526400123,11704,1400200,11985800,30887950,5776850,50050800,50157350,1032,30702600,5358450,5171000,0,24132,0,5,0,0,0,0,0,0
66,1691524227,11705,774800,12023100,31032450,6225250,50055600,50158350,1232,30847050,5974300,5769050,0,24132,0,5,0,0,0,0,0,0
67,1475349003,11706,1304000,11952500,28275300,8520950,50052750,50158150,1650,28083750,5599500,5404250,0,24132,0,5,0,0,0,0,0,0
68,485644907,11707,775550,11995550,28754350,8527550,50053000,50157100,1627,28571100,5358150,5174800,0,24132,0,5,0,0,0,0,0,0
69,1050479637,11708,781350,12059050,28005400,8485500,49331300,50159650,1636,27821100,4611700,4443350,0,24132,0,5,0,0,0,0,0,0
70,3204525547,11709,768150,11962850,28775750,8679950,50186700,50289500,1578,28586500,5359450,5175050,0,24132,0,5,0,0,0,0,0,0
71,4185398997,11710,775450,12043750,28115700,8989050,49923950,50028500,1747,27935100,5579100,5380600,0,24132,0,5,0,0,0,0,0,0
72,3094072225,11711,771250,11936400,28530350,8811750,50049750,50154000,1595,28340350,5284000,5094650,0,24132,0,5,0,0,0,0,0,0
73,1835371693,11712,772750,12375550,28342900,8566000,50057200,50161350,1635,28163250,4907650,4723950,0,24132,0,5,0,0,0,0,0,0
74,2168771505,11713,774950,11908300,29244800,8125050,50053100,50156950,1566,28330250,5262500,4267100,0,24132,0,5,0,0,0,0,0,0
75,4059398759,11714,815950,12166750,30785100,5559850,49327650,50155400,1083,30598950,5701800,5494300,0,24452,0,5,0,0,0,0,0,0
76,644479865,11715,777750,11814750,29207250,8255200,50054950,50160850,1558,29031050,5968500,5775900,0,24452,0,5,0,0,0,0,0,0
77,1914197423,11716,770900,12028050,29227300,8031050,50057300,50158550,1492,29048500,5407650,5217000,0,24132,0,5,0,0,0,0,0,0
78,430804047,11717,1377000,11958850,28355400,8362500,50053750,50154500,1585,28169400,5808450,5621500,0,24132,0,5,0,0,0,0,0,0
79,3866048775,11718,774400,12077950,28758450,8443400,50054200,50158150,1612,28580200,5405050,5209400,0,24132,0,5,0,0,0,0,0,0
80,7140231,11719,1382600,12034650,34737600,1901250,50056100,50158600,255,34544100,5491650,5280850,0,24132,0,5,0,0,0,0,0,0
81,1511961547,11720,781900,12194900,28853750,8226850,50057400,50160450,1557,28669500,5188250,4998300,0,24132,0,5,0,0,0,0,0,0
82,376629139,11721,768600,12179700,27948350,8775850,49672500,50157150,1701,27758650,5417550,5219500,0,24132,0,5,0,0,0,0,0,0
83,1861594235,11722,779000,12149550,28487800,8755000,50171350,50275550,1582,28304050,5189900,5001750,0,24132,0,5,0,0,0,0,0,0
84,1702339483,11723,770250,12209250,27901100,9051950,49932550,50036550,1759,27716800,5425400,5220450,0,24132,0,5,0,0,0,0,0,0
85,966101579,11724,772000,12101900,30550950,6633500,50058350,50160600,1224,30373700,6927950,6699150,0,24132,0,5,0,0,0,0,0,0
86,2786182811,11725,770650,12207600,27890650,9188900,50057800,50157400,1788,27703100,4653050,4481450,0,24132,0,5,0,0,0,0,0,0
87,3655782539,11726,774050,11914150,29365700,8000200,50054100,50158100,1540,29192100,5965650,5773100,0,24132,0,5,0,0,0,0,0,0
88,3735461922,11727,778000,12000800,28211450,9060000,50050250,50157050,1747,28019350,4662150,4477700,0,24132,0,5,0,0,0,0,0,0
89,270833838,11728,775900,11771500,29590250,7921500,50059150,50159950,1518,29400600,6202600,5998600,0,24132,0,5,0,0,0,0,0,0
90,930095294,11729,775800,12004050,28886550,8385550,50051950,50154950,1600,28692000,5275000,5100850,0,24132,0,5,0,0,0,0,0,0
91,1273808962,11730,1372050,11937600,28353550,8391400,50054600,50157350,1621,28169950,5672700,5485050,0,24132,0,5,0,0,0,0,0,0
92,1953673858,11731,775250,12002750,28860900,8414600,50053500,50158900,1603,28673200,5406500,5221850,0,24132,0,5,0,0,0,0,0,0
93,4057475070,11732,1263750,12032650,28209450,8550300,50056150,50157200,1575,28030650,5565850,5369150,0,24132,0,5,0,0,0,0,0,0
94,3372198854,11733,780350,12062200,28829100,8721450,50393100,50502350,1586,28647900,5389950,5199450,0,24132,0,5,0,0,0,0,0,0
95,2335202154,11734,781900,12029800,28110400,8789000,49711100,49815600,1423,27928050,5416700,5214500,0,24132,0,5,0,0,0,0,0,0
96,2170853250,11735,787700,12068200,29838250,7373250,50067400,50188850,1403,29651550,5971700,5763600,0,24132,0,5,0,0,0,0,0,0
97,1829955022,11736,765400,12035200,28064800,9154300,50019700,50124500,1781,27885550,5412950,5214000,0,24132,0,5,0,0,0,0,0,0
98,1856045454,11737,1927350,12120150,28072850,7212750,49333100,50157250,1364,27892500,5421900,5228000,0,24132,0,5,0,0,0,0,0,0
99,2544683154,11738,781750,12069200,28234150,8969050,50054150,50158500,1730,28053250,4713250,4532850,0,24452,0,5,0,0,0,0,0,0
100,1531444578,11739,771800,11885450,29374850,8025500,50057600,50160200,1543,29183150,6130650,5936250,0,24452,0,5,0,0,0,0,0,0
101,1139277022,11740,771650,19476950,28052550,1755300,50056450,50157550,370,27861250,5374800,5173350,0,24132,0,5,0,0,0,0,0,0
102,2614530982,11741,1526350,12338850,28214800,7981300,50061300,50158850,1522,28034000,5752700,5556450,0,24132,0,5,0,0,0,0,0,0
103,464765994,11742,772100,12049600,28426200,8805450,50053350,50157950,1648,28248600,5001700,4822300,0,24132,0,5,0,0,0,0,0,0
104,1592019490,11743,1341850,11941100,28261550,8509400,50053900,50156650,1610,28072750,5762850,5578450,0,24132,0,5,0,0,0,0,0,0
105,66207950,11744,767100,12033400,28527350,8725150,50053000,50155450,1643,28345700,5280950,5093350,0,24132,0,5,0,0,0,0,0,0
106,2639428798,11745,1247450,13575050,28855250,6380450,50058200,50159200,1132,28673750,5350100,5159700,0,24132,0,5,0,0,0,0,0,0
107,1495915330,11746,768350,12004700,28642450,9077800,50493300,50596950,1634,28454900,5360850,5174450,0,24132,0,5,0,0,0,0,0,0
108,4079891938,11747,759000,12034250,27932350,8892000,49617600,49721350,1726,27740400,5408700,5214200,0,24132,0,5,0,0,0,0,0,0
109,1204987230,11748,767400,12119750,28399400,8766900,50053450,50157600,1593,28213300,5153100,4973900,0,24132,0,5,0,0,0,0,0,0
110,949029318,11749,768500,12175650,28169850,8939200,50053200,50155850,1733,27980100,4607600,4442400,0,24132,0,5,0,0,0,0,0,0
111,2727127274,11750,768150,12120300,29080150,8085550,50054150,50158550,1563,28327350,5284450,4292900,0,24132,0,5,0,0,0,0,0,0
112,2443393666,11751,764950,12226450,27871150,9191400,50053950,50157400,1784,27677000,4620850,4459150,0,24132,0,5,0,0,0,0,0,0
113,434260526,11752,766900,12021500,29118000,8150300,50056700,50159000,1573,28942450,5917400,5729850,0,24132,0,5,0,0,0,0,0,0
114,2637634158,11753,770100,12138850,29094600,8048850,50052400,50154700,1527,28904700,5368500,5182000,0,24132,0,5,0,0,0,0,0,0
115,4248248050,11754,1373600,11290000,29210250,8183950,50057800,50160400,1576,28206750,5892550,5710850,0,24132,0,5,0,0,0,0,0,0
116,663154818,11755,770500,12037450,30936500,6305600,50050050,50155400,1251,30757500,5502950,5297750,0,24132,0,5,0,0,0,0,0,0
117,1461428606,11756,1326000,11980300,28279550,8469750,50055600,50160400,1637,28089400,5592850,5403900,0,24132,0,5,0,0,0,0,0,0
118,3252362022,11757,768600,12011150,29036300,8235750,50051800,50157700,1546,28844050,5614950,5429650,0,24132,0,5,0,0,0,0,0,0
119,2423015338,11758,1251250,12020650,28078250,8699700,50049850,50155300,1685,27890650,5395050,5198850,0,24132,0,5,0,0,0,0,0,0
120,507309730,11759,765050,12006650,28730100,8785950,50287750,50397600,1600,28545300,5350200,5166200,0,24132,0,5,0,0,0,0,0,0
121,2882991293,11760,812500,12159550,37424600,15402450,65799100,66640100,2940,37258400,5330250,5130550,0,24132,0,5,0,0,0,0,0,0
122,3682963569,11761,768700,12003050,29305650,7974150,50051550,50156050,1530,29117150,5791950,5607900,0,24132,0,5,0,0,0,0,0,0
123,1404881069,11762,772700,12165800,28716300,8400850,50055650,50159700,1603,28533500,5230550,5060850,0,24452,0,5,0,0,0,0,0,0
124,624513273,11763,1376700,12040900,28282150,8353850,50053600,50156400,1612,28085800,5770200,5584500,0,24452,0,5,0,0,0,0,0,0
125,484090933,11764,766800,12086850,28804200,8400350,50058200,50160850,1600,28624100,5370950,5188300,0,24132,0,5,0,0,0,0,0,0
126,2330053545,11765,1276800,12477750,30223350,6075250,50053150,50154150,1095,30038450,5179050,4990100,0,24132,0,5,0,0,0,0,0,0
127,3891445269,11766,772000,12031750,28767900,8483750,50055400,50159850,1613,28583950,5343250,5165500,0,24132,0,5,0,0,0,0,0,0
128,1947616753,11767,765050,12047000,27994950,8853350,49660350,50159650,1717,27805100,5390800,5194150,0,24132,0,5,0,0,0,0,0,0
129,965975981,11768,768900,11991050,28598850,8798450,50157250,50260250,1600,28418100,5200400,5017600,0,24132,0,5,0,0,0,0,0,0
130,2786931617,11769,763950,12028450,27988500,9169050,49949950,50052550,1698,27792400,5390650,5190550,0,24132,0,5,0,0,0,0,0,0
131,4011087213,11770,776350,11971800,28695150,8605250,50048550,50157700,1552,28510950,5250600,5054600,0,24132,0,5,0,0,0,0,0,0
132,3703868376,11771,767700,12097400,27963500,9224500,50053100,50158450,1796,27774850,4613350,4446750,0,24132,0,5,0,0,0,0,0,0
133,212089708,11772,765100,11940100,29326300,8021350,50052850,50156750,1546,29145500,5910500,5720400,0,24132,0,5,0,0,0,0,0,0
134,737348112,11773,773200,12019050,28529250,8732950,50054450,50158250,1675,28339250,4935650,4758150,0,24132,0,5,0,0,0,0,0,0
135,1465149204,11774,771600,12789950,28409800,8084850,50056200,50158550,1555,28223000,5757950,5560600,0,24132,0,5,0,0,0,0,0,0
136,3549792448,11775,769250,12031900,30977150,6276250,50054550,50158550,1244,30791500,5924700,5717800,0,24132,0,5,0,0,0,0,0,0
137,3053421220,11776,1355650,11954200,28361950,8383100,50054900,50159100,1618,28175250,5777950,5584650,0,24132,0,5,0,0,0,0,0,0
138,904563048,11777,765450,12050800,28873200,8363150,50052600,50155350,1587,28686250,5501350,5313500,0,24132,0,5,0,0,0,0,0,0
139,1363341148,11778,1289450,12364750,28007150,8393000,50054350,50158600,1612,27821450,5519750,5324450,0,24132,0,5,0,0,0,0,0,0
140,3357813192,11779,773750,12030450,28682600,8932800,50419600,50524100,1597,28497500,5356650,5173600,0,24132,0,5,0,0,0,0,0,0
141,1376589724,11780,772200,12056400,35982600,874700,49685900,49788950,180,35795500,5534900,5324300,0,24132,0,5,0,0,0,0,0,0
142,2806738240,11781,782800,12011950,28619700,8728100,50142550,50240400,1550,28431550,5353850,5165350,0,24132,0,5,0,0,0,0,0,0
143,1863420068,11782,774900,12086100,28311900,8800250,49973150,50080150,1670,28132950,4608550,3760000,0,24132,0,5,0,0,0,0,0,0
144,2368389248,11783,1657150,12036300,28203450,7424850,49321750,50155000,1382,28012600,5618700,5426500,0,24132,0,5,0,0,0,0,0,0
145,3624800580,11784,770300,12088450,28046250,9151350,50056350,50160300,1777,27870750,4617500,4447750,0,24132,0,5,0,0,0,0,0,0
146,2708332264,11785,769600,14470000,31038850,3773750,50052200,50154950,707,30852750,5933750,5731300,0,24132,0,5,0,0,0,0,0,0
147,3643166428,11786,774550,12180000,29384500,7714900,50053950,50158150,1454,29201000,5397450,5214450,0,24452,0,5,0,0,0,0,0,0
148,1604903896,11787,765750,11923250,29310850,8055300,50055150,50157650,1548,28420650,5943800,5754600,0,24452,0,5,0,0,0,0,0,0
149,499105388,11788,767050,12206650,28641050,8444450,50059200,50161200,1614,28458700,5296950,4330450,0,24132,0,5,0,0,0,0,0,0
150,3393190256,11789,1344900,12140600,28216650,8355150,50057300,50157800,1613,28016650,5655750,5459150,0,24132,0,5,0,0,0,0,0,0
151,1752164884,11790,770650,12167300,29084150,8031400,50053500,50158000,1517,28903550,5378350,5190250,0,24132,0,5,0,0,0,0,0,0
152,112950176,11791,1252950,12151900,28062950,8581500,50049300,50153450,1660,27862500,5566600,5368200,0,24132,0,5,0,0,0,0,0,0
153,218377828,11792,774900,12040400,28792950,8760350,50368600,50470850,1593,28611250,5388900,5205500,0,24132,0,5,0,0,0,0,0,0
154,1614877672,11793,770000,12036650,28072000,8868200,49746850,49849250,1720,27874300,5410400,5211400,0,24132,0,5,0,0,0,0,0,0
155,624660060,11794,769750,11929150,28950750,8403250,50052900,50156600,1495,28763600,5440550,5251600,0,24132,0,5,0,0,0,0,0,0
156,1646146728,11795,769600,12099100,28161500,9021450,50051650,50157100,1417,27975850,4662300,4479200,0,24132,0,5,0,0,0,0,0,0
157,2550301372,11796,801150,12010100,29450900,7781850,50044000,50159900,1491,29271800,5969750,5763200,0,24132,0,5,0,0,0,0,0,0
158,172327680,11797,771450,12063450,28319400,8897450,50051750,50153700,1710,28124350,4759800,4577150,0,24132,0,5,0,0,0,0,0,0
159,28774455,11798,781900,11715050,28381900,9176850,50055700,50158200,1599,28189500,5152650,4963750,0,23812,0,5,0,0,0,0,0,0
160,1278562831,11799,771750,11910800,27781550,9586350,50050450,50158650,1873,27602650,4601600,4433850,0,23812,0,5,0,0,0,0,0,0
161,1878041307,11800,1370050,11111200,29084100,10037850,51603200,51705600,1444,28898700,5944100,5750800,0,23812,0,5,0,0,0,0,0,0
162,2842495315,11801,805400,15685250,28297150,3708550,48496350,48612750,665,28106350,5154450,4959900,0,23812,0,5,0,0,0,0,0,0
163,942955647,11802,1348600,11772300,28374150,8556350,50051400,50155300,1656,28191500,5916000,5722800,0,23812,0,5,0,0,0,0,0,0
164,3104849743,11803,765800,12222050,28493300,8573500,50054650,50160300,1637,28310400,5360400,5179400,0,23812,0,5,0,0,0,0,0,0
165,2914266731,11804,1244950,11884600,28212150,8712400,50054100,50154950,1687,28020500,5934350,5738600,0,23812,0,5,0,0,0,0,0,0
166,4064468955,11805,766350,11858700,28106100,9587550,50318700,50422950,1771,27921750,5125750,4944950,0,23812,0,5,0,0,0,0,0,0
167,3195515191,11806,769050,13452450,28396150,7169650,49787300,49892600,1329,28212750,5362000,5173500,0,23812,0,5,0,0,0,0,0,0
168,978211615,11807,779650,12161700,28250950,8858950,50051250,50157050,1575,28064750,5203050,5022450,0,24132,0,5,0,0,0,0,0,0
169,2835071531,11808,766900,11912000,27956000,9420800,50055700,50158200,1805,27771950,5621300,5426500,0,24132,0,5,0,0,0,0,0,0
170,2067386771,11809,761450,11816550,28397650,9081450,50057100,50160400,1624,28208100,5357250,5173050,0,24132,0,5,0,0,0,0,0,0
171,1313815599,11810,762900,11890550,27774950,9625600,50054000,50158050,1856,27591100,5491200,5295050,0,23812,0,5,0,0,0,0,0,0
172,2403178911,11811,759650,11704400,29229050,8359350,50052450,50157550,1591,29042300,5905950,5709750,0,23812,0,5,0,0,0,0,0,0
173,2922328731,11812,760550,11878500,27625600,9793600,50058250,50159400,1920,27436350,4587450,4404700,0,23812,0,5,0,0,0,0,0,0
174,984914827,11813,1500550,11134300,28891400,8527650,50053900,50156100,1655,28007800,5895700,5701900,0,23812,0,5,0,0,0,0,0,0
175,3908989879,11814,762700,12047600,27980700,9262900,50053900,50156300,1790,27789500,4900450,4724600,0,23812,0,5,0,0,0,0,0,0
176,3999582383,11815,1295550,11993850,28231450,8537300,50058150,50160700,1649,28034950,5590500,5393300,0,23812,0,5,0,0,0,0,0,0
177,407226939,11816,765050,12022000,30577400,6686950,50051400,50154000,1335,30387950,5724400,5523050,0,23812,0,5,0,0,0,0,0,0
178,1756548563,11817,1238100,12119300,27844250,8855300,50056950,50159400,1719,27659900,5588400,5391000,0,23812,0,5,0,0,0,0,0,0
179,270721439,11818,764000,11975850,28350400,9167200,50257450,50364900,1686,28157300,5321850,5133850,0,23812,0,5,0,0,0,0,0,0
CSV_END

STUDY_DONE_f545c80ab6de=0
# 