/tmp/app --transport unrolled --state-frame 0 --frames 180 --warmup 30 --wait spin --profile frame --csv /tmp/transport-frames.csv && printf "CSV_BEGIN\n" && cat /tmp/transport-frames.csv && printf "CSV_END\n"; study_status=$?; printf "\nSTUDY_DONE_06c406546be6=%s\n" "$study_status"
TRANSPORT mode=unrolled dma_minimum=64
BEGIN_BREAKOUT frames=180 warmup=30 fixed=0 blocks=40 tiles=1 hud=1 wait=spin replay=0 state_frame=0 profile=frame pixel_centers=1 clock_call_ns=5520
HW_COUNTERS unavailable
RESULT frames=180 elapsed_s=12.171601200 fps=14.788523 logic_ms=0.000000 api_ms=0.000000 swap_ms=0.000000 wait_ms=0.000000 worker_inclusive_ms=0.000000 upload_inclusive_ms=0.000000 write_ms=0.000000 bytes_per_frame=30951.56 p50_ms=66.877200 p95_ms=67.268850 max_ms=83.768000 late_60hz=180 first_count=29211 last_count=29390 state_hash=8f34e8fd remaining=38 score=20
RENDER_PATH retained=0 grouped=0 quads=13131 full_frames=180
BREAKOUT_PASS
CSV_BEGIN
frame,state_hash,display_count,logic_ns,api_ns,swap_ns,wait_ns,total_ns,completion_interval_ns,polls,worker_inclusive_ns,upload_inclusive_ns,write_ns,read_ns,write_bytes,read_bytes,write_calls,read_calls,dma_copy_ns,dma_launch_ns,dma_completion_wait_ns,dma_bytes,dma_lists
0,3724779174,29211,0,0,0,0,66825550,66837900,1577,0,0,0,0,31172,0,5,0,0,0,0,0,0
1,1709657109,29212,0,0,0,0,66356500,66877000,139,0,0,0,0,31172,0,5,0,0,0,0,0,0
2,1894904752,29213,0,0,0,0,66766250,66877200,1360,0,0,0,0,31172,0,5,0,0,0,0,0,0
3,3703759967,29214,0,0,0,0,66766350,66877150,1443,0,0,0,0,31172,0,5,0,0,0,0,0,0
4,19533624,29215,0,0,0,0,66770500,66881250,1512,0,0,0,0,31172,0,5,0,0,0,0,0,0
5,816884773,29216,0,0,0,0,65371850,66875450,901,0,0,0,0,31172,0,5,0,0,0,0,0,0
6,1339236364,29217,0,0,0,0,66771300,66876250,1506,0,0,0,0,31172,0,5,0,0,0,0,0,0
7,3072959373,29218,0,0,0,0,67049050,67158150,1513,0,0,0,0,31172,0,5,0,0,0,0,0,0
8,1782884746,29219,0,0,0,0,66485150,66594700,1375,0,0,0,0,31172,0,5,0,0,0,0,0,0
9,30296781,29220,0,0,0,0,66768600,66877850,1631,0,0,0,0,31492,0,5,0,0,0,0,0,0
10,4026418858,29221,0,0,0,0,66768150,66880550,1447,0,0,0,0,31492,0,5,0,0,0,0,0,0
11,2084929051,29222,0,0,0,0,66761200,66873250,1430,0,0,0,0,31492,0,5,0,0,0,0,0,0
12,3114489770,29223,0,0,0,0,66768050,66875450,1021,0,0,0,0,31172,0,5,0,0,0,0,0,0
13,891400471,29224,0,0,0,0,66771700,66878650,1528,0,0,0,0,31172,0,5,0,0,0,0,0,0
14,3472773456,29225,0,0,0,0,66904450,67015100,1400,0,0,0,0,31172,0,5,0,0,0,0,0,0
15,3010688243,29226,0,0,0,0,66633700,66743250,1515,0,0,0,0,31172,0,5,0,0,0,0,0,0
16,2819524756,29227,0,0,0,0,83487800,83595400,3074,0,0,0,0,31172,0,5,0,0,0,0,0,0
17,3241678401,29228,0,0,0,0,66770700,66876150,1472,0,0,0,0,31172,0,5,0,0,0,0,0,0
18,2154316504,29229,0,0,0,0,66769750,66877100,1498,0,0,0,0,31172,0,5,0,0,0,0,0,0
19,772262681,29230,0,0,0,0,66766550,66875600,1535,0,0,0,0,31172,0,5,0,0,0,0,0,0
20,3882818750,29231,0,0,0,0,66767450,66876800,1027,0,0,0,0,31172,0,5,0,0,0,0,0,0
21,521131153,29232,0,0,0,0,66772200,66880400,1518,0,0,0,0,31172,0,5,0,0,0,0,0,0
22,1838187414,29233,0,0,0,0,66767550,66877700,1585,0,0,0,0,31172,0,5,0,0,0,0,0,0
23,840574439,29234,0,0,0,0,66231000,66876700,1345,0,0,0,0,31172,0,5,0,0,0,0,0,0
24,2879461878,29235,0,0,0,0,66768800,66877400,1606,0,0,0,0,31172,0,5,0,0,0,0,0,0
25,202086035,29236,0,0,0,0,66763150,66874300,1481,0,0,0,0,31172,0,5,0,0,0,0,0,0
26,959703924,29237,0,0,0,0,83659450,83768000,2177,0,0,0,0,31172,0,5,0,0,0,0,0,0
27,3795724423,29238,0,0,0,0,66597100,66708400,1177,0,0,0,0,31172,0,5,0,0,0,0,0,0
28,2500539904,29239,0,0,0,0,66024450,66873700,1174,0,0,0,0,31172,0,5,0,0,0,0,0,0
29,2269000541,29240,0,0,0,0,66767700,66880850,1433,0,0,0,0,31172,0,5,0,0,0,0,0,0
30,1900681108,29241,0,0,0,0,66765600,66875650,1508,0,0,0,0,31172,0,5,0,0,0,0,0,0
31,3680168245,29242,0,0,0,0,83484350,83596400,3194,0,0,0,0,31172,0,5,0,0,0,0,0,0
32,2344329490,29243,0,0,0,0,66763950,66875050,1420,0,0,0,0,31172,0,5,0,0,0,0,0,0
33,2130650181,29244,0,0,0,0,66766550,66876750,1504,0,0,0,0,31492,0,5,0,0,0,0,0,0
34,906966818,29245,0,0,0,0,66768600,66881200,1530,0,0,0,0,31492,0,5,0,0,0,0,0,0
35,3939376531,29246,0,0,0,0,65054450,66872900,1102,0,0,0,0,31492,0,5,0,0,0,0,0,0
36,2110688546,29247,0,0,0,0,66769550,66878650,1596,0,0,0,0,31172,0,5,0,0,0,0,0,0
37,2695523007,29248,0,0,0,0,66763750,66876450,1445,0,0,0,0,31172,0,5,0,0,0,0,0,0
38,744447992,29249,0,0,0,0,66768550,66879950,1426,0,0,0,0,31172,0,5,0,0,0,0,0,0
39,3728640411,29250,0,0,0,0,66763600,66874150,1135,0,0,0,0,31172,0,5,0,0,0,0,0,0
40,618879740,29251,0,0,0,0,66762500,66879150,1550,0,0,0,0,31172,0,5,0,0,0,0,0,0
41,1239708057,29252,0,0,0,0,67101250,67212450,1406,0,0,0,0,31172,0,5,0,0,0,0,0,0
42,2429742208,29253,0,0,0,0,66426850,66539300,1146,0,0,0,0,31172,0,5,0,0,0,0,0,0
43,412095716,29254,0,0,0,0,66768500,66877500,1617,0,0,0,0,31172,0,5,0,0,0,0,0,0
44,1226741467,29255,0,0,0,0,66764800,66880550,1392,0,0,0,0,31172,0,5,0,0,0,0,0,0
45,3288446148,29256,0,0,0,0,66762100,66874350,1471,0,0,0,0,31172,0,5,0,0,0,0,0,0
46,1157984843,29257,0,0,0,0,83485900,83596250,3254,0,0,0,0,31172,0,5,0,0,0,0,0,0
47,3877288378,29258,0,0,0,0,66773650,66880950,1338,0,0,0,0,31172,0,5,0,0,0,0,0,0
48,4236526315,29259,0,0,0,0,66762000,66874250,1507,0,0,0,0,31172,0,5,0,0,0,0,0,0
49,533834014,29260,0,0,0,0,66766150,66878550,1508,0,0,0,0,31172,0,5,0,0,0,0,0,0
50,1649361089,29261,0,0,0,0,66766650,66877250,1014,0,0,0,0,31172,0,5,0,0,0,0,0,0
51,2486981906,29262,0,0,0,0,66025650,66873950,1149,0,0,0,0,31172,0,5,0,0,0,0,0,0
52,1706075277,29263,0,0,0,0,66764800,66878400,1418,0,0,0,0,31172,0,5,0,0,0,0,0,0
53,267972368,29264,0,0,0,0,66765950,66877150,1512,0,0,0,0,31172,0,5,0,0,0,0,0,0
54,3895401273,29265,0,0,0,0,66771350,66878750,1372,0,0,0,0,31172,0,5,0,0,0,0,0,0
55,605985656,29266,0,0,0,0,66765400,66878050,1521,0,0,0,0,31172,0,5,0,0,0,0,0,0
56,4077673024,29267,0,0,0,0,66765650,66874250,1547,0,0,0,0,30852,0,5,0,0,0,0,0,0
57,985632231,29268,0,0,0,0,66352450,66874500,1071,0,0,0,0,30852,0,5,0,0,0,0,0,0
58,3720590956,29269,0,0,0,0,66770400,66879800,1595,0,0,0,0,30852,0,5,0,0,0,0,0,0
59,3264032585,29270,0,0,0,0,66765400,66880200,1490,0,0,0,0,30852,0,5,0,0,0,0,0,0
60,395405688,29271,0,0,0,0,66759200,66872850,1479,0,0,0,0,30852,0,5,0,0,0,0,0,0
61,32142420,29272,0,0,0,0,83486400,83597350,2990,0,0,0,0,30852,0,5,0,0,0,0,0,0
62,1187067055,29273,0,0,0,0,66770450,66879950,1551,0,0,0,0,30852,0,5,0,0,0,0,0,0
63,459140908,29274,0,0,0,0,66768300,66877550,1446,0,0,0,0,30852,0,5,0,0,0,0,0,0
64,3369786495,29275,0,0,0,0,66763550,66875100,1549,0,0,0,0,30852,0,5,0,0,0,0,0,0
65,1572434254,29276,0,0,0,0,66766250,66876750,1115,0,0,0,0,30852,0,5,0,0,0,0,0,0
66,4107798823,29277,0,0,0,0,66765250,66877100,1555,0,0,0,0,30852,0,5,0,0,0,0,0,0
67,343968250,29278,0,0,0,0,66817500,66931300,1444,0,0,0,0,30852,0,5,0,0,0,0,0,0
68,3102454017,29279,0,0,0,0,66709100,66822700,1608,0,0,0,0,30852,0,5,0,0,0,0,0,0
69,3051095563,29280,0,0,0,0,66764150,66877550,1427,0,0,0,0,30852,0,5,0,0,0,0,0,0
70,2391331016,29281,0,0,0,0,66772650,66877900,1500,0,0,0,0,30852,0,5,0,0,0,0,0,0
71,3869016117,29282,0,0,0,0,66764750,66877550,1578,0,0,0,0,30852,0,5,0,0,0,0,0,0
72,1579800804,29283,0,0,0,0,66761900,66872700,1049,0,0,0,0,30852,0,5,0,0,0,0,0,0
73,2792341157,29284,0,0,0,0,66770550,66881600,1608,0,0,0,0,30852,0,5,0,0,0,0,0,0
74,714702942,29285,0,0,0,0,66763500,66876050,1449,0,0,0,0,30852,0,5,0,0,0,0,0,0
75,1092538936,29286,0,0,0,0,66021850,66877950,1260,0,0,0,0,30852,0,5,0,0,0,0,0,0
76,1561271239,29287,0,0,0,0,83487950,83597350,3138,0,0,0,0,31172,0,5,0,0,0,0,0,0
77,3798074098,29288,0,0,0,0,66766550,66876050,1619,0,0,0,0,31172,0,5,0,0,0,0,0,0
78,3022639071,29289,0,0,0,0,66766400,66879350,1437,0,0,0,0,31172,0,5,0,0,0,0,0,0
79,2282770062,29290,0,0,0,0,66767750,66877000,1569,0,0,0,0,30852,0,5,0,0,0,0,0,0
80,1626512457,29291,0,0,0,0,66760100,66873550,1097,0,0,0,0,30852,0,5,0,0,0,0,0,0
81,3156888026,29292,0,0,0,0,66767450,66877400,1512,0,0,0,0,30852,0,5,0,0,0,0,0,0
82,3038824309,29293,0,0,0,0,66949650,67059000,1527,0,0,0,0,30852,0,5,0,0,0,0,0,0
83,1261846460,29294,0,0,0,0,66588050,66698550,1526,0,0,0,0,30852,0,5,0,0,0,0,0,0
84,2035201521,29295,0,0,0,0,66764900,66876800,1412,0,0,0,0,30852,0,5,0,0,0,0,0,0
85,2164446652,29296,0,0,0,0,66768650,66874950,1513,0,0,0,0,30852,0,5,0,0,0,0,0,0
86,2017191835,29297,0,0,0,0,66767250,66876750,1585,0,0,0,0,30852,0,5,0,0,0,0,0,0
87,3029138484,29298,0,0,0,0,66765600,66875900,1030,0,0,0,0,30852,0,5,0,0,0,0,0,0
88,50355403,29299,0,0,0,0,66770900,66881250,1580,0,0,0,0,30852,0,5,0,0,0,0,0,0
89,654213990,29300,0,0,0,0,66804200,66913400,1485,0,0,0,0,30852,0,5,0,0,0,0,0,0
90,2360099787,29301,0,0,0,0,66726700,66836350,1454,0,0,0,0,30852,0,5,0,0,0,0,0,0
91,2424818746,29302,0,0,0,0,66765050,66877600,57,0,0,0,0,30852,0,5,0,0,0,0,0,0
92,1971386461,29303,0,0,0,0,66776400,66880150,1489,0,0,0,0,30852,0,5,0,0,0,0,0,0
93,3386045126,29304,0,0,0,0,66766300,66875350,1568,0,0,0,0,30852,0,5,0,0,0,0,0,0
94,1429641961,29305,0,0,0,0,66769650,66878800,1359,0,0,0,0,30852,0,5,0,0,0,0,0,0
95,3022846880,29306,0,0,0,0,66760100,66875500,1060,0,0,0,0,30852,0,5,0,0,0,0,0,0
96,1601897261,29307,0,0,0,0,66766650,66878850,1468,0,0,0,0,30852,0,5,0,0,0,0,0,0
97,1229951528,29308,0,0,0,0,66765300,66874250,1428,0,0,0,0,30852,0,5,0,0,0,0,0,0
98,4065171759,29309,0,0,0,0,65316600,66883000,768,0,0,0,0,30852,0,5,0,0,0,0,0,0
99,1034325744,29310,0,0,0,0,66748700,66871250,1509,0,0,0,0,30852,0,5,0,0,0,0,0,0
100,14078671,29311,0,0,0,0,67154500,67268850,1453,0,0,0,0,31172,0,5,0,0,0,0,0,0
101,4024270554,29312,0,0,0,0,66370850,66486200,1454,0,0,0,0,31172,0,5,0,0,0,0,0,0
102,896191351,29313,0,0,0,0,66771150,66880200,1580,0,0,0,0,31172,0,5,0,0,0,0,0,0
103,2131384102,29314,0,0,0,0,66760550,66876100,940,0,0,0,0,30852,0,5,0,0,0,0,0,0
104,2586210593,29315,0,0,0,0,66759400,66874400,1530,0,0,0,0,30852,0,5,0,0,0,0,0,0
105,591918370,29316,0,0,0,0,66769700,66880900,1478,0,0,0,0,30852,0,5,0,0,0,0,0,0
106,8814317,29317,0,0,0,0,66767550,66874950,1400,0,0,0,0,30852,0,5,0,0,0,0,0,0
107,2340504196,29318,0,0,0,0,67174350,67289700,302,0,0,0,0,30852,0,5,0,0,0,0,0,0
108,3523076009,29319,0,0,0,0,66352350,66463050,1484,0,0,0,0,30852,0,5,0,0,0,0,0,0
109,1961669028,29320,0,0,0,0,66768200,66879400,1533,0,0,0,0,30852,0,5,0,0,0,0,0,0
110,1037581603,29321,0,0,0,0,66769950,66877550,1249,0,0,0,0,30852,0,5,0,0,0,0,0,0
111,2701024588,29322,0,0,0,0,66766050,66877400,1529,0,0,0,0,30852,0,5,0,0,0,0,0,0
112,215037203,29323,0,0,0,0,66766450,66877950,1336,0,0,0,0,30852,0,5,0,0,0,0,0,0
113,3696282862,29324,0,0,0,0,66764500,66873700,1555,0,0,0,0,30852,0,5,0,0,0,0,0,0
114,2829142928,29325,0,0,0,0,66882800,66997150,1510,0,0,0,0,30852,0,5,0,0,0,0,0,0
115,3204762949,29326,0,0,0,0,66645600,66760700,1444,0,0,0,0,30852,0,5,0,0,0,0,0,0
116,3297489190,29327,0,0,0,0,66762450,66873200,1478,0,0,0,0,30852,0,5,0,0,0,0,0,0
117,1691704917,29328,0,0,0,0,66767750,66879500,1520,0,0,0,0,30852,0,5,0,0,0,0,0,0
118,663957814,29329,0,0,0,0,66766850,66875850,1158,0,0,0,0,30852,0,5,0,0,0,0,0,0
119,3058583827,29330,0,0,0,0,66767200,66876250,1492,0,0,0,0,30852,0,5,0,0,0,0,0,0
120,838545270,29331,0,0,0,0,66762850,66877050,1574,0,0,0,0,30852,0,5,0,0,0,0,0,0
121,3608912039,29332,0,0,0,0,66280750,67123050,1331,0,0,0,0,30852,0,5,0,0,0,0,0,0
122,4080159716,29333,0,0,0,0,83620100,83730900,3095,0,0,0,0,30852,0,5,0,0,0,0,0,0
123,1056027075,29334,0,0,0,0,66391800,66500900,1565,0,0,0,0,30852,0,5,0,0,0,0,0,0
124,4057021248,29335,0,0,0,0,66764350,66874850,1455,0,0,0,0,31172,0,5,0,0,0,0,0,0
125,2686741161,29336,0,0,0,0,66770600,66879300,1140,0,0,0,0,31172,0,5,0,0,0,0,0,0
126,3870849660,29337,0,0,0,0,66767400,66876300,1519,0,0,0,0,31172,0,5,0,0,0,0,0,0
127,293449641,29338,0,0,0,0,66758550,66873900,1435,0,0,0,0,30852,0,5,0,0,0,0,0,0
128,596064266,29339,0,0,0,0,66765300,66879650,1528,0,0,0,0,30852,0,5,0,0,0,0,0,0
129,3715495249,29340,0,0,0,0,67001350,67111950,1534,0,0,0,0,30852,0,5,0,0,0,0,0,0
130,244680018,29341,0,0,0,0,66530650,66639900,1481,0,0,0,0,30852,0,5,0,0,0,0,0,0
131,4080661783,29342,0,0,0,0,66770450,66881150,1373,0,0,0,0,30852,0,5,0,0,0,0,0,0
132,4006730450,29343,0,0,0,0,66763950,66875000,1522,0,0,0,0,30852,0,5,0,0,0,0,0,0
133,3864584507,29344,0,0,0,0,66765150,66876300,1180,0,0,0,0,30852,0,5,0,0,0,0,0,0
134,2711027320,29345,0,0,0,0,66769000,66877900,1380,0,0,0,0,30852,0,5,0,0,0,0,0,0
135,4099079087,29346,0,0,0,0,66768600,66878900,1542,0,0,0,0,30852,0,5,0,0,0,0,0,0
136,565333772,29347,0,0,0,0,66851000,66963500,1513,0,0,0,0,30852,0,5,0,0,0,0,0,0
137,1028518269,29348,0,0,0,0,66679350,66789400,192,0,0,0,0,30852,0,5,0,0,0,0,0,0
138,2252688136,29349,0,0,0,0,66771550,66877900,1407,0,0,0,0,30852,0,5,0,0,0,0,0,0
139,578597309,29350,0,0,0,0,66762550,66875650,1536,0,0,0,0,30852,0,5,0,0,0,0,0,0
140,3624439358,29351,0,0,0,0,66763100,66875700,1459,0,0,0,0,30852,0,5,0,0,0,0,0,0
141,3514067501,29352,0,0,0,0,66767150,66878100,1134,0,0,0,0,30852,0,5,0,0,0,0,0,0
142,2741972910,29353,0,0,0,0,66766550,66878250,1546,0,0,0,0,30852,0,5,0,0,0,0,0,0
143,28497579,29354,0,0,0,0,66763850,66879200,1413,0,0,0,0,30852,0,5,0,0,0,0,0,0
144,466729326,29355,0,0,0,0,66029150,66874700,1352,0,0,0,0,30852,0,5,0,0,0,0,0,0
145,3425349295,29356,0,0,0,0,66764700,66877050,1433,0,0,0,0,30852,0,5,0,0,0,0,0,0
146,1537640620,29357,0,0,0,0,66769900,66879300,1461,0,0,0,0,30852,0,5,0,0,0,0,0,0
147,1853842891,29358,0,0,0,0,66765900,66877200,1548,0,0,0,0,30852,0,5,0,0,0,0,0,0
148,1177024904,29359,0,0,0,0,66341150,66874800,1084,0,0,0,0,31172,0,5,0,0,0,0,0,0
149,4106734849,29360,0,0,0,0,66771900,66879150,1336,0,0,0,0,31172,0,5,0,0,0,0,0,0
150,2025356500,29361,0,0,0,0,66766450,66874900,1454,0,0,0,0,31172,0,5,0,0,0,0,0,0
151,2189605121,29362,0,0,0,0,66767300,66877800,1505,0,0,0,0,30852,0,5,0,0,0,0,0,0
152,4086136290,29363,0,0,0,0,83483100,83595000,3184,0,0,0,0,30852,0,5,0,0,0,0,0,0
153,4036669705,29364,0,0,0,0,66771700,66879100,1602,0,0,0,0,30852,0,5,0,0,0,0,0,0
154,4167980074,29365,0,0,0,0,66773550,66878150,1464,0,0,0,0,30852,0,5,0,0,0,0,0,0
155,51187407,29366,0,0,0,0,66766300,66876000,1429,0,0,0,0,30852,0,5,0,0,0,0,0,0
156,2242638442,29367,0,0,0,0,66766950,66875250,1116,0,0,0,0,30852,0,5,0,0,0,0,0,0
157,2730108163,29368,0,0,0,0,66769500,66878850,1566,0,0,0,0,30852,0,5,0,0,0,0,0,0
158,2718743917,29369,0,0,0,0,66850000,66959050,864,0,0,0,0,30852,0,5,0,0,0,0,0,0
159,3391709842,29370,0,0,0,0,66685400,66796550,1501,0,0,0,0,30852,0,5,0,0,0,0,0,0
160,1164604273,29371,0,0,0,0,66770100,66877600,1488,0,0,0,0,30852,0,5,0,0,0,0,0,0
161,2148591176,29372,0,0,0,0,66765700,66874250,1399,0,0,0,0,30852,0,5,0,0,0,0,0,0
162,4192737573,29373,0,0,0,0,66768200,66880050,1519,0,0,0,0,30852,0,5,0,0,0,0,0,0
163,535584840,29374,0,0,0,0,66763650,66875800,1197,0,0,0,0,30852,0,5,0,0,0,0,0,0
164,3430794475,29375,0,0,0,0,66750250,66877450,1568,0,0,0,0,30852,0,5,0,0,0,0,0,0
165,776323552,29376,0,0,0,0,66769700,66874250,1393,0,0,0,0,30852,0,5,0,0,0,0,0,0
166,3330991427,29377,0,0,0,0,66766950,66878100,1527,0,0,0,0,30852,0,5,0,0,0,0,0,0
167,3282074430,29378,0,0,0,0,66768400,66876800,147,0,0,0,0,30852,0,5,0,0,0,0,0,0
168,2597814595,29379,0,0,0,0,66771550,66876900,1456,0,0,0,0,30852,0,5,0,0,0,0,0,0
169,2225601370,29380,0,0,0,0,66772800,66880700,1527,0,0,0,0,30852,0,5,0,0,0,0,0,0
170,3716853465,29381,0,0,0,0,66353250,66876550,1552,0,0,0,0,30852,0,5,0,0,0,0,0,0
171,1080675697,29382,0,0,0,0,66767750,66876500,1200,0,0,0,0,30212,0,5,0,0,0,0,0,0
172,219920238,29383,0,0,0,0,66769700,66878550,1576,0,0,0,0,30212,0,5,0,0,0,0,0,0
173,3070385651,29384,0,0,0,0,66764600,66873300,1706,0,0,0,0,30212,0,5,0,0,0,0,0,0
174,2609556270,29385,0,0,0,0,66770000,66877150,1629,0,0,0,0,30212,0,5,0,0,0,0,0,0
175,141401383,29386,0,0,0,0,66767650,66878150,1600,0,0,0,0,30212,0,5,0,0,0,0,0,0
176,3034105280,29387,0,0,0,0,67055150,67164300,1809,0,0,0,0,30212,0,5,0,0,0,0,0,0
177,3029196371,29388,0,0,0,0,66481600,66589050,1615,0,0,0,0,30212,0,5,0,0,0,0,0,0
178,699378668,29389,0,0,0,0,66773750,66879700,1739,0,0,0,0,30212,0,5,0,0,0,0,0,0
179,2402609405,29390,0,0,0,0,66767800,66874750,1135,0,0,0,0,30212,0,5,0,0,0,0,0,0
CSV_END

STUDY_DONE_06c406546be6=0
# 