/tmp/app-lto --transport unrolled --state-frame 1800 --frames 180 --warmup 30 --wait spin --profile detailed --csv /tmp/transport-frames.csv --grouped && printf "CSV_BEGIN\n" && cat /tmp/transport-frames.csv && printf "CSV_END\n"; study_status=$?; printf "\nSTUDY_DONE_8b173deedf56=%s\n" "$study_status"
TRANSPORT mode=unrolled dma_minimum=64
BEGIN_BREAKOUT frames=180 warmup=30 fixed=0 blocks=40 tiles=1 hud=1 wait=spin replay=0 state_frame=1800 profile=detailed pixel_centers=1 clock_call_ns=4548
HW_COUNTERS unavailable
RESULT frames=180 elapsed_s=9.028112100 fps=19.937723 logic_ms=0.951647 api_ms=8.698815 swap_ms=26.878396 wait_ms=13.493029 worker_inclusive_ms=26.647235 upload_inclusive_ms=5.424011 write_ms=5.179056 bytes_per_frame=24140.89 p50_ms=50.157700 p95_ms=50.393250 max_ms=53.529450 late_60hz=180 first_count=20849 last_count=21028 state_hash=1022e19f remaining=21 score=190
RENDER_PATH retained=0 grouped=1 quads=10250 full_frames=180
BREAKOUT_PASS
CSV_BEGIN
frame,state_hash,display_count,logic_ns,api_ns,swap_ns,wait_ns,total_ns,completion_interval_ns,polls,worker_inclusive_ns,upload_inclusive_ns,write_ns,read_ns,write_bytes,read_bytes,write_calls,read_calls,dma_copy_ns,dma_launch_ns,dma_completion_wait_ns,dma_bytes,dma_lists
0,2110160739,20849,806900,8648750,27606750,12779150,49841550,49851150,2451,27420800,6379350,6176300,0,24452,0,5,0,0,0,0,0,0
1,1693181783,20850,797450,8666450,27515650,13083850,50063400,50160500,2443,27334600,5534300,5333700,0,24452,0,5,0,0,0,0,0,0
2,802378003,20851,789550,8641350,27248250,13375400,50054550,50155250,2605,27068300,6023750,5825950,0,24452,0,5,0,0,0,0,0,0
3,773631361,20852,791850,9309850,26624750,13335400,50061850,50160250,2465,26437700,5381100,5189250,0,24452,0,5,0,0,0,0,0,0
4,3600043099,20853,788350,8639350,29297750,11336000,50061450,50158500,2024,29128450,5379500,5179600,0,24452,0,5,0,0,0,0,0,0
5,1618316913,20854,790450,9213500,26607700,13445100,50056750,50155300,2483,26431050,5357050,5153850,0,24452,0,5,0,0,0,0,0,0
6,201713393,20855,790650,8633400,26597550,14040250,50061850,50160250,2713,26406300,5551750,5345800,0,24452,0,5,0,0,0,0,0,0
7,2011502881,20856,1407600,8543650,26430750,13677350,50059350,50157650,2530,26248900,5132650,4924450,0,24452,0,5,0,0,0,0,0,0
8,3125474025,20857,802000,8653500,26433700,14171350,50060550,50157600,2744,26242100,5410750,5203300,0,24452,0,5,0,0,0,0,0,0
9,1342287211,20858,1661300,8585950,27165000,12651650,50063900,50159600,2421,26980750,5910750,5709400,0,24452,0,5,0,0,0,0,0,0
10,3857196809,20859,785700,8687450,26231600,14355850,50060600,50157150,2812,26036750,4571100,4394750,0,24452,0,5,0,0,0,0,0,0
11,2240049260,20860,1397150,8475900,26978650,13206500,50058200,50154900,2578,26796200,5892100,5683250,0,24132,0,5,0,0,0,0,0,0
12,1815897908,20861,786300,8722950,26355050,14421150,50285450,50380800,2738,26172400,4711450,4524550,0,24132,0,5,0,0,0,0,0,0
13,648884648,20862,791550,8993500,28886600,11169450,49841100,49937850,2119,28699150,5344100,5153350,0,24132,0,5,0,0,0,0,0,0
14,2931991803,20863,829400,9415900,35247200,3865950,49358450,50156200,738,34488200,5308250,5116250,0,24132,0,5,0,0,0,0,0,0
15,4227589206,20864,788850,8727800,26963550,13579450,50059650,50158400,2651,26787200,5839150,5624800,0,24132,0,5,0,0,0,0,0,0
16,1986714807,20865,794450,8446800,27085400,13736500,50063150,50158850,2587,25991450,5290950,5093400,0,24132,0,5,0,0,0,0,0,0
17,28333542,20866,790550,8580000,26987050,13703500,50061100,50156550,2678,26799300,5470600,5268350,0,24132,0,5,0,0,0,0,0,0
18,842458438,20867,785950,9051050,26404650,13814100,50055750,50155750,2602,26219150,5292850,5108350,0,24132,0,5,0,0,0,0,0,0
19,4035787358,20868,797700,8545800,26703250,14016500,50063250,50160050,2746,26514850,5673450,5471100,0,24132,0,5,0,0,0,0,0,0
20,3966921526,20869,1417450,8428950,26401200,13816100,50063700,50159300,2598,26215750,5305200,5117200,0,24132,0,5,0,0,0,0,0,0
21,3331783808,20870,790300,8546100,26668950,14055600,50060950,50156150,2752,26477900,4539350,4371600,0,24132,0,5,0,0,0,0,0,0
22,1855912102,20871,1323600,8459150,26420550,13853650,50056950,50156950,2607,26241500,5193450,5001500,0,24132,0,5,0,0,0,0,0,0
23,3437663592,20872,787800,8573200,26238750,14459850,50059600,50157800,2841,26057850,4563750,4385200,0,24132,0,5,0,0,0,0,0,0
24,3162062844,20873,1211050,8467600,27513550,12871450,50063650,50160500,2226,27333050,6336000,6134350,0,24132,0,5,0,0,0,0,0,0
25,1213835568,20874,815450,8615400,27523050,13264650,50218550,50321600,2491,27344450,5364200,5163400,0,24132,0,5,0,0,0,0,0,0
26,4133797692,20875,793550,8506300,26961150,13628850,49889850,49990550,2669,26776900,5841900,5639250,0,24132,0,5,0,0,0,0,0,0
27,256876650,20876,788200,8554150,27244100,13475350,50061800,50159950,2530,27052900,5334250,5129550,0,24452,0,5,0,0,0,0,0,0
28,482917404,20877,804200,8502700,27025100,13726850,50058850,50156000,2688,26844150,5997300,5787700,0,24452,0,5,0,0,0,0,0,0
29,1264633954,20878,791450,9194550,26239550,13840550,50066100,50161850,2517,26040450,5301450,5109250,0,24132,0,5,0,0,0,0,0,0
30,3606135978,20879,792800,8554150,26881600,13825250,50053800,50156750,2702,26700150,5995250,5781450,0,24132,0,5,0,0,0,0,0,0
31,2630115922,20880,799900,9099050,26267600,13893150,50059700,50158150,2586,26081550,5261950,5068000,0,24132,0,5,0,0,0,0,0,0
32,3881483034,20881,803650,8534750,26588500,14130500,50057400,50154800,2737,26401100,5825400,5625950,0,24132,0,5,0,0,0,0,0,0
33,2944919204,20882,1404250,8450750,26252050,13956150,50063200,50160400,2516,26066600,5264400,5070600,0,24132,0,5,0,0,0,0,0,0
34,646532490,20883,794300,8545400,26251650,17833750,53425100,53529450,2114,26054850,5448800,5242750,0,24132,0,5,0,0,0,0,0,0
35,2877853796,20884,833800,9247600,26392950,10189550,46663900,46786850,1868,26201500,5357650,5157500,0,24132,0,5,0,0,0,0,0,0
36,1922367648,20885,785000,8569650,26052700,14649200,50056550,50155300,2850,25859200,5266900,5062650,0,24132,0,5,0,0,0,0,0,0
37,1795563108,20886,795250,8502250,26864550,13469600,49631650,50158000,2608,26691700,5273600,5073450,0,24132,0,5,0,0,0,0,0,0
38,214631552,20887,833950,9656300,26247300,12868200,49605750,50412800,2367,26067250,5167500,4968000,0,24132,0,5,0,0,0,0,0,0
39,1929726190,20888,798100,8565300,26837700,13602800,49803900,49903700,2663,26654900,5805750,5595450,0,24132,0,5,0,0,0,0,0,0
40,1190506064,20889,796700,8636950,26603950,14024700,50062300,50159350,2650,25648700,4966350,4777400,0,24132,0,5,0,0,0,0,0,0
41,3268351150,20890,806200,8718400,26800550,13731750,50056900,50155700,2688,26616650,5785100,5574550,0,24132,0,5,0,0,0,0,0,0
42,118037070,20891,807050,9648000,26257950,13344900,50057900,50156500,2498,26078250,5328200,5143250,0,24132,0,5,0,0,0,0,0,0
43,1955195062,20892,790250,8656650,26710250,13905900,50063050,50161850,2724,26539550,5810750,5612600,0,24132,0,5,0,0,0,0,0,0
44,1797432467,20893,792100,9166400,26202500,13897050,50058050,50157000,2619,26010700,5262950,5076000,0,24132,0,5,0,0,0,0,0,0
45,1035442557,20894,786500,10901400,26220850,12150600,50059350,50156600,2328,26034100,5311550,5119200,0,24132,0,5,0,0,0,0,0,0
46,2267612867,20895,1409300,8449500,27468900,12730900,50058600,50158550,2473,27277700,5855900,5658950,0,24132,0,5,0,0,0,0,0,0
47,1217717069,20896,798650,8577250,26393700,14289050,50058650,50157850,2805,26215450,5391600,5192700,0,24132,0,5,0,0,0,0,0,0
48,1461268009,20897,1306500,8481550,26408050,13861000,50057100,50155800,2605,26221000,5207850,5017450,0,24132,0,5,0,0,0,0,0,0
49,2370304197,20898,795300,8547350,26206350,14896350,50445350,50542700,2850,26023400,4536600,4357200,0,24132,0,5,0,0,0,0,0,0
50,655561417,20899,788200,8482200,27406900,12993250,49670550,49772700,2525,27219500,5846450,5651050,0,24132,0,5,0,0,0,0,0,0
51,524675839,20900,795350,8592450,26845150,13900000,50132950,50231950,2623,26661150,4962800,4770850,0,24452,0,5,0,0,0,0,0,0
52,1155835041,20901,796150,8498600,27008100,13683200,49986050,50084650,2681,26820050,5821650,5621550,0,24452,0,5,0,0,0,0,0,0
53,214853719,20902,793600,8518350,27048950,13701500,50062400,50159400,2581,26862950,5208000,4232800,0,24132,0,5,0,0,0,0,0,0
54,3035389575,20903,798200,8502750,27163800,13593500,50058250,50156750,2657,26975400,6030400,5824600,0,24132,0,5,0,0,0,0,0,0
55,1549109231,20904,798800,9116250,34913550,5229100,50057700,50156700,918,34721000,5181850,4992950,0,24132,0,5,0,0,0,0,0,0
56,66132623,20905,788400,8587850,26738100,13944500,50058850,50158150,2731,26555150,5813650,5608100,0,24132,0,5,0,0,0,0,0,0
57,3504604473,20906,1402900,8440000,26394650,13820900,50058450,50157200,2600,26210800,5381150,5181100,0,24132,0,5,0,0,0,0,0,0
58,1691498415,20907,787500,8563600,26655050,14054150,50060300,50160650,2662,26464150,5831800,5627000,0,24132,0,5,0,0,0,0,0,0
59,4055346753,20908,1384550,8454550,26101550,14110600,50051250,50158250,2628,25917050,5041700,4836400,0,24132,0,5,0,0,0,0,0,0
60,4185240021,20909,799750,8555150,26242550,14459800,50057250,50157350,2807,26052500,5455550,5251150,0,24132,0,5,0,0,0,0,0,0
61,380494641,20910,829200,8695450,26583200,12679200,48787050,50157150,2424,26403400,5672400,5466600,0,24132,0,5,0,0,0,0,0,0
62,648826037,20911,795150,8637700,26020450,15050100,50503400,50602150,2761,25832850,4538700,4361500,0,24132,0,5,0,0,0,0,0,0
63,457329003,20912,804250,8532700,26969800,13303300,49610050,49714300,2562,26786350,5849400,5637150,0,24132,0,5,0,0,0,0,0,0
64,3359035981,20913,800350,8590500,26243350,14480750,50114950,50213850,2713,26059850,4592900,4403850,0,24132,0,5,0,0,0,0,0,0
65,1526400123,20914,799650,8509050,28170950,12523450,50003100,50100050,2379,27983300,6541350,6312950,0,24132,0,5,0,0,0,0,0,0
66,1691524227,20915,807000,8514750,26523150,14219400,50064300,50161200,2668,25561900,4899950,4708550,0,24132,0,5,0,0,0,0,0,0
67,1475349003,20916,797500,8902400,26653800,13704600,50058300,50156700,2685,26464900,5782700,5580400,0,24132,0,5,0,0,0,0,0,0
68,485644907,20917,791700,9269900,26178800,13818200,50058600,50155350,2610,26000500,5264300,5074350,0,24132,0,5,0,0,0,0,0,0
69,1050479637,20918,785250,8671800,26656500,13949200,50062750,50161100,2739,26482400,5819550,5619900,0,24132,0,5,0,0,0,0,0,0
70,3204525547,20919,1404650,8574550,26270150,13807100,50056450,50156600,2602,26092950,5269850,5084450,0,24132,0,5,0,0,0,0,0,0
71,4185398997,20920,786500,8671300,26424600,14174150,50056550,50158400,2783,26229050,5246200,4327500,0,24132,0,5,0,0,0,0,0,0
72,3094072225,20921,1359200,8558500,26096100,14045750,50059550,50158000,2654,25905700,5045800,4862300,0,24132,0,5,0,0,0,0,0,0
73,1835371693,20922,785700,8547700,26361050,14363600,50058050,50156250,2826,26175200,5437900,5226100,0,24132,0,5,0,0,0,0,0,0
74,2168771505,20923,1269150,8472300,27040750,13275600,50057800,50157950,2596,26859450,5843200,5641700,0,24132,0,5,0,0,0,0,0,0
75,4059398759,20924,791650,8553450,27266100,13860600,50471800,50570450,1040,27082600,4992400,4807550,0,24452,0,5,0,0,0,0,0,0
76,644479865,20925,848700,8586150,27192250,12999300,49626400,49747500,2526,27006450,5873400,5663700,0,24452,0,5,0,0,0,0,0,0
77,1914197423,20926,800200,8556100,27155600,13545250,50057150,50157550,2545,26961950,5191850,4992750,0,24132,0,5,0,0,0,0,0,0
78,430804047,20927,804350,8498950,27042550,13707500,50053350,50155100,2686,26857200,5838400,5633100,0,24132,0,5,0,0,0,0,0,0
79,3866048775,20928,799950,8508900,27550350,13201900,50061100,50161250,2471,26575150,5203450,5013050,0,24132,0,5,0,0,0,0,0,0
80,7140231,20929,787300,8520150,26990350,13756550,50054350,50154600,2691,26819050,5833250,5635300,0,24132,0,5,0,0,0,0,0,0
81,1511961547,20930,798250,9134000,26490500,13636100,50058850,50157550,2562,26302400,5306200,5111650,0,24132,0,5,0,0,0,0,0,0
82,376629139,20931,783900,8519900,26736550,14017350,50057700,50160400,2747,26552950,5711150,5511100,0,24132,0,5,0,0,0,0,0,0
83,1861594235,20932,1423700,8453450,26626100,13551650,50054900,50157700,2525,26428650,5409600,5208150,0,24132,0,5,0,0,0,0,0,0
84,1702339483,20933,830950,8721650,26840750,12953750,49347100,50157300,2502,26655750,5021750,4828000,0,24132,0,5,0,0,0,0,0,0
85,966101579,20934,1343650,8455750,26365350,13901800,50066550,50165000,2329,26180150,5250650,5045050,0,24132,0,5,0,0,0,0,0,0
86,2786182811,20935,820350,8688700,26237000,14297750,50043800,50152250,2799,26046350,4715650,4527150,0,24132,0,5,0,0,0,0,0,0
87,3655782539,20936,1268500,8496750,27087300,13199900,50052450,50154150,2488,26911350,6011950,5799750,0,24132,0,5,0,0,0,0,0,0
88,3735461922,20937,803650,8555850,26104500,14826750,50290750,50393250,2799,25911350,4569600,4394000,0,24132,0,5,0,0,0,0,0,0
89,270833838,20938,788500,8481500,26878500,13675650,49824150,49922800,2647,26704050,5816800,5073950,0,24132,0,5,0,0,0,0,0,0
90,930095294,20939,789550,8537650,26205400,14523950,50056550,50158200,2723,26017700,4539900,4353650,0,24132,0,5,0,0,0,0,0,0
91,1273808962,20940,784450,8495050,26917600,13860550,50057650,50157750,2620,26729350,5852000,5647200,0,24132,0,5,0,0,0,0,0,0
92,1953673858,20941,786100,9246950,25841450,14180800,50055300,50158400,2648,25652800,4948700,4761250,0,24132,0,5,0,0,0,0,0,0
93,4057475070,20942,782350,11367800,26337850,11573250,50061250,50160150,2175,26148650,5340750,5154700,0,24132,0,5,0,0,0,0,0,0
94,3372198854,20943,783950,9071050,26177700,14023050,50055750,50158050,2619,25984350,5270350,5075700,0,24132,0,5,0,0,0,0,0,0
95,2335202154,20944,791000,8575350,26675750,14012550,50054650,50154300,2745,26484550,5857200,5644650,0,24132,0,5,0,0,0,0,0,0
96,2170853250,20945,1540200,14089450,29769350,4661500,50060500,50161750,902,29586350,5969800,5771150,0,24132,0,5,0,0,0,0,0,0
97,1829955022,20946,781000,8745550,26186150,14341900,50054600,50153550,2817,26007100,5330000,5119300,0,24132,0,5,0,0,0,0,0,0
98,1856045454,20947,1330600,8593400,26115500,14019750,50059250,50160850,2649,25925550,5093600,4903150,0,24132,0,5,0,0,0,0,0,0
99,2544683154,20948,782500,8693700,26184800,14395950,50056950,50156850,2829,26009100,4563400,4382600,0,24452,0,5,0,0,0,0,0,0
100,1531444578,20949,1215550,8603100,27311800,12928250,50058700,50160100,2516,27121650,5873650,5677850,0,24452,0,5,0,0,0,0,0,0
101,1139277022,20950,786900,8531050,26553450,14356850,50228250,50327200,2730,26365200,4717200,4525050,0,24132,0,5,0,0,0,0,0,0
102,2614530982,20951,788400,8488550,26983300,13627450,49887700,49985950,2670,26796550,5798400,5600300,0,24132,0,5,0,0,0,0,0,0
103,464765994,20952,781350,8523450,26830550,13925050,50060400,50160150,2637,26641950,4944500,4750250,0,24132,0,5,0,0,0,0,0,0
104,1592019490,20953,784100,8487050,27216150,13570550,50057850,50155050,2653,27030050,5671550,5473200,0,24132,0,5,0,0,0,0,0,0
105,66207950,20954,782800,8411250,27177850,13690950,50062850,50160150,2584,26221400,5271800,5073300,0,24132,0,5,0,0,0,0,0,0
106,2639428798,20955,782950,8530000,29191050,11553150,50057150,50157300,2202,29007850,5323650,5125800,0,24132,0,5,0,0,0,0,0,0
107,1495915330,20956,1610600,8590550,27144650,12013150,49358950,50158150,2320,26963650,5865850,5661450,0,24132,0,5,0,0,0,0,0,0
108,4079891938,20957,781450,8557450,26584950,14132350,50056200,50154700,2776,26394450,5325600,5121100,0,24132,0,5,0,0,0,0,0,0
109,1204987230,20958,1397850,8464250,26227950,13973700,50063750,50160650,2642,26048150,5066250,4873750,0,24132,0,5,0,0,0,0,0,0
110,949029318,20959,789450,8531550,26340100,14394200,50055300,50155350,2830,26149550,5332050,5128350,0,24132,0,5,0,0,0,0,0,0
111,2727127274,20960,1326850,8434450,26427650,13869050,50058000,50157550,2617,26237150,5197300,4182150,0,24132,0,5,0,0,0,0,0,0
112,2443393666,20961,788450,8555100,26481300,14240200,50065050,50161800,2766,26290200,5732400,5520400,0,24132,0,5,0,0,0,0,0,0
113,434260526,20962,783800,8503850,27029000,13345750,49662400,50154600,2610,26851900,5983950,5780400,0,24132,0,5,0,0,0,0,0,0
114,2637634158,20963,780150,8514250,26042850,14843100,50180350,50278850,2837,25856500,4561300,4382300,0,24132,0,5,0,0,0,0,0,0
115,4248248050,20964,783550,8481950,26976500,13696700,49938700,50038700,2686,26100300,5257200,5063100,0,24132,0,5,0,0,0,0,0,0
116,663154818,20965,780000,8507750,35645500,5127600,50060850,50159350,880,35458300,8488800,8222800,0,24132,0,5,0,0,0,0,0,0
117,1461428606,20966,785750,8566850,26862000,13843550,50058150,50153900,2678,26686700,5823250,5606200,0,24132,0,5,0,0,0,0,0,0
118,3252362022,20967,787300,9151200,25783250,14337600,50059350,50158250,2686,25588900,4908050,4712350,0,24132,0,5,0,0,0,0,0,0
119,2423015338,20968,780600,8545900,26742950,13989700,50059150,50159550,2707,26560150,5821500,5607950,0,24132,0,5,0,0,0,0,0,0
120,507309730,20969,784100,9062150,26157400,14054350,50058000,50156300,2566,25969900,5239850,5040250,0,24132,0,5,0,0,0,0,0,0
121,2882991293,20970,783300,8553700,26561500,14160350,50058850,50158650,2752,26371200,5664550,5455850,0,24132,0,5,0,0,0,0,0,0
122,3682963569,20971,1409250,8445700,26227300,13979300,50061550,50160850,2612,26047800,5262900,5066050,0,24132,0,5,0,0,0,0,0,0
123,1404881069,20972,786200,8575250,26192350,14503300,50057100,50157350,2856,26009050,5342900,5125750,0,24452,0,5,0,0,0,0,0,0
124,624513273,20973,1433950,8492450,26914700,13215750,50056850,50155300,2588,26184400,5287950,5085450,0,24452,0,5,0,0,0,0,0,0
125,484090933,20974,787350,9034800,26595550,14017500,50435200,50533950,2657,26402350,4895700,3943850,0,24132,0,5,0,0,0,0,0,0
126,2330053545,20975,775450,8643000,26831050,13433100,49682600,49783150,2265,26662100,5844600,5647300,0,24132,0,5,0,0,0,0,0,0
127,3891445269,20976,808300,8785750,26648700,13872000,50114750,50226200,2623,26459850,4966100,4766700,0,24132,0,5,0,0,0,0,0,0
128,1947616753,20977,777750,8630250,26746000,13837350,49991350,50090250,2720,26574100,5796750,5052200,0,24132,0,5,0,0,0,0,0,0
129,965975981,20978,786650,8535700,27488300,13247350,50058000,50157950,2485,26401500,5318950,5126450,0,24132,0,5,0,0,0,0,0,0
130,2786931617,20979,778100,8514900,26968950,13795200,50057150,50157700,2705,26792850,5792950,5592800,0,24132,0,5,0,0,0,0,0,0
131,4011087213,20980,1638400,8544000,27151750,12011850,49346000,50154800,2323,26978900,5891850,5685200,0,24132,0,5,0,0,0,0,0,0
132,3703868376,20981,790850,8606950,26651650,14012850,50062300,50161400,2750,26469600,5639500,5434700,0,24132,0,5,0,0,0,0,0,0
133,212089708,20982,789900,9022000,26590900,13658400,50061200,50158350,2573,26402350,5076900,4887150,0,24132,0,5,0,0,0,0,0,0
134,737348112,20983,783550,8548600,26485600,14238650,50056400,50157650,2798,26307650,5527000,5326450,0,24132,0,5,0,0,0,0,0,0
135,1465149204,20984,1359100,8431150,26196000,14072650,50058900,50157300,2660,26008600,5064100,4864750,0,24132,0,5,0,0,0,0,0,0
136,3549792448,20985,784950,8521750,26227950,14525100,50059750,50158500,2859,26044950,5297450,5091250,0,24132,0,5,0,0,0,0,0,0
137,3053421220,20986,7846150,9347950,26706750,6159700,50060550,50157750,1120,26524400,5169300,4972250,0,24132,0,5,0,0,0,0,0,0
138,904563048,20987,782700,8591750,26280200,14728450,50383100,50483850,2812,26094350,4565600,3708000,0,24132,0,5,0,0,0,0,0,0
139,1363341148,20988,785550,8484550,27093450,13364250,49727800,49827800,2615,26906000,5865350,5657000,0,24132,0,5,0,0,0,0,0,0
140,3357813192,20989,782750,8522700,26598800,14168300,50072550,50169600,2692,26411400,4822150,4633600,0,24132,0,5,0,0,0,0,0,0
141,1376589724,20990,788850,8492900,27308350,13463400,50053500,50150450,2612,27122950,6236200,6031500,0,24132,0,5,0,0,0,0,0,0
142,2806738240,20991,793700,8488400,26746750,14029950,50058800,50157000,2651,25790050,5095300,4908250,0,24132,0,5,0,0,0,0,0,0
143,1863420068,20992,784150,8527950,26993100,13749450,50054650,50154500,2688,26809900,5965350,5758800,0,24132,0,5,0,0,0,0,0,0
144,2368389248,20993,787850,9055900,26031350,14186200,50061300,50158250,2652,25842300,5132500,4945750,0,24132,0,5,0,0,0,0,0,0
145,3624800580,20994,782650,8543600,26739900,13998350,50064500,50161500,2625,26553500,5825050,5623400,0,24132,0,5,0,0,0,0,0,0
146,2708332264,20995,1393050,8430000,26217450,14014700,50055200,50157900,2610,26026150,5242000,5051250,0,24132,0,5,0,0,0,0,0,0
147,3643166428,20996,780050,8544250,28532850,12196800,50053950,50153700,2304,28346700,5351100,5146350,0,24452,0,5,0,0,0,0,0,0
148,1604903896,20997,1370250,8442800,26099200,14147400,50059650,50158600,2638,25915950,5113200,4913850,0,24452,0,5,0,0,0,0,0,0
149,499105388,20998,783100,8607600,26155750,14517300,50063750,50160600,2828,25966450,5306050,5084600,0,24132,0,5,0,0,0,0,0,0
150,3393190256,20999,1557000,8536450,26913000,13047250,50053700,50154800,2515,26729350,5886600,5679100,0,24132,0,5,0,0,0,0,0,0
151,1752164884,21000,793050,8576750,26132950,14974000,50476750,50574550,2844,25945750,4565850,4382100,0,24132,0,5,0,0,0,0,0,0
152,112950176,21001,785500,8498350,26862800,13498700,49645350,49744950,2645,26684150,5856100,5653000,0,24132,0,5,0,0,0,0,0,0
153,218377828,21002,790700,8679550,26667700,13923000,50060950,50157650,2635,26475150,4961300,4760300,0,24132,0,5,0,0,0,0,0,0
154,1614877672,21003,831200,9157300,26148250,13217650,49354400,50155700,2577,25965050,5319150,5113150,0,24132,0,5,0,0,0,0,0,0
155,624660060,21004,785350,9461400,26276750,13534750,50058250,50156700,2550,26088100,5308650,5102850,0,24132,0,5,0,0,0,0,0,0
156,1646146728,21005,793550,8698500,26715550,13854000,50061600,50159800,2715,26531250,5811750,5602650,0,24132,0,5,0,0,0,0,0,0
157,2550301372,21006,790600,9274450,36119100,3874450,50058600,50157100,729,35926450,5664300,5475100,0,24132,0,5,0,0,0,0,0,0
158,172327680,21007,789900,8564950,26789700,13911100,50055650,50157300,2723,26604950,5430500,5229900,0,24132,0,5,0,0,0,0,0,0
159,28774455,21008,1421500,8363450,26195750,14080150,50060850,50159500,2660,26014450,5229950,5037250,0,23812,0,5,0,0,0,0,0,0
160,1278562831,21009,786300,8413450,26468500,14392250,50060500,50157800,2825,26279850,5672000,5470800,0,23812,0,5,0,0,0,0,0,0
161,1878041307,21010,1327250,8338250,26211950,14181700,50059150,50156100,2681,26027200,5219100,5025650,0,23812,0,5,0,0,0,0,0,0
162,2842495315,21011,790150,8419250,26353550,14496350,50059300,50159250,2849,26164950,5247700,4351750,0,23812,0,5,0,0,0,0,0,0
163,942955647,21012,1262600,8383800,26044650,14369200,50060250,50158550,2718,25863200,5029800,4827450,0,23812,0,5,0,0,0,0,0,0
164,3104849743,21013,792500,8422150,26024650,15052750,50292050,50390650,2886,25838050,5259850,4351050,0,23812,0,5,0,0,0,0,0,0
165,2914266731,21014,795100,8380850,26172200,14481000,49829150,49926150,2746,25982250,5140050,4933300,0,23812,0,5,0,0,0,0,0,0
166,4064468955,21015,790200,8431850,26817450,14013250,50052750,50154300,2655,26629500,4946800,4760350,0,23812,0,5,0,0,0,0,0,0
167,3195515191,21016,793450,8369900,28307650,12591650,50062650,50160850,2402,28120500,7290450,5838150,0,23812,0,5,0,0,0,0,0,0
168,978211615,21017,815900,8385050,26534150,14319550,50054650,50155700,2718,25576100,4941750,4756250,0,24132,0,5,0,0,0,0,0,0
169,2835071531,21018,790900,8403350,26915300,13949800,50059350,50156250,2735,26728750,5999750,5789000,0,24132,0,5,0,0,0,0,0,0
170,2067386771,21019,787200,8973350,25745850,14555300,50061700,50162050,2682,25562250,5074300,4886200,0,24132,0,5,0,0,0,0,0,0
171,1313815599,21020,797650,8431050,26596450,14225150,50050300,50156100,2790,26411400,5961250,5741500,0,23812,0,5,0,0,0,0,0,0
172,2403178911,21021,1417800,8339600,25884800,14419050,50061250,50158650,2329,25698450,5191400,4993300,0,23812,0,5,0,0,0,0,0,0
173,2922328731,21022,816750,8481850,26281150,14466650,50046400,50156050,2809,26093750,5634950,5420450,0,23812,0,5,0,0,0,0,0,0
174,984914827,21023,1313350,8333550,25970650,14442750,50060300,50159500,2619,25783450,5215350,5018400,0,23812,0,5,0,0,0,0,0,0
175,3908989879,21024,800900,8476100,26093200,14679200,50049400,50156600,2854,25905950,5421900,5210250,0,23812,0,5,0,0,0,0,0,0
176,3999582383,21025,1221000,8371300,25970850,14494100,50057250,50157250,2714,25793850,5225000,5031600,0,23812,0,5,0,0,0,0,0,0
177,407226939,21026,793800,8425500,26011800,15547400,50778500,50877550,1526,25825050,5396950,5175700,0,23812,0,5,0,0,0,0,0,0
178,1756548563,21027,839650,8532100,26427950,13516700,49316400,49437800,2613,26248500,5775550,5569300,0,23812,0,5,0,0,0,0,0,0
179,270721439,21028,789700,9508000,25561950,14200600,50060250,50161650,2662,25365650,4833600,3873150,0,23812,0,5,0,0,0,0,0,0
CSV_END

STUDY_DONE_8b173deedf56=0
# 