/tmp/fifo-bench --frames 180 --warmup 30 --wait spin --state-frame 0 --retained --csv /tmp/reconfigured-case.csv --dump /tmp/reconfigured-frame.rgb565; fifo_rc=$?; if [ "$fifo_rc" = 0 ]; then printf "\nCSV_BEGIN\n"; cat /tmp/reconfigured-case.csv; printf "CSV_END\n"; fi; test "$fifo_rc" = 0; nv_status=$?; printf "\nNV_DONE_0d93e2b10a7d=%s\n" "$nv_status"
BEGIN_BREAKOUT frames=180 warmup=30 fixed=0 blocks=40 tiles=1 hud=1 wait=spin replay=0 state_frame=0 profile=detailed pixel_centers=1 clock_call_ns=5820
HW_COUNTERS id=46490001 words=161040 wait_cycles=7600871 longest_wait_cycles=4617 total_cycles=62190779 cpu_hz=20000000
RESULT frames=180 elapsed_s=3.109402800 fps=57.888930 logic_ms=0.975786 api_ms=3.031629 swap_ms=7.319073 wait_ms=5.805083 worker_inclusive_ms=7.098796 upload_inclusive_ms=3.666601 write_ms=3.461498 bytes_per_frame=3578.67 p50_ms=16.719450 p95_ms=17.088700 max_ms=33.439950 late_60hz=162 first_count=249 last_count=428 state_hash=8f34e8fd remaining=38 score=20
RENDER_PATH retained=1 grouped=0 quads=645 full_frames=0
FRAME_CHECK count=428 address=9fe00000 fnv1a=79c99b23 pixels=307200 mismatches=0
BREAKOUT_PASS

CSV_BEGIN
frame,state_hash,display_count,logic_ns,api_ns,swap_ns,wait_ns,total_ns,completion_interval_ns,polls,worker_inclusive_ns,upload_inclusive_ns,write_ns,read_ns,write_bytes,read_bytes,write_calls,read_calls
0,3724779174,249,706850,4319800,8190150,3110450,16327250,16338000,537,8024050,3884500,3711800,0,4572,0,5,0
1,1709657109,250,913600,3840600,8017000,3840800,16612000,16714950,688,7844950,3842550,3654950,0,4252,0,5,0
2,1894904752,251,1404750,2496000,7405500,5511100,16817350,16917700,955,7234700,3645450,3470600,0,3612,0,5,0
3,3703759967,252,834300,2503900,7414950,5673000,16426150,16525800,988,7248650,3668100,3499550,0,3612,0,5,0
4,19533624,253,820850,3445050,7280100,5066500,16612500,16718300,953,7113150,2951500,2811800,0,3612,0,5,0
5,816884773,254,834500,2837900,5750350,7197100,16619850,16719850,1303,5595450,3455800,2451250,0,2972,0,5,0
6,1339236364,255,825100,3249600,7460400,5080750,16615850,16716350,946,7297700,3595950,3422600,0,3612,0,5,0
7,3072959373,256,1421600,2540850,7775550,4880100,16618100,16718900,884,7601100,4059600,3881850,0,3612,0,5,0
8,1782884746,257,1286750,2023950,6705250,6601000,16616950,16718050,1181,6537150,3473050,3310650,0,2972,0,5,0
9,30296781,258,833950,2476750,7645400,5668300,16624400,16723900,984,6656700,3815200,3635850,0,4252,0,5,0
10,4026418858,259,821250,3357050,7742300,4693600,16614200,16717850,865,7580800,3826600,3669050,0,4252,0,5,0
11,2084929051,260,823400,2771050,6216300,6806200,16616950,16720100,1222,6057750,3805800,2804600,0,3612,0,5,0
12,3114489770,261,817400,3237500,7447200,5111800,16613900,16720050,951,7279950,3693800,3523500,0,3932,0,5,0
13,891400471,262,1403000,2503400,7499550,5510600,16916550,17020400,923,7328400,3741700,3561100,0,3932,0,5,0
14,3472773456,263,808350,2008600,6698750,6794450,16310150,16415900,1219,6528700,3469000,3305850,0,2972,0,5,0
15,3010688243,264,826000,3423550,6639650,5725400,16614600,16717300,998,6484800,3805050,2823600,0,3612,0,5,0
16,2819524756,265,814250,3337050,7461850,5006700,16619850,16723700,913,7289000,3608750,3462500,0,3612,0,5,0
17,3241678401,266,817550,2771850,6603000,6418900,16611300,16717050,1238,5870050,2815050,2667200,0,2972,0,5,0
18,2154316504,267,1637650,3384750,6570650,4241500,15834550,16720250,769,6416450,3721550,3555300,0,3612,0,5,0
19,772262681,268,1348550,2490650,7443950,5699500,16982650,17088700,907,7293400,3697350,3516850,0,3612,0,5,0
20,3882818750,269,803450,2012450,6671350,6760300,16247550,16348900,1213,6516250,3474650,3310150,0,2972,0,5,0
21,521131153,270,830350,3400850,7435000,4950300,16616500,16717650,927,7276050,3602450,3460000,0,3612,0,5,0
22,1838187414,271,817400,3247950,7519650,5031050,16616050,16716900,941,7349300,3634000,3476750,0,3612,0,5,0
23,840574439,272,830950,2867700,6687200,6233050,16618900,16721150,1189,6528550,3433850,3282800,0,2972,0,5,0
24,2879461878,273,1449550,2481900,7372250,5677750,16981450,17085300,988,7202700,3670300,3501200,0,3612,0,5,0
25,202086035,274,818300,2483000,7443200,5509200,16253700,16356150,953,7275850,3702000,3529750,0,3612,0,5,0
26,959703924,275,810550,1998200,6829450,6978200,16616400,16717600,1257,6662450,3488400,3327250,0,2972,0,5,0
27,3795724423,276,826600,3366450,7522050,4900100,16615200,16719000,914,7359400,3612200,3464050,0,3612,0,5,0
28,2500539904,277,820450,3260700,9062900,3471300,16615350,16719150,610,8895750,3777700,3604750,0,3612,0,5,0
29,2269000541,278,831650,2714400,6787850,6278550,16612450,16719200,1198,6630050,3457200,3305350,0,2972,0,5,0
30,1900681108,279,1377650,2480400,7366600,5437800,16662450,16770500,938,7195400,3674850,3501400,0,3612,0,5,0
31,3680168245,280,822750,2471050,7422550,5845050,16561400,16665750,1020,7258750,3688600,3519100,0,3612,0,5,0
32,2344329490,281,813850,1997450,7100100,6707750,16619150,16722150,1174,6094400,3940100,3765050,0,2972,0,5,0
33,2130650181,282,833700,3248750,7778150,4757600,16618200,16720250,880,7622450,3768550,3595650,0,4252,0,5,0
34,906966818,283,822950,3243750,7476900,5072950,16616550,16718900,944,7312050,3608600,2756350,0,4252,0,5,0
35,3939376531,284,1440600,2025950,7024700,6128050,16619300,16721400,1157,6847300,3717500,3548700,0,3612,0,5,0
36,2110688546,285,812850,2479750,7520650,5382100,16195350,16714650,922,7360800,3741750,3575400,0,3932,0,5,0
37,2695523007,286,824100,3317200,6732300,5747300,16620900,16720350,1001,6572200,3793450,3618150,0,3932,0,5,0
38,744447992,287,830350,2948600,5908100,6934550,16621600,16722800,1215,5759050,3625600,3470750,0,2972,0,5,0
39,3728640411,288,831500,3251000,7504250,5030500,16617250,16719350,936,7346550,3626950,3455550,0,3612,0,5,0
40,618879740,289,828300,3191200,7350150,5244500,16614150,16718350,978,7183700,3638150,3461250,0,3612,0,5,0
41,1239708057,290,1373150,2022400,6624400,8228200,18248150,18349000,649,6459800,3463450,3293750,0,2972,0,5,0
42,2429742208,291,844200,6149150,6575100,1406250,14974700,15090450,185,6406550,3739350,3578000,0,3612,0,5,0
43,412095716,292,828300,3361050,6631150,5792600,16613100,16718600,1008,6473750,2971250,2828150,0,3612,0,5,0
44,1226741467,293,822350,2839650,5943750,7013200,16618950,16719800,1170,5776950,3650450,3493450,0,2972,0,5,0
45,3288446148,294,826300,3291850,7420500,5074900,16613550,16715900,943,7259800,3631300,3456800,0,3612,0,5,0
46,1157984843,295,1414650,2502300,7351800,5346500,16615250,16718700,999,7176250,3664800,3493400,0,3612,0,5,0
47,3877288378,296,1307000,2034050,6696300,6581150,16618500,16720250,1150,6526350,3478350,3316450,0,2972,0,5,0
48,4236526315,297,857350,3549250,7508750,3926250,15841600,16722900,715,7349550,3629150,3472950,0,3612,0,5,0
49,533834014,298,827800,3345900,7520800,4921700,16616200,16715600,920,7343850,3615250,3462050,0,3612,0,5,0
50,1649361089,299,824750,2783550,5954100,7059500,16621900,16722100,1273,5794550,3670900,3514300,0,2972,0,5,0
51,2486981906,300,831050,3365150,7383350,5034500,16614050,16715100,936,7212650,3665550,3487600,0,3612,0,5,0
52,1706075277,301,1364050,2506800,7351700,5623600,16846150,16945250,978,7183650,3675850,3501000,0,3612,0,5,0
53,267972368,302,819950,2027800,6557650,6991950,16397350,16498150,1260,6385800,3340350,3164650,0,2972,0,5,0
54,3895401273,303,821550,3572050,7184300,5037650,16615550,16718800,952,6497450,2965600,2822850,0,3612,0,5,0
55,605985656,304,833500,3280000,7467300,5031900,16612700,16717150,943,7308450,3613950,3466550,0,3612,0,5,0
56,4077673024,305,894100,7902100,11510600,13029950,33336750,33437400,2314,11352750,4228400,4060650,0,6632,0,5,0
57,985632231,306,1337400,9183900,14985300,7830650,33337250,33439700,1437,14813300,5503400,5318200,0,7312,0,5,0
58,3720590956,307,881200,3427900,7596900,4711550,16617550,16718700,876,7437250,3620000,3470300,0,3652,0,5,0
59,3264032585,308,867200,2830750,5921450,6995050,16614450,16718550,1260,5764500,3635400,3462450,0,2972,0,5,0
60,395405688,309,872450,3251650,7349900,5143200,16617200,16721650,958,7178300,3632050,3456200,0,3612,0,5,0
61,32142420,310,1463150,2531200,7495000,5436500,16925850,17026900,934,7317550,3793200,3609300,0,3612,0,5,0
62,1187067055,311,858650,2021250,6679500,6749200,16308600,16409950,1209,6520750,3470900,3308900,0,2972,0,5,0
63,459140908,312,863100,3434100,6628300,5690900,16616400,16719050,991,6477650,3786200,2818600,0,3612,0,5,0
64,3369786495,313,858100,3312200,7583050,4862350,16615700,16720450,899,7418250,3730100,3579800,0,3612,0,5,0
65,1572434254,314,868600,2810850,6710000,6226200,16615650,16718350,1189,6556400,3426100,3270350,0,2972,0,5,0
66,4107798823,315,876250,3197600,7325450,5219650,16618950,16721300,972,7155200,3653650,3482100,0,3612,0,5,0
67,343968250,316,1361550,2508550,7434200,5437150,16741450,16839900,824,7261850,3679050,3504650,0,3612,0,5,0
68,3102454017,317,854750,2005450,6684900,6952350,16497450,16599400,1250,6522300,3469500,3306700,0,2972,0,5,0
69,3051095563,318,861350,3431900,7420500,4903900,16617650,16717400,914,7264200,3598000,3452950,0,3612,0,5,0
70,2391331016,319,866250,3279550,7523200,4945800,16614800,16718350,897,7352600,3638200,3478600,0,3612,0,5,0
71,3869016117,320,864400,2823300,6717550,6211800,16617050,16717650,1185,6561750,3438850,3285250,0,2972,0,5,0
72,1579800804,321,1524450,2525900,7329900,5237450,16617700,16721650,976,7158950,3659800,3494000,0,3612,0,5,0
73,2792341157,322,855400,2508700,7406550,5449650,16220300,16718950,910,7239100,3689550,3518600,0,3612,0,5,0
74,714702942,323,850850,1997150,6699900,7066300,16614200,16719150,1272,6532850,3476700,3315400,0,2972,0,5,0
75,1092538936,324,861550,3399250,7524450,4831050,16616300,16717100,900,7361650,3621050,3474900,0,3612,0,5,0
76,1561271239,325,858600,3321150,7772350,4671800,16623900,16723250,860,7609400,3785150,3606750,0,4252,0,5,0
77,3798074098,326,861350,2860900,6856050,6039300,16617600,16719450,1145,6696050,3587750,3419000,0,3612,0,5,0
78,3022639071,327,889300,3602450,7732400,3140850,15365000,16866650,550,7568750,3756600,3604800,0,4252,0,5,0
79,2282770062,328,857950,2529050,7399150,5687250,16473400,16571350,985,6401250,3616850,2697600,0,3932,0,5,0
80,1626512457,329,857600,2010700,7215450,6533250,16617000,16718200,1164,5819650,3640050,3477550,0,3292,0,5,0
81,3156888026,330,868850,3297350,7525150,4921250,16612600,16717500,919,7357750,3637500,3481450,0,3612,0,5,0
82,3038824309,331,865950,3303650,7376950,5074450,16621000,16720200,941,7214850,3631950,3453000,0,3612,0,5,0
83,1261846460,332,1495900,2058250,6741850,6321950,16617950,16719100,1202,6570400,3460750,3296200,0,2972,0,5,0
84,2035201521,333,874100,2508050,7383050,5410750,16175950,16719900,927,7224200,3673500,3510300,0,3612,0,5,0
85,2164446652,334,858750,3389100,6591000,5777100,16615950,16721250,1008,6439700,3736650,3562900,0,3612,0,5,0
86,2017191835,335,871350,2970600,6024900,6750950,16617800,16720050,1204,5875650,3744150,3581100,0,2972,0,5,0
87,3029138484,336,869300,3323300,7980650,4437900,16611150,16717000,587,7813150,4104700,3916200,0,3612,0,5,0
88,50355403,337,877950,3391500,7354850,4984050,16608350,16720350,923,7176400,3661400,3491150,0,3612,0,5,0
89,654213990,338,1398950,2051000,6749650,6592250,16791850,16892700,1171,6577250,3577800,3417400,0,2972,0,5,0
90,2360099787,339,867850,2510000,7391050,5672000,16440900,16547850,984,7229050,3693600,3519600,0,3612,0,5,0
91,2424818746,340,862650,3478250,7194900,5078400,16614200,16717600,961,6509750,2966800,2828150,0,3612,0,5,0
92,1971386461,341,861800,2874300,5954700,6926350,16617150,16722150,1130,5791250,3649850,3491000,0,2972,0,5,0
93,3386045126,342,873950,3308800,7384150,5042200,16609100,16716400,936,7221550,3636550,3459000,0,3612,0,5,0
94,1429641961,343,1495600,2537050,7332300,5251700,16616650,16720500,979,7155800,3658950,3490300,0,3612,0,5,0
95,3022846880,344,1339650,2037100,6702600,6533450,16612800,16714250,1131,6532350,3485550,3320600,0,2972,0,5,0
96,1601897261,345,863650,2491600,7387550,5871600,16614400,16721200,1025,6362300,3694350,3534150,0,3612,0,5,0
97,1229951528,346,868100,3356700,7482050,4908200,16615050,16719900,916,7313350,3609400,3458700,0,3612,0,5,0
98,4065171759,347,862650,2822350,5958300,6974100,16617400,16718350,1229,5800650,3662950,2650000,0,2972,0,5,0
99,1034325744,348,862700,3283100,7352400,5117000,16615200,16720350,952,7181300,3657550,3485100,0,3612,0,5,0
100,14078671,349,1427850,2525500,7578450,7911600,19443400,19547200,917,7405700,3799050,3624550,0,4252,0,5,0
101,4024270554,350,881400,6354650,7157150,16103400,30496600,30612550,2976,6983950,3670050,3520400,0,3612,0,5,0
102,896191351,351,862850,3352250,7706150,4694150,16615400,16717100,871,7538650,3748400,3591500,0,4252,0,5,0
103,2131384102,352,862500,3293100,7522050,4936600,16614250,16718400,916,7362550,3684450,3511100,0,3932,0,5,0
104,2586210593,353,870650,3132400,6747400,5863200,16613650,16719000,1106,6586000,3534950,3370600,0,3292,0,5,0
105,591918370,354,1340750,2507150,7414150,5352600,16614650,16718600,919,7238500,3656650,3488000,0,3612,0,5,0
106,8814317,355,865900,2489850,7408900,5856350,16621000,16723550,1023,6376450,3661000,3493450,0,3612,0,5,0
107,2340504196,356,871600,3093200,5896200,6752000,16613000,16717950,1209,5742800,3602000,3446150,0,2972,0,5,0
108,3523076009,357,890600,3522100,7412750,4022200,15847650,16718450,726,7240650,3661200,3494100,0,3612,0,5,0
109,1961669028,358,868900,3329350,7334600,5085300,16618150,16719550,944,7170900,3620000,3451900,0,3612,0,5,0
110,1037581603,359,1502050,2057400,6804850,6608150,16972450,17073850,1181,6635450,3471700,3304400,0,2972,0,5,0
111,2701024588,360,859300,2511400,7369950,5522950,16263600,16365000,953,7204250,3674600,3505550,0,3612,0,5,0
112,215037203,361,866600,3462300,6606250,5678100,16613250,16715950,985,6443200,3769350,3611000,0,3612,0,5,0
113,3696282862,362,866750,2897300,6016700,6837650,16618400,16723250,1221,5862800,3733400,3563650,0,2972,0,5,0
114,2829142928,363,878950,3282750,7430550,5020850,16613100,16718450,934,7274700,3596050,3423550,0,3612,0,5,0
115,3204762949,364,874850,3227900,7322100,5188850,16613700,16718550,968,7153400,3644850,3473000,0,3612,0,5,0
116,3297489190,365,1387600,2021600,7020550,6226250,16656000,16758650,1079,6854950,3859200,3697300,0,2972,0,5,0
117,1691704917,366,865800,2522850,9663600,3524950,16577200,16677950,629,9489700,3610950,3461900,0,3612,0,5,0
118,663957814,367,872300,3448950,7232700,5062050,16616000,16720000,947,7072850,3507950,3365800,0,3612,0,5,0
119,3058583827,368,866400,2817900,5917500,7014350,16616150,16719800,1234,5762900,3635900,3459350,0,2972,0,5,0
120,838545270,369,873400,3260550,7329300,5145150,16608400,16718050,956,7167950,3602150,3429850,0,3612,0,5,0
121,3608912039,370,1492950,2553600,7342050,5227750,16616350,16720100,974,7172300,3653250,3475700,0,3612,0,5,0
122,4080159716,371,861350,2035200,6675150,6630750,16202450,16720600,1152,6512300,3473600,3304400,0,2972,0,5,0
123,1056027075,372,862800,3412000,6556750,5778300,16609850,16718850,1007,6400950,3726650,3548350,0,3612,0,5,0
124,4057021248,373,867350,3369250,7674350,4701550,16612500,16719750,873,7503300,3724750,3575300,0,4252,0,5,0
125,2686741161,374,868050,2813500,6876800,6056700,16615050,16719500,1129,6719150,3530500,3379500,0,3612,0,5,0
126,3870849660,375,872150,3233250,7569000,4939300,16613700,16720350,913,7402900,3780250,3612500,0,4252,0,5,0
127,293449641,376,1397100,2540350,7488650,5321900,16748000,16848850,913,7322250,3744250,3564350,0,3932,0,5,0
128,596064266,377,861950,2036850,6789250,6797700,16485750,16588900,1128,6632550,3544850,3371450,0,3292,0,5,0
129,3715495249,378,864750,3493100,7317850,4940600,16616300,16719550,923,7168000,3561500,3422400,0,3612,0,5,0
130,244680018,379,878400,3299800,7498400,4936850,16613450,16718100,922,7333350,3633550,3477050,0,3612,0,5,0
131,4080661783,380,862950,2808900,6756350,6187300,16615500,16718100,1178,6605550,3462200,3310150,0,2972,0,5,0
132,4006730450,381,1661750,2515600,7326700,5114700,16618750,16721050,950,7159850,3668350,3498800,0,3612,0,5,0
133,3864584507,382,1330350,2508350,7412350,5363100,16614150,16717800,921,7245050,3685900,3515350,0,3612,0,5,0
134,2711027320,383,854500,2004100,6720050,7038850,16617500,16722750,1268,6553700,3490500,3317600,0,2972,0,5,0
135,4099079087,384,863500,3510700,7495600,4746600,16616400,16718900,883,7331000,3620850,3463350,0,3612,0,5,0
136,565333772,385,860650,3274450,7491000,4993500,16619600,16720650,927,7319050,3619150,3439950,0,3612,0,5,0
137,1028518269,386,862650,2782250,6649750,6319250,16613900,16717550,1208,6491250,3431100,3277900,0,2972,0,5,0
138,2252688136,387,894100,3719750,7442250,3386450,15442550,16980600,603,7278700,3599150,3452000,0,3612,0,5,0
139,578597309,388,865150,2505150,7389000,5596850,16356150,16457150,968,6408950,3694450,3527250,0,3612,0,5,0
140,3624439358,389,859500,1999250,6698650,7059900,16617300,16720950,1271,6552550,3496300,3334200,0,2972,0,5,0
141,3514067501,390,872600,3309900,8008450,4427500,16618450,16720100,811,7840500,3675950,3502700,0,3612,0,5,0
142,2741972910,391,866850,3263350,7230950,5253900,16615050,16715250,982,7058050,3451150,3270150,0,3612,0,5,0
143,28497579,392,1482050,2078000,6650700,6410650,16621400,16722750,1226,6484450,3456500,3303950,0,2972,0,5,0
144,466729326,393,1343650,2490500,7519900,5258000,16612050,16717450,891,7347700,3786350,3622900,0,3612,0,5,0
145,3425349295,394,861350,2499000,7397800,5852050,16610200,16716750,1020,6413400,3705200,3537800,0,3612,0,5,0
146,1537640620,395,861350,2983350,5925500,6846950,16617150,16721250,1228,5775450,3630100,3474100,0,2972,0,5,0
147,1853842891,396,871500,3314400,7653100,4775800,16614800,16721650,594,7485500,3748550,3571350,0,3612,0,5,0
148,1177024904,397,883550,3409200,7629800,4674800,16597350,16715550,857,7454750,3814700,3641050,0,4252,0,5,0
149,4106734849,398,1451300,2060850,6897850,6513400,16923400,17022400,1160,6730100,3615200,3448850,0,3612,0,5,0
150,2025356500,399,866850,2490800,7639850,5315900,16313400,16416750,878,7481400,3831250,3661350,0,4252,0,5,0
151,2189605121,400,863550,3477100,7296400,4978250,16615300,16720300,939,6623050,3044550,2905200,0,3932,0,5,0
152,4086136290,401,864300,2889750,5871050,6991500,16616600,16719950,1259,5709100,3552750,2520000,0,3292,0,5,0
153,4036669705,402,870300,3288700,7409300,5052000,16620300,16720850,852,7249950,3618500,3444650,0,3612,0,5,0
154,4167980074,403,861700,3268600,7318550,5166250,16615100,16718100,962,7147000,3665100,3492750,0,3612,0,5,0
155,51187407,404,1364700,2033100,6692500,6528650,16618950,16719400,1164,6524800,3476400,3318000,0,2972,0,5,0
156,2242638442,405,864400,2493150,7380750,5879350,16617650,16719450,988,7220700,3680200,3517700,0,3612,0,5,0
157,2730108163,406,863000,3398350,7434800,4920800,16616950,16716500,919,7273550,3597200,3452200,0,3612,0,5,0
158,2718743917,407,868900,2811700,5960650,6979850,16621100,16719350,1255,5798750,3656950,3491950,0,2972,0,5,0
159,3391709842,408,865350,3292750,7168450,5292350,16618900,16720850,988,6996200,3458550,3286950,0,3612,0,5,0
160,1164604273,409,1627600,2540500,7348050,5487600,17003750,17105800,947,7176250,3679050,3514400,0,3612,0,5,0
161,2148591176,410,860500,2040200,13951250,16098850,32950800,33051500,2980,13771500,6154650,5961650,0,2972,0,5,0
162,4192737573,411,885500,3566450,7477000,4692600,16621550,16722600,872,7313250,3624000,3476850,0,3612,0,5,0
163,535584840,412,878450,3352500,7428800,4955850,16615600,16718050,920,7267900,3622650,3452550,0,3612,0,5,0
164,3430794475,413,886000,2763750,6624950,6343700,16618400,16720500,1212,6464050,3435800,3286250,0,2972,0,5,0
165,776323552,414,1413500,2552000,7862600,4848500,16676600,16779950,817,7703000,3741750,3557900,0,3612,0,5,0
166,3330991427,415,859900,2508200,7369150,5815550,16552800,16656050,1014,7210950,3678200,3512350,0,3612,0,5,0
167,3282074430,416,869150,2867100,5691650,7190500,16618400,16720600,1300,5540700,3391650,2454750,0,2972,0,5,0
168,2597814595,417,879500,3327200,7608750,4799100,16614550,16720500,888,7446350,3636150,3468150,0,3612,0,5,0
169,2225601370,418,872950,3301550,7346000,5092850,16613350,16714050,945,7179000,3630350,3459750,0,3612,0,5,0
170,3716853465,419,1510250,2065950,6620650,6427900,16624750,16722650,1223,6454750,3441300,3278400,0,2972,0,5,0
171,1080675697,420,877650,9174100,12364800,10485150,32901700,33439950,1901,12193500,4489300,4314000,0,7272,0,5,0
172,219920238,421,864500,8840350,12351350,11279450,33335650,33437700,2032,12185050,4494800,4324300,0,7312,0,5,0
173,3070385651,422,864500,2840150,6731000,6182150,16617800,16720350,1179,6574350,3452850,3296450,0,3012,0,5,0
174,2609556270,423,1405600,2524150,7390900,5455350,16776000,16876800,940,7230550,3688900,3515900,0,3612,0,5,0
175,141401383,424,860000,2512800,9850650,3231750,16455200,16556800,544,9672900,6127900,5942600,0,3612,0,5,0
176,3034105280,425,872200,2016900,6691400,7039100,16619600,16720650,1268,5669200,3502800,3335050,0,2972,0,5,0
177,3029196371,426,865600,3309400,7532150,4916300,16623450,16720650,917,7365100,3629250,3474550,0,3612,0,5,0
178,699378668,427,857850,3298100,7376350,5086700,16619000,16720900,919,7215650,3639950,3468400,0,3612,0,5,0
179,2402609405,428,1505300,2074400,6643350,6389100,16612150,16716850,1221,6477650,3467600,3315350,0,2972,0,5,0
CSV_END

NV_DONE_0d93e2b10a7d=0
# 
CAPTURE: {"label": "reconfigured-mailbox-r0-s0-retained", "elapsed_seconds": 14.61244755000007, "bytes_received": 21164, "command": "/tmp/fifo-bench --frames 180 --warmup 30 --wait spin --state-frame 0 --retained --csv /tmp/reconfigured-case.csv --dump /tmp/reconfigured-frame.rgb565; fifo_rc=$?; if [ \"$fifo_rc\" = 0 ]; then printf \"\\nCSV_BEGIN\\n\"; cat /tmp/reconfigured-case.csv; printf \"CSV_END\\n\"; fi; test \"$fifo_rc\" = 0", "command_exit": 0, "login_sent": false, "log": "/path/to/research/experiments/fifo-study-20261008/20261008T122922Z-reconfigured-mailbox-r0-s0-retained.raw"}
