/tmp/fifo-bench --frames 180 --warmup 30 --wait spin --state-frame 0 --csv /tmp/reconfigured-case.csv --dump /tmp/reconfigured-frame.rgb565; fifo_rc=$?; if [ "$fifo_rc" = 0 ]; then printf "\nCSV_BEGIN\n"; cat /tmp/reconfigured-case.csv; printf "CSV_END\n"; fi; test "$fifo_rc" = 0; nv_status=$?; printf "\nNV_DONE_bb9a3425beea=%s\n" "$nv_status"
BEGIN_BREAKOUT frames=180 warmup=30 fixed=0 blocks=40 tiles=1 hud=1 wait=spin replay=0 state_frame=0 profile=detailed pixel_centers=1 clock_call_ns=5361
HW_COUNTERS id=46490001 words=1392820 wait_cycles=15791699 longest_wait_cycles=4622 total_cycles=300942567 cpu_hz=20000000
RESULT frames=180 elapsed_s=15.047012950 fps=11.962507 logic_ms=1.056530 api_ms=22.708480 swap_ms=46.652126 wait_ms=13.042754 worker_inclusive_ms=46.428032 upload_inclusive_ms=12.144529 write_ms=11.877892 bytes_per_frame=30951.56 p50_ms=83.596250 p95_ms=83.772750 max_ms=83.994550 late_60hz=180 first_count=35 last_count=214 state_hash=8f34e8fd remaining=38 score=20
RENDER_PATH retained=0 grouped=0 quads=13131 full_frames=180
FRAME_CHECK count=214 address=9fe00000 fnv1a=79c99b23 pixels=307200 mismatches=0
BREAKOUT_PASS

CSV_BEGIN
frame,state_hash,display_count,logic_ns,api_ns,swap_ns,wait_ns,total_ns,completion_interval_ns,polls,worker_inclusive_ns,upload_inclusive_ns,write_ns,read_ns,write_bytes,read_bytes,write_calls,read_calls
0,3724779174,35,1391500,21883400,46570850,13396000,83241750,83251450,2446,46379850,12066600,11846150,0,31172,0,5,0
1,1709657109,36,1575950,22148400,46914500,12860650,83499500,83598850,2338,46728550,12145400,11921650,0,31172,0,5,0
2,1894904752,37,923700,25384200,45889700,11296750,83494350,83595300,2013,45699400,12046400,11815450,0,31172,0,5,0
3,3703759967,38,857100,22911850,46445250,13280650,83494850,83597450,2428,46260250,11883200,11660400,0,31172,0,5,0
4,19533624,39,878850,23168500,45581400,13857950,83486700,83593950,2424,45398450,12103950,11880400,0,31172,0,5,0
5,816884773,40,854200,22729900,46194850,13714250,83493200,83596300,2423,46008250,12107650,11884950,0,31172,0,5,0
6,1339236364,41,916650,23091850,46921000,11870200,82799700,83599050,2141,46736900,12057450,11835000,0,31172,0,5,0
7,3072959373,42,866300,22000950,46704800,14080500,83652550,83754500,2477,46514800,12099650,11879750,0,31172,0,5,0
8,1782884746,43,904350,24503350,45850650,12077650,83336000,83437600,2167,45667300,12115650,11885550,0,31172,0,5,0
9,30296781,44,852850,22113000,46580900,13237300,82784050,83597750,2383,46393150,12148650,11926300,0,31492,0,5,0
10,4026418858,45,1439600,21785050,46510350,13760150,83495150,83597600,1337,46325850,12011100,11272850,0,31492,0,5,0
11,2084929051,46,2455750,22058450,47182550,11787250,83484000,83592950,2115,46997050,12266900,12045950,0,31492,0,5,0
12,3114489770,47,889900,22539950,46257400,13808900,83496150,83595750,2516,45537050,12087050,11862500,0,31172,0,5,0
13,891400471,48,861050,22726250,45896400,14011600,83495300,83598100,2422,45711400,12097050,11865300,0,31172,0,5,0
14,3472773456,49,870900,22897300,48059900,11666450,83494550,83595400,2093,47870600,12207800,11977900,0,31172,0,5,0
15,3010688243,50,865500,22766150,46070650,13798200,83500500,83599600,2441,45884250,12096050,11870150,0,31172,0,5,0
16,2819524756,51,876400,22860850,46168750,13586450,83492450,83591800,2401,45976250,12200100,11970450,0,31172,0,5,0
17,3241678401,52,853650,22034750,46714700,13989350,83592450,83691200,2453,46521500,12082500,11862700,0,31172,0,5,0
18,2154316504,53,891950,21935750,46556850,14021400,83405950,83505950,2512,46367500,12101800,11885200,0,31172,0,5,0
19,772262681,54,855900,22112800,46659900,13348950,82977550,83592900,2430,46472100,12171450,11953750,0,31172,0,5,0
20,3882818750,55,1433200,21767950,48262800,12036900,83500850,83599450,2164,48073050,12078050,11844800,0,31172,0,5,0
21,521131153,56,1475800,22174400,47101700,12742900,83494800,83595400,2313,46914300,12014000,11799650,0,31172,0,5,0
22,1838187414,57,883850,22592450,45672000,14344750,83493050,83593850,2524,45484950,12072450,11845050,0,31172,0,5,0
23,840574439,58,862050,29935750,46184400,6512950,83495150,83596900,1041,46001850,12096400,11855850,0,31172,0,5,0
24,2879461878,59,890150,22966100,46099150,13538450,83493850,83596200,2381,45910400,12187300,11963500,0,31172,0,5,0
25,202086035,60,855200,22890850,46227150,13526600,83499800,83598750,2385,46040000,12109950,11881150,0,31172,0,5,0
26,959703924,61,878050,22891150,48791800,10931450,83492450,83595150,1948,48604950,12090600,11881200,0,31172,0,5,0
27,3795724423,62,881700,22046850,46720050,13957100,83605700,83706750,2450,46527450,12069200,11848200,0,31172,0,5,0
28,2500539904,63,880950,21947500,46461050,14092400,83381900,83485200,2500,46275650,12134250,11924900,0,31172,0,5,0
29,2269000541,64,1322400,22202200,46530450,13441650,83496700,83596650,2454,46345600,12209750,11990000,0,31172,0,5,0
30,1900681108,65,1475050,21825600,46427700,13773350,83501700,83600450,2527,46241300,11941350,11193500,0,31172,0,5,0
31,3680168245,66,1575350,22018150,49845000,10054950,83493450,83593400,1855,49660750,12591700,12342650,0,31172,0,5,0
32,2344329490,67,879800,22770550,48038000,11811650,83500000,83598650,2094,47848600,14484600,14253900,0,31172,0,5,0
33,2130650181,68,856550,22746750,46790550,13100650,83494500,83592900,2313,46600150,11940200,11708700,0,31492,0,5,0
34,906966818,69,883650,22785750,46246950,13581200,83497550,83600400,2393,46061250,12313150,12089400,0,31492,0,5,0
35,3939376531,70,850200,22835150,54077050,5729200,83491600,83594950,941,53886250,12208250,11949950,0,31492,0,5,0
36,2110688546,71,914150,22888150,47103400,11888800,82794500,83597300,2147,46910700,11927550,11711050,0,31172,0,5,0
37,2695523007,72,866750,22198050,46689350,13881450,83635600,83735500,2435,46493300,12078550,11858350,0,31172,0,5,0
38,744447992,73,881800,21947650,47017150,13510450,83357050,83459350,2136,46827350,12482950,12268750,0,31172,0,5,0
39,3728640411,74,1361800,22278450,46411700,13433250,83485200,83594600,2452,46224150,12185100,11965900,0,31172,0,5,0
40,618879740,75,1455350,21772500,46520300,13748350,83496500,83595150,2495,46333750,12069400,11849250,0,31172,0,5,0
41,1239708057,76,1466600,21938400,46991700,13095400,83492100,83594200,2378,46798750,12020750,11828750,0,31172,0,5,0
42,2429742208,77,879350,22822250,46255950,13545650,83503200,83599950,2486,45438800,12094250,11865500,0,31172,0,5,0
43,412095716,78,855200,22747000,46022700,13869850,83494750,83594900,2375,45839000,12100050,11862850,0,31172,0,5,0
44,1226741467,79,884550,22830150,45968400,13815600,83498700,83598550,2122,45786250,12256400,12035000,0,31172,0,5,0
45,3288446148,80,876100,22829650,45899200,13878600,83483550,83592200,2428,45710800,12088900,11866900,0,31172,0,5,0
46,1157984843,81,883150,21958050,46918600,13736650,83496450,83598150,2429,46026350,12064000,11836500,0,31172,0,5,0
47,3877288378,82,854450,22196800,53979700,6652650,83683600,83782400,1162,53791300,12173650,11056150,0,31172,0,5,0
48,4236526315,83,887850,21909600,46875350,13640000,83312800,83411700,2473,46689500,12384600,12169800,0,31172,0,5,0
49,533834014,84,1315450,22217350,46623500,13341550,83497850,83594950,2430,46436150,12053000,11833200,0,31172,0,5,0
50,1649361089,85,1431650,21976750,46426900,13665200,83500500,83599050,2473,46241200,11956850,11227750,0,31172,0,5,0
51,2486981906,86,851250,25093750,45959800,11587900,83492700,83594750,2071,45772850,12080950,11846750,0,31172,0,5,0
52,1706075277,87,879650,22835750,45573400,14206800,83495600,83594500,2512,45384350,12056650,11831650,0,31172,0,5,0
53,267972368,88,851450,22717300,46995250,12935200,83499200,83597950,2345,46802200,12983300,12741800,0,31172,0,5,0
54,3895401273,89,877700,22834750,46011250,13776500,83500200,83597300,2435,45824800,12126200,11905300,0,31172,0,5,0
55,605985656,90,853100,22934250,45972700,13737950,83498000,83596850,2400,45780750,12106450,11878800,0,31172,0,5,0
56,4077673024,91,935000,21926500,46706400,13929150,83497050,83597250,2470,45529300,12030950,11808700,0,30852,0,5,0
57,985632231,92,903050,24505500,45702550,12609500,83720600,83819750,2196,45517400,12202250,11955000,0,30852,0,5,0
58,3720590956,93,920850,21843900,46790750,13716000,83271500,83371900,2510,46604700,12390450,12172050,0,30852,0,5,0
59,3264032585,94,1481950,21981450,46384200,13655800,83503400,83600450,1317,46191000,11997200,11778350,0,30852,0,5,0
60,395405688,95,2416900,22049350,45965150,13053850,83485250,83593600,2346,45048750,11927600,11706800,0,30852,0,5,0
61,32142420,96,889700,22817350,46455900,13328400,83491350,83593400,2436,46268500,11861950,11105450,0,30852,0,5,0
62,1187067055,97,914100,22842100,45547050,14195300,83498550,83596900,2514,45363950,12153250,11927300,0,30852,0,5,0
63,459140908,98,902250,22787250,48483100,11326050,83498650,83597800,2000,48285800,12393250,12148500,0,30852,0,5,0
64,3369786495,99,935550,22687850,45552950,14318850,83495200,83595550,2547,45364950,11996500,11774950,0,30852,0,5,0
65,1572434254,100,896200,22988550,45696100,13913900,83494750,83597250,2426,45508800,12004700,11776600,0,30852,0,5,0
66,4107798823,101,949400,23169300,45872900,12793450,82785050,83595400,2235,45687200,12022900,11789650,0,30852,0,5,0
67,343968250,102,892750,22148200,46361650,14351400,83754000,83856350,2555,46172350,12169550,11947500,0,30852,0,5,0
68,3102454017,103,934150,21858500,46748850,13696600,83238100,83338350,2477,46565600,12371550,12151650,0,30852,0,5,0
69,3051095563,104,1376950,21967050,48557100,11590850,83491950,83594000,2071,48369600,12022550,11775800,0,30852,0,5,0
70,2391331016,105,1535850,22070700,45890600,14002200,83499350,83599600,2573,45710850,11992850,11778450,0,30852,0,5,0
71,3869016117,106,890600,22923150,46393300,13286650,83493700,83594100,2430,46211050,11862350,11131600,0,30852,0,5,0
72,1579800804,107,917150,30008300,45858050,6716550,83500050,83598750,1165,45675800,11880100,11080800,0,30852,0,5,0
73,2792341157,108,895200,22830800,46036800,13731300,83494100,83593300,2396,45851400,12390800,12143050,0,30852,0,5,0
74,714702942,109,913800,22770450,45707750,14107400,83499400,83597700,2502,45519150,12013050,11791350,0,30852,0,5,0
75,1092538936,110,886250,23042750,48660950,10907300,83497250,83595650,1940,48466750,12148900,11928300,0,30852,0,5,0
76,1561271239,111,923750,23184350,45850550,13536850,83495500,83594250,2390,45667400,12074650,11860000,0,31172,0,5,0
77,3798074098,112,894250,22144750,46591900,14163950,83794850,83893550,2508,46401750,12078350,11859150,0,31172,0,5,0
78,3022639071,113,914250,21829550,46859750,13601550,83205100,83301750,2458,46674050,12109700,11890300,0,31172,0,5,0
79,2282770062,114,1361100,21923000,48457600,11753000,83494700,83596950,2107,48266000,12000000,11767300,0,30852,0,5,0
80,1626512457,115,1533450,22041700,45949300,13973500,83497950,83596600,2570,45766600,11999950,11784900,0,30852,0,5,0
81,3156888026,116,891050,22894350,47993450,11718450,83497300,83597750,2102,47807250,12056850,11828350,0,30852,0,5,0
82,3038824309,117,913050,22805700,45426350,14350150,83495250,83595750,2552,45240100,12019050,11799300,0,30852,0,5,0
83,1261846460,118,894200,22843550,46627750,13129550,83495050,83595100,2377,45915150,12031000,11793350,0,30852,0,5,0
84,2035201521,119,938300,22731800,53247150,6577900,83495150,83596500,1145,53059900,12022850,11788200,0,30852,0,5,0
85,2164446652,120,903450,22934200,45728650,13928750,83495050,83597600,2462,45534150,12140800,11918700,0,30852,0,5,0
86,2017191835,121,925050,22922450,45659500,14031700,83538700,83638800,2468,45473450,12034400,11813600,0,30852,0,5,0
87,3029138484,122,906600,22000250,47814700,13053100,83774650,83876400,2241,47621700,13353900,13134800,0,30852,0,5,0
88,50355403,123,947250,22001100,46562950,13661100,83172400,83273800,2472,46377850,11979950,11763250,0,30852,0,5,0
89,654213990,124,1392650,21865700,46250550,13983900,83492800,83595850,2565,46059600,12035100,11811500,0,30852,0,5,0
90,2360099787,125,1547550,22000100,45732150,14220100,83499900,83598150,2617,45550900,12671000,12437650,0,30852,0,5,0
91,2424818746,126,891000,22948100,46207300,13446850,83493250,83594900,2437,46021250,11921650,11709150,0,30852,0,5,0
92,1971386461,127,922850,22615500,45669600,14285000,83492950,83594900,2539,45478400,12007700,11789050,0,30852,0,5,0
93,3386045126,128,893100,22880200,46024950,13701550,83499800,83600250,2073,45834750,11993250,11748050,0,30852,0,5,0
94,1429641961,129,943800,22774150,45589950,14176150,83484050,83593850,2518,45403250,12008500,11778950,0,30852,0,5,0
95,3022846880,130,889500,22985750,45673600,13942900,83491750,83595800,2468,45485200,12146200,11923300,0,30852,0,5,0
96,1601897261,131,967900,23192200,53491800,5133850,82785750,83595250,819,53290500,12148950,11911300,0,30852,0,5,0
97,1229951528,132,904150,21928550,46506650,14524500,83863850,83969050,2591,46315350,12049150,11833450,0,30852,0,5,0
98,4065171759,133,914350,21987450,46548800,13671200,83121800,83224200,2496,46362400,12107650,11891850,0,30852,0,5,0
99,1034325744,134,1431000,21888000,46394700,13778000,83491700,83596000,2523,46203800,11986750,11789950,0,30852,0,5,0
100,14078671,135,1575150,24633800,45978950,11311300,83499200,83599600,2016,45787550,12100250,11872600,0,31172,0,5,0
101,4024270554,136,893150,23039700,46189850,13367850,83490550,83593600,2416,46007300,12019050,11794450,0,31172,0,5,0
102,896191351,137,918150,22662700,45814350,14100300,83495500,83595750,2495,45628350,12079100,11853950,0,31172,0,5,0
103,2131384102,138,893600,22883800,46702600,13020250,83500250,83600700,2377,45971700,12083550,11828200,0,30852,0,5,0
104,2586210593,139,919300,22805500,45883800,13881950,83490550,83591900,2457,45699250,12036000,11814250,0,30852,0,5,0
105,591918370,140,888350,23030350,45605300,13971500,83495500,83596250,2477,45419950,11997700,11776050,0,30852,0,5,0
106,8814317,141,913900,24961750,45852500,11768350,83496500,83598850,2095,45666000,11810000,11591600,0,30852,0,5,0
107,2340504196,142,885900,21991250,46510750,14503050,83890950,83994550,2587,46318750,12028850,11808600,0,30852,0,5,0
108,3523076009,143,913400,21993600,46560700,13636850,83104550,83204000,1303,46375150,12129850,11909100,0,30852,0,5,0
109,1961669028,144,2377750,22626550,45461950,13017700,83483950,83592050,2364,45273650,11979300,11745050,0,30852,0,5,0
110,1037581603,145,1688750,21688050,45236700,14880550,83494050,83594600,2651,45053800,12034250,11791100,0,30852,0,5,0
111,2701024588,146,890250,23063100,45807750,13734700,83495800,83596100,2491,45624400,11818100,11586850,0,30852,0,5,0
112,215037203,147,920800,22641200,48085400,11846950,83494350,83596550,2128,47891450,12020800,11785250,0,30852,0,5,0
113,3696282862,148,904200,22815850,46073000,13703650,83496700,83596700,2417,45887400,12194300,11951050,0,30852,0,5,0
114,2829142928,149,925550,22713200,45758400,14100250,83497400,83596250,2477,45569650,12016500,11795150,0,30852,0,5,0
115,3204762949,150,892500,22722500,45817950,14062150,83495100,83597300,2434,45626700,12064450,11848950,0,30852,0,5,0
116,3297489190,151,926100,22032850,46287200,14271500,83517650,83618100,2511,46103400,12046600,11828750,0,30852,0,5,0
117,1691704917,152,883200,22005350,46413600,14172550,83474700,83575000,2600,46224350,12058150,11841000,0,30852,0,5,0
118,663957814,153,926500,22047550,48237200,11877050,83088300,83597500,2129,48054600,12220000,11991450,0,30852,0,5,0
119,3058583827,154,1433300,21916800,46411950,13731450,83493500,83595400,2490,46217950,11976200,11782150,0,30852,0,5,0
120,838545270,155,1596900,21765250,45294800,14837350,83494300,83596200,2589,45111400,12040300,11812600,0,30852,0,5,0
121,3608912039,156,886750,29847700,45766100,6995900,83496450,83597250,1222,45584600,12172200,11927450,0,30852,0,5,0
122,4080159716,157,920000,22749700,45538550,14284050,83492300,83594250,2532,45352800,12030950,11809200,0,30852,0,5,0
123,1056027075,158,890500,22874200,46130700,13599650,83495050,83599650,2395,45939500,12126650,11881300,0,30852,0,5,0
124,4057021248,159,911250,22783150,47985650,11811600,83491650,83593450,2098,47805950,11923900,11211350,0,31172,0,5,0
125,2686741161,160,901050,22807900,45886200,13897200,83492350,83598250,2372,45695800,12124450,11905700,0,31172,0,5,0
126,3870849660,161,949500,23124600,45706200,13066800,82847100,83658600,2285,45510650,12204250,11969850,0,31172,0,5,0
127,293449641,162,892350,21991200,49172800,11375950,83432300,83535150,2130,48470400,12057350,11795150,0,30852,0,5,0
128,596064266,163,924300,22062400,46824400,13250500,83061600,83596000,2414,46635750,12008050,11796050,0,30852,0,5,0
129,3715495249,164,1444850,21924600,46151550,13973800,83494800,83596750,2543,45961400,11980250,11765350,0,30852,0,5,0
130,244680018,165,1588200,21694950,47995800,12213350,83492300,83595750,2118,47805400,14427950,12154500,0,30852,0,5,0
131,4080661783,166,912250,22747600,46091000,13744400,83495250,83597250,2532,45343600,12114550,11882100,0,30852,0,5,0
132,4006730450,167,921050,22586500,45716550,14271350,83495450,83596600,2535,45530050,12028650,11810350,0,30852,0,5,0
133,3864584507,168,890750,22838550,53672100,6092800,83494200,83594550,1040,53490550,12092000,11852950,0,30852,0,5,0
134,2711027320,169,915250,22878300,45700500,14001750,83495800,83598500,2453,45508850,12016850,11774000,0,30852,0,5,0
135,4099079087,170,893650,22651700,45756250,14191700,83493300,83594750,2442,45570300,12068000,11847050,0,30852,0,5,0
136,565333772,171,916750,22093000,46933150,13658500,83601400,83702750,2148,46747600,12664450,12443400,0,30852,0,5,0
137,1028518269,172,918300,21961500,46535950,13966900,83382650,83491100,2558,46334200,12023000,11806650,0,30852,0,5,0
138,2252688136,173,924850,21835550,46857250,13321850,82939500,83593500,2431,46667800,11995200,11775850,0,30852,0,5,0
139,578597309,174,1456150,21961050,46243450,13835600,83496250,83596500,2513,46048050,11958950,11739500,0,30852,0,5,0
140,3624439358,175,1568100,21711700,46161700,14056800,83498300,83599600,2499,45973600,11836500,11610100,0,30852,0,5,0
141,3514067501,176,902500,22799100,46117550,13671850,83491000,83592550,2507,45928150,12660550,12406600,0,30852,0,5,0
142,2741972910,177,916700,22689550,45543350,14353150,83502750,83603150,2220,45352550,12031900,11811450,0,30852,0,5,0
143,28497579,178,915400,22677300,46320400,13569800,83482900,83593350,2391,46133200,11972750,11728700,0,30852,0,5,0
144,466729326,179,918600,22887900,45705550,13982000,83494050,83594300,2450,45517850,12011900,11789100,0,30852,0,5,0
145,3425349295,180,890900,22689200,53782100,6135500,83497700,83599050,1054,53584600,12483100,12248750,0,30852,0,5,0
146,1537640620,181,921050,22069100,46205900,14431650,83627700,83727100,2575,46015650,12170300,11945200,0,30852,0,5,0
147,1853842891,182,889800,22019050,46472850,13982500,83364200,83463200,2540,46277800,12008050,11790450,0,30852,0,5,0
148,1177024904,183,1395800,21909200,46847450,13341650,83494100,83597700,2432,46658700,12056000,11840550,0,31172,0,5,0
149,4106734849,184,1452550,24476300,45638850,11929200,83496900,83597200,2136,45446250,12176100,11931650,0,31172,0,5,0
150,2025356500,185,1558750,21846800,46368100,13721700,83495350,83596250,2493,46182750,12919500,12683150,0,31172,0,5,0
151,2189605121,186,896100,22821250,45525450,14255450,83498250,83596500,2528,45331500,12142300,11902550,0,30852,0,5,0
152,4086136290,187,913000,22664850,45768350,14147600,83493800,83592550,2483,45580250,12031700,11805850,0,30852,0,5,0
153,4036669705,188,882850,22655900,46241100,13719150,83499000,83598950,2426,46046600,12010250,11771050,0,30852,0,5,0
154,4167980074,189,916800,22978900,45823250,13778100,83497050,83597300,2435,45633350,12127550,11906950,0,30852,0,5,0
155,51187407,190,893200,24374700,46572600,11654850,83495350,83596500,2099,46380900,12931400,11958600,0,30852,0,5,0
156,2242638442,191,928300,22063700,46336850,14344750,83673600,83772750,2553,46147700,12045350,11829500,0,30852,0,5,0
157,2730108163,192,890150,21931750,46534000,13968500,83324400,83425350,1361,46341400,12012700,11793650,0,30852,0,5,0
158,2718743917,193,2367600,23173550,45630800,12315100,83487050,83591900,2219,45435300,12005950,11773950,0,30852,0,5,0
159,3391709842,194,1466850,21999600,46337400,13691550,83495400,83594000,2510,46145600,12105750,11889700,0,30852,0,5,0
160,1164604273,195,1568050,21831500,46346400,13750850,83496800,83595950,2523,46159050,12917450,12680650,0,30852,0,5,0
161,2148591176,196,893150,22843150,48315900,11445850,83498050,83595150,2047,48124400,12016450,11786650,0,30852,0,5,0
162,4192737573,197,913550,22802050,45631800,14151050,83498450,83599500,2481,45448550,12025600,11801800,0,30852,0,5,0
163,535584840,198,905300,23053050,45820450,13715200,83494000,83594050,2422,45635950,12050850,11815100,0,30852,0,5,0
164,3430794475,199,922850,22908350,45804100,13865550,83500850,83599750,2455,45615350,12139750,11920550,0,30852,0,5,0
165,776323552,200,892600,21999950,46830650,13770950,83494150,83592850,2407,45934250,12414450,12176900,0,30852,0,5,0
166,3330991427,201,919500,21944450,46488850,14354100,83706900,83804950,2556,46299300,12044400,11831800,0,30852,0,5,0
167,3282074430,202,892300,22170050,48198050,12032000,83292400,83390450,2130,48007450,12081750,11842250,0,30852,0,5,0
168,2597814595,203,1383650,22241850,46446150,13422450,83494100,83596050,2450,46261100,11994300,11781250,0,30852,0,5,0
169,2225601370,204,1497150,22073300,45843600,14082100,83496150,83594900,2592,45654550,12001000,11776400,0,30852,0,5,0
170,3716853465,205,1550050,29884350,46124450,5941050,83499900,83598400,1079,45941050,11661150,11445250,0,30852,0,5,0
171,1080675697,206,913550,22360700,45485550,14735700,83495500,83595250,2626,45290450,11962500,11726300,0,30212,0,5,0
172,219920238,207,911800,22652600,45190100,14741700,83496200,83594400,2600,44987800,11912950,11686100,0,30212,0,5,0
173,3070385651,208,883650,22953400,47867350,11793900,83498300,83598550,2121,47677700,11866950,11639900,0,30212,0,5,0
174,2609556270,209,919950,22819550,45118500,14637900,83495900,83594850,2613,44917600,12049700,11833600,0,30212,0,5,0
175,141401383,210,883400,24380400,45615350,12621900,83501050,83599150,2168,45425700,12266650,12007800,0,30212,0,5,0
176,3034105280,211,916400,21607700,45905100,15320950,83750150,83849000,2758,45720900,11863050,11644350,0,30212,0,5,0
177,3029196371,212,882600,21882750,45458550,15020450,83244350,83342650,2778,45265900,11805200,11589250,0,30212,0,5,0
178,699378668,213,1392750,21907550,45518200,14679350,83497850,83597850,2711,45337950,11703000,11488700,0,30212,0,5,0
179,2402609405,214,1499100,21797600,47135950,13062400,83495050,83594600,2376,46948200,13990300,13760550,0,30212,0,5,0
CSV_END

NV_DONE_bb9a3425beea=0
# 
CAPTURE: {"label": "reconfigured-mailbox-r0-s0-full", "elapsed_seconds": 29.01275693399998, "bytes_received": 22450, "command": "/tmp/fifo-bench --frames 180 --warmup 30 --wait spin --state-frame 0 --csv /tmp/reconfigured-case.csv --dump /tmp/reconfigured-frame.rgb565; fifo_rc=$?; if [ \"$fifo_rc\" = 0 ]; then printf \"\\nCSV_BEGIN\\n\"; cat /tmp/reconfigured-case.csv; printf \"CSV_END\\n\"; fi; test \"$fifo_rc\" = 0", "command_exit": 0, "login_sent": false, "log": "/path/to/research/experiments/fifo-study-20261008/20261008T122853Z-reconfigured-mailbox-r0-s0-full.raw"}
