/tmp/fifo-bench --frames 180 --warmup 30 --wait spin --state-frame 0 --csv /tmp/reconfigured-case.csv; fifo_rc=$?; if [ "$fifo_rc" = 0 ]; then printf "\nCSV_BEGIN\n"; cat /tmp/reconfigured-case.csv; printf "CSV_END\n"; fi; test "$fifo_rc" = 0; nv_status=$?; printf "\nNV_DONE_b3ae623481cd=%s\n" "$nv_status"
BEGIN_BREAKOUT frames=180 warmup=30 fixed=0 blocks=40 tiles=1 hud=1 wait=spin replay=0 state_frame=0 profile=detailed pixel_centers=1 clock_call_ns=6280
HW_COUNTERS id=46490001 words=1392820 wait_cycles=15807356 longest_wait_cycles=4602 total_cycles=300942557 cpu_hz=20000000
RESULT frames=180 elapsed_s=15.047013100 fps=11.962507 logic_ms=0.967649 api_ms=21.987054 swap_ms=46.445899 wait_ms=14.058574 worker_inclusive_ms=46.203284 upload_inclusive_ms=12.223338 write_ms=11.931089 bytes_per_frame=30951.56 p50_ms=83.596250 p95_ms=83.836300 max_ms=84.231450 late_60hz=180 first_count=677 last_count=856 state_hash=8f34e8fd remaining=38 score=20
RENDER_PATH retained=0 grouped=0 quads=13131 full_frames=180
BREAKOUT_PASS

CSV_BEGIN
frame,state_hash,display_count,logic_ns,api_ns,swap_ns,wait_ns,total_ns,completion_interval_ns,polls,worker_inclusive_ns,upload_inclusive_ns,write_ns,read_ns,write_bytes,read_bytes,write_calls,read_calls
0,3724779174,677,1570750,21060200,45742450,14867050,83240450,83252850,2664,45563450,12140650,11888750,0,31172,0,5,0
1,1709657109,678,879000,21996400,47351800,13266900,83494100,83593450,2398,47175000,14150050,13870650,0,31172,0,5,0
2,1894904752,679,857950,22238900,45544600,14855000,83496450,83596600,2661,45374250,12132150,11904350,0,31172,0,5,0
3,3703759967,680,808500,21293350,46171950,15225900,83499700,83599100,2743,45289700,12255400,12010050,0,31172,0,5,0
4,19533624,681,838450,28867900,46605850,7183250,83495450,83595800,1248,46433100,12103450,11880850,0,31172,0,5,0
5,816884773,682,824750,21507600,46169300,14990650,83492300,83595900,2698,45993400,12077800,11860100,0,31172,0,5,0
6,1339236364,683,874000,22517500,45567750,14071900,83031150,83838850,2483,45393150,12114650,11864050,0,31172,0,5,0
7,3072959373,684,808250,21754400,46162150,14530350,83255150,83358700,2307,45988500,12106450,11885100,0,31172,0,5,0
8,1782884746,685,1336350,21709250,49921850,10522600,83490050,83593550,1955,49750700,12762450,11651700,0,31172,0,5,0
9,30296781,686,1404650,21394850,48005200,12690150,83494850,83594050,2162,47834400,14255100,13972850,0,31492,0,5,0
10,4026418858,687,850900,21902200,45641950,15101500,83496550,83596450,2713,45469800,12166850,11922050,0,31492,0,5,0
11,2084929051,688,803300,22245100,45624400,14826050,83498850,83598150,2624,45448500,12178800,11941050,0,31492,0,5,0
12,3114489770,689,830050,22514900,45496900,14654600,83496450,83596550,2624,45321500,12123050,11896750,0,31172,0,5,0
13,891400471,690,812450,22265600,45672400,14747050,83497500,83595850,2552,45499000,12286950,12048550,0,31172,0,5,0
14,3472773456,691,848500,23355000,45918250,13371100,83492850,83594200,2334,45741850,12080350,11835250,0,31172,0,5,0
15,3010688243,692,805200,21353800,46130900,15205300,83495200,83598950,2744,45959700,11942650,11210350,0,31172,0,5,0
16,2819524756,693,832000,21504750,54285350,7162750,83784850,83883350,1273,54111700,12130500,11916650,0,31172,0,5,0
17,3241678401,694,815100,21684950,46333350,14375150,83208550,83309700,2654,46164600,12109100,11883700,0,31172,0,5,0
18,2154316504,695,1314850,21411050,45422800,15347800,83496500,83595600,2762,45250800,12234400,11984150,0,31172,0,5,0
19,772262681,696,1378900,21236050,45923650,14960150,83498750,83597800,2653,45749200,12066500,11812900,0,31172,0,5,0
20,3882818750,697,829450,23570900,46112450,12980300,83493100,83593750,2372,45941100,12009950,11818750,0,31172,0,5,0
21,521131153,698,812950,22204450,45683950,14798150,83499500,83598450,2649,45511000,12223150,11975600,0,31172,0,5,0
22,1838187414,699,836400,22383050,45635800,14639050,83494300,83594350,2622,45456550,12104950,11876750,0,31172,0,5,0
23,840574439,700,811450,22128800,45366250,15195150,83501650,83600500,2736,45187850,12088500,11851650,0,31172,0,5,0
24,2879461878,701,835550,21419150,46684650,14554150,83493500,83592300,2576,46513500,12139600,11909450,0,31172,0,5,0
25,202086035,702,812750,21379150,46170750,15133750,83496400,83596750,2725,45997700,11921900,11717750,0,31172,0,5,0
26,959703924,703,848150,23864300,45392100,13705100,83809650,83908650,2432,45217950,12221250,11985600,0,31172,0,5,0
27,3795724423,704,812350,21813300,46249250,14312450,83187350,83287800,2639,46078350,12018000,11257400,0,31172,0,5,0
28,2500539904,705,1440400,21433500,53173300,7445850,83493050,83593550,1316,52998350,12132700,11892500,0,31172,0,5,0
29,2269000541,706,1407750,21357300,46414400,14314950,83494400,83595250,2622,45735200,12118150,11866550,0,31172,0,5,0
30,1900681108,707,838600,21951750,45599900,15105000,83495250,83596150,2712,45426250,12104900,11863350,0,31172,0,5,0
31,3680168245,708,808300,22255250,45732000,14703450,83499000,83597650,2632,45556300,12261500,12025900,0,31172,0,5,0
32,2344329490,709,832950,22478350,48099400,12089350,83500050,83599000,2165,47924550,12044450,11855550,0,31172,0,5,0
33,2130650181,710,812200,21378750,46200150,15100800,83491900,83592950,2716,45310500,12174550,11937250,0,31492,0,5,0
34,906966818,711,833450,21469600,46586000,14609050,83498100,83597800,2591,46410150,12209850,11993700,0,31492,0,5,0
35,3939376531,712,812350,21297300,46323650,15062800,83496100,83599250,2713,46152650,12151900,11914600,0,31492,0,5,0
36,2110688546,713,876700,21719950,46221900,14607100,83425650,84231450,2559,46044800,12258650,12011400,0,31172,0,5,0
37,2695523007,714,808700,21361500,45775350,14912050,82857600,82958250,2741,45604600,11871300,11648850,0,31172,0,5,0
38,744447992,715,1377650,21296850,47962450,12860600,83497550,83597250,2342,47787000,12059850,11821200,0,31172,0,5,0
39,3728640411,716,1405300,21384850,46543600,14162400,83496150,83598400,2617,45738600,12117200,11868400,0,31172,0,5,0
40,618879740,717,837700,21850950,51905650,8898850,83493150,83593300,1621,51722100,18486050,18193300,0,31172,0,5,0
41,1239708057,718,835900,22239850,45755600,14663950,83495300,83597950,2557,45576550,12261900,12020000,0,31172,0,5,0
42,2429742208,719,833300,21963700,45660050,15040350,83497400,83597800,2675,45483650,12118350,11874600,0,31172,0,5,0
43,412095716,720,819750,21343750,46380750,14951550,83495800,83596300,2685,46206450,12123400,11897250,0,31172,0,5,0
44,1226741467,721,837250,21590150,49020550,12047500,83495450,83595400,2185,48844650,12767700,12525250,0,31172,0,5,0
45,3288446148,722,816750,21316500,46165500,15199250,83498000,83598150,2743,45991050,12057450,11816100,0,31172,0,5,0
46,1157984843,723,831350,21476100,45910200,15779400,83997050,84095550,2776,45737250,12738500,12495000,0,31172,0,5,0
47,3877288378,724,816500,21460550,46449050,14271050,82997150,83097450,2605,46277600,12108100,11864200,0,31172,0,5,0
48,4236526315,725,1358700,21337100,45575200,15222950,83493950,83596200,2731,45399850,12100150,11865150,0,31172,0,5,0
49,533834014,726,1390600,21447400,46450350,14204550,83492900,83593950,2631,45748200,12257850,12003200,0,31172,0,5,0
50,1649361089,727,833350,21991350,47898950,12772550,83496200,83596900,2325,47715950,14299650,14022300,0,31172,0,5,0
51,2486981906,728,819100,22267150,45808700,14601800,83496750,83595450,2534,45635300,12132750,11879200,0,31172,0,5,0
52,1706075277,729,836350,22132200,45496150,15031150,83495850,83597650,2676,45317000,12099200,11872950,0,31172,0,5,0
53,267972368,730,807500,29275600,46463300,6948150,83494550,83594500,1223,46290150,12109650,11872150,0,31172,0,5,0
54,3895401273,731,836250,21616350,46847750,14201000,83501350,83600100,2533,46670200,12290750,12065050,0,31172,0,5,0
55,605985656,732,812550,21369700,46284350,15170000,83636600,83735700,2711,46112850,12070500,11830600,0,31172,0,5,0
56,4077673024,733,889900,21443600,45046200,15977000,83356700,83456500,2484,44874000,12008400,11768300,0,30852,0,5,0
57,985632231,734,874500,21639050,47314850,13256550,83084950,83593300,2394,47137800,14221550,11789750,0,30852,0,5,0
58,3720590956,735,1405700,21307700,45473450,15309050,83495900,83595850,2752,45300700,12043350,11793200,0,30852,0,5,0
59,3264032585,736,1451600,21346100,46507100,14191950,83496750,83601100,2683,46334900,12179150,11922900,0,30852,0,5,0
60,395405688,737,867600,21893400,45538550,15193400,83492950,83594250,2767,45362600,12030900,11788700,0,30852,0,5,0
61,32142420,738,842750,22048950,45598900,15003750,83494350,83595550,2668,45424550,11998350,11761350,0,30852,0,5,0
62,1187067055,739,870100,22275900,45428700,15078050,83652750,83755000,2472,45242550,12048900,11812950,0,30852,0,5,0
63,459140908,740,868800,22202050,45622750,14638800,83332400,83437700,2677,45446150,12051900,11816650,0,30852,0,5,0
64,3369786495,741,877350,21543350,46656800,14419750,83497250,83596750,2634,46480150,12191250,11956000,0,30852,0,5,0
65,1572434254,742,844000,21313400,53634600,7775850,83567850,83669650,1371,53455550,12552850,11598300,0,30852,0,5,0
66,4107798823,743,912600,21596000,46336500,13862400,82707500,83521850,2466,46161300,12026900,11792450,0,30852,0,5,0
67,343968250,744,848850,21503400,45962250,14764250,83078750,83599200,2732,45788950,11911600,11667300,0,30852,0,5,0
68,3102454017,745,1416750,21311150,45384800,15383850,83496550,83597050,2769,45209350,12021100,11779250,0,30852,0,5,0
69,3051095563,746,1449950,23009650,46658900,12375100,83493600,83596200,2242,46483250,12026950,11800600,0,30852,0,5,0
70,2391331016,747,873150,21957400,45585500,15078250,83494300,83595050,2680,45407400,12033650,11793800,0,30852,0,5,0
71,3869016117,748,844150,22082000,45611300,14956900,83494350,83594150,2597,45431900,12005600,11769000,0,30852,0,5,0
72,1579800804,749,864150,22296450,45589950,14743700,83494250,83597950,2637,45406250,12194350,11958000,0,30852,0,5,0
73,2792341157,750,851650,21414250,46187200,15046550,83499650,83598250,2706,46011150,12011650,11788550,0,30852,0,5,0
74,714702942,751,871650,21608750,46772900,14244450,83497750,83597200,2542,46595250,12072950,11840400,0,30852,0,5,0
75,1092538936,752,843650,24186400,45197550,13357400,83585000,83686700,2331,45015550,11992950,11756100,0,30852,0,5,0
76,1561271239,753,870200,21424200,46421700,14689350,83405450,83505950,2760,46246650,12246050,12010050,0,31172,0,5,0
77,3798074098,754,1276000,21537550,53822050,6862150,83497750,83595100,1323,53652650,12721850,12466500,0,31172,0,5,0
78,3022639071,755,1401200,21597700,45980700,14517800,83497400,83597100,2688,45804600,12078700,11835200,0,31172,0,5,0
79,2282770062,756,1560750,21588600,46458700,13887750,83495800,83594600,2559,46288650,11855700,11623750,0,30852,0,5,0
80,1626512457,757,863050,22228450,45054800,15350750,83497050,83595850,2735,44877650,12012550,11770500,0,30852,0,5,0
81,3156888026,758,841800,22063900,48726450,11863200,83495350,83597100,2140,48550400,12406600,12185150,0,30852,0,5,0
82,3038824309,759,868850,22279000,45516000,14834600,83498450,83598600,2660,45332800,12188500,11959450,0,30852,0,5,0
83,1261846460,760,844200,21408650,46226050,15012800,83491700,83592800,2674,46052100,12020700,11794750,0,30852,0,5,0
84,2035201521,761,868500,21417250,46490100,14723200,83499050,83601100,2642,46315800,12052100,11824100,0,30852,0,5,0
85,2164446652,762,841250,21485900,45763850,15520400,83611400,83712250,2787,45592550,11866850,11631100,0,30852,0,5,0
86,2017191835,763,868300,21374350,46310150,14822800,83375600,83477500,2744,46132300,12216600,11996900,0,30852,0,5,0
87,3029138484,764,1296450,21489050,47699350,13011600,83496450,83597050,2373,47525050,12132700,11893700,0,30852,0,5,0
88,50355403,765,1428800,21282100,45185900,15599100,83495900,83596150,2789,45010350,11879950,11639600,0,30852,0,5,0
89,654213990,766,1448150,21555000,51758050,8731300,83492500,83595400,1362,45731250,12594100,12335300,0,30852,0,5,0
90,2360099787,767,918650,22092900,45251100,15228500,83491150,83598900,2706,45071500,12006850,11752550,0,30852,0,5,0
91,2424818746,768,847200,21995150,45778250,14872300,83492900,83595600,2657,45601000,12425250,12186250,0,30852,0,5,0
92,1971386461,769,865750,22193050,45202250,15234250,83495300,83595150,2744,45024550,12148250,11913100,0,30852,0,5,0
93,3386045126,770,851050,21409250,47666450,13571100,83497850,83598300,2371,47487350,12011400,11767300,0,30852,0,5,0
94,1429641961,771,871900,21769150,46087350,14762300,83490700,83593650,2649,45911650,12056150,11838550,0,30852,0,5,0
95,3022846880,772,852200,21545850,45609550,15642050,83649650,83752250,2836,45441100,11781100,11540500,0,30852,0,5,0
96,1601897261,773,866000,21377250,45840450,15255500,83339200,83442000,2835,45162600,12434750,12189900,0,30852,0,5,0
97,1229951528,774,888700,22685250,44957850,13741750,82273550,83598800,2522,44784900,11992950,11770400,0,30852,0,5,0
98,4065171759,775,1432400,21559550,44852500,15649250,83493700,83595650,2795,44673650,12012550,11769850,0,30852,0,5,0
99,1034325744,776,845700,22529900,47212750,12902400,83490750,83594450,2351,47039050,14005400,13762250,0,30852,0,5,0
100,14078671,777,870050,22481850,45076900,15068850,83497650,83596850,2699,44903150,12197000,11964000,0,31172,0,5,0
101,4024270554,778,845800,22278700,45728050,14642700,83495250,83596250,2616,45551700,12499000,12255200,0,31172,0,5,0
102,896191351,779,861000,29030600,46106300,7499050,83496950,83595650,1336,45926450,12118300,11884400,0,31172,0,5,0
103,2131384102,780,848550,22539150,45352650,14756750,83497100,83597300,2604,45174350,12083550,11855150,0,30852,0,5,0
104,2586210593,781,863750,21874350,45996800,14759500,83494400,83594700,2648,45820850,12064200,11836150,0,30852,0,5,0
105,591918370,782,842900,21533200,48116300,13202350,83694750,83795250,2004,47941300,12128200,11882050,0,30852,0,5,0
106,8814317,783,896400,21733250,46177200,14487350,83294200,83401200,2674,45999550,11916950,11165150,0,30852,0,5,0
107,2340504196,784,1419150,21385500,45952700,14737350,83494700,83595200,2729,45777750,11801000,11558750,0,30852,0,5,0
108,3523076009,785,1434950,21377250,44915150,15768550,83495900,83595950,2814,44740100,12019400,11784100,0,30852,0,5,0
109,1961669028,786,842050,22205500,45289750,15159100,83496400,83598100,2721,45116550,11860150,11619200,0,30852,0,5,0
110,1037581603,787,864100,22182350,45365600,15079550,83491600,83594000,2707,45192850,12161900,11921750,0,30852,0,5,0
111,2701024588,788,844550,22071200,45869000,14758700,83543450,83643550,2352,45688350,12087850,11846700,0,30852,0,5,0
112,215037203,789,893950,22607200,45416850,14525100,83443100,83549000,2651,45240450,12053850,11827700,0,30852,0,5,0
113,3696282862,790,846200,21481750,45909450,15258300,83495700,83596000,2783,45734050,12014650,11779000,0,30852,0,5,0
114,2829142928,791,867650,21736200,54622200,6269050,83495100,83596800,1111,54449200,12077400,11858650,0,30852,0,5,0
115,3204762949,792,846650,21733450,45720950,15430950,83732000,83836300,2836,45546650,11997300,11759100,0,30852,0,5,0
116,3297489190,793,857500,21648500,46416800,14339600,83262400,83359750,2676,46236900,11901350,10908000,0,30852,0,5,0
117,1691704917,794,1315800,21304100,45341200,15531200,83492300,83594100,2861,45167950,11982500,11724850,0,30852,0,5,0
118,663957814,795,1455800,23819700,45099050,13123450,83498000,83598300,2445,44922200,12115850,11886450,0,30852,0,5,0
119,3058583827,796,845450,22226150,45212200,15208350,83492150,83594250,2794,45037150,12015100,11771150,0,30852,0,5,0
120,838545270,797,863450,22190550,45229550,15212100,83495650,83598050,2795,45056200,12156500,11920500,0,30852,0,5,0
121,3608912039,798,842050,22070250,45719900,14860600,83492800,83593500,2693,45541350,12022950,11790300,0,30852,0,5,0
122,4080159716,799,868500,22023900,44895000,15708500,83495900,83597700,2906,44713700,12055850,11828900,0,30852,0,5,0
123,1056027075,800,843600,21553200,45911600,15187350,83495750,83595750,2796,45737600,12153850,11928400,0,30852,0,5,0
124,4057021248,801,869900,24066950,45381250,13177500,83495600,83597350,2371,45203800,12085850,11845350,0,31172,0,5,0
125,2686741161,802,841700,21476300,44870050,16566700,83754750,83858050,2996,44700600,12082400,11827950,0,31172,0,5,0
126,3870849660,803,863300,21375850,53039000,7952550,83230700,83333850,1419,52860900,12160650,11920600,0,31172,0,5,0
127,293449641,804,885550,21482400,46088050,13737500,82193500,83595450,2624,45916500,12000350,11784850,0,30852,0,5,0
128,596064266,805,1487600,21469550,44841150,15699250,83497550,83597750,2953,44665750,12130050,11888650,0,30852,0,5,0
129,3715495249,806,848000,22208050,45407150,15035900,83499100,83599700,2813,45231700,12029200,11784450,0,30852,0,5,0
130,244680018,807,867000,22157400,47600100,12867800,83492300,83596550,2349,47426250,11933550,11716700,0,30852,0,5,0
131,4080661783,808,847800,22212450,45528800,14903950,83493000,83593200,2645,45347050,12007350,11776600,0,30852,0,5,0
132,4006730450,809,865600,21328050,45778300,15521450,83493400,83596850,2804,44917650,12004150,11783950,0,30852,0,5,0
133,3864584507,810,857050,21526600,45936600,15175350,83495600,83597800,2734,45759250,12165050,11930950,0,30852,0,5,0
134,2711027320,811,874650,21756900,45635250,15257550,83524350,83624750,2727,45459750,11765250,10209650,0,30852,0,5,0
135,4099079087,812,843650,21355450,45701550,15872150,83772800,83876250,2888,45021300,12001250,11745850,0,30852,0,5,0
136,565333772,813,882550,21510250,47654300,13142550,83189650,83289700,2416,47474550,11842800,11107800,0,30852,0,5,0
137,1028518269,814,1324250,21273750,45059750,15833050,83490800,83593450,2918,44889550,11886050,11633550,0,30852,0,5,0
138,2252688136,815,1472200,21433100,51639850,8949600,83494750,83595000,1640,51455200,18741400,18454800,0,30852,0,5,0
139,578597309,816,874700,22373750,45349300,14896100,83493850,83600150,2689,45173250,12027000,11783050,0,30852,0,5,0
140,3624439358,817,867850,22091650,45127150,15405900,83492550,83593250,2834,44944600,12059950,11818750,0,30852,0,5,0
141,3514067501,818,845700,22277400,45485550,14888050,83496700,83596750,2699,45301700,12015850,11780750,0,30852,0,5,0
142,2741972910,819,878950,22057000,47061850,13498000,83495800,83598750,2435,46883150,12017000,11780300,0,30852,0,5,0
143,28497579,820,848650,21620550,45958400,15065700,83493300,83595150,2704,45781950,12178200,11944600,0,30852,0,5,0
144,466729326,821,870700,21404350,45446900,15775700,83497650,83597800,2894,45274400,11822650,11608800,0,30852,0,5,0
145,3425349295,822,841500,21393900,45978300,15617550,83831250,83932850,2830,45805900,11840350,11610600,0,30852,0,5,0
146,1537640620,823,861900,21543300,46199600,14553000,83157800,83258550,2689,46020050,12065950,11857350,0,30852,0,5,0
147,1853842891,824,1353850,21369300,45471100,15299250,83493500,83595550,2747,45301750,12035700,11781350,0,30852,0,5,0
148,1177024904,825,1496400,21438800,47604050,12960400,83499650,83599750,2301,47427450,14413800,14147750,0,31172,0,5,0
149,4106734849,826,854850,21975600,45769150,14890600,83490200,83594850,2642,45600050,12114550,11865350,0,31172,0,5,0
150,2025356500,827,866400,22039500,45522000,15068700,83496600,83596700,2708,45342350,12077750,11850950,0,31172,0,5,0
151,2189605121,828,846500,30115300,46062250,6476100,83500150,83598350,1124,45887800,12214600,11973500,0,30852,0,5,0
152,4086136290,829,881050,21343200,46135050,15136700,83496000,83593300,2722,45238500,12044600,11804950,0,30852,0,5,0
153,4036669705,830,848350,21497350,48952250,12197950,83495900,83595800,2137,48783150,11779600,11560350,0,30852,0,5,0
154,4167980074,831,868550,21376700,46055200,15194100,83494550,83598350,2391,45882350,11998750,11763250,0,30852,0,5,0
155,51187407,832,872300,21679850,45713500,15598700,83864350,83971400,2826,45544300,11766900,11534950,0,30852,0,5,0
156,2242638442,833,862450,21826250,46591950,13841650,83122300,83222450,2543,46412800,12143900,11925350,0,30852,0,5,0
157,2730108163,834,1376850,21355900,45319400,15438350,83490500,83594000,2779,45150550,12001550,11750700,0,30852,0,5,0
158,2718743917,835,1619950,21295500,45192550,15388150,83496150,83594900,2692,45018700,12047250,11812100,0,30852,0,5,0
159,3391709842,836,848350,22044150,45230050,15374950,83497500,83599350,2740,45053750,12007000,11759150,0,30852,0,5,0
160,1164604273,837,864100,22028300,45435800,15165650,83493850,83593700,2468,45255750,12014300,11790850,0,30852,0,5,0
161,2148591176,838,874950,22358600,46104800,14156650,83495000,83596300,2525,45931550,12186050,11940850,0,30852,0,5,0
162,4192737573,839,863900,21349200,46153800,15132950,83499850,83598450,2699,45263450,12034250,11791300,0,30852,0,5,0
163,535584840,840,859250,21350800,55019350,6266750,83496150,83596150,1062,54846600,12351550,12121250,0,30852,0,5,0
164,3430794475,841,874700,21519300,45653400,15455400,83502800,83601050,2770,45477250,11910050,11682850,0,30852,0,5,0
165,776323552,842,850000,21415300,45825400,15398450,83489150,83590300,2865,45649250,12002200,11061200,0,30852,0,5,0
166,3330991427,843,866600,21558000,46431100,14250950,83106650,83596000,2626,46250000,12035100,11285000,0,30852,0,5,0
167,3282074430,844,1375950,23677000,45435750,13010900,83499600,83598450,2346,45261300,11978250,11741300,0,30852,0,5,0
168,2597814595,845,1497000,21292950,45389100,15319550,83498600,83598550,2669,45212400,12032000,11788050,0,30852,0,5,0
169,2225601370,846,851300,22139000,45249950,15252150,83492400,83592750,2713,45071500,12030650,11794400,0,30852,0,5,0
170,3716853465,847,867200,22056400,45329200,15244400,83497200,83597200,2741,45151900,12032250,11795200,0,30852,0,5,0
171,1080675697,848,863250,21996100,45386600,15254700,83500650,83599400,2745,45208250,12006650,11778000,0,30212,0,5,0
172,219920238,849,865200,21212600,45461350,15954550,83493700,83593850,2866,45273850,11715100,11515600,0,30212,0,5,0
173,3070385651,850,839500,23524900,45079550,14050900,83494850,83595950,2416,44901050,11853000,11614400,0,30212,0,5,0
174,2609556270,851,881550,21324000,44697500,16629350,83532400,83633850,2916,44525050,11898350,11650900,0,30212,0,5,0
175,141401383,852,839400,21145000,52908700,8567850,83460950,83561250,1542,52733550,11914850,11662050,0,30212,0,5,0
176,3034105280,853,867300,21526100,45723500,14964350,83081250,83594150,2775,45535200,11173700,10938700,0,30212,0,5,0
177,3029196371,854,1390200,20988850,44736750,16382900,83498700,83597750,2942,44567000,11891650,11652150,0,30212,0,5,0
178,699378668,855,1488350,20926850,45003250,16075800,83494250,83594400,2831,44825900,11876300,11655400,0,30212,0,5,0
179,2402609405,856,844550,21932150,47735700,12982350,83494750,83598550,2368,47562100,11828200,10816750,0,30212,0,5,0
CSV_END

NV_DONE_b3ae623481cd=0
# 
CAPTURE: {"label": "reconfigured-mailbox-r1-s0-full", "elapsed_seconds": 24.515962253999987, "bytes_received": 22387, "command": "/tmp/fifo-bench --frames 180 --warmup 30 --wait spin --state-frame 0 --csv /tmp/reconfigured-case.csv; fifo_rc=$?; if [ \"$fifo_rc\" = 0 ]; then printf \"\\nCSV_BEGIN\\n\"; cat /tmp/reconfigured-case.csv; printf \"CSV_END\\n\"; fi; test \"$fifo_rc\" = 0", "command_exit": 0, "login_sent": false, "log": "/path/to/research/experiments/fifo-study-20261008/20261008T122947Z-reconfigured-mailbox-r1-s0-full.raw"}
