/tmp/fifo-bench --frames 180 --warmup 30 --wait spin --state-frame 0 --csv /tmp/reconfigured-case.csv; fifo_rc=$?; if [ "$fifo_rc" = 0 ]; then printf "\nCSV_BEGIN\n"; cat /tmp/reconfigured-case.csv; printf "CSV_END\n"; fi; test "$fifo_rc" = 0; nv_status=$?; printf "\nNV_DONE_4635f3b03367=%s\n" "$nv_status"
BEGIN_BREAKOUT frames=180 warmup=30 fixed=0 blocks=40 tiles=1 hud=1 wait=spin replay=0 state_frame=0 profile=detailed pixel_centers=1 clock_call_ns=6297
HW_COUNTERS id=46490001 words=1392820 wait_cycles=15748811 longest_wait_cycles=4632 total_cycles=300608679 cpu_hz=20000000
RESULT frames=180 elapsed_s=15.030289250 fps=11.975817 logic_ms=0.982398 api_ms=21.992942 swap_ms=46.221545 wait_ms=14.154904 worker_inclusive_ms=46.023725 upload_inclusive_ms=12.288303 write_ms=11.969935 bytes_per_frame=30951.56 p50_ms=83.596150 p95_ms=83.881400 max_ms=86.490800 late_60hz=180 first_count=891 last_count=1070 state_hash=8f34e8fd remaining=38 score=20
RENDER_PATH retained=0 grouped=0 quads=13131 full_frames=180
BREAKOUT_PASS

CSV_BEGIN
frame,state_hash,display_count,logic_ns,api_ns,swap_ns,wait_ns,total_ns,completion_interval_ns,polls,worker_inclusive_ns,upload_inclusive_ns,write_ns,read_ns,write_bytes,read_bytes,write_calls,read_calls
0,3724779174,891,725400,22125650,45808050,14573900,83233000,83245300,2593,45643450,12228200,11951650,0,31172,0,5,0
1,1709657109,892,881200,22272950,45783400,14553000,83490550,83596900,2564,45615100,12244100,11957650,0,31172,0,5,0
2,1894904752,893,862150,24044550,45956700,12625800,83489200,83595550,2296,45787500,11971750,11732700,0,31172,0,5,0
3,3703759967,894,818750,22280800,47850600,12543750,83493900,83598800,2282,47678350,12754850,12433550,0,31172,0,5,0
4,19533624,895,850650,21419150,54547600,6667650,83485050,83593850,1139,54375850,12094050,11846300,0,31172,0,5,0
5,816884773,896,827450,21422750,46587750,14643600,83481550,83594950,2620,46414750,12195450,11949050,0,31172,0,5,0
6,1339236364,897,878600,21639350,46281800,14300000,83099750,83928050,2525,46112300,12153150,11901900,0,31172,0,5,0
7,3072959373,898,822950,21689400,46083450,14562550,83158350,83268550,2689,45915550,12085900,11822950,0,31172,0,5,0
8,1782884746,899,1398500,23669900,45426400,12993300,83488100,83592600,2365,45257050,12181050,11936750,0,31172,0,5,0
9,30296781,900,1468300,21281050,46762350,13976150,83487850,83597500,2548,46592650,12790100,11765050,0,31492,0,5,0
10,4026418858,901,848650,21906300,45802950,14931700,83489600,83600100,2672,45637600,12228150,11955750,0,31492,0,5,0
11,2084929051,902,825250,22264050,45807950,14591400,83488650,83594400,2577,45639550,12256250,11972050,0,31492,0,5,0
12,3114489770,903,850100,22450800,45737800,14447850,83486550,83594050,2576,45571400,12132200,11870700,0,31172,0,5,0
13,891400471,904,822800,22209650,45512550,14948050,83493050,83598900,2681,45337850,12278600,12016600,0,31172,0,5,0
14,3472773456,905,849950,21362800,48188150,13090550,83491450,83597750,2269,48015700,12097700,11818550,0,31172,0,5,0
15,3010688243,906,821500,21380250,46497800,14785400,83484950,83593000,2652,46324900,12114300,11886300,0,31172,0,5,0
16,2819524756,907,844500,21511550,52354850,9148100,83859000,83964950,1583,52185800,15853350,15544350,0,31172,0,5,0
17,3241678401,908,816400,21749200,46262900,14294400,83122900,83230050,2634,46090750,12150550,11878250,0,31172,0,5,0
18,2154316504,909,1398450,21452650,45267700,15370200,83489000,83597350,2761,45098750,12299750,12025700,0,31172,0,5,0
19,772262681,910,1436400,21294900,46665950,14090900,83488150,83594550,2568,46497800,12670350,11680800,0,31172,0,5,0
20,3882818750,911,842250,21865400,47842400,12937900,83487950,83598650,2358,47674950,11909450,10924700,0,31172,0,5,0
21,521131153,912,820000,22259550,45760550,14644550,83484650,83594850,2616,45587200,12274000,12004200,0,31172,0,5,0
22,1838187414,913,848650,22433950,45726100,14480200,83488900,83595000,2585,45559150,12125500,11866300,0,31172,0,5,0
23,840574439,914,822450,22178050,45441750,15051300,83493550,83598000,2706,45258050,12100000,11841700,0,31172,0,5,0
24,2879461878,915,847550,21290800,46721850,14627550,83487750,83595350,2589,46551600,12130850,11889650,0,31172,0,5,0
25,202086035,916,826000,21298550,46115250,15248750,83488550,83601450,2753,45941050,12025350,11762150,0,31172,0,5,0
26,959703924,917,849000,21466200,48234750,12935200,83485150,83594400,2348,48061150,12293450,12038850,0,31172,0,5,0
27,3795724423,918,823900,21703800,46367850,14198200,83093750,83593150,2616,46193100,12126400,11865100,0,31172,0,5,0
28,2500539904,919,1518350,21310850,46020450,17530750,86380400,86490800,2054,45328200,12118200,11838450,0,31172,0,5,0
29,2269000541,920,871300,23361800,46450800,9888100,80572000,80702350,1821,46274500,12029700,11788050,0,31172,0,5,0
30,1900681108,921,845950,21949000,45697300,14995250,83487500,83594900,2688,45523000,12126050,11863750,0,31172,0,5,0
31,3680168245,922,821700,22319150,45764150,14587200,83492200,83599600,2607,45591250,12303250,12037500,0,31172,0,5,0
32,2344329490,923,851050,22477000,47940400,12220800,83489250,83596650,2184,47764250,14367250,14076250,0,31172,0,5,0
33,2130650181,924,827150,21451600,48799750,12406700,83485200,83593500,2255,47908850,12701600,11704850,0,31492,0,5,0
34,906966818,925,847800,21497650,46664700,14479600,83489750,83598800,2560,46493550,12217400,11972950,0,31492,0,5,0
35,3939376531,926,823950,21400700,46185600,15115950,83526200,83639350,2723,46010300,12142450,11879350,0,31492,0,5,0
36,2110688546,927,884150,21705300,46162050,13986600,82738100,83551400,2568,45989850,12247100,12005450,0,31172,0,5,0
37,2695523007,928,824000,21381600,45773450,14807050,82786100,83599250,2717,45598250,12647400,11668650,0,31172,0,5,0
38,744447992,929,1433100,21261800,45220100,15576600,83491600,83599200,2485,45051900,12161400,11893050,0,31172,0,5,0
39,3728640411,930,1456750,21395950,45856250,14759800,83468750,83591400,2603,45685650,12165300,11864350,0,31172,0,5,0
40,618879740,931,846650,21929300,45606400,15103600,83485950,83596700,2710,45435050,12130900,11870400,0,31172,0,5,0
41,1239708057,932,820300,29963450,45300700,7410250,83494700,83599250,1253,45121550,11955650,11695500,0,31172,0,5,0
42,2429742208,933,848000,21954750,45269250,15419100,83491100,83595550,2748,45100800,12092350,11849650,0,31172,0,5,0
43,412095716,934,821500,21392600,46352750,14922350,83489200,83596750,2676,46181600,12114900,11859950,0,31172,0,5,0
44,1226741467,935,845200,21455450,46754600,15390200,84445450,84553300,2509,46583700,12265500,12026450,0,31172,0,5,0
45,3288446148,936,857250,22159100,45777500,13800200,82594050,82715250,2450,45604250,12130900,11875700,0,31172,0,5,0
46,1157984843,937,845200,21493850,45964000,15114050,83417100,83521000,2741,45794450,12792650,12507700,0,31172,0,5,0
47,3877288378,938,825200,21391850,46154500,14603150,82974700,83596400,2671,45982600,12006300,11756850,0,31172,0,5,0
48,4236526315,939,1414450,21335600,45418450,15318400,83486900,83595250,2748,45250750,12170900,11903950,0,31172,0,5,0
49,533834014,940,1427600,21488200,46674850,13899200,83489850,83596000,2558,46507850,12825600,12523200,0,31172,0,5,0
50,1649361089,941,846900,21969150,45648300,15025950,83490300,83596450,2692,45481950,12129950,11865800,0,31172,0,5,0
51,2486981906,942,818250,26265000,45842550,10565750,83491550,83595950,1792,45673200,12126400,11840800,0,31172,0,5,0
52,1706075277,943,850100,22189600,45535900,14910100,83485700,83596250,2645,45365800,12117900,11873800,0,31172,0,5,0
53,267972368,944,821700,21447500,54317500,6903050,83489750,83597800,1213,54146850,12111650,11852950,0,31172,0,5,0
54,3895401273,945,848100,21543450,46830050,14267150,83488750,83595150,2544,46659500,12298450,12053650,0,31172,0,5,0
55,605985656,946,827200,21390300,46186750,15318700,83722950,83829300,2740,46009650,12064150,11802000,0,31172,0,5,0
56,4077673024,947,898600,21441400,45757950,15155350,83253300,83364750,2731,45580200,11846900,11595150,0,30852,0,5,0
57,985632231,948,1335650,23842500,45370000,12935000,83483150,83595050,2326,45199800,12011150,11744450,0,30852,0,5,0
58,3720590956,949,1460050,21303800,45306450,15419200,83489500,83598350,2771,45136800,12086050,11808350,0,30852,0,5,0
59,3264032585,950,1493750,21442250,46566150,13985950,83488100,83595500,2576,46399750,12722800,12424200,0,30852,0,5,0
60,395405688,951,878450,21942500,45452700,15215800,83489450,83597450,2707,45283400,12040350,11779650,0,30852,0,5,0
61,32142420,952,852700,22124700,45522350,14987700,83487450,83596150,2606,45340700,12018900,11754600,0,30852,0,5,0
62,1187067055,953,874600,22341550,45366050,14899850,83482050,83594300,2644,45196300,12043250,11794500,0,30852,0,5,0
63,459140908,954,851200,21413150,48120250,13104250,83488850,83596100,2301,47943300,11992250,11696400,0,30852,0,5,0
64,3369786495,955,875400,21524550,46595050,14493650,83488650,83596000,2591,46425150,12192450,11948150,0,30852,0,5,0
65,1572434254,956,855200,21378300,51875550,9556250,83665300,83776750,1631,51700750,15288250,14973150,0,30852,0,5,0
66,4107798823,957,927350,21528400,45987100,14144050,82586900,83418450,2515,45814500,12090850,11858150,0,30852,0,5,0
67,343968250,958,1339200,21449850,45142700,15549200,83480950,83594750,2766,44964600,12046450,11749150,0,30852,0,5,0
68,3102454017,959,1462000,21214750,45297750,15514200,83488700,83599400,2795,45127050,12071350,11794650,0,30852,0,5,0
69,3051095563,960,1459150,21394550,48448150,12180200,83482050,83593900,2203,48279450,12043050,11790200,0,30852,0,5,0
70,2391331016,961,877350,21968350,45408650,15238350,83492700,83599000,2706,45237250,12025600,11765900,0,30852,0,5,0
71,3869016117,962,850100,22173200,45508300,14953400,83485000,83592500,2593,45325950,12027700,11762800,0,30852,0,5,0
72,1579800804,963,872500,22237600,45328300,15055100,83493500,83600700,2700,45157100,12151550,11898950,0,30852,0,5,0
73,2792341157,964,851100,21368550,45997350,15268650,83485650,83592900,2749,45821250,12018450,11768600,0,30852,0,5,0
74,714702942,965,876550,21412700,46317800,14883700,83490750,83598100,2671,46138100,12042150,11807350,0,30852,0,5,0
75,1092538936,966,848600,21375400,47507600,13941050,83672650,83780100,2450,47330450,12036750,11783850,0,30852,0,5,0
76,1561271239,967,877900,21331400,45142850,15951350,83303500,83412950,2795,44967450,12129050,11851650,0,31172,0,5,0
77,3798074098,968,1330500,21514300,45093050,15619950,83557800,83668600,1684,44917150,12249450,11945450,0,31172,0,5,0
78,3022639071,969,1974500,21436800,45591650,14405400,83408350,83522850,2661,45417400,12137400,11850200,0,31172,0,5,0
79,2282770062,970,849850,22066400,45797500,14779950,83493700,83597900,2640,45631050,12111600,11822650,0,30852,0,5,0
80,1626512457,971,878400,22013700,44920500,15676150,83488750,83594600,2798,44749850,12034750,11793000,0,30852,0,5,0
81,3156888026,972,850550,22081950,47590450,12964400,83487350,83595850,2363,47413950,14464150,14146650,0,30852,0,5,0
82,3038824309,973,891850,22273600,45831150,14494100,83490700,83597950,2583,45651600,12207150,11951300,0,30852,0,5,0
83,1261846460,974,855150,21342700,45960700,15328250,83486800,83594450,2735,45784650,12067900,11824850,0,30852,0,5,0
84,2035201521,975,871650,21273850,46237300,15103950,83486750,83597300,2716,46066150,11987300,11775300,0,30852,0,5,0
85,2164446652,976,856650,21501350,44843250,16509200,83710450,83820600,2878,44667700,12061750,11777050,0,30852,0,5,0
86,2017191835,977,873150,21284650,45965150,15143000,83265950,83375700,2814,45188900,12316350,12039550,0,30852,0,5,0
87,3029138484,978,1328850,21472950,45026250,15660250,83488300,83595100,2505,44852600,12228800,11939600,0,30852,0,5,0
88,50355403,979,1494950,21227200,45006450,15748500,83477100,83595200,2812,44840950,12048600,11772000,0,30852,0,5,0
89,654213990,980,862750,22123950,45326550,15168900,83482150,83594900,2722,45153600,12066200,11789100,0,30852,0,5,0
90,2360099787,981,875200,29393000,45419250,7805500,83492950,83600700,1395,45248200,12228500,11960950,0,30852,0,5,0
91,2424818746,982,872350,22085000,45807400,14721350,83486100,83594000,2628,45631900,12476300,12208600,0,30852,0,5,0
92,1971386461,983,875650,22328100,45423150,14863750,83490650,83598050,2664,45249800,12180500,11932900,0,30852,0,5,0
93,3386045126,984,859200,21411900,46135300,15839200,84245600,84351750,2574,45959250,12030150,11778600,0,30852,0,5,0
94,1429641961,985,903450,22670150,45429450,13714400,82717450,82838250,2428,45255600,12017850,11746700,0,30852,0,5,0
95,3022846880,986,854000,21512950,44914050,16466600,83747600,83857850,2869,44739450,12078700,11795550,0,30852,0,5,0
96,1601897261,987,873450,21383350,46215600,14752450,83224850,83337000,2730,46042800,13011550,12727050,0,30852,0,5,0
97,1229951528,988,900850,21765450,46154700,13384400,82205400,83595350,2445,45978200,12009550,11753950,0,30852,0,5,0
98,4065171759,989,1511100,21282800,45183700,15510500,83488100,83595350,2762,45011650,11907050,11638950,0,30852,0,5,0
99,1034325744,990,856250,25026750,45451800,12154250,83489050,83600500,2197,45279150,12034150,11761550,0,30852,0,5,0
100,14078671,991,874850,24158600,45769150,12684150,83486750,83595650,2310,45600000,12062100,11201400,0,31172,0,5,0
101,4024270554,992,857200,22240800,45936450,14452200,83486650,83595950,2578,45766450,12510650,12229350,0,31172,0,5,0
102,896191351,993,872650,22180100,53202700,7235550,83491000,83597150,1280,53031900,12075800,11833050,0,31172,0,5,0
103,2131384102,994,873500,21351650,46061600,15202100,83488850,83596700,2701,45885550,12048050,11798800,0,30852,0,5,0
104,2586210593,995,886350,21640650,45921500,15033700,83482200,83592350,2698,45753250,12018900,11794500,0,30852,0,5,0
105,591918370,996,855600,21551050,44913350,16452350,83772350,83881400,2895,44743550,12192600,11902600,0,30852,0,5,0
106,8814317,997,887250,21847550,47434500,13035150,83204450,83312000,2373,47262350,12024650,11771400,0,30852,0,5,0
107,2340504196,998,1477900,21387150,44994850,15628650,83488550,83596150,2814,44822000,12072750,11785150,0,30852,0,5,0
108,3523076009,999,1522500,21403450,44827700,15736150,83489800,83597650,2805,44661700,12050000,11782900,0,30852,0,5,0
109,1961669028,1000,852700,22324600,45328300,14983200,83488800,83597350,2682,45158100,12075500,11771700,0,30852,0,5,0
110,1037581603,1001,875150,22233850,45292850,15082100,83483950,83595400,2701,45126900,12178600,11917250,0,30852,0,5,0
111,2701024588,1002,854200,22194950,45716500,14722750,83488400,83596050,2606,45545150,12104150,11846750,0,30852,0,5,0
112,215037203,1003,881500,22062700,46839600,13704750,83488550,83599400,2425,46665300,12056500,11776400,0,30852,0,5,0
113,3696282862,1004,859100,21548900,45929500,15147250,83484750,83592300,2694,45751600,12046800,11793800,0,30852,0,5,0
114,2829142928,1005,881150,21667550,53284350,7654850,83487900,83600450,1373,53113700,18742350,18418550,0,30852,0,5,0
115,3204762949,1006,857950,21494850,44956600,16510350,83819750,83929750,2905,44780350,12209750,11911650,0,30852,0,5,0
116,3297489190,1007,888700,21212300,45383450,15669350,83153800,83261150,2790,45207250,12114750,11840600,0,30852,0,5,0
117,1691704917,1008,1414050,21290850,45277550,15507600,83490050,83597650,2786,45109400,12052700,11771600,0,30852,0,5,0
118,663957814,1009,1524600,21363500,47528250,13070600,83486950,83594950,2378,47356100,12152000,11927650,0,30852,0,5,0
119,3058583827,1010,865500,22278500,45539900,14796900,83480800,83597200,2642,45372800,12125550,11836950,0,30852,0,5,0
120,838545270,1011,873700,22144500,45303800,15164050,83486050,83595300,2717,45133950,12193450,11937650,0,30852,0,5,0
121,3608912039,1012,852500,22158700,45893400,14583050,83487650,83598650,2571,45710200,12058500,11781750,0,30852,0,5,0
122,4080159716,1013,876650,21279250,46096950,15233000,83485850,83596000,2741,45223150,12017900,11767700,0,30852,0,5,0
123,1056027075,1014,858600,21496450,45677700,15450450,83483200,83594300,2784,45504700,12141600,11887550,0,30852,0,5,0
124,4057021248,1015,878200,21737450,47904100,12968050,83487800,83597850,2275,47729100,12112100,11851500,0,31172,0,5,0
125,2686741161,1016,854950,21496200,45950950,15548300,83850400,83962950,2811,45776600,12785300,11660700,0,31172,0,5,0
126,3870849660,1017,870100,21312900,45988750,17428050,85599800,85708600,1985,45818050,12622800,11652000,0,31172,0,5,0
127,293449641,1018,923650,22978250,45721250,10628100,80251250,81118100,1973,45550050,12532100,11547800,0,30852,0,5,0
128,596064266,1019,1572650,21373850,44941450,15597600,83485550,83594300,2800,44770300,12012800,11742200,0,30852,0,5,0
129,3715495249,1020,857900,22266500,45644150,14715450,83484000,83597500,2628,45469800,12104150,11818400,0,30852,0,5,0
130,244680018,1021,876750,22159450,47705750,12747400,83489350,83598900,2319,47537850,14463900,14174450,0,30852,0,5,0
131,4080661783,1022,869450,22325750,45680500,14608650,83484350,83594200,2578,45506450,12063350,11793350,0,30852,0,5,0
132,4006730450,1023,884800,21353500,46062850,15183950,83485100,83594250,2729,45190100,12017750,11778950,0,30852,0,5,0
133,3864584507,1024,857950,21516050,45730200,15386800,83491000,83600850,2774,45556450,12066950,11167100,0,30852,0,5,0
134,2711027320,1025,894850,21676600,45988300,15045250,83605000,83714500,2681,45822100,12001850,11795350,0,30852,0,5,0
135,4099079087,1026,857100,21402800,45792100,15309650,83361650,83474650,2844,45620150,11838950,11586250,0,30852,0,5,0
136,565333772,1027,880100,21536200,46035900,14654850,83107050,83598100,2335,45867150,11950750,11710500,0,30852,0,5,0
137,1028518269,1028,1452950,21409850,45326900,15286100,83475800,83594500,2744,45160150,12061250,11783900,0,30852,0,5,0
138,2252688136,1029,1538650,21442850,45166150,15345350,83493000,83598800,2759,44995700,12210050,11945350,0,30852,0,5,0
139,578597309,1030,858950,29928200,45391600,7311250,83490000,83596200,1262,45213700,12017550,11741450,0,30852,0,5,0
140,3624439358,1031,886000,22025550,45423350,15152000,83486900,83594650,2714,45253800,12035000,11783800,0,30852,0,5,0
141,3514067501,1032,857150,22373050,45460450,14802300,83492950,83599400,2616,45282750,12057700,11798400,0,30852,0,5,0
142,2741972910,1033,882150,21319450,45999000,15844950,84045550,84154850,2594,45823600,12028050,11790250,0,30852,0,5,0
143,28497579,1034,880750,22426500,45418700,14194950,82920900,83035950,2466,45242500,12209650,11953150,0,30852,0,5,0
144,466729326,1035,886200,21306750,45612900,15728400,83534250,83641650,2820,45443200,11839000,11595700,0,30852,0,5,0
145,3425349295,1036,858600,21338150,45200550,16044550,83441850,83552350,2895,45021400,12061150,11783000,0,30852,0,5,0
146,1537640620,1037,880200,21455100,45997750,14742700,83075750,83598600,2379,45825300,11963600,11718100,0,30852,0,5,0
147,1853842891,1038,1459050,21336200,45241650,15437100,83474000,83594900,2774,45071400,12063800,11785500,0,30852,0,5,0
148,1177024904,1039,1534450,21314800,45448600,15189800,83487650,83593500,2669,45277350,12270700,12001800,0,31172,0,5,0
149,4106734849,1040,852450,23502750,46110850,13027900,83493950,83599800,2348,45944450,12046050,11777850,0,31172,0,5,0
150,2025356500,1041,877900,22020300,45391500,15194400,83484100,83595600,2726,45222450,12104950,11854700,0,31172,0,5,0
151,2189605121,1042,851800,22268150,53355000,7011350,83486300,83593500,1235,53180700,12178950,11918100,0,30852,0,5,0
152,4086136290,1043,878650,21347250,45957400,15309500,83492800,83600650,2754,45780400,12029400,11789050,0,30852,0,5,0
153,4036669705,1044,851750,21517650,45668400,15451250,83489050,83596400,2706,45491650,11907100,11139200,0,30852,0,5,0
154,4167980074,1045,883850,21204200,45654800,15804450,83547300,83659700,2839,45483850,12538100,11059200,0,30852,0,5,0
155,51187407,1046,856300,23572250,45494750,13492400,83415700,83528850,2468,45324400,12040300,11785200,0,30852,0,5,0
156,2242638442,1047,879850,21435450,46245350,14512700,83073350,83598050,2683,46072800,12053050,11800500,0,30852,0,5,0
157,2730108163,1048,1421700,21342450,45333100,15388500,83485750,83594750,2759,45162750,12074700,11792900,0,30852,0,5,0
158,2718743917,1049,1641950,21203100,45452900,15193400,83491350,83597200,2643,45285200,12069650,11797100,0,30852,0,5,0
159,3391709842,1050,855650,22111050,45147000,15370500,83484200,83597300,2730,44970150,12029650,11755950,0,30852,0,5,0
160,1164604273,1051,878050,22011750,45406650,15192200,83488650,83597700,2727,45233300,12042350,11791800,0,30852,0,5,0
161,2148591176,1052,850600,22299100,48735500,11604000,83489200,83595000,2088,48562300,12132450,11883700,0,30852,0,5,0
162,4192737573,1053,878150,21312300,46137600,15162850,83490900,83598700,2704,45967100,12010700,11769250,0,30852,0,5,0
163,535584840,1054,863200,21325600,53496450,7801300,83486550,83595100,1385,52488950,18190400,17873550,0,30852,0,5,0
164,3430794475,1055,890150,21423550,45419550,15856750,83590000,83693850,2850,44724700,12079500,11792450,0,30852,0,5,0
165,776323552,1056,852550,21288650,45327400,15923800,83392400,83497900,2864,45147050,12076000,11791200,0,30852,0,5,0
166,3330991427,1057,1324050,21356300,46084400,14725200,83489950,83598050,2723,45914050,12702150,11707150,0,30852,0,5,0
167,3282074430,1058,1430150,21358650,47860050,12838350,83487200,83593150,2311,47688750,11974900,11725900,0,30852,0,5,0
168,2597814595,1059,1547800,21300300,45558750,15080750,83487600,83599250,2613,45386800,12091300,11829150,0,30852,0,5,0
169,2225601370,1060,855800,22142900,45137400,15355000,83491100,83597950,2727,44963900,12049950,11778100,0,30852,0,5,0
170,3716853465,1061,881000,22030600,45365550,15212000,83489150,83596400,2733,45191850,12041300,11799100,0,30852,0,5,0
171,1080675697,1062,871100,22030550,45338000,15249950,83489600,83595800,2741,45164850,12025250,11780000,0,30212,0,5,0
172,219920238,1063,888700,21086550,45225700,26050,67227000,67332950,0,45056400,11784800,11535150,0,30212,0,5,0
173,3070385651,1064,842000,21293750,44557400,16352650,83045800,83142150,2633,44382750,12066750,11775850,0,30212,0,5,0
174,2609556270,1065,909950,21551600,44820500,15777000,83059050,83592750,2840,44647500,11923350,11650000,0,30212,0,5,0
175,141401383,1066,1519750,21122950,44712550,16133100,83488350,83595700,2912,44540800,11894450,11622950,0,30212,0,5,0
176,3034105280,1067,1529650,29512550,45118550,7330300,83491050,83599100,1288,44945500,12002150,11739900,0,30212,0,5,0
177,3029196371,1068,850850,21673700,45126050,15834100,83484700,83597000,2859,44950950,11898850,11644100,0,30212,0,5,0
178,699378668,1069,873400,21977950,44779450,15853750,83484550,83592850,2862,44614400,12033750,11788050,0,30212,0,5,0
179,2402609405,1070,851200,22293350,45005600,15341400,83491550,83600600,2416,44830600,11879300,11624000,0,30212,0,5,0
CSV_END

NV_DONE_4635f3b03367=0
# 
CAPTURE: {"label": "reconfigured-mailbox-r2-s0-full", "elapsed_seconds": 24.52602785000022, "bytes_received": 22454, "command": "/tmp/fifo-bench --frames 180 --warmup 30 --wait spin --state-frame 0 --csv /tmp/reconfigured-case.csv; fifo_rc=$?; if [ \"$fifo_rc\" = 0 ]; then printf \"\\nCSV_BEGIN\\n\"; cat /tmp/reconfigured-case.csv; printf \"CSV_END\\n\"; fi; test \"$fifo_rc\" = 0", "command_exit": 0, "login_sent": false, "log": "/path/to/research/experiments/fifo-study-20261008/20261008T123012Z-reconfigured-mailbox-r2-s0-full.raw"}
