/tmp/fifo-bench --frames 180 --warmup 30 --wait spin --state-frame 0 --retained --csv /tmp/reconfigured-case.csv; fifo_rc=$?; if [ "$fifo_rc" = 0 ]; then printf "\nCSV_BEGIN\n"; cat /tmp/reconfigured-case.csv; printf "CSV_END\n"; fi; test "$fifo_rc" = 0; nv_status=$?; printf "\nNV_DONE_44e50d4cfd8d=%s\n" "$nv_status"
BEGIN_BREAKOUT frames=180 warmup=30 fixed=0 blocks=40 tiles=1 hud=1 wait=spin replay=0 state_frame=0 profile=detailed pixel_centers=1 clock_call_ns=5412
HW_COUNTERS id=46490001 words=161040 wait_cycles=7659409 longest_wait_cycles=4636 total_cycles=61845391 cpu_hz=20000000
RESULT frames=180 elapsed_s=3.092131250 fps=58.212277 logic_ms=1.012189 api_ms=3.063160 swap_ms=7.294948 wait_ms=5.665326 worker_inclusive_ms=7.063121 upload_inclusive_ms=3.650790 write_ms=3.467440 bytes_per_frame=3578.67 p50_ms=16.719400 p95_ms=17.157300 max_ms=33.439250 late_60hz=163 first_count=1105 last_count=1284 state_hash=8f34e8fd remaining=38 score=20
RENDER_PATH retained=1 grouped=0 quads=645 full_frames=0
BREAKOUT_PASS

CSV_BEGIN
frame,state_hash,display_count,logic_ns,api_ns,swap_ns,wait_ns,total_ns,completion_interval_ns,polls,worker_inclusive_ns,upload_inclusive_ns,write_ns,read_ns,write_bytes,read_bytes,write_calls,read_calls
0,3724779174,1105,710850,4391800,8284900,2389650,15777200,15786850,389,8120250,3827800,3661450,0,4572,0,5,0
1,1709657109,1106,919050,4070850,8130850,3481150,16601900,16712450,618,7958700,3781100,3624250,0,4252,0,5,0
2,1894904752,1107,865400,3392050,7407450,4945100,16610000,16720900,923,7249200,3581300,3433550,0,3612,0,5,0
3,3703759967,1108,839800,3340450,7383700,5045450,16609400,16718500,937,7209750,3436950,2617150,0,3612,0,5,0
4,19533624,1109,838450,3239500,7540350,4987600,16605900,16716350,917,7373050,3747650,3584200,0,3612,0,5,0
5,816884773,1110,1495800,2060150,6687400,6688900,16932250,17040850,1196,6515250,3473050,3314700,0,2972,0,5,0
6,1339236364,1111,821750,2474200,7447650,5552750,16296350,16401250,958,7273900,3671750,3506900,0,3612,0,5,0
7,3072959373,1112,838550,3466550,7613400,4690400,16608900,16717000,863,7439750,4742900,3468950,0,3612,0,5,0
8,1782884746,1113,834350,2892550,5979400,6906350,16612650,16719000,1239,5816700,3678700,3519600,0,2972,0,5,0
9,30296781,1114,843150,3289250,7727400,4749800,16609600,16721600,873,7549400,3744050,3573750,0,4252,0,5,0
10,4026418858,1115,838350,3135500,7635000,4997450,16606300,16718150,898,7455500,3797100,3637900,0,4252,0,5,0
11,2084929051,1116,1812150,2055250,8088250,4661750,16617400,16724600,761,7900500,3728250,3562700,0,3612,0,5,0
12,3114489770,1117,831800,2486150,7532800,5752850,16603600,16713350,976,7353000,3751550,3587600,0,3932,0,5,0
13,891400471,1118,845400,3419150,7574900,4767450,16606900,16719250,843,7401100,3638800,3494100,0,3932,0,5,0
14,3472773456,1119,833000,2801700,5985750,6986000,16606450,16719700,1231,5824450,3682900,3527500,0,2972,0,5,0
15,3010688243,1120,839200,3284550,7410250,5073000,16607000,16718500,918,7238250,3632450,3472450,0,3612,0,5,0
16,2819524756,1121,1436100,2471300,7402700,5297900,16608000,16720100,965,7225600,3672600,3521400,0,3612,0,5,0
17,3241678401,1122,841750,2036150,6713850,6481650,16073400,16717350,1128,6534850,3492550,3329250,0,2972,0,5,0
18,2154316504,1123,857100,3539900,7522700,3923200,15842900,16720350,696,7345300,3620050,3477600,0,3612,0,5,0
19,772262681,1124,835550,3407950,7533550,4836450,16613500,16723050,823,7358250,3605350,3462700,0,3612,0,5,0
20,3882818750,1125,835600,2944500,6677850,6154800,16612750,16718750,1148,6515550,3386150,3247050,0,2972,0,5,0
21,521131153,1126,835750,3246450,7388750,5137650,16608600,16716600,934,7220650,3635150,3478550,0,3612,0,5,0
22,1838187414,1127,1372500,2465200,7920700,6404350,18162750,18270500,107,7744450,4220800,4048600,0,3612,0,5,0
23,840574439,1128,849200,3846200,6732500,3620200,15048100,15169300,635,6558050,3459600,3312200,0,2972,0,5,0
24,2879461878,1129,834250,3440850,7149800,5187850,16612750,16721100,960,6441250,2957900,2826800,0,3612,0,5,0
25,202086035,1130,839400,3240700,7576650,4951550,16608300,16718050,903,7397300,3620500,3469150,0,3612,0,5,0
26,959703924,1131,833800,2779950,6960950,6030450,16605150,16716000,1122,6796250,3465050,3323750,0,2972,0,5,0
27,3795724423,1132,1491600,2502850,7417150,5198400,16610000,16720650,945,7242050,3652400,3495250,0,3612,0,5,0
28,2500539904,1133,829800,2468600,7401100,5478650,16178150,16721350,922,7219600,3671650,3523250,0,3612,0,5,0
29,2269000541,1134,837600,2019900,6829900,6921700,16609100,16717200,1214,6663900,3610350,3449100,0,2972,0,5,0
30,1900681108,1135,829250,3404900,7429000,4949450,16612600,16722000,904,7263900,3605850,3466850,0,3612,0,5,0
31,3680168245,1136,838050,3297800,7584500,4889050,16609400,16718500,883,7409850,3639550,3473150,0,3612,0,5,0
32,2344329490,1137,832300,2742500,7249800,5781900,16606500,16716850,1063,7081300,3612650,3447450,0,2972,0,5,0
33,2130650181,1138,1424300,2500350,7690050,5174050,16788750,16895400,863,7515850,3813050,3649250,0,4252,0,5,0
34,906966818,1139,827950,2457750,7663700,5486250,16435650,16545000,925,7495050,3826800,3666150,0,4252,0,5,0
35,3939376531,1140,836400,2024150,6902950,6845950,16609450,16717750,1168,6743850,3639500,3475350,0,3612,0,5,0
36,2110688546,1141,825850,3285050,7683100,4814200,16608200,16719350,875,7513250,3718400,3566700,0,3932,0,5,0
37,2695523007,1142,832700,3303450,7610000,4865800,16611950,16721350,879,7438500,3705050,3538750,0,3932,0,5,0
38,744447992,1143,1400450,2040600,6720750,6446350,16608150,16717400,1180,6547150,3451300,3310950,0,2972,0,5,0
39,3728640411,1144,1341500,2498500,7446550,5323000,16609550,16718000,892,7257300,3663250,3513400,0,3612,0,5,0
40,618879740,1145,825200,2452550,7396600,5934050,16608400,16719350,1014,6363300,3677850,3524300,0,3612,0,5,0
41,1239708057,1146,834650,2927300,5926100,6923100,16611150,16722100,862,5753650,3618100,3455800,0,2972,0,5,0
42,2429742208,1147,845750,3288900,7570750,4900200,16605600,16719600,887,7397800,3637200,3473850,0,3612,0,5,0
43,412095716,1148,840100,3298650,7400200,5073600,16612550,16720550,919,7235050,3651300,3489450,0,3612,0,5,0
44,1226741467,1149,1385900,2019750,6693450,7007100,17106200,17216650,1124,6530500,3464800,3319200,0,2972,0,5,0
45,3288446148,1150,834300,3434400,6592000,5253800,16114500,16219500,881,6422350,3718750,3555500,0,3612,0,5,0
46,1157984843,1151,842600,3476500,6601750,5689000,16609850,16718750,966,6437500,3796600,2835000,0,3612,0,5,0
47,3877288378,1152,847000,2872000,5906800,6984150,16609950,16719500,1231,5735350,3609150,3456600,0,2972,0,5,0
48,4236526315,1153,1817450,2554150,7420950,4054000,15846550,16720050,715,7246650,3672450,3512150,0,3612,0,5,0
49,533834014,1154,846000,3245850,7406750,5117400,16616000,16721100,930,7237250,3663500,3500300,0,3612,0,5,0
50,1649361089,1155,1313400,2033550,6737850,6524750,16609550,16718700,1138,6566450,3478300,3332600,0,2972,0,5,0
51,2486981906,1156,835900,2520350,7545850,5709650,16611750,16717950,971,7381700,3688300,3534600,0,3612,0,5,0
52,1706075277,1157,827700,3402850,7244200,5135050,16609800,16717600,942,7076950,3536100,3400000,0,3612,0,5,0
53,267972368,1158,842000,2785550,5954650,7029950,16612150,16719000,1241,5784800,3644750,3482400,0,2972,0,5,0
54,3895401273,1159,838100,3269350,7520050,4985900,16613400,16722800,904,7352950,3662400,3507700,0,3612,0,5,0
55,605985656,1160,1492000,2548450,7425200,5494600,16960250,17066800,927,7237000,3657100,3496100,0,3612,0,5,0
56,4077673024,1161,901850,8311100,11692350,12076950,32982250,33090500,2139,11525200,4411450,4268400,0,6632,0,5,0
57,985632231,1162,879000,8959950,12480650,11010900,33330500,33437250,1965,12307800,4531350,4363450,0,7312,0,5,0
58,3720590956,1163,875400,3288900,7550300,4898250,16612850,16718550,881,7374650,3791800,3636250,0,3652,0,5,0
59,3264032585,1164,1437500,2027100,6696000,6496400,16657000,16767150,1132,6516650,3470150,3321550,0,2972,0,5,0
60,395405688,1165,873300,2501550,7373350,5813850,16562050,16673150,992,7209300,3671700,3523850,0,3612,0,5,0
61,32142420,1166,883300,3419900,7523550,4781850,16608600,16719500,868,7346000,3700900,3567000,0,3612,0,5,0
62,1187067055,1167,886750,2807700,5985050,6927000,16606500,16716850,1218,5825350,3682150,3530800,0,2972,0,5,0
63,459140908,1168,888350,3307550,7388700,5025500,16610100,16720500,913,7219350,3630850,3469950,0,3612,0,5,0
64,3369786495,1169,1516150,2513050,7365550,5214150,16608900,16717850,923,7191400,3657200,3505300,0,3612,0,5,0
65,1572434254,1170,886850,2019100,6727800,6539150,16172900,16721100,1142,6548050,3479300,3321200,0,2972,0,5,0
66,4107798823,1171,868950,3418200,6567000,5754850,16609000,16717450,979,6401100,3762350,3604800,0,3612,0,5,0
67,343968250,1172,882350,3349000,7814750,4566050,16612150,16719700,784,7637000,3880650,3736500,0,3612,0,5,0
68,3102454017,1173,873050,2822700,6029300,6889000,16614050,16721950,1206,5871300,2818100,2683750,0,2972,0,5,0
69,3051095563,1174,882900,3274550,7381250,5068550,16607250,16717800,921,7208800,3651500,3487500,0,3612,0,5,0
70,2391331016,1175,1411500,2497100,9693500,3318650,16920750,17031300,549,9522650,3626200,3476650,0,3612,0,5,0
71,3869016117,1176,885250,2030150,6743050,6641350,16299800,16407850,1162,6558550,3487300,3328250,0,2972,0,5,0
72,1579800804,1177,873850,3482650,7134900,5121650,16613050,16717600,945,6448450,2976500,2844100,0,3612,0,5,0
73,2792341157,1178,878050,3281100,7561550,4888650,16609350,16721400,893,7383050,3627750,3479100,0,3612,0,5,0
74,714702942,1179,881550,2951350,6810250,5966900,16610050,16720700,1111,6651850,3453600,3310200,0,2972,0,5,0
75,1092538936,1180,1556200,2554200,7406900,5090000,16607300,16717500,923,7237450,3666750,3497350,0,3612,0,5,0
76,1561271239,1181,1323750,2515400,7647950,5118650,16605750,16717750,850,7482500,3816100,3666800,0,4252,0,5,0
77,3798074098,1182,883400,2024950,7086600,6617500,16612450,16720650,1154,6917950,3621650,3461950,0,3612,0,5,0
78,3022639071,1183,893950,3504650,7683850,3754300,15836750,16718150,655,7508900,3767150,3596950,0,4252,0,5,0
79,2282770062,1184,883350,3285750,7709000,4730300,16608400,16719600,851,7527900,3712950,3547000,0,3932,0,5,0
80,1626512457,1185,882850,3055950,6886000,5786400,16611200,16720750,1067,6722350,3530700,3374750,0,3292,0,5,0
81,3156888026,1186,1464900,2528950,7435850,6777950,18207650,18314600,199,7264550,3660350,3498800,0,3612,0,5,0
82,3038824309,1187,890450,5052400,7439700,1625000,15007550,15121250,224,7262250,3675450,3517550,0,3612,0,5,0
83,1261846460,1188,884450,2038150,6788300,6902050,16612950,16720750,1211,5800550,3625650,3467450,0,2972,0,5,0
84,2035201521,1189,893700,3333850,7562550,4816700,16606800,16720350,878,7398400,3639550,3487900,0,3612,0,5,0
85,2164446652,1190,885650,3351200,7455650,4913950,16606450,16716250,888,7278650,3633750,3469200,0,3612,0,5,0
86,2017191835,1191,1487250,2071850,6825100,6224500,16608700,16719600,1159,6658600,3582250,3441350,0,2972,0,5,0
87,3029138484,1192,1350850,2538450,7466950,5254100,16610350,16722950,879,7293550,3682150,3525900,0,3612,0,5,0
88,50355403,1193,862950,2507200,7387500,5850000,16607650,16720000,1000,6346050,3680700,3523350,0,3612,0,5,0
89,654213990,1194,890750,2971050,5918950,6824250,16605000,16717800,1167,5748650,3603050,3448750,0,2972,0,5,0
90,2360099787,1195,885650,3303700,7540950,4880850,16611150,16720600,881,7373450,3627100,3462650,0,3612,0,5,0
91,2424818746,1196,888050,3275200,7386200,5058700,16608150,16719100,917,7216450,3649150,3491750,0,3612,0,5,0
92,1971386461,1197,1450550,2042600,7017500,6406700,16917350,17029550,1071,6846250,3779300,3624950,0,2972,0,5,0
93,3386045126,1198,894300,2524100,7424100,5457250,16299750,16406150,918,6401550,3674000,3520550,0,3612,0,5,0
94,1429641961,1199,876450,3497400,6609350,5625700,16608900,16721450,954,6448750,2973700,2834100,0,3612,0,5,0
95,3022846880,1200,882350,2923450,5914850,6885450,16606100,16715850,1186,5744400,3614950,3457450,0,2972,0,5,0
96,1601897261,1201,881250,3310900,7488450,4932850,16613450,16723300,892,7324400,3647100,3483550,0,3612,0,5,0
97,1229951528,1202,890400,3248150,7391950,5077400,16607900,16717450,922,7218400,3661950,3498100,0,3612,0,5,0
98,4065171759,1203,1368300,2031300,6713500,6619500,16732600,16843700,1128,6550900,3481050,3333800,0,2972,0,5,0
99,1034325744,1204,877200,3396050,6570600,5642300,16486150,16596000,958,6402950,3684850,3528400,0,3612,0,5,0
100,14078671,1205,877900,3448150,7625350,4655650,16607050,16718850,569,7467600,3721300,3567450,0,4252,0,5,0
101,4024270554,1206,885150,2965350,6911550,5846100,16608150,16720200,1088,6746950,3503350,3355000,0,3612,0,5,0
102,896191351,1207,874000,3455950,7660300,4620200,16610450,16718900,828,7489700,3791650,3633300,0,4252,0,5,0
103,2131384102,1208,3037550,3462050,7700700,2849050,17049350,17157300,481,7529950,3662950,3518450,0,3932,0,5,0
104,2586210593,1209,889950,2018350,6798850,6469100,16176250,16283350,1060,6628900,3561150,3404950,0,3292,0,5,0
105,591918370,1210,876100,3604800,7213850,4911600,16606350,16714100,906,6537300,2957950,2816800,0,3612,0,5,0
106,8814317,1211,878750,3353900,7506150,4867900,16606700,16720300,890,7336750,3595850,3453350,0,3612,0,5,0
107,2340504196,1212,880450,2848100,6735000,6145950,16609500,16719950,1148,6568000,3407950,3259850,0,2972,0,5,0
108,3523076009,1213,1681250,2527200,7564250,4069150,15841850,16717300,721,6429450,3688650,3532450,0,3612,0,5,0
109,1961669028,1214,1432250,2520150,7423600,5302650,16678650,16788150,894,7254000,3655200,3485100,0,3612,0,5,0
110,1037581603,1215,885250,2031200,6737700,6887200,16541350,16651000,1211,6557500,3494200,3338750,0,2972,0,5,0
111,2701024588,1216,869400,3483450,7568200,4692550,16613600,16723050,855,7394700,3584200,3437900,0,3612,0,5,0
112,215037203,1217,881550,3309050,7564700,4853700,16609000,16718300,885,7401900,3628750,3475550,0,3612,0,5,0
113,3696282862,1218,881300,2849850,6804950,6070400,16606500,16716350,1134,6635700,3438100,3289900,0,2972,0,5,0
114,2829142928,1219,1523800,2518600,7553050,5013950,16609400,16720650,907,7392050,3787650,3629850,0,3612,0,5,0
115,3204762949,1220,883150,2514600,7421050,5371700,16190500,16718700,906,7250350,3663000,3501850,0,3612,0,5,0
116,3297489190,1221,872450,2006850,6718550,7008400,16606250,16717800,1236,6540050,3483950,3326750,0,2972,0,5,0
117,1691704917,1222,870000,3420650,8009150,4311000,16610800,16720350,768,7831250,3738800,3593200,0,3612,0,5,0
118,663957814,1223,881300,3299750,7554300,4869300,16604650,16719100,882,7390300,3618550,3450250,0,3612,0,5,0
119,3058583827,1224,880800,2785650,6704450,6237300,16608200,16718950,1165,6533650,3440650,3291150,0,2972,0,5,0
120,838545270,1225,1411900,2494600,7430900,5469400,16806800,16915650,890,7273700,3672650,3508300,0,3612,0,5,0
121,3608912039,1226,878350,2503800,7427600,5604300,16414050,16524850,953,6403750,3667400,3506350,0,3612,0,5,0
122,4080159716,1227,875700,2006250,6680400,7042200,16604550,16717300,1242,5678850,3509100,3355500,0,2972,0,5,0
123,1056027075,1228,886850,3300450,7541700,4880650,16609650,16719150,867,7371900,3611700,3453200,0,3612,0,5,0
124,4057021248,1229,884500,3313200,7671050,4741100,16609850,16720250,853,7509450,3787050,3612700,0,4252,0,5,0
125,2686741161,1230,1552450,2062500,6908850,6090400,16614200,16722750,1129,6742250,3586300,3425100,0,3612,0,5,0
126,3870849660,1231,1344750,2500500,7634450,5127800,16607500,16717700,829,7460800,3799350,3643350,0,4252,0,5,0
127,293449641,1232,878350,3402950,6715350,5614600,16611250,16719900,955,6539900,3767500,3598150,0,3932,0,5,0
128,596064266,1233,885150,3016000,5990100,6717200,16608450,16717550,1179,5824600,3685550,3532750,0,3292,0,5,0
129,3715495249,1234,900900,3270900,7577050,4858850,16607700,16719700,818,7409300,3635150,3465450,0,3612,0,5,0
130,244680018,1235,883300,3417750,7381400,4927600,16610050,16717700,892,7210950,3655200,3504750,0,3612,0,5,0
131,4080661783,1236,1495950,2044400,8024400,5298350,16863100,16971750,846,7840750,4780500,4615550,0,2972,0,5,0
132,4006730450,1237,902150,2522150,7391300,5545550,16361150,16468050,938,6361000,3670400,3516900,0,3612,0,5,0
133,3864584507,1238,889200,3590450,7392750,4735950,16608350,16719500,863,7222550,3559450,3423200,0,3612,0,5,0
134,2711027320,1239,891150,2875550,5952500,6890450,16609650,16719400,1214,5790100,3660600,3515300,0,2972,0,5,0
135,4099079087,1240,889700,3330250,7464850,4920400,16605200,16718250,891,7297050,3639200,3473250,0,3612,0,5,0
136,565333772,1241,1499300,2540050,7500300,5068100,16607750,16721450,921,7341100,3681900,3537700,0,3612,0,5,0
137,1028518269,1242,1359050,2030500,6718700,6499700,16607950,16719350,1135,6547400,3481850,3330650,0,2972,0,5,0
138,2252688136,1243,878050,2480950,7376100,5874800,16609900,16719450,1005,6344650,3669850,3519700,0,3612,0,5,0
139,578597309,1244,890750,3500250,7719350,3732350,15842700,16719150,650,7550650,3648450,3479300,0,3612,0,5,0
140,3624439358,1245,884100,2858800,6011900,6852200,16607000,16716700,1204,5851400,3708900,2663300,0,2972,0,5,0
141,3514067501,1246,895950,3302800,7239050,5170900,16608700,16719950,939,7066600,3478250,2618850,0,3612,0,5,0
142,2741972910,1247,1473200,2496400,7789200,7738100,19496900,19609650,861,7622750,3809150,3657350,0,3612,0,5,0
143,28497579,1248,894750,6975300,6639950,15923150,30433150,30548550,2882,6469050,3421250,3260050,0,2972,0,5,0
144,466729326,1249,894200,3352250,7653850,4708200,16608500,16717250,850,7487800,3750800,3611400,0,3612,0,5,0
145,3425349295,1250,886550,3346900,7490150,4885450,16609050,16722350,883,7316250,3638650,3469800,0,3612,0,5,0
146,1537640620,1251,882000,2724450,6725750,6274450,16606650,16718700,1171,6556600,3456450,3315100,0,2972,0,5,0
147,1853842891,1252,1394500,2517650,7461900,5291850,16665900,16776550,853,7289950,3675700,3509500,0,3612,0,5,0
148,1177024904,1253,870550,2513800,7639250,5521150,16544750,16659600,933,6611950,3823450,3666400,0,4252,0,5,0
149,4106734849,1254,888600,2923700,6152800,6646200,16611300,16720300,1163,5988550,3735850,3576800,0,3612,0,5,0
150,2025356500,1255,878050,3307500,7767950,4658050,16611550,16719750,811,7601700,3759200,3592200,0,4252,0,5,0
151,2189605121,1256,884800,3281300,7520550,4924400,16611050,16719250,891,7351050,3709800,3543850,0,3932,0,5,0
152,4086136290,1257,1503150,2056050,6771050,6283100,16613350,16722000,1169,6599700,3529850,3380200,0,3292,0,5,0
153,4036669705,1258,887200,2513750,7429600,5376750,16207300,16717550,787,7260150,3678150,3528450,0,3612,0,5,0
154,4167980074,1259,869200,3485500,6621450,5632650,16608800,16717950,958,6446400,3796150,3642900,0,3612,0,5,0
155,51187407,1260,887250,2916950,5915450,6892300,16611950,16719800,1214,5751150,3616100,3463500,0,2972,0,5,0
156,2242638442,1261,873700,3308850,7466100,4963300,16611950,16719850,902,7300750,3613250,3452000,0,3612,0,5,0
157,2730108163,1262,890900,3355700,7387450,4976000,16610050,16719100,902,7213800,3656650,3493550,0,3612,0,5,0
158,2718743917,1263,1412400,2045350,6718400,6535400,16711550,16821950,1142,6554350,3479000,3335950,0,2972,0,5,0
159,3391709842,1264,890850,2527250,7414050,5676450,16508600,16615450,964,6392050,3666450,3516500,0,3612,0,5,0
160,1164604273,1265,881450,3592800,7409350,4726750,16610350,16722350,860,7240150,3598750,3457350,0,3612,0,5,0
161,2148591176,1266,883600,4258400,7034900,4429950,16606850,16718900,794,6861400,3519050,3373100,0,2972,0,5,0
162,4192737573,1267,878150,3372350,7374850,4981400,16606750,16716000,904,7209150,3636050,3481000,0,3612,0,5,0
163,535584840,1268,1566550,2566000,7523050,4958050,16613650,16722800,898,7342250,3657300,3499800,0,3612,0,5,0
164,3430794475,1269,1333350,2062200,6695600,6517550,16608700,16718750,1138,6528550,3465500,3315800,0,2972,0,5,0
165,776323552,1270,882500,3465300,6651850,5610200,16609850,16720100,952,6481000,3780300,3613400,0,3612,0,5,0
166,3330991427,1271,888300,3730400,7670100,4317900,16606700,16718750,772,7495750,3636850,3485100,0,3612,0,5,0
167,3282074430,1272,894000,2864950,6032750,6814600,16606300,16717000,1186,5866650,2814400,2672700,0,2972,0,5,0
168,2597814595,1273,884700,3256900,7356950,5109650,16608200,16718450,928,7190850,3658050,3505200,0,3612,0,5,0
169,2225601370,1274,1504200,2544750,7392750,5369650,16811350,16918550,900,7217200,3610300,3448450,0,3612,0,5,0
170,3716853465,1275,880650,2049550,6694050,6787500,16411750,16523150,1192,6519000,3458800,3311500,0,2972,0,5,0
171,1080675697,1276,903200,9083000,12450000,10888950,33325150,33435200,1911,12277600,4477000,4312750,0,7272,0,5,0
172,219920238,1277,884550,9554300,12103250,10790650,33332750,33439250,2007,11924400,5061250,4889600,0,7312,0,5,0
173,3070385651,1278,1365850,2053950,6799700,6397550,16617050,16720100,1082,6627600,3504000,3337000,0,3012,0,5,0
174,2609556270,1279,870100,3367400,6508350,5867900,16613750,16719750,1003,6326500,3674600,3521400,0,3612,0,5,0
175,141401383,1280,886000,3381050,7523350,4817750,16608150,16720000,878,7346350,3609900,3457600,0,3612,0,5,0
176,3034105280,1281,868550,2819250,6009050,6913500,16610350,16719400,1105,5851800,3714300,2663900,0,2972,0,5,0
177,3029196371,1282,883250,3323450,7402150,5005100,16613950,16719800,907,7225450,3661050,3500450,0,3612,0,5,0
178,699378668,1283,1426000,2530750,7377500,5551650,16885900,16995950,939,7208950,3677850,3527950,0,3612,0,5,0
179,2402609405,1284,878550,2009800,6732150,6715000,16335500,16443750,1151,6563150,3490200,3334650,0,2972,0,5,0
CSV_END

NV_DONE_44e50d4cfd8d=0
# 
CAPTURE: {"label": "reconfigured-mailbox-r2-s0-retained", "elapsed_seconds": 10.328133374000117, "bytes_received": 21218, "command": "/tmp/fifo-bench --frames 180 --warmup 30 --wait spin --state-frame 0 --retained --csv /tmp/reconfigured-case.csv; fifo_rc=$?; if [ \"$fifo_rc\" = 0 ]; then printf \"\\nCSV_BEGIN\\n\"; cat /tmp/reconfigured-case.csv; printf \"CSV_END\\n\"; fi; test \"$fifo_rc\" = 0", "command_exit": 0, "login_sent": false, "log": "/path/to/research/experiments/fifo-study-20261008/20261008T123036Z-reconfigured-mailbox-r2-s0-retained.raw"}
