/tmp/app --transport apb --state-frame 3600 --frames 180 --warmup 30 --wait spin --profile detailed --csv /tmp/transport-frames.csv --dump /tmp/transport-frame.raw && printf "CSV_BEGIN\n" && cat /tmp/transport-frames.csv && printf "CSV_END\n"; study_status=$?; printf "\nSTUDY_DONE_3e1634dccbaf=%s\n" "$study_status"
TRANSPORT mode=apb dma_minimum=64
BEGIN_BREAKOUT frames=180 warmup=30 fixed=0 blocks=40 tiles=1 hud=1 wait=spin replay=0 state_frame=3600 profile=detailed pixel_centers=1 clock_call_ns=5917
HW_COUNTERS unavailable
RESULT frames=180 elapsed_s=9.028673250 fps=19.936484 logic_ms=0.813577 api_ms=12.273606 swap_ms=25.093830 wait_ms=11.812612 worker_inclusive_ms=24.860061 upload_inclusive_ms=5.494166 write_ms=5.255540 bytes_per_frame=18724.00 p50_ms=50.157850 p95_ms=50.456250 max_ms=52.715000 late_60hz=180 first_count=5211 last_count=5390 state_hash=3933ec17 remaining=6 score=340
RENDER_PATH retained=0 grouped=0 quads=7380 full_frames=180
FRAME_CHECK count=5390 address=9fe00000 fnv1a=c250e403 pixels=307200 mismatches=0
BREAKOUT_PASS
CSV_BEGIN
frame,state_hash,display_count,logic_ns,api_ns,swap_ns,wait_ns,total_ns,completion_interval_ns,polls,worker_inclusive_ns,upload_inclusive_ns,write_ns,read_ns,write_bytes,read_bytes,write_calls,read_calls,dma_copy_ns,dma_launch_ns,dma_completion_wait_ns,dma_bytes,dma_lists
0,3653798554,5211,1370900,12169400,24268550,12299400,50108250,50119050,2367,24079800,5696750,5475850,0,18692,0,5,0,0,0,0,0,0
1,4254654458,5212,706450,12274200,24646400,12816300,50443350,50552800,2377,24462800,5357400,5158300,0,18692,0,5,0,0,0,0,0,0
2,258432485,5213,704700,12343950,24191800,12414400,49654850,49761700,2389,23998700,4863800,4681250,0,18692,0,5,0,0,0,0,0,0
3,872827290,5214,702400,12526500,25323850,11592750,50145500,50251650,2211,25134300,6014650,5804200,0,18692,0,5,0,0,0,0,0,0
4,30312805,5215,688150,12336150,24221750,12713600,49959650,50063400,2452,24028350,4869650,4689850,0,18692,0,5,0,0,0,0,0,0
5,4016430808,5216,1549750,12294800,26494050,8985350,49323950,50159750,1635,26308300,5383250,5190350,0,18692,0,5,0,0,0,0,0,0
6,3012967645,5217,693700,12343500,24088550,12923050,50048800,50159000,2496,23896300,4722050,4543500,0,18692,0,5,0,0,0,0,0,0
7,3593359732,5218,711800,12022450,25739050,11576050,50049350,50157600,2211,25531750,5975050,5759300,0,18692,0,5,0,0,0,0,0,0
8,2714884843,5219,685150,12246900,24813450,12309450,50054950,50158500,2357,24627950,5107900,4908950,0,19012,0,5,0,0,0,0,0,0
9,1754706848,5220,710300,11811100,25484250,12047750,50053400,50155450,2315,25276250,5962350,5752950,0,19012,0,5,0,0,0,0,0,0
10,634139175,5221,690350,12154950,24617200,12590250,50052750,50157600,2419,24435000,5067600,4870200,0,18692,0,5,0,0,0,0,0,0
11,2225001302,5222,1312600,11902900,24765350,12076500,50057350,50159750,2320,24561850,5660600,5453450,0,18692,0,5,0,0,0,0,0,0
12,3881591779,5223,679900,12205450,24667450,12501600,50054400,50157850,2399,24486350,5241200,5044500,0,18692,0,5,0,0,0,0,0,0
13,2688998526,5224,1219450,12069250,24459850,12304500,50053050,50156250,2368,24259450,5640250,5425150,0,18692,0,5,0,0,0,0,0,0
14,3733755993,5225,692400,12152950,32345750,5205500,50396600,50505550,912,32162900,5274550,5085400,0,18692,0,5,0,0,0,0,0,0
15,4110562030,5226,696250,12151600,26208550,10648000,49704400,49812900,1955,26025550,6191350,5989700,0,18692,0,5,0,0,0,0,0,0
16,2165534041,5227,702800,12121100,25462600,11775400,50061900,50176500,2269,24742450,5478450,5278350,0,18692,0,5,0,0,0,0,0,0
17,51482660,5228,677100,12158850,24438250,12762400,50036600,50139600,2470,24255050,5791750,5573200,0,18692,0,5,0,0,0,0,0,0
18,1808653113,5229,692600,12084500,25488400,11777850,50043350,50153350,2263,25296700,6159500,5954500,0,18692,0,5,0,0,0,0,0,0
19,3012136936,5230,687200,12117500,24686900,12559800,50051400,50160200,2401,24490900,5309800,5140450,0,18692,0,5,0,0,0,0,0,0
20,1547905167,5231,691650,12042100,25437150,11884800,50055700,50157100,2281,25249150,6119100,5915200,0,18692,0,5,0,0,0,0,0,0
21,2010544228,5232,688350,12111950,24368700,12886950,50055950,50160700,2445,24180000,4851500,4670500,0,18692,0,5,0,0,0,0,0,0
22,2331187115,5233,689500,11904100,25219200,12234850,50047650,50154150,2317,25029800,5941550,5731250,0,18692,0,5,0,0,0,0,0,0
23,591091010,5234,691000,12122600,24370450,12872200,50056250,50161100,2354,24187900,4935700,4755650,0,18692,0,5,0,0,0,0,0,0
24,3337222943,5235,1324150,12091150,24351650,12282850,50049800,50155400,2325,24155450,5778300,5562950,0,18692,0,5,0,0,0,0,0,0
25,541067522,5236,693800,12140100,24337350,12879400,50050650,50157850,2169,24150950,5050950,4860850,0,18692,0,5,0,0,0,0,0,0
26,1909576061,5237,1399250,12197350,24168800,12269850,50035250,50156750,2326,23980100,4810450,4634050,0,18692,0,5,0,0,0,0,0,0
27,3576416482,5238,699100,12076450,24650650,13332000,50758200,50868250,2395,24472250,5336800,5145500,0,18692,0,5,0,0,0,0,0,0
28,2786439485,5239,714050,12375200,24771900,10768550,48629700,49449400,2021,24583950,5370400,5176600,0,18692,0,5,0,0,0,0,0,0
29,1931780192,5240,679750,12248200,25390600,11738800,50057350,50159900,2249,25209500,6014150,5805600,0,18692,0,5,0,0,0,0,0,0
30,1799980229,5241,688150,12357100,24187000,12817900,50050150,50155000,2472,23995150,4802250,4618550,0,18692,0,5,0,0,0,0,0,0
31,3538847580,5242,698600,12296650,25884150,11174700,50054100,50159800,2122,25682650,6496750,6273250,0,18692,0,5,0,0,0,0,0,0
32,3831628403,5243,687250,12727400,24749600,11887150,50051400,50154550,2264,24568450,5133000,4935650,0,19012,0,5,0,0,0,0,0,0
33,1903038664,5244,689000,12127300,25499250,11737200,50052750,50159850,2242,25289400,6049150,5839250,0,19012,0,5,0,0,0,0,0,0
34,3410263823,5245,685900,12357750,24672350,14894100,52610100,52715000,1649,24492550,5122450,4923200,0,18692,0,5,0,0,0,0,0,0
35,3263986894,5246,717650,13322450,25454650,7980000,47474750,47600600,1520,24522400,6102150,5899000,0,18692,0,5,0,0,0,0,0,0
36,2175892875,5247,691550,15262100,24379150,9723200,50056000,50159550,1891,24183500,5740800,4793600,0,18692,0,5,0,0,0,0,0,0
37,1813748966,5248,1289700,11989400,24614000,12157300,50050400,50157350,2335,24421150,5782000,5565100,0,18692,0,5,0,0,0,0,0,0
38,833434417,5249,688200,12189500,24949150,12224200,50051050,50156000,2331,24757500,5432200,5227300,0,18692,0,5,0,0,0,0,0,0
39,4097282166,5250,1165850,12130850,24493400,12259100,50049200,50156550,2351,24299500,5686450,4738500,0,18692,0,5,0,0,0,0,0,0
40,192773425,5251,692000,12144150,25977550,11474650,50288350,50396550,2194,25800250,6122350,5916450,0,18692,0,5,0,0,0,0,0,0
41,858826700,5252,678050,12200900,24397250,12536000,49812200,49919300,2409,24206900,4820100,4640000,0,18692,0,5,0,0,0,0,0,0
42,1950483681,5253,691400,12167550,25625100,11568300,50052350,50159050,2215,25439250,6092200,5886250,0,18692,0,5,0,0,0,0,0,0
43,575738928,5254,685750,12131750,24399550,12836100,50053150,50157850,2469,24209950,4810000,4639650,0,18692,0,5,0,0,0,0,0,0
44,1359536727,5255,686950,12145750,25908850,11308850,50050400,50156850,2152,25715100,6087050,5873200,0,18692,0,5,0,0,0,0,0,0
45,3117637717,5256,686500,12162950,24483650,12716750,50049850,50157850,2441,24303900,4801200,4614900,0,18692,0,5,0,0,0,0,0,0
46,2557278958,5257,700700,11979800,29329350,8039350,50049200,50160200,1535,29132050,6142200,5932650,0,18692,0,5,0,0,0,0,0,0
47,3928984507,5258,673050,12127700,24412000,12836200,50048950,50155150,2466,24219100,4894500,4708100,0,18692,0,5,0,0,0,0,0,0
48,3279099526,5259,1309400,11263200,25750150,11727850,50050600,50160050,2221,24822750,6433600,6220600,0,18692,0,5,0,0,0,0,0,0
49,3402996575,5260,706400,12120950,24530400,12693650,50051400,50157900,2400,24347050,5116050,4913950,0,18692,0,5,0,0,0,0,0,0
50,1848951628,5261,1267950,12129500,24351650,12295100,50044200,50156500,2328,24153150,5733450,5510600,0,18692,0,5,0,0,0,0,0,0
51,3328119971,5262,1612450,12203650,24418250,10235650,48470000,50161500,1968,24227200,5730250,5522800,0,18692,0,5,0,0,0,0,0,0
52,536923704,5263,680550,12231350,24333950,12347050,49592900,50155750,2256,24134650,5660100,5452300,0,18692,0,5,0,0,0,0,0,0
53,991563721,5264,699300,12143300,24798800,12615100,50256500,50366050,2293,24621550,5429800,5233350,0,18692,0,5,0,0,0,0,0,0
54,2482503020,5265,685900,12172200,24323150,12656750,49838000,49946950,2408,24125400,5645550,4692900,0,18692,0,5,0,0,0,0,0,0
55,3320786401,5266,693450,12100600,33634250,3696000,50124300,50231500,660,33442650,6136900,5920900,0,18692,0,5,0,0,0,0,0,0
56,1307572882,5267,673750,12199350,27283700,9818450,49975250,50088050,1921,27095450,6134500,5934200,0,19012,0,5,0,0,0,0,0,0
57,1045847897,5268,683650,12493950,25466500,11405250,50049350,50157550,2171,24548600,6050900,5847900,0,19012,0,5,0,0,0,0,0,0
58,2886179050,5269,686500,12322650,24268450,12773750,50051350,50155200,2457,24088300,4829850,4628200,0,18692,0,5,0,0,0,0,0,0
59,961732807,5270,692350,12060800,25291450,12010850,50055450,50160300,2305,25090850,5978450,5763000,0,18692,0,5,0,0,0,0,0,0
60,1947062354,5271,680650,12331900,24387300,12653900,50053750,50157650,2429,24204950,4984300,4786800,0,18692,0,5,0,0,0,0,0,0
61,2075511931,5272,1314850,12547700,24313000,11879950,50055500,50158950,2274,24111400,5684750,5465450,0,18692,0,5,0,0,0,0,0,0
62,2408546800,5273,686550,12336400,24346200,12677700,50046850,50155700,2432,24166450,5074550,4871600,0,18692,0,5,0,0,0,0,0,0
63,460493639,5274,1264000,12230500,24288550,12267800,50050850,50159650,2356,24090250,5685500,5476550,0,18692,0,5,0,0,0,0,0,0
64,1463678916,5275,686750,12165900,24784250,12414700,50051600,50158750,2372,24605200,5371600,5172600,0,18692,0,5,0,0,0,0,0,0
65,3795713909,5276,679300,12195000,24823000,11924400,49621700,50156400,2272,24643500,4873950,4692700,0,18692,0,5,0,0,0,0,0,0
66,1056688136,5277,678850,12158400,24902900,12430850,50171000,50280100,1957,24712400,5401900,4411850,0,18692,0,5,0,0,0,0,0,0
67,202923725,5278,711500,12147550,24409350,12650700,49919100,50035700,2436,24215850,4908000,4735750,0,18692,0,5,0,0,0,0,0,0
68,4012539606,5279,690950,12122350,25441050,11791800,50046150,50157150,2263,25257750,6017950,5810750,0,18692,0,5,0,0,0,0,0,0
69,1087445485,5280,684200,12163200,24807550,12393250,50048200,50155650,2373,24625000,4771600,4591250,0,18692,0,5,0,0,0,0,0,0
70,491589414,5281,679600,12085400,25491250,11792800,50049050,50158350,2255,25292600,6005500,5784350,0,18692,0,5,0,0,0,0,0,0
71,1293200275,5282,685000,12114900,24506250,12749450,50055600,50160200,2451,24322000,4855800,4674100,0,18692,0,5,0,0,0,0,0,0
72,1737595726,5283,693300,11936500,25407600,12016400,50053800,50157100,2300,25214600,5971150,5748800,0,18692,0,5,0,0,0,0,0,0
73,2173390039,5284,686950,12115500,25135650,12114750,50052850,50155850,2314,24951800,5271700,5086800,0,18692,0,5,0,0,0,0,0,0
74,2060004372,5285,713300,12298850,24362400,11230400,48604950,50159900,2124,24171900,4762700,4562300,0,18692,0,5,0,0,0,0,0,0
75,668607547,5286,693550,12098200,29058700,8200650,50051100,50162300,1153,28864100,9725900,9488400,0,18692,0,5,0,0,0,0,0,0
76,3409034624,5287,1262500,12272100,24373400,12134050,50042050,50155500,2059,24173000,5802300,5589650,0,18692,0,5,0,0,0,0,0,0
77,66914193,5288,713700,12248600,24661950,12806700,50430950,50542600,2257,24483950,5366100,5163650,0,18692,0,5,0,0,0,0,0,0
78,2553907572,5289,691150,12187950,24270800,12515200,49665100,49769100,2374,24077400,5629150,5413550,0,18692,0,5,0,0,0,0,0,0
79,890390073,5290,686050,12098850,24583450,12757950,50126300,50236300,2329,24399800,5320750,5118750,0,18692,0,5,0,0,0,0,0,0
80,2223873098,5291,684050,12182800,24282050,12828000,49976900,50080450,2441,24089950,5622500,5411450,0,19012,0,5,0,0,0,0,0,0
81,2336881585,5292,689700,12075500,25391750,11896950,50053900,50160900,2171,25205850,6008800,5804050,0,19012,0,5,0,0,0,0,0,0
82,4135459074,5293,689550,12160650,24186500,13011000,50047700,50156950,2482,23993850,4842200,4666700,0,18692,0,5,0,0,0,0,0,0
83,1986260127,5294,687950,12056350,25339950,11959600,50043850,50155750,2260,25144100,6023050,5819000,0,18692,0,5,0,0,0,0,0,0
84,353344474,5295,682500,12176800,24180850,13013300,50053450,50159050,2507,23993550,4781100,3831400,0,18692,0,5,0,0,0,0,0,0
85,3169575603,5296,690400,12008450,25257150,12094050,50050050,50158500,2322,24320800,5961850,5752900,0,18692,0,5,0,0,0,0,0,0
86,210205944,5297,684800,12632250,24518200,12215900,50051150,50156000,2335,24337950,5239100,5042550,0,18692,0,5,0,0,0,0,0,0
87,1677393503,5298,1302350,13750500,24396600,10600050,50049500,50160150,1984,24219350,5152700,4949750,0,18692,0,5,0,0,0,0,0,0
88,3832728684,5299,683050,12314850,24495200,12558250,50051350,50156000,2408,24316150,5237550,5047350,0,18692,0,5,0,0,0,0,0,0
89,2074852568,5300,1203950,12322950,24265050,12259000,50050950,50160250,2356,24073450,5615200,5412450,0,18692,0,5,0,0,0,0,0,0
90,1464943173,5301,685100,12572150,25316550,11833500,50407300,50512150,2277,24565250,5438800,4435150,0,18692,0,5,0,0,0,0,0,0
91,315990800,5302,687250,12298950,24218450,12489150,49693800,49800050,2406,24024950,4851550,4682150,0,18692,0,5,0,0,0,0,0,0
92,1451405891,5303,688050,12126750,25441850,11819700,50076350,50185100,2278,24702850,5439000,4431500,0,18692,0,5,0,0,0,0,0,0
93,3196408848,5304,686800,12164550,24364550,12806850,50022750,50131850,2473,24170150,4844700,4673800,0,18692,0,5,0,0,0,0,0,0
94,141073587,5305,690350,12113300,25772350,11473450,50049450,50157750,2185,25574800,6017200,5806300,0,18692,0,5,0,0,0,0,0,0
95,3576439062,5306,678650,12203100,24391200,12780300,50053250,50159000,2460,24203850,4760250,3835500,0,18692,0,5,0,0,0,0,0,0
96,2798564443,5307,692050,19052750,24788000,5519550,50052350,50158250,975,24602650,5386400,5195800,0,18692,0,5,0,0,0,0,0,0
97,3409362634,5308,687250,12109500,27458550,9797100,50052400,50157350,1912,27262700,5892800,5681150,0,18692,0,5,0,0,0,0,0,0
98,1459202337,5309,732950,12203050,25143900,10519300,48599200,50159100,1970,24965750,5126150,4924900,0,18692,0,5,0,0,0,0,0,0
99,1984418334,5310,685350,12146850,24707650,12506000,50045850,50156000,2396,24525700,5107500,4911550,0,18692,0,5,0,0,0,0,0,0
100,2690152925,5311,1334500,12102500,24424300,12191900,50053200,50156700,2342,24222150,5717150,5502750,0,18692,0,5,0,0,0,0,0,0
101,2607809844,5312,691150,12126500,24641950,12590350,50049950,50157050,2414,24467600,5246150,5062250,0,18692,0,5,0,0,0,0,0,0
102,3522750362,5313,1161200,12203650,24532100,12152400,50049350,50161400,2333,24341450,5965100,5732850,0,18692,0,5,0,0,0,0,0,0
103,2368404599,5314,697900,12063150,24829450,12747700,50338200,50447100,2362,24651600,5504650,5308900,0,18692,0,5,0,0,0,0,0,0
104,3250007036,5315,683100,12173400,24385100,12520750,49762350,49865750,2410,24191200,5725650,5513750,0,19012,0,5,0,0,0,0,0,0
105,1111684799,5316,685750,12103750,24834300,12429850,50053650,50160650,2251,24647700,5423350,4434350,0,19012,0,5,0,0,0,0,0,0
106,2213018028,5317,681900,12146750,24202950,13018100,50049700,50154950,2409,24005400,5641500,5426050,0,18692,0,5,0,0,0,0,0,0
107,3171439817,5318,695300,12071000,26510600,10771300,50048200,50157500,1992,26321400,6647700,6409250,0,18692,0,5,0,0,0,0,0,0
108,2255827236,5319,679000,12199600,24093900,13083550,50056050,50159900,2496,23899450,4761150,4582750,0,18692,0,5,0,0,0,0,0,0
109,2472184909,5320,690050,11965700,25277500,12119250,50052500,50159550,2295,25087750,5967350,5753400,0,18692,0,5,0,0,0,0,0,0
110,3140412334,5321,683050,12160700,24345100,12861050,50049900,50153700,2388,24160300,4817050,4628650,0,18692,0,5,0,0,0,0,0,0
111,785888721,5322,1391250,11203850,25247100,12207500,50049700,50160000,2313,24311700,5959700,5752650,0,18692,0,5,0,0,0,0,0,0
112,1084583170,5323,685400,12154100,24491000,12720700,50051200,50157700,2444,24303250,5109250,4904700,0,18692,0,5,0,0,0,0,0,0
113,4019848443,5324,1445500,12085300,24340450,12179450,50050700,50159200,2336,24150400,5739050,5528000,0,18692,0,5,0,0,0,0,0,0
114,808788421,5325,688900,12293600,24768900,12294450,50045850,50157350,2350,24588750,5419000,5216100,0,18692,0,5,0,0,0,0,0,0
115,3645042740,5326,1167950,12565150,24160400,12153600,50047100,50156750,2330,23972350,4719450,4532300,0,18692,0,5,0,0,0,0,0,0
116,2991496187,5327,688000,12284300,32796250,4525900,50294450,50401200,761,32612300,5441150,5237800,0,18692,0,5,0,0,0,0,0,0
117,3919662364,5328,690850,12335300,24201350,12580300,49807800,49917850,2094,24008200,4755450,4585100,0,18692,0,5,0,0,0,0,0,0
118,1681074571,5329,711900,12323900,25340650,11664850,50041300,50156150,2233,25157950,6016250,5803550,0,18692,0,5,0,0,0,0,0,0
119,4218967458,5330,689550,12586900,24227450,12543450,50047350,50154500,2411,24037450,4752650,4576900,0,18692,0,5,0,0,0,0,0,0
120,625353107,5331,696350,12139350,25492500,11726350,50054550,50162000,2244,25301700,5993450,5777700,0,18692,0,5,0,0,0,0,0,0
121,3717195990,5332,700050,12311700,24924450,11380950,49317150,50156100,2152,24740250,5433550,5239600,0,18692,0,5,0,0,0,0,0,0
122,2425705089,5333,673650,12047350,25430950,11890100,50042050,50158300,2278,25234800,6006750,5795650,0,18692,0,5,0,0,0,0,0,0
123,2555484258,5334,689000,12152950,25424000,11782650,50048600,50157200,2240,25243100,5420750,5227700,0,18692,0,5,0,0,0,0,0,0
124,1141451493,5335,1328900,11286600,25440750,11995000,50051250,50158150,2298,24522650,5975200,5755000,0,18692,0,5,0,0,0,0,0,0
125,1505942736,5336,706700,12115600,24884550,12348900,50055750,50159250,2363,24699350,5295500,5096650,0,18692,0,5,0,0,0,0,0,0
126,2491710369,5337,1260250,13847250,24894350,10047750,50049600,50155350,1862,24705050,5438350,5245600,0,18692,0,5,0,0,0,0,0,0
127,2825516936,5338,676850,12101500,25254150,12022900,50055400,50160150,2291,25069800,5460400,5265950,0,18692,0,5,0,0,0,0,0,0
128,809518447,5339,711500,12258300,25004800,10363750,48338350,50158100,1934,24821900,5498500,5304450,0,19012,0,5,0,0,0,0,0,0
129,1081694344,5340,672250,12106750,25017600,12452250,50248850,50354350,2294,24846200,5498300,5299450,0,19012,0,5,0,0,0,0,0,0
130,3544546839,5341,679200,12190300,24290500,12689350,49849350,49959650,2452,24100050,5642350,5432450,0,18692,0,5,0,0,0,0,0,0
131,2291142598,5342,685650,12110900,25939500,11312150,50048200,50156750,2157,25744500,6586950,6371250,0,18692,0,5,0,0,0,0,0,0
132,3252385439,5343,681350,12211450,24276250,12882700,50051750,50159450,2489,24083600,4903650,4729800,0,18692,0,5,0,0,0,0,0,0
133,1602009306,5344,688150,12083200,25608050,11674400,50053800,50157450,2236,25412250,6207300,5995700,0,18692,0,5,0,0,0,0,0,0
134,2497072261,5345,678600,12186250,24168100,13021800,50054750,50159750,2480,23977850,4773050,4594750,0,18692,0,5,0,0,0,0,0,0
135,3739067406,5346,699150,11906100,25374200,12066150,50045600,50155400,2203,25172100,6012350,5802600,0,18692,0,5,0,0,0,0,0,0
136,1716074641,5347,689650,12198400,24424250,12745800,50058100,50160650,1884,24240550,5016050,4826500,0,18692,0,5,0,0,0,0,0,0
137,3982919220,5348,4466600,12039100,25497350,8033100,50036150,50154350,1499,24567450,6086150,5870950,0,18692,0,5,0,0,0,0,0,0
138,2723337005,5349,683950,13598450,25513750,10258600,50054750,50161000,1982,25319300,6099750,5873400,0,18692,0,5,0,0,0,0,0,0
139,733376204,5350,1243800,12144950,24420950,12234950,50044650,50154700,2264,24223800,5771100,5560450,0,18692,0,5,0,0,0,0,0,0
140,43915006,5351,689500,12223800,24715300,12421700,50050300,50159100,2374,24540000,5433500,5229400,0,18692,0,5,0,0,0,0,0,0
141,2309932913,5352,685500,12149650,24210150,12434650,49479950,50157850,2394,24022500,4802350,4621600,0,18692,0,5,0,0,0,0,0,0
142,1653305798,5353,688900,12324350,25408250,11754600,50176100,50285950,2261,25236900,5521550,5322800,0,18692,0,5,0,0,0,0,0,0
143,145291823,5354,688550,12338600,24247900,12641650,49916700,50029200,2437,24064000,4802450,4630700,0,18692,0,5,0,0,0,0,0,0
144,3013902878,5355,708900,13521500,24251100,10841350,49322850,50159100,2048,24056950,4818450,4645550,0,18692,0,5,0,0,0,0,0,0
145,2859971923,5356,680350,12288950,24149750,12928750,50047800,50157500,2498,23965750,4738900,4558500,0,18692,0,5,0,0,0,0,0,0
146,3026746148,5357,693550,12236950,25343750,11776800,50051050,50159500,2254,25149150,6057100,5836950,0,18692,0,5,0,0,0,0,0,0
147,736325239,5358,703000,12239800,24289500,12819850,50052150,50156600,2466,24104500,4784600,4600300,0,18692,0,5,0,0,0,0,0,0
148,2759885216,5359,684350,11957850,27488450,9917550,50048200,50154950,1838,27305500,5339250,5153100,0,18692,0,5,0,0,0,0,0,0
149,1930007773,5360,675250,12182550,24732500,12466100,50056400,50159450,2387,24552150,5120550,4929750,0,18692,0,5,0,0,0,0,0,0
150,4233548434,5361,1332150,11965500,24667550,12083850,50049050,50157200,2318,24474200,5898150,5680350,0,19012,0,5,0,0,0,0,0,0
151,3821597075,5362,690150,12104500,25126750,12128700,50050100,50158250,2313,24947350,5488900,5284450,0,19012,0,5,0,0,0,0,0,0
152,1056834796,5363,1241750,12141350,24717600,11951100,50051800,50159100,2286,24528650,4784100,4607050,0,19012,0,5,0,0,0,0,0,0
153,2756113825,5364,682500,12173150,24973700,12612400,50441750,50548750,2332,24793500,5432150,5225550,0,18692,0,5,0,0,0,0,0,0
154,2193869574,5365,695550,12202750,24284350,12470800,49653450,49765300,2397,24094800,4762300,4580850,0,18692,0,5,0,0,0,0,0,0
155,39089791,5366,687750,12118800,25532450,11803050,50142050,50251700,2271,24777250,5452700,5240100,0,18692,0,5,0,0,0,0,0,0
156,1158667078,5367,685150,12210400,24818200,12249200,49962950,50066750,2345,24632500,4824600,4627300,0,18692,0,5,0,0,0,0,0,0
157,4085879547,5368,692150,12125150,33618100,3611100,50046500,50156350,671,33435450,6049700,5850400,0,18692,0,5,0,0,0,0,0,0
158,313686028,5369,673150,12186600,27128650,10063500,50051900,50156800,1976,26949700,5682050,5466000,0,18692,0,5,0,0,0,0,0,0
159,3216587021,5370,680750,12071550,25510300,11786150,50048750,50156650,2257,25314600,6163850,5938200,0,18692,0,5,0,0,0,0,0,0
160,876009466,5371,690600,12167950,24534600,12660100,50053250,50158100,2420,24333700,5117900,4942450,0,18692,0,5,0,0,0,0,0,0
161,981002535,5372,703350,11860850,25415350,12074750,50054300,50160650,2318,25219550,6079800,5874150,0,18692,0,5,0,0,0,0,0,0
162,47529864,5373,682200,12185050,24464800,12720650,50052700,50159200,2407,24281100,5055000,4853550,0,18692,0,5,0,0,0,0,0,0
163,868088385,5374,1308050,11926450,24593900,12219400,50047800,50157550,2313,24402250,5923900,5710450,0,18692,0,5,0,0,0,0,0,0
164,2331947246,5375,688350,12204300,24363350,12798850,50054850,50157850,2346,24188450,5112800,4918450,0,18692,0,5,0,0,0,0,0,0
165,2168054517,5376,1209700,12095650,24334700,12406400,50046450,50157000,2351,24141450,5693100,5475500,0,18692,0,5,0,0,0,0,0,0
166,3926666066,5377,691350,12163950,24762000,12796450,50413750,50523700,2337,24588700,5414650,5214950,0,18692,0,5,0,0,0,0,0,0
167,1177610667,5378,692050,12121050,24253950,12612850,49679900,49791450,2401,24060500,5568400,5364750,0,18692,0,5,0,0,0,0,0,0
168,3782405190,5379,688500,12146200,24669250,13213600,50717550,50828600,2015,24484650,5380950,5188650,0,18692,0,5,0,0,0,0,0,0
169,916405275,5380,702300,12164450,24510250,11993500,49370500,49485500,2285,24326850,4997350,4819000,0,18692,0,5,0,0,0,0,0,0
170,1596582148,5381,697150,12286650,25331450,11737750,50053000,50161300,2244,25139450,5998700,5782300,0,18692,0,5,0,0,0,0,0,0
171,4199562603,5382,690550,12312450,24203750,12843800,50050550,50153750,2477,24013400,4703450,4524350,0,18692,0,5,0,0,0,0,0,0
172,3017986708,5383,692150,12206700,25234400,11923300,50056550,50159800,2285,25033550,5983300,5765350,0,18692,0,5,0,0,0,0,0,0
173,2654286289,5384,685150,12626800,24440150,12302450,50054550,50156600,2354,24261350,5100250,4905950,0,18692,0,5,0,0,0,0,0,0
174,1031695476,5385,684400,12040850,25307400,12019600,50052250,50160300,2302,24383150,5954350,5738050,0,19012,0,5,0,0,0,0,0,0
175,2959877989,5386,689600,12262950,24571400,12529200,50053150,50158050,2403,24393400,5159600,4968450,0,19012,0,5,0,0,0,0,0,0
176,1566373458,5387,1313750,12151550,24316500,12269900,50051700,50158250,2357,24125850,5703850,5488300,0,19012,0,5,0,0,0,0,0,0
177,3017804585,5388,692400,12113800,25091600,12157200,50055000,50161800,1164,24912450,5361650,5172100,0,18692,0,5,0,0,0,0,0,0
178,1442923286,5389,1222250,12238250,24322850,12251000,50034350,50151550,2352,24128550,4783250,4605550,0,18692,0,5,0,0,0,0,0,0
179,959704087,5390,680050,14436400,24405550,10829500,50351500,50456250,2047,24209050,5645650,5434500,0,18692,0,5,0,0,0,0,0,0
CSV_END

STUDY_DONE_3e1634dccbaf=0
# 