/tmp/app --transport apb --state-frame 0 --frames 180 --warmup 30 --wait spin --profile detailed --csv /tmp/transport-frames.csv && printf "CSV_BEGIN\n" && cat /tmp/transport-frames.csv && printf "CSV_END\n"; study_status=$?; printf "\nSTUDY_DONE_a13a488894ee=%s\n" "$study_status"
TRANSPORT mode=apb dma_minimum=64
BEGIN_BREAKOUT frames=180 warmup=30 fixed=0 blocks=40 tiles=1 hud=1 wait=spin replay=0 state_frame=0 profile=detailed pixel_centers=1 clock_call_ns=5344
HW_COUNTERS unavailable
RESULT frames=180 elapsed_s=12.221180900 fps=14.728528 logic_ms=0.988247 api_ms=20.766348 swap_ms=39.768902 wait_ms=6.217069 worker_inclusive_ms=39.541122 upload_inclusive_ms=8.194831 write_ms=7.903544 bytes_per_frame=30951.56 p50_ms=66.877300 p95_ms=83.426550 max_ms=83.917750 late_60hz=180 first_count=17639 last_count=17818 state_hash=8f34e8fd remaining=38 score=20
RENDER_PATH retained=0 grouped=0 quads=13131 full_frames=180
BREAKOUT_PASS
CSV_BEGIN
frame,state_hash,display_count,logic_ns,api_ns,swap_ns,wait_ns,total_ns,completion_interval_ns,polls,worker_inclusive_ns,upload_inclusive_ns,write_ns,read_ns,write_bytes,read_bytes,write_calls,read_calls,dma_copy_ns,dma_launch_ns,dma_completion_wait_ns,dma_bytes,dma_lists
0,3724779174,17639,724200,20808400,39231750,5485900,66250250,66259800,1074,39040300,7911700,7694500,0,31172,0,5,0,0,0,0,0,0
1,1709657109,17640,869950,20907350,38693650,6295700,66766650,66880450,1145,38519800,8227250,7985850,0,31172,0,5,0,0,0,0,0,0
2,1894904752,17641,842650,20422700,41767950,3729000,66762300,66875450,700,41581050,9207100,8942900,0,31172,0,5,0,0,0,0,0,0
3,3703759967,17642,809100,20666950,39500000,5784400,66760450,66875850,1131,39325950,7954150,7732650,0,31172,0,5,0,0,0,0,0,0
4,19533624,17643,1373150,20498800,39251950,5638750,66762650,66878150,1111,39070350,8737550,8474400,0,31172,0,5,0,0,0,0,0,0
5,816884773,17644,1668450,20476000,39372450,4510200,66027100,66876600,869,39190650,8788950,8529550,0,31172,0,5,0,0,0,0,0,0
6,1339236364,17645,827850,20617200,39247150,6427100,67119300,67232050,1153,39067900,7862600,7624400,0,31172,0,5,0,0,0,0,0,0
7,3072959373,17646,809900,20495400,39420800,5685200,66411300,66523700,1116,39226150,8115550,7888750,0,31172,0,5,0,0,0,0,0,0
8,1782884746,17647,830800,20870350,39733100,5331700,66765950,66877000,1053,38976800,8212500,7945800,0,31172,0,5,0,0,0,0,0,0
9,30296781,17648,797750,20462700,39738800,5772000,66771250,66879700,1036,39560550,8160200,7917100,0,31492,0,5,0,0,0,0,0,0
10,4026418858,17649,829150,20663900,41394450,3876200,66763700,66873050,696,41201200,8359900,8124600,0,31492,0,5,0,0,0,0,0,0
11,2084929051,17650,1302200,20505250,39396400,5560200,66764050,66877950,1093,39214500,8042650,7823600,0,31492,0,5,0,0,0,0,0,0
12,3114489770,17651,824400,20309550,47005050,15344150,83483150,83596500,2869,46820250,15619550,13845100,0,31172,0,5,0,0,0,0,0,0
13,891400471,17652,806700,20400800,39319050,6237800,66764350,66878450,1137,39142250,8169100,7925700,0,31172,0,5,0,0,0,0,0,0
14,3472773456,17653,824850,20440650,39083400,6416750,66765650,66876150,1274,38900350,7886200,7651800,0,31172,0,5,0,0,0,0,0,0
15,3010688243,17654,803100,20627450,39497400,5409300,66337250,66879950,1059,39318300,7877300,7649950,0,31172,0,5,0,0,0,0,0,0
16,2819524756,17655,832300,21130950,38525400,6269950,66758600,66874400,1134,38348000,8257350,8010250,0,31172,0,5,0,0,0,0,0,0
17,3241678401,17656,793750,20484200,40866750,4620500,66765200,66877100,779,40689000,9677250,9442300,0,31172,0,5,0,0,0,0,0,0
18,2154316504,17657,824800,20487100,39630150,5826400,66768450,66878800,1143,39439850,7820900,7590750,0,31172,0,5,0,0,0,0,0,0
19,772262681,17658,1374500,20641550,39176400,5565150,66757600,66873950,1064,38996050,8714200,8447000,0,31172,0,5,0,0,0,0,0,0
20,3882818750,17659,830300,20331450,39296350,6304600,66762700,66877400,1149,39104850,8122650,7875200,0,31172,0,5,0,0,0,0,0,0
21,521131153,17660,799650,20489650,39344200,6470050,67103550,67216500,1196,39156900,8176400,7949700,0,31172,0,5,0,0,0,0,0,0
22,1838187414,17661,828650,20610150,39036600,5949100,66424500,66538350,1177,38852800,7997600,7770500,0,31172,0,5,0,0,0,0,0,0
23,840574439,17662,802000,21162700,38654150,6144500,66763350,66878150,1105,38472950,8327750,8064900,0,31172,0,5,0,0,0,0,0,0
24,2879461878,17663,833050,20417400,38967200,6543850,66761500,66878100,1123,38786250,7852150,6800700,0,31172,0,5,0,0,0,0,0,0
25,202086035,17664,800750,20515850,41224150,4217450,66758200,66872900,778,41049800,8144200,7303000,0,31172,0,5,0,0,0,0,0,0
26,959703924,17665,1401350,20629950,39072850,5666450,66770600,66881100,1090,38885750,8710450,7700150,0,31172,0,5,0,0,0,0,0,0
27,3795724423,17666,803800,20397850,44155600,2282400,67639650,67755750,15,43969800,12914850,12639200,0,31172,0,5,0,0,0,0,0,0
28,2500539904,17667,897400,21645900,39375300,3473800,65392400,66253200,646,39185900,8020950,7789300,0,31172,0,5,0,0,0,0,0,0
29,2269000541,17668,810300,20648550,39196400,5852750,66508000,66620250,1155,39014650,8069200,7844250,0,31172,0,5,0,0,0,0,0,0
30,1900681108,17669,1457250,20547100,38679900,6083600,66767850,66880300,1089,38490850,8319950,8058000,0,31172,0,5,0,0,0,0,0,0
31,3680168245,17670,803450,20767100,39334550,5855750,66760850,66875000,1051,39147100,8088750,7857550,0,31172,0,5,0,0,0,0,0,0
32,2344329490,17671,834600,20462550,39171300,6296650,66765100,66877750,1249,38990650,7874700,7651850,0,31172,0,5,0,0,0,0,0,0
33,2130650181,17672,1301500,22141950,39383850,3939350,66766650,66879450,695,39203400,8227000,7992850,0,31492,0,5,0,0,0,0,0,0
34,906966818,17673,837400,21508800,38849300,5567600,66763100,66875500,983,38665350,8235600,7983600,0,31492,0,5,0,0,0,0,0,0
35,3939376531,17674,803700,20427250,39208550,6379050,66818550,66932750,1175,39036750,7919600,7682600,0,31492,0,5,0,0,0,0,0,0
36,2110688546,17675,832300,20602400,39271150,5998300,66704150,66820250,1184,39083800,8117000,7875400,0,31172,0,5,0,0,0,0,0,0
37,2695523007,17676,1427400,20584200,39754150,5002200,66767950,66878300,974,39563250,8179100,7960350,0,31172,0,5,0,0,0,0,0,0
38,744447992,17677,835900,20341200,39375750,6210800,66763650,66876150,1131,39188200,8230250,7981950,0,31172,0,5,0,0,0,0,0,0
39,3728640411,17678,810000,20441350,39256500,6254700,66762550,66876000,1237,39073600,7844600,7609550,0,31172,0,5,0,0,0,0,0,0
40,618879740,17679,1297200,20613000,41769900,3078400,66758500,66877150,501,41589100,8676300,8414950,0,31172,0,5,0,0,0,0,0,0
41,1239708057,17680,802500,20268850,39334450,6358050,66763850,66877100,1159,39151750,8168700,7925450,0,31172,0,5,0,0,0,0,0,0
42,2429742208,17681,833200,20413300,39425550,6100300,66772350,66880650,1113,39236450,8110600,7864500,0,31172,0,5,0,0,0,0,0,0
43,412095716,17682,805150,27938150,39461100,15600950,83805350,83917750,2975,39285250,8724500,7749250,0,31172,0,5,0,0,0,0,0,0
44,1226741467,17683,846850,20463900,39414000,5713000,66437750,66553750,1121,39217250,8120900,7874850,0,31172,0,5,0,0,0,0,0,0
45,3288446148,17684,798100,20885900,38647400,6427850,66759250,66876000,1172,38467400,8193150,7346800,0,31172,0,5,0,0,0,0,0,0
46,1157984843,17685,838400,20567200,39581200,5781550,66768350,66877400,1007,39393750,8209900,7970750,0,31172,0,5,0,0,0,0,0,0
47,3877288378,17686,801950,20519850,39313700,6125200,66760700,66877800,1208,39131750,7955300,7719550,0,31172,0,5,0,0,0,0,0,0
48,4236526315,17687,1394600,22147850,39440850,3781650,66764950,66878700,692,39257500,8240550,7998450,0,31172,0,5,0,0,0,0,0,0
49,533834014,17688,800500,20532400,39664500,5767150,66764550,66877850,1030,39484600,8249750,8002200,0,31172,0,5,0,0,0,0,0,0
50,1649361089,17689,832650,20599050,39136600,6377100,66945400,67059250,1173,38955800,8010300,7756350,0,31172,0,5,0,0,0,0,0,0
51,2486981906,17690,837050,20673450,39095750,5236250,65842500,66693950,1013,38909650,7815300,7582850,0,31172,0,5,0,0,0,0,0,0
52,1706075277,17691,1473900,20412800,39718850,5156250,66761800,66872900,1001,39535150,8798250,8526950,0,31172,0,5,0,0,0,0,0,0
53,267972368,17692,806600,20607600,39290100,6063500,66767800,66880000,1066,39109450,8216150,7969950,0,31172,0,5,0,0,0,0,0,0
54,3895401273,17693,829150,20509750,39227200,6200450,66766550,66879800,911,39037600,7954350,7714100,0,31172,0,5,0,0,0,0,0,0
55,605985656,17694,1768050,20512950,41413550,3051600,66746150,66875500,528,41226850,9733600,9474800,0,31172,0,5,0,0,0,0,0,0
56,4077673024,17695,881300,21157150,38427700,6296800,66762950,66875500,1148,38237850,8110400,7868400,0,30852,0,5,0,0,0,0,0,0
57,985632231,17696,833050,20631500,38976850,6366650,66808050,66916800,1172,38796200,7955550,7705300,0,30852,0,5,0,0,0,0,0,0
58,3720590956,17697,876700,26593800,40645400,15334400,83450300,83559800,3042,38800500,8532950,8265750,0,30852,0,5,0,0,0,0,0,0
59,3264032585,17698,828800,20654650,39463750,5398750,66345950,66874200,1048,39278550,8218000,7986600,0,30852,0,5,0,0,0,0,0,0
60,395405688,17699,864800,20897200,38539350,6462750,66764100,66878700,1181,38341950,8106650,7862500,0,30852,0,5,0,0,0,0,0,0
61,32142420,17700,836200,20474950,39628650,5829950,66769750,66877300,1047,39447850,8186900,7946600,0,30852,0,5,0,0,0,0,0,0
62,1187067055,17701,866900,20648400,39179500,6069850,66764650,66875150,1202,38994800,8070450,7839950,0,30852,0,5,0,0,0,0,0,0
63,459140908,17702,1538850,21960900,39329950,3931750,66761450,66878000,725,39147350,8079900,7854150,0,30852,0,5,0,0,0,0,0,0
64,3369786495,17703,862550,20349650,39550650,6002400,66765250,66879250,1068,39356950,8402250,8155150,0,30852,0,5,0,0,0,0,0,0
65,1572434254,17704,830150,20486550,38957850,6796750,67071300,67182950,1273,38767850,7761000,7526400,0,30852,0,5,0,0,0,0,0,0
66,4107798823,17705,862450,20664950,39332100,5597800,66457300,66570300,1097,39143250,8209350,7976700,0,30852,0,5,0,0,0,0,0,0
67,343968250,17706,833400,20913850,38689350,6325000,66761600,66876800,1084,38511550,8172750,7930400,0,30852,0,5,0,0,0,0,0,0
68,3102454017,17707,860250,20420950,39263600,6216800,66761600,66877400,1134,39069600,8108200,7875700,0,30852,0,5,0,0,0,0,0,0
69,3051095563,17708,839100,20669650,39030450,6227000,66766200,66876300,1234,38848500,7956650,7729350,0,30852,0,5,0,0,0,0,0,0
70,2391331016,17709,1549800,20437250,40484800,4290200,66762050,66877150,771,40292900,10119050,9845000,0,30852,0,5,0,0,0,0,0,0
71,3869016117,17710,853100,21581700,38741600,5580900,66757300,66879700,989,38563550,8169600,7924050,0,30852,0,5,0,0,0,0,0,0
72,1579800804,17711,861850,20439050,38879650,6746550,66927100,67044650,1262,38695100,7729700,7501450,0,30852,0,5,0,0,0,0,0,0
73,2792341157,17712,832750,21282450,46788450,14408850,83312500,83426550,2765,46605200,7814800,7592400,0,30852,0,5,0,0,0,0,0,0
74,714702942,17713,1439500,20429000,39399550,5494800,66762850,66874400,1074,39209250,8045600,7815500,0,30852,0,5,0,0,0,0,0,0
75,1092538936,17714,1696800,20636300,39108200,4595650,66036950,66879950,858,38931550,7988250,7760050,0,30852,0,5,0,0,0,0,0,0
76,1561271239,17715,884500,20435850,39131350,6313250,66764950,66879200,1157,38939700,7901900,6842250,0,31172,0,5,0,0,0,0,0,0
77,3798074098,17716,860700,20800950,39287600,5819750,66769000,66875800,1146,39105000,7822000,7593700,0,31172,0,5,0,0,0,0,0,0
78,3022639071,17717,1487550,21958100,38910050,4409050,66764750,66877050,838,38725300,7789900,7568150,0,31172,0,5,0,0,0,0,0,0
79,2282770062,17718,835250,20585650,39195950,6146700,66763550,66877500,1114,39011650,8160400,7927000,0,30852,0,5,0,0,0,0,0,0
80,1626512457,17719,864650,20780600,38865500,6251250,66762000,66874700,1237,38673600,7733950,7499000,0,30852,0,5,0,0,0,0,0,0
81,3156888026,17720,848200,20501700,39413000,5593050,66355950,66878950,1096,39225800,8014950,7780950,0,30852,0,5,0,0,0,0,0,0
82,3038824309,17721,864150,21100100,38449900,6350850,66765000,66877400,1127,38274000,8134150,7884450,0,30852,0,5,0,0,0,0,0,0
83,1261846460,17722,835900,20836250,39317400,5776800,66766350,66877150,1039,39138350,8049600,7820600,0,30852,0,5,0,0,0,0,0,0
84,2035201521,17723,862700,20445650,39419500,6037550,66765400,66874300,1194,39234500,8054750,7835000,0,30852,0,5,0,0,0,0,0,0
85,2164446652,17724,1388400,20607650,39089250,5685300,66770600,66881850,850,38921050,8665900,7845800,0,30852,0,5,0,0,0,0,0,0
86,2017191835,17725,897350,21888650,39579300,4387450,66752750,66874950,845,39383050,8831800,8561050,0,30852,0,5,0,0,0,0,0,0
87,3029138484,17726,848400,20439000,38899150,6863450,67050000,67166050,1289,38720200,7748400,7512500,0,30852,0,5,0,0,0,0,0,0
88,50355403,17727,860600,20431850,45834350,16064700,83191500,83308350,3048,45654150,8140700,7870400,0,30852,0,5,0,0,0,0,0,0
89,654213990,17728,1362250,20850550,39379250,5171750,66763800,66876750,1008,39201700,8046250,7810750,0,30852,0,5,0,0,0,0,0,0
90,2360099787,17729,872250,20323600,39045500,6522950,66764300,66876000,1197,38859100,8020050,7782550,0,30852,0,5,0,0,0,0,0,0
91,2424818746,17730,836150,20598900,38775650,6623750,66834450,66943400,1231,38585600,7727050,7491400,0,30852,0,5,0,0,0,0,0,0
92,1971386461,17731,892750,20623200,39415900,5768550,66700400,66814300,1137,39227800,7952950,7734200,0,30852,0,5,0,0,0,0,0,0
93,3386045126,17732,1486150,20442900,41423450,3408150,66760650,66873800,612,41240600,8093900,7863250,0,30852,0,5,0,0,0,0,0,0
94,1429641961,17733,866450,20361750,39234250,6300400,66762850,66877050,1151,39057400,8102300,7860700,0,30852,0,5,0,0,0,0,0,0
95,3022846880,17734,829400,20617000,39078850,6237050,66762300,66877050,1203,38894200,7732900,7507300,0,30852,0,5,0,0,0,0,0,0
96,1601897261,17735,1357300,20459900,39162350,5781150,66760700,66877600,1143,38983400,7927350,7701600,0,30852,0,5,0,0,0,0,0,0
97,1229951528,17736,840350,20300250,39123000,6500150,66763750,66877300,1191,38246200,8043200,7799850,0,30852,0,5,0,0,0,0,0,0
98,4065171759,17737,925550,20644900,39442650,5030450,66043550,66879350,874,38499150,8101600,7865350,0,30852,0,5,0,0,0,0,0,0
99,1034325744,17738,844600,20660400,39266800,5991200,66763000,66875650,1183,39082650,8157550,7925900,0,30852,0,5,0,0,0,0,0,0
100,14078671,17739,1482900,20401250,38655550,6224250,66763950,66876950,1120,38468950,8157350,7886050,0,31172,0,5,0,0,0,0,0,0
101,4024270554,17740,840100,22756750,39685800,3480350,66763000,66873900,639,39501050,7796100,7566850,0,31172,0,5,0,0,0,0,0,0
102,896191351,17741,865650,20622000,38883050,6398200,66768900,66881750,1239,38693300,7879150,7647600,0,31172,0,5,0,0,0,0,0,0
103,2131384102,17742,843200,20471700,46969100,14781000,83065000,83597200,2909,46790850,7937200,7717700,0,30852,0,5,0,0,0,0,0,0
104,2586210593,17743,1436150,20632600,39631800,5061350,66761900,66873900,979,39444450,8078300,7852600,0,30852,0,5,0,0,0,0,0,0
105,591918370,17744,836500,20513450,39212600,6208600,66771150,66880300,1128,38306500,8242400,7997700,0,30852,0,5,0,0,0,0,0,0
106,8814317,17745,861600,20481800,38960150,6648400,66951950,67059500,1237,38777100,7734250,7495950,0,30852,0,5,0,0,0,0,0,0
107,2340504196,17746,835500,20515600,39663750,5562750,66577600,66692750,1088,39478450,7866450,7632700,0,30852,0,5,0,0,0,0,0,0
108,3523076009,17747,1516000,20599050,40800950,3846350,66762350,66876300,706,40612750,7889050,6122800,0,30852,0,5,0,0,0,0,0,0
109,1961669028,17748,842650,20444550,39372550,6101900,66761650,66876400,1107,39192300,8139900,7909850,0,30852,0,5,0,0,0,0,0,0
110,1037581603,17749,862300,20535100,39373700,5990350,66761450,66875400,1180,39183150,7751450,7525150,0,30852,0,5,0,0,0,0,0,0
111,2701024588,17750,1337900,20658950,39193150,5574150,66764150,66878150,1097,39009550,7996050,7760250,0,30852,0,5,0,0,0,0,0,0
112,215037203,17751,860900,21181700,38577900,6145500,66766000,66879950,1115,38388050,8255200,8011750,0,30852,0,5,0,0,0,0,0,0
113,3696282862,17752,842000,20490500,42379450,3183050,66895000,67002500,577,42189400,9536900,9266550,0,30852,0,5,0,0,0,0,0,0
114,2829142928,17753,870850,20451850,39298800,6017100,66638600,66749150,1187,39109850,8051800,7832100,0,30852,0,5,0,0,0,0,0,0
115,3204762949,17754,1479850,20573450,39337000,5372100,66762400,66877750,1056,38439600,8156100,7895500,0,30852,0,5,0,0,0,0,0,0
116,3297489190,17755,878300,22703000,39398600,3787950,66767850,66880550,645,39206900,8045000,7821000,0,30852,0,5,0,0,0,0,0,0
117,1691704917,17756,839700,20479550,39127050,6311100,66757400,66871500,1249,38939450,7836150,7607450,0,30852,0,5,0,0,0,0,0,0
118,663957814,17757,1319750,20522100,46119250,15525200,83486300,83600350,2930,45944400,8155150,7902800,0,30852,0,5,0,0,0,0,0,0
119,3058583827,17758,1408150,20452950,39699850,5200750,66761700,66876700,1014,39516800,9087850,8825850,0,30852,0,5,0,0,0,0,0,0
120,838545270,17759,858750,20268400,39282450,6355050,66764650,66879800,1162,39098750,8146200,7911800,0,30852,0,5,0,0,0,0,0,0
121,3608912039,17760,872950,20701450,39320200,5449100,66343700,67179900,961,39140600,8290950,8051250,0,30852,0,5,0,0,0,0,0,0
122,4080159716,17761,862850,20450450,39385700,5762400,66461400,66571400,1076,39192800,8051450,7818800,0,30852,0,5,0,0,0,0,0,0
123,1056027075,17762,831250,20987350,41270700,3671500,66760800,66875250,668,41092350,7829500,7604700,0,30852,0,5,0,0,0,0,0,0
124,4057021248,17763,871800,20552750,39026000,6322000,66772550,66881100,1128,38842800,8041700,7818000,0,31172,0,5,0,0,0,0,0,0
125,2686741161,17764,829700,20475000,39388350,6069300,66762350,66873850,1200,39201000,7968000,7735650,0,31172,0,5,0,0,0,0,0,0
126,3870849660,17765,1420300,20764800,39475450,5103800,66764350,66875800,991,39281500,8053700,7836250,0,31172,0,5,0,0,0,0,0,0
127,293449641,17766,831650,20350600,39157000,6429450,66768700,66881150,1173,38967700,8029950,7787250,0,30852,0,5,0,0,0,0,0,0
128,596064266,17767,880500,20589550,38914200,6544300,66928550,67039000,1215,38725050,7871500,7627650,0,30852,0,5,0,0,0,0,0,0
129,3715495249,17768,843300,20778600,39280300,5696800,66599000,66713500,1120,39093850,7807550,7578650,0,30852,0,5,0,0,0,0,0,0
130,244680018,17769,1511700,20367100,38528350,6358750,66765900,66878350,1157,38339800,8104650,7862400,0,30852,0,5,0,0,0,0,0,0
131,4080661783,17770,845850,23081500,39172750,3666000,66766100,66876150,655,38985700,8001700,7774650,0,30852,0,5,0,0,0,0,0,0
132,4006730450,17771,872950,20785150,38862350,6239450,66759900,66876900,1236,38674300,7735650,7515950,0,30852,0,5,0,0,0,0,0,0
133,3864584507,17772,1304850,20477900,47764900,13934300,83481950,83599200,2728,47576600,7818800,7588200,0,30852,0,5,0,0,0,0,0,0
134,2711027320,17773,1492400,20550550,39243050,5477700,66763700,66874700,1080,39057000,8849900,8582050,0,30852,0,5,0,0,0,0,0,0
135,4099079087,17774,837500,20766750,39291300,5866300,66761850,66876350,1054,38382400,8069050,7825550,0,30852,0,5,0,0,0,0,0,0
136,565333772,17775,882500,20463350,38936350,6487550,66769750,66878700,1289,38757900,7715900,7493800,0,30852,0,5,0,0,0,0,0,0
137,1028518269,17776,837550,20618450,39267550,5625600,66349150,66878100,1076,39083150,8011350,7768400,0,30852,0,5,0,0,0,0,0,0
138,2252688136,17777,888250,21361100,40860550,3649850,66759750,66872700,664,40673250,7819850,6781100,0,30852,0,5,0,0,0,0,0,0
139,578597309,17778,845350,20505750,39309000,6106900,66767000,66880950,1109,39129300,8035550,7209650,0,30852,0,5,0,0,0,0,0,0
140,3624439358,17779,865950,20602850,39132900,6163550,66765250,66876200,1221,38945850,8010550,7775650,0,30852,0,5,0,0,0,0,0,0
141,3514067501,17780,1403000,20658050,39772450,4936600,66770100,66879700,956,39584300,8162550,7935000,0,30852,0,5,0,0,0,0,0,0
142,2741972910,17781,868200,20340950,39142950,6408150,66760250,66873200,1172,38965750,8020800,7774750,0,30852,0,5,0,0,0,0,0,0
143,28497579,17782,839850,20450500,38919200,6854450,67064000,67175200,1284,38735550,7745600,7510350,0,30852,0,5,0,0,0,0,0,0
144,466729326,17783,903100,20776450,39466000,4579450,65725000,66579800,835,39277250,8001650,7780050,0,30852,0,5,0,0,0,0,0,0
145,3425349295,17784,844600,20898300,38599100,6418700,66760700,66877950,1172,38419650,8108600,7873900,0,30852,0,5,0,0,0,0,0,0
146,1537640620,17785,869650,22766100,39191000,3941000,66767750,66875000,747,39009050,7893450,7658900,0,30852,0,5,0,0,0,0,0,0
147,1853842891,17786,847350,20616450,39312650,5989600,66766050,66880000,1182,39131150,7753500,7516850,0,30852,0,5,0,0,0,0,0,0
148,1177024904,17787,1420250,20611900,47137350,14313350,83482850,83597300,2815,46957800,7931300,7702400,0,31172,0,5,0,0,0,0,0,0
149,4106734849,17788,1485500,20427300,39394850,5459250,66766900,66877250,1078,38647400,8150400,7888200,0,31172,0,5,0,0,0,0,0,0
150,2025356500,17789,865800,20521700,39582900,5795450,66765850,66878000,1000,39399300,8104600,7870250,0,31172,0,5,0,0,0,0,0,0
151,2189605121,17790,860950,20429500,39119450,6349850,66759750,66871750,1260,38937150,7874450,7640150,0,30852,0,5,0,0,0,0,0,0
152,4086136290,17791,1327050,20430050,39141250,5867500,66765850,66880350,1163,38955050,7949100,7710050,0,30852,0,5,0,0,0,0,0,0
153,4036669705,17792,847450,21194900,40895100,3825350,66762800,66875000,713,40714250,7734200,7503950,0,30852,0,5,0,0,0,0,0,0
154,4167980074,17793,873900,20613750,38982600,6298750,66769000,66881350,1156,38800150,8022500,7761800,0,30852,0,5,0,0,0,0,0,0
155,51187407,17794,839500,20517250,39511500,5895700,66763950,66874750,1163,39320150,8116250,7872600,0,30852,0,5,0,0,0,0,0,0
156,2242638442,17795,1487350,20396400,39649400,5227850,66761000,66877150,1025,39464250,7984100,7772650,0,30852,0,5,0,0,0,0,0,0
157,2730108163,17796,835450,20540750,39146750,6241150,66764100,66877650,1100,38970350,8095850,7849400,0,30852,0,5,0,0,0,0,0,0
158,2718743917,17797,880050,20460450,38932800,6491800,66765100,66876050,1290,38747150,7751450,7513600,0,30852,0,5,0,0,0,0,0,0
159,3391709842,17798,841600,20479050,39657800,5371350,66349800,66876500,1049,39470700,7972950,7740000,0,30852,0,5,0,0,0,0,0,0
160,1164604273,17799,866950,21064850,38362400,6470700,66764900,66878900,1185,38183550,8090300,7849400,0,30852,0,5,0,0,0,0,0,0
161,2148591176,17800,835200,22961900,39246150,3721550,66764800,66876100,701,39063300,8861650,8590050,0,30852,0,5,0,0,0,0,0,0
162,4192737573,17801,874600,20410800,39517250,5961000,66763650,66877250,1156,39339050,8340450,8101400,0,30852,0,5,0,0,0,0,0,0
163,535584840,17802,1412750,20472700,46281600,15317700,83484750,83598000,2889,46109000,8128450,7874400,0,30852,0,5,0,0,0,0,0,0
164,3430794475,17803,1507600,20416900,38619200,6215650,66759350,66875150,1126,38436950,8163300,7903250,0,30852,0,5,0,0,0,0,0,0
165,776323552,17804,837250,20438550,39655850,5834650,66766300,66878050,1049,39473950,8123000,7887700,0,30852,0,5,0,0,0,0,0,0
166,3330991427,17805,889800,20626200,39023000,6227050,66766050,66876400,1234,38842400,8098150,7862450,0,30852,0,5,0,0,0,0,0,0
167,3282074430,17806,1476900,20453300,39173750,5662000,66765950,66878600,1118,38993500,7953650,7716650,0,30852,0,5,0,0,0,0,0,0
168,2597814595,17807,875250,20311300,42045700,3525200,66757450,66873700,643,41857850,8090300,7846950,0,30852,0,5,0,0,0,0,0,0
169,2225601370,17808,841700,20450250,38947650,6575800,66815400,66926000,1221,38754400,7746200,7502800,0,30852,0,5,0,0,0,0,0,0
170,3716853465,17809,890550,20677650,39332950,5818250,66719400,66829750,1144,39139950,8203500,7974950,0,30852,0,5,0,0,0,0,0,0
171,1080675697,17810,1515000,20169800,38127100,6952300,66764200,66878300,1229,37952500,7949500,7709700,0,30212,0,5,0,0,0,0,0,0
172,219920238,17811,863550,20186700,41443850,4269900,66764000,66875100,819,41257550,7829750,7603450,0,30212,0,5,0,0,0,0,0,0
173,3070385651,17812,833950,20352950,38456600,7123400,66766900,66877100,1430,38277450,7822850,7590750,0,30212,0,5,0,0,0,0,0,0
174,2609556270,17813,1465050,20195500,38166000,6939500,66766050,66878400,1284,37980950,8182750,7930750,0,30212,0,5,0,0,0,0,0,0
175,141401383,17814,830900,21072400,38143150,6718000,66764450,66876200,1239,37960150,7947350,7721500,0,30212,0,5,0,0,0,0,0,0
176,3034105280,17815,865650,20199850,40670650,5033150,66769300,66877500,871,40485750,8033700,7789450,0,30212,0,5,0,0,0,0,0,0
177,3029196371,17816,834700,20452200,38870800,6610600,66768300,66877700,1325,37963150,8002950,7750400,0,30212,0,5,0,0,0,0,0,0
178,699378668,17817,1461400,20550100,45365000,16108200,83484700,83597100,3100,45181600,8412600,8171400,0,30212,0,5,0,0,0,0,0,0
179,2402609405,17818,831250,20079850,38637300,7215650,66764050,66875550,1317,37742400,8016800,7785600,0,30212,0,5,0,0,0,0,0,0
CSV_END

STUDY_DONE_a13a488894ee=0
# 