/tmp/app-lto --transport apb --state-frame 1800 --frames 180 --warmup 30 --wait spin --profile detailed --csv /tmp/transport-frames.csv && printf "CSV_BEGIN\n" && cat /tmp/transport-frames.csv && printf "CSV_END\n"; study_status=$?; printf "\nSTUDY_DONE_4b7c84d0fe69=%s\n" "$study_status"
TRANSPORT mode=apb dma_minimum=64
BEGIN_BREAKOUT frames=180 warmup=30 fixed=0 blocks=40 tiles=1 hud=1 wait=spin replay=0 state_frame=1800 profile=detailed pixel_centers=1 clock_call_ns=4954
HW_COUNTERS unavailable
RESULT frames=180 elapsed_s=9.112008300 fps=19.754152 logic_ms=0.907034 api_ms=12.115893 swap_ms=29.895711 wait_ms=7.561324 worker_inclusive_ms=29.672587 upload_inclusive_ms=6.425330 write_ms=6.206757 bytes_per_frame=24140.89 p50_ms=50.157950 p95_ms=50.474850 max_ms=66.881400 late_60hz=180 first_count=19779 last_count=19958 state_hash=1022e19f remaining=21 score=190
RENDER_PATH retained=0 grouped=0 quads=10250 full_frames=180
BREAKOUT_PASS
CSV_BEGIN
frame,state_hash,display_count,logic_ns,api_ns,swap_ns,wait_ns,total_ns,completion_interval_ns,polls,worker_inclusive_ns,upload_inclusive_ns,write_ns,read_ns,write_bytes,read_bytes,write_calls,read_calls,dma_copy_ns,dma_launch_ns,dma_completion_wait_ns,dma_bytes,dma_lists
0,2110160739,19779,787600,12353150,31749300,5049150,49939200,49949100,966,31561300,8305550,8091100,0,24452,0,5,0,0,0,0,0,0
1,1693181783,19780,794000,12231800,29999800,7027050,50052650,50160100,1327,29793300,6411300,6232550,0,24452,0,5,0,0,0,0,0,0
2,802378003,19781,768900,12331600,29778300,7176300,50055100,50156750,1340,29592250,6238700,6058250,0,24452,0,5,0,0,0,0,0,0
3,773631361,19782,774650,12051750,30298500,6932050,50056950,50159300,1298,30105550,6264900,6067200,0,24452,0,5,0,0,0,0,0,0
4,3600043099,19783,774650,12168550,30075300,7039050,50057550,50158200,1305,29881400,6262000,6077900,0,24452,0,5,0,0,0,0,0,0
5,1618316913,19784,1584050,12221700,30170900,5367600,49344250,50156600,948,29986300,6265350,6085450,0,24452,0,5,0,0,0,0,0,0
6,201713393,19785,775200,12157500,30606150,6515750,50054600,50155250,1305,30429800,6747500,6562400,0,24452,0,5,0,0,0,0,0,0
7,2011502881,19786,1403250,12088150,29929750,6639900,50061050,50160600,1229,29745500,6924550,6707250,0,24452,0,5,0,0,0,0,0,0
8,3125474025,19787,776050,12206000,30431150,6645300,50058500,50157850,1331,30240500,6754200,6568300,0,24452,0,5,0,0,0,0,0,0
9,1342287211,19788,1304950,12154700,29546550,7053350,50059550,50157750,1319,29364500,5813450,5644500,0,24452,0,5,0,0,0,0,0,0
10,3857196809,19789,774450,12172700,30532000,6576050,50055200,50154950,1312,30349600,6815950,6629850,0,24452,0,5,0,0,0,0,0,0
11,2240049260,19790,784400,13272550,38283750,13605150,65945850,66879950,2667,38097050,6634500,6435750,0,24132,0,5,0,0,0,0,0,0
12,1815897908,19791,780500,11883150,29836000,7556850,50056500,50158050,1441,29649950,6454700,6272450,0,24132,0,5,0,0,0,0,0,0
13,648884648,19792,778700,11969800,29780400,7529850,50058750,50158550,1418,29594900,6189000,6003350,0,24132,0,5,0,0,0,0,0,0
14,2931991803,19793,762100,11759600,29644450,7890450,50056600,50157650,1514,29453450,6338450,6155450,0,24132,0,5,0,0,0,0,0,0
15,4227589206,19794,767650,11970900,30635600,6681350,50055500,50156350,1342,30458250,6681750,6495450,0,24132,0,5,0,0,0,0,0,0
16,1986714807,19795,1350150,11916100,28870300,7918300,50054850,50155950,1518,28671050,6230650,6055000,0,24132,0,5,0,0,0,0,0,0
17,28333542,19796,768750,11985750,30171300,7132000,50057800,50158850,1438,30002400,6134050,5954800,0,24132,0,5,0,0,0,0,0,0
18,842458438,19797,1263850,11966650,28858100,7972650,50061250,50159400,1517,28665750,6215700,6013900,0,24132,0,5,0,0,0,0,0,0
19,4035787358,19798,768950,11979850,30416650,7209850,50375300,50474850,1350,30234650,6959050,6769750,0,24132,0,5,0,0,0,0,0,0
20,3966921526,19799,768750,12082800,29033150,7855950,49740650,49841500,1158,28847900,6380250,5598350,0,24132,0,5,0,0,0,0,0,0
21,3331783808,19800,791900,11958550,30205050,7080900,50036400,50155500,1341,30035100,6734550,6537950,0,24132,0,5,0,0,0,0,0,0
22,1855912102,19801,770400,12072850,28991800,8224550,50059600,50159100,1571,28796500,6361000,6147050,0,24132,0,5,0,0,0,0,0,0
23,3437663592,19802,773600,11924150,29982950,7379200,50059900,50159500,1342,29797550,6582350,6391850,0,24132,0,5,0,0,0,0,0,0
24,3162062844,19803,768050,12060000,29318050,7905000,50051100,50154150,1500,29132500,5920900,5754500,0,24132,0,5,0,0,0,0,0,0
25,1213835568,19804,771750,11816050,29907950,7561600,50057350,50158100,1444,29719150,6601800,6415850,0,24132,0,5,0,0,0,0,0,0
26,4133797692,19805,766100,12003700,29684550,7606900,50061250,50161000,1426,29498700,6301000,6118400,0,24132,0,5,0,0,0,0,0,0
27,256876650,19806,1385250,11193650,29782150,7690350,50051400,50156300,1459,29598200,6491800,6314600,0,24452,0,5,0,0,0,0,0,0
28,482917404,19807,803400,12447600,30056100,6029300,49336400,50158150,1187,29877900,6739700,6547900,0,24452,0,5,0,0,0,0,0,0
29,1264633954,19808,1337600,11969650,28775250,7973450,50055950,50156900,1492,28583650,6158550,5976400,0,24132,0,5,0,0,0,0,0,0
30,3606135978,19809,762300,12041400,29406350,7851050,50061100,50160450,1452,29226050,6084000,5902600,0,24132,0,5,0,0,0,0,0,0
31,2630115922,19810,1276100,13551050,36872500,15076150,66775800,66877600,2808,36702800,6208500,6006000,0,24132,0,5,0,0,0,0,0,0
32,3881483034,19811,780550,11975750,29807450,7486650,50050400,50156600,1426,29614500,6411250,6217750,0,24132,0,5,0,0,0,0,0,0
33,2944919204,19812,776700,11986150,29383850,7906950,50053650,50155200,1498,29200050,5942850,5113350,0,24132,0,5,0,0,0,0,0,0
34,646532490,19813,770900,11810850,29759900,7716650,50058300,50158400,1475,29573000,6572500,6382700,0,24132,0,5,0,0,0,0,0,0
35,2877853796,19814,772000,12003850,29815750,7465300,50056900,50158550,1398,29636050,6302050,6121800,0,24132,0,5,0,0,0,0,0,0
36,1922367648,19815,1404150,12289850,28732800,7629400,50056200,50160700,1445,28542200,6234550,6048250,0,24132,0,5,0,0,0,0,0,0
37,1795563108,19816,774250,11959050,29536300,7784150,50053750,50155100,1432,29355000,6156250,5976000,0,24132,0,5,0,0,0,0,0,0
38,214631552,19817,1289100,11957600,28700400,8107150,50054250,50156700,1522,28507950,6167200,5985400,0,24132,0,5,0,0,0,0,0,0
39,1929726190,19818,773350,11978900,29915900,7386800,50054950,50160400,1467,29179750,6074100,5889250,0,24132,0,5,0,0,0,0,0,0
40,1190506064,19819,766700,12315800,28987300,7561850,49631650,50158500,1115,28794250,6474800,5528350,0,24132,0,5,0,0,0,0,0,0
41,3268351150,19820,800950,12035900,29894750,7565650,50297250,50414500,1418,29719150,6633250,6436350,0,24132,0,5,0,0,0,0,0,0
42,118037070,19821,763450,12060650,28869500,8105900,49799500,49901950,1546,28677150,6355800,6143950,0,24132,0,5,0,0,0,0,0,0
43,1955195062,19822,773000,12080250,29989050,7210150,50052450,50154150,1368,29801800,6672800,6480950,0,24132,0,5,0,0,0,0,0,0
44,1797432467,19823,768400,12175150,29903350,7208750,50055650,50160450,1346,29716200,6140600,5960900,0,24132,0,5,0,0,0,0,0,0
45,1035442557,19824,771850,12046750,29739000,7494150,50051750,50155400,1427,29548950,6404200,6219950,0,24132,0,5,0,0,0,0,0,0
46,2267612867,19825,771650,12163300,29592900,7530250,50058100,50159200,1414,29405850,6148150,5967950,0,24132,0,5,0,0,0,0,0,0
47,1217717069,19826,774300,11932100,29568150,7780150,50054700,50156900,1487,29387650,6300800,6114050,0,24132,0,5,0,0,0,0,0,0
48,1461268009,19827,768400,12135450,30381400,6771000,50056250,50159700,1364,29634200,6089200,5906650,0,24132,0,5,0,0,0,0,0,0
49,2370304197,19828,1371000,12038350,28708400,7938450,50056200,50157100,1509,28519850,6183950,5996200,0,24132,0,5,0,0,0,0,0,0
50,655561417,19829,768400,12040500,29529450,7715100,50053450,50157850,1450,29345100,6081500,5893950,0,24132,0,5,0,0,0,0,0,0
51,524675839,19830,815450,13720900,35436050,15487700,65460100,66879200,2738,35243950,12016100,11789000,0,24452,0,5,0,0,0,0,0,0
52,1155835041,19831,813050,14634700,30482450,4105100,50035300,50154450,789,29756150,6090850,5894150,0,24452,0,5,0,0,0,0,0,0
53,214853719,19832,786800,12120600,29018650,8131850,50057900,50157650,1551,28827100,5728700,5559450,0,24132,0,5,0,0,0,0,0,0
54,3035389575,19833,768150,11996950,29620700,7671600,50057400,50157150,1469,29446500,6382200,6201700,0,24132,0,5,0,0,0,0,0,0
55,1549109231,19834,773900,12149600,29624000,7508700,50056200,50158850,1413,29437850,6159400,5981700,0,24132,0,5,0,0,0,0,0,0
56,66132623,19835,1399000,11992950,28978550,7686050,50056550,50158900,1470,28783500,6186100,6008000,0,24132,0,5,0,0,0,0,0,0
57,3504604473,19836,773800,12126700,29497400,7660600,50058500,50159700,1443,29312650,6143750,5963450,0,24132,0,5,0,0,0,0,0,0
58,1691498415,19837,1332850,12027750,28685900,8006650,50053150,50154150,1539,28492450,6196700,6017400,0,24132,0,5,0,0,0,0,0,0
59,4055346753,19838,777000,11984550,29462900,7833100,50057550,50158500,1477,29276000,6075350,5895850,0,24132,0,5,0,0,0,0,0,0
60,4185240021,19839,1250500,11989900,29385900,7430900,50057200,50158150,1402,29194100,6444500,5504550,0,24132,0,5,0,0,0,0,0,0
61,380494641,19840,776350,14639700,29204550,5679250,50299850,50399400,1023,29011600,5727100,5559450,0,24132,0,5,0,0,0,0,0,0
62,648826037,19841,769550,12022050,28848300,8177200,49817100,49916850,1561,28656300,6141150,5946200,0,24132,0,5,0,0,0,0,0,0
63,457329003,19842,774750,11900600,30165000,7215500,50055850,50159350,1369,29976150,6667250,6479150,0,24132,0,5,0,0,0,0,0,0
64,3359035981,19843,771000,12036850,29219850,8028100,50055800,50158700,1506,29037550,6590500,6386800,0,24132,0,5,0,0,0,0,0,0
65,1526400123,19844,780300,11933300,29847750,7493800,50055150,50155650,1429,29670100,6401400,6206300,0,24132,0,5,0,0,0,0,0,0
66,1691524227,19845,763200,12048600,29661450,7582350,50055600,50156100,1427,29478900,6116800,5939400,0,24132,0,5,0,0,0,0,0,0
67,1475349003,19846,775300,11800050,29791000,7689000,50055350,50157900,1469,29606200,6391450,6207000,0,24132,0,5,0,0,0,0,0,0
68,485644907,19847,765850,11998000,29760350,7533350,50057550,50161450,1359,29567100,6154350,5977000,0,24132,0,5,0,0,0,0,0,0
69,1050479637,19848,1422850,11905100,28938450,7781300,50047700,50154200,1489,28735650,6178850,6000100,0,24132,0,5,0,0,0,0,0,0
70,3204525547,19849,768900,12010900,29663250,7614300,50057350,50158350,1431,29478150,6159750,5979100,0,24132,0,5,0,0,0,0,0,0
71,4185398997,19850,1303950,12419950,36770050,16284450,66778400,66881400,2751,36577450,11886250,11679600,0,24132,0,5,0,0,0,0,0,0
72,3094072225,19851,818450,12054550,30116600,7044450,50034050,50156300,1328,29941500,6724500,6525850,0,24132,0,5,0,0,0,0,0,0
73,1835371693,19852,775650,12049100,29210600,8016400,50051750,50154750,1522,29014400,5736750,5569550,0,24132,0,5,0,0,0,0,0,0
74,2168771505,19853,767250,11887750,29778650,7626950,50060600,50162000,1458,29588100,6395150,6213200,0,24132,0,5,0,0,0,0,0,0
75,4059398759,19854,807500,12125600,30218350,6196050,49347500,50153650,1232,30032900,6665450,6475550,0,24452,0,5,0,0,0,0,0,0
76,644479865,19855,770900,11777000,29848950,7662200,50059050,50160600,1379,29675000,6396300,6220250,0,24452,0,5,0,0,0,0,0,0
77,1914197423,19856,770100,11995850,29883350,7402900,50052200,50157950,1382,29700000,6214200,6033550,0,24132,0,5,0,0,0,0,0,0
78,430804047,19857,1367650,11900950,28943450,7845350,50057400,50157550,1500,28753150,6237250,6057850,0,24132,0,5,0,0,0,0,0,0
79,3866048775,19858,774250,11983500,30182350,7113500,50053600,50155300,1437,29448750,6138300,5957850,0,24132,0,5,0,0,0,0,0,0
80,7140231,19859,1279000,11994950,28871300,7911400,50056650,50158250,1507,28683200,6347300,5554600,0,24132,0,5,0,0,0,0,0,0
81,1511961547,19860,771950,14664450,29202900,5786400,50425700,50526350,1044,29027450,6635650,6409750,0,24132,0,5,0,0,0,0,0,0
82,376629139,19861,763350,12037950,28849100,8041750,49692150,49792450,1523,28668250,6347500,6146300,0,24132,0,5,0,0,0,0,0,0
83,1861594235,19862,772700,11913900,30096250,7324900,50107750,50210800,1388,29914100,6809750,6619500,0,24132,0,5,0,0,0,0,0,0
84,1702339483,19863,767400,12075100,28681300,8475400,49999200,50102800,1586,28495200,6202700,6005350,0,24132,0,5,0,0,0,0,0,0
85,966101579,19864,764950,12280750,29819400,7189950,50055050,50156700,1323,29637750,6459600,6264450,0,24132,0,5,0,0,0,0,0,0
86,2786182811,19865,769150,12086150,29007100,8192700,50055100,50157650,1532,28822550,5749400,5565750,0,24132,0,5,0,0,0,0,0,0
87,3655782539,19866,764650,11888150,29860200,7542100,50055100,50160500,1407,29667700,6568600,6382400,0,24132,0,5,0,0,0,0,0,0
88,3735461922,19867,771050,12038050,29589800,7654300,50053200,50157300,1441,29404000,6175750,5995950,0,24132,0,5,0,0,0,0,0,0
89,270833838,19868,768450,11916500,29777650,7593500,50056100,50157650,1448,28903950,6226150,6041800,0,24132,0,5,0,0,0,0,0,0
90,930095294,19869,761800,12157800,29622050,7514850,50056500,50157700,1407,29435000,6196750,6014450,0,24132,0,5,0,0,0,0,0,0
91,1273808962,19870,1353100,12097350,31701100,6232250,51383800,51486650,707,31516200,6663250,6474450,0,24132,0,5,0,0,0,0,0,0
92,1953673858,19871,808450,17011350,28719050,2168700,48707550,48828550,460,28535000,6209650,6031900,0,24132,0,5,0,0,0,0,0,0
93,4057475070,19872,1340200,12194850,29453850,7071550,50060450,50158000,1320,29281700,5813050,5644900,0,24132,0,5,0,0,0,0,0,0
94,3372198854,19873,760050,12182500,29963950,7459950,50366450,50468050,1424,29770850,6663300,6477250,0,24132,0,5,0,0,0,0,0,0
95,2335202154,19874,768800,12149600,28945800,7879100,49743300,49847750,1496,28754600,6365400,6164550,0,24132,0,5,0,0,0,0,0,0
96,2170853250,19875,768400,11932650,30123150,7230550,50054750,50157850,1372,29932900,6746350,6562150,0,24132,0,5,0,0,0,0,0,0
97,1829955022,19876,768700,12009200,29553250,7726500,50057650,50160400,1463,29371700,5791150,5619100,0,24132,0,5,0,0,0,0,0,0
98,1856045454,19877,1651050,12051950,28879600,6765850,49348450,50157950,1263,28698600,6217400,6029400,0,24132,0,5,0,0,0,0,0,0
99,2544683154,19878,783350,12025800,29844800,7401850,50055800,50157950,1389,29664100,6183100,5999250,0,24452,0,5,0,0,0,0,0,0
100,1531444578,19879,758450,11862100,29859350,7573800,50053700,50156400,1443,29678050,6456550,6274650,0,24452,0,5,0,0,0,0,0,0
101,1139277022,19880,772600,11976600,31847200,5459450,50055850,50157200,1067,31661050,6600150,6399150,0,24132,0,5,0,0,0,0,0,0
102,2614530982,19881,1377050,11218350,29733800,7728200,50057400,50158550,1475,29541850,6347400,6160800,0,24132,0,5,0,0,0,0,0,0
103,464765994,19882,766850,12001750,29765200,7518750,50052550,50155250,1410,29577150,6146200,5965650,0,24132,0,5,0,0,0,0,0,0
104,1592019490,19883,1330300,11901650,28865850,7958200,50056000,50158250,1525,28672750,6211650,6034050,0,24132,0,5,0,0,0,0,0,0
105,66207950,19884,767200,11980750,30125950,7187650,50061550,50161250,1387,29952900,6070950,5892150,0,24132,0,5,0,0,0,0,0,0
106,2639428798,19885,1312150,12064550,28798850,7878250,50053800,50155500,1496,28613000,6163150,5966200,0,24132,0,5,0,0,0,0,0,0
107,1495915330,19886,774700,11987450,30155750,7400250,50318150,50419600,1411,29976250,6641550,5652350,0,24132,0,5,0,0,0,0,0,0
108,4079891938,19887,763200,12044550,28831850,8153600,49793200,49894550,1555,28633000,6334850,6138600,0,24132,0,5,0,0,0,0,0,0
109,1204987230,19888,770550,11943650,30132750,7211500,50058450,50160100,1367,29948250,6822750,6634500,0,24132,0,5,0,0,0,0,0,0
110,949029318,19889,756700,12377950,29177100,7742350,50054100,50156650,1457,28993050,5875500,5707150,0,24132,0,5,0,0,0,0,0,0
111,2727127274,19890,764000,11928000,31278550,6086850,50057400,50160450,1102,31089100,7926950,7714300,0,24132,0,5,0,0,0,0,0,0
112,2443393666,19891,765200,12035100,36160850,1091700,50052850,50156800,228,35965800,6319100,6118100,0,24132,0,5,0,0,0,0,0,0
113,434260526,19892,779100,11875900,29699750,7705600,50060350,50156900,1436,29512450,6402650,6208050,0,24132,0,5,0,0,0,0,0,0
114,2637634158,19893,755500,12337950,29554800,7404000,50052250,50157600,1356,29369350,6152950,5968400,0,24132,0,5,0,0,0,0,0,0
115,4248248050,19894,1376450,11183900,29606600,7884300,50051250,50156750,1477,29416350,6338700,6152050,0,24132,0,5,0,0,0,0,0,0
116,663154818,19895,756700,12023250,29561700,7712450,50054100,50158150,1452,29377600,6149350,5964750,0,24132,0,5,0,0,0,0,0,0
117,1461428606,19896,1442200,11972950,28707800,7935950,50058900,50159900,1517,28514450,6152700,5962850,0,24132,0,5,0,0,0,0,0,0
118,3252362022,19897,766350,12133600,30167000,6987250,50054200,50155300,1405,29976850,6615550,6424150,0,24132,0,5,0,0,0,0,0,0
119,2423015338,19898,1263300,12164400,28903500,7726900,50058100,50161800,1464,28700700,6301200,6101500,0,24132,0,5,0,0,0,0,0,0
120,507309730,19899,762200,12138700,29810100,7547950,50258950,50363350,1446,29618950,6614550,6421100,0,24132,0,5,0,0,0,0,0,0
121,2882991293,19900,805900,12330900,29530000,6470600,49137400,49952300,920,29347000,6157350,5975300,0,24132,0,5,0,0,0,0,0,0
122,3682963569,19901,802900,12650700,29775750,6808250,50037600,50153950,1277,29598400,6219750,6018500,0,24132,0,5,0,0,0,0,0,0
123,1404881069,19902,773950,12177500,29103600,8005400,50060450,50161300,1523,28920900,5757800,5583400,0,24452,0,5,0,0,0,0,0,0
124,624513273,19903,775650,11944800,29902500,7431500,50054450,50154450,1415,29716400,6535950,6345800,0,24452,0,5,0,0,0,0,0,0
125,484090933,19904,773450,12001700,29735750,7547500,50058400,50157850,1419,29547200,6144850,5963150,0,24132,0,5,0,0,0,0,0,0
126,2330053545,19905,767900,11795750,29986500,7510350,50060500,50159700,1431,29803700,6326800,6138900,0,24132,0,5,0,0,0,0,0,0
127,3891445269,19906,777350,11974850,29840850,7466300,50059350,50158900,1400,29645300,6156800,5977250,0,24132,0,5,0,0,0,0,0,0
128,1947616753,19907,1391300,11226500,29629000,7810150,50056950,50157750,1482,28749650,6306400,6124800,0,24132,0,5,0,0,0,0,0,0
129,965975981,19908,766350,11976000,29718100,7598350,50058800,50155450,1426,29533650,6160250,5972600,0,24132,0,5,0,0,0,0,0,0
130,2786931617,19909,1285150,11948200,29063900,7765400,50062650,50160700,1452,28879150,6378800,6188200,0,24132,0,5,0,0,0,0,0,0
131,4011087213,19910,776400,11979850,31901850,5400250,50058350,50157650,1043,31710450,6497550,6281350,0,24132,0,5,0,0,0,0,0,0
132,3703868376,19911,779350,13657950,36024600,15890500,66352400,66875500,2933,35831800,12556700,12337750,0,24132,0,5,0,0,0,0,0,0
133,212089708,19912,809500,11854150,29832700,7555600,50051950,50158550,1443,29638750,6390050,6201750,0,24132,0,5,0,0,0,0,0,0
134,737348112,19913,767100,11980100,30129250,7182800,50059250,50158350,1339,29938600,6154500,5965400,0,24132,0,5,0,0,0,0,0,0
135,1465149204,19914,776900,11746850,29684500,7849250,50057500,50157250,1503,29477400,6282500,6103100,0,24132,0,5,0,0,0,0,0,0
136,3549792448,19915,764000,11993300,29741050,7557000,50055350,50155950,1420,29555150,6153350,5969850,0,24132,0,5,0,0,0,0,0,0
137,3053421220,19916,1362650,11816000,28954400,7925900,50058950,50158000,1520,28757750,6279500,6097500,0,24132,0,5,0,0,0,0,0,0
138,904563048,19917,765450,11983050,30417750,6894950,50061200,50161600,1384,30229250,6969950,6774200,0,24132,0,5,0,0,0,0,0,0
139,1363341148,19918,1276700,11964950,28872850,7939850,50054350,50155500,1514,28673050,6187200,5985450,0,24132,0,5,0,0,0,0,0,0
140,3357813192,19919,768550,12002750,30074300,7540100,50385700,50487700,1445,29886950,6629500,6442500,0,24132,0,5,0,0,0,0,0,0
141,1376589724,19920,771500,11996300,29073100,7886700,49727600,49829150,1499,28873450,6349450,6150450,0,24132,0,5,0,0,0,0,0,0
142,2806738240,19921,771350,14270350,29270100,5874750,50186550,50287900,977,29084950,5743100,5573400,0,24132,0,5,0,0,0,0,0,0
143,1863420068,19922,773800,12017550,29226100,7902000,49919450,50027050,1502,29042550,5736550,5563500,0,24132,0,5,0,0,0,0,0,0
144,2368389248,19923,1650900,11988100,28855500,6851350,49345850,50157200,1283,28666950,6135850,5951800,0,24132,0,5,0,0,0,0,0,0
145,3624800580,19924,786000,11999750,29481000,7789850,50056600,50157600,1475,29301300,5925950,5756350,0,24132,0,5,0,0,0,0,0,0
146,2708332264,19925,769450,11838750,29799050,7651400,50058650,50158700,1462,29622750,6563150,6378100,0,24132,0,5,0,0,0,0,0,0
147,3643166428,19926,778650,12340600,30414450,6524400,50058100,50159800,1308,29650650,6331500,6150150,0,24452,0,5,0,0,0,0,0,0
148,1604903896,19927,1382500,11188650,29771100,7708500,50050750,50155700,1462,29586750,6483300,6302750,0,24452,0,5,0,0,0,0,0,0
149,499105388,19928,772600,11972550,29698650,7612300,50056100,50157850,1394,29526700,6202750,6023950,0,24132,0,5,0,0,0,0,0,0
150,3393190256,19929,1331600,11896650,28722550,8105400,50056200,50157300,1519,28538350,6217950,6039950,0,24132,0,5,0,0,0,0,0,0
151,1752164884,19930,772650,12278450,30000150,7005100,50056350,50159300,1380,29827150,6673900,6485350,0,24132,0,5,0,0,0,0,0,0
152,112950176,19931,1259650,13462600,30483750,9087750,54293750,54397600,620,29246400,6203750,6016200,0,24132,0,5,0,0,0,0,0,0
153,218377828,19932,829700,13760850,28760800,2943000,46294350,46417750,499,28565350,6218600,6037050,0,24132,0,5,0,0,0,0,0,0
154,1614877672,19933,761100,12045350,28896700,7849800,49552950,49655700,1491,28708400,6370950,6165250,0,24132,0,5,0,0,0,0,0,0
155,624660060,19934,772250,12055750,30103400,7124500,50055900,50157850,1351,29907800,6444500,6262750,0,24132,0,5,0,0,0,0,0,0
156,1646146728,19935,769400,12200800,28840950,8242650,50053800,50159000,1576,28650350,6344800,6145800,0,24132,0,5,0,0,0,0,0,0
157,2550301372,19936,774150,12086900,29760350,7435300,50056700,50157950,1417,29570250,6448550,6261300,0,24132,0,5,0,0,0,0,0,0
158,172327680,19937,769100,12205350,29464250,7620750,50059450,50160750,1436,29279300,6127650,5945150,0,24132,0,5,0,0,0,0,0,0
159,28774455,19938,780950,11804500,29713100,7752600,50051150,50153800,1487,29533650,6409250,6218200,0,23812,0,5,0,0,0,0,0,0
160,1278562831,19939,760550,12014700,28767250,8512700,50055200,50158150,1633,28583150,5736100,5561400,0,23812,0,5,0,0,0,0,0,0
161,1878041307,19940,1383800,11007700,29632400,8033900,50057800,50159350,1547,29463100,6528300,6341650,0,23812,0,5,0,0,0,0,0,0
162,2842495315,19941,760750,11840800,31350650,6104900,50057100,50159550,1211,31168950,6420650,6226700,0,23812,0,5,0,0,0,0,0,0
163,942955647,19942,1329050,11036100,29656550,8033550,50055250,50158700,1545,28762450,6188550,5996350,0,23812,0,5,0,0,0,0,0,0
164,3104849743,19943,765000,11874050,29418650,7994800,50052500,50155650,1516,29223550,6142350,5959650,0,23812,0,5,0,0,0,0,0,0
165,2914266731,19944,1260900,11832700,28600800,8360100,50054500,50157200,1613,28421050,6139100,5950650,0,23812,0,5,0,0,0,0,0,0
166,4064468955,19945,769350,11779600,29268800,8466600,50284350,50385900,1538,29084350,6147200,5962800,0,23812,0,5,0,0,0,0,0,0
167,3195515191,19946,773850,11853850,28734000,8464800,49826500,49929000,1608,28547500,6298850,6103350,0,23812,0,5,0,0,0,0,0,0
168,978211615,19947,771100,11761900,29853650,7671550,50058200,50161300,1475,29673050,6621850,6430150,0,24132,0,5,0,0,0,0,0,0
169,2835071531,19948,781850,11860250,28632000,8783100,50057200,50157500,1695,28449550,6135800,5345900,0,24132,0,5,0,0,0,0,0,0
170,2067386771,19949,765300,11744850,29817300,7728550,50056000,50155850,1484,29634850,6689650,5696650,0,24132,0,5,0,0,0,0,0,0
171,1313815599,19950,764800,11834900,28843400,8611800,50054900,50157450,1599,28658400,6363600,6164100,0,23812,0,5,0,0,0,0,0,0
172,2403178911,19951,759650,11663600,31408900,6223900,50056050,50159100,1138,31229300,6902300,6681300,0,23812,0,5,0,0,0,0,0,0
173,2922328731,19952,774450,11826700,36743500,709550,50054200,50154500,147,36562300,5683250,5488100,0,23812,0,5,0,0,0,0,0,0
174,984914827,19953,1516250,11052250,29523700,7971000,50063200,50159100,1529,28632750,6535200,6344000,0,23812,0,5,0,0,0,0,0,0
175,3908989879,19954,765750,11829450,29366050,8097650,50058900,50160300,1532,29190250,6229450,6043300,0,23812,0,5,0,0,0,0,0,0
176,3999582383,19955,1282750,12181600,28533000,8054400,50051750,50155800,1538,28344500,6264450,6080800,0,23812,0,5,0,0,0,0,0,0
177,407226939,19956,772450,11811550,29151450,8321100,50056550,50158000,1551,28969200,6100150,5918100,0,23812,0,5,0,0,0,0,0,0
178,1756548563,19957,1190850,11829650,28558000,8479000,50057500,50159000,1602,28366050,6252650,6067000,0,23812,0,5,0,0,0,0,0,0
179,270721439,19958,765250,11763200,29117300,8613200,50258950,50363150,1532,28932850,6088850,5911500,0,23812,0,5,0,0,0,0,0,0
CSV_END

STUDY_DONE_4b7c84d0fe69=0
# 