/tmp/app-lto --transport unrolled --state-frame 0 --frames 180 --warmup 30 --wait spin --profile frame --csv /tmp/transport-frames.csv --retained && printf "CSV_BEGIN\n" && cat /tmp/transport-frames.csv && printf "CSV_END\n"; study_status=$?; printf "\nSTUDY_DONE_d6e75ea28428=%s\n" "$study_status"
TRANSPORT mode=unrolled dma_minimum=64
BEGIN_BREAKOUT frames=180 warmup=30 fixed=0 blocks=40 tiles=1 hud=1 wait=spin replay=0 state_frame=0 profile=frame pixel_centers=1 clock_call_ns=4744
HW_COUNTERS unavailable
RESULT frames=180 elapsed_s=3.093044850 fps=58.195082 logic_ms=0.000000 api_ms=0.000000 swap_ms=0.000000 wait_ms=0.000000 worker_inclusive_ms=0.000000 upload_inclusive_ms=0.000000 write_ms=0.000000 bytes_per_frame=3578.67 p50_ms=16.719250 p95_ms=17.091200 max_ms=33.443400 late_60hz=159 first_count=31351 last_count=31530 state_hash=8f34e8fd remaining=38 score=20
RENDER_PATH retained=1 grouped=0 quads=645 full_frames=0
BREAKOUT_PASS
CSV_BEGIN
frame,state_hash,display_count,logic_ns,api_ns,swap_ns,wait_ns,total_ns,completion_interval_ns,polls,worker_inclusive_ns,upload_inclusive_ns,write_ns,read_ns,write_bytes,read_bytes,write_calls,read_calls,dma_copy_ns,dma_launch_ns,dma_completion_wait_ns,dma_bytes,dma_lists
0,3724779174,31351,0,0,0,0,16690900,16700900,1042,0,0,0,0,4572,0,5,0,0,0,0,0,0
1,1709657109,31352,0,0,0,0,16610500,16716600,1214,0,0,0,0,4252,0,5,0,0,0,0,0,0
2,1894904752,31353,0,0,0,0,16620600,16722050,1490,0,0,0,0,3612,0,5,0,0,0,0,0,0
3,3703759967,31354,0,0,0,0,16611700,16716500,1424,0,0,0,0,3612,0,5,0,0,0,0,0,0
4,19533624,31355,0,0,0,0,16616400,16721500,1421,0,0,0,0,3612,0,5,0,0,0,0,0,0
5,816884773,31356,0,0,0,0,16956100,17062200,1750,0,0,0,0,2972,0,5,0,0,0,0,0,0
6,1339236364,31357,0,0,0,0,16272200,16374150,1475,0,0,0,0,3612,0,5,0,0,0,0,0,0
7,3072959373,31358,0,0,0,0,16624050,16719200,1642,0,0,0,0,3612,0,5,0,0,0,0,0,0
8,1782884746,31359,0,0,0,0,16621550,16720950,1771,0,0,0,0,2972,0,5,0,0,0,0,0,0
9,30296781,31360,0,0,0,0,16618350,16720100,1248,0,0,0,0,4252,0,5,0,0,0,0,0,0
10,4026418858,31361,0,0,0,0,16607750,16720800,1378,0,0,0,0,4252,0,5,0,0,0,0,0,0
11,2084929051,31362,0,0,0,0,16674350,16780100,1544,0,0,0,0,3612,0,5,0,0,0,0,0,0
12,3114489770,31363,0,0,0,0,16548300,16654650,1560,0,0,0,0,3932,0,5,0,0,0,0,0,0
13,891400471,31364,0,0,0,0,16617700,16720350,1556,0,0,0,0,3932,0,5,0,0,0,0,0,0
14,3472773456,31365,0,0,0,0,15853450,16718450,1506,0,0,0,0,2972,0,5,0,0,0,0,0,0
15,3010688243,31366,0,0,0,0,16615050,16721100,1409,0,0,0,0,3612,0,5,0,0,0,0,0,0
16,2819524756,31367,0,0,0,0,16615000,16718300,1471,0,0,0,0,3612,0,5,0,0,0,0,0,0
17,3241678401,31368,0,0,0,0,16204750,16718600,1374,0,0,0,0,2972,0,5,0,0,0,0,0,0
18,2154316504,31369,0,0,0,0,16607200,16720000,1584,0,0,0,0,3612,0,5,0,0,0,0,0,0
19,772262681,31370,0,0,0,0,16615150,16718400,1490,0,0,0,0,3612,0,5,0,0,0,0,0,0
20,3882818750,31371,0,0,0,0,16623700,16722400,1854,0,0,0,0,2972,0,5,0,0,0,0,0,0
21,521131153,31372,0,0,0,0,16615350,16713900,1423,0,0,0,0,3612,0,5,0,0,0,0,0,0
22,1838187414,31373,0,0,0,0,16746000,16850650,1406,0,0,0,0,3612,0,5,0,0,0,0,0,0
23,840574439,31374,0,0,0,0,16486450,16589450,1816,0,0,0,0,2972,0,5,0,0,0,0,0,0
24,2879461878,31375,0,0,0,0,16616050,16720450,1604,0,0,0,0,3612,0,5,0,0,0,0,0,0
25,202086035,31376,0,0,0,0,16623550,16719150,1466,0,0,0,0,3612,0,5,0,0,0,0,0,0
26,959703924,31377,0,0,0,0,16619050,16720850,1825,0,0,0,0,2972,0,5,0,0,0,0,0,0
27,3795724423,31378,0,0,0,0,16619550,16718650,1430,0,0,0,0,3612,0,5,0,0,0,0,0,0
28,2500539904,31379,0,0,0,0,16611850,16716100,1473,0,0,0,0,3612,0,5,0,0,0,0,0,0
29,2269000541,31380,0,0,0,0,16621500,16721500,1839,0,0,0,0,2972,0,5,0,0,0,0,0,0
30,1900681108,31381,0,0,0,0,17510400,17617600,1151,0,0,0,0,3612,0,5,0,0,0,0,0,0
31,3680168245,31382,0,0,0,0,15692550,15818950,478,0,0,0,0,3612,0,5,0,0,0,0,0,0
32,2344329490,31383,0,0,0,0,16620000,16722300,1741,0,0,0,0,2972,0,5,0,0,0,0,0,0
33,2130650181,31384,0,0,0,0,16824300,16930300,1382,0,0,0,0,4252,0,5,0,0,0,0,0,0
34,906966818,31385,0,0,0,0,16399000,16505800,1395,0,0,0,0,4252,0,5,0,0,0,0,0,0
35,3939376531,31386,0,0,0,0,16616300,16720950,1721,0,0,0,0,3612,0,5,0,0,0,0,0,0
36,2110688546,31387,0,0,0,0,16626350,16721100,1456,0,0,0,0,3932,0,5,0,0,0,0,0,0
37,2695523007,31388,0,0,0,0,15847050,16716950,1267,0,0,0,0,3932,0,5,0,0,0,0,0,0
38,744447992,31389,0,0,0,0,16614200,16719000,1771,0,0,0,0,2972,0,5,0,0,0,0,0,0
39,3728640411,31390,0,0,0,0,16614600,16720650,1418,0,0,0,0,3612,0,5,0,0,0,0,0,0
40,618879740,31391,0,0,0,0,16619350,16718250,1598,0,0,0,0,3612,0,5,0,0,0,0,0,0
41,1239708057,31392,0,0,0,0,16616700,16717050,1850,0,0,0,0,2972,0,5,0,0,0,0,0,0
42,2429742208,31393,0,0,0,0,16612650,16719550,1445,0,0,0,0,3612,0,5,0,0,0,0,0,0
43,412095716,31394,0,0,0,0,16610950,16720850,1468,0,0,0,0,3612,0,5,0,0,0,0,0,0
44,1226741467,31395,0,0,0,0,16908600,17017550,1785,0,0,0,0,2972,0,5,0,0,0,0,0,0
45,3288446148,31396,0,0,0,0,16317550,16420900,1481,0,0,0,0,3612,0,5,0,0,0,0,0,0
46,1157984843,31397,0,0,0,0,16617800,16720600,1580,0,0,0,0,3612,0,5,0,0,0,0,0,0
47,3877288378,31398,0,0,0,0,16612550,16717350,1807,0,0,0,0,2972,0,5,0,0,0,0,0,0
48,4236526315,31399,0,0,0,0,16621150,16722650,1174,0,0,0,0,3612,0,5,0,0,0,0,0,0
49,533834014,31400,0,0,0,0,16618150,16716650,1466,0,0,0,0,3612,0,5,0,0,0,0,0,0
50,1649361089,31401,0,0,0,0,16611550,16718650,1740,0,0,0,0,2972,0,5,0,0,0,0,0,0
51,2486981906,31402,0,0,0,0,16615950,16722950,1568,0,0,0,0,3612,0,5,0,0,0,0,0,0
52,1706075277,31403,0,0,0,0,16617900,16716450,1539,0,0,0,0,3612,0,5,0,0,0,0,0,0
53,267972368,31404,0,0,0,0,16615550,16719950,1857,0,0,0,0,2972,0,5,0,0,0,0,0,0
54,3895401273,31405,0,0,0,0,16614400,16717300,1471,0,0,0,0,3612,0,5,0,0,0,0,0,0
55,605985656,31406,0,0,0,0,16611200,16718700,1478,0,0,0,0,3612,0,5,0,0,0,0,0,0
56,4077673024,31407,0,0,0,0,32952900,33442050,3216,0,0,0,0,6632,0,5,0,0,0,0,0,0
57,985632231,31408,0,0,0,0,33327200,33435800,2827,0,0,0,0,7312,0,5,0,0,0,0,0,0
58,3720590956,31409,0,0,0,0,16607850,16720850,1469,0,0,0,0,3652,0,5,0,0,0,0,0,0
59,3264032585,31410,0,0,0,0,16676050,16786400,1697,0,0,0,0,2972,0,5,0,0,0,0,0,0
60,395405688,31411,0,0,0,0,16547300,16650500,1538,0,0,0,0,3612,0,5,0,0,0,0,0,0
61,32142420,31412,0,0,0,0,15848450,16718750,1218,0,0,0,0,3612,0,5,0,0,0,0,0,0
62,1187067055,31413,0,0,0,0,16613900,16723650,1802,0,0,0,0,2972,0,5,0,0,0,0,0,0
63,459140908,31414,0,0,0,0,16614050,16716950,1438,0,0,0,0,3612,0,5,0,0,0,0,0,0
64,3369786495,31415,0,0,0,0,16610550,16717850,1502,0,0,0,0,3612,0,5,0,0,0,0,0,0
65,1572434254,31416,0,0,0,0,16206400,16721850,1697,0,0,0,0,2972,0,5,0,0,0,0,0,0
66,4107798823,31417,0,0,0,0,16608250,16716300,1588,0,0,0,0,3612,0,5,0,0,0,0,0,0
67,343968250,31418,0,0,0,0,16618950,16720250,1519,0,0,0,0,3612,0,5,0,0,0,0,0,0
68,3102454017,31419,0,0,0,0,16620100,16719900,1808,0,0,0,0,2972,0,5,0,0,0,0,0,0
69,3051095563,31420,0,0,0,0,16618500,16719300,1407,0,0,0,0,3612,0,5,0,0,0,0,0,0
70,2391331016,31421,0,0,0,0,16774300,16879000,1466,0,0,0,0,3612,0,5,0,0,0,0,0,0
71,3869016117,31422,0,0,0,0,16451800,16556400,1755,0,0,0,0,2972,0,5,0,0,0,0,0,0
72,1579800804,31423,0,0,0,0,16620000,16722900,1613,0,0,0,0,3612,0,5,0,0,0,0,0,0
73,2792341157,31424,0,0,0,0,16618650,16718150,1477,0,0,0,0,3612,0,5,0,0,0,0,0,0
74,714702942,31425,0,0,0,0,16615700,16721050,1796,0,0,0,0,2972,0,5,0,0,0,0,0,0
75,1092538936,31426,0,0,0,0,16615650,16719750,1461,0,0,0,0,3612,0,5,0,0,0,0,0,0
76,1561271239,31427,0,0,0,0,16713000,16817200,1122,0,0,0,0,4252,0,5,0,0,0,0,0,0
77,3798074098,31428,0,0,0,0,16508350,16620000,1668,0,0,0,0,3612,0,5,0,0,0,0,0,0
78,3022639071,31429,0,0,0,0,16619950,16722950,1398,0,0,0,0,4252,0,5,0,0,0,0,0,0
79,2282770062,31430,0,0,0,0,16612400,16717100,1385,0,0,0,0,3932,0,5,0,0,0,0,0,0
80,1626512457,31431,0,0,0,0,16613350,16719100,1678,0,0,0,0,3292,0,5,0,0,0,0,0,0
81,3156888026,31432,0,0,0,0,16857700,16965750,1399,0,0,0,0,3612,0,5,0,0,0,0,0,0
82,3038824309,31433,0,0,0,0,16367250,16473750,1511,0,0,0,0,3612,0,5,0,0,0,0,0,0
83,1261846460,31434,0,0,0,0,16622150,16717150,1830,0,0,0,0,2972,0,5,0,0,0,0,0,0
84,2035201521,31435,0,0,0,0,15840250,16718900,1166,0,0,0,0,3612,0,5,0,0,0,0,0,0
85,2164446652,31436,0,0,0,0,16614750,16717700,1385,0,0,0,0,3612,0,5,0,0,0,0,0,0
86,2017191835,31437,0,0,0,0,16613650,16719900,1761,0,0,0,0,2972,0,5,0,0,0,0,0,0
87,3029138484,31438,0,0,0,0,16613600,16724050,1398,0,0,0,0,3612,0,5,0,0,0,0,0,0
88,50355403,31439,0,0,0,0,16611550,16715450,1583,0,0,0,0,3612,0,5,0,0,0,0,0,0
89,654213990,31440,0,0,0,0,16618400,16718300,1836,0,0,0,0,2972,0,5,0,0,0,0,0,0
90,2360099787,31441,0,0,0,0,33335950,33438750,3166,0,0,0,0,3612,0,5,0,0,0,0,0,0
91,2424818746,31442,0,0,0,0,16952600,17060600,1431,0,0,0,0,3612,0,5,0,0,0,0,0,0
92,1971386461,31443,0,0,0,0,16278150,16378250,1720,0,0,0,0,2972,0,5,0,0,0,0,0,0
93,3386045126,31444,0,0,0,0,16615650,16720300,1558,0,0,0,0,3612,0,5,0,0,0,0,0,0
94,1429641961,31445,0,0,0,0,16611750,16719800,1473,0,0,0,0,3612,0,5,0,0,0,0,0,0
95,3022846880,31446,0,0,0,0,16612000,16718050,1826,0,0,0,0,2972,0,5,0,0,0,0,0,0
96,1601897261,31447,0,0,0,0,16617950,16720700,1443,0,0,0,0,3612,0,5,0,0,0,0,0,0
97,1229951528,31448,0,0,0,0,16642500,16744300,1386,0,0,0,0,3612,0,5,0,0,0,0,0,0
98,4065171759,31449,0,0,0,0,16592800,16695600,1793,0,0,0,0,2972,0,5,0,0,0,0,0,0
99,1034325744,31450,0,0,0,0,16620550,16718850,1514,0,0,0,0,3612,0,5,0,0,0,0,0,0
100,14078671,31451,0,0,0,0,16614200,16715700,1343,0,0,0,0,4252,0,5,0,0,0,0,0,0
101,4024270554,31452,0,0,0,0,16613450,16719250,1564,0,0,0,0,3612,0,5,0,0,0,0,0,0
102,896191351,31453,0,0,0,0,16615200,16723850,1392,0,0,0,0,4252,0,5,0,0,0,0,0,0
103,2131384102,31454,0,0,0,0,16216200,16717600,1456,0,0,0,0,3932,0,5,0,0,0,0,0,0
104,2586210593,31455,0,0,0,0,16616600,16719150,1772,0,0,0,0,3292,0,5,0,0,0,0,0,0
105,591918370,31456,0,0,0,0,16610600,16717850,1402,0,0,0,0,3612,0,5,0,0,0,0,0,0
106,8814317,31457,0,0,0,0,16615050,16720550,1139,0,0,0,0,3612,0,5,0,0,0,0,0,0
107,2340504196,31458,0,0,0,0,15861100,16721100,1565,0,0,0,0,2972,0,5,0,0,0,0,0,0
108,3523076009,31459,0,0,0,0,16723500,16829350,1420,0,0,0,0,3612,0,5,0,0,0,0,0,0
109,1961669028,31460,0,0,0,0,16507450,16609000,1532,0,0,0,0,3612,0,5,0,0,0,0,0,0
110,1037581603,31461,0,0,0,0,16613700,16716450,1826,0,0,0,0,2972,0,5,0,0,0,0,0,0
111,2701024588,31462,0,0,0,0,16612350,16720000,1369,0,0,0,0,3612,0,5,0,0,0,0,0,0
112,215037203,31463,0,0,0,0,16607300,16717500,1392,0,0,0,0,3612,0,5,0,0,0,0,0,0
113,3696282862,31464,0,0,0,0,16609000,16717550,1764,0,0,0,0,2972,0,5,0,0,0,0,0,0
114,2829142928,31465,0,0,0,0,16615200,16723450,1440,0,0,0,0,3612,0,5,0,0,0,0,0,0
115,3204762949,31466,0,0,0,0,16616400,16718300,1611,0,0,0,0,3612,0,5,0,0,0,0,0,0
116,3297489190,31467,0,0,0,0,16623300,16722250,1792,0,0,0,0,2972,0,5,0,0,0,0,0,0
117,1691704917,31468,0,0,0,0,16614150,16716950,1364,0,0,0,0,3612,0,5,0,0,0,0,0,0
118,663957814,31469,0,0,0,0,16613400,16722400,1335,0,0,0,0,3612,0,5,0,0,0,0,0,0
119,3058583827,31470,0,0,0,0,16799850,16909200,1749,0,0,0,0,2972,0,5,0,0,0,0,0,0
120,838545270,31471,0,0,0,0,16422350,16526650,1498,0,0,0,0,3612,0,5,0,0,0,0,0,0
121,3608912039,31472,0,0,0,0,16864700,16965250,1384,0,0,0,0,3612,0,5,0,0,0,0,0,0
122,4080159716,31473,0,0,0,0,16348450,16470800,1753,0,0,0,0,2972,0,5,0,0,0,0,0,0
123,1056027075,31474,0,0,0,0,16615400,16720200,1365,0,0,0,0,3612,0,5,0,0,0,0,0,0
124,4057021248,31475,0,0,0,0,16617450,16723100,1371,0,0,0,0,4252,0,5,0,0,0,0,0,0
125,2686741161,31476,0,0,0,0,16616950,16715600,1572,0,0,0,0,3612,0,5,0,0,0,0,0,0
126,3870849660,31477,0,0,0,0,16614800,16721950,1519,0,0,0,0,4252,0,5,0,0,0,0,0,0
127,293449641,31478,0,0,0,0,16612350,16718000,1403,0,0,0,0,3932,0,5,0,0,0,0,0,0
128,596064266,31479,0,0,0,0,16615100,16719250,1832,0,0,0,0,3292,0,5,0,0,0,0,0,0
129,3715495249,31480,0,0,0,0,16619350,16720750,1410,0,0,0,0,3612,0,5,0,0,0,0,0,0
130,244680018,31481,0,0,0,0,15547650,17275250,1279,0,0,0,0,3612,0,5,0,0,0,0,0,0
131,4080661783,31482,0,0,0,0,16058100,16160300,1702,0,0,0,0,2972,0,5,0,0,0,0,0,0
132,4006730450,31483,0,0,0,0,16618400,16719100,1652,0,0,0,0,3612,0,5,0,0,0,0,0,0
133,3864584507,31484,0,0,0,0,16619400,16718400,1364,0,0,0,0,3612,0,5,0,0,0,0,0,0
134,2711027320,31485,0,0,0,0,16618350,16724850,1802,0,0,0,0,2972,0,5,0,0,0,0,0,0
135,4099079087,31486,0,0,0,0,16610300,16714550,1449,0,0,0,0,3612,0,5,0,0,0,0,0,0
136,565333772,31487,0,0,0,0,17917050,18022700,1416,0,0,0,0,3612,0,5,0,0,0,0,0,0
137,1028518269,31488,0,0,0,0,15305850,15420450,1419,0,0,0,0,2972,0,5,0,0,0,0,0,0
138,2252688136,31489,0,0,0,0,16615900,16716500,1599,0,0,0,0,3612,0,5,0,0,0,0,0,0
139,578597309,31490,0,0,0,0,16617150,16718850,1366,0,0,0,0,3612,0,5,0,0,0,0,0,0
140,3624439358,31491,0,0,0,0,16611000,16718650,1739,0,0,0,0,2972,0,5,0,0,0,0,0,0
141,3514067501,31492,0,0,0,0,16986750,17091200,1442,0,0,0,0,3612,0,5,0,0,0,0,0,0
142,2741972910,31493,0,0,0,0,16245800,16348200,1433,0,0,0,0,3612,0,5,0,0,0,0,0,0
143,28497579,31494,0,0,0,0,16611050,16715450,1731,0,0,0,0,2972,0,5,0,0,0,0,0,0
144,466729326,31495,0,0,0,0,16618800,16723800,1461,0,0,0,0,3612,0,5,0,0,0,0,0,0
145,3425349295,31496,0,0,0,0,16615050,16717900,1349,0,0,0,0,3612,0,5,0,0,0,0,0,0
146,1537640620,31497,0,0,0,0,16610300,16718500,1742,0,0,0,0,2972,0,5,0,0,0,0,0,0
147,1853842891,31498,0,0,0,0,16668150,16778650,1393,0,0,0,0,3612,0,5,0,0,0,0,0,0
148,1177024904,31499,0,0,0,0,16561050,16660200,1478,0,0,0,0,4252,0,5,0,0,0,0,0,0
149,4106734849,31500,0,0,0,0,16625450,16719550,1715,0,0,0,0,3612,0,5,0,0,0,0,0,0
150,2025356500,31501,0,0,0,0,16614950,16720900,211,0,0,0,0,4252,0,5,0,0,0,0,0,0
151,2189605121,31502,0,0,0,0,16617050,16717900,1368,0,0,0,0,3932,0,5,0,0,0,0,0,0
152,4086136290,31503,0,0,0,0,16613400,16721650,1708,0,0,0,0,3292,0,5,0,0,0,0,0,0
153,4036669705,31504,0,0,0,0,16202750,16716800,1463,0,0,0,0,3612,0,5,0,0,0,0,0,0
154,4167980074,31505,0,0,0,0,15859350,16719800,1275,0,0,0,0,3612,0,5,0,0,0,0,0,0
155,51187407,31506,0,0,0,0,16620500,16719450,1730,0,0,0,0,2972,0,5,0,0,0,0,0,0
156,2242638442,31507,0,0,0,0,16612700,16716100,1436,0,0,0,0,3612,0,5,0,0,0,0,0,0
157,2730108163,31508,0,0,0,0,16617300,16722100,1461,0,0,0,0,3612,0,5,0,0,0,0,0,0
158,2718743917,31509,0,0,0,0,16761400,16867900,1717,0,0,0,0,2972,0,5,0,0,0,0,0,0
159,3391709842,31510,0,0,0,0,16464850,16573750,1527,0,0,0,0,3612,0,5,0,0,0,0,0,0
160,1164604273,31511,0,0,0,0,16617700,16717000,1621,0,0,0,0,3612,0,5,0,0,0,0,0,0
161,2148591176,31512,0,0,0,0,16621850,16720700,1806,0,0,0,0,2972,0,5,0,0,0,0,0,0
162,4192737573,31513,0,0,0,0,16616000,16716400,1453,0,0,0,0,3612,0,5,0,0,0,0,0,0
163,535584840,31514,0,0,0,0,16608900,16720700,1479,0,0,0,0,3612,0,5,0,0,0,0,0,0
164,3430794475,31515,0,0,0,0,16613000,16716250,1690,0,0,0,0,2972,0,5,0,0,0,0,0,0
165,776323552,31516,0,0,0,0,16619200,16721600,1559,0,0,0,0,3612,0,5,0,0,0,0,0,0
166,3330991427,31517,0,0,0,0,16618550,16722150,1501,0,0,0,0,3612,0,5,0,0,0,0,0,0
167,3282074430,31518,0,0,0,0,16617400,16717500,1485,0,0,0,0,2972,0,5,0,0,0,0,0,0
168,2597814595,31519,0,0,0,0,16605750,16717450,1372,0,0,0,0,3612,0,5,0,0,0,0,0,0
169,2225601370,31520,0,0,0,0,16849350,16955600,1458,0,0,0,0,3612,0,5,0,0,0,0,0,0
170,3716853465,31521,0,0,0,0,16377750,16481000,1742,0,0,0,0,2972,0,5,0,0,0,0,0,0
171,1080675697,31522,0,0,0,0,33346200,33443400,2928,0,0,0,0,7272,0,5,0,0,0,0,0,0
172,219920238,31523,0,0,0,0,33332750,33437200,3017,0,0,0,0,7312,0,5,0,0,0,0,0,0
173,3070385651,31524,0,0,0,0,16606550,16717100,1707,0,0,0,0,3012,0,5,0,0,0,0,0,0
174,2609556270,31525,0,0,0,0,16612550,16719900,1546,0,0,0,0,3612,0,5,0,0,0,0,0,0
175,141401383,31526,0,0,0,0,16612800,16718600,1566,0,0,0,0,3612,0,5,0,0,0,0,0,0
176,3034105280,31527,0,0,0,0,16622600,16722350,1853,0,0,0,0,2972,0,5,0,0,0,0,0,0
177,3029196371,31528,0,0,0,0,16617400,16717050,1425,0,0,0,0,3612,0,5,0,0,0,0,0,0
178,699378668,31529,0,0,0,0,17037350,17142500,1430,0,0,0,0,3612,0,5,0,0,0,0,0,0
179,2402609405,31530,0,0,0,0,16197550,16294850,1735,0,0,0,0,2972,0,5,0,0,0,0,0,0
CSV_END

STUDY_DONE_d6e75ea28428=0
# 