/tmp/app --transport apb --state-frame 1800 --frames 180 --warmup 30 --wait spin --profile detailed --csv /tmp/transport-frames.csv --grouped && printf "CSV_BEGIN\n" && cat /tmp/transport-frames.csv && printf "CSV_END\n"; study_status=$?; printf "\nSTUDY_DONE_48f22fa2b6c8=%s\n" "$study_status"
TRANSPORT mode=apb dma_minimum=64
BEGIN_BREAKOUT frames=180 warmup=30 fixed=0 blocks=40 tiles=1 hud=1 wait=spin replay=0 state_frame=1800 profile=detailed pixel_centers=1 clock_call_ns=6073
HW_COUNTERS unavailable
RESULT frames=180 elapsed_s=9.112227400 fps=19.753677 logic_ms=0.851000 api_ms=11.875743 swap_ms=29.409989 wait_ms=8.324745 worker_inclusive_ms=29.200494 upload_inclusive_ms=6.745406 write_ms=6.476201 bytes_per_frame=24140.89 p50_ms=50.157900 p95_ms=50.489400 max_ms=66.879950 late_60hz=180 first_count=21063 last_count=21242 state_hash=1022e19f remaining=21 score=190
RENDER_PATH retained=0 grouped=1 quads=10250 full_frames=180
BREAKOUT_PASS
CSV_BEGIN
frame,state_hash,display_count,logic_ns,api_ns,swap_ns,wait_ns,total_ns,completion_interval_ns,polls,worker_inclusive_ns,upload_inclusive_ns,write_ns,read_ns,write_bytes,read_bytes,write_calls,read_calls,dma_copy_ns,dma_launch_ns,dma_completion_wait_ns,dma_bytes,dma_lists
0,2110160739,21063,747100,11935900,28856100,8179450,49718550,49730250,1561,28681800,6556900,6319900,0,24452,0,5,0,0,0,0,0,0
1,1693181783,21064,743500,11857350,30140650,7388700,50130200,50237350,1409,29961900,7041150,6818600,0,24452,0,5,0,0,0,0,0,0
2,802378003,21065,742600,11931550,28861500,8429700,49965350,50076250,1614,28686100,6536950,6299850,0,24452,0,5,0,0,0,0,0,0
3,773631361,21066,746950,11815150,30320250,7169750,50052100,50158450,1356,30133200,6823150,6602200,0,24452,0,5,0,0,0,0,0,0
4,3600043099,21067,748700,11896000,29194650,8208650,50048000,50157950,1565,29017950,6865000,6622950,0,24452,0,5,0,0,0,0,0,0
5,1618316913,21068,749650,11766650,30006600,7529900,50052800,50157200,1435,29820200,6957650,6738300,0,24452,0,5,0,0,0,0,0,0
6,201713393,21069,739500,11924400,29304700,8075650,50044250,50156000,1539,29131900,7154950,6911150,0,24452,0,5,0,0,0,0,0,0
7,2011502881,21070,745150,11648200,37769450,16609450,66772250,66879950,2887,37587750,6848000,6633500,0,24452,0,5,0,0,0,0,0,0
8,3125474025,21071,766500,11899350,30014800,7606350,50287000,50414700,1456,29827900,7030150,6798150,0,24452,0,5,0,0,0,0,0,0
9,1342287211,21072,750100,11953550,28866700,8222250,49792600,49900750,1570,28693350,6547600,6302850,0,24452,0,5,0,0,0,0,0,0
10,3857196809,21073,742550,11839800,30085050,7380550,50047950,50157450,1405,29903300,7051850,6829450,0,24452,0,5,0,0,0,0,0,0
11,2240049260,21074,754750,11813850,28984800,8496050,50049450,50157100,1626,28811900,6483400,6241600,0,24132,0,5,0,0,0,0,0,0
12,1815897908,21075,740950,11666200,29700450,7945400,50053000,50160600,1528,29513200,6970100,6748150,0,24132,0,5,0,0,0,0,0,0
13,648884648,21076,742700,11772100,28612750,8918000,50045550,50154550,1719,28436250,6496950,6260200,0,24132,0,5,0,0,0,0,0,0
14,2931991803,21077,1548850,11876300,28579100,7296750,49301000,50160000,1378,28408100,6490150,6276850,0,24132,0,5,0,0,0,0,0,0
15,4227589206,21078,741050,11824350,29537750,7942850,50046000,50157850,1505,29363600,6323850,6116700,0,24132,0,5,0,0,0,0,0,0
16,1986714807,21079,1351000,10942650,29714750,8039300,50047700,50155500,1546,29533750,7145750,6009100,0,24132,0,5,0,0,0,0,0,0
17,28333542,21080,740300,11795450,28924150,8588450,50048350,50158250,1645,28754250,6962000,6729900,0,24132,0,5,0,0,0,0,0,0
18,842458438,21081,1264750,13275450,28966850,6543000,50050050,50159000,1204,28785900,6331700,6136000,0,24132,0,5,0,0,0,0,0,0
19,4035787358,21082,742750,11765950,29528050,8011950,50048700,50158550,1477,29353300,6440100,6237000,0,24132,0,5,0,0,0,0,0,0
20,3966921526,21083,1188350,11696300,28608600,8555150,50048400,50157900,1617,28443450,6742800,6531050,0,24132,0,5,0,0,0,0,0,0
21,3331783808,21084,743750,11710550,28949650,8870150,50274100,50382900,1584,28767600,6411500,6202750,0,24132,0,5,0,0,0,0,0,0
22,1855912102,21085,738100,11753250,28550550,8782800,49824700,49933600,1670,28384000,6637100,6421350,0,24132,0,5,0,0,0,0,0,0
23,3437663592,21086,737750,11664550,29994050,7677250,50073600,50185950,1440,29812100,7360700,7155200,0,24132,0,5,0,0,0,0,0,0
24,3162062844,21087,735900,11791550,28422500,9069450,50019400,50129950,1761,28244300,6499600,6287750,0,24132,0,5,0,0,0,0,0,0
25,1213835568,21088,740350,11820650,29569100,7910800,50040900,50154150,1522,29390950,6979750,6766150,0,24132,0,5,0,0,0,0,0,0
26,4133797692,21089,734550,11919200,28394200,8997950,50045900,50160700,1737,28224100,6479250,6249500,0,24132,0,5,0,0,0,0,0,0
27,256876650,21090,736550,11740550,37552650,16739400,66769150,66879000,2954,37364850,14310650,14005300,0,24452,0,5,0,0,0,0,0,0
28,482917404,21091,764850,11844050,29066850,8721450,50397200,50526250,1553,28879750,6424050,6234100,0,24452,0,5,0,0,0,0,0,0
29,1264633954,21092,744600,11718950,28550300,8661200,49675050,49785650,1640,28388150,6569500,6352350,0,24132,0,5,0,0,0,0,0,0
30,3606135978,21093,737550,11697700,28888150,8816050,50139450,50255500,1570,28710600,6365250,6161200,0,24132,0,5,0,0,0,0,0,0
31,2630115922,21094,744050,11735950,28786200,8680950,49947150,50063300,1647,28616300,6772700,6547000,0,24132,0,5,0,0,0,0,0,0
32,3881483034,21095,739850,11643750,28961600,8696950,50042150,50156400,1546,28774650,6384950,6180550,0,24132,0,5,0,0,0,0,0,0
33,2944919204,21096,740500,11770800,28388200,9139550,50039050,50156000,1777,28224800,6435050,6208050,0,24132,0,5,0,0,0,0,0,0
34,646532490,21097,737300,11769950,29485950,8049550,50042750,50158150,1550,29300150,6950850,6730450,0,24132,0,5,0,0,0,0,0,0
35,2877853796,21098,745100,11931750,28705950,8661000,50043800,50157550,1573,28539250,6715300,5897350,0,24132,0,5,0,0,0,0,0,0
36,1922367648,21099,741850,11678600,29546250,8079050,50045750,50158350,1554,29362050,6968350,5956650,0,24132,0,5,0,0,0,0,0,0
37,1795563108,21100,742700,11962600,28754400,8579400,50039100,50159100,1642,28585650,6769350,5842350,0,24132,0,5,0,0,0,0,0,0
38,214631552,21101,806750,13588100,29493200,4713100,48601150,50155150,915,29305450,6907250,6704550,0,24132,0,5,0,0,0,0,0,0
39,1929726190,21102,747650,11914800,28743850,8645600,50051900,50160950,1656,28578350,6178700,5983600,0,24132,0,5,0,0,0,0,0,0
40,1190506064,21103,1532950,11975250,28317150,8221550,50046900,50156700,1578,28142600,6433300,6215950,0,24132,0,5,0,0,0,0,0,0
41,3268351150,21104,748750,11769400,29100100,8758250,50376500,50489400,1594,28918500,6374150,6169050,0,24132,0,5,0,0,0,0,0,0
42,118037070,21105,744100,11735250,28687700,8544850,49711900,49824400,1649,28522050,6593500,6370900,0,24132,0,5,0,0,0,0,0,0
43,1955195062,21106,747800,11687450,29180800,8440300,50056350,50170800,1521,28990750,6384850,6183550,0,24132,0,5,0,0,0,0,0,0
44,1797432467,21107,740800,12086450,28481550,8724000,50032800,50146050,1684,28317550,6432500,6208600,0,24132,0,5,0,0,0,0,0,0
45,1035442557,21108,745800,11626850,29677950,7995800,50046400,50158800,1540,29498700,6919200,6704500,0,24132,0,5,0,0,0,0,0,0
46,2267612867,21109,741750,11754250,28505200,9042500,50043700,50156700,1751,28341800,6432700,6204300,0,24132,0,5,0,0,0,0,0,0
47,1217717069,21110,746650,11598850,35697300,2012200,50055000,50169250,208,35506900,12936850,12694850,0,24132,0,5,0,0,0,0,0,0
48,1461268009,21111,780450,11828050,31862350,5555350,50026200,50150150,1087,31682500,6580850,6368650,0,24132,0,5,0,0,0,0,0,0
49,2370304197,21112,1357800,10950250,29766550,7968600,50043200,50154100,1524,29590500,6980900,6762300,0,24132,0,5,0,0,0,0,0,0
50,655561417,21113,741200,11781750,28910350,8609900,50043200,50160550,1647,28737000,6802100,5849950,0,24132,0,5,0,0,0,0,0,0
51,524675839,21114,1330350,10987600,29512000,8218850,50048800,50158300,1580,29335850,6719900,6504350,0,24452,0,5,0,0,0,0,0,0
52,1155835041,21115,739600,11718200,29678700,7908800,50045300,50155800,1489,29503050,6387950,6177750,0,24452,0,5,0,0,0,0,0,0
53,214853719,21116,1208250,11634400,28719100,8484700,50046450,50157400,1640,28546400,6861800,6640150,0,24132,0,5,0,0,0,0,0,0
54,3035389575,21117,739850,11706350,28811800,9058400,50316400,50430450,1663,28628050,6375250,5365650,0,24132,0,5,0,0,0,0,0,0
55,1549109231,21118,741700,11728100,28716900,8585400,49772100,49885850,1659,28546100,6765150,6543450,0,24132,0,5,0,0,0,0,0,0
56,66132623,21119,742450,11684450,30044750,7575500,50047150,50159550,1448,29858400,7048950,6833400,0,24132,0,5,0,0,0,0,0,0
57,3504604473,21120,741400,11780350,31929150,5593600,50044500,50156200,1100,31758550,7052150,6844200,0,24132,0,5,0,0,0,0,0,0
58,1691498415,21121,734650,11657250,30786250,6871700,50049850,50160050,1246,30599200,6474650,6270600,0,24132,0,5,0,0,0,0,0,0
59,4055346753,21122,744550,11783500,28393450,9119750,50041250,50156350,1741,28216150,6430200,6209900,0,24132,0,5,0,0,0,0,0,0
60,4185240021,21123,735150,11611050,29819950,7876100,50042250,50158600,1484,29643850,7283350,7063050,0,24132,0,5,0,0,0,0,0,0
61,380494641,21124,793400,11939050,28933700,7627900,49294050,50154450,1433,28755850,6368100,6156850,0,24132,0,5,0,0,0,0,0,0
62,648826037,21125,1504700,10972600,29491050,8075200,50043550,50157900,1552,29304750,6952900,6728850,0,24132,0,5,0,0,0,0,0,0
63,457329003,21126,742550,11968350,28659800,8675950,50046650,50159250,1662,28486250,6025950,5825400,0,24132,0,5,0,0,0,0,0,0
64,3359035981,21127,1303250,11813300,28651750,8276450,50044750,50156300,1508,28477800,6813450,6599000,0,24132,0,5,0,0,0,0,0,0
65,1526400123,21128,755500,12007300,28850350,8433700,50046850,50159300,1608,28666200,6345800,6136250,0,24132,0,5,0,0,0,0,0,0
66,1691524227,21129,1204500,11952050,28543800,8344700,50045050,50159650,1606,28369550,6623100,6400000,0,24132,0,5,0,0,0,0,0,0
67,1475349003,21130,739650,11854800,28939750,8727400,50261600,50375650,1591,28756850,6378350,6171300,0,24132,0,5,0,0,0,0,0,0
68,485644907,21131,734850,17956000,30961950,172050,49824850,49937800,31,30776250,6538600,6293850,0,24132,0,5,0,0,0,0,0,0
69,1050479637,21132,746650,12177250,29659150,7466100,50049150,50158450,1424,29475050,6915900,6697850,0,24132,0,5,0,0,0,0,0,0
70,3204525547,21133,736400,11804300,28541750,8963800,50046250,50157300,1741,28377200,6498150,6287250,0,24132,0,5,0,0,0,0,0,0
71,4185398997,21134,740450,11627700,29691700,7985100,50044950,50160950,1535,29509150,6919950,6715050,0,24132,0,5,0,0,0,0,0,0
72,3094072225,21135,736650,11765800,28548700,8992400,50043550,50156050,1736,28374150,6471150,6236550,0,24132,0,5,0,0,0,0,0,0
73,1835371693,21136,739250,11946700,29706250,7659100,50051300,50159250,1461,29522800,6949050,6734400,0,24132,0,5,0,0,0,0,0,0
74,2168771505,21137,743850,11768450,28845250,8680400,50037950,50156800,1667,28672200,6775100,6544850,0,24132,0,5,0,0,0,0,0,0
75,4059398759,21138,1385250,10949850,29794500,7918400,50048000,50157550,1516,29615400,7018750,6804650,0,24452,0,5,0,0,0,0,0,0
76,644479865,21139,735350,11792700,29027150,8488350,50043550,50157000,1622,28849750,6197250,6008300,0,24452,0,5,0,0,0,0,0,0
77,1914197423,21140,1275100,10990900,29760400,8025800,50052200,50158050,1537,28905600,6639700,6425100,0,24132,0,5,0,0,0,0,0,0
78,430804047,21141,735350,11760200,29049050,8497350,50041950,50156550,1621,28867250,6363400,6161800,0,24132,0,5,0,0,0,0,0,0
79,3866048775,21142,792150,11815600,29226650,6464250,48298650,50160550,1183,29040300,6411500,6212500,0,24132,0,5,0,0,0,0,0,0
80,7140231,21143,737450,11688850,29068700,8721650,50216650,50327900,1588,28883300,6414750,6210750,0,24132,0,5,0,0,0,0,0,0
81,1511961547,21144,739950,11725950,28911200,8500750,49877850,49987200,1638,28739950,6642600,6411800,0,24132,0,5,0,0,0,0,0,0
82,376629139,21145,735500,11638750,29757750,7911100,50043100,50155600,1528,28988600,6574550,6366700,0,24132,0,5,0,0,0,0,0,0
83,1861594235,21146,737850,11812050,28694650,8797750,50042300,50161700,1701,28530500,6787600,6572800,0,24132,0,5,0,0,0,0,0,0
84,1702339483,21147,1611550,11817450,28703050,7164400,49296450,50157050,1349,28522500,6775500,6557950,0,24132,0,5,0,0,0,0,0,0
85,966101579,21148,740300,11839750,29114750,8350600,50045400,50157850,1558,28942250,6832100,6589650,0,24132,0,5,0,0,0,0,0,0
86,2786182811,21149,749400,11589100,29508750,8198850,50046100,50156400,1546,29323300,6967850,6754450,0,24132,0,5,0,0,0,0,0,0
87,3655782539,21150,741600,11812000,28715100,8774850,50043550,50157400,1656,28541450,6734650,5902750,0,24132,0,5,0,0,0,0,0,0
88,3735461922,21151,1379900,10988500,37288850,387900,50045150,50158900,77,37101250,7148700,6948800,0,24132,0,5,0,0,0,0,0,0
89,270833838,21152,739800,13212650,29947500,6149250,50049200,50156250,1215,29763850,7252500,5941050,0,24132,0,5,0,0,0,0,0,0
90,930095294,21153,1398800,11742250,28581900,8327250,50050200,50161750,1603,28407900,6742250,6526050,0,24132,0,5,0,0,0,0,0,0
91,1273808962,21154,742050,11916700,28807300,8577050,50043100,50157250,1639,28631650,6366250,6157200,0,24132,0,5,0,0,0,0,0,0
92,1953673858,21155,736650,11919900,28553300,8429100,49638950,50157900,1623,28377800,6637800,6421750,0,24132,0,5,0,0,0,0,0,0
93,4057475070,21156,737300,11869250,29043950,8615450,50265950,50378500,1476,28858850,6442750,6231650,0,24132,0,5,0,0,0,0,0,0
94,3372198854,21157,742450,11986050,28414050,8677350,49819900,49934650,1676,28238500,6488400,6266150,0,24132,0,5,0,0,0,0,0,0
95,2335202154,21158,744300,11792600,29556800,7951650,50045350,50159100,1531,28820650,6411900,6207350,0,24132,0,5,0,0,0,0,0,0
96,2170853250,21159,735850,11935100,28380150,8993700,50044800,50158250,1744,28203650,6507150,6283900,0,24132,0,5,0,0,0,0,0,0
97,1829955022,21160,738300,11622650,29707250,7976200,50044400,50156450,1536,29519050,6976900,6756550,0,24132,0,5,0,0,0,0,0,0
98,1856045454,21161,738300,12130500,28886050,8290750,50045600,50159600,1581,28706200,6812300,6573600,0,24132,0,5,0,0,0,0,0,0
99,2544683154,21162,735800,11545050,31888850,5876700,50046400,50156300,1059,31703700,6343500,6147050,0,24452,0,5,0,0,0,0,0,0
100,1531444578,21163,738250,11780700,28946800,8582950,50048700,50157900,1642,28766500,6821150,6589600,0,24452,0,5,0,0,0,0,0,0
101,1139277022,21164,1349750,10978650,29650250,8068700,50047350,50156650,1546,29475400,6952150,6730100,0,24132,0,5,0,0,0,0,0,0
102,2614530982,21165,738750,12111900,29025650,8168800,50045100,50160300,1549,28841150,6332250,6139850,0,24132,0,5,0,0,0,0,0,0
103,464765994,21166,1244750,11624600,28694950,8479100,50043400,50155600,1638,28529800,6688000,6475050,0,24132,0,5,0,0,0,0,0,0
104,1592019490,21167,729100,11772200,29014600,8906850,50422750,50538650,1629,28824600,6344450,6142850,0,24132,0,5,0,0,0,0,0,0
105,66207950,21168,739000,11716850,28716050,8494550,49666450,49776200,1639,28549100,6621000,6406750,0,24132,0,5,0,0,0,0,0,0
106,2639428798,21169,727850,11698850,29964700,7721150,50112550,50229050,1481,29793100,6923050,6153600,0,24132,0,5,0,0,0,0,0,0
107,1495915330,21170,776600,11950600,29006850,7493950,49228000,50088100,1407,28835950,6142250,5944850,0,24132,0,5,0,0,0,0,0,0
108,4079891938,21171,733400,11628050,29640600,8279600,50281650,50394650,1502,28885550,6386650,6179850,0,24132,0,5,0,0,0,0,0,0
109,1204987230,21172,739100,19125100,31045250,15613350,66522800,66641800,2991,30874550,6373050,6174500,0,24132,0,5,0,0,0,0,0,0
110,949029318,21173,1296100,12048200,28722900,7978200,50045400,50158300,1529,28548800,6626850,6415250,0,24132,0,5,0,0,0,0,0,0
111,2727127274,21174,735550,11737850,29049700,8518850,50041950,50158050,1628,28875250,6305750,6092900,0,24132,0,5,0,0,0,0,0,0
112,2443393666,21175,1200400,11703800,28653000,8489600,50046800,50157950,1641,28484800,6628950,6413500,0,24132,0,5,0,0,0,0,0,0
113,434260526,21176,734800,11702350,29074150,8774900,50286200,50398650,1602,28895150,6368150,6161450,0,24132,0,5,0,0,0,0,0,0
114,2637634158,21177,733050,11758800,28817350,8491050,49800250,49913400,1635,28650050,6416500,6194200,0,24132,0,5,0,0,0,0,0,0
115,4248248050,21178,738750,11670700,29760850,7875050,50045350,50157850,1520,29013950,6394050,6186850,0,24132,0,5,0,0,0,0,0,0
116,663154818,21179,731700,11762350,28698500,8857550,50050100,50162250,1718,28532550,6640800,6420700,0,24132,0,5,0,0,0,0,0,0
117,1461428606,21180,737100,11618650,29684200,8000700,50040650,50153500,1540,29504200,6932200,6713050,0,24132,0,5,0,0,0,0,0,0
118,3252362022,21181,736650,11745500,29029000,8534550,50045700,50159650,1641,28859750,6804400,6567750,0,24132,0,5,0,0,0,0,0,0
119,2423015338,21182,740900,11568050,30821750,6921600,50052300,50158350,1291,30645500,6612450,6367950,0,24132,0,5,0,0,0,0,0,0
120,507309730,21183,739150,11774700,28541650,8993750,50049250,50157550,1733,28360350,6637200,6397950,0,24132,0,5,0,0,0,0,0,0
121,2882991293,21184,1374750,10953950,29656600,8062800,50048100,50157300,1548,29476000,7118900,6893350,0,24132,0,5,0,0,0,0,0,0
122,3682963569,21185,735600,11780900,29267000,8261650,50045150,50158900,1537,29083950,6281600,6077100,0,24132,0,5,0,0,0,0,0,0
123,1404881069,21186,1286100,10994800,29406300,8364100,50051300,50159700,1579,28548550,6809100,6593850,0,24452,0,5,0,0,0,0,0,0
124,624513273,21187,738050,11767850,28741250,8799000,50046150,50157700,1658,28563350,6167700,5979250,0,24452,0,5,0,0,0,0,0,0
125,484090933,21188,1205900,11751150,28478250,8608500,50043800,50157050,1636,28308450,6564600,6343350,0,24132,0,5,0,0,0,0,0,0
126,2330053545,21189,733300,11682750,28902200,9049650,50367900,50483850,1616,28706800,6496850,5352150,0,24132,0,5,0,0,0,0,0,0
127,3891445269,21190,742250,11826900,28465950,8682150,49717250,49829150,1679,28296200,6582850,6356300,0,24132,0,5,0,0,0,0,0,0
128,1947616753,21191,740750,11837500,28909750,8560450,50048450,50160950,1549,28719050,6379500,6159850,0,24132,0,5,0,0,0,0,0,0
129,965975981,21192,740400,18151950,31042700,16828100,66763150,66877650,3223,30859450,6812850,6582950,0,24132,0,5,0,0,0,0,0,0
130,2786931617,21193,1362800,10988250,29742900,7948650,50042600,50157700,1521,29565050,6833750,6615850,0,24132,0,5,0,0,0,0,0,0
131,4011087213,21194,776250,11911700,29670550,6925800,49284300,50155200,1391,28783250,6344500,6126350,0,24132,0,5,0,0,0,0,0,0
132,3703868376,21195,1244450,11633050,28640100,8529350,50046950,50160750,1615,28476250,6813850,6599300,0,24132,0,5,0,0,0,0,0,0
133,212089708,21196,744800,11775500,28664300,9234250,50418850,50534500,1655,28480650,6206900,5355800,0,24132,0,5,0,0,0,0,0,0
134,737348112,21197,739600,11806850,28685250,8434050,49665750,49781250,1594,28510300,6773050,6545900,0,24132,0,5,0,0,0,0,0,0
135,1465149204,21198,735750,11717250,28963900,8809100,50226000,50341850,1577,28779250,6398850,6192100,0,24132,0,5,0,0,0,0,0,0
136,3549792448,21199,738500,11857850,31693200,5564400,49853950,49970250,1096,31519500,6915600,6712750,0,24132,0,5,0,0,0,0,0,0
137,3053421220,21200,738700,11860500,29489700,7964600,50053500,50161100,1531,29313150,6919050,6706100,0,24132,0,5,0,0,0,0,0,0
138,904563048,21201,729450,11938850,28335750,9040200,50044250,50158000,1668,28166300,6438500,6222500,0,24132,0,5,0,0,0,0,0,0
139,1363341148,21202,742900,11813400,30924050,6562700,50043050,50156950,1212,30737500,6717950,6474700,0,24132,0,5,0,0,0,0,0,0
140,3357813192,21203,735650,11959900,28599400,8753300,50048250,50157500,1684,28417200,6687650,6449350,0,24132,0,5,0,0,0,0,0,0
141,1376589724,21204,739350,11630250,29486700,8191550,50047850,50159250,1576,29308800,6940200,6713550,0,24132,0,5,0,0,0,0,0,0
142,2806738240,21205,737900,11916150,28677250,8708850,50040150,50157150,1673,28497050,6790750,6552300,0,24132,0,5,0,0,0,0,0,0
143,1863420068,21206,1658600,11875850,28545400,7966750,50046600,50157750,1525,28373950,6579400,6360500,0,24132,0,5,0,0,0,0,0,0
144,2368389248,21207,729100,11760250,28901200,8652700,50043250,50157050,1657,28723050,6175450,5990100,0,24132,0,5,0,0,0,0,0,0
145,3624800580,21208,1208250,11650050,28752500,8437200,50048000,50157500,1629,28581500,6696500,6476400,0,24132,0,5,0,0,0,0,0,0
146,2708332264,21209,728900,11713850,29111150,8799100,50353000,50466500,1607,28918250,6367250,6166700,0,24132,0,5,0,0,0,0,0,0
147,3643166428,21210,737750,12092550,28682450,8223550,49736300,49848500,1571,28514950,6549500,6297300,0,24452,0,5,0,0,0,0,0,0
148,1604903896,21211,731000,11654950,29189350,8468100,50043400,50159050,1532,29003000,6443450,6235450,0,24452,0,5,0,0,0,0,0,0
149,499105388,21212,734700,17812500,32183700,16029100,66760000,66875950,3080,32006800,7466450,7207000,0,24132,0,5,0,0,0,0,0,0
150,3393190256,21213,1401200,11109350,29542350,7993400,50046300,50159800,1468,29360900,7015650,6795150,0,24132,0,5,0,0,0,0,0,0
151,1752164884,21214,745450,11969750,28808200,8517500,50040900,50157300,1632,28635000,6194300,6007550,0,24132,0,5,0,0,0,0,0,0
152,112950176,21215,1275900,10973450,29482700,8311400,50043450,50155750,1601,28478800,6864000,6653000,0,24132,0,5,0,0,0,0,0,0
153,218377828,21216,741250,11782450,29199750,8321300,50044750,50159950,1582,29024450,6415800,6209500,0,24132,0,5,0,0,0,0,0,0
154,1614877672,21217,785200,11929550,28886850,7223500,48825100,50157900,1351,28708400,6809450,6581350,0,24132,0,5,0,0,0,0,0,0
155,624660060,21218,737850,12089500,29808850,7586800,50223000,50334700,1451,29624900,6967550,6734150,0,24132,0,5,0,0,0,0,0,0
156,1646146728,21219,734500,11749850,28707750,8679300,49871400,49980400,1679,28536250,6640900,6416600,0,24132,0,5,0,0,0,0,0,0
157,2550301372,21220,737050,11668900,29740000,7899000,50044950,50158600,1521,29007750,6431500,6211950,0,24132,0,5,0,0,0,0,0,0
158,172327680,21221,733500,11796850,28529950,8983450,50043750,50158450,1742,28353150,6484300,6257800,0,24132,0,5,0,0,0,0,0,0
159,28774455,21222,748950,11480500,31040100,6770300,50039850,50155100,1255,30846550,7640700,7407050,0,23812,0,5,0,0,0,0,0,0
160,1278562831,21223,729750,11638450,28342150,9335150,50045500,50157650,1818,28166250,6444750,6223850,0,23812,0,5,0,0,0,0,0,0
161,1878041307,21224,731700,11406700,29457300,8452750,50048450,50160200,1637,29275800,6917900,6696700,0,23812,0,5,0,0,0,0,0,0
162,2842495315,21225,726700,11617250,28246800,9451850,50042600,50155200,1720,28076550,6424950,6210950,0,23812,0,5,0,0,0,0,0,0
163,942955647,21226,1365300,10817250,29825300,8038350,50046200,50159200,1545,29654150,6959800,6737700,0,23812,0,5,0,0,0,0,0,0
164,3104849743,21227,730050,11623400,28464050,9230950,50048450,50158900,1789,28293800,6790500,6550800,0,23812,0,5,0,0,0,0,0,0
165,2914266731,21228,1247500,10836850,29342600,8619250,50046200,50156000,1672,29166500,7065800,6841300,0,23812,0,5,0,0,0,0,0,0
166,4064468955,21229,724250,11596000,28513000,9210150,50043400,50159700,1780,28334650,6876550,6639600,0,23812,0,5,0,0,0,0,0,0
167,3195515191,21230,729400,11526150,28828350,8547350,49631250,50155900,1651,28656000,6813300,6594300,0,23812,0,5,0,0,0,0,0,0
168,978211615,21231,727150,11539500,28367650,9525900,50160200,50272600,1732,28186750,6786850,5839400,0,24132,0,5,0,0,0,0,0,0
169,2835071531,21232,730200,12008100,36833650,357550,49929500,50041250,70,36648400,8078300,7851250,0,24132,0,5,0,0,0,0,0,0
170,2067386771,21233,735300,11565300,28742650,9007750,50051000,50159500,1612,28549100,6362200,6155650,0,24132,0,5,0,0,0,0,0,0
171,1313815599,21234,736150,11617100,28539700,9149400,50042350,50157800,1751,28363700,6913550,6682700,0,23812,0,5,0,0,0,0,0,0
172,2403178911,21235,731200,11475500,28577750,9259400,50043850,50159300,1674,28382350,6316600,6111100,0,23812,0,5,0,0,0,0,0,0
173,2922328731,21236,732150,11612300,28234150,9463650,50042250,50156200,1847,28067500,6517950,6293550,0,23812,0,5,0,0,0,0,0,0
174,984914827,21237,731000,11536200,28547000,9227500,50041700,50158600,1690,28358900,6291750,6088300,0,23812,0,5,0,0,0,0,0,0
175,3908989879,21238,731900,11780300,28189150,9342950,50044300,50159750,1723,28015200,6425050,6187500,0,23812,0,5,0,0,0,0,0,0
176,3999582383,21239,1356250,10984300,29084900,8612800,50038250,50157850,1672,28910050,6864300,6646850,0,23812,0,5,0,0,0,0,0,0
177,407226939,21240,737300,11800600,28430400,9079100,50047400,50158450,1751,28257950,6732950,6491350,0,23812,0,5,0,0,0,0,0,0
178,1756548563,21241,1250650,11658850,28446800,8689000,50045300,50156050,1685,28270450,6904550,6691500,0,23812,0,5,0,0,0,0,0,0
179,270721439,21242,731700,11760950,28277650,9921150,50691450,50804500,1792,28101350,6741000,6498500,0,23812,0,5,0,0,0,0,0,0
CSV_END

STUDY_DONE_48f22fa2b6c8=0
# 