Addressing configuration for axi_crossbar_addr instance TOP.RasterIX_IF.mainXBar.axi_crossbar_wr_inst.s_ifaces[0].addr_inst
 0 ( 0): 00000000 / 32 -- 00000000-ffffffff
Addressing configuration for axi_crossbar_addr instance TOP.RasterIX_IF.mainXBar.axi_crossbar_wr_inst.s_ifaces[1].addr_inst
 0 ( 0): 00000000 / 32 -- 00000000-ffffffff
Addressing configuration for axi_crossbar_addr instance TOP.RasterIX_IF.mainXBar.axi_crossbar_wr_inst.s_ifaces[2].addr_inst
 0 ( 0): 00000000 / 32 -- 00000000-ffffffff
Addressing configuration for axi_crossbar_addr instance TOP.RasterIX_IF.mainXBar.axi_crossbar_wr_inst.s_ifaces[3].addr_inst
 0 ( 0): 00000000 / 32 -- 00000000-ffffffff
Addressing configuration for axi_crossbar_addr instance TOP.RasterIX_IF.mainXBar.axi_crossbar_rd_inst.s_ifaces[0].addr_inst
 0 ( 0): 00000000 / 32 -- 00000000-ffffffff
Addressing configuration for axi_crossbar_addr instance TOP.RasterIX_IF.mainXBar.axi_crossbar_rd_inst.s_ifaces[1].addr_inst
 0 ( 0): 00000000 / 32 -- 00000000-ffffffff
Addressing configuration for axi_crossbar_addr instance TOP.RasterIX_IF.mainXBar.axi_crossbar_rd_inst.s_ifaces[2].addr_inst
 0 ( 0): 00000000 / 32 -- 00000000-ffffffff
Addressing configuration for axi_crossbar_addr instance TOP.RasterIX_IF.mainXBar.axi_crossbar_rd_inst.s_ifaces[3].addr_inst
 0 ( 0): 00000000 / 32 -- 00000000-ffffffff
TEXTURE_BEGIN size=64
TEXTURE_DIFF x=288 y=240 actual=ffff expected=f81f
TEXTURE_DIFF x=289 y=240 actual=ffff expected=f81f
TEXTURE_DIFF x=290 y=240 actual=ffff expected=f81f
TEXTURE_DIFF x=291 y=240 actual=ffff expected=f81f
TEXTURE_DIFF x=292 y=240 actual=ffff expected=f81f
TEXTURE_DIFF x=293 y=240 actual=ffff expected=f81f
TEXTURE_DIFF x=294 y=240 actual=ffff expected=f81f
TEXTURE_DIFF x=295 y=240 actual=ffff expected=f81f
TEXTURE_DIFF x=296 y=240 actual=0000 expected=07ff
TEXTURE_DIFF x=297 y=240 actual=0000 expected=07ff
TEXTURE_DIFF x=298 y=240 actual=0000 expected=07ff
TEXTURE_DIFF x=299 y=240 actual=0000 expected=07ff
TEXTURE_CHECK size=64 pixels=307200 mismatches=2048
TEXTURE_PROBE_FINISHED failures=1 only=64 keep=1
