/tmp/app-lto --transport unrolled --state-frame 0 --frames 180 --warmup 30 --wait spin --profile frame --csv /tmp/transport-frames.csv --grouped && printf "CSV_BEGIN\n" && cat /tmp/transport-frames.csv && printf "CSV_END\n"; study_status=$?; printf "\nSTUDY_DONE_ca2867e1258b=%s\n" "$study_status"
TRANSPORT mode=unrolled dma_minimum=64
BEGIN_BREAKOUT frames=180 warmup=30 fixed=0 blocks=40 tiles=1 hud=1 wait=spin replay=0 state_frame=0 profile=frame pixel_centers=1 clock_call_ns=4689
HW_COUNTERS unavailable
RESULT frames=180 elapsed_s=9.162147900 fps=19.646048 logic_ms=0.000000 api_ms=0.000000 swap_ms=0.000000 wait_ms=0.000000 worker_inclusive_ms=0.000000 upload_inclusive_ms=0.000000 write_ms=0.000000 bytes_per_frame=30951.56 p50_ms=50.158050 p95_ms=50.610700 max_ms=66.884600 late_60hz=180 first_count=30495 last_count=30674 state_hash=8f34e8fd remaining=38 score=20
RENDER_PATH retained=0 grouped=1 quads=13131 full_frames=180
BREAKOUT_PASS
CSV_BEGIN
frame,state_hash,display_count,logic_ns,api_ns,swap_ns,wait_ns,total_ns,completion_interval_ns,polls,worker_inclusive_ns,upload_inclusive_ns,write_ns,read_ns,write_bytes,read_bytes,write_calls,read_calls,dma_copy_ns,dma_launch_ns,dma_completion_wait_ns,dma_bytes,dma_lists
0,3724779174,30495,0,0,0,0,50132000,50143450,887,0,0,0,0,31172,0,5,0,0,0,0,0,0
1,1709657109,30496,0,0,0,0,50053650,50148500,635,0,0,0,0,31172,0,5,0,0,0,0,0,0
2,1894904752,30497,0,0,0,0,50069350,50167350,953,0,0,0,0,31172,0,5,0,0,0,0,0,0
3,3703759967,30498,0,0,0,0,50438750,50535900,1057,0,0,0,0,31172,0,5,0,0,0,0,0,0
4,19533624,30499,0,0,0,0,49671400,49771650,948,0,0,0,0,31172,0,5,0,0,0,0,0,0
5,816884773,30500,0,0,0,0,50127750,50226100,1057,0,0,0,0,31172,0,5,0,0,0,0,0,0
6,1339236364,30501,0,0,0,0,49987500,50089200,1077,0,0,0,0,31172,0,5,0,0,0,0,0,0
7,3072959373,30502,0,0,0,0,50057050,50157000,1002,0,0,0,0,31172,0,5,0,0,0,0,0,0
8,1782884746,30503,0,0,0,0,50066300,50166400,1063,0,0,0,0,31172,0,5,0,0,0,0,0,0
9,30296781,30504,0,0,0,0,50057450,50151850,921,0,0,0,0,31492,0,5,0,0,0,0,0,0
10,4026418858,30505,0,0,0,0,50053950,50157000,1150,0,0,0,0,31492,0,5,0,0,0,0,0,0
11,2084929051,30506,0,0,0,0,50057700,50157700,672,0,0,0,0,31492,0,5,0,0,0,0,0,0
12,3114489770,30507,0,0,0,0,50059200,50159400,1135,0,0,0,0,31172,0,5,0,0,0,0,0,0
13,891400471,30508,0,0,0,0,50048750,50155600,925,0,0,0,0,31172,0,5,0,0,0,0,0,0
14,3472773456,30509,0,0,0,0,49350650,50159700,930,0,0,0,0,31172,0,5,0,0,0,0,0,0
15,3010688243,30510,0,0,0,0,50054000,50155600,972,0,0,0,0,31172,0,5,0,0,0,0,0,0
16,2819524756,30511,0,0,0,0,66776600,66877200,2648,0,0,0,0,31172,0,5,0,0,0,0,0,0
17,3241678401,30512,0,0,0,0,50054250,50160550,1126,0,0,0,0,31172,0,5,0,0,0,0,0,0
18,2154316504,30513,0,0,0,0,50056400,50156750,941,0,0,0,0,31172,0,5,0,0,0,0,0,0
19,772262681,30514,0,0,0,0,50052450,50155400,1161,0,0,0,0,31172,0,5,0,0,0,0,0,0
20,3882818750,30515,0,0,0,0,50062500,50161350,858,0,0,0,0,31172,0,5,0,0,0,0,0,0
21,521131153,30516,0,0,0,0,50056800,50156900,621,0,0,0,0,31172,0,5,0,0,0,0,0,0
22,1838187414,30517,0,0,0,0,50057450,50155800,956,0,0,0,0,31172,0,5,0,0,0,0,0,0
23,840574439,30518,0,0,0,0,50057200,50158700,1079,0,0,0,0,31172,0,5,0,0,0,0,0,0
24,2879461878,30519,0,0,0,0,50058200,50158300,965,0,0,0,0,31172,0,5,0,0,0,0,0,0
25,202086035,30520,0,0,0,0,50272700,50372700,1016,0,0,0,0,31172,0,5,0,0,0,0,0,0
26,959703924,30521,0,0,0,0,49840300,49944750,1018,0,0,0,0,31172,0,5,0,0,0,0,0,0
27,3795724423,30522,0,0,0,0,50067650,50169650,1054,0,0,0,0,31172,0,5,0,0,0,0,0,0
28,2500539904,30523,0,0,0,0,50045150,50146800,1124,0,0,0,0,31172,0,5,0,0,0,0,0,0
29,2269000541,30524,0,0,0,0,50054800,50154650,844,0,0,0,0,31172,0,5,0,0,0,0,0,0
30,1900681108,30525,0,0,0,0,50055050,50159750,1118,0,0,0,0,31172,0,5,0,0,0,0,0,0
31,3680168245,30526,0,0,0,0,50056450,50156950,687,0,0,0,0,31172,0,5,0,0,0,0,0,0
32,2344329490,30527,0,0,0,0,50060250,50159250,1164,0,0,0,0,31172,0,5,0,0,0,0,0,0
33,2130650181,30528,0,0,0,0,50056400,50155300,302,0,0,0,0,31492,0,5,0,0,0,0,0,0
34,906966818,30529,0,0,0,0,50056150,50157750,1122,0,0,0,0,31492,0,5,0,0,0,0,0,0
35,3939376531,30530,0,0,0,0,50055950,50158800,940,0,0,0,0,31492,0,5,0,0,0,0,0,0
36,2110688546,30531,0,0,0,0,66775100,66876350,2824,0,0,0,0,31172,0,5,0,0,0,0,0,0
37,2695523007,30532,0,0,0,0,49346350,50157450,802,0,0,0,0,31172,0,5,0,0,0,0,0,0
38,744447992,30533,0,0,0,0,50055100,50157900,947,0,0,0,0,31172,0,5,0,0,0,0,0,0
39,3728640411,30534,0,0,0,0,50055050,50157700,1157,0,0,0,0,31172,0,5,0,0,0,0,0,0
40,618879740,30535,0,0,0,0,50061900,50160400,934,0,0,0,0,31172,0,5,0,0,0,0,0,0
41,1239708057,30536,0,0,0,0,50054200,50155650,515,0,0,0,0,31172,0,5,0,0,0,0,0,0
42,2429742208,30537,0,0,0,0,50060150,50159300,937,0,0,0,0,31172,0,5,0,0,0,0,0,0
43,412095716,30538,0,0,0,0,50054400,50155900,1073,0,0,0,0,31172,0,5,0,0,0,0,0,0
44,1226741467,30539,0,0,0,0,50060950,50161050,961,0,0,0,0,31172,0,5,0,0,0,0,0,0
45,3288446148,30540,0,0,0,0,50373200,50475050,877,0,0,0,0,31172,0,5,0,0,0,0,0,0
46,1157984843,30541,0,0,0,0,49735650,49840100,1028,0,0,0,0,31172,0,5,0,0,0,0,0,0
47,3877288378,30542,0,0,0,0,50056550,50158100,1008,0,0,0,0,31172,0,5,0,0,0,0,0,0
48,4236526315,30543,0,0,0,0,50053900,50154900,1093,0,0,0,0,31172,0,5,0,0,0,0,0,0
49,533834014,30544,0,0,0,0,50061100,50162000,819,0,0,0,0,31172,0,5,0,0,0,0,0,0
50,1649361089,30545,0,0,0,0,50051900,50156600,1103,0,0,0,0,31172,0,5,0,0,0,0,0,0
51,2486981906,30546,0,0,0,0,50054650,50156150,632,0,0,0,0,31172,0,5,0,0,0,0,0,0
52,1706075277,30547,0,0,0,0,50057900,50156500,1146,0,0,0,0,31172,0,5,0,0,0,0,0,0
53,267972368,30548,0,0,0,0,50056300,50158100,831,0,0,0,0,31172,0,5,0,0,0,0,0,0
54,3895401273,30549,0,0,0,0,50057500,50158900,1176,0,0,0,0,31172,0,5,0,0,0,0,0,0
55,605985656,30550,0,0,0,0,50058650,50158250,909,0,0,0,0,31172,0,5,0,0,0,0,0,0
56,4077673024,30551,0,0,0,0,66784800,66884600,2895,0,0,0,0,30852,0,5,0,0,0,0,0,0
57,985632231,30552,0,0,0,0,50054250,50149950,1051,0,0,0,0,30852,0,5,0,0,0,0,0,0
58,3720590956,30553,0,0,0,0,50058050,50158150,938,0,0,0,0,30852,0,5,0,0,0,0,0,0
59,3264032585,30554,0,0,0,0,50053550,50157800,1114,0,0,0,0,30852,0,5,0,0,0,0,0,0
60,395405688,30555,0,0,0,0,50058300,50157750,952,0,0,0,0,30852,0,5,0,0,0,0,0,0
61,32142420,30556,0,0,0,0,49353350,50158800,447,0,0,0,0,30852,0,5,0,0,0,0,0,0
62,1187067055,30557,0,0,0,0,50051950,50156350,925,0,0,0,0,30852,0,5,0,0,0,0,0,0
63,459140908,30558,0,0,0,0,50059300,50160800,1187,0,0,0,0,30852,0,5,0,0,0,0,0,0
64,3369786495,30559,0,0,0,0,50057350,50157950,950,0,0,0,0,30852,0,5,0,0,0,0,0,0
65,1572434254,30560,0,0,0,0,50057050,50156900,980,0,0,0,0,30852,0,5,0,0,0,0,0,0
66,4107798823,30561,0,0,0,0,49646800,50156000,1012,0,0,0,0,30852,0,5,0,0,0,0,0,0
67,343968250,30562,0,0,0,0,50173100,50274650,1036,0,0,0,0,30852,0,5,0,0,0,0,0,0
68,3102454017,30563,0,0,0,0,49939600,50041800,1033,0,0,0,0,30852,0,5,0,0,0,0,0,0
69,3051095563,30564,0,0,0,0,50123350,50225000,1026,0,0,0,0,30852,0,5,0,0,0,0,0,0
70,2391331016,30565,0,0,0,0,49984500,50090050,1092,0,0,0,0,30852,0,5,0,0,0,0,0,0
71,3869016117,30566,0,0,0,0,50055100,50157650,622,0,0,0,0,30852,0,5,0,0,0,0,0,0
72,1579800804,30567,0,0,0,0,50062300,50161150,1142,0,0,0,0,30852,0,5,0,0,0,0,0,0
73,2792341157,30568,0,0,0,0,50051250,50153950,953,0,0,0,0,30852,0,5,0,0,0,0,0,0
74,714702942,30569,0,0,0,0,50056450,50159400,1141,0,0,0,0,30852,0,5,0,0,0,0,0,0
75,1092538936,30570,0,0,0,0,50057350,50157300,944,0,0,0,0,30852,0,5,0,0,0,0,0,0
76,1561271239,30571,0,0,0,0,66778550,66878800,2895,0,0,0,0,31172,0,5,0,0,0,0,0,0
77,3798074098,30572,0,0,0,0,50055900,50159100,1006,0,0,0,0,31172,0,5,0,0,0,0,0,0
78,3022639071,30573,0,0,0,0,50047500,50153700,926,0,0,0,0,31172,0,5,0,0,0,0,0,0
79,2282770062,30574,0,0,0,0,50054250,50158700,1106,0,0,0,0,30852,0,5,0,0,0,0,0,0
80,1626512457,30575,0,0,0,0,50060950,50161250,967,0,0,0,0,30852,0,5,0,0,0,0,0,0
81,3156888026,30576,0,0,0,0,50054500,50156600,680,0,0,0,0,30852,0,5,0,0,0,0,0,0
82,3038824309,30577,0,0,0,0,50056600,50159300,862,0,0,0,0,30852,0,5,0,0,0,0,0,0
83,1261846460,30578,0,0,0,0,50054000,50155550,1214,0,0,0,0,30852,0,5,0,0,0,0,0,0
84,2035201521,30579,0,0,0,0,48587300,50159400,830,0,0,0,0,30852,0,5,0,0,0,0,0,0
85,2164446652,30580,0,0,0,0,50055100,50155150,1105,0,0,0,0,30852,0,5,0,0,0,0,0,0
86,2017191835,30581,0,0,0,0,50053650,50156900,956,0,0,0,0,30852,0,5,0,0,0,0,0,0
87,3029138484,30582,0,0,0,0,50303750,50405350,1073,0,0,0,0,30852,0,5,0,0,0,0,0,0
88,50355403,30583,0,0,0,0,49808500,49910450,1045,0,0,0,0,30852,0,5,0,0,0,0,0,0
89,654213990,30584,0,0,0,0,50058100,50158050,1048,0,0,0,0,30852,0,5,0,0,0,0,0,0
90,2360099787,30585,0,0,0,0,50055000,50158000,1066,0,0,0,0,30852,0,5,0,0,0,0,0,0
91,2424818746,30586,0,0,0,0,50057250,50157450,599,0,0,0,0,30852,0,5,0,0,0,0,0,0
92,1971386461,30587,0,0,0,0,50060900,50160400,1135,0,0,0,0,30852,0,5,0,0,0,0,0,0
93,3386045126,30588,0,0,0,0,50056500,50158150,939,0,0,0,0,30852,0,5,0,0,0,0,0,0
94,1429641961,30589,0,0,0,0,50054300,50158900,1097,0,0,0,0,30852,0,5,0,0,0,0,0,0
95,3022846880,30590,0,0,0,0,50055450,50157150,928,0,0,0,0,30852,0,5,0,0,0,0,0,0
96,1601897261,30591,0,0,0,0,52670250,52771350,407,0,0,0,0,30852,0,5,0,0,0,0,0,0
97,1229951528,30592,0,0,0,0,47419500,47539700,184,0,0,0,0,30852,0,5,0,0,0,0,0,0
98,4065171759,30593,0,0,0,0,50063650,50161150,1013,0,0,0,0,30852,0,5,0,0,0,0,0,0
99,1034325744,30594,0,0,0,0,50056350,50158200,1022,0,0,0,0,30852,0,5,0,0,0,0,0,0
100,14078671,30595,0,0,0,0,50253100,50353400,1038,0,0,0,0,31172,0,5,0,0,0,0,0,0
101,4024270554,30596,0,0,0,0,49860250,49960250,952,0,0,0,0,31172,0,5,0,0,0,0,0,0
102,896191351,30597,0,0,0,0,50052850,50160050,594,0,0,0,0,31172,0,5,0,0,0,0,0,0
103,2131384102,30598,0,0,0,0,50058100,50158100,1112,0,0,0,0,30852,0,5,0,0,0,0,0,0
104,2586210593,30599,0,0,0,0,50057550,50155600,983,0,0,0,0,30852,0,5,0,0,0,0,0,0
105,591918370,30600,0,0,0,0,50057800,50159450,1127,0,0,0,0,30852,0,5,0,0,0,0,0,0
106,8814317,30601,0,0,0,0,50055750,50157350,892,0,0,0,0,30852,0,5,0,0,0,0,0,0
107,2340504196,30602,0,0,0,0,49340600,50157500,875,0,0,0,0,30852,0,5,0,0,0,0,0,0
108,3523076009,30603,0,0,0,0,50058900,50159500,946,0,0,0,0,30852,0,5,0,0,0,0,0,0
109,1961669028,30604,0,0,0,0,50054000,50155800,1181,0,0,0,0,30852,0,5,0,0,0,0,0,0
110,1037581603,30605,0,0,0,0,50062100,50157400,912,0,0,0,0,30852,0,5,0,0,0,0,0,0
111,2701024588,30606,0,0,0,0,50060900,50160300,1053,0,0,0,0,30852,0,5,0,0,0,0,0,0
112,215037203,30607,0,0,0,0,49509100,50154450,272,0,0,0,0,30852,0,5,0,0,0,0,0,0
113,3696282862,30608,0,0,0,0,50206450,50301950,1053,0,0,0,0,30852,0,5,0,0,0,0,0,0
114,2829142928,30609,0,0,0,0,49913850,50015700,1087,0,0,0,0,30852,0,5,0,0,0,0,0,0
115,3204762949,30610,0,0,0,0,50058150,50159600,869,0,0,0,0,30852,0,5,0,0,0,0,0,0
116,3297489190,30611,0,0,0,0,50058750,50158950,1114,0,0,0,0,30852,0,5,0,0,0,0,0,0
117,1691704917,30612,0,0,0,0,66777200,66876100,3066,0,0,0,0,30852,0,5,0,0,0,0,0,0
118,663957814,30613,0,0,0,0,50051700,50155100,1134,0,0,0,0,30852,0,5,0,0,0,0,0,0
119,3058583827,30614,0,0,0,0,50057700,50158800,913,0,0,0,0,30852,0,5,0,0,0,0,0,0
120,838545270,30615,0,0,0,0,50512600,50610700,1068,0,0,0,0,30852,0,5,0,0,0,0,0,0
121,3608912039,30616,0,0,0,0,49611400,49711100,1025,0,0,0,0,30852,0,5,0,0,0,0,0,0
122,4080159716,30617,0,0,0,0,50099500,50195400,664,0,0,0,0,30852,0,5,0,0,0,0,0,0
123,1056027075,30618,0,0,0,0,50014700,50115400,1031,0,0,0,0,30852,0,5,0,0,0,0,0,0
124,4057021248,30619,0,0,0,0,50059250,50158150,937,0,0,0,0,31172,0,5,0,0,0,0,0,0
125,2686741161,30620,0,0,0,0,50057800,50158250,1120,0,0,0,0,31172,0,5,0,0,0,0,0,0
126,3870849660,30621,0,0,0,0,50058300,50158450,962,0,0,0,0,31172,0,5,0,0,0,0,0,0
127,293449641,30622,0,0,0,0,50056800,50158600,1125,0,0,0,0,30852,0,5,0,0,0,0,0,0
128,596064266,30623,0,0,0,0,50056250,50155200,964,0,0,0,0,30852,0,5,0,0,0,0,0,0
129,3715495249,30624,0,0,0,0,50054700,50157250,1177,0,0,0,0,30852,0,5,0,0,0,0,0,0
130,244680018,30625,0,0,0,0,48714050,50159750,843,0,0,0,0,30852,0,5,0,0,0,0,0,0
131,4080661783,30626,0,0,0,0,50054650,50157700,1028,0,0,0,0,30852,0,5,0,0,0,0,0,0
132,4006730450,30627,0,0,0,0,50056750,50157300,766,0,0,0,0,30852,0,5,0,0,0,0,0,0
133,3864584507,30628,0,0,0,0,50322050,50423450,1056,0,0,0,0,30852,0,5,0,0,0,0,0,0
134,2711027320,30629,0,0,0,0,49787500,49890700,1061,0,0,0,0,30852,0,5,0,0,0,0,0,0
135,4099079087,30630,0,0,0,0,50056200,50158800,850,0,0,0,0,30852,0,5,0,0,0,0,0,0
136,565333772,30631,0,0,0,0,50056750,50158300,1109,0,0,0,0,30852,0,5,0,0,0,0,0,0
137,1028518269,30632,0,0,0,0,66774600,66875250,2703,0,0,0,0,30852,0,5,0,0,0,0,0,0
138,2252688136,30633,0,0,0,0,50054050,50158950,1138,0,0,0,0,30852,0,5,0,0,0,0,0,0
139,578597309,30634,0,0,0,0,50054850,50157900,906,0,0,0,0,30852,0,5,0,0,0,0,0,0
140,3624439358,30635,0,0,0,0,50060550,50160550,1058,0,0,0,0,30852,0,5,0,0,0,0,0,0
141,3514067501,30636,0,0,0,0,49658350,50157200,1007,0,0,0,0,30852,0,5,0,0,0,0,0,0
142,2741972910,30637,0,0,0,0,50241350,50344300,663,0,0,0,0,30852,0,5,0,0,0,0,0,0
143,28497579,30638,0,0,0,0,49866600,49969600,1014,0,0,0,0,30852,0,5,0,0,0,0,0,0
144,466729326,30639,0,0,0,0,50061600,50160250,1059,0,0,0,0,30852,0,5,0,0,0,0,0,0
145,3425349295,30640,0,0,0,0,50055200,50156900,1075,0,0,0,0,30852,0,5,0,0,0,0,0,0
146,1537640620,30641,0,0,0,0,50054650,50157500,934,0,0,0,0,30852,0,5,0,0,0,0,0,0
147,1853842891,30642,0,0,0,0,50053000,50156300,1100,0,0,0,0,30852,0,5,0,0,0,0,0,0
148,1177024904,30643,0,0,0,0,50057700,50156950,932,0,0,0,0,31172,0,5,0,0,0,0,0,0
149,4106734849,30644,0,0,0,0,50057850,50160950,1168,0,0,0,0,31172,0,5,0,0,0,0,0,0
150,2025356500,30645,0,0,0,0,50056050,50156050,926,0,0,0,0,31172,0,5,0,0,0,0,0,0
151,2189605121,30646,0,0,0,0,50058200,50159850,1086,0,0,0,0,30852,0,5,0,0,0,0,0,0
152,4086136290,30647,0,0,0,0,50052150,50157150,559,0,0,0,0,30852,0,5,0,0,0,0,0,0
153,4036669705,30648,0,0,0,0,50442100,50542100,1045,0,0,0,0,30852,0,5,0,0,0,0,0,0
154,4167980074,30649,0,0,0,0,48952950,49773350,903,0,0,0,0,30852,0,5,0,0,0,0,0,0
155,51187407,30650,0,0,0,0,50146950,50250150,1029,0,0,0,0,30852,0,5,0,0,0,0,0,0
156,2242638442,30651,0,0,0,0,49965250,50067350,1018,0,0,0,0,30852,0,5,0,0,0,0,0,0
157,2730108163,30652,0,0,0,0,66779100,66874250,2837,0,0,0,0,30852,0,5,0,0,0,0,0,0
158,2718743917,30653,0,0,0,0,50056900,50160550,1192,0,0,0,0,30852,0,5,0,0,0,0,0,0
159,3391709842,30654,0,0,0,0,50056850,50156850,843,0,0,0,0,30852,0,5,0,0,0,0,0,0
160,1164604273,30655,0,0,0,0,50053250,50154900,1043,0,0,0,0,30852,0,5,0,0,0,0,0,0
161,2148591176,30656,0,0,0,0,50060300,50160400,945,0,0,0,0,30852,0,5,0,0,0,0,0,0
162,4192737573,30657,0,0,0,0,50395150,50498600,627,0,0,0,0,30852,0,5,0,0,0,0,0,0
163,535584840,30658,0,0,0,0,49713800,49817350,1012,0,0,0,0,30852,0,5,0,0,0,0,0,0
164,3430794475,30659,0,0,0,0,50055100,50155350,832,0,0,0,0,30852,0,5,0,0,0,0,0,0
165,776323552,30660,0,0,0,0,50056200,50159200,1098,0,0,0,0,30852,0,5,0,0,0,0,0,0
166,3330991427,30661,0,0,0,0,50056200,50158900,942,0,0,0,0,30852,0,5,0,0,0,0,0,0
167,3282074430,30662,0,0,0,0,50056750,50159500,1118,0,0,0,0,30852,0,5,0,0,0,0,0,0
168,2597814595,30663,0,0,0,0,50057650,50157750,879,0,0,0,0,30852,0,5,0,0,0,0,0,0
169,2225601370,30664,0,0,0,0,50054800,50156300,1167,0,0,0,0,30852,0,5,0,0,0,0,0,0
170,3716853465,30665,0,0,0,0,50053800,50155500,935,0,0,0,0,30852,0,5,0,0,0,0,0,0
171,1080675697,30666,0,0,0,0,50059300,50161950,1258,0,0,0,0,30212,0,5,0,0,0,0,0,0
172,219920238,30667,0,0,0,0,50055550,50153800,731,0,0,0,0,30212,0,5,0,0,0,0,0,0
173,3070385651,30668,0,0,0,0,50057250,50157550,1256,0,0,0,0,30212,0,5,0,0,0,0,0,0
174,2609556270,30669,0,0,0,0,50060750,50160550,1074,0,0,0,0,30212,0,5,0,0,0,0,0,0
175,141401383,30670,0,0,0,0,50252300,50356150,1149,0,0,0,0,30212,0,5,0,0,0,0,0,0
176,3034105280,30671,0,0,0,0,49855800,49957450,1079,0,0,0,0,30212,0,5,0,0,0,0,0,0
177,3029196371,30672,0,0,0,0,66779050,66880800,2650,0,0,0,0,30212,0,5,0,0,0,0,0,0
178,699378668,30673,0,0,0,0,50052200,50155950,1194,0,0,0,0,30212,0,5,0,0,0,0,0,0
179,2402609405,30674,0,0,0,0,50058250,50159050,1023,0,0,0,0,30212,0,5,0,0,0,0,0,0
CSV_END

STUDY_DONE_ca2867e1258b=0
# 