/tmp/app --transport apb --state-frame 3600 --frames 180 --warmup 30 --wait spin --profile detailed --csv /tmp/transport-frames.csv --retained --dump /tmp/transport-frame.raw && printf "CSV_BEGIN\n" && cat /tmp/transport-frames.csv && printf "CSV_END\n"; study_status=$?; printf "\nSTUDY_DONE_388498a712c2=%s\n" "$study_status"
TRANSPORT mode=apb dma_minimum=64
BEGIN_BREAKOUT frames=180 warmup=30 fixed=0 blocks=40 tiles=1 hud=1 wait=spin replay=0 state_frame=3600 profile=detailed pixel_centers=1 clock_call_ns=5576
HW_COUNTERS unavailable
RESULT frames=180 elapsed_s=3.009423300 fps=59.812124 logic_ms=0.836181 api_ms=2.201890 swap_ms=4.832332 wait_ms=8.677224 worker_inclusive_ms=4.609134 upload_inclusive_ms=1.409043 write_ms=1.202027 bytes_per_frame=3455.56 p50_ms=16.719050 p95_ms=16.976950 max_ms=19.067000 late_60hz=162 first_count=6923 last_count=7102 state_hash=3933ec17 remaining=6 score=340
RENDER_PATH retained=1 grouped=0 quads=580 full_frames=0
FRAME_CHECK count=7102 address=9fe00000 fnv1a=c250e403 pixels=307200 mismatches=0
BREAKOUT_PASS
CSV_BEGIN
frame,state_hash,display_count,logic_ns,api_ns,swap_ns,wait_ns,total_ns,completion_interval_ns,polls,worker_inclusive_ns,upload_inclusive_ns,write_ns,read_ns,write_bytes,read_bytes,write_calls,read_calls,dma_copy_ns,dma_launch_ns,dma_completion_wait_ns,dma_bytes,dma_lists
0,3653798554,6923,714050,1968200,5712950,8262750,16657950,16668950,1587,5538850,2100400,1943950,0,3612,0,5,0,0,0,0,0,0
1,4254654458,6924,710350,2851000,4852900,8183300,16597550,16718600,1562,4689700,2113500,1937350,0,3612,0,5,0,0,0,0,0,0
2,258432485,6925,706600,2392100,4027350,9477650,16603700,16723750,1842,3869350,1788800,1614600,0,2972,0,5,0,0,0,0,0,0
3,872827290,6926,713850,2951350,4947750,7984650,16597600,16717150,1427,4784800,1295500,1140250,0,3612,0,5,0,0,0,0,0,0
4,30312805,6927,1220000,1985250,4927550,8464000,16596800,16717500,1477,4762550,1291300,1142300,0,3612,0,5,0,0,0,0,0,0
5,4016430808,6928,717900,1551700,3992000,10339750,16601350,16721050,1894,3827800,820450,674700,0,2972,0,5,0,0,0,0,0,0
6,3012967645,6929,716950,1966700,6775400,7147200,16606250,16720700,1263,5716150,3164800,2973500,0,3612,0,5,0,0,0,0,0,0
7,3593359732,6930,736000,2884250,5103950,7084150,15808350,16717050,1278,4941850,1302050,1148650,0,3612,0,5,0,0,0,0,0,0
8,2714884843,6931,715000,2355100,4494700,9040650,16605450,16721950,1744,4322000,2166150,1145450,0,3612,0,5,0,0,0,0,0,0
9,1754706848,6932,1325250,1981350,6112750,7591500,17010850,17128650,1416,5169900,1519650,1365300,0,4252,0,5,0,0,0,0,0,0
10,634139175,6933,702350,1951150,5805350,7729850,16188700,16308800,1462,5639000,2115800,1950050,0,3932,0,5,0,0,0,0,0,0
11,2225001302,6934,715650,1532050,4299400,10058250,16605350,16718250,1830,4143500,1103200,953850,0,3292,0,5,0,0,0,0,0,0
12,3881591779,6935,704000,2894100,4792950,8214100,16605150,16721150,1539,4630850,2104300,1064450,0,3612,0,5,0,0,0,0,0,0
13,2688998526,6936,710000,2739000,5331250,7814400,16594650,16718200,1446,5178700,1530150,1375900,0,3612,0,5,0,0,0,0,0,0
14,3733755993,6937,700900,2347850,4003050,9549650,16601450,16720350,1841,3836250,839600,691500,0,2972,0,5,0,0,0,0,0,0
15,4110562030,6938,1290350,1962600,6292150,7264500,16809600,16925550,1329,6116250,2593500,2431650,0,3612,0,5,0,0,0,0,0,0
16,2165534041,6939,718500,1948550,5699900,8027100,16394050,16511550,1537,5535600,2058850,1903500,0,3612,0,5,0,0,0,0,0,0
17,51482660,6940,720250,1535750,3957700,10388150,16601850,16720700,1898,3796300,827900,676950,0,2972,0,5,0,0,0,0,0,0
18,1808653113,6941,712350,2889900,5014400,7985200,16601850,16718000,1511,4855100,1519600,1375100,0,3612,0,5,0,0,0,0,0,0
19,3012136936,6942,711700,2803250,5353000,7737100,16605050,16720150,1421,5197300,1529150,1372400,0,3612,0,5,0,0,0,0,0,0
20,1547905167,6943,1367850,1606950,4109550,9518450,16602800,16719250,1812,3947700,831650,685000,0,2972,0,5,0,0,0,0,0,0
21,2010544228,6944,716450,1947000,5970550,7528750,16162750,16720050,1431,5804900,2274950,2115000,0,3612,0,5,0,0,0,0,0,0
22,2331187115,6945,718400,1954050,5690000,8233500,16595950,16716000,1581,5522350,1945550,1789950,0,3612,0,5,0,0,0,0,0,0
23,591091010,6946,710600,1534500,3955700,10391950,16592750,16720300,1896,3796400,827500,679950,0,2972,0,5,0,0,0,0,0,0
24,3337222943,6947,701800,2837400,5220750,7843900,16603850,16719600,1459,5064300,1518900,1374400,0,3612,0,5,0,0,0,0,0,0
25,541067522,6948,718050,2703550,5457650,7718800,16598050,16719500,1410,5299100,1523050,1369050,0,3612,0,5,0,0,0,0,0,0
26,1909576061,6949,1337550,1582650,4051350,9790900,16762450,16886550,1786,3894700,830000,681950,0,2972,0,5,0,0,0,0,0,0
27,3576416482,6950,712050,1948500,10382100,5094650,18137300,18254250,518,10198900,6684800,6516750,0,3612,0,5,0,0,0,0,0,0
28,2786439485,6951,739700,2882300,5415050,5851200,14888250,15016550,1006,5254550,1526050,1371600,0,3612,0,5,0,0,0,0,0,0
29,1931780192,6952,722450,2391400,3964800,9518450,16597100,16719050,1869,2939750,829100,682650,0,2972,0,5,0,0,0,0,0,0
30,1799980229,6953,1571500,2031600,5913800,6288250,15805150,16721100,1257,4962050,1526850,1377500,0,3612,0,5,0,0,0,0,0,0
31,3538847580,6954,722250,2610550,5272250,8000700,16605750,16719950,1433,5112000,1520300,1367450,0,3612,0,5,0,0,0,0,0,0
32,3831628403,6955,1187200,1559500,4770400,9081150,16598250,16716900,1625,4603650,1512750,1361500,0,3612,0,5,0,0,0,0,0,0
33,1903038664,6956,720800,1938400,5842900,8099800,16601900,16719050,1551,5683450,2053950,1891550,0,4252,0,5,0,0,0,0,0,0
34,3410263823,6957,702000,2861150,4732100,8308550,16603800,16718550,1554,4568400,1955100,1783650,0,3932,0,5,0,0,0,0,0,0
35,3263986894,6958,721250,2376050,4160450,9351550,16609300,16722250,1815,3994650,1833900,1659200,0,3292,0,5,0,0,0,0,0,0
36,2175892875,6959,698550,2729200,5303250,7867850,16598850,16717500,1450,5135850,1525200,1374950,0,3612,0,5,0,0,0,0,0,0
37,1813748966,6960,2750300,2947400,5133200,6038450,16869350,16989400,1066,4978550,2365850,2200800,0,3612,0,5,0,0,0,0,0,0
38,833434417,6961,713700,1559400,3988750,10071500,16333350,16451200,1840,3829850,824750,674350,0,2972,0,5,0,0,0,0,0,0
39,4097282166,6962,722250,1931650,5416600,8530250,16600750,16719150,1645,5242800,1721700,1559150,0,3612,0,5,0,0,0,0,0,0
40,192773425,6963,703750,2908300,5407600,7581300,16600950,16717300,1387,5243950,2659150,1353650,0,3612,0,5,0,0,0,0,0,0
41,858826700,6964,719450,2321200,4078800,9478250,16597700,16719050,1843,3932800,1817450,712500,0,2972,0,5,0,0,0,0,0,0
42,1950483681,6965,700800,2727800,5215100,7955350,16599050,16719400,1463,5048950,1513000,1361150,0,3612,0,5,0,0,0,0,0,0
43,575738928,6966,1214750,1944250,5976500,7528900,16664400,16781450,1402,5794900,2267450,2102750,0,3612,0,5,0,0,0,0,0,0
44,1359536727,6967,701550,1558300,3974100,10309700,16543650,16658500,1887,3816400,820800,675300,0,2972,0,5,0,0,0,0,0,0
45,3117637717,6968,726800,1932900,5431750,8508400,16599850,16718600,1635,4412100,1813950,1630350,0,3612,0,5,0,0,0,0,0,0
46,2557278958,6969,726750,2820800,5106400,7945050,16599000,16719250,1499,4946850,1519800,1376550,0,3612,0,5,0,0,0,0,0,0
47,3928984507,6970,721000,2401800,3987900,9489300,16600000,16718550,1835,3833100,848150,683050,0,2972,0,5,0,0,0,0,0,0
48,3279099526,6971,1393550,1976750,5143550,8417250,16931100,17047100,1471,4979750,1514150,1369650,0,3612,0,5,0,0,0,0,0,0
49,3402996575,6972,727800,1932950,5779950,7829650,16270350,16393450,1496,5616600,2060900,1902100,0,3612,0,5,0,0,0,0,0,0
50,1848951628,6973,695700,1559600,4105500,10240250,16601050,16718200,1863,3940950,822450,674550,0,2972,0,5,0,0,0,0,0,0
51,3328119971,6974,718650,2871800,5083100,7927150,16600700,16719100,1510,4925400,2340550,2164400,0,3612,0,5,0,0,0,0,0,0
52,536923704,6975,698000,2758750,5286250,7859650,16602650,16717600,1387,5130800,1522250,1375750,0,3612,0,5,0,0,0,0,0,0
53,991563721,6976,731000,2325650,4285350,9260000,16602000,16718650,1759,4122250,838400,688950,0,2972,0,5,0,0,0,0,0,0
54,2482503020,6977,742000,1973350,5488550,7039500,15243400,16740400,1318,5314050,1791350,1615450,0,3612,0,5,0,0,0,0,0,0
55,3320786401,6978,714450,1952950,5742200,8182200,16591800,16700850,1571,5575100,2063450,1904950,0,3612,0,5,0,0,0,0,0,0
56,1307572882,6979,693950,1551750,5628750,8733600,16608050,16721200,1686,5463500,2413400,2248900,0,3612,0,5,0,0,0,0,0,0
57,1045847897,6980,720650,2825250,5555200,7500300,16601400,16718800,1389,5388600,1765300,1614100,0,4252,0,5,0,0,0,0,0,0
58,2886179050,6981,698200,2762700,5522400,7616750,16600050,16718900,1393,5359650,1711600,1555450,0,3932,0,5,0,0,0,0,0,0
59,961732807,6982,1370500,1590750,4473450,9169750,16604450,16719950,1697,4321900,1108450,959550,0,3292,0,5,0,0,0,0,0,0
60,1947062354,6983,693000,1940350,5891250,7666800,16191400,16715450,1460,5716250,2262350,2104600,0,3612,0,5,0,0,0,0,0,0
61,2075511931,6984,716350,1936450,5641000,8310750,16604550,16718750,1597,5475900,1957400,1794950,0,3612,0,5,0,0,0,0,0,0
62,2408546800,6985,696900,1550750,3941650,10414100,16603400,16721100,1861,3787400,825400,677800,0,2972,0,5,0,0,0,0,0,0
63,460493639,6986,724750,2789350,5303400,7784150,16601650,16717800,1438,5154850,1523050,1366150,0,3612,0,5,0,0,0,0,0,0
64,1463678916,6987,705250,2769250,5208750,7918550,16601800,16720050,1457,5050300,1523950,1369450,0,3612,0,5,0,0,0,0,0,0
65,3795713909,6988,1294950,1571850,4379000,9489300,16735100,16853100,1669,4214050,830900,683700,0,2972,0,5,0,0,0,0,0,0
66,1056688136,6989,724800,1948200,5885350,7907700,16466050,16586000,1513,5713350,2258250,2100500,0,3612,0,5,0,0,0,0,0,0
67,202923725,6990,711050,1938100,5432550,8528450,16610150,16724650,1246,5267800,1777500,1590500,0,3612,0,5,0,0,0,0,0,0
68,4012539606,6991,729450,2547550,4031850,9291700,16600550,16716150,1776,3851400,1751650,690900,0,2972,0,5,0,0,0,0,0,0
69,1087445485,6992,713950,2682200,5367800,7833700,16597650,16717500,1445,5214100,1535450,1379500,0,3612,0,5,0,0,0,0,0,0
70,491589414,6993,705950,2699950,5133450,8061100,16600450,16721650,1472,4977200,1514250,1356450,0,3612,0,5,0,0,0,0,0,0
71,1293200275,6994,721150,1555300,3994150,9876250,16146850,16715100,1770,3827700,826400,675900,0,2972,0,5,0,0,0,0,0,0
72,1737595726,6995,716150,1954200,5546350,8384050,16600750,16721350,1616,5380700,1937150,1782100,0,3612,0,5,0,0,0,0,0,0
73,2173390039,6996,714150,2818150,4626100,8440400,16598800,16718000,1618,4462650,1858200,816250,0,3612,0,5,0,0,0,0,0,0
74,2060004372,6997,701550,2451350,4002150,9449950,16605000,16721700,1839,3837850,1778600,1601850,0,2972,0,5,0,0,0,0,0,0
75,668607547,6998,717650,2846500,5268150,7765600,16597900,16719350,1421,5103550,1516350,1361150,0,3612,0,5,0,0,0,0,0,0
76,3409034624,6999,1341200,2003150,5865350,7575900,16785600,16901150,1452,4925150,1519250,1366250,0,3612,0,5,0,0,0,0,0,0
77,66914193,7000,742850,1581750,4049550,9248600,15622750,16537650,1561,3883050,833100,680600,0,2972,0,5,0,0,0,0,0,0
78,2553907572,7001,716650,1976850,5523450,8383450,16600400,16715700,1607,5347400,1782450,1611000,0,3612,0,5,0,0,0,0,0,0
79,890390073,7002,723250,2846750,5109200,7917500,16596700,16721450,1503,4952050,1528950,1365650,0,3612,0,5,0,0,0,0,0,0
80,2223873098,7003,698600,2330900,4222200,9347750,16599450,16718700,1813,4056450,1908000,1723050,0,3612,0,5,0,0,0,0,0,0
81,2336881585,7004,715500,2658200,6297100,6928700,16599500,16718450,1384,6133400,2300750,2134550,0,4252,0,5,0,0,0,0,0,0
82,4135459074,7005,1184500,1982400,5813300,7616200,16596400,16718500,1451,5647350,2125150,1969750,0,3932,0,5,0,0,0,0,0,0
83,1986260127,7006,720850,1551300,4283400,10049250,16604800,16723250,1829,4126300,1096800,948600,0,3292,0,5,0,0,0,0,0,0
84,353344474,7007,717100,2821600,4705500,8361100,16605300,16718550,1597,4524950,1969650,1786150,0,3612,0,5,0,0,0,0,0,0
85,3169575603,7008,722000,2774700,4970500,8134250,16601450,16718350,1529,4814150,1295500,1149850,0,3612,0,5,0,0,0,0,0,0
86,210205944,7009,696500,2370500,3945500,9587000,16599500,16719450,1860,3783700,840700,684950,0,2972,0,5,0,0,0,0,0,0
87,1677393503,7010,1316300,1998350,4956800,8607550,16879000,16997500,1475,4793300,1286350,1133650,0,3612,0,5,0,0,0,0,0,0
88,3832728684,7011,708300,1977350,5672050,10592100,18949800,19067000,890,5509100,2052500,1135900,0,3612,0,5,0,0,0,0,0,0
89,2074852568,7012,1538500,1630300,4043950,6751850,13964600,14095050,1204,3874450,832200,685350,0,2972,0,5,0,0,0,0,0,0
90,1464943173,7013,712550,3238850,4920950,7729900,16602250,16716950,1407,4751100,1298600,1143200,0,3612,0,5,0,0,0,0,0,0
91,315990800,7014,710950,2700550,5124400,8064200,16600100,16718550,1502,4970400,1299650,1143150,0,3612,0,5,0,0,0,0,0,0
92,1451405891,7015,695500,2342600,4101550,9457050,16596700,16718350,1808,3939950,838500,687550,0,2972,0,5,0,0,0,0,0,0
93,3196408848,7016,1222200,1996600,5756500,7626750,16602050,16723300,1428,4799750,1286550,1140500,0,3612,0,5,0,0,0,0,0,0
94,141073587,7017,703550,1972950,5696850,8220050,16593400,16715300,1581,5535650,2067250,1910300,0,3612,0,5,0,0,0,0,0,0
95,3576439062,7018,714050,1557400,3969100,10362150,16602700,16721350,1887,3807100,822800,671050,0,2972,0,5,0,0,0,0,0,0
96,2798564443,7019,703750,2892300,4831050,8178050,16605150,16719250,1518,4662350,1297400,1146750,0,3612,0,5,0,0,0,0,0,0
97,3409362634,7020,711550,2729850,5118500,8036800,16596700,16718300,1486,4959200,1300700,1148150,0,3612,0,5,0,0,0,0,0,0
98,1459202337,7021,1403450,1608700,4592750,9352750,16957650,17088250,1410,4425600,832100,681400,0,2972,0,5,0,0,0,0,0,0
99,1984418334,7022,738000,1980150,5748850,7766300,16233300,16353000,1454,5580100,2065450,1896750,0,3612,0,5,0,0,0,0,0,0
100,2690152925,7023,738300,2958500,5075500,6202200,14974500,16717750,1091,4904250,1298500,1141400,0,3612,0,5,0,0,0,0,0,0
101,2607809844,7024,719200,1574000,3947400,10360300,16600900,16720100,1888,3782850,821150,674150,0,2972,0,5,0,0,0,0,0,0
102,3522750362,7025,695950,2809250,5026950,8071500,16603650,16719500,1411,4867900,1305150,1151300,0,3612,0,5,0,0,0,0,0,0
103,2368404599,7026,720550,2841000,4992750,8047250,16601550,16718200,1481,4828850,1296400,1144550,0,3612,0,5,0,0,0,0,0,0
104,3250007036,7027,1308450,1589350,4262550,9483850,16644200,16760100,1721,4097600,990350,838750,0,3612,0,5,0,0,0,0,0,0
105,1111684799,7028,719900,1973350,5774000,8090650,16557900,16677900,1552,5607800,1970450,1806250,0,4252,0,5,0,0,0,0,0,0
106,2213018028,7029,692550,1967250,5629200,8313400,16602400,16720350,1592,5463500,1854350,1672050,0,3932,0,5,0,0,0,0,0,0
107,3171439817,7030,707900,2446300,4104900,9340000,16599100,16716450,1816,3942300,1790600,1615400,0,3292,0,5,0,0,0,0,0,0
108,2255827236,7031,692900,2760950,4708150,8443150,16605150,16722350,1578,4543550,968550,814050,0,3612,0,5,0,0,0,0,0,0
109,2472184909,7032,1366850,2001000,4763800,8463500,16595150,16716900,1561,4601500,940200,789750,0,3612,0,5,0,0,0,0,0,0
110,3140412334,7033,702500,1570800,3976400,9905900,16155600,16720100,1811,3814900,818250,671300,0,2972,0,5,0,0,0,0,0,0
111,785888721,7034,724150,1966350,5379650,8534400,16604550,16722100,1656,4445200,936000,783750,0,3612,0,5,0,0,0,0,0,0
112,1084583170,7035,697100,2893650,4684700,8323900,16599350,16715900,1591,4516150,1986100,1800500,0,3612,0,5,0,0,0,0,0,0
113,4019848443,7036,710250,2378950,4026250,9482850,16598300,16720100,1845,3869050,1772300,1589550,0,2972,0,5,0,0,0,0,0,0
114,808788421,7037,697450,2774750,4659700,8467400,16599300,16718500,1576,4487550,949600,797200,0,3612,0,5,0,0,0,0,0,0
115,3645042740,7038,1610850,1996000,4615700,8513350,16735900,16849750,1458,4443650,941250,789200,0,3612,0,5,0,0,0,0,0,0
116,2991496187,7039,707650,1566700,3990000,10209050,16473400,16589550,1876,3825200,829950,689250,0,2972,0,5,0,0,0,0,0,0
117,3919662364,7040,719850,1963700,5403750,8509500,16596800,16718350,1636,5244450,1766000,1588000,0,3612,0,5,0,0,0,0,0,0
118,1681074571,7041,708000,2895100,4476800,8520950,16600850,16720800,1596,4305550,962800,806750,0,3612,0,5,0,0,0,0,0,0
119,4218967458,7042,710950,2265850,4062200,9557100,16596100,16717550,1861,3911200,1789950,1605300,0,2972,0,5,0,0,0,0,0,0
120,625353107,7043,697300,2715200,4580950,8610000,16603450,16722100,1605,4423750,954750,797500,0,3612,0,5,0,0,0,0,0,0
121,3717195990,7044,1189750,1958950,4599800,8850350,16598850,16719450,1528,4432750,932400,778450,0,3612,0,5,0,0,0,0,0,0
122,2425705089,7045,721300,1559750,3983700,10334050,16598800,16718900,1900,3818750,823300,679400,0,2972,0,5,0,0,0,0,0,0
123,2555484258,7046,728100,2815600,4615300,8445750,16604750,16719650,1623,4448400,1844650,1657000,0,3612,0,5,0,0,0,0,0,0
124,1141451493,7047,726000,2928500,4644400,7506300,15805200,16716400,1337,4476800,946450,793100,0,3612,0,5,0,0,0,0,0,0
125,1505942736,7048,705650,2293450,3976100,9622000,16597200,16719900,1868,3821900,835850,678500,0,2972,0,5,0,0,0,0,0,0
126,2491710369,7049,1372850,2020300,4538250,8886050,16817450,16929950,1577,4376000,944700,800450,0,3612,0,5,0,0,0,0,0,0
127,2825516936,7050,717400,1955700,4624450,9094150,16391700,16508000,1500,4450450,930700,782150,0,3612,0,5,0,0,0,0,0,0
128,809518447,7051,704900,1577700,4171800,10290100,16744500,16868400,1580,4001150,929900,784100,0,3612,0,5,0,0,0,0,0,0
129,1081694344,7052,732950,2929100,4957850,7829000,16448900,16569850,1456,4793750,1065500,919600,0,4252,0,5,0,0,0,0,0,0
130,3544546839,7053,700400,2743800,4877950,8280700,16602850,16722600,1544,4715900,1030450,873900,0,3932,0,5,0,0,0,0,0,0
131,2291142598,7054,716500,2396400,4219550,9268400,16600850,16718850,1757,4054950,885550,731200,0,3292,0,5,0,0,0,0,0,0
132,3252385439,7055,1177450,1969000,4533850,8921850,16602150,16716900,1581,4363700,922250,775400,0,3612,0,5,0,0,0,0,0,0
133,1602009306,7056,721850,1953950,4621500,9299400,16596700,16718550,1663,4449550,927700,774350,0,3612,0,5,0,0,0,0,0,0
134,2497072261,7057,697200,1574400,4070650,10259350,16601600,16722850,1865,3911200,808800,668700,0,2972,0,5,0,0,0,0,0,0
135,3739067406,7058,713800,2836500,4677250,8369950,16597500,16718050,1576,4521600,958000,804900,0,3612,0,5,0,0,0,0,0,0
136,1716074641,7059,695750,2765450,4689500,8448650,16599350,16718600,1576,4520400,961050,805800,0,3612,0,5,0,0,0,0,0,0
137,3982919220,7060,1370300,1599050,4215600,9719500,16904450,17025450,1768,4048750,821400,667600,0,2972,0,5,0,0,0,0,0,0
138,2723337005,7061,694350,1947350,4540350,9108850,16290900,16414050,1618,4372300,915500,772200,0,3612,0,5,0,0,0,0,0,0
139,733376204,7062,712250,1970200,5406500,8509300,16598250,16716950,1582,5236850,1743950,1576650,0,3612,0,5,0,0,0,0,0,0
140,43915006,7063,699350,1558550,3908600,10436050,16602550,16722750,1868,3742400,808200,662550,0,2972,0,5,0,0,0,0,0,0
141,2309932913,7064,723850,2705800,4752200,8413550,16595400,16716600,1576,4596550,963400,804400,0,3612,0,5,0,0,0,0,0,0
142,1653305798,7065,704050,2748350,4625750,8517750,16595900,16718600,1588,4458350,946650,791050,0,3612,0,5,0,0,0,0,0,0
143,145291823,7066,1273100,1575850,4023750,9729350,16602050,16721550,1733,3861200,813850,665300,0,2972,0,5,0,0,0,0,0,0
144,3013902878,7067,695850,1973100,4522500,9404900,16596350,16717700,1683,4354050,916600,773300,0,3612,0,5,0,0,0,0,0,0
145,2859971923,7068,715700,1959000,5422850,8501250,16598800,16720200,1631,5262400,1778750,1598500,0,3612,0,5,0,0,0,0,0,0
146,3026746148,7069,693250,2444700,3974200,9492850,16605000,16721450,1816,3803250,1709300,1555350,0,2972,0,5,0,0,0,0,0,0
147,736325239,7070,1592450,2002350,4629750,7569600,15794150,16717100,1371,4449650,926650,779150,0,3612,0,5,0,0,0,0,0,0
148,2759885216,7071,1420950,1990800,4562000,8631950,16605700,16721400,1597,4400700,929250,783250,0,3612,0,5,0,0,0,0,0,0
149,1930007773,7072,720050,1563150,4005700,12190650,18479550,18996500,1702,3835000,813550,667650,0,2972,0,5,0,0,0,0,0,0
150,4233548434,7073,749450,4083050,6695500,2778600,14306600,14438350,441,4119050,942050,796800,0,3612,0,5,0,0,0,0,0,0
151,3821597075,7074,723850,1568100,5000950,9308550,16601450,16723400,1824,4031200,922650,773650,0,3612,0,5,0,0,0,0,0,0
152,1056834796,7075,697800,2437550,4516450,8944400,16596200,16717100,1684,4348400,2197350,2001150,0,3612,0,5,0,0,0,0,0,0
153,2756113825,7076,709700,2327950,4297300,9259750,16594700,16719100,1762,4125900,890500,736400,0,3292,0,5,0,0,0,0,0,0
154,2193869574,7077,1303000,1585000,4143250,9652250,16683500,16797700,1756,3972950,877250,727750,0,3292,0,5,0,0,0,0,0,0
155,39089791,7078,708200,1561650,4004650,10249150,16523650,16642350,1847,3831000,826000,680500,0,2972,0,5,0,0,0,0,0,0
156,1158667078,7079,708400,1568050,3980200,10341150,16597800,16717500,1887,3817050,821900,678750,0,2972,0,5,0,0,0,0,0,0
157,4085879547,7080,716500,2397300,3991050,9493950,16598800,16718950,1857,3820750,1698000,678450,0,2972,0,5,0,0,0,0,0,0
158,313686028,7081,693300,2348600,4029550,9532700,16604150,16722100,1855,3872050,1774550,696650,0,2972,0,5,0,0,0,0,0,0
159,3216587021,7082,1492500,1573300,4116950,9413750,16596500,16719650,1449,3955900,835450,685250,0,2972,0,5,0,0,0,0,0,0
160,876009466,7083,726900,1577200,4010450,9825650,16140200,16715600,1788,3849150,836900,689200,0,2972,0,5,0,0,0,0,0,0
161,981002535,7084,723850,1565400,4015600,10300650,16605500,16720200,1887,3842300,818700,673550,0,2972,0,5,0,0,0,0,0,0
162,47529864,7085,708800,1558400,4094050,10237900,16599150,16719600,1862,3926600,824000,683300,0,2972,0,5,0,0,0,0,0,0
163,868088385,7086,715800,2427400,4005950,9450450,16599600,16720550,1840,3853950,1768150,1595600,0,2972,0,5,0,0,0,0,0,0
164,2331947246,7087,697700,2363050,3952000,9581750,16594500,16715950,1787,3776550,824450,678000,0,2972,0,5,0,0,0,0,0,0
165,2168054517,7088,1392050,1976600,4780150,8609350,16758150,16882950,1508,4601700,942550,794500,0,3612,0,5,0,0,0,0,0,0
166,3926666066,7089,709100,1975500,4557250,9190700,16432550,16558650,1638,4387450,942750,796950,0,3612,0,5,0,0,0,0,0,0
167,1177610667,7090,713000,1547350,3994450,10349050,16603850,16720500,1891,3828600,822350,675600,0,2972,0,5,0,0,0,0,0,0
168,3782405190,7091,703550,2915550,4622400,8359750,16601250,16718400,1596,4451950,1942950,806800,0,3612,0,5,0,0,0,0,0,0
169,916405275,7092,710800,2689400,4783700,8412850,16596750,16718150,1572,4619800,965100,804400,0,3612,0,5,0,0,0,0,0,0
170,1596582148,7093,708900,2321000,4104800,9465300,16600000,16721150,1802,3938550,838200,690650,0,2972,0,5,0,0,0,0,0,0
171,4199562603,7094,1199900,1960550,4591400,8848050,16599900,16717500,1522,4415950,931400,782950,0,3612,0,5,0,0,0,0,0,0
172,3017986708,7095,701750,1963800,4600350,9344350,16610250,16720500,1668,4430150,940550,793550,0,3612,0,5,0,0,0,0,0,0
173,2654286289,7096,717100,1551550,3976550,10357550,16602750,16718900,1884,3815350,823100,674750,0,2972,0,5,0,0,0,0,0,0
174,1031695476,7097,697600,2850350,5141900,7912850,16602700,16716850,1434,4979850,1315650,1169900,0,4252,0,5,0,0,0,0,0,0
175,2959877989,7098,715950,2713300,5241100,7934050,16604400,16719950,1457,5075200,1305250,1151450,0,4252,0,5,0,0,0,0,0,0
176,1566373458,7099,1373350,1593550,4313100,9579150,16859150,16976950,1743,4151500,988750,836800,0,3612,0,5,0,0,0,0,0,0
177,3017804585,7100,714050,1970550,5848000,7809850,16342450,16461250,1453,5680850,1815350,1655100,0,3932,0,5,0,0,0,0,0,0
178,1442923286,7101,699150,1954300,5471650,8474850,16599950,16718750,1633,5304650,1809750,1647200,0,3932,0,5,0,0,0,0,0,0
179,959704087,7102,713900,1544550,3914750,10437700,16610900,16721600,1905,2923950,823500,676650,0,2972,0,5,0,0,0,0,0,0
CSV_END

STUDY_DONE_388498a712c2=0
# 