/tmp/app --transport apb --state-frame 0 --frames 180 --warmup 30 --wait spin --profile detailed --csv /tmp/transport-frames.csv --retained && printf "CSV_BEGIN\n" && cat /tmp/transport-frames.csv && printf "CSV_END\n"; study_status=$?; printf "\nSTUDY_DONE_ede568c31b2c=%s\n" "$study_status"
TRANSPORT mode=apb dma_minimum=64
BEGIN_BREAKOUT frames=180 warmup=30 fixed=0 blocks=40 tiles=1 hud=1 wait=spin replay=0 state_frame=0 profile=detailed pixel_centers=1 clock_call_ns=5527
HW_COUNTERS unavailable
RESULT frames=180 elapsed_s=3.093024850 fps=58.195459 logic_ms=0.989733 api_ms=3.031860 swap_ms=5.083777 wait_ms=7.910484 worker_inclusive_ms=4.862466 upload_inclusive_ms=1.537601 write_ms=1.334724 bytes_per_frame=3578.67 p50_ms=16.719400 p95_ms=17.131600 max_ms=33.441100 late_60hz=161 first_count=10997 last_count=11176 state_hash=8f34e8fd remaining=38 score=20
RENDER_PATH retained=1 grouped=0 quads=645 full_frames=0
BREAKOUT_PASS
CSV_BEGIN
frame,state_hash,display_count,logic_ns,api_ns,swap_ns,wait_ns,total_ns,completion_interval_ns,polls,worker_inclusive_ns,upload_inclusive_ns,write_ns,read_ns,write_bytes,read_bytes,write_calls,read_calls,dma_copy_ns,dma_launch_ns,dma_completion_wait_ns,dma_bytes,dma_lists
0,3724779174,10997,1579950,4323700,6162850,4733700,16800200,16813700,776,5998100,1950300,1792100,0,4572,0,5,0,0,0,0,0,0
1,1709657109,10998,891900,4060200,5762050,5745550,16459700,16582000,1002,5591100,1698450,1546150,0,4252,0,5,0,0,0,0,0,0
2,1894904752,10999,843100,3519450,5075000,7158400,16595950,16718250,1332,4903800,1503850,1363300,0,3612,0,5,0,0,0,0,0,0
3,3703759967,11000,823000,3219100,7238400,5316400,16596900,16721550,1041,7058300,1989450,1822050,0,3612,0,5,0,0,0,0,0,0
4,19533624,11001,822550,3248600,5223100,7302250,16596500,16717950,1325,5043150,1513500,1359250,0,3612,0,5,0,0,0,0,0,0
5,816884773,11002,1493700,2059000,4079200,8968150,16600050,16721750,1679,3905450,814450,671000,0,2972,0,5,0,0,0,0,0,0
6,1339236364,11003,1294700,2445000,5364350,7494250,16598300,16717800,1428,5177000,1708450,1550800,0,3612,0,5,0,0,0,0,0,0
7,3072959373,11004,829000,2439300,5444100,7884300,16596700,16718800,1498,4410400,1798800,810550,0,3612,0,5,0,0,0,0,0,0
8,1782884746,11005,819700,2944000,4090550,8744600,16598850,16718950,1691,3906850,1828350,1674050,0,2972,0,5,0,0,0,0,0,0
9,30296781,11006,816050,3206950,5645800,6926600,16595400,16719450,1244,5473050,1735050,1581500,0,4252,0,5,0,0,0,0,0,0
10,4026418858,11007,827200,3200600,6055050,6509100,16591950,16720450,1292,5875050,2375550,2216250,0,4252,0,5,0,0,0,0,0,0
11,2084929051,11008,1424400,2026650,4760950,8591050,16803050,16928700,1481,4593600,1498800,1351950,0,3612,0,5,0,0,0,0,0,0
12,3114489770,11009,826800,2444400,5760200,7355850,16387250,16511450,1372,5581850,2102650,1925100,0,3932,0,5,0,0,0,0,0,0
13,891400471,11010,831500,3396850,5358800,7009000,16596150,16715400,1308,5187600,2547350,1541300,0,3932,0,5,0,0,0,0,0,0
14,3472773456,11011,847600,2947800,4161900,7849650,15806950,16719600,1424,3994000,824900,675200,0,2972,0,5,0,0,0,0,0,0
15,3010688243,11012,821550,3235800,5241250,7303400,16602000,16719500,1323,5071300,1506700,1351850,0,3612,0,5,0,0,0,0,0,0
16,2819524756,11013,1455300,2474350,5866000,6805150,16600800,16720450,1360,5682900,2264750,2107250,0,3612,0,5,0,0,0,0,0,0
17,3241678401,11014,1308450,2015150,4001000,9271750,16596350,16720450,1623,3832400,817300,663900,0,2972,0,5,0,0,0,0,0,0
18,2154316504,11015,824450,2441800,5349150,7981500,16596900,16720850,1522,5173700,1759400,1579550,0,3612,0,5,0,0,0,0,0,0
19,772262681,11016,816700,3367500,5184900,7208050,16577150,16715850,1331,5015900,1502200,1359350,0,3612,0,5,0,0,0,0,0,0
20,3882818750,11017,812500,2817800,4004550,11939650,19574500,19695500,1131,3834000,1730500,1558600,0,2972,0,5,0,0,0,0,0,0
21,521131153,11018,847700,4995800,5624800,2136800,13605100,13741600,453,5449600,1970800,1816050,0,3612,0,5,0,0,0,0,0,0
22,1838187414,11019,1467650,2463650,5522800,7444050,16898150,17018700,1417,5347200,1931350,1765650,0,3612,0,5,0,0,0,0,0,0
23,840574439,11020,830600,2019200,3988800,9461900,16300500,16421300,1674,3815800,816450,662300,0,2972,0,5,0,0,0,0,0,0
24,2879461878,11021,818650,3420500,4772500,7581700,16593350,16719250,1374,4596950,2084550,1042850,0,3612,0,5,0,0,0,0,0,0
25,202086035,11022,817450,3387150,5294650,7094100,16593350,16720650,1292,5136150,1505650,1363800,0,3612,0,5,0,0,0,0,0,0
26,959703924,11023,819600,2799000,3976050,8998450,16593100,16718600,1727,3801050,832650,684750,0,2972,0,5,0,0,0,0,0,0
27,3795724423,11024,819200,3282550,5896500,6602500,16600750,16717650,1316,5721450,2252500,2093750,0,3612,0,5,0,0,0,0,0,0
28,2500539904,11025,1323150,2441450,5533100,7303400,16601100,16720650,1386,5357800,1951550,1787200,0,3612,0,5,0,0,0,0,0,0
29,2269000541,11026,823100,2007350,3983150,9782650,16596250,16720700,1772,3814000,819600,670800,0,2972,0,5,0,0,0,0,0,0
30,1900681108,11027,824650,3539700,5079750,7150100,16594200,16719400,1322,4914350,1506500,1360800,0,3612,0,5,0,0,0,0,0,0
31,3680168245,11028,821800,3208200,5320550,7242100,16592650,16718900,1322,5146000,1506500,1353000,0,3612,0,5,0,0,0,0,0,0
32,2344329490,11029,821350,2794300,4114450,8864250,16594350,16717250,1675,3934200,829750,678950,0,2972,0,5,0,0,0,0,0,0
33,2130650181,11030,1496800,2462500,6039300,8336000,18334600,18452950,1309,5862100,2140750,1959750,0,4252,0,5,0,0,0,0,0,0
34,906966818,11031,832850,3321200,5425400,5279050,14858500,14986100,894,5258100,1518400,1364300,0,4252,0,5,0,0,0,0,0,0
35,3939376531,11032,824750,2021650,5229000,8520800,16596200,16721050,1648,5062500,1969150,1806550,0,3612,0,5,0,0,0,0,0,0
36,2110688546,11033,817200,3332050,5274600,7167350,16591200,16716800,1306,5101150,1350700,1194550,0,3932,0,5,0,0,0,0,0,0
37,2695523007,11034,841400,3373750,6037200,5560000,15812350,16720450,1092,5858300,2038500,1871700,0,3932,0,5,0,0,0,0,0,0
38,744447992,11035,821500,2748700,4062450,8973000,16605650,16721800,1697,3885000,825150,674900,0,2972,0,5,0,0,0,0,0,0
39,3728640411,11036,1406250,2461350,5712400,7072800,16652800,16785800,1332,5537300,2061900,1903550,0,3612,0,5,0,0,0,0,0,0
40,618879740,11037,817600,2466850,5332300,7915800,16532550,16649600,1512,5146400,1728550,1568250,0,3612,0,5,0,0,0,0,0,0
41,1239708057,11038,823400,1993900,3934000,9838400,16589700,16721050,1778,2931700,820450,671450,0,2972,0,5,0,0,0,0,0,0
42,2429742208,11039,842250,3268100,5039850,7442000,16592200,16718150,1323,4871050,1295650,1137000,0,3612,0,5,0,0,0,0,0,0
43,412095716,11040,824750,3249650,4962950,7556850,16594200,16720550,1376,4794800,1281250,1127950,0,3612,0,5,0,0,0,0,0,0
44,1226741467,11041,1465350,2033650,3948550,9150000,16597550,16719250,1726,3779250,822750,672750,0,2972,0,5,0,0,0,0,0,0
45,3288446148,11042,820150,2441350,5386200,7511050,16158750,16719700,1390,5211300,1730850,796300,0,3612,0,5,0,0,0,0,0,0
46,1157984843,11043,819550,3322950,4548650,7908450,16599600,16719100,1504,4376400,1824500,1639650,0,3612,0,5,0,0,0,0,0,0
47,3877288378,11044,821800,2915300,4010400,8847750,16595250,16716450,1707,3836700,1746950,1569050,0,2972,0,5,0,0,0,0,0,0
48,4236526315,11045,818750,3252200,5066750,7457600,16595300,16719900,1332,4890300,1288900,1129800,0,3612,0,5,0,0,0,0,0,0
49,533834014,11046,819400,3242400,4931700,7607150,16600650,16722600,1317,4757600,1274700,1127650,0,3612,0,5,0,0,0,0,0,0
50,1649361089,11047,1459350,2037050,3953450,9288500,16738350,16867100,1668,3781450,822500,676950,0,2972,0,5,0,0,0,0,0,0
51,2486981906,11048,818050,2472750,5445250,7709950,16446000,16568200,1433,5276000,1770300,1589650,0,3612,0,5,0,0,0,0,0,0
52,1706075277,11049,810000,3432000,4810700,7536100,16588800,16721350,1421,4628150,2124700,1949500,0,3612,0,5,0,0,0,0,0,0
53,267972368,11050,812900,2851600,4029700,8900300,16594500,16720300,1719,3870900,1791550,1611900,0,2972,0,5,0,0,0,0,0,0
54,3895401273,11051,838450,3264250,4911600,7582800,16597100,16716550,1385,4736900,1283200,1130700,0,3612,0,5,0,0,0,0,0,0
55,605985656,11052,1579300,2510350,5691300,6812150,16593100,16720050,1361,5526700,2064300,1904100,0,3612,0,5,0,0,0,0,0,0
56,4077673024,11053,1354350,8205600,8552300,15204100,33316350,33441100,2900,8375900,2311600,2142200,0,6632,0,5,0,0,0,0,0,0
57,985632231,11054,864650,9011050,10001850,13437050,33314600,33435300,2610,9833700,2432700,2258100,0,7312,0,5,0,0,0,0,0,0
58,3720590956,11055,850750,3316450,4945300,7489250,16601750,16722300,1355,4775100,1284400,1135150,0,3652,0,5,0,0,0,0,0,0
59,3264032585,11056,1482750,2033800,4086350,9235800,16838700,16961900,1652,3906950,809900,666450,0,2972,0,5,0,0,0,0,0,0
60,395405688,11057,864150,2466300,5673450,7350600,16354500,16474400,1382,5497800,1807000,1626450,0,3612,0,5,0,0,0,0,0,0
61,32142420,11058,902050,3436500,5094250,6391250,15824050,16718600,1134,4932100,1278250,1123400,0,3612,0,5,0,0,0,0,0,0
62,1187067055,11059,858650,2911100,4151500,8679400,16600650,16723350,1327,3976350,1914950,1741700,0,2972,0,5,0,0,0,0,0,0
63,459140908,11060,876100,3294100,5004250,7411900,16586350,16716500,1344,4828100,1281550,1126300,0,3612,0,5,0,0,0,0,0,0
64,3369786495,11061,1489600,2493250,5653000,6964800,16600650,16721000,1404,4711100,1282600,1135350,0,3612,0,5,0,0,0,0,0,0
65,1572434254,11062,1331050,2013350,3956650,9294200,16595250,16716400,1630,3795100,814450,670800,0,2972,0,5,0,0,0,0,0,0
66,4107798823,11063,851950,2485850,5324500,7935900,16598200,16721050,1511,4285400,1754200,1574600,0,3612,0,5,0,0,0,0,0,0
67,343968250,11064,849850,3386700,4947800,7411750,16596100,16720900,1374,4773900,1278850,1135000,0,3612,0,5,0,0,0,0,0,0
68,3102454017,11065,854650,2829900,3972700,8938200,16595450,16718300,1687,3804900,1721450,1546900,0,2972,0,5,0,0,0,0,0,0
69,3051095563,11066,852500,3245450,4918800,7576100,16592850,16716400,1377,4750350,1284900,1130950,0,3612,0,5,0,0,0,0,0,0
70,2391331016,11067,1478250,2489650,5514400,7447800,16930100,17056300,1417,5344300,1936000,1777600,0,3612,0,5,0,0,0,0,0,0
71,3869016117,11068,850450,2021900,3964800,9423050,16260200,16384650,1653,3797050,815950,662550,0,2972,0,5,0,0,0,0,0,0
72,1579800804,11069,850200,3443550,4545500,7754550,16593800,16716950,1389,4363250,1862650,822750,0,3612,0,5,0,0,0,0,0,0
73,2792341157,11070,854050,3362650,5043850,7338300,16598850,16722000,1342,4885950,1287300,1129100,0,3612,0,5,0,0,0,0,0,0
74,714702942,11071,861950,2802450,3984350,8946750,16595500,16718050,1685,3808000,832250,682900,0,2972,0,5,0,0,0,0,0,0
75,1092538936,11072,851500,3230300,5669050,6843900,16594750,16721350,1377,4725300,1273400,1124400,0,3612,0,5,0,0,0,0,0,0
76,1561271239,11073,1364900,2483600,5604950,7160150,16613600,16736050,1344,5428650,1939750,1764300,0,4252,0,5,0,0,0,0,0,0
77,3798074098,11074,844800,2015500,4517850,9201300,16579450,16699800,1615,4347900,1283550,1135250,0,3612,0,5,0,0,0,0,0,0
78,3022639071,11075,854400,3434550,5188750,7116050,16593750,16721850,1317,5019950,1520900,1375750,0,4252,0,5,0,0,0,0,0,0
79,2282770062,11076,851850,3251150,5366500,9913950,19383450,19506050,832,5197750,1507450,1355300,0,3932,0,5,0,0,0,0,0,0
80,1626512457,11077,876900,4661300,4218850,4023050,13780100,13931250,700,4051250,1101600,955650,0,3292,0,5,0,0,0,0,0,0
81,3156888026,11078,1658400,2492500,5598850,6847550,16597300,16719250,1367,5421650,1948000,1791900,0,3612,0,5,0,0,0,0,0,0
82,3038824309,11079,849650,2483150,5343400,7499750,16175950,16720550,1418,5163450,1763400,1588750,0,3612,0,5,0,0,0,0,0,0
83,1261846460,11080,859250,1996950,3979650,9761300,16597150,16719500,1765,3824050,818500,672050,0,2972,0,5,0,0,0,0,0,0
84,2035201521,11081,886950,3576650,5115600,6218900,15798100,16716650,1084,4946500,1504850,1355400,0,3612,0,5,0,0,0,0,0,0
85,2164446652,11082,869350,3547450,5209050,6975050,16600900,16719200,1249,5043650,1509300,1356750,0,3612,0,5,0,0,0,0,0,0
86,2017191835,11083,865050,2787000,4026100,8921000,16599150,16719650,1686,3858450,824650,672650,0,2972,0,5,0,0,0,0,0,0
87,3029138484,11084,1450100,2477950,5512550,7264250,16704850,16823750,1375,5326800,1722500,1566100,0,3612,0,5,0,0,0,0,0,0
88,50355403,11085,851900,2493450,5358500,7790950,16494800,16615500,1481,5175100,1768100,1585800,0,3612,0,5,0,0,0,0,0,0
89,654213990,11086,850950,1993900,3917050,9834350,16596250,16717650,1777,2923500,819900,672250,0,2972,0,5,0,0,0,0,0,0
90,2360099787,11087,856000,3321650,5395950,7022350,16595950,16719100,1270,5226700,1510750,1366600,0,3612,0,5,0,0,0,0,0,0
91,2424818746,11088,860000,3305250,5145650,7288800,16599700,16722700,1316,4979750,1504150,1357100,0,3612,0,5,0,0,0,0,0,0
92,1971386461,11089,1518850,2039950,3953650,9082750,16595200,16717650,1711,3790800,827200,677300,0,2972,0,5,0,0,0,0,0,0
93,3386045126,11090,877850,2487850,7923500,4870400,16159600,16719950,793,7746850,1505550,1354950,0,3612,0,5,0,0,0,0,0,0
94,1429641961,11091,849000,3391150,4570750,7787350,16598250,16720400,1474,4399350,1848150,1674600,0,3612,0,5,0,0,0,0,0,0
95,3022846880,11092,874600,2983750,4063450,8674200,16596000,16716900,1669,3884800,1786950,1611800,0,2972,0,5,0,0,0,0,0,0
96,1601897261,11093,855850,3267150,5242550,7232850,16598400,16720400,1279,5071450,1507200,1351800,0,3612,0,5,0,0,0,0,0,0
97,1229951528,11094,869250,3206450,6183650,6339600,16598950,16720700,1247,6017350,1510650,1358750,0,3612,0,5,0,0,0,0,0,0
98,4065171759,11095,1432750,2042500,3975400,9335250,16785900,16908300,1681,3806900,821450,678500,0,2972,0,5,0,0,0,0,0,0
99,1034325744,11096,861650,2479750,5415000,7651250,16407650,16529000,1413,5246050,1769450,1588100,0,3612,0,5,0,0,0,0,0,0
100,14078671,11097,838900,3434700,5403300,6921800,16598700,16719100,1285,5234050,1743150,1594350,0,4252,0,5,0,0,0,0,0,0
101,4024270554,11098,855100,2847400,4441550,8452700,16596750,16719050,1621,4282600,2094900,1921000,0,3612,0,5,0,0,0,0,0,0
102,896191351,11099,863950,3282300,6240800,6207650,16594700,16719250,1203,6054200,2458950,2292500,0,4252,0,5,0,0,0,0,0,0
103,2131384102,11100,1517300,2503800,5784150,6784900,16590150,16717200,1355,5615250,2103500,1946250,0,3932,0,5,0,0,0,0,0,0
104,2586210593,11101,1336450,2032250,4202650,9029600,16600950,16721500,1605,4042500,1095700,942150,0,3292,0,5,0,0,0,0,0,0
105,591918370,11102,857800,2464700,5422300,7853150,16597950,16719400,1463,4385250,1789850,1610100,0,3612,0,5,0,0,0,0,0,0
106,8814317,11103,847250,3395800,5185500,7166900,16595450,16719350,1323,5020200,1516650,1373950,0,3612,0,5,0,0,0,0,0,0
107,2340504196,11104,880550,2956750,3973000,7996500,15806800,16718150,1483,3805350,819700,671000,0,2972,0,5,0,0,0,0,0,0
108,3523076009,11105,860500,3272150,5867350,6600550,16600550,16721100,1325,4947900,1509300,1365650,0,3612,0,5,0,0,0,0,0,0
109,1961669028,11106,1626250,2497400,5393800,7669900,17187350,17307350,1398,5216400,1726500,1566450,0,3612,0,5,0,0,0,0,0,0
110,1037581603,11107,858500,2031300,3950700,9165900,16006400,16129850,1635,3788600,820100,670300,0,2972,0,5,0,0,0,0,0,0
111,2701024588,11108,853400,3432450,5127500,7184050,16597400,16720300,1350,4960200,2361500,2193200,0,3612,0,5,0,0,0,0,0,0
112,215037203,11109,856850,3469850,5311950,6958650,16597300,16719300,1260,5152150,1517900,1372900,0,3612,0,5,0,0,0,0,0,0
113,3696282862,11110,872350,2832800,4105050,8790200,16600400,16719300,1666,3929950,823850,672200,0,2972,0,5,0,0,0,0,0,0
114,2829142928,11111,860200,3155050,5907450,6672600,16595300,16718750,1329,5729300,2266550,2114150,0,3612,0,5,0,0,0,0,0,0
115,3204762949,11112,1363550,2464100,5573100,7194250,16595000,16717900,1359,5398850,1754800,1584000,0,3612,0,5,0,0,0,0,0,0
116,3297489190,11113,850750,2005750,3946600,9796050,16599150,16720000,1775,3781000,824900,673350,0,2972,0,5,0,0,0,0,0,0
117,1691704917,11114,851500,3419150,5176200,7150450,16597300,16718850,1320,5010250,1503100,1362550,0,3612,0,5,0,0,0,0,0,0
118,663957814,11115,864500,3278900,5498750,6953550,16595700,16717550,1254,5331500,1519650,1365400,0,3612,0,5,0,0,0,0,0,0
119,3058583827,11116,875700,2811300,4076150,8827700,16590850,16723300,1666,3902650,826400,673350,0,2972,0,5,0,0,0,0,0,0
120,838545270,11117,1496600,2485800,5553450,7431650,16967500,17084700,1410,5375900,1922600,1764850,0,3612,0,5,0,0,0,0,0,0
121,3608912039,11118,858500,2463950,5542050,7364650,16229150,16351800,1392,5380150,1892750,1722000,0,3612,0,5,0,0,0,0,0,0
122,4080159716,11119,848550,2010400,3941050,9798050,16598050,16719750,1687,3777200,823900,675650,0,2972,0,5,0,0,0,0,0,0
123,1056027075,11120,868600,3392050,5290550,7046500,16597700,16721150,1181,5139850,1515750,1362100,0,3612,0,5,0,0,0,0,0,0
124,4057021248,11121,862750,4402900,5724800,5604100,16594550,16716950,1096,5537900,2002700,1843250,0,4252,0,5,0,0,0,0,0,0
125,2686741161,11122,863200,2778400,4792900,8165000,16599500,16719150,1513,4629200,1500450,1348650,0,3612,0,5,0,0,0,0,0,0
126,3870849660,11123,1397550,2473050,5540350,7242500,16653450,16779550,1368,5363400,1846000,1679900,0,4252,0,5,0,0,0,0,0,0
127,293449641,11124,861450,2477800,5547200,7647150,16533600,16658300,1410,5381700,1847350,1664250,0,3932,0,5,0,0,0,0,0,0
128,596064266,11125,846650,2879350,4187100,8685100,16598200,16721100,1680,4023800,1916900,1759500,0,3292,0,5,0,0,0,0,0,0
129,3715495249,11126,859600,3249750,5330800,7160300,16600450,16720050,1302,5166650,1511600,1359350,0,3612,0,5,0,0,0,0,0,0
130,244680018,11127,1748100,2509100,5336950,6193500,15787650,16717900,1196,5153500,1733500,1570850,0,3612,0,5,0,0,0,0,0,0
131,4080661783,11128,1574700,2043600,3944100,9032100,16594500,16718200,1699,3782350,819600,670750,0,2972,0,5,0,0,0,0,0,0
132,4006730450,11129,859650,2465100,5308400,7529650,16162800,16722250,1428,5129950,1735500,1571600,0,3612,0,5,0,0,0,0,0,0
133,3864584507,11130,863400,3370500,4798450,7568450,16600800,16716600,1399,4617250,2026250,1849250,0,3612,0,5,0,0,0,0,0,0
134,2711027320,11131,858550,2909000,3973150,8862650,16603350,16722050,1651,3796700,1735650,1565450,0,2972,0,5,0,0,0,0,0,0
135,4099079087,11132,856900,3282700,5274100,7177900,16591600,16719050,1298,5111800,1519050,1361800,0,3612,0,5,0,0,0,0,0,0
136,565333772,11133,860550,3214050,5849800,6674000,16598400,16719250,1332,5671300,2253050,2089300,0,3612,0,5,0,0,0,0,0,0
137,1028518269,11134,1589850,2022550,3978100,9139550,16730050,16853000,1634,3814100,819700,671800,0,2972,0,5,0,0,0,0,0,0
138,2252688136,11135,851950,2476100,5334500,7795250,16457800,16584950,1480,5153700,1758850,795850,0,3612,0,5,0,0,0,0,0,0
139,578597309,11136,858500,3430800,5096050,7214950,16600300,16719850,1348,4927050,1503000,1354550,0,3612,0,5,0,0,0,0,0,0
140,3624439358,11137,854600,2990850,3980850,8769800,16596100,16717600,1690,3808800,1716800,1547500,0,2972,0,5,0,0,0,0,0,0
141,3514067501,11138,858700,10260900,5316050,16877400,33313050,33436350,3236,5144450,1499700,1355950,0,3612,0,5,0,0,0,0,0,0
142,2741972910,11139,1326600,2463000,5525050,7284150,16598800,16721500,1370,5345500,1766550,1587950,0,3612,0,5,0,0,0,0,0,0
143,28497579,11140,855850,2002150,3984000,9757950,16599950,16720650,1764,3826050,817750,662100,0,2972,0,5,0,0,0,0,0,0
144,466729326,11141,850150,3400900,5168250,7178750,16598050,16717950,1322,4999650,1509900,1362350,0,3612,0,5,0,0,0,0,0,0
145,3425349295,11142,859150,3279400,5484600,6974050,16597200,16718600,1252,5317400,1503650,1348350,0,3612,0,5,0,0,0,0,0,0
146,1537640620,11143,866600,2787500,4348550,8581100,16583750,16718600,1601,4182900,827850,677300,0,2972,0,5,0,0,0,0,0,0
147,1853842891,11144,1475550,2494300,5627000,7230650,16827500,16950950,1366,5455600,1962550,1802900,0,3612,0,5,0,0,0,0,0,0
148,1177024904,11145,860250,2469950,5762200,7276000,16368400,16490100,1364,5578050,2069800,1874400,0,4252,0,5,0,0,0,0,0,0
149,4106734849,11146,848400,2009900,5251150,8484850,16594300,16716800,1632,5089750,2008950,1827250,0,3612,0,5,0,0,0,0,0,0
150,2025356500,11147,845950,3314150,5376700,7059250,16596050,16722300,1282,5213100,1528900,1369500,0,4252,0,5,0,0,0,0,0,0
151,2189605121,11148,866900,3308000,5109650,7308550,16593100,16718400,1282,4938450,1344300,1188850,0,3932,0,5,0,0,0,0,0,0
152,4086136290,11149,1502700,2053150,4248500,8787400,16591750,16718500,1651,4086250,1108000,942900,0,3292,0,5,0,0,0,0,0,0
153,4036669705,11150,1346600,2489100,6858200,5905100,16599000,16718050,1038,6683100,3164450,826800,0,3612,0,5,0,0,0,0,0,0
154,4167980074,11151,872800,3526700,5048000,6365500,15813000,16718750,1095,4879250,1289800,1140950,0,3612,0,5,0,0,0,0,0,0
155,51187407,11152,870350,2956100,4032200,8732400,16591050,16719850,1683,3858650,1747550,1572250,0,2972,0,5,0,0,0,0,0,0
156,2242638442,11153,861800,3278800,5026550,7433300,16600450,16720600,1360,4850500,1282000,1133250,0,3612,0,5,0,0,0,0,0,0
157,2730108163,11154,867900,3254700,4886700,7587850,16597150,16717300,1346,4719150,1286100,1133350,0,3612,0,5,0,0,0,0,0,0
158,2718743917,11155,1494150,2054750,3944300,9509100,17002300,17131600,1633,3779950,817300,664800,0,2972,0,5,0,0,0,0,0,0
159,3391709842,11156,864800,2505900,5458300,7352050,16181050,16309600,1384,4406300,1806500,1623650,0,3612,0,5,0,0,0,0,0,0
160,1164604273,11157,849450,3442300,4633600,7662050,16587400,16717250,1419,4454300,1939700,1760900,0,3612,0,5,0,0,0,0,0,0
161,2148591176,11158,857500,2898300,4012950,8830900,16599650,16719700,1705,3848150,1766350,1591450,0,2972,0,5,0,0,0,0,0,0
162,4192737573,11159,858600,3293900,4980900,7464550,16597950,16722300,1362,4803150,1278300,1127050,0,3612,0,5,0,0,0,0,0,0
163,535584840,11160,874500,3227250,5656600,6837500,16595850,16717650,1374,4722300,1286000,1131950,0,3612,0,5,0,0,0,0,0,0
164,3430794475,11161,1519600,2066150,3931300,9080400,16597450,16718850,1620,3763000,821700,669450,0,2972,0,5,0,0,0,0,0,0
165,776323552,11162,864700,2505600,5410950,7818150,16599400,16720900,1485,5241800,1773950,803900,0,3612,0,5,0,0,0,0,0,0
166,3330991427,11163,854200,3428050,4813200,7501600,16597050,16717250,1405,4639400,1282300,1135200,0,3612,0,5,0,0,0,0,0,0
167,3282074430,11164,863550,4368450,4302550,7067400,16601950,16720450,1263,4122750,815450,668050,0,2972,0,5,0,0,0,0,0,0
168,2597814595,11165,864950,3334700,4879250,7519500,16598400,16718950,1362,4701600,1287100,1130100,0,3612,0,5,0,0,0,0,0,0
169,2225601370,11166,1553350,2523850,5578350,6941200,16596750,16718400,1387,5401700,1929950,1764950,0,3612,0,5,0,0,0,0,0,0
170,3716853465,11167,861200,2040550,4059900,9234150,16195800,16720150,1650,3898100,818800,670250,0,2972,0,5,0,0,0,0,0,0
171,1080675697,11168,874150,9224650,9929450,13285300,33313550,33439500,2596,8968200,1680050,1532900,0,7272,0,5,0,0,0,0,0,0
172,219920238,11169,862350,8603500,9913300,13939800,33318950,33435700,2721,9734100,2398400,2218350,0,7312,0,5,0,0,0,0,0,0
173,3070385651,11170,1414100,2036350,4069250,9160600,16680300,16801950,1638,3899300,819900,672150,0,3012,0,5,0,0,0,0,0,0
174,2609556270,11171,858950,2483350,5476500,7693350,16512150,16637000,1457,5293900,1890350,1710850,0,3612,0,5,0,0,0,0,0,0
175,141401383,11172,834200,3441700,4914650,7406450,16597000,16722400,1383,4741750,1280050,1130300,0,3612,0,5,0,0,0,0,0,0
176,3034105280,11173,855350,2839850,4014050,8889650,16598900,16718050,1715,3851900,1767650,1596650,0,2972,0,5,0,0,0,0,0,0
177,3029196371,11174,851050,3265350,4966200,7515700,16598300,16717350,1329,4799750,1287050,1132600,0,3612,0,5,0,0,0,0,0,0
178,699378668,11175,1508050,2512550,5650000,6924450,16595050,16719600,1385,5485300,2069100,1907800,0,3612,0,5,0,0,0,0,0,0
179,2402609405,11176,848900,2004450,3966650,9327900,16147900,16718750,1673,3795700,813950,668600,0,2972,0,5,0,0,0,0,0,0
CSV_END

STUDY_DONE_ede568c31b2c=0
# 