
****** Vivado v2025.2 (64-bit)
  **** SW Build 6299465 on Fri Nov 14 12:34:56 MST 2025
  **** IP Build 6300035 on Fri Nov 14 10:48:45 MST 2025
  **** SharedData Build 6298862 on Thu Nov 13 04:50:51 MST 2025
  **** Start of session at: Fri Oct  9 12:32:26 2026
    ** Copyright 1986-2022 Xilinx, Inc. All Rights Reserved.
    ** Copyright 2022-2025 Advanced Micro Devices, Inc. All Rights Reserved.

source /home/researcher/projects/wally-game-console-research/experiments/transport-study-20261009/implement_incremental.tcl
# set current [lindex $argv 0]
# set reference [lindex $argv 1]
# set out [lindex $argv 2]
# set_param general.maxThreads 8
# file mkdir $out
# open_checkpoint $current
Command: open_checkpoint /home/researcher/projects/wally-game-console-research/build/transport-study-20261009/buffered-only-board/source/fpga/generator/WallyFPGA.runs/impl_1/fpgaTop_opt.dcp

Starting open_checkpoint Task

Time (s): cpu = 00:00:00.03 ; elapsed = 00:00:00.03 . Memory (MB): peak = 1543.035 ; gain = 0.000 ; free physical = 35529 ; free virtual = 52788
INFO: [Device 21-403] Loading part xc7a200tsbg484-1
Netlist sorting complete. Time (s): cpu = 00:00:00.84 ; elapsed = 00:00:00.84 . Memory (MB): peak = 1997.844 ; gain = 0.000 ; free physical = 35107 ; free virtual = 52366
INFO: [Netlist 29-17] Analyzing 8182 Unisim elements for replacement
INFO: [Netlist 29-28] Unisim Transformation completed in 0 CPU seconds
INFO: [Project 1-479] Netlist was created with Vivado 2025.2
INFO: [Project 1-570] Preparing netlist for logic optimization
Read ShapeDB Complete: Time (s): cpu = 00:00:00.1 ; elapsed = 00:00:00.1 . Memory (MB): peak = 2164.875 ; gain = 0.000 ; free physical = 34953 ; free virtual = 52212
INFO: [Timing 38-478] Restoring timing data from binary archive.
INFO: [Timing 38-479] Binary timing data restore complete.
INFO: [Project 1-856] Restoring constraints from binary archive.
INFO: [Project 1-853] Binary constraint restore complete.
INFO: [Designutils 20-5722] Start Reading Physical Databases.
Reading placement.
Read Netlist Cache: Time (s): cpu = 00:00:00 ; elapsed = 00:00:00 . Memory (MB): peak = 2937.953 ; gain = 0.000 ; free physical = 34267 ; free virtual = 51526
Reading placer database...
Read Device Cache: Time (s): cpu = 00:00:00.01 ; elapsed = 00:00:00 . Memory (MB): peak = 2937.953 ; gain = 0.000 ; free physical = 34267 ; free virtual = 51526
Read PlaceDB: Time (s): cpu = 00:00:00 ; elapsed = 00:00:00 . Memory (MB): peak = 2937.953 ; gain = 0.000 ; free physical = 34267 ; free virtual = 51526
Read placeStorage: Time (s): cpu = 00:00:00.01 ; elapsed = 00:00:00.01 . Memory (MB): peak = 2937.953 ; gain = 0.000 ; free physical = 34267 ; free virtual = 51526
Read PulsedLatchDB: Time (s): cpu = 00:00:00 ; elapsed = 00:00:00 . Memory (MB): peak = 2937.953 ; gain = 0.000 ; free physical = 34267 ; free virtual = 51526
Reading routing.
Read RouteStorage: Time (s): cpu = 00:00:00.01 ; elapsed = 00:00:00.01 . Memory (MB): peak = 2937.953 ; gain = 0.000 ; free physical = 34267 ; free virtual = 51526
Read Physdb Files: Time (s): cpu = 00:00:00.03 ; elapsed = 00:00:00.03 . Memory (MB): peak = 2937.953 ; gain = 0.000 ; free physical = 34267 ; free virtual = 51526
Restored from archive | CPU: 0.060000 secs | Memory: 1.298676 MB |
Finished XDEF File Restore: Time (s): cpu = 00:00:00.06 ; elapsed = 00:00:00.05 . Memory (MB): peak = 2937.953 ; gain = 0.000 ; free physical = 34267 ; free virtual = 51526
Netlist sorting complete. Time (s): cpu = 00:00:00.03 ; elapsed = 00:00:00.02 . Memory (MB): peak = 2937.953 ; gain = 0.000 ; free physical = 34267 ; free virtual = 51526
INFO: [Project 1-111] Unisim Transformation Summary:
  A total of 425 instances were transformed.
  IOBUFDS_DIFF_OUT_INTERMDISABLE => IOBUFDS_DIFF_OUT_INTERMDISABLE (IBUFDS_INTERMDISABLE_INT(x2), INV, OBUFTDS(x2)): 2 instances
  IOBUF_INTERMDISABLE => IOBUF_INTERMDISABLE (IBUF_INTERMDISABLE, OBUFT): 16 instances
  LUT6_2 => LUT6_2 (LUT5, LUT6): 15 instances
  OBUFDS => OBUFDS_DUAL_BUF (INV, OBUFDS(x2)): 1 instance 
  RAM16X1D => RAM32X1D (RAMD32(x2)): 2 instances
  RAM32M => RAM32M (RAMD32(x6), RAMS32(x2)): 347 instances
  RAM32X1D => RAM32X1D (RAMD32(x2)): 37 instances
  RAM64M => RAM64M (RAMD64E(x4)): 2 instances
  RAM64X1D => RAM64X1D (RAMD64E(x2)): 2 instances
  SRLC32E => SRL16E: 1 instance 

INFO: [Project 1-604] Checkpoint was created with Vivado v2025.2 (64-bit) build 6299465
open_checkpoint: Time (s): cpu = 00:00:22 ; elapsed = 00:00:17 . Memory (MB): peak = 2937.988 ; gain = 1394.953 ; free physical = 34266 ; free virtual = 51526
# read_checkpoint -incremental $reference
Command: read_checkpoint -incremental /path/to/research/experiments/fifo-study-20261008/fresh-product/fpga/generator/WallyFPGA.runs/impl_1/fpgaTop_postroute_physopt.dcp
INFO: [Vivado 12-9151] Incremental flow is being run with directive 'RuntimeOptimized'. This will override place_design, post-place phys_opt_design and route_design directives.

Starting Incremental read checkpoint Task

Phase 1 Process Reference Checkpoint Netlist
INFO: [Netlist 29-17] Analyzing 8167 Unisim elements for replacement
INFO: [Netlist 29-28] Unisim Transformation completed in 0 CPU seconds

Time (s): cpu = 00:00:04 ; elapsed = 00:00:04 . Memory (MB): peak = 3155.297 ; gain = 217.309 ; free physical = 34079 ; free virtual = 51339

Phase 2 Initialization
Netlist sorting complete. Time (s): cpu = 00:00:00.03 ; elapsed = 00:00:00.03 . Memory (MB): peak = 3179.309 ; gain = 0.000 ; free physical = 34051 ; free virtual = 51311
Netlist sorting complete. Time (s): cpu = 00:00:00.02 ; elapsed = 00:00:00.03 . Memory (MB): peak = 3179.309 ; gain = 0.000 ; free physical = 34051 ; free virtual = 51311

Time (s): cpu = 00:00:08 ; elapsed = 00:00:06 . Memory (MB): peak = 3179.309 ; gain = 241.320 ; free physical = 34051 ; free virtual = 51311

Phase 3 Replay Physical Synthesis Transforms
INFO: [Physopt 32-721] Multithreading enabled for phys_opt_design using a maximum of 8 CPUs
INFO: [Physopt 32-665] Processed cell rasterixgen.rasterix/gpu/rixif/graphicCore/attributeInterpolator/interpolation/tex0MipmapComputeRecip/genblk1[0].newtonIteration/x1_reg. 31 registers were pushed out.
INFO: [Physopt 32-81] Processed net rasterixgen.rasterix/gpu/rixif/graphicCore/renderConfigsRegBank/registerMem_reg[12][13]_0[79]. Replicated 2 times.
INFO: [Physopt 32-81] Processed net wallypipelinedsoc/core/lsu/hptw.hptw/WalkerStateReg/IHAdrM[51]. Replicated 1 times.
INFO: [Physopt 32-81] Processed net rasterixgen.rasterix/memory/rasterixmem_i/interconnect/inst/s00_entry_pipeline/s00_mmu/inst/w_sreg/m_vector_i[0]. Replicated 2 times.
INFO: [Physopt 32-665] Processed cell rasterixgen.rasterix/gpu/rixif/graphicCore/attributeInterpolator/interpolation/tex0MipmapComputeRecip/genblk1[1].newtonIteration/x1_reg. 31 registers were pushed out.
INFO: [Physopt 32-1028] Processed net ddr3/u_ddr3_mig/temp_mon_enabled.u_tempmon/device_temp_lcl[11]. Inserted 1 hold fix buffers
INFO: [Physopt 32-1028] Processed net ddr3/u_ddr3_mig/temp_mon_enabled.u_tempmon/device_temp_lcl[3]. Inserted 1 hold fix buffers
INFO: [Physopt 32-1028] Processed net ddr3/u_ddr3_mig/temp_mon_enabled.u_tempmon/device_temp_lcl[4]. Inserted 1 hold fix buffers
INFO: [Physopt 32-1028] Processed net ddr3/u_ddr3_mig/temp_mon_enabled.u_tempmon/device_temp_lcl[2]. Inserted 1 hold fix buffers
INFO: [Physopt 32-1028] Processed net ddr3/u_ddr3_mig/temp_mon_enabled.u_tempmon/device_temp_lcl[5]. Inserted 1 hold fix buffers
INFO: [Physopt 32-1028] Processed net ddr3/u_ddr3_mig/temp_mon_enabled.u_tempmon/device_temp_lcl[7]. Inserted 1 hold fix buffers
INFO: [Physopt 32-1028] Processed net ddr3/u_ddr3_mig/temp_mon_enabled.u_tempmon/device_temp_lcl[9]. Inserted 1 hold fix buffers
INFO: [Physopt 32-1028] Processed net ddr3/u_ddr3_mig/temp_mon_enabled.u_tempmon/device_temp_lcl[10]. Inserted 1 hold fix buffers
INFO: [Physopt 32-1028] Processed net ddr3/u_ddr3_mig/temp_mon_enabled.u_tempmon/device_temp_lcl[8]. Inserted 1 hold fix buffers
INFO: [Physopt 32-1028] Processed net ddr3/u_ddr3_mig/temp_mon_enabled.u_tempmon/device_temp_lcl[1]. Inserted 1 hold fix buffers
INFO: [Physopt 32-1028] Processed net ddr3/u_ddr3_mig/temp_mon_enabled.u_tempmon/device_temp_lcl[0]. Inserted 1 hold fix buffers
INFO: [Physopt 32-1028] Processed net ddr3/u_ddr3_mig/temp_mon_enabled.u_tempmon/device_temp_lcl[6]. Inserted 1 hold fix buffers
INFO: [Physopt 32-1028] Processed net rasterixgen.rasterix/display/display/u_dvi/u_tmds_red/encoded_q_reg[8]_0[7]. Inserted 1 hold fix buffers
INFO: [Physopt 32-1028] Processed net rasterixgen.rasterix/display/display/u_dvi/u_tmds_red/encoded_q_reg[8]_0[1]. Inserted 1 hold fix buffers
INFO: [Physopt 32-1028] Processed net rasterixgen.rasterix/display/display/u_dvi/u_tmds_blue/encoded_q_reg[9]_0[0]. Inserted 1 hold fix buffers
INFO: [Physopt 32-1028] Processed net rasterixgen.rasterix/display/display/u_dvi/u_tmds_blue/encoded_q_reg[9]_0[5]. Inserted 1 hold fix buffers
INFO: [Physopt 32-1028] Processed net rasterixgen.rasterix/display/display/u_dvi/u_tmds_blue/encoded_q_reg[9]_0[6]. Inserted 1 hold fix buffers
INFO: [Physopt 32-1028] Processed net rasterixgen.rasterix/display/display/u_dvi/u_tmds_red/encoded_q_reg[8]_0[4]. Inserted 1 hold fix buffers
INFO: [Physopt 32-1028] Processed net rasterixgen.rasterix/display/display/u_dvi/u_tmds_red/encoded_q_reg[8]_0[6]. Inserted 1 hold fix buffers
INFO: [Physopt 32-1028] Processed net rasterixgen.rasterix/display/display/u_dvi/u_tmds_red/encoded_q_reg[8]_0[5]. Inserted 1 hold fix buffers
INFO: [Physopt 32-1028] Processed net rasterixgen.rasterix/display/display/u_dvi/u_tmds_red/encoded_q_reg[8]_0[0]. Inserted 1 hold fix buffers
INFO: [Physopt 32-1028] Processed net rasterixgen.rasterix/display/display/u_dvi/u_tmds_blue/encoded_q_reg[9]_0[4]. Inserted 1 hold fix buffers
INFO: [Physopt 32-1028] Processed net rasterixgen.rasterix/display/display/u_dvi/u_tmds_blue/encoded_q_reg[9]_0[2]. Inserted 1 hold fix buffers
INFO: [Physopt 32-1028] Processed net rasterixgen.rasterix/display/display/u_dvi/u_tmds_green/encoded_q_reg[9]_0[0]. Inserted 1 hold fix buffers
INFO: [Physopt 32-1028] Processed net rasterixgen.rasterix/display/display/u_dvi/u_tmds_red/encoded_q_reg[8]_0[8]. Inserted 1 hold fix buffers
INFO: [Physopt 32-1028] Processed net rasterixgen.rasterix/display/display/u_dvi/u_tmds_blue/encoded_q_reg[9]_0[1]. Inserted 1 hold fix buffers
INFO: [Physopt 32-1028] Processed net rasterixgen.rasterix/display/display/u_dvi/u_tmds_blue/encoded_q_reg[9]_0[3]. Inserted 1 hold fix buffers
INFO: [Physopt 32-1028] Processed net rasterixgen.rasterix/display/display/u_dvi/u_tmds_green/encoded_q_reg[9]_0[3]. Inserted 1 hold fix buffers
INFO: [Physopt 32-1028] Processed net rasterixgen.rasterix/display/display/u_dvi/u_tmds_green/encoded_q_reg[9]_0[4]. Inserted 1 hold fix buffers
INFO: [Physopt 32-1028] Processed net rasterixgen.rasterix/display/display/u_dvi/u_tmds_blue/encoded_q_reg[9]_0[7]. Inserted 1 hold fix buffers
INFO: [Physopt 32-1028] Processed net rasterixgen.rasterix/display/display/u_dvi/u_tmds_red/encoded_q_reg[8]_0[2]. Inserted 1 hold fix buffers
INFO: [Physopt 32-1028] Processed net rasterixgen.rasterix/display/display/u_dvi/u_tmds_green/encoded_q_reg[9]_0[5]. Inserted 1 hold fix buffers
INFO: [Physopt 32-1028] Processed net rasterixgen.rasterix/display/display/u_dvi/u_tmds_red/encoded_q_reg[8]_0[3]. Inserted 1 hold fix buffers
INFO: [Physopt 32-1028] Processed net rasterixgen.rasterix/display/display/u_dvi/u_tmds_blue/encoded_q_reg[9]_0[8]. Inserted 1 hold fix buffers
INFO: [Physopt 32-1028] Processed net rasterixgen.rasterix/display/display/u_dvi/u_tmds_green/encoded_q_reg[9]_0[7]. Inserted 1 hold fix buffers
INFO: [Physopt 32-1028] Processed net rasterixgen.rasterix/display/display/u_dvi/u_tmds_green/encoded_q_reg[9]_0[6]. Inserted 1 hold fix buffers
INFO: [Physopt 32-1028] Processed net rasterixgen.rasterix/display/display/u_dvi/u_tmds_blue/encoded_q_reg[9]_0[9]. Inserted 1 hold fix buffers
INFO: [Physopt 32-1028] Processed net rasterixgen.rasterix/display/display/u_dvi/u_tmds_green/encoded_q_reg[9]_0[1]. Inserted 1 hold fix buffers
INFO: [Physopt 32-1028] Processed net wallypipelinedsoc/core/ifu/bus.icache.ahbcacheinterface/fetchbufferbeat[2].fb/FetchBuffer[21]. Inserted 1 hold fix buffers
INFO: [Physopt 32-1028] Processed net wallypipelinedsoc/core/ifu/bus.icache.ahbcacheinterface/fetchbufferbeat[2].fb/FetchBuffer[49]. Inserted 1 hold fix buffers
INFO: [Physopt 32-1028] Processed net wallypipelinedsoc/core/ifu/bus.icache.ahbcacheinterface/fetchbufferbeat[3].fb/FetchBuffer[5]. Inserted 1 hold fix buffers
INFO: [Physopt 32-1028] Processed net wallypipelinedsoc/core/ifu/bus.icache.ahbcacheinterface/fetchbufferbeat[2].fb/FetchBuffer[11]. Inserted 1 hold fix buffers
INFO: [Physopt 32-1028] Processed net wallypipelinedsoc/core/ifu/bus.icache.ahbcacheinterface/fetchbufferbeat[2].fb/FetchBuffer[16]. Inserted 1 hold fix buffers
INFO: [Physopt 32-1028] Processed net wallypipelinedsoc/core/ifu/bus.icache.ahbcacheinterface/fetchbufferbeat[2].fb/FetchBuffer[48]. Inserted 1 hold fix buffers
INFO: [Physopt 32-1028] Processed net wallypipelinedsoc/core/ifu/bus.icache.ahbcacheinterface/fetchbufferbeat[3].fb/FetchBuffer[1]. Inserted 1 hold fix buffers
INFO: [Physopt 32-1028] Processed net wallypipelinedsoc/core/ifu/bus.icache.ahbcacheinterface/fetchbufferbeat[2].fb/FetchBuffer[63]. Inserted 1 hold fix buffers
INFO: [Physopt 32-1028] Processed net wallypipelinedsoc/core/ifu/bus.icache.ahbcacheinterface/fetchbufferbeat[2].fb/FetchBuffer[5]. Inserted 1 hold fix buffers
INFO: [Physopt 32-1028] Processed net rasterixgen.rasterix/display/display/u_dvi/toggle_q. Inserted 1 hold fix buffers
INFO: [Physopt 32-1028] Processed net wallypipelinedsoc/core/ifu/bus.icache.ahbcacheinterface/fetchbufferbeat[2].fb/FetchBuffer[3]. Inserted 1 hold fix buffers
INFO: [Physopt 32-1028] Processed net wallypipelinedsoc/core/ifu/bus.icache.ahbcacheinterface/fetchbufferbeat[2].fb/FetchBuffer[45]. Inserted 1 hold fix buffers
INFO: [Physopt 32-1028] Processed net wallypipelinedsoc/core/ifu/bus.icache.ahbcacheinterface/fetchbufferbeat[2].fb/FetchBuffer[51]. Inserted 1 hold fix buffers
INFO: [Physopt 32-1028] Processed net wallypipelinedsoc/core/ifu/bus.icache.ahbcacheinterface/fetchbufferbeat[2].fb/FetchBuffer[25]. Inserted 1 hold fix buffers
INFO: [Physopt 32-1028] Processed net wallypipelinedsoc/core/ifu/bus.icache.ahbcacheinterface/fetchbufferbeat[2].fb/FetchBuffer[29]. Inserted 1 hold fix buffers
INFO: [Physopt 32-1028] Processed net wallypipelinedsoc/core/ifu/bus.icache.ahbcacheinterface/fetchbufferbeat[2].fb/FetchBuffer[9]. Inserted 1 hold fix buffers
INFO: [Physopt 32-1028] Processed net wallypipelinedsoc/core/ifu/bus.icache.ahbcacheinterface/fetchbufferbeat[2].fb/FetchBuffer[57]. Inserted 1 hold fix buffers
INFO: [Vivado_Tcl 4-521] iPhys_opt_design summary: tried 60 changes and 60 changes are successfully applied

Time (s): cpu = 00:00:11 ; elapsed = 00:00:09 . Memory (MB): peak = 3211.324 ; gain = 273.336 ; free physical = 34040 ; free virtual = 51300

Phase 4 Build Reuse DB
INFO: [Physopt 32-721] Multithreading enabled for phys_opt_design using a maximum of 8 CPUs
Netlist sorting complete. Time (s): cpu = 00:00:00.23 ; elapsed = 00:00:00.23 . Memory (MB): peak = 3224.691 ; gain = 0.000 ; free physical = 33908 ; free virtual = 51168
INFO: [Designutils 20-5722] Start Reading Physical Databases.
Read Netlist Cache: Time (s): cpu = 00:00:00.08 ; elapsed = 00:00:00.09 . Memory (MB): peak = 3239.910 ; gain = 12.250 ; free physical = 33897 ; free virtual = 51157
Reading placer database...
Read Device Cache: Time (s): cpu = 00:00:00 ; elapsed = 00:00:00.01 . Memory (MB): peak = 3241.910 ; gain = 2.000 ; free physical = 33894 ; free virtual = 51153
Read PlaceDB: Time (s): cpu = 00:00:00 ; elapsed = 00:00:00 . Memory (MB): peak = 3241.910 ; gain = 0.000 ; free physical = 33894 ; free virtual = 51153
Read placeStorage: Time (s): cpu = 00:00:02 ; elapsed = 00:00:02 . Memory (MB): peak = 3306.910 ; gain = 65.000 ; free physical = 33831 ; free virtual = 51091
Read PulsedLatchDB: Time (s): cpu = 00:00:00 ; elapsed = 00:00:00 . Memory (MB): peak = 3306.910 ; gain = 0.000 ; free physical = 33831 ; free virtual = 51091
Read Physdb Files: Time (s): cpu = 00:00:02 ; elapsed = 00:00:02 . Memory (MB): peak = 3306.910 ; gain = 79.250 ; free physical = 33831 ; free virtual = 51091
Finished XDEF File Restore: Time (s): cpu = 00:00:08 ; elapsed = 00:00:08 . Memory (MB): peak = 3383.035 ; gain = 155.375 ; free physical = 33747 ; free virtual = 51007
INFO: [Designutils 20-2297] Reference Design: /path/to/research/experiments/fifo-study-20261008/fresh-product/fpga/generator/WallyFPGA.runs/impl_1/fpgaTop_postroute_physopt.dcp, Summary | WNS = 0.018 | WHS = 0.014 | State = POST_ROUTE |

Time (s): cpu = 00:00:50 ; elapsed = 00:00:47 . Memory (MB): peak = 3399.707 ; gain = 461.719 ; free physical = 33730 ; free virtual = 50990

Phase 5 Checking legality
INFO: [Designutils 20-5722] Start Reading Physical Databases.
Read Netlist Cache: Time (s): cpu = 00:00:00.06 ; elapsed = 00:00:00.09 . Memory (MB): peak = 3667.910 ; gain = 36.539 ; free physical = 33436 ; free virtual = 50696
Reading placer database...
Read Device Cache: Time (s): cpu = 00:00:00.01 ; elapsed = 00:00:00.01 . Memory (MB): peak = 3670.910 ; gain = 3.000 ; free physical = 33433 ; free virtual = 50693
Read RouteStorage: Time (s): cpu = 00:00:02 ; elapsed = 00:00:02 . Memory (MB): peak = 3744.809 ; gain = 73.898 ; free physical = 33357 ; free virtual = 50617
Read Physdb Files: Time (s): cpu = 00:00:02 ; elapsed = 00:00:02 . Memory (MB): peak = 3744.809 ; gain = 113.438 ; free physical = 33357 ; free virtual = 50617
Finished XDEF File Restore: Time (s): cpu = 00:00:02 ; elapsed = 00:00:02 . Memory (MB): peak = 3744.809 ; gain = 113.438 ; free physical = 33357 ; free virtual = 50617
Phase 5 Checking legality | Checksum: 1b6cdc927

Time (s): cpu = 00:01:27 ; elapsed = 00:01:09 . Memory (MB): peak = 3936.668 ; gain = 998.680 ; free physical = 33182 ; free virtual = 50442

Phase 6 Reporting
Copyright 1986-2022 Xilinx, Inc. All Rights Reserved. Copyright 2022-2025 Advanced Micro Devices, Inc. All Rights Reserved.
---------------------------------------------------------------------------------------------------------------------------------------------
| Tool Version : Vivado v.2025.2 (lin64) Build 6299465 Fri Nov 14 12:34:56 MST 2025
| Date         : Fri Oct  9 12:33:56 2026
| Host         : RESEARCH-HOST running 64-bit Ubuntu 24.04.4 LTS
| Design       : fpgaTop
| Device       : xc7a200t
| Design State : Unknown
---------------------------------------------------------------------------------------------------------------------------------------------

Incremental Implementation Information

Table of Contents
-----------------
1. Incremental Flow Summary
2. Reuse Summary
3. Reference Checkpoint Information
4. Comparison with Reference Run
5. Optimization Comparison With Reference Run
5.1 iphys_opt_replay Optimizations
5.2 QoR Suggestion Optimizations
6. Command Comparison with Reference Run
6.1 Reference:
6.2 Incremental:
7. Non Reuse Information

1. Incremental Flow Summary
---------------------------

+-----------------------+------------------+
|    Flow Information   |       Value      |
+-----------------------+------------------+
| Synthesis Flow        |          Default |
| Auto Incremental      |               No |
| Incremental Directive | RuntimeOptimized |
| Target WNS            |              0.0 |
| QoR Suggestions       |                0 |
+-----------------------+------------------+


2. Reuse Summary
----------------

+-------+----------------------+----------------------------+--------------------+--------+
|  Type | Matched % (of Total) | Current Reuse % (of Total) | Fixed % (of Total) |  Total |
+-------+----------------------+----------------------------+--------------------+--------+
| Cells |                99.80 |                      99.80 |               0.14 | 141226 |
| Nets  |                99.77 |                      99.43 |               0.00 | 113527 |
| Pins  |                    - |                      99.56 |                  - | 626880 |
| Ports |               100.00 |                     100.00 |             100.00 |     82 |
+-------+----------------------+----------------------------+--------------------+--------+


3. Reference Checkpoint Information
-----------------------------------

+----------------+--------------------------------------------------------------------------------------------------------------------------------------+
| DCP Location:  | /path/to/research/experiments/fifo-study-20261008/fresh-product/fpga/generator/WallyFPGA.runs/impl_1/fpgaTop_postroute_physopt.dcp |
+----------------+--------------------------------------------------------------------------------------------------------------------------------------+


+--------------------------------+----------------------------+
|         DCP Information        |            Value           |
+--------------------------------+----------------------------+
| Vivado Version                 |                     2025.2 |
| DCP State                      |                 POST_ROUTE |
| Recorded WNS                   |                      0.018 |
| Recorded WHS                   |                      0.014 |
| Reference Speed File Version   | PRODUCTION 1.23 2018-06-13 |
| Incremental Speed File Version | PRODUCTION 1.23 2018-06-13 |
+--------------------------------+----------------------------+
* Recorded WNS/WHS timing numbers are estimated timing numbers. They may vary slightly from sign-off timing numbers.


4. Comparison with Reference Run
--------------------------------

+-----------------+---------------------------+---------------------------+---------------------------+
|                 |          WNS(ns)          |  Runtime(elapsed)(hh:mm)  |    Runtime(cpu)(hh:mm)    |
+-----------------+-------------+-------------+-------------+-------------+-------------+-------------+
|      Stage      |  Reference  | Incremental |  Reference  | Incremental |  Reference  | Incremental |
+-----------------+-------------+-------------+-------------+-------------+-------------+-------------+
| synth_design    |             |             |       00:05 |       00:04 |       00:07 |       00:07 |
| opt_design      |             |             |       00:02 |       00:01 |       00:02 |       00:02 |
| read_checkpoint |             |             |             |             |             |             |
| place_design    |      -0.456 |             |       00:07 |             |       00:15 |             |
| phys_opt_design |       0.067 |             |     < 1 min |             |       00:03 |             |
| route_design    |       0.018 |             |       00:27 |             |       00:57 |             |
| phys_opt_design |       0.018 |             |     < 1 min |             |     < 1 min |             |
+-----------------+-------------+-------------+-------------+-------------+-------------+-------------+


5. Optimization Comparison With Reference Run
---------------------------------------------

5.1 iphys_opt_replay Optimizations
----------------------------------

+-------------------------+--------+------------+
| iphys_opt_design replay | Reused | Not Reused |
+-------------------------+--------+------------+
| hold_fix                |     55 |          0 |
| fanout_opt              |      3 |          0 |
| dsp_register_opt        |      2 |          0 |
+-------------------------+--------+------------+


5.2 QoR Suggestion Optimizations
--------------------------------

+-------------------------------------+-------+
|           QoR Suggestions           | Value |
+-------------------------------------+-------+
| QoR Suggestions (Recommended)       |     0 |
|   Suggestions Included In Reference |     0 |
|     Yet to apply                    |     0 |
|     Applied                         |     0 |
|     Failed to apply                 |     0 |
|   New Suggestions (INCR_FRIENDLY=1) |     0 |
|     Yet to apply                    |     0 |
|     Applied                         |     0 |
|     Failed to apply                 |     0 |
| QoR Suggestions (Not Recommended)   |     0 |
|   New Suggestions (INCR_FRIENDLY=0) |     0 |
|     Yet to apply                    |     0 |
|     Applied                         |     0 |
|     Failed to apply                 |     0 |
| Disabled New Suggestions            |     0 |
+-------------------------------------+-------+


6. Command Comparison with Reference Run
----------------------------------------

6.1 Reference:
--------------
synth_design-global_retiming on -define default::[not_specified] -verilog_define default::[not_specified] -vhdl_define default::[not_specified] -top  fpgaTop -part  xc7a200tsbg484-1 
opt_design
place_design -directive WLDrivenBlockPlacement
phys_opt_design -directive AggressiveExplore
route_design -directive Explore
phys_opt_design -directive AggressiveExplore

6.2 Incremental:
----------------
synth_design-global_retiming on -define default::[not_specified] -verilog_define default::[not_specified] -vhdl_define default::[not_specified] -top  fpgaTop -part  xc7a200tsbg484-1 
opt_design
read_checkpoint -directive RuntimeOptimized  -incremental /path/to/research/experiments/fifo-study-20261008/fresh-product/fpga/generator/WallyFPGA.runs/impl_1/fpgaTop_postroute_physopt.dcp

7. Non Reuse Information
------------------------

+------------------------------------------------------+------+
|                         Type                         |   %  |
+------------------------------------------------------+------+
| Non-Reused Cells                                     | 0.19 |
|   New                                                | 0.18 |
|   Discarded illegal placement due to netlist changes | 0.01 |
|   Discarded to improve timing                        | 0.01 |
| Partially reused nets                                | 0.14 |
| Non-Reused nets                                      | 0.41 |
| Non-Reused Ports                                     | 0.00 |
+------------------------------------------------------+------+



Time (s): cpu = 00:01:30 ; elapsed = 00:01:11 . Memory (MB): peak = 3936.668 ; gain = 998.680 ; free physical = 33174 ; free virtual = 50434

Time (s): cpu = 00:01:31 ; elapsed = 00:01:13 . Memory (MB): peak = 3944.668 ; gain = 1006.680 ; free physical = 33181 ; free virtual = 50441
read_checkpoint: Time (s): cpu = 00:01:31 ; elapsed = 00:01:13 . Memory (MB): peak = 3944.668 ; gain = 1006.680 ; free physical = 33181 ; free virtual = 50441
# report_incremental_reuse -file $out/reuse_before.rpt
# place_design
Command: place_design
Attempting to get a license for feature 'Implementation' and/or device 'xc7a200t'
INFO: [Common 17-349] Got license for feature 'Implementation' and/or device 'xc7a200t'
INFO: [Common 17-83] Releasing license: Implementation

Starting Incremental Placer Task
INFO: [Vivado_Tcl 4-24] Running Incremental Placer flow for unplaced cells using reference design-checkpoint '/path/to/research/experiments/fifo-study-20261008/fresh-product/fpga/generator/WallyFPGA.runs/impl_1/fpgaTop_postroute_physopt.dcp'.
INFO: [Place 46-44] place_design is using directive Default with target WNS of 0 ns.

Phase 1 Placer Initialization

Phase 1.1 Placer Initialization Netlist Sorting
Netlist sorting complete. Time (s): cpu = 00:00:00.02 ; elapsed = 00:00:00.03 . Memory (MB): peak = 3944.668 ; gain = 0.000 ; free physical = 33181 ; free virtual = 50441
Phase 1.1 Placer Initialization Netlist Sorting | Checksum: 1b6cdc927

Time (s): cpu = 00:00:00.71 ; elapsed = 00:00:00.44 . Memory (MB): peak = 3944.668 ; gain = 0.000 ; free physical = 33182 ; free virtual = 50442

Phase 1.2 IO Placement/ Clock Placement/ Build Placer Device
Phase 1.2 IO Placement/ Clock Placement/ Build Placer Device | Checksum: 1b6cdc927

Time (s): cpu = 00:00:09 ; elapsed = 00:00:06 . Memory (MB): peak = 4063.059 ; gain = 118.391 ; free physical = 33099 ; free virtual = 50359

Phase 1.3 Build Placer Netlist Model
Phase 1.3 Build Placer Netlist Model | Checksum: 24ca0177b

Time (s): cpu = 00:00:57 ; elapsed = 00:00:30 . Memory (MB): peak = 4213.730 ; gain = 269.062 ; free physical = 32955 ; free virtual = 50215

Phase 1.4 Constrain Clocks/Macros
Phase 1.4 Constrain Clocks/Macros | Checksum: 24ca0177b

Time (s): cpu = 00:00:58 ; elapsed = 00:00:31 . Memory (MB): peak = 4213.730 ; gain = 269.062 ; free physical = 32955 ; free virtual = 50215
Phase 1 Placer Initialization | Checksum: 24ca0177b

Time (s): cpu = 00:00:59 ; elapsed = 00:00:31 . Memory (MB): peak = 4213.730 ; gain = 269.062 ; free physical = 32954 ; free virtual = 50214

Phase 2 Global Placement

Phase 2.1 Floorplanning
Phase 2.1 Floorplanning | Checksum: 22dd676e3

Time (s): cpu = 00:01:14 ; elapsed = 00:00:37 . Memory (MB): peak = 4396.270 ; gain = 451.602 ; free physical = 32756 ; free virtual = 50016

Phase 2.2 Update Timing before SLR Path Opt
Phase 2.2 Update Timing before SLR Path Opt | Checksum: 22dd676e3

Time (s): cpu = 00:01:38 ; elapsed = 00:00:41 . Memory (MB): peak = 4396.270 ; gain = 451.602 ; free physical = 32756 ; free virtual = 50016

Phase 2.3 Post-Processing in Floorplanning
Phase 2.3 Post-Processing in Floorplanning | Checksum: 22dd676e3

Time (s): cpu = 00:01:39 ; elapsed = 00:00:42 . Memory (MB): peak = 4396.270 ; gain = 451.602 ; free physical = 32755 ; free virtual = 50015

Phase 2.4 Global Place Phase1
Phase 2.4 Global Place Phase1 | Checksum: 21e5c971a

Time (s): cpu = 00:02:40 ; elapsed = 00:01:01 . Memory (MB): peak = 4659.223 ; gain = 714.555 ; free physical = 32487 ; free virtual = 49747

Phase 2.5 Global Place Phase2
Phase 2.5 Global Place Phase2 | Checksum: 2975680a4

Time (s): cpu = 00:02:48 ; elapsed = 00:01:03 . Memory (MB): peak = 4659.223 ; gain = 714.555 ; free physical = 32486 ; free virtual = 49746
Phase 2 Global Placement | Checksum: 2975680a4

Time (s): cpu = 00:02:49 ; elapsed = 00:01:03 . Memory (MB): peak = 4659.223 ; gain = 714.555 ; free physical = 32486 ; free virtual = 49746

Phase 3 Detail Placement

Phase 3.1 Commit Multi Column Macros
Phase 3.1 Commit Multi Column Macros | Checksum: 25bd6fe04

Time (s): cpu = 00:02:55 ; elapsed = 00:01:09 . Memory (MB): peak = 4659.223 ; gain = 714.555 ; free physical = 32485 ; free virtual = 49746

Phase 3.2 Commit Most Macros & LUTRAMs
Phase 3.2 Commit Most Macros & LUTRAMs | Checksum: 275ff09e8

Time (s): cpu = 00:03:01 ; elapsed = 00:01:12 . Memory (MB): peak = 4659.223 ; gain = 714.555 ; free physical = 32486 ; free virtual = 49747

Phase 3.3 Place Remaining
Phase 3.3 Place Remaining | Checksum: 2a7e4dbf5

Time (s): cpu = 00:03:05 ; elapsed = 00:01:15 . Memory (MB): peak = 4659.223 ; gain = 714.555 ; free physical = 32487 ; free virtual = 49748
Phase 3 Detail Placement | Checksum: 20931021c

Time (s): cpu = 00:03:31 ; elapsed = 00:01:21 . Memory (MB): peak = 4659.223 ; gain = 714.555 ; free physical = 32487 ; free virtual = 49748

Phase 4 Post Placement Optimization and Clean-Up

Phase 4.1 Post Commit Optimization

Phase 4.1.1 Post Placement Optimization
Post Placement Optimization Initialization | Checksum: 314115cea

Phase 4.1.1.1 BUFG Insertion

Starting Physical Synthesis Task

Phase 1 Physical Synthesis Initialization
INFO: [Physopt 32-721] Multithreading enabled for phys_opt_design using a maximum of 8 CPUs
INFO: [Physopt 32-619] Estimated Timing Summary | WNS=-0.562 | TNS=-1.102 |
Phase 1 Physical Synthesis Initialization | Checksum: 1b60ff01b

Time (s): cpu = 00:00:04 ; elapsed = 00:00:01 . Memory (MB): peak = 4659.223 ; gain = 0.000 ; free physical = 32485 ; free virtual = 49746
INFO: [Place 46-33] Processed net wallypipelinedsoc/resetsync/reset, BUFG insertion was skipped due to placement/routing conflicts.
INFO: [Place 46-33] Processed net rasterixgen.rasterix/gpu/rixif/graphicCore/pixelPipeline/tmu0/samplerBroadcast/s_axis_tready_reg_reg_0, BUFG insertion was skipped due to placement/routing conflicts.
INFO: [Place 46-33] Processed net rasterixgen.rasterix/gpu/rixif/graphicCore/streamConcatFifo/stream0_fifo/w_wr0, BUFG insertion was skipped due to placement/routing conflicts.
INFO: [Place 46-56] BUFG insertion identified 3 candidate nets. Inserted BUFG: 0, Replicated BUFG Driver: 0, Skipped due to Placement/Routing Conflicts: 3, Skipped due to Timing Degradation: 0, Skipped due to netlist editing failed: 0.
Ending Physical Synthesis Task | Checksum: 2a44b27ef

Time (s): cpu = 00:00:08 ; elapsed = 00:00:03 . Memory (MB): peak = 4659.223 ; gain = 0.000 ; free physical = 32485 ; free virtual = 49746
Phase 4.1.1.1 BUFG Insertion | Checksum: 314115cea

Time (s): cpu = 00:04:04 ; elapsed = 00:01:28 . Memory (MB): peak = 4659.223 ; gain = 714.555 ; free physical = 32485 ; free virtual = 49746

Phase 4.1.1.2 Post Placement Timing Optimization
INFO: [Place 30-746] Post Placement Timing Summary WNS=0.018. For the most accurate timing information please run report_timing.
Phase 4.1.1.2 Post Placement Timing Optimization | Checksum: 2fe6677bf

Time (s): cpu = 00:04:09 ; elapsed = 00:01:32 . Memory (MB): peak = 4659.223 ; gain = 714.555 ; free physical = 32485 ; free virtual = 49746

Time (s): cpu = 00:04:09 ; elapsed = 00:01:32 . Memory (MB): peak = 4659.223 ; gain = 714.555 ; free physical = 32485 ; free virtual = 49746
Phase 4.1 Post Commit Optimization | Checksum: 2fe6677bf

Time (s): cpu = 00:04:09 ; elapsed = 00:01:32 . Memory (MB): peak = 4659.223 ; gain = 714.555 ; free physical = 32483 ; free virtual = 49743

Phase 4.2 Sweep Clock Roots: Post-Placement
Phase 4.2 Sweep Clock Roots: Post-Placement | Checksum: 2fe6677bf

Time (s): cpu = 00:04:10 ; elapsed = 00:01:33 . Memory (MB): peak = 4659.223 ; gain = 714.555 ; free physical = 32483 ; free virtual = 49743

Phase 4.3 Placer Reporting

Phase 4.3.1 Print Estimated Congestion
INFO: [Place 30-612] Post-Placement Estimated Congestion 
 ____________________________________________________
|           | Global Congestion | Short Congestion  |
| Direction | Region Size       | Region Size       |
|___________|___________________|___________________|
|      North|              64x64|              64x64|
|___________|___________________|___________________|
|      South|              64x64|              64x64|
|___________|___________________|___________________|
|       East|              64x64|              64x64|
|___________|___________________|___________________|
|       West|              64x64|              64x64|
|___________|___________________|___________________|

Phase 4.3.1 Print Estimated Congestion | Checksum: 2d9cdf385

Time (s): cpu = 00:04:42 ; elapsed = 00:01:41 . Memory (MB): peak = 4690.215 ; gain = 745.547 ; free physical = 32440 ; free virtual = 49701
Phase 4.3 Placer Reporting | Checksum: 2d9cdf385

Time (s): cpu = 00:04:42 ; elapsed = 00:01:41 . Memory (MB): peak = 4690.215 ; gain = 745.547 ; free physical = 32440 ; free virtual = 49701

Phase 4.4 Post Placement Cleanup
Phase 4.4 Post Placement Cleanup | Checksum: 2d9cdf385

Time (s): cpu = 00:04:43 ; elapsed = 00:01:41 . Memory (MB): peak = 4690.215 ; gain = 745.547 ; free physical = 32440 ; free virtual = 49701

Phase 4.5 Final Placement Cleanup
Netlist sorting complete. Time (s): cpu = 00:00:00.01 ; elapsed = 00:00:00.02 . Memory (MB): peak = 4690.215 ; gain = 0.000 ; free physical = 32440 ; free virtual = 49701

Time (s): cpu = 00:04:43 ; elapsed = 00:01:41 . Memory (MB): peak = 4690.215 ; gain = 745.547 ; free physical = 32440 ; free virtual = 49701
Phase 4 Post Placement Optimization and Clean-Up | Checksum: 26a556e11

Time (s): cpu = 00:04:43 ; elapsed = 00:01:41 . Memory (MB): peak = 4690.215 ; gain = 745.547 ; free physical = 32440 ; free virtual = 49701
INFO: [Place 46-3] During incremental compilation, routing data from the original checkpoint is applied during place_design. As a result, dangling route segments and route conflicts may appear in the post place_design implementation due to changes between the original and incremental netlists. These routes can be ignored as they will be subsequently resolved by route_design. This issue will be cleaned up automatically in place_design in a future software release.

+-------------------------------------------------------------------------------+
|Incremental Placement Summary                                                  |
+-------------------------------------------------------------------------------+
|                          Type                           | Count  | Percentage |
+-------------------------------------------------------------------------------+
|  Total instances                                        | 141226 |     100.00 |
|  Reused instances                                       | 140850 |      99.73 |
|  Non-reused instances                                   |    376 |       0.26 |
|    New                                                  |    263 |       0.18 |
|    Discarded illegal placement due to netlist changes   |      7 |       0.01 |
|    Discarded to improve timing                          |    106 |       0.07 |
+-------------------------------------------------------------------------------+
|Incremental Placement Runtime Summary                                          |
+-------------------------------------------------------------------------------+
|  Initialization time(elapsed secs)                                   |  31.43 |
|  Incremental Placer time(elapsed secs)                               |  69.83 |
+-------------------------------------------------------------------------------+

Reference - Incremental Comparison Summary

1. Comparison with Reference Run
--------------------------------

+-----------------+---------------------------+---------------------------+---------------------------+
|                 |          WNS(ns)          |  Runtime(elapsed)(hh:mm)  |    Runtime(cpu)(hh:mm)    |
+-----------------+-------------+-------------+-------------+-------------+-------------+-------------+
|      Stage      |  Reference  | Incremental |  Reference  | Incremental |  Reference  | Incremental |
+-----------------+-------------+-------------+-------------+-------------+-------------+-------------+
| synth_design    |             |             |       00:05 |       00:04 |       00:07 |       00:07 |
| opt_design      |             |             |       00:02 |       00:01 |       00:02 |       00:02 |
| read_checkpoint |             |             |             |       00:01 |             |       00:01 |
| place_design    |      -0.456 |       0.018 |       00:07 |       00:01 |       00:15 |       00:04 |
| phys_opt_design |       0.067 |             |     < 1 min |             |       00:03 |             |
| route_design    |       0.018 |             |       00:27 |             |       00:57 |             |
| phys_opt_design |       0.018 |             |     < 1 min |             |     < 1 min |             |
+-----------------+-------------+-------------+-------------+-------------+-------------+-------------+


Ending Incremental Placer Task | Checksum: 2575c9453

Time (s): cpu = 00:04:44 ; elapsed = 00:01:42 . Memory (MB): peak = 4690.215 ; gain = 745.547 ; free physical = 32440 ; free virtual = 49700
13 Infos, 0 Warnings, 0 Critical Warnings and 0 Errors encountered.
place_design completed successfully
place_design: Time (s): cpu = 00:04:45 ; elapsed = 00:01:43 . Memory (MB): peak = 4690.215 ; gain = 745.547 ; free physical = 32440 ; free virtual = 49700
# phys_opt_design -directive AggressiveExplore
Command: phys_opt_design -directive AggressiveExplore
Attempting to get a license for feature 'Implementation' and/or device 'xc7a200t'
INFO: [Common 17-349] Got license for feature 'Implementation' and/or device 'xc7a200t'

Starting Initial Update Timing Task

Time (s): cpu = 00:00:07 ; elapsed = 00:00:02 . Memory (MB): peak = 4690.215 ; gain = 0.000 ; free physical = 32440 ; free virtual = 49700
INFO: [Vivado_Tcl 4-2279] Estimated Timing Summary | WNS= 0.018 | TNS= 0.000 | 
INFO: [Vivado_Tcl 4-383] Design worst setup slack (WNS) is greater than or equal to 0.000 ns. All physical synthesis setup optimizations will be skipped.
INFO: [Vivado_Tcl 4-232] No setup violation found. The netlist was not modified.

Reference - Incremental Comparison Summary

1. Comparison with Reference Run
--------------------------------

+-----------------+---------------------------+---------------------------+---------------------------+
|                 |          WNS(ns)          |  Runtime(elapsed)(hh:mm)  |    Runtime(cpu)(hh:mm)    |
+-----------------+-------------+-------------+-------------+-------------+-------------+-------------+
|      Stage      |  Reference  | Incremental |  Reference  | Incremental |  Reference  | Incremental |
+-----------------+-------------+-------------+-------------+-------------+-------------+-------------+
| synth_design    |             |             |       00:05 |       00:04 |       00:07 |       00:07 |
| opt_design      |             |             |       00:02 |       00:01 |       00:02 |       00:02 |
| read_checkpoint |             |             |             |       00:01 |             |       00:01 |
| place_design    |      -0.456 |       0.018 |       00:07 |       00:01 |       00:15 |       00:04 |
| phys_opt_design |       0.067 |       0.018 |     < 1 min |     < 1 min |       00:03 |     < 1 min |
| route_design    |       0.018 |             |       00:27 |             |       00:57 |             |
| phys_opt_design |       0.018 |             |     < 1 min |             |     < 1 min |             |
+-----------------+-------------+-------------+-------------+-------------+-------------+-------------+


INFO: [Common 17-83] Releasing license: Implementation
5 Infos, 0 Warnings, 0 Critical Warnings and 0 Errors encountered.
phys_opt_design completed successfully
# write_checkpoint $out/placed.dcp
INFO: [Timing 38-480] Writing timing data to binary archive.
Wrote PlaceDB: Time (s): cpu = 00:00:00 ; elapsed = 00:00:00 . Memory (MB): peak = 4722.230 ; gain = 0.000 ; free physical = 32439 ; free virtual = 49700
Wrote PulsedLatchDB: Time (s): cpu = 00:00:00 ; elapsed = 00:00:00 . Memory (MB): peak = 4722.230 ; gain = 0.000 ; free physical = 32439 ; free virtual = 49700
Writing XDEF routing.
Writing XDEF routing logical nets.
Write ShapeDB Complete: Time (s): cpu = 00:00:00.63 ; elapsed = 00:00:00.14 . Memory (MB): peak = 4722.230 ; gain = 0.000 ; free physical = 32427 ; free virtual = 49700
Writing XDEF routing special nets.
Wrote RouteStorage: Time (s): cpu = 00:00:07 ; elapsed = 00:00:02 . Memory (MB): peak = 4722.230 ; gain = 0.000 ; free physical = 32364 ; free virtual = 49693
Wrote PlaceStorage: Time (s): cpu = 00:00:04 ; elapsed = 00:00:02 . Memory (MB): peak = 4722.230 ; gain = 0.000 ; free physical = 32288 ; free virtual = 49694
Wrote Netlist Cache: Time (s): cpu = 00:00:00.1 ; elapsed = 00:00:00.1 . Memory (MB): peak = 4722.230 ; gain = 0.000 ; free physical = 32278 ; free virtual = 49694
Wrote Device Cache: Time (s): cpu = 00:00:00.01 ; elapsed = 00:00:00.01 . Memory (MB): peak = 4722.230 ; gain = 0.000 ; free physical = 32277 ; free virtual = 49694
Write Physdb Complete: Time (s): cpu = 00:00:11 ; elapsed = 00:00:04 . Memory (MB): peak = 4722.230 ; gain = 0.000 ; free physical = 32277 ; free virtual = 49694
INFO: [Common 17-1381] The checkpoint '/home/researcher/projects/wally-game-console-research/build/transport-study-20261009/buffered-only-incremental/placed.dcp' has been generated.
write_checkpoint: Time (s): cpu = 00:00:15 ; elapsed = 00:00:09 . Memory (MB): peak = 4722.230 ; gain = 32.016 ; free physical = 32382 ; free virtual = 49695
# route_design -directive Explore
Command: route_design -directive Explore
Attempting to get a license for feature 'Implementation' and/or device 'xc7a200t'
INFO: [Common 17-349] Got license for feature 'Implementation' and/or device 'xc7a200t'
cleanRouteStorageTime (s): cpu = 00:00:34 ; elapsed = 00:00:10 . Memory (MB): peak = 4722.230 ; gain = 0.000 ; free physical = 32375 ; free virtual = 49689
INFO: [Route 72-6] Incremental Directive "RuntimeOptimized" has been set. This will overwrite route_design -directive "Explore" which was called in this command.
INFO: [Route 35-254] Multithreading enabled for route_design using a maximum of 8 CPUs

Starting Incremental Route Task

Phase 1 Build RT Design
Checksum: PlaceDB: e6db04fa ConstDB: 0 ShapeSum: 7f60755a RouteDB: fe011a6a
Phase 1 Build RT Design | Checksum: 296c1f76d

Time (s): cpu = 00:01:23 ; elapsed = 00:00:38 . Memory (MB): peak = 4722.230 ; gain = 0.000 ; free physical = 32370 ; free virtual = 49683
Post Restoration Checksum: NetGraph: 27553a2f | NumContArr: 5dc39b85 | Constraints: c2a8fa9d | Timing: c2a8fa9d

Phase 2 Router Initialization

Phase 2.1 Fix Topology Constraints
Phase 2.1 Fix Topology Constraints | Checksum: 20a6acaee

Time (s): cpu = 00:01:36 ; elapsed = 00:00:44 . Memory (MB): peak = 4722.230 ; gain = 0.000 ; free physical = 32369 ; free virtual = 49682

Phase 2.2 Pre Route Cleanup
Phase 2.2 Pre Route Cleanup | Checksum: 21da5f84c

Time (s): cpu = 00:01:37 ; elapsed = 00:00:44 . Memory (MB): peak = 4722.230 ; gain = 0.000 ; free physical = 32369 ; free virtual = 49682
--------------------------------------------------------
|Incremental Routing Reuse Summary                      |
--------------------------------------------------------
|Type                     | Count    | Percentage       |
--------------------------------------------------------
|Fully reused nets        |    119877|            99.38 |
|Partially reused nets    |       194|             0.16 |
|Non-reused nets          |       557|             0.46 |
--------------------------------------------------------
INFO: [Route 35-559] route_design is using directive Default with target WNS of 0.0ns
 Number of Nodes with overlaps = 0

Router Utilization Summary
  Global Vertical Routing Utilization    = 19.7912 %
  Global Horizontal Routing Utilization  = 24.0153 %
  Routable Net Status*
  *Does not include unroutable nets such as driverless and loadless.
  Run report_route_status for detailed report.
  Number of Failed Nets               = 752
    (Failed Nets is the sum of unrouted and partially routed nets)
  Number of Unrouted Nets             = 557
  Number of Partially Routed Nets     = 195
  Number of Node Overlaps             = 0


Phase 2.3 Disable Unchanged Timing Paths
Phase 2.3 Disable Unchanged Timing Paths | Checksum: 27ce4255c

Time (s): cpu = 00:01:57 ; elapsed = 00:00:54 . Memory (MB): peak = 4722.230 ; gain = 0.000 ; free physical = 32369 ; free virtual = 49682

Phase 2.4 Enable Unchanged Timing Paths
Phase 2.4 Enable Unchanged Timing Paths | Checksum: 27ce4255c

Time (s): cpu = 00:01:57 ; elapsed = 00:00:55 . Memory (MB): peak = 4722.230 ; gain = 0.000 ; free physical = 32369 ; free virtual = 49682

Phase 2.5 Update Timing
Phase 2.5 Update Timing | Checksum: 234d1e08f

Time (s): cpu = 00:02:54 ; elapsed = 00:01:11 . Memory (MB): peak = 4722.230 ; gain = 0.000 ; free physical = 32371 ; free virtual = 49685
INFO: [Route 35-416] Intermediate Timing Summary | WNS=-0.002 | TNS=-0.002 | WHS=-0.487 | THS=-1303.970|


Phase 2.6 Update Timing for Bus Skew

Phase 2.6.1 Update Timing
Phase 2.6.1 Update Timing | Checksum: 22ceb8e5e

Time (s): cpu = 00:03:17 ; elapsed = 00:01:18 . Memory (MB): peak = 4722.230 ; gain = 0.000 ; free physical = 32370 ; free virtual = 49684
INFO: [Route 35-416] Intermediate Timing Summary | WNS=-0.002 | TNS=0.000  | WHS=-0.015 | THS=-0.015 |

Phase 2.6 Update Timing for Bus Skew | Checksum: 24d57782a

Time (s): cpu = 00:03:17 ; elapsed = 00:01:18 . Memory (MB): peak = 4722.230 ; gain = 0.000 ; free physical = 32371 ; free virtual = 49685

Phase 2.7 Soft Constraint Pins - Fast Budgeting
Phase 2.7 Soft Constraint Pins - Fast Budgeting | Checksum: 24d57782a

Time (s): cpu = 00:03:18 ; elapsed = 00:01:19 . Memory (MB): peak = 4722.230 ; gain = 0.000 ; free physical = 32371 ; free virtual = 49685

Router Utilization Summary
  Global Vertical Routing Utilization    = 0.00811823 %
  Global Horizontal Routing Utilization  = 0.0129874 %
  Routable Net Status*
  *Does not include unroutable nets such as driverless and loadless.
  Run report_route_status for detailed report.
  Number of Failed Nets               = 752
    (Failed Nets is the sum of unrouted and partially routed nets)
  Number of Unrouted Nets             = 557
  Number of Partially Routed Nets     = 195
  Number of Node Overlaps             = 0

Phase 2 Router Initialization | Checksum: 1ede4613d

Time (s): cpu = 00:03:20 ; elapsed = 00:01:19 . Memory (MB): peak = 4722.230 ; gain = 0.000 ; free physical = 32371 ; free virtual = 49685

Phase 3 Global Routing
Phase 3 Global Routing | Checksum: 1ede4613d

Time (s): cpu = 00:03:20 ; elapsed = 00:01:19 . Memory (MB): peak = 4722.230 ; gain = 0.000 ; free physical = 32371 ; free virtual = 49685

Phase 4 Initial Routing

Phase 4.1 Initial Net Routing Pass
Phase 4.1 Initial Net Routing Pass | Checksum: 2b6e9a5ab

Time (s): cpu = 00:03:21 ; elapsed = 00:01:19 . Memory (MB): peak = 4722.230 ; gain = 0.000 ; free physical = 32371 ; free virtual = 49685
Phase 4 Initial Routing | Checksum: 2b6e9a5ab

Time (s): cpu = 00:03:22 ; elapsed = 00:01:20 . Memory (MB): peak = 4722.230 ; gain = 0.000 ; free physical = 32371 ; free virtual = 49685

Phase 5 Initial Route for Timing

Phase 5.1 Update Timing
Phase 5.1 Update Timing | Checksum: 208ef42d2

Time (s): cpu = 00:03:30 ; elapsed = 00:01:22 . Memory (MB): peak = 4722.230 ; gain = 0.000 ; free physical = 32371 ; free virtual = 49685
INFO: [Route 35-416] Intermediate Timing Summary | WNS=0.004  | TNS=0.000  | WHS=N/A    | THS=N/A    |


Phase 5.2 Fast Budgeting
Phase 5.2 Fast Budgeting | Checksum: 25f3c1db3

Time (s): cpu = 00:03:35 ; elapsed = 00:01:24 . Memory (MB): peak = 4722.230 ; gain = 0.000 ; free physical = 32370 ; free virtual = 49684
Phase 5 Initial Route for Timing | Checksum: 27845c09d

Time (s): cpu = 00:03:36 ; elapsed = 00:01:25 . Memory (MB): peak = 4722.230 ; gain = 0.000 ; free physical = 32370 ; free virtual = 49684
INFO: [Route 35-580] Design has 1 pins with tight setup and hold constraints.

The top 5 pins with tight setup and hold constraints:

+====================+===================+==========================================================================================+
| Launch Setup Clock | Launch Hold Clock | Pin                                                                                      |
+====================+===================+==========================================================================================+
| clk_pll_i          | clk_pll_i         | rasterixgen.rasterix/gpu/rixif/graphicCore/attributeInterpolator/cmd/reg_tex0_s_reg[3]/D |
+--------------------+-------------------+------------------------------------------------------------------------------------------+

File with complete list of pins: tight_setup_hold_pins.txt


Phase 6 Rip-up And Reroute

Phase 6.1 Global Iteration 0
 Number of Nodes with overlaps = 352
 Number of Nodes with overlaps = 990
 Number of Nodes with overlaps = 490
 Number of Nodes with overlaps = 148
 Number of Nodes with overlaps = 33
 Number of Nodes with overlaps = 20
 Number of Nodes with overlaps = 11
 Number of Nodes with overlaps = 11
 Number of Nodes with overlaps = 4
 Number of Nodes with overlaps = 0
INFO: [Route 35-416] Intermediate Timing Summary | WNS=-0.042 | TNS=-0.042 | WHS=N/A    | THS=N/A    |

Phase 6.1 Global Iteration 0 | Checksum: 28325d71c

Time (s): cpu = 00:04:26 ; elapsed = 00:01:46 . Memory (MB): peak = 4722.230 ; gain = 0.000 ; free physical = 32376 ; free virtual = 49690

Phase 6.2 Global Iteration 1
 Number of Nodes with overlaps = 1
 Number of Nodes with overlaps = 229
 Number of Nodes with overlaps = 62
 Number of Nodes with overlaps = 42
 Number of Nodes with overlaps = 36
 Number of Nodes with overlaps = 10
 Number of Nodes with overlaps = 3
 Number of Nodes with overlaps = 1
 Number of Nodes with overlaps = 1
 Number of Nodes with overlaps = 0
INFO: [Route 35-416] Intermediate Timing Summary | WNS=0.001  | TNS=0.000  | WHS=N/A    | THS=N/A    |

Phase 6.2 Global Iteration 1 | Checksum: 10b1ebcfd

Time (s): cpu = 00:04:51 ; elapsed = 00:02:00 . Memory (MB): peak = 4722.230 ; gain = 0.000 ; free physical = 32376 ; free virtual = 49690
Phase 6 Rip-up And Reroute | Checksum: 10b1ebcfd

Time (s): cpu = 00:04:51 ; elapsed = 00:02:00 . Memory (MB): peak = 4722.230 ; gain = 0.000 ; free physical = 32376 ; free virtual = 49690

Phase 7 Delay and Skew Optimization

Phase 7.1 Delay CleanUp
Phase 7.1 Delay CleanUp | Checksum: 10b1ebcfd

Time (s): cpu = 00:04:52 ; elapsed = 00:02:00 . Memory (MB): peak = 4722.230 ; gain = 0.000 ; free physical = 32376 ; free virtual = 49690

Phase 7.2 Clock Skew Optimization
Phase 7.2 Clock Skew Optimization | Checksum: 10b1ebcfd

Time (s): cpu = 00:04:52 ; elapsed = 00:02:00 . Memory (MB): peak = 4722.230 ; gain = 0.000 ; free physical = 32376 ; free virtual = 49690
Phase 7 Delay and Skew Optimization | Checksum: 10b1ebcfd

Time (s): cpu = 00:04:52 ; elapsed = 00:02:00 . Memory (MB): peak = 4722.230 ; gain = 0.000 ; free physical = 32376 ; free virtual = 49690

Phase 8 Post Hold Fix

Phase 8.1 Hold Fix Iter
INFO: [Route 35-416] Intermediate Timing Summary | WNS=0.017  | TNS=0.000  | WHS=0.013  | THS=0.000  |

Phase 8.1 Hold Fix Iter | Checksum: 1ed096d94

Time (s): cpu = 00:05:04 ; elapsed = 00:02:03 . Memory (MB): peak = 4722.230 ; gain = 0.000 ; free physical = 32376 ; free virtual = 49690
Phase 8 Post Hold Fix | Checksum: 1ed096d94

Time (s): cpu = 00:05:04 ; elapsed = 00:02:03 . Memory (MB): peak = 4722.230 ; gain = 0.000 ; free physical = 32376 ; free virtual = 49690

Phase 9 Route finalize

Router Utilization Summary
  Global Vertical Routing Utilization    = 19.9641 %
  Global Horizontal Routing Utilization  = 24.1751 %
  Routable Net Status*
  *Does not include unroutable nets such as driverless and loadless.
  Run report_route_status for detailed report.
  Number of Failed Nets               = 0
    (Failed Nets is the sum of unrouted and partially routed nets)
  Number of Unrouted Nets             = 0
  Number of Partially Routed Nets     = 0
  Number of Node Overlaps             = 0

Phase 9 Route finalize | Checksum: 1ed096d94

Time (s): cpu = 00:05:05 ; elapsed = 00:02:03 . Memory (MB): peak = 4722.230 ; gain = 0.000 ; free physical = 32376 ; free virtual = 49690

Phase 10 Verifying routed nets

 Verification completed successfully
Phase 10 Verifying routed nets | Checksum: 1ed096d94

Time (s): cpu = 00:05:05 ; elapsed = 00:02:03 . Memory (MB): peak = 4722.230 ; gain = 0.000 ; free physical = 32376 ; free virtual = 49690

Phase 11 Depositing Routes
Phase 11 Depositing Routes | Checksum: 27f1d3fff

Time (s): cpu = 00:05:15 ; elapsed = 00:02:10 . Memory (MB): peak = 4722.230 ; gain = 0.000 ; free physical = 32373 ; free virtual = 49687

Phase 12 Post Router Timing
INFO: [Route 35-57] Estimated Timing Summary | WNS=0.017  | TNS=0.000  | WHS=0.013  | THS=0.000  |

INFO: [Route 35-327] The final timing numbers are based on the router estimated timing analysis. For a complete and accurate timing signoff, please run report_timing_summary.
Phase 12 Post Router Timing | Checksum: 27f1d3fff

Time (s): cpu = 00:05:22 ; elapsed = 00:02:11 . Memory (MB): peak = 4722.230 ; gain = 0.000 ; free physical = 32373 ; free virtual = 49687
--------------------------------------------------------
|Incremental Routing Reuse Summary                      |
--------------------------------------------------------
|Type                     | Count    | Percentage       |
--------------------------------------------------------
|Fully reused nets        |    118370|            98.13 |
|Partially reused nets    |         0|             0.00 |
|Non-reused nets          |      2258|             1.87 |
--------------------------------------------------------
INFO: [Route 35-16] Router Completed Successfully
------------------------------------
Incremental Router Runtime Summary: 
------------------------------------
   Initialization time: 136.77 Secs
   Incremental Router time: 0 Secs
Ending Incremental Route Task | Checksum: d3a26127

Time (s): cpu = 00:05:38 ; elapsed = 00:02:16 . Memory (MB): peak = 4722.230 ; gain = 0.000 ; free physical = 32374 ; free virtual = 49688
antenna Cleanup:Time (s): cpu = 00:00:00.02 ; elapsed = 00:00:00.02 . Memory (MB): peak = 4722.230 ; gain = 0.000 ; free physical = 32376 ; free virtual = 49690

Reference - Incremental Comparison Summary

1. Comparison with Reference Run
--------------------------------

+-----------------+---------------------------+---------------------------+---------------------------+
|                 |          WNS(ns)          |  Runtime(elapsed)(hh:mm)  |    Runtime(cpu)(hh:mm)    |
+-----------------+-------------+-------------+-------------+-------------+-------------+-------------+
|      Stage      |  Reference  | Incremental |  Reference  | Incremental |  Reference  | Incremental |
+-----------------+-------------+-------------+-------------+-------------+-------------+-------------+
| synth_design    |             |             |       00:05 |       00:04 |       00:07 |       00:07 |
| opt_design      |             |             |       00:02 |       00:01 |       00:02 |       00:02 |
| read_checkpoint |             |             |             |       00:01 |             |       00:01 |
| place_design    |      -0.456 |       0.018 |       00:07 |       00:01 |       00:15 |       00:04 |
| phys_opt_design |       0.067 |       0.018 |     < 1 min |     < 1 min |       00:03 |     < 1 min |
| route_design    |       0.018 |       0.017 |       00:27 |       00:02 |       00:57 |       00:06 |
| phys_opt_design |       0.018 |             |     < 1 min |             |     < 1 min |             |
+-----------------+-------------+-------------+-------------+-------------+-------------+-------------+


INFO: [Common 17-83] Releasing license: Implementation
15 Infos, 0 Warnings, 0 Critical Warnings and 0 Errors encountered.
route_design completed successfully
route_design: Time (s): cpu = 00:06:30 ; elapsed = 00:02:33 . Memory (MB): peak = 4722.230 ; gain = 0.000 ; free physical = 32376 ; free virtual = 49690
# phys_opt_design -directive AggressiveExplore
Command: phys_opt_design -directive AggressiveExplore
Attempting to get a license for feature 'Implementation' and/or device 'xc7a200t'
INFO: [Common 17-349] Got license for feature 'Implementation' and/or device 'xc7a200t'

Starting Initial Update Timing Task

Time (s): cpu = 00:00:34 ; elapsed = 00:00:06 . Memory (MB): peak = 4722.230 ; gain = 0.000 ; free physical = 32313 ; free virtual = 49627
INFO: [Vivado_Tcl 4-2279] Estimated Timing Summary | WNS= 0.020 | TNS= 0.000 | 
INFO: [Vivado_Tcl 4-383] Design worst setup slack (WNS) is greater than or equal to 0.000 ns. All physical synthesis setup optimizations will be skipped.
INFO: [Vivado_Tcl 4-232] No setup violation found. The netlist was not modified.

Reference - Incremental Comparison Summary

1. Comparison with Reference Run
--------------------------------

+-----------------+---------------------------+---------------------------+---------------------------+
|                 |          WNS(ns)          |  Runtime(elapsed)(hh:mm)  |    Runtime(cpu)(hh:mm)    |
+-----------------+-------------+-------------+-------------+-------------+-------------+-------------+
|      Stage      |  Reference  | Incremental |  Reference  | Incremental |  Reference  | Incremental |
+-----------------+-------------+-------------+-------------+-------------+-------------+-------------+
| synth_design    |             |             |       00:05 |       00:04 |       00:07 |       00:07 |
| opt_design      |             |             |       00:02 |       00:01 |       00:02 |       00:02 |
| read_checkpoint |             |             |             |       00:01 |             |       00:01 |
| place_design    |      -0.456 |       0.018 |       00:07 |       00:01 |       00:15 |       00:04 |
| phys_opt_design |       0.067 |       0.018 |     < 1 min |     < 1 min |       00:03 |     < 1 min |
| route_design    |       0.018 |       0.017 |       00:27 |       00:02 |       00:57 |       00:06 |
| phys_opt_design |       0.018 |       0.017 |     < 1 min |     < 1 min |     < 1 min |     < 1 min |
+-----------------+-------------+-------------+-------------+-------------+-------------+-------------+


INFO: [Common 17-83] Releasing license: Implementation
5 Infos, 0 Warnings, 0 Critical Warnings and 0 Errors encountered.
phys_opt_design completed successfully
phys_opt_design: Time (s): cpu = 00:00:34 ; elapsed = 00:00:06 . Memory (MB): peak = 4722.230 ; gain = 0.000 ; free physical = 32313 ; free virtual = 49627
# write_checkpoint $out/routed.dcp
INFO: [Timing 38-480] Writing timing data to binary archive.
Wrote PlaceDB: Time (s): cpu = 00:00:00 ; elapsed = 00:00:00 . Memory (MB): peak = 4722.230 ; gain = 0.000 ; free physical = 32311 ; free virtual = 49626
Wrote PulsedLatchDB: Time (s): cpu = 00:00:00 ; elapsed = 00:00:00 . Memory (MB): peak = 4722.230 ; gain = 0.000 ; free physical = 32311 ; free virtual = 49626
Writing XDEF routing.
Writing XDEF routing logical nets.
Write ShapeDB Complete: Time (s): cpu = 00:00:00.74 ; elapsed = 00:00:00.16 . Memory (MB): peak = 4722.230 ; gain = 0.000 ; free physical = 32299 ; free virtual = 49626
Writing XDEF routing special nets.
Wrote RouteStorage: Time (s): cpu = 00:00:09 ; elapsed = 00:00:02 . Memory (MB): peak = 4722.230 ; gain = 0.000 ; free physical = 32240 ; free virtual = 49625
Wrote PlaceStorage: Time (s): cpu = 00:00:06 ; elapsed = 00:00:03 . Memory (MB): peak = 4722.230 ; gain = 0.000 ; free physical = 32162 ; free virtual = 49623
Wrote Netlist Cache: Time (s): cpu = 00:00:00.11 ; elapsed = 00:00:00.13 . Memory (MB): peak = 4722.230 ; gain = 0.000 ; free physical = 32152 ; free virtual = 49623
Wrote Device Cache: Time (s): cpu = 00:00:00.01 ; elapsed = 00:00:00.01 . Memory (MB): peak = 4722.230 ; gain = 0.000 ; free physical = 32152 ; free virtual = 49623
Write Physdb Complete: Time (s): cpu = 00:00:15 ; elapsed = 00:00:05 . Memory (MB): peak = 4722.230 ; gain = 0.000 ; free physical = 32152 ; free virtual = 49623
INFO: [Common 17-1381] The checkpoint '/home/researcher/projects/wally-game-console-research/build/transport-study-20261009/buffered-only-incremental/routed.dcp' has been generated.
write_checkpoint: Time (s): cpu = 00:00:22 ; elapsed = 00:00:13 . Memory (MB): peak = 4722.230 ; gain = 0.000 ; free physical = 32258 ; free virtual = 49624
# report_incremental_reuse -file $out/reuse_after.rpt
# report_timing_summary -delay_type min_max -report_unconstrained -file $out/timing_summary.rpt
INFO: [Timing 38-91] UpdateTimingParams: Speed grade: -1, Delay Type: min_max.
INFO: [Timing 38-191] Multithreading enabled for timing update using a maximum of 8 CPUs
WARNING: [Timing 38-436] There are set_bus_skew constraint(s) in this design. Please run report_bus_skew to ensure that bus skew requirements are met.
report_timing_summary: Time (s): cpu = 00:00:45 ; elapsed = 00:00:09 . Memory (MB): peak = 4722.230 ; gain = 0.000 ; free physical = 32257 ; free virtual = 49624
# report_drc -file $out/drc.rpt
Command: report_drc -file /home/researcher/projects/wally-game-console-research/build/transport-study-20261009/buffered-only-incremental/drc.rpt
INFO: [IP_Flow 19-234] Refreshing IP repositories
INFO: [IP_Flow 19-1704] No user IP repositories specified
INFO: [IP_Flow 19-2313] Loaded Vivado IP repository '/home/researcher/AMD/2025.2/data/ip'.
INFO: [DRC 23-27] Running DRC with 8 threads
INFO: [Vivado_Tcl 2-168] The results of DRC are in file /home/researcher/projects/wally-game-console-research/build/transport-study-20261009/buffered-only-incremental/drc.rpt.
report_drc completed successfully
# report_route_status -file $out/route_status.rpt
# report_bus_skew -warn_on_violation -file $out/bus_skew.rpt
INFO: [Timing 38-91] UpdateTimingParams: Speed grade: -1, Delay Type: min_max.
INFO: [Timing 38-191] Multithreading enabled for timing update using a maximum of 8 CPUs
# report_cdc -details -file $out/cdc.rpt
INFO: [Timing 38-91] UpdateTimingParams: Speed grade: -1, Delay Type: min_max.
INFO: [Timing 38-191] Multithreading enabled for timing update using a maximum of 8 CPUs
INFO: [Timing 38-314] The report_cdc command only analyzes and reports clock domain crossing paths where clocks have been defined on both source and destination sides. Ports with no input delay constraint are skipped. Please run check_timing to verify there are no missing clock definitions in your design, nor any unconstrained input port.
# report_clocks -file $out/clocks.rpt
# check_timing -verbose -file $out/check_timing.rpt
# report_utilization -file $out/utilization.rpt
# report_utilization -hierarchical -file $out/utilization_hierarchical.rpt
# report_exceptions -file $out/exceptions.rpt
INFO: [Timing 38-91] UpdateTimingParams: Speed grade: -1, Delay Type: min_max.
INFO: [Timing 38-191] Multithreading enabled for timing update using a maximum of 8 CPUs
INFO: [Timing 38-35] Done setting XDC timing constraints.
INFO: [Timing 38-35] Done setting XDC timing constraints.
# set setup [get_timing_paths -delay_type max -max_paths 1]
# set hold [get_timing_paths -delay_type min -max_paths 1]
# if {[llength $setup]!=1 || [llength $hold]!=1} {error "Missing timing paths"}
# set wns [get_property SLACK $setup]
# set whs [get_property SLACK $hold]
# puts "QUALIFY_WNS=$wns QUALIFY_WHS=$whs"
QUALIFY_WNS=0.020 QUALIFY_WHS=0.014
# if {$wns<0 || $whs<0} {error "Timing has not closed"}
# if {[llength [get_drc_violations -quiet -filter {SEVERITY == Error}]]} {error "DRC errors remain"}
# write_bitstream $out/fpgaTop.bit
Command: write_bitstream /home/researcher/projects/wally-game-console-research/build/transport-study-20261009/buffered-only-incremental/fpgaTop.bit
Attempting to get a license for feature 'Implementation' and/or device 'xc7a200t'
INFO: [Common 17-349] Got license for feature 'Implementation' and/or device 'xc7a200t'
Running DRC as a precondition to command write_bitstream
INFO: [IP_Flow 19-1839] IP Catalog is up to date.
INFO: [DRC 23-27] Running DRC with 8 threads
INFO: [Vivado 12-3199] DRC finished with 0 Errors
INFO: [Vivado 12-3200] Please refer to the DRC report (report_drc) for more information.
Integrating Hard IP ELF/MEM with the PDI.
INFO: [Designutils 20-2272] Running write_bitstream with 8 threads.
Loading data files...
Loading site data...
Loading route data...
Processing options...
Creating bitmap...
Creating bitstream...
Bitstream compression saved 32220416 bits.
Writing bitstream /home/researcher/projects/wally-game-console-research/build/transport-study-20261009/buffered-only-incremental/fpgaTop.bit...
INFO: [Vivado 12-1842] Bitgen Completed Successfully.
INFO: [Common 17-83] Releasing license: Implementation
8 Infos, 0 Warnings, 0 Critical Warnings and 0 Errors encountered.
write_bitstream completed successfully
write_bitstream: Time (s): cpu = 00:01:21 ; elapsed = 00:00:39 . Memory (MB): peak = 4867.535 ; gain = 145.305 ; free physical = 32113 ; free virtual = 49493
# puts "TIMING_DRC_QUALIFIED"
TIMING_DRC_QUALIFIED
# close_design
# exit
INFO: [Common 17-206] Exiting Vivado at Fri Oct  9 12:39:54 2026...
