/tmp/app-if17 --transport apb --frames 30 --warmup 6 --wait spin --profile detailed --csv /tmp/check.csv --dump /tmp/check.raw && printf "CSV_BEGIN\n" && cat /tmp/check.csv && printf "CSV_END\n"; study_status=$?; printf "\nSTUDY_DONE_01b408790d3a=%s\n" "$study_status"
TRANSPORT mode=apb dma_minimum=64
BEGIN_BREAKOUT frames=30 warmup=6 fixed=0 blocks=40 tiles=1 hud=1 wait=spin replay=0 state_frame=0 profile=detailed pixel_centers=1 clock_call_ns=5860
HW_COUNTERS unavailable
RESULT frames=30 elapsed_s=2.023376650 fps=14.826701 logic_ms=0.941617 api_ms=20.964177 swap_ms=40.921173 wait_ms=4.482068 worker_inclusive_ms=40.671957 upload_inclusive_ms=8.169973 write_ms=7.932505 bytes_per_frame=30100.00 p50_ms=66.878250 p95_ms=67.260450 max_ms=83.596250 late_60hz=30 first_count=11 last_count=40 state_hash=30b0ac25 remaining=40 score=0
RENDER_PATH retained=0 grouped=0 quads=2310 full_frames=30
FRAME_CHECK count=40 address=9fe00000 fnv1a=63e15fd3 pixels=307200 mismatches=0
BREAKOUT_PASS
CSV_BEGIN
frame,state_hash,display_count,logic_ns,api_ns,swap_ns,wait_ns,total_ns,completion_interval_ns,polls,worker_inclusive_ns,upload_inclusive_ns,write_ns,read_ns,write_bytes,read_bytes,write_calls,read_calls,dma_copy_ns,dma_launch_ns,dma_completion_wait_ns,dma_bytes,dma_lists
0,800621675,11,852000,22063600,41043100,2867550,66826250,66837300,494,40842350,8214000,7996300,0,30420,0,3,0,0,0,0,0,0
1,1196341280,12,775900,20902350,42326300,3002250,67006800,67124100,543,42133950,9770750,9551800,0,30420,0,3,0,0,0,0,0,0
2,111313565,13,834050,21131550,41065200,3484000,66514800,66628900,611,40871450,8352900,8135100,0,30420,0,3,0,0,0,0,0,0
3,903264866,14,773150,21901300,41029050,3056700,66760200,66878250,530,40832050,8241500,8031250,0,30420,0,3,0,0,0,0,0,0
4,1649729059,15,826400,20909200,41404200,3621550,66761350,66872900,680,41196400,8119350,7939200,0,30420,0,3,0,0,0,0,0,0
5,3799295956,16,812600,21180450,41160950,2884450,66038450,66875500,615,40967900,8804300,8628350,0,30420,0,3,0,0,0,0,0,0
6,1787088645,17,1597150,21270300,40661650,3240500,66769600,66879850,563,40457750,7970900,7766350,0,30420,0,3,0,0,0,0,0,0
7,3856092886,18,778650,21690350,40512800,3782350,66764150,66877850,710,40312050,7790700,7606400,0,30420,0,3,0,0,0,0,0,0
8,2569590663,19,827100,20913200,40293550,4768400,66802250,66919200,808,40094300,7693900,7486350,0,30420,0,3,0,0,0,0,0,0
9,1319145384,20,775850,21171850,43594200,1172150,66714050,66834900,247,43396400,8151450,7966100,0,30420,0,3,0,0,0,0,0,0
10,308781753,21,1659000,20912250,41032950,3158700,66762900,66879850,551,40822600,8229350,8005450,0,30420,0,3,0,0,0,0,0,0
11,534876330,22,775550,20902850,41347050,3735600,66761050,66873650,703,40417550,8132600,7957000,0,30420,0,3,0,0,0,0,0,0
12,1347127931,23,825300,21062100,40498450,4382400,66768250,66878650,808,40299150,7681200,7469900,0,30420,0,3,0,0,0,0,0,0
13,3374043756,24,1386000,20947850,41052300,3377200,66763350,66875900,593,40852650,8239650,8042850,0,30420,0,3,0,0,0,0,0,0
14,3600138333,25,823950,21585100,47884550,13188800,83482400,83596250,2569,47675750,9137500,8960450,0,30420,0,3,0,0,0,0,0,0
15,2243820206,26,791150,22182350,41024550,2760450,66758500,66879850,473,40838850,8370650,8156300,0,30420,0,3,0,0,0,0,0,0
16,2573882207,27,826250,20907850,40368100,5232700,67334900,67450250,577,40163600,7686550,7481350,0,30420,0,3,0,0,0,0,0,0
17,4228458496,28,800450,20952950,40792850,3622550,66168800,66302900,644,40597500,7994950,7780600,0,30420,0,3,0,0,0,0,0,0
18,3421020113,29,824200,21649700,41210000,3077150,66761050,66876100,506,41004600,8200750,7985700,0,30420,0,3,0,0,0,0,0,0
19,3199738754,30,778150,20960250,41274050,3750750,66763200,66879500,713,41076100,8036900,7856600,0,30420,0,3,0,0,0,0,0,0
20,2637397779,31,825900,20959250,40931550,4043800,66760500,66876900,737,40728750,8220350,8005550,0,30420,0,3,0,0,0,0,0,0
21,3274367876,32,1366100,21156300,41246150,2991900,66760450,66874200,510,41046800,8237500,8026150,0,30420,0,3,0,0,0,0,0,0
22,270716021,33,829300,21919300,40736150,3281550,66766300,66879250,598,40526900,8134850,7948350,0,30420,0,3,0,0,0,0,0,0
23,2501492294,34,774050,20908650,40220550,5015500,66918750,67034000,864,40024700,7673200,7462600,0,30420,0,3,0,0,0,0,0,0
24,3724779174,35,724600,19886050,41467650,4521900,66600200,66720250,854,41259050,7919350,7718150,0,28820,0,3,0,0,0,0,0,0
25,1709657109,36,1587400,19149750,38708850,7314550,66760550,66875200,1344,37792750,7918650,7695350,0,28820,0,3,0,0,0,0,0,0
26,1894904752,37,855900,19910500,38649500,7342250,66758150,66880200,1396,38444700,7488700,7292950,0,28820,0,3,0,0,0,0,0,0
27,3703759967,38,818850,19889950,39265400,6781000,66755200,66874500,1364,39051600,8877150,7635450,0,28820,0,3,0,0,0,0,0,0
28,19533624,39,1300400,20028250,37860550,7574100,66763300,66880050,1423,37660400,7656000,7435950,0,28820,0,3,0,0,0,0,0,0
29,816884773,40,823150,19919900,38973000,7429300,67145350,67260450,328,38770100,8153600,7951250,0,28820,0,3,0,0,0,0,0,0
CSV_END

STUDY_DONE_01b408790d3a=0
# 