/tmp/app-if17 --transport apb --state-frame 0 --dma-minimum 64 --frames 180 --warmup 30 --wait spin --profile frame --csv /tmp/transport-frames.csv --dump /tmp/transport-frame.raw && printf "CSV_BEGIN\n" && cat /tmp/transport-frames.csv && printf "CSV_END\n"; study_status=$?; printf "\nSTUDY_DONE_92e0c56098cd=%s\n" "$study_status"
TRANSPORT mode=apb dma_minimum=64
BEGIN_BREAKOUT frames=180 warmup=30 fixed=0 blocks=40 tiles=1 hud=1 wait=spin replay=0 state_frame=0 profile=frame pixel_centers=1 clock_call_ns=5511
HW_COUNTERS unavailable
RESULT frames=180 elapsed_s=12.138161150 fps=14.829264 logic_ms=0.000000 api_ms=0.000000 swap_ms=0.000000 wait_ms=0.000000 worker_inclusive_ms=0.000000 upload_inclusive_ms=0.000000 write_ms=0.000000 bytes_per_frame=28820.00 p50_ms=66.877550 p95_ms=67.182550 max_ms=83.599050 late_60hz=180 first_count=75 last_count=254 state_hash=8f34e8fd remaining=38 score=20
RENDER_PATH retained=0 grouped=0 quads=13131 full_frames=180
FRAME_CHECK count=254 address=9fe00000 fnv1a=79c99b23 pixels=307200 mismatches=0
BREAKOUT_PASS
CSV_BEGIN
frame,state_hash,display_count,logic_ns,api_ns,swap_ns,wait_ns,total_ns,completion_interval_ns,polls,worker_inclusive_ns,upload_inclusive_ns,write_ns,read_ns,write_bytes,read_bytes,write_calls,read_calls,dma_copy_ns,dma_launch_ns,dma_completion_wait_ns,dma_bytes,dma_lists
0,3724779174,75,0,0,0,0,66821850,66835950,1144,0,0,0,0,28820,0,3,0,0,0,0,0,0
1,1709657109,76,0,0,0,0,66920200,67039750,1395,0,0,0,0,28820,0,3,0,0,0,0,0,0
2,1894904752,77,0,0,0,0,66598250,66715900,1462,0,0,0,0,28820,0,3,0,0,0,0,0,0
3,3703759967,78,0,0,0,0,66756050,66879050,1437,0,0,0,0,28820,0,3,0,0,0,0,0,0
4,19533624,79,0,0,0,0,66759000,66878200,1375,0,0,0,0,28820,0,3,0,0,0,0,0,0
5,816884773,80,0,0,0,0,82738100,83593000,2889,0,0,0,0,28820,0,3,0,0,0,0,0,0
6,1339236364,81,0,0,0,0,66764450,66877750,1529,0,0,0,0,28820,0,3,0,0,0,0,0,0
7,3072959373,82,0,0,0,0,66766900,66878150,1011,0,0,0,0,28820,0,3,0,0,0,0,0,0
8,1782884746,83,0,0,0,0,66765800,66877000,1378,0,0,0,0,28820,0,3,0,0,0,0,0,0
9,30296781,84,0,0,0,0,66766850,66875050,1552,0,0,0,0,28820,0,3,0,0,0,0,0,0
10,4026418858,85,0,0,0,0,66351300,66879800,1419,0,0,0,0,28820,0,3,0,0,0,0,0,0
11,2084929051,86,0,0,0,0,66762650,66875450,1293,0,0,0,0,28820,0,3,0,0,0,0,0,0
12,3114489770,87,0,0,0,0,66765300,66879700,1375,0,0,0,0,28820,0,3,0,0,0,0,0,0
13,891400471,88,0,0,0,0,66765950,66875600,1594,0,0,0,0,28820,0,3,0,0,0,0,0,0
14,3472773456,89,0,0,0,0,66767400,66879000,1343,0,0,0,0,28820,0,3,0,0,0,0,0,0
15,3010688243,90,0,0,0,0,66759800,66875000,1095,0,0,0,0,28820,0,3,0,0,0,0,0,0
16,2819524756,91,0,0,0,0,67047350,67161250,1473,0,0,0,0,28820,0,3,0,0,0,0,0,0
17,3241678401,92,0,0,0,0,66478950,66590700,1456,0,0,0,0,28820,0,3,0,0,0,0,0,0
18,2154316504,93,0,0,0,0,66769650,66881000,815,0,0,0,0,28820,0,3,0,0,0,0,0,0
19,772262681,94,0,0,0,0,66764800,66877600,1371,0,0,0,0,28820,0,3,0,0,0,0,0,0
20,3882818750,95,0,0,0,0,66760150,66869600,107,0,0,0,0,28820,0,3,0,0,0,0,0,0
21,521131153,96,0,0,0,0,66772900,66884000,1367,0,0,0,0,28820,0,3,0,0,0,0,0,0
22,1838187414,97,0,0,0,0,66760500,66877650,984,0,0,0,0,28820,0,3,0,0,0,0,0,0
23,840574439,98,0,0,0,0,66908000,67025200,1396,0,0,0,0,28820,0,3,0,0,0,0,0,0
24,2879461878,99,0,0,0,0,66617000,66727800,1502,0,0,0,0,28820,0,3,0,0,0,0,0,0
25,202086035,100,0,0,0,0,66767300,66878300,1395,0,0,0,0,29140,0,3,0,0,0,0,0,0
26,959703924,101,0,0,0,0,66756200,66874600,1424,0,0,0,0,29140,0,3,0,0,0,0,0,0
27,3795724423,102,0,0,0,0,66756450,66876700,1406,0,0,0,0,29140,0,3,0,0,0,0,0,0
28,2500539904,103,0,0,0,0,65461150,66877700,1151,0,0,0,0,28820,0,3,0,0,0,0,0,0
29,2269000541,104,0,0,0,0,66766800,66876700,1494,0,0,0,0,28820,0,3,0,0,0,0,0,0
30,1900681108,105,0,0,0,0,66811600,66925550,892,0,0,0,0,28820,0,3,0,0,0,0,0,0
31,3680168245,106,0,0,0,0,66717200,66831750,1558,0,0,0,0,28820,0,3,0,0,0,0,0,0
32,2344329490,107,0,0,0,0,66765700,66876850,1394,0,0,0,0,28820,0,3,0,0,0,0,0,0
33,2130650181,108,0,0,0,0,66760100,66874700,1403,0,0,0,0,28820,0,3,0,0,0,0,0,0
34,906966818,109,0,0,0,0,66765900,66877300,1647,0,0,0,0,28820,0,3,0,0,0,0,0,0
35,3939376531,110,0,0,0,0,83059450,83595600,3192,0,0,0,0,28820,0,3,0,0,0,0,0,0
36,2110688546,111,0,0,0,0,66761750,66877050,1377,0,0,0,0,28820,0,3,0,0,0,0,0,0
37,2695523007,112,0,0,0,0,66766850,66880250,1093,0,0,0,0,28820,0,3,0,0,0,0,0,0
38,744447992,113,0,0,0,0,67027750,67144450,1441,0,0,0,0,28820,0,3,0,0,0,0,0,0
39,3728640411,114,0,0,0,0,66493400,66609150,1474,0,0,0,0,28820,0,3,0,0,0,0,0,0
40,618879740,115,0,0,0,0,66760700,66874050,1504,0,0,0,0,28820,0,3,0,0,0,0,0,0
41,1239708057,116,0,0,0,0,66769300,66879150,1363,0,0,0,0,28820,0,3,0,0,0,0,0,0
42,2429742208,117,0,0,0,0,66764050,66879500,1417,0,0,0,0,28820,0,3,0,0,0,0,0,0
43,412095716,118,0,0,0,0,66759500,66874400,1464,0,0,0,0,28820,0,3,0,0,0,0,0,0
44,1226741467,119,0,0,0,0,66762400,66878650,1530,0,0,0,0,28820,0,3,0,0,0,0,0,0
45,3288446148,120,0,0,0,0,66891600,67003900,903,0,0,0,0,28820,0,3,0,0,0,0,0,0
46,1157984843,121,0,0,0,0,66632750,66747900,1497,0,0,0,0,28820,0,3,0,0,0,0,0,0
47,3877288378,122,0,0,0,0,66762150,66880100,1453,0,0,0,0,28820,0,3,0,0,0,0,0,0
48,4236526315,123,0,0,0,0,66758500,66876950,1292,0,0,0,0,28820,0,3,0,0,0,0,0,0
49,533834014,124,0,0,0,0,66757100,66874900,1634,0,0,0,0,28820,0,3,0,0,0,0,0,0
50,1649361089,125,0,0,0,0,83480050,83599050,3246,0,0,0,0,28820,0,3,0,0,0,0,0,0
51,2486981906,126,0,0,0,0,65267200,66876650,968,0,0,0,0,28820,0,3,0,0,0,0,0,0
52,1706075277,127,0,0,0,0,66762950,66876550,1113,0,0,0,0,28820,0,3,0,0,0,0,0,0
53,267972368,128,0,0,0,0,66757150,66877550,1548,0,0,0,0,28820,0,3,0,0,0,0,0,0
54,3895401273,129,0,0,0,0,66366900,66877050,1315,0,0,0,0,28820,0,3,0,0,0,0,0,0
55,605985656,130,0,0,0,0,66760300,66876800,1492,0,0,0,0,28820,0,3,0,0,0,0,0,0
56,4077673024,131,0,0,0,0,66770050,66878050,1360,0,0,0,0,28820,0,3,0,0,0,0,0,0
57,985632231,132,0,0,0,0,66764100,66873450,1536,0,0,0,0,28820,0,3,0,0,0,0,0,0
58,3720590956,133,0,0,0,0,66765250,66880350,1353,0,0,0,0,28820,0,3,0,0,0,0,0,0
59,3264032585,134,0,0,0,0,66763900,66878000,1503,0,0,0,0,28820,0,3,0,0,0,0,0,0
60,395405688,135,0,0,0,0,67020400,67128750,1033,0,0,0,0,28820,0,3,0,0,0,0,0,0
61,32142420,136,0,0,0,0,66509450,66622050,1471,0,0,0,0,28820,0,3,0,0,0,0,0,0
62,1187067055,137,0,0,0,0,66766050,66880000,1427,0,0,0,0,28820,0,3,0,0,0,0,0,0
63,459140908,138,0,0,0,0,66757800,66875050,1409,0,0,0,0,28820,0,3,0,0,0,0,0,0
64,3369786495,139,0,0,0,0,66766550,66878450,1403,0,0,0,0,28820,0,3,0,0,0,0,0,0
65,1572434254,140,0,0,0,0,83484850,83596200,3183,0,0,0,0,28820,0,3,0,0,0,0,0,0
66,4107798823,141,0,0,0,0,66757750,66875500,1412,0,0,0,0,28820,0,3,0,0,0,0,0,0
67,343968250,142,0,0,0,0,66762050,66880250,987,0,0,0,0,28820,0,3,0,0,0,0,0,0
68,3102454017,143,0,0,0,0,66739600,66876050,1466,0,0,0,0,28820,0,3,0,0,0,0,0,0
69,3051095563,144,0,0,0,0,66759150,66875750,1451,0,0,0,0,28820,0,3,0,0,0,0,0,0
70,2391331016,145,0,0,0,0,66764300,66878050,1333,0,0,0,0,28820,0,3,0,0,0,0,0,0
71,3869016117,146,0,0,0,0,66756900,66875900,1305,0,0,0,0,28820,0,3,0,0,0,0,0,0
72,1579800804,147,0,0,0,0,66763550,66878800,1576,0,0,0,0,28820,0,3,0,0,0,0,0,0
73,2792341157,148,0,0,0,0,66757500,66878150,1320,0,0,0,0,28820,0,3,0,0,0,0,0,0
74,714702942,149,0,0,0,0,66023850,66873650,1159,0,0,0,0,28820,0,3,0,0,0,0,0,0
75,1092538936,150,0,0,0,0,67132650,67251100,1007,0,0,0,0,28820,0,3,0,0,0,0,0,0
76,1561271239,151,0,0,0,0,66392550,66505450,1435,0,0,0,0,28820,0,3,0,0,0,0,0,0
77,3798074098,152,0,0,0,0,66764700,66877700,944,0,0,0,0,28820,0,3,0,0,0,0,0,0
78,3022639071,153,0,0,0,0,66759600,66876300,1344,0,0,0,0,28820,0,3,0,0,0,0,0,0
79,2282770062,154,0,0,0,0,66764000,66879450,1414,0,0,0,0,28820,0,3,0,0,0,0,0,0
80,1626512457,155,0,0,0,0,66756800,66871850,119,0,0,0,0,28820,0,3,0,0,0,0,0,0
81,3156888026,156,0,0,0,0,66769100,66880400,1430,0,0,0,0,28820,0,3,0,0,0,0,0,0
82,3038824309,157,0,0,0,0,67006350,67120250,1306,0,0,0,0,28820,0,3,0,0,0,0,0,0
83,1261846460,158,0,0,0,0,66523250,66635750,1102,0,0,0,0,28820,0,3,0,0,0,0,0,0
84,2035201521,159,0,0,0,0,66762750,66873800,1495,0,0,0,0,29140,0,3,0,0,0,0,0,0
85,2164446652,160,0,0,0,0,66765700,66879550,1314,0,0,0,0,29140,0,3,0,0,0,0,0,0
86,2017191835,161,0,0,0,0,66757500,66874650,1579,0,0,0,0,29140,0,3,0,0,0,0,0,0
87,3029138484,162,0,0,0,0,66765850,66880350,1389,0,0,0,0,28820,0,3,0,0,0,0,0,0
88,50355403,163,0,0,0,0,66762850,66874000,1397,0,0,0,0,28820,0,3,0,0,0,0,0,0
89,654213990,164,0,0,0,0,66862350,66979950,1371,0,0,0,0,28820,0,3,0,0,0,0,0,0
90,2360099787,165,0,0,0,0,66659750,66776950,1202,0,0,0,0,28820,0,3,0,0,0,0,0,0
91,2424818746,166,0,0,0,0,66743350,66875400,1309,0,0,0,0,28820,0,3,0,0,0,0,0,0
92,1971386461,167,0,0,0,0,66760700,66877050,1409,0,0,0,0,28820,0,3,0,0,0,0,0,0
93,3386045126,168,0,0,0,0,66762350,66876500,1621,0,0,0,0,28820,0,3,0,0,0,0,0,0
94,1429641961,169,0,0,0,0,66763500,66880600,1447,0,0,0,0,28820,0,3,0,0,0,0,0,0
95,3022846880,170,0,0,0,0,66763150,66875950,1314,0,0,0,0,28820,0,3,0,0,0,0,0,0
96,1601897261,171,0,0,0,0,66994650,67115300,0,0,0,0,0,28820,0,3,0,0,0,0,0,0
97,1229951528,172,0,0,0,0,66522000,66638700,1548,0,0,0,0,28820,0,3,0,0,0,0,0,0
98,4065171759,173,0,0,0,0,65239950,66875150,610,0,0,0,0,28820,0,3,0,0,0,0,0,0
99,1034325744,174,0,0,0,0,66765550,66879200,1411,0,0,0,0,28820,0,3,0,0,0,0,0,0
100,14078671,175,0,0,0,0,66759450,66874900,1551,0,0,0,0,28820,0,3,0,0,0,0,0,0
101,4024270554,176,0,0,0,0,66342300,66878150,1441,0,0,0,0,28820,0,3,0,0,0,0,0,0
102,896191351,177,0,0,0,0,66764650,66879150,1501,0,0,0,0,28820,0,3,0,0,0,0,0,0
103,2131384102,178,0,0,0,0,66761100,66876600,1343,0,0,0,0,28820,0,3,0,0,0,0,0,0
104,2586210593,179,0,0,0,0,66759800,66874400,1445,0,0,0,0,28820,0,3,0,0,0,0,0,0
105,591918370,180,0,0,0,0,66766900,66878000,1375,0,0,0,0,28820,0,3,0,0,0,0,0,0
106,8814317,181,0,0,0,0,66763900,66878750,878,0,0,0,0,28820,0,3,0,0,0,0,0,0
107,2340504196,182,0,0,0,0,67068050,67182550,1330,0,0,0,0,28820,0,3,0,0,0,0,0,0
108,3523076009,183,0,0,0,0,66456850,66570650,1477,0,0,0,0,28820,0,3,0,0,0,0,0,0
109,1961669028,184,0,0,0,0,66758850,66875800,1455,0,0,0,0,28820,0,3,0,0,0,0,0,0
110,1037581603,185,0,0,0,0,66763300,66879700,1378,0,0,0,0,28820,0,3,0,0,0,0,0,0
111,2701024588,186,0,0,0,0,66753700,66871050,114,0,0,0,0,28820,0,3,0,0,0,0,0,0
112,215037203,187,0,0,0,0,66770000,66883850,1396,0,0,0,0,28820,0,3,0,0,0,0,0,0
113,3696282862,188,0,0,0,0,66762000,66878850,871,0,0,0,0,28820,0,3,0,0,0,0,0,0
114,2829142928,189,0,0,0,0,66908650,67042800,1372,0,0,0,0,28820,0,3,0,0,0,0,0,0
115,3204762949,190,0,0,0,0,66587400,66707750,1528,0,0,0,0,28820,0,3,0,0,0,0,0,0
116,3297489190,191,0,0,0,0,66759300,66877650,1320,0,0,0,0,28820,0,3,0,0,0,0,0,0
117,1691704917,192,0,0,0,0,66758300,66878000,1408,0,0,0,0,28820,0,3,0,0,0,0,0,0
118,663957814,193,0,0,0,0,66759700,66877950,1643,0,0,0,0,28820,0,3,0,0,0,0,0,0
119,3058583827,194,0,0,0,0,66756150,66875400,1290,0,0,0,0,28820,0,3,0,0,0,0,0,0
120,838545270,195,0,0,0,0,66760500,66879500,1460,0,0,0,0,28820,0,3,0,0,0,0,0,0
121,3608912039,196,0,0,0,0,66049000,66913750,922,0,0,0,0,28820,0,3,0,0,0,0,0,0
122,4080159716,197,0,0,0,0,66722350,66836200,1544,0,0,0,0,28820,0,3,0,0,0,0,0,0
123,1056027075,198,0,0,0,0,66763750,66878200,1244,0,0,0,0,28820,0,3,0,0,0,0,0,0
124,4057021248,199,0,0,0,0,66765900,66877900,1415,0,0,0,0,28820,0,3,0,0,0,0,0,0
125,2686741161,200,0,0,0,0,66767600,66879450,1490,0,0,0,0,28820,0,3,0,0,0,0,0,0
126,3870849660,201,0,0,0,0,83483900,83596850,3182,0,0,0,0,28820,0,3,0,0,0,0,0,0
127,293449641,202,0,0,0,0,66758050,66873750,1389,0,0,0,0,28820,0,3,0,0,0,0,0,0
128,596064266,203,0,0,0,0,66767000,66878050,1067,0,0,0,0,28820,0,3,0,0,0,0,0,0
129,3715495249,204,0,0,0,0,67041200,67170200,1370,0,0,0,0,28820,0,3,0,0,0,0,0,0
130,244680018,205,0,0,0,0,66470100,66586150,1487,0,0,0,0,28820,0,3,0,0,0,0,0,0
131,4080661783,206,0,0,0,0,66763000,66877100,1479,0,0,0,0,28820,0,3,0,0,0,0,0,0
132,4006730450,207,0,0,0,0,66761850,66875700,1310,0,0,0,0,28820,0,3,0,0,0,0,0,0
133,3864584507,208,0,0,0,0,66762550,66877150,1601,0,0,0,0,28820,0,3,0,0,0,0,0,0
134,2711027320,209,0,0,0,0,66765550,66878500,1379,0,0,0,0,28820,0,3,0,0,0,0,0,0
135,4099079087,210,0,0,0,0,66758000,66873450,1379,0,0,0,0,28820,0,3,0,0,0,0,0,0
136,565333772,211,0,0,0,0,67008350,67123650,581,0,0,0,0,28820,0,3,0,0,0,0,0,0
137,1028518269,212,0,0,0,0,66518900,66634600,1526,0,0,0,0,28820,0,3,0,0,0,0,0,0
138,2252688136,213,0,0,0,0,66754300,66875400,1362,0,0,0,0,28820,0,3,0,0,0,0,0,0
139,578597309,214,0,0,0,0,66757050,66875300,1345,0,0,0,0,28820,0,3,0,0,0,0,0,0
140,3624439358,215,0,0,0,0,66760600,66878300,1612,0,0,0,0,29140,0,3,0,0,0,0,0,0
141,3514067501,216,0,0,0,0,66758050,66876150,264,0,0,0,0,29140,0,3,0,0,0,0,0,0
142,2741972910,217,0,0,0,0,66763350,66880200,1397,0,0,0,0,29140,0,3,0,0,0,0,0,0
143,28497579,218,0,0,0,0,66765900,66888350,1303,0,0,0,0,28820,0,3,0,0,0,0,0,0
144,466729326,219,0,0,0,0,65158050,66860450,508,0,0,0,0,28820,0,3,0,0,0,0,0,0
145,3425349295,220,0,0,0,0,66766400,66881250,1419,0,0,0,0,28820,0,3,0,0,0,0,0,0
146,1537640620,221,0,0,0,0,66760200,66875050,1392,0,0,0,0,28820,0,3,0,0,0,0,0,0
147,1853842891,222,0,0,0,0,66762000,66877600,1385,0,0,0,0,28820,0,3,0,0,0,0,0,0
148,1177024904,223,0,0,0,0,66763500,66876900,1461,0,0,0,0,28820,0,3,0,0,0,0,0,0
149,4106734849,224,0,0,0,0,66768050,66880900,1526,0,0,0,0,28820,0,3,0,0,0,0,0,0
150,2025356500,225,0,0,0,0,66760500,66874000,1305,0,0,0,0,28820,0,3,0,0,0,0,0,0
151,2189605121,226,0,0,0,0,66764000,66880750,1255,0,0,0,0,28820,0,3,0,0,0,0,0,0
152,4086136290,227,0,0,0,0,66748800,66873150,1357,0,0,0,0,28820,0,3,0,0,0,0,0,0
153,4036669705,228,0,0,0,0,66759900,66876950,1349,0,0,0,0,28820,0,3,0,0,0,0,0,0
154,4167980074,229,0,0,0,0,67115850,67234950,1494,0,0,0,0,28820,0,3,0,0,0,0,0,0
155,51187407,230,0,0,0,0,66404600,66520300,1474,0,0,0,0,28820,0,3,0,0,0,0,0,0
156,2242638442,231,0,0,0,0,66761200,66876250,1436,0,0,0,0,28820,0,3,0,0,0,0,0,0
157,2730108163,232,0,0,0,0,83477850,83598200,3064,0,0,0,0,28820,0,3,0,0,0,0,0,0
158,2718743917,233,0,0,0,0,66898550,67013950,1366,0,0,0,0,28820,0,3,0,0,0,0,0,0
159,3391709842,234,0,0,0,0,66626300,66740500,1093,0,0,0,0,28820,0,3,0,0,0,0,0,0
160,1164604273,235,0,0,0,0,66760950,66877000,1433,0,0,0,0,28820,0,3,0,0,0,0,0,0
161,2148591176,236,0,0,0,0,66760750,66877450,1416,0,0,0,0,28820,0,3,0,0,0,0,0,0
162,4192737573,237,0,0,0,0,66755900,66874150,1572,0,0,0,0,28820,0,3,0,0,0,0,0,0
163,535584840,238,0,0,0,0,66762250,66880150,1385,0,0,0,0,28820,0,3,0,0,0,0,0,0
164,3430794475,239,0,0,0,0,66756650,66876300,1508,0,0,0,0,28820,0,3,0,0,0,0,0,0
165,776323552,240,0,0,0,0,66759850,66875750,1361,0,0,0,0,28820,0,3,0,0,0,0,0,0
166,3330991427,241,0,0,0,0,66765400,66882100,1233,0,0,0,0,28820,0,3,0,0,0,0,0,0
167,3282074430,242,0,0,0,0,66738200,66874100,1325,0,0,0,0,28820,0,3,0,0,0,0,0,0
168,2597814595,243,0,0,0,0,66761450,66876950,1436,0,0,0,0,28820,0,3,0,0,0,0,0,0
169,2225601370,244,0,0,0,0,66763150,66878500,1366,0,0,0,0,28820,0,3,0,0,0,0,0,0
170,3716853465,245,0,0,0,0,66310950,66874050,1422,0,0,0,0,28820,0,3,0,0,0,0,0,0
171,1080675697,246,0,0,0,0,66760850,66878250,1590,0,0,0,0,28500,0,3,0,0,0,0,0,0
172,219920238,247,0,0,0,0,66817050,66932800,180,0,0,0,0,28500,0,3,0,0,0,0,0,0
173,3070385651,248,0,0,0,0,66708700,66823650,1563,0,0,0,0,28500,0,3,0,0,0,0,0,0
174,2609556270,249,0,0,0,0,66756050,66874300,1324,0,0,0,0,28500,0,3,0,0,0,0,0,0
175,141401383,250,0,0,0,0,66760800,66879200,1463,0,0,0,0,28500,0,3,0,0,0,0,0,0
176,3034105280,251,0,0,0,0,67107500,67221400,1715,0,0,0,0,28500,0,3,0,0,0,0,0,0
177,3029196371,252,0,0,0,0,66418400,66533550,1525,0,0,0,0,28500,0,3,0,0,0,0,0,0
178,699378668,253,0,0,0,0,66759900,66874200,1586,0,0,0,0,28500,0,3,0,0,0,0,0,0
179,2402609405,254,0,0,0,0,66762300,66877600,1523,0,0,0,0,28500,0,3,0,0,0,0,0,0
CSV_END

STUDY_DONE_92e0c56098cd=0
# 