/tmp/app --transport unrolled --state-frame 0 --frames 180 --warmup 30 --wait spin --profile detailed --csv /tmp/transport-frames.csv --retained && printf "CSV_BEGIN\n" && cat /tmp/transport-frames.csv && printf "CSV_END\n"; study_status=$?; printf "\nSTUDY_DONE_a63062767fbc=%s\n" "$study_status"
TRANSPORT mode=unrolled dma_minimum=64
BEGIN_BREAKOUT frames=180 warmup=30 fixed=0 blocks=40 tiles=1 hud=1 wait=spin replay=0 state_frame=0 profile=detailed pixel_centers=1 clock_call_ns=5921
HW_COUNTERS unavailable
RESULT frames=180 elapsed_s=3.076293300 fps=58.511976 logic_ms=1.004687 api_ms=2.938660 swap_ms=5.059088 wait_ms=7.925425 worker_inclusive_ms=4.836588 upload_inclusive_ms=1.463481 write_ms=1.253457 bytes_per_frame=3578.67 p50_ms=16.719450 p95_ms=17.022500 max_ms=33.439500 late_60hz=161 first_count=19565 last_count=19744 state_hash=8f34e8fd remaining=38 score=20
RENDER_PATH retained=1 grouped=0 quads=645 full_frames=0
BREAKOUT_PASS
CSV_BEGIN
frame,state_hash,display_count,logic_ns,api_ns,swap_ns,wait_ns,total_ns,completion_interval_ns,polls,worker_inclusive_ns,upload_inclusive_ns,write_ns,read_ns,write_bytes,read_bytes,write_calls,read_calls,dma_copy_ns,dma_launch_ns,dma_completion_wait_ns,dma_bytes,dma_lists
0,3724779174,19565,713000,4317450,6225050,5395000,16650500,16664000,916,6066850,1943000,1780150,0,4572,0,5,0,0,0,0,0,0
1,1709657109,19566,899150,4002400,5826000,5875750,16603300,16721300,1011,5674550,1692450,1527750,0,4252,0,5,0,0,0,0,0,0
2,1894904752,19567,867950,3211700,5298900,7226400,16604950,16720200,1313,5141300,1500200,1337500,0,3612,0,5,0,0,0,0,0,0
3,3703759967,19568,832900,3217050,5174750,7381400,16606100,16719050,1332,5029700,1490550,1328850,0,3612,0,5,0,0,0,0,0,0
4,19533624,19569,2853800,3491450,5213450,5045400,16604100,16718250,939,5054700,1485200,1331700,0,3612,0,5,0,0,0,0,0,0
5,816884773,19570,826750,1973700,4008700,11626900,18436050,18960950,1613,3860750,816500,651350,0,2972,0,5,0,0,0,0,0,0
6,1339236364,19571,845850,6934300,5949850,619450,14349450,14476900,125,5022400,1470900,1320100,0,3612,0,5,0,0,0,0,0,0
7,3072959373,19572,825650,3315850,5388800,7076800,16607100,16717450,1206,5239050,1479000,1324600,0,3612,0,5,0,0,0,0,0,0
8,1782884746,19573,828600,2732100,3962900,9080250,16603850,16721550,1755,3801000,821250,656550,0,2972,0,5,0,0,0,0,0,0
9,30296781,19574,821250,3187250,6076950,6519600,16605050,16716850,1297,5916500,2322750,2151400,0,4252,0,5,0,0,0,0,0,0
10,4026418858,19575,1364050,2438900,5831650,7072000,16706600,16817000,1330,5670300,2116550,1945950,0,4252,0,5,0,0,0,0,0,0
11,2084929051,19576,809150,1967500,5533100,8199000,16508750,16622000,1584,4621800,1490250,1323750,0,3612,0,5,0,0,0,0,0,0
12,3114489770,19577,816800,3370000,5289100,7128800,16604700,16721250,1335,5128350,2523250,1526000,0,3932,0,5,0,0,0,0,0,0
13,891400471,19578,825300,3186050,5554400,7045900,16611650,16718750,1240,5399800,1687550,1517100,0,3932,0,5,0,0,0,0,0,0
14,3472773456,19579,1695400,2032950,3986450,8099950,15814750,16718700,1491,3822000,809950,651700,0,2972,0,5,0,0,0,0,0,0
15,3010688243,19580,1488800,2450100,5733800,6933650,16606350,16720750,1386,5584050,2057100,1882250,0,3612,0,5,0,0,0,0,0,0
16,2819524756,19581,1269050,2411750,5320750,7604900,16606450,16716600,1412,5159500,1696000,1522500,0,3612,0,5,0,0,0,0,0,0
17,3241678401,19582,820850,1948250,3950050,9891500,16610650,16719500,1792,3803150,811400,643050,0,2972,0,5,0,0,0,0,0,0
18,2154316504,19583,830100,3328300,5151100,7293650,16603150,16720400,1344,4998750,1483550,1328500,0,3612,0,5,0,0,0,0,0,0
19,772262681,19584,825700,3207950,5329600,7245100,16608350,16720050,1282,5183350,1484600,1320150,0,3612,0,5,0,0,0,0,0,0
20,3882818750,19585,814950,2986400,4047150,8753150,16601650,16721350,1643,3887700,813400,654850,0,2972,0,5,0,0,0,0,0,0
21,521131153,19586,1405050,2441300,5602100,7338950,16787400,16906100,1391,5445900,1928650,1746600,0,3612,0,5,0,0,0,0,0,0
22,1838187414,19587,806950,2417500,5307650,7883550,16415650,16530600,1480,5147850,1694700,1527500,0,3612,0,5,0,0,0,0,0,0
23,840574439,19588,822700,1964350,3940200,9877550,16604800,16719400,1790,3786500,810350,646950,0,2972,0,5,0,0,0,0,0,0
24,2879461878,19589,826200,3263200,5260200,7252850,16602450,16718300,1324,5101450,1486450,1327650,0,3612,0,5,0,0,0,0,0,0
25,202086035,19590,827750,3227050,5242850,7310900,16608550,16718800,1320,5094600,1489250,1323400,0,3612,0,5,0,0,0,0,0,0
26,959703924,19591,1587900,1998450,3959200,9055050,16600600,16720650,1704,3802850,807150,650350,0,2972,0,5,0,0,0,0,0,0
27,3795724423,19592,1297650,2411500,5387250,7507650,16604050,16717300,1430,5228300,1697800,1519750,0,3612,0,5,0,0,0,0,0,0
28,2500539904,19593,809600,2398900,5207650,8191250,16607400,16718850,1574,5049650,1569150,1395900,0,3612,0,5,0,0,0,0,0,0
29,2269000541,19594,811150,2964700,3992650,8840550,16609050,16721700,1719,3834850,1706900,1543600,0,2972,0,5,0,0,0,0,0,0
30,1900681108,19595,826950,3175600,5324250,7279600,16606400,16718700,1323,5167300,1493300,1331750,0,3612,0,5,0,0,0,0,0,0
31,3680168245,19596,823900,3203750,5137200,7437650,16602500,16717800,1342,4988500,1490800,1325050,0,3612,0,5,0,0,0,0,0,0
32,2344329490,19597,1422800,2005300,4070950,9386950,16886000,16998950,1609,3905000,810200,650550,0,2972,0,5,0,0,0,0,0,0
33,2130650181,19598,828050,2403150,5490000,7605700,16326900,16442550,1442,5335700,1667650,1472300,0,4252,0,5,0,0,0,0,0,0
34,906966818,19599,800350,3336250,5167500,7300200,16604300,16720800,1034,5012550,2307850,2125000,0,4252,0,5,0,0,0,0,0,0
35,3939376531,19600,826000,2823400,4175550,8763150,16588100,16716600,1686,4019100,1793550,1607000,0,3612,0,5,0,0,0,0,0,0
36,2110688546,19601,818350,3193800,5168400,7428900,16609450,16720950,1345,5003150,1310450,1148400,0,3932,0,5,0,0,0,0,0,0
37,2695523007,19602,1596600,2455950,5374550,6389750,15816850,16716950,1260,4350600,1639450,1435850,0,3932,0,5,0,0,0,0,0,0
38,744447992,19603,1296400,1983900,3973200,9351800,16605300,16718200,1642,3813550,807600,648000,0,2972,0,5,0,0,0,0,0,0
39,3728640411,19604,826500,2414950,5235350,8127650,16604450,16722050,1563,5088300,1560250,1381600,0,3612,0,5,0,0,0,0,0,0
40,618879740,19605,814600,3362650,4808200,7626850,16612300,16720200,1436,4649450,1258600,1107700,0,3612,0,5,0,0,0,0,0,0
41,1239708057,19606,821850,2729750,3884700,9172200,16608500,16718800,1746,3731400,1617200,1433900,0,2972,0,5,0,0,0,0,0,0
42,2429742208,19607,831800,3184200,4905750,7679550,16601300,16715450,1396,4747700,1261200,1098250,0,3612,0,5,0,0,0,0,0,0
43,412095716,19608,1468350,2447050,5576400,7480950,16972750,17087900,1421,5423300,1913600,1734250,0,3612,0,5,0,0,0,0,0,0
44,1226741467,19609,815650,1965800,3941150,9518600,16241200,16352450,1607,3776800,803200,649000,0,2972,0,5,0,0,0,0,0,0
45,3288446148,19610,826750,3346400,4554700,7876650,16604500,16718800,1499,4408300,1776800,1592150,0,3612,0,5,0,0,0,0,0,0
46,1157984843,19611,823600,3259450,5012000,7516050,16611100,16721400,1387,4856050,1256250,1101100,0,3612,0,5,0,0,0,0,0,0
47,3877288378,19612,825950,2753800,3992050,9031100,16602900,16718350,1709,3845200,812150,653250,0,2972,0,5,0,0,0,0,0,0
48,4236526315,19613,825000,3121950,4845150,7812850,16604950,16721200,1422,4685350,1266100,1101350,0,3612,0,5,0,0,0,0,0,0
49,533834014,19614,1378450,2444500,5570350,7256300,16649600,16764100,1375,5416350,1908350,1727650,0,3612,0,5,0,0,0,0,0,0
50,1649361089,19615,822700,1972500,3946100,9811950,16553250,16670800,1743,3788100,801700,645550,0,2972,0,5,0,0,0,0,0,0
51,2486981906,19616,824350,3379500,4864600,7539250,16607700,16722850,1419,4718150,1270000,1109950,0,3612,0,5,0,0,0,0,0,0
52,1706075277,19617,822200,3227100,5052750,7505000,16607050,16717400,1376,4896250,1257500,1098850,0,3612,0,5,0,0,0,0,0,0
53,267972368,19618,823800,2749350,4125100,8908800,16607050,16719700,1680,3975800,812900,651500,0,2972,0,5,0,0,0,0,0,0
54,3895401273,19619,1589350,2479500,5639150,6889250,16597250,16718550,1378,5486750,2068950,1895750,0,3612,0,5,0,0,0,0,0,0
55,605985656,19620,815050,2452300,5349400,7559650,16176400,16720350,1438,5196300,1692900,1520700,0,3612,0,5,0,0,0,0,0,0
56,4077673024,19621,865250,8241350,8187650,16031800,33326050,33437550,2962,8019550,1193750,1030000,0,6632,0,5,0,0,0,0,0,0
57,985632231,19622,862650,8527050,9593350,14336250,33319300,33439500,2805,9403700,1953450,1771400,0,7312,0,5,0,0,0,0,0,0
58,3720590956,19623,1448000,2505250,5515250,7273250,16741750,16859000,1375,5351900,1722350,1556650,0,3652,0,5,0,0,0,0,0,0
59,3264032585,19624,852800,1976250,3973700,9662450,16465200,16577800,1741,3824100,801100,640950,0,2972,0,5,0,0,0,0,0,0
60,395405688,19625,855200,3393600,4814750,7544150,16607700,16722250,1423,4654850,2103750,1108750,0,3612,0,5,0,0,0,0,0,0
61,32142420,19626,879050,3406450,5057550,6487400,15830450,16717600,1136,4905850,1270350,1106250,0,3612,0,5,0,0,0,0,0,0
62,1187067055,19627,851500,2756500,4108050,8893600,16609650,16721250,1684,3939550,815250,656000,0,2972,0,5,0,0,0,0,0,0
63,459140908,19628,1514550,2488050,7161450,5439200,16603250,16716750,1033,6987100,1269400,1105400,0,3612,0,5,0,0,0,0,0,0
64,3369786495,19629,1342450,2447100,5472850,7347700,16610100,16721400,1392,5300800,1856550,1684200,0,3612,0,5,0,0,0,0,0,0
65,1572434254,19630,840900,1970350,10765550,3027050,16603850,16718050,443,4380550,814650,650700,0,2972,0,5,0,0,0,0,0,0
66,4107798823,19631,867650,3404400,5003400,7317400,16592850,16719400,1342,4844100,1254900,1102950,0,3612,0,5,0,0,0,0,0,0
67,343968250,19632,861050,3265300,5115650,7361450,16603450,16718750,1232,4968850,1268550,1102350,0,3612,0,5,0,0,0,0,0,0
68,3102454017,19633,854750,2782650,4067000,8897200,16601600,16720750,1680,3904400,809900,652350,0,2972,0,5,0,0,0,0,0,0
69,3051095563,19634,1451000,2472400,5569800,7340000,16833200,16946900,1388,5415800,1912350,1731750,0,3612,0,5,0,0,0,0,0,0
70,2391331016,19635,852800,2444750,5167300,7906850,16371700,16488800,1476,5011050,1548600,1376100,0,3612,0,5,0,0,0,0,0,0
71,3869016117,19636,847400,1972450,3948850,9837400,16606100,16720650,1778,3798750,812250,649300,0,2972,0,5,0,0,0,0,0,0
72,1579800804,19637,858700,3289000,5048900,7403600,16600200,16718450,1354,4894000,1269800,1105200,0,3612,0,5,0,0,0,0,0,0
73,2792341157,19638,861950,3263550,4989850,7494950,16610300,16720200,1329,4841100,1271650,1105550,0,3612,0,5,0,0,0,0,0,0
74,714702942,19639,1480200,2015050,3985850,9120400,16601500,16719850,1720,3827050,813750,657150,0,2972,0,5,0,0,0,0,0,0
75,1092538936,19640,1334650,2454600,5371900,7437550,16598700,16717050,1412,5213750,1700700,1525600,0,3612,0,5,0,0,0,0,0,0
76,1561271239,19641,847550,2438150,5428700,7889300,16603700,16719150,1473,5266000,1686500,690450,0,4252,0,5,0,0,0,0,0,0
77,3798074098,19642,845900,2865250,4252900,8641650,16605700,16722800,1669,4101100,1865650,1686850,0,3612,0,5,0,0,0,0,0,0
78,3022639071,19643,859750,3281450,5422600,7035350,16599150,16717600,1266,5267650,1505400,1341400,0,4252,0,5,0,0,0,0,0,0
79,2282770062,19644,850050,3219100,5989800,6548550,16607500,16720250,1310,5067700,1492100,1329400,0,3932,0,5,0,0,0,0,0,0
80,1626512457,19645,1615700,2031600,4486700,8774450,16908450,17022500,1543,4326950,1061400,912650,0,3292,0,5,0,0,0,0,0,0
81,3156888026,19646,847050,2449200,5227750,7774800,16298800,16413250,1485,5079900,1552950,1374350,0,3612,0,5,0,0,0,0,0,0
82,3038824309,19647,847950,3412000,4756650,7589600,16606200,16721350,1434,4602350,2061600,1019100,0,3612,0,5,0,0,0,0,0,0
83,1261846460,19648,853550,2965100,3859900,8929950,16608500,16718750,1726,3710950,1627750,530350,0,2972,0,5,0,0,0,0,0,0
84,2035201521,19649,1694000,2526800,5671200,5931300,15823300,16717450,1171,5519850,2073800,1904300,0,3612,0,5,0,0,0,0,0,0
85,2164446652,19650,847750,3199350,5891450,6668650,16607200,16719300,1329,5733050,2254950,2086600,0,3612,0,5,0,0,0,0,0,0
86,2017191835,19651,1376050,1996050,4064850,9169250,16606200,16719500,1634,3894350,796750,645000,0,2972,0,5,0,0,0,0,0,0
87,3029138484,19652,855900,2461400,5199250,8086850,16603400,16718750,1551,5042700,1545650,1371000,0,3612,0,5,0,0,0,0,0,0
88,50355403,19653,843050,3404050,5049700,7312150,16608950,16723200,1366,4898350,1501400,1341300,0,3612,0,5,0,0,0,0,0,0
89,654213990,19654,857200,2746450,3993500,9010800,16607950,16719700,1741,3844850,1739550,1554000,0,2972,0,5,0,0,0,0,0,0
90,2360099787,19655,854950,3242500,5110300,7393450,16601200,16718300,1334,4955450,1480750,1328800,0,3612,0,5,0,0,0,0,0,0
91,2424818746,19656,1525100,2483950,5552200,7038900,16600150,16717500,1407,5398100,1912400,1729500,0,3612,0,5,0,0,0,0,0,0
92,1971386461,19657,843350,1986800,3951600,9417250,16199000,16718850,1570,3794150,812650,654450,0,2972,0,5,0,0,0,0,0,0
93,3386045126,19658,867050,3400000,4776300,7839250,16882600,17000100,1208,4628550,2015000,1828800,0,3612,0,5,0,0,0,0,0,0
94,1429641961,19659,869100,3707750,5273800,6463250,16313900,16440650,1139,5123550,1487600,1328550,0,3612,0,5,0,0,0,0,0,0
95,3022846880,19660,861700,2789300,4002200,8948750,16601950,16719000,1681,3854500,814100,654250,0,2972,0,5,0,0,0,0,0,0
96,1601897261,19661,855450,3164800,5841000,6738650,16599900,16718400,1349,5675500,2248950,1332650,0,3612,0,5,0,0,0,0,0,0
97,1229951528,19662,1451150,2454100,5566650,7211650,16683550,16797900,1365,5412700,1902050,1729450,0,3612,0,5,0,0,0,0,0,0
98,4065171759,19663,849750,1973350,3955200,9746200,16524500,16640550,1720,3798350,811100,654150,0,2972,0,5,0,0,0,0,0,0
99,1034325744,19664,857900,3418600,5118900,7204000,16599400,16718000,1343,4976000,1499700,1338050,0,3612,0,5,0,0,0,0,0,0
100,14078671,19665,854700,3234550,5591850,6921150,16602250,16720650,1241,5430000,1715700,1552900,0,4252,0,5,0,0,0,0,0,0
101,4024270554,19666,860350,2776300,4895300,8073900,16605850,16720000,1465,4745000,1486650,1325100,0,3612,0,5,0,0,0,0,0,0
102,896191351,19667,1532200,2487000,5656500,6919000,16594700,16717200,1383,5502650,1978000,1804950,0,4252,0,5,0,0,0,0,0,0
103,2131384102,19668,867050,2459050,5446750,7379600,16152450,16719650,1399,5282000,1726000,1547150,0,3932,0,5,0,0,0,0,0,0
104,2586210593,19669,852950,1975350,4222300,9555800,16606400,16721850,1682,4064150,1073550,912800,0,3292,0,5,0,0,0,0,0,0
105,591918370,19670,851300,3679000,5257750,6814250,16602300,16719750,1225,5110300,1484200,1324100,0,3612,0,5,0,0,0,0,0,0
106,8814317,19671,878500,3270000,5337350,7119700,16605550,16718800,1282,5177200,1496700,1333600,0,3612,0,5,0,0,0,0,0,0
107,2340504196,19672,1697250,2016000,3973300,8117950,15804500,16717650,1488,3806650,813250,648900,0,2972,0,5,0,0,0,0,0,0
108,3523076009,19673,1583450,2482800,5328800,7379400,16774450,16890100,1402,5162350,1682800,1520200,0,3612,0,5,0,0,0,0,0,0
109,1961669028,19674,855900,2434650,5204100,7941800,16436450,16547000,1523,5056150,1517800,1341750,0,3612,0,5,0,0,0,0,0,0
110,1037581603,19675,859300,1979250,3927150,9843050,16608750,16723150,1777,3770400,809300,651850,0,2972,0,5,0,0,0,0,0,0
111,2701024588,19676,857200,3396700,5327600,7016550,16598050,16715950,1264,5177650,1501600,1333800,0,3612,0,5,0,0,0,0,0,0
112,215037203,19677,869500,3232650,5242650,7265650,16610450,16722250,1308,5086950,1494300,1336750,0,3612,0,5,0,0,0,0,0,0
113,3696282862,19678,1534750,2032600,3951050,9082800,16601200,16716550,1707,3794650,808750,648750,0,2972,0,5,0,0,0,0,0,0
114,2829142928,19679,1333950,2444550,5295250,7531050,16604800,16720650,1434,5128600,1526050,1356800,0,3612,0,5,0,0,0,0,0,0
115,3204762949,19680,859800,2443350,5207100,8096000,16606250,16717750,1549,4192700,1561700,589050,0,3612,0,5,0,0,0,0,0,0
116,3297489190,19681,850750,2908700,3945850,8901800,16607100,16721200,1729,3786700,1695500,1538200,0,2972,0,5,0,0,0,0,0,0
117,1691704917,19682,853000,3220450,5476750,7054100,16604300,16717050,1190,5320000,1498150,1333050,0,3612,0,5,0,0,0,0,0,0
118,663957814,19683,861550,3206150,5915000,6616200,16598900,16720550,1328,4972000,1489000,1329750,0,3612,0,5,0,0,0,0,0,0
119,3058583827,19684,1479650,2000900,3938800,9440350,16859700,16975200,1697,3782650,807900,646500,0,2972,0,5,0,0,0,0,0,0
120,838545270,19685,850400,2441200,5332050,7722550,16346200,16462250,1471,5162800,1662800,1493150,0,3612,0,5,0,0,0,0,0,0
121,3608912039,19686,848850,3390250,5072600,7298350,16610050,16721200,1374,4920200,2324150,2149600,0,3612,0,5,0,0,0,0,0,0
122,4080159716,19687,865100,2848300,3891550,9003800,16608750,16719050,1741,3730900,1627050,1445950,0,2972,0,5,0,0,0,0,0,0
123,1056027075,19688,851100,3253700,5244750,7253850,16603400,16719000,1270,5098350,1482150,1324550,0,3612,0,5,0,0,0,0,0,0
124,4057021248,19689,862650,3123650,6457100,6162650,16606050,16721600,989,6291150,2756000,2588200,0,4252,0,5,0,0,0,0,0,0
125,2686741161,19690,1551650,2003600,5531850,7510050,16597150,16718000,1427,5380050,2258850,2089650,0,3612,0,5,0,0,0,0,0,0
126,3870849660,19691,844250,2455800,5932800,7908100,17140950,17249900,472,5764050,2214100,2021100,0,4252,0,5,0,0,0,0,0,0
127,293449641,19692,869650,4940600,5447150,4791500,16048900,16187950,924,5291450,1740550,1561600,0,3932,0,5,0,0,0,0,0,0
128,596064266,19693,864150,2815700,4208500,8715900,16604250,16717250,1676,4043650,1925950,1746550,0,3292,0,5,0,0,0,0,0,0
129,3715495249,19694,852000,3245650,5144800,7364750,16607200,16720350,1295,4993450,1487900,1324850,0,3612,0,5,0,0,0,0,0,0
130,244680018,19695,899000,3418700,5114400,5706850,15138950,17067200,1011,4963450,1490700,1331800,0,3612,0,5,0,0,0,0,0,0
131,4080661783,19696,865700,1973950,4013200,9407650,16260500,16373250,1685,3857850,809700,644950,0,2972,0,5,0,0,0,0,0,0
132,4006730450,19697,869950,3411450,4768000,7558100,16607500,16717450,1398,4606000,2044000,1021950,0,3612,0,5,0,0,0,0,0,0
133,3864584507,19698,852300,3285550,5263350,7206650,16607850,16721350,1314,5115650,1480900,1320300,0,3612,0,5,0,0,0,0,0,0
134,2711027320,19699,859700,2768050,3980250,8998200,16606200,16719600,1727,3817200,812150,655400,0,2972,0,5,0,0,0,0,0,0
135,4099079087,19700,855400,3196600,5914800,6634000,16600800,16716850,1319,5758900,2267400,2095200,0,3612,0,5,0,0,0,0,0,0
136,565333772,19701,1509100,2470400,5292900,7359050,16631450,16745700,1394,5131450,1694300,1520900,0,3612,0,5,0,0,0,0,0,0
137,1028518269,19702,857850,1969450,3986250,9767700,16581250,16692800,1755,3836900,809950,645900,0,2972,0,5,0,0,0,0,0,0
138,2252688136,19703,856550,3403600,5048650,7288400,16597200,16719500,1360,4891550,1497800,1339000,0,3612,0,5,0,0,0,0,0,0
139,578597309,19704,853200,3374050,5301050,7076750,16605050,16720800,1274,5150850,1495350,1326150,0,3612,0,5,0,0,0,0,0,0
140,3624439358,19705,864350,2755650,4112350,8872200,16604550,16717300,1671,3951000,811500,653300,0,2972,0,5,0,0,0,0,0,0
141,3514067501,19706,1552950,2479050,5552350,7018600,16602950,16718450,1403,5401750,1908500,1726150,0,3612,0,5,0,0,0,0,0,0
142,2741972910,19707,846950,2446300,5620250,7261050,16174550,16720450,1352,5456150,1864400,606800,0,3612,0,5,0,0,0,0,0,0
143,28497579,19708,858200,1977100,3982900,9789200,16607400,16721500,1769,3830350,811600,647150,0,2972,0,5,0,0,0,0,0,0
144,466729326,19709,859150,3332900,5227500,7189250,16608800,16720050,1317,5071500,1483450,1332100,0,3612,0,5,0,0,0,0,0,0
145,3425349295,19710,864000,3247850,5480450,7017350,16609650,16722400,930,5325950,1487950,1324100,0,3612,0,5,0,0,0,0,0,0
146,1537640620,19711,869550,2852200,3991000,8872950,16585700,16712950,1670,3829100,810700,654800,0,2972,0,5,0,0,0,0,0,0
147,1853842891,19712,1424850,2457400,5571100,7265000,16718350,16836250,1376,5421200,1912300,1739800,0,3612,0,5,0,0,0,0,0,0
148,1177024904,19713,852450,2443850,5553950,7637500,16487750,16603800,1446,5385750,1802200,1610500,0,4252,0,5,0,0,0,0,0,0
149,4106734849,19714,842450,1966950,5224650,8570600,16604650,16717350,1652,5074050,1976400,1781100,0,3612,0,5,0,0,0,0,0,0
150,2025356500,19715,850950,3273650,5408400,7068950,16601950,16719800,1277,5254100,1505100,1339700,0,4252,0,5,0,0,0,0,0,0
151,2189605121,19716,858450,3249500,5081300,7415050,16604300,16717750,1301,4933600,1307050,1142800,0,3932,0,5,0,0,0,0,0,0
152,4086136290,19717,1510000,2029850,4220500,8845800,16606150,16723450,1657,4068050,1072850,916100,0,3292,0,5,0,0,0,0,0,0
153,4036669705,19718,1319250,2468200,5224850,7592900,16605200,16719550,1448,5070150,1552400,1377150,0,3612,0,5,0,0,0,0,0,0
154,4167980074,19719,878300,3474000,5041500,6423600,15817400,16717150,1047,4890850,1255200,1101200,0,3612,0,5,0,0,0,0,0,0
155,51187407,19720,863350,4365350,3955200,7415000,16598900,16719450,1354,3793900,804200,649550,0,2972,0,5,0,0,0,0,0,0
156,2242638442,19721,866150,3261300,5051950,7427850,16607250,16719450,1349,4895450,1251700,1094150,0,3612,0,5,0,0,0,0,0,0
157,2730108163,19722,865100,3245450,4909000,7585300,16604850,16719150,1347,4749950,1261850,1096050,0,3612,0,5,0,0,0,0,0,0
158,2718743917,19723,1424300,2032850,3953050,9387650,16797850,16918250,1691,3789750,799650,644550,0,2972,0,5,0,0,0,0,0,0
159,3391709842,19724,863250,2480800,5198650,7859400,16402100,16521650,1501,5052100,1539550,1363200,0,3612,0,5,0,0,0,0,0,0
160,1164604273,19725,850650,3428700,4817550,7508800,16605700,16717150,1386,4657250,2110100,1934550,0,3612,0,5,0,0,0,0,0,0
161,2148591176,19726,856700,2825400,3851400,9075450,16608950,16720650,1760,3701150,1602250,1416800,0,2972,0,5,0,0,0,0,0,0
162,4192737573,19727,870250,3256950,4928600,7546500,16602300,16718100,1369,4769250,1252900,1094950,0,3612,0,5,0,0,0,0,0,0
163,535584840,19728,1505700,2535600,5678550,6883150,16603000,16720050,1374,5530400,2042650,1870950,0,3612,0,5,0,0,0,0,0,0
164,3430794475,19729,1468000,2019050,3938450,9178400,16603900,16718050,1639,3784150,812550,652650,0,2972,0,5,0,0,0,0,0,0
165,776323552,19730,862400,2493150,5207850,8042300,16605700,16721150,1537,4203900,1580050,1392550,0,3612,0,5,0,0,0,0,0,0
166,3330991427,19731,848900,3381050,4827750,7545550,16603250,16717450,1410,4670450,1257300,1101050,0,3612,0,5,0,0,0,0,0,0
167,3282074430,19732,863550,2902350,4253300,8586350,16605550,16718350,1637,4098150,823000,656200,0,2972,0,5,0,0,0,0,0,0
168,2597814595,19733,869000,3242900,4854950,7643000,16609850,16722800,1381,4694350,1249750,1094200,0,3612,0,5,0,0,0,0,0,0
169,2225601370,19734,1501750,2512000,5550100,7338050,16901900,17017350,1388,5396800,1907350,1736050,0,3612,0,5,0,0,0,0,0,0
170,3716853465,19735,860700,1993150,4090050,9356650,16300550,16418850,1674,3925600,813000,652500,0,2972,0,5,0,0,0,0,0,0
171,1080675697,19736,872700,8815900,8932000,14699550,33320150,33438700,2740,8769000,1350450,1192600,0,7272,0,5,0,0,0,0,0,0
172,219920238,19737,854000,8553250,9482000,14434350,33323600,33437600,2827,9300150,1932750,1758500,0,7312,0,5,0,0,0,0,0,0
173,3070385651,19738,1390050,1995250,4047400,9174650,16607350,16723050,1637,3894500,815700,656500,0,3012,0,5,0,0,0,0,0,0
174,2609556270,19739,853750,2460750,5320800,7960100,16595400,16715450,1521,5148750,1692900,1524200,0,3612,0,5,0,0,0,0,0,0
175,141401383,19740,828950,3393800,4868750,7513850,16605350,16722200,1405,4723600,1269550,1110050,0,3612,0,5,0,0,0,0,0,0
176,3034105280,19741,857450,2751550,3856050,9141950,16607000,16718300,1764,3699350,1591950,1413250,0,2972,0,5,0,0,0,0,0,0
177,3029196371,19742,843400,3252800,4914100,7601100,16611400,16720250,1275,4765100,1264300,1103450,0,3612,0,5,0,0,0,0,0,0
178,699378668,19743,1552200,2501400,5498750,7434050,16986400,17101100,1410,5342650,1917900,1747300,0,3612,0,5,0,0,0,0,0,0
179,2402609405,19744,843200,1970000,3970850,9439650,16223700,16335400,1692,3810150,815800,653250,0,2972,0,5,0,0,0,0,0,0
CSV_END

STUDY_DONE_a63062767fbc=0
# 