/tmp/app --transport apb --state-frame 1800 --frames 180 --warmup 30 --wait spin --profile detailed --csv /tmp/transport-frames.csv --retained --dump /tmp/transport-frame.raw && printf "CSV_BEGIN\n" && cat /tmp/transport-frames.csv && printf "CSV_END\n"; study_status=$?; printf "\nSTUDY_DONE_a254a969b64e=%s\n" "$study_status"
TRANSPORT mode=apb dma_minimum=64
BEGIN_BREAKOUT frames=180 warmup=30 fixed=0 blocks=40 tiles=1 hud=1 wait=spin replay=0 state_frame=1800 profile=detailed pixel_centers=1 clock_call_ns=7431
HW_COUNTERS unavailable
RESULT frames=180 elapsed_s=3.076294650 fps=58.511950 logic_ms=0.899025 api_ms=2.410955 swap_ms=4.395631 wait_ms=9.192781 worker_inclusive_ms=4.184139 upload_inclusive_ms=1.198464 write_ms=1.014446 bytes_per_frame=3235.56 p50_ms=16.719150 p95_ms=17.051600 max_ms=33.439100 late_60hz=162 first_count=4355 last_count=4534 state_hash=1022e19f remaining=21 score=190
RENDER_PATH retained=1 grouped=0 quads=462 full_frames=0
FRAME_CHECK count=4534 address=9fe00000 fnv1a=9868c45b pixels=307200 mismatches=0
BREAKOUT_PASS
CSV_BEGIN
frame,state_hash,display_count,logic_ns,api_ns,swap_ns,wait_ns,total_ns,completion_interval_ns,polls,worker_inclusive_ns,upload_inclusive_ns,write_ns,read_ns,write_bytes,read_bytes,write_calls,read_calls,dma_copy_ns,dma_launch_ns,dma_completion_wait_ns,dma_bytes,dma_lists
0,2110160739,4355,780050,2279700,5336900,8257700,16654350,16664750,1586,5169000,1724900,1561350,0,3612,0,5,0,0,0,0,0,0
1,1693181783,4356,765500,1760200,3952400,10110050,16588150,16720500,1839,2947800,818350,672750,0,2972,0,5,0,0,0,0,0,0
2,802378003,4357,763600,2630050,4159550,9035000,16588200,16720000,1746,3991100,1888400,1714500,0,2972,0,5,0,0,0,0,0,0
3,773631361,4358,773700,2948650,4678100,8194250,16594700,16717700,1516,4492100,949900,793400,0,3612,0,5,0,0,0,0,0,0
4,3600043099,4359,804450,1837700,4021100,8698050,15361300,16968050,1533,3849100,823950,669700,0,2972,0,5,0,0,0,0,0,0
5,1618316913,4360,781100,1774100,3989600,9793500,16338300,16470800,1738,3822950,813700,669400,0,2972,0,5,0,0,0,0,0,0
6,201713393,4361,770650,3150900,4525600,8142100,16589250,16720450,1558,4356650,1778950,1602850,0,3612,0,5,0,0,0,0,0,0
7,2011502881,4362,779300,2651650,4006950,9158400,16596300,16719900,1777,3830850,1731700,1560850,0,2972,0,5,0,0,0,0,0,0
8,3125474025,4363,780950,2552900,3979600,9276450,16589900,16715950,1764,3813850,1709150,686600,0,2972,0,5,0,0,0,0,0,0
9,1342287211,4364,777750,2904250,4558150,8350350,16590500,16720000,1480,4382150,940500,790800,0,3612,0,5,0,0,0,0,0,0
10,3857196809,4365,1306300,1831300,4022050,9424150,16583800,16719100,1698,3849750,821500,681650,0,2972,0,5,0,0,0,0,0,0
11,2240049260,4366,785850,7646050,8888500,15986550,33306950,33437650,3077,8701450,2275950,2103250,0,6632,0,5,0,0,0,0,0,0
12,1815897908,4367,829850,8329650,10107100,14048300,33314900,33439100,2720,9910950,2399350,2229300,0,7312,0,5,0,0,0,0,0,0
13,648884648,4368,1411350,1812800,4000600,9695100,16919850,17051600,1766,3842550,821400,674850,0,3012,0,5,0,0,0,0,0,0
14,2931991803,4369,789750,1786450,3971750,9704900,16252850,16389600,1759,3814750,814200,672600,0,2972,0,5,0,0,0,0,0,0
15,4227589206,4370,778550,2193950,5423600,8195400,16591500,16719850,1539,5260400,1764900,826300,0,3612,0,5,0,0,0,0,0,0
16,1986714807,4371,768800,2686450,3970950,9163100,16589300,16718250,1784,3795300,1704000,1542250,0,2972,0,5,0,0,0,0,0,0
17,28333542,4372,776100,2490750,4047500,9278350,16592700,16716250,1800,3890300,1780500,1596900,0,2972,0,5,0,0,0,0,0,0
18,842458438,4373,771250,3001550,4550200,8275250,16598250,16723550,1529,4380300,947050,791450,0,3612,0,5,0,0,0,0,0,0
19,4035787358,4374,1422350,1778150,3986650,9419700,16606850,16734300,1698,3817600,809550,669550,0,2972,0,5,0,0,0,0,0,0
20,3966921526,4375,785050,1769000,4262200,9750700,16566950,16701000,1759,4103350,814200,666350,0,2972,0,5,0,0,0,0,0,0
21,3331783808,4376,778700,3131000,4615350,8062450,16587500,16719350,1538,4438250,1839350,1665450,0,3612,0,5,0,0,0,0,0,0
22,1855912102,4377,771000,2765300,4008350,9050550,16595200,16722800,786,3843100,1749100,1573900,0,2972,0,5,0,0,0,0,0,0
23,3437663592,4378,805100,4233000,3993550,7549100,16580750,16718800,1370,3821600,817500,671500,0,2972,0,5,0,0,0,0,0,0
24,3162062844,4379,1449850,2260200,4541150,8330400,16581600,16716300,1148,4369300,938800,789850,0,3612,0,5,0,0,0,0,0,0
25,1213835568,4380,795000,1779050,4153950,9299000,16027000,16719650,1667,3994250,819700,669250,0,2972,0,5,0,0,0,0,0,0
26,4133797692,4381,786200,1772250,3946200,10088000,16592650,16720850,1840,3788250,818900,670800,0,2972,0,5,0,0,0,0,0,0
27,256876650,4382,820500,3136350,5835150,5157200,14949200,16720300,1004,5661750,2061700,1904650,0,4252,0,5,0,0,0,0,0,0
28,482917404,4383,777400,2550600,4360450,8907600,16596050,16716750,1717,4198050,1998150,1819350,0,3612,0,5,0,0,0,0,0,0
29,1264633954,4384,774200,2457550,4245550,9114450,16591750,16718250,1730,4070300,875600,727550,0,3292,0,5,0,0,0,0,0,0
30,3606135978,4385,1337550,2242050,5741650,7378850,16700100,16832050,1400,5569450,2073900,1911400,0,3932,0,5,0,0,0,0,0,0
31,2630115922,4386,785400,1762800,3985050,9951600,16484850,16607050,1773,3820050,812800,672700,0,2972,0,5,0,0,0,0,0,0
32,3881483034,4387,783100,1785900,3957750,10062200,16588950,16722050,1742,3796650,824500,675450,0,2972,0,5,0,0,0,0,0,0
33,2944919204,4388,778200,3119000,5080200,7605200,16582600,16718150,1401,4912000,1282900,1126150,0,3612,0,5,0,0,0,0,0,0
34,646532490,4389,789650,2528700,3966600,9303250,16588200,16719100,1761,3799700,837500,680750,0,2972,0,5,0,0,0,0,0,0
35,2877853796,4390,1395400,1802000,4046400,9352150,16595950,16720150,1780,3883250,817550,672550,0,2972,0,5,0,0,0,0,0,0
36,1922367648,4391,793800,2235300,5609450,7509250,16147800,16717100,1425,5440050,1958450,1799850,0,3612,0,5,0,0,0,0,0,0
37,1795563108,4392,782050,1744000,3988600,10077950,16592600,16718550,1796,3831800,819550,670100,0,2972,0,5,0,0,0,0,0,0
38,214631552,4393,782200,2626350,3077250,10100750,16586550,16720000,1831,2918150,820950,672750,0,2972,0,5,0,0,0,0,0,0
39,1929726190,4394,785000,2935750,5088500,7785050,16594300,16720750,1439,4920100,1280900,1125950,0,3612,0,5,0,0,0,0,0,0
40,1190506064,4395,784150,2519000,4153550,9134050,16590750,16719500,1701,3986800,838900,686100,0,2972,0,5,0,0,0,0,0,0
41,3268351150,4396,1341050,1787600,3947800,9703900,16780350,16917450,1767,3781550,820400,674050,0,2972,0,5,0,0,0,0,0,0
42,118037070,4397,776600,2223850,5609700,7760150,16370300,16518500,1479,5445600,1958500,1796250,0,3612,0,5,0,0,0,0,0,0
43,1955195062,4398,776200,1744250,3974400,10101750,16596600,16719050,1803,3809950,818500,669350,0,2972,0,5,0,0,0,0,0,0
44,1797432467,4399,771250,2706250,4024800,9086950,16589250,16722600,1760,3851900,1763950,1588900,0,2972,0,5,0,0,0,0,0,0
45,1035442557,4400,786750,3222200,5034050,7552600,16595600,16718650,1378,4865250,1287350,1135200,0,3612,0,5,0,0,0,0,0,0
46,2267612867,4401,777650,2487250,4043750,9270300,16578950,16718300,1761,3880850,822900,671350,0,2972,0,5,0,0,0,0,0,0
47,1217717069,4402,1397700,1773450,4017750,9404050,16592950,16719150,1692,3850750,818800,671650,0,2972,0,5,0,0,0,0,0,0
48,1461268009,4403,778400,2228300,5565650,8016850,16589200,16722100,1534,5401850,1945450,1787850,0,3612,0,5,0,0,0,0,0,0
49,2370304197,4404,769200,1738000,3917950,10163700,16588850,16716450,1851,3755350,816900,667650,0,2972,0,5,0,0,0,0,0,0
50,655561417,4405,812500,2865050,4049350,8071050,15797950,16718800,1501,3881050,824100,670900,0,2972,0,5,0,0,0,0,0,0
51,524675839,4406,795450,2919200,5389600,7479650,16583900,16719050,1358,5213550,1516300,1362100,0,4252,0,5,0,0,0,0,0,0
52,1155835041,4407,1409850,1818450,4537200,9109650,16875150,17005400,1632,4369100,1288200,1139250,0,3612,0,5,0,0,0,0,0,0
53,214853719,4408,786600,1752850,4475100,9292850,16307400,16436950,1663,4315750,1097700,954800,0,3292,0,5,0,0,0,0,0,0
54,3035389575,4409,775000,2224300,5522650,8063800,16585750,16717700,1540,4493350,1873000,1697300,0,3932,0,5,0,0,0,0,0,0
55,1549109231,4410,764000,3093050,5073200,7649550,16579800,16720450,1413,4901250,2780300,2580500,0,2972,0,5,0,0,0,0,0,0
56,66132623,4411,792600,2565450,4112100,9118100,16588250,16717050,1762,3959250,1843900,1671350,0,2972,0,5,0,0,0,0,0,0
57,3504604473,4412,774850,2877900,5112600,7829700,16595050,16721750,1351,4940900,1501750,1349200,0,3612,0,5,0,0,0,0,0,0
58,1691498415,4413,1264250,1805150,3991850,9519800,16581050,16717250,1718,3822300,820800,676800,0,2972,0,5,0,0,0,0,0,0
59,4055346753,4414,788800,1766350,4000350,10030600,16586100,16718450,1787,3837150,820650,674050,0,2972,0,5,0,0,0,0,0,0
60,4185240021,4415,778650,3181400,5084350,7546000,16590400,16722050,1426,4918450,2348150,2179800,0,3612,0,5,0,0,0,0,0,0
61,380494641,4416,770500,2607100,4024450,9188750,16590800,16715950,1782,3849650,1753000,691950,0,2972,0,5,0,0,0,0,0,0
62,648826037,4417,790000,2546800,4010350,9245800,16592950,16720450,1740,3848650,839550,689050,0,2972,0,5,0,0,0,0,0,0
63,457329003,4418,1431450,2228250,5914850,7394400,16968950,17090650,1403,5738450,2269000,2111550,0,3612,0,5,0,0,0,0,0,0
64,3359035981,4419,779700,1763550,4017500,9663500,16224250,16350450,1751,3853200,829850,675100,0,2972,0,5,0,0,0,0,0,0
65,1526400123,4420,774900,1754900,3991900,10064350,16586050,16715100,1792,3836300,815600,666650,0,2972,0,5,0,0,0,0,0,0
66,1691524227,4421,774850,3174650,5111400,7524750,16585650,16719450,1402,4945150,1506950,1362800,0,3612,0,5,0,0,0,0,0,0
67,1475349003,4422,770750,2484100,4020500,9323400,16598750,16723200,1810,3856700,1744600,1567600,0,2972,0,5,0,0,0,0,0,0
68,485644907,4423,784950,2516750,4141950,9145950,16589600,16714750,1704,3981600,830600,682550,0,2972,0,5,0,0,0,0,0,0
69,1050479637,4424,1325500,2207400,5737300,7673600,16943800,17071450,1401,5572350,2073850,1911750,0,3612,0,5,0,0,0,0,0,0
70,3204525547,4425,776550,1775050,4000050,9683900,16235550,16369050,1748,3837550,825200,672050,0,2972,0,5,0,0,0,0,0,0
71,4185398997,4426,774100,1758550,3950400,10105500,16588550,16717200,1808,3789050,818450,670700,0,2972,0,5,0,0,0,0,0,0
72,3094072225,4427,775650,3106450,5260800,7446000,16588900,16722650,1366,5100100,1506850,1349000,0,3612,0,5,0,0,0,0,0,0
73,1835371693,4428,772450,2496050,3987550,9334700,16590750,16717000,1800,3815100,824300,674300,0,2972,0,5,0,0,0,0,0,0
74,2168771505,4429,820950,1811950,3996950,8408950,15038800,16719000,1553,3834000,825250,669850,0,2972,0,5,0,0,0,0,0,0
75,4059398759,4430,782750,2193700,5601350,7449400,16027200,16721550,1412,5439300,1832300,1669700,0,4252,0,5,0,0,0,0,0,0
76,644479865,4431,773800,1778500,5613000,8429550,16594850,16720750,1625,5453700,1957700,1795250,0,3612,0,5,0,0,0,0,0,0
77,1914197423,4432,777250,2585200,4212050,9017950,16592450,16719000,1752,4049800,1894350,1741900,0,3292,0,5,0,0,0,0,0,0
78,430804047,4433,779050,3121600,5525800,7162650,16589100,16715650,1298,5358750,1705150,1542400,0,3932,0,5,0,0,0,0,0,0
79,3866048775,4434,786800,2501500,4086250,9214750,16589300,16722450,1748,3915200,821850,673100,0,2972,0,5,0,0,0,0,0,0
80,7140231,4435,1342600,1789950,3949650,9643800,16726000,16859350,1754,3789450,837300,687000,0,2972,0,5,0,0,0,0,0,0
81,1511961547,4436,783000,2198050,5544850,7920300,16446200,16579750,1515,5374750,1718550,1555700,0,3612,0,5,0,0,0,0,0,0
82,376629139,4437,778150,3140650,5070000,7597800,16586600,16715500,1425,4904750,2313300,2140400,0,3612,0,5,0,0,0,0,0,0
83,1861594235,4438,799800,2623000,4003700,9689550,17116050,17239950,1349,3829800,1732300,691350,0,2972,0,5,0,0,0,0,0,0
84,1702339483,4439,807350,6526800,4127250,4601300,16062700,16201100,838,3956900,828000,678000,0,2972,0,5,0,0,0,0,0,0
85,966101579,4440,1456450,1800600,4043000,9286450,16586500,16720000,1480,3882650,820900,674400,0,2972,0,5,0,0,0,0,0,0
86,2786182811,4441,1475400,1812300,3986000,9306550,16580250,16716650,1669,3819950,824250,669550,0,2972,0,5,0,0,0,0,0,0
87,3655782539,4442,787450,1767950,4015850,10016350,16587600,16718600,1786,3852250,817250,668500,0,2972,0,5,0,0,0,0,0,0
88,3735461922,4443,781500,1795400,3908000,10106850,16591750,16721450,1834,2912250,822400,677000,0,2972,0,5,0,0,0,0,0,0
89,270833838,4444,774900,2586800,4035150,9193100,16589950,16719250,1781,3874850,1771150,687250,0,2972,0,5,0,0,0,0,0,0
90,930095294,4445,774500,2527400,4120800,9162400,16585100,16717100,1708,3958700,839100,686150,0,2972,0,5,0,0,0,0,0,0
91,1273808962,4446,1360650,1779950,3956400,9729250,16826250,16954650,1774,3785300,814700,669200,0,2972,0,5,0,0,0,0,0,0
92,1953673858,4447,782800,1770050,3990250,9814200,16357300,16486850,1779,3823950,822100,672750,0,2972,0,5,0,0,0,0,0,0
93,4057475070,4448,779400,1752750,3974500,10079450,16586100,16718650,1796,3811250,816550,669050,0,2972,0,5,0,0,0,0,0,0
94,3372198854,4449,772450,2719350,3999450,9095250,16586500,16720900,1705,3821100,1745200,1591100,0,2972,0,5,0,0,0,0,0,0
95,2335202154,4450,773700,2538600,4032550,9253700,16598550,16718000,1792,3863650,1740100,1555150,0,2972,0,5,0,0,0,0,0,0
96,2170853250,4451,777400,2530600,4062600,9223200,16593800,16717550,1722,3902850,821000,670550,0,2972,0,5,0,0,0,0,0,0
97,1829955022,4452,821750,1793350,4049650,8562650,15227400,16721350,1506,3877650,824550,670050,0,2972,0,5,0,0,0,0,0,0
98,1856045454,4453,783650,1774550,3966650,10061550,16586400,16719400,1830,3806700,820050,670550,0,2972,0,5,0,0,0,0,0,0
99,2544683154,4454,778700,1751850,5202500,8858500,16591550,16718950,1686,5045950,1953750,1793850,0,3612,0,5,0,0,0,0,0,0
100,1531444578,4455,766350,2627900,4450300,8742650,16587200,16716900,1684,4284750,2095050,1922700,0,3612,0,5,0,0,0,0,0,0
101,1139277022,4456,784500,2482300,4452750,8875800,16595350,16720400,1683,4286450,1106550,956750,0,3292,0,5,0,0,0,0,0,0
102,2614530982,4457,1421050,1802350,4294300,9521400,17039100,17174500,1694,4130600,1102250,953050,0,3292,0,5,0,0,0,0,0,0
103,464765994,4458,786950,1751000,4013550,9577450,16128950,16263300,1730,3850900,821550,672250,0,2972,0,5,0,0,0,0,0,0
104,1592019490,4459,793050,1769150,3965200,10065300,16592700,16722650,1834,3806100,826400,674150,0,2972,0,5,0,0,0,0,0,0
105,66207950,4460,774750,2665450,3977200,9168800,16586200,16718800,1786,3798250,1706550,1550900,0,2972,0,5,0,0,0,0,0,0
106,2639428798,4461,784000,2678700,3973600,9152200,16588500,16717550,1769,3807650,838950,678300,0,2972,0,5,0,0,0,0,0,0
107,1495915330,4462,778950,2461900,4381000,8974850,16596700,16720350,1688,4214900,816950,672600,0,2972,0,5,0,0,0,0,0,0
108,4079891938,4463,1294250,1793800,3998150,9501750,16587950,16719800,1715,3827600,822450,677000,0,2972,0,5,0,0,0,0,0,0
109,1204987230,4464,789400,1747500,4127400,9921200,16585500,16718550,1801,3970650,821450,677750,0,2972,0,5,0,0,0,0,0,0
110,949029318,4465,784900,1762100,3940400,10097000,16584400,16716600,1837,3776400,828000,676400,0,2972,0,5,0,0,0,0,0,0
111,2727127274,4466,778050,2627150,4000550,9186750,16592500,16721750,1784,3823550,1746800,1580150,0,2972,0,5,0,0,0,0,0,0
112,2443393666,4467,776400,2527050,4119950,9169250,16592650,16720000,1759,3959800,834900,683000,0,2972,0,5,0,0,0,0,0,0
113,434260526,4468,1417900,1789000,4017700,9368700,16593300,16720200,1779,3838300,810550,670550,0,2972,0,5,0,0,0,0,0,0
114,2637634158,4469,786050,1765300,3984600,9654300,16190250,16719250,1749,3826900,824300,678300,0,2972,0,5,0,0,0,0,0,0
115,4248248050,4470,792400,1733450,3991300,10070600,16587750,16716850,1799,3834400,820450,671800,0,2972,0,5,0,0,0,0,0,0
116,663154818,4471,773000,2636400,5348650,7827500,16585550,16717700,1453,2923700,827700,677600,0,2972,0,5,0,0,0,0,0,0
117,1461428606,4472,808000,2486250,4071050,9221000,16586300,16723250,1790,3909700,1776350,1592400,0,2972,0,5,0,0,0,0,0,0
118,3252362022,4473,783850,2544400,4132400,9128300,16588950,16715600,1695,3960250,822800,672650,0,2972,0,5,0,0,0,0,0,0
119,2423015338,4474,1312400,1774000,3967350,9726750,16780500,16906050,1687,3802950,814900,668350,0,2972,0,5,0,0,0,0,0,0
120,507309730,4475,800250,2750200,3946050,8103350,15599850,16533100,1559,2942750,826250,678600,0,2972,0,5,0,0,0,0,0,0
121,2882991293,4476,791150,1750300,3997800,10058750,16598000,16718800,1790,3831000,818350,668850,0,2972,0,5,0,0,0,0,0,0
122,3682963569,4477,779500,2700600,4021750,9086000,16587850,16720800,1761,3845950,1772450,1605050,0,2972,0,5,0,0,0,0,0,0
123,1404881069,4478,781450,2472950,4598600,8747750,16600750,16721450,1665,4428750,1284750,1137200,0,3612,0,5,0,0,0,0,0,0
124,624513273,4479,1418500,1819300,4581800,8766050,16585650,16716100,1618,4408500,1287850,1134250,0,3612,0,5,0,0,0,0,0,0
125,484090933,4480,785750,1763600,4356250,9224250,16129850,16720750,1655,4188000,1096200,955500,0,3292,0,5,0,0,0,0,0,0
126,2330053545,4481,791900,1761100,4265600,9766450,16585050,16720950,1767,4108900,1104100,951300,0,3292,0,5,0,0,0,0,0,0
127,3891445269,4482,783350,1738250,3915900,10149950,16587450,16719000,1815,2920500,816950,674300,0,2972,0,5,0,0,0,0,0,0
128,1947616753,4483,779000,2572950,4008850,9219150,16579950,16716900,1788,3852200,1763400,1589350,0,2972,0,5,0,0,0,0,0,0
129,965975981,4484,786550,2482050,4099550,9226900,16595050,16718350,1753,3935900,822500,673250,0,2972,0,5,0,0,0,0,0,0
130,2786931617,4485,1363400,1776800,3955250,9805750,16901200,17038350,1754,3791700,827850,681200,0,2972,0,5,0,0,0,0,0,0
131,4011087213,4486,801750,1754850,4012350,9695200,16264150,16401300,1755,3847350,820350,669450,0,2972,0,5,0,0,0,0,0,0
132,3703868376,4487,792800,1766850,4247400,9781350,16588400,16722000,1764,4082400,824200,673500,0,2972,0,5,0,0,0,0,0,0
133,212089708,4488,784550,2661050,3985100,9151700,16582400,16716850,1776,3812100,1731250,1563700,0,2972,0,5,0,0,0,0,0,0
134,737348112,4489,795700,2674400,3991200,9130900,16592200,16720250,1754,3829600,836250,685550,0,2972,0,5,0,0,0,0,0,0
135,1465149204,4490,1397550,1801500,4056000,9336600,16591650,16717900,1778,3892350,819850,672900,0,2972,0,5,0,0,0,0,0,0
136,3549792448,4491,1254150,1769750,4003400,9559250,16586550,16720350,1730,3832750,822500,676250,0,2972,0,5,0,0,0,0,0,0
137,3053421220,4492,783600,1748700,4124550,9927200,16584050,16720100,1803,3972350,818900,669800,0,2972,0,5,0,0,0,0,0,0
138,904563048,4493,780000,1771900,3941950,10086550,16580400,16717150,1826,2935950,824600,678350,0,2972,0,5,0,0,0,0,0,0
139,1363341148,4494,781000,2569200,4041300,9195300,16586800,16718650,1784,3879700,1764000,1589750,0,2972,0,5,0,0,0,0,0,0
140,3357813192,4495,790450,2538600,4257800,9004700,16591550,16719300,1710,4099850,841300,686450,0,2972,0,5,0,0,0,0,0,0
141,1376589724,4496,1400250,1772850,3962350,9716050,16851500,16987750,1768,3791400,817650,671050,0,2972,0,5,0,0,0,0,0,0
142,2806738240,4497,807050,1772450,3981000,9751150,16311650,16451350,1764,3825950,820250,672000,0,2972,0,5,0,0,0,0,0,0
143,1863420068,4498,781100,1760700,3984050,10059100,16584950,16718800,1792,3825550,816500,666850,0,2972,0,5,0,0,0,0,0,0
144,2368389248,4499,802850,2732050,4076300,8178150,15789350,16721150,1465,3909200,847350,691250,0,2972,0,5,0,0,0,0,0,0
145,3624800580,4500,794950,7315350,6957000,1521450,16588750,16717800,321,6769350,1731700,716200,0,2972,0,5,0,0,0,0,0,0
146,2708332264,4501,791800,2529450,4073850,9201950,16597050,16722450,1712,3911550,818850,669100,0,2972,0,5,0,0,0,0,0,0
147,3643166428,4502,2651150,2696500,4301050,6939500,16588200,16717950,1299,4131000,1884700,1701400,0,3612,0,5,0,0,0,0,0,0
148,1604903896,4503,781250,1775300,4240650,9789550,16586750,16719150,1771,4075650,977250,827800,0,3612,0,5,0,0,0,0,0,0
149,499105388,4504,787000,1758200,4096800,9945250,16587250,16720700,1768,3933450,874250,724100,0,3292,0,5,0,0,0,0,0,0
150,3393190256,4505,774700,2626650,4126600,9052400,16580350,16718450,1753,3953300,1825500,1648650,0,3292,0,5,0,0,0,0,0,0
151,1752164884,4506,784050,2489850,4079750,9241000,16594650,16716350,1768,3899850,824700,675350,0,2972,0,5,0,0,0,0,0,0
152,112950176,4507,1430750,1808000,3992750,9744250,16975750,17109350,1736,3831650,832700,683050,0,2972,0,5,0,0,0,0,0,0
153,218377828,4508,794500,1758550,4021200,9621850,16196100,16329150,1740,3861600,817750,671850,0,2972,0,5,0,0,0,0,0,0
154,1614877672,4509,793150,1770300,3969400,10054250,16587100,16722800,1831,3811250,826100,675000,0,2972,0,5,0,0,0,0,0,0
155,624660060,4510,791150,2641150,3967450,9188150,16587900,16717000,1761,3792750,1690350,1537550,0,2972,0,5,0,0,0,0,0,0
156,1646146728,4511,790600,2565650,4020900,9212800,16589950,16721600,1785,3862600,1738150,1565550,0,2972,0,5,0,0,0,0,0,0
157,2550301372,4512,785300,2789400,4004500,9016000,16595200,16719550,1705,3834600,821900,675100,0,2972,0,5,0,0,0,0,0,0
158,172327680,4513,1336600,1786400,3991250,9652350,16766600,16898950,1717,3811750,819550,668650,0,2972,0,5,0,0,0,0,0,0
159,28774455,4514,804850,7459850,8697350,16162550,33124600,33258300,3121,8514500,2252350,2076850,0,6632,0,5,0,0,0,0,0,0
160,1278562831,4515,793650,7544800,8911350,16058500,33308300,33437900,3017,8738000,1512400,1365950,0,6672,0,5,0,0,0,0,0,0
161,1878041307,4516,1427250,1784500,4051750,9328050,16591550,16719950,1770,3888700,826200,681850,0,3012,0,5,0,0,0,0,0,0
162,2842495315,4517,782450,1763250,4002350,9637900,16185950,16718700,1749,3839400,816250,664850,0,2972,0,5,0,0,0,0,0,0
163,942955647,4518,773050,1746450,4119350,9953350,16592200,16720450,1810,3966000,820100,668150,0,2972,0,5,0,0,0,0,0,0
164,3104849743,4519,767350,2644250,3067700,10105650,16584950,16719050,1821,2907750,819150,673900,0,2972,0,5,0,0,0,0,0,0
165,2914266731,4520,779150,2512650,4045800,9258150,16595750,16718400,1798,3883950,1785300,1604050,0,2972,0,5,0,0,0,0,0,0
166,4064468955,4521,773750,2562900,4272600,8980700,16589950,16719200,1700,4106250,822600,676250,0,2972,0,5,0,0,0,0,0,0
167,3195515191,4522,1322300,1757550,3970850,9668050,16718750,16845100,1679,3802150,820300,672800,0,2972,0,5,0,0,0,0,0,0
168,978211615,4523,786250,1765100,4240950,9669600,16461900,16594950,1751,4080750,974450,823150,0,3612,0,5,0,0,0,0,0,0
169,2835071531,4524,780750,1741800,4279350,9785550,16587450,16715300,1734,4115950,972000,821850,0,3612,0,5,0,0,0,0,0,0
170,2067386771,4525,761800,2701650,4231200,8898550,16593200,16720450,1721,4059250,1887350,1716700,0,3612,0,5,0,0,0,0,0,0
171,1313815599,4526,762100,2468200,4107350,9266500,16604150,16718250,1795,3937500,894100,738300,0,3292,0,5,0,0,0,0,0,0
172,2403178911,4527,1417600,1800800,4121100,9251300,16590800,16721400,1722,3958800,885100,728850,0,3292,0,5,0,0,0,0,0,0
173,2922328731,4528,1248200,1746700,4009750,9588350,16593000,16719700,1739,3847600,824600,670550,0,2972,0,5,0,0,0,0,0,0
174,984914827,4529,769550,1767200,3982300,10062800,16581850,16717950,1828,3823050,822500,668550,0,2972,0,5,0,0,0,0,0,0
175,3908989879,4530,767550,1746950,3916950,10163400,16594850,16721850,1429,2915200,817550,673350,0,2972,0,5,0,0,0,0,0,0
176,3999582383,4531,794400,2644700,4031350,9105900,16576350,16718600,1764,3874050,1775900,1602750,0,2972,0,5,0,0,0,0,0,0
177,407226939,4532,772450,2501200,4125150,9188250,16587050,16717300,1746,3956200,825150,675500,0,2972,0,5,0,0,0,0,0,0
178,1756548563,4533,1386800,1771900,3984150,9667300,16810150,16955600,1722,3815600,830300,683000,0,2972,0,5,0,0,0,0,0,0
179,270721439,4534,778950,1746000,4021100,9812850,16358900,16483750,1720,3860100,822700,675600,0,2972,0,5,0,0,0,0,0,0
CSV_END

STUDY_DONE_a254a969b64e=0
# 