/tmp/app-lto --transport apb --state-frame 0 --frames 180 --warmup 30 --wait spin --profile detailed --csv /tmp/transport-frames.csv --replay --dump /tmp/transport-frame.raw && printf "CSV_BEGIN\n" && cat /tmp/transport-frames.csv && printf "CSV_END\n"; study_status=$?; printf "\nSTUDY_DONE_b5d11fd2a766=%s\n" "$study_status"
TRANSPORT mode=apb dma_minimum=64
BEGIN_BREAKOUT frames=180 warmup=30 fixed=1 blocks=40 tiles=1 hud=1 wait=spin replay=1 state_frame=0 profile=detailed pixel_centers=1 clock_call_ns=4831
HW_COUNTERS unavailable
RESULT frames=180 elapsed_s=3.059215700 fps=58.838610 logic_ms=0.879156 api_ms=0.013252 swap_ms=11.029195 wait_ms=4.904519 worker_inclusive_ms=0.000000 upload_inclusive_ms=0.000000 write_ms=7.053987 bytes_per_frame=34372.00 p50_ms=16.719650 p95_ms=17.017450 max_ms=33.438400 late_60hz=163 first_count=8213 last_count=8392 state_hash=de3c9d08 remaining=40 score=0
RENDER_PATH retained=0 grouped=0 quads=0 full_frames=0
FRAME_CHECK count=8392 address=9fe00000 fnv1a=16e1fedb pixels=307200 mismatches=0
BREAKOUT_PASS
CSV_BEGIN
frame,state_hash,display_count,logic_ns,api_ns,swap_ns,wait_ns,total_ns,completion_interval_ns,polls,worker_inclusive_ns,upload_inclusive_ns,write_ns,read_ns,write_bytes,read_bytes,write_calls,read_calls,dma_copy_ns,dma_launch_ns,dma_completion_wait_ns,dma_bytes,dma_lists
0,3728514312,8213,761100,5750,10391450,5135300,16293600,16303300,855,0,0,6401100,0,34372,0,5,0,0,0,0,0,0
1,3728514312,8214,756500,7400,10359500,5479350,16602750,16720850,950,0,0,5677750,0,34372,0,5,0,0,0,0,0,0
2,3728514312,8215,824600,7300,11275100,3715800,15822800,16718200,669,0,0,7191100,0,34372,0,5,0,0,0,0,0,0
3,3728514312,8216,750850,5750,11217800,4629950,16604350,16721350,867,0,0,7987200,0,34372,0,5,0,0,0,0,0,0
4,3728514312,8217,751000,5650,11195550,4651050,16603250,16718800,868,0,0,6526200,0,34372,0,5,0,0,0,0,0,0
5,3728514312,8218,1315550,9150,10366650,4968200,16659550,16774700,845,0,0,6429500,0,34372,0,5,0,0,0,0,0,0
6,3728514312,8219,754350,5750,10449200,5341800,16551100,16663150,928,0,0,6406550,0,34372,0,5,0,0,0,0,0,0
7,3728514312,8220,766000,5750,11214650,4632100,16618500,16717850,839,0,0,7945250,0,34372,0,5,0,0,0,0,0,0
8,3728514312,8221,766150,7300,11264950,4578200,16616600,16720200,874,0,0,7405350,0,34372,0,5,0,0,0,0,0,0
9,3728514312,8222,744400,5750,11121800,4740600,16612550,16717450,888,0,0,7138050,0,34372,0,5,0,0,0,0,0,0
10,3728514312,8223,1387300,5850,10595900,4618100,16607150,16721250,861,0,0,7384950,0,34372,0,5,0,0,0,0,0,0
11,3728514312,8224,755250,8700,10334400,5086800,16185150,16718450,862,0,0,6354150,0,34372,0,5,0,0,0,0,0,0
12,3728514312,8225,751000,5650,10436650,5414950,16608250,16722400,939,0,0,5739700,0,34372,0,5,0,0,0,0,0,0
13,3728514312,8226,758950,5750,11273650,4579450,16617800,16715000,886,0,0,7995300,0,34372,0,5,0,0,0,0,0,0
14,3728514312,8227,764700,7200,11215800,4633500,16621200,16719950,875,0,0,7373450,0,34372,0,5,0,0,0,0,0,0
15,3728514312,8228,752200,5750,11052050,4802800,16612800,16723200,895,0,0,6494500,0,34372,0,5,0,0,0,0,0,0
16,3728514312,8229,2727750,13250,11818700,2346600,16906300,17017450,384,0,0,7886250,0,34372,0,5,0,0,0,0,0,0
17,3728514312,8230,781850,5950,10375250,5143200,16306250,16419950,881,0,0,6356050,0,34372,0,5,0,0,0,0,0,0
18,3728514312,8231,762200,5650,11065250,4770900,16604000,16718200,934,0,0,7147200,0,34372,0,5,0,0,0,0,0,0
19,3728514312,8232,746400,5850,11296900,4555450,16604600,16717050,871,0,0,8058000,0,34372,0,5,0,0,0,0,0,0
20,3728514312,8233,756950,5650,11584800,4267500,16614900,16723150,784,0,0,6870750,0,34372,0,5,0,0,0,0,0,0
21,3728514312,8234,759250,613800,10325700,4906650,16605400,16717400,915,0,0,6482300,0,34372,0,5,0,0,0,0,0,0
22,3728514312,8235,1267900,7200,10389350,4940250,16604700,16718600,805,0,0,6404050,0,34372,0,5,0,0,0,0,0,0
23,3728514312,8236,758100,5850,10375600,5465500,16605050,16721800,950,0,0,6356400,0,34372,0,5,0,0,0,0,0,0
24,3728514312,8237,746950,5650,11140150,4712650,16605400,16719800,916,0,0,7867600,0,34372,0,5,0,0,0,0,0,0
25,3728514312,8238,806700,8800,11224250,3798200,15837950,16716000,645,0,0,6513300,0,34372,0,5,0,0,0,0,0,0
26,3728514312,8239,773450,5650,11129250,4696750,16605100,16719000,878,0,0,6520100,0,34372,0,5,0,0,0,0,0,0
27,3728514312,8240,1361950,9000,10376550,5091450,16838950,16951950,872,0,0,6435350,0,34372,0,5,0,0,0,0,0,0
28,3728514312,8241,749050,5750,10454250,5165450,16374500,16488050,861,0,0,6405500,0,34372,0,5,0,0,0,0,0,0
29,3728514312,8242,772550,5850,10992400,4850250,16621050,16721600,950,0,0,6304600,0,34372,0,5,0,0,0,0,0,0
30,3728514312,8243,759300,5650,11186100,4651050,16602100,16715950,897,0,0,7951150,0,34372,0,5,0,0,0,0,0,0
31,3728514312,8244,741300,5850,11133550,4730050,16610750,16719900,887,0,0,7144300,0,34372,0,5,0,0,0,0,0,0
32,3728514312,8245,753300,5650,11213050,4647750,16619750,16719950,805,0,0,7179750,0,34372,0,5,0,0,0,0,0,0
33,3728514312,8246,1374950,9100,10341300,4880100,16605450,16719000,826,0,0,6360300,0,34372,0,5,0,0,0,0,0,0
34,3728514312,8247,748250,5650,10436150,5408400,16598450,16719850,942,0,0,6410100,0,34372,0,5,0,0,0,0,0,0
35,3728514312,8248,742700,5850,17869350,14702350,33320250,33435900,2753,0,0,14550800,0,34372,0,5,0,0,0,0,0,0
36,3728514312,8249,790950,5650,11133900,4680950,16611450,16723350,875,0,0,7166300,0,34372,0,5,0,0,0,0,0,0
37,3728514312,8250,1414400,8900,10568750,4924600,16916650,17030050,835,0,0,6482900,0,34372,0,5,0,0,0,0,0,0
38,3728514312,8251,758950,5750,10437250,5091900,16293850,16408650,873,0,0,6412700,0,34372,0,5,0,0,0,0,0,0
39,3728514312,8252,749050,5850,11016650,4830950,16602500,16718600,946,0,0,6316200,0,34372,0,5,0,0,0,0,0,0
40,3728514312,8253,749200,5650,11373600,4473950,16602400,16718000,857,0,0,7427950,0,34372,0,5,0,0,0,0,0,0
41,3728514312,8254,747000,5850,11203900,4651550,16608300,16720450,870,0,0,7988500,0,34372,0,5,0,0,0,0,0,0
42,3728514312,8255,751050,5650,11047900,4794700,16599300,16716600,897,0,0,6493450,0,34372,0,5,0,0,0,0,0,0
43,3728514312,8256,1272300,9000,10528300,4796050,16605650,16719650,805,0,0,6575500,0,34372,0,5,0,0,0,0,0,0
44,3728514312,8257,759900,5750,11442500,4400750,16608900,16721700,856,0,0,6394600,0,34372,0,5,0,0,0,0,0,0
45,3728514312,8258,761200,5850,11490600,4345650,16603300,16716000,601,0,0,8206350,0,34372,0,5,0,0,0,0,0,0
46,3728514312,8259,807450,5650,11420450,4371950,16605500,16718600,820,0,0,7405500,0,34372,0,5,0,0,0,0,0,0
47,3728514312,8260,759300,5850,11127650,4712500,16605300,16720700,877,0,0,7147100,0,34372,0,5,0,0,0,0,0,0
48,3728514312,8261,846650,7300,11054650,3142450,15051050,16715400,670,0,0,7170500,0,34372,0,5,0,0,0,0,0,0
49,3728514312,8262,745250,5950,10373150,5069050,16193400,16722550,831,0,0,6355250,0,34372,0,5,0,0,0,0,0,0
50,3728514312,8263,764600,5650,11087650,4748600,16606500,16719000,930,0,0,6363900,0,34372,0,5,0,0,0,0,0,0
51,3728514312,8264,746900,5850,11115050,4738950,16606750,16719900,921,0,0,7839150,0,34372,0,5,0,0,0,0,0,0
52,3728514312,8265,752750,7200,11220500,4643450,16623900,16721450,846,0,0,7368800,0,34372,0,5,0,0,0,0,0,0
53,3728514312,8266,762500,5850,11047300,4787450,16603100,16716850,892,0,0,6477600,0,34372,0,5,0,0,0,0,0,0
54,3728514312,8267,1351600,5850,10388700,4945800,16691950,16804100,846,0,0,6470300,0,34372,0,5,0,0,0,0,0,0
55,3728514312,8268,752750,5950,10382200,5380100,16521000,16632750,906,0,0,6358500,0,34372,0,5,0,0,0,0,0,0
56,3728514312,8269,765150,5650,11389150,4453550,16613500,16722000,839,0,0,7472300,0,34372,0,5,0,0,0,0,0,0
57,3728514312,8270,751850,5850,11210650,4645800,16614150,16720900,891,0,0,7309200,0,34372,0,5,0,0,0,0,0,0
58,3728514312,8271,744200,5650,11152300,4708450,16610600,16718600,882,0,0,7172150,0,34372,0,5,0,0,0,0,0,0
59,3728514312,8272,1531200,8800,10360600,4707250,16607850,16717850,870,0,0,6441600,0,34372,0,5,0,0,0,0,0,0
60,3728514312,8273,779550,7300,10392450,5020600,16199900,16719800,860,0,0,6405500,0,34372,0,5,0,0,0,0,0,0
61,3728514312,8274,746250,5850,10380300,5473700,16606100,16719650,953,0,0,6354500,0,34372,0,5,0,0,0,0,0,0
62,3728514312,8275,749650,5650,11333400,4514800,16603500,16716750,873,0,0,8065100,0,34372,0,5,0,0,0,0,0,0
63,3728514312,8276,750150,5850,11186750,4667500,16610250,16722400,884,0,0,7319100,0,34372,0,5,0,0,0,0,0,0
64,3728514312,8277,765050,5650,11095700,4761400,16627800,16721150,892,0,0,6516350,0,34372,0,5,0,0,0,0,0,0
65,3728514312,8278,1373150,9000,10538800,4854250,16775200,16884600,822,0,0,6483800,0,34372,0,5,0,0,0,0,0,0
66,3728514312,8279,766150,5750,10425400,5244300,16441600,16552200,909,0,0,6405100,0,34372,0,5,0,0,0,0,0,0
67,3728514312,8280,755400,5850,10993300,4859250,16613800,16717500,955,0,0,7083400,0,34372,0,5,0,0,0,0,0,0
68,3728514312,8281,756500,5650,11377700,4469850,16609700,16718650,854,0,0,7461900,0,34372,0,5,0,0,0,0,0,0
69,3728514312,8282,751650,5850,11536250,4326050,16619800,16722650,793,0,0,6663800,0,34372,0,5,0,0,0,0,0,0
70,3728514312,8283,763300,5650,11022000,4815550,16606500,16719600,901,0,0,6493400,0,34372,0,5,0,0,0,0,0,0
71,3728514312,8284,817700,7850,11389250,3090050,15304850,16715450,566,0,0,8084250,0,34372,0,5,0,0,0,0,0,0
72,3728514312,8285,766850,7100,10465400,5376050,16615400,16724150,934,0,0,6433650,0,34372,0,5,0,0,0,0,0,0
73,3728514312,8286,756400,5850,11082200,4774500,16618950,16718850,931,0,0,7808000,0,34372,0,5,0,0,0,0,0,0
74,3728514312,8287,761850,5550,11365650,4481650,16614700,16717150,842,0,0,7358600,0,34372,0,5,0,0,0,0,0,0
75,3728514312,8288,756550,5850,11104250,4738200,16604850,16717450,881,0,0,7156850,0,34372,0,5,0,0,0,0,0,0
76,3728514312,8289,1392100,5850,12610500,2922000,16930450,17040800,529,0,0,7330150,0,34372,0,5,0,0,0,0,0,0
77,3728514312,8290,778000,6050,10360000,5141500,16285550,16398850,846,0,0,6359900,0,34372,0,5,0,0,0,0,0,0
78,3728514312,8291,766900,5550,13045350,2791800,16609600,16721950,448,0,0,6824300,0,34372,0,5,0,0,0,0,0,0
79,3728514312,8292,779950,5950,11155650,4656650,16598200,16715900,900,0,0,7906650,0,34372,0,5,0,0,0,0,0,0
80,3728514312,8293,756900,7100,11184250,4660300,16608550,16718350,843,0,0,7985600,0,34372,0,5,0,0,0,0,0,0
81,3728514312,8294,755650,5950,11254800,4593350,16609750,16722500,829,0,0,6462350,0,34372,0,5,0,0,0,0,0,0
82,3728514312,8295,1305700,8950,10377150,4916150,16607950,16719850,837,0,0,6415000,0,34372,0,5,0,0,0,0,0,0
83,3728514312,8296,752650,5950,10396650,5449800,16605050,16715450,921,0,0,6362050,0,34372,0,5,0,0,0,0,0,0
84,3728514312,8297,762700,5550,11137900,4707400,16613550,16720350,917,0,0,7854500,0,34372,0,5,0,0,0,0,0,0
85,3728514312,8298,743000,5950,11200250,4662650,16611850,16719100,892,0,0,7303550,0,34372,0,5,0,0,0,0,0,0
86,3728514312,8299,758650,7100,11116250,4738150,16620150,16718600,889,0,0,7147150,0,34372,0,5,0,0,0,0,0,0
87,3728514312,8300,1514800,8750,10394100,5034550,16952200,17066700,862,0,0,6438900,0,34372,0,5,0,0,0,0,0,0
88,3728514312,8301,762150,5650,10451350,5044450,16263600,16372500,864,0,0,6409350,0,34372,0,5,0,0,0,0,0,0
89,3728514312,8302,757150,5950,10370650,5489700,16623450,16723050,954,0,0,5673250,0,34372,0,5,0,0,0,0,0,0
90,3728514312,8303,749500,5550,11360350,4491150,16606550,16717200,864,0,0,8098350,0,34372,0,5,0,0,0,0,0,0
91,3728514312,8304,749950,5950,11204650,4650850,16611400,16721000,871,0,0,7320350,0,34372,0,5,0,0,0,0,0,0
92,3728514312,8305,758900,5550,11032750,4827950,16625150,16718800,907,0,0,6490200,0,34372,0,5,0,0,0,0,0,0
93,3728514312,8306,1311300,9100,10493250,5098850,16912500,17022350,816,0,0,6458200,0,34372,0,5,0,0,0,0,0,0
94,3728514312,8307,769850,5650,11116500,4413100,16305100,16413450,861,0,0,5737500,0,34372,0,5,0,0,0,0,0,0
95,3728514312,8308,811200,8900,18478500,13250300,32548900,33438400,2538,0,0,15176950,0,34372,0,5,0,0,0,0,0,0
96,3728514312,8309,802850,5550,11165300,4637050,16610750,16720200,866,0,0,7163800,0,34372,0,5,0,0,0,0,0,0
97,3728514312,8310,1386100,8800,10399450,4814400,16608750,16720450,892,0,0,7175600,0,34372,0,5,0,0,0,0,0,0
98,3728514312,8311,760300,5650,10574300,4860350,16200600,16716650,814,0,0,6551050,0,34372,0,5,0,0,0,0,0,0
99,3728514312,8312,761350,5950,10383850,5467300,16618450,16721150,948,0,0,5706000,0,34372,0,5,0,0,0,0,0,0
100,3728514312,8313,752300,5550,11162300,4690900,16611050,16718300,910,0,0,7889950,0,34372,0,5,0,0,0,0,0,0
101,3728514312,8314,745750,5950,11327500,4536600,16615800,16720450,846,0,0,7324550,0,34372,0,5,0,0,0,0,0,0
102,3728514312,8315,772050,5550,11082600,4759350,16619550,16717950,891,0,0,6515450,0,34372,0,5,0,0,0,0,0,0
103,3728514312,8316,1346350,9100,10377300,4995200,16727950,16840800,851,0,0,6442700,0,34372,0,5,0,0,0,0,0,0
104,3728514312,8317,746900,5650,10457650,5275450,16485650,16599250,876,0,0,6411750,0,34372,0,5,0,0,0,0,0,0
105,3728514312,8318,762950,5950,11450350,4405300,16624550,16724100,577,0,0,7250100,0,34372,0,5,0,0,0,0,0,0
106,3728514312,8319,802150,5650,11315050,4470800,16593650,16712800,848,0,0,7437550,0,34372,0,5,0,0,0,0,0,0
107,3728514312,8320,750450,5950,11171250,4682800,16610450,16719200,842,0,0,7155900,0,34372,0,5,0,0,0,0,0,0
108,3728514312,8321,1416300,5950,10359000,4829250,16610500,16722300,903,0,0,7129450,0,34372,0,5,0,0,0,0,0,0
109,3728514312,8322,1223500,9050,10346750,5022200,16601500,16716300,856,0,0,6378400,0,34372,0,5,0,0,0,0,0,0
110,3728514312,8323,746150,5550,10446400,5407250,16605350,16720450,911,0,0,6424450,0,34372,0,5,0,0,0,0,0,0
111,3728514312,8324,753950,5950,11125900,4714150,16599950,16717950,916,0,0,7842750,0,34372,0,5,0,0,0,0,0,0
112,3728514312,8325,756950,7100,11217450,4633450,16614950,16721700,877,0,0,7358950,0,34372,0,5,0,0,0,0,0,0
113,3728514312,8326,748750,5950,11093200,4763800,16611700,16719800,885,0,0,7156750,0,34372,0,5,0,0,0,0,0,0
114,3728514312,8327,1515900,5750,10420200,4873000,16814850,16929000,828,0,0,6456550,0,34372,0,5,0,0,0,0,0,0
115,3728514312,8328,754950,6050,10355550,5274600,16391150,16507350,911,0,0,6362400,0,34372,0,5,0,0,0,0,0,0
116,3728514312,8329,754600,5550,11071900,4775600,16607650,16720300,937,0,0,6363600,0,34372,0,5,0,0,0,0,0,0
117,3728514312,8330,747850,5950,11336150,4511600,16601550,16717750,800,0,0,7429250,0,34372,0,5,0,0,0,0,0,0
118,3728514312,8331,860600,8500,11085300,2236900,14191300,16717150,473,0,0,6380500,0,34372,0,5,0,0,0,0,0,0
119,3728514312,8332,749850,5950,11010800,4847550,16614150,16721200,903,0,0,6471050,0,34372,0,5,0,0,0,0,0,0
120,3728514312,8333,1296950,7400,10548400,4759500,16612250,16721250,805,0,0,6437500,0,34372,0,5,0,0,0,0,0,0
121,3728514312,8334,755500,5950,10393750,5454750,16609950,16721650,950,0,0,6364500,0,34372,0,5,0,0,0,0,0,0
122,3728514312,8335,746950,5550,11156750,4694750,16604000,16717150,913,0,0,7862100,0,34372,0,5,0,0,0,0,0,0
123,3728514312,8336,743500,5950,11352350,4507350,16609150,16718100,851,0,0,7431400,0,34372,0,5,0,0,0,0,0,0
124,3728514312,8337,764450,5550,11089250,4765750,16625000,16721100,895,0,0,7138200,0,34372,0,5,0,0,0,0,0,0
125,3728514312,8338,1395650,9000,10390950,5112100,16907700,17016550,878,0,0,6447000,0,34372,0,5,0,0,0,0,0,0
126,3728514312,8339,745350,5650,10590700,4963200,16304900,16419100,836,0,0,6542250,0,34372,0,5,0,0,0,0,0,0
127,3728514312,8340,764850,5950,11015900,4831000,16617700,16720700,947,0,0,6308500,0,34372,0,5,0,0,0,0,0,0
128,3728514312,8341,751750,5550,11191900,4660500,16609700,16720250,903,0,0,7937250,0,34372,0,5,0,0,0,0,0,0
129,3728514312,8342,742250,5950,11344150,4516700,16609050,16715100,833,0,0,8136350,0,34372,0,5,0,0,0,0,0,0
130,3728514312,8343,771650,5550,11450250,4393750,16621200,16721400,810,0,0,7514600,0,34372,0,5,0,0,0,0,0,0
131,3728514312,8344,1280950,9100,10382650,4934950,16607650,16722500,838,0,0,6433550,0,34372,0,5,0,0,0,0,0,0
132,3728514312,8345,746350,5550,10427000,5424500,16603400,16717000,907,0,0,6409900,0,34372,0,5,0,0,0,0,0,0
133,3728514312,8346,756500,5950,11047550,4793550,16603550,16719800,935,0,0,7769350,0,34372,0,5,0,0,0,0,0,0
134,3728514312,8347,748150,7100,11231350,4624700,16611300,16720800,882,0,0,7348000,0,34372,0,5,0,0,0,0,0,0
135,3728514312,8348,744250,5950,11115700,4744050,16609950,16718800,856,0,0,7134450,0,34372,0,5,0,0,0,0,0,0
136,3728514312,8349,1435150,5750,12661900,2504500,16607300,16715900,532,0,0,8699750,0,34372,0,5,0,0,0,0,0,0
137,3728514312,8350,771250,6050,10375000,5008800,16161100,16721000,854,0,0,6357400,0,34372,0,5,0,0,0,0,0,0
138,3728514312,8351,757100,5550,11068000,4778450,16609100,16721100,908,0,0,6366000,0,34372,0,5,0,0,0,0,0,0
139,3728514312,8352,758600,5950,11104350,4736350,16605250,16720600,919,0,0,7854950,0,34372,0,5,0,0,0,0,0,0
140,3728514312,8353,747350,7100,11205650,4653200,16613300,16717800,876,0,0,7367200,0,34372,0,5,0,0,0,0,0,0
141,3728514312,8354,1653500,10650,10366450,3791400,15822000,16718250,672,0,0,6375800,0,34372,0,5,0,0,0,0,0,0
142,3728514312,8355,1522700,8600,10366100,4901900,16799300,16916600,744,0,0,6399550,0,34372,0,5,0,0,0,0,0,0
143,3728514312,8356,767850,6050,10401250,5229850,16405000,16522550,900,0,0,6374850,0,34372,0,5,0,0,0,0,0,0
144,3728514312,8357,756750,5550,11090850,4756250,16609400,16719800,930,0,0,7181200,0,34372,0,5,0,0,0,0,0,0
145,3728514312,8358,739800,5950,11335150,4529050,16609950,16715650,863,0,0,7452350,0,34372,0,5,0,0,0,0,0,0
146,3728514312,8359,771000,7100,11135550,4713500,16627150,16724350,885,0,0,7150050,0,34372,0,5,0,0,0,0,0,0
147,3728514312,8360,1391800,8900,10349300,4858650,16608650,16718400,903,0,0,7132450,0,34372,0,5,0,0,0,0,0,0
148,3728514312,8361,759000,7200,10571400,4846550,16184150,16718650,824,0,0,6441050,0,34372,0,5,0,0,0,0,0,0
149,3728514312,8362,751250,5950,10383900,5461750,16602850,16716850,948,0,0,6361600,0,34372,0,5,0,0,0,0,0,0
150,3728514312,8363,747600,5550,11170700,4683050,16606900,16719750,910,0,0,7888950,0,34372,0,5,0,0,0,0,0,0
151,3728514312,8364,742700,5950,11368050,4492500,16609200,16718300,839,0,0,7454600,0,34372,0,5,0,0,0,0,0,0
152,3728514312,8365,763400,5550,11082500,4774850,16626300,16721650,895,0,0,6511800,0,34372,0,5,0,0,0,0,0,0
153,3728514312,8366,1364250,9100,10375750,5026800,16775900,16883600,858,0,0,6443750,0,34372,0,5,0,0,0,0,0,0
154,3728514312,8367,743150,5650,10586600,5105250,16440650,16552400,867,0,0,6533450,0,34372,0,5,0,0,0,0,0,0
155,3728514312,8368,760600,5950,11945550,8013350,20725450,20827950,478,0,0,8651700,0,34372,0,5,0,0,0,0,0,0
156,3728514312,8369,809200,7200,12285250,16110850,29212500,29332600,3052,0,0,9018450,0,34372,0,5,0,0,0,0,0,0
157,3728514312,8370,778650,623850,10325500,4874750,16602750,16719050,906,0,0,6473650,0,34372,0,5,0,0,0,0,0,0
158,3728514312,8371,1288600,7200,10380250,4931450,16607500,16717600,841,0,0,6401450,0,34372,0,5,0,0,0,0,0,0
159,3728514312,8372,751350,5850,10391100,5460750,16609050,16721600,914,0,0,6371350,0,34372,0,5,0,0,0,0,0,0
160,3728514312,8373,766400,5550,11154800,4685450,16612200,16718650,910,0,0,7881300,0,34372,0,5,0,0,0,0,0,0
161,3728514312,8374,745700,5850,11160050,4703600,16615200,16721350,898,0,0,7303700,0,34372,0,5,0,0,0,0,0,0
162,3728514312,8375,759700,5550,11118700,4730600,16614550,16714850,861,0,0,7165200,0,34372,0,5,0,0,0,0,0,0
163,3728514312,8376,1413050,9000,10390750,5040300,16853100,16967350,862,0,0,6447300,0,34372,0,5,0,0,0,0,0,0
164,3728514312,8377,750800,5650,10426700,5180050,16363200,16473300,894,0,0,6404550,0,34372,0,5,0,0,0,0,0,0
165,3728514312,8378,749250,5850,10997450,4855800,16608350,16716900,924,0,0,6303900,0,34372,0,5,0,0,0,0,0,0
166,3728514312,8379,774950,5550,13417200,2425100,16622800,16722200,357,0,0,10166650,0,34372,0,5,0,0,0,0,0,0
167,3728514312,8380,774650,5950,11131350,4689650,16601600,16719400,877,0,0,7133700,0,34372,0,5,0,0,0,0,0,0
168,3728514312,8381,754550,5550,10998050,4848150,16606300,16718450,910,0,0,6488350,0,34372,0,5,0,0,0,0,0,0
169,3728514312,8382,1401500,9000,10346650,4852250,16609400,16721200,820,0,0,6354000,0,34372,0,5,0,0,0,0,0,0
170,3728514312,8383,763850,5550,10434700,5409650,16613750,16716950,944,0,0,6410850,0,34372,0,5,0,0,0,0,0,0
171,3728514312,8384,747700,5950,11071300,4796300,16621250,16719050,936,0,0,7789250,0,34372,0,5,0,0,0,0,0,0
172,3728514312,8385,749800,7100,11353000,4512300,16622200,16719450,854,0,0,7482100,0,34372,0,5,0,0,0,0,0,0
173,3728514312,8386,757550,5950,11081050,4779500,16624050,16721500,891,0,0,7123300,0,34372,0,5,0,0,0,0,0,0
174,3728514312,8387,1419550,5850,10412950,5111500,16949850,17052600,886,0,0,6469900,0,34372,0,5,0,0,0,0,0,0
175,3728514312,8388,749400,6050,10532550,4994950,16282950,16383650,854,0,0,6407650,0,34372,0,5,0,0,0,0,0,0
176,3728514312,8389,766850,5550,11069000,4784750,16626150,16721800,939,0,0,6352100,0,34372,0,5,0,0,0,0,0,0
177,3728514312,8390,750500,5950,11112300,4750650,16619400,16718150,924,0,0,7851300,0,34372,0,5,0,0,0,0,0,0
178,3728514312,8391,751150,7200,11374100,4487950,16620400,16718800,836,0,0,8149650,0,34372,0,5,0,0,0,0,0,0
179,3728514312,8392,754700,5950,11386250,4471900,16618800,16720800,821,0,0,6458300,0,34372,0,5,0,0,0,0,0,0
CSV_END

STUDY_DONE_b5d11fd2a766=0
# 