/tmp/app --transport apb --state-frame 1800 --frames 180 --warmup 30 --wait spin --profile detailed --csv /tmp/transport-frames.csv && printf "CSV_BEGIN\n" && cat /tmp/transport-frames.csv && printf "CSV_END\n"; study_status=$?; printf "\nSTUDY_DONE_2e50d43b2c86=%s\n" "$study_status"
TRANSPORT mode=apb dma_minimum=64
BEGIN_BREAKOUT frames=180 warmup=30 fixed=0 blocks=40 tiles=1 hud=1 wait=spin replay=0 state_frame=1800 profile=detailed pixel_centers=1 clock_call_ns=5922
HW_COUNTERS unavailable
RESULT frames=180 elapsed_s=9.797460600 fps=18.372108 logic_ms=0.880134 api_ms=16.831686 swap_ms=32.051461 wait_ms=4.465167 worker_inclusive_ms=31.829282 upload_inclusive_ms=6.756218 write_ms=6.492179 bytes_per_frame=24140.89 p50_ms=50.159250 p95_ms=66.879800 max_ms=67.466450 late_60hz=180 first_count=20207 last_count=20386 state_hash=1022e19f remaining=21 score=190
RENDER_PATH retained=0 grouped=0 quads=10250 full_frames=180
BREAKOUT_PASS
CSV_BEGIN
frame,state_hash,display_count,logic_ns,api_ns,swap_ns,wait_ns,total_ns,completion_interval_ns,polls,worker_inclusive_ns,upload_inclusive_ns,write_ns,read_ns,write_bytes,read_bytes,write_calls,read_calls,dma_copy_ns,dma_launch_ns,dma_completion_wait_ns,dma_bytes,dma_lists
0,2110160739,20207,783850,18764300,31796150,15486700,66831000,66840000,2971,31630550,6803000,5965200,0,24452,0,5,0,0,0,0,0,0
1,1693181783,20208,787950,16655600,33411550,15912050,66767150,66873450,3080,33237550,7061550,6841350,0,24452,0,5,0,0,0,0,0,0
2,802378003,20209,779300,16866100,31498150,910100,50053650,50158850,189,31318150,6571650,6344750,0,24452,0,5,0,0,0,0,0,0
3,773631361,20210,778900,17579450,31978050,16426050,66762450,66878600,3146,31806500,6820550,6607650,0,24452,0,5,0,0,0,0,0,0
4,3600043099,20211,779950,16656550,32133300,1290700,50860500,50969000,97,31951800,6417100,6212700,0,24452,0,5,0,0,0,0,0,0
5,1618316913,20212,835200,16896200,32315550,15190150,65237100,66067200,2898,32145850,6400400,6190850,0,24452,0,5,0,0,0,0,0,0
6,201713393,20213,776050,17301350,32313450,16377500,66768350,66874750,3170,32137350,7090450,6881300,0,24452,0,5,0,0,0,0,0,0
7,2011502881,20214,792250,16804600,32234000,214400,50045250,50158800,40,32059200,6451100,6247450,0,24452,0,5,0,0,0,0,0,0
8,3125474025,20215,770850,16871200,34487550,14054600,66184200,66877350,2758,34305400,9080550,8831350,0,24452,0,5,0,0,0,0,0,0
9,1342287211,20216,789650,24056300,33031600,8891950,66769500,66875800,1730,32846700,7215150,6987800,0,24452,0,5,0,0,0,0,0,0
10,3857196809,20217,774850,16735650,32320400,218600,50049500,50159000,41,32146250,6456900,6238700,0,24452,0,5,0,0,0,0,0,0
11,2240049260,20218,1407950,16521500,32018050,108000,50055500,50157850,16,31830150,6969850,6754400,0,24132,0,5,0,0,0,0,0,0
12,1815897908,20219,768250,16530250,31630950,1507450,50436900,50541850,205,31457500,7107700,6870000,0,24132,0,5,0,0,0,0,0,0
13,648884648,20220,783050,16504850,31790100,585050,49663050,49770200,120,31606000,6835850,6615050,0,24132,0,5,0,0,0,0,0,0
14,2931991803,20221,772650,16503750,31882500,997650,50156550,50257950,89,31704700,6503200,6288200,0,24132,0,5,0,0,0,0,0,0
15,4227589206,20222,776650,16504200,31668600,998900,49948350,50058150,209,31483850,6783400,6573850,0,24132,0,5,0,0,0,0,0,0
16,1986714807,20223,769800,17602900,31975600,16426750,66775050,66880250,3185,31797950,7140050,6904850,0,24132,0,5,0,0,0,0,0,0
17,28333542,20224,784600,16455150,31597550,1214000,50051300,50157700,255,31414150,6725500,6485550,0,24132,0,5,0,0,0,0,0,0
18,842458438,20225,1428750,17997800,31611400,15731950,66769900,66876350,3015,31442900,6820300,6594900,0,24132,0,5,0,0,0,0,0,0
19,4035787358,20226,780500,16430950,33100800,16457600,66769850,66878500,3191,32921450,6998250,6774400,0,24132,0,5,0,0,0,0,0,0
20,3966921526,20227,771800,16657300,31151650,1470600,50051350,50154100,310,30964000,6505500,6282900,0,24132,0,5,0,0,0,0,0,0
21,3331783808,20228,1454250,16652850,31745900,201400,50054400,50157850,37,31552850,6789100,6564100,0,24132,0,5,0,0,0,0,0,0
22,1855912102,20229,773250,16661600,31350250,1269800,50054900,50158150,267,31170300,6815150,6588000,0,24132,0,5,0,0,0,0,0,0
23,3437663592,20230,1373050,16631900,31807400,238050,50050400,50159750,45,31621600,6523500,6298650,0,24132,0,5,0,0,0,0,0,0
24,3162062844,20231,775800,16638850,31733450,1248600,50396700,50500950,147,31552250,6317150,6125600,0,24132,0,5,0,0,0,0,0,0
25,1213835568,20232,783000,16598450,31492050,833350,49706850,49813900,173,31303650,6648900,6440600,0,24132,0,5,0,0,0,0,0,0
26,4133797692,20233,777250,16473400,31933650,900900,50085200,50187550,72,31757000,6413900,6211450,0,24132,0,5,0,0,0,0,0,0
27,256876650,20234,780700,16477150,35184900,14299650,66742400,66852300,2699,35004800,6941700,6718050,0,24452,0,5,0,0,0,0,0,0
28,482917404,20235,1918350,16522150,31946650,8714350,59101500,66873150,1681,31751750,7014750,6803650,0,24452,0,5,0,0,0,0,0,0
29,1264633954,20236,795650,16498500,31895250,976600,50166000,50275000,88,31713000,6316000,6122900,0,24132,0,5,0,0,0,0,0,0
30,3606135978,20237,772650,16555400,31612000,994700,49934750,50041250,208,31417550,6752450,6539850,0,24132,0,5,0,0,0,0,0,0
31,2630115922,20238,779950,17514100,31909650,16567900,66771600,66878800,3219,31727150,7067600,6864700,0,24132,0,5,0,0,0,0,0,0
32,3881483034,20239,785950,16488850,31513900,1256500,50045200,50156800,264,31331200,6720800,6487150,0,24132,0,5,0,0,0,0,0,0
33,2944919204,20240,1442750,16467950,31793600,346550,50050850,50154100,68,31604950,6735400,6517950,0,24132,0,5,0,0,0,0,0,0
34,646532490,20241,772500,16496700,31983950,804300,50057450,50160650,167,31809500,7261350,7039200,0,24132,0,5,0,0,0,0,0,0
35,2877853796,20242,779300,16563950,31754800,379550,49477600,50155550,75,31569900,6601850,6395050,0,24132,0,5,0,0,0,0,0,0
36,1922367648,20243,777450,16510050,33974500,15515600,66777600,66882950,2987,33798800,8062750,7825200,0,24132,0,5,0,0,0,0,0,0
37,1795563108,20244,797800,16495950,31446700,1309550,50050000,50155250,275,31267600,6447700,6236950,0,24132,0,5,0,0,0,0,0,0
38,214631552,20245,1478050,16443600,32282650,16566550,66770850,66877000,3207,32098900,6821400,6611500,0,24132,0,5,0,0,0,0,0,0
39,1929726190,20246,791600,16597700,31575350,1470850,50435500,50541900,193,31398200,6138500,5938900,0,24132,0,5,0,0,0,0,0,0
40,1190506064,20247,776100,16671650,31449700,769200,49666650,49773150,159,31263150,6598150,6390750,0,24132,0,5,0,0,0,0,0,0
41,3268351150,20248,781600,20201900,31360600,14430850,66774950,66878400,2706,31181100,6682150,5727950,0,24132,0,5,0,0,0,0,0,0
42,118037070,20249,772800,16842800,31434300,995750,50045650,50153900,208,31255300,6737850,6506650,0,24132,0,5,0,0,0,0,0,0
43,1955195062,20250,1661300,16489000,31772450,128900,50051650,50161900,21,31586750,6814100,6608100,0,24132,0,5,0,0,0,0,0,0
44,1797432467,20251,778100,16685450,31290950,1300100,50054600,50157600,273,31110850,6716200,6476850,0,24132,0,5,0,0,0,0,0,0
45,1035442557,20252,1420900,16640300,31634550,351550,50047300,50153900,69,31448250,6717300,6499650,0,24132,0,5,0,0,0,0,0,0
46,2267612867,20253,779350,19328250,40110900,6560700,66779200,66881400,1208,39931650,6660450,6410650,0,24132,0,5,0,0,0,0,0,0
47,1217717069,20254,794150,16590250,31467250,1199400,50051050,50156000,252,31282100,6592250,6380200,0,24132,0,5,0,0,0,0,0,0
48,1461268009,20255,781150,17061300,31827050,380400,50049900,50157150,76,31646200,6511050,6312200,0,24132,0,5,0,0,0,0,0,0
49,2370304197,20256,782750,16491550,31382350,1397450,50054100,50160250,295,31198200,6562800,6346500,0,24132,0,5,0,0,0,0,0,0
50,655561417,20257,1488650,18406100,31518750,15359850,66773350,66878800,2932,31350550,6933350,6695150,0,24132,0,5,0,0,0,0,0,0
51,524675839,20258,818700,17319250,32004650,15891600,66034200,66876500,3065,31831650,6933450,6728950,0,24452,0,5,0,0,0,0,0,0
52,1155835041,20259,783150,16453950,31490950,1316700,50044750,50153700,277,31299750,6492150,6276050,0,24452,0,5,0,0,0,0,0,0
53,214853719,20260,787650,16947900,32370150,16665750,66771450,66878800,3229,32183500,6971750,6761400,0,24132,0,5,0,0,0,0,0,0
54,3035389575,20261,783350,16603050,33369900,16015800,66772100,66877350,3066,32428150,8062300,7793700,0,24132,0,5,0,0,0,0,0,0
55,1549109231,20262,804500,16491500,31450550,1306650,50053200,50158650,275,31264050,6690850,6474900,0,24132,0,5,0,0,0,0,0,0
56,66132623,20263,786050,16984000,31865150,414250,50049450,50155150,83,31683900,7089150,6879250,0,24132,0,5,0,0,0,0,0,0
57,3504604473,20264,775950,16858950,31316600,1110500,50062000,50158950,233,31132400,6663000,6416400,0,24132,0,5,0,0,0,0,0,0
58,1691498415,20265,1519500,16462800,31949150,124300,50055750,50159800,21,31757850,7124500,6089100,0,24132,0,5,0,0,0,0,0,0
59,4055346753,20266,776350,16517300,31160750,1595100,50049500,50154800,337,30979750,6506300,6269900,0,24132,0,5,0,0,0,0,0,0
60,4185240021,20267,1562000,16452350,31619850,414550,50048750,50158050,82,31437150,6804950,6595800,0,24132,0,5,0,0,0,0,0,0
61,380494641,20268,775250,16974600,31818750,489950,50058550,50159600,99,31635750,6326150,6118550,0,24132,0,5,0,0,0,0,0,0
62,648826037,20269,772950,16634250,31420650,669800,49497650,50155400,137,31235150,6631850,6421050,0,24132,0,5,0,0,0,0,0,0
63,457329003,20270,773050,16648300,31749200,1155450,50326000,50440150,126,31579250,6289400,6093200,0,24132,0,5,0,0,0,0,0,0
64,3359035981,20271,772750,16654400,33223200,15840450,66490800,66599000,3002,33061850,6265150,6072900,0,24132,0,5,0,0,0,0,0,0
65,1526400123,20272,1674550,22716600,32111900,10268500,66771550,66876700,1923,31933350,6369100,6178100,0,24132,0,5,0,0,0,0,0,0
66,1691524227,20273,780200,16443900,31399400,1788600,50412100,50518950,263,31224250,6711600,5740600,0,24132,0,5,0,0,0,0,0,0
67,1475349003,20274,780300,16485200,31714600,704100,49684200,49792150,145,31530900,6648150,6438800,0,24132,0,5,0,0,0,0,0,0
68,485644907,20275,772900,16484300,32883850,28900,50169950,50288050,0,32163950,6399350,6205750,0,24132,0,5,0,0,0,0,0,0
69,1050479637,20276,784150,16505650,31673150,962550,49925500,50029650,200,31485750,6658500,6445550,0,24132,0,5,0,0,0,0,0,0
70,3204525547,20277,779350,16396050,32043900,835950,50055250,50159750,49,31158550,6393900,6194400,0,24132,0,5,0,0,0,0,0,0
71,4185398997,20278,783100,16515750,31433750,1316850,50049450,50157650,277,31247850,6531550,6318650,0,24132,0,5,0,0,0,0,0,0
72,3094072225,20279,785000,17036950,32098750,132100,50052800,50158700,22,31919800,7195700,6984450,0,24132,0,5,0,0,0,0,0,0
73,1835371693,20280,785650,16545250,31203750,1521800,50056450,50156850,321,31018150,6573600,6358900,0,24132,0,5,0,0,0,0,0,0
74,2168771505,20281,1483150,17922450,31869400,15500250,66775250,66878400,2973,31707600,6910000,6674700,0,24132,0,5,0,0,0,0,0,0
75,4059398759,20282,827250,17351250,32094850,15761800,66035150,66878050,3037,31919350,7035450,6833950,0,24452,0,5,0,0,0,0,0,0
76,644479865,20283,790250,16613450,31537600,1106250,50047550,50155150,232,31354400,6540500,6310750,0,24452,0,5,0,0,0,0,0,0
77,1914197423,20284,1507600,16588450,31908500,16766800,66771350,66877550,3253,31723650,7011750,6803250,0,24132,0,5,0,0,0,0,0,0
78,430804047,20285,776700,16604000,31488400,1499400,50368500,50473450,200,31311300,6157100,5972050,0,24132,0,5,0,0,0,0,0,0
79,3866048775,20286,786450,16647600,31514400,787950,49736400,49842950,163,31335600,6659950,6450000,0,24132,0,5,0,0,0,0,0,0
80,7140231,20287,769050,17678250,31756900,16566900,66771100,66877350,3181,31575350,6988500,6764300,0,24132,0,5,0,0,0,0,0,0
81,1511961547,20288,787050,16495600,31281250,1483650,50047550,50154200,313,31094000,6647250,6441100,0,24132,0,5,0,0,0,0,0,0
82,376629139,20289,1462850,16494800,32000300,93400,50051350,50160750,14,31815950,7166950,6962950,0,24132,0,5,0,0,0,0,0,0
83,1861594235,20290,781750,19002000,40033500,6954550,66771800,66876300,1304,39859450,10046950,8656600,0,24132,0,5,0,0,0,0,0,0
84,1702339483,20291,782450,16527550,31637800,1103200,50051000,50160250,231,31452650,6640400,6420350,0,24132,0,5,0,0,0,0,0,0
85,966101579,20292,781650,16398650,32706350,161100,50047750,50157750,28,31268300,6433300,6229300,0,24132,0,5,0,0,0,0,0,0
86,2786182811,20293,772200,16509700,31575950,1197700,50055550,50155700,251,31393700,6653950,6439500,0,24132,0,5,0,0,0,0,0,0
87,3655782539,20294,775650,17002950,32303550,16693750,66775900,66880950,3242,32109900,7365050,7146300,0,24132,0,5,0,0,0,0,0,0
88,3735461922,20295,796850,16424300,31499850,1330450,50051450,50154700,280,31325050,6838550,6595800,0,24132,0,5,0,0,0,0,0,0
89,270833838,20296,772200,16466100,31701000,568700,49508000,50156400,116,31509550,6657550,6439350,0,24132,0,5,0,0,0,0,0,0
90,930095294,20297,783450,16491550,31856550,1183700,50315250,50420750,132,31680100,6334850,6140100,0,24132,0,5,0,0,0,0,0,0
91,1273808962,20298,777600,16503100,31922350,582500,49785550,49896000,119,31739600,6526400,6321850,0,24132,0,5,0,0,0,0,0,0
92,1953673858,20299,770250,16456150,33901200,15645500,66773100,66879400,3010,33728950,6661950,6450200,0,24132,0,5,0,0,0,0,0,0
93,4057475070,20300,789500,16653250,31181700,1424000,50048450,50153800,300,30995400,6513350,6272600,0,24132,0,5,0,0,0,0,0,0
94,3372198854,20301,1463500,16656250,31829100,108050,50056900,50159450,17,31646950,7011350,6803400,0,24132,0,5,0,0,0,0,0,0
95,2335202154,20302,778850,16508250,32058100,704950,50050150,50156850,145,31875500,6177350,5991450,0,24132,0,5,0,0,0,0,0,0
96,2170853250,20303,1385350,16490800,31736100,437050,50049300,50155050,88,31556450,6776750,6568450,0,24132,0,5,0,0,0,0,0,0
97,1829955022,20304,772150,16460950,31607750,1649350,50490200,50598150,233,31430850,6031100,5839200,0,24132,0,5,0,0,0,0,0,0
98,1856045454,20305,821700,16670700,31282850,16833000,65608250,66441600,3255,31103450,6522500,6287650,0,24132,0,5,0,0,0,0,0,0
99,2544683154,20306,782000,17540250,31985350,16464150,66771750,66876000,3151,31808850,7014850,6809700,0,24452,0,5,0,0,0,0,0,0
100,1531444578,20307,780000,16462650,31406200,1932750,50581600,50688700,292,31228250,6855450,6631350,0,24452,0,5,0,0,0,0,0,0
101,1139277022,20308,780900,16540000,32890800,16031100,66242800,66346550,3045,32718200,8076750,7864800,0,24132,0,5,0,0,0,0,0,0
102,2614530982,20309,793350,23577400,32482350,9919650,66772750,66878900,1847,32308350,6413500,6193250,0,24132,0,5,0,0,0,0,0,0
103,464765994,20310,783350,16443750,31473000,1351000,50051100,50155950,284,31297650,6762400,6532600,0,24132,0,5,0,0,0,0,0,0
104,1592019490,20311,763100,16474050,31621650,635800,49494600,50158150,130,31432900,6630550,6416800,0,24132,0,5,0,0,0,0,0,0
105,66207950,20312,769900,16460250,31984000,1137900,50352050,50454350,123,31815600,6299500,6101600,0,24132,0,5,0,0,0,0,0,0
106,2639428798,20313,769950,16449650,31864050,675000,49758650,49863500,139,31673600,6459900,6251200,0,24132,0,5,0,0,0,0,0,0
107,1495915330,20314,774800,16436050,32197400,644450,50052700,50157000,12,32014600,6382000,6166800,0,24132,0,5,0,0,0,0,0,0
108,4079891938,20315,769300,16523550,31674750,1084100,50051700,50155050,227,31489250,6659550,6446300,0,24132,0,5,0,0,0,0,0,0
109,1204987230,20316,772150,17096100,31887000,296100,50051350,50157250,57,31157050,6372850,6167650,0,24132,0,5,0,0,0,0,0,0
110,949029318,20317,771600,16521800,31734650,1036150,50064200,50161500,217,31558400,6509200,6277100,0,24132,0,5,0,0,0,0,0,0
111,2727127274,20318,775500,17117750,33282800,15586450,66762500,66877450,2990,33109450,6634950,6410600,0,24132,0,5,0,0,0,0,0,0
112,2443393666,20319,774350,16456550,31474900,1805000,50510800,50616200,268,31288200,6753550,6518100,0,24132,0,5,0,0,0,0,0,0
113,434260526,20320,777900,16494600,31744500,577450,49594450,49697750,118,31556350,6659000,6449200,0,24132,0,5,0,0,0,0,0,0
114,2637634158,20321,769400,16470550,32413800,601500,50255250,50362800,0,32242900,6388050,6179050,0,24132,0,5,0,0,0,0,0,0
115,4248248050,20322,780350,16510450,31742550,817850,49851200,49952800,169,31558100,6662150,6443400,0,24132,0,5,0,0,0,0,0,0
116,663154818,20323,773700,16445350,32082850,754800,50056700,50161250,36,31910400,6395400,6189950,0,24132,0,5,0,0,0,0,0,0
117,1461428606,20324,774800,16499450,31650400,1126450,50051100,50152800,236,31468800,6649450,6439550,0,24132,0,5,0,0,0,0,0,0
118,3252362022,20325,770550,17094750,32258600,16649800,66773700,66879800,3231,32077600,6923400,6714100,0,24132,0,5,0,0,0,0,0,0
119,2423015338,20326,791300,16598350,31347950,1311550,50049150,50157400,276,31168700,6771800,6537750,0,24132,0,5,0,0,0,0,0,0
120,507309730,20327,774250,16633150,31512550,545150,49465100,50156350,111,31328700,6652400,6433500,0,24132,0,5,0,0,0,0,0,0
121,2882991293,20328,802550,19442500,40138050,5670500,66053600,66880850,1013,39964400,6246850,6050200,0,24132,0,5,0,0,0,0,0,0
122,3682963569,20329,771900,17041100,31131300,1105750,50050050,50154700,232,30948800,6491250,6256800,0,24132,0,5,0,0,0,0,0,0
123,1404881069,20330,782800,18858700,31306750,15822800,66771050,66878050,3004,31133150,6568000,6336250,0,24452,0,5,0,0,0,0,0,0
124,624513273,20331,771350,16405550,31578650,1710250,50465800,50570400,248,31399550,6985900,6754700,0,24452,0,5,0,0,0,0,0,0
125,484090933,20332,780750,16505400,31696650,655450,49638250,49743250,135,31516300,6764300,6553200,0,24132,0,5,0,0,0,0,0,0
126,2330053545,20333,766800,16783000,31966850,666700,50183350,50288650,16,31069200,6503800,6303050,0,24132,0,5,0,0,0,0,0,0
127,3891445269,20334,776200,16505750,31727200,915450,49924600,50030450,191,31549250,6846450,6636350,0,24132,0,5,0,0,0,0,0,0
128,1947616753,20335,767900,16442850,31838200,1003250,50052200,50157750,61,30940250,6370850,6180750,0,24132,0,5,0,0,0,0,0,0
129,965975981,20336,780050,16496950,31411350,1360700,50049050,50154700,286,31222000,6598450,6389750,0,24132,0,5,0,0,0,0,0,0
130,2786931617,20337,764500,17635850,33329550,15040900,66770800,66882300,2834,33161450,6759750,6518500,0,24132,0,5,0,0,0,0,0,0
131,4011087213,20338,791400,16444100,31580750,1229050,50045300,50152100,258,31402200,6799700,6574700,0,24132,0,5,0,0,0,0,0,0
132,3703868376,20339,763450,16475650,31663300,593550,49495950,50159250,121,31482900,6724350,6518100,0,24132,0,5,0,0,0,0,0,0
133,212089708,20340,766550,16478850,31639500,1743450,50628350,50733850,190,31466150,7005700,5954800,0,24132,0,5,0,0,0,0,0,0
134,737348112,20341,779200,16546400,31356300,795750,49477650,49583500,165,31169000,6569250,6361000,0,24132,0,5,0,0,0,0,0,0
135,1465149204,20342,773300,16439900,31986650,852500,50052350,50157350,57,31809650,6482500,6271900,0,24132,0,5,0,0,0,0,0,0
136,3549792448,20343,765150,16504050,31669250,1106600,50045050,50154950,232,31484200,6852300,6646350,0,24132,0,5,0,0,0,0,0,0
137,3053421220,20344,771550,16374850,31838900,1074900,50060200,50164050,75,30957900,6383400,6186650,0,24132,0,5,0,0,0,0,0,0
138,904563048,20345,765550,16787600,31123100,1369900,50046150,50153000,287,30940450,6446050,6233950,0,24132,0,5,0,0,0,0,0,0
139,1363341148,20346,773850,17224350,31801100,251650,50050950,50158800,48,31615800,6958350,6749650,0,24132,0,5,0,0,0,0,0,0
140,3357813192,20347,767700,16662900,33893100,16040150,67363850,67466450,1748,33721700,6903800,6162500,0,24132,0,5,0,0,0,0,0,0
141,1376589724,20348,839300,16575950,31741450,282300,49439000,49566500,54,31558400,6741200,6528700,0,24132,0,5,0,0,0,0,0,0
142,2806738240,20349,774950,16538750,31743750,1131900,50189350,50300550,122,31571400,6292000,6092400,0,24132,0,5,0,0,0,0,0,0
143,1863420068,20350,784600,16498900,31665750,957350,49906600,50017700,200,31480800,6763200,6552600,0,24132,0,5,0,0,0,0,0,0
144,2368389248,20351,1700100,16535100,31773350,16015300,66023850,66877000,3095,31593850,6977900,6769850,0,24132,0,5,0,0,0,0,0,0
145,3624800580,20352,790000,16507050,31988300,762750,50048100,50157550,158,31802550,6826800,6603400,0,24132,0,5,0,0,0,0,0,0
146,2708332264,20353,1445000,16447300,31815500,344000,50051800,50158350,67,31626800,6829750,6610500,0,24132,0,5,0,0,0,0,0,0
147,3643166428,20354,784150,16469800,31755500,1041250,50050700,50155950,218,31576350,6882500,6655300,0,24452,0,5,0,0,0,0,0,0
148,1604903896,20355,772650,16476400,31701050,517200,49467300,50157800,105,31512950,6649750,6445500,0,24452,0,5,0,0,0,0,0,0
149,499105388,20356,776700,16465750,32120000,2341600,51704050,51808200,95,31951800,6593200,6387700,0,24132,0,5,0,0,0,0,0,0
150,3393190256,20357,799500,16599200,31559950,16157700,65116350,65232100,3110,31394700,6904000,5945750,0,24132,0,5,0,0,0,0,0,0
151,1752164884,20358,1411650,16291350,31997250,347550,50047800,50154500,68,31816850,6979750,6757900,0,24132,0,5,0,0,0,0,0,0
152,112950176,20359,768050,16529450,31226550,1531450,50055500,50157200,323,31040100,6498100,6284250,0,24132,0,5,0,0,0,0,0,0
153,218377828,20360,1484300,16489000,32152600,16649300,66775200,66881250,3225,31964950,6685100,6472950,0,24132,0,5,0,0,0,0,0,0
154,1614877672,20361,783700,16593550,31722150,1042400,50141800,50247100,101,31549600,6373100,6168900,0,24132,0,5,0,0,0,0,0,0
155,624660060,20362,776800,16619750,31492550,1066250,49955350,50062550,222,31316400,6656700,6445200,0,24132,0,5,0,0,0,0,0,0
156,1646146728,20363,767600,16415550,32078050,786150,50047350,50162950,42,31047350,6439450,6228300,0,24132,0,5,0,0,0,0,0,0
157,2550301372,20364,780000,16473500,31879400,917050,50049950,50154850,191,31705150,6508800,6278800,0,24132,0,5,0,0,0,0,0,0
158,172327680,20365,771700,17072650,31913050,294300,50051700,50157700,57,31736900,6979100,6754650,0,24132,0,5,0,0,0,0,0,0
159,28774455,20366,796900,16288600,33374600,16321050,66781150,66884000,2059,33204450,6340750,6152950,0,23812,0,5,0,0,0,0,0,0
160,1278562831,20367,818600,16539500,31286850,695700,49340650,50152300,143,31096700,6825250,6615250,0,23812,0,5,0,0,0,0,0,0
161,1878041307,20368,773700,16418550,31616650,1507450,50316350,50416800,203,31441100,6130750,5927700,0,23812,0,5,0,0,0,0,0,0
162,2842495315,20369,767500,16450250,31441700,1132450,49791900,49896450,237,31258650,6957950,6750900,0,23812,0,5,0,0,0,0,0,0
163,942955647,20370,774600,16384500,31079000,1816200,50054300,50158650,269,30904450,6711600,5754700,0,23812,0,5,0,0,0,0,0,0
164,3104849743,20371,768500,16438800,31424150,1420200,50051650,50156500,299,31239550,6965150,6753000,0,23812,0,5,0,0,0,0,0,0
165,2914266731,20372,773250,16198100,32092400,996100,50059850,50161250,86,31911900,6389600,6183900,0,23812,0,5,0,0,0,0,0,0
166,4064468955,20373,771200,16257650,31366100,1654100,50049050,50155100,349,31181600,6719200,6509600,0,23812,0,5,0,0,0,0,0,0
167,3195515191,20374,765950,16007450,31720200,1553400,50047000,50161500,212,30837950,6343250,6150000,0,23812,0,5,0,0,0,0,0,0
168,978211615,20375,769550,16268400,31215500,1791600,50045050,50154300,378,31027600,6603500,6397000,0,24132,0,5,0,0,0,0,0,0
169,2835071531,20376,1486700,16223900,34035350,15019650,66765600,66877850,2863,33865250,6214600,6012000,0,24132,0,5,0,0,0,0,0,0
170,2067386771,20377,776350,16368200,31154450,1876900,50175900,50282150,282,30976950,6820900,6589000,0,24132,0,5,0,0,0,0,0,0
171,1313815599,20378,776500,16427550,31453700,1269550,49927300,50035600,266,31268600,6936600,6714350,0,23812,0,5,0,0,0,0,0,0
172,2403178911,20379,763400,16364850,31079150,1845950,50053350,50158750,275,30906150,5990900,5797600,0,23812,0,5,0,0,0,0,0,0
173,2922328731,20380,774250,16416400,31501400,1358050,50050100,50155450,285,31319850,6551550,6341500,0,23812,0,5,0,0,0,0,0,0
174,984914827,20381,762050,16127700,31180200,1976000,50045950,50158250,302,31001450,6074300,5885400,0,23812,0,5,0,0,0,0,0,0
175,3908989879,20382,775800,16274850,31352700,1652050,50055400,50158300,349,31164050,6657150,6439200,0,23812,0,5,0,0,0,0,0,0
176,3999582383,20383,1474050,16113850,30938100,1531150,50057150,50160000,204,30758000,6339250,6134700,0,23812,0,5,0,0,0,0,0,0
177,407226939,20384,780500,16258000,31303400,1708400,50050300,50153050,361,31116500,6431950,6210250,0,23812,0,5,0,0,0,0,0,0
178,1756548563,20385,1416300,16294800,31517450,830400,50058950,50161650,172,31327350,6858800,6652100,0,23812,0,5,0,0,0,0,0,0
179,270721439,20386,761900,16735850,39624900,9640650,66763300,66874700,1744,39430750,13173350,10976150,0,23812,0,5,0,0,0,0,0,0
CSV_END

STUDY_DONE_2e50d43b2c86=0
# 