/tmp/app --transport apb --state-frame 0 --frames 180 --warmup 30 --wait spin --profile frame --csv /tmp/transport-frames.csv --retained && printf "CSV_BEGIN\n" && cat /tmp/transport-frames.csv && printf "CSV_END\n"; study_status=$?; printf "\nSTUDY_DONE_beb619f8ece6=%s\n" "$study_status"
TRANSPORT mode=apb dma_minimum=64
BEGIN_BREAKOUT frames=180 warmup=30 fixed=0 blocks=40 tiles=1 hud=1 wait=spin replay=0 state_frame=0 profile=frame pixel_centers=1 clock_call_ns=5914
HW_COUNTERS unavailable
RESULT frames=180 elapsed_s=3.093030550 fps=58.195351 logic_ms=0.000000 api_ms=0.000000 swap_ms=0.000000 wait_ms=0.000000 worker_inclusive_ms=0.000000 upload_inclusive_ms=0.000000 write_ms=0.000000 bytes_per_frame=3578.67 p50_ms=16.719200 p95_ms=17.096250 max_ms=33.440400 late_60hz=165 first_count=31565 last_count=31744 state_hash=8f34e8fd remaining=38 score=20
RENDER_PATH retained=1 grouped=0 quads=645 full_frames=0
BREAKOUT_PASS
CSV_BEGIN
frame,state_hash,display_count,logic_ns,api_ns,swap_ns,wait_ns,total_ns,completion_interval_ns,polls,worker_inclusive_ns,upload_inclusive_ns,write_ns,read_ns,write_bytes,read_bytes,write_calls,read_calls,dma_copy_ns,dma_launch_ns,dma_completion_wait_ns,dma_bytes,dma_lists
0,3724779174,31565,0,0,0,0,16664550,16678250,963,0,0,0,0,4572,0,5,0,0,0,0,0,0
1,1709657109,31566,0,0,0,0,16606900,16723000,1006,0,0,0,0,4252,0,5,0,0,0,0,0,0
2,1894904752,31567,0,0,0,0,16598350,16717200,1276,0,0,0,0,3612,0,5,0,0,0,0,0,0
3,3703759967,31568,0,0,0,0,16604550,16719900,1360,0,0,0,0,3612,0,5,0,0,0,0,0,0
4,19533624,31569,0,0,0,0,33326500,33439400,3112,0,0,0,0,3612,0,5,0,0,0,0,0,0
5,816884773,31570,0,0,0,0,16612350,16719600,1764,0,0,0,0,2972,0,5,0,0,0,0,0,0
6,1339236364,31571,0,0,0,0,16600150,16718550,1330,0,0,0,0,3612,0,5,0,0,0,0,0,0
7,3072959373,31572,0,0,0,0,16599500,16718500,1369,0,0,0,0,3612,0,5,0,0,0,0,0,0
8,1782884746,31573,0,0,0,0,16900800,17016650,1707,0,0,0,0,2972,0,5,0,0,0,0,0,0
9,30296781,31574,0,0,0,0,16307400,16421950,1417,0,0,0,0,4252,0,5,0,0,0,0,0,0
10,4026418858,31575,0,0,0,0,16598750,16718050,1386,0,0,0,0,4252,0,5,0,0,0,0,0,0
11,2084929051,31576,0,0,0,0,16599850,16718400,1672,0,0,0,0,3612,0,5,0,0,0,0,0,0
12,3114489770,31577,0,0,0,0,16603700,16718900,1287,0,0,0,0,3932,0,5,0,0,0,0,0,0
13,891400471,31578,0,0,0,0,16604750,16719200,1322,0,0,0,0,3932,0,5,0,0,0,0,0,0
14,3472773456,31579,0,0,0,0,15249250,16720000,1424,0,0,0,0,2972,0,5,0,0,0,0,0,0
15,3010688243,31580,0,0,0,0,16606200,16720150,1544,0,0,0,0,3612,0,5,0,0,0,0,0,0
16,2819524756,31581,0,0,0,0,16606950,16718750,1402,0,0,0,0,3612,0,5,0,0,0,0,0,0
17,3241678401,31582,0,0,0,0,16604350,16718800,1732,0,0,0,0,2972,0,5,0,0,0,0,0,0
18,2154316504,31583,0,0,0,0,16605800,16720950,1131,0,0,0,0,3612,0,5,0,0,0,0,0,0
19,772262681,31584,0,0,0,0,16981400,17096250,1408,0,0,0,0,3612,0,5,0,0,0,0,0,0
20,3882818750,31585,0,0,0,0,16222300,16339850,1669,0,0,0,0,2972,0,5,0,0,0,0,0,0
21,521131153,31586,0,0,0,0,16610750,16723000,1519,0,0,0,0,3612,0,5,0,0,0,0,0,0
22,1838187414,31587,0,0,0,0,16597450,16716450,937,0,0,0,0,3612,0,5,0,0,0,0,0,0
23,840574439,31588,0,0,0,0,16601400,16720150,1728,0,0,0,0,2972,0,5,0,0,0,0,0,0
24,2879461878,31589,0,0,0,0,16605650,16719150,1378,0,0,0,0,3612,0,5,0,0,0,0,0,0
25,202086035,31590,0,0,0,0,16766900,16880050,1348,0,0,0,0,3612,0,5,0,0,0,0,0,0
26,959703924,31591,0,0,0,0,16439700,16558600,1716,0,0,0,0,2972,0,5,0,0,0,0,0,0
27,3795724423,31592,0,0,0,0,16609950,16721500,1404,0,0,0,0,3612,0,5,0,0,0,0,0,0
28,2500539904,31593,0,0,0,0,16601050,16717850,1358,0,0,0,0,3612,0,5,0,0,0,0,0,0
29,2269000541,31594,0,0,0,0,16599650,16717100,1690,0,0,0,0,2972,0,5,0,0,0,0,0,0
30,1900681108,31595,0,0,0,0,16602100,16720100,1392,0,0,0,0,3612,0,5,0,0,0,0,0,0
31,3680168245,31596,0,0,0,0,16169750,16722350,1456,0,0,0,0,3612,0,5,0,0,0,0,0,0
32,2344329490,31597,0,0,0,0,16603850,16718450,1760,0,0,0,0,2972,0,5,0,0,0,0,0,0
33,2130650181,31598,0,0,0,0,16602050,16718600,1320,0,0,0,0,4252,0,5,0,0,0,0,0,0
34,906966818,31599,0,0,0,0,16594250,16716850,1313,0,0,0,0,4252,0,5,0,0,0,0,0,0
35,3939376531,31600,0,0,0,0,16601850,16720400,1596,0,0,0,0,3612,0,5,0,0,0,0,0,0
36,2110688546,31601,0,0,0,0,16747200,16866050,1380,0,0,0,0,3932,0,5,0,0,0,0,0,0
37,2695523007,31602,0,0,0,0,15684000,16572000,1108,0,0,0,0,3932,0,5,0,0,0,0,0,0
38,744447992,31603,0,0,0,0,16600000,16721900,1716,0,0,0,0,2972,0,5,0,0,0,0,0,0
39,3728640411,31604,0,0,0,0,16604800,16718750,1343,0,0,0,0,3612,0,5,0,0,0,0,0,0
40,618879740,31605,0,0,0,0,16606550,16719950,1384,0,0,0,0,3612,0,5,0,0,0,0,0,0
41,1239708057,31606,0,0,0,0,16602350,16720100,1753,0,0,0,0,2972,0,5,0,0,0,0,0,0
42,2429742208,31607,0,0,0,0,16595900,16717400,1432,0,0,0,0,3612,0,5,0,0,0,0,0,0
43,412095716,31608,0,0,0,0,16598150,16717300,1542,0,0,0,0,3612,0,5,0,0,0,0,0,0
44,1226741467,31609,0,0,0,0,16604400,16719100,1754,0,0,0,0,2972,0,5,0,0,0,0,0,0
45,3288446148,31610,0,0,0,0,16608050,16722850,1351,0,0,0,0,3612,0,5,0,0,0,0,0,0
46,1157984843,31611,0,0,0,0,16597400,16716600,1414,0,0,0,0,3612,0,5,0,0,0,0,0,0
47,3877288378,31612,0,0,0,0,16836350,16957000,1731,0,0,0,0,2972,0,5,0,0,0,0,0,0
48,4236526315,31613,0,0,0,0,17214100,17325800,1369,0,0,0,0,3612,0,5,0,0,0,0,0,0
49,533834014,31614,0,0,0,0,15749600,15875350,1089,0,0,0,0,3612,0,5,0,0,0,0,0,0
50,1649361089,31615,0,0,0,0,16604400,16721200,1669,0,0,0,0,2972,0,5,0,0,0,0,0,0
51,2486981906,31616,0,0,0,0,16600400,16719600,1345,0,0,0,0,3612,0,5,0,0,0,0,0,0
52,1706075277,31617,0,0,0,0,16599350,16716050,1423,0,0,0,0,3612,0,5,0,0,0,0,0,0
53,267972368,31618,0,0,0,0,16604500,16719200,1699,0,0,0,0,2972,0,5,0,0,0,0,0,0
54,3895401273,31619,0,0,0,0,16602250,16719850,1525,0,0,0,0,3612,0,5,0,0,0,0,0,0
55,605985656,31620,0,0,0,0,16602800,16721950,1424,0,0,0,0,3612,0,5,0,0,0,0,0,0
56,4077673024,31621,0,0,0,0,33320550,33439150,2978,0,0,0,0,6632,0,5,0,0,0,0,0,0
57,985632231,31622,0,0,0,0,33324300,33436950,2515,0,0,0,0,7312,0,5,0,0,0,0,0,0
58,3720590956,31623,0,0,0,0,16596300,16716750,1437,0,0,0,0,3652,0,5,0,0,0,0,0,0
59,3264032585,31624,0,0,0,0,16599050,16719800,1747,0,0,0,0,2972,0,5,0,0,0,0,0,0
60,395405688,31625,0,0,0,0,16606500,16723300,1375,0,0,0,0,3612,0,5,0,0,0,0,0,0
61,32142420,31626,0,0,0,0,15826900,16715800,1161,0,0,0,0,3612,0,5,0,0,0,0,0,0
62,1187067055,31627,0,0,0,0,17148500,17261150,454,0,0,0,0,2972,0,5,0,0,0,0,0,0
63,459140908,31628,0,0,0,0,16054850,16180550,1293,0,0,0,0,3612,0,5,0,0,0,0,0,0
64,3369786495,31629,0,0,0,0,16603700,16717850,1434,0,0,0,0,3612,0,5,0,0,0,0,0,0
65,1572434254,31630,0,0,0,0,16600100,16718750,1732,0,0,0,0,2972,0,5,0,0,0,0,0,0
66,4107798823,31631,0,0,0,0,16601650,16718700,1398,0,0,0,0,3612,0,5,0,0,0,0,0,0
67,343968250,31632,0,0,0,0,16603600,16720950,1417,0,0,0,0,3612,0,5,0,0,0,0,0,0
68,3102454017,31633,0,0,0,0,16189500,16718700,1665,0,0,0,0,2972,0,5,0,0,0,0,0,0
69,3051095563,31634,0,0,0,0,16601050,16719400,1504,0,0,0,0,3612,0,5,0,0,0,0,0,0
70,2391331016,31635,0,0,0,0,16601950,16717650,1400,0,0,0,0,3612,0,5,0,0,0,0,0,0
71,3869016117,31636,0,0,0,0,16603600,16720950,1733,0,0,0,0,2972,0,5,0,0,0,0,0,0
72,1579800804,31637,0,0,0,0,16600900,16716600,1419,0,0,0,0,3612,0,5,0,0,0,0,0,0
73,2792341157,31638,0,0,0,0,16711600,16827800,1324,0,0,0,0,3612,0,5,0,0,0,0,0,0
74,714702942,31639,0,0,0,0,16499750,16613250,1721,0,0,0,0,2972,0,5,0,0,0,0,0,0
75,1092538936,31640,0,0,0,0,16604600,16718600,1424,0,0,0,0,3612,0,5,0,0,0,0,0,0
76,1561271239,31641,0,0,0,0,16601500,16721700,1310,0,0,0,0,4252,0,5,0,0,0,0,0,0
77,3798074098,31642,0,0,0,0,16604900,16720700,1202,0,0,0,0,3612,0,5,0,0,0,0,0,0
78,3022639071,31643,0,0,0,0,16588850,16714050,1325,0,0,0,0,4252,0,5,0,0,0,0,0,0
79,2282770062,31644,0,0,0,0,16606050,16721950,1396,0,0,0,0,3932,0,5,0,0,0,0,0,0
80,1626512457,31645,0,0,0,0,16601350,16718000,1684,0,0,0,0,3292,0,5,0,0,0,0,0,0
81,3156888026,31646,0,0,0,0,16603550,16719950,1328,0,0,0,0,3612,0,5,0,0,0,0,0,0
82,3038824309,31647,0,0,0,0,16596450,16717600,1321,0,0,0,0,3612,0,5,0,0,0,0,0,0
83,1261846460,31648,0,0,0,0,16599600,16718850,1678,0,0,0,0,2972,0,5,0,0,0,0,0,0
84,2035201521,31649,0,0,0,0,15343000,16909900,1085,0,0,0,0,3612,0,5,0,0,0,0,0,0
85,2164446652,31650,0,0,0,0,16413100,16529050,1424,0,0,0,0,3612,0,5,0,0,0,0,0,0
86,2017191835,31651,0,0,0,0,16596900,16720450,1741,0,0,0,0,2972,0,5,0,0,0,0,0,0
87,3029138484,31652,0,0,0,0,16601000,16718100,1310,0,0,0,0,3612,0,5,0,0,0,0,0,0
88,50355403,31653,0,0,0,0,16605800,16722150,1330,0,0,0,0,3612,0,5,0,0,0,0,0,0
89,654213990,31654,0,0,0,0,16601900,16719450,1736,0,0,0,0,2972,0,5,0,0,0,0,0,0
90,2360099787,31655,0,0,0,0,16601350,16717900,1424,0,0,0,0,3612,0,5,0,0,0,0,0,0
91,2424818746,31656,0,0,0,0,16601750,16720450,1530,0,0,0,0,3612,0,5,0,0,0,0,0,0
92,1971386461,31657,0,0,0,0,16602100,16719800,1751,0,0,0,0,2972,0,5,0,0,0,0,0,0
93,3386045126,31658,0,0,0,0,16595350,16716550,1291,0,0,0,0,3612,0,5,0,0,0,0,0,0
94,1429641961,31659,0,0,0,0,16602400,16719900,1361,0,0,0,0,3612,0,5,0,0,0,0,0,0
95,3022846880,31660,0,0,0,0,16868850,16985400,1725,0,0,0,0,2972,0,5,0,0,0,0,0,0
96,1601897261,31661,0,0,0,0,16338250,16453200,1444,0,0,0,0,3612,0,5,0,0,0,0,0,0
97,1229951528,31662,0,0,0,0,16602600,16720950,1439,0,0,0,0,3612,0,5,0,0,0,0,0,0
98,4065171759,31663,0,0,0,0,16601650,16719100,1654,0,0,0,0,2972,0,5,0,0,0,0,0,0
99,1034325744,31664,0,0,0,0,16603000,16719850,1289,0,0,0,0,3612,0,5,0,0,0,0,0,0
100,14078671,31665,0,0,0,0,16602150,16719800,1199,0,0,0,0,4252,0,5,0,0,0,0,0,0
101,4024270554,31666,0,0,0,0,16595550,16716100,1491,0,0,0,0,3612,0,5,0,0,0,0,0,0
102,896191351,31667,0,0,0,0,16600500,16719150,1444,0,0,0,0,4252,0,5,0,0,0,0,0,0
103,2131384102,31668,0,0,0,0,16596950,16720000,1296,0,0,0,0,3932,0,5,0,0,0,0,0,0
104,2586210593,31669,0,0,0,0,16602400,16720550,1743,0,0,0,0,3292,0,5,0,0,0,0,0,0
105,591918370,31670,0,0,0,0,16599150,16718500,1316,0,0,0,0,3612,0,5,0,0,0,0,0,0
106,8814317,31671,0,0,0,0,16968550,17090550,1416,0,0,0,0,3612,0,5,0,0,0,0,0,0
107,2340504196,31672,0,0,0,0,15444850,16349700,1449,0,0,0,0,2972,0,5,0,0,0,0,0,0
108,3523076009,31673,0,0,0,0,16605100,16719450,962,0,0,0,0,3612,0,5,0,0,0,0,0,0
109,1961669028,31674,0,0,0,0,16605500,16716850,1299,0,0,0,0,3612,0,5,0,0,0,0,0,0
110,1037581603,31675,0,0,0,0,16603750,16721700,1684,0,0,0,0,2972,0,5,0,0,0,0,0,0
111,2701024588,31676,0,0,0,0,16598350,16716450,1304,0,0,0,0,3612,0,5,0,0,0,0,0,0
112,215037203,31677,0,0,0,0,16661400,16777550,1379,0,0,0,0,3612,0,5,0,0,0,0,0,0
113,3696282862,31678,0,0,0,0,16548400,16663050,1763,0,0,0,0,2972,0,5,0,0,0,0,0,0
114,2829142928,31679,0,0,0,0,16603500,16719000,1351,0,0,0,0,3612,0,5,0,0,0,0,0,0
115,3204762949,31680,0,0,0,0,16599800,16718200,1324,0,0,0,0,3612,0,5,0,0,0,0,0,0
116,3297489190,31681,0,0,0,0,16603650,16719450,1685,0,0,0,0,2972,0,5,0,0,0,0,0,0
117,1691704917,31682,0,0,0,0,16605750,16720850,1368,0,0,0,0,3612,0,5,0,0,0,0,0,0
118,663957814,31683,0,0,0,0,16039050,16717600,1406,0,0,0,0,3612,0,5,0,0,0,0,0,0
119,3058583827,31684,0,0,0,0,16605950,16720650,1783,0,0,0,0,2972,0,5,0,0,0,0,0,0
120,838545270,31685,0,0,0,0,16603900,16718000,1349,0,0,0,0,3612,0,5,0,0,0,0,0,0
121,3608912039,31686,0,0,0,0,16607200,16719800,1304,0,0,0,0,3612,0,5,0,0,0,0,0,0
122,4080159716,31687,0,0,0,0,16597650,16718050,1709,0,0,0,0,2972,0,5,0,0,0,0,0,0
123,1056027075,31688,0,0,0,0,18114650,18235250,524,0,0,0,0,3612,0,5,0,0,0,0,0,0
124,4057021248,31689,0,0,0,0,15076100,15203850,733,0,0,0,0,4252,0,5,0,0,0,0,0,0
125,2686741161,31690,0,0,0,0,16608200,16721000,1672,0,0,0,0,3612,0,5,0,0,0,0,0,0
126,3870849660,31691,0,0,0,0,16598350,16719500,1264,0,0,0,0,4252,0,5,0,0,0,0,0,0
127,293449641,31692,0,0,0,0,16597650,16718200,1248,0,0,0,0,3932,0,5,0,0,0,0,0,0
128,596064266,31693,0,0,0,0,16600450,16719350,1675,0,0,0,0,3292,0,5,0,0,0,0,0,0
129,3715495249,31694,0,0,0,0,16601250,16718150,1444,0,0,0,0,3612,0,5,0,0,0,0,0,0
130,244680018,31695,0,0,0,0,15814750,16719100,1082,0,0,0,0,3612,0,5,0,0,0,0,0,0
131,4080661783,31696,0,0,0,0,16602350,16722000,1747,0,0,0,0,2972,0,5,0,0,0,0,0,0
132,4006730450,31697,0,0,0,0,16598900,16715600,1321,0,0,0,0,3612,0,5,0,0,0,0,0,0
133,3864584507,31698,0,0,0,0,16605150,16719650,1327,0,0,0,0,3612,0,5,0,0,0,0,0,0
134,2711027320,31699,0,0,0,0,16819600,16937250,1726,0,0,0,0,2972,0,5,0,0,0,0,0,0
135,4099079087,31700,0,0,0,0,16383100,16500500,1406,0,0,0,0,3612,0,5,0,0,0,0,0,0
136,565333772,31701,0,0,0,0,16600800,16720950,1407,0,0,0,0,3612,0,5,0,0,0,0,0,0
137,1028518269,31702,0,0,0,0,16604750,16721550,1746,0,0,0,0,2972,0,5,0,0,0,0,0,0
138,2252688136,31703,0,0,0,0,16596900,16717800,1056,0,0,0,0,3612,0,5,0,0,0,0,0,0
139,578597309,31704,0,0,0,0,16587200,16719450,1337,0,0,0,0,3612,0,5,0,0,0,0,0,0
140,3624439358,31705,0,0,0,0,16601100,16718100,1685,0,0,0,0,2972,0,5,0,0,0,0,0,0
141,3514067501,31706,0,0,0,0,16607700,16720100,1528,0,0,0,0,3612,0,5,0,0,0,0,0,0
142,2741972910,31707,0,0,0,0,16602200,16719950,1360,0,0,0,0,3612,0,5,0,0,0,0,0,0
143,28497579,31708,0,0,0,0,16598250,16716600,1756,0,0,0,0,2972,0,5,0,0,0,0,0,0
144,466729326,31709,0,0,0,0,16607000,16718950,1371,0,0,0,0,3612,0,5,0,0,0,0,0,0
145,3425349295,31710,0,0,0,0,17059650,17178400,1414,0,0,0,0,3612,0,5,0,0,0,0,0,0
146,1537640620,31711,0,0,0,0,16141700,16263750,1687,0,0,0,0,2972,0,5,0,0,0,0,0,0
147,1853842891,31712,0,0,0,0,16598150,16718850,1442,0,0,0,0,3612,0,5,0,0,0,0,0,0
148,1177024904,31713,0,0,0,0,16599950,16716350,1218,0,0,0,0,4252,0,5,0,0,0,0,0,0
149,4106734849,31714,0,0,0,0,16600900,16719250,1542,0,0,0,0,3612,0,5,0,0,0,0,0,0
150,2025356500,31715,0,0,0,0,16602500,16723300,1359,0,0,0,0,4252,0,5,0,0,0,0,0,0
151,2189605121,31716,0,0,0,0,16599750,16723200,1352,0,0,0,0,3932,0,5,0,0,0,0,0,0
152,4086136290,31717,0,0,0,0,16595000,16712800,1688,0,0,0,0,3292,0,5,0,0,0,0,0,0
153,4036669705,31718,0,0,0,0,16605050,16720400,1411,0,0,0,0,3612,0,5,0,0,0,0,0,0
154,4167980074,31719,0,0,0,0,15814300,16719800,1181,0,0,0,0,3612,0,5,0,0,0,0,0,0
155,51187407,31720,0,0,0,0,16597450,16719000,1649,0,0,0,0,2972,0,5,0,0,0,0,0,0
156,2242638442,31721,0,0,0,0,16605650,16719650,1415,0,0,0,0,3612,0,5,0,0,0,0,0,0
157,2730108163,31722,0,0,0,0,16194550,16717100,1426,0,0,0,0,3612,0,5,0,0,0,0,0,0
158,2718743917,31723,0,0,0,0,16605900,16722300,1744,0,0,0,0,2972,0,5,0,0,0,0,0,0
159,3391709842,31724,0,0,0,0,16603400,16719100,1354,0,0,0,0,3612,0,5,0,0,0,0,0,0
160,1164604273,31725,0,0,0,0,16599500,16718850,1283,0,0,0,0,3612,0,5,0,0,0,0,0,0
161,2148591176,31726,0,0,0,0,16600750,16716950,1665,0,0,0,0,2972,0,5,0,0,0,0,0,0
162,4192737573,31727,0,0,0,0,16691500,16810100,1391,0,0,0,0,3612,0,5,0,0,0,0,0,0
163,535584840,31728,0,0,0,0,16513450,16631400,1500,0,0,0,0,3612,0,5,0,0,0,0,0,0
164,3430794475,31729,0,0,0,0,16604400,16718900,1741,0,0,0,0,2972,0,5,0,0,0,0,0,0
165,776323552,31730,0,0,0,0,16603250,16719050,1362,0,0,0,0,3612,0,5,0,0,0,0,0,0
166,3330991427,31731,0,0,0,0,16599650,16716050,1382,0,0,0,0,3612,0,5,0,0,0,0,0,0
167,3282074430,31732,0,0,0,0,16601650,16720900,1700,0,0,0,0,2972,0,5,0,0,0,0,0,0
168,2597814595,31733,0,0,0,0,16156700,16719500,1444,0,0,0,0,3612,0,5,0,0,0,0,0,0
169,2225601370,31734,0,0,0,0,16601300,16718700,1160,0,0,0,0,3612,0,5,0,0,0,0,0,0
170,3716853465,31735,0,0,0,0,16602150,16718200,1721,0,0,0,0,2972,0,5,0,0,0,0,0,0
171,1080675697,31736,0,0,0,0,33321800,33439100,2797,0,0,0,0,7272,0,5,0,0,0,0,0,0
172,219920238,31737,0,0,0,0,33322400,33440400,2428,0,0,0,0,7312,0,5,0,0,0,0,0,0
173,3070385651,31738,0,0,0,0,16603550,16719100,1781,0,0,0,0,3012,0,5,0,0,0,0,0,0
174,2609556270,31739,0,0,0,0,16598150,16717200,1375,0,0,0,0,3612,0,5,0,0,0,0,0,0
175,141401383,31740,0,0,0,0,16596550,16719850,1364,0,0,0,0,3612,0,5,0,0,0,0,0,0
176,3034105280,31741,0,0,0,0,16605700,16722950,1735,0,0,0,0,2972,0,5,0,0,0,0,0,0
177,3029196371,31742,0,0,0,0,16604600,16717400,1395,0,0,0,0,3612,0,5,0,0,0,0,0,0
178,699378668,31743,0,0,0,0,16605300,16719000,1505,0,0,0,0,3612,0,5,0,0,0,0,0,0
179,2402609405,31744,0,0,0,0,16608000,16721300,1767,0,0,0,0,2972,0,5,0,0,0,0,0,0
CSV_END

STUDY_DONE_beb619f8ece6=0
# 