/tmp/fifo-bench --frames 180 --warmup 30 --wait spin --state-frame 0 --retained --csv /tmp/reconfigured-case.csv --dump /tmp/reconfigured-frame.rgb565; fifo_rc=$?; if [ "$fifo_rc" = 0 ]; then printf "\nCSV_BEGIN\n"; cat /tmp/reconfigured-case.csv; printf "CSV_END\n"; fi; test "$fifo_rc" = 0; nv_status=$?; printf "\nNV_DONE_48637befb60f=%s\n" "$nv_status"
BEGIN_BREAKOUT frames=180 warmup=30 fixed=0 blocks=40 tiles=1 hud=1 wait=spin replay=0 state_frame=0 profile=detailed pixel_centers=1 clock_call_ns=5819
HW_COUNTERS id=46490200 words=161040 wait_cycles=1003761 longest_wait_cycles=4571 total_cycles=61856388 cpu_hz=20000000
RESULT frames=180 elapsed_s=3.092680600 fps=58.201937 logic_ms=0.978048 api_ms=3.091824 swap_ms=5.074081 wait_ms=7.884999 worker_inclusive_ms=4.862247 upload_inclusive_ms=1.453943 write_ms=1.280116 bytes_per_frame=3578.67 p50_ms=16.719350 p95_ms=17.099550 max_ms=33.565850 late_60hz=164 first_count=249 last_count=428 state_hash=8f34e8fd remaining=38 score=20
RENDER_PATH retained=1 grouped=0 quads=645 full_frames=0
FRAME_CHECK count=428 address=9fe00000 fnv1a=79c99b23 pixels=307200 mismatches=0
BREAKOUT_PASS

CSV_BEGIN
frame,state_hash,display_count,logic_ns,api_ns,swap_ns,wait_ns,total_ns,completion_interval_ns,polls,worker_inclusive_ns,upload_inclusive_ns,write_ns,read_ns,write_bytes,read_bytes,write_calls,read_calls
0,3724779174,249,712800,4300300,6258950,5048850,16320900,16333200,943,6080600,1918150,1748900,0,4572,0,5,0
1,1709657109,250,896000,3852900,5723300,6134300,16606500,16718700,1146,5545750,1694150,1534000,0,4252,0,5,0
2,1894904752,251,1496000,2519950,5595950,6997650,16609550,16720400,1350,5414150,1845000,1691850,0,3612,0,5,0
3,3703759967,252,827600,2528850,5291000,7596450,16243900,16757900,1327,5115300,1571000,1426000,0,3612,0,5,0
4,19533624,253,829750,3417550,4859750,7461850,16568900,16680050,1334,4688250,2002600,997800,0,3612,0,5,0
5,816884773,254,814650,2940950,3870100,8979050,16604750,16718600,1676,3712100,1567050,1423900,0,2972,0,5,0
6,1339236364,255,816600,3255100,5386950,7150900,16609550,16717050,1245,5210450,1464500,1316500,0,3612,0,5,0
7,3072959373,256,820400,3199750,5899950,6690800,16610900,16723100,1286,5731600,2179300,2025100,0,3612,0,5,0
8,1782884746,257,1493750,2000250,3958150,9273950,16726100,16835800,1599,3775850,782250,640050,0,2972,0,5,0
9,30296781,258,808400,2506050,5578650,7596100,16489200,16601450,1387,5399900,1730300,1562100,0,4252,0,5,0
10,4026418858,259,812250,3422850,5511600,6861500,16608200,16720400,1216,5323950,1683250,1547700,0,4252,0,5,0
11,2084929051,260,811000,2945050,4695750,8152800,16604600,16718200,1501,4529000,2261200,2094350,0,3612,0,5,0
12,3114489770,261,806250,3233350,6165900,6399200,16604700,16718750,1231,5289300,1647400,1497000,0,3932,0,5,0
13,891400471,262,1405600,2527000,5805050,6870250,16607900,16720250,1324,5633850,2051000,1895550,0,3932,0,5,0
14,3472773456,263,1265950,1990650,4118600,9231450,16606650,16717500,1588,3937400,774600,639450,0,2972,0,5,0
15,3010688243,264,813800,3318300,4535300,7936850,16604250,16719250,1457,4361900,1657650,1489700,0,3612,0,5,0
16,2819524756,265,806550,3317250,5506100,6979400,16609300,16718900,1215,5335750,1460250,1324000,0,3612,0,5,0
17,3241678401,266,827400,2783450,4041000,8958500,16610350,16721400,1661,3872850,1725900,614800,0,2972,0,5,0
18,2154316504,267,1643000,2529850,5370100,6282800,15825750,16717800,1195,5174550,1631000,1454750,0,3612,0,5,0
19,772262681,268,1356400,2522150,5585450,7351500,16815500,16923700,1344,5412500,1870900,1714450,0,3612,0,5,0
20,3882818750,269,805000,1992800,3984100,9623050,16404950,16513850,1637,3819700,784350,640450,0,2972,0,5,0
21,521131153,270,812450,3434950,5098300,7255850,16601550,16719000,1312,4931050,1450700,1309100,0,3612,0,5,0
22,1838187414,271,805000,3270650,5315050,7223050,16613750,16721750,1269,5136000,1455800,1315150,0,3612,0,5,0
23,840574439,272,817300,2764200,4066250,8956750,16604500,16718600,1600,3905800,777650,630200,0,2972,0,5,0
24,2879461878,273,1421350,2534250,5884050,6762900,16602550,16717600,1301,5701050,2190050,2037850,0,3612,0,5,0
25,202086035,274,1280400,2508500,6738150,6083800,16610850,16721850,1023,6548550,2977450,2812950,0,3612,0,5,0
26,959703924,275,832500,1995200,3978150,9805600,16611450,16720000,1672,3804300,781150,638600,0,2972,0,5,0
27,3795724423,276,816150,3380350,5301500,7104800,16602800,16718350,1248,5135300,1458800,1313350,0,3612,0,5,0
28,2500539904,277,810950,3264300,5323400,7209750,16608400,16720450,1194,5152850,1459850,1310150,0,3612,0,5,0
29,2269000541,278,824450,2795250,4052500,8929800,16602000,16715800,1599,3892500,780050,635900,0,2972,0,5,0
30,1900681108,279,1453150,2491650,5550450,7414850,16910100,17022450,1355,5365000,1867750,1718250,0,3612,0,5,0
31,3680168245,280,820000,2488650,5321300,7678950,16308900,16417200,1404,5148300,1592650,1427600,0,3612,0,5,0
32,2344329490,281,816450,1993950,3982200,9818150,16610750,16719150,1677,3814300,783450,637250,0,2972,0,5,0
33,2130650181,282,819500,3365050,5482750,6938800,16606100,16720150,1206,5315900,1463300,1321750,0,4252,0,5,0
34,906966818,283,812700,3256950,5461000,7073250,16603900,16718950,1227,5287800,1473050,1324800,0,4252,0,5,0
35,3939376531,284,819900,2700700,4579150,8502350,16602100,16717900,1529,4408700,1236200,1092350,0,3612,0,5,0
36,2110688546,285,1445050,2497850,5474350,7193750,16611000,16720700,1304,5281950,1661900,1500150,0,3932,0,5,0
37,2695523007,286,817450,2476650,5490500,7827400,16612000,16720450,1434,5326550,1685150,1513650,0,3932,0,5,0
38,744447992,287,803200,2859350,3074100,9869700,16606350,16719300,1707,2918200,780250,641000,0,2972,0,5,0
39,3728640411,288,821150,3406000,5130400,7247000,16604550,16719350,1267,4960950,1236950,1090100,0,3612,0,5,0
40,618879740,289,816650,3230500,4974900,7583750,16605800,16718000,1328,4791900,1238550,1093450,0,3612,0,5,0
41,1239708057,290,1423100,2038500,4270000,9258450,16990050,17099550,1583,4092900,782500,638500,0,2972,0,5,0
42,2429742208,291,807700,2459900,5442850,7518850,16229300,16341550,1254,5263800,1605850,691850,0,3612,0,5,0
43,412095716,292,809800,3413850,4692100,7680650,16596400,16715200,1402,4527100,1826700,1652650,0,3612,0,5,0
44,1226741467,293,809050,2904800,3939200,8954150,16607200,16720400,1669,3766300,1638350,1477150,0,2972,0,5,0
45,3288446148,294,815200,3288150,5257900,7245950,16607200,16719500,1256,5093800,1238200,1089450,0,3612,0,5,0
46,1157984843,295,818450,3215350,4946300,7622650,16602750,16718000,1332,4763750,1238250,1091300,0,3612,0,5,0
47,3877288378,296,1353000,2028800,3946350,9351100,16679250,16791750,1613,3775850,776150,633150,0,2972,0,5,0
48,4236526315,297,838800,3539650,5801400,5835150,16015000,16909600,104,5619950,1242900,1096200,0,3612,0,5,0
49,533834014,298,829350,5092500,5581100,4828050,16331000,16457500,901,5405900,1858600,1711800,0,3612,0,5,0
50,1649361089,299,819300,2801750,3959300,9032300,16612650,16719800,1682,3776500,1653000,1492100,0,2972,0,5,0
51,2486981906,300,828850,3334700,4989650,7454850,16608050,16722100,1267,4821950,1240500,1091150,0,3612,0,5,0
52,1706075277,301,1443550,2503450,5727250,6923750,16598000,16715200,1333,5544800,2007900,1855350,0,3612,0,5,0
53,267972368,302,816750,2046850,3988400,9335050,16187050,16723100,1521,3821800,780250,632900,0,2972,0,5,0
54,3895401273,303,809900,3384250,4513500,7891200,16598850,16715200,1410,4346150,1688500,1527250,0,3612,0,5,0
55,605985656,304,814050,3346400,5091200,7351750,16603400,16718550,1293,4923300,1230100,1087650,0,3612,0,5,0
56,4077673024,305,872300,10653000,8654850,13148150,33328300,33440950,2405,8473850,1381900,1240150,0,6632,0,5,0
57,985632231,306,1435750,9143800,9640050,13108500,33328100,33441100,2299,9460500,1615750,1474400,0,7312,0,5,0
58,3720590956,307,864050,3502300,5002450,7231250,16600050,16716000,1261,4830800,1237850,1097050,0,3652,0,5,0
59,3264032585,308,860200,2860150,3905900,8982250,16608500,16723000,1669,3741750,1590150,1429000,0,2972,0,5,0
60,395405688,309,856150,3292800,5000700,7449750,16599400,16714250,1302,4816900,1245900,1093850,0,3612,0,5,0
61,32142420,310,1468200,2554300,5686000,6905750,16614250,16721250,1329,5514800,1994850,1836200,0,3612,0,5,0
62,1187067055,311,1457250,2025650,4000900,9130950,16614750,16722850,1566,3834850,781100,635700,0,2972,0,5,0
63,459140908,312,848600,3337800,4532850,7881000,16600250,16714300,1444,4367800,1667650,1495400,0,3612,0,5,0
64,3369786495,313,858400,3679050,5117150,6954950,16609550,16721950,1213,4945000,1248050,1096900,0,3612,0,5,0
65,1572434254,314,855100,2968650,4023450,8761400,16608600,16716900,1604,3860050,776200,630750,0,2972,0,5,0
66,4107798823,315,854300,3279600,4939550,7535750,16609200,16721900,1317,4760050,1243550,1094550,0,3612,0,5,0
67,343968250,316,1408000,2549350,5571650,7324100,16853100,16964450,1334,5396700,1874750,1717400,0,3612,0,5,0
68,3102454017,317,848750,2007400,4100600,9407000,16363750,16472400,1622,3931750,776250,639750,0,2972,0,5,0
69,3051095563,318,850250,3467550,4898200,7388850,16604850,16717700,1333,4732000,1231750,1090950,0,3612,0,5,0
70,2391331016,319,853300,3293300,5114850,7350500,16611950,16722750,1296,4934150,1240950,1089050,0,3612,0,5,0
71,3869016117,320,846350,2794900,4223200,8741200,16605650,16719700,1585,4052000,782300,634950,0,2972,0,5,0
72,1579800804,321,1469400,2572950,5646850,6913350,16602550,16715050,1333,5464350,1978150,1093650,0,3612,0,5,0
73,2792341157,322,1335250,2527450,5321800,7424000,16608500,16720650,1356,5150900,1586350,1430350,0,3612,0,5,0
74,714702942,323,849100,2011450,3985250,9761350,16607150,16719400,1663,3814400,781300,641050,0,2972,0,5,0
75,1092538936,324,847450,3431700,5099400,7225450,16604000,16720850,1270,4928500,1236100,1089700,0,3612,0,5,0
76,1561271239,325,843300,3308050,5479500,6977550,16608400,16721050,1135,5305450,1475400,1322350,0,4252,0,5,0
77,3798074098,326,862600,2796650,4622900,8323150,16605300,16718650,1468,4460450,1242200,1096350,0,3612,0,5,0
78,3022639071,327,887200,3572500,5454250,5517550,15431500,17050700,921,5285100,1460150,1319250,0,4252,0,5,0
79,2282770062,328,847900,2526850,5480050,7421950,16276750,16385300,1349,5319500,1702900,1533100,0,3932,0,5,0
80,1626512457,329,848100,2004100,5026900,8732650,16611750,16720650,1600,4125150,1059500,917900,0,3292,0,5,0
81,3156888026,330,845350,3384550,5333800,7039450,16603150,16717650,1219,5169800,1447700,1306750,0,3612,0,5,0
82,3038824309,331,847100,3302850,5301350,7157350,16608650,16719450,1244,5127800,1459850,1308700,0,3612,0,5,0
83,1261846460,332,861100,2753700,3945050,9048100,16607950,16721650,1620,3777500,780700,633100,0,2972,0,5,0
84,2035201521,333,1397950,2530000,5300200,8480300,17708450,17823900,1252,5119650,1580450,1433650,0,3612,0,5,0
85,2164446652,334,864200,3482550,5359350,5792050,15498150,15614100,969,5193600,1452500,1309050,0,3612,0,5,0
86,2017191835,335,853750,2936200,3894150,8920450,16604550,16721150,1640,3734200,778900,639800,0,2972,0,5,0
87,3029138484,336,876300,3366450,5380050,6981700,16604500,16717150,1206,5223550,1469550,1320750,0,3612,0,5,0
88,50355403,337,853200,3358650,5900900,6491950,16604700,16717300,1251,4990200,1466350,1316000,0,3612,0,5,0
89,654213990,338,1784600,2084500,3956250,8780250,16605600,16719200,1572,3785500,780950,635100,0,2972,0,5,0
90,2360099787,339,849600,3349450,4501050,7375350,16075450,16721800,1339,4326250,1658150,1493200,0,3612,0,5,0
91,2424818746,340,854950,3459750,5102750,7190050,16607500,16718750,1302,4936350,2252150,2083050,0,3612,0,5,0
92,1971386461,341,850100,2908400,3914500,8935350,16608350,16718050,1662,3744350,1626700,1467400,0,2972,0,5,0
93,3386045126,342,860250,3448950,5262200,7034900,16606300,16719700,1219,5104700,1464700,1312200,0,3612,0,5,0
94,1429641961,343,859550,3280200,5877200,6590300,16607250,16721550,1265,5694200,2193450,2037900,0,3612,0,5,0
95,3022846880,344,1387000,2056000,3938750,9324900,16706650,16820400,1609,3767550,779550,634650,0,2972,0,5,0
96,1601897261,345,854800,2499800,5472900,7673700,16501200,16614150,1401,5292350,1640600,1475850,0,3612,0,5,0
97,1229951528,346,852350,3469750,5210050,7079550,16611700,16722850,1251,5048600,1450050,1313050,0,3612,0,5,0
98,4065171759,347,858400,2816000,3960100,8971950,16606450,16717700,1669,3780650,1651150,1485100,0,2972,0,5,0
99,1034325744,348,853900,3316350,6051400,6386250,16607900,16721600,1227,5157350,1460400,1313700,0,3612,0,5,0
100,14078671,349,1521350,2526700,5780800,6771900,16600750,16715850,1303,5599150,1969800,1817000,0,4252,0,5,0
101,4024270554,350,873100,2058950,5804750,7428850,16165650,16718600,1335,5616950,2484750,2337850,0,3612,0,5,0
102,896191351,351,847000,3387550,5206200,7170700,16611450,16722300,1288,5026850,2265700,2102300,0,4252,0,5,0
103,2131384102,352,869800,3380800,5538050,6812200,16600850,16718300,1183,5370550,1637400,1495350,0,3932,0,5,0
104,2586210593,353,862100,2815000,4271200,8660600,16608900,16721650,1598,4101000,1051900,905950,0,3292,0,5,0
105,591918370,354,857500,3278100,5987250,6485350,16608200,16716500,1235,5810550,2306850,2150350,0,3612,0,5,0
106,8814317,355,1402650,2509500,5566400,7317900,16796450,16910450,1333,5385300,1852850,1698450,0,3612,0,5,0
107,2340504196,356,858300,2050600,3968450,9902950,16780300,16891050,794,3797200,780500,633250,0,2972,0,5,0
108,3523076009,357,884950,6088500,5255450,3256850,15485750,16358450,564,5082600,2368300,2211350,0,3612,0,5,0
109,1961669028,358,860050,3314650,5369050,7062050,16605800,16716800,1233,5201750,1459800,1304600,0,3612,0,5,0
110,1037581603,359,867000,2823250,4103650,8818950,16612850,16721650,1603,3928750,780300,631200,0,2972,0,5,0
111,2701024588,360,1477150,2571050,5680750,6879250,16608200,16716750,1297,5510150,1996150,1839300,0,3612,0,5,0
112,215037203,361,1383350,2521050,5314800,7384250,16603450,16720050,1346,5143550,1570250,1426950,0,3612,0,5,0
113,3696282862,362,861750,2043650,3981350,9722450,16609200,16722300,1626,3823500,777250,636100,0,2972,0,5,0
114,2829142928,363,865750,3427050,5355600,6950650,16599050,16713450,1192,5178400,1460000,1318200,0,3612,0,5,0
115,3204762949,364,853700,3320500,7084550,5344800,16603550,16720550,999,6892450,1688000,1515800,0,3612,0,5,0
116,3297489190,365,865700,2804200,4108050,8826850,16604800,16720100,1604,3934900,788500,642100,0,2972,0,5,0
117,1691704917,366,1474900,2551550,5581450,7417000,17024900,17139550,1326,5408450,1843000,1684450,0,3612,0,5,0
118,663957814,367,869600,3402050,4510150,7399750,16181550,16297800,1344,4338300,1647800,1485950,0,3612,0,5,0
119,3058583827,368,856850,2043950,3943700,9770250,16614750,16724250,1689,3779950,785600,634700,0,2972,0,5,0
120,838545270,369,854250,3336200,5354750,7056400,16601600,16715850,1236,5175900,1466150,1315650,0,3612,0,5,0
121,3608912039,370,854200,3417350,5210600,7127600,16609750,16720950,1234,5049000,1464450,1313000,0,3612,0,5,0
122,4080159716,371,868150,2710600,3981650,9046050,16606450,16717600,1643,3806000,784750,636150,0,2972,0,5,0
123,1056027075,372,1361150,2545700,5313450,7390100,16610400,16721400,1349,5143800,1573100,1423850,0,3612,0,5,0
124,4057021248,373,865450,2510150,6075100,7155650,16606350,16718900,1290,4909450,2126250,1964200,0,4252,0,5,0
125,2686741161,374,857550,2969400,4132350,8647250,16606550,16720900,1601,3953600,1710350,1542550,0,3612,0,5,0
126,3870849660,375,863550,3321850,6732050,5684750,16602200,16715950,1079,6548900,2440650,2288700,0,4252,0,5,0
127,293449641,376,863400,3291750,6126800,6328600,16610550,16718750,1210,5944500,2249400,2094850,0,3932,0,5,0
128,596064266,377,1486950,2054650,4259500,9172900,16974000,17083500,1579,4088900,1052350,906450,0,3292,0,5,0
129,3715495249,378,852250,2530750,5338450,7521500,16242950,16356450,1370,5162250,1628150,1463150,0,3612,0,5,0
130,244680018,379,844000,3455300,5211200,7096700,16607200,16718650,1272,5035050,2389950,2233400,0,3612,0,5,0
131,4080661783,380,852650,2883000,3911900,8957950,16605500,16719450,1667,3743650,1609200,1441350,0,2972,0,5,0
132,4006730450,381,851350,3298900,5269200,7188150,16607600,16719700,1252,5098850,1460900,1309450,0,3612,0,5,0
133,3864584507,382,863900,3228800,5999300,6510000,16602000,16715950,1241,5820600,2312200,2156750,0,3612,0,5,0
134,2711027320,383,1365850,2020200,3951950,9320800,16658800,16774400,1607,3780100,772900,638450,0,2972,0,5,0
135,4099079087,384,852250,2525050,5327700,7846850,16551850,16666150,1435,5153000,1621950,1456150,0,3612,0,5,0
136,565333772,385,845500,3447800,5155900,7160950,16610150,16720300,1239,4983550,1447800,1311050,0,3612,0,5,0
137,1028518269,386,853150,2821500,3896250,9034600,16605500,16719200,1680,3736100,1597950,1431950,0,2972,0,5,0
138,2252688136,387,1752150,2565900,5340600,6172950,15831600,16720800,1117,5158500,1591800,1438400,0,3612,0,5,0
139,578597309,388,1569000,2555550,5615750,6864900,16605200,16717950,1295,5448500,1885550,1726250,0,3612,0,5,0
140,3624439358,389,850300,2029950,4000500,9278300,16159050,16719400,1593,3838250,777150,639100,0,2972,0,5,0
141,3514067501,390,850850,3420050,4799600,7533950,16604450,16718950,1358,4631450,1945150,1782450,0,3612,0,5,0
142,2741972910,391,837850,3346250,5298100,7125200,16607400,16720250,1223,5117250,1457450,1315450,0,3612,0,5,0
143,28497579,392,856050,2844900,3989800,8909750,16600500,16716900,1638,3826100,779100,633350,0,2972,0,5,0
144,466729326,393,855650,3232600,5877900,6641800,16607950,16720900,1276,5699500,2190750,2035250,0,3612,0,5,0
145,3425349295,394,1376250,2533400,5595350,8709750,18214750,18327050,1317,5423650,1880100,1722650,0,3612,0,5,0
146,1537640620,395,870800,2952950,3973750,7190250,14987750,15110500,1298,3801800,793900,642350,0,2972,0,5,0
147,1853842891,396,857250,3491800,5218900,7038050,16606000,16721650,1242,5053000,1446050,1308250,0,3612,0,5,0
148,1177024904,397,848650,3294900,5485000,6976700,16605250,16716500,1213,5310650,1472050,1318600,0,4252,0,5,0
149,4106734849,398,852750,2927400,4635450,8191400,16607000,16720150,1468,4476250,1240450,1095650,0,3612,0,5,0
150,2025356500,399,1502750,2523650,5847650,6734900,16608950,16720700,1289,5668000,2030300,1856400,0,4252,0,5,0
151,2189605121,400,1328900,2534150,5846700,6904400,16614150,16721100,1237,5673300,1749700,1591650,0,3932,0,5,0
152,4086136290,401,846850,2017550,4426400,9314600,16605400,16717800,1597,4256200,1058500,917100,0,3292,0,5,0
153,4036669705,402,858400,3391600,5126950,7226050,16603000,16717100,1270,4955050,1238300,1088500,0,3612,0,5,0
154,4167980074,403,843700,3314900,5117150,7334100,16609850,16720700,1285,4939100,1243750,1092100,0,3612,0,5,0
155,51187407,404,864650,2798100,4140450,8798650,16601850,16717200,1592,3980800,786000,638700,0,2972,0,5,0
156,2242638442,405,1416250,2532900,5575600,7304000,16828750,16945200,1332,5393400,1881000,1724850,0,3612,0,5,0
157,2730108163,406,857150,2544500,5362750,7620350,16384750,16495850,1389,4360800,1630600,1458600,0,3612,0,5,0
158,2718743917,407,850400,2021050,3974750,9759500,16605700,16715800,1654,3810700,783950,637100,0,2972,0,5,0
159,3391709842,408,850100,3331300,5150450,7274500,16606350,16724500,1275,4977100,1236000,1083300,0,3612,0,5,0
160,1164604273,409,842800,3312350,5017350,7429650,16602150,16717250,1299,4843100,1246150,1094050,0,3612,0,5,0
161,2148591176,410,1483300,2091000,3940500,9090500,16605300,16719200,1617,3772850,777850,636350,0,2972,0,5,0
162,4192737573,411,1346200,2531300,5311450,7413150,16602100,16718550,1351,5134800,1591450,699850,0,3612,0,5,0
163,535584840,412,864150,3380650,4545800,7820650,16611250,16722050,1349,4376450,1674100,1500800,0,3612,0,5,0
164,3430794475,413,860000,3018450,3913750,8808350,16600550,16719250,1603,3745550,1612200,1459250,0,2972,0,5,0
165,776323552,414,867750,3344900,5165600,7225200,16603450,16716450,1260,4999700,1239700,1091350,0,3612,0,5,0
166,3330991427,415,859500,3363550,4923250,7458700,16605000,16717550,1300,4744950,1239150,1089500,0,3612,0,5,0
167,3282074430,416,1460850,2074050,3946900,9458400,16940200,17052400,1607,3781050,776000,635950,0,2972,0,5,0
168,2597814595,417,853100,2528250,5314200,9676650,18372200,18489800,1297,4285250,1598900,1440900,0,3612,0,5,0
169,2225601370,418,879700,7771950,5344050,17221050,31216750,31340000,3187,5176150,1597700,1439400,0,3612,0,5,0
170,3716853465,419,862850,2901250,4122200,8720250,16606550,16717800,1582,3940550,781250,634950,0,2972,0,5,0
171,1080675697,420,868300,9503500,9620700,13465000,33457500,33565850,2363,9441850,1649050,1502900,0,7272,0,5,0
172,219920238,421,863200,8991950,10319950,13023200,33198300,33309750,2439,9369000,1621100,1476050,0,7312,0,5,0
173,3070385651,422,861700,3157450,4171000,8412450,16602600,16719000,1193,4012400,793900,643650,0,3012,0,5,0
174,2609556270,423,878750,3488850,5705200,6523850,16596650,16718050,1258,4786050,1241450,1093000,0,3612,0,5,0
175,141401383,424,1478400,2567750,5586700,6971500,16604350,16719550,1342,5414800,1873950,1714600,0,3612,0,5,0
176,3034105280,425,843200,2020750,3974250,9377200,16215400,16723300,1617,3818350,777750,639250,0,2972,0,5,0
177,3029196371,426,848600,3618550,4921950,7216350,16605450,16717650,1295,4752450,1229750,1093550,0,3612,0,5,0
178,699378668,427,845550,3359050,5091550,7313650,16609800,16719100,1290,4909800,1231350,1090250,0,3612,0,5,0
179,2402609405,428,852500,2826300,3981000,8946050,16605850,16718550,1641,3820100,771100,631650,0,2972,0,5,0
CSV_END

NV_DONE_48637befb60f=0
# 
CAPTURE: {"label": "reconfigured-fifo512-r0-s0-retained", "elapsed_seconds": 14.609707889999981, "bytes_received": 21176, "command": "/tmp/fifo-bench --frames 180 --warmup 30 --wait spin --state-frame 0 --retained --csv /tmp/reconfigured-case.csv --dump /tmp/reconfigured-frame.rgb565; fifo_rc=$?; if [ \"$fifo_rc\" = 0 ]; then printf \"\\nCSV_BEGIN\\n\"; cat /tmp/reconfigured-case.csv; printf \"CSV_END\\n\"; fi; test \"$fifo_rc\" = 0", "command_exit": 0, "login_sent": false, "log": "/path/to/research/experiments/fifo-study-20261008/20261008T122411Z-reconfigured-fifo512-r0-s0-retained.raw"}
