/tmp/fifo-bench --frames 180 --warmup 30 --wait spin --state-frame 0 --csv /tmp/reconfigured-case.csv --dump /tmp/reconfigured-frame.rgb565; fifo_rc=$?; if [ "$fifo_rc" = 0 ]; then printf "\nCSV_BEGIN\n"; cat /tmp/reconfigured-case.csv; printf "CSV_END\n"; fi; test "$fifo_rc" = 0; nv_status=$?; printf "\nNV_DONE_026c2cd0688e=%s\n" "$nv_status"
BEGIN_BREAKOUT frames=180 warmup=30 fixed=0 blocks=40 tiles=1 hud=1 wait=spin replay=0 state_frame=0 profile=detailed pixel_centers=1 clock_call_ns=5293
HW_COUNTERS id=46490200 words=1392820 wait_cycles=1745264 longest_wait_cycles=2945 total_cycles=245434478 cpu_hz=20000000
RESULT frames=180 elapsed_s=12.271600250 fps=14.668014 logic_ms=1.005963 api_ms=22.295624 swap_ms=41.699962 wait_ms=3.041071 worker_inclusive_ms=41.469510 upload_inclusive_ms=7.669404 write_ms=7.418784 bytes_per_frame=30951.56 p50_ms=66.878000 p95_ms=83.595950 max_ms=83.830900 late_60hz=180 first_count=35 last_count=214 state_hash=8f34e8fd remaining=38 score=20
RENDER_PATH retained=0 grouped=0 quads=13131 full_frames=180
FRAME_CHECK count=214 address=9fe00000 fnv1a=79c99b23 pixels=307200 mismatches=0
BREAKOUT_PASS

CSV_BEGIN
frame,state_hash,display_count,logic_ns,api_ns,swap_ns,wait_ns,total_ns,completion_interval_ns,polls,worker_inclusive_ns,upload_inclusive_ns,write_ns,read_ns,write_bytes,read_bytes,write_calls,read_calls
0,3724779174,35,1432150,22188250,40515900,2373200,66509500,66522200,358,40330250,7826050,6889350,0,31172,0,5,0
1,1709657109,36,887850,22481800,49073750,11050450,83493850,83596000,1959,48883150,7816550,7602600,0,31172,0,5,0
2,1894904752,37,858500,22471350,40645900,2798900,66774650,66876850,439,40460600,7671050,7469150,0,31172,0,5,0
3,3703759967,38,828700,24155750,40975750,810600,66770800,66872850,158,40788500,7975400,7761050,0,31172,0,5,0
4,19533624,39,1508000,21633850,41037650,2602350,66781850,66881500,404,40855150,7830550,7613300,0,31172,0,5,0
5,816884773,40,826050,22423950,41167100,2355650,66772750,66877000,361,40974900,7744050,7536400,0,31172,0,5,0
6,1339236364,41,873700,23242900,40724650,1666400,66507650,67307500,196,40531100,7730550,7522200,0,31172,0,5,0
7,3072959373,42,827200,21681700,41737950,2093700,66340550,66444550,418,41559600,7799200,7599900,0,31172,0,5,0
8,1782884746,43,1540950,21493050,40860800,2883600,66778400,66876300,467,40674250,7728450,7523100,0,31172,0,5,0
9,30296781,44,821250,22836650,40864350,2255750,66778000,66879350,343,40682000,7838250,7631450,0,31492,0,5,0
10,4026418858,45,844250,21834300,43200500,895800,66774850,66876000,176,43006800,7891900,7684650,0,31492,0,5,0
11,2084929051,46,1426600,21628650,41028650,2697850,66781750,66879350,423,40842350,7840750,6915400,0,31492,0,5,0
12,3114489770,47,845750,22781350,40698100,2448000,66773200,66874700,380,40508800,7684400,7478650,0,31172,0,5,0
13,891400471,48,825150,22481000,40608600,3082650,66997400,67101150,497,40418650,7370300,7166050,0,31172,0,5,0
14,3472773456,49,847000,21659800,40685350,3357550,66549700,66652250,557,40496450,7039650,6857400,0,31172,0,5,0
15,3010688243,50,1447350,21489100,41179300,2660200,66775950,66879400,420,40994800,7776000,7558450,0,31172,0,5,0
16,2819524756,51,844550,22604600,48045400,11999600,83494150,83595950,2127,47860850,7308200,7087000,0,31172,0,5,0
17,3241678401,52,835300,22500700,40847200,2589800,66773000,66876550,413,40660150,7458500,7259000,0,31172,0,5,0
18,2154316504,53,837800,24831600,40859950,243750,66773100,66874550,44,40677550,7711650,6904550,0,31172,0,5,0
19,772262681,54,1506750,21818650,40822700,2637950,66786050,66881350,387,40635550,7796050,7571650,0,31172,0,5,0
20,3882818750,55,842950,22434700,41067600,2427350,66772600,66876200,378,40875300,7667000,7457350,0,31172,0,5,0
21,521131153,56,818000,21745050,41739250,2848700,67151000,67252200,472,40513450,7379650,7178150,0,31172,0,5,0
22,1838187414,57,843000,21848800,40566900,3141000,66399700,66501200,514,40383750,7759100,6851650,0,31172,0,5,0
23,840574439,58,827500,22319400,40803550,2826400,66776850,66880400,458,40617650,7813250,7599850,0,31172,0,5,0
24,2879461878,59,842400,22339950,41380350,2212350,66775050,66877250,337,41197050,7768850,7567600,0,31172,0,5,0
25,202086035,60,825650,21671750,43477550,794000,66768950,66872850,155,43283100,7864050,7645750,0,31172,0,5,0
26,959703924,61,1489350,21699600,40769650,2822250,66780850,66879400,425,40584700,7786300,7565350,0,31172,0,5,0
27,3795724423,62,826500,22386950,41551650,2007450,66772550,66875450,291,41354400,7795200,7576200,0,31172,0,5,0
28,2500539904,63,845850,22356750,40705600,3094700,67002900,67105700,522,40504050,7514000,7312500,0,31172,0,5,0
29,2269000541,64,821000,21809450,41361000,2553600,66545050,66646800,510,40599700,7070900,6886750,0,31172,0,5,0
30,1900681108,65,1473650,21845550,41224000,2237500,66780700,66880250,331,41038800,7940800,7728000,0,31172,0,5,0
31,3680168245,66,829700,22516950,48650400,11498350,83495400,83597050,2051,48462700,7470500,7260900,0,31172,0,5,0
32,2344329490,67,850400,22611000,40644950,2719650,66826000,66929250,435,40459650,7427400,7220600,0,31172,0,5,0
33,2130650181,68,827800,23978300,41677750,239300,66723150,66824800,43,41484300,7749700,7532450,0,31492,0,5,0
34,906966818,69,1579150,21596750,40939500,2662400,66777800,66879000,415,40749700,7832950,7619650,0,31492,0,5,0
35,3939376531,70,830500,22613700,40820250,2506150,66770600,66874950,393,40633750,7839500,7629050,0,31492,0,5,0
36,2110688546,71,886600,22851850,41535300,794400,66068150,66877700,155,41337900,7738900,7526350,0,31172,0,5,0
37,2695523007,72,830150,21758350,41771650,1865300,66225450,66874600,371,41592800,7807900,7611950,0,31172,0,5,0
38,744447992,73,847200,22252750,40891100,2788200,66779250,66877150,445,40704250,7717050,7511300,0,31172,0,5,0
39,3728640411,74,823000,22509250,41592800,1851200,66776250,66878100,257,41405450,7962500,7744600,0,31172,0,5,0
40,618879740,75,852450,21716650,43102250,1101450,66772800,66875150,217,42920250,7826750,7043200,0,31172,0,5,0
41,1239708057,76,1503400,21724950,40982800,2572150,66783300,66880200,396,40794300,7829550,7606150,0,31172,0,5,0
42,2429742208,77,850150,22575750,41279850,2071700,66777450,66878950,301,41082650,8138200,7923850,0,31172,0,5,0
43,412095716,78,835300,22603100,40640300,3057050,67135750,67235300,514,40458700,7395000,7193600,0,31172,0,5,0
44,1226741467,79,852250,21726800,41489000,2345100,66413150,66514250,468,41319250,7141100,6946600,0,31172,0,5,0
45,3288446148,80,824600,22252950,40674650,3032800,66785000,66881900,442,40486050,7703950,7499250,0,31172,0,5,0
46,1157984843,81,852550,22696100,47946450,11993300,83488400,83593100,2158,47763850,7578550,7377700,0,31172,0,5,0
47,3877288378,82,828300,22462250,40685050,2939700,66915300,67017250,489,40500650,7310750,7108950,0,31172,0,5,0
48,4236526315,83,861750,24265800,41343200,165200,66635950,66738150,28,41155750,7789600,7584800,0,31172,0,5,0
49,533834014,84,1710550,21725500,43836400,16231550,83504000,83598250,2927,43654350,7845150,7635000,0,31172,0,5,0
50,1649361089,85,853800,22424700,40731550,2764700,66774750,66876350,441,40528550,7717700,7513800,0,31172,0,5,0
51,2486981906,86,824900,22550750,41693000,1708450,66777100,66878550,230,41503850,7863600,7652250,0,31172,0,5,0
52,1706075277,87,843400,21727950,41818700,2380150,66770200,66872300,475,41629650,7800050,7606750,0,31172,0,5,0
53,267972368,88,1452950,21567200,40700350,3064400,66784900,66881100,503,40509550,7760800,6957800,0,31172,0,5,0
54,3895401273,89,842050,22567400,41076250,2288100,66773800,66875600,321,40881550,7777600,7568850,0,31172,0,5,0
55,605985656,90,829050,21772800,43888900,781000,67271750,67375050,33,42970200,7834850,7597850,0,31172,0,5,0
56,4077673024,91,901900,21611800,40770150,2994550,66278400,66379850,481,40580200,7067700,6882700,0,30852,0,5,0
57,985632231,92,859600,22298000,40837750,2780650,66776000,66877700,428,40651200,7960700,7741750,0,30852,0,5,0
58,3720590956,93,881100,22544700,41014900,2335300,66776000,66877550,361,40825000,7827350,7030450,0,30852,0,5,0
59,3264032585,94,862400,21668700,41444300,2798550,66773950,66875900,560,41260950,7694050,7499850,0,30852,0,5,0
60,395405688,95,1451800,21614000,40911050,2804300,66781150,66877650,445,40729650,7782150,7557950,0,30852,0,5,0
61,32142420,96,865600,22962000,48403050,11261750,83492400,83594150,2001,48217250,7768250,7547300,0,30852,0,5,0
62,1187067055,97,895800,22478750,40851900,2551000,66777450,66879400,404,40672800,7690450,6901900,0,30852,0,5,0
63,459140908,98,865300,24398750,41077600,429750,66771400,66874200,81,40892350,8165850,7937900,0,30852,0,5,0
64,3369786495,99,1506500,21867150,41399700,2009350,66782700,66880250,400,41217850,7636300,7443950,0,30852,0,5,0
65,1572434254,100,852150,22440300,41044900,2439800,66777150,66877500,378,40851200,7683850,7471550,0,30852,0,5,0
66,4107798823,101,919200,22672750,40958800,1896600,66447350,67251800,209,40764450,7656400,7448950,0,30852,0,5,0
67,343968250,102,871250,21917400,41504650,2100050,66393350,66500500,419,41318850,7843950,7642250,0,30852,0,5,0
68,3102454017,103,1576900,21676750,40672500,2850550,66776700,66878050,458,40489400,7767100,7559350,0,30852,0,5,0
69,3051095563,104,861950,22561050,40976500,2375050,66774550,66875850,367,40791000,7652600,7444250,0,30852,0,5,0
70,2391331016,105,883950,23217800,42288550,387900,66778200,66879300,73,42108150,7790700,7574000,0,30852,0,5,0
71,3869016117,106,872250,21835150,41282050,2211700,66201150,66875250,441,40531900,7071400,6874350,0,30852,0,5,0
72,1579800804,107,879400,22179950,40858150,2865400,66782900,66879000,464,40669550,7666500,7460650,0,30852,0,5,0
73,2792341157,108,862850,22754050,41194650,1964800,66776350,66877450,284,41009300,7776150,7563650,0,30852,0,5,0
74,714702942,109,881200,21856250,41522550,2511750,66771750,66872750,502,41337350,7817850,7624050,0,30852,0,5,0
75,1092538936,110,1475250,21546800,40954750,2807700,66784500,66882150,447,40765700,7767600,7546600,0,30852,0,5,0
76,1561271239,111,886800,22599150,48778300,11230150,83494400,83595600,1982,48590950,7597450,7384800,0,31172,0,5,0
77,3798074098,112,874050,22500700,41241500,2161750,66778000,66878000,323,41055700,7768100,7559900,0,31172,0,5,0
78,3022639071,113,878900,24060300,40923500,908500,66771200,66872500,178,40730700,7658650,7448150,0,31172,0,5,0
79,2282770062,114,1478600,22038500,41747150,1520750,66785000,66879850,302,41563800,7685200,7485300,0,30852,0,5,0
80,1626512457,115,873650,22563850,40968450,2374700,66780650,66876700,358,40777850,7732300,7524450,0,30852,0,5,0
81,3156888026,116,860900,22353250,40678200,3039000,66931350,67034600,509,40498250,7376250,7170700,0,30852,0,5,0
82,3038824309,117,881300,22020850,41616050,2097800,66616000,66718850,418,41435300,7671600,7473850,0,30852,0,5,0
83,1261846460,118,1555900,21714700,40749250,2763000,66782850,66881050,443,40560400,7743000,7518950,0,30852,0,5,0
84,2035201521,119,880750,22548900,41058900,2285650,66774200,66877050,350,40873500,7712900,7508600,0,30852,0,5,0
85,2164446652,120,860800,21538050,43665000,704800,66768650,66871750,137,43475100,7633400,7416600,0,30852,0,5,0
86,2017191835,121,1498750,21577350,40822800,2881800,66780700,66878650,460,40640550,6977950,6796200,0,30852,0,5,0
87,3029138484,122,863900,22433000,41007000,2473800,66777700,66880600,380,40815550,7737650,7530900,0,30852,0,5,0
88,50355403,123,878100,22343250,41339550,2241150,66802050,66906850,344,41151350,7602900,7406950,0,30852,0,5,0
89,654213990,124,863350,21686650,40826850,3362000,66738850,66843200,556,40634700,7021150,6832400,0,30852,0,5,0
90,2360099787,125,1515900,21728450,40649250,2883250,66776850,66877700,466,40463650,7729300,7511900,0,30852,0,5,0
91,2424818746,126,865850,22455200,48952900,11222100,83496050,83598700,1993,48768100,7684850,7464900,0,30852,0,5,0
92,1971386461,127,893750,22639550,40864500,2376300,66774100,66879400,369,40666250,7611650,7410450,0,30852,0,5,0
93,3386045126,128,867800,24600950,40678050,620150,66766950,66871600,120,40493000,7754150,7544300,0,30852,0,5,0
94,1429641961,129,1567250,21613750,42032150,1563000,66776150,66877400,310,41854350,7677150,7478700,0,30852,0,5,0
95,3022846880,130,856050,22694050,40792900,2436250,66779250,66881000,376,40604200,7617150,7405800,0,30852,0,5,0
96,1601897261,131,930000,22985650,41004250,1612250,66532150,67338850,184,40806750,7627350,7412400,0,30852,0,5,0
97,1229951528,132,866700,21809250,41950250,1676100,66302300,66411000,333,41767800,7367850,7169100,0,30852,0,5,0
98,4065171759,133,1593800,21734900,40972900,2475450,66777050,66879600,379,40791250,7715100,7500200,0,30852,0,5,0
99,1034325744,134,863150,22617800,40503500,2792800,66777250,66880350,454,40315050,7412300,7210500,0,30852,0,5,0
100,14078671,135,879100,21854050,43698050,338400,66769600,66872050,63,43513650,9030300,8809950,0,31172,0,5,0
101,4024270554,136,1496600,21766450,41543450,1974500,66781000,66878000,393,40791150,7083550,6897050,0,31172,0,5,0
102,896191351,137,876900,22362050,41176400,2367500,66782850,66880300,362,40994500,7692250,7489650,0,31172,0,5,0
103,2131384102,138,862100,22783500,40794200,2634100,67073900,67176850,394,40606400,7452450,7251100,0,30852,0,5,0
104,2586210593,139,889850,21733650,41240150,2609550,66473200,66576250,521,40493250,7078350,6895900,0,30852,0,5,0
105,591918370,140,1522900,21669400,40946550,2638600,66777450,66874900,415,40763100,7769850,7548350,0,30852,0,5,0
106,8814317,141,885200,22696250,48539300,11375100,83495850,83599250,2038,48346300,7663300,7445950,0,30852,0,5,0
107,2340504196,142,877800,22615600,40769800,2508750,66771950,66877000,402,40581000,7411950,7211550,0,30852,0,5,0
108,3523076009,143,879000,26066800,41520000,15261800,83727600,83830900,2713,41341250,7720750,7517900,0,30852,0,5,0
109,1961669028,144,866150,21780850,41994000,1894350,66535350,66639700,377,41812750,7712600,7511850,0,30852,0,5,0
110,1037581603,145,1588750,21550650,40661900,2978950,66780250,66879200,497,40479150,7667300,7457900,0,30852,0,5,0
111,2701024588,146,868100,22606550,40859050,2441700,66775400,66878150,390,40675450,7661150,7458550,0,30852,0,5,0
112,215037203,147,895650,21869000,41786850,2220450,66771950,66874850,452,41606550,7618950,7417800,0,30852,0,5,0
113,3696282862,148,1440000,21727900,40902350,2710100,66780350,66879450,437,40719850,7786000,6857150,0,30852,0,5,0
114,2829142928,149,886900,22296150,40988850,2603950,66775850,66878900,420,40809050,7670550,7467050,0,30852,0,5,0
115,3204762949,150,859200,22514450,42943950,720600,67038200,67141250,22,42764900,7896900,7656350,0,30852,0,5,0
116,3297489190,151,902150,21703700,41315850,2584700,66506400,66609350,527,40559600,7079750,6896950,0,30852,0,5,0
117,1691704917,152,1516200,21546950,40575950,3141300,66780400,66877900,532,40395200,7669950,7458950,0,30852,0,5,0
118,663957814,153,882500,22521050,41171800,2200200,66775550,66880050,330,40986850,8179550,7977500,0,30852,0,5,0
119,3058583827,154,873900,21792200,41509750,2592050,66767900,66870650,518,41325950,7736800,7537300,0,30852,0,5,0
120,838545270,155,1434850,21714300,40806300,2829200,66784650,66882400,450,40625300,7061500,6869300,0,30852,0,5,0
121,3608912039,156,865600,22452900,49180350,10995550,83494400,83597500,1914,48998900,8040300,7151150,0,30852,0,5,0
122,4080159716,157,891850,22583250,40866600,2425850,66767550,66873400,376,40678350,7800150,7599100,0,30852,0,5,0
123,1056027075,158,862150,23994750,40771500,1627100,67255500,67359750,215,40587300,7673650,7453900,0,30852,0,5,0
124,4057021248,159,888300,21944050,41920950,1537200,66290500,66393350,305,41743250,7778450,7574050,0,31172,0,5,0
125,2686741161,160,856550,22319400,40875350,2727450,66778750,66880450,436,40699300,7701600,7493500,0,31172,0,5,0
126,3870849660,161,924400,22619950,40950000,1567750,66062100,66875250,202,40763450,7695700,7478250,0,31172,0,5,0
127,293449641,162,862850,21572550,41700000,2632550,66767950,66876850,527,41528150,7055850,6870450,0,30852,0,5,0
128,596064266,163,1568600,21834700,40647750,2729550,66780600,66879350,425,40465950,7844350,7629000,0,30852,0,5,0
129,3715495249,164,866000,22453300,41046900,2409200,66775400,66877050,374,40857300,7604950,7397900,0,30852,0,5,0
130,244680018,165,884300,22460300,42341650,1427000,67113250,67214400,176,42148900,7643900,7430450,0,30852,0,5,0
131,4080661783,166,883750,22221100,41358400,1974550,66437800,66539150,394,41176700,7688300,7489150,0,30852,0,5,0
132,4006730450,167,1706900,21646050,40856950,2568300,66778200,66875700,403,40673350,7710250,7500000,0,30852,0,5,0
133,3864584507,168,865950,22339000,40833400,2738150,66776500,66878250,444,40645350,7427800,7219350,0,30852,0,5,0
134,2711027320,169,885900,22051950,41462050,2373200,66773100,66874950,474,41278700,7557100,7360100,0,30852,0,5,0
135,4099079087,170,1422450,21922200,41498550,1934600,66777800,66878950,385,40730100,7138750,6948450,0,30852,0,5,0
136,565333772,171,885100,22435050,49090950,11090700,83501800,83597800,1964,48907200,7579500,7362150,0,30852,0,5,0
137,1028518269,172,876700,23013700,40568450,2314900,66773750,66875950,332,40389650,7719600,7508250,0,30852,0,5,0
138,2252688136,173,884600,24570200,40814200,502100,66771100,66874550,96,40621850,7725450,7494050,0,30852,0,5,0
139,578597309,174,871450,21883050,41405600,2041200,66201300,66878400,407,41218200,7655200,7460350,0,30852,0,5,0
140,3624439358,175,872050,22895100,40515550,2497400,66780100,66877750,390,40332600,7675450,6873450,0,30852,0,5,0
141,3514067501,176,862400,22721200,40709650,2481750,66775000,66877600,392,40518150,7554650,7353450,0,30852,0,5,0
142,2741972910,177,888100,21809950,40623650,3456200,66777900,66879500,575,40435250,7019300,6835000,0,30852,0,5,0
143,28497579,178,1442150,22017250,40616050,2698500,66773950,66875400,425,40429100,7732200,7509900,0,30852,0,5,0
144,466729326,179,881500,22778050,40611700,2505100,66776350,66878050,370,40423600,7724300,7520350,0,30852,0,5,0
145,3425349295,180,864750,21801300,43067100,1508950,67242100,67345250,191,42161000,7707700,7493100,0,30852,0,5,0
146,1537640620,181,886800,21752750,41816950,1849300,66305800,66407500,368,41636150,7680600,7486050,0,30852,0,5,0
147,1853842891,182,854600,22465000,40405050,3055500,66780150,66878350,515,40216300,7605650,7395650,0,30852,0,5,0
148,1177024904,183,885850,22601000,41147300,2137900,66772050,66875100,328,40960000,7934200,7727050,0,31172,0,5,0
149,4106734849,184,866200,21685150,41965050,2258150,66774550,66876100,460,41782250,7615400,7411950,0,31172,0,5,0
150,2025356500,185,1502300,21581900,41056300,2643200,66783700,66882400,423,40872900,7770400,7552550,0,31172,0,5,0
151,2189605121,186,871850,22528450,48729350,11365100,83494750,83595050,2067,48542150,7917800,7696900,0,30852,0,5,0
152,4086136290,187,893450,22711150,41005150,2167650,66777400,66878200,332,40826800,7663800,7454150,0,30852,0,5,0
153,4036669705,188,865800,24218650,40658700,1028150,66771300,66871800,207,40473400,7779650,7562500,0,30852,0,5,0
154,4167980074,189,1483900,21996300,41238400,2061050,66779650,66877250,419,40486650,7066650,6872700,0,30852,0,5,0
155,51187407,190,864250,22331900,41579700,2004600,66780450,66880650,291,41389500,7780800,7564000,0,30852,0,5,0
156,2242638442,191,885700,22399500,40595800,2942200,66823200,66929700,489,40411400,7342550,7141250,0,30852,0,5,0
157,2730108163,192,864900,21824450,40629900,3403500,66722750,66825350,537,40436850,7036900,6847050,0,30852,0,5,0
158,2718743917,193,1548050,21588050,41307550,2332000,66775650,66878350,348,41118450,7758700,6857700,0,30852,0,5,0
159,3391709842,194,868700,22501400,41078800,2324400,66773300,66873800,356,40889150,7773650,7568800,0,30852,0,5,0
160,1164604273,195,883800,21923500,43021850,948600,66777750,66878300,186,42118600,7770050,7554200,0,30852,0,5,0
161,2148591176,196,871850,21883350,41945200,1506950,66207350,66873400,299,41761000,7610050,7406350,0,30852,0,5,0
162,4192737573,197,883350,22283500,41040150,2577950,66784950,66882500,404,40846400,7705450,7497050,0,30852,0,5,0
163,535584840,198,871650,22470100,40813050,2616150,66770950,66873500,418,40623750,7420450,7220050,0,30852,0,5,0
164,3430794475,199,890950,21841700,41892150,2151800,66776600,66876450,429,41703250,7874400,7668150,0,30852,0,5,0
165,776323552,200,1534600,21670750,41067850,2506150,66779350,66879150,385,40879500,7775200,7551050,0,30852,0,5,0
166,3330991427,201,890200,22335700,48298050,11978200,83502150,83602150,1724,48109000,7431250,7226750,0,30852,0,5,0
167,3282074430,202,893250,22475100,41386750,2009400,66764500,66870550,291,41197500,7677950,7467750,0,30852,0,5,0
168,2597814595,203,881100,24165250,41084900,646600,66777850,66878450,125,40889550,7695750,7479100,0,30852,0,5,0
169,2225601370,204,1500900,21637250,40812000,2834150,66784300,66879250,451,40627850,7781000,7560450,0,30852,0,5,0
170,3716853465,205,889050,22606000,41432650,1848550,66776250,66875900,246,41246450,7903050,7689150,0,30852,0,5,0
171,1080675697,206,881600,21479250,41348200,3243550,66952600,67053350,551,40432300,7653000,7454150,0,30212,0,5,0
172,219920238,207,877850,21359400,40267750,4094750,66599750,66699200,714,40078100,7584550,7380400,0,30212,0,5,0
173,3070385651,208,1498800,21460650,40549700,3267900,66777050,66876850,549,40368050,8018200,7811600,0,30212,0,5,0
174,2609556270,209,886200,22395150,40057400,3443350,66782100,66880200,592,39873850,7224000,7030300,0,30212,0,5,0
175,141401383,210,861850,21422900,42452650,2036350,66773750,66873400,406,42262950,9999250,9744650,0,30212,0,5,0
176,3034105280,211,1558450,21457000,40003500,3765750,66784700,66881700,583,39807750,7574600,7371450,0,30212,0,5,0
177,3029196371,212,865150,22254550,39878400,3774100,66772200,66875350,650,39688850,7353400,7158400,0,30212,0,5,0
178,699378668,213,878350,22216400,40455800,3255650,66806200,66907450,554,40272500,7658900,7457900,0,30212,0,5,0
179,2402609405,214,858900,21470650,40462650,3953800,66746000,66847400,696,40278600,7698800,7482000,0,30212,0,5,0
CSV_END

NV_DONE_026c2cd0688e=0
# 
CAPTURE: {"label": "reconfigured-fifo512-r0-s0-full", "elapsed_seconds": 25.99896217699984, "bytes_received": 21735, "command": "/tmp/fifo-bench --frames 180 --warmup 30 --wait spin --state-frame 0 --csv /tmp/reconfigured-case.csv --dump /tmp/reconfigured-frame.rgb565; fifo_rc=$?; if [ \"$fifo_rc\" = 0 ]; then printf \"\\nCSV_BEGIN\\n\"; cat /tmp/reconfigured-case.csv; printf \"CSV_END\\n\"; fi; test \"$fifo_rc\" = 0", "command_exit": 0, "login_sent": false, "log": "/path/to/research/experiments/fifo-study-20261008/20261008T122345Z-reconfigured-fifo512-r0-s0-full.raw"}
