/tmp/fifo-bench --frames 180 --warmup 30 --wait spin --state-frame 0 --retained --csv /tmp/reconfigured-case.csv; fifo_rc=$?; if [ "$fifo_rc" = 0 ]; then printf "\nCSV_BEGIN\n"; cat /tmp/reconfigured-case.csv; printf "CSV_END\n"; fi; test "$fifo_rc" = 0; nv_status=$?; printf "\nNV_DONE_493a7b2a01c6=%s\n" "$nv_status"
BEGIN_BREAKOUT frames=180 warmup=30 fixed=0 blocks=40 tiles=1 hud=1 wait=spin replay=0 state_frame=0 profile=detailed pixel_centers=1 clock_call_ns=5415
HW_COUNTERS id=46490200 words=161040 wait_cycles=1082889 longest_wait_cycles=4550 total_cycles=61530577 cpu_hz=20000000
RESULT frames=180 elapsed_s=3.075973900 fps=58.518052 logic_ms=0.998321 api_ms=3.042563 swap_ms=5.129416 wait_ms=7.779942 worker_inclusive_ms=4.908699 upload_inclusive_ms=1.452552 write_ms=1.262170 bytes_per_frame=3578.67 p50_ms=16.719450 p95_ms=17.126450 max_ms=33.438950 late_60hz=158 first_count=463 last_count=642 state_hash=8f34e8fd remaining=38 score=20
RENDER_PATH retained=1 grouped=0 quads=645 full_frames=0
BREAKOUT_PASS

CSV_BEGIN
frame,state_hash,display_count,logic_ns,api_ns,swap_ns,wait_ns,total_ns,completion_interval_ns,polls,worker_inclusive_ns,upload_inclusive_ns,write_ns,read_ns,write_bytes,read_bytes,write_calls,read_calls
0,3724779174,463,1299350,4386050,7035500,3723650,16444550,16458900,665,6189450,1898900,1759500,0,4572,0,5,0
1,1709657109,464,921400,4034300,5855000,5688750,16499450,16607100,901,5691050,1649950,1511100,0,4252,0,5,0
2,1894904752,465,860800,3474600,5210450,7069350,16615200,16718200,1229,5051650,1457000,1321450,0,3612,0,5,0
3,3703759967,466,832500,3249150,5383300,7151550,16616500,16720150,1227,5215150,1459700,1308950,0,3612,0,5,0
4,19533624,467,829150,3241850,5321950,7217000,16609950,16715750,1145,5158150,1477800,1325750,0,3612,0,5,0
5,816884773,468,1560750,2043900,4015900,8994950,16615500,16723700,1591,3849600,780550,632750,0,2972,0,5,0
6,1339236364,469,839750,2453700,5294850,7587900,16176200,16715250,1354,5125550,1545650,1393300,0,3612,0,5,0
7,3072959373,470,839750,3325450,4532500,7915250,16612950,16720450,1391,4361650,1623600,1456700,0,3612,0,5,0
8,1782884746,471,835000,2984250,3900400,8896500,16616150,16721550,1620,3734350,1599150,1454750,0,2972,0,5,0
9,30296781,472,832400,3242300,5746450,6790450,16611600,16718450,1140,5571650,1698400,1546050,0,4252,0,5,0
10,4026418858,473,825850,3176400,6116850,6487900,16607000,16717550,1211,5953400,2286350,2132500,0,4252,0,5,0
11,2084929051,474,1565400,2034200,4792300,8410150,16802050,16905150,1382,4619750,1455250,1317200,0,3612,0,5,0
12,3114489770,475,830900,2446300,5430450,7715400,16423050,16533450,1374,5260650,1662450,1491350,0,3932,0,5,0
13,891400471,476,833800,3449550,5495550,6834300,16613200,16718950,1177,5329950,1636500,1499550,0,3932,0,5,0
14,3472773456,477,831550,2961800,3913600,8911700,16618650,16723200,1340,3753050,1612600,1451400,0,2972,0,5,0
15,3010688243,478,842200,3408750,5981550,6373900,16606400,16715500,1200,5098850,1465750,1312550,0,3612,0,5,0
16,2819524756,479,1397600,2487100,5929100,6798250,16612050,16719250,1278,5767100,2202300,2050600,0,3612,0,5,0
17,3241678401,480,1317500,1996750,4444050,8856400,16614700,16719600,1461,4280550,772000,632850,0,2972,0,5,0
18,2154316504,481,847350,3529550,5309450,6138650,15825000,16717750,1024,5142100,1469050,1321300,0,3612,0,5,0
19,772262681,482,846500,3400650,5367950,7005600,16620700,16723050,1201,5207250,1459400,1317000,0,3612,0,5,0
20,3882818750,483,822450,2768750,4056150,8968200,16615550,16717950,1627,3896000,1759000,1598500,0,2972,0,5,0
21,521131153,484,841850,3274200,5943600,6554650,16614300,16719350,1228,5771900,2172900,2017950,0,3612,0,5,0
22,1838187414,485,1388700,2453700,5567350,7478450,16888200,16994000,1335,5416350,1860000,1707050,0,3612,0,5,0
23,840574439,486,845850,2000800,4010200,9481600,16338450,16444650,1569,3852100,782050,636700,0,2972,0,5,0
24,2879461878,487,837300,3453300,5098600,7226000,16615200,16720200,1275,4940950,2297850,1307600,0,3612,0,5,0
25,202086035,488,834300,3308150,5375950,7095400,16613800,16717450,1218,5213100,1456850,1314850,0,3612,0,5,0
26,959703924,489,826600,2758100,3985250,9046550,16616500,16722300,1607,3821500,787400,641750,0,2972,0,5,0
27,3795724423,490,835550,3198050,5749150,6825900,16608650,16717700,1283,5587250,1996300,1843200,0,3612,0,5,0
28,2500539904,491,1312950,2460950,5552700,7285600,16612200,16719500,1294,5396000,1843100,1700900,0,3612,0,5,0
29,2269000541,492,845250,1994200,4008300,9768000,16615750,16718900,1541,3862650,784100,637200,0,2972,0,5,0
30,1900681108,493,820750,3441750,5227050,7122750,16612300,16721050,1229,5064850,1458250,1321500,0,3612,0,5,0
31,3680168245,494,838750,3247850,5412650,7116000,16615250,16718900,1213,5249300,1464300,1312700,0,3612,0,5,0
32,2344329490,495,825250,2753850,4131400,8904350,16614850,16719600,1558,3970650,788250,642900,0,2972,0,5,0
33,2130650181,496,1514500,2491450,5888150,7086800,16980900,17088650,1249,5715600,2018000,1835800,0,4252,0,5,0
34,906966818,497,829450,2445550,5551500,7415300,16241800,16346400,1313,5378850,1713050,1537100,0,4252,0,5,0
35,3939376531,498,832950,1996800,5233400,12529900,20593050,20695150,1334,5081950,1892150,1739800,0,3612,0,5,0
36,2110688546,499,840650,5092800,5683300,1012200,12628950,12743900,199,5498050,1918350,1773650,0,3932,0,5,0
37,2695523007,500,842750,3333900,5217950,7229000,16623600,16719150,1229,5050100,1286150,1134150,0,3932,0,5,0
38,744447992,501,835400,2695300,4068950,9011450,16611100,16719500,1603,3904450,788150,640950,0,2972,0,5,0
39,3728640411,502,1551400,2492250,5343600,7281650,16668900,16779650,1288,5175300,1582800,1416700,0,3612,0,5,0
40,618879740,503,822650,2452100,5296050,7985700,16556500,16661050,1428,5141250,1591650,677800,0,3612,0,5,0
41,1239708057,504,840350,2813000,3100450,9859200,16613000,16716300,1670,2937100,774300,635350,0,2972,0,5,0
42,2429742208,505,833600,3686800,5093900,7000800,16615100,16720250,1187,4919700,1245450,1098100,0,3612,0,5,0
43,412095716,506,833550,3291900,5020900,7462150,16608500,16719450,1276,4852900,1238050,1090300,0,3612,0,5,0
44,1226741467,507,1419200,1993150,4015750,9181550,16609650,16719400,1635,3861900,787150,643750,0,2972,0,5,0
45,3288446148,508,835750,2477050,6906750,5969300,16188850,16720550,978,6705500,2992350,2808900,0,3612,0,5,0
46,1157984843,509,836550,3347700,4510150,7920150,16614550,16719100,1418,4335450,1662550,1508100,0,3612,0,5,0
47,3877288378,510,837150,2945150,3905900,8927050,16615250,16719800,1625,3745050,1591700,1431100,0,2972,0,5,0
48,4236526315,511,844250,3445050,5714950,5816250,15820500,16717600,1080,5539350,1869950,1721850,0,3612,0,5,0
49,533834014,512,852250,3246250,5728450,6794200,16621150,16720300,1285,4827150,1241550,1093250,0,3612,0,5,0
50,1649361089,513,1375000,2001350,4007550,9362500,16746400,16849650,1583,3858150,782600,641250,0,2972,0,5,0
51,2486981906,514,837850,2494900,5543700,7605750,16482200,16590600,1350,5378250,1737200,1563250,0,3612,0,5,0
52,1706075277,515,833100,3462350,4889300,7429550,16614300,16716600,1313,4728950,1231900,1095900,0,3612,0,5,0
53,267972368,516,828100,2859150,3945950,8983250,16616450,16721100,1635,3777600,1614100,561250,0,2972,0,5,0
54,3895401273,517,833800,3289400,4979600,7511100,16613900,16715600,1172,4812650,1241850,1096150,0,3612,0,5,0
55,605985656,518,1421600,2548750,5723650,6915050,16609050,16720650,1302,5554350,1982250,1827000,0,3612,0,5,0
56,4077673024,519,1356150,8286350,8584500,15105450,33332450,33438400,2675,8417750,1330000,1190050,0,6632,0,5,0
57,985632231,520,874000,8989400,11669700,11803600,33336700,33438950,2067,11481350,3716500,3519150,0,7312,0,5,0
58,3720590956,521,864100,3281200,5009200,7462050,16616550,16717650,1245,4850350,1243850,1097000,0,3652,0,5,0
59,3264032585,522,1479800,2044450,4023800,9282000,16830050,16938100,1568,3865850,777000,636800,0,2972,0,5,0
60,395405688,523,860250,2483150,5240250,7810950,16394600,16502050,1398,5084850,1575200,1410400,0,3612,0,5,0
61,32142420,524,869100,3489400,4971700,7285800,16616000,16717750,1250,4797750,1228700,1093200,0,3612,0,5,0
62,1187067055,525,865050,2855950,3933750,8967200,16621950,16723800,1633,3772150,1651350,1496450,0,2972,0,5,0
63,459140908,526,876000,3323100,5054750,7358900,16612750,16716750,1257,4888850,1241900,1090100,0,3612,0,5,0
64,3369786495,527,1485200,2518050,5675300,6935800,16614350,16721650,1309,5526250,1995950,1101800,0,3612,0,5,0
65,1572434254,528,1753450,2033050,4011100,8816050,16613650,16719100,1465,3858750,781700,635700,0,2972,0,5,0
66,4107798823,529,862400,2473900,5270200,8003050,16609550,16717650,1434,4242250,1586800,678550,0,3612,0,5,0
67,343968250,530,871300,3395950,5096700,7253600,16617550,16721400,1253,4932300,1244650,1092950,0,3612,0,5,0
68,3102454017,531,858600,2923700,3950300,8877950,16610550,16714900,1612,3789650,784600,635300,0,2972,0,5,0
69,3051095563,532,867050,3313400,4950050,7488450,16618950,16723300,1279,4792200,1236650,1088850,0,3612,0,5,0
70,2391331016,533,1459500,2500600,5514100,7445250,16919450,17029450,1329,5357800,1855200,1703950,0,3612,0,5,0
71,3869016117,534,875750,2004000,4118350,9307150,16305250,16408900,1564,3953550,767750,631500,0,2972,0,5,0
72,1579800804,535,860650,3475450,4837450,7439450,16613000,16718850,1322,4671600,2058950,1902700,0,3612,0,5,0
73,2792341157,536,858150,3319950,5128600,7308450,16615150,16720050,1263,4973550,1235200,1093750,0,3612,0,5,0
74,714702942,537,854850,4209450,4405850,7140050,16610200,16716150,1197,4230900,786150,642550,0,2972,0,5,0
75,1092538936,538,860750,3270800,5688850,6792700,16613100,16720100,1277,5529250,1972900,1820050,0,3612,0,5,0
76,1561271239,539,1358050,2495750,5515250,7246900,16615950,16723400,1284,5350250,1705300,1540900,0,4252,0,5,0
77,3798074098,540,867550,2007900,4552850,9183250,16611550,16715250,1422,4408550,1236450,1097650,0,3612,0,5,0
78,3022639071,541,893650,3485350,5454850,5979100,15812950,16719100,976,5289000,1473300,1325950,0,4252,0,5,0
79,2282770062,542,872150,3301850,5452700,6982900,16609600,16717300,1186,5287300,1466600,1315150,0,3932,0,5,0
80,1626512457,543,863250,2783700,4418650,8549750,16615350,16720000,1483,4265000,1062950,917100,0,3292,0,5,0
81,3156888026,544,1559750,2542550,5597200,7307850,17007350,17115350,1303,5435750,1849750,1694800,0,3612,0,5,0
82,3038824309,545,871050,2489950,5246750,7610250,16218000,16323700,1357,5095100,1580050,1415700,0,3612,0,5,0
83,1261846460,546,871250,2016250,3998350,9726000,16611850,16720850,1616,3849050,778450,638950,0,2972,0,5,0
84,2035201521,547,868200,3402300,5303750,7037600,16611850,16720050,1209,5141750,1468950,1333350,0,3612,0,5,0
85,2164446652,548,873450,3339300,5335350,7064800,16612900,16720400,1204,5176300,1461750,1311450,0,3612,0,5,0
86,2017191835,549,863150,2715700,4046500,8977400,16602750,16716250,1575,3880800,791800,645150,0,2972,0,5,0
87,3029138484,550,1465400,2525500,5325550,7381200,16697650,16810150,1315,5165750,1562650,1407450,0,3612,0,5,0
88,50355403,551,860750,2500550,5265450,7894550,16521300,16629200,1412,5106000,1588750,1415800,0,3612,0,5,0
89,654213990,552,870300,2875500,3084600,9781750,16612150,16720600,1567,2934900,778700,637050,0,2972,0,5,0
90,2360099787,553,876750,3343550,5327950,7057300,16605550,16717750,1205,5167000,1469000,1322450,0,3612,0,5,0
91,2424818746,554,865900,3345700,5920500,6478100,16610200,16720450,1222,5048400,1461250,1311650,0,3612,0,5,0
92,1971386461,555,1484800,2029200,4002100,9094100,16610200,16717700,1614,3847200,785900,642950,0,2972,0,5,0
93,3386045126,556,887600,2521300,5360550,7279100,16048550,16718200,1289,4331400,1625950,1463450,0,3612,0,5,0
94,1429641961,557,871400,3404850,4486700,7849200,16612150,16721500,1401,4314800,1678650,682500,0,3612,0,5,0
95,3022846880,558,876400,5609000,7915450,2214950,16615800,16721000,280,4003050,785600,644400,0,2972,0,5,0
96,1601897261,559,865600,3443250,5293150,7011400,16613400,16719150,1186,5135200,1466750,1318900,0,3612,0,5,0
97,1229951528,560,874750,3282650,5916850,6531350,16605600,16718050,1224,5757300,2182850,2027400,0,3612,0,5,0
98,4065171759,561,1404700,2005600,3987000,9394400,16791700,16901850,1588,3840800,773950,639950,0,2972,0,5,0
99,1034325744,562,873300,2509800,5491450,7549400,16423950,16535600,1341,5325950,1619200,1453950,0,3612,0,5,0
100,14078671,563,858850,3457000,5456400,6836650,16608900,16718300,1180,5296650,1695200,1559450,0,4252,0,5,0
101,4024270554,564,859150,2861350,4409350,8482850,16612700,16720550,1529,4245450,1988350,1830650,0,3612,0,5,0
102,896191351,565,870300,3283100,6385600,6074050,16613050,16717900,1129,6212900,2120700,1967800,0,4252,0,5,0
103,2131384102,566,1480700,2562650,5682100,6885950,16611400,16719200,1296,5515800,1888700,1742850,0,3932,0,5,0
104,2586210593,567,1334750,2015800,4263750,9974000,17588300,17698650,1380,4109250,1049050,911050,0,3292,0,5,0
105,591918370,568,879600,3461050,5517450,5772450,15630550,15742850,942,5357300,1466500,1323400,0,3612,0,5,0
106,8814317,569,857000,3425250,5309300,7015900,16607450,16716600,1206,5148700,1472900,1324550,0,3612,0,5,0
107,2340504196,570,864850,2859150,3984650,8905950,16614600,16722400,1614,3820750,778350,632800,0,2972,0,5,0
108,3523076009,571,1691950,2507150,5501750,6131950,15832800,16717400,1133,5323550,1714900,1561900,0,3612,0,5,0
109,1961669028,572,1513950,2540500,5380050,7435750,16870250,16978400,1328,5216900,1625450,1469650,0,3612,0,5,0
110,1037581603,573,866000,2004750,3990500,9495800,16357050,16461900,1605,3836300,779800,637200,0,2972,0,5,0
111,2701024588,574,863400,3465300,5166000,7114550,16609250,16718150,1220,4997300,1451200,1314300,0,3612,0,5,0
112,215037203,575,867650,3299950,5350250,7094900,16612750,16719100,1222,5187300,1470400,1322650,0,3612,0,5,0
113,3696282862,576,855350,2858650,4145500,8751300,16610800,16719550,1557,3982000,783300,633850,0,2972,0,5,0
114,2829142928,577,1469600,2552600,5720300,6870750,16613250,16721050,1203,5566800,1983900,1830900,0,3612,0,5,0
115,3204762949,578,1449000,2530350,5336200,7296950,16612500,16717600,1295,5164650,1567950,663300,0,3612,0,5,0
116,3297489190,579,858650,1992400,3972700,9788800,16612550,16717950,1667,3821050,782700,638650,0,2972,0,5,0
117,1691704917,580,858600,3409650,5324800,7016200,16609250,16721000,1182,5169300,1459050,1318750,0,3612,0,5,0
118,663957814,581,853900,3301750,5377950,7076500,16610100,16719350,1210,5218650,1478150,1329150,0,3612,0,5,0
119,3058583827,582,864300,2831800,4100100,8816750,16612950,16719750,1570,3941600,783500,635050,0,2972,0,5,0
120,838545270,583,1463900,2492650,5577350,7552250,17086150,17197000,1324,5424450,1856050,1702200,0,3612,0,5,0
121,3608912039,584,870450,3391000,4507750,7364450,16133650,16241550,1310,4345200,1631150,1462650,0,3612,0,5,0
122,4080159716,585,859250,2005450,3984700,9764400,16613800,16720000,1658,3824900,781950,637450,0,2972,0,5,0
123,1056027075,586,860700,3375150,5370550,7003350,16609750,16718550,1196,5205250,1458400,1317300,0,3612,0,5,0
124,4057021248,587,855900,3402750,6303900,6048750,16611300,16719350,1126,6142550,2405750,2250000,0,4252,0,5,0
125,2686741161,588,868950,2781550,4783100,8179600,16613200,16719950,1431,4628300,1456850,1314450,0,3612,0,5,0
126,3870849660,589,1386400,2495950,5529100,7223600,16635050,16745350,1284,5371650,1726750,1572450,0,4252,0,5,0
127,293449641,590,874450,2507150,6632000,6568250,16581850,16690000,1143,6459300,1653650,1494950,0,3932,0,5,0
128,596064266,591,869250,2882250,4176300,8682900,16610700,16720800,1579,4006550,1849000,1703950,0,3292,0,5,0
129,3715495249,592,887300,3292200,5370850,7060650,16611000,16717200,1204,5206950,1464500,1314100,0,3612,0,5,0
130,244680018,593,861200,3250700,6040300,6458950,16611150,16720050,1214,5163500,1468400,1320500,0,3612,0,5,0
131,4080661783,594,1530100,2061350,3980150,9040250,16611850,16721300,1598,3820900,771750,635250,0,2972,0,5,0
132,4006730450,595,864200,2479400,5244900,7605150,16193650,16718350,1353,5086050,1570100,1407800,0,3612,0,5,0
133,3864584507,596,870750,3429700,5257650,7051200,16609300,16717550,1238,5090750,2391600,2228650,0,3612,0,5,0
134,2711027320,597,864900,2906450,3871950,8967150,16610450,16719900,1633,3711200,1591100,1431150,0,2972,0,5,0
135,4099079087,598,869300,3279700,7071000,5391350,16611350,16720850,986,6903050,1702050,1524650,0,3612,0,5,0
136,565333772,599,862500,3207100,6030850,6510350,16610800,16720100,1211,5857400,2314600,2162600,0,3612,0,5,0
137,1028518269,600,1454950,2027200,3990500,9256850,16729500,16837550,1557,3829850,774000,637200,0,2972,0,5,0
138,2252688136,601,870500,2480250,5231800,7908500,16491050,16601300,1415,5077100,1572400,1408050,0,3612,0,5,0
139,578597309,602,888850,3473450,5393550,6065350,15821200,16715050,886,5227600,1466300,1314300,0,3612,0,5,0
140,3624439358,603,862050,2840100,3942400,8967700,16612250,16722300,1631,3776150,1645350,563300,0,2972,0,5,0
141,3514067501,604,869700,3318700,5230400,7190300,16609100,16716400,1219,5070050,1463200,1311500,0,3612,0,5,0
142,2741972910,605,1503550,2500950,5658750,6946600,16609850,16720600,1282,5506550,1987450,1835950,0,3612,0,5,0
143,28497579,606,1355700,2033000,4006900,9215350,16610950,16718400,1548,3849000,777000,639200,0,2972,0,5,0
144,466729326,607,865600,3356050,4428300,7963700,16613650,16722900,1426,4260850,1622200,1461750,0,3612,0,5,0
145,3425349295,608,867500,3337800,5343000,7064150,16612450,16719050,1188,5183700,1469150,1324900,0,3612,0,5,0
146,1537640620,609,876950,2818350,3939000,8975450,16609750,16717700,1629,3778350,784100,637500,0,2972,0,5,0
147,1853842891,610,872850,3297550,5916350,6527400,16614150,16721450,1224,5754600,2187250,2033200,0,3612,0,5,0
148,1177024904,611,1394850,2493700,5819900,7235900,16944350,17053000,1256,5669550,2038150,1865200,0,4252,0,5,0
149,4106734849,612,871350,2020000,5342950,8049650,16283950,16385600,1451,5188350,1986150,1841100,0,3612,0,5,0
150,2025356500,613,864650,3435550,5220750,7090350,16611300,16716700,1236,5063050,1465400,1327000,0,4252,0,5,0
151,2189605121,614,856250,3270050,5265600,7222000,16613900,16718450,1240,5105850,1285950,1136150,0,3932,0,5,0
152,4086136290,615,869050,3185550,4354850,8209100,16618550,16720650,1447,4201650,1067350,921400,0,3292,0,5,0
153,4036669705,616,1534700,2571450,5722650,6780450,16609250,16717100,1275,5568100,1990600,1835700,0,3612,0,5,0
154,4167980074,617,1336100,2492600,5235750,7549750,16614200,16720350,1349,5081600,1543000,1401000,0,3612,0,5,0
155,51187407,618,869100,2015850,4136700,9596950,16618600,16721400,1621,3983550,782650,637650,0,2972,0,5,0
156,2242638442,619,864800,3438950,5588450,6982500,16874700,16980850,153,5428550,1248250,1107200,0,3612,0,5,0
157,2730108163,620,883200,3775900,5769500,5910950,16339550,16454900,1107,4868000,1238750,1088700,0,3612,0,5,0
158,2718743917,621,875750,2822450,4235050,8674800,16608050,16719050,1533,4076950,781050,636200,0,2972,0,5,0
159,3391709842,622,1521900,2553950,5587000,7263800,16926650,17035600,1288,5429150,1852000,1695400,0,3612,0,5,0
160,1164604273,623,876000,2505900,5251350,7666400,16299650,16402800,1364,5088200,1574750,1416850,0,3612,0,5,0
161,2148591176,624,872700,2016400,3978850,9748950,16616900,16720400,1622,3833150,777150,634850,0,2972,0,5,0
162,4192737573,625,860650,3354800,5079700,7308200,16603350,16720000,1262,4914650,1232950,1097150,0,3612,0,5,0
163,535584840,626,868550,3376150,5067550,7302650,16614900,16720800,1242,4906650,1241900,1090600,0,3612,0,5,0
164,3430794475,627,880450,2696300,4001100,9031850,16609700,16719800,1496,3849550,786800,639900,0,2972,0,5,0
165,776323552,628,1376950,2570100,5316550,8690600,17954200,18065200,1299,5157250,1569900,668500,0,3612,0,5,0
166,3330991427,629,881550,3473750,5139450,5761150,15255900,15370250,940,4970250,1249650,1102700,0,3612,0,5,0
167,3282074430,630,879100,3021950,3900800,8806450,16608300,16718400,1570,3740650,1580600,1440400,0,2972,0,5,0
168,2597814595,631,878000,3330050,5104850,7301900,16614800,16719450,1244,4934950,1242550,1095700,0,3612,0,5,0
169,2225601370,632,881700,3345450,4988800,7397400,16613350,16719600,1259,4824250,1238050,1090650,0,3612,0,5,0
170,3716853465,633,1495650,2042850,3983950,9497750,17020200,17126450,1583,3834500,782300,641400,0,2972,0,5,0
171,1080675697,634,889100,9092900,10288050,12656550,32926600,33033950,2309,9351950,1615850,1471050,0,7272,0,5,0
172,219920238,635,874500,8839400,10224600,13397050,33335550,33435850,2443,10039050,2210900,2050550,0,7312,0,5,0
173,3070385651,636,875550,2803650,4059000,8882850,16621050,16721650,1572,3898850,792500,644250,0,3012,0,5,0
174,2609556270,637,1391850,2511100,5361050,7864150,17128150,17231350,1321,5203850,1657850,1505600,0,3612,0,5,0
175,141401383,638,861950,3495550,4932050,6810450,16100000,16205850,1187,4767500,1229200,1091100,0,3612,0,5,0
176,3034105280,639,864950,2888150,3064100,9795000,16612200,16718200,1659,2915150,775700,639250,0,2972,0,5,0
177,3029196371,640,883000,3292050,5159150,7279300,16613500,16720100,1247,4997200,1246000,1094450,0,3612,0,5,0
178,699378668,641,855300,3429400,4934900,7394100,16613700,16721050,1260,4779800,1240600,1095950,0,3612,0,5,0
179,2402609405,642,1535200,2044700,3992500,9041250,16613650,16718200,1600,3843450,781350,636400,0,2972,0,5,0
CSV_END

NV_DONE_493a7b2a01c6=0
# 
CAPTURE: {"label": "reconfigured-fifo512-r1-s0-retained", "elapsed_seconds": 10.32542843300007, "bytes_received": 21054, "command": "/tmp/fifo-bench --frames 180 --warmup 30 --wait spin --state-frame 0 --retained --csv /tmp/reconfigured-case.csv; fifo_rc=$?; if [ \"$fifo_rc\" = 0 ]; then printf \"\\nCSV_BEGIN\\n\"; cat /tmp/reconfigured-case.csv; printf \"CSV_END\\n\"; fi; test \"$fifo_rc\" = 0", "command_exit": 0, "login_sent": false, "log": "/path/to/research/experiments/fifo-study-20261008/20261008T122425Z-reconfigured-fifo512-r1-s0-retained.raw"}
