/tmp/app-lto --transport apb --state-frame 0 --frames 180 --warmup 30 --wait spin --profile frame --csv /tmp/transport-frames.csv --grouped && printf "CSV_BEGIN\n" && cat /tmp/transport-frames.csv && printf "CSV_END\n"; study_status=$?; printf "\nSTUDY_DONE_a1eba9cbe376=%s\n" "$study_status"
TRANSPORT mode=apb dma_minimum=64
BEGIN_BREAKOUT frames=180 warmup=30 fixed=0 blocks=40 tiles=1 hud=1 wait=spin replay=0 state_frame=0 profile=frame pixel_centers=1 clock_call_ns=5175
HW_COUNTERS unavailable
RESULT frames=180 elapsed_s=9.161767750 fps=19.646863 logic_ms=0.000000 api_ms=0.000000 swap_ms=0.000000 wait_ms=0.000000 worker_inclusive_ms=0.000000 upload_inclusive_ms=0.000000 write_ms=0.000000 bytes_per_frame=30951.56 p50_ms=50.158100 p95_ms=50.648150 max_ms=67.258150 late_60hz=180 first_count=30281 last_count=30460 state_hash=8f34e8fd remaining=38 score=20
RENDER_PATH retained=0 grouped=1 quads=13131 full_frames=180
BREAKOUT_PASS
CSV_BEGIN
frame,state_hash,display_count,logic_ns,api_ns,swap_ns,wait_ns,total_ns,completion_interval_ns,polls,worker_inclusive_ns,upload_inclusive_ns,write_ns,read_ns,write_bytes,read_bytes,write_calls,read_calls,dma_copy_ns,dma_launch_ns,dma_completion_wait_ns,dma_bytes,dma_lists
0,3724779174,30281,0,0,0,0,49743750,49753950,895,0,0,0,0,31172,0,5,0,0,0,0,0,0
1,1709657109,30282,0,0,0,0,50118550,50217200,237,0,0,0,0,31172,0,5,0,0,0,0,0,0
2,1894904752,30283,0,0,0,0,50000050,50097700,874,0,0,0,0,31172,0,5,0,0,0,0,0,0
3,3703759967,30284,0,0,0,0,50062700,50161250,646,0,0,0,0,31172,0,5,0,0,0,0,0,0
4,19533624,30285,0,0,0,0,50059100,50154750,810,0,0,0,0,31172,0,5,0,0,0,0,0,0
5,816884773,30286,0,0,0,0,50062050,50157100,662,0,0,0,0,31172,0,5,0,0,0,0,0,0
6,1339236364,30287,0,0,0,0,67161550,67258150,2567,0,0,0,0,31172,0,5,0,0,0,0,0,0
7,3072959373,30288,0,0,0,0,49676350,49776850,846,0,0,0,0,31172,0,5,0,0,0,0,0,0
8,1782884746,30289,0,0,0,0,50203700,50298850,718,0,0,0,0,31172,0,5,0,0,0,0,0,0
9,30296781,30290,0,0,0,0,49921300,50017200,689,0,0,0,0,31492,0,5,0,0,0,0,0,0
10,4026418858,30291,0,0,0,0,50069600,50166400,672,0,0,0,0,31492,0,5,0,0,0,0,0,0
11,2084929051,30292,0,0,0,0,50059400,50151850,335,0,0,0,0,31492,0,5,0,0,0,0,0,0
12,3114489770,30293,0,0,0,0,50062950,50157800,673,0,0,0,0,31172,0,5,0,0,0,0,0,0
13,891400471,30294,0,0,0,0,50059600,50156300,772,0,0,0,0,31172,0,5,0,0,0,0,0,0
14,3472773456,30295,0,0,0,0,49358250,50159150,508,0,0,0,0,31172,0,5,0,0,0,0,0,0
15,3010688243,30296,0,0,0,0,50059250,50156350,828,0,0,0,0,31172,0,5,0,0,0,0,0,0
16,2819524756,30297,0,0,0,0,50061800,50157200,787,0,0,0,0,31172,0,5,0,0,0,0,0,0
17,3241678401,30298,0,0,0,0,50063900,50159350,724,0,0,0,0,31172,0,5,0,0,0,0,0,0
18,2154316504,30299,0,0,0,0,50066000,50164150,817,0,0,0,0,31172,0,5,0,0,0,0,0,0
19,772262681,30300,0,0,0,0,50407800,50500250,786,0,0,0,0,31172,0,5,0,0,0,0,0,0
20,3882818750,30301,0,0,0,0,49712600,49809800,853,0,0,0,0,31172,0,5,0,0,0,0,0,0
21,521131153,30302,0,0,0,0,50530650,50625650,305,0,0,0,0,31172,0,5,0,0,0,0,0,0
22,1838187414,30303,0,0,0,0,49588450,49690500,722,0,0,0,0,31172,0,5,0,0,0,0,0,0
23,840574439,30304,0,0,0,0,50067400,50164500,738,0,0,0,0,31172,0,5,0,0,0,0,0,0
24,2879461878,30305,0,0,0,0,50060500,50151650,895,0,0,0,0,31172,0,5,0,0,0,0,0,0
25,202086035,30306,0,0,0,0,50065850,50161350,662,0,0,0,0,31172,0,5,0,0,0,0,0,0
26,959703924,30307,0,0,0,0,66780050,66873950,2578,0,0,0,0,31172,0,5,0,0,0,0,0,0
27,3795724423,30308,0,0,0,0,50057050,50155500,820,0,0,0,0,31172,0,5,0,0,0,0,0,0
28,2500539904,30309,0,0,0,0,50269900,50365000,728,0,0,0,0,31172,0,5,0,0,0,0,0,0
29,2269000541,30310,0,0,0,0,49856300,49953150,815,0,0,0,0,31172,0,5,0,0,0,0,0,0
30,1900681108,30311,0,0,0,0,50052850,50154050,736,0,0,0,0,31172,0,5,0,0,0,0,0,0
31,3680168245,30312,0,0,0,0,50064000,50160600,448,0,0,0,0,31172,0,5,0,0,0,0,0,0
32,2344329490,30313,0,0,0,0,50063250,50158750,692,0,0,0,0,31172,0,5,0,0,0,0,0,0
33,2130650181,30314,0,0,0,0,50058400,50156450,780,0,0,0,0,31492,0,5,0,0,0,0,0,0
34,906966818,30315,0,0,0,0,50058600,50155750,654,0,0,0,0,31492,0,5,0,0,0,0,0,0
35,3939376531,30316,0,0,0,0,50062900,50160800,810,0,0,0,0,31492,0,5,0,0,0,0,0,0
36,2110688546,30317,0,0,0,0,50058850,50155500,739,0,0,0,0,31172,0,5,0,0,0,0,0,0
37,2695523007,30318,0,0,0,0,49347550,50156650,633,0,0,0,0,31172,0,5,0,0,0,0,0,0
38,744447992,30319,0,0,0,0,50066200,50162600,689,0,0,0,0,31172,0,5,0,0,0,0,0,0
39,3728640411,30320,0,0,0,0,50059000,50155800,763,0,0,0,0,31172,0,5,0,0,0,0,0,0
40,618879740,30321,0,0,0,0,49642050,50156250,834,0,0,0,0,31172,0,5,0,0,0,0,0,0
41,1239708057,30322,0,0,0,0,50325800,50420700,470,0,0,0,0,31172,0,5,0,0,0,0,0,0
42,2429742208,30323,0,0,0,0,49797950,49894950,651,0,0,0,0,31172,0,5,0,0,0,0,0,0
43,412095716,30324,0,0,0,0,50061250,50158150,726,0,0,0,0,31172,0,5,0,0,0,0,0,0
44,1226741467,30325,0,0,0,0,50063250,50158450,890,0,0,0,0,31172,0,5,0,0,0,0,0,0
45,3288446148,30326,0,0,0,0,50064500,50160050,658,0,0,0,0,31172,0,5,0,0,0,0,0,0
46,1157984843,30327,0,0,0,0,66777650,66874650,2552,0,0,0,0,31172,0,5,0,0,0,0,0,0
47,3877288378,30328,0,0,0,0,50062450,50161050,823,0,0,0,0,31172,0,5,0,0,0,0,0,0
48,4236526315,30329,0,0,0,0,50381200,50476500,755,0,0,0,0,31172,0,5,0,0,0,0,0,0
49,533834014,30330,0,0,0,0,49741300,49839400,842,0,0,0,0,31172,0,5,0,0,0,0,0,0
50,1649361089,30331,0,0,0,0,50336800,50434950,197,0,0,0,0,31172,0,5,0,0,0,0,0,0
51,2486981906,30332,0,0,0,0,49778000,49874900,343,0,0,0,0,31172,0,5,0,0,0,0,0,0
52,1706075277,30333,0,0,0,0,50069700,50163250,672,0,0,0,0,31172,0,5,0,0,0,0,0,0
53,267972368,30334,0,0,0,0,50059800,50155050,787,0,0,0,0,31172,0,5,0,0,0,0,0,0
54,3895401273,30335,0,0,0,0,50061800,50160200,673,0,0,0,0,31172,0,5,0,0,0,0,0,0
55,605985656,30336,0,0,0,0,50057750,50154600,798,0,0,0,0,31172,0,5,0,0,0,0,0,0
56,4077673024,30337,0,0,0,0,50065300,50160400,755,0,0,0,0,30852,0,5,0,0,0,0,0,0
57,985632231,30338,0,0,0,0,50064050,50159250,845,0,0,0,0,30852,0,5,0,0,0,0,0,0
58,3720590956,30339,0,0,0,0,50059200,50156300,750,0,0,0,0,30852,0,5,0,0,0,0,0,0
59,3264032585,30340,0,0,0,0,50057650,50155750,815,0,0,0,0,30852,0,5,0,0,0,0,0,0
60,395405688,30341,0,0,0,0,50069500,50165800,825,0,0,0,0,30852,0,5,0,0,0,0,0,0
61,32142420,30342,0,0,0,0,49808100,50601450,132,0,0,0,0,30852,0,5,0,0,0,0,0,0
62,1187067055,30343,0,0,0,0,49608950,49705800,618,0,0,0,0,30852,0,5,0,0,0,0,0,0
63,459140908,30344,0,0,0,0,50061550,50160000,736,0,0,0,0,30852,0,5,0,0,0,0,0,0
64,3369786495,30345,0,0,0,0,50056850,50156500,923,0,0,0,0,30852,0,5,0,0,0,0,0,0
65,1572434254,30346,0,0,0,0,50064450,50159600,695,0,0,0,0,30852,0,5,0,0,0,0,0,0
66,4107798823,30347,0,0,0,0,66779400,66876500,2750,0,0,0,0,30852,0,5,0,0,0,0,0,0
67,343968250,30348,0,0,0,0,50061000,50160050,794,0,0,0,0,30852,0,5,0,0,0,0,0,0
68,3102454017,30349,0,0,0,0,50061650,50157100,790,0,0,0,0,30852,0,5,0,0,0,0,0,0
69,3051095563,30350,0,0,0,0,49651550,50154850,779,0,0,0,0,30852,0,5,0,0,0,0,0,0
70,2391331016,30351,0,0,0,0,50232900,50329650,673,0,0,0,0,30852,0,5,0,0,0,0,0,0
71,3869016117,30352,0,0,0,0,49889700,49986350,376,0,0,0,0,30852,0,5,0,0,0,0,0,0
72,1579800804,30353,0,0,0,0,50070150,50161100,750,0,0,0,0,30852,0,5,0,0,0,0,0,0
73,2792341157,30354,0,0,0,0,50058250,50154900,810,0,0,0,0,30852,0,5,0,0,0,0,0,0
74,714702942,30355,0,0,0,0,50063750,50160550,614,0,0,0,0,30852,0,5,0,0,0,0,0,0
75,1092538936,30356,0,0,0,0,50056250,50154750,816,0,0,0,0,30852,0,5,0,0,0,0,0,0
76,1561271239,30357,0,0,0,0,50065000,50159950,714,0,0,0,0,31172,0,5,0,0,0,0,0,0
77,3798074098,30358,0,0,0,0,50060400,50156700,828,0,0,0,0,31172,0,5,0,0,0,0,0,0
78,3022639071,30359,0,0,0,0,50066400,50163450,772,0,0,0,0,31172,0,5,0,0,0,0,0,0
79,2282770062,30360,0,0,0,0,50062400,50155000,730,0,0,0,0,30852,0,5,0,0,0,0,0,0
80,1626512457,30361,0,0,0,0,50057150,50155400,811,0,0,0,0,30852,0,5,0,0,0,0,0,0
81,3156888026,30362,0,0,0,0,50552450,50648150,501,0,0,0,0,30852,0,5,0,0,0,0,0,0
82,3038824309,30363,0,0,0,0,49563000,49670350,850,0,0,0,0,30852,0,5,0,0,0,0,0,0
83,1261846460,30364,0,0,0,0,50279200,50375650,730,0,0,0,0,30852,0,5,0,0,0,0,0,0
84,2035201521,30365,0,0,0,0,49121650,49939200,645,0,0,0,0,30852,0,5,0,0,0,0,0,0
85,2164446652,30366,0,0,0,0,50060750,50156800,690,0,0,0,0,30852,0,5,0,0,0,0,0,0
86,2017191835,30367,0,0,0,0,66782000,66878500,2614,0,0,0,0,30852,0,5,0,0,0,0,0,0
87,3029138484,30368,0,0,0,0,50055100,50155700,730,0,0,0,0,30852,0,5,0,0,0,0,0,0
88,50355403,30369,0,0,0,0,50061050,50156500,809,0,0,0,0,30852,0,5,0,0,0,0,0,0
89,654213990,30370,0,0,0,0,50064150,50159450,824,0,0,0,0,30852,0,5,0,0,0,0,0,0
90,2360099787,30371,0,0,0,0,50341900,50438850,776,0,0,0,0,30852,0,5,0,0,0,0,0,0
91,2424818746,30372,0,0,0,0,49779050,49877450,328,0,0,0,0,30852,0,5,0,0,0,0,0,0
92,1971386461,30373,0,0,0,0,50149100,50239850,761,0,0,0,0,30852,0,5,0,0,0,0,0,0
93,3386045126,30374,0,0,0,0,49978300,50074650,886,0,0,0,0,30852,0,5,0,0,0,0,0,0
94,1429641961,30375,0,0,0,0,50061250,50158100,703,0,0,0,0,30852,0,5,0,0,0,0,0,0
95,3022846880,30376,0,0,0,0,50062250,50159500,768,0,0,0,0,30852,0,5,0,0,0,0,0,0
96,1601897261,30377,0,0,0,0,50062500,50159050,723,0,0,0,0,30852,0,5,0,0,0,0,0,0
97,1229951528,30378,0,0,0,0,50059500,50154600,850,0,0,0,0,30852,0,5,0,0,0,0,0,0
98,4065171759,30379,0,0,0,0,50060450,50157150,767,0,0,0,0,30852,0,5,0,0,0,0,0,0
99,1034325744,30380,0,0,0,0,50061750,50158650,739,0,0,0,0,30852,0,5,0,0,0,0,0,0
100,14078671,30381,0,0,0,0,50061650,50157750,800,0,0,0,0,31172,0,5,0,0,0,0,0,0
101,4024270554,30382,0,0,0,0,50059850,50155050,518,0,0,0,0,31172,0,5,0,0,0,0,0,0
102,896191351,30383,0,0,0,0,50065050,50160000,823,0,0,0,0,31172,0,5,0,0,0,0,0,0
103,2131384102,30384,0,0,0,0,50344850,50442750,611,0,0,0,0,30852,0,5,0,0,0,0,0,0
104,2586210593,30385,0,0,0,0,49776900,49872600,880,0,0,0,0,30852,0,5,0,0,0,0,0,0
105,591918370,30386,0,0,0,0,50063900,50160250,739,0,0,0,0,30852,0,5,0,0,0,0,0,0
106,8814317,30387,0,0,0,0,66778550,66876450,2815,0,0,0,0,30852,0,5,0,0,0,0,0,0
107,2340504196,30388,0,0,0,0,48559000,50157400,388,0,0,0,0,30852,0,5,0,0,0,0,0,0
108,3523076009,30389,0,0,0,0,50061650,50157300,807,0,0,0,0,30852,0,5,0,0,0,0,0,0
109,1961669028,30390,0,0,0,0,50065350,50160500,811,0,0,0,0,30852,0,5,0,0,0,0,0,0
110,1037581603,30391,0,0,0,0,50438950,50535950,769,0,0,0,0,30852,0,5,0,0,0,0,0,0
111,2701024588,30392,0,0,0,0,49679600,49779100,172,0,0,0,0,30852,0,5,0,0,0,0,0,0
112,215037203,30393,0,0,0,0,50144750,50238550,724,0,0,0,0,30852,0,5,0,0,0,0,0,0
113,3696282862,30394,0,0,0,0,49982750,50078350,854,0,0,0,0,30852,0,5,0,0,0,0,0,0
114,2829142928,30395,0,0,0,0,50057650,50154150,687,0,0,0,0,30852,0,5,0,0,0,0,0,0
115,3204762949,30396,0,0,0,0,50061200,50158100,725,0,0,0,0,30852,0,5,0,0,0,0,0,0
116,3297489190,30397,0,0,0,0,50064200,50159350,689,0,0,0,0,30852,0,5,0,0,0,0,0,0
117,1691704917,30398,0,0,0,0,50062000,50157100,815,0,0,0,0,30852,0,5,0,0,0,0,0,0
118,663957814,30399,0,0,0,0,50064100,50160750,726,0,0,0,0,30852,0,5,0,0,0,0,0,0
119,3058583827,30400,0,0,0,0,50056850,50155250,747,0,0,0,0,30852,0,5,0,0,0,0,0,0
120,838545270,30401,0,0,0,0,50061050,50156500,788,0,0,0,0,30852,0,5,0,0,0,0,0,0
121,3608912039,30402,0,0,0,0,50066200,50161500,477,0,0,0,0,30852,0,5,0,0,0,0,0,0
122,4080159716,30403,0,0,0,0,50048700,50158300,768,0,0,0,0,30852,0,5,0,0,0,0,0,0
123,1056027075,30404,0,0,0,0,50664400,50762850,767,0,0,0,0,30852,0,5,0,0,0,0,0,0
124,4057021248,30405,0,0,0,0,49450200,49549300,660,0,0,0,0,31172,0,5,0,0,0,0,0,0
125,2686741161,30406,0,0,0,0,50075800,50170800,730,0,0,0,0,31172,0,5,0,0,0,0,0,0
126,3870849660,30407,0,0,0,0,50514550,50614300,466,0,0,0,0,31172,0,5,0,0,0,0,0,0
127,293449641,30408,0,0,0,0,49576950,49691850,0,0,0,0,0,30852,0,5,0,0,0,0,0,0
128,596064266,30409,0,0,0,0,50066800,50157150,736,0,0,0,0,30852,0,5,0,0,0,0,0,0
129,3715495249,30410,0,0,0,0,50062500,50158700,218,0,0,0,0,30852,0,5,0,0,0,0,0,0
130,244680018,30411,0,0,0,0,49337550,50155600,631,0,0,0,0,30852,0,5,0,0,0,0,0,0
131,4080661783,30412,0,0,0,0,50059700,50157950,753,0,0,0,0,30852,0,5,0,0,0,0,0,0
132,4006730450,30413,0,0,0,0,50062850,50158150,444,0,0,0,0,30852,0,5,0,0,0,0,0,0
133,3864584507,30414,0,0,0,0,50063900,50157100,788,0,0,0,0,30852,0,5,0,0,0,0,0,0
134,2711027320,30415,0,0,0,0,50059150,50156250,804,0,0,0,0,30852,0,5,0,0,0,0,0,0
135,4099079087,30416,0,0,0,0,50061900,50158650,818,0,0,0,0,30852,0,5,0,0,0,0,0,0
136,565333772,30417,0,0,0,0,50373150,50468450,683,0,0,0,0,30852,0,5,0,0,0,0,0,0
137,1028518269,30418,0,0,0,0,49753900,49849700,824,0,0,0,0,30852,0,5,0,0,0,0,0,0
138,2252688136,30419,0,0,0,0,50059200,50156150,743,0,0,0,0,30852,0,5,0,0,0,0,0,0
139,578597309,30420,0,0,0,0,50059000,50157650,882,0,0,0,0,30852,0,5,0,0,0,0,0,0
140,3624439358,30421,0,0,0,0,50062150,50157950,620,0,0,0,0,30852,0,5,0,0,0,0,0,0
141,3514067501,30422,0,0,0,0,50064350,50160450,818,0,0,0,0,30852,0,5,0,0,0,0,0,0
142,2741972910,30423,0,0,0,0,50055250,50153950,394,0,0,0,0,30852,0,5,0,0,0,0,0,0
143,28497579,30424,0,0,0,0,50063600,50162450,841,0,0,0,0,30852,0,5,0,0,0,0,0,0
144,466729326,30425,0,0,0,0,50057950,50153500,732,0,0,0,0,30852,0,5,0,0,0,0,0,0
145,3425349295,30426,0,0,0,0,50062900,50158450,845,0,0,0,0,30852,0,5,0,0,0,0,0,0
146,1537640620,30427,0,0,0,0,50063050,50160450,800,0,0,0,0,30852,0,5,0,0,0,0,0,0
147,1853842891,30428,0,0,0,0,66776150,66874550,2539,0,0,0,0,30852,0,5,0,0,0,0,0,0
148,1177024904,30429,0,0,0,0,50060850,50157950,721,0,0,0,0,31172,0,5,0,0,0,0,0,0
149,4106734849,30430,0,0,0,0,50063400,50159400,652,0,0,0,0,31172,0,5,0,0,0,0,0,0
150,2025356500,30431,0,0,0,0,50061350,50158350,808,0,0,0,0,31172,0,5,0,0,0,0,0,0
151,2189605121,30432,0,0,0,0,50059300,50155950,723,0,0,0,0,30852,0,5,0,0,0,0,0,0
152,4086136290,30433,0,0,0,0,50060800,50158000,415,0,0,0,0,30852,0,5,0,0,0,0,0,0
153,4036669705,30434,0,0,0,0,50059150,50156950,755,0,0,0,0,30852,0,5,0,0,0,0,0,0
154,4167980074,30435,0,0,0,0,49352900,50155900,575,0,0,0,0,30852,0,5,0,0,0,0,0,0
155,51187407,30436,0,0,0,0,50062650,50161300,800,0,0,0,0,30852,0,5,0,0,0,0,0,0
156,2242638442,30437,0,0,0,0,50061700,50157200,707,0,0,0,0,30852,0,5,0,0,0,0,0,0
157,2730108163,30438,0,0,0,0,49660950,50160050,776,0,0,0,0,30852,0,5,0,0,0,0,0,0
158,2718743917,30439,0,0,0,0,50139500,50236150,725,0,0,0,0,30852,0,5,0,0,0,0,0,0
159,3391709842,30440,0,0,0,0,49981500,50080000,845,0,0,0,0,30852,0,5,0,0,0,0,0,0
160,1164604273,30441,0,0,0,0,50105900,50201700,718,0,0,0,0,30852,0,5,0,0,0,0,0,0
161,2148591176,30442,0,0,0,0,50012900,50112450,769,0,0,0,0,30852,0,5,0,0,0,0,0,0
162,4192737573,30443,0,0,0,0,50062900,50159700,288,0,0,0,0,30852,0,5,0,0,0,0,0,0
163,535584840,30444,0,0,0,0,50057350,50154550,819,0,0,0,0,30852,0,5,0,0,0,0,0,0
164,3430794475,30445,0,0,0,0,50062350,50157950,694,0,0,0,0,30852,0,5,0,0,0,0,0,0
165,776323552,30446,0,0,0,0,50062000,50157500,754,0,0,0,0,30852,0,5,0,0,0,0,0,0
166,3330991427,30447,0,0,0,0,50061500,50159300,774,0,0,0,0,30852,0,5,0,0,0,0,0,0
167,3282074430,30448,0,0,0,0,66783950,66876300,2316,0,0,0,0,30852,0,5,0,0,0,0,0,0
168,2597814595,30449,0,0,0,0,50063300,50161100,810,0,0,0,0,30852,0,5,0,0,0,0,0,0
169,2225601370,30450,0,0,0,0,50057000,50156300,670,0,0,0,0,30852,0,5,0,0,0,0,0,0
170,3716853465,30451,0,0,0,0,50060700,50157600,815,0,0,0,0,30852,0,5,0,0,0,0,0,0
171,1080675697,30452,0,0,0,0,50062100,50159200,850,0,0,0,0,30212,0,5,0,0,0,0,0,0
172,219920238,30453,0,0,0,0,50056450,50152350,549,0,0,0,0,30212,0,5,0,0,0,0,0,0
173,3070385651,30454,0,0,0,0,50069100,50161500,732,0,0,0,0,30212,0,5,0,0,0,0,0,0
174,2609556270,30455,0,0,0,0,50060550,50159150,927,0,0,0,0,30212,0,5,0,0,0,0,0,0
175,141401383,30456,0,0,0,0,50059000,50156900,812,0,0,0,0,30212,0,5,0,0,0,0,0,0
176,3034105280,30457,0,0,0,0,50067950,50158500,974,0,0,0,0,30212,0,5,0,0,0,0,0,0
177,3029196371,30458,0,0,0,0,50057300,50154900,863,0,0,0,0,30212,0,5,0,0,0,0,0,0
178,699378668,30459,0,0,0,0,50265600,50362550,871,0,0,0,0,30212,0,5,0,0,0,0,0,0
179,2402609405,30460,0,0,0,0,49858550,49957500,958,0,0,0,0,30212,0,5,0,0,0,0,0,0
CSV_END

STUDY_DONE_a1eba9cbe376=0
# 