/tmp/app --transport apb --state-frame 0 --frames 180 --warmup 30 --wait spin --profile frame --csv /tmp/transport-frames.csv --replay --dump /tmp/transport-frame.raw && printf "CSV_BEGIN\n" && cat /tmp/transport-frames.csv && printf "CSV_END\n"; study_status=$?; printf "\nSTUDY_DONE_f2e41666a584=%s\n" "$study_status"
TRANSPORT mode=apb dma_minimum=64
BEGIN_BREAKOUT frames=180 warmup=30 fixed=1 blocks=40 tiles=1 hud=1 wait=spin replay=1 state_frame=0 profile=frame pixel_centers=1 clock_call_ns=5813
HW_COUNTERS unavailable
RESULT frames=180 elapsed_s=3.059589100 fps=58.831429 logic_ms=0.000000 api_ms=0.000000 swap_ms=0.000000 wait_ms=0.000000 worker_inclusive_ms=0.000000 upload_inclusive_ms=0.000000 write_ms=0.000000 bytes_per_frame=34372.00 p50_ms=16.719250 p95_ms=16.990750 max_ms=33.162950 late_60hz=164 first_count=28349 last_count=28528 state_hash=de3c9d08 remaining=40 score=0
RENDER_PATH retained=0 grouped=0 quads=0 full_frames=0
FRAME_CHECK count=28528 address=9fe00000 fnv1a=16e1fedb pixels=307200 mismatches=0
BREAKOUT_PASS
CSV_BEGIN
frame,state_hash,display_count,logic_ns,api_ns,swap_ns,wait_ns,total_ns,completion_interval_ns,polls,worker_inclusive_ns,upload_inclusive_ns,write_ns,read_ns,write_bytes,read_bytes,write_calls,read_calls,dma_copy_ns,dma_launch_ns,dma_completion_wait_ns,dma_bytes,dma_lists
0,3728514312,28349,0,0,0,0,16671950,16682350,831,0,0,0,0,34372,0,5,0,0,0,0,0,0
1,3728514312,28350,0,0,0,0,16594400,16715750,800,0,0,0,0,34372,0,5,0,0,0,0,0,0
2,3728514312,28351,0,0,0,0,15831650,16722700,580,0,0,0,0,34372,0,5,0,0,0,0,0,0
3,3728514312,28352,0,0,0,0,17026250,17152250,810,0,0,0,0,34372,0,5,0,0,0,0,0,0
4,3728514312,28353,0,0,0,0,16177450,16285550,765,0,0,0,0,34372,0,5,0,0,0,0,0,0
5,3728514312,28354,0,0,0,0,16614250,16719200,883,0,0,0,0,34372,0,5,0,0,0,0,0,0
6,3728514312,28355,0,0,0,0,16615550,16717150,813,0,0,0,0,34372,0,5,0,0,0,0,0,0
7,3728514312,28356,0,0,0,0,16608700,16719750,757,0,0,0,0,34372,0,5,0,0,0,0,0,0
8,3728514312,28357,0,0,0,0,16615000,16720750,739,0,0,0,0,34372,0,5,0,0,0,0,0,0
9,3728514312,28358,0,0,0,0,16601400,16717800,777,0,0,0,0,34372,0,5,0,0,0,0,0,0
10,3728514312,28359,0,0,0,0,16607450,16719000,829,0,0,0,0,34372,0,5,0,0,0,0,0,0
11,3728514312,28360,0,0,0,0,16606600,16720700,855,0,0,0,0,34372,0,5,0,0,0,0,0,0
12,3728514312,28361,0,0,0,0,16612400,16719700,802,0,0,0,0,34372,0,5,0,0,0,0,0,0
13,3728514312,28362,0,0,0,0,16611350,16718600,761,0,0,0,0,34372,0,5,0,0,0,0,0,0
14,3728514312,28363,0,0,0,0,16612000,16720150,830,0,0,0,0,34372,0,5,0,0,0,0,0,0
15,3728514312,28364,0,0,0,0,14861550,16717200,414,0,0,0,0,34372,0,5,0,0,0,0,0,0
16,3728514312,28365,0,0,0,0,16617650,16720150,816,0,0,0,0,34372,0,5,0,0,0,0,0,0
17,3728514312,28366,0,0,0,0,16604700,16718600,847,0,0,0,0,34372,0,5,0,0,0,0,0,0
18,3728514312,28367,0,0,0,0,16617400,16721850,793,0,0,0,0,34372,0,5,0,0,0,0,0,0
19,3728514312,28368,0,0,0,0,16604450,16718750,784,0,0,0,0,34372,0,5,0,0,0,0,0,0
20,3728514312,28369,0,0,0,0,16709900,16816000,684,0,0,0,0,34372,0,5,0,0,0,0,0,0
21,3728514312,28370,0,0,0,0,16510250,16621300,864,0,0,0,0,34372,0,5,0,0,0,0,0,0
22,3728514312,28371,0,0,0,0,16609950,16718800,820,0,0,0,0,34372,0,5,0,0,0,0,0,0
23,3728514312,28372,0,0,0,0,16604250,16722050,814,0,0,0,0,34372,0,5,0,0,0,0,0,0
24,3728514312,28373,0,0,0,0,16612950,16718600,799,0,0,0,0,34372,0,5,0,0,0,0,0,0
25,3728514312,28374,0,0,0,0,15046250,16718150,576,0,0,0,0,34372,0,5,0,0,0,0,0,0
26,3728514312,28375,0,0,0,0,16073650,16717550,743,0,0,0,0,34372,0,5,0,0,0,0,0,0
27,3728514312,28376,0,0,0,0,16608000,16720450,889,0,0,0,0,34372,0,5,0,0,0,0,0,0
28,3728514312,28377,0,0,0,0,16612850,16717450,810,0,0,0,0,34372,0,5,0,0,0,0,0,0
29,3728514312,28378,0,0,0,0,16610350,16723000,799,0,0,0,0,34372,0,5,0,0,0,0,0,0
30,3728514312,28379,0,0,0,0,16610050,16717300,813,0,0,0,0,34372,0,5,0,0,0,0,0,0
31,3728514312,28380,0,0,0,0,16885950,16999400,798,0,0,0,0,34372,0,5,0,0,0,0,0,0
32,3728514312,28381,0,0,0,0,33050700,33159350,2565,0,0,0,0,34372,0,5,0,0,0,0,0,0
33,3728514312,28382,0,0,0,0,16604500,16720600,805,0,0,0,0,34372,0,5,0,0,0,0,0,0
34,3728514312,28383,0,0,0,0,16611300,16717750,753,0,0,0,0,34372,0,5,0,0,0,0,0,0
35,3728514312,28384,0,0,0,0,16605750,16721150,846,0,0,0,0,34372,0,5,0,0,0,0,0,0
36,3728514312,28385,0,0,0,0,16614600,16716000,772,0,0,0,0,34372,0,5,0,0,0,0,0,0
37,3728514312,28386,0,0,0,0,16608700,16720650,854,0,0,0,0,34372,0,5,0,0,0,0,0,0
38,3728514312,28387,0,0,0,0,16610650,16717250,844,0,0,0,0,34372,0,5,0,0,0,0,0,0
39,3728514312,28388,0,0,0,0,16602800,16719050,807,0,0,0,0,34372,0,5,0,0,0,0,0,0
40,3728514312,28389,0,0,0,0,16618800,16723350,778,0,0,0,0,34372,0,5,0,0,0,0,0,0
41,3728514312,28390,0,0,0,0,16852750,16965250,814,0,0,0,0,34372,0,5,0,0,0,0,0,0
42,3728514312,28391,0,0,0,0,16364150,16472900,816,0,0,0,0,34372,0,5,0,0,0,0,0,0
43,3728514312,28392,0,0,0,0,16608500,16718700,843,0,0,0,0,34372,0,5,0,0,0,0,0,0
44,3728514312,28393,0,0,0,0,16613150,16719750,395,0,0,0,0,34372,0,5,0,0,0,0,0,0
45,3728514312,28394,0,0,0,0,16602850,16716000,783,0,0,0,0,34372,0,5,0,0,0,0,0,0
46,3728514312,28395,0,0,0,0,16610050,16719250,792,0,0,0,0,34372,0,5,0,0,0,0,0,0
47,3728514312,28396,0,0,0,0,16603200,16719950,776,0,0,0,0,34372,0,5,0,0,0,0,0,0
48,3728514312,28397,0,0,0,0,15823950,16722400,622,0,0,0,0,34372,0,5,0,0,0,0,0,0
49,3728514312,28398,0,0,0,0,16594800,16718900,827,0,0,0,0,34372,0,5,0,0,0,0,0,0
50,3728514312,28399,0,0,0,0,16610250,16719250,806,0,0,0,0,34372,0,5,0,0,0,0,0,0
51,3728514312,28400,0,0,0,0,16606550,16718400,808,0,0,0,0,34372,0,5,0,0,0,0,0,0
52,3728514312,28401,0,0,0,0,16973750,17076850,795,0,0,0,0,34372,0,5,0,0,0,0,0,0
53,3728514312,28402,0,0,0,0,16250300,16359500,806,0,0,0,0,34372,0,5,0,0,0,0,0,0
54,3728514312,28403,0,0,0,0,16614250,16722950,869,0,0,0,0,34372,0,5,0,0,0,0,0,0
55,3728514312,28404,0,0,0,0,16606750,16715500,824,0,0,0,0,34372,0,5,0,0,0,0,0,0
56,3728514312,28405,0,0,0,0,16616450,16720500,719,0,0,0,0,34372,0,5,0,0,0,0,0,0
57,3728514312,28406,0,0,0,0,16605600,16720750,814,0,0,0,0,34372,0,5,0,0,0,0,0,0
58,3728514312,28407,0,0,0,0,16756500,16867000,766,0,0,0,0,34372,0,5,0,0,0,0,0,0
59,3728514312,28408,0,0,0,0,16459800,16572450,843,0,0,0,0,34372,0,5,0,0,0,0,0,0
60,3728514312,28409,0,0,0,0,16614600,16717700,849,0,0,0,0,34372,0,5,0,0,0,0,0,0
61,3728514312,28410,0,0,0,0,16603800,16718950,808,0,0,0,0,34372,0,5,0,0,0,0,0,0
62,3728514312,28411,0,0,0,0,16610850,16717300,763,0,0,0,0,34372,0,5,0,0,0,0,0,0
63,3728514312,28412,0,0,0,0,16605050,16721650,842,0,0,0,0,34372,0,5,0,0,0,0,0,0
64,3728514312,28413,0,0,0,0,16200500,16720300,786,0,0,0,0,34372,0,5,0,0,0,0,0,0
65,3728514312,28414,0,0,0,0,16606350,16719600,847,0,0,0,0,34372,0,5,0,0,0,0,0,0
66,3728514312,28415,0,0,0,0,16609050,16715400,829,0,0,0,0,34372,0,5,0,0,0,0,0,0
67,3728514312,28416,0,0,0,0,16607950,16721650,800,0,0,0,0,34372,0,5,0,0,0,0,0,0
68,3728514312,28417,0,0,0,0,16612050,16717000,779,0,0,0,0,34372,0,5,0,0,0,0,0,0
69,3728514312,28418,0,0,0,0,16731700,16845800,699,0,0,0,0,34372,0,5,0,0,0,0,0,0
70,3728514312,28419,0,0,0,0,16483200,16595850,835,0,0,0,0,34372,0,5,0,0,0,0,0,0
71,3728514312,28420,0,0,0,0,15814750,16720700,562,0,0,0,0,34372,0,5,0,0,0,0,0,0
72,3728514312,28421,0,0,0,0,16593900,16716400,789,0,0,0,0,34372,0,5,0,0,0,0,0,0
73,3728514312,28422,0,0,0,0,16614250,16721700,807,0,0,0,0,34372,0,5,0,0,0,0,0,0
74,3728514312,28423,0,0,0,0,16608350,16717050,810,0,0,0,0,34372,0,5,0,0,0,0,0,0
75,3728514312,28424,0,0,0,0,16608150,16720250,405,0,0,0,0,34372,0,5,0,0,0,0,0,0
76,3728514312,28425,0,0,0,0,16605200,16719250,864,0,0,0,0,34372,0,5,0,0,0,0,0,0
77,3728514312,28426,0,0,0,0,16608250,16716800,812,0,0,0,0,34372,0,5,0,0,0,0,0,0
78,3728514312,28427,0,0,0,0,16608050,16719100,792,0,0,0,0,34372,0,5,0,0,0,0,0,0
79,3728514312,28428,0,0,0,0,16603850,16719350,814,0,0,0,0,34372,0,5,0,0,0,0,0,0
80,3728514312,28429,0,0,0,0,16837450,16946250,761,0,0,0,0,34372,0,5,0,0,0,0,0,0
81,3728514312,28430,0,0,0,0,16386050,16498350,746,0,0,0,0,34372,0,5,0,0,0,0,0,0
82,3728514312,28431,0,0,0,0,16596150,16713550,855,0,0,0,0,34372,0,5,0,0,0,0,0,0
83,3728514312,28432,0,0,0,0,16605900,16719750,792,0,0,0,0,34372,0,5,0,0,0,0,0,0
84,3728514312,28433,0,0,0,0,16617550,16718600,781,0,0,0,0,34372,0,5,0,0,0,0,0,0
85,3728514312,28434,0,0,0,0,16607750,16722650,843,0,0,0,0,34372,0,5,0,0,0,0,0,0
86,3728514312,28435,0,0,0,0,16610150,16720650,737,0,0,0,0,34372,0,5,0,0,0,0,0,0
87,3728514312,28436,0,0,0,0,16600200,16716700,871,0,0,0,0,34372,0,5,0,0,0,0,0,0
88,3728514312,28437,0,0,0,0,16614950,16721250,842,0,0,0,0,34372,0,5,0,0,0,0,0,0
89,3728514312,28438,0,0,0,0,16601900,16716850,809,0,0,0,0,34372,0,5,0,0,0,0,0,0
90,3728514312,28439,0,0,0,0,16615400,16722050,770,0,0,0,0,34372,0,5,0,0,0,0,0,0
91,3728514312,28440,0,0,0,0,16876800,16990750,813,0,0,0,0,34372,0,5,0,0,0,0,0,0
92,3728514312,28441,0,0,0,0,33056300,33162950,2413,0,0,0,0,34372,0,5,0,0,0,0,0,0
93,3728514312,28442,0,0,0,0,16597900,16720750,713,0,0,0,0,34372,0,5,0,0,0,0,0,0
94,3728514312,28443,0,0,0,0,16608050,16720650,780,0,0,0,0,34372,0,5,0,0,0,0,0,0
95,3728514312,28444,0,0,0,0,14147800,16716250,339,0,0,0,0,34372,0,5,0,0,0,0,0,0
96,3728514312,28445,0,0,0,0,16609350,16721350,722,0,0,0,0,34372,0,5,0,0,0,0,0,0
97,3728514312,28446,0,0,0,0,16603350,16717250,884,0,0,0,0,34372,0,5,0,0,0,0,0,0
98,3728514312,28447,0,0,0,0,16610650,16719450,812,0,0,0,0,34372,0,5,0,0,0,0,0,0
99,3728514312,28448,0,0,0,0,16604750,16719850,812,0,0,0,0,34372,0,5,0,0,0,0,0,0
100,3728514312,28449,0,0,0,0,16615650,16719250,808,0,0,0,0,34372,0,5,0,0,0,0,0,0
101,3728514312,28450,0,0,0,0,16975400,17085900,808,0,0,0,0,34372,0,5,0,0,0,0,0,0
102,3728514312,28451,0,0,0,0,16242950,16354650,781,0,0,0,0,34372,0,5,0,0,0,0,0,0
103,3728514312,28452,0,0,0,0,16607850,16717000,882,0,0,0,0,34372,0,5,0,0,0,0,0,0
104,3728514312,28453,0,0,0,0,16630950,16724400,504,0,0,0,0,34372,0,5,0,0,0,0,0,0
105,3728514312,28454,0,0,0,0,16593500,16717900,684,0,0,0,0,34372,0,5,0,0,0,0,0,0
106,3728514312,28455,0,0,0,0,16608550,16718450,815,0,0,0,0,34372,0,5,0,0,0,0,0,0
107,3728514312,28456,0,0,0,0,16695250,16809200,755,0,0,0,0,34372,0,5,0,0,0,0,0,0
108,3728514312,28457,0,0,0,0,16519000,16626600,838,0,0,0,0,34372,0,5,0,0,0,0,0,0
109,3728514312,28458,0,0,0,0,16611500,16722500,866,0,0,0,0,34372,0,5,0,0,0,0,0,0
110,3728514312,28459,0,0,0,0,16606300,16715650,779,0,0,0,0,34372,0,5,0,0,0,0,0,0
111,3728514312,28460,0,0,0,0,16610000,16722150,790,0,0,0,0,34372,0,5,0,0,0,0,0,0
112,3728514312,28461,0,0,0,0,16613600,16718550,835,0,0,0,0,34372,0,5,0,0,0,0,0,0
113,3728514312,28462,0,0,0,0,16167700,16717500,767,0,0,0,0,34372,0,5,0,0,0,0,0,0
114,3728514312,28463,0,0,0,0,16614350,16721600,858,0,0,0,0,34372,0,5,0,0,0,0,0,0
115,3728514312,28464,0,0,0,0,16603500,16717750,842,0,0,0,0,34372,0,5,0,0,0,0,0,0
116,3728514312,28465,0,0,0,0,16611050,16718750,795,0,0,0,0,34372,0,5,0,0,0,0,0,0
117,3728514312,28466,0,0,0,0,16609100,16719250,776,0,0,0,0,34372,0,5,0,0,0,0,0,0
118,3728514312,28467,0,0,0,0,15133950,16964400,466,0,0,0,0,34372,0,5,0,0,0,0,0,0
119,3728514312,28468,0,0,0,0,16347650,16473650,826,0,0,0,0,34372,0,5,0,0,0,0,0,0
120,3728514312,28469,0,0,0,0,16616300,16720900,820,0,0,0,0,34372,0,5,0,0,0,0,0,0
121,3728514312,28470,0,0,0,0,16608900,16721300,827,0,0,0,0,34372,0,5,0,0,0,0,0,0
122,3728514312,28471,0,0,0,0,16610000,16715250,797,0,0,0,0,34372,0,5,0,0,0,0,0,0
123,3728514312,28472,0,0,0,0,16612650,16722250,812,0,0,0,0,34372,0,5,0,0,0,0,0,0
124,3728514312,28473,0,0,0,0,16611700,16719450,771,0,0,0,0,34372,0,5,0,0,0,0,0,0
125,3728514312,28474,0,0,0,0,16607100,16718700,882,0,0,0,0,34372,0,5,0,0,0,0,0,0
126,3728514312,28475,0,0,0,0,16608000,16717300,800,0,0,0,0,34372,0,5,0,0,0,0,0,0
127,3728514312,28476,0,0,0,0,16606200,16722950,805,0,0,0,0,34372,0,5,0,0,0,0,0,0
128,3728514312,28477,0,0,0,0,16611500,16718100,813,0,0,0,0,34372,0,5,0,0,0,0,0,0
129,3728514312,28478,0,0,0,0,16839600,16949300,776,0,0,0,0,34372,0,5,0,0,0,0,0,0
130,3728514312,28479,0,0,0,0,16378750,16486200,723,0,0,0,0,34372,0,5,0,0,0,0,0,0
131,3728514312,28480,0,0,0,0,16608700,16719600,876,0,0,0,0,34372,0,5,0,0,0,0,0,0
132,3728514312,28481,0,0,0,0,16619900,16720100,779,0,0,0,0,34372,0,5,0,0,0,0,0,0
133,3728514312,28482,0,0,0,0,16603950,16718150,788,0,0,0,0,34372,0,5,0,0,0,0,0,0
134,3728514312,28483,0,0,0,0,16616450,16722850,834,0,0,0,0,34372,0,5,0,0,0,0,0,0
135,3728514312,28484,0,0,0,0,16769750,16884500,304,0,0,0,0,34372,0,5,0,0,0,0,0,0
136,3728514312,28485,0,0,0,0,16441900,16554750,824,0,0,0,0,34372,0,5,0,0,0,0,0,0
137,3728514312,28486,0,0,0,0,16606600,16719100,854,0,0,0,0,34372,0,5,0,0,0,0,0,0
138,3728514312,28487,0,0,0,0,16603500,16715350,772,0,0,0,0,34372,0,5,0,0,0,0,0,0
139,3728514312,28488,0,0,0,0,16605450,16720900,797,0,0,0,0,34372,0,5,0,0,0,0,0,0
140,3728514312,28489,0,0,0,0,16930950,17037450,812,0,0,0,0,34372,0,5,0,0,0,0,0,0
141,3728514312,28490,0,0,0,0,15493300,16401900,537,0,0,0,0,34372,0,5,0,0,0,0,0,0
142,3728514312,28491,0,0,0,0,16595450,16720600,788,0,0,0,0,34372,0,5,0,0,0,0,0,0
143,3728514312,28492,0,0,0,0,16600500,16719900,801,0,0,0,0,34372,0,5,0,0,0,0,0,0
144,3728514312,28493,0,0,0,0,16609300,16717650,791,0,0,0,0,34372,0,5,0,0,0,0,0,0
145,3728514312,28494,0,0,0,0,16608950,16718750,793,0,0,0,0,34372,0,5,0,0,0,0,0,0
146,3728514312,28495,0,0,0,0,16610650,16719650,770,0,0,0,0,34372,0,5,0,0,0,0,0,0
147,3728514312,28496,0,0,0,0,16604250,16717550,885,0,0,0,0,34372,0,5,0,0,0,0,0,0
148,3728514312,28497,0,0,0,0,16611150,16721700,816,0,0,0,0,34372,0,5,0,0,0,0,0,0
149,3728514312,28498,0,0,0,0,16602100,16718450,812,0,0,0,0,34372,0,5,0,0,0,0,0,0
150,3728514312,28499,0,0,0,0,16612750,16721350,803,0,0,0,0,34372,0,5,0,0,0,0,0,0
151,3728514312,28500,0,0,0,0,16604250,16718200,811,0,0,0,0,34372,0,5,0,0,0,0,0,0
152,3728514312,28501,0,0,0,0,21291300,21803000,610,0,0,0,0,34372,0,5,0,0,0,0,0,0
153,3728514312,28502,0,0,0,0,28223100,28351750,2770,0,0,0,0,34372,0,5,0,0,0,0,0,0
154,3728514312,28503,0,0,0,0,16607850,16721300,695,0,0,0,0,34372,0,5,0,0,0,0,0,0
155,3728514312,28504,0,0,0,0,16602550,16718500,813,0,0,0,0,34372,0,5,0,0,0,0,0,0
156,3728514312,28505,0,0,0,0,16711300,16818250,739,0,0,0,0,34372,0,5,0,0,0,0,0,0
157,3728514312,28506,0,0,0,0,16509000,16620800,861,0,0,0,0,34372,0,5,0,0,0,0,0,0
158,3728514312,28507,0,0,0,0,16610300,16717500,860,0,0,0,0,34372,0,5,0,0,0,0,0,0
159,3728514312,28508,0,0,0,0,16603650,16720900,784,0,0,0,0,34372,0,5,0,0,0,0,0,0
160,3728514312,28509,0,0,0,0,16615550,16717350,796,0,0,0,0,34372,0,5,0,0,0,0,0,0
161,3728514312,28510,0,0,0,0,16613400,16722550,855,0,0,0,0,34372,0,5,0,0,0,0,0,0
162,3728514312,28511,0,0,0,0,16607850,16716900,746,0,0,0,0,34372,0,5,0,0,0,0,0,0
163,3728514312,28512,0,0,0,0,16605400,16720100,883,0,0,0,0,34372,0,5,0,0,0,0,0,0
164,3728514312,28513,0,0,0,0,16616000,16720650,842,0,0,0,0,34372,0,5,0,0,0,0,0,0
165,3728514312,28514,0,0,0,0,16598800,16715250,357,0,0,0,0,34372,0,5,0,0,0,0,0,0
166,3728514312,28515,0,0,0,0,16615300,16721000,733,0,0,0,0,34372,0,5,0,0,0,0,0,0
167,3728514312,28516,0,0,0,0,16775650,16896800,777,0,0,0,0,34372,0,5,0,0,0,0,0,0
168,3728514312,28517,0,0,0,0,16435500,16543150,803,0,0,0,0,34372,0,5,0,0,0,0,0,0
169,3728514312,28518,0,0,0,0,16604400,16718550,867,0,0,0,0,34372,0,5,0,0,0,0,0,0
170,3728514312,28519,0,0,0,0,16610850,16718700,810,0,0,0,0,34372,0,5,0,0,0,0,0,0
171,3728514312,28520,0,0,0,0,16612750,16721250,798,0,0,0,0,34372,0,5,0,0,0,0,0,0
172,3728514312,28521,0,0,0,0,16611350,16718550,799,0,0,0,0,34372,0,5,0,0,0,0,0,0
173,3728514312,28522,0,0,0,0,16607550,16721700,779,0,0,0,0,34372,0,5,0,0,0,0,0,0
174,3728514312,28523,0,0,0,0,16607000,16718450,863,0,0,0,0,34372,0,5,0,0,0,0,0,0
175,3728514312,28524,0,0,0,0,16603550,16716500,814,0,0,0,0,34372,0,5,0,0,0,0,0,0
176,3728514312,28525,0,0,0,0,16616100,16722650,796,0,0,0,0,34372,0,5,0,0,0,0,0,0
177,3728514312,28526,0,0,0,0,16609450,16719300,804,0,0,0,0,34372,0,5,0,0,0,0,0,0
178,3728514312,28527,0,0,0,0,16876350,16983950,765,0,0,0,0,34372,0,5,0,0,0,0,0,0
179,3728514312,28528,0,0,0,0,16335950,16451400,738,0,0,0,0,34372,0,5,0,0,0,0,0,0
CSV_END

STUDY_DONE_f2e41666a584=0
# 