/tmp/app --transport unrolled --state-frame 0 --frames 180 --warmup 30 --wait spin --profile frame --csv /tmp/transport-frames.csv --replay && printf "CSV_BEGIN\n" && cat /tmp/transport-frames.csv && printf "CSV_END\n"; study_status=$?; printf "\nSTUDY_DONE_107e62aec535=%s\n" "$study_status"
TRANSPORT mode=unrolled dma_minimum=64
BEGIN_BREAKOUT frames=180 warmup=30 fixed=1 blocks=40 tiles=1 hud=1 wait=spin replay=1 state_frame=0 profile=frame pixel_centers=1 clock_call_ns=5181
HW_COUNTERS unavailable
RESULT frames=180 elapsed_s=3.059599700 fps=58.831226 logic_ms=0.000000 api_ms=0.000000 swap_ms=0.000000 wait_ms=0.000000 worker_inclusive_ms=0.000000 upload_inclusive_ms=0.000000 write_ms=0.000000 bytes_per_frame=34372.00 p50_ms=16.719350 p95_ms=17.054650 max_ms=33.439150 late_60hz=165 first_count=31781 last_count=31960 state_hash=de3c9d08 remaining=40 score=0
RENDER_PATH retained=0 grouped=0 quads=0 full_frames=0
BREAKOUT_PASS
CSV_BEGIN
frame,state_hash,display_count,logic_ns,api_ns,swap_ns,wait_ns,total_ns,completion_interval_ns,polls,worker_inclusive_ns,upload_inclusive_ns,write_ns,read_ns,write_bytes,read_bytes,write_calls,read_calls,dma_copy_ns,dma_launch_ns,dma_completion_wait_ns,dma_bytes,dma_lists
0,3728514312,31781,0,0,0,0,16680250,16691200,1293,0,0,0,0,34372,0,5,0,0,0,0,0,0
1,3728514312,31782,0,0,0,0,16588400,16719850,1220,0,0,0,0,34372,0,5,0,0,0,0,0,0
2,3728514312,31783,0,0,0,0,15822350,16716750,954,0,0,0,0,34372,0,5,0,0,0,0,0,0
3,3728514312,31784,0,0,0,0,16583900,16720800,1074,0,0,0,0,34372,0,5,0,0,0,0,0,0
4,3728514312,31785,0,0,0,0,16601000,16720000,1286,0,0,0,0,34372,0,5,0,0,0,0,0,0
5,3728514312,31786,0,0,0,0,16592950,16715850,898,0,0,0,0,34372,0,5,0,0,0,0,0,0
6,3728514312,31787,0,0,0,0,16596350,16719600,1243,0,0,0,0,34372,0,5,0,0,0,0,0,0
7,3728514312,31788,0,0,0,0,16602200,16721100,1225,0,0,0,0,34372,0,5,0,0,0,0,0,0
8,3728514312,31789,0,0,0,0,16913550,17029500,1175,0,0,0,0,34372,0,5,0,0,0,0,0,0
9,3728514312,31790,0,0,0,0,16287450,16409000,1226,0,0,0,0,34372,0,5,0,0,0,0,0,0
10,3728514312,31791,0,0,0,0,16603150,16718200,1266,0,0,0,0,34372,0,5,0,0,0,0,0,0
11,3728514312,31792,0,0,0,0,16598400,16721300,1249,0,0,0,0,34372,0,5,0,0,0,0,0,0
12,3728514312,31793,0,0,0,0,16600400,16717500,1261,0,0,0,0,34372,0,5,0,0,0,0,0,0
13,3728514312,31794,0,0,0,0,16603900,16720750,1277,0,0,0,0,34372,0,5,0,0,0,0,0,0
14,3728514312,31795,0,0,0,0,16607500,16720400,1106,0,0,0,0,34372,0,5,0,0,0,0,0,0
15,3728514312,31796,0,0,0,0,16587000,16716050,1210,0,0,0,0,34372,0,5,0,0,0,0,0,0
16,3728514312,31797,0,0,0,0,16605300,16722700,1260,0,0,0,0,34372,0,5,0,0,0,0,0,0
17,3728514312,31798,0,0,0,0,16594850,16717700,1205,0,0,0,0,34372,0,5,0,0,0,0,0,0
18,3728514312,31799,0,0,0,0,16597500,16717700,1218,0,0,0,0,34372,0,5,0,0,0,0,0,0
19,3728514312,31800,0,0,0,0,16596150,16721350,1247,0,0,0,0,34372,0,5,0,0,0,0,0,0
20,3728514312,31801,0,0,0,0,32928000,33439150,3109,0,0,0,0,34372,0,5,0,0,0,0,0,0
21,3728514312,31802,0,0,0,0,16599450,16717900,1282,0,0,0,0,34372,0,5,0,0,0,0,0,0
22,3728514312,31803,0,0,0,0,16607050,16719300,1249,0,0,0,0,34372,0,5,0,0,0,0,0,0
23,3728514312,31804,0,0,0,0,16595900,16720200,1265,0,0,0,0,34372,0,5,0,0,0,0,0,0
24,3728514312,31805,0,0,0,0,16683250,16801800,1173,0,0,0,0,34372,0,5,0,0,0,0,0,0
25,3728514312,31806,0,0,0,0,15734050,16636100,999,0,0,0,0,34372,0,5,0,0,0,0,0,0
26,3728514312,31807,0,0,0,0,16590350,16718800,1191,0,0,0,0,34372,0,5,0,0,0,0,0,0
27,3728514312,31808,0,0,0,0,16593650,16720400,1240,0,0,0,0,34372,0,5,0,0,0,0,0,0
28,3728514312,31809,0,0,0,0,16601100,16718100,1220,0,0,0,0,34372,0,5,0,0,0,0,0,0
29,3728514312,31810,0,0,0,0,16601250,16718200,1212,0,0,0,0,34372,0,5,0,0,0,0,0,0
30,3728514312,31811,0,0,0,0,16172050,16720800,1165,0,0,0,0,34372,0,5,0,0,0,0,0,0
31,3728514312,31812,0,0,0,0,16597450,16717550,1299,0,0,0,0,34372,0,5,0,0,0,0,0,0
32,3728514312,31813,0,0,0,0,16604550,16720900,1252,0,0,0,0,34372,0,5,0,0,0,0,0,0
33,3728514312,31814,0,0,0,0,16593950,16717100,1257,0,0,0,0,34372,0,5,0,0,0,0,0,0
34,3728514312,31815,0,0,0,0,16612250,16722150,989,0,0,0,0,34372,0,5,0,0,0,0,0,0
35,3728514312,31816,0,0,0,0,16760750,16894550,1118,0,0,0,0,34372,0,5,0,0,0,0,0,0
36,3728514312,31817,0,0,0,0,16423100,16543350,1246,0,0,0,0,34372,0,5,0,0,0,0,0,0
37,3728514312,31818,0,0,0,0,16600200,16719850,1268,0,0,0,0,34372,0,5,0,0,0,0,0,0
38,3728514312,31819,0,0,0,0,16607950,16720400,1211,0,0,0,0,34372,0,5,0,0,0,0,0,0
39,3728514312,31820,0,0,0,0,16590700,16715700,1137,0,0,0,0,34372,0,5,0,0,0,0,0,0
40,3728514312,31821,0,0,0,0,16605150,16722350,1231,0,0,0,0,34372,0,5,0,0,0,0,0,0
41,3728514312,31822,0,0,0,0,16597750,16718600,1125,0,0,0,0,34372,0,5,0,0,0,0,0,0
42,3728514312,31823,0,0,0,0,16605400,16720800,1296,0,0,0,0,34372,0,5,0,0,0,0,0,0
43,3728514312,31824,0,0,0,0,16595150,16719250,1263,0,0,0,0,34372,0,5,0,0,0,0,0,0
44,3728514312,31825,0,0,0,0,16605750,16718750,1214,0,0,0,0,34372,0,5,0,0,0,0,0,0
45,3728514312,31826,0,0,0,0,16597850,16717300,1224,0,0,0,0,34372,0,5,0,0,0,0,0,0
46,3728514312,31827,0,0,0,0,16861700,16975650,1211,0,0,0,0,34372,0,5,0,0,0,0,0,0
47,3728514312,31828,0,0,0,0,16341600,16462700,1178,0,0,0,0,34372,0,5,0,0,0,0,0,0
48,3728514312,31829,0,0,0,0,15825600,16720150,1035,0,0,0,0,34372,0,5,0,0,0,0,0,0
49,3728514312,31830,0,0,0,0,16585350,16719000,1241,0,0,0,0,34372,0,5,0,0,0,0,0,0
50,3728514312,31831,0,0,0,0,16607850,16718950,1192,0,0,0,0,34372,0,5,0,0,0,0,0,0
51,3728514312,31832,0,0,0,0,16606000,16723250,1217,0,0,0,0,34372,0,5,0,0,0,0,0,0
52,3728514312,31833,0,0,0,0,16591900,16714300,1123,0,0,0,0,34372,0,5,0,0,0,0,0,0
53,3728514312,31834,0,0,0,0,16598350,16720850,1271,0,0,0,0,34372,0,5,0,0,0,0,0,0
54,3728514312,31835,0,0,0,0,16605750,16719250,1256,0,0,0,0,34372,0,5,0,0,0,0,0,0
55,3728514312,31836,0,0,0,0,16594200,16717800,1255,0,0,0,0,34372,0,5,0,0,0,0,0,0
56,3728514312,31837,0,0,0,0,16607500,16722800,1226,0,0,0,0,34372,0,5,0,0,0,0,0,0
57,3728514312,31838,0,0,0,0,16947700,17066700,1209,0,0,0,0,34372,0,5,0,0,0,0,0,0
58,3728514312,31839,0,0,0,0,16255200,16367850,1220,0,0,0,0,34372,0,5,0,0,0,0,0,0
59,3728514312,31840,0,0,0,0,16593750,16719350,1269,0,0,0,0,34372,0,5,0,0,0,0,0,0
60,3728514312,31841,0,0,0,0,16607450,16720050,1219,0,0,0,0,34372,0,5,0,0,0,0,0,0
61,3728514312,31842,0,0,0,0,16596900,16718850,1286,0,0,0,0,34372,0,5,0,0,0,0,0,0
62,3728514312,31843,0,0,0,0,16606100,16718600,1270,0,0,0,0,34372,0,5,0,0,0,0,0,0
63,3728514312,31844,0,0,0,0,16631000,16754000,1146,0,0,0,0,34372,0,5,0,0,0,0,0,0
64,3728514312,31845,0,0,0,0,16570150,16687250,1167,0,0,0,0,34372,0,5,0,0,0,0,0,0
65,3728514312,31846,0,0,0,0,16595400,16718050,932,0,0,0,0,34372,0,5,0,0,0,0,0,0
66,3728514312,31847,0,0,0,0,16603250,16721050,1196,0,0,0,0,34372,0,5,0,0,0,0,0,0
67,3728514312,31848,0,0,0,0,16592950,16717550,1220,0,0,0,0,34372,0,5,0,0,0,0,0,0
68,3728514312,31849,0,0,0,0,16602000,16720100,1234,0,0,0,0,34372,0,5,0,0,0,0,0,0
69,3728514312,31850,0,0,0,0,16192950,16717550,1146,0,0,0,0,34372,0,5,0,0,0,0,0,0
70,3728514312,31851,0,0,0,0,16604200,16719000,1261,0,0,0,0,34372,0,5,0,0,0,0,0,0
71,3728514312,31852,0,0,0,0,16596250,16720250,1258,0,0,0,0,34372,0,5,0,0,0,0,0,0
72,3728514312,31853,0,0,0,0,15818500,16719600,967,0,0,0,0,34372,0,5,0,0,0,0,0,0
73,3728514312,31854,0,0,0,0,16590650,16718550,1264,0,0,0,0,34372,0,5,0,0,0,0,0,0
74,3728514312,31855,0,0,0,0,16730850,16843350,1178,0,0,0,0,34372,0,5,0,0,0,0,0,0
75,3728514312,31856,0,0,0,0,16475200,16597900,1232,0,0,0,0,34372,0,5,0,0,0,0,0,0
76,3728514312,31857,0,0,0,0,16598950,16715900,1172,0,0,0,0,34372,0,5,0,0,0,0,0,0
77,3728514312,31858,0,0,0,0,16597300,16721750,1247,0,0,0,0,34372,0,5,0,0,0,0,0,0
78,3728514312,31859,0,0,0,0,16609050,16720150,1194,0,0,0,0,34372,0,5,0,0,0,0,0,0
79,3728514312,31860,0,0,0,0,16594750,16718850,1244,0,0,0,0,34372,0,5,0,0,0,0,0,0
80,3728514312,31861,0,0,0,0,21765250,21880300,1010,0,0,0,0,34372,0,5,0,0,0,0,0,0
81,3728514312,31862,0,0,0,0,28133000,28275100,3149,0,0,0,0,34372,0,5,0,0,0,0,0,0
82,3728514312,31863,0,0,0,0,16600750,16721050,1241,0,0,0,0,34372,0,5,0,0,0,0,0,0
83,3728514312,31864,0,0,0,0,16597900,16720600,1265,0,0,0,0,34372,0,5,0,0,0,0,0,0
84,3728514312,31865,0,0,0,0,16812000,16927750,1142,0,0,0,0,34372,0,5,0,0,0,0,0,0
85,3728514312,31866,0,0,0,0,16387100,16511300,1251,0,0,0,0,34372,0,5,0,0,0,0,0,0
86,3728514312,31867,0,0,0,0,16608500,16718200,1270,0,0,0,0,34372,0,5,0,0,0,0,0,0
87,3728514312,31868,0,0,0,0,16595600,16720650,1220,0,0,0,0,34372,0,5,0,0,0,0,0,0
88,3728514312,31869,0,0,0,0,16598300,16716850,1151,0,0,0,0,34372,0,5,0,0,0,0,0,0
89,3728514312,31870,0,0,0,0,16598300,16721350,1289,0,0,0,0,34372,0,5,0,0,0,0,0,0
90,3728514312,31871,0,0,0,0,16606100,16716050,1138,0,0,0,0,34372,0,5,0,0,0,0,0,0
91,3728514312,31872,0,0,0,0,16593500,16719250,1297,0,0,0,0,34372,0,5,0,0,0,0,0,0
92,3728514312,31873,0,0,0,0,16603600,16720150,1263,0,0,0,0,34372,0,5,0,0,0,0,0,0
93,3728514312,31874,0,0,0,0,16600850,16720950,1223,0,0,0,0,34372,0,5,0,0,0,0,0,0
94,3728514312,31875,0,0,0,0,16603950,16719250,1228,0,0,0,0,34372,0,5,0,0,0,0,0,0
95,3728514312,31876,0,0,0,0,14088600,17092250,574,0,0,0,0,34372,0,5,0,0,0,0,0,0
96,3728514312,31877,0,0,0,0,16217750,16345200,1174,0,0,0,0,34372,0,5,0,0,0,0,0,0
97,3728514312,31878,0,0,0,0,16595950,16718850,1267,0,0,0,0,34372,0,5,0,0,0,0,0,0
98,3728514312,31879,0,0,0,0,16605350,16720350,1281,0,0,0,0,34372,0,5,0,0,0,0,0,0
99,3728514312,31880,0,0,0,0,16595300,16718150,1245,0,0,0,0,34372,0,5,0,0,0,0,0,0
100,3728514312,31881,0,0,0,0,16601700,16718800,1173,0,0,0,0,34372,0,5,0,0,0,0,0,0
101,3728514312,31882,0,0,0,0,16599850,16718650,1173,0,0,0,0,34372,0,5,0,0,0,0,0,0
102,3728514312,31883,0,0,0,0,16602950,16719300,1253,0,0,0,0,34372,0,5,0,0,0,0,0,0
103,3728514312,31884,0,0,0,0,16592850,16719000,1260,0,0,0,0,34372,0,5,0,0,0,0,0,0
104,3728514312,31885,0,0,0,0,16605900,16719950,1242,0,0,0,0,34372,0,5,0,0,0,0,0,0
105,3728514312,31886,0,0,0,0,16599250,16720100,1202,0,0,0,0,34372,0,5,0,0,0,0,0,0
106,3728514312,31887,0,0,0,0,16979750,17096100,1242,0,0,0,0,34372,0,5,0,0,0,0,0,0
107,3728514312,31888,0,0,0,0,16221500,16344150,1188,0,0,0,0,34372,0,5,0,0,0,0,0,0
108,3728514312,31889,0,0,0,0,16604050,16717950,1237,0,0,0,0,34372,0,5,0,0,0,0,0,0
109,3728514312,31890,0,0,0,0,16602950,16720400,1286,0,0,0,0,34372,0,5,0,0,0,0,0,0
110,3728514312,31891,0,0,0,0,16608650,16719700,1275,0,0,0,0,34372,0,5,0,0,0,0,0,0
111,3728514312,31892,0,0,0,0,16593050,16716550,1277,0,0,0,0,34372,0,5,0,0,0,0,0,0
112,3728514312,31893,0,0,0,0,16961700,17077500,1128,0,0,0,0,34372,0,5,0,0,0,0,0,0
113,3728514312,31894,0,0,0,0,16238400,16363450,1180,0,0,0,0,34372,0,5,0,0,0,0,0,0
114,3728514312,31895,0,0,0,0,16607950,16720100,1269,0,0,0,0,34372,0,5,0,0,0,0,0,0
115,3728514312,31896,0,0,0,0,16592600,16717400,1218,0,0,0,0,34372,0,5,0,0,0,0,0,0
116,3728514312,31897,0,0,0,0,16599200,16717800,1216,0,0,0,0,34372,0,5,0,0,0,0,0,0
117,3728514312,31898,0,0,0,0,16602100,16722400,1248,0,0,0,0,34372,0,5,0,0,0,0,0,0
118,3728514312,31899,0,0,0,0,15385800,16716750,949,0,0,0,0,34372,0,5,0,0,0,0,0,0
119,3728514312,31900,0,0,0,0,16579750,16718800,1258,0,0,0,0,34372,0,5,0,0,0,0,0,0
120,3728514312,31901,0,0,0,0,16600850,16720400,1248,0,0,0,0,34372,0,5,0,0,0,0,0,0
121,3728514312,31902,0,0,0,0,16599750,16720950,1248,0,0,0,0,34372,0,5,0,0,0,0,0,0
122,3728514312,31903,0,0,0,0,16600500,16720250,1264,0,0,0,0,34372,0,5,0,0,0,0,0,0
123,3728514312,31904,0,0,0,0,16755150,16876900,1199,0,0,0,0,34372,0,5,0,0,0,0,0,0
124,3728514312,31905,0,0,0,0,16448600,16561200,1223,0,0,0,0,34372,0,5,0,0,0,0,0,0
125,3728514312,31906,0,0,0,0,16592250,16718200,853,0,0,0,0,34372,0,5,0,0,0,0,0,0
126,3728514312,31907,0,0,0,0,16586700,16719650,1226,0,0,0,0,34372,0,5,0,0,0,0,0,0
127,3728514312,31908,0,0,0,0,16596300,16717550,1193,0,0,0,0,34372,0,5,0,0,0,0,0,0
128,3728514312,31909,0,0,0,0,16606400,16721850,1235,0,0,0,0,34372,0,5,0,0,0,0,0,0
129,3728514312,31910,0,0,0,0,16600200,16715800,1167,0,0,0,0,34372,0,5,0,0,0,0,0,0
130,3728514312,31911,0,0,0,0,16609200,16720250,1262,0,0,0,0,34372,0,5,0,0,0,0,0,0
131,3728514312,31912,0,0,0,0,16598250,16719700,1255,0,0,0,0,34372,0,5,0,0,0,0,0,0
132,3728514312,31913,0,0,0,0,16602300,16717950,1249,0,0,0,0,34372,0,5,0,0,0,0,0,0
133,3728514312,31914,0,0,0,0,16601900,16722150,1203,0,0,0,0,34372,0,5,0,0,0,0,0,0
134,3728514312,31915,0,0,0,0,16848200,16963150,1200,0,0,0,0,34372,0,5,0,0,0,0,0,0
135,3728514312,31916,0,0,0,0,16350250,16475400,1241,0,0,0,0,34372,0,5,0,0,0,0,0,0
136,3728514312,31917,0,0,0,0,16602250,16720050,1239,0,0,0,0,34372,0,5,0,0,0,0,0,0
137,3728514312,31918,0,0,0,0,16593450,16715400,1187,0,0,0,0,34372,0,5,0,0,0,0,0,0
138,3728514312,31919,0,0,0,0,16598450,16718850,1209,0,0,0,0,34372,0,5,0,0,0,0,0,0
139,3728514312,31920,0,0,0,0,16602600,16722800,1279,0,0,0,0,34372,0,5,0,0,0,0,0,0
140,3728514312,31921,0,0,0,0,21293450,21407350,1134,0,0,0,0,34372,0,5,0,0,0,0,0,0
141,3728514312,31922,0,0,0,0,28611550,28751050,3135,0,0,0,0,34372,0,5,0,0,0,0,0,0
142,3728514312,31923,0,0,0,0,15824850,16717600,619,0,0,0,0,34372,0,5,0,0,0,0,0,0
143,3728514312,31924,0,0,0,0,16585850,16721100,1212,0,0,0,0,34372,0,5,0,0,0,0,0,0
144,3728514312,31925,0,0,0,0,16940400,17054650,1226,0,0,0,0,34372,0,5,0,0,0,0,0,0
145,3728514312,31926,0,0,0,0,16258800,16380650,1185,0,0,0,0,34372,0,5,0,0,0,0,0,0
146,3728514312,31927,0,0,0,0,16602900,16718700,1262,0,0,0,0,34372,0,5,0,0,0,0,0,0
147,3728514312,31928,0,0,0,0,16603100,16723250,1290,0,0,0,0,34372,0,5,0,0,0,0,0,0
148,3728514312,31929,0,0,0,0,16604050,16719350,1225,0,0,0,0,34372,0,5,0,0,0,0,0,0
149,3728514312,31930,0,0,0,0,16594300,16715550,1151,0,0,0,0,34372,0,5,0,0,0,0,0,0
150,3728514312,31931,0,0,0,0,16623450,16737650,1141,0,0,0,0,34372,0,5,0,0,0,0,0,0
151,3728514312,31932,0,0,0,0,16577900,16700700,1249,0,0,0,0,34372,0,5,0,0,0,0,0,0
152,3728514312,31933,0,0,0,0,16601200,16720700,1260,0,0,0,0,34372,0,5,0,0,0,0,0,0
153,3728514312,31934,0,0,0,0,16599500,16720850,1256,0,0,0,0,34372,0,5,0,0,0,0,0,0
154,3728514312,31935,0,0,0,0,16606300,16716250,1189,0,0,0,0,34372,0,5,0,0,0,0,0,0
155,3728514312,31936,0,0,0,0,16594050,16721450,879,0,0,0,0,34372,0,5,0,0,0,0,0,0
156,3728514312,31937,0,0,0,0,16188450,16717900,1197,0,0,0,0,34372,0,5,0,0,0,0,0,0
157,3728514312,31938,0,0,0,0,16601100,16722350,1231,0,0,0,0,34372,0,5,0,0,0,0,0,0
158,3728514312,31939,0,0,0,0,16600650,16717650,1279,0,0,0,0,34372,0,5,0,0,0,0,0,0
159,3728514312,31940,0,0,0,0,16599700,16718400,1287,0,0,0,0,34372,0,5,0,0,0,0,0,0
160,3728514312,31941,0,0,0,0,16606750,16719150,1238,0,0,0,0,34372,0,5,0,0,0,0,0,0
161,3728514312,31942,0,0,0,0,16826300,16948350,1117,0,0,0,0,34372,0,5,0,0,0,0,0,0
162,3728514312,31943,0,0,0,0,16369850,16491400,1241,0,0,0,0,34372,0,5,0,0,0,0,0,0
163,3728514312,31944,0,0,0,0,16594400,16718750,1236,0,0,0,0,34372,0,5,0,0,0,0,0,0
164,3728514312,31945,0,0,0,0,16605300,16721850,1243,0,0,0,0,34372,0,5,0,0,0,0,0,0
165,3728514312,31946,0,0,0,0,16593600,16715300,1228,0,0,0,0,34372,0,5,0,0,0,0,0,0
166,3728514312,31947,0,0,0,0,16612250,16720550,1237,0,0,0,0,34372,0,5,0,0,0,0,0,0
167,3728514312,31948,0,0,0,0,16598800,16717250,1171,0,0,0,0,34372,0,5,0,0,0,0,0,0
168,3728514312,31949,0,0,0,0,16603550,16720100,1262,0,0,0,0,34372,0,5,0,0,0,0,0,0
169,3728514312,31950,0,0,0,0,16601950,16722550,1262,0,0,0,0,34372,0,5,0,0,0,0,0,0
170,3728514312,31951,0,0,0,0,16605550,16716300,1200,0,0,0,0,34372,0,5,0,0,0,0,0,0
171,3728514312,31952,0,0,0,0,16596850,16718600,1258,0,0,0,0,34372,0,5,0,0,0,0,0,0
172,3728514312,31953,0,0,0,0,16790450,16909650,1188,0,0,0,0,34372,0,5,0,0,0,0,0,0
173,3728514312,31954,0,0,0,0,16414650,16531450,1219,0,0,0,0,34372,0,5,0,0,0,0,0,0
174,3728514312,31955,0,0,0,0,16605500,16719550,1174,0,0,0,0,34372,0,5,0,0,0,0,0,0
175,3728514312,31956,0,0,0,0,16594050,16719600,1254,0,0,0,0,34372,0,5,0,0,0,0,0,0
176,3728514312,31957,0,0,0,0,16605200,16718600,1174,0,0,0,0,34372,0,5,0,0,0,0,0,0
177,3728514312,31958,0,0,0,0,16596400,16720700,1250,0,0,0,0,34372,0,5,0,0,0,0,0,0
178,3728514312,31959,0,0,0,0,16605250,16719350,1143,0,0,0,0,34372,0,5,0,0,0,0,0,0
179,3728514312,31960,0,0,0,0,16593500,16717000,1261,0,0,0,0,34372,0,5,0,0,0,0,0,0
CSV_END

STUDY_DONE_107e62aec535=0
# 