/tmp/app-lto --transport apb --state-frame 0 --frames 180 --warmup 30 --wait spin --profile detailed --csv /tmp/transport-frames.csv --grouped && printf "CSV_BEGIN\n" && cat /tmp/transport-frames.csv && printf "CSV_END\n"; study_status=$?; printf "\nSTUDY_DONE_6bd6c11ef568=%s\n" "$study_status"
TRANSPORT mode=apb dma_minimum=64
BEGIN_BREAKOUT frames=180 warmup=30 fixed=0 blocks=40 tiles=1 hud=1 wait=spin replay=0 state_frame=0 profile=detailed pixel_centers=1 clock_call_ns=5125
HW_COUNTERS unavailable
RESULT frames=180 elapsed_s=9.195582000 fps=19.574617 logic_ms=1.023421 api_ms=11.066663 swap_ms=34.363063 wait_ms=4.485653 worker_inclusive_ms=34.091740 upload_inclusive_ms=7.716787 write_ms=7.447591 bytes_per_frame=30951.56 p50_ms=50.158050 p95_ms=66.873450 max_ms=66.879550 late_60hz=180 first_count=18067 last_count=18246 state_hash=8f34e8fd remaining=38 score=20
RENDER_PATH retained=0 grouped=1 quads=13131 full_frames=180
BREAKOUT_PASS
CSV_BEGIN
frame,state_hash,display_count,logic_ns,api_ns,swap_ns,wait_ns,total_ns,completion_interval_ns,polls,worker_inclusive_ns,upload_inclusive_ns,write_ns,read_ns,write_bytes,read_bytes,write_calls,read_calls,dma_copy_ns,dma_launch_ns,dma_completion_wait_ns,dma_bytes,dma_lists
0,3724779174,18067,1434550,10511750,34060300,4114450,50121050,50132700,750,33880700,7329850,7127450,0,31172,0,5,0,0,0,0,0,0
1,1709657109,18068,896000,11265400,33666850,4226250,50054500,50155150,782,33478350,7849100,7619850,0,31172,0,5,0,0,0,0,0,0
2,1894904752,18069,874100,10512850,33734150,4384350,49505450,50158600,836,32796450,7353150,7139300,0,31172,0,5,0,0,0,0,0,0
3,3703759967,18070,845900,11383500,36366650,1782950,50379000,50478750,260,36189900,7834550,7617650,0,31172,0,5,0,0,0,0,0,0
4,19533624,18071,862700,11381250,33779350,3715250,49738550,49836600,676,33598000,7863800,7652600,0,31172,0,5,0,0,0,0,0,0
5,816884773,18072,835850,11361800,33938100,3922600,50058350,50156500,751,33214200,7133700,6941050,0,31172,0,5,0,0,0,0,0,0
6,1339236364,18073,852900,11448000,33063050,4696300,50060250,50160800,893,32879250,7518550,7308700,0,31172,0,5,0,0,0,0,0,0
7,3072959373,18074,845900,11301350,34141550,3765050,50053850,50154950,706,33958750,7806250,7606250,0,31172,0,5,0,0,0,0,0,0
8,1782884746,18075,851700,11284650,33761750,4158150,50056250,50156650,773,33570350,7793950,7570500,0,31172,0,5,0,0,0,0,0,0
9,30296781,18076,830950,11051250,34307050,3870950,50060200,50158150,731,34119250,7794150,7589350,0,31492,0,5,0,0,0,0,0,0
10,4026418858,18077,852100,11210500,33611350,4386700,50060650,50161500,821,33428750,7778150,7554750,0,31492,0,5,0,0,0,0,0,0
11,2084929051,18078,1470500,10568450,34049900,3968950,50057800,50158350,748,33869100,7450150,7244350,0,31492,0,5,0,0,0,0,0,0
12,3114489770,18079,855550,11176000,33984400,4037950,50053900,50153250,723,33793750,8082100,7839750,0,31172,0,5,0,0,0,0,0,0
13,891400471,18080,1381150,10515900,34462850,3699350,50059250,50158000,460,34278300,7813000,7616700,0,31172,0,5,0,0,0,0,0,0
14,3472773456,18081,896250,11391250,34325100,2723400,49336000,50157350,579,34138350,7764100,7561450,0,31172,0,5,0,0,0,0,0,0
15,3010688243,18082,842900,10548450,34148150,4068400,49607900,50162800,757,33188400,7506700,7294900,0,31172,0,5,0,0,0,0,0,0
16,2819524756,18083,867150,11222450,42504150,12183550,66777300,66875400,2359,42316100,7993250,7776200,0,31172,0,5,0,0,0,0,0,0
17,3241678401,18084,834600,11330550,33411850,4479150,50056150,50157650,842,33224200,7788100,7574500,0,31172,0,5,0,0,0,0,0,0
18,2154316504,18085,1523450,10485000,34047450,4003400,50059300,50158500,760,33866900,7613950,7409750,0,31172,0,5,0,0,0,0,0,0
19,772262681,18086,846600,11202050,33626100,4383150,50057900,50157450,819,33448400,7710350,7490050,0,31172,0,5,0,0,0,0,0,0
20,3882818750,18087,1443100,10483000,34288650,3845650,50060400,50157950,717,34105100,7716150,7496850,0,31172,0,5,0,0,0,0,0,0
21,521131153,18088,841000,11179150,33675450,4364850,50060450,50158100,814,33494700,7792350,7561300,0,31172,0,5,0,0,0,0,0,0
22,1838187414,18089,1350900,10537550,33906200,4262450,50057100,50156400,808,33721400,7345800,7138950,0,31172,0,5,0,0,0,0,0,0
23,840574439,18090,850850,11230600,35469650,2871200,50422300,50521600,511,35286300,9506100,7187500,0,31172,0,5,0,0,0,0,0,0
24,2879461878,18091,875450,10531250,34080250,4208200,49695150,49793000,725,33144000,7511950,7300700,0,31172,0,5,0,0,0,0,0,0
25,202086035,18092,851200,11232100,34175050,3797900,50056250,50159150,725,33437500,7090100,6901350,0,31172,0,5,0,0,0,0,0,0
26,959703924,18093,855600,10523250,33996400,4685150,50060400,50159300,891,33818400,7475350,6475750,0,31172,0,5,0,0,0,0,0,0
27,3795724423,18094,849250,11203500,34322200,3681000,50055950,50155400,690,34140550,7762050,7561750,0,31172,0,5,0,0,0,0,0,0
28,2500539904,18095,854350,11218750,33451000,4538800,50062900,50162200,860,33271250,7704600,7485050,0,31172,0,5,0,0,0,0,0,0
29,2269000541,18096,851550,11506450,34027300,3675350,50060650,50158000,686,33844050,7447700,7250900,0,31172,0,5,0,0,0,0,0,0
30,1900681108,18097,857000,11191850,33573550,4435150,50057550,50158000,831,33390750,7834600,7611300,0,31172,0,5,0,0,0,0,0,0
31,3680168245,18098,1492500,10557850,34034300,3969400,50054050,50156800,751,33855600,7460800,7261500,0,31172,0,5,0,0,0,0,0,0
32,2344329490,18099,857900,11197800,33537100,4465100,50057900,50156800,835,33354800,7902700,7679850,0,31172,0,5,0,0,0,0,0,0
33,2130650181,18100,1401750,10519550,38878200,15979850,66779350,66877250,3037,38701900,9117950,8917150,0,31492,0,5,0,0,0,0,0,0
34,906966818,18101,877950,11221550,34329700,3617600,50046800,50154400,678,34145200,7789700,7584550,0,31492,0,5,0,0,0,0,0,0
35,3939376531,18102,853300,11245250,33733500,4225600,50057650,50161400,790,33543400,7861150,7640000,0,31492,0,5,0,0,0,0,0,0
36,2110688546,18103,878850,11717150,40231250,13953200,66780450,66879550,2538,40039100,7714050,7490000,0,31172,0,5,0,0,0,0,0,0
37,2695523007,18104,860800,11426700,34396050,2624850,49308400,50151250,558,34212000,7812200,7618050,0,31172,0,5,0,0,0,0,0,0
38,744447992,18105,1396250,10529950,33866500,4272500,50065200,50161100,810,33684800,7378350,7177700,0,31172,0,5,0,0,0,0,0,0
39,3728640411,18106,849800,11251500,33827100,4446500,50374900,50473650,744,33634950,7849050,6914000,0,31172,0,5,0,0,0,0,0,0
40,618879740,18107,863700,10530100,34217400,4133850,49745050,49842450,753,34033400,7697300,5803850,0,31172,0,5,0,0,0,0,0,0
41,1239708057,18108,857200,11213700,34319200,3711200,50101300,50198950,701,34139900,7707500,7511600,0,31172,0,5,0,0,0,0,0,0
42,2429742208,18109,861450,10528500,34395950,4230250,50016150,50117300,792,33457250,7776600,7560800,0,31172,0,5,0,0,0,0,0,0
43,412095716,18110,857350,11188650,36080150,1931150,50057300,50156850,292,35889400,7858250,7648050,0,31172,0,5,0,0,0,0,0,0
44,1226741467,18111,862950,11211100,33638450,4350600,50063100,50161150,816,33460600,7881450,7654800,0,31172,0,5,0,0,0,0,0,0
45,3288446148,18112,853950,11494600,34137950,3571400,50057900,50155550,666,33956100,7596500,7397900,0,31172,0,5,0,0,0,0,0,0
46,1157984843,18113,856800,11199150,33622500,4378400,50056850,50156050,818,33437900,7864300,7629950,0,31172,0,5,0,0,0,0,0,0
47,3877288378,18114,1499300,10521100,34220550,3820950,50061900,50161200,717,34035450,7592950,7391700,0,31172,0,5,0,0,0,0,0,0
48,4236526315,18115,855400,11215650,33584450,4398400,50053900,50153150,821,33401400,7802550,7569150,0,31172,0,5,0,0,0,0,0,0
49,533834014,18116,1424500,10844050,34144800,3652100,50065450,50162900,670,33964050,7528750,7332750,0,31172,0,5,0,0,0,0,0,0
50,1649361089,18117,861550,11294900,33692600,4206450,50055500,50154500,775,33506850,8017550,7788900,0,31172,0,5,0,0,0,0,0,0
51,2486981906,18118,1338100,10523750,33999850,4199250,50060950,50160250,795,33809250,7541750,7329850,0,31172,0,5,0,0,0,0,0,0
52,1706075277,18119,868200,11244950,33666350,4545150,50324650,50422050,757,33477050,7978550,7743100,0,31172,0,5,0,0,0,0,0,0
53,267972368,18120,856350,10521600,37261400,1152700,49792050,49890850,242,37068400,7945300,7717000,0,31172,0,5,0,0,0,0,0,0
54,3895401273,18121,863500,11237850,34242650,3718750,50062750,50160050,704,33345600,7134950,6945650,0,31172,0,5,0,0,0,0,0,0
55,605985656,18122,846250,10513150,33806100,4891250,50056750,50157550,915,32839700,7367050,7160500,0,31172,0,5,0,0,0,0,0,0
56,4077673024,18123,915950,11203700,40919400,13735650,66774700,66873700,2569,40735050,7837800,7601550,0,30852,0,5,0,0,0,0,0,0
57,985632231,18124,869350,11592850,33690500,3905900,50058600,50157750,710,33500750,7798600,7583350,0,30852,0,5,0,0,0,0,0,0
58,3720590956,18125,1437400,10507600,33886300,4230950,50062250,50162450,804,33705200,7368400,7160350,0,30852,0,5,0,0,0,0,0,0
59,3264032585,18126,876950,11242750,33672350,4264000,50056050,50156200,787,33484550,7947700,7726150,0,30852,0,5,0,0,0,0,0,0
60,395405688,18127,893900,10503250,33865250,4385000,49647400,50157200,834,33674050,7461350,7255600,0,30852,0,5,0,0,0,0,0,0
61,32142420,18128,891750,11339100,34369150,2941050,49541050,50351250,529,34182850,7678100,7466350,0,30852,0,5,0,0,0,0,0,0
62,1187067055,18129,892650,10532800,33837050,4604800,49867300,49966700,874,32890800,7470850,6473500,0,30852,0,5,0,0,0,0,0,0
63,459140908,18130,879050,11192250,36198450,1787150,50056900,50156100,256,36006800,7964650,7748450,0,30852,0,5,0,0,0,0,0,0
64,3369786495,18131,890200,11320550,32998800,4850550,50060100,50159550,897,32817800,7457800,7250750,0,30852,0,5,0,0,0,0,0,0
65,1572434254,18132,877850,11158800,34406000,3612800,50055450,50154850,648,34222150,7621400,7418550,0,30852,0,5,0,0,0,0,0,0
66,4107798823,18133,885600,11195050,33277250,4703850,50061750,50162050,892,33099250,7711700,7497050,0,30852,0,5,0,0,0,0,0,0
67,343968250,18134,1660700,10509700,33976650,3906800,50053850,50152900,739,33791700,7620750,7423400,0,30852,0,5,0,0,0,0,0,0
68,3102454017,18135,886800,11371650,33281200,4522150,50061800,50159300,847,33099650,7719500,7498250,0,30852,0,5,0,0,0,0,0,0
69,3051095563,18136,1486400,10661500,34126850,3788250,50063000,50160200,705,33940250,7346900,7161700,0,30852,0,5,0,0,0,0,0,0
70,2391331016,18137,890200,11349200,33399550,4417950,50056900,50156300,822,33216650,7776450,7548650,0,30852,0,5,0,0,0,0,0,0
71,3869016117,18138,1392050,10682550,33700350,4284750,50059700,50158900,815,33515750,7298000,7088450,0,30852,0,5,0,0,0,0,0,0
72,1579800804,18139,899700,11402300,33429500,4703000,50434500,50532300,799,33248000,7792900,7563500,0,30852,0,5,0,0,0,0,0,0
73,2792341157,18140,874650,10518400,36738050,1552250,49683350,49781250,328,35958400,9364700,9122950,0,30852,0,5,0,0,0,0,0,0
74,714702942,18141,896750,11234650,33558650,4434050,50124100,50223650,739,33373900,7066600,6867250,0,30852,0,5,0,0,0,0,0,0
75,1092538936,18142,872600,10517150,34007000,4597050,49993800,50093000,872,33824200,7435300,7227500,0,30852,0,5,0,0,0,0,0,0
76,1561271239,18143,904800,11190350,40958950,13725650,66779750,66877050,2581,40770950,7698050,7473050,0,31172,0,5,0,0,0,0,0,0
77,3798074098,18144,866150,11423700,33953150,3813250,50056250,50155250,691,33764400,7818600,7598050,0,31172,0,5,0,0,0,0,0,0
78,3022639071,18145,1472050,10625350,33799850,4160800,50058050,50160200,790,33617500,7399300,7197200,0,31172,0,5,0,0,0,0,0,0
79,2282770062,18146,879100,11417400,33476800,4287300,50060600,50159800,793,33286650,7741550,7515800,0,30852,0,5,0,0,0,0,0,0
80,1626512457,18147,1384800,10656650,33661100,4358400,50060950,50158750,831,32716600,7310950,7097450,0,30852,0,5,0,0,0,0,0,0
81,3156888026,18148,876650,11373450,34294250,3780350,50324700,50423500,720,33550350,7030000,6835400,0,30852,0,5,0,0,0,0,0,0
82,3038824309,18149,885500,10515700,33851150,4537600,49789950,49891850,865,32760700,7355750,7151900,0,30852,0,5,0,0,0,0,0,0
83,1261846460,18150,877850,11182350,35886800,2179500,50126500,50225550,351,35698450,7638850,7430900,0,30852,0,5,0,0,0,0,0,0
84,2035201521,18151,926200,11370650,33521000,3455400,49273250,50085950,616,33336600,7680450,6871200,0,30852,0,5,0,0,0,0,0,0
85,2164446652,18152,886950,11179550,34646050,3347750,50060300,50157950,615,34463700,8066850,7869300,0,30852,0,5,0,0,0,0,0,0
86,2017191835,18153,885900,11203550,33344750,4628600,50062800,50162450,877,33164100,7652450,7425250,0,30852,0,5,0,0,0,0,0,0
87,3029138484,18154,887450,11087050,34292400,3787150,50054050,50153100,712,34103000,7708350,7512650,0,30852,0,5,0,0,0,0,0,0
88,50355403,18155,884750,11221250,33417350,4539400,50062750,50160000,853,33236050,7680000,7452050,0,30852,0,5,0,0,0,0,0,0
89,654213990,18156,1516700,10512150,33943000,4086450,50058300,50156250,714,33762650,7395650,7198600,0,30852,0,5,0,0,0,0,0,0
90,2360099787,18157,888050,11205700,33425100,4536050,50054900,50157200,850,33246900,7670850,7443900,0,30852,0,5,0,0,0,0,0,0
91,2424818746,18158,1437850,10502150,33894550,4226650,50061200,50160150,803,33708850,7333150,7135600,0,30852,0,5,0,0,0,0,0,0
92,1971386461,18159,888500,11242500,33554200,4375750,50060950,50158950,810,33370850,7735750,7503950,0,30852,0,5,0,0,0,0,0,0
93,3386045126,18160,1351350,10539350,35301300,2867150,50059150,50156950,451,35112650,8706650,8467500,0,30852,0,5,0,0,0,0,0,0
94,1429641961,18161,926450,11566200,34030400,3771950,50295000,50398250,713,33855350,7055050,6861500,0,30852,0,5,0,0,0,0,0,0
95,3022846880,18162,872100,10522650,34006400,4413650,49814800,49917100,834,33053250,7429000,7229500,0,30852,0,5,0,0,0,0,0,0
96,1601897261,18163,893400,11190500,42683250,12009850,66777000,66874750,2319,42492900,7683950,7489500,0,30852,0,5,0,0,0,0,0,0
97,1229951528,18164,868300,11235250,33539650,4416050,50059250,50159300,763,33356900,7660700,7445700,0,30852,0,5,0,0,0,0,0,0
98,4065171759,18165,1562600,10518400,33848500,4123800,50053300,50158000,782,33667700,7339700,7131750,0,30852,0,5,0,0,0,0,0,0
99,1034325744,18166,886450,11222300,33608400,4339850,50057000,50156350,805,33433100,7754750,7527950,0,30852,0,5,0,0,0,0,0,0
100,14078671,18167,1405400,10533450,33896600,4224000,50059450,50159850,801,33716200,7411350,7202950,0,31172,0,5,0,0,0,0,0,0
101,4024270554,18168,877700,11238000,33747750,4560550,50424000,50524000,770,33558600,7796900,7568300,0,31172,0,5,0,0,0,0,0,0
102,896191351,18169,895300,11621150,33623450,3551350,49691250,49791800,641,33437450,7820650,7616300,0,31172,0,5,0,0,0,0,0,0
103,2131384102,18170,867450,11188050,35551700,2614850,50222050,50321100,451,35371150,7680550,7464300,0,30852,0,5,0,0,0,0,0,0
104,2586210593,18171,891350,11305750,33160000,4538300,49895400,49994500,857,32979500,7458900,7243450,0,30852,0,5,0,0,0,0,0,0
105,591918370,18172,885650,11181550,34062700,3927550,50057450,50156400,745,33885300,7651250,7447350,0,30852,0,5,0,0,0,0,0,0
106,8814317,18173,887350,11591750,33498550,4081600,50059250,50161200,755,33317700,7968650,7749950,0,30852,0,5,0,0,0,0,0,0
107,2340504196,18174,1712700,10572650,34082000,2975850,49343200,50156700,522,33104150,7609250,7413500,0,30852,0,5,0,0,0,0,0,0
108,3523076009,18175,895250,11187050,33593450,4384600,50060350,50158300,816,33405750,7982250,7766600,0,30852,0,5,0,0,0,0,0,0
109,1961669028,18176,1515600,10492350,34302050,3748500,50058500,50157650,700,34114050,7899100,7702800,0,30852,0,5,0,0,0,0,0,0
110,1037581603,18177,894950,11244450,33896900,4020150,50056450,50156150,708,33712450,7799900,7581800,0,30852,0,5,0,0,0,0,0,0
111,2701024588,18178,1460250,10534450,35904550,2154900,50054150,50156500,308,35716450,7786250,7567850,0,30852,0,5,0,0,0,0,0,0
112,215037203,18179,888750,11277150,33502950,4393450,50062300,50161000,818,33314750,7816800,7595900,0,30852,0,5,0,0,0,0,0,0
113,3696282862,18180,1477400,10551200,33790550,4243750,50062900,50160550,715,33602900,7322200,6307100,0,30852,0,5,0,0,0,0,0,0
114,2829142928,18181,917000,12586250,34101800,2851000,50456050,50556400,507,33921050,7367700,7172800,0,30852,0,5,0,0,0,0,0,0
115,3204762949,18182,866000,11439350,33062550,4290300,49658200,49757750,806,32877950,7442750,7248200,0,30852,0,5,0,0,0,0,0,0
116,3297489190,18183,892700,11337700,40712000,13836200,66778600,66876150,2568,40526800,7680400,7467500,0,30852,0,5,0,0,0,0,0,0
117,1691704917,18184,865600,11252200,33562250,4378550,50058600,50156850,813,33379150,7856600,7642600,0,30852,0,5,0,0,0,0,0,0
118,663957814,18185,1559250,10524650,34194250,3782000,50060150,50159800,700,34007600,7483800,7283200,0,30852,0,5,0,0,0,0,0,0
119,3058583827,18186,866950,11178650,33407300,4601100,50054000,50153550,838,33228200,7706250,7495500,0,30852,0,5,0,0,0,0,0,0
120,838545270,18187,1466000,10504450,33834400,4259900,50064750,50163550,782,33648100,7460400,7254550,0,30852,0,5,0,0,0,0,0,0
121,3608912039,18188,868150,11252250,33574650,4358850,50053900,50152250,810,33390250,7791300,7570950,0,30852,0,5,0,0,0,0,0,0
122,4080159716,18189,1462750,10528500,34360900,3709500,50061650,50160950,678,33414850,7698950,7486600,0,30852,0,5,0,0,0,0,0,0
123,1056027075,18190,870250,11376700,35223900,2851950,50322800,50421550,507,35044900,9592550,9345900,0,30852,0,5,0,0,0,0,0,0
124,4057021248,18191,908150,11454100,33139050,4293450,49794750,49893900,804,32956800,7503400,7282750,0,31172,0,5,0,0,0,0,0,0
125,2686741161,18192,883750,11344050,33958850,3872200,50058850,50157550,735,33786700,7089050,6893750,0,31172,0,5,0,0,0,0,0,0
126,3870849660,18193,887600,11467750,33795800,3905950,50057100,50157850,718,33612500,7812950,7595700,0,31172,0,5,0,0,0,0,0,0
127,293449641,18194,865900,11298950,34047600,3844750,50057200,50157450,727,33859950,7691550,7497650,0,30852,0,5,0,0,0,0,0,0
128,596064266,18195,888650,11359400,33330000,4481100,50059150,50159800,842,33149300,7771200,7551850,0,30852,0,5,0,0,0,0,0,0
129,3715495249,18196,888950,11082800,34169450,3913900,50055100,50153750,740,33981350,7699600,7503800,0,30852,0,5,0,0,0,0,0,0
130,244680018,18197,925900,11426100,34527750,2463500,49343250,50156650,523,34343550,7660550,7452550,0,30852,0,5,0,0,0,0,0,0
131,4080661783,18198,1565600,10544600,33921100,4034000,50065300,50162850,764,33735900,7350350,7144100,0,30852,0,5,0,0,0,0,0,0
132,4006730450,18199,891150,11210550,33625400,4333700,50060800,50158400,804,33443000,7753200,7523250,0,30852,0,5,0,0,0,0,0,0
133,3864584507,18200,1428400,10516500,33949800,4165250,50059950,50157200,789,33764600,7354050,7157650,0,30852,0,5,0,0,0,0,0,0
134,2711027320,18201,894150,12757150,34172100,2232950,50056350,50155250,473,33982550,7610900,7420800,0,30852,0,5,0,0,0,0,0,0
135,4099079087,18202,876050,11260600,33255250,4075250,49467150,50158300,761,33061200,7434500,7223800,0,30852,0,5,0,0,0,0,0,0
136,565333772,18203,889750,11216500,41042100,13632200,66780550,66878500,2563,40854200,7645050,7416650,0,30852,0,5,0,0,0,0,0,0
137,1028518269,18204,885100,11334750,33351450,4489000,50060300,50158700,844,33170900,7675500,7455350,0,30852,0,5,0,0,0,0,0,0
138,2252688136,18205,1577400,10469150,34134000,3877300,50057850,50157000,730,33940750,7336750,7125100,0,30852,0,5,0,0,0,0,0,0
139,578597309,18206,865500,11193800,33543200,4456050,50058550,50157550,835,33354950,7683600,7475850,0,30852,0,5,0,0,0,0,0,0
140,3624439358,18207,1482650,10499400,33873550,4206350,50061950,50159300,801,33690650,7338550,7130950,0,30852,0,5,0,0,0,0,0,0
141,3514067501,18208,881400,11184450,33605900,4385350,50057100,50155750,815,33425650,7751900,7523100,0,30852,0,5,0,0,0,0,0,0
142,2741972910,18209,1376900,10535750,34085350,4061300,50059300,50158250,745,33897550,7562700,7351400,0,30852,0,5,0,0,0,0,0,0
143,28497579,18210,885350,11245500,33657400,4842900,50631150,50730350,497,33472050,7752700,6795000,0,30852,0,5,0,0,0,0,0,0
144,466729326,18211,921500,11260900,33420750,3872700,49475850,49587600,713,33245650,7670350,7452850,0,30852,0,5,0,0,0,0,0,0
145,3425349295,18212,886300,11200750,34179350,3790850,50057250,50154850,725,33410750,7036050,6839100,0,30852,0,5,0,0,0,0,0,0
146,1537640620,18213,891200,10532750,33966750,4669850,50060550,50160950,886,33024700,7430300,7220250,0,30852,0,5,0,0,0,0,0,0
147,1853842891,18214,886050,11551300,34251400,3366550,50055300,50155450,622,34067400,7707150,7504200,0,30852,0,5,0,0,0,0,0,0
148,1177024904,18215,890650,11254450,33611900,4303150,50060150,50160550,803,33435700,7829500,7596900,0,31172,0,5,0,0,0,0,0,0
149,4106734849,18216,879750,11086000,34312900,3779000,50057650,50155100,710,34125900,7765750,7565400,0,31172,0,5,0,0,0,0,0,0
150,2025356500,18217,887450,11205850,33556000,4411450,50060750,50160100,824,33376250,7824450,7595650,0,31172,0,5,0,0,0,0,0,0
151,2189605121,18218,1523100,10811900,33904800,3819150,50058950,50159200,716,33723300,7355000,7155700,0,30852,0,5,0,0,0,0,0,0
152,4086136290,18219,890300,11216850,33460500,4486050,50053700,50152350,840,33276550,7886500,7662600,0,30852,0,5,0,0,0,0,0,0
153,4036669705,18220,1455800,10515650,33961800,4131000,50064250,50161850,783,33774200,7498350,7300100,0,30852,0,5,0,0,0,0,0,0
154,4167980074,18221,925300,13623650,33602800,1191100,49342850,50154500,251,33417500,7965700,7758600,0,30852,0,5,0,0,0,0,0,0
155,51187407,18222,1512500,10517100,34733700,3302550,50065850,50162800,585,33788450,7966350,7759100,0,30852,0,5,0,0,0,0,0,0
156,2242638442,18223,893600,11230750,41117300,13532600,66774250,66873450,2546,40924950,8326200,7384200,0,30852,0,5,0,0,0,0,0,0
157,2730108163,18224,872750,11253800,33590950,4342500,50060000,50158600,813,33407450,7808950,7581650,0,30852,0,5,0,0,0,0,0,0
158,2718743917,18225,1552900,10459600,34184350,3860100,50056950,50155950,729,33997050,7619000,7415050,0,30852,0,5,0,0,0,0,0,0
159,3391709842,18226,879350,11589650,33709400,3879350,50057750,50157100,707,33520300,7834150,7622800,0,30852,0,5,0,0,0,0,0,0
160,1164604273,18227,1526450,10503750,33996600,4036350,50063150,50161050,765,33810350,7468100,7259300,0,30852,0,5,0,0,0,0,0,0
161,2148591176,18228,879050,11173600,33598000,4409700,50060350,50158000,824,33414800,7898200,7058950,0,30852,0,5,0,0,0,0,0,0
162,4192737573,18229,1427750,10496500,33881550,4253950,50059750,50159050,809,33693800,7524250,7316800,0,30852,0,5,0,0,0,0,0,0
163,535584840,18230,885150,11227450,34658450,3283000,50054050,50153400,700,33869800,7188650,6994550,0,30852,0,5,0,0,0,0,0,0
164,3430794475,18231,928650,11693550,34180300,1492900,48295400,50157750,315,33363300,7926850,6980000,0,30852,0,5,0,0,0,0,0,0
165,776323552,18232,882450,11216150,33527200,4573050,50198850,50296350,737,33339550,7796050,7574100,0,30852,0,5,0,0,0,0,0,0
166,3330991427,18233,896250,10528550,33702900,4797300,49925000,50024300,897,32752050,7316100,7105550,0,30852,0,5,0,0,0,0,0,0
167,3282074430,18234,878500,11212100,34600300,3365900,50056800,50156800,594,34417350,7746800,7540650,0,30852,0,5,0,0,0,0,0,0
168,2597814595,18235,888700,11317500,33012950,4841750,50060900,50159600,923,32835950,7459700,7247700,0,30852,0,5,0,0,0,0,0,0
169,2225601370,18236,886850,11287000,34098150,3783550,50055550,50153800,713,33912000,7757200,7556400,0,30852,0,5,0,0,0,0,0,0
170,3716853465,18237,898650,11345500,33408100,4405600,50057850,50158050,823,33224550,7827000,7598100,0,30852,0,5,0,0,0,0,0,0
171,1080675697,18238,1550350,10523250,34081200,3903600,50058400,50159800,737,33895400,7643150,7439250,0,30212,0,5,0,0,0,0,0,0
172,219920238,18239,890050,11247750,32952900,4966950,50057650,50155600,949,32775300,7621250,7397850,0,30212,0,5,0,0,0,0,0,0
173,3070385651,18240,1478450,10554400,33727850,4298450,50059150,50156450,823,33535850,7632650,7435550,0,30212,0,5,0,0,0,0,0,0
174,2609556270,18241,883950,11678350,35038800,2457450,50058550,50159100,522,34856000,7630700,7433550,0,30212,0,5,0,0,0,0,0,0
175,141401383,18242,1458400,10407450,33860400,4332250,50058500,50159150,829,33671600,7248300,7046700,0,30212,0,5,0,0,0,0,0,0
176,3034105280,18243,892950,11101050,40491400,14293650,66779050,66876750,2646,40302100,14890300,14595700,0,30212,0,5,0,0,0,0,0,0
177,3029196371,18244,877200,11210250,32656400,5310950,50054800,50158900,1039,32471250,7257900,7053850,0,30212,0,5,0,0,0,0,0,0
178,699378668,18245,891350,11155350,32927750,5082800,50057250,50156600,879,32735000,6984150,6792800,0,30212,0,5,0,0,0,0,0,0
179,2402609405,18246,871000,11227450,33456650,4506450,50061550,50160800,848,33258350,7691250,7484000,0,30212,0,5,0,0,0,0,0,0
CSV_END

STUDY_DONE_6bd6c11ef568=0
# 