/tmp/app-lto --transport apb --state-frame 3600 --frames 180 --warmup 30 --wait spin --profile detailed --csv /tmp/transport-frames.csv --grouped && printf "CSV_BEGIN\n" && cat /tmp/transport-frames.csv && printf "CSV_END\n"; study_status=$?; printf "\nSTUDY_DONE_1165b45bb13f=%s\n" "$study_status"
TRANSPORT mode=apb dma_minimum=64
BEGIN_BREAKOUT frames=180 warmup=30 fixed=0 blocks=40 tiles=1 hud=1 wait=spin replay=0 state_frame=3600 profile=detailed pixel_centers=1 clock_call_ns=5137
HW_COUNTERS unavailable
RESULT frames=180 elapsed_s=6.119232900 fps=29.415452 logic_ms=0.795479 api_ms=6.506105 swap_ms=22.064938 wait_ms=4.494038 worker_inclusive_ms=21.834185 upload_inclusive_ms=5.510520 write_ms=5.284298 bytes_per_frame=18724.00 p50_ms=33.438750 p95_ms=34.075050 max_ms=50.160750 late_60hz=180 first_count=23203 last_count=23382 state_hash=3933ec17 remaining=6 score=340
RENDER_PATH retained=0 grouped=1 quads=7380 full_frames=180
BREAKOUT_PASS
CSV_BEGIN
frame,state_hash,display_count,logic_ns,api_ns,swap_ns,wait_ns,total_ns,completion_interval_ns,polls,worker_inclusive_ns,upload_inclusive_ns,write_ns,read_ns,write_bytes,read_bytes,write_calls,read_calls,dma_copy_ns,dma_launch_ns,dma_completion_wait_ns,dma_bytes,dma_lists
0,3653798554,23203,1278350,5932700,22001150,4187350,33399550,33409150,808,21296950,5360400,5172350,0,18692,0,5,0,0,0,0,0,0
1,4254654458,23204,687100,6097250,22434700,4120900,33339950,33441250,775,22250750,4749800,4572700,0,18692,0,5,0,0,0,0,0,0
2,258432485,23205,687000,6760100,21407650,4481550,33336300,33438350,818,21217900,5036300,4867050,0,18692,0,5,0,0,0,0,0,0
3,872827290,23206,1189300,5961650,22088600,4098250,33337800,33438800,782,21902450,5834900,5649800,0,18692,0,5,0,0,0,0,0,0
4,30312805,23207,678250,6082300,21714800,4864250,33339600,33439650,945,20772800,4595900,4444800,0,18692,0,5,0,0,0,0,0,0
5,4016430808,23208,684250,6743900,21493150,4415950,33337250,33437100,830,21309600,5155450,4977200,0,18692,0,5,0,0,0,0,0,0
6,3012967645,23209,673500,6001550,22026250,4103050,32804350,33439150,782,21838950,5817650,5629450,0,18692,0,5,0,0,0,0,0,0
7,3593359732,23210,677850,6771850,21684350,4202200,33336250,33437850,790,21491950,4894050,3905100,0,18692,0,5,0,0,0,0,0,0
8,2714884843,23211,685600,6661300,27892050,14820200,50059150,50158900,2553,27704800,11608050,11400500,0,19012,0,5,0,0,0,0,0,0
9,1754706848,23212,708250,6147300,21707400,4764700,33327650,33438750,922,20749100,4597950,4440750,0,19012,0,5,0,0,0,0,0,0
10,634139175,23213,686850,6886800,21538750,4223650,33336050,33435700,788,21356700,5169700,4986950,0,18692,0,5,0,0,0,0,0,0
11,2225001302,23214,1124750,8228650,21377050,2604600,33335050,33438650,444,21188250,4882300,4708050,0,18692,0,5,0,0,0,0,0,0
12,3881591779,23215,686800,6784350,20971100,4897600,33339850,33438000,947,20786450,4647550,4493400,0,18692,0,5,0,0,0,0,0,0
13,2688998526,23216,691500,6690750,22658150,3544100,33584500,33682800,662,22474350,5827100,5640700,0,18692,0,5,0,0,0,0,0,0
14,3733755993,23217,723400,6913750,21129250,3609650,32376050,33196900,665,20946600,4779150,4627100,0,18692,0,5,0,0,0,0,0,0
15,4110562030,23218,685900,6788750,21036700,4824300,33335650,33435550,924,20838400,4583250,4410800,0,18692,0,5,0,0,0,0,0,0
16,2165534041,23219,682550,6515900,22252450,3892250,33343150,33442100,740,22082300,5851200,5664950,0,18692,0,5,0,0,0,0,0,0
17,51482660,23220,679050,6012500,21936900,4710050,33338500,33436550,883,21748150,5646300,5456000,0,18692,0,5,0,0,0,0,0,0
18,1808653113,23221,679650,6778650,21275550,4603400,33337250,33438200,874,21096050,4865100,4692050,0,18692,0,5,0,0,0,0,0,0
19,3012136936,23222,1260550,5929000,22542750,3606050,33338350,33441100,675,22344300,5831700,5647250,0,18692,0,5,0,0,0,0,0,0
20,1547905167,23223,679550,6128800,21711450,4816850,33336650,33435050,932,21524450,5475300,5291500,0,18692,0,5,0,0,0,0,0,0
21,2010544228,23224,682350,6894200,21548300,4219100,33343950,33440950,787,21354000,5159500,4980750,0,18692,0,5,0,0,0,0,0,0
22,2331187115,23225,1195350,5945750,22205200,3991250,33337550,33437500,758,22022400,5832650,5650750,0,18692,0,5,0,0,0,0,0,0
23,591091010,23226,679850,6050150,21683650,4926000,33339650,33439300,955,20738600,4661050,4508650,0,18692,0,5,0,0,0,0,0,0
24,3337222943,23227,678250,6828700,21519700,4670350,33697000,33795650,804,21337200,5169850,4988100,0,18692,0,5,0,0,0,0,0,0
25,541067522,23228,684000,6002000,22375900,3921450,32983350,33081800,717,22188750,6088200,5905300,0,18692,0,5,0,0,0,0,0,0
26,1909576061,23229,683650,6762950,24123250,1764750,33334600,33436850,373,23935650,5808950,5607350,0,18692,0,5,0,0,0,0,0,0
27,3576416482,23230,696550,6678250,22242750,3815900,33433450,33530650,724,22063400,5852550,5155650,0,18692,0,5,0,0,0,0,0,0
28,2786439485,23231,678050,6028500,22186750,4356950,33250250,33348350,831,22005200,5953550,5770400,0,18692,0,5,0,0,0,0,0,0
29,1931780192,23232,686500,6770150,21181350,4700900,33338900,33437550,896,20979750,4737000,4571100,0,18692,0,5,0,0,0,0,0,0
30,1799980229,23233,680000,6499750,22141700,4016450,33337900,33439600,766,21969000,5823850,5639550,0,18692,0,5,0,0,0,0,0,0
31,3538847580,23234,680250,6031900,21802150,4821550,33335850,33438050,907,21611500,5546300,5360600,0,18692,0,5,0,0,0,0,0,0
32,3831628403,23235,674250,7140950,21583500,3942200,33340900,33440500,727,21396850,5190450,5020600,0,19012,0,5,0,0,0,0,0,0
33,1903038664,23236,1230950,5968950,22359050,3778400,33337350,33435450,711,22171700,5857300,5678250,0,19012,0,5,0,0,0,0,0,0
34,3410263823,23237,676700,6112650,21727700,4819350,33336400,33437600,931,21542100,5484000,4596000,0,18692,0,5,0,0,0,0,0,0
35,3263986894,23238,681650,6915650,21644950,4098150,33340400,33440300,760,21450300,5216500,5042900,0,18692,0,5,0,0,0,0,0,0
36,2175892875,23239,1162250,6001400,22266900,3910050,33340600,33440200,738,22082350,5862850,5679050,0,18692,0,5,0,0,0,0,0,0
37,1813748966,23240,684300,6750750,21084100,4817650,33336800,33436200,928,20900650,4634500,4483700,0,18692,0,5,0,0,0,0,0,0
38,833434417,23241,1527800,6163850,27515700,14139450,49346800,50158850,2278,27321650,10931800,10720050,0,18692,0,5,0,0,0,0,0,0
39,4097282166,23242,718000,6168550,21835700,4600200,33322450,33437500,886,21651250,4631750,4478800,0,18692,0,5,0,0,0,0,0,0
40,192773425,23243,682500,6749200,21738200,4173750,33343650,33441950,773,21556200,5310550,5139400,0,18692,0,5,0,0,0,0,0,0
41,858826700,23244,1179450,6008300,23740450,2410650,33338850,33437450,399,23552650,4910550,4728150,0,18692,0,5,0,0,0,0,0,0
42,1950483681,23245,692500,6804000,21132650,4708600,33337750,33437500,904,20943900,4639450,4491300,0,18692,0,5,0,0,0,0,0,0
43,575738928,23246,693650,6705700,21716700,4859250,33975300,34075050,743,21529300,5288650,5120250,0,18692,0,5,0,0,0,0,0,0
44,1359536727,23247,681400,6075450,21868850,4073050,32698750,32800000,772,21682250,5609800,5421950,0,18692,0,5,0,0,0,0,0,0
45,3117637717,23248,688100,6792950,21228200,4635250,33344500,33442600,881,21031250,4625200,4459850,0,18692,0,5,0,0,0,0,0,0
46,2557278958,23249,681850,6603050,21572950,4613800,33471650,33571500,759,21383100,5285250,5113850,0,18692,0,5,0,0,0,0,0,0
47,3928984507,23250,672000,6025050,21999300,4508350,33204700,33305950,866,21813300,5709250,5523500,0,18692,0,5,0,0,0,0,0,0
48,3279099526,23251,676100,6754400,21439200,4469100,33338800,33436950,844,21244150,4911950,4741800,0,18692,0,5,0,0,0,0,0,0
49,3402996575,23252,1275100,5913300,22116950,4035800,33341150,33439700,770,21934150,5903400,5720500,0,18692,0,5,0,0,0,0,0,0
50,1848951628,23253,676700,6223700,21918500,4514700,33333600,33436250,866,21726600,4650750,4503200,0,18692,0,5,0,0,0,0,0,0
51,3328119971,23254,681000,6768450,21800550,4090000,33340000,33441200,759,21613050,5220400,5040950,0,18692,0,5,0,0,0,0,0,0
52,536923704,23255,1241250,5971600,22102250,4021150,33336250,33435700,762,21925550,5876150,5685000,0,18692,0,5,0,0,0,0,0,0
53,991563721,23256,679500,6083100,21872900,4704750,33340250,33438250,906,21687200,4687450,4536550,0,18692,0,5,0,0,0,0,0,0
54,2482503020,23257,680950,6747300,21693050,4216100,33337400,33438250,782,21504400,5333700,5158100,0,18692,0,5,0,0,0,0,0,0
55,3320786401,23258,692600,5990300,22209650,4016300,32908850,33439550,760,22021400,5842950,5668000,0,18692,0,5,0,0,0,0,0,0
56,1307572882,23259,680950,6762700,24343400,1552650,33339700,33439300,327,24158050,5868800,5677000,0,19012,0,5,0,0,0,0,0,0
57,1045847897,23260,700200,6762400,22358750,3729650,33551000,33647600,706,21493500,5343850,5164150,0,19012,0,5,0,0,0,0,0,0
58,2886179050,23261,671500,6010200,22126050,4321650,33129400,33230800,827,21943400,5825950,5643300,0,18692,0,5,0,0,0,0,0,0
59,961732807,23262,680100,6771100,21313050,4570250,33334500,33435500,868,21116700,4734900,4566750,0,18692,0,5,0,0,0,0,0,0
60,1947062354,23263,681350,6536700,21521800,4599200,33339050,33438900,755,21334800,5265200,4298850,0,18692,0,5,0,0,0,0,0,0
61,2075511931,23264,719300,6879000,21183050,3840050,32621400,33439800,713,20994600,4767900,4590400,0,18692,0,5,0,0,0,0,0,0
62,2408546800,23265,684600,6747500,22104000,3803250,33339350,33437450,697,21923650,5193200,5018300,0,18692,0,5,0,0,0,0,0,0
63,460493639,23266,1287300,5939800,22132300,3978850,33338250,33437850,757,21941600,5836600,5655100,0,18692,0,5,0,0,0,0,0,0
64,1463678916,23267,677850,6273800,21779950,4609800,33341400,33439500,888,21601450,4794600,4630550,0,18692,0,5,0,0,0,0,0,0
65,3795713909,23268,676900,6750300,21718650,4196700,33342550,33439150,782,21528350,5158250,4980800,0,18692,0,5,0,0,0,0,0,0
66,1056688136,23269,1195500,5974900,22037150,4132150,33339700,33439500,785,21852650,5817600,5629100,0,18692,0,5,0,0,0,0,0,0
67,202923725,23270,684150,6044250,21920800,4690650,33339850,33439600,902,20828350,4640850,4484450,0,18692,0,5,0,0,0,0,0,0
68,4012539606,23271,681950,6736150,21677000,7146450,36241550,36339650,724,21494100,5295250,5117450,0,18692,0,5,0,0,0,0,0,0
69,1087445485,23272,734400,10663850,21385450,14355850,47139550,47254300,2687,21195350,5165450,4992050,0,18692,0,5,0,0,0,0,0,0
70,491589414,23273,679400,6764950,21453800,4440500,33338650,33438750,838,21273900,5060050,4895350,0,18692,0,5,0,0,0,0,0,0
71,1293200275,23274,1205800,5993650,26400300,16457300,50057050,50156750,3192,26217300,5557850,5363100,0,18692,0,5,0,0,0,0,0,0
72,1737595726,23275,676550,6791050,21408800,4465550,33341950,33439000,842,21213800,4882300,4713150,0,18692,0,5,0,0,0,0,0,0
73,2173390039,23276,1276700,5925750,22052250,4085850,33340550,33439100,754,21889950,5347400,5166250,0,18692,0,5,0,0,0,0,0,0
74,2060004372,23277,672600,6356750,21734000,4571000,33334350,33438000,879,21551800,5492850,5302150,0,18692,0,5,0,0,0,0,0,0
75,668607547,23278,675750,6745800,21715100,4205550,33342200,33440550,786,21526200,5150550,4982650,0,18692,0,5,0,0,0,0,0,0
76,3409034624,23279,1237300,5976050,22124550,4002400,33340300,33438600,757,21937650,5832250,5643700,0,18692,0,5,0,0,0,0,0,0
77,66914193,23280,683950,6211350,21689750,4754900,33339950,33439650,919,20734750,4665950,4513850,0,18692,0,5,0,0,0,0,0,0
78,2553907572,23281,680100,6770550,21636100,4248250,33335000,33437350,792,21450500,5163850,4989350,0,18692,0,5,0,0,0,0,0,0
79,890390073,23282,1166000,6017150,22111500,4041400,33336050,33436350,767,21927250,5818600,5634050,0,18692,0,5,0,0,0,0,0,0
80,2223873098,23283,679700,6913400,21740900,4005650,33339650,33439550,743,21554000,4928300,4754300,0,19012,0,5,0,0,0,0,0,0
81,2336881585,23284,678450,6663300,21774800,4430250,33546800,33645050,744,21586200,5368450,5191100,0,19012,0,5,0,0,0,0,0,0
82,4135459074,23285,680350,6008750,22060100,4380800,33130000,33232200,839,21875650,5808950,5633900,0,18692,0,5,0,0,0,0,0,0
83,1986260127,23286,679650,6787600,21353800,4518750,33339800,33441200,855,21179600,4796950,3873500,0,18692,0,5,0,0,0,0,0,0
84,353344474,23287,1458500,6071300,22053600,3033650,32617050,33438700,544,21865850,5816550,5633500,0,18692,0,5,0,0,0,0,0,0
85,3169575603,23288,679250,6032750,21979700,4647550,33339250,33436550,896,21791700,5675750,5491850,0,18692,0,5,0,0,0,0,0,0
86,210205944,23289,677250,8112550,22503150,2045950,33338900,33438600,433,22319200,5695300,5501850,0,18692,0,5,0,0,0,0,0,0
87,1677393503,23290,1355350,5961850,22083800,3938250,33339250,33436650,719,21904850,5846850,5664700,0,18692,0,5,0,0,0,0,0,0
88,3832728684,23291,669800,6120700,21679600,4873250,33343350,33442650,945,21498700,5442250,5255550,0,18692,0,5,0,0,0,0,0,0
89,2074852568,23292,679100,6747550,21715350,4196800,33338800,33435850,781,21527400,5154400,4979900,0,18692,0,5,0,0,0,0,0,0
90,1464943173,23293,1194150,5977400,22035350,4132850,33339750,33440600,788,21862900,5848850,5661850,0,18692,0,5,0,0,0,0,0,0
91,315990800,23294,681100,6977750,21051150,4624550,33334550,33435800,887,20863150,4669800,4510450,0,18692,0,5,0,0,0,0,0,0
92,1451405891,23295,680350,6712950,21918650,4416800,33728750,33826000,724,21736950,5448250,5268300,0,18692,0,5,0,0,0,0,0,0
93,3196408848,23296,683450,6061750,22085850,4122450,32953500,33052850,783,21895550,5818950,5639300,0,18692,0,5,0,0,0,0,0,0
94,141073587,23297,686800,6921350,21126100,4602150,33336400,33436350,873,20931400,4767250,4601800,0,18692,0,5,0,0,0,0,0,0
95,3576439062,23298,680450,6625850,21701050,4402500,33409850,33508350,738,21511250,5360750,5186000,0,18692,0,5,0,0,0,0,0,0
96,2798564443,23299,674700,6003850,22064400,4525900,33268850,33368750,863,21878350,5808900,5629550,0,18692,0,5,0,0,0,0,0,0
97,3409362634,23300,679350,6777750,21498400,4384450,33339950,33438400,825,21317400,4909050,4735750,0,18692,0,5,0,0,0,0,0,0
98,1459202337,23301,681800,6478050,28546950,14350050,50056850,50160750,2689,28353800,11798250,11552450,0,18692,0,5,0,0,0,0,0,0
99,1984418334,23302,690450,6803150,21153700,4687250,33334550,33438300,867,20964250,4750450,4576500,0,18692,0,5,0,0,0,0,0,0
100,2690152925,23303,669550,6633350,21605200,5901000,34809100,34908600,782,21415500,5242100,5070450,0,18692,0,5,0,0,0,0,0,0
101,2607809844,23304,708650,7211600,21711750,2222900,31854900,31969500,356,21527500,5158000,4981450,0,18692,0,5,0,0,0,0,0,0
102,3522750362,23305,677400,6778350,20947500,4928950,33332200,33434950,944,20760200,4624050,4451550,0,18692,0,5,0,0,0,0,0,0
103,2368404599,23306,675100,6645350,22064550,3957250,33342250,33441850,755,21362650,5352600,5169900,0,18692,0,5,0,0,0,0,0,0
104,3250007036,23307,683650,6032250,22242850,4381000,33339750,33439250,837,22059700,5851050,5654250,0,19012,0,5,0,0,0,0,0,0
105,1111684799,23308,689750,6745850,21422200,4481550,33339350,33437750,846,21222700,5005600,4829950,0,19012,0,5,0,0,0,0,0,0
106,2213018028,23309,1265100,6079850,22069000,3922300,33336250,33438400,744,21902800,5827850,5647250,0,18692,0,5,0,0,0,0,0,0
107,3171439817,23310,717600,6916500,21475450,3512200,32621750,33436950,638,21283250,4953850,4780250,0,18692,0,5,0,0,0,0,0,0
108,2255827236,23311,683250,6758500,21525250,4372800,33339800,33440750,823,21346750,5186550,5014700,0,18692,0,5,0,0,0,0,0,0
109,2472184909,23312,1183000,5982050,22208050,3966600,33339700,33437900,751,22015700,5809550,5628750,0,18692,0,5,0,0,0,0,0,0
110,3140412334,23313,677000,6793050,20943500,4924650,33338200,33436750,888,20744250,4744900,4596500,0,18692,0,5,0,0,0,0,0,0
111,785888721,23314,675800,6729650,21606800,4656400,33668650,33769150,799,21422350,5216050,5037450,0,18692,0,5,0,0,0,0,0,0
112,1084583170,23315,675700,6026750,22196150,4113700,33012300,33110450,782,22008350,5813800,5627550,0,18692,0,5,0,0,0,0,0,0
113,4019848443,23316,683800,6804400,21092500,4760400,33341100,33439450,883,20900150,4704500,4535350,0,18692,0,5,0,0,0,0,0,0
114,808788421,23317,668550,6611350,21542850,4523450,33346200,33446950,770,21356150,5237700,5061450,0,18692,0,5,0,0,0,0,0,0
115,3645042740,23318,678650,6014750,22070400,4562750,33326550,33426400,878,21885650,5664950,5483400,0,18692,0,5,0,0,0,0,0,0
116,2991496187,23319,682350,6769650,23912200,1975150,33339350,33437600,418,23723250,5818100,5622200,0,18692,0,5,0,0,0,0,0,0
117,3919662364,23320,1482950,6263500,22049500,3549600,33345550,33440900,660,21857250,5831950,5649450,0,18692,0,5,0,0,0,0,0,0
118,1681074571,23321,679250,6077600,21919450,4664250,33340550,33440250,900,21744000,5582700,5397300,0,18692,0,5,0,0,0,0,0,0
119,4218967458,23322,675600,6769650,21635450,4258550,33339250,33437450,799,21462250,5247750,5071450,0,18692,0,5,0,0,0,0,0,0
120,625353107,23323,1243750,6117500,22037250,3936950,33335450,33436250,744,21856250,5832700,5650350,0,18692,0,5,0,0,0,0,0,0
121,3717195990,23324,681500,6109600,21742250,4809000,33342350,33440850,931,21555200,4598250,4446050,0,18692,0,5,0,0,0,0,0,0
122,2425705089,23325,676550,6748250,21522550,4392400,33339750,33439650,824,21328900,5184950,5011350,0,18692,0,5,0,0,0,0,0,0
123,2555484258,23326,1131650,6006550,22311750,3883450,33333400,33435950,731,22118750,5560200,5377100,0,18692,0,5,0,0,0,0,0,0
124,1141451493,23327,685200,6801200,20955700,4900200,33342300,33440600,947,20770950,4723250,4579200,0,18692,0,5,0,0,0,0,0,0
125,1505942736,23328,674650,6690750,21621150,4535900,33522450,33622150,773,21428700,5242100,5065550,0,18692,0,5,0,0,0,0,0,0
126,2491710369,23329,674200,6005850,22221350,4252700,33154100,33255250,812,22036350,5805550,5619650,0,18692,0,5,0,0,0,0,0,0
127,2825516936,23330,675050,6806750,20950150,4904400,33336350,33437450,913,20757450,4581850,4411300,0,18692,0,5,0,0,0,0,0,0
128,809518447,23331,666800,6539100,28679100,14172250,50057250,50156900,2607,28487500,12403050,12150100,0,19012,0,5,0,0,0,0,0,0
129,1081694344,23332,698850,7179900,21369500,4089900,33338150,33441700,763,21168800,4908800,3971650,0,19012,0,5,0,0,0,0,0,0
130,3544546839,23333,677600,6667750,22458050,3832200,33635600,33735600,732,21749050,5416200,5236650,0,18692,0,5,0,0,0,0,0,0
131,2291142598,23334,716300,8487500,22148950,972450,32325200,33138050,203,21445600,5405550,5229900,0,18692,0,5,0,0,0,0,0,0
132,3252385439,23335,677250,6959850,21205700,4503750,33346550,33439850,853,21016350,4801700,4634750,0,18692,0,5,0,0,0,0,0,0
133,1602009306,23336,676150,6576900,22383950,3716250,33353250,33449900,701,22206100,5898900,5721200,0,18692,0,5,0,0,0,0,0,0
134,2497072261,23337,671700,6023400,22143700,4487850,33326650,33426400,863,21962250,5868600,5690250,0,18692,0,5,0,0,0,0,0,0
135,3739067406,23338,677650,6914000,22003150,3746200,33341000,33439300,684,21815900,5226850,5052450,0,18692,0,5,0,0,0,0,0,0
136,1716074641,23339,1285550,5940350,22191900,3926050,33343850,33440750,746,22010250,6046400,5866350,0,18692,0,5,0,0,0,0,0,0
137,3982919220,23340,676700,6077500,21862350,4721250,33337800,33435800,913,21676850,5606050,5420700,0,18692,0,5,0,0,0,0,0,0
138,2723337005,23341,677700,6744500,21763200,4155400,33340800,33439300,772,21572950,5210750,5040100,0,18692,0,5,0,0,0,0,0,0
139,733376204,23342,1205050,5971750,22284050,3880050,33340900,33439000,729,22094200,6011850,5831950,0,18692,0,5,0,0,0,0,0,0
140,43915006,23343,675500,6094050,21711900,4858100,33339550,33437950,942,20781800,4759750,4606950,0,18692,0,5,0,0,0,0,0,0
141,2309932913,23344,686000,6755550,22766250,3133150,33340950,33437800,667,22581150,5896600,5717300,0,18692,0,5,0,0,0,0,0,0
142,1653305798,23345,693750,6029100,22149550,4011350,32883750,33441850,731,21960350,5875550,5699650,0,18692,0,5,0,0,0,0,0,0
143,145291823,23346,684450,6789200,21175900,4685650,33335200,33436700,896,20990650,4773050,4600100,0,18692,0,5,0,0,0,0,0,0
144,3013902878,23347,677650,6644000,22418850,3780550,33521050,33617800,716,22241200,5887850,5708200,0,18692,0,5,0,0,0,0,0,0
145,2859971923,23348,678850,6029400,22122050,4331300,33161600,33259600,829,21936500,5851950,5674600,0,18692,0,5,0,0,0,0,0,0
146,3026746148,23349,680100,6940200,23777550,1938600,33336450,33434950,410,23598250,5876850,5679950,0,18692,0,5,0,0,0,0,0,0
147,736325239,23350,697150,6583200,22607500,3453750,33341600,33440500,641,22424050,6299200,6117550,0,18692,0,5,0,0,0,0,0,0
148,2759885216,23351,685250,6038550,21916700,4699200,33339700,33439200,907,21723800,5723950,5540550,0,18692,0,5,0,0,0,0,0,0
149,1930007773,23352,685150,6890050,21578700,4188200,33342100,33440350,783,21390700,5141000,4166950,0,18692,0,5,0,0,0,0,0,0
150,4233548434,23353,1267250,5966600,22296550,3808200,33338600,33438200,717,22112150,6050350,5868000,0,19012,0,5,0,0,0,0,0,0
151,3821597075,23354,683050,6111000,21850400,4690000,33334450,33435650,907,21662800,4788300,4616350,0,19012,0,5,0,0,0,0,0,0
152,1056834796,23355,678750,6754050,21780450,4127400,33340650,33438600,767,21593750,5252400,5075450,0,19012,0,5,0,0,0,0,0,0
153,2756113825,23356,1184050,5999900,22202900,3958500,33345350,33442150,683,22016750,5961300,5782100,0,18692,0,5,0,0,0,0,0,0
154,2193869574,23357,724850,6927150,21496850,3467350,32616200,33438100,629,21309300,5147550,4982450,0,18692,0,5,0,0,0,0,0,0
155,39089791,23358,691250,6699100,22467600,3812850,33670800,33770400,728,21757050,5381600,5200350,0,18692,0,5,0,0,0,0,0,0
156,1158667078,23359,683000,6016300,22039400,4268950,33007650,33106300,789,21856900,5802600,5628400,0,18692,0,5,0,0,0,0,0,0
157,4085879547,23360,685350,6808600,21094500,4748400,33336850,33435800,910,20901850,4710700,4539000,0,18692,0,5,0,0,0,0,0,0
158,313686028,23361,675800,6589700,24788400,4454750,36508650,36606850,189,24605500,8311250,5156450,0,18692,0,5,0,0,0,0,0,0
159,3216587021,23362,1476550,6073100,22099100,505750,30154500,30270300,102,21896400,5820250,5635450,0,18692,0,5,0,0,0,0,0,0
160,876009466,23363,696800,7247700,21498850,3900200,33343550,33439400,720,21313500,5207800,5038000,0,18692,0,5,0,0,0,0,0,0
161,981002535,23364,1311100,5930600,23210150,2889900,33341750,33439800,517,23023650,6837850,6616050,0,18692,0,5,0,0,0,0,0,0
162,47529864,23365,686400,6111400,21785550,4753350,33336700,33436350,918,21595000,5572400,5392950,0,18692,0,5,0,0,0,0,0,0
163,868088385,23366,690550,6930450,21634350,4083850,33339200,33439000,758,21449450,5209150,5028000,0,18692,0,5,0,0,0,0,0,0
164,2331947246,23367,1233400,5976250,22169000,3964600,33343250,33441400,751,21988900,5969400,5783600,0,18692,0,5,0,0,0,0,0,0
165,2168054517,23368,686400,6087150,21649100,4918500,33341150,33439500,956,21464200,4591050,4439150,0,18692,0,5,0,0,0,0,0,0
166,3926666066,23369,681650,6759900,22734950,3159000,33335500,33433450,673,22557850,5846250,5663450,0,18692,0,5,0,0,0,0,0,0
167,1177610667,23370,1166100,6036850,22255700,3887950,33346600,33441550,729,22064100,5966500,5794850,0,18692,0,5,0,0,0,0,0,0
168,3782405190,23371,691900,6798900,20956650,4888750,33336200,33437500,946,20770450,4608750,4461150,0,18692,0,5,0,0,0,0,0,0
169,916405275,23372,680700,6667750,22391750,3813200,33553400,33650050,725,22215750,5341650,5167550,0,18692,0,5,0,0,0,0,0,0
170,1596582148,23373,676850,6011100,22051000,4387000,33125950,33228100,813,21869050,5813750,5636900,0,18692,0,5,0,0,0,0,0,0
171,4199562603,23374,680450,6791350,21233150,4631100,33336050,33436800,882,21045700,4813550,4648450,0,18692,0,5,0,0,0,0,0,0
172,3017986708,23375,685250,6536200,22598950,3521250,33341650,33440900,657,22422550,5865000,5680400,0,18692,0,5,0,0,0,0,0,0
173,2654286289,23376,680200,6030700,21937350,4687950,33336200,33436700,906,21744050,5676600,5494550,0,18692,0,5,0,0,0,0,0,0
174,1031695476,23377,683800,6941100,21703550,4006950,33335400,33437950,744,21519250,5283150,5110850,0,19012,0,5,0,0,0,0,0,0
175,2959877989,23378,1284200,5933900,22330250,3789350,33337700,33438500,713,22136250,5831300,5652100,0,19012,0,5,0,0,0,0,0,0
176,1566373458,23379,681550,6104700,21778250,4778900,33343400,33442550,926,21594150,5442750,4542950,0,19012,0,5,0,0,0,0,0,0
177,3017804585,23380,685150,8765500,21819150,2066800,33336600,33434850,438,21631300,4741350,4579450,0,18692,0,5,0,0,0,0,0,0
178,1442923286,23381,1270500,5986600,22485400,3602800,33345300,33441200,647,22297400,6271000,6087050,0,18692,0,5,0,0,0,0,0,0
179,959704087,23382,691450,6785100,20915500,4948050,33340100,33439950,962,20711350,4633650,4480950,0,18692,0,5,0,0,0,0,0,0
CSV_END

STUDY_DONE_1165b45bb13f=0
# 