#-----------------------------------------------------------
# Vivado v2025.2 (64-bit)
# SW Build 6299465 on Fri Nov 14 12:34:56 MST 2025
# IP Build 6300035 on Fri Nov 14 10:48:45 MST 2025
# SharedData Build 6298862 on Thu Nov 13 04:50:51 MST 2025
# Start of session at: Wed Sep  9 04:26:11 2026
# Process ID         : 3834330
# Current directory  : /path/to/research/experiments/remote-20260909
# Command line       : vivado -mode batch -nojournal -log build-poweroff.log -source build-poweroff.tcl
# Log file           : /path/to/research/experiments/remote-20260909/build-poweroff.log
# Journal file       : 
# Running On         : RESEARCH-HOST
# Platform           : Ubuntu
# Operating System   : Ubuntu 24.04.4 LTS
# Processor Detail   : AMD Ryzen 9 9950X3D 16-Core Processor
# CPU Frequency      : 4299.893 MHz
# CPU Physical cores : 16
# CPU Logical cores  : 32
# Host memory        : 49218 MB
# Swap memory        : 12884 MB
# Total Virtual      : 62103 MB
# Available Virtual  : 61206 MB
#-----------------------------------------------------------
source build-poweroff.tcl
# set sourceRoot /home/researcher/cvw-release/fpga/generator
# create_project -in_memory -part xc7a200tsbg484-1
# read_verilog -sv $sourceRoot/sd_poweroff_nexysvideo.sv
# read_xdc $sourceRoot/sd_poweroff_nexysvideo.xdc
# synth_design -top sd_poweroff_nexysvideo -part xc7a200tsbg484-1
Command: synth_design -top sd_poweroff_nexysvideo -part xc7a200tsbg484-1
Starting synth_design
Attempting to get a license for feature 'Synthesis' and/or device 'xc7a200t'
INFO: [Common 17-349] Got license for feature 'Synthesis' and/or device 'xc7a200t'
INFO: [Device 21-403] Loading part xc7a200tsbg484-1
INFO: [Synth 8-7079] Multithreading enabled for synth_design using a maximum of 7 processes.
INFO: [Synth 8-7078] Launching helper process for spawning children vivado processes
INFO: [Synth 8-7075] Helper process launched with PID 3848008
---------------------------------------------------------------------------------
Starting RTL Elaboration : Time (s): cpu = 00:00:02 ; elapsed = 00:00:02 . Memory (MB): peak = 2282.730 ; gain = 481.875 ; free physical = 42613 ; free virtual = 57123
---------------------------------------------------------------------------------
INFO: [Synth 8-6157] synthesizing module 'sd_poweroff_nexysvideo' [/home/researcher/cvw-release/fpga/generator/sd_poweroff_nexysvideo.sv:1]
INFO: [Synth 8-6155] done synthesizing module 'sd_poweroff_nexysvideo' (0#1) [/home/researcher/cvw-release/fpga/generator/sd_poweroff_nexysvideo.sv:1]
WARNING: [Synth 8-3330] design sd_poweroff_nexysvideo has an empty top module
WARNING: [Synth 8-3917] design sd_poweroff_nexysvideo has port SDCReset driven by constant 1
---------------------------------------------------------------------------------
Finished RTL Elaboration : Time (s): cpu = 00:00:03 ; elapsed = 00:00:03 . Memory (MB): peak = 2367.699 ; gain = 566.844 ; free physical = 42507 ; free virtual = 57020
---------------------------------------------------------------------------------
---------------------------------------------------------------------------------
Start Handling Custom Attributes
---------------------------------------------------------------------------------
---------------------------------------------------------------------------------
Finished Handling Custom Attributes : Time (s): cpu = 00:00:03 ; elapsed = 00:00:03 . Memory (MB): peak = 2382.543 ; gain = 581.688 ; free physical = 42507 ; free virtual = 57019
---------------------------------------------------------------------------------
---------------------------------------------------------------------------------
Finished RTL Optimization Phase 1 : Time (s): cpu = 00:00:03 ; elapsed = 00:00:03 . Memory (MB): peak = 2382.543 ; gain = 581.688 ; free physical = 42507 ; free virtual = 57019
---------------------------------------------------------------------------------
Netlist sorting complete. Time (s): cpu = 00:00:00 ; elapsed = 00:00:00 . Memory (MB): peak = 2382.543 ; gain = 0.000 ; free physical = 42507 ; free virtual = 57019
INFO: [Project 1-570] Preparing netlist for logic optimization

Processing XDC Constraints
Initializing timing engine
Parsing XDC File [/home/researcher/cvw-release/fpga/generator/sd_poweroff_nexysvideo.xdc]
Finished Parsing XDC File [/home/researcher/cvw-release/fpga/generator/sd_poweroff_nexysvideo.xdc]
INFO: [Project 1-236] Implementation specific constraints were found while reading constraint file [/home/researcher/cvw-release/fpga/generator/sd_poweroff_nexysvideo.xdc]. These constraints will be ignored for synthesis but will be used in implementation. Impacted constraints are listed in the file [.Xil/sd_poweroff_nexysvideo_propImpl.xdc].
Resolution: To avoid this warning, move constraints listed in [.Xil/sd_poweroff_nexysvideo_propImpl.xdc] to another XDC file and exclude this new file from synthesis with the used_in_synthesis property (File Properties dialog in GUI) and re-run elaboration/synthesis.
Completed Processing XDC Constraints

Netlist sorting complete. Time (s): cpu = 00:00:00 ; elapsed = 00:00:00 . Memory (MB): peak = 2431.469 ; gain = 0.000 ; free physical = 42474 ; free virtual = 57002
INFO: [Project 1-111] Unisim Transformation Summary:
No Unisim elements were transformed.

Constraint Validation Runtime : Time (s): cpu = 00:00:00 ; elapsed = 00:00:00 . Memory (MB): peak = 2431.504 ; gain = 0.000 ; free physical = 42472 ; free virtual = 57001
---------------------------------------------------------------------------------
Finished Constraint Validation : Time (s): cpu = 00:00:06 ; elapsed = 00:00:07 . Memory (MB): peak = 2431.504 ; gain = 630.648 ; free physical = 42468 ; free virtual = 56998
---------------------------------------------------------------------------------
---------------------------------------------------------------------------------
Start Loading Part and Timing Information
---------------------------------------------------------------------------------
Loading part: xc7a200tsbg484-1
---------------------------------------------------------------------------------
Finished Loading Part and Timing Information : Time (s): cpu = 00:00:06 ; elapsed = 00:00:07 . Memory (MB): peak = 2439.473 ; gain = 638.617 ; free physical = 42468 ; free virtual = 56998
---------------------------------------------------------------------------------
---------------------------------------------------------------------------------
Start Applying 'set_property' XDC Constraints
---------------------------------------------------------------------------------
---------------------------------------------------------------------------------
Finished applying 'set_property' XDC Constraints : Time (s): cpu = 00:00:06 ; elapsed = 00:00:07 . Memory (MB): peak = 2439.473 ; gain = 638.617 ; free physical = 42468 ; free virtual = 56998
---------------------------------------------------------------------------------
---------------------------------------------------------------------------------
Finished RTL Optimization Phase 2 : Time (s): cpu = 00:00:06 ; elapsed = 00:00:07 . Memory (MB): peak = 2439.473 ; gain = 638.617 ; free physical = 42471 ; free virtual = 57001
---------------------------------------------------------------------------------
---------------------------------------------------------------------------------
Start RTL Component Statistics 
---------------------------------------------------------------------------------
Detailed RTL Component Info : 
---------------------------------------------------------------------------------
Finished RTL Component Statistics 
---------------------------------------------------------------------------------
---------------------------------------------------------------------------------
Start Part Resource Summary
---------------------------------------------------------------------------------
Part Resources:
DSPs: 740 (col length:100)
BRAMs: 730 (col length: RAMB18 100 RAMB36 50)
---------------------------------------------------------------------------------
Finished Part Resource Summary
---------------------------------------------------------------------------------
---------------------------------------------------------------------------------
Start Cross Boundary and Area Optimization
---------------------------------------------------------------------------------
WARNING: [Synth 8-3330] design sd_poweroff_nexysvideo has an empty top module
WARNING: [Synth 8-3917] design sd_poweroff_nexysvideo has port SDCReset driven by constant 1
---------------------------------------------------------------------------------
Finished Cross Boundary and Area Optimization : Time (s): cpu = 00:00:07 ; elapsed = 00:00:08 . Memory (MB): peak = 2439.473 ; gain = 638.617 ; free physical = 42465 ; free virtual = 56999
---------------------------------------------------------------------------------
---------------------------------------------------------------------------------
Start Applying XDC Timing Constraints
---------------------------------------------------------------------------------
---------------------------------------------------------------------------------
Finished Applying XDC Timing Constraints : Time (s): cpu = 00:00:09 ; elapsed = 00:00:10 . Memory (MB): peak = 2536.473 ; gain = 735.617 ; free physical = 42367 ; free virtual = 56908
---------------------------------------------------------------------------------
---------------------------------------------------------------------------------
Start Timing Optimization
---------------------------------------------------------------------------------
---------------------------------------------------------------------------------
Finished Timing Optimization : Time (s): cpu = 00:00:09 ; elapsed = 00:00:10 . Memory (MB): peak = 2536.473 ; gain = 735.617 ; free physical = 42366 ; free virtual = 56908
---------------------------------------------------------------------------------
---------------------------------------------------------------------------------
Start Technology Mapping
---------------------------------------------------------------------------------
---------------------------------------------------------------------------------
Finished Technology Mapping : Time (s): cpu = 00:00:09 ; elapsed = 00:00:10 . Memory (MB): peak = 2546.488 ; gain = 745.633 ; free physical = 42358 ; free virtual = 56899
---------------------------------------------------------------------------------
---------------------------------------------------------------------------------
Start IO Insertion
---------------------------------------------------------------------------------
---------------------------------------------------------------------------------
Start Flattening Before IO Insertion
---------------------------------------------------------------------------------
---------------------------------------------------------------------------------
Finished Flattening Before IO Insertion
---------------------------------------------------------------------------------
---------------------------------------------------------------------------------
Start Final Netlist Cleanup
---------------------------------------------------------------------------------
---------------------------------------------------------------------------------
Finished Final Netlist Cleanup
---------------------------------------------------------------------------------
---------------------------------------------------------------------------------
Finished IO Insertion : Time (s): cpu = 00:00:11 ; elapsed = 00:00:12 . Memory (MB): peak = 2733.301 ; gain = 932.445 ; free physical = 42181 ; free virtual = 56723
---------------------------------------------------------------------------------
---------------------------------------------------------------------------------
Start Renaming Generated Instances
---------------------------------------------------------------------------------
---------------------------------------------------------------------------------
Finished Renaming Generated Instances : Time (s): cpu = 00:00:11 ; elapsed = 00:00:12 . Memory (MB): peak = 2733.301 ; gain = 932.445 ; free physical = 42181 ; free virtual = 56723
---------------------------------------------------------------------------------
---------------------------------------------------------------------------------
Start Rebuilding User Hierarchy
---------------------------------------------------------------------------------
---------------------------------------------------------------------------------
Finished Rebuilding User Hierarchy : Time (s): cpu = 00:00:11 ; elapsed = 00:00:12 . Memory (MB): peak = 2733.301 ; gain = 932.445 ; free physical = 42181 ; free virtual = 56723
---------------------------------------------------------------------------------
---------------------------------------------------------------------------------
Start Renaming Generated Ports
---------------------------------------------------------------------------------
---------------------------------------------------------------------------------
Finished Renaming Generated Ports : Time (s): cpu = 00:00:11 ; elapsed = 00:00:12 . Memory (MB): peak = 2733.301 ; gain = 932.445 ; free physical = 42181 ; free virtual = 56723
---------------------------------------------------------------------------------
---------------------------------------------------------------------------------
Start Handling Custom Attributes
---------------------------------------------------------------------------------
---------------------------------------------------------------------------------
Finished Handling Custom Attributes : Time (s): cpu = 00:00:11 ; elapsed = 00:00:12 . Memory (MB): peak = 2733.301 ; gain = 932.445 ; free physical = 42181 ; free virtual = 56723
---------------------------------------------------------------------------------
---------------------------------------------------------------------------------
Start Renaming Generated Nets
---------------------------------------------------------------------------------
---------------------------------------------------------------------------------
Finished Renaming Generated Nets : Time (s): cpu = 00:00:11 ; elapsed = 00:00:12 . Memory (MB): peak = 2733.301 ; gain = 932.445 ; free physical = 42181 ; free virtual = 56723
---------------------------------------------------------------------------------
---------------------------------------------------------------------------------
Start Writing Synthesis Report
---------------------------------------------------------------------------------

Report BlackBoxes: 
+-+--------------+----------+
| |BlackBox name |Instances |
+-+--------------+----------+
+-+--------------+----------+

Report Cell Usage: 
+------+-----+------+
|      |Cell |Count |
+------+-----+------+
|1     |OBUF |     1|
+------+-----+------+
---------------------------------------------------------------------------------
Finished Writing Synthesis Report : Time (s): cpu = 00:00:11 ; elapsed = 00:00:12 . Memory (MB): peak = 2733.301 ; gain = 932.445 ; free physical = 42181 ; free virtual = 56723
---------------------------------------------------------------------------------
Synthesis finished with 0 errors, 0 critical warnings and 2 warnings.
Synthesis Optimization Runtime : Time (s): cpu = 00:00:10 ; elapsed = 00:00:11 . Memory (MB): peak = 2733.301 ; gain = 883.484 ; free physical = 42181 ; free virtual = 56723
Synthesis Optimization Complete : Time (s): cpu = 00:00:11 ; elapsed = 00:00:12 . Memory (MB): peak = 2733.309 ; gain = 932.445 ; free physical = 42181 ; free virtual = 56723
INFO: [Project 1-571] Translating synthesized netlist
Netlist sorting complete. Time (s): cpu = 00:00:00 ; elapsed = 00:00:00 . Memory (MB): peak = 2733.309 ; gain = 0.000 ; free physical = 42180 ; free virtual = 56723
INFO: [Project 1-570] Preparing netlist for logic optimization
Parsing XDC File [/home/researcher/cvw-release/fpga/generator/sd_poweroff_nexysvideo.xdc]
Finished Parsing XDC File [/home/researcher/cvw-release/fpga/generator/sd_poweroff_nexysvideo.xdc]
INFO: [Opt 31-138] Pushed 0 inverter(s) to 0 load pin(s).
Netlist sorting complete. Time (s): cpu = 00:00:00 ; elapsed = 00:00:00 . Memory (MB): peak = 2733.309 ; gain = 0.000 ; free physical = 42346 ; free virtual = 56891
INFO: [Project 1-111] Unisim Transformation Summary:
No Unisim elements were transformed.

Synth Design complete | Checksum: 486cdaa8
INFO: [Common 17-83] Releasing license: Synthesis
15 Infos, 4 Warnings, 0 Critical Warnings and 0 Errors encountered.
synth_design completed successfully
synth_design: Time (s): cpu = 00:00:15 ; elapsed = 00:00:15 . Memory (MB): peak = 2733.336 ; gain = 1103.504 ; free physical = 42346 ; free virtual = 56891
INFO: [Common 17-2834] synth_design peak Physical Memory [PSS] (MB): overall = 2108.688; main = 2095.140; forked = 346.469
INFO: [Common 17-2834] synth_design peak Virtual Memory [VSS] (MB): overall = 3537.043; main = 2733.301; forked = 986.555
# opt_design
Command: opt_design
Attempting to get a license for feature 'Implementation' and/or device 'xc7a200t'
INFO: [Common 17-349] Got license for feature 'Implementation' and/or device 'xc7a200t'
Running DRC as a precondition to command opt_design

Starting DRC Task
INFO: [DRC 23-27] Running DRC with 8 threads
INFO: [Project 1-461] DRC finished with 0 Errors
INFO: [Project 1-462] Please refer to the DRC report (report_drc) for more information.

Time (s): cpu = 00:00:00.19 ; elapsed = 00:00:00.19 . Memory (MB): peak = 2733.336 ; gain = 0.000 ; free physical = 42349 ; free virtual = 56895

Starting Cache Timing Information Task
INFO: [Timing 38-35] Done setting XDC timing constraints.
Ending Cache Timing Information Task | Checksum: 18c02dfef

Time (s): cpu = 00:00:02 ; elapsed = 00:00:02 . Memory (MB): peak = 2733.336 ; gain = 0.000 ; free physical = 42322 ; free virtual = 56886

Starting Logic Optimization Task

Phase 1 Initialization

Phase 1.1 Core Generation And Design Setup
Phase 1.1 Core Generation And Design Setup | Checksum: 18c02dfef

Time (s): cpu = 00:00:00 ; elapsed = 00:00:00 . Memory (MB): peak = 2811.301 ; gain = 0.000 ; free physical = 42231 ; free virtual = 56795

Phase 1.2 Setup Constraints And Sort Netlist
Phase 1.2 Setup Constraints And Sort Netlist | Checksum: 18c02dfef

Time (s): cpu = 00:00:00.01 ; elapsed = 00:00:00 . Memory (MB): peak = 2811.301 ; gain = 0.000 ; free physical = 42231 ; free virtual = 56795
Phase 1 Initialization | Checksum: 18c02dfef

Time (s): cpu = 00:00:00.01 ; elapsed = 00:00:00 . Memory (MB): peak = 2811.301 ; gain = 0.000 ; free physical = 42231 ; free virtual = 56795

Phase 2 Timer Update And Timing Data Collection

Phase 2.1 Detect if minReqCache needed
Phase 2.1 Detect if minReqCache needed | Checksum: 18c02dfef

Time (s): cpu = 00:00:00.01 ; elapsed = 00:00:00 . Memory (MB): peak = 2811.301 ; gain = 0.000 ; free physical = 42231 ; free virtual = 56795

Phase 2.2 Timer Update
Phase 2.2 Timer Update | Checksum: 18c02dfef

Time (s): cpu = 00:00:00.01 ; elapsed = 00:00:00 . Memory (MB): peak = 2811.301 ; gain = 0.000 ; free physical = 42230 ; free virtual = 56794
Phase 2 Timer Update And Timing Data Collection | Checksum: 18c02dfef

Time (s): cpu = 00:00:00.01 ; elapsed = 00:00:00 . Memory (MB): peak = 2811.301 ; gain = 0.000 ; free physical = 42230 ; free virtual = 56794

Phase 3 Retarget
INFO: [Opt 31-1851] Number of loadless carry chains removed were: 0
INFO: [Opt 31-1834] Total Chains To Be Transformed Were: 0 AND Number of Transformed insts Created are: 0
INFO: [Opt 31-138] Pushed 0 inverter(s) to 0 load pin(s).
INFO: [Opt 31-49] Retargeted 0 cell(s).
Phase 3 Retarget | Checksum: 18c02dfef

Time (s): cpu = 00:00:00.01 ; elapsed = 00:00:00.01 . Memory (MB): peak = 2811.301 ; gain = 0.000 ; free physical = 42230 ; free virtual = 56794
Retarget | Checksum: 18c02dfef
INFO: [Opt 31-389] Phase Retarget created 0 cells and removed 0 cells

Phase 4 Constant propagation
INFO: [Opt 31-138] Pushed 0 inverter(s) to 0 load pin(s).
Phase 4 Constant propagation | Checksum: 18c02dfef

Time (s): cpu = 00:00:00.01 ; elapsed = 00:00:00.01 . Memory (MB): peak = 2811.301 ; gain = 0.000 ; free physical = 42230 ; free virtual = 56794
Constant propagation | Checksum: 18c02dfef
INFO: [Opt 31-389] Phase Constant propagation created 0 cells and removed 0 cells

Phase 5 Sweep
INFO: [Constraints 18-11670] Building netlist checker database with flags, 0x8
Done building netlist checker database: Time (s): cpu = 00:00:00 ; elapsed = 00:00:00 . Memory (MB): peak = 2811.301 ; gain = 0.000 ; free physical = 42230 ; free virtual = 56794
Phase 5 Sweep | Checksum: 18c02dfef

Time (s): cpu = 00:00:00.01 ; elapsed = 00:00:00.01 . Memory (MB): peak = 2811.301 ; gain = 0.000 ; free physical = 42230 ; free virtual = 56794
Sweep | Checksum: 18c02dfef
INFO: [Opt 31-389] Phase Sweep created 0 cells and removed 0 cells

Phase 6 BUFG optimization
Phase 6 BUFG optimization | Checksum: 18c02dfef

Time (s): cpu = 00:00:00.01 ; elapsed = 00:00:00.01 . Memory (MB): peak = 2843.316 ; gain = 32.016 ; free physical = 42230 ; free virtual = 56794
BUFG optimization | Checksum: 18c02dfef
INFO: [Opt 31-662] Phase BUFG optimization created 0 cells of which 0 are BUFGs and removed 0 cells.

Phase 7 Shift Register Optimization
INFO: [Opt 31-1064] SRL Remap converted 0 SRLs to 0 registers and converted 0 registers of register chains to 0 SRLs
Phase 7 Shift Register Optimization | Checksum: 18c02dfef

Time (s): cpu = 00:00:00.01 ; elapsed = 00:00:00.01 . Memory (MB): peak = 2843.316 ; gain = 32.016 ; free physical = 42230 ; free virtual = 56794
Shift Register Optimization | Checksum: 18c02dfef
INFO: [Opt 31-389] Phase Shift Register Optimization created 0 cells and removed 0 cells

Phase 8 Post Processing Netlist
Phase 8 Post Processing Netlist | Checksum: 18c02dfef

Time (s): cpu = 00:00:00.01 ; elapsed = 00:00:00.02 . Memory (MB): peak = 2843.316 ; gain = 32.016 ; free physical = 42230 ; free virtual = 56794
Post Processing Netlist | Checksum: 18c02dfef
INFO: [Opt 31-389] Phase Post Processing Netlist created 0 cells and removed 0 cells

Phase 9 Finalization

Phase 9.1 Finalizing Design Cores and Updating Shapes
Phase 9.1 Finalizing Design Cores and Updating Shapes | Checksum: 18c02dfef

Time (s): cpu = 00:00:00.01 ; elapsed = 00:00:00.02 . Memory (MB): peak = 2843.316 ; gain = 32.016 ; free physical = 42230 ; free virtual = 56794

Phase 9.2 Verifying Netlist Connectivity

Starting Connectivity Check Task

Time (s): cpu = 00:00:00 ; elapsed = 00:00:00 . Memory (MB): peak = 2843.316 ; gain = 0.000 ; free physical = 42230 ; free virtual = 56794
Phase 9.2 Verifying Netlist Connectivity | Checksum: 18c02dfef

Time (s): cpu = 00:00:00.01 ; elapsed = 00:00:00.02 . Memory (MB): peak = 2843.316 ; gain = 32.016 ; free physical = 42230 ; free virtual = 56794
Phase 9 Finalization | Checksum: 18c02dfef

Time (s): cpu = 00:00:00.01 ; elapsed = 00:00:00.02 . Memory (MB): peak = 2843.316 ; gain = 32.016 ; free physical = 42230 ; free virtual = 56794
Opt_design Change Summary
=========================


-------------------------------------------------------------------------------------------------------------------------
|  Phase                        |  #Cells created  |  #Cells Removed  |  #Constrained objects preventing optimizations  |
-------------------------------------------------------------------------------------------------------------------------
|  Retarget                     |               0  |               0  |                                              0  |
|  Constant propagation         |               0  |               0  |                                              0  |
|  Sweep                        |               0  |               0  |                                              0  |
|  BUFG optimization            |               0  |               0  |                                              0  |
|  Shift Register Optimization  |               0  |               0  |                                              0  |
|  Post Processing Netlist      |               0  |               0  |                                              0  |
-------------------------------------------------------------------------------------------------------------------------


Ending Logic Optimization Task | Checksum: 18c02dfef

Time (s): cpu = 00:00:00.01 ; elapsed = 00:00:00.02 . Memory (MB): peak = 2843.316 ; gain = 32.016 ; free physical = 42230 ; free virtual = 56794

Starting Power Optimization Task
INFO: [Pwropt 34-132] Skipping clock gating for clocks with a period < 2.00 ns.
Ending Power Optimization Task | Checksum: 18c02dfef

Time (s): cpu = 00:00:00 ; elapsed = 00:00:00 . Memory (MB): peak = 2843.316 ; gain = 0.000 ; free physical = 42230 ; free virtual = 56794

Starting Final Cleanup Task
Ending Final Cleanup Task | Checksum: 18c02dfef

Time (s): cpu = 00:00:00 ; elapsed = 00:00:00 . Memory (MB): peak = 2843.316 ; gain = 0.000 ; free physical = 42230 ; free virtual = 56794
Netlist sorting complete. Time (s): cpu = 00:00:00 ; elapsed = 00:00:00 . Memory (MB): peak = 2843.316 ; gain = 0.000 ; free physical = 42230 ; free virtual = 56794
INFO: [Common 17-83] Releasing license: Implementation
20 Infos, 0 Warnings, 0 Critical Warnings and 0 Errors encountered.
opt_design completed successfully
# place_design
Command: place_design
Attempting to get a license for feature 'Implementation' and/or device 'xc7a200t'
INFO: [Common 17-349] Got license for feature 'Implementation' and/or device 'xc7a200t'
INFO: [Common 17-83] Releasing license: Implementation
INFO: [DRC 23-27] Running DRC with 8 threads
INFO: [Vivado_Tcl 4-198] DRC finished with 0 Errors
INFO: [Vivado_Tcl 4-199] Please refer to the DRC report (report_drc) for more information.
INFO: [Timing 38-35] Done setting XDC timing constraints.
Running DRC as a precondition to command place_design
INFO: [DRC 23-27] Running DRC with 8 threads
INFO: [Vivado_Tcl 4-198] DRC finished with 0 Errors
INFO: [Vivado_Tcl 4-199] Please refer to the DRC report (report_drc) for more information.
INFO: [Place 30-611] Multithreading enabled for place_design using a maximum of 8 CPUs

Starting Placer Task

Phase 1 Placer Initialization

Phase 1.1 Placer Initialization Netlist Sorting
Netlist sorting complete. Time (s): cpu = 00:00:00 ; elapsed = 00:00:00 . Memory (MB): peak = 2843.316 ; gain = 0.000 ; free physical = 42229 ; free virtual = 56793
Phase 1.1 Placer Initialization Netlist Sorting | Checksum: 143960547

Time (s): cpu = 00:00:00.01 ; elapsed = 00:00:00 . Memory (MB): peak = 2843.316 ; gain = 0.000 ; free physical = 42229 ; free virtual = 56793
Netlist sorting complete. Time (s): cpu = 00:00:00 ; elapsed = 00:00:00 . Memory (MB): peak = 2843.316 ; gain = 0.000 ; free physical = 42229 ; free virtual = 56793

Phase 1.2 IO Placement/ Clock Placement/ Build Placer Device
Phase 1.2 IO Placement/ Clock Placement/ Build Placer Device | Checksum: 143960547

Time (s): cpu = 00:00:00.24 ; elapsed = 00:00:00.1 . Memory (MB): peak = 2899.344 ; gain = 56.027 ; free physical = 42231 ; free virtual = 56796

Phase 1.3 Build Placer Netlist Model
Phase 1.3 Build Placer Netlist Model | Checksum: 1d65a2bdc

Time (s): cpu = 00:00:00.32 ; elapsed = 00:00:00.13 . Memory (MB): peak = 2899.344 ; gain = 56.027 ; free physical = 42231 ; free virtual = 56797

Phase 1.4 Constrain Clocks/Macros
Phase 1.4 Constrain Clocks/Macros | Checksum: 1d65a2bdc

Time (s): cpu = 00:00:00.33 ; elapsed = 00:00:00.14 . Memory (MB): peak = 2899.344 ; gain = 56.027 ; free physical = 42229 ; free virtual = 56796
Phase 1 Placer Initialization | Checksum: 1d65a2bdc

Time (s): cpu = 00:00:00.33 ; elapsed = 00:00:00.14 . Memory (MB): peak = 2899.344 ; gain = 56.027 ; free physical = 42229 ; free virtual = 56797

Phase 2 Final Placement Cleanup
Netlist sorting complete. Time (s): cpu = 00:00:00 ; elapsed = 00:00:00 . Memory (MB): peak = 2899.344 ; gain = 0.000 ; free physical = 42229 ; free virtual = 56797

Time (s): cpu = 00:00:00.33 ; elapsed = 00:00:00.14 . Memory (MB): peak = 2899.344 ; gain = 56.027 ; free physical = 42229 ; free virtual = 56797
INFO: [Place 30-281] No place-able instance is found; design doesn't contain any instance or all instances are placed
Ending Placer Task | Checksum: 143960547

Time (s): cpu = 00:00:00.33 ; elapsed = 00:00:00.14 . Memory (MB): peak = 2899.344 ; gain = 56.027 ; free physical = 42229 ; free virtual = 56797
11 Infos, 0 Warnings, 0 Critical Warnings and 0 Errors encountered.
place_design completed successfully
# route_design
Command: route_design
Attempting to get a license for feature 'Implementation' and/or device 'xc7a200t'
INFO: [Common 17-349] Got license for feature 'Implementation' and/or device 'xc7a200t'


Starting Routing Task
INFO: [Route 35-254] Multithreading enabled for route_design using a maximum of 8 CPUs

Phase 1 Build RT Design
Checksum: PlaceDB: a76b1acf ConstDB: 0 ShapeSum: 40fff14 RouteDB: 981aeb64
Post Restoration Checksum: NetGraph: 9921965a | NumContArr: 9968e465 | Constraints: c2a8fa9d | Timing: c2a8fa9d
Phase 1 Build RT Design | Checksum: 2b7dc6ff9

Time (s): cpu = 00:00:26 ; elapsed = 00:00:21 . Memory (MB): peak = 2899.344 ; gain = 0.000 ; free physical = 42223 ; free virtual = 56792

Phase 2 Router Initialization
INFO: [Route 35-64] No timing constraints were detected. The router will operate in resource-optimization mode.

Phase 2.1 Fix Topology Constraints
Phase 2.1 Fix Topology Constraints | Checksum: 2b7dc6ff9

Time (s): cpu = 00:00:26 ; elapsed = 00:00:21 . Memory (MB): peak = 2899.344 ; gain = 0.000 ; free physical = 42223 ; free virtual = 56792

Phase 2.2 Pre Route Cleanup
Phase 2.2 Pre Route Cleanup | Checksum: 2b7dc6ff9

Time (s): cpu = 00:00:26 ; elapsed = 00:00:21 . Memory (MB): peak = 2899.344 ; gain = 0.000 ; free physical = 42223 ; free virtual = 56793
 Number of Nodes with overlaps = 0

Router Utilization Summary
  Global Vertical Routing Utilization    = 0 %
  Global Horizontal Routing Utilization  = 0 %
  Routable Net Status*
  *Does not include unroutable nets such as driverless and loadless.
  Run report_route_status for detailed report.
  Number of Failed Nets               = 0
    (Failed Nets is the sum of unrouted and partially routed nets)
  Number of Unrouted Nets             = 0
  Number of Partially Routed Nets     = 0
  Number of Node Overlaps             = 0

Phase 2 Router Initialization | Checksum: 2e6a8510c

Time (s): cpu = 00:00:27 ; elapsed = 00:00:21 . Memory (MB): peak = 2899.969 ; gain = 0.625 ; free physical = 42176 ; free virtual = 56747

Phase 3 Global Routing
Phase 3 Global Routing | Checksum: 2e6a8510c

Time (s): cpu = 00:00:27 ; elapsed = 00:00:21 . Memory (MB): peak = 2899.969 ; gain = 0.625 ; free physical = 42176 ; free virtual = 56747

Phase 4 Initial Routing

Phase 4.1 Initial Net Routing Pass
 Number of Nodes with overlaps = 0
Phase 4.1 Initial Net Routing Pass | Checksum: 2e6a8510c

Time (s): cpu = 00:00:27 ; elapsed = 00:00:21 . Memory (MB): peak = 2899.969 ; gain = 0.625 ; free physical = 42176 ; free virtual = 56746
Phase 4 Initial Routing | Checksum: 2e6a8510c

Time (s): cpu = 00:00:27 ; elapsed = 00:00:21 . Memory (MB): peak = 2899.969 ; gain = 0.625 ; free physical = 42176 ; free virtual = 56746

Phase 5 Rip-up And Reroute

Phase 5.1 Global Iteration 0
Phase 5.1 Global Iteration 0 | Checksum: 2e6a8510c

Time (s): cpu = 00:00:27 ; elapsed = 00:00:21 . Memory (MB): peak = 2899.969 ; gain = 0.625 ; free physical = 42176 ; free virtual = 56746
Phase 5 Rip-up And Reroute | Checksum: 2e6a8510c

Time (s): cpu = 00:00:27 ; elapsed = 00:00:21 . Memory (MB): peak = 2899.969 ; gain = 0.625 ; free physical = 42176 ; free virtual = 56746

Phase 6 Delay and Skew Optimization
Phase 6 Delay and Skew Optimization | Checksum: 2e6a8510c

Time (s): cpu = 00:00:27 ; elapsed = 00:00:21 . Memory (MB): peak = 2899.969 ; gain = 0.625 ; free physical = 42176 ; free virtual = 56746

Phase 7 Post Hold Fix

Phase 7.1 Hold Fix Iter
Phase 7.1 Hold Fix Iter | Checksum: 2e6a8510c

Time (s): cpu = 00:00:27 ; elapsed = 00:00:21 . Memory (MB): peak = 2899.969 ; gain = 0.625 ; free physical = 42176 ; free virtual = 56746
Phase 7 Post Hold Fix | Checksum: 2e6a8510c

Time (s): cpu = 00:00:27 ; elapsed = 00:00:21 . Memory (MB): peak = 2899.969 ; gain = 0.625 ; free physical = 42176 ; free virtual = 56746

Phase 8 Route finalize

Router Utilization Summary
  Global Vertical Routing Utilization    = 0 %
  Global Horizontal Routing Utilization  = 0 %
  Routable Net Status*
  *Does not include unroutable nets such as driverless and loadless.
  Run report_route_status for detailed report.
  Number of Failed Nets               = 0
    (Failed Nets is the sum of unrouted and partially routed nets)
  Number of Unrouted Nets             = 0
  Number of Partially Routed Nets     = 0
  Number of Node Overlaps             = 0


--GLOBAL Congestion:
Utilization threshold used for congestion level computation: 0.85
Congestion Report
North Dir 1x1 Area, Max Cong = 0%, No Congested Regions.
South Dir 1x1 Area, Max Cong = 0%, No Congested Regions.
East Dir 1x1 Area, Max Cong = 0%, No Congested Regions.
West Dir 1x1 Area, Max Cong = 0%, No Congested Regions.

------------------------------
Reporting congestion hotspots
------------------------------
Direction: North
----------------
Congested clusters found at Level 0
Effective congestion level: 0 Aspect Ratio: 1 Sparse Ratio: 0
Direction: South
----------------
Congested clusters found at Level 0
Effective congestion level: 0 Aspect Ratio: 1 Sparse Ratio: 0
Direction: East
----------------
Congested clusters found at Level 0
Effective congestion level: 0 Aspect Ratio: 1 Sparse Ratio: 0
Direction: West
----------------
Congested clusters found at Level 0
Effective congestion level: 0 Aspect Ratio: 1 Sparse Ratio: 0

Phase 8 Route finalize | Checksum: 2e6a8510c

Time (s): cpu = 00:00:27 ; elapsed = 00:00:21 . Memory (MB): peak = 2899.969 ; gain = 0.625 ; free physical = 42176 ; free virtual = 56746

Phase 9 Verifying routed nets

 Verification completed successfully
Phase 9 Verifying routed nets | Checksum: 2e6a8510c

Time (s): cpu = 00:00:27 ; elapsed = 00:00:21 . Memory (MB): peak = 2899.969 ; gain = 0.625 ; free physical = 42176 ; free virtual = 56746

Phase 10 Depositing Routes
Phase 10 Depositing Routes | Checksum: 2e6a8510c

Time (s): cpu = 00:00:27 ; elapsed = 00:00:21 . Memory (MB): peak = 2899.969 ; gain = 0.625 ; free physical = 42175 ; free virtual = 56746

Phase 11 Post Process Routing
Phase 11 Post Process Routing | Checksum: 2e6a8510c

Time (s): cpu = 00:00:27 ; elapsed = 00:00:21 . Memory (MB): peak = 2899.969 ; gain = 0.625 ; free physical = 42175 ; free virtual = 56746
Total Elapsed time in route_design: 21.3 secs

Phase 12 Post-Route Event Processing
Phase 12 Post-Route Event Processing | Checksum: 12bdb7537

Time (s): cpu = 00:00:27 ; elapsed = 00:00:21 . Memory (MB): peak = 2899.969 ; gain = 0.625 ; free physical = 42175 ; free virtual = 56746
INFO: [Route 35-16] Router Completed Successfully
Ending Routing Task | Checksum: 12bdb7537

Time (s): cpu = 00:00:27 ; elapsed = 00:00:21 . Memory (MB): peak = 2899.969 ; gain = 0.625 ; free physical = 42175 ; free virtual = 56746

Routing Is Done.
INFO: [Common 17-83] Releasing license: Implementation
5 Infos, 0 Warnings, 0 Critical Warnings and 0 Errors encountered.
route_design completed successfully
route_design: Time (s): cpu = 00:00:27 ; elapsed = 00:00:21 . Memory (MB): peak = 2899.969 ; gain = 0.625 ; free physical = 42175 ; free virtual = 56745
# write_bitstream -force sd_poweroff_nexysvideo.bit
Command: write_bitstream -force sd_poweroff_nexysvideo.bit
Attempting to get a license for feature 'Implementation' and/or device 'xc7a200t'
INFO: [Common 17-349] Got license for feature 'Implementation' and/or device 'xc7a200t'
Running DRC as a precondition to command write_bitstream
INFO: [IP_Flow 19-234] Refreshing IP repositories
INFO: [IP_Flow 19-1704] No user IP repositories specified
INFO: [IP_Flow 19-2313] Loaded Vivado IP repository '/home/researcher/AMD/2025.2/data/ip'.
INFO: [DRC 23-27] Running DRC with 8 threads
INFO: [Vivado 12-3199] DRC finished with 0 Errors
INFO: [Vivado 12-3200] Please refer to the DRC report (report_drc) for more information.
Integrating Hard IP ELF/MEM with the PDI.
INFO: [Designutils 20-2272] Running write_bitstream with 8 threads.
Loading data files...
Loading site data...
Loading route data...
Processing options...
Creating bitmap...
Creating bitstream...
Writing bitstream ./sd_poweroff_nexysvideo.bit...
INFO: [Vivado 12-1842] Bitgen Completed Successfully.
INFO: [Common 17-83] Releasing license: Implementation
10 Infos, 0 Warnings, 0 Critical Warnings and 0 Errors encountered.
write_bitstream completed successfully
write_bitstream: Time (s): cpu = 00:00:05 ; elapsed = 00:00:24 . Memory (MB): peak = 3234.938 ; gain = 334.969 ; free physical = 41826 ; free virtual = 56411
INFO: [Common 17-206] Exiting Vivado at Wed Sep  9 04:27:20 2026...
