/tmp/fifo-bench --frames 180 --warmup 30 --wait spin --state-frame 0 --csv /tmp/reconfigured-case.csv --dump /tmp/reconfigured-frame.rgb565; fifo_rc=$?; if [ "$fifo_rc" = 0 ]; then printf "\nCSV_BEGIN\n"; cat /tmp/reconfigured-case.csv; printf "CSV_END\n"; fi; test "$fifo_rc" = 0; nv_status=$?; printf "\nNV_DONE_cc30af72c69c=%s\n" "$nv_status"
BEGIN_BREAKOUT frames=180 warmup=30 fixed=0 blocks=40 tiles=1 hud=1 wait=spin replay=0 state_frame=0 profile=detailed pixel_centers=1 clock_call_ns=5521
HW_COUNTERS id=46490010 words=1392820 wait_cycles=8160645 longest_wait_cycles=3934 total_cycles=259478789 cpu_hz=20000000
RESULT frames=180 elapsed_s=12.973822200 fps=13.874092 logic_ms=0.997594 api_ms=22.000847 swap_ms=43.865350 wait_ms=5.077240 worker_inclusive_ms=43.666803 upload_inclusive_ms=9.802827 write_ms=9.552625 bytes_per_frame=30951.56 p50_ms=66.878700 p95_ms=83.600600 max_ms=83.902550 late_60hz=180 first_count=35 last_count=214 state_hash=8f34e8fd remaining=38 score=20
RENDER_PATH retained=0 grouped=0 quads=13131 full_frames=180
FRAME_CHECK count=214 address=9fe00000 fnv1a=79c99b23 pixels=307200 mismatches=0
BREAKOUT_PASS

CSV_BEGIN
frame,state_hash,display_count,logic_ns,api_ns,swap_ns,wait_ns,total_ns,completion_interval_ns,polls,worker_inclusive_ns,upload_inclusive_ns,write_ns,read_ns,write_bytes,read_bytes,write_calls,read_calls
0,3724779174,35,728450,22697400,43341150,24300,66791300,66800800,0,43171000,10073950,9870150,0,31172,0,5,0
1,1709657109,36,870350,21515800,43742700,386200,66515050,66611450,73,43561200,9496100,9272200,0,31172,0,5,0
2,1894904752,37,1620000,21100100,43675350,383400,66778850,66876750,72,43493000,10006050,9784250,0,31172,0,5,0
3,3703759967,38,817500,23626300,43870750,15182400,83496950,83597050,2697,43689400,9324250,9120950,0,31172,0,5,0
4,19533624,39,841450,21306250,43448700,1178750,66775150,66879950,131,42581750,9362450,9143800,0,31172,0,5,0
5,816884773,40,815300,21277250,43604300,1077650,66774500,66875650,217,43418700,9394600,9190300,0,31172,0,5,0
6,1339236364,41,874100,21906900,43626550,15663250,82070800,83595150,2848,43449350,9512850,9299050,0,31172,0,5,0
7,3072959373,42,1389700,21106650,43737900,538000,66772250,66874600,106,43549200,10002200,9772350,0,31172,0,5,0
8,1782884746,43,838800,22068800,42734100,1137450,66779150,66879600,123,42548850,9375450,9178550,0,31172,0,5,0
9,30296781,44,812150,21845050,43624350,498950,66780500,66879050,98,43440150,9704800,9491250,0,31492,0,5,0
10,4026418858,45,1417800,23943250,43730300,14400800,83492150,83594050,2720,43544150,10072200,9865600,0,31492,0,5,0
11,2084929051,46,1398250,21434850,43701350,243050,66777500,66876700,45,43518350,10458900,10225400,0,31492,0,5,0
12,3114489770,47,843750,22052300,43629000,255700,66780750,66877050,48,43452150,10044500,9827050,0,31172,0,5,0
13,891400471,48,812800,21356250,50716800,10618600,83504450,83599550,1931,50530450,10234200,9987450,0,31172,0,5,0
14,3472773456,49,854100,21327750,43519350,1072050,66773250,66872250,216,43335700,9257950,9042550,0,31172,0,5,0
15,3010688243,50,1446350,21306750,43275700,755400,66784200,66879050,150,43091050,9734000,9490050,0,31172,0,5,0
16,2819524756,51,840900,22023050,43638850,273250,66776050,66877000,51,43462950,10044700,9827900,0,31172,0,5,0
17,3241678401,52,806900,21635550,46285350,14773150,83500950,83599150,2648,46099200,10569550,10329750,0,31172,0,5,0
18,2154316504,53,843550,21280200,43745650,903800,66773200,66872750,177,43562400,9492650,9282100,0,31172,0,5,0
19,772262681,54,1369400,21477500,43462300,472050,66781250,66877550,90,43279450,9310300,9117350,0,31172,0,5,0
20,3882818750,55,844500,22133300,43874600,16647650,83500050,83602500,3030,43694400,9897300,9677650,0,31172,0,5,0
21,521131153,56,817500,22160650,43673500,121200,66772850,66871900,19,43490450,10066750,9850200,0,31172,0,5,0
22,1838187414,57,828900,21548850,43588300,1328800,67294850,67390950,159,43409850,9496150,9280900,0,31172,0,5,0
23,840574439,58,829150,21177900,43950450,309200,66266700,66366100,57,43767750,9340850,9131800,0,31172,0,5,0
24,2879461878,59,845550,21900800,45404050,15348000,83498400,83596050,2734,45228350,9357200,9145550,0,31172,0,5,0
25,202086035,60,816950,22040650,43759150,160400,66777150,66877500,27,43578450,10017650,9792850,0,31172,0,5,0
26,959703924,61,837700,21354100,44080350,803900,67076050,67175800,51,43893650,9500500,9305100,0,31172,0,5,0
27,3795724423,62,813700,21356900,43363950,942350,66476900,66575950,185,43181600,9298750,9093100,0,31172,0,5,0
28,2500539904,63,1536200,29728150,43137750,9097350,83499450,83598200,1658,42956400,9814500,9588350,0,31172,0,5,0
29,2269000541,64,822500,21916300,44165900,16592400,83497100,83596100,2987,43975000,10017200,9790250,0,31172,0,5,0
30,1900681108,65,834250,22013650,43388200,541450,66777550,66877950,104,43209300,10051100,9848350,0,31172,0,5,0
31,3680168245,66,810400,21303950,45874750,15562650,83551750,83645850,2727,45700550,10015850,9800750,0,31172,0,5,0
32,2344329490,67,851450,21293300,43075800,1501900,66722450,66824500,298,42895950,9306400,9100900,0,31172,0,5,0
33,2130650181,68,1403100,21295400,43669900,407700,66776100,66876600,77,43478000,10089150,9863750,0,31492,0,5,0
34,906966818,69,852900,22127550,43302250,497250,66779950,66881700,95,43129800,10124650,9912100,0,31492,0,5,0
35,3939376531,70,817200,22581850,43731150,16367350,83497550,83595100,2982,43559400,10245150,10039150,0,31492,0,5,0
36,2110688546,71,873800,22243050,42897200,16792100,82806150,83596300,2940,42711850,9380650,9180600,0,31172,0,5,0
37,2695523007,72,830550,21341700,44208750,395250,66776250,66878700,74,44025850,9526100,9309400,0,31172,0,5,0
38,744447992,73,1504800,22660100,43802350,15525250,83492500,83593850,2790,43619000,9514150,9300250,0,31172,0,5,0
39,3728640411,74,817050,22026850,43683550,249450,66776900,66878000,45,43497150,10033200,9793250,0,31172,0,5,0
40,618879740,75,848550,22106300,43651400,170450,66776700,66876400,29,43465750,9905400,9135550,0,31172,0,5,0
41,1239708057,76,816650,21383800,50556750,10747700,83504900,83598750,1882,50359150,16621050,16321850,0,31172,0,5,0
42,2429742208,77,858850,21231800,43009400,1669400,66769450,66874250,332,42823150,9746200,9523500,0,31172,0,5,0
43,412095716,78,1524350,21268550,43552250,434050,66779200,66879000,82,43368800,9912850,9681200,0,31172,0,5,0
44,1226741467,79,845800,22279350,43471400,179900,66776450,66875750,31,43295750,10186300,9979450,0,31172,0,5,0
45,3288446148,80,823200,21436050,46177050,15066400,83502700,83599050,2709,45996350,10005700,9786450,0,31172,0,5,0
46,1157984843,81,838700,24296300,42991650,15513250,83639900,83739950,2778,42816100,10075250,9867400,0,31172,0,5,0
47,3877288378,82,823150,21414300,43318350,1072100,66627900,66729600,211,43134600,10045800,9804350,0,31172,0,5,0
48,4236526315,83,1535200,21265250,43116450,862900,66779800,66877150,169,42934400,10040100,9839250,0,31172,0,5,0
49,533834014,84,821150,22628950,43583850,16465500,83499450,83597900,2995,43410900,10224850,10008500,0,31172,0,5,0
50,1649361089,85,840500,21312900,43476700,1197250,66827350,66928500,132,43291650,9504100,9288500,0,31172,0,5,0
51,2486981906,86,822850,21373100,43186400,1343500,66725850,66826350,266,43000300,10036700,9817950,0,31172,0,5,0
52,1706075277,87,1929350,21254150,45040500,15273100,83497100,83595800,2736,44859450,9393100,9200100,0,31172,0,5,0
53,267972368,88,817550,21940100,43160750,858250,66776650,66875400,168,42966050,10082750,9853750,0,31172,0,5,0
54,3895401273,89,836850,22160650,43843500,16664350,83505350,83600600,3036,43661850,10595950,10394600,0,31172,0,5,0
55,605985656,90,820800,21350300,51825650,9501650,83498400,83596000,1615,51640950,9514250,9292950,0,31172,0,5,0
56,4077673024,91,890650,21392650,43333800,1155350,66772450,66873250,228,43145550,9428550,9220650,0,30852,0,5,0
57,985632231,92,1404950,21261950,43728700,387850,66783450,66881000,73,43544550,9363450,9151150,0,30852,0,5,0
58,3720590956,93,880550,22050000,43174350,669950,66774850,66873300,130,42991900,9979600,9763100,0,30852,0,5,0
59,3264032585,94,851850,23848750,43275100,15528600,83504300,83599200,2804,43095500,9992000,9762850,0,30852,0,5,0
60,395405688,95,870450,21332250,43675450,1290050,67168200,67266800,153,43475250,9440400,9232100,0,30852,0,5,0
61,32142420,96,853050,21486700,42728800,1315500,66384050,66484500,260,42545850,9835250,9606200,0,30852,0,5,0
62,1187067055,97,898650,21848750,43135600,897450,66780450,66879750,176,42951200,9997750,9789550,0,30852,0,5,0
63,459140908,98,844650,22176650,43780850,16699800,83501950,83598650,3022,43604500,10014550,9793400,0,30852,0,5,0
64,3369786495,99,872650,21361300,43131300,1567100,66932350,67033550,210,42937400,9309350,9093850,0,30852,0,5,0
65,1572434254,100,860850,21228400,43274450,1255350,66619050,66719800,248,43086200,9971800,9745300,0,30852,0,5,0
66,4107798823,101,918400,21717000,45398200,13957100,81990700,83595000,2543,45215200,9958750,9753350,0,30852,0,5,0
67,343968250,102,864100,21975350,43385050,551100,66775600,66875400,106,43191950,9993900,9767950,0,30852,0,5,0
68,3102454017,103,867000,22090350,42842350,984250,66783950,66881550,87,42662700,9455450,9263500,0,30852,0,5,0
69,3051095563,104,851400,21867700,43653500,404000,66776600,66874700,76,43465200,9552650,9342750,0,30852,0,5,0
70,2391331016,105,4054400,26011700,43437200,9994050,83497350,83597350,1845,43251300,9973850,9756000,0,30852,0,5,0
71,3869016117,106,1439600,21329450,43534500,473550,66777100,66875800,90,43345450,9994400,9774950,0,30852,0,5,0
72,1579800804,107,871900,22560350,43450900,16621000,83504150,83599800,3030,43275100,9998950,9795000,0,30852,0,5,0
73,2792341157,108,854350,21392650,45540700,15708150,83495850,83594350,2813,45362150,9958600,9734600,0,30852,0,5,0
74,714702942,109,872900,21337900,43901450,659500,66771750,66874200,128,43710550,9439300,9230100,0,30852,0,5,0
75,1092538936,110,852200,21224000,43380950,797900,66255050,66879000,156,43195600,9255350,9054350,0,30852,0,5,0
76,1561271239,111,878000,21934200,43209050,758900,66780150,66879100,148,43031950,10166600,9943700,0,31172,0,5,0
77,3798074098,112,849150,22008750,43011700,911200,66780800,66877800,73,42822600,9377650,9174600,0,31172,0,5,0
78,3022639071,113,868950,21330000,43146900,1432200,66778050,66876950,284,42953300,10016800,9079550,0,31172,0,5,0
79,2282770062,114,1473550,21443850,43171550,689600,66778550,66875750,134,42985300,9952750,9730950,0,30852,0,5,0
80,1626512457,115,877350,22276250,45949600,14393800,83497000,83595500,2565,45770600,9445500,9254650,0,30852,0,5,0
81,3156888026,116,860350,22154150,43492950,268500,66775950,66876600,49,42796700,9484750,9279250,0,30852,0,5,0
82,3038824309,117,868900,21573400,42833300,1503650,66779250,66875100,298,42648550,9368450,9178250,0,30852,0,5,0
83,1261846460,118,1418500,21268500,43735250,357300,66779550,66877300,66,43549750,9271850,9070900,0,30852,0,5,0
84,2035201521,119,878450,22724050,50840450,9061650,83504600,83602100,1653,50658900,9942500,9729500,0,30852,0,5,0
85,2164446652,120,856800,22296400,43617450,16721950,83492600,83593400,3046,43434300,10031800,9812500,0,30852,0,5,0
86,2017191835,121,862350,22490050,42372100,1053650,66778150,66876950,102,42197200,9460100,9268250,0,30852,0,5,0
87,3029138484,122,855700,21556500,45891000,15310450,83613650,83714000,2764,45716550,10142650,9921750,0,30852,0,5,0
88,50355403,123,882150,21344300,42878850,1551550,66656850,66758600,308,42698200,9675300,9447100,0,30852,0,5,0
89,654213990,124,1566000,21811300,43081150,319100,66777550,66879200,59,42898300,9937350,9715350,0,30852,0,5,0
90,2360099787,125,876800,22160600,42823800,913450,66774650,66873900,73,42647350,9481000,9275450,0,30852,0,5,0
91,2424818746,126,853250,21404700,43155650,1367350,66780950,66881100,271,42966900,9243050,9040700,0,30852,0,5,0
92,1971386461,127,1426900,21709850,42625450,1011850,66774050,66872750,199,42443600,9956600,9732550,0,30852,0,5,0
93,3386045126,128,861400,22403800,43321250,190050,66776500,66878300,33,43136400,10108400,9874350,0,30852,0,5,0
94,1429641961,129,875200,22223300,42126450,1627100,66852050,66956400,224,41950650,9131950,8926400,0,30852,0,5,0
95,3022846880,130,855700,23717150,43749650,15476950,83799450,83902550,2773,43576050,10005800,9798250,0,30852,0,5,0
96,1601897261,131,925350,21577650,43617950,16279050,82400000,83212550,2943,43439600,9460500,9240250,0,30852,0,5,0
97,1229951528,132,1385900,21389850,43061050,938200,66775000,66878600,184,42877700,9971250,9741500,0,30852,0,5,0
98,4065171759,133,875500,22686750,51007150,8928600,83498000,83598350,1628,50829050,9932300,9723300,0,30852,0,5,0
99,1034325744,134,858550,22238300,42412950,1263500,66773300,66877600,143,42232450,9332350,9126300,0,30852,0,5,0
100,14078671,135,867500,21435850,43260750,1208850,66772950,66873400,239,43068350,9707100,9504450,0,31172,0,5,0
101,4024270554,136,1410700,21405050,47027400,13658750,83501900,83599650,2499,46841350,11366000,11138800,0,31172,0,5,0
102,896191351,137,1438200,21484250,43210050,641350,66773850,66874550,124,43024850,10128950,9911800,0,31172,0,5,0
103,2131384102,138,864400,22153400,43865150,16614250,83497200,83595400,3023,43684950,9967650,9747700,0,30852,0,5,0
104,2586210593,139,872100,22338100,42420850,1145100,66776150,66878500,120,42232200,9314900,9109600,0,30852,0,5,0
105,591918370,140,858600,21515600,43107350,1290250,66771800,66875050,255,42927350,9286850,9068950,0,30852,0,5,0
106,8814317,141,1469700,21191800,43300400,812950,66774850,66876400,158,43112750,9833200,9609100,0,30852,0,5,0
107,2340504196,142,864450,22188800,43434550,290850,66778650,66879550,53,43246950,9962150,9742700,0,30852,0,5,0
108,3523076009,143,867700,22337800,42378200,1437900,67021600,67120700,177,42202350,9432550,9227800,0,30852,0,5,0
109,1961669028,144,868150,23740850,43734550,14907800,83251350,83353450,2761,43551250,10018900,9801400,0,30852,0,5,0
110,1037581603,145,1292100,21522050,42875300,1087700,66777150,66877850,214,42686500,9828000,9602500,0,30852,0,5,0
111,2701024588,146,854900,22312100,43471000,133400,66771400,66873800,21,43287300,9947200,9729100,0,30852,0,5,0
112,215037203,147,873350,22124700,50802350,9691900,83492300,83599850,1689,50621500,9421700,9224350,0,30852,0,5,0
113,3696282862,148,860300,21648450,43593350,1084000,67186100,67287250,107,43402300,9603650,9383400,0,30852,0,5,0
114,2829142928,149,872150,21463950,42870500,1159350,66365950,66465200,228,42673100,9799600,9566650,0,30852,0,5,0
115,3204762949,150,855950,22111300,43781550,16748950,83497750,83598550,3020,43586500,9824200,9590100,0,30852,0,5,0
116,3297489190,151,867550,24088000,43287700,15246300,83489550,83595850,2736,43103850,9339800,9126250,0,30852,0,5,0
117,1691704917,152,852500,22312850,43429350,177950,66772650,66876500,30,43244800,10034300,9809700,0,30852,0,5,0
118,663957814,153,873400,22691900,42175200,1035750,66776250,66874350,204,41996250,9167950,8951000,0,30852,0,5,0
119,3058583827,154,856900,21395350,43237750,750500,66240500,66878050,146,43049550,9990250,9028500,0,30852,0,5,0
120,838545270,155,873600,21970700,43391100,539250,66774650,66876850,103,43205500,9972650,9763650,0,30852,0,5,0
121,3608912039,156,857900,22721300,43297350,16622950,83499500,83599050,3030,43118350,9974050,9770350,0,30852,0,5,0
122,4080159716,157,874250,21416000,43166950,1666700,67123900,67226250,227,42973650,9132550,8916350,0,30852,0,5,0
123,1056027075,158,855550,24057600,43672800,14561400,83147350,83247250,2672,43483150,10401900,10186550,0,30852,0,5,0
124,4057021248,159,1346150,21368900,43129150,929100,66773300,66876450,182,42947450,10004400,9779550,0,31172,0,5,0
125,2686741161,160,852800,22317350,43505650,16818100,83493900,83596950,3033,43315150,9996650,9779500,0,31172,0,5,0
126,3870849660,161,906150,22145850,51655300,8070300,82777600,83598300,1441,51469950,9831100,9598300,0,31172,0,5,0
127,293449641,162,869450,22359000,42646150,898800,66773400,66876750,68,42462250,9586000,9377250,0,30852,0,5,0
128,596064266,163,880250,21435550,43315250,1140000,66771050,66873850,230,43127350,9345750,9143300,0,30852,0,5,0
129,3715495249,164,1478350,21386800,43510000,399350,66774500,66875750,77,43326700,9123850,8920300,0,30852,0,5,0
130,244680018,165,880700,23872650,42876800,15867450,83497600,83601250,2903,42697650,9278200,9091300,0,30852,0,5,0
131,4080661783,166,863050,22118300,43477950,314100,66773400,66874950,59,43298000,9989550,9776900,0,30852,0,5,0
132,4006730450,167,865350,21340850,43631200,946300,66783700,66877000,190,43444800,9424750,9220500,0,30852,0,5,0
133,3864584507,168,1441800,21505750,43306200,522000,66775750,66875550,102,43120600,10138550,9902950,0,30852,0,5,0
134,2711027320,169,888950,22007850,43373950,509100,66779850,66878900,97,43182850,9960900,9752200,0,30852,0,5,0
135,4099079087,170,850100,21358050,43709050,939450,66856650,66955250,78,43521850,9322400,9116950,0,30852,0,5,0
136,565333772,171,872850,21430450,42757800,1636800,66697900,66797950,332,42569250,9824900,9591850,0,30852,0,5,0
137,1028518269,172,1691050,21195050,45043300,15567500,83496900,83597100,2860,44865450,9323100,8336750,0,30852,0,5,0
138,2252688136,173,867750,22260750,43139450,510800,66778750,66878950,100,42962000,9958550,9741400,0,30852,0,5,0
139,578597309,174,857500,22379800,43392850,148100,66778250,66877000,25,42698450,9621600,9409900,0,30852,0,5,0
140,3624439358,175,866850,21349100,43071050,1490950,66777950,66873150,296,42884500,9979100,9049000,0,30852,0,5,0
141,3514067501,176,1469450,29871100,42976900,9180050,83497500,83598750,1650,42789250,9936350,9702700,0,30852,0,5,0
142,2741972910,177,1519150,21196000,43472200,585650,66773000,66875050,113,43288050,9950250,9733400,0,30852,0,5,0
143,28497579,178,864450,22181350,42577650,1156700,66780150,66878700,123,42391150,9308550,9098400,0,30852,0,5,0
144,466729326,179,866050,21797050,45312000,15521850,83496950,83596800,2778,45141300,10001700,9794250,0,30852,0,5,0
145,3425349295,180,858600,21274750,43416450,1226700,66776500,66877950,242,43235950,9257650,9050200,0,30852,0,5,0
146,1537640620,181,1555850,21158150,43255200,809250,66778450,66875850,158,43077850,9940100,9723300,0,30852,0,5,0
147,1853842891,182,859350,22654850,43460300,16518350,83492850,83597000,3008,43277300,10114450,9902500,0,30852,0,5,0
148,1177024904,183,873300,22061000,42862400,978300,66775000,66876600,85,42681200,9520000,9314100,0,31172,0,5,0
149,4106734849,184,885650,21501200,43258750,1131100,66776700,66876050,223,43066700,9306200,9097900,0,31172,0,5,0
150,2025356500,185,1888100,21321350,43241900,328150,66779500,66878750,61,43055950,9297000,9110900,0,31172,0,5,0
151,2189605121,186,862700,22148800,45237600,15249550,83498650,83597650,2739,45059050,9436450,9220900,0,30852,0,5,0
152,4086136290,187,878150,22182650,43348650,367650,66777100,66876200,69,42648700,9977750,9769900,0,30852,0,5,0
153,4036669705,188,853300,21430050,43538050,961250,66782650,66874450,188,43346800,9458700,9236900,0,30852,0,5,0
154,4167980074,189,1435200,21250400,43098650,996350,66780600,66879100,196,42913950,9820100,9592400,0,30852,0,5,0
155,51187407,190,859200,22159500,51598350,8881700,83498750,83599750,1618,51409400,10434350,10220600,0,30852,0,5,0
156,2242638442,191,877650,22082450,43473700,342800,66776600,66876150,64,43297400,10008050,9792350,0,30852,0,5,0
157,2730108163,192,846300,24086400,43075500,15489950,83498150,83595450,2771,42896150,9959200,9735250,0,30852,0,5,0
158,2718743917,193,869950,21395550,46361900,14891950,83519350,83619350,2673,46174750,9963900,9733950,0,30852,0,5,0
159,3391709842,194,862900,21557450,42825700,1506550,66752600,66852850,299,42648850,9864450,9631450,0,30852,0,5,0
160,1164604273,195,1639750,21283350,43230550,626850,66780500,66878450,124,43050650,9951700,9737850,0,30852,0,5,0
161,2148591176,196,866400,22247150,43781300,16603400,83498250,83595550,3062,43601300,9996800,9772600,0,30852,0,5,0
162,4192737573,197,864900,22050800,42564400,1296500,66776600,66876750,155,42387400,9454500,9237100,0,30852,0,5,0
163,535584840,198,866850,21354000,43225550,1333600,66780000,66878300,264,43041100,9263700,9067900,0,30852,0,5,0
164,3430794475,199,1520600,21758150,42773650,725450,66777850,66874950,141,42588650,9986900,9770100,0,30852,0,5,0
165,776323552,200,863250,22385650,45184100,15069500,83502500,83601500,2694,45008450,11784750,11525700,0,30852,0,5,0
166,3330991427,201,881550,22085850,42563050,1245900,66776350,66873300,140,42373450,9327500,9125500,0,30852,0,5,0
167,3282074430,202,856700,21873350,43341000,704700,66775750,66875350,137,43160200,9571800,9363200,0,30852,0,5,0
168,2597814595,203,1475800,21213750,43194550,897850,66781950,66879300,176,43009750,9979450,9754850,0,30852,0,5,0
169,2225601370,204,864800,22074150,50958900,9604900,83502750,83599850,1770,50269800,9327800,8536650,0,30852,0,5,0
170,3716853465,205,868750,22637100,43117200,147250,66770300,66871850,24,42939450,10008600,9804400,0,30852,0,5,0
171,1080675697,206,863700,21272400,42477500,2171100,66784700,66880750,433,42291850,9674600,8748250,0,30212,0,5,0
172,219920238,207,868300,21100700,42564750,1759150,66292900,66876650,350,42382700,9870350,9662650,0,30212,0,5,0
173,3070385651,208,850950,23862000,42512550,16273200,83498700,83594600,2950,42333700,9280850,9072250,0,30212,0,5,0
174,2609556270,209,863950,21810200,42067700,2036750,66778600,66877600,308,41885600,9206700,8223600,0,30212,0,5,0
175,141401383,210,852400,21236350,42567900,2846700,67503350,67602000,398,42377500,9041800,8850000,0,30212,0,5,0
176,3034105280,211,867600,21223950,42607650,1350500,66049700,66149950,273,42427150,9705350,9476850,0,30212,0,5,0
177,3029196371,212,854600,21811850,42999400,1116950,66782800,66880250,220,42814700,9895950,9685950,0,30212,0,5,0
178,699378668,213,861400,22011400,42026100,1886800,66785700,66880000,281,41846600,9183200,8969050,0,30212,0,5,0
179,2402609405,214,849850,21678200,42680450,1563250,66771750,66871800,317,42494350,10009500,9094400,0,30212,0,5,0
CSV_END

NV_DONE_cc30af72c69c=0
# 
CAPTURE: {"label": "reconfigured-fifo16-r0-s0-full", "elapsed_seconds": 26.808143970999936, "bytes_received": 21773, "command": "/tmp/fifo-bench --frames 180 --warmup 30 --wait spin --state-frame 0 --csv /tmp/reconfigured-case.csv --dump /tmp/reconfigured-frame.rgb565; fifo_rc=$?; if [ \"$fifo_rc\" = 0 ]; then printf \"\\nCSV_BEGIN\\n\"; cat /tmp/reconfigured-case.csv; printf \"CSV_END\\n\"; fi; test \"$fifo_rc\" = 0", "command_exit": 0, "login_sent": false, "log": "/path/to/research/experiments/fifo-study-20261008/20261008T123410Z-reconfigured-fifo16-r0-s0-full.raw"}
