/tmp/fifo-bench --frames 180 --warmup 30 --wait spin --state-frame 0 --csv /tmp/reconfigured-case.csv; fifo_rc=$?; if [ "$fifo_rc" = 0 ]; then printf "\nCSV_BEGIN\n"; cat /tmp/reconfigured-case.csv; printf "CSV_END\n"; fi; test "$fifo_rc" = 0; nv_status=$?; printf "\nNV_DONE_7294abb136fe=%s\n" "$nv_status"
BEGIN_BREAKOUT frames=180 warmup=30 fixed=0 blocks=40 tiles=1 hud=1 wait=spin replay=0 state_frame=0 profile=detailed pixel_centers=1 clock_call_ns=5924
HW_COUNTERS id=46490010 words=1392820 wait_cycles=8155488 longest_wait_cycles=3925 total_cycles=268172633 cpu_hz=20000000
RESULT frames=180 elapsed_s=13.408514150 fps=13.424306 logic_ms=1.019421 api_ms=22.120061 swap_ms=43.934358 wait_ms=7.279707 worker_inclusive_ms=43.697450 upload_inclusive_ms=9.861189 write_ms=9.563732 bytes_per_frame=30951.56 p50_ms=67.125950 p95_ms=83.600350 max_ms=84.255700 late_60hz=180 first_count=891 last_count=1070 state_hash=8f34e8fd remaining=38 score=20
RENDER_PATH retained=0 grouped=0 quads=13131 full_frames=180
BREAKOUT_PASS

CSV_BEGIN
frame,state_hash,display_count,logic_ns,api_ns,swap_ns,wait_ns,total_ns,completion_interval_ns,polls,worker_inclusive_ns,upload_inclusive_ns,write_ns,read_ns,write_bytes,read_bytes,write_calls,read_calls
0,3724779174,891,1454600,21366400,43612150,16799250,83232400,83243400,3124,43419800,9720450,9502950,0,31172,0,5,0
1,1709657109,892,913700,22365900,44324100,15892700,83496400,83599650,2939,44131250,10177650,9942100,0,31172,0,5,0
2,1894904752,893,885100,22282900,45535050,14793050,83496100,83596000,2682,45339950,9335500,8547100,0,31172,0,5,0
3,3703759967,894,838500,22205150,43884100,16567500,83495250,83595650,3005,43696600,10049400,9807600,0,31172,0,5,0
4,19533624,895,886200,21613550,43793700,864050,67157500,67265450,65,43603900,9529900,9326700,0,31172,0,5,0
5,816884773,896,836150,21501300,43466600,577600,66381650,66484600,114,43278200,9376050,9143400,0,31172,0,5,0
6,1339236364,897,1720250,21457400,44006550,15628050,82812250,83597550,2883,43831850,9846250,9614050,0,31172,0,5,0
7,3072959373,898,833050,24351550,43684750,14629750,83499100,83598200,2673,42769500,9625700,9400050,0,31172,0,5,0
8,1782884746,899,870300,22157700,43804950,16666400,83499350,83599200,2760,43613150,10053000,9823550,0,31172,0,5,0
9,30296781,900,859100,22554950,43974150,16098000,83486200,83595500,2983,43789600,10101000,9866700,0,31492,0,5,0
10,4026418858,901,888450,22346700,42790100,1005500,67030750,67131350,92,42614050,9573650,9342500,0,31492,0,5,0
11,2084929051,902,847300,21477500,43432750,760900,66518450,66620750,151,43234650,9408500,9182600,0,31492,0,5,0
12,3114489770,903,1584250,21659750,51256700,9000200,83500900,83599100,1673,51059150,9828200,9593650,0,31172,0,5,0
13,891400471,904,857800,22063050,43900850,16673500,83495200,83596250,3100,43711500,10154500,9923250,0,31172,0,5,0
14,3472773456,905,871100,22075450,44245800,16302100,83494450,83594750,2997,44059200,10000200,9776850,0,31172,0,5,0
15,3010688243,906,837100,22216400,45850550,14589300,83493350,83595350,2667,45653800,9471400,9246600,0,31172,0,5,0
16,2819524756,907,860300,22265950,42885750,873300,66885300,66984950,67,42697350,9393350,9173600,0,31172,0,5,0
17,3241678401,908,838950,21495900,43916150,417350,66668350,66768450,81,43723500,9350750,9137950,0,31172,0,5,0
18,2154316504,909,1567200,21369950,43411450,429950,66778550,66876900,83,43217900,9885350,9657250,0,31172,0,5,0
19,772262681,910,836700,22242000,43866450,16556650,83501800,83600850,3048,43679100,10064800,9839550,0,31172,0,5,0
20,3882818750,911,869200,22581200,43779850,16259750,83490000,83591850,3016,43598800,10056250,9843650,0,31172,0,5,0
21,521131153,912,839100,21542750,43803700,990050,67175600,67275850,67,43618550,9539450,9311100,0,31172,0,5,0
22,1838187414,913,873350,21393350,45955850,14872750,83095300,83198100,2728,45758300,10044250,9820800,0,31172,0,5,0
23,840574439,914,1294450,21574050,43569700,336000,66774200,66878150,64,43388750,9387750,9154350,0,31172,0,5,0
24,2879461878,915,888250,22329150,43718550,16563150,83499100,83596900,3073,43525700,10178900,9963600,0,31172,0,5,0
25,202086035,916,846050,22161850,52242150,8246700,83496750,83597850,1489,52048700,10049450,9827550,0,31172,0,5,0
26,959703924,917,870650,22046300,42891650,961950,66770550,66872550,85,42707850,9402050,9192300,0,31172,0,5,0
27,3795724423,918,845100,21372050,43903700,657150,66778000,66877100,130,43717050,9524300,9287300,0,31172,0,5,0
28,2500539904,919,1467450,21529800,43780800,16721150,83499200,83598250,3076,43591550,9353900,9143450,0,31172,0,5,0
29,2269000541,920,1445300,24069900,43103350,14876100,83494650,83598150,2716,42915550,9493450,9278100,0,31172,0,5,0
30,1900681108,921,875100,22177050,43521500,201600,66775250,66874800,36,43327350,10157000,9927500,0,31172,0,5,0
31,3680168245,922,841950,22578000,43667700,16409850,83497500,83597550,3047,43490250,10062650,9830250,0,31172,0,5,0
32,2344329490,923,873450,22398100,42773400,1074700,67119650,67220450,102,42582100,9643900,9412350,0,31172,0,5,0
33,2130650181,924,851750,21449450,44041550,16813150,83155900,83256050,3038,43840350,9595400,9377850,0,31492,0,5,0
34,906966818,925,1330000,21633050,43579950,225450,66768450,66875200,41,43389900,9373500,9147300,0,31492,0,5,0
35,3939376531,926,835500,22327600,43704550,16627200,83494850,83596550,2733,43510450,9961700,9736200,0,31492,0,5,0
36,2110688546,927,1784600,21571900,43596950,15826000,82779450,83597900,2893,43411900,10050400,9835250,0,31172,0,5,0
37,2695523007,928,842800,22219950,43607100,16822900,83492750,83597250,3137,43419250,10071600,9829650,0,31172,0,5,0
38,744447992,929,881450,22355350,43022950,718000,66977750,67077750,29,42828950,9674650,9474050,0,31172,0,5,0
39,3728640411,930,857400,29568050,43811100,9056050,83292600,83392100,1680,43624300,9537100,9313300,0,31172,0,5,0
40,618879740,931,877850,21633500,43449300,405850,66366500,66877150,78,43261900,9413300,9190500,0,31172,0,5,0
41,1239708057,932,833150,22279800,43695900,16692200,83501050,83599100,3020,43493300,10042800,9819650,0,31172,0,5,0
42,2429742208,933,871750,22305850,45380400,14931700,83489700,83593250,2703,45180600,9525050,9306900,0,31172,0,5,0
43,412095716,934,839150,22016900,43656550,265450,66778050,66879050,49,43482550,10087550,9837700,0,31172,0,5,0
44,1226741467,935,877800,21372950,44174100,357000,66781850,66876000,68,43976100,9537150,9321000,0,31172,0,5,0
45,3288446148,936,1419800,21522650,43586650,251100,66780200,66878500,46,43396950,9485950,9257500,0,31172,0,5,0
46,1157984843,937,868450,22091550,43607600,206600,66774200,66874200,37,43423050,10041600,9829100,0,31172,0,5,0
47,3877288378,938,841950,21442150,44664400,25050,66973550,67071450,0,43230000,9589100,9362550,0,31172,0,5,0
48,4236526315,939,878000,21580050,43676350,453650,66588050,66684350,88,43483500,9530150,9306100,0,31172,0,5,0
49,533834014,940,1558150,21561950,44934050,15444650,83498800,83596650,2832,44749550,11567500,11286450,0,31172,0,5,0
50,1649361089,941,866350,21943350,43897950,16794500,83502150,83599600,3091,43695750,9879000,9661100,0,31172,0,5,0
51,2486981906,942,847350,22161650,43701200,16780950,83491150,83593600,3119,43505100,10060400,9842100,0,31172,0,5,0
52,1706075277,943,875900,22297500,49324750,10997200,83495350,83596900,2001,49113250,15928550,12438650,0,31172,0,5,0
53,267972368,944,864050,22393700,43692650,16549100,83499500,83598700,3077,43495500,10050700,9828450,0,31172,0,5,0
54,3895401273,945,869000,21664050,43830450,810750,67174250,67273750,52,42931450,9563100,9342950,0,31172,0,5,0
55,605985656,946,859950,21441250,44055100,16739450,83095750,83196750,3110,43863300,9860850,9638450,0,31172,0,5,0
56,4077673024,947,2692050,22377500,42826650,15605650,83501850,83599850,2868,42648750,9637450,9419050,0,30852,0,5,0
57,985632231,948,1492900,21372300,43373900,535500,66774600,66875000,105,43186450,9831700,9610850,0,30852,0,5,0
58,3720590956,949,895950,22258000,43900500,16441500,83495950,83598000,3052,43714500,10124700,9904900,0,30852,0,5,0
59,3264032585,950,886800,22105050,45164500,15334650,83491000,83592950,2818,44982000,9991600,9061300,0,30852,0,5,0
60,395405688,951,911150,22335600,42647350,1131850,67025950,67125950,121,42462650,9465050,9232450,0,30852,0,5,0
61,32142420,952,864900,21730400,43752200,180150,66527650,66627850,31,43563200,9483250,9268300,0,30852,0,5,0
62,1187067055,953,1630350,21289250,44874400,15705350,83499350,83597300,2861,44694250,11524350,11256050,0,30852,0,5,0
63,459140908,954,878750,21945000,43604150,349400,66777300,66876450,66,43413800,10303850,10068250,0,30852,0,5,0
64,3369786495,955,901950,22130200,42680750,1086000,66798900,66892750,112,42499550,9481000,9249800,0,30852,0,5,0
65,1572434254,956,878450,21541500,43069850,1268400,66758200,66859900,256,42885000,9153850,8365600,0,30852,0,5,0
66,4107798823,957,951500,21518100,51753800,7656800,81880200,83602250,1369,51571350,9594900,9371500,0,30852,0,5,0
67,343968250,958,880850,22008950,43371150,511950,66772900,66875000,100,43176200,9975100,9740050,0,30852,0,5,0
68,3102454017,959,894550,22409200,43337250,132200,66773200,66873450,22,43151100,9985500,8669600,0,30852,0,5,0
69,3051095563,960,865750,21327850,43375700,1212450,66781750,66877400,244,43189950,9437750,8361050,0,30852,0,5,0
70,2391331016,961,1589950,24004200,43340500,14568050,83502700,83601950,2725,43146350,9980650,9769200,0,30852,0,5,0
71,3869016117,962,1529700,21374750,43226100,637900,66768450,66871450,126,43038500,9970200,9737800,0,30852,0,5,0
72,1579800804,963,898750,22202650,43780350,16621050,83502800,83600350,3089,43594250,10051050,9835100,0,30852,0,5,0
73,2792341157,964,869200,22260550,42811750,837000,66778500,66879000,62,42631950,9337450,9109950,0,30852,0,5,0
74,714702942,965,922800,21371000,43127400,1349800,66771000,66870950,273,42937900,9143650,8391150,0,30852,0,5,0
75,1092538936,966,1519650,21381300,43700400,177950,66779300,66879250,31,43514250,9267250,9062600,0,30852,0,5,0
76,1561271239,967,899800,22289400,43598700,16709700,83497600,83597700,3026,43412400,10185650,9971200,0,31172,0,5,0
77,3798074098,968,896150,23420800,43312250,15868100,83497300,83599150,2908,43126750,9854900,9636050,0,31172,0,5,0
78,3022639071,969,923950,22640300,43475750,16452250,83492250,83593950,3058,43297950,10044400,9828900,0,31172,0,5,0
79,2282770062,970,871950,21490250,43022600,1394050,66778850,66877600,282,42836000,9271850,9040350,0,30852,0,5,0
80,1626512457,971,910300,28929650,43295600,9856450,82992000,83593650,1769,43106050,9975700,9755400,0,30852,0,5,0
81,3156888026,972,1413850,21427050,43159500,770450,66770850,66876300,153,42966750,9970700,9751650,0,30852,0,5,0
82,3038824309,973,897100,22258650,43432950,191750,66780450,66881050,34,43239350,10138950,9909700,0,30852,0,5,0
83,1261846460,974,878800,21552100,45803850,15263800,83498550,83595700,2784,45619200,11630550,9364450,0,30852,0,5,0
84,2035201521,975,909750,21512900,43488200,861000,66771850,66874550,172,43302000,9444700,9221400,0,30852,0,5,0
85,2164446652,976,1538550,21401650,43399250,440250,66779700,66878650,85,43209050,9308150,9107850,0,30852,0,5,0
86,2017191835,977,899450,22077000,43502900,293850,66773200,66875450,55,43310500,10343300,10101950,0,30852,0,5,0
87,3029138484,978,870800,21410550,43516100,1073200,66870650,66967150,109,42463700,9458350,9229300,0,30852,0,5,0
88,50355403,979,900100,21606850,42976700,1204400,66688050,66787400,242,42783750,9237550,8457550,0,30852,0,5,0
89,654213990,980,1584700,21400200,43560900,230250,66776050,66877850,42,43367750,10249350,10026350,0,30852,0,5,0
90,2360099787,981,901300,22124650,43289350,462200,66777500,66879450,90,43115150,9852150,9116600,0,30852,0,5,0
91,2424818746,982,871200,23924750,43541700,15162800,83500450,83597550,2784,43357950,10069000,9838750,0,30852,0,5,0
92,1971386461,983,905250,21402100,43414500,1049900,66771750,66876250,211,43234200,9230250,9007050,0,30852,0,5,0
93,3386045126,984,1504750,21509950,43021350,738950,66775000,66875750,147,42823350,9979150,9731000,0,30852,0,5,0
94,1429641961,985,904800,22313750,53280800,6998550,83497900,83599850,1253,53088400,12160050,11883100,0,30852,0,5,0
95,3022846880,986,892500,22177300,43957400,16464300,83491500,83593800,3028,43767850,10014300,9789050,0,30852,0,5,0
96,1601897261,987,920200,22215200,42847800,823850,66807050,66913500,58,42662700,9486350,9282650,0,30852,0,5,0
97,1229951528,988,920050,21691750,43466000,17379900,83457700,84255700,2818,42544050,9332200,9131750,0,30852,0,5,0
98,4065171759,989,936050,21800100,43267850,16782100,82786100,82898950,3115,43079550,9321850,9105850,0,30852,0,5,0
99,1034325744,990,1372300,21520900,43011500,871250,66775950,66876550,174,42824250,9953750,9719600,0,30852,0,5,0
100,14078671,991,898600,22254800,43189050,434750,66777200,66877950,84,43004350,10185400,9966850,0,31172,0,5,0
101,4024270554,992,869100,22609550,43523100,23250,67025000,67121700,0,42814300,9538650,9324100,0,31172,0,5,0
102,896191351,993,898100,21450900,43169150,1013600,66531750,66630550,203,42978850,9196200,8425800,0,31172,0,5,0
103,2131384102,994,1620600,21549800,43281400,327700,66779500,66880100,62,43083200,10093700,9872750,0,30852,0,5,0
104,2586210593,995,900450,22599600,43461400,16537200,83498650,83597900,3068,43272350,9987950,9776000,0,30852,0,5,0
105,591918370,996,869300,23973000,42948450,15702950,83493700,83595800,2868,42759600,9951800,9722750,0,30852,0,5,0
106,8814317,997,919300,21512100,43986050,762100,67179550,67282850,42,43798750,9875100,9633850,0,30852,0,5,0
107,2340504196,998,866700,21433650,43340750,726200,66367300,66467300,144,43146700,9312150,9100450,0,30852,0,5,0
108,3523076009,999,1598500,21537550,50919400,9442400,83497850,83599750,1766,50722650,10007850,9772200,0,30852,0,5,0
109,1961669028,1000,872550,22165500,43834250,16620550,83492850,83594950,3059,43643250,9813750,9584700,0,30852,0,5,0
110,1037581603,1001,903600,22215350,43600600,16773250,83492800,83596400,3120,43409900,10013350,9788500,0,30852,0,5,0
111,2701024588,1002,868500,22389350,45320100,14917900,83495850,83597750,2689,45127850,9245700,9030400,0,30852,0,5,0
112,215037203,1003,904750,22583400,43546000,23350,67057500,67158950,0,42833800,9482600,9282300,0,30852,0,5,0
113,3696282862,1004,867700,21423650,44968500,15955850,83215700,83314300,2777,44783150,10853500,10600750,0,30852,0,5,0
114,2829142928,1005,1383300,21399800,43600900,391150,66775150,66877000,75,43408250,10290250,9347450,0,30852,0,5,0
115,3204762949,1006,872750,22091000,43593200,219900,66776850,66879100,40,43398950,9958700,9724700,0,30852,0,5,0
116,3297489190,1007,894350,22430750,42646300,958750,66930150,67029950,58,42449150,9346200,9127900,0,30852,0,5,0
117,1691704917,1008,863800,21508850,43396400,850450,66619500,66721750,170,43194600,9290650,9075550,0,30852,0,5,0
118,663957814,1009,1581750,21754100,44765400,15393750,83495000,83595550,2786,44583900,11532750,11272500,0,30852,0,5,0
119,3058583827,1010,875150,22122900,43367050,410850,66775950,66878900,79,43181050,10086350,9861700,0,30852,0,5,0
120,838545270,1011,894200,22257300,43925400,16418450,83495350,83598250,3048,43747150,10418750,10200250,0,30852,0,5,0
121,3608912039,1012,863750,22323150,42657000,1149650,66993550,67097050,119,42479400,9575900,9343800,0,30852,0,5,0
122,4080159716,1013,909150,28856900,43062800,10441700,83270550,83373600,1970,42867800,9974350,9752000,0,30852,0,5,0
123,1056027075,1014,875750,21513200,43651500,322650,66363100,66876000,61,43455950,9287000,9074450,0,30852,0,5,0
124,4057021248,1015,894100,22236150,43476850,172250,66779350,66880300,30,43280500,9997550,9778050,0,31172,0,5,0
125,2686741161,1016,872550,22198800,44878700,15544000,83494050,83597750,2862,44698450,9884350,9656350,0,31172,0,5,0
126,3870849660,1017,933500,21649150,44591550,16320750,83494950,83597750,3040,43169250,9669250,9453950,0,31172,0,5,0
127,293449641,1018,943000,22425350,43522950,15893250,82784550,83591000,2919,42843150,9483400,9267650,0,30852,0,5,0
128,596064266,1019,921350,21720250,43305250,829350,66776200,66880000,165,43119400,9295150,9066800,0,30852,0,5,0
129,3715495249,1020,1898200,21689700,43055300,130950,66774150,66875600,21,42863150,9137950,8373550,0,30852,0,5,0
130,244680018,1021,893200,22570000,42818400,491200,66772800,66876200,96,42638100,9349000,9117100,0,30852,0,5,0
131,4080661783,1022,877500,21855450,43433950,613250,66780150,66876900,121,42520300,9459800,9243850,0,30852,0,5,0
132,4006730450,1023,912900,21988150,45634750,14443800,82979600,83601750,2717,45440000,9979650,9757950,0,30852,0,5,0
133,3864584507,1024,1436200,21702550,43273250,357750,66769750,66871700,68,43077600,10116000,9883050,0,30852,0,5,0
134,2711027320,1025,898950,22390650,43715500,16492300,83497400,83599700,3038,43531100,10313100,10101950,0,30852,0,5,0
135,4099079087,1026,871800,22500500,43444750,16681250,83498300,83598650,1697,43249900,10112050,9868450,0,30852,0,5,0
136,565333772,1027,952250,22256800,42697050,861700,66767800,66883950,64,42505750,9476350,9256050,0,30852,0,5,0
137,1028518269,1028,871550,21579350,43522850,789550,66763300,66866350,157,43330950,9278850,9056650,0,30852,0,5,0
138,2252688136,1029,1548550,21501450,43071050,657200,66778250,66877600,130,42873300,10101150,9876650,0,30852,0,5,0
139,578597309,1030,871700,22109800,45153350,15359950,83494800,83596000,2822,44959600,9270450,9048600,0,30852,0,5,0
140,3624439358,1031,904500,22344400,43538100,16711150,83498150,83598350,3112,43348450,9984800,9759950,0,30852,0,5,0
141,3514067501,1032,875450,21447250,43525650,1099200,66947550,67048450,116,42623600,9445550,9213600,0,30852,0,5,0
142,2741972910,1033,914850,21570700,42978400,1136600,66600550,66703350,229,42783150,9999850,9072200,0,30852,0,5,0
143,28497579,1034,1721900,21687100,43252100,113150,66774250,66877550,18,43057100,9973450,9753400,0,30852,0,5,0
144,466729326,1035,901750,22235750,43313350,322300,66773150,66875050,61,43121850,9995800,9766800,0,30852,0,5,0
145,3425349295,1036,861950,21413000,43605500,903850,66784300,66881200,181,43403700,9459550,9238950,0,30852,0,5,0
146,1537640620,1037,1450800,21562950,46068150,14416850,83498750,83598300,2714,45880450,10109350,9877800,0,30852,0,5,0
147,1853842891,1038,1418200,21373250,43237150,744800,66773400,66875350,148,43050900,9968750,9741050,0,30852,0,5,0
148,1177024904,1039,898950,22309750,43509700,16778300,83496700,83597500,3123,43316650,10172500,9959350,0,31172,0,5,0
149,4106734849,1040,879300,22498350,44016800,16483000,83877450,83980600,1867,43833500,9999000,9789300,0,31172,0,5,0
150,2025356500,1041,946000,22696150,43539150,15913550,83094850,83211400,2945,43350000,10061300,9826150,0,31172,0,5,0
151,2189605121,1042,873850,21786150,43805050,308400,66773450,66873900,58,43611600,9331150,9119500,0,30852,0,5,0
152,4086136290,1043,909950,21462050,42775350,1113000,66260350,66877200,224,42578000,9891200,9677300,0,30852,0,5,0
153,4036669705,1044,873450,21951500,45805950,14864800,83495700,83595100,2716,45613700,9435600,9224750,0,30852,0,5,0
154,4167980074,1045,900350,22579200,43760400,16261050,83501000,83602450,3010,43576250,10100350,9872350,0,30852,0,5,0
155,51187407,1046,874000,22117350,43495650,285150,66772150,66875100,53,43307150,9997250,9754850,0,30852,0,5,0
156,2242638442,1047,901850,21613900,43392550,870450,66778750,66876900,174,43204650,9477300,9266250,0,30852,0,5,0
157,2730108163,1048,1432350,21596450,43398550,346900,66774250,66873650,66,43205550,9310450,9094900,0,30852,0,5,0
158,2718743917,1049,893550,22095250,43204950,588650,66782400,66880400,116,43013050,10015800,9790550,0,30852,0,5,0
159,3391709842,1050,868600,22253300,42550000,1182150,66854050,66952100,132,42362350,9330900,9115250,0,30852,0,5,0
160,1164604273,1051,918450,21602850,46248350,14994550,83764200,83864450,2755,46063700,10105900,9873850,0,30852,0,5,0
161,2148591176,1052,882350,21413400,43340650,798300,66434700,66535100,159,43144350,9274250,9061150,0,30852,0,5,0
162,4192737573,1053,900350,22160500,43249600,466200,66776650,66877050,90,43054400,9959150,9749400,0,30852,0,5,0
163,535584840,1054,875900,22712250,43380350,16529150,83497650,83597800,2150,43192950,10022650,9800500,0,30852,0,5,0
164,3430794475,1055,958700,24491550,42705850,15326350,83482450,83595300,2792,42512250,9838900,9612600,0,30852,0,5,0
165,776323552,1056,899350,21748050,43930950,196400,66774750,66876450,35,43742200,9785650,9548750,0,30852,0,5,0
166,3330991427,1057,1561100,21473950,43473400,269600,66778050,66874350,50,43286200,9291200,9071250,0,30852,0,5,0
167,3282074430,1058,870300,22278600,45421550,14928950,83499400,83597800,2726,45227100,9583600,9367700,0,30852,0,5,0
168,2597814595,1059,901150,24149850,44025650,14419450,83496100,83597600,2623,43834550,9414750,9211350,0,30852,0,5,0
169,2225601370,1060,871100,22610700,43633800,16379400,83495000,83593700,3037,43454650,10006900,9775250,0,30852,0,5,0
170,3716853465,1061,924050,22705150,42445350,821300,66895850,66996250,56,42258950,9352500,9153050,0,30852,0,5,0
171,1080675697,1062,887950,21584150,43270900,915150,66658150,66758050,183,43074750,9359800,9140600,0,30212,0,5,0
172,219920238,1063,1614050,21151900,42764100,1249000,66779050,66878950,252,42573800,9897750,9675600,0,30212,0,5,0
173,3070385651,1064,859150,22019900,42436050,1468250,66783350,66879750,190,42243950,9219150,9003750,0,30212,0,5,0
174,2609556270,1065,893450,21345900,45468600,15790500,83498450,83597200,2919,45282300,9993650,9777600,0,30212,0,5,0
175,141401383,1066,870450,21189200,42755450,1957000,66772100,66873700,398,42561000,9714300,9485750,0,30212,0,5,0
176,3034105280,1067,1530750,21310600,42480500,1454300,66776150,66875250,294,42288750,9904400,9695650,0,30212,0,5,0
177,3029196371,1068,862500,22062200,48285500,12299300,83509500,83603350,1893,48076150,14849800,14598750,0,30212,0,5,0
178,699378668,1069,948200,22322600,42271100,1218850,66760750,66871000,139,42065850,9215300,8999350,0,30212,0,5,0
179,2402609405,1070,868600,21655300,43066400,1188350,66778650,66878750,239,42874100,9402400,9172200,0,30212,0,5,0
CSV_END

NV_DONE_7294abb136fe=0
# 
CAPTURE: {"label": "reconfigured-fifo16-r2-s0-full", "elapsed_seconds": 22.714623955000206, "bytes_received": 21840, "command": "/tmp/fifo-bench --frames 180 --warmup 30 --wait spin --state-frame 0 --csv /tmp/reconfigured-case.csv; fifo_rc=$?; if [ \"$fifo_rc\" = 0 ]; then printf \"\\nCSV_BEGIN\\n\"; cat /tmp/reconfigured-case.csv; printf \"CSV_END\\n\"; fi; test \"$fifo_rc\" = 0", "command_exit": 0, "login_sent": false, "log": "/path/to/research/experiments/fifo-study-20261008/20261008T123524Z-reconfigured-fifo16-r2-s0-full.raw"}
