/tmp/app --transport apb --state-frame 0 --frames 180 --warmup 30 --wait spin --profile frame --csv /tmp/transport-frames.csv --grouped --dump /tmp/transport-frame.raw && printf "CSV_BEGIN\n" && cat /tmp/transport-frames.csv && printf "CSV_END\n"; study_status=$?; printf "\nSTUDY_DONE_092ab7ac7517=%s\n" "$study_status"
TRANSPORT mode=apb dma_minimum=64
BEGIN_BREAKOUT frames=180 warmup=30 fixed=0 blocks=40 tiles=1 hud=1 wait=spin replay=0 state_frame=0 profile=frame pixel_centers=1 clock_call_ns=5967
HW_COUNTERS unavailable
RESULT frames=180 elapsed_s=12.037846300 fps=14.952841 logic_ms=0.000000 api_ms=0.000000 swap_ms=0.000000 wait_ms=0.000000 worker_inclusive_ms=0.000000 upload_inclusive_ms=0.000000 write_ms=0.000000 bytes_per_frame=30951.56 p50_ms=66.876950 p95_ms=67.147450 max_ms=68.834700 late_60hz=180 first_count=26635 last_count=26814 state_hash=8f34e8fd remaining=38 score=20
RENDER_PATH retained=0 grouped=1 quads=13131 full_frames=180
FRAME_CHECK count=26814 address=9fe00000 fnv1a=79c99b23 pixels=307200 mismatches=0
BREAKOUT_PASS
CSV_BEGIN
frame,state_hash,display_count,logic_ns,api_ns,swap_ns,wait_ns,total_ns,completion_interval_ns,polls,worker_inclusive_ns,upload_inclusive_ns,write_ns,read_ns,write_bytes,read_bytes,write_calls,read_calls,dma_copy_ns,dma_launch_ns,dma_completion_wait_ns,dma_bytes,dma_lists
0,3724779174,26635,0,0,0,0,66828300,66839000,2448,0,0,0,0,31172,0,5,0,0,0,0,0,0
1,1709657109,26636,0,0,0,0,66763850,66876200,2859,0,0,0,0,31172,0,5,0,0,0,0,0,0
2,1894904752,26637,0,0,0,0,66765800,66876700,2842,0,0,0,0,31172,0,5,0,0,0,0,0,0
3,3703759967,26638,0,0,0,0,66765500,66878200,2928,0,0,0,0,31172,0,5,0,0,0,0,0,0
4,19533624,26639,0,0,0,0,66766050,66878600,2896,0,0,0,0,31172,0,5,0,0,0,0,0,0
5,816884773,26640,0,0,0,0,66760250,66875300,2900,0,0,0,0,31172,0,5,0,0,0,0,0,0
6,1339236364,26641,0,0,0,0,67368150,67484250,2972,0,0,0,0,31172,0,5,0,0,0,0,0,0
7,3072959373,26642,0,0,0,0,66157000,66269550,2882,0,0,0,0,31172,0,5,0,0,0,0,0,0
8,1782884746,26643,0,0,0,0,66761400,66876200,2521,0,0,0,0,31172,0,5,0,0,0,0,0,0
9,30296781,26644,0,0,0,0,66762300,66876950,2849,0,0,0,0,31492,0,5,0,0,0,0,0,0
10,4026418858,26645,0,0,0,0,66767850,66880400,2917,0,0,0,0,31492,0,5,0,0,0,0,0,0
11,2084929051,26646,0,0,0,0,66764950,66876000,2903,0,0,0,0,31492,0,5,0,0,0,0,0,0
12,3114489770,26647,0,0,0,0,66764750,66879950,1709,0,0,0,0,31172,0,5,0,0,0,0,0,0
13,891400471,26648,0,0,0,0,66938800,67073850,2854,0,0,0,0,31172,0,5,0,0,0,0,0,0
14,3472773456,26649,0,0,0,0,65830000,66676950,2696,0,0,0,0,31172,0,5,0,0,0,0,0,0
15,3010688243,26650,0,0,0,0,66765250,66875300,2598,0,0,0,0,31172,0,5,0,0,0,0,0,0
16,2819524756,26651,0,0,0,0,66772550,66878700,2778,0,0,0,0,31172,0,5,0,0,0,0,0,0
17,3241678401,26652,0,0,0,0,66770400,66877800,3028,0,0,0,0,31172,0,5,0,0,0,0,0,0
18,2154316504,26653,0,0,0,0,66762750,66878200,2927,0,0,0,0,31172,0,5,0,0,0,0,0,0
19,772262681,26654,0,0,0,0,66762100,66875650,2779,0,0,0,0,31172,0,5,0,0,0,0,0,0
20,3882818750,26655,0,0,0,0,66832200,66940250,2877,0,0,0,0,31172,0,5,0,0,0,0,0,0
21,521131153,26656,0,0,0,0,66701050,66814300,2972,0,0,0,0,31172,0,5,0,0,0,0,0,0
22,1838187414,26657,0,0,0,0,66759600,66877000,2815,0,0,0,0,31172,0,5,0,0,0,0,0,0
23,840574439,26658,0,0,0,0,66766400,66874550,2452,0,0,0,0,31172,0,5,0,0,0,0,0,0
24,2879461878,26659,0,0,0,0,66774200,66881650,2992,0,0,0,0,31172,0,5,0,0,0,0,0,0
25,202086035,26660,0,0,0,0,66763950,66874700,2858,0,0,0,0,31172,0,5,0,0,0,0,0,0
26,959703924,26661,0,0,0,0,66761300,66875250,2870,0,0,0,0,31172,0,5,0,0,0,0,0,0
27,3795724423,26662,0,0,0,0,66771000,66880500,2894,0,0,0,0,31172,0,5,0,0,0,0,0,0
28,2500539904,26663,0,0,0,0,66764500,66874300,1542,0,0,0,0,31172,0,5,0,0,0,0,0,0
29,2269000541,26664,0,0,0,0,66769550,66878650,2918,0,0,0,0,31172,0,5,0,0,0,0,0,0
30,1900681108,26665,0,0,0,0,67336350,67451150,2766,0,0,0,0,31172,0,5,0,0,0,0,0,0
31,3680168245,26666,0,0,0,0,66183450,66304650,2739,0,0,0,0,31172,0,5,0,0,0,0,0,0
32,2344329490,26667,0,0,0,0,66371350,66875900,2916,0,0,0,0,31172,0,5,0,0,0,0,0,0
33,2130650181,26668,0,0,0,0,66764800,66878300,2829,0,0,0,0,31492,0,5,0,0,0,0,0,0
34,906966818,26669,0,0,0,0,66810350,66925300,2825,0,0,0,0,31492,0,5,0,0,0,0,0,0
35,3939376531,26670,0,0,0,0,66716150,66828600,2975,0,0,0,0,31492,0,5,0,0,0,0,0,0
36,2110688546,26671,0,0,0,0,66763850,66876900,2911,0,0,0,0,31172,0,5,0,0,0,0,0,0
37,2695523007,26672,0,0,0,0,66033900,66876600,2643,0,0,0,0,31172,0,5,0,0,0,0,0,0
38,744447992,26673,0,0,0,0,67033600,67147450,2452,0,0,0,0,31172,0,5,0,0,0,0,0,0
39,3728640411,26674,0,0,0,0,66500800,66608000,2926,0,0,0,0,31172,0,5,0,0,0,0,0,0
40,618879740,26675,0,0,0,0,66764100,66875250,2848,0,0,0,0,31172,0,5,0,0,0,0,0,0
41,1239708057,26676,0,0,0,0,66765750,66880050,2847,0,0,0,0,31172,0,5,0,0,0,0,0,0
42,2429742208,26677,0,0,0,0,66763450,66876100,3020,0,0,0,0,31172,0,5,0,0,0,0,0,0
43,412095716,26678,0,0,0,0,66765450,66876650,1208,0,0,0,0,31172,0,5,0,0,0,0,0,0
44,1226741467,26679,0,0,0,0,66767350,66877550,2750,0,0,0,0,31172,0,5,0,0,0,0,0,0
45,3288446148,26680,0,0,0,0,66898000,67006850,2864,0,0,0,0,31172,0,5,0,0,0,0,0,0
46,1157984843,26681,0,0,0,0,66634500,66745550,2530,0,0,0,0,31172,0,5,0,0,0,0,0,0
47,3877288378,26682,0,0,0,0,66773900,66879700,2778,0,0,0,0,31172,0,5,0,0,0,0,0,0
48,4236526315,26683,0,0,0,0,66766000,66873550,2923,0,0,0,0,31172,0,5,0,0,0,0,0,0
49,533834014,26684,0,0,0,0,66762950,66877250,2599,0,0,0,0,31172,0,5,0,0,0,0,0,0
50,1649361089,26685,0,0,0,0,66769150,66880750,2829,0,0,0,0,31172,0,5,0,0,0,0,0,0
51,2486981906,26686,0,0,0,0,66768100,66877150,2912,0,0,0,0,31172,0,5,0,0,0,0,0,0
52,1706075277,26687,0,0,0,0,66764500,66876150,2886,0,0,0,0,31172,0,5,0,0,0,0,0,0
53,267972368,26688,0,0,0,0,66762050,66875050,2832,0,0,0,0,31172,0,5,0,0,0,0,0,0
54,3895401273,26689,0,0,0,0,66761750,66878550,2569,0,0,0,0,31172,0,5,0,0,0,0,0,0
55,605985656,26690,0,0,0,0,66765050,66874650,2936,0,0,0,0,31172,0,5,0,0,0,0,0,0
56,4077673024,26691,0,0,0,0,66767400,66878600,2914,0,0,0,0,30852,0,5,0,0,0,0,0,0
57,985632231,26692,0,0,0,0,66342700,66876500,2936,0,0,0,0,30852,0,5,0,0,0,0,0,0
58,3720590956,26693,0,0,0,0,66767600,66882050,1547,0,0,0,0,30852,0,5,0,0,0,0,0,0
59,3264032585,26694,0,0,0,0,66754900,66874100,2804,0,0,0,0,30852,0,5,0,0,0,0,0,0
60,395405688,26695,0,0,0,0,66014150,66875050,2753,0,0,0,0,30852,0,5,0,0,0,0,0,0
61,32142420,26696,0,0,0,0,66770750,66880150,2477,0,0,0,0,30852,0,5,0,0,0,0,0,0
62,1187067055,26697,0,0,0,0,66765450,66876550,2874,0,0,0,0,30852,0,5,0,0,0,0,0,0
63,459140908,26698,0,0,0,0,67101100,67213500,2933,0,0,0,0,30852,0,5,0,0,0,0,0,0
64,3369786495,26699,0,0,0,0,66431750,66539100,2964,0,0,0,0,30852,0,5,0,0,0,0,0,0
65,1572434254,26700,0,0,0,0,66765050,66876100,2864,0,0,0,0,30852,0,5,0,0,0,0,0,0
66,4107798823,26701,0,0,0,0,66770400,66881350,2872,0,0,0,0,30852,0,5,0,0,0,0,0,0
67,343968250,26702,0,0,0,0,66766000,66874600,3042,0,0,0,0,30852,0,5,0,0,0,0,0,0
68,3102454017,26703,0,0,0,0,66764250,66876700,2894,0,0,0,0,30852,0,5,0,0,0,0,0,0
69,3051095563,26704,0,0,0,0,66765200,66878750,2519,0,0,0,0,30852,0,5,0,0,0,0,0,0
70,2391331016,26705,0,0,0,0,66973550,67083650,2887,0,0,0,0,30852,0,5,0,0,0,0,0,0
71,3869016117,26706,0,0,0,0,66562250,66669850,2985,0,0,0,0,30852,0,5,0,0,0,0,0,0
72,1579800804,26707,0,0,0,0,66763700,66876000,2808,0,0,0,0,30852,0,5,0,0,0,0,0,0
73,2792341157,26708,0,0,0,0,66767450,66878850,2932,0,0,0,0,30852,0,5,0,0,0,0,0,0
74,714702942,26709,0,0,0,0,66764150,66874400,1599,0,0,0,0,30852,0,5,0,0,0,0,0,0
75,1092538936,26710,0,0,0,0,66766500,66877150,2797,0,0,0,0,30852,0,5,0,0,0,0,0,0
76,1561271239,26711,0,0,0,0,66764150,66878500,2614,0,0,0,0,31172,0,5,0,0,0,0,0,0
77,3798074098,26712,0,0,0,0,66806200,66931500,2874,0,0,0,0,31172,0,5,0,0,0,0,0,0
78,3022639071,26713,0,0,0,0,66713150,66823250,2933,0,0,0,0,31172,0,5,0,0,0,0,0,0
79,2282770062,26714,0,0,0,0,66767900,66878750,2902,0,0,0,0,30852,0,5,0,0,0,0,0,0
80,1626512457,26715,0,0,0,0,66767250,66876700,2926,0,0,0,0,30852,0,5,0,0,0,0,0,0
81,3156888026,26716,0,0,0,0,66765050,66875300,2928,0,0,0,0,30852,0,5,0,0,0,0,0,0
82,3038824309,26717,0,0,0,0,66768400,66878400,2927,0,0,0,0,30852,0,5,0,0,0,0,0,0
83,1261846460,26718,0,0,0,0,66767350,66877850,2997,0,0,0,0,30852,0,5,0,0,0,0,0,0
84,2035201521,26719,0,0,0,0,66035250,66874950,2229,0,0,0,0,30852,0,5,0,0,0,0,0,0
85,2164446652,26720,0,0,0,0,66769350,66878400,3063,0,0,0,0,30852,0,5,0,0,0,0,0,0
86,2017191835,26721,0,0,0,0,66768000,66876900,2908,0,0,0,0,30852,0,5,0,0,0,0,0,0
87,3029138484,26722,0,0,0,0,66769000,66877400,2852,0,0,0,0,30852,0,5,0,0,0,0,0,0
88,50355403,26723,0,0,0,0,66766500,66879200,3016,0,0,0,0,30852,0,5,0,0,0,0,0,0
89,654213990,26724,0,0,0,0,66360500,66876050,1466,0,0,0,0,30852,0,5,0,0,0,0,0,0
90,2360099787,26725,0,0,0,0,66767950,66877850,2875,0,0,0,0,30852,0,5,0,0,0,0,0,0
91,2424818746,26726,0,0,0,0,66760250,66874300,2901,0,0,0,0,30852,0,5,0,0,0,0,0,0
92,1971386461,26727,0,0,0,0,66770350,66880250,2629,0,0,0,0,30852,0,5,0,0,0,0,0,0
93,3386045126,26728,0,0,0,0,66760500,66872750,2908,0,0,0,0,30852,0,5,0,0,0,0,0,0
94,1429641961,26729,0,0,0,0,66766500,66878900,2840,0,0,0,0,30852,0,5,0,0,0,0,0,0
95,3022846880,26730,0,0,0,0,67043100,67150250,2963,0,0,0,0,30852,0,5,0,0,0,0,0,0
96,1601897261,26731,0,0,0,0,66498300,66606800,2962,0,0,0,0,30852,0,5,0,0,0,0,0,0
97,1229951528,26732,0,0,0,0,66767000,66876000,2872,0,0,0,0,30852,0,5,0,0,0,0,0,0
98,4065171759,26733,0,0,0,0,66765000,66875500,2933,0,0,0,0,30852,0,5,0,0,0,0,0,0
99,1034325744,26734,0,0,0,0,66768850,66877600,2777,0,0,0,0,30852,0,5,0,0,0,0,0,0
100,14078671,26735,0,0,0,0,66756800,66879300,2776,0,0,0,0,31172,0,5,0,0,0,0,0,0
101,4024270554,26736,0,0,0,0,66757850,66873450,2932,0,0,0,0,31172,0,5,0,0,0,0,0,0
102,896191351,26737,0,0,0,0,66895750,67005600,2858,0,0,0,0,31172,0,5,0,0,0,0,0,0
103,2131384102,26738,0,0,0,0,66640250,66748750,2896,0,0,0,0,30852,0,5,0,0,0,0,0,0
104,2586210593,26739,0,0,0,0,66761400,66876800,1417,0,0,0,0,30852,0,5,0,0,0,0,0,0
105,591918370,26740,0,0,0,0,66763250,66880600,2922,0,0,0,0,30852,0,5,0,0,0,0,0,0
106,8814317,26741,0,0,0,0,66763100,66873800,2940,0,0,0,0,30852,0,5,0,0,0,0,0,0
107,2340504196,26742,0,0,0,0,65363250,66880950,2214,0,0,0,0,30852,0,5,0,0,0,0,0,0
108,3523076009,26743,0,0,0,0,66767600,66876550,2901,0,0,0,0,30852,0,5,0,0,0,0,0,0
109,1961669028,26744,0,0,0,0,66763850,66874050,2438,0,0,0,0,30852,0,5,0,0,0,0,0,0
110,1037581603,26745,0,0,0,0,66769850,66880100,3006,0,0,0,0,30852,0,5,0,0,0,0,0,0
111,2701024588,26746,0,0,0,0,66766850,66874150,2905,0,0,0,0,30852,0,5,0,0,0,0,0,0
112,215037203,26747,0,0,0,0,66767050,66876650,2851,0,0,0,0,30852,0,5,0,0,0,0,0,0
113,3696282862,26748,0,0,0,0,66770950,66881200,3000,0,0,0,0,30852,0,5,0,0,0,0,0,0
114,2829142928,26749,0,0,0,0,66186350,66875100,2932,0,0,0,0,30852,0,5,0,0,0,0,0,0
115,3204762949,26750,0,0,0,0,66768100,66878450,2544,0,0,0,0,30852,0,5,0,0,0,0,0,0
116,3297489190,26751,0,0,0,0,66761050,66874500,2881,0,0,0,0,30852,0,5,0,0,0,0,0,0
117,1691704917,26752,0,0,0,0,66766750,66877200,3022,0,0,0,0,30852,0,5,0,0,0,0,0,0
118,663957814,26753,0,0,0,0,66767750,66881100,2865,0,0,0,0,30852,0,5,0,0,0,0,0,0
119,3058583827,26754,0,0,0,0,68427500,68541100,2773,0,0,0,0,30852,0,5,0,0,0,0,0,0
120,838545270,26755,0,0,0,0,65563300,65687550,1991,0,0,0,0,30852,0,5,0,0,0,0,0,0
121,3608912039,26756,0,0,0,0,66286550,66398500,2933,0,0,0,0,30852,0,5,0,0,0,0,0,0
122,4080159716,26757,0,0,0,0,66766000,66878350,2500,0,0,0,0,30852,0,5,0,0,0,0,0,0
123,1056027075,26758,0,0,0,0,66761300,66878150,2908,0,0,0,0,30852,0,5,0,0,0,0,0,0
124,4057021248,26759,0,0,0,0,66768750,66878250,3009,0,0,0,0,31172,0,5,0,0,0,0,0,0
125,2686741161,26760,0,0,0,0,66764900,66874950,2852,0,0,0,0,31172,0,5,0,0,0,0,0,0
126,3870849660,26761,0,0,0,0,66768050,66878400,2934,0,0,0,0,31172,0,5,0,0,0,0,0,0
127,293449641,26762,0,0,0,0,67099700,67208350,2941,0,0,0,0,30852,0,5,0,0,0,0,0,0
128,596064266,26763,0,0,0,0,66433000,66543300,2926,0,0,0,0,30852,0,5,0,0,0,0,0,0
129,3715495249,26764,0,0,0,0,66767500,66879350,2924,0,0,0,0,30852,0,5,0,0,0,0,0,0
130,244680018,26765,0,0,0,0,66034950,66875400,2339,0,0,0,0,30852,0,5,0,0,0,0,0,0
131,4080661783,26766,0,0,0,0,66772950,66880150,2913,0,0,0,0,30852,0,5,0,0,0,0,0,0
132,4006730450,26767,0,0,0,0,66770950,66878050,2960,0,0,0,0,30852,0,5,0,0,0,0,0,0
133,3864584507,26768,0,0,0,0,66761200,66873600,2972,0,0,0,0,30852,0,5,0,0,0,0,0,0
134,2711027320,26769,0,0,0,0,66966450,67075550,2872,0,0,0,0,30852,0,5,0,0,0,0,0,0
135,4099079087,26770,0,0,0,0,66571950,66680450,1432,0,0,0,0,30852,0,5,0,0,0,0,0,0
136,565333772,26771,0,0,0,0,66768400,66877250,2897,0,0,0,0,30852,0,5,0,0,0,0,0,0
137,1028518269,26772,0,0,0,0,66765850,66876300,2784,0,0,0,0,30852,0,5,0,0,0,0,0,0
138,2252688136,26773,0,0,0,0,66766150,66875350,2503,0,0,0,0,30852,0,5,0,0,0,0,0,0
139,578597309,26774,0,0,0,0,66773650,66880500,2963,0,0,0,0,30852,0,5,0,0,0,0,0,0
140,3624439358,26775,0,0,0,0,66763300,66875200,2904,0,0,0,0,30852,0,5,0,0,0,0,0,0
141,3514067501,26776,0,0,0,0,66825900,66937650,2881,0,0,0,0,30852,0,5,0,0,0,0,0,0
142,2741972910,26777,0,0,0,0,66704850,66816100,3061,0,0,0,0,30852,0,5,0,0,0,0,0,0
143,28497579,26778,0,0,0,0,66767600,66876500,2841,0,0,0,0,30852,0,5,0,0,0,0,0,0
144,466729326,26779,0,0,0,0,66766350,66877400,2920,0,0,0,0,30852,0,5,0,0,0,0,0,0
145,3425349295,26780,0,0,0,0,66772000,66880600,2633,0,0,0,0,30852,0,5,0,0,0,0,0,0
146,1537640620,26781,0,0,0,0,66358250,66875150,2878,0,0,0,0,30852,0,5,0,0,0,0,0,0
147,1853842891,26782,0,0,0,0,66764850,66875350,2933,0,0,0,0,30852,0,5,0,0,0,0,0,0
148,1177024904,26783,0,0,0,0,66772950,66879850,2882,0,0,0,0,31172,0,5,0,0,0,0,0,0
149,4106734849,26784,0,0,0,0,66763300,66876050,3041,0,0,0,0,31172,0,5,0,0,0,0,0,0
150,2025356500,26785,0,0,0,0,66763800,66875850,1435,0,0,0,0,31172,0,5,0,0,0,0,0,0
151,2189605121,26786,0,0,0,0,66772000,66879100,2901,0,0,0,0,30852,0,5,0,0,0,0,0,0
152,4086136290,26787,0,0,0,0,67040900,67148900,2909,0,0,0,0,30852,0,5,0,0,0,0,0,0
153,4036669705,26788,0,0,0,0,65752100,66604350,2195,0,0,0,0,30852,0,5,0,0,0,0,0,0
154,4167980074,26789,0,0,0,0,66768300,66876850,2900,0,0,0,0,30852,0,5,0,0,0,0,0,0
155,51187407,26790,0,0,0,0,66769600,66876700,2898,0,0,0,0,30852,0,5,0,0,0,0,0,0
156,2242638442,26791,0,0,0,0,66766150,66877900,2974,0,0,0,0,30852,0,5,0,0,0,0,0,0
157,2730108163,26792,0,0,0,0,66763250,66876450,2933,0,0,0,0,30852,0,5,0,0,0,0,0,0
158,2718743917,26793,0,0,0,0,66767250,66879300,2938,0,0,0,0,30852,0,5,0,0,0,0,0,0
159,3391709842,26794,0,0,0,0,66892350,67001200,2823,0,0,0,0,30852,0,5,0,0,0,0,0,0
160,1164604273,26795,0,0,0,0,66642450,66750900,3008,0,0,0,0,30852,0,5,0,0,0,0,0,0
161,2148591176,26796,0,0,0,0,66765000,66876550,2576,0,0,0,0,30852,0,5,0,0,0,0,0,0
162,4192737573,26797,0,0,0,0,66768750,66878100,2753,0,0,0,0,30852,0,5,0,0,0,0,0,0
163,535584840,26798,0,0,0,0,66767600,66876350,3047,0,0,0,0,30852,0,5,0,0,0,0,0,0
164,3430794475,26799,0,0,0,0,66768850,66877050,2962,0,0,0,0,30852,0,5,0,0,0,0,0,0
165,776323552,26800,0,0,0,0,68721200,68834700,2063,0,0,0,0,30852,0,5,0,0,0,0,0,0
166,3330991427,26801,0,0,0,0,64787700,64922100,2356,0,0,0,0,30852,0,5,0,0,0,0,0,0
167,3282074430,26802,0,0,0,0,66765150,66877050,3019,0,0,0,0,30852,0,5,0,0,0,0,0,0
168,2597814595,26803,0,0,0,0,66765500,66877700,2094,0,0,0,0,30852,0,5,0,0,0,0,0,0
169,2225601370,26804,0,0,0,0,66751000,66876250,2911,0,0,0,0,30852,0,5,0,0,0,0,0,0
170,3716853465,26805,0,0,0,0,66765450,66878550,3018,0,0,0,0,30852,0,5,0,0,0,0,0,0
171,1080675697,26806,0,0,0,0,66320000,66874400,2952,0,0,0,0,30212,0,5,0,0,0,0,0,0
172,219920238,26807,0,0,0,0,66770100,66879250,3100,0,0,0,0,30212,0,5,0,0,0,0,0,0
173,3070385651,26808,0,0,0,0,66762550,66876750,3002,0,0,0,0,30212,0,5,0,0,0,0,0,0
174,2609556270,26809,0,0,0,0,66763000,66875500,3120,0,0,0,0,30212,0,5,0,0,0,0,0,0
175,141401383,26810,0,0,0,0,66765550,66877550,3012,0,0,0,0,30212,0,5,0,0,0,0,0,0
176,3034105280,26811,0,0,0,0,66770200,66879600,2621,0,0,0,0,30212,0,5,0,0,0,0,0,0
177,3029196371,26812,0,0,0,0,67099250,67211950,3129,0,0,0,0,30212,0,5,0,0,0,0,0,0
178,699378668,26813,0,0,0,0,66428150,66538700,3021,0,0,0,0,30212,0,5,0,0,0,0,0,0
179,2402609405,26814,0,0,0,0,66770150,66878800,3131,0,0,0,0,30212,0,5,0,0,0,0,0,0
CSV_END

STUDY_DONE_092ab7ac7517=0
# 