/tmp/app --transport unrolled --state-frame 0 --frames 180 --warmup 30 --wait spin --profile frame --csv /tmp/transport-frames.csv --retained && printf "CSV_BEGIN\n" && cat /tmp/transport-frames.csv && printf "CSV_END\n"; study_status=$?; printf "\nSTUDY_DONE_4c3a814e839a=%s\n" "$study_status"
TRANSPORT mode=unrolled dma_minimum=64
BEGIN_BREAKOUT frames=180 warmup=30 fixed=0 blocks=40 tiles=1 hud=1 wait=spin replay=0 state_frame=0 profile=frame pixel_centers=1 clock_call_ns=5478
HW_COUNTERS unavailable
RESULT frames=180 elapsed_s=3.109742950 fps=57.882598 logic_ms=0.000000 api_ms=0.000000 swap_ms=0.000000 wait_ms=0.000000 worker_inclusive_ms=0.000000 upload_inclusive_ms=0.000000 write_ms=0.000000 bytes_per_frame=3578.67 p50_ms=16.719350 p95_ms=17.120350 max_ms=33.543300 late_60hz=162 first_count=34997 last_count=35176 state_hash=8f34e8fd remaining=38 score=20
RENDER_PATH retained=1 grouped=0 quads=645 full_frames=0
BREAKOUT_PASS
CSV_BEGIN
frame,state_hash,display_count,logic_ns,api_ns,swap_ns,wait_ns,total_ns,completion_interval_ns,polls,worker_inclusive_ns,upload_inclusive_ns,write_ns,read_ns,write_bytes,read_bytes,write_calls,read_calls,dma_copy_ns,dma_launch_ns,dma_completion_wait_ns,dma_bytes,dma_lists
0,3724779174,34997,0,0,0,0,16662100,16676000,1083,0,0,0,0,4572,0,5,0,0,0,0,0,0
1,1709657109,34998,0,0,0,0,16600850,16721150,1161,0,0,0,0,4252,0,5,0,0,0,0,0,0
2,1894904752,34999,0,0,0,0,17048900,17169650,1396,0,0,0,0,3612,0,5,0,0,0,0,0,0
3,3703759967,35000,0,0,0,0,16145100,16267200,1479,0,0,0,0,3612,0,5,0,0,0,0,0,0
4,19533624,35001,0,0,0,0,16601550,16721100,1438,0,0,0,0,3612,0,5,0,0,0,0,0,0
5,816884773,35002,0,0,0,0,16605550,16719900,1783,0,0,0,0,2972,0,5,0,0,0,0,0,0
6,1339236364,35003,0,0,0,0,16601600,16718900,1306,0,0,0,0,3612,0,5,0,0,0,0,0,0
7,3072959373,35004,0,0,0,0,16597300,16719050,1333,0,0,0,0,3612,0,5,0,0,0,0,0,0
8,1782884746,35005,0,0,0,0,16598850,16719200,1675,0,0,0,0,2972,0,5,0,0,0,0,0,0
9,30296781,35006,0,0,0,0,16602450,16717250,1458,0,0,0,0,4252,0,5,0,0,0,0,0,0
10,4026418858,35007,0,0,0,0,16597100,16723150,1288,0,0,0,0,4252,0,5,0,0,0,0,0,0
11,2084929051,35008,0,0,0,0,16597300,16718200,1655,0,0,0,0,3612,0,5,0,0,0,0,0,0
12,3114489770,35009,0,0,0,0,16601000,16718750,1254,0,0,0,0,3932,0,5,0,0,0,0,0,0
13,891400471,35010,0,0,0,0,16996550,17120350,1329,0,0,0,0,3932,0,5,0,0,0,0,0,0
14,3472773456,35011,0,0,0,0,15405100,16316900,1437,0,0,0,0,2972,0,5,0,0,0,0,0,0
15,3010688243,35012,0,0,0,0,16605050,16719800,1504,0,0,0,0,3612,0,5,0,0,0,0,0,0
16,2819524756,35013,0,0,0,0,16605950,16720200,1361,0,0,0,0,3612,0,5,0,0,0,0,0,0
17,3241678401,35014,0,0,0,0,16601900,16721000,1417,0,0,0,0,2972,0,5,0,0,0,0,0,0
18,2154316504,35015,0,0,0,0,16590350,16718100,1294,0,0,0,0,3612,0,5,0,0,0,0,0,0
19,772262681,35016,0,0,0,0,16668100,16794650,1382,0,0,0,0,3612,0,5,0,0,0,0,0,0
20,3882818750,35017,0,0,0,0,16517550,16640400,1769,0,0,0,0,2972,0,5,0,0,0,0,0,0
21,521131153,35018,0,0,0,0,16608650,16720400,1347,0,0,0,0,3612,0,5,0,0,0,0,0,0
22,1838187414,35019,0,0,0,0,16599750,16720300,1339,0,0,0,0,3612,0,5,0,0,0,0,0,0
23,840574439,35020,0,0,0,0,16595850,16718850,1320,0,0,0,0,2972,0,5,0,0,0,0,0,0
24,2879461878,35021,0,0,0,0,16604750,16720850,1344,0,0,0,0,3612,0,5,0,0,0,0,0,0
25,202086035,35022,0,0,0,0,16149150,16764350,1377,0,0,0,0,3612,0,5,0,0,0,0,0,0
26,959703924,35023,0,0,0,0,16545050,16674500,1770,0,0,0,0,2972,0,5,0,0,0,0,0,0
27,3795724423,35024,0,0,0,0,16605150,16715650,1306,0,0,0,0,3612,0,5,0,0,0,0,0,0
28,2500539904,35025,0,0,0,0,16601600,16722550,1332,0,0,0,0,3612,0,5,0,0,0,0,0,0
29,2269000541,35026,0,0,0,0,16596800,16716850,1700,0,0,0,0,2972,0,5,0,0,0,0,0,0
30,1900681108,35027,0,0,0,0,16892600,17013750,1403,0,0,0,0,3612,0,5,0,0,0,0,0,0
31,3680168245,35028,0,0,0,0,16299050,16426700,1506,0,0,0,0,3612,0,5,0,0,0,0,0,0
32,2344329490,35029,0,0,0,0,16597550,16718150,1781,0,0,0,0,2972,0,5,0,0,0,0,0,0
33,2130650181,35030,0,0,0,0,16606750,16720350,1296,0,0,0,0,4252,0,5,0,0,0,0,0,0
34,906966818,35031,0,0,0,0,18832000,18956750,712,0,0,0,0,4252,0,5,0,0,0,0,0,0
35,3939376531,35032,0,0,0,0,14354200,14481750,785,0,0,0,0,3612,0,5,0,0,0,0,0,0
36,2110688546,35033,0,0,0,0,16599750,16718900,1384,0,0,0,0,3932,0,5,0,0,0,0,0,0
37,2695523007,35034,0,0,0,0,15801000,16718050,1109,0,0,0,0,3932,0,5,0,0,0,0,0,0
38,744447992,35035,0,0,0,0,16595200,16720600,1633,0,0,0,0,2972,0,5,0,0,0,0,0,0
39,3728640411,35036,0,0,0,0,16607050,16721700,1359,0,0,0,0,3612,0,5,0,0,0,0,0,0
40,618879740,35037,0,0,0,0,16599550,16717000,1374,0,0,0,0,3612,0,5,0,0,0,0,0,0
41,1239708057,35038,0,0,0,0,16839650,16959200,1718,0,0,0,0,2972,0,5,0,0,0,0,0,0
42,2429742208,35039,0,0,0,0,16360950,16477750,1464,0,0,0,0,3612,0,5,0,0,0,0,0,0
43,412095716,35040,0,0,0,0,16599300,16720100,1453,0,0,0,0,3612,0,5,0,0,0,0,0,0
44,1226741467,35041,0,0,0,0,16602950,16717350,1764,0,0,0,0,2972,0,5,0,0,0,0,0,0
45,3288446148,35042,0,0,0,0,16608500,16722200,1377,0,0,0,0,3612,0,5,0,0,0,0,0,0
46,1157984843,35043,0,0,0,0,16596250,16720650,1377,0,0,0,0,3612,0,5,0,0,0,0,0,0
47,3877288378,35044,0,0,0,0,16595350,16717800,1671,0,0,0,0,2972,0,5,0,0,0,0,0,0
48,4236526315,35045,0,0,0,0,16603850,16716700,1556,0,0,0,0,3612,0,5,0,0,0,0,0,0
49,533834014,35046,0,0,0,0,16603200,16723200,1365,0,0,0,0,3612,0,5,0,0,0,0,0,0
50,1649361089,35047,0,0,0,0,16594650,16717450,1719,0,0,0,0,2972,0,5,0,0,0,0,0,0
51,2486981906,35048,0,0,0,0,16603000,16718900,1378,0,0,0,0,3612,0,5,0,0,0,0,0,0
52,1706075277,35049,0,0,0,0,16966100,17082500,1377,0,0,0,0,3612,0,5,0,0,0,0,0,0
53,267972368,35050,0,0,0,0,17244900,17368050,1617,0,0,0,0,2972,0,5,0,0,0,0,0,0
54,3895401273,35051,0,0,0,0,15585550,15709050,1129,0,0,0,0,3612,0,5,0,0,0,0,0,0
55,605985656,35052,0,0,0,0,16595100,16718650,1323,0,0,0,0,3612,0,5,0,0,0,0,0,0
56,4077673024,35053,0,0,0,0,33317400,33437800,3097,0,0,0,0,6632,0,5,0,0,0,0,0,0
57,985632231,35054,0,0,0,0,33319600,33439450,2506,0,0,0,0,7312,0,5,0,0,0,0,0,0
58,3720590956,35055,0,0,0,0,16598250,16719650,1394,0,0,0,0,3652,0,5,0,0,0,0,0,0
59,3264032585,35056,0,0,0,0,16593050,16715400,1768,0,0,0,0,2972,0,5,0,0,0,0,0,0
60,395405688,35057,0,0,0,0,16611950,16724750,1368,0,0,0,0,3612,0,5,0,0,0,0,0,0
61,32142420,35058,0,0,0,0,15032000,16717450,1011,0,0,0,0,3612,0,5,0,0,0,0,0,0
62,1187067055,35059,0,0,0,0,16148850,16719300,1683,0,0,0,0,2972,0,5,0,0,0,0,0,0
63,459140908,35060,0,0,0,0,16605300,16719450,1474,0,0,0,0,3612,0,5,0,0,0,0,0,0
64,3369786495,35061,0,0,0,0,16607100,16720200,1373,0,0,0,0,3612,0,5,0,0,0,0,0,0
65,1572434254,35062,0,0,0,0,16595000,16715050,1709,0,0,0,0,2972,0,5,0,0,0,0,0,0
66,4107798823,35063,0,0,0,0,16602350,16720750,1383,0,0,0,0,3612,0,5,0,0,0,0,0,0
67,343968250,35064,0,0,0,0,16734300,16855500,1385,0,0,0,0,3612,0,5,0,0,0,0,0,0
68,3102454017,35065,0,0,0,0,16462100,16583450,1747,0,0,0,0,2972,0,5,0,0,0,0,0,0
69,3051095563,35066,0,0,0,0,16610300,16721100,1384,0,0,0,0,3612,0,5,0,0,0,0,0,0
70,2391331016,35067,0,0,0,0,16596450,16719650,1378,0,0,0,0,3612,0,5,0,0,0,0,0,0
71,3869016117,35068,0,0,0,0,16594650,16719250,1664,0,0,0,0,2972,0,5,0,0,0,0,0,0
72,1579800804,35069,0,0,0,0,16599050,16715850,1383,0,0,0,0,3612,0,5,0,0,0,0,0,0
73,2792341157,35070,0,0,0,0,16130550,16722550,1339,0,0,0,0,3612,0,5,0,0,0,0,0,0
74,714702942,35071,0,0,0,0,16592550,16717050,1769,0,0,0,0,2972,0,5,0,0,0,0,0,0
75,1092538936,35072,0,0,0,0,16609600,16718350,1320,0,0,0,0,3612,0,5,0,0,0,0,0,0
76,1561271239,35073,0,0,0,0,16601550,16720300,1288,0,0,0,0,4252,0,5,0,0,0,0,0,0
77,3798074098,35074,0,0,0,0,16598700,16719000,1567,0,0,0,0,3612,0,5,0,0,0,0,0,0
78,3022639071,35075,0,0,0,0,16819250,16946000,1329,0,0,0,0,4252,0,5,0,0,0,0,0,0
79,2282770062,35076,0,0,0,0,16368150,16491900,1470,0,0,0,0,3932,0,5,0,0,0,0,0,0
80,1626512457,35077,0,0,0,0,16594950,16718300,1726,0,0,0,0,3292,0,5,0,0,0,0,0,0
81,3156888026,35078,0,0,0,0,16606000,16720750,1281,0,0,0,0,3612,0,5,0,0,0,0,0,0
82,3038824309,35079,0,0,0,0,16599900,16724750,942,0,0,0,0,3612,0,5,0,0,0,0,0,0
83,1261846460,35080,0,0,0,0,16592250,16716200,1686,0,0,0,0,2972,0,5,0,0,0,0,0,0
84,2035201521,35081,0,0,0,0,15296350,16750800,1007,0,0,0,0,3612,0,5,0,0,0,0,0,0
85,2164446652,35082,0,0,0,0,16566350,16688050,1558,0,0,0,0,3612,0,5,0,0,0,0,0,0
86,2017191835,35083,0,0,0,0,16597600,16716450,1675,0,0,0,0,2972,0,5,0,0,0,0,0,0
87,3029138484,35084,0,0,0,0,16605200,16719350,1314,0,0,0,0,3612,0,5,0,0,0,0,0,0
88,50355403,35085,0,0,0,0,16602500,16721900,1305,0,0,0,0,3612,0,5,0,0,0,0,0,0
89,654213990,35086,0,0,0,0,16872750,16999000,1695,0,0,0,0,2972,0,5,0,0,0,0,0,0
90,2360099787,35087,0,0,0,0,16323750,16438650,1486,0,0,0,0,3612,0,5,0,0,0,0,0,0
91,2424818746,35088,0,0,0,0,16599700,16719900,1327,0,0,0,0,3612,0,5,0,0,0,0,0,0
92,1971386461,35089,0,0,0,0,16601800,16718100,1763,0,0,0,0,2972,0,5,0,0,0,0,0,0
93,3386045126,35090,0,0,0,0,16605150,16720000,1316,0,0,0,0,3612,0,5,0,0,0,0,0,0
94,1429641961,35091,0,0,0,0,33320800,33441350,3157,0,0,0,0,3612,0,5,0,0,0,0,0,0
95,3022846880,35092,0,0,0,0,16594250,16716550,1763,0,0,0,0,2972,0,5,0,0,0,0,0,0
96,1601897261,35093,0,0,0,0,16601050,16717350,1326,0,0,0,0,3612,0,5,0,0,0,0,0,0
97,1229951528,35094,0,0,0,0,16603600,16721800,1231,0,0,0,0,3612,0,5,0,0,0,0,0,0
98,4065171759,35095,0,0,0,0,16598750,16719350,1673,0,0,0,0,2972,0,5,0,0,0,0,0,0
99,1034325744,35096,0,0,0,0,16979750,17094400,1388,0,0,0,0,3612,0,5,0,0,0,0,0,0
100,14078671,35097,0,0,0,0,16215600,16343500,1430,0,0,0,0,4252,0,5,0,0,0,0,0,0
101,4024270554,35098,0,0,0,0,16596500,16717100,1644,0,0,0,0,3612,0,5,0,0,0,0,0,0
102,896191351,35099,0,0,0,0,16595700,16719900,1197,0,0,0,0,4252,0,5,0,0,0,0,0,0
103,2131384102,35100,0,0,0,0,16594250,16718950,1270,0,0,0,0,3932,0,5,0,0,0,0,0,0
104,2586210593,35101,0,0,0,0,16603200,16720900,1647,0,0,0,0,3292,0,5,0,0,0,0,0,0
105,591918370,35102,0,0,0,0,16684400,16803850,1358,0,0,0,0,3612,0,5,0,0,0,0,0,0
106,8814317,35103,0,0,0,0,16511250,16633500,1531,0,0,0,0,3612,0,5,0,0,0,0,0,0
107,2340504196,35104,0,0,0,0,15807350,16722700,1534,0,0,0,0,2972,0,5,0,0,0,0,0,0
108,3523076009,35105,0,0,0,0,16602700,16717500,1286,0,0,0,0,3612,0,5,0,0,0,0,0,0
109,1961669028,35106,0,0,0,0,16602350,16717400,1343,0,0,0,0,3612,0,5,0,0,0,0,0,0
110,1037581603,35107,0,0,0,0,16605150,16721850,1646,0,0,0,0,2972,0,5,0,0,0,0,0,0
111,2701024588,35108,0,0,0,0,16143550,16715700,1407,0,0,0,0,3612,0,5,0,0,0,0,0,0
112,215037203,35109,0,0,0,0,16603650,16723050,1003,0,0,0,0,3612,0,5,0,0,0,0,0,0
113,3696282862,35110,0,0,0,0,16605900,16718700,1763,0,0,0,0,2972,0,5,0,0,0,0,0,0
114,2829142928,35111,0,0,0,0,16604400,16720300,1311,0,0,0,0,3612,0,5,0,0,0,0,0,0
115,3204762949,35112,0,0,0,0,16598700,16716800,1312,0,0,0,0,3612,0,5,0,0,0,0,0,0
116,3297489190,35113,0,0,0,0,16753150,16870550,1682,0,0,0,0,2972,0,5,0,0,0,0,0,0
117,1691704917,35114,0,0,0,0,16451550,16566150,1504,0,0,0,0,3612,0,5,0,0,0,0,0,0
118,663957814,35115,0,0,0,0,16602300,16723100,1320,0,0,0,0,3612,0,5,0,0,0,0,0,0
119,3058583827,35116,0,0,0,0,16601400,16717900,1760,0,0,0,0,2972,0,5,0,0,0,0,0,0
120,838545270,35117,0,0,0,0,16608150,16719350,1330,0,0,0,0,3612,0,5,0,0,0,0,0,0
121,3608912039,35118,0,0,0,0,16601550,16717400,1386,0,0,0,0,3612,0,5,0,0,0,0,0,0
122,4080159716,35119,0,0,0,0,16602950,16723200,1589,0,0,0,0,2972,0,5,0,0,0,0,0,0
123,1056027075,35120,0,0,0,0,16600350,16717400,1563,0,0,0,0,3612,0,5,0,0,0,0,0,0
124,4057021248,35121,0,0,0,0,16602000,16718900,1224,0,0,0,0,4252,0,5,0,0,0,0,0,0
125,2686741161,35122,0,0,0,0,16600550,16720800,1569,0,0,0,0,3612,0,5,0,0,0,0,0,0
126,3870849660,35123,0,0,0,0,16600300,16718850,1276,0,0,0,0,4252,0,5,0,0,0,0,0,0
127,293449641,35124,0,0,0,0,16825300,16947500,1342,0,0,0,0,3932,0,5,0,0,0,0,0,0
128,596064266,35125,0,0,0,0,16370550,16491050,1671,0,0,0,0,3292,0,5,0,0,0,0,0,0
129,3715495249,35126,0,0,0,0,16603200,16717400,1371,0,0,0,0,3612,0,5,0,0,0,0,0,0
130,244680018,35127,0,0,0,0,15790950,16718450,1101,0,0,0,0,3612,0,5,0,0,0,0,0,0
131,4080661783,35128,0,0,0,0,16602050,16722900,1679,0,0,0,0,2972,0,5,0,0,0,0,0,0
132,4006730450,35129,0,0,0,0,16599850,16714950,1361,0,0,0,0,3612,0,5,0,0,0,0,0,0
133,3864584507,35130,0,0,0,0,16600250,16720650,1382,0,0,0,0,3612,0,5,0,0,0,0,0,0
134,2711027320,35131,0,0,0,0,16596800,16719950,1725,0,0,0,0,2972,0,5,0,0,0,0,0,0
135,4099079087,35132,0,0,0,0,16602600,16722250,1310,0,0,0,0,3612,0,5,0,0,0,0,0,0
136,565333772,35133,0,0,0,0,16595600,16716200,1282,0,0,0,0,3612,0,5,0,0,0,0,0,0
137,1028518269,35134,0,0,0,0,16595650,16717100,1691,0,0,0,0,2972,0,5,0,0,0,0,0,0
138,2252688136,35135,0,0,0,0,16926300,17046850,1405,0,0,0,0,3612,0,5,0,0,0,0,0,0
139,578597309,35136,0,0,0,0,16266500,16391850,1455,0,0,0,0,3612,0,5,0,0,0,0,0,0
140,3624439358,35137,0,0,0,0,16602550,16723150,1776,0,0,0,0,2972,0,5,0,0,0,0,0,0
141,3514067501,35138,0,0,0,0,16605450,16716750,1304,0,0,0,0,3612,0,5,0,0,0,0,0,0
142,2741972910,35139,0,0,0,0,16603800,16723900,1033,0,0,0,0,3612,0,5,0,0,0,0,0,0
143,28497579,35140,0,0,0,0,16593300,16718200,1631,0,0,0,0,2972,0,5,0,0,0,0,0,0
144,466729326,35141,0,0,0,0,16622600,16733300,1384,0,0,0,0,3612,0,5,0,0,0,0,0,0
145,3425349295,35142,0,0,0,0,16582200,16702000,1548,0,0,0,0,3612,0,5,0,0,0,0,0,0
146,1537640620,35143,0,0,0,0,16596550,16719600,1704,0,0,0,0,2972,0,5,0,0,0,0,0,0
147,1853842891,35144,0,0,0,0,16602700,16721000,1228,0,0,0,0,3612,0,5,0,0,0,0,0,0
148,1177024904,35145,0,0,0,0,16600650,16717600,1315,0,0,0,0,4252,0,5,0,0,0,0,0,0
149,4106734849,35146,0,0,0,0,16602750,16721650,1569,0,0,0,0,3612,0,5,0,0,0,0,0,0
150,2025356500,35147,0,0,0,0,16174100,16718850,1421,0,0,0,0,4252,0,5,0,0,0,0,0,0
151,2189605121,35148,0,0,0,0,16594800,16715800,1456,0,0,0,0,3932,0,5,0,0,0,0,0,0
152,4086136290,35149,0,0,0,0,16602350,16719750,1689,0,0,0,0,3292,0,5,0,0,0,0,0,0
153,4036669705,35150,0,0,0,0,16604050,16719100,1368,0,0,0,0,3612,0,5,0,0,0,0,0,0
154,4167980074,35151,0,0,0,0,32624450,33543300,2844,0,0,0,0,3612,0,5,0,0,0,0,0,0
155,51187407,35152,0,0,0,0,16490000,16617800,1730,0,0,0,0,2972,0,5,0,0,0,0,0,0
156,2242638442,35153,0,0,0,0,16605200,16717150,1411,0,0,0,0,3612,0,5,0,0,0,0,0,0
157,2730108163,35154,0,0,0,0,16603400,16720100,1323,0,0,0,0,3612,0,5,0,0,0,0,0,0
158,2718743917,35155,0,0,0,0,16596100,16718250,1605,0,0,0,0,2972,0,5,0,0,0,0,0,0
159,3391709842,35156,0,0,0,0,16595300,16717400,1370,0,0,0,0,3612,0,5,0,0,0,0,0,0
160,1164604273,35157,0,0,0,0,16121800,16720000,1406,0,0,0,0,3612,0,5,0,0,0,0,0,0
161,2148591176,35158,0,0,0,0,16599800,16720650,1767,0,0,0,0,2972,0,5,0,0,0,0,0,0
162,4192737573,35159,0,0,0,0,16606300,16720450,1366,0,0,0,0,3612,0,5,0,0,0,0,0,0
163,535584840,35160,0,0,0,0,16594400,16716850,1319,0,0,0,0,3612,0,5,0,0,0,0,0,0
164,3430794475,35161,0,0,0,0,16600700,16721300,1678,0,0,0,0,2972,0,5,0,0,0,0,0,0
165,776323552,35162,0,0,0,0,16793950,16910200,1395,0,0,0,0,3612,0,5,0,0,0,0,0,0
166,3330991427,35163,0,0,0,0,16405450,16528600,1474,0,0,0,0,3612,0,5,0,0,0,0,0,0
167,3282074430,35164,0,0,0,0,16600250,16720500,1773,0,0,0,0,2972,0,5,0,0,0,0,0,0
168,2597814595,35165,0,0,0,0,16592950,16718750,1367,0,0,0,0,3612,0,5,0,0,0,0,0,0
169,2225601370,35166,0,0,0,0,16600000,16718750,1373,0,0,0,0,3612,0,5,0,0,0,0,0,0
170,3716853465,35167,0,0,0,0,16597200,16720000,1686,0,0,0,0,2972,0,5,0,0,0,0,0,0
171,1080675697,35168,0,0,0,0,33322200,33440300,2173,0,0,0,0,7272,0,5,0,0,0,0,0,0
172,219920238,35169,0,0,0,0,33316300,33433550,2721,0,0,0,0,7312,0,5,0,0,0,0,0,0
173,3070385651,35170,0,0,0,0,16605100,16725350,1674,0,0,0,0,3012,0,5,0,0,0,0,0,0
174,2609556270,35171,0,0,0,0,16877300,16998350,1393,0,0,0,0,3612,0,5,0,0,0,0,0,0
175,141401383,35172,0,0,0,0,16309150,16437750,1490,0,0,0,0,3612,0,5,0,0,0,0,0,0
176,3034105280,35173,0,0,0,0,16593650,16715450,1775,0,0,0,0,2972,0,5,0,0,0,0,0,0
177,3029196371,35174,0,0,0,0,16611250,16724500,1317,0,0,0,0,3612,0,5,0,0,0,0,0,0
178,699378668,35175,0,0,0,0,16596700,16719250,1372,0,0,0,0,3612,0,5,0,0,0,0,0,0
179,2402609405,35176,0,0,0,0,16595100,16714700,1720,0,0,0,0,2972,0,5,0,0,0,0,0,0
CSV_END

STUDY_DONE_4c3a814e839a=0
# 