/tmp/app --transport dma --state-frame 0 --dma-minimum 8192 --frames 180 --warmup 30 --wait spin --profile frame --csv /tmp/transport-frames.csv --grouped --dump /tmp/transport-frame.raw && printf "CSV_BEGIN\n" && cat /tmp/transport-frames.csv && printf "CSV_END\n"; study_status=$?; printf "\nSTUDY_DONE_876dde7ce415=%s\n" "$study_status"
TRANSPORT mode=dma dma_minimum=8192
BEGIN_BREAKOUT frames=180 warmup=30 fixed=0 blocks=40 tiles=1 hud=1 wait=spin replay=0 state_frame=0 profile=frame pixel_centers=1 clock_call_ns=5518
HW_COUNTERS unavailable
RESULT frames=180 elapsed_s=12.205035700 fps=14.748011 logic_ms=0.000000 api_ms=0.000000 swap_ms=0.000000 wait_ms=0.000000 worker_inclusive_ms=0.000000 upload_inclusive_ms=0.000000 write_ms=0.000000 bytes_per_frame=30951.56 p50_ms=66.877450 p95_ms=83.229450 max_ms=83.601600 late_60hz=180 first_count=9363 last_count=9542 state_hash=8f34e8fd remaining=38 score=20
RENDER_PATH retained=0 grouped=1 quads=13131 full_frames=180
FRAME_CHECK count=9542 address=9fe00000 fnv1a=79c99b23 pixels=307200 mismatches=0
BREAKOUT_PASS
CSV_BEGIN
frame,state_hash,display_count,logic_ns,api_ns,swap_ns,wait_ns,total_ns,completion_interval_ns,polls,worker_inclusive_ns,upload_inclusive_ns,write_ns,read_ns,write_bytes,read_bytes,write_calls,read_calls,dma_copy_ns,dma_launch_ns,dma_completion_wait_ns,dma_bytes,dma_lists
0,3724779174,9363,0,0,0,0,67071450,67082250,1241,0,0,0,0,31172,0,5,0,0,0,0,20032,2
1,1709657109,9364,0,0,0,0,83240150,83348150,2859,0,0,0,0,31172,0,5,0,0,0,0,20032,2
2,1894904752,9365,0,0,0,0,66767900,66879450,1325,0,0,0,0,31172,0,5,0,0,0,0,20032,2
3,3703759967,9366,0,0,0,0,66017450,66878400,776,0,0,0,0,31172,0,5,0,0,0,0,20032,2
4,19533624,9367,0,0,0,0,66908900,67020750,1201,0,0,0,0,31172,0,5,0,0,0,0,20032,2
5,816884773,9368,0,0,0,0,66624650,66730950,1393,0,0,0,0,31172,0,5,0,0,0,0,20032,2
6,1339236364,9369,0,0,0,0,66772100,66880000,1195,0,0,0,0,31172,0,5,0,0,0,0,20032,2
7,3072959373,9370,0,0,0,0,66769650,66876500,1107,0,0,0,0,31172,0,5,0,0,0,0,20032,2
8,1782884746,9371,0,0,0,0,66767150,66875350,1258,0,0,0,0,31172,0,5,0,0,0,0,20032,2
9,30296781,9372,0,0,0,0,66769650,66876150,1269,0,0,0,0,31492,0,5,0,0,0,0,20032,2
10,4026418858,9373,0,0,0,0,66768000,66880700,1216,0,0,0,0,31492,0,5,0,0,0,0,20032,2
11,2084929051,9374,0,0,0,0,66768300,66878550,819,0,0,0,0,31492,0,5,0,0,0,0,20032,2
12,3114489770,9375,0,0,0,0,66764400,66874800,1438,0,0,0,0,31172,0,5,0,0,0,0,20032,2
13,891400471,9376,0,0,0,0,66768600,66876200,643,0,0,0,0,31172,0,5,0,0,0,0,20032,2
14,3472773456,9377,0,0,0,0,66770450,66876050,1140,0,0,0,0,31172,0,5,0,0,0,0,20032,2
15,3010688243,9378,0,0,0,0,67137100,67244150,1292,0,0,0,0,31172,0,5,0,0,0,0,20032,2
16,2819524756,9379,0,0,0,0,83121050,83229450,3057,0,0,0,0,31172,0,5,0,0,0,0,20032,2
17,3241678401,9380,0,0,0,0,66767200,66876550,1301,0,0,0,0,31172,0,5,0,0,0,0,20032,2
18,2154316504,9381,0,0,0,0,66771350,66879350,827,0,0,0,0,31172,0,5,0,0,0,0,20032,2
19,772262681,9382,0,0,0,0,66886400,67009250,1052,0,0,0,0,31172,0,5,0,0,0,0,20032,2
20,3882818750,9383,0,0,0,0,66631350,66745300,1405,0,0,0,0,31172,0,5,0,0,0,0,20032,2
21,521131153,9384,0,0,0,0,66760100,66873900,1255,0,0,0,0,31172,0,5,0,0,0,0,20032,2
22,1838187414,9385,0,0,0,0,66771500,66881250,1077,0,0,0,0,31172,0,5,0,0,0,0,20032,2
23,840574439,9386,0,0,0,0,66762450,66873650,1307,0,0,0,0,31172,0,5,0,0,0,0,20032,2
24,2879461878,9387,0,0,0,0,66767500,66878850,1319,0,0,0,0,31172,0,5,0,0,0,0,20032,2
25,202086035,9388,0,0,0,0,66764900,66878250,1169,0,0,0,0,31172,0,5,0,0,0,0,20032,2
26,959703924,9389,0,0,0,0,66767250,66874900,793,0,0,0,0,31172,0,5,0,0,0,0,20032,2
27,3795724423,9390,0,0,0,0,66024800,66878350,1106,0,0,0,0,31172,0,5,0,0,0,0,20032,2
28,2500539904,9391,0,0,0,0,66767450,66874700,1228,0,0,0,0,31172,0,5,0,0,0,0,20032,2
29,2269000541,9392,0,0,0,0,66772700,66878550,1108,0,0,0,0,31172,0,5,0,0,0,0,20032,2
30,1900681108,9393,0,0,0,0,66771550,66876800,1285,0,0,0,0,31172,0,5,0,0,0,0,20032,2
31,3680168245,9394,0,0,0,0,83492050,83599100,3079,0,0,0,0,31172,0,5,0,0,0,0,20032,2
32,2344329490,9395,0,0,0,0,66764850,66877150,1332,0,0,0,0,31172,0,5,0,0,0,0,20032,2
33,2130650181,9396,0,0,0,0,66769550,66877150,1044,0,0,0,0,31492,0,5,0,0,0,0,20032,2
34,906966818,9397,0,0,0,0,67031800,67141950,914,0,0,0,0,31492,0,5,0,0,0,0,20032,2
35,3939376531,9398,0,0,0,0,66504200,66611500,1338,0,0,0,0,31492,0,5,0,0,0,0,20032,2
36,2110688546,9399,0,0,0,0,66768300,66875350,1264,0,0,0,0,31172,0,5,0,0,0,0,20032,2
37,2695523007,9400,0,0,0,0,66771000,66876050,995,0,0,0,0,31172,0,5,0,0,0,0,20032,2
38,744447992,9401,0,0,0,0,66774600,66879900,1310,0,0,0,0,31172,0,5,0,0,0,0,20032,2
39,3728640411,9402,0,0,0,0,66763750,66875850,1312,0,0,0,0,31172,0,5,0,0,0,0,20032,2
40,618879740,9403,0,0,0,0,66767400,66878750,1131,0,0,0,0,31172,0,5,0,0,0,0,20032,2
41,1239708057,9404,0,0,0,0,66890250,66995350,885,0,0,0,0,31172,0,5,0,0,0,0,20032,2
42,2429742208,9405,0,0,0,0,66650350,66756900,1409,0,0,0,0,31172,0,5,0,0,0,0,20032,2
43,412095716,9406,0,0,0,0,66766950,66876000,1198,0,0,0,0,31172,0,5,0,0,0,0,20032,2
44,1226741467,9407,0,0,0,0,66768850,66880700,1077,0,0,0,0,31172,0,5,0,0,0,0,20032,2
45,3288446148,9408,0,0,0,0,66767300,66875300,1319,0,0,0,0,31172,0,5,0,0,0,0,20032,2
46,1157984843,9409,0,0,0,0,83490050,83597200,3097,0,0,0,0,31172,0,5,0,0,0,0,20032,2
47,3877288378,9410,0,0,0,0,66765800,66875000,1281,0,0,0,0,31172,0,5,0,0,0,0,20032,2
48,4236526315,9411,0,0,0,0,66766200,66876700,1118,0,0,0,0,31172,0,5,0,0,0,0,20032,2
49,533834014,9412,0,0,0,0,66775400,66881250,920,0,0,0,0,31172,0,5,0,0,0,0,20032,2
50,1649361089,9413,0,0,0,0,65627000,66876300,995,0,0,0,0,31172,0,5,0,0,0,0,20032,2
51,2486981906,9414,0,0,0,0,66765200,66874000,1241,0,0,0,0,31172,0,5,0,0,0,0,20032,2
52,1706075277,9415,0,0,0,0,66769500,66877950,1022,0,0,0,0,31172,0,5,0,0,0,0,20032,2
53,267972368,9416,0,0,0,0,66771150,66877450,1437,0,0,0,0,31172,0,5,0,0,0,0,20032,2
54,3895401273,9417,0,0,0,0,66774100,66880500,1317,0,0,0,0,31172,0,5,0,0,0,0,20032,2
55,605985656,9418,0,0,0,0,66764650,66876850,1073,0,0,0,0,31172,0,5,0,0,0,0,20032,2
56,4077673024,9419,0,0,0,0,67011000,67122650,954,0,0,0,0,30852,0,5,0,0,0,0,20032,2
57,985632231,9420,0,0,0,0,66524450,66631250,1358,0,0,0,0,30852,0,5,0,0,0,0,20032,2
58,3720590956,9421,0,0,0,0,66766350,66876900,1237,0,0,0,0,30852,0,5,0,0,0,0,20032,2
59,3264032585,9422,0,0,0,0,66763050,66877950,1093,0,0,0,0,30852,0,5,0,0,0,0,20032,2
60,395405688,9423,0,0,0,0,66762200,66871150,1347,0,0,0,0,30852,0,5,0,0,0,0,20032,2
61,32142420,9424,0,0,0,0,83491250,83601600,2706,0,0,0,0,30852,0,5,0,0,0,0,20032,2
62,1187067055,9425,0,0,0,0,66758550,66874900,1280,0,0,0,0,30852,0,5,0,0,0,0,20032,2
63,459140908,9426,0,0,0,0,66765950,66878750,1109,0,0,0,0,30852,0,5,0,0,0,0,20032,2
64,3369786495,9427,0,0,0,0,66768350,66877500,915,0,0,0,0,30852,0,5,0,0,0,0,20032,2
65,1572434254,9428,0,0,0,0,66762900,66876800,1313,0,0,0,0,30852,0,5,0,0,0,0,20032,2
66,4107798823,9429,0,0,0,0,66769550,66877800,1241,0,0,0,0,30852,0,5,0,0,0,0,20032,2
67,343968250,9430,0,0,0,0,66761550,66873550,1206,0,0,0,0,30852,0,5,0,0,0,0,20032,2
68,3102454017,9431,0,0,0,0,66767850,66877900,1236,0,0,0,0,30852,0,5,0,0,0,0,20032,2
69,3051095563,9432,0,0,0,0,66768850,66876800,1298,0,0,0,0,30852,0,5,0,0,0,0,20032,2
70,2391331016,9433,0,0,0,0,66772950,66879200,1137,0,0,0,0,30852,0,5,0,0,0,0,20032,2
71,3869016117,9434,0,0,0,0,67235250,67345000,515,0,0,0,0,30852,0,5,0,0,0,0,20032,2
72,1579800804,9435,0,0,0,0,66300850,66410850,1338,0,0,0,0,30852,0,5,0,0,0,0,20032,2
73,2792341157,9436,0,0,0,0,66022950,66876600,1067,0,0,0,0,30852,0,5,0,0,0,0,20032,2
74,714702942,9437,0,0,0,0,66770600,66877850,1030,0,0,0,0,30852,0,5,0,0,0,0,20032,2
75,1092538936,9438,0,0,0,0,66764850,66873150,1322,0,0,0,0,30852,0,5,0,0,0,0,20032,2
76,1561271239,9439,0,0,0,0,83488500,83598700,3064,0,0,0,0,31172,0,5,0,0,0,0,20032,2
77,3798074098,9440,0,0,0,0,66767950,66877000,1222,0,0,0,0,31172,0,5,0,0,0,0,20032,2
78,3022639071,9441,0,0,0,0,66769350,66879450,1112,0,0,0,0,31172,0,5,0,0,0,0,20032,2
79,2282770062,9442,0,0,0,0,66762700,66872550,938,0,0,0,0,30852,0,5,0,0,0,0,20032,2
80,1626512457,9443,0,0,0,0,66767800,66877850,1293,0,0,0,0,30852,0,5,0,0,0,0,20032,2
81,3156888026,9444,0,0,0,0,66771100,66880450,1258,0,0,0,0,30852,0,5,0,0,0,0,20032,2
82,3038824309,9445,0,0,0,0,66775550,66884500,1190,0,0,0,0,30852,0,5,0,0,0,0,20032,2
83,1261846460,9446,0,0,0,0,66759700,66868200,1238,0,0,0,0,30852,0,5,0,0,0,0,20032,2
84,2035201521,9447,0,0,0,0,66766350,66878250,1296,0,0,0,0,30852,0,5,0,0,0,0,20032,2
85,2164446652,9448,0,0,0,0,66768250,66875050,1149,0,0,0,0,30852,0,5,0,0,0,0,20032,2
86,2017191835,9449,0,0,0,0,66768750,66877050,804,0,0,0,0,30852,0,5,0,0,0,0,20032,2
87,3029138484,9450,0,0,0,0,66767200,66877650,1356,0,0,0,0,30852,0,5,0,0,0,0,20032,2
88,50355403,9451,0,0,0,0,66763850,66877850,1274,0,0,0,0,30852,0,5,0,0,0,0,20032,2
89,654213990,9452,0,0,0,0,66765500,66878550,1052,0,0,0,0,30852,0,5,0,0,0,0,20032,2
90,2360099787,9453,0,0,0,0,66767400,66875450,1432,0,0,0,0,30852,0,5,0,0,0,0,20032,2
91,2424818746,9454,0,0,0,0,83479600,83596950,3140,0,0,0,0,30852,0,5,0,0,0,0,20032,2
92,1971386461,9455,0,0,0,0,66766950,66877450,1195,0,0,0,0,30852,0,5,0,0,0,0,20032,2
93,3386045126,9456,0,0,0,0,66768650,66876500,1136,0,0,0,0,30852,0,5,0,0,0,0,20032,2
94,1429641961,9457,0,0,0,0,66764000,66874800,951,0,0,0,0,30852,0,5,0,0,0,0,20032,2
95,3022846880,9458,0,0,0,0,66764600,66880000,1272,0,0,0,0,30852,0,5,0,0,0,0,20032,2
96,1601897261,9459,0,0,0,0,66027900,66877200,1081,0,0,0,0,30852,0,5,0,0,0,0,20032,2
97,1229951528,9460,0,0,0,0,66903700,67012600,1243,0,0,0,0,30852,0,5,0,0,0,0,20032,2
98,4065171759,9461,0,0,0,0,66628350,66738400,1144,0,0,0,0,30852,0,5,0,0,0,0,20032,2
99,1034325744,9462,0,0,0,0,66770250,66880550,1256,0,0,0,0,30852,0,5,0,0,0,0,20032,2
100,14078671,9463,0,0,0,0,66763700,66874250,1112,0,0,0,0,31172,0,5,0,0,0,0,20032,2
101,4024270554,9464,0,0,0,0,66771700,66879150,922,0,0,0,0,31172,0,5,0,0,0,0,20032,2
102,896191351,9465,0,0,0,0,66761500,66876100,1342,0,0,0,0,31172,0,5,0,0,0,0,20032,2
103,2131384102,9466,0,0,0,0,66769250,66880250,1219,0,0,0,0,30852,0,5,0,0,0,0,20032,2
104,2586210593,9467,0,0,0,0,66765200,66876200,1101,0,0,0,0,30852,0,5,0,0,0,0,20032,2
105,591918370,9468,0,0,0,0,66766300,66874950,1416,0,0,0,0,30852,0,5,0,0,0,0,20032,2
106,8814317,9469,0,0,0,0,83489100,83598500,3026,0,0,0,0,30852,0,5,0,0,0,0,20032,2
107,2340504196,9470,0,0,0,0,66765250,66875650,1216,0,0,0,0,30852,0,5,0,0,0,0,20032,2
108,3523076009,9471,0,0,0,0,66768500,66877050,1189,0,0,0,0,30852,0,5,0,0,0,0,20032,2
109,1961669028,9472,0,0,0,0,66766500,66875650,859,0,0,0,0,30852,0,5,0,0,0,0,20032,2
110,1037581603,9473,0,0,0,0,66766550,66879450,1252,0,0,0,0,30852,0,5,0,0,0,0,20032,2
111,2701024588,9474,0,0,0,0,66766650,66876900,1191,0,0,0,0,30852,0,5,0,0,0,0,20032,2
112,215037203,9475,0,0,0,0,67013100,67121950,1249,0,0,0,0,30852,0,5,0,0,0,0,20032,2
113,3696282862,9476,0,0,0,0,66525600,66634250,1314,0,0,0,0,30852,0,5,0,0,0,0,20032,2
114,2829142928,9477,0,0,0,0,66756000,66873150,1263,0,0,0,0,30852,0,5,0,0,0,0,20032,2
115,3204762949,9478,0,0,0,0,66770800,66879650,1078,0,0,0,0,30852,0,5,0,0,0,0,20032,2
116,3297489190,9479,0,0,0,0,66764600,66874950,1246,0,0,0,0,30852,0,5,0,0,0,0,20032,2
117,1691704917,9480,0,0,0,0,66765600,66879450,767,0,0,0,0,30852,0,5,0,0,0,0,20032,2
118,663957814,9481,0,0,0,0,66764050,66874650,1218,0,0,0,0,30852,0,5,0,0,0,0,20032,2
119,3058583827,9482,0,0,0,0,66875350,66987750,1220,0,0,0,0,30852,0,5,0,0,0,0,20032,2
120,838545270,9483,0,0,0,0,65906550,66765450,983,0,0,0,0,30852,0,5,0,0,0,0,20032,2
121,3608912039,9484,0,0,0,0,83491650,83598800,3091,0,0,0,0,30852,0,5,0,0,0,0,20032,2
122,4080159716,9485,0,0,0,0,66767400,66875600,1238,0,0,0,0,30852,0,5,0,0,0,0,20032,2
123,1056027075,9486,0,0,0,0,66770900,66879400,1036,0,0,0,0,30852,0,5,0,0,0,0,20032,2
124,4057021248,9487,0,0,0,0,66767250,66875650,878,0,0,0,0,31172,0,5,0,0,0,0,20032,2
125,2686741161,9488,0,0,0,0,66769800,66878150,1274,0,0,0,0,31172,0,5,0,0,0,0,20032,2
126,3870849660,9489,0,0,0,0,66772350,66879050,1161,0,0,0,0,31172,0,5,0,0,0,0,20032,2
127,293449641,9490,0,0,0,0,67145650,67254100,1293,0,0,0,0,30852,0,5,0,0,0,0,20032,2
128,596064266,9491,0,0,0,0,66390150,66499150,1319,0,0,0,0,30852,0,5,0,0,0,0,20032,2
129,3715495249,9492,0,0,0,0,66770200,66877350,1270,0,0,0,0,30852,0,5,0,0,0,0,20032,2
130,244680018,9493,0,0,0,0,66769400,66876050,876,0,0,0,0,30852,0,5,0,0,0,0,20032,2
131,4080661783,9494,0,0,0,0,66765250,66873800,1338,0,0,0,0,30852,0,5,0,0,0,0,20032,2
132,4006730450,9495,0,0,0,0,66769400,66880550,662,0,0,0,0,30852,0,5,0,0,0,0,20032,2
133,3864584507,9496,0,0,0,0,66769000,66879250,1213,0,0,0,0,30852,0,5,0,0,0,0,20032,2
134,2711027320,9497,0,0,0,0,67005700,67112700,1280,0,0,0,0,30852,0,5,0,0,0,0,20032,2
135,4099079087,9498,0,0,0,0,66531800,66640400,1321,0,0,0,0,30852,0,5,0,0,0,0,20032,2
136,565333772,9499,0,0,0,0,66762950,66873200,55,0,0,0,0,30852,0,5,0,0,0,0,20032,2
137,1028518269,9500,0,0,0,0,66776550,66880950,1111,0,0,0,0,30852,0,5,0,0,0,0,20032,2
138,2252688136,9501,0,0,0,0,66768450,66875050,1284,0,0,0,0,30852,0,5,0,0,0,0,20032,2
139,578597309,9502,0,0,0,0,66768900,66879200,932,0,0,0,0,30852,0,5,0,0,0,0,20032,2
140,3624439358,9503,0,0,0,0,66766450,66877350,1245,0,0,0,0,30852,0,5,0,0,0,0,20032,2
141,3514067501,9504,0,0,0,0,66863850,66972000,1124,0,0,0,0,30852,0,5,0,0,0,0,20032,2
142,2741972910,9505,0,0,0,0,66675850,66782550,1427,0,0,0,0,30852,0,5,0,0,0,0,20032,2
143,28497579,9506,0,0,0,0,65234450,66874200,1005,0,0,0,0,30852,0,5,0,0,0,0,20032,2
144,466729326,9507,0,0,0,0,66768050,66880250,1060,0,0,0,0,30852,0,5,0,0,0,0,20032,2
145,3425349295,9508,0,0,0,0,66767000,66875900,1325,0,0,0,0,30852,0,5,0,0,0,0,20032,2
146,1537640620,9509,0,0,0,0,66767150,66875050,1372,0,0,0,0,30852,0,5,0,0,0,0,20032,2
147,1853842891,9510,0,0,0,0,66767600,66878000,799,0,0,0,0,30852,0,5,0,0,0,0,20032,2
148,1177024904,9511,0,0,0,0,66765850,66878000,1184,0,0,0,0,31172,0,5,0,0,0,0,20032,2
149,4106734849,9512,0,0,0,0,66769250,66877550,1408,0,0,0,0,31172,0,5,0,0,0,0,20032,2
150,2025356500,9513,0,0,0,0,66767850,66876950,1315,0,0,0,0,31172,0,5,0,0,0,0,20032,2
151,2189605121,9514,0,0,0,0,66768550,66879300,1154,0,0,0,0,30852,0,5,0,0,0,0,20032,2
152,4086136290,9515,0,0,0,0,66764400,66872450,109,0,0,0,0,30852,0,5,0,0,0,0,20032,2
153,4036669705,9516,0,0,0,0,66174550,66878550,1285,0,0,0,0,30852,0,5,0,0,0,0,20032,2
154,4167980074,9517,0,0,0,0,66773000,66879950,934,0,0,0,0,30852,0,5,0,0,0,0,20032,2
155,51187407,9518,0,0,0,0,66757050,66878000,1052,0,0,0,0,30852,0,5,0,0,0,0,20032,2
156,2242638442,9519,0,0,0,0,66758450,66872500,1411,0,0,0,0,30852,0,5,0,0,0,0,20032,2
157,2730108163,9520,0,0,0,0,66766950,66877550,1276,0,0,0,0,30852,0,5,0,0,0,0,20032,2
158,2718743917,9521,0,0,0,0,66770600,66879250,1185,0,0,0,0,30852,0,5,0,0,0,0,20032,2
159,3391709842,9522,0,0,0,0,67075700,67187750,1312,0,0,0,0,30852,0,5,0,0,0,0,20032,2
160,1164604273,9523,0,0,0,0,66454100,66568650,1174,0,0,0,0,30852,0,5,0,0,0,0,20032,2
161,2148591176,9524,0,0,0,0,66763700,66874500,1296,0,0,0,0,30852,0,5,0,0,0,0,20032,2
162,4192737573,9525,0,0,0,0,66767750,66878050,852,0,0,0,0,30852,0,5,0,0,0,0,20032,2
163,535584840,9526,0,0,0,0,66768300,66877700,1242,0,0,0,0,30852,0,5,0,0,0,0,20032,2
164,3430794475,9527,0,0,0,0,66766300,66876650,1387,0,0,0,0,30852,0,5,0,0,0,0,20032,2
165,776323552,9528,0,0,0,0,66762150,66875850,1218,0,0,0,0,30852,0,5,0,0,0,0,20032,2
166,3330991427,9529,0,0,0,0,66917250,67032550,1193,0,0,0,0,30852,0,5,0,0,0,0,20032,2
167,3282074430,9530,0,0,0,0,83334300,83443000,3180,0,0,0,0,30852,0,5,0,0,0,0,20032,2
168,2597814595,9531,0,0,0,0,66763600,66874100,1354,0,0,0,0,30852,0,5,0,0,0,0,20032,2
169,2225601370,9532,0,0,0,0,66771800,66880500,1170,0,0,0,0,30852,0,5,0,0,0,0,20032,2
170,3716853465,9533,0,0,0,0,66769100,66875400,980,0,0,0,0,30852,0,5,0,0,0,0,20032,2
171,1080675697,9534,0,0,0,0,66765850,66877750,1560,0,0,0,0,30212,0,5,0,0,0,0,19712,2
172,219920238,9535,0,0,0,0,66759650,66875750,1395,0,0,0,0,30212,0,5,0,0,0,0,19712,2
173,3070385651,9536,0,0,0,0,66770950,66879750,1332,0,0,0,0,30212,0,5,0,0,0,0,19712,2
174,2609556270,9537,0,0,0,0,66765450,66876250,1581,0,0,0,0,30212,0,5,0,0,0,0,19712,2
175,141401383,9538,0,0,0,0,66356200,66877700,1422,0,0,0,0,30212,0,5,0,0,0,0,19712,2
176,3034105280,9539,0,0,0,0,66769900,66878100,1308,0,0,0,0,30212,0,5,0,0,0,0,19712,2
177,3029196371,9540,0,0,0,0,66766500,66876900,1052,0,0,0,0,30212,0,5,0,0,0,0,19712,2
178,699378668,9541,0,0,0,0,66770550,66877450,1532,0,0,0,0,30212,0,5,0,0,0,0,19712,2
179,2402609405,9542,0,0,0,0,66764050,66873400,1454,0,0,0,0,30212,0,5,0,0,0,0,19712,2
CSV_END

STUDY_DONE_876dde7ce415=0
# 