/tmp/app --transport unrolled --state-frame 3600 --frames 180 --warmup 30 --wait spin --profile detailed --csv /tmp/transport-frames.csv --dump /tmp/transport-frame.raw && printf "CSV_BEGIN\n" && cat /tmp/transport-frames.csv && printf "CSV_END\n"; study_status=$?; printf "\nSTUDY_DONE_2c991ab9325a=%s\n" "$study_status"
TRANSPORT mode=unrolled dma_minimum=64
BEGIN_BREAKOUT frames=180 warmup=30 fixed=0 blocks=40 tiles=1 hud=1 wait=spin replay=0 state_frame=3600 profile=detailed pixel_centers=1 clock_call_ns=5915
HW_COUNTERS unavailable
RESULT frames=180 elapsed_s=9.028720700 fps=19.936379 logic_ms=0.775898 api_ms=11.923533 swap_ms=23.955928 wait_ms=13.329147 worker_inclusive_ms=23.708972 upload_inclusive_ms=4.648228 write_ms=4.443411 bytes_per_frame=18724.00 p50_ms=50.157850 p95_ms=50.403950 max_ms=52.930600 late_60hz=180 first_count=5425 last_count=5604 state_hash=3933ec17 remaining=6 score=340
RENDER_PATH retained=0 grouped=0 quads=7380 full_frames=180
FRAME_CHECK count=5604 address=9fe00000 fnv1a=c250e403 pixels=307200 mismatches=0
BREAKOUT_PASS
CSV_BEGIN
frame,state_hash,display_count,logic_ns,api_ns,swap_ns,wait_ns,total_ns,completion_interval_ns,polls,worker_inclusive_ns,upload_inclusive_ns,write_ns,read_ns,write_bytes,read_bytes,write_calls,read_calls,dma_copy_ns,dma_launch_ns,dma_completion_wait_ns,dma_bytes,dma_lists
0,3653798554,5425,1251100,18344450,23731900,6775850,50103300,50113950,1250,23545350,4457650,4270150,0,18692,0,5,0,0,0,0,0,0
1,4254654458,5426,679300,11785650,23597300,13975250,50037500,50154100,2722,23407400,4184450,4010600,0,18692,0,5,0,0,0,0,0,0
2,258432485,5427,673550,14590400,24156100,10200750,49620800,50158550,1901,23971250,4878550,4682450,0,18692,0,5,0,0,0,0,0,0
3,872827290,5428,671500,11720400,23331700,14457700,50181300,50304800,2655,23153550,4019650,3834200,0,18692,0,5,0,0,0,0,0,0
4,30312805,5429,678350,11726900,23836000,13642450,49883700,50010000,2668,23652100,5296450,5094150,0,18692,0,5,0,0,0,0,0,0
5,4016430808,5430,709350,11745450,24066550,12766700,49288050,50161150,2370,23886150,4832150,4628500,0,18692,0,5,0,0,0,0,0,0
6,3012967645,5431,668050,11806550,23864750,13698350,50037700,50154700,2680,23679800,5397300,5178600,0,18692,0,5,0,0,0,0,0,0
7,3593359732,5432,676100,11648700,23539150,14174800,50038750,50160800,2623,23353950,4416300,4238450,0,18692,0,5,0,0,0,0,0,0
8,2714884843,5433,681450,11897800,23749750,13710650,50039650,50158750,2679,23563750,4498050,4314650,0,19012,0,5,0,0,0,0,0,0
9,1754706848,5434,674500,11527600,23544650,14290350,50037100,50157850,2672,23360400,4356000,4180400,0,19012,0,5,0,0,0,0,0,0
10,634139175,5435,679600,11766950,23378300,14212850,50037700,50154650,2754,23190050,4263050,4098150,0,18692,0,5,0,0,0,0,0,0
11,2225001302,5436,1288950,10929250,23529600,14285950,50033750,50157200,2666,23346450,4416600,4231400,0,18692,0,5,0,0,0,0,0,0
12,3881591779,5437,667850,12092850,26180550,11105000,50046250,50161550,2177,25426350,4858450,4653750,0,18692,0,5,0,0,0,0,0,0
13,2688998526,5438,1196850,10915900,23869200,14057200,50039150,50158050,2615,22972400,4757950,4558050,0,18692,0,5,0,0,0,0,0,0
14,3733755993,5439,673150,11773200,23283600,14306450,50036400,50154750,2770,23092400,4058000,3891950,0,18692,0,5,0,0,0,0,0,0
15,4110562030,5440,667350,11711950,23738350,13500300,49617950,50158200,2616,23566850,4735600,4549300,0,18692,0,5,0,0,0,0,0,0
16,2165534041,5441,670250,11731100,23375750,14478400,50255500,50371600,2719,23189750,3939800,3765750,0,18692,0,5,0,0,0,0,0,0
17,51482660,5442,676600,11803050,23762500,13582600,49824750,49946150,2656,23586600,5269600,5077050,0,18692,0,5,0,0,0,0,0,0
18,1808653113,5443,674750,11867400,23371750,14115000,50028900,50155000,2668,23190000,4254750,4080950,0,18692,0,5,0,0,0,0,0,0
19,3012136936,5444,670400,11952600,23647550,13768400,50038950,50161000,2692,23468000,5172300,4968950,0,18692,0,5,0,0,0,0,0,0
20,1547905167,5445,672700,11842200,30922550,6600050,50037500,50157600,1214,30735750,4218300,4027200,0,18692,0,5,0,0,0,0,0,0
21,2010544228,5446,677650,12017350,23509400,13834550,50038950,50155550,2706,23322950,4358400,4197750,0,18692,0,5,0,0,0,0,0,0
22,2331187115,5447,677250,11704000,25744750,11910900,50036900,50158700,2290,25556900,4353850,4187300,0,18692,0,5,0,0,0,0,0,0
23,591091010,5448,669050,11943100,23507600,13915750,50035500,50156000,2719,23331500,4241050,4067450,0,18692,0,5,0,0,0,0,0,0
24,3337222943,5449,1306800,10922950,24859550,12946850,50036150,50158400,2527,24090950,4747850,4566500,0,18692,0,5,0,0,0,0,0,0
25,541067522,5450,670550,11799450,23458700,14110900,50039600,50159000,2760,23274550,4026750,3863000,0,18692,0,5,0,0,0,0,0,0
26,1909576061,5451,1171350,10932050,23988600,13941100,50033100,50158250,2622,23077450,4758150,4565100,0,18692,0,5,0,0,0,0,0,0
27,3576416482,5452,669800,11770150,23524400,14413500,50377850,50500550,2738,23340150,4169350,3990150,0,18692,0,5,0,0,0,0,0,0
28,2786439485,5453,718350,11994350,23574250,11832050,48119000,49816500,2246,23387750,4256600,4066600,0,18692,0,5,0,0,0,0,0,0
29,1931780192,5454,674950,11787150,23258500,14348750,50069350,50185300,2723,23078350,3922300,3751450,0,18692,0,5,0,0,0,0,0,0
30,1799980229,5455,671400,11769300,23826800,13739300,50006800,50128150,2690,23645650,5278850,5076150,0,18692,0,5,0,0,0,0,0,0
31,3538847580,5456,670900,11763900,23873150,13729950,50037900,50159000,2583,23691550,4537150,4362800,0,18692,0,5,0,0,0,0,0,0
32,3831628403,5457,671950,11884950,25241700,12238750,50037350,50155600,2221,25052950,6607350,6407300,0,19012,0,5,0,0,0,0,0,0
33,1903038664,5458,695050,11681200,23886450,13771900,50034600,50159550,2588,23705650,4503200,4309550,0,19012,0,5,0,0,0,0,0,0
34,3410263823,5459,670200,11861600,23583600,13924300,50039700,50156900,2726,23394950,5146250,4071900,0,18692,0,5,0,0,0,0,0,0
35,3263986894,5460,669650,11500100,23639800,14225450,50035000,50159500,2689,23450800,4502600,4315950,0,18692,0,5,0,0,0,0,0,0
36,2175892875,5461,668800,11802850,23594850,13976550,50043050,50158900,2732,23409900,4476600,4313450,0,18692,0,5,0,0,0,0,0,0
37,1813748966,5462,1596650,11693450,23890350,12856250,50036700,50157300,2505,23026900,4757000,4566950,0,18692,0,5,0,0,0,0,0,0
38,833434417,5463,669850,11792250,23336150,14237400,50035650,50156050,2754,23143950,4171550,4011100,0,18692,0,5,0,0,0,0,0,0
39,4097282166,5464,1149600,11628350,23201100,14056150,50035200,50159950,2617,23011050,4781400,4597300,0,18692,0,5,0,0,0,0,0,0
40,192773425,5465,669200,11763050,23255850,17123450,52811550,52930600,2755,23066650,4101850,3925100,0,18692,0,5,0,0,0,0,0,0
41,858826700,5466,715250,17020350,24017950,5489000,47242550,47382400,1081,23149450,4913950,4721450,0,18692,0,5,0,0,0,0,0,0
42,1950483681,5467,675250,11838450,23151700,14839250,50504650,50623050,2411,22964200,4069900,3890850,0,18692,0,5,0,0,0,0,0,0
43,575738928,5468,705550,11924350,23618650,13315300,49563850,49695750,2565,23436950,5178100,4227250,0,18692,0,5,0,0,0,0,0,0
44,1359536727,5469,671150,11753350,23221800,14390600,50036900,50156050,2700,23035000,4175700,3994700,0,18692,0,5,0,0,0,0,0,0
45,3117637717,5470,676100,11833550,23954000,13578300,50041950,50160100,2648,23768950,4428700,4262450,0,18692,0,5,0,0,0,0,0,0
46,2557278958,5471,675150,11852750,23577150,13929400,50034450,50154400,2623,23386600,4490450,4315800,0,18692,0,5,0,0,0,0,0,0
47,3928984507,5472,672650,12016050,23404850,13945600,50039150,50159400,2726,23223500,4287100,4126550,0,18692,0,5,0,0,0,0,0,0
48,3279099526,5473,667000,11678200,23460000,14233650,50038850,50157550,2691,23269350,4447750,4270200,0,18692,0,5,0,0,0,0,0,0
49,3402996575,5474,671100,11978650,23671300,13721250,50042300,50158000,2671,23495100,4078350,3914050,0,18692,0,5,0,0,0,0,0,0
50,1848951628,5475,1290850,11041700,23865000,13834950,50032500,50157400,2601,22958950,4804550,4618950,0,18692,0,5,0,0,0,0,0,0
51,3328119971,5476,704800,12068400,23736200,12780800,49290200,50157600,2460,23558650,4566500,4370700,0,18692,0,5,0,0,0,0,0,0
52,536923704,5477,1133950,11815000,23708250,13381400,50038600,50157100,2621,22952550,4790900,4589800,0,18692,0,5,0,0,0,0,0,0
53,991563721,5478,670000,14328050,24045600,11243250,50286900,50403950,2147,23855500,5355350,5137950,0,18692,0,5,0,0,0,0,0,0
54,2482503020,5479,672850,11746050,23872950,13501550,49793400,49912050,2637,23694950,5340400,5143000,0,18692,0,5,0,0,0,0,0,0
55,3320786401,5480,668250,11773400,23408850,14185500,50036000,50157200,2684,23221000,4159900,3980750,0,18692,0,5,0,0,0,0,0,0
56,1307572882,5481,666300,11881450,23842350,13652600,50042700,50157700,2668,23655900,5220950,5026050,0,19012,0,5,0,0,0,0,0,0
57,1045847897,5482,666300,11701650,23908000,13764100,50040050,50159500,2504,23723450,4577950,4404000,0,19012,0,5,0,0,0,0,0,0
58,2886179050,5483,671150,11820950,23810600,13738450,50041150,50159550,2686,23621950,5232850,5036150,0,18692,0,5,0,0,0,0,0,0
59,961732807,5484,671500,11611950,23765350,13988700,50037500,50156500,2639,23584400,4467000,4288350,0,18692,0,5,0,0,0,0,0,0
60,1947062354,5485,671950,11795750,23518850,14057450,50044000,50158000,2752,23336800,4250750,4080250,0,18692,0,5,0,0,0,0,0,0
61,2075511931,5486,1278950,10924250,31535200,6298350,50036750,50156150,1068,31352150,4626150,4446050,0,18692,0,5,0,0,0,0,0,0
62,2408546800,5487,672400,11914250,23463450,13983400,50033500,50159150,2731,23276350,4133750,3956650,0,18692,0,5,0,0,0,0,0,0
63,460493639,5488,1256400,10921600,25657150,12198550,50033700,50157050,2344,25461200,4054900,3885100,0,18692,0,5,0,0,0,0,0,0
64,1463678916,5489,674600,11826250,23372900,14168500,50042250,50159900,2773,23189250,4165550,3983350,0,18692,0,5,0,0,0,0,0,0
65,3795713909,5490,677100,11674200,23060400,14192550,49604250,50159500,2648,22879800,4712250,4530400,0,18692,0,5,0,0,0,0,0,0
66,1056688136,5491,685450,12151250,23030350,14353550,50220600,50338600,2693,22843050,3935900,3761600,0,18692,0,5,0,0,0,0,0,0
67,202923725,5492,667300,11707650,23732800,13746750,49854500,49976850,2669,22973900,4717050,4529750,0,18692,0,5,0,0,0,0,0,0
68,4012539606,5493,663600,11778900,23103650,14490100,50036250,50157450,2718,22915400,3973250,3793900,0,18692,0,5,0,0,0,0,0,0
69,1087445485,5494,668750,11798400,23807850,13762500,50037500,50157150,2660,23618100,5270950,5077400,0,18692,0,5,0,0,0,0,0,0
70,491589414,5495,674250,12047650,23557950,13752050,50031900,50156500,2556,23381500,4467250,4286400,0,18692,0,5,0,0,0,0,0,0
71,1293200275,5496,675050,11827750,23642350,13893250,50038400,50160450,2691,23456750,5194400,4990250,0,18692,0,5,0,0,0,0,0,0
72,1737595726,5497,673550,11614050,23597750,14147500,50032850,50154950,2646,23410350,4499450,4324400,0,18692,0,5,0,0,0,0,0,0
73,2173390039,5498,672300,11830950,25421850,12111850,50036950,50156600,2317,25240450,4552350,4375800,0,18692,0,5,0,0,0,0,0,0
74,2060004372,5499,714650,11938200,23871850,11904100,48428800,50159750,2287,23686050,4225650,4055050,0,18692,0,5,0,0,0,0,0,0
75,668607547,5500,681050,12019100,23256100,14077450,50033700,50157500,2753,23068350,4020000,3859450,0,18692,0,5,0,0,0,0,0,0
76,3409034624,5501,1233600,11868400,23137100,13799900,50039000,50157200,2591,22947550,4763400,4571150,0,18692,0,5,0,0,0,0,0,0
77,66914193,5502,670350,11975800,23162500,14234550,50043200,50159900,2783,22975900,4060850,3893900,0,18692,0,5,0,0,0,0,0,0
78,2553907572,5503,665050,12055850,23957100,12942300,49620300,50159000,2514,23765150,5145750,4951350,0,18692,0,5,0,0,0,0,0,0
79,890390073,5504,673800,11929800,23180000,14388650,50172250,50293400,2731,22996400,4003150,3832200,0,18692,0,5,0,0,0,0,0,0
80,2223873098,5505,669600,11872900,23737350,13623600,49903450,50020600,2665,23556200,5294050,5095500,0,19012,0,5,0,0,0,0,0,0
81,2336881585,5506,672600,11792300,23639400,15546300,51650600,51767750,1707,23454950,4316750,4144850,0,19012,0,5,0,0,0,0,0,0
82,4135459074,5507,715500,13828500,24121050,9735600,48400650,48545900,1906,23944300,5442800,5241300,0,18692,0,5,0,0,0,0,0,0
83,1986260127,5508,686650,11736100,23693600,13927650,50044000,50161250,2293,23513250,4378700,4201250,0,18692,0,5,0,0,0,0,0,0
84,353344474,5509,699100,11909100,23632900,13791150,50032250,50158500,2693,23445850,4361700,4188300,0,18692,0,5,0,0,0,0,0,0
85,3169575603,5510,670400,11569700,23756000,14036250,50032350,50157700,2646,23572050,4451750,4279500,0,18692,0,5,0,0,0,0,0,0
86,210205944,5511,673550,11831500,23549500,13984250,50038800,50155800,2646,23367250,4200900,4030500,0,18692,0,5,0,0,0,0,0,0
87,1677393503,5512,1319600,10944600,24004100,13768200,50036500,50159400,2589,23824050,4754350,4572000,0,18692,0,5,0,0,0,0,0,0
88,3832728684,5513,676700,11804900,23404450,14150900,50036950,50156350,2765,23220500,3992250,3827650,0,18692,0,5,0,0,0,0,0,0
89,2074852568,5514,1198100,10959050,24021350,13861100,50039600,50158600,2601,23131050,4775050,4591700,0,18692,0,5,0,0,0,0,0,0
90,1464943173,5515,669900,11830850,23464450,14072450,50037650,50155900,2682,23278600,4162400,3989150,0,18692,0,5,0,0,0,0,0,0
91,315990800,5516,678500,11785600,23928850,13155450,49548400,50157700,2564,23741600,5442600,5242300,0,18692,0,5,0,0,0,0,0,0
92,1451405891,5517,673350,11775250,23430850,14233500,50112950,50235950,2695,23240850,4332550,4158100,0,18692,0,5,0,0,0,0,0,0
93,3196408848,5518,676550,11697600,23880700,13705750,49960600,50082450,2414,22986950,4735050,4551150,0,18692,0,5,0,0,0,0,0,0
94,141073587,5519,693650,12212950,23470800,13645350,50022750,50154500,2532,23289350,4391050,3400250,0,18692,0,5,0,0,0,0,0,0
95,3576439062,5520,675350,12156200,23594900,13613600,50040050,50157900,2625,23414650,5124150,4917600,0,18692,0,5,0,0,0,0,0,0
96,2798564443,5521,675550,11717450,23628500,14017700,50039200,50161200,2613,23447550,4542600,4369100,0,18692,0,5,0,0,0,0,0,0
97,3409362634,5522,673900,11798550,23586900,13977950,50037300,50157550,2702,23410400,5108900,4916350,0,18692,0,5,0,0,0,0,0,0
98,1459202337,5523,1479300,11925500,23669100,12208950,49282850,50156800,2322,23489000,5242700,5025650,0,18692,0,5,0,0,0,0,0,0
99,1984418334,5524,675950,12181650,23285550,13893400,50036550,50159550,2684,23106350,4006150,3839650,0,18692,0,5,0,0,0,0,0,0
100,2690152925,5525,1337100,10945450,23451850,14302600,50037000,50156600,2676,23268550,4407600,4230600,0,18692,0,5,0,0,0,0,0,0
101,2607809844,5526,671700,11849750,23285450,14231900,50038800,50159300,2786,23106850,4102300,3939650,0,18692,0,5,0,0,0,0,0,0
102,3522750362,5527,1319650,17238300,24606550,6869250,50033750,50155600,1271,24423200,4459750,4285050,0,18692,0,5,0,0,0,0,0,0
103,2368404599,5528,678650,11919750,23506700,14280950,50386050,50504950,2707,23322600,4062950,3889050,0,18692,0,5,0,0,0,0,0,0
104,3250007036,5529,672550,13702350,23491500,11825500,49691900,49811150,2258,23303300,4316300,4132900,0,19012,0,5,0,0,0,0,0,0
105,1111684799,5530,679150,11957600,23582550,13860400,50079700,50194750,2613,23398350,4392050,4215750,0,19012,0,5,0,0,0,0,0,0
106,2213018028,5531,672600,12022750,23737900,13569450,50002700,50119400,2648,23555550,5288050,5096050,0,18692,0,5,0,0,0,0,0,0
107,3171439817,5532,668100,11904500,24109000,13357750,50039350,50161100,2502,23926600,4550650,4377650,0,18692,0,5,0,0,0,0,0,0
108,2255827236,5533,668550,11995050,23573650,13804500,50041750,50156900,2700,23394150,5195500,4994400,0,18692,0,5,0,0,0,0,0,0
109,2472184909,5534,685750,11675500,23796850,13876850,50034950,50158850,2611,23607900,4556300,4381000,0,18692,0,5,0,0,0,0,0,0
110,3140412334,5535,671500,11863050,23608700,13896950,50040200,50156550,2719,23425050,4363450,4200600,0,18692,0,5,0,0,0,0,0,0
111,785888721,5536,676350,11549200,24010700,13797200,50033450,50156600,2582,23828500,4780500,4608800,0,18692,0,5,0,0,0,0,0,0
112,1084583170,5537,672750,11833850,23492000,14047550,50046150,50160850,2747,23307650,4076450,3916150,0,18692,0,5,0,0,0,0,0,0
113,4019848443,5538,1296800,10936550,23982500,13817850,50033700,50154050,2596,23795600,4777900,4587800,0,18692,0,5,0,0,0,0,0,0
114,808788421,5539,669850,11814000,26384700,11173200,50041750,50159500,2227,25626450,4876200,4688550,0,18692,0,5,0,0,0,0,0,0
115,3645042740,5540,1135500,11653050,23890800,13358000,50037350,50158500,2527,23141300,4779500,4569650,0,18692,0,5,0,0,0,0,0,0
116,2991496187,5541,675050,11779450,23447500,14433300,50335300,50453650,2738,23251300,4152600,3976850,0,18692,0,5,0,0,0,0,0,0
117,3919662364,5542,677300,11682550,23902100,13480250,49742200,49860600,2635,23724500,5326600,5129000,0,18692,0,5,0,0,0,0,0,0
118,1681074571,5543,678200,11825250,23533300,14002100,50038850,50158750,2643,23347700,4281000,4103550,0,18692,0,5,0,0,0,0,0,0
119,4218967458,5544,678200,11840050,23925250,13594850,50038350,50156700,2599,23739050,5424600,5220950,0,18692,0,5,0,0,0,0,0,0
120,625353107,5545,672150,11759050,23604350,14000000,50035550,50159100,2643,23418550,4481000,4307500,0,18692,0,5,0,0,0,0,0,0
121,3717195990,5546,712900,11973300,23440600,13149400,49276200,50159900,2552,23262750,4130100,3954450,0,18692,0,5,0,0,0,0,0,0
122,2425705089,5547,665400,11685400,30034600,7646700,50032100,50155750,1435,29837800,10897850,10594600,0,18692,0,5,0,0,0,0,0,0
123,2555484258,5548,686850,11809300,23551600,13985800,50033550,50156600,2707,23364850,4377250,4195750,0,18692,0,5,0,0,0,0,0,0
124,1141451493,5549,674150,11850950,25682950,11830900,50038950,50159700,2235,25498900,4307100,4132700,0,18692,0,5,0,0,0,0,0,0
125,1505942736,5550,669700,11814300,23405300,14149650,50038950,50158300,2733,23222550,4211400,4040000,0,18692,0,5,0,0,0,0,0,0
126,2491710369,5551,1279750,10936150,23763200,14058750,50037850,50157250,2615,23576750,4669800,4487350,0,18692,0,5,0,0,0,0,0,0
127,2825516936,5552,669850,11818250,23248750,14299500,50036350,50155150,2772,23065900,4014100,3856400,0,18692,0,5,0,0,0,0,0,0
128,809518447,5553,1140800,12081250,23757300,13057550,50036900,50160650,2511,23573650,5319650,5121700,0,19012,0,5,0,0,0,0,0,0
129,1081694344,5554,668400,11769300,23359150,14620350,50417200,50538700,2752,23178450,4181550,4012700,0,19012,0,5,0,0,0,0,0,0
130,3544546839,5555,670850,11869550,23775900,13339950,49656250,49776400,2601,23593850,5339300,5137700,0,18692,0,5,0,0,0,0,0,0
131,2291142598,5556,667950,11926550,23277650,14159200,50031350,50155550,2680,23091950,4176850,4002550,0,18692,0,5,0,0,0,0,0,0
132,3252385439,5557,672600,12052700,23937000,13376900,50039200,50157850,2608,23752400,5160900,4221400,0,18692,0,5,0,0,0,0,0,0
133,1602009306,5558,673550,11906850,23729000,13733650,50043050,50161100,2585,23547950,4577200,4398850,0,18692,0,5,0,0,0,0,0,0
134,2497072261,5559,677200,12031100,23563550,13770800,50042650,50158100,2354,23380000,5137700,4945650,0,18692,0,5,0,0,0,0,0,0
135,3739067406,5560,696600,11749850,23639100,13932500,50018050,50155650,2624,23456950,4515250,4323200,0,18692,0,5,0,0,0,0,0,0
136,1716074641,5561,671350,11961750,23726200,13682450,50041750,50156950,2666,23540850,4149150,3983750,0,18692,0,5,0,0,0,0,0,0
137,3982919220,5562,1294800,10930200,23661750,14150900,50037650,50159550,2673,23484100,4462350,4288000,0,18692,0,5,0,0,0,0,0,0
138,2723337005,5563,669400,11827900,23541150,13999300,50037750,50156300,2736,23363850,4050150,3888200,0,18692,0,5,0,0,0,0,0,0
139,733376204,5564,1254750,10995550,23996500,13792150,50038950,50159700,2585,23082750,4791050,4606350,0,18692,0,5,0,0,0,0,0,0
140,43915006,5565,670750,11843200,23817200,13709300,50040450,50155500,2647,23633800,4455700,4279700,0,18692,0,5,0,0,0,0,0,0
141,2309932913,5566,1117300,11745400,23960200,13222150,50045050,50162350,2577,23783550,5366800,5171200,0,18692,0,5,0,0,0,0,0,0
142,1653305798,5567,676700,11795950,23273950,14479750,50226350,50349200,2747,23090300,4030250,3854450,0,18692,0,5,0,0,0,0,0,0
143,145291823,5568,680600,18342850,24115350,6706850,49845650,49965250,1231,23927500,4796500,4619850,0,18692,0,5,0,0,0,0,0,0
144,3013902878,5569,697400,11775150,24161500,13856050,50490100,51342000,2244,23978850,4876100,4681750,0,18692,0,5,0,0,0,0,0,0
145,2859971923,5570,704300,12284350,23517900,12341200,48847750,48974350,2368,23333150,4187100,4007550,0,18692,0,5,0,0,0,0,0,0
146,3026746148,5571,678000,11784500,23691150,13884900,50038550,50155550,2617,23508550,4422950,4245300,0,18692,0,5,0,0,0,0,0,0
147,736325239,5572,676450,11843200,23758900,13762550,50041100,50157850,2689,23581150,5317300,5115400,0,18692,0,5,0,0,0,0,0,0
148,2759885216,5573,674600,11609350,23821900,13932750,50038600,50157350,2563,23630300,4713200,4536250,0,18692,0,5,0,0,0,0,0,0
149,1930007773,5574,681300,11846150,23604400,13911700,50043550,50160850,2720,23426750,4437100,4280000,0,18692,0,5,0,0,0,0,0,0
150,4233548434,5575,1317300,10940100,23620650,14156150,50034200,50155900,2646,23427650,4486300,4312700,0,19012,0,5,0,0,0,0,0,0
151,3821597075,5576,672500,11797800,23556000,14015250,50041550,50157550,2712,23375100,4172650,4014800,0,19012,0,5,0,0,0,0,0,0
152,1056834796,5577,1217550,10971950,23981000,13867150,50037650,50159400,2575,23048050,4799200,4616850,0,19012,0,5,0,0,0,0,0,0
153,2756113825,5578,672600,12187650,23214800,13964650,50039700,50158700,2688,23032800,4005150,3826800,0,18692,0,5,0,0,0,0,0,0
154,2193869574,5579,681400,11767900,23714400,13458050,49621750,50156400,2605,22948650,4747950,4553500,0,18692,0,5,0,0,0,0,0,0
155,39089791,5580,677550,12274450,25699300,11531550,50182850,50308350,2181,25514700,5442050,5231300,0,18692,0,5,0,0,0,0,0,0
156,1158667078,5581,679000,11802550,23704750,13698050,49884350,50006800,2649,23530700,5296450,5086550,0,18692,0,5,0,0,0,0,0,0
157,4085879547,5582,673350,11791800,24245250,13324900,50035300,50158400,2466,24063900,4745400,4574900,0,18692,0,5,0,0,0,0,0,0
158,313686028,5583,676250,11839700,23714000,13810100,50040050,50158250,2701,23531700,5212200,5021700,0,18692,0,5,0,0,0,0,0,0
159,3216587021,5584,670650,11922900,23661600,13777950,50033100,50154850,2589,23474950,4541150,4363900,0,18692,0,5,0,0,0,0,0,0
160,876009466,5585,673650,12025350,23492950,13853450,50045400,50160450,2709,23312100,5100800,4172800,0,18692,0,5,0,0,0,0,0,0
161,981002535,5586,670650,11756150,26260950,11348550,50036300,50157550,2141,26063650,6741250,6529350,0,18692,0,5,0,0,0,0,0,0
162,47529864,5587,677300,11998000,23341700,14014800,50031800,50156300,2738,23150350,4184450,4009550,0,18692,0,5,0,0,0,0,0,0
163,868088385,5588,1307850,11065250,33027400,4639550,50040050,50159650,894,32841900,5494650,5294950,0,18692,0,5,0,0,0,0,0,0
164,2331947246,5589,681500,11975700,23298550,14078100,50033850,50156150,2752,23112000,4007850,3842750,0,18692,0,5,0,0,0,0,0,0
165,2168054517,5590,1216900,10927550,26161900,11733350,50039700,50158000,2234,25113100,4073650,3905950,0,18692,0,5,0,0,0,0,0,0
166,3926666066,5591,672650,11825700,23337400,14204350,50040100,50159700,2770,23162400,4049950,3859150,0,18692,0,5,0,0,0,0,0,0
167,1177610667,5592,666500,11680800,23943150,13349800,49640250,50157900,2601,23762800,5350200,5158200,0,18692,0,5,0,0,0,0,0,0
168,3782405190,5593,679250,11780350,23201150,14462900,50123650,50247100,2743,23008100,3948100,3780350,0,18692,0,5,0,0,0,0,0,0
169,916405275,5594,671100,11675000,24157800,13448500,49952400,50069750,2609,23975450,5590800,5391550,0,18692,0,5,0,0,0,0,0,0
170,1596582148,5595,678800,11792850,23869950,13696400,50038000,50156800,2576,23684950,4610000,4431800,0,18692,0,5,0,0,0,0,0,0
171,4199562603,5596,676000,11857900,23792300,13712800,50039000,50156800,2678,23610650,5162350,4965600,0,18692,0,5,0,0,0,0,0,0
172,3017986708,5597,676050,11693400,23964100,13708000,50041550,50157750,2575,23772750,4694550,4525450,0,18692,0,5,0,0,0,0,0,0
173,2654286289,5598,670750,11799300,23736000,13835100,50041150,50158050,2624,23548500,4365100,4204850,0,18692,0,5,0,0,0,0,0,0
174,1031695476,5599,679250,11541800,23765550,14050950,50037550,50158500,2649,23582850,4478000,4306450,0,19012,0,5,0,0,0,0,0,0
175,2959877989,5600,672500,11791200,25480350,12099600,50043650,50159250,2313,25298900,4740550,4563850,0,19012,0,5,0,0,0,0,0,0
176,1566373458,5601,1312100,10941400,23951300,13833700,50038500,50156950,2596,23777750,4799750,4608000,0,19012,0,5,0,0,0,0,0,0
177,3017804585,5602,671500,11803300,23448250,14113300,50036350,50155700,2757,23261700,4229750,4071200,0,18692,0,5,0,0,0,0,0,0
178,1442923286,5603,1481250,11845400,23867700,12841800,50036150,50160600,2483,23689100,5413250,5210100,0,18692,0,5,0,0,0,0,0,0
179,959704087,5604,666450,11748950,23278200,14688750,50382350,50508500,2767,23090400,4080050,3912050,0,18692,0,5,0,0,0,0,0,0
CSV_END

STUDY_DONE_2c991ab9325a=0
# 