/tmp/app --transport apb --state-frame 0 --dma-minimum 64 --frames 180 --warmup 30 --wait spin --profile frame --csv /tmp/transport-frames.csv --grouped --dump /tmp/transport-frame.raw && printf "CSV_BEGIN\n" && cat /tmp/transport-frames.csv && printf "CSV_END\n"; study_status=$?; printf "\nSTUDY_DONE_5b56b973fb2f=%s\n" "$study_status"
TRANSPORT mode=apb dma_minimum=64
BEGIN_BREAKOUT frames=180 warmup=30 fixed=0 blocks=40 tiles=1 hud=1 wait=spin replay=0 state_frame=0 profile=frame pixel_centers=1 clock_call_ns=5391
HW_COUNTERS unavailable
RESULT frames=180 elapsed_s=12.054560500 fps=14.932108 logic_ms=0.000000 api_ms=0.000000 swap_ms=0.000000 wait_ms=0.000000 worker_inclusive_ms=0.000000 upload_inclusive_ms=0.000000 write_ms=0.000000 bytes_per_frame=30951.56 p50_ms=66.877100 p95_ms=67.079050 max_ms=83.637250 late_60hz=180 first_count=569 last_count=748 state_hash=8f34e8fd remaining=38 score=20
RENDER_PATH retained=0 grouped=1 quads=13131 full_frames=180
FRAME_CHECK count=748 address=9fe00000 fnv1a=79c99b23 pixels=307200 mismatches=0
BREAKOUT_PASS
CSV_BEGIN
frame,state_hash,display_count,logic_ns,api_ns,swap_ns,wait_ns,total_ns,completion_interval_ns,polls,worker_inclusive_ns,upload_inclusive_ns,write_ns,read_ns,write_bytes,read_bytes,write_calls,read_calls,dma_copy_ns,dma_launch_ns,dma_completion_wait_ns,dma_bytes,dma_lists
0,3724779174,569,0,0,0,0,66822900,66832000,2980,0,0,0,0,31172,0,5,0,0,0,0,0,0
1,1709657109,570,0,0,0,0,66961500,67079050,2824,0,0,0,0,31172,0,5,0,0,0,0,0,0
2,1894904752,571,0,0,0,0,66549900,66672650,2982,0,0,0,0,31172,0,5,0,0,0,0,0,0
3,3703759967,572,0,0,0,0,66757550,66880300,2858,0,0,0,0,31172,0,5,0,0,0,0,0,0
4,19533624,573,0,0,0,0,66753800,66876350,2909,0,0,0,0,31172,0,5,0,0,0,0,0,0
5,816884773,574,0,0,0,0,66755100,66875850,2955,0,0,0,0,31172,0,5,0,0,0,0,0,0
6,1339236364,575,0,0,0,0,66755600,66878400,1210,0,0,0,0,31172,0,5,0,0,0,0,0,0
7,3072959373,576,0,0,0,0,66758900,66878350,2946,0,0,0,0,31172,0,5,0,0,0,0,0,0
8,1782884746,577,0,0,0,0,66811600,66934850,2837,0,0,0,0,31172,0,5,0,0,0,0,0,0
9,30296781,578,0,0,0,0,66694800,66817000,2916,0,0,0,0,31492,0,5,0,0,0,0,0,0
10,4026418858,579,0,0,0,0,66757450,66876700,2885,0,0,0,0,31492,0,5,0,0,0,0,0,0
11,2084929051,580,0,0,0,0,66758050,66877450,2893,0,0,0,0,31492,0,5,0,0,0,0,0,0
12,3114489770,581,0,0,0,0,66759900,66880200,2838,0,0,0,0,31172,0,5,0,0,0,0,0,0
13,891400471,582,0,0,0,0,66760450,66876250,2588,0,0,0,0,31172,0,5,0,0,0,0,0,0
14,3472773456,583,0,0,0,0,66040000,66877350,2674,0,0,0,0,31172,0,5,0,0,0,0,0,0
15,3010688243,584,0,0,0,0,66756100,66876300,2797,0,0,0,0,31172,0,5,0,0,0,0,0,0
16,2819524756,585,0,0,0,0,66765550,66877450,3027,0,0,0,0,31172,0,5,0,0,0,0,0,0
17,3241678401,586,0,0,0,0,66749900,66874200,2911,0,0,0,0,31172,0,5,0,0,0,0,0,0
18,2154316504,587,0,0,0,0,66759550,66881600,2821,0,0,0,0,31172,0,5,0,0,0,0,0,0
19,772262681,588,0,0,0,0,66766000,66876350,2971,0,0,0,0,31172,0,5,0,0,0,0,0,0
20,3882818750,589,0,0,0,0,66370300,66875050,2934,0,0,0,0,31172,0,5,0,0,0,0,0,0
21,521131153,590,0,0,0,0,66754050,66876750,1215,0,0,0,0,31172,0,5,0,0,0,0,0,0
22,1838187414,591,0,0,0,0,66764800,66878650,2849,0,0,0,0,31172,0,5,0,0,0,0,0,0
23,840574439,592,0,0,0,0,66754650,66875400,3020,0,0,0,0,31172,0,5,0,0,0,0,0,0
24,2879461878,593,0,0,0,0,66755600,66876450,2366,0,0,0,0,31172,0,5,0,0,0,0,0,0
25,202086035,594,0,0,0,0,66763050,66879700,2938,0,0,0,0,31172,0,5,0,0,0,0,0,0
26,959703924,595,0,0,0,0,66993650,67117100,2870,0,0,0,0,31172,0,5,0,0,0,0,0,0
27,3795724423,596,0,0,0,0,66512550,66635650,2882,0,0,0,0,31172,0,5,0,0,0,0,0,0
28,2500539904,597,0,0,0,0,66751800,66877300,2918,0,0,0,0,31172,0,5,0,0,0,0,0,0
29,2269000541,598,0,0,0,0,66758950,66879950,2504,0,0,0,0,31172,0,5,0,0,0,0,0,0
30,1900681108,599,0,0,0,0,66754450,66876700,3036,0,0,0,0,31172,0,5,0,0,0,0,0,0
31,3680168245,600,0,0,0,0,66748000,66874450,2854,0,0,0,0,31172,0,5,0,0,0,0,0,0
32,2344329490,601,0,0,0,0,66757950,66879100,2968,0,0,0,0,31172,0,5,0,0,0,0,0,0
33,2130650181,602,0,0,0,0,66852200,66977550,2841,0,0,0,0,31492,0,5,0,0,0,0,0,0
34,906966818,603,0,0,0,0,66647650,66776450,2927,0,0,0,0,31492,0,5,0,0,0,0,0,0
35,3939376531,604,0,0,0,0,66751750,66874700,2901,0,0,0,0,31492,0,5,0,0,0,0,0,0
36,2110688546,605,0,0,0,0,66799350,66918600,1480,0,0,0,0,31172,0,5,0,0,0,0,0,0
37,2695523007,606,0,0,0,0,65946800,66837950,2678,0,0,0,0,31172,0,5,0,0,0,0,0,0
38,744447992,607,0,0,0,0,66761050,66876050,2925,0,0,0,0,31172,0,5,0,0,0,0,0,0
39,3728640411,608,0,0,0,0,66759200,66876550,2977,0,0,0,0,31172,0,5,0,0,0,0,0,0
40,618879740,609,0,0,0,0,66758700,66880450,2795,0,0,0,0,31172,0,5,0,0,0,0,0,0
41,1239708057,610,0,0,0,0,66760900,66876950,3012,0,0,0,0,31172,0,5,0,0,0,0,0,0
42,2429742208,611,0,0,0,0,66759450,66876350,2912,0,0,0,0,31172,0,5,0,0,0,0,0,0
43,412095716,612,0,0,0,0,66757550,66874550,2735,0,0,0,0,31172,0,5,0,0,0,0,0,0
44,1226741467,613,0,0,0,0,66765700,66877350,2577,0,0,0,0,31172,0,5,0,0,0,0,0,0
45,3288446148,614,0,0,0,0,66340000,66876850,2917,0,0,0,0,31172,0,5,0,0,0,0,0,0
46,1157984843,615,0,0,0,0,66756450,66879450,2829,0,0,0,0,31172,0,5,0,0,0,0,0,0
47,3877288378,616,0,0,0,0,66763400,66876300,2841,0,0,0,0,31172,0,5,0,0,0,0,0,0
48,4236526315,617,0,0,0,0,66755400,66878750,3020,0,0,0,0,31172,0,5,0,0,0,0,0,0
49,533834014,618,0,0,0,0,66751750,66874850,2850,0,0,0,0,31172,0,5,0,0,0,0,0,0
50,1649361089,619,0,0,0,0,66759900,66877000,2935,0,0,0,0,31172,0,5,0,0,0,0,0,0
51,2486981906,620,0,0,0,0,67072600,67193300,2973,0,0,0,0,31172,0,5,0,0,0,0,0,0
52,1706075277,621,0,0,0,0,66440100,66561750,1283,0,0,0,0,31172,0,5,0,0,0,0,0,0
53,267972368,622,0,0,0,0,66760050,66876650,2897,0,0,0,0,31172,0,5,0,0,0,0,0,0
54,3895401273,623,0,0,0,0,66751650,66876600,2869,0,0,0,0,31172,0,5,0,0,0,0,0,0
55,605985656,624,0,0,0,0,66753400,66877800,2928,0,0,0,0,31172,0,5,0,0,0,0,0,0
56,4077673024,625,0,0,0,0,66749850,66876250,2917,0,0,0,0,30852,0,5,0,0,0,0,0,0
57,985632231,626,0,0,0,0,66751200,66878150,2955,0,0,0,0,30852,0,5,0,0,0,0,0,0
58,3720590956,627,0,0,0,0,67212150,67336500,2947,0,0,0,0,30852,0,5,0,0,0,0,0,0
59,3264032585,628,0,0,0,0,66295350,66419100,2574,0,0,0,0,30852,0,5,0,0,0,0,0,0
60,395405688,629,0,0,0,0,65969400,66876350,2720,0,0,0,0,30852,0,5,0,0,0,0,0,0
61,32142420,630,0,0,0,0,66750350,66878700,2892,0,0,0,0,30852,0,5,0,0,0,0,0,0
62,1187067055,631,0,0,0,0,66746950,66875050,2917,0,0,0,0,30852,0,5,0,0,0,0,0,0
63,459140908,632,0,0,0,0,66756350,66878850,2919,0,0,0,0,30852,0,5,0,0,0,0,0,0
64,3369786495,633,0,0,0,0,66754300,66876450,2931,0,0,0,0,30852,0,5,0,0,0,0,0,0
65,1572434254,634,0,0,0,0,66795800,66918750,2838,0,0,0,0,30852,0,5,0,0,0,0,0,0
66,4107798823,635,0,0,0,0,66716350,66833450,3020,0,0,0,0,30852,0,5,0,0,0,0,0,0
67,343968250,636,0,0,0,0,66755400,66877700,1202,0,0,0,0,30852,0,5,0,0,0,0,0,0
68,3102454017,637,0,0,0,0,66765550,66879050,2758,0,0,0,0,30852,0,5,0,0,0,0,0,0
69,3051095563,638,0,0,0,0,66760850,66878000,2999,0,0,0,0,30852,0,5,0,0,0,0,0,0
70,2391331016,639,0,0,0,0,66748750,66873650,2915,0,0,0,0,30852,0,5,0,0,0,0,0,0
71,3869016117,640,0,0,0,0,66760800,66879200,2784,0,0,0,0,30852,0,5,0,0,0,0,0,0
72,1579800804,641,0,0,0,0,66760800,66874850,2899,0,0,0,0,30852,0,5,0,0,0,0,0,0
73,2792341157,642,0,0,0,0,66758050,66879850,3032,0,0,0,0,30852,0,5,0,0,0,0,0,0
74,714702942,643,0,0,0,0,66756450,66877700,2833,0,0,0,0,30852,0,5,0,0,0,0,0,0
75,1092538936,644,0,0,0,0,66766050,66877800,2536,0,0,0,0,30852,0,5,0,0,0,0,0,0
76,1561271239,645,0,0,0,0,66744700,66873000,2954,0,0,0,0,31172,0,5,0,0,0,0,0,0
77,3798074098,646,0,0,0,0,66350650,66878850,2833,0,0,0,0,31172,0,5,0,0,0,0,0,0
78,3022639071,647,0,0,0,0,66760600,66878750,2882,0,0,0,0,31172,0,5,0,0,0,0,0,0
79,2282770062,648,0,0,0,0,66754900,66876600,2918,0,0,0,0,30852,0,5,0,0,0,0,0,0
80,1626512457,649,0,0,0,0,66753100,66877050,2993,0,0,0,0,30852,0,5,0,0,0,0,0,0
81,3156888026,650,0,0,0,0,66750150,66877100,2943,0,0,0,0,30852,0,5,0,0,0,0,0,0
82,3038824309,651,0,0,0,0,66761100,66882500,1423,0,0,0,0,30852,0,5,0,0,0,0,0,0
83,1261846460,652,0,0,0,0,66978450,67119550,2796,0,0,0,0,30852,0,5,0,0,0,0,0,0
84,2035201521,653,0,0,0,0,65744150,66629400,2275,0,0,0,0,30852,0,5,0,0,0,0,0,0
85,2164446652,654,0,0,0,0,66759250,66876050,2879,0,0,0,0,30852,0,5,0,0,0,0,0,0
86,2017191835,655,0,0,0,0,66755000,66876250,2856,0,0,0,0,30852,0,5,0,0,0,0,0,0
87,3029138484,656,0,0,0,0,66754900,66880150,3064,0,0,0,0,30852,0,5,0,0,0,0,0,0
88,50355403,657,0,0,0,0,66752150,66875450,2954,0,0,0,0,30852,0,5,0,0,0,0,0,0
89,654213990,658,0,0,0,0,66757650,66877550,2965,0,0,0,0,30852,0,5,0,0,0,0,0,0
90,2360099787,659,0,0,0,0,66862800,66988750,2341,0,0,0,0,30852,0,5,0,0,0,0,0,0
91,2424818746,660,0,0,0,0,66653300,66765350,2994,0,0,0,0,30852,0,5,0,0,0,0,0,0
92,1971386461,661,0,0,0,0,66757600,66876150,2887,0,0,0,0,30852,0,5,0,0,0,0,0,0
93,3386045126,662,0,0,0,0,66751200,66876100,2877,0,0,0,0,30852,0,5,0,0,0,0,0,0
94,1429641961,663,0,0,0,0,66765400,66879300,3026,0,0,0,0,30852,0,5,0,0,0,0,0,0
95,3022846880,664,0,0,0,0,66757150,66874600,2970,0,0,0,0,30852,0,5,0,0,0,0,0,0
96,1601897261,665,0,0,0,0,66759500,66877400,2795,0,0,0,0,30852,0,5,0,0,0,0,0,0
97,1229951528,666,0,0,0,0,66756700,66876950,2884,0,0,0,0,30852,0,5,0,0,0,0,0,0
98,4065171759,667,0,0,0,0,66758650,66877100,1411,0,0,0,0,30852,0,5,0,0,0,0,0,0
99,1034325744,668,0,0,0,0,66768150,66879750,2790,0,0,0,0,30852,0,5,0,0,0,0,0,0
100,14078671,669,0,0,0,0,66759900,66876200,2920,0,0,0,0,31172,0,5,0,0,0,0,0,0
101,4024270554,670,0,0,0,0,66757200,66877750,2957,0,0,0,0,31172,0,5,0,0,0,0,0,0
102,896191351,671,0,0,0,0,66321900,66878800,2845,0,0,0,0,31172,0,5,0,0,0,0,0,0
103,2131384102,672,0,0,0,0,66760850,66876350,2897,0,0,0,0,30852,0,5,0,0,0,0,0,0
104,2586210593,673,0,0,0,0,66750550,66876150,2876,0,0,0,0,30852,0,5,0,0,0,0,0,0
105,591918370,674,0,0,0,0,66755400,66875150,2560,0,0,0,0,30852,0,5,0,0,0,0,0,0
106,8814317,675,0,0,0,0,66746950,66881050,2884,0,0,0,0,30852,0,5,0,0,0,0,0,0
107,2340504196,676,0,0,0,0,65998350,66876450,2712,0,0,0,0,30852,0,5,0,0,0,0,0,0
108,3523076009,677,0,0,0,0,67075700,67193900,2908,0,0,0,0,30852,0,5,0,0,0,0,0,0
109,1961669028,678,0,0,0,0,66441350,66556800,2959,0,0,0,0,30852,0,5,0,0,0,0,0,0
110,1037581603,679,0,0,0,0,66759350,66879750,2908,0,0,0,0,30852,0,5,0,0,0,0,0,0
111,2701024588,680,0,0,0,0,66758500,66879200,2817,0,0,0,0,30852,0,5,0,0,0,0,0,0
112,215037203,681,0,0,0,0,66749000,66872650,3045,0,0,0,0,30852,0,5,0,0,0,0,0,0
113,3696282862,682,0,0,0,0,66758900,66879100,1139,0,0,0,0,30852,0,5,0,0,0,0,0,0
114,2829142928,683,0,0,0,0,66761600,66878800,2892,0,0,0,0,30852,0,5,0,0,0,0,0,0
115,3204762949,684,0,0,0,0,66931550,67057900,2886,0,0,0,0,30852,0,5,0,0,0,0,0,0
116,3297489190,685,0,0,0,0,66573600,66695150,3008,0,0,0,0,30852,0,5,0,0,0,0,0,0
117,1691704917,686,0,0,0,0,66752700,66876550,2874,0,0,0,0,30852,0,5,0,0,0,0,0,0
118,663957814,687,0,0,0,0,66754300,66876550,2865,0,0,0,0,30852,0,5,0,0,0,0,0,0
119,3058583827,688,0,0,0,0,66760150,66876500,3036,0,0,0,0,30852,0,5,0,0,0,0,0,0
120,838545270,689,0,0,0,0,66761550,66880600,2911,0,0,0,0,30852,0,5,0,0,0,0,0,0
121,3608912039,690,0,0,0,0,66751500,66873500,2462,0,0,0,0,30852,0,5,0,0,0,0,0,0
122,4080159716,691,0,0,0,0,66802800,66923450,2896,0,0,0,0,30852,0,5,0,0,0,0,0,0
123,1056027075,692,0,0,0,0,66713350,66832800,3020,0,0,0,0,30852,0,5,0,0,0,0,0,0
124,4057021248,693,0,0,0,0,66755050,66876200,2785,0,0,0,0,31172,0,5,0,0,0,0,0,0
125,2686741161,694,0,0,0,0,66761700,66880100,2899,0,0,0,0,31172,0,5,0,0,0,0,0,0
126,3870849660,695,0,0,0,0,66754650,66875000,2984,0,0,0,0,31172,0,5,0,0,0,0,0,0
127,293449641,696,0,0,0,0,66754700,66876400,2836,0,0,0,0,30852,0,5,0,0,0,0,0,0
128,596064266,697,0,0,0,0,66758700,66875800,1341,0,0,0,0,30852,0,5,0,0,0,0,0,0
129,3715495249,698,0,0,0,0,66757650,66877550,2877,0,0,0,0,30852,0,5,0,0,0,0,0,0
130,244680018,699,0,0,0,0,66005000,66878650,2733,0,0,0,0,30852,0,5,0,0,0,0,0,0
131,4080661783,700,0,0,0,0,66763750,66877400,2890,0,0,0,0,30852,0,5,0,0,0,0,0,0
132,4006730450,701,0,0,0,0,66755650,66875800,2923,0,0,0,0,30852,0,5,0,0,0,0,0,0
133,3864584507,702,0,0,0,0,66758700,66876250,2914,0,0,0,0,30852,0,5,0,0,0,0,0,0
134,2711027320,703,0,0,0,0,66371550,66880050,2921,0,0,0,0,30852,0,5,0,0,0,0,0,0
135,4099079087,704,0,0,0,0,66758000,66876750,2936,0,0,0,0,30852,0,5,0,0,0,0,0,0
136,565333772,705,0,0,0,0,66761600,66878200,2390,0,0,0,0,30852,0,5,0,0,0,0,0,0
137,1028518269,706,0,0,0,0,66761350,66874350,3050,0,0,0,0,30852,0,5,0,0,0,0,0,0
138,2252688136,707,0,0,0,0,66762400,66880000,2902,0,0,0,0,30852,0,5,0,0,0,0,0,0
139,578597309,708,0,0,0,0,66754900,66874850,2833,0,0,0,0,30852,0,5,0,0,0,0,0,0
140,3624439358,709,0,0,0,0,67010900,67134500,2949,0,0,0,0,30852,0,5,0,0,0,0,0,0
141,3514067501,710,0,0,0,0,66499500,66619950,2956,0,0,0,0,30852,0,5,0,0,0,0,0,0
142,2741972910,711,0,0,0,0,66755300,66875900,2865,0,0,0,0,30852,0,5,0,0,0,0,0,0
143,28497579,712,0,0,0,0,66752100,66877150,2906,0,0,0,0,30852,0,5,0,0,0,0,0,0
144,466729326,713,0,0,0,0,83520200,83637250,2202,0,0,0,0,30852,0,5,0,0,0,0,0,0
145,3425349295,714,0,0,0,0,66713850,66836650,2877,0,0,0,0,30852,0,5,0,0,0,0,0,0
146,1537640620,715,0,0,0,0,66748850,66877650,2900,0,0,0,0,30852,0,5,0,0,0,0,0,0
147,1853842891,716,0,0,0,0,66761500,66879350,2909,0,0,0,0,30852,0,5,0,0,0,0,0,0
148,1177024904,717,0,0,0,0,66756700,66875450,2934,0,0,0,0,31172,0,5,0,0,0,0,0,0
149,4106734849,718,0,0,0,0,66751100,66878950,2887,0,0,0,0,31172,0,5,0,0,0,0,0,0
150,2025356500,719,0,0,0,0,66753200,66874700,2878,0,0,0,0,31172,0,5,0,0,0,0,0,0
151,2189605121,720,0,0,0,0,66757650,66877500,2366,0,0,0,0,30852,0,5,0,0,0,0,0,0
152,4086136290,721,0,0,0,0,66765650,66879950,2930,0,0,0,0,30852,0,5,0,0,0,0,0,0
153,4036669705,722,0,0,0,0,65270250,66874400,2656,0,0,0,0,30852,0,5,0,0,0,0,0,0
154,4167980074,723,0,0,0,0,66757250,66875650,2920,0,0,0,0,30852,0,5,0,0,0,0,0,0
155,51187407,724,0,0,0,0,67139500,67257150,2866,0,0,0,0,30852,0,5,0,0,0,0,0,0
156,2242638442,725,0,0,0,0,66384650,66499050,2935,0,0,0,0,30852,0,5,0,0,0,0,0,0
157,2730108163,726,0,0,0,0,66758550,66877550,2912,0,0,0,0,30852,0,5,0,0,0,0,0,0
158,2718743917,727,0,0,0,0,66756650,66877400,2844,0,0,0,0,30852,0,5,0,0,0,0,0,0
159,3391709842,728,0,0,0,0,66763900,66876200,1458,0,0,0,0,30852,0,5,0,0,0,0,0,0
160,1164604273,729,0,0,0,0,66758800,66877200,2928,0,0,0,0,30852,0,5,0,0,0,0,0,0
161,2148591176,730,0,0,0,0,66758250,66878650,2775,0,0,0,0,30852,0,5,0,0,0,0,0,0
162,4192737573,731,0,0,0,0,66996600,67110700,2975,0,0,0,0,30852,0,5,0,0,0,0,0,0
163,535584840,732,0,0,0,0,66522300,66641500,2974,0,0,0,0,30852,0,5,0,0,0,0,0,0
164,3430794475,733,0,0,0,0,66759750,66878500,2830,0,0,0,0,30852,0,5,0,0,0,0,0,0
165,776323552,734,0,0,0,0,66761050,66877300,2901,0,0,0,0,30852,0,5,0,0,0,0,0,0
166,3330991427,735,0,0,0,0,66755800,66874950,2677,0,0,0,0,30852,0,5,0,0,0,0,0,0
167,3282074430,736,0,0,0,0,66740600,66877500,2827,0,0,0,0,30852,0,5,0,0,0,0,0,0
168,2597814595,737,0,0,0,0,66765450,66878600,2966,0,0,0,0,30852,0,5,0,0,0,0,0,0
169,2225601370,738,0,0,0,0,66853250,66975600,2941,0,0,0,0,30852,0,5,0,0,0,0,0,0
170,3716853465,739,0,0,0,0,66656650,66780000,2935,0,0,0,0,30852,0,5,0,0,0,0,0,0
171,1080675697,740,0,0,0,0,66761400,66877600,3106,0,0,0,0,30212,0,5,0,0,0,0,0,0
172,219920238,741,0,0,0,0,66753200,66874150,3023,0,0,0,0,30212,0,5,0,0,0,0,0,0
173,3070385651,742,0,0,0,0,66751550,66877200,3086,0,0,0,0,30212,0,5,0,0,0,0,0,0
174,2609556270,743,0,0,0,0,66750650,66880000,1455,0,0,0,0,30212,0,5,0,0,0,0,0,0
175,141401383,744,0,0,0,0,66758700,66873200,3058,0,0,0,0,30212,0,5,0,0,0,0,0,0
176,3034105280,745,0,0,0,0,66823550,66942950,2962,0,0,0,0,30212,0,5,0,0,0,0,0,0
177,3029196371,746,0,0,0,0,66682750,66812000,3133,0,0,0,0,30212,0,5,0,0,0,0,0,0
178,699378668,747,0,0,0,0,66759500,66878750,3095,0,0,0,0,30212,0,5,0,0,0,0,0,0
179,2402609405,748,0,0,0,0,66759900,66878550,2985,0,0,0,0,30212,0,5,0,0,0,0,0,0
CSV_END

STUDY_DONE_5b56b973fb2f=0
# 