/tmp/app-lto --transport apb --state-frame 1800 --frames 180 --warmup 30 --wait spin --profile detailed --csv /tmp/transport-frames.csv --grouped && printf "CSV_BEGIN\n" && cat /tmp/transport-frames.csv && printf "CSV_END\n"; study_status=$?; printf "\nSTUDY_DONE_f828b280f501=%s\n" "$study_status"
TRANSPORT mode=apb dma_minimum=64
BEGIN_BREAKOUT frames=180 warmup=30 fixed=0 blocks=40 tiles=1 hud=1 wait=spin replay=0 state_frame=1800 profile=detailed pixel_centers=1 clock_call_ns=5163
HW_COUNTERS unavailable
RESULT frames=180 elapsed_s=9.028383750 fps=19.937123 logic_ms=0.893824 api_ms=8.725829 swap_ms=27.786558 wait_ms=12.602186 worker_inclusive_ms=27.547917 upload_inclusive_ms=6.346895 write_ms=6.122784 bytes_per_frame=24140.89 p50_ms=50.157950 p95_ms=50.349100 max_ms=50.837700 late_60hz=180 first_count=20635 last_count=20814 state_hash=1022e19f remaining=21 score=190
RENDER_PATH retained=0 grouped=1 quads=10250 full_frames=180
BREAKOUT_PASS
CSV_BEGIN
frame,state_hash,display_count,logic_ns,api_ns,swap_ns,wait_ns,total_ns,completion_interval_ns,polls,worker_inclusive_ns,upload_inclusive_ns,write_ns,read_ns,write_bytes,read_bytes,write_calls,read_calls,dma_copy_ns,dma_launch_ns,dma_completion_wait_ns,dma_bytes,dma_lists
0,2110160739,20635,779250,8651200,36445300,4240400,50116150,50126050,787,36256500,6257600,6074450,0,24452,0,5,0,0,0,0,0,0
1,1693181783,20636,1233450,8640500,28028300,12159350,50061600,50158500,2350,27839400,6273350,6082600,0,24452,0,5,0,0,0,0,0,0
2,802378003,20637,772800,8670600,28258600,12596700,50298700,50400450,2342,28066000,6270600,6079500,0,24452,0,5,0,0,0,0,0,0
3,773631361,20638,770750,8670050,27602150,12774200,49817150,49915150,2481,27407450,6333600,6133200,0,24452,0,5,0,0,0,0,0,0
4,3600043099,20639,772900,8662950,28811950,11810750,50058550,50157950,2284,28625050,6952100,6207050,0,24452,0,5,0,0,0,0,0,0
5,1618316913,20640,774100,8693850,27916900,12676950,50061800,50157100,2430,27727450,6629050,6429200,0,24452,0,5,0,0,0,0,0,0
6,201713393,20641,774250,9312250,28057750,11911300,50055550,50156150,2298,27874750,6848900,6651100,0,24452,0,5,0,0,0,0,0,0
7,2011502881,20642,777350,8669950,27399100,13216850,50063250,50162550,2541,27206850,6182400,5986650,0,24452,0,5,0,0,0,0,0,0
8,3125474025,20643,774700,9220200,27849050,12210000,50053950,50155050,2334,27667550,6696750,6495400,0,24452,0,5,0,0,0,0,0,0
9,1342287211,20644,772950,8672300,27223000,13392300,50060550,50159900,2485,27027750,6146400,5365200,0,24452,0,5,0,0,0,0,0,0
10,3857196809,20645,1399900,8565150,29846300,10237450,50048800,50157450,1879,29642650,7175900,6958500,0,24452,0,5,0,0,0,0,0,0
11,2240049260,20646,769800,8543900,26909400,13829750,50052850,50158550,2676,26712350,6072050,5873950,0,24132,0,5,0,0,0,0,0,0
12,1815897908,20647,1310600,8460750,27670950,12613200,50055500,50157650,2424,27475850,6698500,6501550,0,24132,0,5,0,0,0,0,0,0
13,648884648,20648,771150,8559350,27116400,13608250,50055150,50155700,2649,26919650,6350900,6140000,0,24132,0,5,0,0,0,0,0,0
14,2931991803,20649,808350,8709800,30276050,8643550,48437750,50157550,1675,30090500,6455900,6260450,0,24132,0,5,0,0,0,0,0,0
15,4227589206,20650,764550,8783450,27833750,12863300,50245050,50346650,2404,27648250,6173950,5984300,0,24132,0,5,0,0,0,0,0,0
16,1986714807,20651,764150,8701300,27346850,13060900,49873200,49970150,2547,27159900,6379000,6179650,0,24132,0,5,0,0,0,0,0,0
17,28333542,20652,769200,8705000,27838000,12752950,50065150,50160400,2377,26873250,6159150,5978100,0,24132,0,5,0,0,0,0,0,0
18,842458438,20653,763900,9008350,27062600,13223750,50058600,50157200,2580,26877450,6236050,6041100,0,24132,0,5,0,0,0,0,0,0
19,4035787358,20654,765450,8453650,27949400,12891500,50060000,50158400,2404,26864400,6149750,5962750,0,24132,0,5,0,0,0,0,0,0
20,3966921526,20655,766100,8565200,27331000,13394950,50057250,50156750,1303,27140350,6240800,6049000,0,24132,0,5,0,0,0,0,0,0
21,3331783808,20656,810050,10920800,27158850,11141500,50031200,50155650,2120,26955900,6202700,6004600,0,24132,0,5,0,0,0,0,0,0
22,1855912102,20657,765400,8561350,27413500,13318800,50059050,50160400,2588,27217400,6124200,5919650,0,24132,0,5,0,0,0,0,0,0
23,3437663592,20658,1369550,8475600,27810000,12398500,50053650,50155000,2409,27621850,6676000,6481050,0,24132,0,5,0,0,0,0,0,0
24,3162062844,20659,759750,8551450,27033750,13720950,50065900,50161050,2676,26842300,6130300,5924100,0,24132,0,5,0,0,0,0,0,0
25,1213835568,20660,1281550,8510750,27753050,12511700,50057050,50156600,2429,27554700,6500250,6297650,0,24132,0,5,0,0,0,0,0,0
26,4133797692,20661,764900,8542900,28221250,12528850,50057900,50157650,2416,28022700,6180200,6001700,0,24132,0,5,0,0,0,0,0,0
27,256876650,20662,768600,8516000,27622700,12748800,49656100,50158050,2479,27428300,6404600,6204100,0,24452,0,5,0,0,0,0,0,0
28,482917404,20663,769700,8541950,27815650,13065300,50192600,50289450,2446,27622800,6118100,5924300,0,24452,0,5,0,0,0,0,0,0
29,1264633954,20664,761550,8525900,27577050,13063200,49927700,50025350,2548,27381700,6428850,6228750,0,24132,0,5,0,0,0,0,0,0
30,3606135978,20665,765500,8528700,28142000,12891050,50327250,50425350,2313,27947400,6153750,5966800,0,24132,0,5,0,0,0,0,0,0
31,2630115922,20666,769000,9842300,27503150,11669250,49783700,49892300,2231,27310950,5894150,5722100,0,24132,0,5,0,0,0,0,0,0
32,3881483034,20667,770550,9190050,27116500,12976400,50053500,50154850,2415,26930100,6233200,6044700,0,24132,0,5,0,0,0,0,0,0
33,2944919204,20668,768350,8544300,27260050,13490450,50063150,50161550,2632,27063550,6335500,6131450,0,24132,0,5,0,0,0,0,0,0
34,646532490,20669,775000,9043250,26947300,13284300,50049850,50155100,2363,26752400,6010650,5816300,0,24132,0,5,0,0,0,0,0,0
35,2877853796,20670,768750,8555050,26978300,13745100,50047200,50159750,2653,26776550,6185350,5991250,0,24132,0,5,0,0,0,0,0,0
36,1922367648,20671,1372250,8439100,27431750,12806250,50049350,50154950,2460,27241400,6541800,6344400,0,24132,0,5,0,0,0,0,0,0
37,1795563108,20672,769750,8542200,26825650,13917350,50054950,50158550,2684,26623350,6009700,5812900,0,24132,0,5,0,0,0,0,0,0
38,214631552,20673,813850,8667850,26959400,12267500,48708600,50160950,2251,26769700,6128150,5937900,0,24132,0,5,0,0,0,0,0,0
39,1929726190,20674,777100,8650950,27166750,13454400,50049200,50157400,2581,26976300,6431250,5532250,0,24132,0,5,0,0,0,0,0,0
40,1190506064,20675,767950,8546000,27568400,12746750,49629100,50154150,2449,27374200,6606900,6406600,0,24132,0,5,0,0,0,0,0,0
41,3268351150,20676,776050,8568250,34722800,6222200,50289300,50391050,1110,34521150,6385500,6172100,0,24132,0,5,0,0,0,0,0,0
42,118037070,20677,765850,8529450,27459650,13065100,49820050,49924400,2547,27260950,6441250,6238850,0,24132,0,5,0,0,0,0,0,0
43,1955195062,20678,772350,9741300,27594100,11951200,50058950,50158150,2314,27408200,6617850,6429050,0,24132,0,5,0,0,0,0,0,0
44,1797432467,20679,775300,8702450,27266900,13317650,50062300,50159150,2600,27079600,6307000,6107350,0,24132,0,5,0,0,0,0,0,0
45,1035442557,20680,775300,9356600,26964650,12964850,50061400,50160000,2420,26762600,6029550,5841900,0,24132,0,5,0,0,0,0,0,0
46,2267612867,20681,771950,8665300,27071950,13547600,50056800,50158050,2648,26874800,6192800,5999850,0,24132,0,5,0,0,0,0,0,0
47,1217717069,20682,772750,9490450,29064550,10728750,50056500,50156900,2027,28870800,8063050,7827550,0,24132,0,5,0,0,0,0,0,0
48,1461268009,20683,765850,8518150,26943300,13830050,50057350,50158450,2709,26745150,6035000,5839450,0,24132,0,5,0,0,0,0,0,0
49,2370304197,20684,1373400,8462550,27834450,12383650,50054050,50155500,2402,27640400,6602100,6409950,0,24132,0,5,0,0,0,0,0,0
50,655561417,20685,768400,8544650,27017250,13729850,50060150,50159750,2676,26827550,6128900,5914550,0,24132,0,5,0,0,0,0,0,0
51,524675839,20686,1263450,8540300,30106500,10146500,50056750,50159400,1897,29904550,6146650,5971250,0,24452,0,5,0,0,0,0,0,0
52,1155835041,20687,760450,8560250,27343900,13736850,50401450,50500650,2592,27155150,5731350,5543850,0,24452,0,5,0,0,0,0,0,0
53,214853719,20688,769800,8531600,27529550,12877300,49708250,49809700,2509,27335800,6342200,6141000,0,24132,0,5,0,0,0,0,0,0
54,3035389575,20689,771550,8551800,27855150,12913800,50092300,50193850,2413,27656100,6106750,5921050,0,24132,0,5,0,0,0,0,0,0
55,1549109231,20690,775100,8531400,27816950,12904150,50027600,50127400,2508,27614450,6259400,6076350,0,24132,0,5,0,0,0,0,0,0
56,66132623,20691,767400,8510800,27851050,12929450,50058700,50157150,2414,27665200,6096750,5907950,0,24132,0,5,0,0,0,0,0,0
57,3504604473,20692,771200,8560450,27360950,13364450,50057050,50155500,2609,27170750,6219200,6023600,0,24132,0,5,0,0,0,0,0,0
58,1691498415,20693,777450,9122200,27091150,13065600,50056400,50157350,2445,26903500,6042250,5852250,0,24132,0,5,0,0,0,0,0,0
59,4055346753,20694,774750,8568250,27552550,13159550,50055100,50159100,2553,27361700,6646300,6440300,0,24132,0,5,0,0,0,0,0,0
60,4185240021,20695,1383100,8431800,27646400,12593400,50054700,50158600,2450,27450700,6716100,6521050,0,24132,0,5,0,0,0,0,0,0
61,380494641,20696,803350,8742700,36105050,3695600,49346700,50158150,667,35909600,8514950,8272000,0,24132,0,5,0,0,0,0,0,0
62,648826037,20697,1351800,8498250,27657350,12548350,50055750,50154850,2431,27467900,6728550,5721500,0,24132,0,5,0,0,0,0,0,0
63,457329003,20698,769950,8626200,26925150,13741450,50062750,50162650,2553,26729350,6136050,5925300,0,24132,0,5,0,0,0,0,0,0
64,3359035981,20699,1243050,8513600,27636950,12653500,50047100,50153000,2412,27446000,6607450,6409950,0,24132,0,5,0,0,0,0,0,0
65,1526400123,20700,776350,8615550,27125250,13844600,50361750,50461500,2575,26930650,5662450,5484800,0,24132,0,5,0,0,0,0,0,0
66,1691524227,20701,774200,8505750,27547200,12922800,49749950,49854200,2478,27355600,6567900,6365000,0,24132,0,5,0,0,0,0,0,0
67,1475349003,20702,771700,8590000,27775200,13029350,50166250,50269100,2314,27585600,6106900,5920500,0,24132,0,5,0,0,0,0,0,0
68,485644907,20703,776450,8520150,27393650,13251050,49941300,50047900,2558,27198050,6410350,6211000,0,24132,0,5,0,0,0,0,0,0
69,1050479637,20704,771950,8509900,27789600,12985600,50057050,50158200,2396,26825200,6105400,5923950,0,24132,0,5,0,0,0,0,0,0
70,3204525547,20705,771250,8561000,27199250,13520650,50052150,50156900,2643,27005800,6280650,6079350,0,24132,0,5,0,0,0,0,0,0
71,4185398997,20706,772750,9287650,27544100,12458600,50063100,50162850,2026,26799300,6031450,5847300,0,24132,0,5,0,0,0,0,0,0
72,3094072225,20707,808250,9082600,26864850,13283050,50038750,50153800,2579,26670350,6119150,5905700,0,24132,0,5,0,0,0,0,0,0
73,1835371693,20708,1379900,8622050,27530950,12522900,50055800,50158600,2437,27338400,6560000,6367150,0,24132,0,5,0,0,0,0,0,0
74,2168771505,20709,772650,8680700,26795800,13809550,50058700,50157300,2701,26594450,6025600,5831550,0,24132,0,5,0,0,0,0,0,0
75,4059398759,20710,1319650,8624550,27763050,12349650,50056900,50159700,2391,27560800,6636700,6445700,0,24452,0,5,0,0,0,0,0,0
76,644479865,20711,770750,8559700,27991450,12736550,50058450,50158150,2454,27796600,5990000,5816750,0,24452,0,5,0,0,0,0,0,0
77,1914197423,20712,1249750,8532000,27610000,12663150,50054900,50157800,2459,27413650,6385650,6184550,0,24132,0,5,0,0,0,0,0,0
78,430804047,20713,770250,8555050,27317800,13656800,50299900,50399550,2572,27124800,5753750,5572750,0,24132,0,5,0,0,0,0,0,0
79,3866048775,20714,772600,8525200,27564000,12947850,49809650,49913050,2520,27370550,6386900,6187350,0,24132,0,5,0,0,0,0,0,0
80,7140231,20715,765550,8559350,28866050,11868250,50059200,50157950,2297,28142950,6158700,5979250,0,24132,0,5,0,0,0,0,0,0
81,1511961547,20716,774350,8551750,27550150,13184850,50061100,50159400,2570,27354600,6347850,6148700,0,24132,0,5,0,0,0,0,0,0
82,376629139,20717,765950,18012650,27889450,3384800,50052850,50155850,626,27695350,6725400,6524000,0,24132,0,5,0,0,0,0,0,0
83,1861594235,20718,776950,8539350,27368700,13368750,50053750,50158200,2608,27169050,6233250,6038200,0,24132,0,5,0,0,0,0,0,0
84,1702339483,20719,1584550,8572300,27732600,11449800,49339250,50158700,2185,27551100,6176650,5987900,0,24132,0,5,0,0,0,0,0,0
85,966101579,20720,779900,8606700,27058800,13612600,50058000,50156850,2662,26874100,6120250,5919300,0,24132,0,5,0,0,0,0,0,0
86,2786182811,20721,1400800,8456250,27718000,12480850,50055900,50158600,2425,27527150,6626000,6433400,0,24132,0,5,0,0,0,0,0,0
87,3655782539,20722,776250,8584150,27011950,13689500,50061850,50160250,2670,26825850,6219300,6020550,0,24132,0,5,0,0,0,0,0,0
88,3735461922,20723,1306950,8473950,28001850,12269550,50052300,50154200,2374,27801400,7077400,6878600,0,24132,0,5,0,0,0,0,0,0
89,270833838,20724,768800,8558500,27023500,13709100,50059900,50159700,2660,26830950,6272300,6055050,0,24132,0,5,0,0,0,0,0,0
90,930095294,20725,1225950,8487250,27778050,12564500,50055750,50159950,2430,27581800,6806300,6609150,0,24132,0,5,0,0,0,0,0,0
91,1273808962,20726,773250,8536050,27132350,13803550,50245200,50347950,2569,26934250,5708150,5533100,0,24132,0,5,0,0,0,0,0,0
92,1953673858,20727,764700,8492500,29174750,11433700,49865650,49968400,2050,28975800,5816400,5640500,0,24132,0,5,0,0,0,0,0,0
93,4057475070,20728,759050,8548300,27776650,12964850,50048850,50154050,2385,27585350,6160600,5974700,0,24132,0,5,0,0,0,0,0,0
94,3372198854,20729,755400,8520800,27496400,13283250,50055850,50160550,2555,27302100,6590750,6397500,0,24132,0,5,0,0,0,0,0,0
95,2335202154,20730,770900,8445650,27819350,13018800,50054700,50157450,2394,26846750,6161300,5980650,0,24132,0,5,0,0,0,0,0,0
96,2170853250,20731,764800,8531800,27226850,13529400,50052850,50156950,2551,27034950,6323050,6129000,0,24132,0,5,0,0,0,0,0,0
97,1829955022,20732,769400,9153200,27563100,12563050,50048750,50157550,2422,26812950,6076200,5885550,0,24132,0,5,0,0,0,0,0,0
98,1856045454,20733,767650,8555800,26983200,13749650,50056300,50158850,2689,26800250,6222900,6024650,0,24132,0,5,0,0,0,0,0,0
99,2544683154,20734,1495350,8489900,27650750,12421950,50057950,50157800,2410,27463300,6664650,6472550,0,24452,0,5,0,0,0,0,0,0
100,1531444578,20735,765750,8703750,26797650,13793700,50060850,50158800,2695,26608400,6068750,5314250,0,24452,0,5,0,0,0,0,0,0
101,1139277022,20736,1284500,9027550,27261550,12485050,50058650,50157000,2424,27075200,6316200,6126450,0,24132,0,5,0,0,0,0,0,0
102,2614530982,20737,771700,8687850,35211450,5384900,50055900,50155300,1041,35023200,5708550,5519650,0,24132,0,5,0,0,0,0,0,0
103,464765994,20738,768100,8658750,27444900,12775500,49647250,50158050,2486,27259850,6451900,6256350,0,24132,0,5,0,0,0,0,0,0
104,1592019490,20739,764400,8536050,27203700,13698650,50202800,50299550,2572,27016900,5686550,5507700,0,24132,0,5,0,0,0,0,0,0
105,66207950,20740,763000,8516700,27768050,12865850,49913600,50016300,2504,27574650,6246100,6068150,0,24132,0,5,0,0,0,0,0,0
106,2639428798,20741,763450,8524700,27836050,12932200,50056400,50158050,2416,27639500,6104050,5916850,0,24132,0,5,0,0,0,0,0,0
107,1495915330,20742,796300,8700150,27071200,12776350,49344000,50160600,2474,26877750,6114450,5914600,0,24132,0,5,0,0,0,0,0,0
108,4079891938,20743,754250,9194500,27156600,12948400,50053750,50156350,2419,26963500,6113300,5923400,0,24132,0,5,0,0,0,0,0,0
109,1204987230,20744,766900,8589350,27478650,13221250,50056150,50157700,2575,27289250,6073400,5891750,0,24132,0,5,0,0,0,0,0,0
110,949029318,20745,767650,9029450,27061550,13195950,50054600,50157550,2469,26878400,6035300,5845900,0,24132,0,5,0,0,0,0,0,0
111,2727127274,20746,770250,8590000,26994800,13701650,50056700,50158200,2682,26802850,6042200,5841700,0,24132,0,5,0,0,0,0,0,0
112,2443393666,20747,1374650,8449100,28812900,11420350,50057000,50158100,2176,28619650,7717250,7479650,0,24132,0,5,0,0,0,0,0,0
113,434260526,20748,763250,8555850,27766600,12970850,50056550,50157350,2510,27566450,5735100,5562250,0,24132,0,5,0,0,0,0,0,0
114,2637634158,20749,1269250,8434050,27742200,12609900,50055400,50158150,2451,27547800,6630950,6432850,0,24132,0,5,0,0,0,0,0,0
115,4248248050,20750,769000,8571100,27336250,13380650,50057000,50158200,2596,27135500,6539250,5472950,0,24132,0,5,0,0,0,0,0,0
116,663154818,20751,760550,8517850,27550100,12841450,49669950,50157200,2498,27357300,6620750,6421100,0,24132,0,5,0,0,0,0,0,0
117,1461428606,20752,769650,8566400,28250800,12556300,50143150,50240250,2316,28054850,6583700,6384400,0,24132,0,5,0,0,0,0,0,0
118,3252362022,20753,771900,8504300,27658550,13041550,49976300,50075150,2539,27472750,6718900,6518700,0,24132,0,5,0,0,0,0,0,0
119,2423015338,20754,768800,8526800,27727300,13032850,50055750,50160750,2403,27531500,6103400,5918300,0,24132,0,5,0,0,0,0,0,0
120,507309730,20755,760650,8500600,27333300,13454350,50048900,50154700,2596,27140450,6397450,6199700,0,24132,0,5,0,0,0,0,0,0
121,2882991293,20756,767150,9150550,26989650,13149400,50056750,50159050,2346,26795500,6085150,5905650,0,24132,0,5,0,0,0,0,0,0
122,3682963569,20757,762450,8519450,27100450,13669950,50052300,50161000,1611,26908350,6209950,6018000,0,24132,0,5,0,0,0,0,0,0
123,1404881069,20758,3362650,8676350,27302100,10681050,50022150,50153800,1981,27107400,6473400,5560800,0,24452,0,5,0,0,0,0,0,0
124,624513273,20759,752600,8559600,26921650,13817950,50051800,50158700,2664,26725000,6083000,5886950,0,24452,0,5,0,0,0,0,0,0
125,484090933,20760,1374450,8459950,27528350,12691900,50054650,50159650,2379,27332750,6562450,6369400,0,24132,0,5,0,0,0,0,0,0
126,2330053545,20761,758200,8550800,26897450,13840550,50047000,50154300,2701,26703200,6094650,5894200,0,24132,0,5,0,0,0,0,0,0
127,3891445269,20762,1383050,8485650,29407500,10779050,50055250,50157800,2036,29209000,5964050,5790750,0,24132,0,5,0,0,0,0,0,0
128,1947616753,20763,754600,8711900,27117850,13823000,50407350,50510000,2612,26927750,5704450,5517700,0,24132,0,5,0,0,0,0,0,0
129,965975981,20764,761750,8682250,27335700,12922000,49701700,49804050,2518,27144200,6335600,6137400,0,24132,0,5,0,0,0,0,0,0
130,2786931617,20765,763150,9806250,27000350,12525300,50095050,50194850,2328,26808200,6143250,5953950,0,24132,0,5,0,0,0,0,0,0
131,4011087213,20766,793600,8798950,26964800,12744950,49302300,50123550,2474,26775150,6067350,5878700,0,24132,0,5,0,0,0,0,0,0
132,3703868376,20767,761850,8539200,27833350,12923200,50057600,50158900,2411,26746450,6090700,5903350,0,24132,0,5,0,0,0,0,0,0
133,212089708,20768,761850,11455200,26974950,10867650,50059650,50158100,2048,26782250,6086500,5899500,0,24132,0,5,0,0,0,0,0,0
134,737348112,20769,755600,9113850,28049800,12131700,50050950,50153700,2352,27866900,6598600,6409200,0,24132,0,5,0,0,0,0,0,0
135,1465149204,20770,769500,8572400,27209500,13509450,50060850,50160050,2639,27016950,6183500,5986000,0,24132,0,5,0,0,0,0,0,0
136,3549792448,20771,1348500,8451200,27608500,12654250,50062450,50160750,2075,27427400,6577150,6382500,0,24132,0,5,0,0,0,0,0,0
137,3053421220,20772,786700,8574950,27129400,13546000,50037050,50154450,2636,26930950,6116900,5906550,0,24132,0,5,0,0,0,0,0,0
138,904563048,20773,1349450,8464300,27913250,12330100,50057100,50159700,2387,27723900,6438300,6256850,0,24132,0,5,0,0,0,0,0,0
139,1363341148,20774,769750,8580350,27320150,13391300,50061550,50160100,2599,27131550,6385200,5605400,0,24132,0,5,0,0,0,0,0,0
140,3357813192,20775,1225650,8525300,27730300,12570950,50052200,50153500,2440,27544950,6604050,6403400,0,24132,0,5,0,0,0,0,0,0
141,1376589724,20776,763850,8585950,27340350,13669700,50359850,50456750,2577,27155100,5740900,5563150,0,24132,0,5,0,0,0,0,0,0
142,2806738240,20777,766400,8510600,27626300,12856450,49759750,49862950,2502,27436550,6224650,6044050,0,24132,0,5,0,0,0,0,0,0
143,1863420068,20778,767650,8576850,37187250,3550900,50082650,50183800,667,36996150,6637900,6442900,0,24132,0,5,0,0,0,0,0,0
144,2368389248,20779,757900,8504800,27569300,13200450,50032450,50129850,2576,27382650,6610800,6412050,0,24132,0,5,0,0,0,0,0,0
145,3624800580,20780,767700,8521200,27877650,12893450,50060000,50157600,2402,26922150,6229200,6040200,0,24132,0,5,0,0,0,0,0,0
146,2708332264,20781,761150,8555050,27673900,13066750,50056850,50156950,2514,27486350,6737500,6534100,0,24132,0,5,0,0,0,0,0,0
147,3643166428,20782,770850,9105400,27095200,13081900,50053350,50157400,2412,26901500,6149750,5956350,0,24452,0,5,0,0,0,0,0,0
148,1604903896,20783,762400,8529800,27077050,13686550,50055800,50158700,2644,26885000,6221100,6032700,0,24452,0,5,0,0,0,0,0,0
149,499105388,20784,1370850,8453150,27505050,12725500,50054550,50157200,2445,27321300,6065600,5874200,0,24132,0,5,0,0,0,0,0,0
150,3393190256,20785,761100,8534700,26825200,13934600,50055600,50161550,2608,26624100,6073950,5879300,0,24132,0,5,0,0,0,0,0,0
151,1752164884,20786,1308300,8497900,27657600,12579800,50043600,50154900,2409,27460000,6682350,6488950,0,24132,0,5,0,0,0,0,0,0
152,112950176,20787,765150,8537300,26789800,13965800,50058050,50160850,2698,26596800,6077050,5872900,0,24132,0,5,0,0,0,0,0,0
153,218377828,20788,1257150,8499000,29736700,10558900,50051750,50154250,1958,29536500,6161100,5978300,0,24132,0,5,0,0,0,0,0,0
154,1614877672,20789,800400,9378800,27584800,12240050,50004050,50837700,2290,26834600,6140250,5945500,0,24132,0,5,0,0,0,0,0,0
155,624660060,20790,765850,8620550,27163400,12822650,49372450,49480050,2492,26974800,6241450,6045400,0,24132,0,5,0,0,0,0,0,0
156,1646146728,20791,760300,8689400,27739800,12869250,50058750,50157450,2403,27544700,6158800,5965250,0,24132,0,5,0,0,0,0,0,0
157,2550301372,20792,768900,8726450,27301950,13260850,50058150,50156550,2588,27112300,6343800,6145000,0,24132,0,5,0,0,0,0,0,0
158,172327680,20793,767600,9438750,26958600,12894550,50059500,50159850,2406,26776450,6149250,5959600,0,24132,0,5,0,0,0,0,0,0
159,28774455,20794,778300,8893650,26794250,13590650,50056850,50157200,2657,26609700,6248000,6058000,0,23812,0,5,0,0,0,0,0,0
160,1278562831,20795,756700,9095950,26628150,13577550,50058350,50157350,2554,26422100,6040050,5851100,0,23812,0,5,0,0,0,0,0,0
161,1878041307,20796,758850,8432050,26992600,13876150,50059650,50158450,2721,26808400,6224700,6028250,0,23812,0,5,0,0,0,0,0,0
162,2842495315,20797,1376250,8371650,26779900,13532350,50060150,50160150,2545,26584200,6034950,5845750,0,23812,0,5,0,0,0,0,0,0
163,942955647,20798,764850,8454800,35111450,5719300,50050400,50153350,1099,34925200,14097650,13893950,0,23812,0,5,0,0,0,0,0,0
164,3104849743,20799,1299650,8423750,27374850,12955900,50054150,50156300,2531,27191850,6539400,6340600,0,23812,0,5,0,0,0,0,0,0
165,2914266731,20800,766050,8445850,26699250,14150800,50061950,50160450,2776,26511650,5990300,5787350,0,23812,0,5,0,0,0,0,0,0
166,4064468955,20801,1215250,8371100,27381700,13085300,50053350,50157500,2557,27200850,6566500,6375500,0,23812,0,5,0,0,0,0,0,0
167,3195515191,20802,763550,8435850,27623750,13427600,50250750,50349100,2530,27436100,5888650,5716150,0,23812,0,5,0,0,0,0,0,0
168,978211615,20803,763650,8387100,27437550,13274650,49862950,49964700,2596,27253500,6566750,6371200,0,24132,0,5,0,0,0,0,0,0
169,2835071531,20804,764950,8468850,27599450,13231650,50064900,50162200,2483,27410700,6054900,5864250,0,24132,0,5,0,0,0,0,0,0
170,2067386771,20805,762950,8398650,27430500,13463050,50055150,50156650,2633,27244500,6527100,6328750,0,24132,0,5,0,0,0,0,0,0
171,1313815599,20806,767000,8377600,27897900,13014050,50056550,50156750,2437,26964300,6070500,5882400,0,23812,0,5,0,0,0,0,0,0
172,2403178911,20807,757350,8427300,27290100,13579300,50054050,50155850,2659,27112550,6607700,6409950,0,23812,0,5,0,0,0,0,0,0
173,2922328731,20808,767700,8925300,26827450,13540150,50060600,50161900,2210,26627250,6121300,5931600,0,23812,0,5,0,0,0,0,0,0
174,984914827,20809,787900,8439300,26950700,13852350,50030250,50153500,2715,26760850,6367800,6158550,0,23812,0,5,0,0,0,0,0,0
175,3908989879,20810,1378400,8374400,26674500,13630450,50057750,50163150,2444,26489300,5984650,5795650,0,23812,0,5,0,0,0,0,0,0
176,3999582383,20811,769350,8446900,26604700,14230750,50051700,50158200,2761,26415750,6126400,5928850,0,23812,0,5,0,0,0,0,0,0
177,407226939,20812,1276550,8380100,27230700,13161900,50049250,50153700,2542,26482150,5923450,5733750,0,23812,0,5,0,0,0,0,0,0
178,1756548563,20813,764650,8443700,26448600,14398650,50055600,50159750,2795,26253550,5978800,5780550,0,23812,0,5,0,0,0,0,0,0
179,270721439,20814,769150,8393500,27162600,13327000,49652250,50157950,2488,26971400,6438950,6246150,0,23812,0,5,0,0,0,0,0,0
CSV_END

STUDY_DONE_f828b280f501=0
# 