/tmp/app-lto --transport unrolled --state-frame 0 --frames 180 --warmup 30 --wait spin --profile frame --csv /tmp/transport-frames.csv --replay && printf "CSV_BEGIN\n" && cat /tmp/transport-frames.csv && printf "CSV_END\n"; study_status=$?; printf "\nSTUDY_DONE_aad22156c822=%s\n" "$study_status"
TRANSPORT mode=unrolled dma_minimum=64
BEGIN_BREAKOUT frames=180 warmup=30 fixed=1 blocks=40 tiles=1 hud=1 wait=spin replay=1 state_frame=0 profile=frame pixel_centers=1 clock_call_ns=4844
HW_COUNTERS unavailable
RESULT frames=180 elapsed_s=3.009430000 fps=59.811991 logic_ms=0.000000 api_ms=0.000000 swap_ms=0.000000 wait_ms=0.000000 worker_inclusive_ms=0.000000 upload_inclusive_ms=0.000000 write_ms=0.000000 bytes_per_frame=34372.00 p50_ms=16.719500 p95_ms=16.993500 max_ms=18.056200 late_60hz=159 first_count=32213 last_count=32392 state_hash=de3c9d08 remaining=40 score=0
RENDER_PATH retained=0 grouped=0 quads=0 full_frames=0
BREAKOUT_PASS
CSV_BEGIN
frame,state_hash,display_count,logic_ns,api_ns,swap_ns,wait_ns,total_ns,completion_interval_ns,polls,worker_inclusive_ns,upload_inclusive_ns,write_ns,read_ns,write_bytes,read_bytes,write_calls,read_calls,dma_copy_ns,dma_launch_ns,dma_completion_wait_ns,dma_bytes,dma_lists
0,3728514312,32213,0,0,0,0,16672650,16682550,1258,0,0,0,0,34372,0,5,0,0,0,0,0,0
1,3728514312,32214,0,0,0,0,16613850,16720300,1264,0,0,0,0,34372,0,5,0,0,0,0,0,0
2,3728514312,32215,0,0,0,0,15299150,16715250,936,0,0,0,0,34372,0,5,0,0,0,0,0,0
3,3728514312,32216,0,0,0,0,16607000,16719500,1179,0,0,0,0,34372,0,5,0,0,0,0,0,0
4,3728514312,32217,0,0,0,0,16605050,16720050,1255,0,0,0,0,34372,0,5,0,0,0,0,0,0
5,3728514312,32218,0,0,0,0,16610400,16718850,1225,0,0,0,0,34372,0,5,0,0,0,0,0,0
6,3728514312,32219,0,0,0,0,16602500,16718750,1242,0,0,0,0,34372,0,5,0,0,0,0,0,0
7,3728514312,32220,0,0,0,0,16854800,16969100,1231,0,0,0,0,34372,0,5,0,0,0,0,0,0
8,3728514312,32221,0,0,0,0,16355500,16471800,1210,0,0,0,0,34372,0,5,0,0,0,0,0,0
9,3728514312,32222,0,0,0,0,16603550,16716600,1277,0,0,0,0,34372,0,5,0,0,0,0,0,0
10,3728514312,32223,0,0,0,0,16606200,16722350,1243,0,0,0,0,34372,0,5,0,0,0,0,0,0
11,3728514312,32224,0,0,0,0,16610150,16720250,854,0,0,0,0,34372,0,5,0,0,0,0,0,0
12,3728514312,32225,0,0,0,0,16604800,16719700,1246,0,0,0,0,34372,0,5,0,0,0,0,0,0
13,3728514312,32226,0,0,0,0,16609550,16717900,1168,0,0,0,0,34372,0,5,0,0,0,0,0,0
14,3728514312,32227,0,0,0,0,16602200,16718100,1271,0,0,0,0,34372,0,5,0,0,0,0,0,0
15,3728514312,32228,0,0,0,0,16611350,16724700,1179,0,0,0,0,34372,0,5,0,0,0,0,0,0
16,3728514312,32229,0,0,0,0,16591700,16715400,1244,0,0,0,0,34372,0,5,0,0,0,0,0,0
17,3728514312,32230,0,0,0,0,16606000,16717100,1204,0,0,0,0,34372,0,5,0,0,0,0,0,0
18,3728514312,32231,0,0,0,0,16946700,17062750,1210,0,0,0,0,34372,0,5,0,0,0,0,0,0
19,3728514312,32232,0,0,0,0,16264500,16377150,1203,0,0,0,0,34372,0,5,0,0,0,0,0,0
20,3728514312,32233,0,0,0,0,16599100,16715250,1247,0,0,0,0,34372,0,5,0,0,0,0,0,0
21,3728514312,32234,0,0,0,0,16611650,16722000,1291,0,0,0,0,34372,0,5,0,0,0,0,0,0
22,3728514312,32235,0,0,0,0,16603300,16718200,1241,0,0,0,0,34372,0,5,0,0,0,0,0,0
23,3728514312,32236,0,0,0,0,16609550,16719500,1292,0,0,0,0,34372,0,5,0,0,0,0,0,0
24,3728514312,32237,0,0,0,0,16622000,16739950,1122,0,0,0,0,34372,0,5,0,0,0,0,0,0
25,3728514312,32238,0,0,0,0,15798900,16702400,1060,0,0,0,0,34372,0,5,0,0,0,0,0,0
26,3728514312,32239,0,0,0,0,16601850,16716700,32,0,0,0,0,34372,0,5,0,0,0,0,0,0
27,3728514312,32240,0,0,0,0,16613550,16720200,1222,0,0,0,0,34372,0,5,0,0,0,0,0,0
28,3728514312,32241,0,0,0,0,16604450,16717450,1136,0,0,0,0,34372,0,5,0,0,0,0,0,0
29,3728514312,32242,0,0,0,0,16611850,16721850,1239,0,0,0,0,34372,0,5,0,0,0,0,0,0
30,3728514312,32243,0,0,0,0,16187800,16716450,1180,0,0,0,0,34372,0,5,0,0,0,0,0,0
31,3728514312,32244,0,0,0,0,16605450,16719750,1278,0,0,0,0,34372,0,5,0,0,0,0,0,0
32,3728514312,32245,0,0,0,0,16602650,16721200,1281,0,0,0,0,34372,0,5,0,0,0,0,0,0
33,3728514312,32246,0,0,0,0,16606800,16716700,1255,0,0,0,0,34372,0,5,0,0,0,0,0,0
34,3728514312,32247,0,0,0,0,16606550,16719550,1280,0,0,0,0,34372,0,5,0,0,0,0,0,0
35,3728514312,32248,0,0,0,0,16712700,16824500,1201,0,0,0,0,34372,0,5,0,0,0,0,0,0
36,3728514312,32249,0,0,0,0,16497850,16614200,1245,0,0,0,0,34372,0,5,0,0,0,0,0,0
37,3728514312,32250,0,0,0,0,16610600,16722000,1277,0,0,0,0,34372,0,5,0,0,0,0,0,0
38,3728514312,32251,0,0,0,0,16604500,16718600,1246,0,0,0,0,34372,0,5,0,0,0,0,0,0
39,3728514312,32252,0,0,0,0,16606750,16720800,1213,0,0,0,0,34372,0,5,0,0,0,0,0,0
40,3728514312,32253,0,0,0,0,16603550,16719550,1151,0,0,0,0,34372,0,5,0,0,0,0,0,0
41,3728514312,32254,0,0,0,0,16196200,16768700,833,0,0,0,0,34372,0,5,0,0,0,0,0,0
42,3728514312,32255,0,0,0,0,16540950,16667650,1206,0,0,0,0,34372,0,5,0,0,0,0,0,0
43,3728514312,32256,0,0,0,0,16604950,16719850,1255,0,0,0,0,34372,0,5,0,0,0,0,0,0
44,3728514312,32257,0,0,0,0,16602900,16719150,1283,0,0,0,0,34372,0,5,0,0,0,0,0,0
45,3728514312,32258,0,0,0,0,16609200,16718000,1217,0,0,0,0,34372,0,5,0,0,0,0,0,0
46,3728514312,32259,0,0,0,0,16795850,16910950,1186,0,0,0,0,34372,0,5,0,0,0,0,0,0
47,3728514312,32260,0,0,0,0,16415100,16529500,1235,0,0,0,0,34372,0,5,0,0,0,0,0,0
48,3728514312,32261,0,0,0,0,15813550,16716350,1005,0,0,0,0,34372,0,5,0,0,0,0,0,0
49,3728514312,32262,0,0,0,0,16612100,16721300,1250,0,0,0,0,34372,0,5,0,0,0,0,0,0
50,3728514312,32263,0,0,0,0,16606600,16721100,1229,0,0,0,0,34372,0,5,0,0,0,0,0,0
51,3728514312,32264,0,0,0,0,16612150,16718200,1294,0,0,0,0,34372,0,5,0,0,0,0,0,0
52,3728514312,32265,0,0,0,0,16795700,16914400,1137,0,0,0,0,34372,0,5,0,0,0,0,0,0
53,3728514312,32266,0,0,0,0,16407200,16524750,1222,0,0,0,0,34372,0,5,0,0,0,0,0,0
54,3728514312,32267,0,0,0,0,16602700,16718650,1251,0,0,0,0,34372,0,5,0,0,0,0,0,0
55,3728514312,32268,0,0,0,0,16603550,16718150,1230,0,0,0,0,34372,0,5,0,0,0,0,0,0
56,3728514312,32269,0,0,0,0,16603350,16720500,1236,0,0,0,0,34372,0,5,0,0,0,0,0,0
57,3728514312,32270,0,0,0,0,16899750,17008250,1230,0,0,0,0,34372,0,5,0,0,0,0,0,0
58,3728514312,32271,0,0,0,0,16315850,16428850,1206,0,0,0,0,34372,0,5,0,0,0,0,0,0
59,3728514312,32272,0,0,0,0,16607800,16721100,1275,0,0,0,0,34372,0,5,0,0,0,0,0,0
60,3728514312,32273,0,0,0,0,16601250,16719950,1250,0,0,0,0,34372,0,5,0,0,0,0,0,0
61,3728514312,32274,0,0,0,0,16608000,16717900,1207,0,0,0,0,34372,0,5,0,0,0,0,0,0
62,3728514312,32275,0,0,0,0,16607200,16720500,1276,0,0,0,0,34372,0,5,0,0,0,0,0,0
63,3728514312,32276,0,0,0,0,16602500,16716850,1167,0,0,0,0,34372,0,5,0,0,0,0,0,0
64,3728514312,32277,0,0,0,0,16604100,16718800,1272,0,0,0,0,34372,0,5,0,0,0,0,0,0
65,3728514312,32278,0,0,0,0,16610750,16722100,1189,0,0,0,0,34372,0,5,0,0,0,0,0,0
66,3728514312,32279,0,0,0,0,16603700,16716150,1246,0,0,0,0,34372,0,5,0,0,0,0,0,0
67,3728514312,32280,0,0,0,0,16608700,16720150,1200,0,0,0,0,34372,0,5,0,0,0,0,0,0
68,3728514312,32281,0,0,0,0,16975800,17092150,1224,0,0,0,0,34372,0,5,0,0,0,0,0,0
69,3728514312,32282,0,0,0,0,16233200,16345800,1198,0,0,0,0,34372,0,5,0,0,0,0,0,0
70,3728514312,32283,0,0,0,0,16607200,16720300,1238,0,0,0,0,34372,0,5,0,0,0,0,0,0
71,3728514312,32284,0,0,0,0,16607600,16720700,1290,0,0,0,0,34372,0,5,0,0,0,0,0,0
72,3728514312,32285,0,0,0,0,15825800,16720350,573,0,0,0,0,34372,0,5,0,0,0,0,0,0
73,3728514312,32286,0,0,0,0,16606250,16716200,1248,0,0,0,0,34372,0,5,0,0,0,0,0,0
74,3728514312,32287,0,0,0,0,16662600,16775550,1149,0,0,0,0,34372,0,5,0,0,0,0,0,0
75,3728514312,32288,0,0,0,0,16548650,16662800,1262,0,0,0,0,34372,0,5,0,0,0,0,0,0
76,3728514312,32289,0,0,0,0,16599900,16720350,1244,0,0,0,0,34372,0,5,0,0,0,0,0,0
77,3728514312,32290,0,0,0,0,16609750,16722550,1190,0,0,0,0,34372,0,5,0,0,0,0,0,0
78,3728514312,32291,0,0,0,0,16597650,16715200,1220,0,0,0,0,34372,0,5,0,0,0,0,0,0
79,3728514312,32292,0,0,0,0,16607850,16721750,1237,0,0,0,0,34372,0,5,0,0,0,0,0,0
80,3728514312,32293,0,0,0,0,16025750,16717400,1179,0,0,0,0,34372,0,5,0,0,0,0,0,0
81,3728514312,32294,0,0,0,0,16609550,16719500,1311,0,0,0,0,34372,0,5,0,0,0,0,0,0
82,3728514312,32295,0,0,0,0,16605950,16719500,1285,0,0,0,0,34372,0,5,0,0,0,0,0,0
83,3728514312,32296,0,0,0,0,16605850,16716000,1255,0,0,0,0,34372,0,5,0,0,0,0,0,0
84,3728514312,32297,0,0,0,0,16605850,16721950,1280,0,0,0,0,34372,0,5,0,0,0,0,0,0
85,3728514312,32298,0,0,0,0,16755550,16866300,1209,0,0,0,0,34372,0,5,0,0,0,0,0,0
86,3728514312,32299,0,0,0,0,16459100,16572000,1233,0,0,0,0,34372,0,5,0,0,0,0,0,0
87,3728514312,32300,0,0,0,0,16745750,16863400,452,0,0,0,0,34372,0,5,0,0,0,0,0,0
88,3728514312,32301,0,0,0,0,16452150,16578400,672,0,0,0,0,34372,0,5,0,0,0,0,0,0
89,3728514312,32302,0,0,0,0,16605250,16715500,1182,0,0,0,0,34372,0,5,0,0,0,0,0,0
90,3728514312,32303,0,0,0,0,16604200,16719050,1145,0,0,0,0,34372,0,5,0,0,0,0,0,0
91,3728514312,32304,0,0,0,0,16611600,16723200,1179,0,0,0,0,34372,0,5,0,0,0,0,0,0
92,3728514312,32305,0,0,0,0,16596850,16714550,1270,0,0,0,0,34372,0,5,0,0,0,0,0,0
93,3728514312,32306,0,0,0,0,16609950,16722950,1266,0,0,0,0,34372,0,5,0,0,0,0,0,0
94,3728514312,32307,0,0,0,0,16602000,16716450,1284,0,0,0,0,34372,0,5,0,0,0,0,0,0
95,3728514312,32308,0,0,0,0,15825950,16720200,991,0,0,0,0,34372,0,5,0,0,0,0,0,0
96,3728514312,32309,0,0,0,0,16829350,16943900,1192,0,0,0,0,34372,0,5,0,0,0,0,0,0
97,3728514312,32310,0,0,0,0,16385850,16497650,1228,0,0,0,0,34372,0,5,0,0,0,0,0,0
98,3728514312,32311,0,0,0,0,16602100,16715750,1240,0,0,0,0,34372,0,5,0,0,0,0,0,0
99,3728514312,32312,0,0,0,0,16606200,16722400,1256,0,0,0,0,34372,0,5,0,0,0,0,0,0
100,3728514312,32313,0,0,0,0,16598500,16718550,1245,0,0,0,0,34372,0,5,0,0,0,0,0,0
101,3728514312,32314,0,0,0,0,16611550,16716300,1269,0,0,0,0,34372,0,5,0,0,0,0,0,0
102,3728514312,32315,0,0,0,0,17092000,17208900,1074,0,0,0,0,34372,0,5,0,0,0,0,0,0
103,3728514312,32316,0,0,0,0,16110700,16231950,885,0,0,0,0,34372,0,5,0,0,0,0,0,0
104,3728514312,32317,0,0,0,0,16599950,16718750,1222,0,0,0,0,34372,0,5,0,0,0,0,0,0
105,3728514312,32318,0,0,0,0,16608050,16718700,1261,0,0,0,0,34372,0,5,0,0,0,0,0,0
106,3728514312,32319,0,0,0,0,16605750,16721500,1236,0,0,0,0,34372,0,5,0,0,0,0,0,0
107,3728514312,32320,0,0,0,0,17053450,17166250,1236,0,0,0,0,34372,0,5,0,0,0,0,0,0
108,3728514312,32321,0,0,0,0,16154000,16268650,1205,0,0,0,0,34372,0,5,0,0,0,0,0,0
109,3728514312,32322,0,0,0,0,16611300,16722900,1279,0,0,0,0,34372,0,5,0,0,0,0,0,0
110,3728514312,32323,0,0,0,0,16600400,16716100,1279,0,0,0,0,34372,0,5,0,0,0,0,0,0
111,3728514312,32324,0,0,0,0,16606600,16719800,1208,0,0,0,0,34372,0,5,0,0,0,0,0,0
112,3728514312,32325,0,0,0,0,16607750,16721550,1279,0,0,0,0,34372,0,5,0,0,0,0,0,0
113,3728514312,32326,0,0,0,0,16612150,16722050,1171,0,0,0,0,34372,0,5,0,0,0,0,0,0
114,3728514312,32327,0,0,0,0,16601900,16715300,1258,0,0,0,0,34372,0,5,0,0,0,0,0,0
115,3728514312,32328,0,0,0,0,16603500,16720750,1213,0,0,0,0,34372,0,5,0,0,0,0,0,0
116,3728514312,32329,0,0,0,0,16602450,16719950,1251,0,0,0,0,34372,0,5,0,0,0,0,0,0
117,3728514312,32330,0,0,0,0,16606150,16714650,1200,0,0,0,0,34372,0,5,0,0,0,0,0,0
118,3728514312,32331,0,0,0,0,15452600,17113750,1005,0,0,0,0,34372,0,5,0,0,0,0,0,0
119,3728514312,32332,0,0,0,0,16211650,16326850,1190,0,0,0,0,34372,0,5,0,0,0,0,0,0
120,3728514312,32333,0,0,0,0,16598150,16716700,1238,0,0,0,0,34372,0,5,0,0,0,0,0,0
121,3728514312,32334,0,0,0,0,16611450,16724900,1294,0,0,0,0,34372,0,5,0,0,0,0,0,0
122,3728514312,32335,0,0,0,0,16598900,16715100,868,0,0,0,0,34372,0,5,0,0,0,0,0,0
123,3728514312,32336,0,0,0,0,16604150,16720150,1248,0,0,0,0,34372,0,5,0,0,0,0,0,0
124,3728514312,32337,0,0,0,0,16692150,16809750,1166,0,0,0,0,34372,0,5,0,0,0,0,0,0
125,3728514312,32338,0,0,0,0,16520100,16633150,1167,0,0,0,0,34372,0,5,0,0,0,0,0,0
126,3728514312,32339,0,0,0,0,16596700,16715450,1226,0,0,0,0,34372,0,5,0,0,0,0,0,0
127,3728514312,32340,0,0,0,0,16608750,16720800,1166,0,0,0,0,34372,0,5,0,0,0,0,0,0
128,3728514312,32341,0,0,0,0,16592500,16716600,1232,0,0,0,0,34372,0,5,0,0,0,0,0,0
129,3728514312,32342,0,0,0,0,16612100,16718850,1220,0,0,0,0,34372,0,5,0,0,0,0,0,0
130,3728514312,32343,0,0,0,0,16120150,16720000,1201,0,0,0,0,34372,0,5,0,0,0,0,0,0
131,3728514312,32344,0,0,0,0,16603550,16720400,1310,0,0,0,0,34372,0,5,0,0,0,0,0,0
132,3728514312,32345,0,0,0,0,16600500,16719500,1229,0,0,0,0,34372,0,5,0,0,0,0,0,0
133,3728514312,32346,0,0,0,0,16608600,16721600,944,0,0,0,0,34372,0,5,0,0,0,0,0,0
134,3728514312,32347,0,0,0,0,16591150,16718350,1269,0,0,0,0,34372,0,5,0,0,0,0,0,0
135,3728514312,32348,0,0,0,0,16908200,17022350,1206,0,0,0,0,34372,0,5,0,0,0,0,0,0
136,3728514312,32349,0,0,0,0,16299450,16416650,1233,0,0,0,0,34372,0,5,0,0,0,0,0,0
137,3728514312,32350,0,0,0,0,16608300,16718600,1274,0,0,0,0,34372,0,5,0,0,0,0,0,0
138,3728514312,32351,0,0,0,0,16607000,16720050,1251,0,0,0,0,34372,0,5,0,0,0,0,0,0
139,3728514312,32352,0,0,0,0,16601300,16715350,1195,0,0,0,0,34372,0,5,0,0,0,0,0,0
140,3728514312,32353,0,0,0,0,16605150,16721350,1184,0,0,0,0,34372,0,5,0,0,0,0,0,0
141,3728514312,32354,0,0,0,0,16608900,16718300,1172,0,0,0,0,34372,0,5,0,0,0,0,0,0
142,3728514312,32355,0,0,0,0,15817700,16720400,1010,0,0,0,0,34372,0,5,0,0,0,0,0,0
143,3728514312,32356,0,0,0,0,16608600,16720850,1267,0,0,0,0,34372,0,5,0,0,0,0,0,0
144,3728514312,32357,0,0,0,0,16602350,16718350,1254,0,0,0,0,34372,0,5,0,0,0,0,0,0
145,3728514312,32358,0,0,0,0,16609200,16719300,1231,0,0,0,0,34372,0,5,0,0,0,0,0,0
146,3728514312,32359,0,0,0,0,16876200,16993500,1213,0,0,0,0,34372,0,5,0,0,0,0,0,0
147,3728514312,32360,0,0,0,0,16332450,16444200,1217,0,0,0,0,34372,0,5,0,0,0,0,0,0
148,3728514312,32361,0,0,0,0,17937600,18056200,987,0,0,0,0,34372,0,5,0,0,0,0,0,0
149,3728514312,32362,0,0,0,0,15255100,15382100,252,0,0,0,0,34372,0,5,0,0,0,0,0,0
150,3728514312,32363,0,0,0,0,16613000,16723250,1240,0,0,0,0,34372,0,5,0,0,0,0,0,0
151,3728514312,32364,0,0,0,0,16605200,16713900,1248,0,0,0,0,34372,0,5,0,0,0,0,0,0
152,3728514312,32365,0,0,0,0,16607700,16722900,1067,0,0,0,0,34372,0,5,0,0,0,0,0,0
153,3728514312,32366,0,0,0,0,16605200,16716550,1303,0,0,0,0,34372,0,5,0,0,0,0,0,0
154,3728514312,32367,0,0,0,0,16602800,16718550,1230,0,0,0,0,34372,0,5,0,0,0,0,0,0
155,3728514312,32368,0,0,0,0,16606100,16720750,1258,0,0,0,0,34372,0,5,0,0,0,0,0,0
156,3728514312,32369,0,0,0,0,16598100,16718500,1234,0,0,0,0,34372,0,5,0,0,0,0,0,0
157,3728514312,32370,0,0,0,0,16996850,17109450,1212,0,0,0,0,34372,0,5,0,0,0,0,0,0
158,3728514312,32371,0,0,0,0,16215800,16329000,1216,0,0,0,0,34372,0,5,0,0,0,0,0,0
159,3728514312,32372,0,0,0,0,16606900,16719450,1276,0,0,0,0,34372,0,5,0,0,0,0,0,0
160,3728514312,32373,0,0,0,0,16603450,16719500,1256,0,0,0,0,34372,0,5,0,0,0,0,0,0
161,3728514312,32374,0,0,0,0,16612950,16722100,1279,0,0,0,0,34372,0,5,0,0,0,0,0,0
162,3728514312,32375,0,0,0,0,16599250,16715200,1278,0,0,0,0,34372,0,5,0,0,0,0,0,0
163,3728514312,32376,0,0,0,0,16769200,16879250,1194,0,0,0,0,34372,0,5,0,0,0,0,0,0
164,3728514312,32377,0,0,0,0,16446350,16560800,818,0,0,0,0,34372,0,5,0,0,0,0,0,0
165,3728514312,32378,0,0,0,0,16602600,16718700,1263,0,0,0,0,34372,0,5,0,0,0,0,0,0
166,3728514312,32379,0,0,0,0,16605000,16719700,1248,0,0,0,0,34372,0,5,0,0,0,0,0,0
167,3728514312,32380,0,0,0,0,16608950,16719450,1209,0,0,0,0,34372,0,5,0,0,0,0,0,0
168,3728514312,32381,0,0,0,0,16600550,16717900,1235,0,0,0,0,34372,0,5,0,0,0,0,0,0
169,3728514312,32382,0,0,0,0,16175250,16722800,1188,0,0,0,0,34372,0,5,0,0,0,0,0,0
170,3728514312,32383,0,0,0,0,16597450,16717400,1247,0,0,0,0,34372,0,5,0,0,0,0,0,0
171,3728514312,32384,0,0,0,0,16602400,16718250,1267,0,0,0,0,34372,0,5,0,0,0,0,0,0
172,3728514312,32385,0,0,0,0,16599550,16722000,1284,0,0,0,0,34372,0,5,0,0,0,0,0,0
173,3728514312,32386,0,0,0,0,16605100,16716300,1251,0,0,0,0,34372,0,5,0,0,0,0,0,0
174,3728514312,32387,0,0,0,0,16731500,16847450,1187,0,0,0,0,34372,0,5,0,0,0,0,0,0
175,3728514312,32388,0,0,0,0,16474250,16591400,1251,0,0,0,0,34372,0,5,0,0,0,0,0,0
176,3728514312,32389,0,0,0,0,16600650,16721000,1238,0,0,0,0,34372,0,5,0,0,0,0,0,0
177,3728514312,32390,0,0,0,0,16605300,16719800,1171,0,0,0,0,34372,0,5,0,0,0,0,0,0
178,3728514312,32391,0,0,0,0,16601550,16717000,1236,0,0,0,0,34372,0,5,0,0,0,0,0,0
179,3728514312,32392,0,0,0,0,16607450,16717150,1238,0,0,0,0,34372,0,5,0,0,0,0,0,0
CSV_END

STUDY_DONE_aad22156c822=0
# 