/tmp/app --transport apb --state-frame 0 --dma-minimum 64 --frames 180 --warmup 30 --wait spin --profile frame --csv /tmp/transport-frames.csv --dump /tmp/transport-frame.raw && printf "CSV_BEGIN\n" && cat /tmp/transport-frames.csv && printf "CSV_END\n"; study_status=$?; printf "\nSTUDY_DONE_b03522ccec93=%s\n" "$study_status"
TRANSPORT mode=apb dma_minimum=64
BEGIN_BREAKOUT frames=180 warmup=30 fixed=0 blocks=40 tiles=1 hud=1 wait=spin replay=0 state_frame=0 profile=frame pixel_centers=1 clock_call_ns=5278
HW_COUNTERS unavailable
RESULT frames=180 elapsed_s=12.221755550 fps=14.727835 logic_ms=0.000000 api_ms=0.000000 swap_ms=0.000000 wait_ms=0.000000 worker_inclusive_ms=0.000000 upload_inclusive_ms=0.000000 write_ms=0.000000 bytes_per_frame=30951.56 p50_ms=66.877600 p95_ms=83.594850 max_ms=83.603850 late_60hz=180 first_count=2071 last_count=2250 state_hash=8f34e8fd remaining=38 score=20
RENDER_PATH retained=0 grouped=0 quads=13131 full_frames=180
FRAME_CHECK count=2250 address=9fe00000 fnv1a=79c99b23 pixels=307200 mismatches=0
BREAKOUT_PASS
CSV_BEGIN
frame,state_hash,display_count,logic_ns,api_ns,swap_ns,wait_ns,total_ns,completion_interval_ns,polls,worker_inclusive_ns,upload_inclusive_ns,write_ns,read_ns,write_bytes,read_bytes,write_calls,read_calls,dma_copy_ns,dma_launch_ns,dma_completion_wait_ns,dma_bytes,dma_lists
0,3724779174,2071,0,0,0,0,66996000,67013250,1242,0,0,0,0,31172,0,5,0,0,0,0,0,0
1,1709657109,2072,0,0,0,0,66578300,66697150,1072,0,0,0,0,31172,0,5,0,0,0,0,0,0
2,1894904752,2073,0,0,0,0,66757350,66876200,748,0,0,0,0,31172,0,5,0,0,0,0,0,0
3,3703759967,2074,0,0,0,0,66758500,66876700,1117,0,0,0,0,31172,0,5,0,0,0,0,0,0
4,19533624,2075,0,0,0,0,66762900,66878050,1190,0,0,0,0,31172,0,5,0,0,0,0,0,0
5,816884773,2076,0,0,0,0,65462700,66875750,959,0,0,0,0,31172,0,5,0,0,0,0,0,0
6,1339236364,2077,0,0,0,0,66761350,66880000,1155,0,0,0,0,31172,0,5,0,0,0,0,0,0
7,3072959373,2078,0,0,0,0,66796150,66912700,1038,0,0,0,0,31172,0,5,0,0,0,0,0,0
8,1782884746,2079,0,0,0,0,66723600,66838600,1225,0,0,0,0,31172,0,5,0,0,0,0,0,0
9,30296781,2080,0,0,0,0,83489050,83602900,2662,0,0,0,0,31492,0,5,0,0,0,0,0,0
10,4026418858,2081,0,0,0,0,66752950,66874300,988,0,0,0,0,31492,0,5,0,0,0,0,0,0
11,2084929051,2082,0,0,0,0,66761350,66876400,1114,0,0,0,0,31492,0,5,0,0,0,0,0,0
12,3114489770,2083,0,0,0,0,66758250,66873900,1213,0,0,0,0,31172,0,5,0,0,0,0,0,0
13,891400471,2084,0,0,0,0,66764050,66878100,977,0,0,0,0,31172,0,5,0,0,0,0,0,0
14,3472773456,2085,0,0,0,0,66761100,66876900,1166,0,0,0,0,31172,0,5,0,0,0,0,0,0
15,3010688243,2086,0,0,0,0,67047000,67162800,1282,0,0,0,0,31172,0,5,0,0,0,0,0,0
16,2819524756,2087,0,0,0,0,66476200,66590050,1087,0,0,0,0,31172,0,5,0,0,0,0,0,0
17,3241678401,2088,0,0,0,0,66765750,66880250,737,0,0,0,0,31172,0,5,0,0,0,0,0,0
18,2154316504,2089,0,0,0,0,66761600,66878550,1145,0,0,0,0,31172,0,5,0,0,0,0,0,0
19,772262681,2090,0,0,0,0,66753800,66872400,1161,0,0,0,0,31172,0,5,0,0,0,0,0,0
20,3882818750,2091,0,0,0,0,66767200,66880850,1097,0,0,0,0,31172,0,5,0,0,0,0,0,0
21,521131153,2092,0,0,0,0,66764250,66878000,1152,0,0,0,0,31172,0,5,0,0,0,0,0,0
22,1838187414,2093,0,0,0,0,67068350,67184250,767,0,0,0,0,31172,0,5,0,0,0,0,0,0
23,840574439,2094,0,0,0,0,66437750,66565200,1118,0,0,0,0,31172,0,5,0,0,0,0,0,0
24,2879461878,2095,0,0,0,0,83490450,83603850,2721,0,0,0,0,31172,0,5,0,0,0,0,0,0
25,202086035,2096,0,0,0,0,66746950,66871500,1071,0,0,0,0,31172,0,5,0,0,0,0,0,0
26,959703924,2097,0,0,0,0,66761650,66877950,1177,0,0,0,0,31172,0,5,0,0,0,0,0,0
27,3795724423,2098,0,0,0,0,66758700,66876650,1190,0,0,0,0,31172,0,5,0,0,0,0,0,0
28,2500539904,2099,0,0,0,0,65303200,66879200,820,0,0,0,0,31172,0,5,0,0,0,0,0,0
29,2269000541,2100,0,0,0,0,66761250,66875500,1098,0,0,0,0,31172,0,5,0,0,0,0,0,0
30,1900681108,2101,0,0,0,0,66759700,66876600,1284,0,0,0,0,31172,0,5,0,0,0,0,0,0
31,3680168245,2102,0,0,0,0,66354900,66874900,1085,0,0,0,0,31172,0,5,0,0,0,0,0,0
32,2344329490,2103,0,0,0,0,66765900,66878400,550,0,0,0,0,31172,0,5,0,0,0,0,0,0
33,2130650181,2104,0,0,0,0,66766050,66879500,1022,0,0,0,0,31492,0,5,0,0,0,0,0,0
34,906966818,2105,0,0,0,0,66762250,66877450,1187,0,0,0,0,31492,0,5,0,0,0,0,0,0
35,3939376531,2106,0,0,0,0,66760950,66876900,945,0,0,0,0,31492,0,5,0,0,0,0,0,0
36,2110688546,2107,0,0,0,0,66764050,66876100,1137,0,0,0,0,31172,0,5,0,0,0,0,0,0
37,2695523007,2108,0,0,0,0,67020100,67135850,1270,0,0,0,0,31172,0,5,0,0,0,0,0,0
38,744447992,2109,0,0,0,0,66503000,66618550,1098,0,0,0,0,31172,0,5,0,0,0,0,0,0
39,3728640411,2110,0,0,0,0,83479850,83595600,2743,0,0,0,0,31172,0,5,0,0,0,0,0,0
40,618879740,2111,0,0,0,0,66765500,66879050,758,0,0,0,0,31172,0,5,0,0,0,0,0,0
41,1239708057,2112,0,0,0,0,66791350,66902750,1047,0,0,0,0,31172,0,5,0,0,0,0,0,0
42,2429742208,2113,0,0,0,0,66729800,66848550,1236,0,0,0,0,31172,0,5,0,0,0,0,0,0
43,412095716,2114,0,0,0,0,66763150,66881400,1117,0,0,0,0,31172,0,5,0,0,0,0,0,0
44,1226741467,2115,0,0,0,0,66760050,66873950,1072,0,0,0,0,31172,0,5,0,0,0,0,0,0
45,3288446148,2116,0,0,0,0,66762050,66877150,1287,0,0,0,0,31172,0,5,0,0,0,0,0,0
46,1157984843,2117,0,0,0,0,66759600,66876150,1116,0,0,0,0,31172,0,5,0,0,0,0,0,0
47,3877288378,2118,0,0,0,0,66759050,66877200,748,0,0,0,0,31172,0,5,0,0,0,0,0,0
48,4236526315,2119,0,0,0,0,66767050,66880550,1190,0,0,0,0,31172,0,5,0,0,0,0,0,0
49,533834014,2120,0,0,0,0,66759050,66875750,1218,0,0,0,0,31172,0,5,0,0,0,0,0,0
50,1649361089,2121,0,0,0,0,66759550,66877700,989,0,0,0,0,31172,0,5,0,0,0,0,0,0
51,2486981906,2122,0,0,0,0,66001200,66875300,889,0,0,0,0,31172,0,5,0,0,0,0,0,0
52,1706075277,2123,0,0,0,0,66766550,66878850,1297,0,0,0,0,31172,0,5,0,0,0,0,0,0
53,267972368,2124,0,0,0,0,66366450,66879250,1028,0,0,0,0,31172,0,5,0,0,0,0,0,0
54,3895401273,2125,0,0,0,0,83478250,83593750,2918,0,0,0,0,31172,0,5,0,0,0,0,0,0
55,605985656,2126,0,0,0,0,66759250,66875250,690,0,0,0,0,31172,0,5,0,0,0,0,0,0
56,4077673024,2127,0,0,0,0,66923450,67038900,1177,0,0,0,0,30852,0,5,0,0,0,0,0,0
57,985632231,2128,0,0,0,0,66602750,66718050,1144,0,0,0,0,30852,0,5,0,0,0,0,0,0
58,3720590956,2129,0,0,0,0,66757650,66874600,1143,0,0,0,0,30852,0,5,0,0,0,0,0,0
59,3264032585,2130,0,0,0,0,66763450,66878550,1028,0,0,0,0,30852,0,5,0,0,0,0,0,0
60,395405688,2131,0,0,0,0,66764500,66877750,1242,0,0,0,0,30852,0,5,0,0,0,0,0,0
61,32142420,2132,0,0,0,0,66763650,66877900,1138,0,0,0,0,30852,0,5,0,0,0,0,0,0
62,1187067055,2133,0,0,0,0,66761050,66875950,682,0,0,0,0,30852,0,5,0,0,0,0,0,0
63,459140908,2134,0,0,0,0,66778600,66893200,1227,0,0,0,0,30852,0,5,0,0,0,0,0,0
64,3369786495,2135,0,0,0,0,66742000,66858000,1231,0,0,0,0,30852,0,5,0,0,0,0,0,0
65,1572434254,2136,0,0,0,0,66765950,66879550,1012,0,0,0,0,30852,0,5,0,0,0,0,0,0
66,4107798823,2137,0,0,0,0,66763650,66878500,1127,0,0,0,0,30852,0,5,0,0,0,0,0,0
67,343968250,2138,0,0,0,0,66758900,66875400,1274,0,0,0,0,30852,0,5,0,0,0,0,0,0
68,3102454017,2139,0,0,0,0,66764150,66879000,1086,0,0,0,0,30852,0,5,0,0,0,0,0,0
69,3051095563,2140,0,0,0,0,83483550,83597100,2892,0,0,0,0,30852,0,5,0,0,0,0,0,0
70,2391331016,2141,0,0,0,0,66756250,66874450,701,0,0,0,0,30852,0,5,0,0,0,0,0,0
71,3869016117,2142,0,0,0,0,67175800,67293950,1159,0,0,0,0,30852,0,5,0,0,0,0,0,0
72,1579800804,2143,0,0,0,0,66341050,66460850,1166,0,0,0,0,30852,0,5,0,0,0,0,0,0
73,2792341157,2144,0,0,0,0,66763150,66878150,1142,0,0,0,0,30852,0,5,0,0,0,0,0,0
74,714702942,2145,0,0,0,0,66002300,66878400,847,0,0,0,0,30852,0,5,0,0,0,0,0,0
75,1092538936,2146,0,0,0,0,66754750,66873900,1200,0,0,0,0,30852,0,5,0,0,0,0,0,0
76,1561271239,2147,0,0,0,0,66759200,66876250,1108,0,0,0,0,31172,0,5,0,0,0,0,0,0
77,3798074098,2148,0,0,0,0,66765500,66879050,652,0,0,0,0,31172,0,5,0,0,0,0,0,0
78,3022639071,2149,0,0,0,0,67055600,67166950,1251,0,0,0,0,31172,0,5,0,0,0,0,0,0
79,2282770062,2150,0,0,0,0,66466700,66585550,1173,0,0,0,0,30852,0,5,0,0,0,0,0,0
80,1626512457,2151,0,0,0,0,66765250,66881950,1155,0,0,0,0,30852,0,5,0,0,0,0,0,0
81,3156888026,2152,0,0,0,0,66760150,66875050,623,0,0,0,0,30852,0,5,0,0,0,0,0,0
82,3038824309,2153,0,0,0,0,66765700,66879250,1235,0,0,0,0,30852,0,5,0,0,0,0,0,0
83,1261846460,2154,0,0,0,0,66757050,66871550,1134,0,0,0,0,30852,0,5,0,0,0,0,0,0
84,2035201521,2155,0,0,0,0,83488250,83602150,2812,0,0,0,0,30852,0,5,0,0,0,0,0,0
85,2164446652,2156,0,0,0,0,66759050,66873750,714,0,0,0,0,30852,0,5,0,0,0,0,0,0
86,2017191835,2157,0,0,0,0,66757700,66875950,1313,0,0,0,0,30852,0,5,0,0,0,0,0,0
87,3029138484,2158,0,0,0,0,66029800,66876400,1085,0,0,0,0,30852,0,5,0,0,0,0,0,0
88,50355403,2159,0,0,0,0,66767800,66881750,1129,0,0,0,0,30852,0,5,0,0,0,0,0,0
89,654213990,2160,0,0,0,0,66762300,66877800,1193,0,0,0,0,30852,0,5,0,0,0,0,0,0
90,2360099787,2161,0,0,0,0,66757850,66872750,1195,0,0,0,0,30852,0,5,0,0,0,0,0,0
91,2424818746,2162,0,0,0,0,66765400,66881350,1119,0,0,0,0,30852,0,5,0,0,0,0,0,0
92,1971386461,2163,0,0,0,0,66761800,66877050,848,0,0,0,0,30852,0,5,0,0,0,0,0,0
93,3386045126,2164,0,0,0,0,67028850,67144850,1213,0,0,0,0,30852,0,5,0,0,0,0,0,0
94,1429641961,2165,0,0,0,0,66486150,66605200,1216,0,0,0,0,30852,0,5,0,0,0,0,0,0
95,3022846880,2166,0,0,0,0,66761250,66877650,1126,0,0,0,0,30852,0,5,0,0,0,0,0,0
96,1601897261,2167,0,0,0,0,66761850,66878300,1080,0,0,0,0,30852,0,5,0,0,0,0,0,0
97,1229951528,2168,0,0,0,0,66760550,66877100,1243,0,0,0,0,30852,0,5,0,0,0,0,0,0
98,4065171759,2169,0,0,0,0,65399500,66877450,944,0,0,0,0,30852,0,5,0,0,0,0,0,0
99,1034325744,2170,0,0,0,0,83473850,83596000,2682,0,0,0,0,30852,0,5,0,0,0,0,0,0
100,14078671,2171,0,0,0,0,66765600,66878700,767,0,0,0,0,31172,0,5,0,0,0,0,0,0
101,4024270554,2172,0,0,0,0,66761800,66875700,1253,0,0,0,0,31172,0,5,0,0,0,0,0,0
102,896191351,2173,0,0,0,0,66758200,66874400,1032,0,0,0,0,31172,0,5,0,0,0,0,0,0
103,2131384102,2174,0,0,0,0,66767600,66883100,1182,0,0,0,0,30852,0,5,0,0,0,0,0,0
104,2586210593,2175,0,0,0,0,66762100,66877250,1190,0,0,0,0,30852,0,5,0,0,0,0,0,0
105,591918370,2176,0,0,0,0,66757100,66872150,1134,0,0,0,0,30852,0,5,0,0,0,0,0,0
106,8814317,2177,0,0,0,0,66762600,66880000,1137,0,0,0,0,30852,0,5,0,0,0,0,0,0
107,2340504196,2178,0,0,0,0,66763500,66879850,748,0,0,0,0,30852,0,5,0,0,0,0,0,0
108,3523076009,2179,0,0,0,0,66750750,66873550,1151,0,0,0,0,30852,0,5,0,0,0,0,0,0
109,1961669028,2180,0,0,0,0,66357300,66875000,1114,0,0,0,0,30852,0,5,0,0,0,0,0,0
110,1037581603,2181,0,0,0,0,66766950,66882350,1188,0,0,0,0,30852,0,5,0,0,0,0,0,0
111,2701024588,2182,0,0,0,0,66756300,66873450,1012,0,0,0,0,30852,0,5,0,0,0,0,0,0
112,215037203,2183,0,0,0,0,66759950,66875550,1197,0,0,0,0,30852,0,5,0,0,0,0,0,0
113,3696282862,2184,0,0,0,0,66763100,66877250,1112,0,0,0,0,30852,0,5,0,0,0,0,0,0
114,2829142928,2185,0,0,0,0,83479950,83597600,2794,0,0,0,0,30852,0,5,0,0,0,0,0,0
115,3204762949,2186,0,0,0,0,66763100,66877450,713,0,0,0,0,30852,0,5,0,0,0,0,0,0
116,3297489190,2187,0,0,0,0,66759150,66876100,1241,0,0,0,0,30852,0,5,0,0,0,0,0,0
117,1691704917,2188,0,0,0,0,66761300,66877400,946,0,0,0,0,30852,0,5,0,0,0,0,0,0
118,663957814,2189,0,0,0,0,66761550,66879550,1171,0,0,0,0,30852,0,5,0,0,0,0,0,0
119,3058583827,2190,0,0,0,0,66783650,66901750,1220,0,0,0,0,30852,0,5,0,0,0,0,0,0
120,838545270,2191,0,0,0,0,66732900,66851150,1139,0,0,0,0,30852,0,5,0,0,0,0,0,0
121,3608912039,2192,0,0,0,0,65128000,66874900,893,0,0,0,0,30852,0,5,0,0,0,0,0,0
122,4080159716,2193,0,0,0,0,67451600,67570050,998,0,0,0,0,30852,0,5,0,0,0,0,0,0
123,1056027075,2194,0,0,0,0,66058650,66188350,940,0,0,0,0,30852,0,5,0,0,0,0,0,0
124,4057021248,2195,0,0,0,0,66761200,66874100,1092,0,0,0,0,31172,0,5,0,0,0,0,0,0
125,2686741161,2196,0,0,0,0,66763750,66879100,1154,0,0,0,0,31172,0,5,0,0,0,0,0,0
126,3870849660,2197,0,0,0,0,66762550,66878650,1136,0,0,0,0,31172,0,5,0,0,0,0,0,0
127,293449641,2198,0,0,0,0,66752700,66874200,1244,0,0,0,0,30852,0,5,0,0,0,0,0,0
128,596064266,2199,0,0,0,0,66761250,66877900,1127,0,0,0,0,30852,0,5,0,0,0,0,0,0
129,3715495249,2200,0,0,0,0,83484150,83597700,2872,0,0,0,0,30852,0,5,0,0,0,0,0,0
130,244680018,2201,0,0,0,0,66754050,66874750,738,0,0,0,0,30852,0,5,0,0,0,0,0,0
131,4080661783,2202,0,0,0,0,66758250,66875450,1230,0,0,0,0,30852,0,5,0,0,0,0,0,0
132,4006730450,2203,0,0,0,0,66767750,66883050,1074,0,0,0,0,30852,0,5,0,0,0,0,0,0
133,3864584507,2204,0,0,0,0,66757500,66873600,1110,0,0,0,0,30852,0,5,0,0,0,0,0,0
134,2711027320,2205,0,0,0,0,66914150,67030900,1259,0,0,0,0,30852,0,5,0,0,0,0,0,0
135,4099079087,2206,0,0,0,0,66608700,66723850,1160,0,0,0,0,30852,0,5,0,0,0,0,0,0
136,565333772,2207,0,0,0,0,66760800,66877700,1062,0,0,0,0,30852,0,5,0,0,0,0,0,0
137,1028518269,2208,0,0,0,0,66760100,66876100,1113,0,0,0,0,30852,0,5,0,0,0,0,0,0
138,2252688136,2209,0,0,0,0,66756600,66875150,919,0,0,0,0,30852,0,5,0,0,0,0,0,0
139,578597309,2210,0,0,0,0,66759700,66879650,1005,0,0,0,0,30852,0,5,0,0,0,0,0,0
140,3624439358,2211,0,0,0,0,66756800,66876400,698,0,0,0,0,30852,0,5,0,0,0,0,0,0
141,3514067501,2212,0,0,0,0,66777800,66893300,1220,0,0,0,0,30852,0,5,0,0,0,0,0,0
142,2741972910,2213,0,0,0,0,66737900,66859700,1154,0,0,0,0,30852,0,5,0,0,0,0,0,0
143,28497579,2214,0,0,0,0,66760850,66879100,1121,0,0,0,0,30852,0,5,0,0,0,0,0,0
144,466729326,2215,0,0,0,0,82726550,83597800,2838,0,0,0,0,30852,0,5,0,0,0,0,0,0
145,3425349295,2216,0,0,0,0,66757050,66876650,593,0,0,0,0,30852,0,5,0,0,0,0,0,0
146,1537640620,2217,0,0,0,0,66758400,66875400,1207,0,0,0,0,30852,0,5,0,0,0,0,0,0
147,1853842891,2218,0,0,0,0,66760200,66877450,1134,0,0,0,0,30852,0,5,0,0,0,0,0,0
148,1177024904,2219,0,0,0,0,66764450,66876650,1095,0,0,0,0,31172,0,5,0,0,0,0,0,0
149,4106734849,2220,0,0,0,0,67187300,67300700,1247,0,0,0,0,31172,0,5,0,0,0,0,0,0
150,2025356500,2221,0,0,0,0,66336050,66454600,1161,0,0,0,0,31172,0,5,0,0,0,0,0,0
151,2189605121,2222,0,0,0,0,66763100,66878600,1064,0,0,0,0,30852,0,5,0,0,0,0,0,0
152,4086136290,2223,0,0,0,0,66763300,66877050,1167,0,0,0,0,30852,0,5,0,0,0,0,0,0
153,4036669705,2224,0,0,0,0,66757300,66874700,806,0,0,0,0,30852,0,5,0,0,0,0,0,0
154,4167980074,2225,0,0,0,0,66767200,66880100,1043,0,0,0,0,30852,0,5,0,0,0,0,0,0
155,51187407,2226,0,0,0,0,66761950,66877000,1127,0,0,0,0,30852,0,5,0,0,0,0,0,0
156,2242638442,2227,0,0,0,0,67037000,67150300,1264,0,0,0,0,30852,0,5,0,0,0,0,0,0
157,2730108163,2228,0,0,0,0,66484750,66601950,1100,0,0,0,0,30852,0,5,0,0,0,0,0,0
158,2718743917,2229,0,0,0,0,66760700,66877900,1111,0,0,0,0,30852,0,5,0,0,0,0,0,0
159,3391709842,2230,0,0,0,0,83479750,83594850,2877,0,0,0,0,30852,0,5,0,0,0,0,0,0
160,1164604273,2231,0,0,0,0,66759900,66878050,683,0,0,0,0,30852,0,5,0,0,0,0,0,0
161,2148591176,2232,0,0,0,0,66761800,66877900,1170,0,0,0,0,30852,0,5,0,0,0,0,0,0
162,4192737573,2233,0,0,0,0,66760500,66877250,1078,0,0,0,0,30852,0,5,0,0,0,0,0,0
163,535584840,2234,0,0,0,0,66758950,66878450,1045,0,0,0,0,30852,0,5,0,0,0,0,0,0
164,3430794475,2235,0,0,0,0,66758900,66873600,1273,0,0,0,0,30852,0,5,0,0,0,0,0,0
165,776323552,2236,0,0,0,0,66363850,66877550,1131,0,0,0,0,30852,0,5,0,0,0,0,0,0
166,3330991427,2237,0,0,0,0,66762800,66878800,1017,0,0,0,0,30852,0,5,0,0,0,0,0,0
167,3282074430,2238,0,0,0,0,66761350,66876650,1122,0,0,0,0,30852,0,5,0,0,0,0,0,0
168,2597814595,2239,0,0,0,0,66757350,66877600,881,0,0,0,0,30852,0,5,0,0,0,0,0,0
169,2225601370,2240,0,0,0,0,66764350,66878450,947,0,0,0,0,30852,0,5,0,0,0,0,0,0
170,3716853465,2241,0,0,0,0,66759650,66877900,1159,0,0,0,0,30852,0,5,0,0,0,0,0,0
171,1080675697,2242,0,0,0,0,67020750,67135400,1343,0,0,0,0,30212,0,5,0,0,0,0,0,0
172,219920238,2243,0,0,0,0,66501750,66616850,1229,0,0,0,0,30212,0,5,0,0,0,0,0,0
173,3070385651,2244,0,0,0,0,66762250,66878750,1269,0,0,0,0,30212,0,5,0,0,0,0,0,0
174,2609556270,2245,0,0,0,0,68096200,68208950,358,0,0,0,0,30212,0,5,0,0,0,0,0,0
175,141401383,2246,0,0,0,0,65411350,65543050,619,0,0,0,0,30212,0,5,0,0,0,0,0,0
176,3034105280,2247,0,0,0,0,66757450,66878400,1192,0,0,0,0,30212,0,5,0,0,0,0,0,0
177,3029196371,2248,0,0,0,0,66762200,66879300,1317,0,0,0,0,30212,0,5,0,0,0,0,0,0
178,699378668,2249,0,0,0,0,66872200,66988900,1327,0,0,0,0,30212,0,5,0,0,0,0,0,0
179,2402609405,2250,0,0,0,0,66648800,66765500,1311,0,0,0,0,30212,0,5,0,0,0,0,0,0
CSV_END

STUDY_DONE_b03522ccec93=0
# 