/tmp/app-lto --transport unrolled --state-frame 1800 --frames 180 --warmup 30 --wait spin --profile detailed --csv /tmp/transport-frames.csv --dump /tmp/transport-frame.raw && printf "CSV_BEGIN\n" && cat /tmp/transport-frames.csv && printf "CSV_END\n"; study_status=$?; printf "\nSTUDY_DONE_6586333eea29=%s\n" "$study_status"
TRANSPORT mode=unrolled dma_minimum=64
BEGIN_BREAKOUT frames=180 warmup=30 fixed=0 blocks=40 tiles=1 hud=1 wait=spin replay=0 state_frame=1800 profile=detailed pixel_centers=1 clock_call_ns=4834
HW_COUNTERS unavailable
RESULT frames=180 elapsed_s=9.045105650 fps=19.900265 logic_ms=0.970817 api_ms=12.171732 swap_ms=28.917604 wait_ms=8.044756 worker_inclusive_ms=28.716195 upload_inclusive_ms=5.460890 write_ms=5.212935 bytes_per_frame=24140.89 p50_ms=50.157850 p95_ms=50.416050 max_ms=66.878150 late_60hz=180 first_count=3285 last_count=3464 state_hash=1022e19f remaining=21 score=190
RENDER_PATH retained=0 grouped=0 quads=10250 full_frames=180
FRAME_CHECK count=3464 address=9fe00000 fnv1a=9868c45b pixels=307200 mismatches=0
BREAKOUT_PASS
CSV_BEGIN
frame,state_hash,display_count,logic_ns,api_ns,swap_ns,wait_ns,total_ns,completion_interval_ns,polls,worker_inclusive_ns,upload_inclusive_ns,write_ns,read_ns,write_bytes,read_bytes,write_calls,read_calls,dma_copy_ns,dma_launch_ns,dma_completion_wait_ns,dma_bytes,dma_lists
0,2110160739,3285,808700,12316900,28696850,8659050,50481500,50493050,1575,28513600,5306250,5105700,0,24452,0,5,0,0,0,0,0,0
1,1693181783,3286,790550,12368650,31616600,4912250,49688050,49793400,933,31437400,7596050,7373000,0,24452,0,5,0,0,0,0,0,0
2,802378003,3287,805850,12307000,37830000,15825550,66768400,66878150,3021,37664300,6027150,5804000,0,24452,0,5,0,0,0,0,0,0
3,773631361,3288,799750,12208800,29091950,7950000,50050500,50156950,1473,28913950,5452150,5238000,0,24452,0,5,0,0,0,0,0,0
4,3600043099,3289,1431100,12133000,28457050,8032950,50054100,50157850,1508,28281600,5737250,5528550,0,24452,0,5,0,0,0,0,0,0
5,1618316913,3290,836700,12621400,29461950,6406200,49326250,50157500,1245,29279450,6014850,5795000,0,24452,0,5,0,0,0,0,0,0
6,201713393,3291,1359600,12192600,28200700,8301100,50054000,50160800,1569,28003650,5487500,5271150,0,24452,0,5,0,0,0,0,0,0
7,2011502881,3292,798550,12211150,28898450,8143650,50051800,50156950,1544,28713150,5434000,5233000,0,24452,0,5,0,0,0,0,0,0
8,3125474025,3293,1404950,12229150,28129700,8290900,50054700,50157000,1590,27953650,4714650,4535300,0,24452,0,5,0,0,0,0,0,0
9,1342287211,3294,797450,12340050,29742900,7404000,50284400,50384950,1410,29562650,6025000,5807250,0,24452,0,5,0,0,0,0,0,0
10,3857196809,3295,798900,12422550,28271700,8332100,49825250,49929100,1590,28090700,4705800,4511250,0,24452,0,5,0,0,0,0,0,0
11,2240049260,3296,803350,12190550,30122500,6937900,50054300,50158000,1303,29939150,6442600,6216150,0,24132,0,5,0,0,0,0,0,0
12,1815897908,3297,789800,12256150,27929700,9082000,50057650,50158750,1756,27754250,4697800,4491600,0,24132,0,5,0,0,0,0,0,0
13,648884648,3298,789350,12099700,29529400,7638400,50056850,50157800,1458,29350700,5963750,5749350,0,24132,0,5,0,0,0,0,0,0
14,2931991803,3299,789150,12204600,28073100,8988600,50055450,50159650,1731,27898200,4762200,4565300,0,24132,0,5,0,0,0,0,0,0
15,4227589206,3300,798400,11839950,30875600,6540850,50054800,50158450,1205,30702200,5034750,4836200,0,24132,0,5,0,0,0,0,0,0
16,1986714807,3301,795200,12021100,28575600,8661600,50053500,50155700,1661,28386950,5040500,4843950,0,24132,0,5,0,0,0,0,0,0
17,28333542,3302,1432850,11941800,28561550,8119550,50055750,50159400,1563,28384150,5574800,5366250,0,24132,0,5,0,0,0,0,0,0
18,842458438,3303,784450,12050400,28893200,8327100,50055150,50157650,1586,28714450,5426900,5224100,0,24132,0,5,0,0,0,0,0,0
19,4035787358,3304,1308950,12062250,28284800,8395300,50051300,50155300,1622,28110150,5646400,5434250,0,24132,0,5,0,0,0,0,0,0
20,3966921526,3305,791200,12039200,28711650,8517850,50059900,50161150,1627,28537100,5425200,5220850,0,24132,0,5,0,0,0,0,0,0
21,3331783808,3306,1230300,12073300,28218350,8534000,50055950,50161000,1317,28047300,5591850,5379150,0,24132,0,5,0,0,0,0,0,0
22,1855912102,3307,817000,12019600,35539650,2009400,50385650,50499050,309,35365350,5045900,4838050,0,24132,0,5,0,0,0,0,0,0
23,3437663592,3308,795250,12085700,28016400,8810000,49707350,49814200,1707,27843600,4660250,4472650,0,24132,0,5,0,0,0,0,0,0
24,3162062844,3309,790050,11984050,28500300,8778650,50053050,50155100,1598,28326100,5217450,5012550,0,24132,0,5,0,0,0,0,0,0
25,1213835568,3310,789650,12070750,28048550,9145600,50054550,50158200,1698,27875000,4671400,4479450,0,24132,0,5,0,0,0,0,0,0
26,4133797692,3311,795750,11931750,29302050,8016750,50046300,50156850,1544,29124250,5990850,5785300,0,24132,0,5,0,0,0,0,0,0
27,256876650,3312,793200,12042950,28439900,8775450,50051500,50158250,1690,28266050,4925450,4736800,0,24452,0,5,0,0,0,0,0,0
28,482917404,3313,1619900,12150200,28084450,7481750,49336300,50157600,1416,27908550,4685600,4488600,0,24452,0,5,0,0,0,0,0,0
29,1264633954,3314,794050,12059300,28350800,8850850,50055000,50157200,1696,28172200,5012450,4819450,0,24132,0,5,0,0,0,0,0,0
30,3606135978,3315,1688450,12093250,28235500,8036950,50054150,50159550,1535,28055450,5775400,5564700,0,24132,0,5,0,0,0,0,0,0
31,2630115922,3316,799350,12079850,28484250,8693450,50056900,50160400,1632,28301350,5242100,5051100,0,24132,0,5,0,0,0,0,0,0
32,3881483034,3317,1312800,13549250,28468900,6721200,50052150,50156250,1197,28290750,5303900,4307450,0,24132,0,5,0,0,0,0,0,0
33,2944919204,3318,809250,12045900,28592350,8603950,50051450,50156550,1618,28415400,5371600,5172350,0,24132,0,5,0,0,0,0,0,0
34,646532490,3319,796550,12423300,27850900,8542950,49613700,50157600,1621,27670050,4631800,4450450,0,24132,0,5,0,0,0,0,0,0
35,2877853796,3320,795750,12026950,28555600,8931850,50310150,50416050,1604,28380100,5365650,5165450,0,24132,0,5,0,0,0,0,0,0
36,1922367648,3321,789750,12075600,27876350,9054950,49796650,49900750,1762,27691350,5394750,5182200,0,24132,0,5,0,0,0,0,0,0
37,1795563108,3322,793950,12131900,28332000,8798900,50056750,50159000,1603,28157100,5165650,4964000,0,24132,0,5,0,0,0,0,0,0
38,214631552,3323,789600,12205100,28648600,8408400,50051700,50157200,1607,28475400,4943600,4754100,0,24132,0,5,0,0,0,0,0,0
39,1929726190,3324,793100,12080300,29147350,8030500,50051250,50156600,1548,28970300,5942050,5727750,0,24132,0,5,0,0,0,0,0,0
40,1190506064,3325,804550,12221650,28357700,8670450,50054350,50159400,1663,28177800,5069950,4880950,0,24132,0,5,0,0,0,0,0,0
41,3268351150,3326,798050,15759400,29080750,4414950,50053150,50157000,850,28902050,5952650,5738050,0,24132,0,5,0,0,0,0,0,0
42,118037070,3327,796350,12199550,30817550,6238450,50051900,50160500,1128,30636450,5645000,5422150,0,24132,0,5,0,0,0,0,0,0
43,1955195062,3328,7130350,13259750,29072700,581250,50044050,50153250,118,28883700,5933400,5716900,0,24132,0,5,0,0,0,0,0,0
44,1797432467,3329,785050,12048950,28802250,8425250,50061500,50158300,1607,28624550,5397250,5190600,0,24132,0,5,0,0,0,0,0,0
45,1035442557,3330,1312600,12041450,28138450,8559550,50052050,50157300,1657,27960800,5542650,5332600,0,24132,0,5,0,0,0,0,0,0
46,2267612867,3331,795900,12040250,28887550,8330900,50054600,50158050,1582,28703850,5185450,4981800,0,24132,0,5,0,0,0,0,0,0
47,1217717069,3332,791300,12116250,28013100,8758450,49679100,50161300,1698,27835000,5364900,5156400,0,24132,0,5,0,0,0,0,0,0
48,1461268009,3333,786550,11981100,28579200,8776600,50123450,50228300,1599,28397100,5241100,5039600,0,24132,0,5,0,0,0,0,0,0
49,2370304197,3334,795950,12067350,27981600,9134600,49979500,50084050,1778,27804400,5361950,5155000,0,24132,0,5,0,0,0,0,0,0
50,655561417,3335,794850,11997650,29554500,7705050,50052050,50158900,1476,29375800,6235150,6017900,0,24132,0,5,0,0,0,0,0,0
51,524675839,3336,834700,12162850,28853100,7482450,49333100,50158400,1405,28674600,5382900,5172200,0,24452,0,5,0,0,0,0,0,0
52,1155835041,3337,802900,11925050,31475850,5851550,50055350,50160400,1052,31296150,5347600,4310750,0,24452,0,5,0,0,0,0,0,0
53,214853719,3338,796150,12051650,28437350,8767750,50052900,50156600,1686,28258250,4867200,4675900,0,24132,0,5,0,0,0,0,0,0
54,3035389575,3339,791250,11793650,29233450,8235800,50054150,50159050,1499,29053450,5913050,5703800,0,24132,0,5,0,0,0,0,0,0
55,1549109231,3340,797550,12066950,28938050,8238950,50041500,50153550,1570,28758650,5382200,5177950,0,24132,0,5,0,0,0,0,0,0
56,66132623,3341,1392950,11960950,28280750,8423250,50057900,50161700,1624,28098550,5781050,5573750,0,24132,0,5,0,0,0,0,0,0
57,3504604473,3342,790600,12027700,28591100,8644650,50054050,50156350,1647,28411600,5366900,5177900,0,24132,0,5,0,0,0,0,0,0
58,1691498415,3343,1283300,12067600,28137500,8562500,50050900,50156200,1647,27962650,5649550,5437200,0,24132,0,5,0,0,0,0,0,0
59,4055346753,3344,797500,12391700,28531950,8673350,50394500,50499900,1542,28349850,5361150,5158100,0,24132,0,5,0,0,0,0,0,0
60,4185240021,3345,789250,12107350,27858950,8959100,49714650,49818750,1707,27685300,5414650,5201700,0,24132,0,5,0,0,0,0,0,0
61,380494641,3346,790700,11930000,28523950,8865350,50110000,50213350,1583,28341350,5352650,5156200,0,24132,0,5,0,0,0,0,0,0
62,648826037,3347,787300,12099550,29471450,7636100,49994400,50099650,1361,29298700,6894150,6634050,0,24132,0,5,0,0,0,0,0,0
63,457329003,3348,795700,12305250,37014050,30100,50145100,50249700,0,36147950,5303700,4273550,0,24132,0,5,0,0,0,0,0,0
64,3359035981,3349,794550,12024050,27854850,9296250,49969700,50065850,1811,27662950,4639950,4455900,0,24132,0,5,0,0,0,0,0,0
65,1526400123,3350,793500,12017600,29136200,8109100,50056400,50159100,1563,28949400,5928350,5719700,0,24132,0,5,0,0,0,0,0,0
66,1691524227,3351,790800,12222450,28275400,8761700,50050350,50156750,1682,28102200,4901900,3909200,0,24132,0,5,0,0,0,0,0,0
67,1475349003,3352,1424100,12041350,28489350,8101150,50055950,50161300,1556,28305350,5620100,5407150,0,24132,0,5,0,0,0,0,0,0
68,485644907,3353,794500,12222550,28524700,8513450,50055200,50157850,1626,28351450,5258400,5071150,0,24132,0,5,0,0,0,0,0,0
69,1050479637,3354,1368300,12171400,28092800,8420800,50053300,50157050,1625,27916950,5618950,5408250,0,24132,0,5,0,0,0,0,0,0
70,3204525547,3355,795750,12153500,28548650,8552350,50050250,50154350,1635,28372500,5390650,5188700,0,24132,0,5,0,0,0,0,0,0
71,4185398997,3356,1284250,12182750,28169850,8413250,50050100,50158000,1622,27995900,4624700,4449150,0,24132,0,5,0,0,0,0,0,0
72,3094072225,3357,784200,12018550,28673650,9123650,50600050,50703950,1333,28494200,5400550,5191800,0,24132,0,5,0,0,0,0,0,0
73,1835371693,3358,819500,12108100,28325100,8248750,49501450,49613300,1574,28147800,4769300,4575600,0,24132,0,5,0,0,0,0,0,0
74,2168771505,3359,835150,12054200,29128600,7310600,49328550,50156600,1386,28245900,5768100,5558300,0,24132,0,5,0,0,0,0,0,0
75,4059398759,3360,807900,12055150,28560600,8628300,50051950,50160250,1655,28384350,4776950,4580350,0,24452,0,5,0,0,0,0,0,0
76,644479865,3361,799800,11940300,29383650,7927350,50051100,50155900,1525,29205150,5985150,5781050,0,24452,0,5,0,0,0,0,0,0
77,1914197423,3362,797350,12042250,28099750,9116150,50055500,50160700,1765,27927950,4657500,4475850,0,24132,0,5,0,0,0,0,0,0
78,430804047,3363,796750,11854150,29341250,8058400,50050550,50156200,1548,29163700,5974000,5764700,0,24132,0,5,0,0,0,0,0,0
79,3866048775,3364,797750,12008450,28729100,8515850,50051150,50157650,1608,28556750,5204250,5007500,0,24132,0,5,0,0,0,0,0,0
80,7140231,3365,1426800,11239550,29300500,8087050,50053900,50157650,1551,28418900,5956300,5750850,0,24132,0,5,0,0,0,0,0,0
81,1511961547,3366,802550,12013000,28753200,8486000,50054750,50158650,1620,28571600,5289000,5096650,0,24132,0,5,0,0,0,0,0,0
82,376629139,3367,1319150,12027950,28281300,8426200,50054600,50159600,1625,28100550,5674100,5461850,0,24132,0,5,0,0,0,0,0,0
83,1861594235,3368,795000,14183050,34758500,311000,50047550,50152050,60,34573350,12111750,8663500,0,24132,0,5,0,0,0,0,0,0
84,1702339483,3369,1493550,12059900,28054550,8460600,50068600,50163400,1630,27869400,5561800,5337250,0,24132,0,5,0,0,0,0,0,0
85,966101579,3370,802700,11989550,28749050,8743350,50284650,50387150,1587,28570400,5532650,5325800,0,24132,0,5,0,0,0,0,0,0
86,2786182811,3371,789800,12101900,28033700,8897100,49822500,49927800,1721,27854100,5562000,5349750,0,24132,0,5,0,0,0,0,0,0
87,3655782539,3372,795000,11976550,28559200,8719050,50049800,50155200,1553,28375500,5398850,5197400,0,24132,0,5,0,0,0,0,0,0
88,3735461922,3373,798450,12426600,27898100,8930700,50053850,50160450,1697,27713650,4666600,4494900,0,24132,0,5,0,0,0,0,0,0
89,270833838,3374,786000,11936650,28351900,8976700,50051250,50155000,1603,28171550,5198550,4991800,0,24132,0,5,0,0,0,0,0,0
90,930095294,3375,786750,12058900,27865900,9337550,50049100,50158400,1788,27692500,4676850,4490150,0,24132,0,5,0,0,0,0,0,0
91,1273808962,3376,783150,11820500,29124800,8320150,50048600,50157650,1580,28945700,5965050,5762300,0,24132,0,5,0,0,0,0,0,0
92,1953673858,3377,790200,12359000,28687850,8216400,50053450,50161400,1558,28514100,5312300,5110800,0,24132,0,5,0,0,0,0,0,0
93,4057475070,3378,1567650,11947800,30348600,6186800,50050850,50156200,1127,30178050,5413600,5203850,0,24132,0,5,0,0,0,0,0,0
94,3372198854,3379,792400,12185150,28541300,8534500,50053350,50159700,1631,28358950,5303300,5105900,0,24132,0,5,0,0,0,0,0,0
95,2335202154,3380,1329650,12167000,30548100,6006100,50050850,50157600,1083,30374900,5184500,4979100,0,24132,0,5,0,0,0,0,0,0
96,2170853250,3381,793300,12108300,28875200,8271750,50048550,50154100,1572,28683500,5389050,5191000,0,24132,0,5,0,0,0,0,0,0
97,1829955022,3382,1243650,12210300,27897900,8701400,50053250,50158000,1684,27722000,5419700,5211600,0,24132,0,5,0,0,0,0,0,0
98,1856045454,3383,830950,12202150,29149650,7341300,49524050,50343200,1394,28966500,5944400,5729400,0,24132,0,5,0,0,0,0,0,0
99,2544683154,3384,790300,12204400,27921350,8951900,49867950,49976100,1738,27743250,5416850,5207200,0,24452,0,5,0,0,0,0,0,0
100,1531444578,3385,786350,11967100,29691750,7607150,50052350,50156100,1453,29511900,5978500,5768050,0,24452,0,5,0,0,0,0,0,0
101,1139277022,3386,791450,12051750,27999500,9210950,50053650,50158700,1796,27825650,5369400,4446500,0,24132,0,5,0,0,0,0,0,0
102,2614530982,3387,786500,11927650,29235600,8103250,50053000,50157150,1562,29061650,5931550,5728950,0,24132,0,5,0,0,0,0,0,0
103,464765994,3388,787900,12043000,31362650,5859250,50052800,50159750,1157,31185150,5917400,5699300,0,24132,0,5,0,0,0,0,0,0
104,1592019490,3389,786050,18772350,29323600,1170050,50052050,50156300,122,29141200,5268050,5061800,0,24132,0,5,0,0,0,0,0,0
105,66207950,3390,789450,12043050,28514700,8704950,50052150,50155950,1669,28336700,5003100,4806350,0,24132,0,5,0,0,0,0,0,0
106,2639428798,3391,1407850,11949250,28360050,8334600,50051750,50157100,1607,28174600,5758300,5551200,0,24132,0,5,0,0,0,0,0,0
107,1495915330,3392,785650,11999200,28825550,8446000,50056400,50161550,1614,28644750,5375500,5173700,0,24132,0,5,0,0,0,0,0,0
108,4079891938,3393,1311500,12037700,28533350,8168300,50050850,50155000,1543,28359400,5922350,5706800,0,24132,0,5,0,0,0,0,0,0
109,1204987230,3394,788000,12008800,28650450,8608850,50056100,50160150,1649,28475950,5372250,5178100,0,24132,0,5,0,0,0,0,0,0
110,949029318,3395,786700,12082900,28006250,8758700,49634550,50155000,1697,27825350,5417400,5201550,0,24132,0,5,0,0,0,0,0,0
111,2727127274,3396,787000,11998400,28646850,8751650,50183900,50288200,1594,28463250,5356700,5161950,0,24132,0,5,0,0,0,0,0,0
112,2443393666,3397,783350,12104150,28076450,8959650,49923600,50027200,1681,27898750,5581300,5374850,0,24132,0,5,0,0,0,0,0,0
113,434260526,3398,782500,12016700,30651000,6601500,50051700,50159200,1190,30459400,7439150,7218350,0,24132,0,5,0,0,0,0,0,0
114,2637634158,3399,804350,12100300,27935600,9207400,50047650,50156850,1783,27759850,5489100,5281300,0,24132,0,5,0,0,0,0,0,0
115,4248248050,3400,792350,11883850,28432750,8945250,50054200,50159450,1598,28253700,5250450,5044300,0,24132,0,5,0,0,0,0,0,0
116,663154818,3401,784350,12050150,27824000,9393350,50051850,50155900,1795,27651650,4629600,4456900,0,24132,0,5,0,0,0,0,0,0
117,1461428606,3402,782750,12801750,28448400,8019900,50052800,50159150,1505,28272700,5903500,5693850,0,24132,0,5,0,0,0,0,0,0
118,3252362022,3403,780350,12019900,28216200,9031750,50048200,50156650,1712,28030900,4876650,4683400,0,24132,0,5,0,0,0,0,0,0
119,2423015338,3404,1413850,11877700,28406850,8353400,50051800,50158250,1584,28227400,5901900,5698750,0,24132,0,5,0,0,0,0,0,0
120,507309730,3405,785700,12033800,28539600,8696550,50055650,50160850,1667,28362300,5253600,5065800,0,24132,0,5,0,0,0,0,0,0
121,2882991293,3406,827750,12517850,28391450,6874700,48611750,50158050,1277,28214200,5243400,5044300,0,24132,0,5,0,0,0,0,0,0
122,3682963569,3407,783800,12167950,28554900,8543100,50049750,50156100,1632,28380150,5375000,5181100,0,24132,0,5,0,0,0,0,0,0
123,1404881069,3408,780900,12222750,27908650,8758800,49671100,50164700,1428,27728300,5366800,5163850,0,24452,0,5,0,0,0,0,0,0
124,624513273,3409,803100,12252400,36669800,612400,50337700,50448150,0,36490700,5307100,5081700,0,24452,0,5,0,0,0,0,0,0
125,484090933,3410,803700,12256000,28799400,7900650,49759750,49862200,1498,28620900,5027100,4829250,0,24132,0,5,0,0,0,0,0,0
126,2330053545,3411,786900,12135350,28368400,8759550,50050200,50157300,1594,28184400,5188850,4988550,0,24132,0,5,0,0,0,0,0,0
127,3891445269,3412,787200,12246800,27827700,9190450,50052150,50157700,1791,27652500,4624900,4449400,0,24132,0,5,0,0,0,0,0,0
128,1947616753,3413,779850,11875200,29241850,8156750,50053650,50156550,1574,29060600,5946200,5743300,0,24132,0,5,0,0,0,0,0,0
129,965975981,3414,790350,12048750,29273550,7938700,50051350,50157100,1505,29102200,5381400,5174400,0,24132,0,5,0,0,0,0,0,0
130,2786931617,3415,784850,11780650,29230250,8259800,50055550,50161350,1593,29046250,5924750,5719550,0,24132,0,5,0,0,0,0,0,0
131,4011087213,3416,786100,12016550,28767550,8478250,50048450,50153750,1621,28585700,5237050,5049400,0,24132,0,5,0,0,0,0,0,0
132,3703868376,3417,1380700,11989700,28320300,8363950,50054650,50158200,1613,28138400,5628850,5417000,0,24132,0,5,0,0,0,0,0,0
133,212089708,3418,788850,12028350,29075300,8163800,50056300,50158900,1548,28902100,5396250,5194450,0,24132,0,5,0,0,0,0,0,0
134,737348112,3419,1283650,13618100,28707050,6443500,50052300,50158300,1181,28523700,5382950,5181650,0,24132,0,5,0,0,0,0,0,0
135,1465149204,3420,787600,11997050,28758400,8849800,50392850,50498150,1614,28576100,5357950,5156100,0,24132,0,5,0,0,0,0,0,0
136,3549792448,3421,787300,12091400,28022450,8812750,49713900,49817650,1710,27846100,5379450,5169200,0,24132,0,5,0,0,0,0,0,0
137,3053421220,3422,790700,11944950,28559750,8791750,50087150,50191000,1513,28380350,5220750,5025150,0,24132,0,5,0,0,0,0,0,0
138,904563048,3423,796750,12102650,27970100,9140450,50009950,50123750,1781,27786600,5385750,5170800,0,24132,0,5,0,0,0,0,0,0
139,1363341148,3424,793500,11977350,28588650,8692050,50051550,50156900,1579,28407450,5276900,5068650,0,24132,0,5,0,0,0,0,0,0
140,3357813192,3425,790350,12081950,27997050,9187250,50056600,50159950,1784,27820300,4645750,4461050,0,24132,0,5,0,0,0,0,0,0
141,1376589724,3426,789200,11885050,29287350,8091150,50052750,50157850,1495,29107050,6076000,5869850,0,24132,0,5,0,0,0,0,0,0
142,2806738240,3427,788650,12074200,28505950,8673950,50042750,50155800,1657,28328750,5203600,5009850,0,24132,0,5,0,0,0,0,0,0
143,1863420068,3428,1420050,11228750,29199100,8204950,50052850,50160800,1577,29022800,6053700,5851400,0,24132,0,5,0,0,0,0,0,0
144,2368389248,3429,831500,12162400,30314500,6021750,49330150,50157500,1183,30133850,5669400,5444000,0,24132,0,5,0,0,0,0,0,0
145,3624800580,3430,6287600,13922150,29276800,566150,50052700,50158000,115,29079150,6075950,5868800,0,24132,0,5,0,0,0,0,0,0
146,2708332264,3431,783500,12360750,28551800,8360500,50056550,50157250,1560,28366750,5388300,5193750,0,24132,0,5,0,0,0,0,0,0
147,3643166428,3432,1284650,12043550,27963850,8760300,50052350,50157850,1670,27785150,5495350,5284700,0,24452,0,5,0,0,0,0,0,0
148,1604903896,3433,779600,12036850,28636550,9027550,50480550,50584350,1620,28462250,5415600,5216450,0,24452,0,5,0,0,0,0,0,0
149,499105388,3434,784600,12055150,27900550,8889000,49629300,49733050,1725,27727500,5421950,5210100,0,24132,0,5,0,0,0,0,0,0
150,3393190256,3435,783300,12131000,29310950,7827550,50052800,50156600,1511,28563950,5311150,5109100,0,24132,0,5,0,0,0,0,0,0
151,1752164884,3436,788950,12245350,27872700,9145650,50052650,50157850,1781,27693550,5406800,5196800,0,24132,0,5,0,0,0,0,0,0
152,112950176,3437,786400,12087950,29078300,8102000,50054650,50157300,1568,28350050,5323350,4306250,0,24132,0,5,0,0,0,0,0,0
153,218377828,3438,791250,12220100,28128800,8913400,50053550,50157850,1716,27957150,4763850,4571250,0,24132,0,5,0,0,0,0,0,0
154,1614877672,3439,788100,12005400,31796400,5464150,50054050,50159700,968,31615100,5411150,5205150,0,24132,0,5,0,0,0,0,0,0
155,624660060,3440,788650,12146950,28259400,8854800,50049800,50155850,1704,28074300,4896800,4704800,0,24132,0,5,0,0,0,0,0,0
156,1646146728,3441,1413450,11215650,29163200,8263000,50055300,50159050,1592,28142150,5797800,5593650,0,24132,0,5,0,0,0,0,0,0
157,2550301372,3442,790600,12013800,28894500,8352400,50051300,50154850,1595,28718250,5402000,5201200,0,24132,0,5,0,0,0,0,0,0
158,172327680,3443,1337900,12017250,28393850,8307400,50056400,50162000,1600,28212400,5419500,5206150,0,24132,0,5,0,0,0,0,0,0
159,28774455,3444,800350,11876250,28080750,9292850,50050200,50154750,1797,27900050,5007250,4810600,0,23812,0,5,0,0,0,0,0,0
160,1278562831,3445,1266650,11913900,28140150,8733950,50054650,50158100,1693,27964650,5783350,5573750,0,23812,0,5,0,0,0,0,0,0
161,1878041307,3446,793350,11814500,28452100,9225250,50285200,50391600,1701,28274950,5361600,5159450,0,23812,0,5,0,0,0,0,0,0
162,2842495315,3447,788100,11942600,28260100,8829300,49820100,49925600,1710,28093300,5869000,5652800,0,23812,0,5,0,0,0,0,0,0
163,942955647,3448,787450,11813850,28486700,8962900,50050900,50157900,1641,28303100,5365700,5165450,0,23812,0,5,0,0,0,0,0,0
164,3104849743,3449,787850,11916350,28397300,8953550,50055050,50159950,1455,28233200,5958750,5751650,0,23812,0,5,0,0,0,0,0,0
165,2914266731,3450,812250,11798450,36068650,1363800,50043150,50153550,168,35895750,5367400,5158500,0,23812,0,5,0,0,0,0,0,0
166,4064468955,3451,788250,11890700,27780300,9592500,50051750,50158600,1789,27600650,5381650,5169200,0,23812,0,5,0,0,0,0,0,0
167,3195515191,3452,799450,11682450,28218200,9341350,50041450,50156600,1720,28034500,5159450,4957350,0,23812,0,5,0,0,0,0,0,0
168,978211615,3453,785300,11902450,27794150,9569450,50051350,50158100,1867,27617500,4638550,4460300,0,24132,0,5,0,0,0,0,0,0
169,2835071531,3454,1422300,11090550,29027900,8516800,50057550,50161900,1654,28849750,6088950,5888400,0,24132,0,5,0,0,0,0,0,0
170,2067386771,3455,781800,11900900,28274500,9090700,50047900,50156550,1749,28091000,5074150,4881550,0,24132,0,5,0,0,0,0,0,0
171,1313815599,3456,1616650,11890600,28117800,8424900,50049950,50155400,1622,27933250,5877500,5673550,0,23812,0,5,0,0,0,0,0,0
172,2403178911,3457,780100,11875100,27865250,9536850,50057300,50161300,1817,27687100,4874700,4680550,0,23812,0,5,0,0,0,0,0,0
173,2922328731,3458,1227400,11916100,27980950,8927250,50051700,50157050,1701,27802550,5734350,5529800,0,23812,0,5,0,0,0,0,0,0
174,984914827,3459,782650,11850750,28185900,10717650,51536950,51642600,1710,28008950,5224450,5035650,0,23812,0,5,0,0,0,0,0,0
175,3908989879,3460,806000,15000150,27649050,5101850,48557050,48669900,966,27475800,5336700,5121950,0,23812,0,5,0,0,0,0,0,0
176,3999582383,3461,781600,11830200,28285750,9164000,50061550,50165750,1657,28103250,5341350,5149400,0,23812,0,5,0,0,0,0,0,0
177,407226939,3462,785100,11880900,27885000,9499450,50050450,50154350,1860,27696150,5581900,5375850,0,23812,0,5,0,0,0,0,0,0
178,1756548563,3463,777950,11943000,28083700,9248350,50053000,50157000,1701,27900500,5185400,4986800,0,23812,0,5,0,0,0,0,0,0
179,270721439,3464,789700,12064050,28572050,8625200,50051000,50156400,1658,28393250,5027500,4839700,0,23812,0,5,0,0,0,0,0,0
CSV_END

STUDY_DONE_6586333eea29=0
# 