/tmp/app --transport dma --state-frame 0 --dma-minimum 8192 --frames 180 --warmup 30 --wait spin --profile frame --csv /tmp/transport-frames.csv --retained --dump /tmp/transport-frame.raw && printf "CSV_BEGIN\n" && cat /tmp/transport-frames.csv && printf "CSV_END\n"; study_status=$?; printf "\nSTUDY_DONE_8367cadb4187=%s\n" "$study_status"
TRANSPORT mode=dma dma_minimum=8192
BEGIN_BREAKOUT frames=180 warmup=30 fixed=0 blocks=40 tiles=1 hud=1 wait=spin replay=0 state_frame=0 profile=frame pixel_centers=1 clock_call_ns=5535
HW_COUNTERS unavailable
RESULT frames=180 elapsed_s=3.109743850 fps=57.882581 logic_ms=0.000000 api_ms=0.000000 swap_ms=0.000000 wait_ms=0.000000 worker_inclusive_ms=0.000000 upload_inclusive_ms=0.000000 write_ms=0.000000 bytes_per_frame=3578.67 p50_ms=16.719300 p95_ms=17.073250 max_ms=33.744800 late_60hz=163 first_count=9791 last_count=9970 state_hash=8f34e8fd remaining=38 score=20
RENDER_PATH retained=1 grouped=0 quads=645 full_frames=0
FRAME_CHECK count=9970 address=9fe00000 fnv1a=79c99b23 pixels=307200 mismatches=0
BREAKOUT_PASS
CSV_BEGIN
frame,state_hash,display_count,logic_ns,api_ns,swap_ns,wait_ns,total_ns,completion_interval_ns,polls,worker_inclusive_ns,upload_inclusive_ns,write_ns,read_ns,write_bytes,read_bytes,write_calls,read_calls,dma_copy_ns,dma_launch_ns,dma_completion_wait_ns,dma_bytes,dma_lists
0,3724779174,9791,0,0,0,0,16716900,16727850,793,0,0,0,0,4572,0,5,0,0,0,0,0,0
1,1709657109,9792,0,0,0,0,16546800,16668400,1021,0,0,0,0,4252,0,5,0,0,0,0,0,0
2,1894904752,9793,0,0,0,0,16595950,16719200,1340,0,0,0,0,3612,0,5,0,0,0,0,0,0
3,3703759967,9794,0,0,0,0,15793300,16719550,801,0,0,0,0,3612,0,5,0,0,0,0,0,0
4,19533624,9795,0,0,0,0,16588200,16715800,1304,0,0,0,0,3612,0,5,0,0,0,0,0,0
5,816884773,9796,0,0,0,0,16602500,16721200,1637,0,0,0,0,2972,0,5,0,0,0,0,0,0
6,1339236364,9797,0,0,0,0,16199100,16719850,1424,0,0,0,0,3612,0,5,0,0,0,0,0,0
7,3072959373,9798,0,0,0,0,16582950,16716650,1494,0,0,0,0,3612,0,5,0,0,0,0,0,0
8,1782884746,9799,0,0,0,0,16597700,16720550,1720,0,0,0,0,2972,0,5,0,0,0,0,0,0
9,30296781,9800,0,0,0,0,16602100,16721200,1240,0,0,0,0,4252,0,5,0,0,0,0,0,0
10,4026418858,9801,0,0,0,0,16596150,16717300,1270,0,0,0,0,4252,0,5,0,0,0,0,0,0
11,2084929051,9802,0,0,0,0,16699600,16825100,1502,0,0,0,0,3612,0,5,0,0,0,0,0,0
12,3114489770,9803,0,0,0,0,16491800,16611650,1484,0,0,0,0,3932,0,5,0,0,0,0,0,0
13,891400471,9804,0,0,0,0,16595250,16719600,1256,0,0,0,0,3932,0,5,0,0,0,0,0,0
14,3472773456,9805,0,0,0,0,16597250,16719900,1733,0,0,0,0,2972,0,5,0,0,0,0,0,0
15,3010688243,9806,0,0,0,0,16599250,16720850,1328,0,0,0,0,3612,0,5,0,0,0,0,0,0
16,2819524756,9807,0,0,0,0,16599650,16716850,1380,0,0,0,0,3612,0,5,0,0,0,0,0,0
17,3241678401,9808,0,0,0,0,16601100,16719300,1584,0,0,0,0,2972,0,5,0,0,0,0,0,0
18,2154316504,9809,0,0,0,0,16602450,16721500,1529,0,0,0,0,3612,0,5,0,0,0,0,0,0
19,772262681,9810,0,0,0,0,16598450,16718500,1287,0,0,0,0,3612,0,5,0,0,0,0,0,0
20,3882818750,9811,0,0,0,0,16594700,16718600,1748,0,0,0,0,2972,0,5,0,0,0,0,0,0
21,521131153,9812,0,0,0,0,33502550,33619550,3092,0,0,0,0,3612,0,5,0,0,0,0,0,0
22,1838187414,9813,0,0,0,0,16424400,16541950,1502,0,0,0,0,3612,0,5,0,0,0,0,0,0
23,840574439,9814,0,0,0,0,16596650,16717950,1768,0,0,0,0,2972,0,5,0,0,0,0,0,0
24,2879461878,9815,0,0,0,0,16601300,16718600,1290,0,0,0,0,3612,0,5,0,0,0,0,0,0
25,202086035,9816,0,0,0,0,16599400,16717900,1323,0,0,0,0,3612,0,5,0,0,0,0,0,0
26,959703924,9817,0,0,0,0,16603700,16720800,1707,0,0,0,0,2972,0,5,0,0,0,0,0,0
27,3795724423,9818,0,0,0,0,15289200,16720350,985,0,0,0,0,3612,0,5,0,0,0,0,0,0
28,2500539904,9819,0,0,0,0,16595350,16717150,1534,0,0,0,0,3612,0,5,0,0,0,0,0,0
29,2269000541,9820,0,0,0,0,16605150,16719300,1659,0,0,0,0,2972,0,5,0,0,0,0,0,0
30,1900681108,9821,0,0,0,0,16605550,16719000,1290,0,0,0,0,3612,0,5,0,0,0,0,0,0
31,3680168245,9822,0,0,0,0,16598550,16721900,1341,0,0,0,0,3612,0,5,0,0,0,0,0,0
32,2344329490,9823,0,0,0,0,16869100,16995750,1701,0,0,0,0,2972,0,5,0,0,0,0,0,0
33,2130650181,9824,0,0,0,0,16321600,16441650,1024,0,0,0,0,4252,0,5,0,0,0,0,0,0
34,906966818,9825,0,0,0,0,16600750,16719900,1341,0,0,0,0,4252,0,5,0,0,0,0,0,0
35,3939376531,9826,0,0,0,0,16599900,16720000,1674,0,0,0,0,3612,0,5,0,0,0,0,0,0
36,2110688546,9827,0,0,0,0,16599800,16719300,1338,0,0,0,0,3932,0,5,0,0,0,0,0,0
37,2695523007,9828,0,0,0,0,16598500,16715900,1337,0,0,0,0,3932,0,5,0,0,0,0,0,0
38,744447992,9829,0,0,0,0,16603300,16721400,1667,0,0,0,0,2972,0,5,0,0,0,0,0,0
39,3728640411,9830,0,0,0,0,16597750,16719200,1521,0,0,0,0,3612,0,5,0,0,0,0,0,0
40,618879740,9831,0,0,0,0,16603700,16718950,1328,0,0,0,0,3612,0,5,0,0,0,0,0,0
41,1239708057,9832,0,0,0,0,16601400,16717450,1654,0,0,0,0,2972,0,5,0,0,0,0,0,0
42,2429742208,9833,0,0,0,0,16602350,16721900,1378,0,0,0,0,3612,0,5,0,0,0,0,0,0
43,412095716,9834,0,0,0,0,16960700,17079650,1405,0,0,0,0,3612,0,5,0,0,0,0,0,0
44,1226741467,9835,0,0,0,0,16236450,16358550,1688,0,0,0,0,2972,0,5,0,0,0,0,0,0
45,3288446148,9836,0,0,0,0,16601700,16717200,1484,0,0,0,0,3612,0,5,0,0,0,0,0,0
46,1157984843,9837,0,0,0,0,16598800,16718750,1317,0,0,0,0,3612,0,5,0,0,0,0,0,0
47,3877288378,9838,0,0,0,0,16603450,16721850,1734,0,0,0,0,2972,0,5,0,0,0,0,0,0
48,4236526315,9839,0,0,0,0,16603350,16719500,1410,0,0,0,0,3612,0,5,0,0,0,0,0,0
49,533834014,9840,0,0,0,0,16641550,16757450,1342,0,0,0,0,3612,0,5,0,0,0,0,0,0
50,1649361089,9841,0,0,0,0,15757200,16680850,1498,0,0,0,0,2972,0,5,0,0,0,0,0,0
51,2486981906,9842,0,0,0,0,16602050,16720650,1395,0,0,0,0,3612,0,5,0,0,0,0,0,0
52,1706075277,9843,0,0,0,0,16594850,16717700,1322,0,0,0,0,3612,0,5,0,0,0,0,0,0
53,267972368,9844,0,0,0,0,16605150,16719900,1676,0,0,0,0,2972,0,5,0,0,0,0,0,0
54,3895401273,9845,0,0,0,0,16603950,16720050,1360,0,0,0,0,3612,0,5,0,0,0,0,0,0
55,605985656,9846,0,0,0,0,16173850,16718900,1408,0,0,0,0,3612,0,5,0,0,0,0,0,0
56,4077673024,9847,0,0,0,0,33317900,33438700,3012,0,0,0,0,6632,0,5,0,0,0,0,0,0
57,985632231,9848,0,0,0,0,33319000,33436750,2687,0,0,0,0,7312,0,5,0,0,0,0,0,0
58,3720590956,9849,0,0,0,0,16735700,16856100,1398,0,0,0,0,3652,0,5,0,0,0,0,0,0
59,3264032585,9850,0,0,0,0,16458600,16583000,1700,0,0,0,0,2972,0,5,0,0,0,0,0,0
60,395405688,9851,0,0,0,0,16601900,16721150,1403,0,0,0,0,3612,0,5,0,0,0,0,0,0
61,32142420,9852,0,0,0,0,16598150,16715750,1345,0,0,0,0,3612,0,5,0,0,0,0,0,0
62,1187067055,9853,0,0,0,0,16602700,16719700,1350,0,0,0,0,2972,0,5,0,0,0,0,0,0
63,459140908,9854,0,0,0,0,16596750,16718500,1390,0,0,0,0,3612,0,5,0,0,0,0,0,0
64,3369786495,9855,0,0,0,0,16599600,16723100,1341,0,0,0,0,3612,0,5,0,0,0,0,0,0
65,1572434254,9856,0,0,0,0,16598000,16717600,1759,0,0,0,0,2972,0,5,0,0,0,0,0,0
66,4107798823,9857,0,0,0,0,16606100,16720200,1314,0,0,0,0,3612,0,5,0,0,0,0,0,0
67,343968250,9858,0,0,0,0,16595450,16718350,1333,0,0,0,0,3612,0,5,0,0,0,0,0,0
68,3102454017,9859,0,0,0,0,16600150,16718500,1668,0,0,0,0,2972,0,5,0,0,0,0,0,0
69,3051095563,9860,0,0,0,0,16824600,16942550,1381,0,0,0,0,3612,0,5,0,0,0,0,0,0
70,2391331016,9861,0,0,0,0,16377650,16498150,1477,0,0,0,0,3612,0,5,0,0,0,0,0,0
71,3869016117,9862,0,0,0,0,16596200,16719000,1760,0,0,0,0,2972,0,5,0,0,0,0,0,0
72,1579800804,9863,0,0,0,0,16602700,16719500,1322,0,0,0,0,3612,0,5,0,0,0,0,0,0
73,2792341157,9864,0,0,0,0,15796350,16715900,1189,0,0,0,0,3612,0,5,0,0,0,0,0,0
74,714702942,9865,0,0,0,0,16607500,16723550,1700,0,0,0,0,2972,0,5,0,0,0,0,0,0
75,1092538936,9866,0,0,0,0,16602850,16718100,1381,0,0,0,0,3612,0,5,0,0,0,0,0,0
76,1561271239,9867,0,0,0,0,16601150,16716900,1396,0,0,0,0,4252,0,5,0,0,0,0,0,0
77,3798074098,9868,0,0,0,0,16596250,16721650,1655,0,0,0,0,3612,0,5,0,0,0,0,0,0
78,3022639071,9869,0,0,0,0,16598850,16716900,1232,0,0,0,0,4252,0,5,0,0,0,0,0,0
79,2282770062,9870,0,0,0,0,33625700,33744800,3156,0,0,0,0,3932,0,5,0,0,0,0,0,0
80,1626512457,9871,0,0,0,0,16294150,16412350,1595,0,0,0,0,3292,0,5,0,0,0,0,0,0
81,3156888026,9872,0,0,0,0,16602650,16721200,1360,0,0,0,0,3612,0,5,0,0,0,0,0,0
82,3038824309,9873,0,0,0,0,16599200,16717250,1297,0,0,0,0,3612,0,5,0,0,0,0,0,0
83,1261846460,9874,0,0,0,0,16599450,16722150,1649,0,0,0,0,2972,0,5,0,0,0,0,0,0
84,2035201521,9875,0,0,0,0,16599100,16715900,1345,0,0,0,0,3612,0,5,0,0,0,0,0,0
85,2164446652,9876,0,0,0,0,16605500,16726750,1393,0,0,0,0,3612,0,5,0,0,0,0,0,0
86,2017191835,9877,0,0,0,0,16598750,16715050,1739,0,0,0,0,2972,0,5,0,0,0,0,0,0
87,3029138484,9878,0,0,0,0,16596200,16718450,1318,0,0,0,0,3612,0,5,0,0,0,0,0,0
88,50355403,9879,0,0,0,0,16600200,16721900,1216,0,0,0,0,3612,0,5,0,0,0,0,0,0
89,654213990,9880,0,0,0,0,16599950,16715450,1662,0,0,0,0,2972,0,5,0,0,0,0,0,0
90,2360099787,9881,0,0,0,0,16602450,16720950,1401,0,0,0,0,3612,0,5,0,0,0,0,0,0
91,2424818746,9882,0,0,0,0,16391250,16902600,1054,0,0,0,0,3612,0,5,0,0,0,0,0,0
92,1971386461,9883,0,0,0,0,16413600,16534750,1717,0,0,0,0,2972,0,5,0,0,0,0,0,0
93,3386045126,9884,0,0,0,0,16602300,16718650,1269,0,0,0,0,3612,0,5,0,0,0,0,0,0
94,1429641961,9885,0,0,0,0,16605050,16722200,1294,0,0,0,0,3612,0,5,0,0,0,0,0,0
95,3022846880,9886,0,0,0,0,16597000,16715950,1690,0,0,0,0,2972,0,5,0,0,0,0,0,0
96,1601897261,9887,0,0,0,0,15250650,16808150,960,0,0,0,0,3612,0,5,0,0,0,0,0,0
97,1229951528,9888,0,0,0,0,16516250,16630800,1487,0,0,0,0,3612,0,5,0,0,0,0,0,0
98,4065171759,9889,0,0,0,0,16605700,16722850,1751,0,0,0,0,2972,0,5,0,0,0,0,0,0
99,1034325744,9890,0,0,0,0,16597850,16715450,1247,0,0,0,0,3612,0,5,0,0,0,0,0,0
100,14078671,9891,0,0,0,0,16602850,16720600,1163,0,0,0,0,4252,0,5,0,0,0,0,0,0
101,4024270554,9892,0,0,0,0,16597400,16720900,1525,0,0,0,0,3612,0,5,0,0,0,0,0,0
102,896191351,9893,0,0,0,0,16186900,16719450,1345,0,0,0,0,4252,0,5,0,0,0,0,0,0
103,2131384102,9894,0,0,0,0,16599600,16719300,1380,0,0,0,0,3932,0,5,0,0,0,0,0,0
104,2586210593,9895,0,0,0,0,16593500,16718300,1702,0,0,0,0,3292,0,5,0,0,0,0,0,0
105,591918370,9896,0,0,0,0,16598400,16719850,1263,0,0,0,0,3612,0,5,0,0,0,0,0,0
106,8814317,9897,0,0,0,0,16596750,16719050,1330,0,0,0,0,3612,0,5,0,0,0,0,0,0
107,2340504196,9898,0,0,0,0,16766800,16888250,1681,0,0,0,0,2972,0,5,0,0,0,0,0,0
108,3523076009,9899,0,0,0,0,16432050,16547800,1456,0,0,0,0,3612,0,5,0,0,0,0,0,0
109,1961669028,9900,0,0,0,0,16601900,16721250,1364,0,0,0,0,3612,0,5,0,0,0,0,0,0
110,1037581603,9901,0,0,0,0,16598300,16717600,1723,0,0,0,0,2972,0,5,0,0,0,0,0,0
111,2701024588,9902,0,0,0,0,16597450,16721650,1286,0,0,0,0,3612,0,5,0,0,0,0,0,0
112,215037203,9903,0,0,0,0,16590300,16715400,1387,0,0,0,0,3612,0,5,0,0,0,0,0,0
113,3696282862,9904,0,0,0,0,16596200,16721900,1594,0,0,0,0,2972,0,5,0,0,0,0,0,0
114,2829142928,9905,0,0,0,0,16609050,16721350,1489,0,0,0,0,3612,0,5,0,0,0,0,0,0
115,3204762949,9906,0,0,0,0,16584800,16717850,1298,0,0,0,0,3612,0,5,0,0,0,0,0,0
116,3297489190,9907,0,0,0,0,16596050,16721550,1731,0,0,0,0,2972,0,5,0,0,0,0,0,0
117,1691704917,9908,0,0,0,0,16600350,16717650,1332,0,0,0,0,3612,0,5,0,0,0,0,0,0
118,663957814,9909,0,0,0,0,16866100,16986800,1381,0,0,0,0,3612,0,5,0,0,0,0,0,0
119,3058583827,9910,0,0,0,0,16326350,16449500,1707,0,0,0,0,2972,0,5,0,0,0,0,0,0
120,838545270,9911,0,0,0,0,15813000,16723200,1087,0,0,0,0,3612,0,5,0,0,0,0,0,0
121,3608912039,9912,0,0,0,0,16595350,16715700,1266,0,0,0,0,3612,0,5,0,0,0,0,0,0
122,4080159716,9913,0,0,0,0,16604700,16725050,1263,0,0,0,0,2972,0,5,0,0,0,0,0,0
123,1056027075,9914,0,0,0,0,16589750,16712850,1319,0,0,0,0,3612,0,5,0,0,0,0,0,0
124,4057021248,9915,0,0,0,0,16598350,16719300,1331,0,0,0,0,4252,0,5,0,0,0,0,0,0
125,2686741161,9916,0,0,0,0,16596950,16719200,1496,0,0,0,0,3612,0,5,0,0,0,0,0,0
126,3870849660,9917,0,0,0,0,16606850,16723100,1231,0,0,0,0,4252,0,5,0,0,0,0,0,0
127,293449641,9918,0,0,0,0,16593300,16719050,1186,0,0,0,0,3932,0,5,0,0,0,0,0,0
128,596064266,9919,0,0,0,0,16591450,16718000,1599,0,0,0,0,3292,0,5,0,0,0,0,0,0
129,3715495249,9920,0,0,0,0,16954600,17073250,1418,0,0,0,0,3612,0,5,0,0,0,0,0,0
130,244680018,9921,0,0,0,0,16246800,16366000,1400,0,0,0,0,3612,0,5,0,0,0,0,0,0
131,4080661783,9922,0,0,0,0,16597850,16716900,1762,0,0,0,0,2972,0,5,0,0,0,0,0,0
132,4006730450,9923,0,0,0,0,16604450,16721450,1300,0,0,0,0,3612,0,5,0,0,0,0,0,0
133,3864584507,9924,0,0,0,0,16603500,16719300,1263,0,0,0,0,3612,0,5,0,0,0,0,0,0
134,2711027320,9925,0,0,0,0,16599100,16718000,1687,0,0,0,0,2972,0,5,0,0,0,0,0,0
135,4099079087,9926,0,0,0,0,16642500,16759650,1371,0,0,0,0,3612,0,5,0,0,0,0,0,0
136,565333772,9927,0,0,0,0,16561550,16678850,1489,0,0,0,0,3612,0,5,0,0,0,0,0,0
137,1028518269,9928,0,0,0,0,16600800,16720950,1752,0,0,0,0,2972,0,5,0,0,0,0,0,0
138,2252688136,9929,0,0,0,0,16604800,16720200,1232,0,0,0,0,3612,0,5,0,0,0,0,0,0
139,578597309,9930,0,0,0,0,19608000,19726550,597,0,0,0,0,3612,0,5,0,0,0,0,0,0
140,3624439358,9931,0,0,0,0,13576450,13708650,907,0,0,0,0,2972,0,5,0,0,0,0,0,0
141,3514067501,9932,0,0,0,0,16182850,16719200,1410,0,0,0,0,3612,0,5,0,0,0,0,0,0
142,2741972910,9933,0,0,0,0,16604200,16720200,1395,0,0,0,0,3612,0,5,0,0,0,0,0,0
143,28497579,9934,0,0,0,0,15816850,16720400,1441,0,0,0,0,2972,0,5,0,0,0,0,0,0
144,466729326,9935,0,0,0,0,16600200,16719150,1296,0,0,0,0,3612,0,5,0,0,0,0,0,0
145,3425349295,9936,0,0,0,0,16601500,16717200,1313,0,0,0,0,3612,0,5,0,0,0,0,0,0
146,1537640620,9937,0,0,0,0,16715000,16830650,1634,0,0,0,0,2972,0,5,0,0,0,0,0,0
147,1853842891,9938,0,0,0,0,16490350,16611800,1481,0,0,0,0,3612,0,5,0,0,0,0,0,0
148,1177024904,9939,0,0,0,0,16595700,16716250,1306,0,0,0,0,4252,0,5,0,0,0,0,0,0
149,4106734849,9940,0,0,0,0,16598850,16718700,1570,0,0,0,0,3612,0,5,0,0,0,0,0,0
150,2025356500,9941,0,0,0,0,16603850,16722050,1198,0,0,0,0,4252,0,5,0,0,0,0,0,0
151,2189605121,9942,0,0,0,0,16594250,16718200,1362,0,0,0,0,3932,0,5,0,0,0,0,0,0
152,4086136290,9943,0,0,0,0,17772150,17895050,1533,0,0,0,0,3292,0,5,0,0,0,0,0,0
153,4036669705,9944,0,0,0,0,15429550,15545550,1051,0,0,0,0,3612,0,5,0,0,0,0,0,0
154,4167980074,9945,0,0,0,0,16601850,16719350,1325,0,0,0,0,3612,0,5,0,0,0,0,0,0
155,51187407,9946,0,0,0,0,16600000,16718400,1704,0,0,0,0,2972,0,5,0,0,0,0,0,0
156,2242638442,9947,0,0,0,0,16602550,16716300,1374,0,0,0,0,3612,0,5,0,0,0,0,0,0
157,2730108163,9948,0,0,0,0,16812300,16929250,1398,0,0,0,0,3612,0,5,0,0,0,0,0,0
158,2718743917,9949,0,0,0,0,16389150,16509500,1674,0,0,0,0,2972,0,5,0,0,0,0,0,0
159,3391709842,9950,0,0,0,0,16600450,16723100,1405,0,0,0,0,3612,0,5,0,0,0,0,0,0
160,1164604273,9951,0,0,0,0,16592150,16715100,1342,0,0,0,0,3612,0,5,0,0,0,0,0,0
161,2148591176,9952,0,0,0,0,16604350,16721550,1613,0,0,0,0,2972,0,5,0,0,0,0,0,0
162,4192737573,9953,0,0,0,0,16603950,16721250,1395,0,0,0,0,3612,0,5,0,0,0,0,0,0
163,535584840,9954,0,0,0,0,16596250,16718300,1304,0,0,0,0,3612,0,5,0,0,0,0,0,0
164,3430794475,9955,0,0,0,0,16601750,16719800,1710,0,0,0,0,2972,0,5,0,0,0,0,0,0
165,776323552,9956,0,0,0,0,16596850,16716900,1342,0,0,0,0,3612,0,5,0,0,0,0,0,0
166,3330991427,9957,0,0,0,0,16604000,16719050,1332,0,0,0,0,3612,0,5,0,0,0,0,0,0
167,3282074430,9958,0,0,0,0,16603500,16720850,1642,0,0,0,0,2972,0,5,0,0,0,0,0,0
168,2597814595,9959,0,0,0,0,16893300,17013450,1411,0,0,0,0,3612,0,5,0,0,0,0,0,0
169,2225601370,9960,0,0,0,0,16310200,16425600,1436,0,0,0,0,3612,0,5,0,0,0,0,0,0
170,3716853465,9961,0,0,0,0,16604550,16718450,1737,0,0,0,0,2972,0,5,0,0,0,0,0,0
171,1080675697,9962,0,0,0,0,33322900,33439400,2723,0,0,0,0,7272,0,5,0,0,0,0,0,0
172,219920238,9963,0,0,0,0,33317800,33436400,2559,0,0,0,0,7312,0,5,0,0,0,0,0,0
173,3070385651,9964,0,0,0,0,16607600,16720750,1676,0,0,0,0,3012,0,5,0,0,0,0,0,0
174,2609556270,9965,0,0,0,0,16605150,16721100,1392,0,0,0,0,3612,0,5,0,0,0,0,0,0
175,141401383,9966,0,0,0,0,16596500,16717250,1297,0,0,0,0,3612,0,5,0,0,0,0,0,0
176,3034105280,9967,0,0,0,0,16596400,16720900,1654,0,0,0,0,2972,0,5,0,0,0,0,0,0
177,3029196371,9968,0,0,0,0,16601500,16713550,1413,0,0,0,0,3612,0,5,0,0,0,0,0,0
178,699378668,9969,0,0,0,0,16223150,16722100,1404,0,0,0,0,3612,0,5,0,0,0,0,0,0
179,2402609405,9970,0,0,0,0,16602100,16721150,1766,0,0,0,0,2972,0,5,0,0,0,0,0,0
CSV_END

STUDY_DONE_8367cadb4187=0
# 