/tmp/app-lto --transport unrolled --state-frame 3600 --frames 180 --warmup 30 --wait spin --profile detailed --csv /tmp/transport-frames.csv --grouped --dump /tmp/transport-frame.raw && printf "CSV_BEGIN\n" && cat /tmp/transport-frames.csv && printf "CSV_END\n"; study_status=$?; printf "\nSTUDY_DONE_ab3e4f199f19=%s\n" "$study_status"
TRANSPORT mode=unrolled dma_minimum=64
BEGIN_BREAKOUT frames=180 warmup=30 fixed=0 blocks=40 tiles=1 hud=1 wait=spin replay=0 state_frame=3600 profile=detailed pixel_centers=1 clock_call_ns=4733
HW_COUNTERS unavailable
RESULT frames=180 elapsed_s=6.102522200 fps=29.496001 logic_ms=0.787327 api_ms=6.498859 swap_ms=21.398091 wait_ms=5.064945 worker_inclusive_ms=21.176611 upload_inclusive_ms=4.743890 write_ms=4.524920 bytes_per_frame=18724.00 p50_ms=33.438750 p95_ms=33.797100 max_ms=50.158800 late_60hz=180 first_count=6709 last_count=6888 state_hash=3933ec17 remaining=6 score=340
RENDER_PATH retained=0 grouped=1 quads=7380 full_frames=180
FRAME_CHECK count=6888 address=9fe00000 fnv1a=c250e403 pixels=307200 mismatches=0
BREAKOUT_PASS
CSV_BEGIN
frame,state_hash,display_count,logic_ns,api_ns,swap_ns,wait_ns,total_ns,completion_interval_ns,polls,worker_inclusive_ns,upload_inclusive_ns,write_ns,read_ns,write_bytes,read_bytes,write_calls,read_calls,dma_copy_ns,dma_launch_ns,dma_completion_wait_ns,dma_bytes,dma_lists
0,3653798554,6709,683600,6799650,20644300,5271800,33399350,33410600,1014,20458600,4233650,4066200,0,18692,0,5,0,0,0,0,0,0
1,4254654458,6710,1295200,6262550,21756100,4014550,33328400,33440150,766,21566600,5368600,5179250,0,18692,0,5,0,0,0,0,0,0
2,258432485,6711,674750,6090150,21512200,5050850,33327950,33437350,982,21323150,5234850,5039900,0,18692,0,5,0,0,0,0,0,0
3,872827290,6712,675200,6919050,20979400,4756750,33330400,33437750,902,20802600,4565300,4394950,0,18692,0,5,0,0,0,0,0,0
4,30312805,6713,1199300,5955700,21784400,4389600,33329000,33437950,846,21594400,5369100,5178100,0,18692,0,5,0,0,0,0,0,0
5,4016430808,6714,678100,6046450,21384150,5225300,33334000,33441350,1019,20422500,4357950,4200900,0,18692,0,5,0,0,0,0,0,0
6,3012967645,6715,669200,6867300,20792550,4999200,33328250,33437150,953,20601650,4407850,4241050,0,18692,0,5,0,0,0,0,0,0
7,3593359732,6716,677850,5980800,22011550,4272450,32942650,33438100,814,21819500,5388650,5190950,0,18692,0,5,0,0,0,0,0,0
8,2714884843,6717,674300,6769600,20554050,5340050,33338000,33441150,1041,20361300,4121450,3961150,0,19012,0,5,0,0,0,0,0,0
9,1754706848,6718,671000,6650550,28545000,14176950,50043500,50155000,2685,28360550,4447050,4266750,0,19012,0,5,0,0,0,0,0,0
10,634139175,6719,677250,6069050,21319400,5260600,33326300,33439050,1025,21126950,4237800,4083850,0,18692,0,5,0,0,0,0,0,0
11,2225001302,6720,673950,6796400,20942950,4917650,33330950,33437850,907,20770300,4577100,4403150,0,18692,0,5,0,0,0,0,0,0
12,3881591779,6721,683150,5972300,22888150,3339750,32883350,33440600,566,22691250,6622200,6432250,0,18692,0,5,0,0,0,0,0,0
13,2688998526,6722,694800,7153200,20724200,4756350,33328550,33437700,906,20530800,4076600,3902200,0,18692,0,5,0,0,0,0,0,0
14,3733755993,6723,1535900,6033150,21626000,3752400,32947450,33781000,681,21438150,5361300,5171600,0,18692,0,5,0,0,0,0,0,0
15,4110562030,6724,680450,6051500,21583950,4677350,32993250,33097300,906,21388800,5312600,5109950,0,18692,0,5,0,0,0,0,0,0
16,2165534041,6725,670850,6835200,20801650,5021450,33329150,33436100,962,20613750,4256700,4086850,0,18692,0,5,0,0,0,0,0,0
17,51482660,6726,684150,6537200,20769650,5338850,33329850,33438750,945,20591650,4516400,4346550,0,18692,0,5,0,0,0,0,0,0
18,1808653113,6727,675100,6172850,21477300,5005100,33330350,33437800,975,21289050,5254050,5067100,0,18692,0,5,0,0,0,0,0,0
19,3012136936,6728,676300,6813500,21452050,4395000,33336850,33441100,823,21271950,4560300,4374600,0,18692,0,5,0,0,0,0,0,0
20,1547905167,6729,1268450,5941000,20876900,5241850,33328200,33437950,921,20690200,4711200,4538650,0,18692,0,5,0,0,0,0,0,0
21,2010544228,6730,682700,6099000,21466950,5080600,33329250,33437000,987,21279450,4324900,4166400,0,18692,0,5,0,0,0,0,0,0
22,2331187115,6731,678300,6795150,20620250,5239850,33333550,33442150,1001,20436850,4313100,4139400,0,18692,0,5,0,0,0,0,0,0
23,591091010,6732,1187650,5988150,21606350,4547450,33329600,33436700,884,20863900,4835750,4650000,0,18692,0,5,0,0,0,0,0,0
24,3337222943,6733,671750,6032900,21525950,5105750,33336350,33440600,992,20572750,4228650,4072000,0,18692,0,5,0,0,0,0,0,0
25,541067522,6734,677750,6698200,21306500,5014550,33697000,33804100,839,21118900,4528200,4338850,0,18692,0,5,0,0,0,0,0,0
26,1909576061,6735,678600,6005450,21635900,4640050,32960000,33068950,899,21444350,5373200,5183050,0,18692,0,5,0,0,0,0,0,0
27,3576416482,6736,678950,6811650,20834300,5013500,33338400,33441100,961,20648350,4226250,4061300,0,18692,0,5,0,0,0,0,0,0
28,2786439485,6737,677100,8047350,21404500,3434850,33563800,33670800,606,21224000,5175000,4984750,0,18692,0,5,0,0,0,0,0,0
29,1931780192,6738,673600,6027550,21587800,4810050,33099000,33204450,933,21400600,5317500,5117350,0,18692,0,5,0,0,0,0,0,0
30,1799980229,6739,679700,6808750,20664500,5182250,33335200,33440950,994,20470750,4081800,3912000,0,18692,0,5,0,0,0,0,0,0
31,3538847580,6740,1305400,5925350,20981250,5119400,33331400,33438100,877,20794950,4803350,4614050,0,18692,0,5,0,0,0,0,0,0
32,3831628403,6741,673900,6133700,21518700,5002650,33328950,33437650,971,21327450,5272950,5082550,0,19012,0,5,0,0,0,0,0,0
33,1903038664,6742,676550,6788800,20984050,4878350,33327750,33437700,928,20803200,4356600,4184800,0,19012,0,5,0,0,0,0,0,0
34,3410263823,6743,1237200,5969950,21126000,4997050,33330200,33440100,866,20936400,4858650,4675250,0,18692,0,5,0,0,0,0,0,0
35,3263986894,6744,681050,6090650,21403550,5158700,33333950,33438850,1001,21210650,4240300,4093000,0,18692,0,5,0,0,0,0,0,0
36,2175892875,6745,677150,6826400,20798450,5027700,33329700,33438550,954,20612600,4496050,4326750,0,18692,0,5,0,0,0,0,0,0
37,1813748966,6746,726550,6879800,20705050,3812600,32124000,33439200,656,20525250,4214950,4057400,0,18692,0,5,0,0,0,0,0,0
38,833434417,6747,676250,6826350,20630200,5195050,33327850,33439550,1011,20446800,4121900,3970050,0,18692,0,5,0,0,0,0,0,0
39,4097282166,6748,678350,6725400,27587400,15058200,50049350,50157600,2867,27409050,10681350,10458450,0,18692,0,5,0,0,0,0,0,0
40,192773425,6749,684350,6092550,21347400,5207850,33332150,33438150,987,21156150,5088900,4904750,0,18692,0,5,0,0,0,0,0,0
41,858826700,6750,676550,6773300,20758300,5121700,33329850,33438350,981,20577750,4335900,4167550,0,18692,0,5,0,0,0,0,0,0
42,1950483681,6751,1140100,5968000,21800050,4935400,33843550,33954250,681,21602800,5396800,5206800,0,18692,0,5,0,0,0,0,0,0
43,575738928,6752,700250,6912250,21160650,4030700,32803850,32921450,746,20979500,4358900,4175450,0,18692,0,5,0,0,0,0,0,0
44,1359536727,6753,673450,6828100,20735850,5382100,33619500,33727250,955,20560150,4420300,4252150,0,18692,0,5,0,0,0,0,0,0
45,3117637717,6754,685000,6009800,21784400,4560550,33039750,33149850,880,21590800,5362100,5169050,0,18692,0,5,0,0,0,0,0,0
46,2557278958,6755,673450,6806500,20492650,5357000,33329600,33438650,733,20297650,4127200,3976100,0,18692,0,5,0,0,0,0,0,0
47,3928984507,6756,689300,7231650,21628800,3784800,33334550,33456550,717,21456200,5388450,4666250,0,18692,0,5,0,0,0,0,0,0
48,3279099526,6757,671250,6010500,21811650,4824550,33317950,33421350,933,21618200,5552400,5370150,0,18692,0,5,0,0,0,0,0,0
49,3402996575,6758,668400,6826600,20555950,5279100,33330050,33438800,955,20373950,4100300,3932400,0,18692,0,5,0,0,0,0,0,0
50,1848951628,6759,1318200,5929200,21083850,4993700,33324950,33438300,871,20893950,4761050,3796350,0,18692,0,5,0,0,0,0,0,0
51,3328119971,6760,673000,6067050,21629150,4964000,33333200,33437700,957,21439850,5400500,5211150,0,18692,0,5,0,0,0,0,0,0
52,536923704,6761,670900,6800500,20456550,5404800,33332750,33438400,1043,20269400,4109850,3946450,0,18692,0,5,0,0,0,0,0,0
53,991563721,6762,1213150,5971550,21791750,4353600,33330050,33438900,839,21596550,5397600,5208500,0,18692,0,5,0,0,0,0,0,0
54,2482503020,6763,677050,6086450,21337600,5229350,33330450,33436850,989,20382900,4371050,4214000,0,18692,0,5,0,0,0,0,0,0
55,3320786401,6764,672850,6799450,20962100,4900100,33334500,33441650,934,20783100,4589200,4420150,0,18692,0,5,0,0,0,0,0,0
56,1307572882,6765,683350,6304300,21660900,4264650,32913200,33436200,811,21465750,5276000,5083250,0,19012,0,5,0,0,0,0,0,0
57,1045847897,6766,674750,6776500,20720350,5162050,33333650,33441250,1005,20524200,4276950,4122850,0,19012,0,5,0,0,0,0,0,0
58,2886179050,6767,669850,6779250,22856850,3249300,33555250,33661650,594,22667000,4322100,4151600,0,18692,0,5,0,0,0,0,0,0
59,961732807,6768,681600,6039900,21690100,4693950,33105550,33214150,907,21505400,5305200,5113050,0,18692,0,5,0,0,0,0,0,0
60,1947062354,6769,669100,6811450,20492150,5358800,33331500,33439550,1040,20295200,4106650,3165650,0,18692,0,5,0,0,0,0,0,0
61,2075511931,6770,1497150,6247250,21472250,3396000,32612650,33437550,626,21288300,5237600,5038050,0,18692,0,5,0,0,0,0,0,0
62,2408546800,6771,672700,6062900,21803350,4792550,33331500,33439000,924,21611950,5258800,5066150,0,18692,0,5,0,0,0,0,0,0
63,460493639,6772,673700,6826750,20487400,5343500,33331350,33436050,1033,20297000,4069900,3905400,0,18692,0,5,0,0,0,0,0,0
64,1463678916,6773,1266150,5955050,21158600,4948750,33328550,33439250,861,20959500,4837400,4657550,0,18692,0,5,0,0,0,0,0,0
65,3795713909,6774,676700,6158100,21482850,5018550,33336200,33441200,966,21291150,5200850,4295450,0,18692,0,5,0,0,0,0,0,0
66,1056688136,6775,674800,6770000,20480500,5406350,33331650,33439350,1044,20281850,4174600,4006750,0,18692,0,5,0,0,0,0,0,0
67,202923725,6776,1176150,5982500,21779400,4390050,33328100,33435900,846,21585500,5356400,5167600,0,18692,0,5,0,0,0,0,0,0
68,4012539606,6777,676300,6806450,20782650,5071150,33336550,33440900,954,20592450,4107200,3945950,0,18692,0,5,0,0,0,0,0,0
69,1087445485,6778,676700,6693150,21460400,6661100,35491350,35599650,90,21276800,5080600,4908600,0,18692,0,5,0,0,0,0,0,0
70,491589414,6779,718800,7925000,21767300,735950,31147050,31276650,151,21573300,5373100,5188150,0,18692,0,5,0,0,0,0,0,0
71,1293200275,6780,689800,6855950,20553500,5239600,33338850,33436900,1019,20359350,4104900,3948300,0,18692,0,5,0,0,0,0,0,0
72,1737595726,6781,673000,6746250,20704250,5224250,33347750,33453750,913,20514000,4509550,4345250,0,18692,0,5,0,0,0,0,0,0
73,2173390039,6782,676850,5989650,23525700,3121650,33313850,33425750,550,23323350,4362150,4182650,0,18692,0,5,0,0,0,0,0,0
74,2060004372,6783,685050,6795150,20923350,4925200,33328750,33437750,918,20732450,4531300,4346950,0,18692,0,5,0,0,0,0,0,0
75,668607547,6784,1284550,6058300,20923900,5063700,33330450,33438950,886,20736700,4717500,4546150,0,18692,0,5,0,0,0,0,0,0
76,3409034624,6785,674300,6073000,21626550,4959750,33333600,33439650,960,21435550,5407200,5214650,0,18692,0,5,0,0,0,0,0,0
77,66914193,6786,680800,6780900,20475400,5390500,33327600,33434850,1042,20282650,4072250,3907950,0,18692,0,5,0,0,0,0,0,0
78,2553907572,6787,1245350,5964750,21750850,4369500,33330450,33439400,843,21573700,4836900,4655850,0,18692,0,5,0,0,0,0,0,0
79,890390073,6788,678950,6091650,21504800,5061500,33336900,33440450,975,21313250,4475150,4324350,0,18692,0,5,0,0,0,0,0,0
80,2223873098,6789,671550,6793950,20916950,4943750,33326200,33436250,940,20730450,4572750,4405650,0,19012,0,5,0,0,0,0,0,0
81,2336881585,6790,1420450,6001750,21666550,4238250,33327000,33439000,807,21474550,5236000,5041050,0,19012,0,5,0,0,0,0,0,0
82,4135459074,6791,667700,6796950,20656800,5208200,33329650,33438500,983,20466700,4337150,4186250,0,18692,0,5,0,0,0,0,0,0
83,1986260127,6792,669950,6663150,20898100,5283900,33515100,33622400,936,20717250,4560750,4390200,0,18692,0,5,0,0,0,0,0,0
84,353344474,6793,736150,6997300,20899950,2957400,31590800,33256400,517,20714900,4334600,4165250,0,18692,0,5,0,0,0,0,0,0
85,3169575603,6794,678300,6819800,20526700,5304400,33329200,33436150,1026,20326550,4111900,3158150,0,18692,0,5,0,0,0,0,0,0
86,210205944,6795,675050,6631650,20657250,5365450,33329400,33440900,954,20467900,4506200,4339500,0,18692,0,5,0,0,0,0,0,0
87,1677393503,6796,677950,6036650,21863300,4757350,33335250,33440100,918,21673950,5193700,4995650,0,18692,0,5,0,0,0,0,0,0
88,3832728684,6797,667800,6794950,20434850,5436050,33333650,33436750,956,20242150,4078250,3913800,0,18692,0,5,0,0,0,0,0,0
89,2074852568,6798,2307150,6978900,20442650,3596100,33324800,33436900,668,20250250,4215250,4062350,0,18692,0,5,0,0,0,0,0,0
90,1464943173,6799,671150,6109450,21474150,5075550,33330300,33437700,986,21280200,5242150,5042700,0,18692,0,5,0,0,0,0,0,0
91,315990800,6800,683300,6764550,20740000,5146750,33334600,33439050,986,20546850,4338300,4172400,0,18692,0,5,0,0,0,0,0,0
92,1451405891,6801,1194050,5994250,21708050,4435800,33332150,33440650,856,21528450,5364850,5176700,0,18692,0,5,0,0,0,0,0,0
93,3196408848,6802,675500,6045550,21657250,4955800,33334100,33437250,954,20710300,4201800,4041400,0,18692,0,5,0,0,0,0,0,0
94,141073587,6803,671700,6704550,20869500,5443600,33689350,33797100,971,20677550,4554450,4389150,0,18692,0,5,0,0,0,0,0,0
95,3576439062,6804,675600,5997150,21747650,4554200,32974600,33080700,878,21554550,5360000,5172000,0,18692,0,5,0,0,0,0,0,0
96,2798564443,6805,669750,6791650,20551650,5320450,33333500,33439350,1007,20356550,4208200,4060050,0,18692,0,5,0,0,0,0,0,0
97,3409362634,6806,674600,6659200,20688500,5350400,33372700,33479750,950,20508250,4412100,4239100,0,18692,0,5,0,0,0,0,0,0
98,1459202337,6807,679450,6000550,21749700,4856050,33285750,33395950,944,21560250,5349850,5160450,0,18692,0,5,0,0,0,0,0,0
99,1984418334,6808,670100,6784900,20775100,5105450,33335550,33438600,981,20578250,4071650,3895550,0,18692,0,5,0,0,0,0,0,0
100,2690152925,6809,668700,6615650,27379750,15386250,50050350,50157200,2949,27201750,4026850,3862700,0,18692,0,5,0,0,0,0,0,0
101,2607809844,6810,679300,6937750,20508450,5205000,33330500,33438400,1014,20316600,4079950,3928200,0,18692,0,5,0,0,0,0,0,0
102,3522750362,6811,670500,6626000,21054350,5112100,33462950,33571500,895,20868550,4528900,4357600,0,18692,0,5,0,0,0,0,0,0
103,2368404599,6812,676750,6018350,22436500,4069050,33200650,33307750,766,22237200,6159950,5957550,0,18692,0,5,0,0,0,0,0,0
104,3250007036,6813,670200,6954600,20626150,5083050,33334000,33439300,973,20427700,4228950,4061700,0,19012,0,5,0,0,0,0,0,0
105,1111684799,6814,676400,6510200,22202650,3941000,33330250,33437450,752,21445800,4965200,4765750,0,19012,0,5,0,0,0,0,0,0
106,2213018028,6815,668350,5995950,21543850,5120300,33328450,33436850,1001,21351000,5367400,5183650,0,18692,0,5,0,0,0,0,0,0
107,3171439817,6816,712500,6888350,20982150,4044700,32627700,33442550,746,20802050,4542700,4370250,0,18692,0,5,0,0,0,0,0,0
108,2255827236,6817,1272500,5950050,20950450,5159400,33332400,33438050,867,20758250,4751150,3763500,0,18692,0,5,0,0,0,0,0,0
109,2472184909,6818,675350,6126700,21320450,5208400,33330900,33437250,1016,21128250,5048100,4140600,0,18692,0,5,0,0,0,0,0,0
110,3140412334,6819,668650,6832350,21227200,4604750,33332950,33439950,868,21038850,4740800,4576150,0,18692,0,5,0,0,0,0,0,0
111,785888721,6820,1167950,6005500,21905800,4250250,33329500,33435250,784,21712050,5352350,5155750,0,18692,0,5,0,0,0,0,0,0
112,1084583170,6821,668650,6800600,20550900,5317450,33337600,33441600,1038,20354500,4356750,4199300,0,18692,0,5,0,0,0,0,0,0
113,4019848443,6822,676850,6676050,21120950,5157550,33631400,33738850,907,20933650,4555300,4388150,0,18692,0,5,0,0,0,0,0,0
114,808788421,6823,675950,6021850,21566050,4767450,33031300,33138850,927,21378300,5365100,5180450,0,18692,0,5,0,0,0,0,0,0
115,3645042740,6824,674750,6989050,20457350,5209000,33330150,33434400,1010,20268650,4083100,3931300,0,18692,0,5,0,0,0,0,0,0
116,2991496187,6825,670750,6591750,20984050,5087900,33334450,33439450,890,20792400,4550350,4380100,0,18692,0,5,0,0,0,0,0,0
117,3919662364,6826,671050,5995500,21874750,4791000,33332300,33441150,914,21683350,5626000,5434600,0,18692,0,5,0,0,0,0,0,0
118,1681074571,6827,673100,6940250,20390800,5324850,33329000,33435850,1026,20200050,4059250,3897400,0,18692,0,5,0,0,0,0,0,0
119,4218967458,6828,2604900,6786800,20614300,3327100,33333100,33439450,608,20416050,4246850,4096900,0,18692,0,5,0,0,0,0,0,0
120,625353107,6829,676600,6060300,21449650,5146700,33333250,33437700,1006,21255350,5250400,5064400,0,18692,0,5,0,0,0,0,0,0
121,3717195990,6830,676350,6777200,20880450,5000600,33334600,33441150,956,20690050,4353350,4185450,0,18692,0,5,0,0,0,0,0,0
122,2425705089,6831,1217100,5973300,21047500,5090050,33327950,33435350,851,20852700,4838550,4662950,0,18692,0,5,0,0,0,0,0,0
123,2555484258,6832,674050,6072600,21336850,5252700,33336200,33442200,1025,21142300,4341100,4173500,0,18692,0,5,0,0,0,0,0,0
124,1141451493,6833,673900,7161900,20943250,4554050,33333100,33439050,856,20756850,4541450,4368600,0,18692,0,5,0,0,0,0,0,0
125,1505942736,6834,684250,5969050,21585600,4648950,32887850,33434550,874,21394300,5366150,5180800,0,18692,0,5,0,0,0,0,0,0
126,2491710369,6835,673350,6785650,20519900,5353900,33332800,33438700,1046,20329300,4189400,4037600,0,18692,0,5,0,0,0,0,0,0
127,2825516936,6836,676250,6649550,21013600,5158350,33497750,33605500,907,20821550,4543750,4374600,0,18692,0,5,0,0,0,0,0,0
128,809518447,6837,675650,5997000,21703800,4791450,33167900,33275200,930,21517650,5420600,5232900,0,19012,0,5,0,0,0,0,0,0
129,1081694344,6838,671000,6952850,20545850,5157100,33326800,33435300,992,20357700,4110800,3943200,0,19012,0,5,0,0,0,0,0,0
130,3544546839,6839,1467600,6080300,29766700,12025400,49340000,50158800,2319,29584400,5182400,4994050,0,18692,0,5,0,0,0,0,0,0
131,2291142598,6840,678600,6844100,20620850,5188200,33331750,33438000,1011,20425200,4129550,3977800,0,18692,0,5,0,0,0,0,0,0
132,3252385439,6841,663450,6728500,20916600,5283250,33591800,33696800,935,20737600,4595050,4426500,0,18692,0,5,0,0,0,0,0,0
133,1602009306,6842,670200,6018950,23107350,3278100,33074600,33183100,553,22904100,6726700,6538350,0,18692,0,5,0,0,0,0,0,0
134,2497072261,6843,690900,6853900,20445400,5334400,33324600,33435500,1034,20246750,4140050,3987400,0,18692,0,5,0,0,0,0,0,0
135,3739067406,6844,673850,6583650,20862000,5446100,33565600,33671850,905,20671650,4562400,4392700,0,18692,0,5,0,0,0,0,0,0
136,1716074641,6845,675000,6080800,21616800,4728950,33101550,33207400,914,21425200,5270800,5075050,0,18692,0,5,0,0,0,0,0,0
137,3982919220,6846,671150,6817950,20531550,5310550,33331200,33437150,995,20338800,4096300,3929050,0,18692,0,5,0,0,0,0,0,0
138,2723337005,6847,1288050,5931300,20725250,5387100,33331700,33440300,953,20535350,4556750,4388100,0,18692,0,5,0,0,0,0,0,0
139,733376204,6848,672450,6066900,21562350,5027900,33329600,33436800,977,21362350,5096750,4177450,0,18692,0,5,0,0,0,0,0,0
140,43915006,6849,672550,6776400,20452250,5432800,33334000,33438300,1049,20259350,4117800,3956000,0,18692,0,5,0,0,0,0,0,0
141,2309932913,6850,1314500,5960450,21631050,4428250,33334250,33441750,856,21453650,5416000,4683500,0,18692,0,5,0,0,0,0,0,0
142,1653305798,6851,669750,6057950,21687000,4916450,33331150,33437200,951,20444600,4131700,3976950,0,18692,0,5,0,0,0,0,0,0
143,145291823,6852,673000,6745700,20958350,4953800,33330850,33439050,944,20771600,4595300,4425750,0,18692,0,5,0,0,0,0,0,0
144,3013902878,6853,675050,6122000,21603050,4535650,32935750,33436100,876,21418650,5404050,5216900,0,18692,0,5,0,0,0,0,0,0
145,2859971923,6854,672100,6760500,20627550,5274750,33334900,33439650,1029,20434000,4126750,3972700,0,18692,0,5,0,0,0,0,0,0
146,3026746148,6855,668800,6645400,20783650,5344600,33442450,33550050,947,20593100,4453450,3494150,0,18692,0,5,0,0,0,0,0,0
147,736325239,6856,677200,6000650,21759950,4782750,33220550,33327700,927,21568850,5395150,5205050,0,18692,0,5,0,0,0,0,0,0
148,2759885216,6857,677250,6797050,20833650,5028300,33336250,33439050,955,20639250,4105900,3928100,0,18692,0,5,0,0,0,0,0,0
149,1930007773,6858,681700,7911350,21575000,3162300,33330350,33436450,574,21390950,4197900,4044500,0,18692,0,5,0,0,0,0,0,0
150,4233548434,6859,671050,6020300,21663400,4977600,33332350,33439550,965,21470550,5265800,5072000,0,19012,0,5,0,0,0,0,0,0
151,3821597075,6860,678650,6810250,20691850,5150350,33331100,33439600,960,20495900,4250850,4089050,0,19012,0,5,0,0,0,0,0,0
152,1056834796,6861,1272100,5955650,21123550,4978750,33330050,33435900,865,20938650,4891500,4715600,0,19012,0,5,0,0,0,0,0,0
153,2756113825,6862,675300,6101850,21475950,5080500,33333600,33439600,986,21289800,4348250,4194450,0,18692,0,5,0,0,0,0,0,0
154,2193869574,6863,713600,6790250,21312350,3799450,32615650,33441700,690,21130200,4847600,4653450,0,18692,0,5,0,0,0,0,0,0
155,39089791,6864,1274550,6009650,21619950,4429200,33333350,33438300,856,21425950,5360550,5171900,0,18692,0,5,0,0,0,0,0,0
156,1158667078,6865,671100,6774000,20658250,5231050,33334400,33438800,1020,20468300,4286150,4133300,0,18692,0,5,0,0,0,0,0,0
157,4085879547,6866,683800,6681050,21100100,5156100,33621050,33728700,907,20911800,4750300,4582500,0,18692,0,5,0,0,0,0,0,0
158,313686028,6867,678550,6162950,21554900,4643700,33040100,33147350,899,21366350,5365550,5180200,0,18692,0,5,0,0,0,0,0,0
159,3216587021,6868,676650,6810950,20642550,5202900,33333050,33437450,1011,20449600,4086500,3935200,0,18692,0,5,0,0,0,0,0,0
160,876009466,6869,684450,6590100,28715900,14061500,50051950,50156150,2621,28528100,4664900,4497750,0,18692,0,5,0,0,0,0,0,0
161,981002535,6870,679950,6850750,20464200,5337850,33332750,33440800,1043,20268550,4218200,4064050,0,18692,0,5,0,0,0,0,0,0
162,47529864,6871,676700,6732000,21083500,5218450,33710650,33818400,919,20898300,4543900,4377650,0,18692,0,5,0,0,0,0,0,0
163,868088385,6872,679050,5997550,21764100,4509850,32950550,33057900,775,21576450,5502000,5311000,0,18692,0,5,0,0,0,0,0,0
164,2331947246,6873,684350,8066000,20907550,3671200,33329100,33437900,668,20730750,4597050,4424000,0,18692,0,5,0,0,0,0,0,0
165,2168054517,6874,688250,9465500,20612800,2735750,33502300,33608150,478,20422600,4086150,3935900,0,18692,0,5,0,0,0,0,0,0
166,3926666066,6875,684850,6000550,21770800,4704650,33160850,33268400,878,21588550,5260300,5050450,0,18692,0,5,0,0,0,0,0,0
167,1177610667,6876,676800,6791550,20569400,5297150,33334900,33438000,1024,20377400,4195300,4035150,0,18692,0,5,0,0,0,0,0,0
168,3782405190,6877,677600,6484400,20911350,5261100,33334450,33440150,928,20725300,4538900,4368800,0,18692,0,5,0,0,0,0,0,0
169,916405275,6878,678100,6045700,21500700,5107900,33332400,33439600,997,21306300,5256100,5065450,0,18692,0,5,0,0,0,0,0,0
170,1596582148,6879,673300,6956150,20559800,5144750,33334000,33439700,988,20363800,4235000,3285900,0,18692,0,5,0,0,0,0,0,0
171,4199562603,6880,1246450,5960750,21749150,4376800,33333150,33437950,852,21001200,4837350,4659700,0,18692,0,5,0,0,0,0,0,0
172,3017986708,6881,672650,6100800,21630000,4931250,33334700,33439350,931,21437600,5483350,5297250,0,18692,0,5,0,0,0,0,0,0
173,2654286289,6882,676650,6910150,21119400,4621000,33327200,33436100,874,20931700,4756800,4589400,0,18692,0,5,0,0,0,0,0,0
174,1031695476,6883,1155700,5974600,21786950,4415100,33332350,33441000,851,21605300,5542500,5351700,0,19012,0,5,0,0,0,0,0,0
175,2959877989,6884,676150,6808150,20617300,5231750,33333350,33437850,1017,20433750,4193950,4038900,0,19012,0,5,0,0,0,0,0,0
176,1566373458,6885,677400,6647600,21075800,5169250,33570050,33674850,908,20880550,4543700,4376300,0,19012,0,5,0,0,0,0,0,0
177,3017804585,6886,682750,6002350,21777500,4627300,33089900,33200650,890,21586650,5509600,5318450,0,18692,0,5,0,0,0,0,0,0
178,1442923286,6887,678700,6797750,20429250,5428600,33334300,33438900,1060,20243400,4072650,3920300,0,18692,0,5,0,0,0,0,0,0
179,959704087,6888,680600,6876650,22820200,2964300,33341750,33449150,531,22627400,4076400,3908100,0,18692,0,5,0,0,0,0,0,0
CSV_END

STUDY_DONE_ab3e4f199f19=0
# 