/tmp/app --transport dma --state-frame 0 --dma-minimum 64 --frames 180 --warmup 30 --wait spin --profile frame --csv /tmp/transport-frames.csv --grouped --dump /tmp/transport-frame.raw && printf "CSV_BEGIN\n" && cat /tmp/transport-frames.csv && printf "CSV_END\n"; study_status=$?; printf "\nSTUDY_DONE_e30519c406a5=%s\n" "$study_status"
TRANSPORT mode=dma dma_minimum=64
BEGIN_BREAKOUT frames=180 warmup=30 fixed=0 blocks=40 tiles=1 hud=1 wait=spin replay=0 state_frame=0 profile=frame pixel_centers=1 clock_call_ns=5930
HW_COUNTERS unavailable
RESULT frames=180 elapsed_s=12.539422550 fps=14.354728 logic_ms=0.000000 api_ms=0.000000 swap_ms=0.000000 wait_ms=0.000000 worker_inclusive_ms=0.000000 upload_inclusive_ms=0.000000 write_ms=0.000000 bytes_per_frame=30951.56 p50_ms=66.878050 p95_ms=83.598150 max_ms=83.908250 late_60hz=180 first_count=4215 last_count=4394 state_hash=8f34e8fd remaining=38 score=20
RENDER_PATH retained=0 grouped=1 quads=13131 full_frames=180
FRAME_CHECK count=4394 address=9fe00000 fnv1a=79c99b23 pixels=307200 mismatches=0
BREAKOUT_PASS
CSV_BEGIN
frame,state_hash,display_count,logic_ns,api_ns,swap_ns,wait_ns,total_ns,completion_interval_ns,polls,worker_inclusive_ns,upload_inclusive_ns,write_ns,read_ns,write_bytes,read_bytes,write_calls,read_calls,dma_copy_ns,dma_launch_ns,dma_completion_wait_ns,dma_bytes,dma_lists
0,3724779174,4215,0,0,0,0,66825400,66832900,362,0,0,0,0,31172,0,5,0,0,0,0,31360,5
1,1709657109,4216,0,0,0,0,66770550,66877150,123,0,0,0,0,31172,0,5,0,0,0,0,31360,5
2,1894904752,4217,0,0,0,0,66765700,66877450,24,0,0,0,0,31172,0,5,0,0,0,0,31360,5
3,3703759967,4218,0,0,0,0,81211900,83598050,2972,0,0,0,0,31172,0,5,0,0,0,0,31360,5
4,19533624,4219,0,0,0,0,66764950,66879650,411,0,0,0,0,31172,0,5,0,0,0,0,31360,5
5,816884773,4220,0,0,0,0,66761800,66874950,167,0,0,0,0,31172,0,5,0,0,0,0,31360,5
6,1339236364,4221,0,0,0,0,67025250,67134800,154,0,0,0,0,31172,0,5,0,0,0,0,31360,5
7,3072959373,4222,0,0,0,0,66508850,66620200,233,0,0,0,0,31172,0,5,0,0,0,0,31360,5
8,1782884746,4223,0,0,0,0,66768900,66878250,305,0,0,0,0,31172,0,5,0,0,0,0,31360,5
9,30296781,4224,0,0,0,0,83487250,83595000,1762,0,0,0,0,31492,0,5,0,0,0,0,31680,5
10,4026418858,4225,0,0,0,0,66866650,66977150,0,0,0,0,0,31492,0,5,0,0,0,0,31680,5
11,2084929051,4226,0,0,0,0,66663300,66774450,241,0,0,0,0,31492,0,5,0,0,0,0,31680,5
12,3114489770,4227,0,0,0,0,66772050,66881200,358,0,0,0,0,31172,0,5,0,0,0,0,31360,5
13,891400471,4228,0,0,0,0,66766150,66876550,116,0,0,0,0,31172,0,5,0,0,0,0,31360,5
14,3472773456,4229,0,0,0,0,66773700,66878050,113,0,0,0,0,31172,0,5,0,0,0,0,31360,5
15,3010688243,4230,0,0,0,0,66287000,66873400,257,0,0,0,0,31172,0,5,0,0,0,0,31360,5
16,2819524756,4231,0,0,0,0,66772500,66879900,245,0,0,0,0,31172,0,5,0,0,0,0,31360,5
17,3241678401,4232,0,0,0,0,83492800,83597050,2974,0,0,0,0,31172,0,5,0,0,0,0,31360,5
18,2154316504,4233,0,0,0,0,67186500,67290600,170,0,0,0,0,31172,0,5,0,0,0,0,31360,5
19,772262681,4234,0,0,0,0,66350750,66461050,232,0,0,0,0,31172,0,5,0,0,0,0,31360,5
20,3882818750,4235,0,0,0,0,66776600,66881800,301,0,0,0,0,31172,0,5,0,0,0,0,31360,5
21,521131153,4236,0,0,0,0,66765700,66873550,71,0,0,0,0,31172,0,5,0,0,0,0,31360,5
22,1838187414,4237,0,0,0,0,66771550,66877250,332,0,0,0,0,31172,0,5,0,0,0,0,31360,5
23,840574439,4238,0,0,0,0,66770000,66875750,123,0,0,0,0,31172,0,5,0,0,0,0,31360,5
24,2879461878,4239,0,0,0,0,83497350,83601050,1769,0,0,0,0,31172,0,5,0,0,0,0,31360,5
25,202086035,4240,0,0,0,0,66757150,66873250,109,0,0,0,0,31172,0,5,0,0,0,0,31360,5
26,959703924,4241,0,0,0,0,66770250,66875800,117,0,0,0,0,31172,0,5,0,0,0,0,31360,5
27,3795724423,4242,0,0,0,0,82242450,83597900,3108,0,0,0,0,31172,0,5,0,0,0,0,31360,5
28,2500539904,4243,0,0,0,0,66767700,66875150,246,0,0,0,0,31172,0,5,0,0,0,0,31360,5
29,2269000541,4244,0,0,0,0,66780850,66882050,158,0,0,0,0,31172,0,5,0,0,0,0,31360,5
30,1900681108,4245,0,0,0,0,67098200,67198250,149,0,0,0,0,31172,0,5,0,0,0,0,31360,5
31,3680168245,4246,0,0,0,0,66445400,66552750,301,0,0,0,0,31172,0,5,0,0,0,0,31360,5
32,2344329490,4247,0,0,0,0,83494150,83599250,2946,0,0,0,0,31172,0,5,0,0,0,0,31360,5
33,2130650181,4248,0,0,0,0,66768550,66874850,208,0,0,0,0,31492,0,5,0,0,0,0,31680,5
34,906966818,4249,0,0,0,0,66870300,66974300,66,0,0,0,0,31492,0,5,0,0,0,0,31680,5
35,3939376531,4250,0,0,0,0,66673800,66781750,107,0,0,0,0,31492,0,5,0,0,0,0,31680,5
36,2110688546,4251,0,0,0,0,83493050,83597300,2838,0,0,0,0,31172,0,5,0,0,0,0,31360,5
37,2695523007,4252,0,0,0,0,66772000,66876800,237,0,0,0,0,31172,0,5,0,0,0,0,31360,5
38,744447992,4253,0,0,0,0,67269600,67376350,60,0,0,0,0,31172,0,5,0,0,0,0,31360,5
39,3728640411,4254,0,0,0,0,83160400,83275700,1582,0,0,0,0,31172,0,5,0,0,0,0,31360,5
40,618879740,4255,0,0,0,0,66584750,66694250,247,0,0,0,0,31172,0,5,0,0,0,0,31360,5
41,1239708057,4256,0,0,0,0,66779500,66881450,304,0,0,0,0,31172,0,5,0,0,0,0,31360,5
42,2429742208,4257,0,0,0,0,66768050,66874550,71,0,0,0,0,31172,0,5,0,0,0,0,31360,5
43,412095716,4258,0,0,0,0,66768450,66879300,152,0,0,0,0,31172,0,5,0,0,0,0,31360,5
44,1226741467,4259,0,0,0,0,66768950,66875350,218,0,0,0,0,31172,0,5,0,0,0,0,31360,5
45,3288446148,4260,0,0,0,0,66775150,66879900,197,0,0,0,0,31172,0,5,0,0,0,0,31360,5
46,1157984843,4261,0,0,0,0,83490550,83596450,2903,0,0,0,0,31172,0,5,0,0,0,0,31360,5
47,3877288378,4262,0,0,0,0,66762200,66876150,139,0,0,0,0,31172,0,5,0,0,0,0,31360,5
48,4236526315,4263,0,0,0,0,66267500,66874600,250,0,0,0,0,31172,0,5,0,0,0,0,31360,5
49,533834014,4264,0,0,0,0,66777850,66881350,244,0,0,0,0,31172,0,5,0,0,0,0,31360,5
50,1649361089,4265,0,0,0,0,66029150,66881550,0,0,0,0,0,31172,0,5,0,0,0,0,31360,5
51,2486981906,4266,0,0,0,0,66759800,66867100,345,0,0,0,0,31172,0,5,0,0,0,0,31360,5
52,1706075277,4267,0,0,0,0,66779450,66882100,322,0,0,0,0,31172,0,5,0,0,0,0,31360,5
53,267972368,4268,0,0,0,0,83484950,83594150,2063,0,0,0,0,31172,0,5,0,0,0,0,31360,5
54,3895401273,4269,0,0,0,0,66767500,66876600,54,0,0,0,0,31172,0,5,0,0,0,0,31360,5
55,605985656,4270,0,0,0,0,66764600,66877300,193,0,0,0,0,31172,0,5,0,0,0,0,31360,5
56,4077673024,4271,0,0,0,0,66771350,66876600,243,0,0,0,0,30852,0,5,0,0,0,0,31040,5
57,985632231,4272,0,0,0,0,66776000,66880550,234,0,0,0,0,30852,0,5,0,0,0,0,31040,5
58,3720590956,4273,0,0,0,0,67027400,67136850,90,0,0,0,0,30852,0,5,0,0,0,0,31040,5
59,3264032585,4274,0,0,0,0,66507300,66616250,368,0,0,0,0,30852,0,5,0,0,0,0,31040,5
60,395405688,4275,0,0,0,0,66771650,66875800,326,0,0,0,0,30852,0,5,0,0,0,0,31040,5
61,32142420,4276,0,0,0,0,83489100,83596600,2991,0,0,0,0,30852,0,5,0,0,0,0,31040,5
62,1187067055,4277,0,0,0,0,66767700,66877650,76,0,0,0,0,30852,0,5,0,0,0,0,31040,5
63,459140908,4278,0,0,0,0,66763850,66878100,421,0,0,0,0,30852,0,5,0,0,0,0,31040,5
64,3369786495,4279,0,0,0,0,66774400,66878550,355,0,0,0,0,30852,0,5,0,0,0,0,31040,5
65,1572434254,4280,0,0,0,0,66767550,66876500,160,0,0,0,0,30852,0,5,0,0,0,0,31040,5
66,4107798823,4281,0,0,0,0,67181500,67295500,292,0,0,0,0,30852,0,5,0,0,0,0,31040,5
67,343968250,4282,0,0,0,0,66344450,66457850,234,0,0,0,0,30852,0,5,0,0,0,0,31040,5
68,3102454017,4283,0,0,0,0,83490450,83596550,1622,0,0,0,0,30852,0,5,0,0,0,0,31040,5
69,3051095563,4284,0,0,0,0,66759950,66873850,234,0,0,0,0,30852,0,5,0,0,0,0,31040,5
70,2391331016,4285,0,0,0,0,66978200,67088850,85,0,0,0,0,30852,0,5,0,0,0,0,31040,5
71,3869016117,4286,0,0,0,0,66555750,66665750,345,0,0,0,0,30852,0,5,0,0,0,0,31040,5
72,1579800804,4287,0,0,0,0,66773500,66880700,317,0,0,0,0,30852,0,5,0,0,0,0,31040,5
73,2792341157,4288,0,0,0,0,66023150,66874650,9,0,0,0,0,30852,0,5,0,0,0,0,31040,5
74,714702942,4289,0,0,0,0,66765100,66876750,394,0,0,0,0,30852,0,5,0,0,0,0,31040,5
75,1092538936,4290,0,0,0,0,66772500,66878350,300,0,0,0,0,30852,0,5,0,0,0,0,31040,5
76,1561271239,4291,0,0,0,0,83492300,83596950,3047,0,0,0,0,31172,0,5,0,0,0,0,31360,5
77,3798074098,4292,0,0,0,0,66769300,66877450,133,0,0,0,0,31172,0,5,0,0,0,0,31360,5
78,3022639071,4293,0,0,0,0,67211000,67321650,264,0,0,0,0,31172,0,5,0,0,0,0,31360,5
79,2282770062,4294,0,0,0,0,66318250,66431050,256,0,0,0,0,30852,0,5,0,0,0,0,31040,5
80,1626512457,4295,0,0,0,0,66772350,66876550,271,0,0,0,0,30852,0,5,0,0,0,0,31040,5
81,3156888026,4296,0,0,0,0,66768000,66878850,89,0,0,0,0,30852,0,5,0,0,0,0,31040,5
82,3038824309,4297,0,0,0,0,66762950,66874600,342,0,0,0,0,30852,0,5,0,0,0,0,31040,5
83,1261846460,4298,0,0,0,0,83496750,83600450,1441,0,0,0,0,30852,0,5,0,0,0,0,31040,5
84,2035201521,4299,0,0,0,0,66766950,66877050,313,0,0,0,0,30852,0,5,0,0,0,0,31040,5
85,2164446652,4300,0,0,0,0,66766050,66876650,59,0,0,0,0,30852,0,5,0,0,0,0,31040,5
86,2017191835,4301,0,0,0,0,66764700,66872950,376,0,0,0,0,30852,0,5,0,0,0,0,31040,5
87,3029138484,4302,0,0,0,0,66774050,66879000,269,0,0,0,0,30852,0,5,0,0,0,0,31040,5
88,50355403,4303,0,0,0,0,66775100,66879550,247,0,0,0,0,30852,0,5,0,0,0,0,31040,5
89,654213990,4304,0,0,0,0,66865650,66976000,47,0,0,0,0,30852,0,5,0,0,0,0,31040,5
90,2360099787,4305,0,0,0,0,66665900,66778000,364,0,0,0,0,30852,0,5,0,0,0,0,31040,5
91,2424818746,4306,0,0,0,0,83490800,83598150,2902,0,0,0,0,30852,0,5,0,0,0,0,31040,5
92,1971386461,4307,0,0,0,0,66761300,66875250,234,0,0,0,0,30852,0,5,0,0,0,0,31040,5
93,3386045126,4308,0,0,0,0,68114250,68227750,81,0,0,0,0,30852,0,5,0,0,0,0,31040,5
94,1429641961,4309,0,0,0,0,82315200,82425000,3053,0,0,0,0,30852,0,5,0,0,0,0,31040,5
95,3022846880,4310,0,0,0,0,66581150,66695000,373,0,0,0,0,30852,0,5,0,0,0,0,31040,5
96,1601897261,4311,0,0,0,0,82749300,83599450,3260,0,0,0,0,30852,0,5,0,0,0,0,31040,5
97,1229951528,4312,0,0,0,0,83488800,83596650,1812,0,0,0,0,30852,0,5,0,0,0,0,31040,5
98,4065171759,4313,0,0,0,0,66760350,66875250,180,0,0,0,0,30852,0,5,0,0,0,0,31040,5
99,1034325744,4314,0,0,0,0,67336650,67449500,234,0,0,0,0,30852,0,5,0,0,0,0,31040,5
100,14078671,4315,0,0,0,0,66192000,66305600,158,0,0,0,0,31172,0,5,0,0,0,0,31360,5
101,4024270554,4316,0,0,0,0,66772500,66875700,273,0,0,0,0,31172,0,5,0,0,0,0,31360,5
102,896191351,4317,0,0,0,0,66766450,66877250,58,0,0,0,0,31172,0,5,0,0,0,0,31360,5
103,2131384102,4318,0,0,0,0,66765650,66878400,295,0,0,0,0,30852,0,5,0,0,0,0,31040,5
104,2586210593,4319,0,0,0,0,66769500,66876650,401,0,0,0,0,30852,0,5,0,0,0,0,31040,5
105,591918370,4320,0,0,0,0,83489200,83598000,3083,0,0,0,0,30852,0,5,0,0,0,0,31040,5
106,8814317,4321,0,0,0,0,66769300,66878100,87,0,0,0,0,30852,0,5,0,0,0,0,31040,5
107,2340504196,4322,0,0,0,0,66764350,66873250,377,0,0,0,0,30852,0,5,0,0,0,0,31040,5
108,3523076009,4323,0,0,0,0,66770200,66880800,446,0,0,0,0,30852,0,5,0,0,0,0,31040,5
109,1961669028,4324,0,0,0,0,66766500,66873950,212,0,0,0,0,30852,0,5,0,0,0,0,31040,5
110,1037581603,4325,0,0,0,0,66857550,66965000,152,0,0,0,0,30852,0,5,0,0,0,0,31040,5
111,2701024588,4326,0,0,0,0,66675150,66788550,396,0,0,0,0,30852,0,5,0,0,0,0,31040,5
112,215037203,4327,0,0,0,0,83488200,83597450,1642,0,0,0,0,30852,0,5,0,0,0,0,31040,5
113,3696282862,4328,0,0,0,0,66767250,66878400,280,0,0,0,0,30852,0,5,0,0,0,0,31040,5
114,2829142928,4329,0,0,0,0,66765150,66877300,114,0,0,0,0,30852,0,5,0,0,0,0,31040,5
115,3204762949,4330,0,0,0,0,66763700,66876400,299,0,0,0,0,30852,0,5,0,0,0,0,31040,5
116,3297489190,4331,0,0,0,0,66774800,66880300,393,0,0,0,0,30852,0,5,0,0,0,0,31040,5
117,1691704917,4332,0,0,0,0,66768950,66873350,207,0,0,0,0,30852,0,5,0,0,0,0,31040,5
118,663957814,4333,0,0,0,0,67122500,67234550,111,0,0,0,0,30852,0,5,0,0,0,0,31040,5
119,3058583827,4334,0,0,0,0,66412600,66521300,332,0,0,0,0,30852,0,5,0,0,0,0,31040,5
120,838545270,4335,0,0,0,0,82753100,83597300,2815,0,0,0,0,30852,0,5,0,0,0,0,31040,5
121,3608912039,4336,0,0,0,0,66770650,66878150,205,0,0,0,0,30852,0,5,0,0,0,0,31040,5
122,4080159716,4337,0,0,0,0,66888650,66996100,146,0,0,0,0,30852,0,5,0,0,0,0,31040,5
123,1056027075,4338,0,0,0,0,66640900,66753400,379,0,0,0,0,30852,0,5,0,0,0,0,31040,5
124,4057021248,4339,0,0,0,0,66770350,66879450,331,0,0,0,0,31172,0,5,0,0,0,0,31360,5
125,2686741161,4340,0,0,0,0,66771400,66878800,117,0,0,0,0,31172,0,5,0,0,0,0,31360,5
126,3870849660,4341,0,0,0,0,66764000,66874950,361,0,0,0,0,31172,0,5,0,0,0,0,31360,5
127,293449641,4342,0,0,0,0,83489000,83598400,1408,0,0,0,0,30852,0,5,0,0,0,0,31040,5
128,596064266,4343,0,0,0,0,66769550,66876900,386,0,0,0,0,30852,0,5,0,0,0,0,31040,5
129,3715495249,4344,0,0,0,0,66772500,66875250,203,0,0,0,0,30852,0,5,0,0,0,0,31040,5
130,244680018,4345,0,0,0,0,67140050,67251100,102,0,0,0,0,30852,0,5,0,0,0,0,31040,5
131,4080661783,4346,0,0,0,0,66394650,66504100,340,0,0,0,0,30852,0,5,0,0,0,0,31040,5
132,4006730450,4347,0,0,0,0,66770850,66877600,307,0,0,0,0,30852,0,5,0,0,0,0,31040,5
133,3864584507,4348,0,0,0,0,66764050,66876100,46,0,0,0,0,30852,0,5,0,0,0,0,31040,5
134,2711027320,4349,0,0,0,0,66769550,66877950,363,0,0,0,0,30852,0,5,0,0,0,0,31040,5
135,4099079087,4350,0,0,0,0,83491350,83595200,3115,0,0,0,0,30852,0,5,0,0,0,0,31040,5
136,565333772,4351,0,0,0,0,66763500,66876700,331,0,0,0,0,30852,0,5,0,0,0,0,31040,5
137,1028518269,4352,0,0,0,0,66770200,66876950,149,0,0,0,0,30852,0,5,0,0,0,0,31040,5
138,2252688136,4353,0,0,0,0,66767400,66879950,395,0,0,0,0,30852,0,5,0,0,0,0,31040,5
139,578597309,4354,0,0,0,0,66767100,66873800,126,0,0,0,0,30852,0,5,0,0,0,0,31040,5
140,3624439358,4355,0,0,0,0,66772450,66878900,249,0,0,0,0,30852,0,5,0,0,0,0,31040,5
141,3514067501,4356,0,0,0,0,66770850,66882600,130,0,0,0,0,30852,0,5,0,0,0,0,31040,5
142,2741972910,4357,0,0,0,0,83797050,83908250,1627,0,0,0,0,30852,0,5,0,0,0,0,31040,5
143,28497579,4358,0,0,0,0,82426200,83281050,3213,0,0,0,0,30852,0,5,0,0,0,0,31040,5
144,466729326,4359,0,0,0,0,66760500,66872550,422,0,0,0,0,30852,0,5,0,0,0,0,31040,5
145,3425349295,4360,0,0,0,0,66771800,66878800,185,0,0,0,0,30852,0,5,0,0,0,0,31040,5
146,1537640620,4361,0,0,0,0,66961050,67066150,182,0,0,0,0,30852,0,5,0,0,0,0,31040,5
147,1853842891,4362,0,0,0,0,66575800,66687950,370,0,0,0,0,30852,0,5,0,0,0,0,31040,5
148,1177024904,4363,0,0,0,0,66767050,66875500,120,0,0,0,0,31172,0,5,0,0,0,0,31360,5
149,4106734849,4364,0,0,0,0,83497500,83599700,3172,0,0,0,0,31172,0,5,0,0,0,0,31360,5
150,2025356500,4365,0,0,0,0,66774750,66880050,40,0,0,0,0,31172,0,5,0,0,0,0,31360,5
151,2189605121,4366,0,0,0,0,83750600,83863150,3130,0,0,0,0,30852,0,5,0,0,0,0,31040,5
152,4086136290,4367,0,0,0,0,66500200,66608700,497,0,0,0,0,30852,0,5,0,0,0,0,31040,5
153,4036669705,4368,0,0,0,0,66772950,66877750,302,0,0,0,0,30852,0,5,0,0,0,0,31040,5
154,4167980074,4369,0,0,0,0,66765950,66876800,97,0,0,0,0,30852,0,5,0,0,0,0,31040,5
155,51187407,4370,0,0,0,0,66760700,66875900,386,0,0,0,0,30852,0,5,0,0,0,0,31040,5
156,2242638442,4371,0,0,0,0,83489800,83597900,1784,0,0,0,0,30852,0,5,0,0,0,0,31040,5
157,2730108163,4372,0,0,0,0,66766800,66875600,332,0,0,0,0,30852,0,5,0,0,0,0,31040,5
158,2718743917,4373,0,0,0,0,66771950,66877050,119,0,0,0,0,30852,0,5,0,0,0,0,31040,5
159,3391709842,4374,0,0,0,0,66764150,66878000,411,0,0,0,0,30852,0,5,0,0,0,0,31040,5
160,1164604273,4375,0,0,0,0,66767500,66874800,193,0,0,0,0,30852,0,5,0,0,0,0,31040,5
161,2148591176,4376,0,0,0,0,66771700,66879050,283,0,0,0,0,30852,0,5,0,0,0,0,31040,5
162,4192737573,4377,0,0,0,0,66764850,66875700,98,0,0,0,0,30852,0,5,0,0,0,0,31040,5
163,535584840,4378,0,0,0,0,66766000,66878500,327,0,0,0,0,30852,0,5,0,0,0,0,31040,5
164,3430794475,4379,0,0,0,0,83492200,83598150,2925,0,0,0,0,30852,0,5,0,0,0,0,31040,5
165,776323552,4380,0,0,0,0,66763550,66873650,314,0,0,0,0,30852,0,5,0,0,0,0,31040,5
166,3330991427,4381,0,0,0,0,66767900,66879200,86,0,0,0,0,30852,0,5,0,0,0,0,31040,5
167,3282074430,4382,0,0,0,0,66762000,66873800,373,0,0,0,0,30852,0,5,0,0,0,0,31040,5
168,2597814595,4383,0,0,0,0,66775350,66879350,411,0,0,0,0,30852,0,5,0,0,0,0,31040,5
169,2225601370,4384,0,0,0,0,66769850,66876950,181,0,0,0,0,30852,0,5,0,0,0,0,31040,5
170,3716853465,4385,0,0,0,0,67026750,67133700,204,0,0,0,0,30852,0,5,0,0,0,0,31040,5
171,1080675697,4386,0,0,0,0,83230500,83342550,1764,0,0,0,0,30212,0,5,0,0,0,0,30400,5
172,219920238,4387,0,0,0,0,66765400,66876150,461,0,0,0,0,30212,0,5,0,0,0,0,30400,5
173,3070385651,4388,0,0,0,0,66766550,66878250,324,0,0,0,0,30212,0,5,0,0,0,0,30400,5
174,2609556270,4389,0,0,0,0,66765450,66877750,467,0,0,0,0,30212,0,5,0,0,0,0,30400,5
175,141401383,4390,0,0,0,0,66761500,66872900,598,0,0,0,0,30212,0,5,0,0,0,0,30400,5
176,3034105280,4391,0,0,0,0,66769250,66879850,454,0,0,0,0,30212,0,5,0,0,0,0,30400,5
177,3029196371,4392,0,0,0,0,66766350,66877350,260,0,0,0,0,30212,0,5,0,0,0,0,30400,5
178,699378668,4393,0,0,0,0,66759850,66872500,456,0,0,0,0,30212,0,5,0,0,0,0,30400,5
179,2402609405,4394,0,0,0,0,66315650,66879800,4,0,0,0,0,30212,0,5,0,0,0,0,30400,5
CSV_END

STUDY_DONE_e30519c406a5=0
# 