/tmp/app-lto --transport unrolled --state-frame 0 --frames 180 --warmup 30 --wait spin --profile detailed --csv /tmp/transport-frames.csv --replay && printf "CSV_BEGIN\n" && cat /tmp/transport-frames.csv && printf "CSV_END\n"; study_status=$?; printf "\nSTUDY_DONE_683fba35cfb0=%s\n" "$study_status"
TRANSPORT mode=unrolled dma_minimum=64
BEGIN_BREAKOUT frames=180 warmup=30 fixed=1 blocks=40 tiles=1 hud=1 wait=spin replay=1 state_frame=0 profile=detailed pixel_centers=1 clock_call_ns=4957
HW_COUNTERS unavailable
RESULT frames=180 elapsed_s=3.042492850 fps=59.162012 logic_ms=0.884786 api_ms=0.010745 swap_ms=9.269647 wait_ms=6.571144 worker_inclusive_ms=0.000000 upload_inclusive_ms=0.000000 write_ms=5.294432 bytes_per_frame=34372.00 p50_ms=16.719300 p95_ms=16.990200 max_ms=33.441900 late_60hz=161 first_count=16781 last_count=16960 state_hash=de3c9d08 remaining=40 score=0
RENDER_PATH retained=0 grouped=0 quads=0 full_frames=0
BREAKOUT_PASS
CSV_BEGIN
frame,state_hash,display_count,logic_ns,api_ns,swap_ns,wait_ns,total_ns,completion_interval_ns,polls,worker_inclusive_ns,upload_inclusive_ns,write_ns,read_ns,write_bytes,read_bytes,write_calls,read_calls,dma_copy_ns,dma_launch_ns,dma_completion_wait_ns,dma_bytes,dma_lists
0,3728514312,16781,759300,8400,8891700,6633150,16292550,16301100,1218,0,0,4894100,0,34372,0,5,0,0,0,0,0,0
1,3728514312,16782,742650,5750,8979350,6862400,16590150,16717650,1257,0,0,4274600,0,34372,0,5,0,0,0,0,0,0
2,3728514312,16783,816600,8500,9961900,5034150,15821150,16719900,982,0,0,5872200,0,34372,0,5,0,0,0,0,0,0
3,3728514312,16784,749600,5750,8899150,6950800,16605300,16722250,1268,0,0,5655200,0,34372,0,5,0,0,0,0,0,0
4,3728514312,16785,753150,8400,9646550,6184150,16592250,16718000,1228,0,0,5715800,0,34372,0,5,0,0,0,0,0,0
5,3728514312,16786,1277550,7700,9093200,6293400,16671850,16784850,1144,0,0,5083950,0,34372,0,5,0,0,0,0,0,0
6,3728514312,16787,774400,8400,8870400,6879500,16532700,16653750,1270,0,0,4870400,0,34372,0,5,0,0,0,0,0,0
7,3728514312,16788,749450,5750,8983450,6859600,16598250,16719450,1251,0,0,4917600,0,34372,0,5,0,0,0,0,0,0
8,3728514312,16789,752250,8400,9077800,6753850,16592300,16718000,1197,0,0,5179150,0,34372,0,5,0,0,0,0,0,0
9,3728514312,16790,756000,5750,10038400,5797200,16597350,16720150,1124,0,0,6069300,0,34372,0,5,0,0,0,0,0,0
10,3728514312,16791,1391800,7500,8995700,6206150,16601150,16718850,1222,0,0,5114200,0,34372,0,5,0,0,0,0,0,0
11,3728514312,16792,737550,5750,8882100,6542400,16167800,16716800,1148,0,0,4865550,0,34372,0,5,0,0,0,0,0,0
12,3728514312,16793,766500,8400,9027600,6793400,16595900,16721400,1253,0,0,4309600,0,34372,0,5,0,0,0,0,0,0
13,3728514312,16794,752850,5750,8833300,7007550,16599450,16720600,1284,0,0,5583750,0,34372,0,5,0,0,0,0,0,0
14,3728514312,16795,748450,8500,8882100,6956850,16595900,16718700,1245,0,0,5002200,0,34372,0,5,0,0,0,0,0,0
15,3728514312,16796,753250,5750,10898050,4937700,16594750,16719400,907,0,0,6966100,0,34372,0,5,0,0,0,0,0,0
16,3728514312,16797,1376300,7300,8972500,6396800,16752900,16877750,1171,0,0,5124250,0,34372,0,5,0,0,0,0,0,0
17,3728514312,16798,751950,5750,8878450,6801800,16437950,16559450,1223,0,0,4864400,0,34372,0,5,0,0,0,0,0,0
18,3728514312,16799,761400,8400,9004800,6828250,16602850,16720550,1256,0,0,4928750,0,34372,0,5,0,0,0,0,0,0
19,3728514312,16800,751600,5750,9005600,6831650,16594600,16718250,872,0,0,5100400,0,34372,0,5,0,0,0,0,0,0
20,3728514312,16801,798550,8400,9734700,6048650,16590300,16721050,1204,0,0,5760700,0,34372,0,5,0,0,0,0,0,0
21,3728514312,16802,741350,5750,9710500,6140650,16598250,16718650,1212,0,0,5102700,0,34372,0,5,0,0,0,0,0,0
22,3728514312,16803,1562450,10050,9005750,6021200,16599450,16716800,1085,0,0,4306450,0,34372,0,5,0,0,0,0,0,0
23,3728514312,16804,751500,5750,8824100,7012850,16594200,16722400,1291,0,0,4829850,0,34372,0,5,0,0,0,0,0,0
24,3728514312,16805,755650,8400,9046350,6782150,16592550,16718300,1242,0,0,5773150,0,34372,0,5,0,0,0,0,0,0
25,3728514312,16806,802000,5850,9851700,5149150,15808700,16719700,1001,0,0,5110400,0,34372,0,5,0,0,0,0,0,0
26,3728514312,16807,757150,8400,9559600,6277900,16603050,16716700,1253,0,0,5595650,0,34372,0,5,0,0,0,0,0,0
27,3728514312,16808,1330850,8800,9129000,6372700,16841350,16958400,1166,0,0,5208600,0,34372,0,5,0,0,0,0,0,0
28,3728514312,16809,771100,8400,8868550,6710350,16358400,16481550,1235,0,0,4863200,0,34372,0,5,0,0,0,0,0,0
29,3728514312,16810,750500,5750,8954850,6885900,16597000,16718150,1258,0,0,4265500,0,34372,0,5,0,0,0,0,0,0
30,3728514312,16811,753600,8400,9207300,6631200,16600500,16720100,1199,0,0,5168900,0,34372,0,5,0,0,0,0,0,0
31,3728514312,16812,761100,5750,9710900,6123200,16600950,16721250,1223,0,0,5712400,0,34372,0,5,0,0,0,0,0,0
32,3728514312,16813,753650,9950,9614000,6221200,16598800,16720500,1232,0,0,5060050,0,34372,0,5,0,0,0,0,0,0
33,3728514312,16814,1213550,7600,9182800,6198500,16602450,16715550,1115,0,0,5970500,0,34372,0,5,0,0,0,0,0,0
34,3728514312,16815,770100,8500,9196400,6626850,16601850,16722050,1194,0,0,5158450,0,34372,0,5,0,0,0,0,0,0
35,3728514312,16816,758300,5750,9012350,6817600,16594000,16716350,1242,0,0,4958150,0,34372,0,5,0,0,0,0,0,0
36,3728514312,16817,758400,8650,9043000,6789350,16599400,16721400,1201,0,0,5146400,0,34372,0,5,0,0,0,0,0,0
37,3728514312,16818,759300,5750,9594000,6238350,16597400,16718200,1243,0,0,5615800,0,34372,0,5,0,0,0,0,0,0
38,3728514312,16819,1404550,8700,8964000,6554450,16931700,17053200,1210,0,0,5081950,0,34372,0,5,0,0,0,0,0,0
39,3728514312,16820,734600,5750,8870700,6648700,16259750,16385650,1181,0,0,4869900,0,34372,0,5,0,0,0,0,0,0
40,3728514312,16821,768450,8400,9008550,6811500,16596900,16717450,1253,0,0,4292950,0,34372,0,5,0,0,0,0,0,0
41,3728514312,16822,751900,5750,8883750,6960250,16601650,16721750,1271,0,0,5651750,0,34372,0,5,0,0,0,0,0,0
42,3728514312,16823,751850,8400,9733050,6103050,16596350,16718450,1191,0,0,6491800,0,34372,0,5,0,0,0,0,0,0
43,3728514312,16824,755550,5750,9604300,6234200,16599800,16721400,1239,0,0,5705900,0,34372,0,5,0,0,0,0,0,0
44,3728514312,16825,1285850,8850,9043250,6272750,16610700,16736750,1141,0,0,5827900,0,34372,0,5,0,0,0,0,0,0
45,3728514312,16826,748150,5750,8873150,6948050,16575100,16699300,1254,0,0,4868050,0,34372,0,5,0,0,0,0,0,0
46,3728514312,16827,768750,8400,11105750,4715100,16598000,16718250,852,0,0,5755450,0,34372,0,5,0,0,0,0,0,0
47,3728514312,16828,776700,5750,9024600,6790000,16597050,16719400,1235,0,0,5129250,0,34372,0,5,0,0,0,0,0,0
48,3728514312,16829,1663000,8600,9076450,5055950,15804000,16721750,960,0,0,5079300,0,34372,0,5,0,0,0,0,0,0
49,3728514312,16830,1506450,8700,8939250,6143950,16598350,16718800,1203,0,0,5074000,0,34372,0,5,0,0,0,0,0,0
50,3728514312,16831,767350,8400,8909300,6524350,16209400,16718300,1192,0,0,4881750,0,34372,0,5,0,0,0,0,0,0
51,3728514312,16832,747350,5750,8973350,6868600,16595050,16718750,1257,0,0,4291350,0,34372,0,5,0,0,0,0,0,0
52,3728514312,16833,752450,8400,9208000,6625450,16594300,16718850,1207,0,0,5950650,0,34372,0,5,0,0,0,0,0,0
53,3728514312,16834,756450,5750,8851300,6989300,16602800,16723000,1276,0,0,4971300,0,34372,0,5,0,0,0,0,0,0
54,3728514312,16835,755900,8400,9549400,6285450,16599150,16719450,1253,0,0,5607050,0,34372,0,5,0,0,0,0,0,0
55,3728514312,16836,1290300,8900,9108000,6290750,16697950,16814050,1144,0,0,5890550,0,34372,0,5,0,0,0,0,0,0
56,3728514312,16837,765700,8400,8880850,6844450,16499400,16624150,1262,0,0,4876650,0,34372,0,5,0,0,0,0,0,0
57,3728514312,16838,753450,5750,8981600,8141450,17882250,18003400,423,0,0,4918650,0,34372,0,5,0,0,0,0,0,0
58,3728514312,16839,808750,8400,10142300,4328750,15288200,15432750,803,0,0,5859200,0,34372,0,5,0,0,0,0,0,0
59,3728514312,16840,777100,5650,10021500,5790750,16595000,16719300,1143,0,0,6019400,0,34372,0,5,0,0,0,0,0,0
60,3728514312,16841,1394950,7400,9016800,6178300,16597450,16719100,1217,0,0,5122550,0,34372,0,5,0,0,0,0,0,0
61,3728514312,16842,1176350,7300,9011250,6403300,16598200,16717900,1158,0,0,5018350,0,34372,0,5,0,0,0,0,0,0
62,3728514312,16843,765350,8400,9040350,6791500,16605600,16723400,1250,0,0,4326700,0,34372,0,5,0,0,0,0,0,0
63,3728514312,16844,752950,5650,9011100,6823050,16592750,16716600,1244,0,0,5742600,0,34372,0,5,0,0,0,0,0,0
64,3728514312,16845,754250,8450,8888150,6945900,16596750,16718700,1237,0,0,4996900,0,34372,0,5,0,0,0,0,0,0
65,3728514312,16846,758450,5650,9555450,6281250,16600800,16721000,1252,0,0,5610650,0,34372,0,5,0,0,0,0,0,0
66,3728514312,16847,1356850,10250,8958750,6459600,16785450,16906400,1187,0,0,5094700,0,34372,0,5,0,0,0,0,0,0
67,3728514312,16848,747100,5650,8883050,6768700,16404500,16528850,1206,0,0,4876350,0,34372,0,5,0,0,0,0,0,0
68,3728514312,16849,763750,8400,8993400,6833700,16599250,16720700,1256,0,0,4940550,0,34372,0,5,0,0,0,0,0,0
69,3728514312,16850,747850,5650,9019300,6822250,16595050,16719100,1242,0,0,5109250,0,34372,0,5,0,0,0,0,0,0
70,3728514312,16851,753200,8400,9784400,6052150,16598150,16720700,1176,0,0,5785900,0,34372,0,5,0,0,0,0,0,0
71,3728514312,16852,749050,5650,9645050,6198750,16598500,16718850,1164,0,0,5092750,0,34372,0,5,0,0,0,0,0,0
72,3728514312,16853,814800,8500,9002450,5375700,15201450,16720250,932,0,0,5736400,0,34372,0,5,0,0,0,0,0,0
73,3728514312,16854,754150,5650,8860350,6983450,16603600,16718350,1254,0,0,4843800,0,34372,0,5,0,0,0,0,0,0
74,3728514312,16855,768850,8400,9038600,6784500,16600350,16721250,1240,0,0,4993600,0,34372,0,5,0,0,0,0,0,0
75,3728514312,16856,752350,5650,8994100,6843450,16595550,16716850,1248,0,0,5123250,0,34372,0,5,0,0,0,0,0,0
76,3728514312,16857,753100,8600,9571100,6267500,16600300,16723500,968,0,0,5597750,0,34372,0,5,0,0,0,0,0,0
77,3728514312,16858,1952550,9000,9046300,5855050,16862900,16990200,1041,0,0,4315000,0,34372,0,5,0,0,0,0,0,0
78,3728514312,16859,776250,8400,8931050,6606650,16322350,16444200,1211,0,0,4871300,0,34372,0,5,0,0,0,0,0,0
79,3728514312,16860,746500,5750,8980700,6863050,16596000,16721000,1254,0,0,4259150,0,34372,0,5,0,0,0,0,0,0
80,3728514312,16861,752100,8400,9209600,6620100,16590200,16714800,1206,0,0,5264750,0,34372,0,5,0,0,0,0,0,0
81,3728514312,16862,759400,5750,9744650,6089650,16599450,16722550,1218,0,0,6529300,0,34372,0,5,0,0,0,0,0,0
82,3728514312,16863,753750,9950,9646100,6188850,16598650,16722050,1226,0,0,5084050,0,34372,0,5,0,0,0,0,0,0
83,3728514312,16864,1235850,7600,9047900,6307650,16599000,16714900,1147,0,0,5825450,0,34372,0,5,0,0,0,0,0,0
84,3728514312,16865,765250,8400,9445400,6382700,16601750,16723500,1162,0,0,4367500,0,34372,0,5,0,0,0,0,0,0
85,3728514312,16866,764250,5750,8996900,6832300,16599200,16719250,1247,0,0,4944900,0,34372,0,5,0,0,0,0,0,0
86,3728514312,16867,757100,8400,9185500,6644750,16595750,16717600,1197,0,0,5155550,0,34372,0,5,0,0,0,0,0,0
87,3728514312,16868,759100,5750,9730750,6100700,16596300,16718200,1215,0,0,5751100,0,34372,0,5,0,0,0,0,0,0
88,3728514312,16869,1406000,8600,8959450,6587100,16961150,17084700,1219,0,0,5084250,0,34372,0,5,0,0,0,0,0,0
89,3728514312,16870,736050,5750,9007950,6478900,16228650,16351450,1173,0,0,5012750,0,34372,0,5,0,0,0,0,0,0
90,3728514312,16871,769200,8500,9013450,6812100,16603250,16722300,1256,0,0,4304800,0,34372,0,5,0,0,0,0,0,0
91,3728514312,16872,748600,5750,8866100,6973500,16593950,16717550,1275,0,0,5640550,0,34372,0,5,0,0,0,0,0,0
92,3728514312,16873,750850,8400,8927150,6910900,16597300,16720550,1225,0,0,5665100,0,34372,0,5,0,0,0,0,0,0
93,3728514312,16874,757200,5750,9497250,6341000,16601200,16721400,1262,0,0,5585650,0,34372,0,5,0,0,0,0,0,0
94,3728514312,16875,1296500,8850,9027450,6316800,16649600,16771600,1150,0,0,5816600,0,34372,0,5,0,0,0,0,0,0
95,3728514312,16876,807650,5850,8970500,5975850,15759850,16664600,1024,0,0,5715450,0,34372,0,5,0,0,0,0,0,0
96,3728514312,16877,773150,8500,9036800,6782450,16600900,16719800,1151,0,0,4989250,0,34372,0,5,0,0,0,0,0,0
97,3728514312,16878,761400,5750,9038400,6793350,16598900,16721150,1237,0,0,5166750,0,34372,0,5,0,0,0,0,0,0
98,3728514312,16879,753950,8400,9732050,6097900,16592300,16715200,1184,0,0,5762200,0,34372,0,5,0,0,0,0,0,0
99,3728514312,16880,1368050,8800,8981750,6242650,16601250,16722900,1232,0,0,5121950,0,34372,0,5,0,0,0,0,0,0
100,3728514312,16881,759750,10150,8866650,6538650,16175200,16719350,1198,0,0,4886950,0,34372,0,5,0,0,0,0,0,0
101,3728514312,16882,749450,5750,8989500,6849500,16594200,16715200,1225,0,0,4298350,0,34372,0,5,0,0,0,0,0,0
102,3728514312,16883,770050,8400,8944950,6876450,16599850,16722950,1261,0,0,5681700,0,34372,0,5,0,0,0,0,0,0
103,3728514312,16884,753700,5750,8838600,6998850,16596900,16718150,1282,0,0,4970700,0,34372,0,5,0,0,0,0,0,0
104,3728514312,16885,754150,8400,9506950,6325350,16594850,16719700,1262,0,0,5570700,0,34372,0,5,0,0,0,0,0,0
105,3728514312,16886,1441000,8900,9045500,6247300,16742700,16857550,1135,0,0,5833350,0,34372,0,5,0,0,0,0,0,0
106,3728514312,16887,759600,8400,8905750,6787400,16461150,16581550,1251,0,0,4874850,0,34372,0,5,0,0,0,0,0,0
107,3728514312,16888,753250,5750,9384450,6452700,16596150,16720050,875,0,0,5329300,0,34372,0,5,0,0,0,0,0,0
108,3728514312,16889,798700,8400,9261800,6520950,16589850,16714900,1181,0,0,5320650,0,34372,0,5,0,0,0,0,0,0
109,3728514312,16890,759850,5750,10168900,5668150,16602650,16722000,1115,0,0,5893650,0,34372,0,5,0,0,0,0,0,0
110,3728514312,16891,759900,613050,8954400,6273700,16601050,16718500,1243,0,0,5087800,0,34372,0,5,0,0,0,0,0,0
111,3728514312,16892,1202100,7400,9025400,6368200,16603100,16720250,1159,0,0,4915500,0,34372,0,5,0,0,0,0,0,0
112,3728514312,16893,767350,8400,8997850,6820300,16593900,16717500,1258,0,0,4974950,0,34372,0,5,0,0,0,0,0,0
113,3728514312,16894,753250,5750,8974950,6869700,16603650,16721750,1254,0,0,5738150,0,34372,0,5,0,0,0,0,0,0
114,3728514312,16895,752800,8400,9867750,5970050,16599000,16719300,1194,0,0,6560150,0,34372,0,5,0,0,0,0,0,0
115,3728514312,16896,756000,5750,9532300,6306400,16600450,16720900,1258,0,0,5601750,0,34372,0,5,0,0,0,0,0,0
116,3728514312,16897,1357250,8600,8963850,6489800,16819500,16943050,1195,0,0,5090000,0,34372,0,5,0,0,0,0,0,0
117,3728514312,16898,743400,5750,8991700,6626900,16367750,16493500,1206,0,0,5009250,0,34372,0,5,0,0,0,0,0,0
118,3728514312,16899,821150,8750,9211450,5768650,15810000,16720500,908,0,0,5282700,0,34372,0,5,0,0,0,0,0,0
119,3728514312,16900,770300,5750,16239800,16305700,33321550,33438400,3085,0,0,11095700,0,34372,0,5,0,0,0,0,0,0
120,3728514312,16901,799550,8400,9938500,5853650,16600100,16719400,1128,0,0,5117000,0,34372,0,5,0,0,0,0,0,0
121,3728514312,16902,1245350,7600,9025950,6326250,16605150,16718000,1152,0,0,5053150,0,34372,0,5,0,0,0,0,0,0
122,3728514312,16903,754500,8400,8857500,6978000,16598400,16720000,1254,0,0,4845550,0,34372,0,5,0,0,0,0,0,0
123,3728514312,16904,756300,5650,9004150,6829250,16595350,16719450,1245,0,0,4965400,0,34372,0,5,0,0,0,0,0,0
124,3728514312,16905,758200,8450,9040700,6786900,16594250,16717200,1239,0,0,5147650,0,34372,0,5,0,0,0,0,0,0
125,3728514312,16906,745000,5650,9569250,6279350,16599250,16719150,1225,0,0,5611800,0,34372,0,5,0,0,0,0,0,0
126,3728514312,16907,1426750,8750,8973150,6501750,16910400,17031950,1198,0,0,5100250,0,34372,0,5,0,0,0,0,0,0
127,3728514312,16908,747700,5650,8887700,6642250,16283300,16408800,1217,0,0,4879650,0,34372,0,5,0,0,0,0,0,0
128,3728514312,16909,763250,8400,9001600,6819100,16592350,16715400,1227,0,0,4298350,0,34372,0,5,0,0,0,0,0,0
129,3728514312,16910,755950,5650,9046200,6791900,16599700,16722400,1236,0,0,5805550,0,34372,0,5,0,0,0,0,0,0
130,3728514312,16911,758000,8400,9835400,5997900,16599700,16719950,1195,0,0,6595200,0,34372,0,5,0,0,0,0,0,0
131,3728514312,16912,740350,5650,9460700,6390900,16597600,16716750,1275,0,0,5570100,0,34372,0,5,0,0,0,0,0,0
132,3728514312,16913,1426300,8950,8866100,6574500,16875850,16999600,1144,0,0,4899550,0,34372,0,5,0,0,0,0,0,0
133,3728514312,16914,756350,5650,9003800,6556400,16322200,16443250,1192,0,0,4303050,0,34372,0,5,0,0,0,0,0,0
134,3728514312,16915,758950,8400,9014600,6816250,16598200,16718450,1251,0,0,4983250,0,34372,0,5,0,0,0,0,0,0
135,3728514312,16916,749300,5650,9170700,6668000,16593650,16717350,1211,0,0,5263650,0,34372,0,5,0,0,0,0,0,0
136,3728514312,16917,767700,8400,9707800,6116250,16600150,16720300,1220,0,0,5744400,0,34372,0,5,0,0,0,0,0,0
137,3728514312,16918,2721500,11900,9084600,4780250,16598250,16717050,886,0,0,4986700,0,34372,0,5,0,0,0,0,0,0
138,3728514312,16919,785500,8400,9227150,6179350,16200400,16717300,1120,0,0,4372850,0,34372,0,5,0,0,0,0,0,0
139,3728514312,16920,756200,5750,8969700,6863050,16594700,16721700,1259,0,0,4277050,0,34372,0,5,0,0,0,0,0,0
140,3728514312,16921,757750,8400,8936450,6912750,16615350,16719450,1269,0,0,5665800,0,34372,0,5,0,0,0,0,0,0
141,3728514312,16922,749350,5750,8978850,6863350,16597300,16717250,1240,0,0,4982950,0,34372,0,5,0,0,0,0,0,0
142,3728514312,16923,1634000,10500,8890650,5295950,15831100,16724300,1010,0,0,4879650,0,34372,0,5,0,0,0,0,0,0
143,3728514312,16924,1330750,7700,9074750,6269700,16682900,16804600,1140,0,0,5840900,0,34372,0,5,0,0,0,0,0,0
144,3728514312,16925,753750,8450,9058550,6683250,16504000,16628800,1220,0,0,5022550,0,34372,0,5,0,0,0,0,0,0
145,3728514312,16926,756300,5750,9303100,6536850,16602000,16724800,1162,0,0,5229500,0,34372,0,5,0,0,0,0,0,0
146,3728514312,16927,766350,8400,9089550,6731000,16595300,16715300,1228,0,0,5178100,0,34372,0,5,0,0,0,0,0,0
147,3728514312,16928,753150,5750,9879100,5962450,16600450,16717950,1178,0,0,5881300,0,34372,0,5,0,0,0,0,0,0
148,3728514312,16929,1378850,7500,8994600,6221950,16602900,16724550,1225,0,0,5124400,0,34372,0,5,0,0,0,0,0,0
149,3728514312,16930,741000,5750,8896700,6529300,16172750,16716150,1193,0,0,4884750,0,34372,0,5,0,0,0,0,0,0
150,3728514312,16931,755200,8500,9022800,6809650,16596150,16718900,1217,0,0,4323900,0,34372,0,5,0,0,0,0,0,0
151,3728514312,16932,757600,5750,8854600,6978300,16596250,16721900,1277,0,0,5604850,0,34372,0,5,0,0,0,0,0,0
152,3728514312,16933,756950,8400,8883600,6945300,16594250,16717550,1272,0,0,5007900,0,34372,0,5,0,0,0,0,0,0
153,3728514312,16934,751600,5750,9523300,6317250,16597900,16716500,1232,0,0,5591500,0,34372,0,5,0,0,0,0,0,0
154,3728514312,16935,1390650,10350,8966500,6406550,16774050,16895850,1173,0,0,5106750,0,34372,0,5,0,0,0,0,0,0
155,3728514312,16936,755500,5750,8873400,6785100,16419750,16546800,1248,0,0,4876750,0,34372,0,5,0,0,0,0,0,0
156,3728514312,16937,754700,8400,8977800,6850750,16591650,16714750,1233,0,0,4934650,0,34372,0,5,0,0,0,0,0,0
157,3728514312,16938,756000,5750,9026700,6810300,16598750,16722100,1174,0,0,5112250,0,34372,0,5,0,0,0,0,0,0
158,3728514312,16939,763500,8400,9788800,6041100,16601800,16719250,1202,0,0,5776500,0,34372,0,5,0,0,0,0,0,0
159,3728514312,16940,742200,5750,9591100,6260950,16600000,16718400,1239,0,0,5078100,0,34372,0,5,0,0,0,0,0,0
160,3728514312,16941,1395200,8600,8870050,6328000,16601850,16721150,1153,0,0,4851550,0,34372,0,5,0,0,0,0,0,0
161,3728514312,16942,748800,5750,8844400,6994750,16593700,16717350,1287,0,0,4838600,0,34372,0,5,0,0,0,0,0,0
162,3728514312,16943,754350,8400,9018200,6819100,16600050,16720500,1251,0,0,4995850,0,34372,0,5,0,0,0,0,0,0
163,3728514312,16944,748250,5750,9154900,6684600,16593500,16717800,1209,0,0,5887250,0,34372,0,5,0,0,0,0,0,0
164,3728514312,16945,766400,8400,9549200,6275250,16599250,16719500,1252,0,0,5600050,0,34372,0,5,0,0,0,0,0,0
165,3728514312,16946,1334950,8900,8929300,6602150,16875300,16991700,1224,0,0,5072150,0,34372,0,5,0,0,0,0,0,0
166,3728514312,16947,748000,8400,9198000,6368500,16322900,16446350,1162,0,0,5053900,0,34372,0,5,0,0,0,0,0,0
167,3728514312,16948,749750,5750,8928750,6912950,16597200,16721100,929,0,0,4256900,0,34372,0,5,0,0,0,0,0,0
168,3728514312,16949,798400,8500,9054000,6727150,16588050,16718750,1230,0,0,5150250,0,34372,0,5,0,0,0,0,0,0
169,3728514312,16950,745350,5750,9937200,5908800,16597100,16718500,1175,0,0,6718100,0,34372,0,5,0,0,0,0,0,0
170,3728514312,16951,761650,9950,9997650,5832800,16602050,16721550,1136,0,0,5350000,0,34372,0,5,0,0,0,0,0,0
171,3728514312,16952,1233100,7600,9028950,6328050,16597700,16720450,1154,0,0,5817000,0,34372,0,5,0,0,0,0,0,0
172,3728514312,16953,747100,8400,9004200,6832200,16591900,16717900,1253,0,0,4991850,0,34372,0,5,0,0,0,0,0,0
173,3728514312,16954,748800,5750,8974950,6868250,16597750,16720500,1256,0,0,4945900,0,34372,0,5,0,0,0,0,0,0
174,3728514312,16955,754600,8400,9028500,6805100,16596600,16718300,1244,0,0,5142700,0,34372,0,5,0,0,0,0,0,0
175,3728514312,16956,738500,5750,9866400,5986750,16597400,16718600,1185,0,0,5886850,0,34372,0,5,0,0,0,0,0,0
176,3728514312,16957,1412600,8600,8961100,6566950,16949250,17072750,1213,0,0,5090700,0,34372,0,5,0,0,0,0,0,0
177,3728514312,16958,732500,5750,8870750,6635600,16244600,16367250,1217,0,0,4880050,0,34372,0,5,0,0,0,0,0,0
178,3728514312,16959,753550,8400,8978250,6855300,16595500,16716250,1227,0,0,4305950,0,34372,0,5,0,0,0,0,0,0
179,3728514312,16960,752350,5750,16256000,16303250,33317350,33441900,3116,0,0,12884350,0,34372,0,5,0,0,0,0,0,0
CSV_END

STUDY_DONE_683fba35cfb0=0
# 