/tmp/app-if17 --transport apb --state-frame 0 --dma-minimum 64 --frames 180 --warmup 30 --wait spin --profile frame --csv /tmp/transport-frames.csv --grouped --dump /tmp/transport-frame.raw && printf "CSV_BEGIN\n" && cat /tmp/transport-frames.csv && printf "CSV_END\n"; study_status=$?; printf "\nSTUDY_DONE_754956ed6634=%s\n" "$study_status"
TRANSPORT mode=apb dma_minimum=64
BEGIN_BREAKOUT frames=180 warmup=30 fixed=0 blocks=40 tiles=1 hud=1 wait=spin replay=0 state_frame=0 profile=frame pixel_centers=1 clock_call_ns=6308
HW_COUNTERS unavailable
RESULT frames=180 elapsed_s=11.803774650 fps=15.249359 logic_ms=0.000000 api_ms=0.000000 swap_ms=0.000000 wait_ms=0.000000 worker_inclusive_ms=0.000000 upload_inclusive_ms=0.000000 write_ms=0.000000 bytes_per_frame=28820.00 p50_ms=66.877250 p95_ms=67.080750 max_ms=67.440100 late_60hz=180 first_count=2005 last_count=2184 state_hash=8f34e8fd remaining=38 score=20
RENDER_PATH retained=0 grouped=1 quads=13131 full_frames=180
FRAME_CHECK count=2184 address=9fe00000 fnv1a=79c99b23 pixels=307200 mismatches=0
BREAKOUT_PASS
CSV_BEGIN
frame,state_hash,display_count,logic_ns,api_ns,swap_ns,wait_ns,total_ns,completion_interval_ns,polls,worker_inclusive_ns,upload_inclusive_ns,write_ns,read_ns,write_bytes,read_bytes,write_calls,read_calls,dma_copy_ns,dma_launch_ns,dma_completion_wait_ns,dma_bytes,dma_lists
0,3724779174,2005,0,0,0,0,66829800,66842600,3046,0,0,0,0,28820,0,3,0,0,0,0,0,0
1,1709657109,2006,0,0,0,0,66755650,66876050,3024,0,0,0,0,28820,0,3,0,0,0,0,0,0
2,1894904752,2007,0,0,0,0,67047700,67166500,3230,0,0,0,0,28820,0,3,0,0,0,0,0,0
3,3703759967,2008,0,0,0,0,66470600,66589400,1602,0,0,0,0,28820,0,3,0,0,0,0,0,0
4,19533624,2009,0,0,0,0,66759350,66877250,3161,0,0,0,0,28820,0,3,0,0,0,0,0,0
5,816884773,2010,0,0,0,0,66918900,67036750,2726,0,0,0,0,28820,0,3,0,0,0,0,0,0
6,1339236364,2011,0,0,0,0,66582250,66713550,3086,0,0,0,0,28820,0,3,0,0,0,0,0,0
7,3072959373,2012,0,0,0,0,66764600,66880750,3097,0,0,0,0,28820,0,3,0,0,0,0,0,0
8,1782884746,2013,0,0,0,0,66758250,66875800,3031,0,0,0,0,28820,0,3,0,0,0,0,0,0
9,30296781,2014,0,0,0,0,66904500,67023550,3137,0,0,0,0,28820,0,3,0,0,0,0,0,0
10,4026418858,2015,0,0,0,0,66603800,66730800,3170,0,0,0,0,28820,0,3,0,0,0,0,0,0
11,2084929051,2016,0,0,0,0,66759200,66877000,3187,0,0,0,0,28820,0,3,0,0,0,0,0,0
12,3114489770,2017,0,0,0,0,66759500,66877300,2932,0,0,0,0,28820,0,3,0,0,0,0,0,0
13,891400471,2018,0,0,0,0,66750050,66876000,2873,0,0,0,0,28820,0,3,0,0,0,0,0,0
14,3472773456,2019,0,0,0,0,65450300,66878100,2951,0,0,0,0,28820,0,3,0,0,0,0,0,0
15,3010688243,2020,0,0,0,0,66758600,66876050,3068,0,0,0,0,28820,0,3,0,0,0,0,0,0
16,2819524756,2021,0,0,0,0,66774100,66890200,3015,0,0,0,0,28820,0,3,0,0,0,0,0,0
17,3241678401,2022,0,0,0,0,66746850,66864300,3217,0,0,0,0,28820,0,3,0,0,0,0,0,0
18,2154316504,2023,0,0,0,0,66757350,66879700,1930,0,0,0,0,28820,0,3,0,0,0,0,0,0
19,772262681,2024,0,0,0,0,66737150,66875150,2963,0,0,0,0,28820,0,3,0,0,0,0,0,0
20,3882818750,2025,0,0,0,0,66757000,66877600,3238,0,0,0,0,28820,0,3,0,0,0,0,0,0
21,521131153,2026,0,0,0,0,66760050,66877650,2964,0,0,0,0,28820,0,3,0,0,0,0,0,0
22,1838187414,2027,0,0,0,0,66759300,66876000,3037,0,0,0,0,28820,0,3,0,0,0,0,0,0
23,840574439,2028,0,0,0,0,50036350,50153150,92,0,0,0,0,28820,0,3,0,0,0,0,0,0
24,2879461878,2029,0,0,0,0,66770950,66880150,3071,0,0,0,0,28820,0,3,0,0,0,0,0,0
25,202086035,2030,0,0,0,0,66757600,66879100,3080,0,0,0,0,29140,0,3,0,0,0,0,0,0
26,959703924,2031,0,0,0,0,66761750,66878900,3119,0,0,0,0,29140,0,3,0,0,0,0,0,0
27,3795724423,2032,0,0,0,0,66755100,66873250,3174,0,0,0,0,29140,0,3,0,0,0,0,0,0
28,2500539904,2033,0,0,0,0,66757350,66877800,3105,0,0,0,0,28820,0,3,0,0,0,0,0,0
29,2269000541,2034,0,0,0,0,66754100,66878050,2410,0,0,0,0,28820,0,3,0,0,0,0,0,0
30,1900681108,2035,0,0,0,0,66758350,66876950,3230,0,0,0,0,28820,0,3,0,0,0,0,0,0
31,3680168245,2036,0,0,0,0,66301850,66877450,3040,0,0,0,0,28820,0,3,0,0,0,0,0,0
32,2344329490,2037,0,0,0,0,66752750,66878600,3159,0,0,0,0,28820,0,3,0,0,0,0,0,0
33,2130650181,2038,0,0,0,0,66753250,66874150,3115,0,0,0,0,28820,0,3,0,0,0,0,0,0
34,906966818,2039,0,0,0,0,66760900,66880550,1495,0,0,0,0,28820,0,3,0,0,0,0,0,0
35,3939376531,2040,0,0,0,0,66747800,66874950,3075,0,0,0,0,28820,0,3,0,0,0,0,0,0
36,2110688546,2041,0,0,0,0,66758800,66877650,2726,0,0,0,0,28820,0,3,0,0,0,0,0,0
37,2695523007,2042,0,0,0,0,65512400,67216300,2823,0,0,0,0,28820,0,3,0,0,0,0,0,0
38,744447992,2043,0,0,0,0,66417350,66537550,3063,0,0,0,0,28820,0,3,0,0,0,0,0,0
39,3728640411,2044,0,0,0,0,66760200,66878700,3180,0,0,0,0,28820,0,3,0,0,0,0,0,0
40,618879740,2045,0,0,0,0,66759050,66876400,3105,0,0,0,0,28820,0,3,0,0,0,0,0,0
41,1239708057,2046,0,0,0,0,66759850,66878500,3144,0,0,0,0,28820,0,3,0,0,0,0,0,0
42,2429742208,2047,0,0,0,0,66752750,66873750,3094,0,0,0,0,28820,0,3,0,0,0,0,0,0
43,412095716,2048,0,0,0,0,66761800,66878800,3081,0,0,0,0,28820,0,3,0,0,0,0,0,0
44,1226741467,2049,0,0,0,0,66961050,67077750,2473,0,0,0,0,28820,0,3,0,0,0,0,0,0
45,3288446148,2050,0,0,0,0,66558400,66677700,3186,0,0,0,0,28820,0,3,0,0,0,0,0,0
46,1157984843,2051,0,0,0,0,66752900,66875700,3197,0,0,0,0,28820,0,3,0,0,0,0,0,0
47,3877288378,2052,0,0,0,0,66752900,66876500,2978,0,0,0,0,28820,0,3,0,0,0,0,0,0
48,4236526315,2053,0,0,0,0,66760650,66877050,3171,0,0,0,0,28820,0,3,0,0,0,0,0,0
49,533834014,2054,0,0,0,0,66758000,66879500,1866,0,0,0,0,28820,0,3,0,0,0,0,0,0
50,1649361089,2055,0,0,0,0,66745050,66873750,2956,0,0,0,0,28820,0,3,0,0,0,0,0,0
51,2486981906,2056,0,0,0,0,50038600,50155400,69,0,0,0,0,28820,0,3,0,0,0,0,0,0
52,1706075277,2057,0,0,0,0,66772900,66882650,2624,0,0,0,0,28820,0,3,0,0,0,0,0,0
53,267972368,2058,0,0,0,0,66755300,66877350,2972,0,0,0,0,28820,0,3,0,0,0,0,0,0
54,3895401273,2059,0,0,0,0,50025050,50153350,75,0,0,0,0,28820,0,3,0,0,0,0,0,0
55,605985656,2060,0,0,0,0,66770150,66878750,3087,0,0,0,0,28820,0,3,0,0,0,0,0,0
56,4077673024,2061,0,0,0,0,66762000,66880350,3048,0,0,0,0,28820,0,3,0,0,0,0,0,0
57,985632231,2062,0,0,0,0,66960600,67080750,3048,0,0,0,0,28820,0,3,0,0,0,0,0,0
58,3720590956,2063,0,0,0,0,66552650,66672100,3166,0,0,0,0,28820,0,3,0,0,0,0,0,0
59,3264032585,2064,0,0,0,0,66760950,66877600,3178,0,0,0,0,28820,0,3,0,0,0,0,0,0
60,395405688,2065,0,0,0,0,66024000,66874400,2567,0,0,0,0,28820,0,3,0,0,0,0,0,0
61,32142420,2066,0,0,0,0,66759000,66878200,3191,0,0,0,0,28820,0,3,0,0,0,0,0,0
62,1187067055,2067,0,0,0,0,66756750,66879150,3091,0,0,0,0,28820,0,3,0,0,0,0,0,0
63,459140908,2068,0,0,0,0,66759450,66877350,3048,0,0,0,0,28820,0,3,0,0,0,0,0,0
64,3369786495,2069,0,0,0,0,50034400,50151650,56,0,0,0,0,28820,0,3,0,0,0,0,0,0
65,1572434254,2070,0,0,0,0,66770900,66884500,1688,0,0,0,0,28820,0,3,0,0,0,0,0,0
66,4107798823,2071,0,0,0,0,66730900,66874050,2976,0,0,0,0,28820,0,3,0,0,0,0,0,0
67,343968250,2072,0,0,0,0,50033950,50154200,60,0,0,0,0,28820,0,3,0,0,0,0,0,0
68,3102454017,2073,0,0,0,0,66768850,66880700,2728,0,0,0,0,28820,0,3,0,0,0,0,0,0
69,3051095563,2074,0,0,0,0,66757400,66877500,3059,0,0,0,0,28820,0,3,0,0,0,0,0,0
70,2391331016,2075,0,0,0,0,66998900,67117250,3099,0,0,0,0,28820,0,3,0,0,0,0,0,0
71,3869016117,2076,0,0,0,0,66517450,66636750,3162,0,0,0,0,28820,0,3,0,0,0,0,0,0
72,1579800804,2077,0,0,0,0,66756250,66875850,3171,0,0,0,0,28820,0,3,0,0,0,0,0,0
73,2792341157,2078,0,0,0,0,66756950,66877000,2910,0,0,0,0,28820,0,3,0,0,0,0,0,0
74,714702942,2079,0,0,0,0,66759950,66878000,3184,0,0,0,0,28820,0,3,0,0,0,0,0,0
75,1092538936,2080,0,0,0,0,66759600,66880050,3099,0,0,0,0,28820,0,3,0,0,0,0,0,0
76,1561271239,2081,0,0,0,0,66754050,66873400,2739,0,0,0,0,28820,0,3,0,0,0,0,0,0
77,3798074098,2082,0,0,0,0,50028500,50154850,76,0,0,0,0,28820,0,3,0,0,0,0,0,0
78,3022639071,2083,0,0,0,0,66767550,66883450,3033,0,0,0,0,28820,0,3,0,0,0,0,0,0
79,2282770062,2084,0,0,0,0,66750350,66875200,2967,0,0,0,0,28820,0,3,0,0,0,0,0,0
80,1626512457,2085,0,0,0,0,50030750,50155750,69,0,0,0,0,28820,0,3,0,0,0,0,0,0
81,3156888026,2086,0,0,0,0,66765450,66881600,1868,0,0,0,0,28820,0,3,0,0,0,0,0,0
82,3038824309,2087,0,0,0,0,66737500,66877450,2771,0,0,0,0,28820,0,3,0,0,0,0,0,0
83,1261846460,2088,0,0,0,0,67025350,67149850,3203,0,0,0,0,28820,0,3,0,0,0,0,0,0
84,2035201521,2089,0,0,0,0,65743550,66604450,2426,0,0,0,0,29140,0,3,0,0,0,0,0,0
85,2164446652,2090,0,0,0,0,66753800,66874300,3124,0,0,0,0,29140,0,3,0,0,0,0,0,0
86,2017191835,2091,0,0,0,0,66757950,66877350,2884,0,0,0,0,29140,0,3,0,0,0,0,0,0
87,3029138484,2092,0,0,0,0,66759450,66875800,3230,0,0,0,0,28820,0,3,0,0,0,0,0,0
88,50355403,2093,0,0,0,0,66757900,66878850,3079,0,0,0,0,28820,0,3,0,0,0,0,0,0
89,654213990,2094,0,0,0,0,66755200,66877000,3035,0,0,0,0,28820,0,3,0,0,0,0,0,0
90,2360099787,2095,0,0,0,0,66895350,67015450,2765,0,0,0,0,28820,0,3,0,0,0,0,0,0
91,2424818746,2096,0,0,0,0,66618000,66740850,2850,0,0,0,0,28820,0,3,0,0,0,0,0,0
92,1971386461,2097,0,0,0,0,66741850,66874150,2944,0,0,0,0,28820,0,3,0,0,0,0,0,0
93,3386045126,2098,0,0,0,0,66758650,66878600,3038,0,0,0,0,28820,0,3,0,0,0,0,0,0
94,1429641961,2099,0,0,0,0,66760650,66878900,3187,0,0,0,0,28820,0,3,0,0,0,0,0,0
95,3022846880,2100,0,0,0,0,66755500,66873900,3026,0,0,0,0,28820,0,3,0,0,0,0,0,0
96,1601897261,2101,0,0,0,0,66759850,66881050,3083,0,0,0,0,28820,0,3,0,0,0,0,0,0
97,1229951528,2102,0,0,0,0,66756750,66876750,1668,0,0,0,0,28820,0,3,0,0,0,0,0,0
98,4065171759,2103,0,0,0,0,66758550,66874700,3107,0,0,0,0,28820,0,3,0,0,0,0,0,0
99,1034325744,2104,0,0,0,0,66757200,66879250,2848,0,0,0,0,28820,0,3,0,0,0,0,0,0
100,14078671,2105,0,0,0,0,66758400,66876550,3026,0,0,0,0,28820,0,3,0,0,0,0,0,0
101,4024270554,2106,0,0,0,0,66752800,66874150,3143,0,0,0,0,28820,0,3,0,0,0,0,0,0
102,896191351,2107,0,0,0,0,66317400,66878100,3102,0,0,0,0,28820,0,3,0,0,0,0,0,0
103,2131384102,2108,0,0,0,0,66750450,66876600,3092,0,0,0,0,28820,0,3,0,0,0,0,0,0
104,2586210593,2109,0,0,0,0,50036450,50157750,108,0,0,0,0,28820,0,3,0,0,0,0,0,0
105,591918370,2110,0,0,0,0,66758500,66879200,2985,0,0,0,0,28820,0,3,0,0,0,0,0,0
106,8814317,2111,0,0,0,0,66752150,66877300,3085,0,0,0,0,28820,0,3,0,0,0,0,0,0
107,2340504196,2112,0,0,0,0,66012450,66876350,2490,0,0,0,0,28820,0,3,0,0,0,0,0,0
108,3523076009,2113,0,0,0,0,66758150,66876300,3117,0,0,0,0,28820,0,3,0,0,0,0,0,0
109,1961669028,2114,0,0,0,0,66756600,66879350,3184,0,0,0,0,28820,0,3,0,0,0,0,0,0
110,1037581603,2115,0,0,0,0,66755950,66874750,3040,0,0,0,0,28820,0,3,0,0,0,0,0,0
111,2701024588,2116,0,0,0,0,66762450,66879150,3229,0,0,0,0,28820,0,3,0,0,0,0,0,0
112,215037203,2117,0,0,0,0,66220250,66877500,1809,0,0,0,0,28820,0,3,0,0,0,0,0,0
113,3696282862,2118,0,0,0,0,66734550,66878150,3125,0,0,0,0,28820,0,3,0,0,0,0,0,0
114,2829142928,2119,0,0,0,0,66754100,66874300,2948,0,0,0,0,28820,0,3,0,0,0,0,0,0
115,3204762949,2120,0,0,0,0,66763750,66880150,2808,0,0,0,0,28820,0,3,0,0,0,0,0,0
116,3297489190,2121,0,0,0,0,66755450,66873350,3066,0,0,0,0,28820,0,3,0,0,0,0,0,0
117,1691704917,2122,0,0,0,0,66757600,66878250,3016,0,0,0,0,28820,0,3,0,0,0,0,0,0
118,663957814,2123,0,0,0,0,67186400,67304300,3245,0,0,0,0,28820,0,3,0,0,0,0,0,0
119,3058583827,2124,0,0,0,0,66331800,66452750,3120,0,0,0,0,28820,0,3,0,0,0,0,0,0
120,838545270,2125,0,0,0,0,66750700,66875700,3037,0,0,0,0,28820,0,3,0,0,0,0,0,0
121,3608912039,2126,0,0,0,0,66756500,66876700,3081,0,0,0,0,28820,0,3,0,0,0,0,0,0
122,4080159716,2127,0,0,0,0,66757900,66876300,2826,0,0,0,0,28820,0,3,0,0,0,0,0,0
123,1056027075,2128,0,0,0,0,66741500,66876000,2987,0,0,0,0,28820,0,3,0,0,0,0,0,0
124,4057021248,2129,0,0,0,0,66754350,66878450,3050,0,0,0,0,28820,0,3,0,0,0,0,0,0
125,2686741161,2130,0,0,0,0,50033050,50152950,73,0,0,0,0,28820,0,3,0,0,0,0,0,0
126,3870849660,2131,0,0,0,0,66770300,66881550,3068,0,0,0,0,28820,0,3,0,0,0,0,0,0
127,293449641,2132,0,0,0,0,66754800,66875800,3007,0,0,0,0,28820,0,3,0,0,0,0,0,0
128,596064266,2133,0,0,0,0,67004050,67127350,1708,0,0,0,0,28820,0,3,0,0,0,0,0,0
129,3715495249,2134,0,0,0,0,66507500,66630000,3142,0,0,0,0,28820,0,3,0,0,0,0,0,0
130,244680018,2135,0,0,0,0,66017700,66878150,2387,0,0,0,0,28820,0,3,0,0,0,0,0,0
131,4080661783,2136,0,0,0,0,66755000,66876450,3089,0,0,0,0,28820,0,3,0,0,0,0,0,0
132,4006730450,2137,0,0,0,0,66755200,66874600,3205,0,0,0,0,28820,0,3,0,0,0,0,0,0
133,3864584507,2138,0,0,0,0,66758450,66879700,3012,0,0,0,0,28820,0,3,0,0,0,0,0,0
134,2711027320,2139,0,0,0,0,66755150,66877700,3053,0,0,0,0,28820,0,3,0,0,0,0,0,0
135,4099079087,2140,0,0,0,0,50030250,50153000,74,0,0,0,0,28820,0,3,0,0,0,0,0,0
136,565333772,2141,0,0,0,0,66770150,66881400,2984,0,0,0,0,28820,0,3,0,0,0,0,0,0
137,1028518269,2142,0,0,0,0,66747850,66874350,3057,0,0,0,0,28820,0,3,0,0,0,0,0,0
138,2252688136,2143,0,0,0,0,66997700,67117800,2806,0,0,0,0,28820,0,3,0,0,0,0,0,0
139,578597309,2144,0,0,0,0,66522850,66639350,3081,0,0,0,0,28820,0,3,0,0,0,0,0,0
140,3624439358,2145,0,0,0,0,66751850,66873750,3133,0,0,0,0,29140,0,3,0,0,0,0,0,0
141,3514067501,2146,0,0,0,0,66755700,66877650,3020,0,0,0,0,29140,0,3,0,0,0,0,0,0
142,2741972910,2147,0,0,0,0,66759600,66877900,3120,0,0,0,0,29140,0,3,0,0,0,0,0,0
143,28497579,2148,0,0,0,0,66760400,66883000,1903,0,0,0,0,28820,0,3,0,0,0,0,0,0
144,466729326,2149,0,0,0,0,66734500,66872450,2817,0,0,0,0,28820,0,3,0,0,0,0,0,0
145,3425349295,2150,0,0,0,0,66822350,66947350,3114,0,0,0,0,28820,0,3,0,0,0,0,0,0
146,1537640620,2151,0,0,0,0,66682700,66806700,2849,0,0,0,0,28820,0,3,0,0,0,0,0,0
147,1853842891,2152,0,0,0,0,66758250,66878100,3174,0,0,0,0,28820,0,3,0,0,0,0,0,0
148,1177024904,2153,0,0,0,0,66758000,66876400,3033,0,0,0,0,28820,0,3,0,0,0,0,0,0
149,4106734849,2154,0,0,0,0,66756700,66878800,3187,0,0,0,0,28820,0,3,0,0,0,0,0,0
150,2025356500,2155,0,0,0,0,66751150,66874300,3107,0,0,0,0,28820,0,3,0,0,0,0,0,0
151,2189605121,2156,0,0,0,0,66757400,66877850,2758,0,0,0,0,28820,0,3,0,0,0,0,0,0
152,4086136290,2157,0,0,0,0,66759800,66879050,2928,0,0,0,0,28820,0,3,0,0,0,0,0,0
153,4036669705,2158,0,0,0,0,66012650,66876250,2779,0,0,0,0,28820,0,3,0,0,0,0,0,0
154,4167980074,2159,0,0,0,0,66743200,66876150,3067,0,0,0,0,28820,0,3,0,0,0,0,0,0
155,51187407,2160,0,0,0,0,66755350,66877650,3009,0,0,0,0,28820,0,3,0,0,0,0,0,0
156,2242638442,2161,0,0,0,0,66759850,66876700,3232,0,0,0,0,28820,0,3,0,0,0,0,0,0
157,2730108163,2162,0,0,0,0,66348100,66878350,3124,0,0,0,0,28820,0,3,0,0,0,0,0,0
158,2718743917,2163,0,0,0,0,66758000,66877950,3021,0,0,0,0,28820,0,3,0,0,0,0,0,0
159,3391709842,2164,0,0,0,0,66755850,66874850,1493,0,0,0,0,28820,0,3,0,0,0,0,0,0
160,1164604273,2165,0,0,0,0,66757850,66875250,3206,0,0,0,0,28820,0,3,0,0,0,0,0,0
161,2148591176,2166,0,0,0,0,66752400,66879050,2621,0,0,0,0,28820,0,3,0,0,0,0,0,0
162,4192737573,2167,0,0,0,0,66754050,66876300,3060,0,0,0,0,28820,0,3,0,0,0,0,0,0
163,535584840,2168,0,0,0,0,50035500,50153650,48,0,0,0,0,28820,0,3,0,0,0,0,0,0
164,3430794475,2169,0,0,0,0,66769950,66883200,2966,0,0,0,0,28820,0,3,0,0,0,0,0,0
165,776323552,2170,0,0,0,0,66749300,66877700,3044,0,0,0,0,28820,0,3,0,0,0,0,0,0
166,3330991427,2171,0,0,0,0,67108900,67228750,3263,0,0,0,0,28820,0,3,0,0,0,0,0,0
167,3282074430,2172,0,0,0,0,66404050,66524250,3114,0,0,0,0,28820,0,3,0,0,0,0,0,0
168,2597814595,2173,0,0,0,0,66761100,66877950,3111,0,0,0,0,28820,0,3,0,0,0,0,0,0
169,2225601370,2174,0,0,0,0,66752000,66876800,2616,0,0,0,0,28820,0,3,0,0,0,0,0,0
170,3716853465,2175,0,0,0,0,66753350,66875450,3222,0,0,0,0,28820,0,3,0,0,0,0,0,0
171,1080675697,2176,0,0,0,0,66759750,66878950,3207,0,0,0,0,28500,0,3,0,0,0,0,0,0
172,219920238,2177,0,0,0,0,66758350,66874700,3224,0,0,0,0,28500,0,3,0,0,0,0,0,0
173,3070385651,2178,0,0,0,0,50035100,50158550,67,0,0,0,0,28500,0,3,0,0,0,0,0,0
174,2609556270,2179,0,0,0,0,67325450,67440100,2668,0,0,0,0,28500,0,3,0,0,0,0,0,0
175,141401383,2180,0,0,0,0,66177350,66316050,2349,0,0,0,0,28500,0,3,0,0,0,0,0,0
176,3034105280,2181,0,0,0,0,50036600,50154950,69,0,0,0,0,28500,0,3,0,0,0,0,0,0
177,3029196371,2182,0,0,0,0,66762350,66877600,2749,0,0,0,0,28500,0,3,0,0,0,0,0,0
178,699378668,2183,0,0,0,0,66755700,66880550,3171,0,0,0,0,28500,0,3,0,0,0,0,0,0
179,2402609405,2184,0,0,0,0,50033850,50151550,51,0,0,0,0,28500,0,3,0,0,0,0,0,0
CSV_END

STUDY_DONE_754956ed6634=0
# 