/tmp/app-lto --transport apb --state-frame 0 --frames 180 --warmup 30 --wait spin --profile detailed --csv /tmp/transport-frames.csv --grouped && printf "CSV_BEGIN\n" && cat /tmp/transport-frames.csv && printf "CSV_END\n"; study_status=$?; printf "\nSTUDY_DONE_d0b4bacee4b3=%s\n" "$study_status"
TRANSPORT mode=apb dma_minimum=64
BEGIN_BREAKOUT frames=180 warmup=30 fixed=0 blocks=40 tiles=1 hud=1 wait=spin replay=0 state_frame=0 profile=detailed pixel_centers=1 clock_call_ns=4732
HW_COUNTERS unavailable
RESULT frames=180 elapsed_s=9.178863250 fps=19.610271 logic_ms=1.020964 api_ms=11.171104 swap_ms=34.376252 wait_ms=4.291365 worker_inclusive_ms=34.128049 upload_inclusive_ms=7.748270 write_ms=7.475684 bytes_per_frame=30951.56 p50_ms=50.157950 p95_ms=54.002650 max_ms=66.880700 late_60hz=180 first_count=9713 last_count=9892 state_hash=8f34e8fd remaining=38 score=20
RENDER_PATH retained=0 grouped=1 quads=13131 full_frames=180
BREAKOUT_PASS
CSV_BEGIN
frame,state_hash,display_count,logic_ns,api_ns,swap_ns,wait_ns,total_ns,completion_interval_ns,polls,worker_inclusive_ns,upload_inclusive_ns,write_ns,read_ns,write_bytes,read_bytes,write_calls,read_calls,dma_copy_ns,dma_launch_ns,dma_completion_wait_ns,dma_bytes,dma_lists
0,3724779174,9713,758800,11271950,33617800,4476250,50124800,50134800,749,33438800,7997800,7763300,0,31172,0,5,0,0,0,0,0,0
1,1709657109,9714,910800,10573250,36019450,2550850,50054350,50154300,415,35074950,8006250,7776600,0,31172,0,5,0,0,0,0,0,0
2,1894904752,9715,879550,11201050,38055700,16642400,66778700,66880300,3243,37881400,10818200,10604300,0,31172,0,5,0,0,0,0,0,0
3,3703759967,9716,845300,11200250,33631950,4380500,50058000,50156500,822,33451550,7784300,7565700,0,31172,0,5,0,0,0,0,0,0
4,19533624,9717,1420500,10548250,33965000,4123900,50057650,50157900,782,33780000,7423300,7209300,0,31172,0,5,0,0,0,0,0,0
5,816884773,9718,841850,11245900,33746950,4224700,50059400,50158200,785,33567200,7875750,7634950,0,31172,0,5,0,0,0,0,0,0
6,1339236364,9719,1291900,16698250,36784450,12004200,66778800,66879250,2300,36599250,7839300,7631050,0,31172,0,5,0,0,0,0,0,0
7,3072959373,9720,831400,11172200,34470350,3583700,50057650,50157800,667,34290400,7824100,7613800,0,31172,0,5,0,0,0,0,0,0
8,1782884746,9721,866100,11211250,33663850,4315750,50056950,50156550,810,33483750,7887350,7662450,0,31172,0,5,0,0,0,0,0,0
9,30296781,9722,1469550,10524450,34537100,3528950,50060050,50156900,631,34364250,7851300,7643600,0,31492,0,5,0,0,0,0,0,0
10,4026418858,9723,871800,11237950,33629850,4313550,50053150,50156850,806,33457250,7807300,7574550,0,31492,0,5,0,0,0,0,0,0
11,2084929051,9724,2784250,11703550,33785250,1785800,50058850,50158800,261,33606400,7870950,7646450,0,31492,0,5,0,0,0,0,0,0
12,3114489770,9725,862400,11219450,33617800,4358250,50057900,50157800,816,33440400,7820700,7596300,0,31172,0,5,0,0,0,0,0,0
13,891400471,9726,1346900,10551850,33912450,4247350,50058550,50156750,809,33735450,7359100,7138750,0,31172,0,5,0,0,0,0,0,0
14,3472773456,9727,895000,11714150,34113100,3041050,49763300,50575050,552,33934000,7525600,7327150,0,31172,0,5,0,0,0,0,0,0
15,3010688243,9728,836000,10559300,34061700,4184050,49641050,49740850,787,33127750,7510400,7313750,0,31172,0,5,0,0,0,0,0,0
16,2819524756,9729,862700,11227350,33600800,4412450,50103300,50200200,736,33427850,7962050,7723200,0,31172,0,5,0,0,0,0,0,0
17,3241678401,9730,839300,10569350,33930650,4678800,50018100,50116550,892,33736550,7534350,6698550,0,31172,0,5,0,0,0,0,0,0
18,2154316504,9731,867700,11507900,34422950,3260950,50059500,50159400,599,34254250,7931800,7734900,0,31172,0,5,0,0,0,0,0,0
19,772262681,9732,836100,11192500,33260750,4770800,50060150,50158500,908,33075400,7624050,6619950,0,31172,0,5,0,0,0,0,0,0
20,3882818750,9733,865950,11150750,34327300,3713300,50057300,50155550,693,34154300,7920450,7708650,0,31172,0,5,0,0,0,0,0,0
21,521131153,9734,841700,11673300,35787000,1758700,50060700,50157550,372,35603950,7902050,7687100,0,31172,0,5,0,0,0,0,0,0
22,1838187414,9735,1604100,10537650,34179850,3742450,50064050,50158600,673,34005250,7407300,7197700,0,31172,0,5,0,0,0,0,0,0
23,840574439,9736,836250,11266850,33370050,4585700,50058850,50160250,865,33193700,7699300,7491100,0,31172,0,5,0,0,0,0,0,0
24,2879461878,9737,1552900,10550450,33817750,4134750,50055850,50154000,788,33639200,7407050,7191800,0,31172,0,5,0,0,0,0,0,0
25,202086035,9738,849200,11380850,33504650,4327650,50062350,50160550,809,33319700,7808700,7571100,0,31172,0,5,0,0,0,0,0,0
26,959703924,9739,1349700,10714500,42369350,12344300,66777850,66876150,2342,41444200,7671800,7461800,0,31172,0,5,0,0,0,0,0,0
27,3795724423,9740,836450,11215850,34483850,3521200,50057350,50156000,656,34307650,7936500,7728550,0,31172,0,5,0,0,0,0,0,0
28,2500539904,9741,868000,11239850,33644450,4311100,50063400,50160500,806,33463100,7987150,7762950,0,31172,0,5,0,0,0,0,0,0
29,2269000541,9742,845100,11115500,34409650,3688100,50058350,50156650,687,34235400,7905500,7698450,0,31172,0,5,0,0,0,0,0,0
30,1900681108,9743,870200,11248850,33837250,4102750,50059050,50158800,731,33658000,7744450,7532850,0,31172,0,5,0,0,0,0,0,0
31,3680168245,9744,1474000,12747850,33420850,2412150,50054850,50156650,369,33236700,7710550,7512250,0,31172,0,5,0,0,0,0,0,0
32,2344329490,9745,865350,11221400,33373600,4597600,50057950,50157300,868,33194750,7716350,7498500,0,31172,0,5,0,0,0,0,0,0
33,2130650181,9746,1506350,10559950,33914200,4080600,50061100,50159650,773,33727650,7424850,7215100,0,31492,0,5,0,0,0,0,0,0
34,906966818,9747,868500,11429850,34550300,3209750,50058400,50157850,684,34370050,7713200,7514300,0,31492,0,5,0,0,0,0,0,0
35,3939376531,9748,847050,11421850,33242600,4092250,49603750,50156950,766,33044950,7551700,6549400,0,31492,0,5,0,0,0,0,0,0
36,2110688546,9749,869400,11383700,33468450,4760200,50481750,50579500,450,33293550,7855850,7625800,0,31172,0,5,0,0,0,0,0,0
37,2695523007,9750,885900,11539150,33604300,2855400,48884750,49737400,490,33429550,7851100,7619400,0,31172,0,5,0,0,0,0,0,0
38,744447992,9751,883150,11399750,34622350,3149150,50054400,50155450,577,34449300,7814550,7608450,0,31172,0,5,0,0,0,0,0,0
39,3728640411,9752,838300,11429500,33466200,4328250,50062250,50160550,816,33284500,7801550,7593000,0,31172,0,5,0,0,0,0,0,0
40,618879740,9753,876900,11180850,34413600,3588000,50059350,50155900,670,34237000,7825700,7611050,0,31172,0,5,0,0,0,0,0,0
41,1239708057,9754,846850,11208450,36298050,1705000,50058350,50154950,360,36113850,7806350,7594900,0,31172,0,5,0,0,0,0,0,0
42,2429742208,9755,873000,11133850,34396350,3664550,50067750,50163150,686,34220800,7550350,7331000,0,31172,0,5,0,0,0,0,0,0
43,412095716,9756,843750,11214150,33666000,4333000,50056900,50157200,809,33479950,7779200,7581000,0,31172,0,5,0,0,0,0,0,0
44,1226741467,9757,1492350,10564100,34037350,3964350,50058150,50158000,749,33859800,7422900,7209600,0,31172,0,5,0,0,0,0,0,0
45,3288446148,9758,850100,11237600,33736500,4233150,50057350,50156850,788,33560150,7856700,7617300,0,31172,0,5,0,0,0,0,0,0
46,1157984843,9759,1400100,10532000,41884800,12959650,66776550,66875800,2524,41694250,7389650,7183200,0,31172,0,5,0,0,0,0,0,0
47,3877288378,9760,840250,11369200,34391400,3456300,50057150,50158900,643,34216100,7813100,7608250,0,31172,0,5,0,0,0,0,0,0
48,4236526315,9761,873600,11340900,33558350,4286800,50059650,50156600,806,33375250,7894700,7675400,0,31172,0,5,0,0,0,0,0,0
49,533834014,9762,852100,11159950,34337600,3714600,50064250,50161050,697,34158300,7687650,7476450,0,31172,0,5,0,0,0,0,0,0
50,1649361089,9763,871850,11228950,33920850,4036550,50058200,50156600,745,33729800,7801500,7594100,0,31172,0,5,0,0,0,0,0,0
51,2486981906,9764,1483850,12788000,33690800,2096500,50059150,50159000,328,33500950,7787900,7585900,0,31172,0,5,0,0,0,0,0,0
52,1706075277,9765,867500,11249550,33626700,4312350,50056100,50154450,805,33450200,7803300,7570900,0,31172,0,5,0,0,0,0,0,0
53,267972368,9766,1408100,10582550,34027000,4041900,50059550,50157950,765,33848250,7397200,7185450,0,31172,0,5,0,0,0,0,0,0
54,3895401273,9767,873300,11216250,33991950,3977450,50058950,50160050,712,33810350,8160050,7917200,0,31172,0,5,0,0,0,0,0,0
55,605985656,9768,1330350,10566500,34142950,4016850,50056650,50157850,751,33953900,7505100,6478450,0,31172,0,5,0,0,0,0,0,0
56,4077673024,9769,917850,11270900,33626850,4514350,50329950,50426500,765,33446450,7812500,6849600,0,30852,0,5,0,0,0,0,0,0
57,985632231,9770,872850,10573500,34345350,3997200,49788900,49887350,746,33399250,7709050,7503100,0,30852,0,5,0,0,0,0,0,0
58,3720590956,9771,904200,11230200,34104200,4058950,50297550,50395700,728,33341450,7080200,6874450,0,30852,0,5,0,0,0,0,0,0
59,3264032585,9772,880800,11324450,33692500,3922250,49820000,49922300,725,33510950,7817650,7605000,0,30852,0,5,0,0,0,0,0,0
60,395405688,9773,902100,11179050,34291550,3685550,50058250,50156600,691,34115050,7766050,7551500,0,30852,0,5,0,0,0,0,0,0
61,32142420,9774,904150,11371100,36500150,577800,49353200,50157550,119,36317400,7721700,7523500,0,30852,0,5,0,0,0,0,0,0
62,1187067055,9775,912950,11201750,34327250,3614550,50056500,50158400,674,34148900,7777250,7559000,0,30852,0,5,0,0,0,0,0,0
63,459140908,9776,893250,11572100,33540900,4052550,50058800,50157150,750,33360750,7875450,7676050,0,30852,0,5,0,0,0,0,0,0
64,3369786495,9777,1540450,10509950,34028900,3981400,50060700,50159250,754,33851450,7665250,7448950,0,30852,0,5,0,0,0,0,0,0
65,1572434254,9778,896950,11239450,33493000,4428300,50057700,50156000,825,33312750,7829200,7616750,0,30852,0,5,0,0,0,0,0,0
66,4107798823,9779,1446700,10535150,41829300,12965250,66776400,66876400,2463,41652750,7699950,7505100,0,30852,0,5,0,0,0,0,0,0
67,343968250,9780,881550,11235050,34403600,3536300,50056500,50157900,660,34226450,7766850,7561150,0,30852,0,5,0,0,0,0,0,0
68,3102454017,9781,893450,11298350,33531050,4339250,50062100,50159350,818,33347200,7742800,6944200,0,30852,0,5,0,0,0,0,0,0
69,3051095563,9782,878450,11160150,34439850,3580550,50059000,50157000,669,34264350,7778400,7569500,0,30852,0,5,0,0,0,0,0,0
70,2391331016,9783,896400,11219100,33640400,4306000,50061900,50160550,807,33463800,7828300,7605600,0,30852,0,5,0,0,0,0,0,0
71,3869016117,9784,1492500,10851600,36025300,1690150,50059550,50157950,239,35846800,7796600,7571850,0,30852,0,5,0,0,0,0,0,0
72,1579800804,9785,893900,11238150,33498250,4427550,50057850,50156350,832,33322450,7875400,7659150,0,30852,0,5,0,0,0,0,0,0
73,2792341157,9786,1472650,10557100,33985150,4043000,50057900,50156600,768,33807400,7496750,7291000,0,30852,0,5,0,0,0,0,0,0
74,714702942,9787,913150,11199350,33490000,4456100,50058600,50158700,831,33309800,7859800,7634400,0,30852,0,5,0,0,0,0,0,0
75,1092538936,9788,1398100,10562600,34346850,3751600,50059150,50159200,688,34169750,7596450,7403700,0,30852,0,5,0,0,0,0,0,0
76,1561271239,9789,893050,11245200,33569350,4354200,50061800,50159100,782,33391250,7807200,7567150,0,31172,0,5,0,0,0,0,0,0
77,3798074098,9790,873150,10597550,33940900,4213600,49625200,50155000,763,33013900,7510700,7301950,0,31172,0,5,0,0,0,0,0,0
78,3022639071,9791,901500,11259900,33461900,4655550,50278850,50379450,765,33289500,7805050,6836300,0,31172,0,5,0,0,0,0,0,0
79,2282770062,9792,873350,11265650,33829900,3865650,49834550,49935800,714,33638750,7762100,7560650,0,30852,0,5,0,0,0,0,0,0
80,1626512457,9793,891200,11332950,33816500,4022050,50062700,50159600,776,33091650,7040200,6839800,0,30852,0,5,0,0,0,0,0,0
81,3156888026,9794,878650,11390800,35610800,2175750,50056000,50154300,462,34866650,7039200,6840850,0,30852,0,5,0,0,0,0,0,0
82,3038824309,9795,897050,11296850,34120750,3742100,50056750,50160000,704,33944200,7704150,7493300,0,30852,0,5,0,0,0,0,0,0
83,1261846460,9796,878950,11338850,33677250,4166950,50062000,50160500,776,33478000,7640350,7438150,0,30852,0,5,0,0,0,0,0,0
84,2035201521,9797,1694350,11499950,33423800,2723100,49341200,50158200,469,33243150,7778000,7574150,0,30852,0,5,0,0,0,0,0,0
85,2164446652,9798,881600,11366000,33315950,4495100,50058650,50155800,847,33130100,7648900,7437200,0,30852,0,5,0,0,0,0,0,0
86,2017191835,9799,1486450,10542600,42381900,12368300,66779250,66879350,2355,42202950,7412100,7201100,0,30852,0,5,0,0,0,0,0,0
87,3029138484,9800,888500,11275550,34592150,3444200,50200400,50300450,611,34416300,7696950,7487250,0,30852,0,5,0,0,0,0,0,0
88,50355403,9801,901000,11308450,33161050,4544000,49914500,50012900,861,32979250,7458850,7245800,0,30852,0,5,0,0,0,0,0,0
89,654213990,9802,882600,11321150,34240200,3618200,50062150,50159200,677,34061450,7699100,7496000,0,30852,0,5,0,0,0,0,0,0
90,2360099787,9803,898100,11357350,33475650,4328850,50059950,50158400,813,33293800,7763350,7543950,0,30852,0,5,0,0,0,0,0,0
91,2424818746,9804,879100,11267750,36010300,1902900,50060050,50158200,286,35835300,7692200,6891500,0,30852,0,5,0,0,0,0,0,0
92,1971386461,9805,894650,11386850,33320350,4455750,50057600,50157650,838,33138000,7660100,7451400,0,30852,0,5,0,0,0,0,0,0
93,3386045126,9806,1503050,10690500,33811850,4050000,50055400,50153900,770,33639600,7401650,7199000,0,30852,0,5,0,0,0,0,0,0
94,1429641961,9807,899650,11315150,33240500,4605300,50060600,50160700,871,33062800,7658700,7438500,0,30852,0,5,0,0,0,0,0,0
95,3022846880,9808,1430000,10552850,34322150,3750300,50055300,50155250,694,34147650,7443850,7248750,0,30852,0,5,0,0,0,0,0,0
96,1601897261,9809,889450,11239450,33604750,4328350,50062000,50158950,806,33426250,7742250,7504900,0,30852,0,5,0,0,0,0,0,0
97,1229951528,9810,1350050,10587200,34001400,4121550,50060200,50158300,773,33828200,7425600,7215650,0,30852,0,5,0,0,0,0,0,0
98,4065171759,9811,905250,11250250,33577600,4530350,50263450,50361750,769,33403750,7013950,6792100,0,30852,0,5,0,0,0,0,0,0
99,1034325744,9812,877350,10575100,34716000,3685950,49854400,49954950,675,33792750,8127400,7906700,0,30852,0,5,0,0,0,0,0,0
100,14078671,9813,904350,11218450,34088600,3845250,50056650,50155100,734,33922900,7643800,6892800,0,31172,0,5,0,0,0,0,0,0
101,4024270554,9814,876700,11277800,35236950,2666450,50057900,50159100,445,35033500,7066750,6868750,0,31172,0,5,0,0,0,0,0,0
102,896191351,9815,901950,11179950,34426100,3549100,50057100,50157600,662,34250600,7754900,7545650,0,31172,0,5,0,0,0,0,0,0
103,2131384102,9816,879450,11202850,33721000,4259050,50062350,50160900,740,33528000,7809000,7597400,0,30852,0,5,0,0,0,0,0,0
104,2586210593,9817,909950,11130050,34330100,3685750,50055850,50157250,692,34152800,7758850,7551450,0,30852,0,5,0,0,0,0,0,0
105,591918370,9818,880100,11199100,33576350,4403750,50059300,50157450,827,33386400,7702300,7487050,0,30852,0,5,0,0,0,0,0,0
106,8814317,9819,1550150,10522550,41971200,12729800,66773700,66874800,2476,41795450,7518900,7321750,0,30852,0,5,0,0,0,0,0,0
107,2340504196,9820,913700,11318750,34385250,2866100,49483800,50302450,514,34212850,7372550,7156000,0,30852,0,5,0,0,0,0,0,0
108,3523076009,9821,917650,11283500,33261000,4452550,49914700,50013350,842,33079550,7464200,7251600,0,30852,0,5,0,0,0,0,0,0
109,1961669028,9822,881800,11212700,34498800,3468650,50061950,50159150,644,34315750,7745150,7539950,0,30852,0,5,0,0,0,0,0,0
110,1037581603,9823,902450,11295550,33702300,4160500,50060800,50159450,776,33522300,7823200,7607800,0,30852,0,5,0,0,0,0,0,0
111,2701024588,9824,880700,11140800,36717400,1317550,50056450,50154550,141,36538050,8117050,7895650,0,30852,0,5,0,0,0,0,0,0
112,215037203,9825,902350,11212000,33570250,4377300,50061900,50160450,823,33382100,7711100,7508750,0,30852,0,5,0,0,0,0,0,0
113,3696282862,9826,1516550,10509100,34194600,3840200,50060450,50159100,725,34022300,7566600,7361400,0,30852,0,5,0,0,0,0,0,0
114,2829142928,9827,932300,11239250,33502550,4384450,50058550,50156650,821,33325450,7711550,7487900,0,30852,0,5,0,0,0,0,0,0
115,3204762949,9828,1469800,10581800,36050700,1954050,50056350,50157750,296,35878950,7800750,7572400,0,30852,0,5,0,0,0,0,0,0
116,3297489190,9829,900550,11608750,33675000,3875150,50059450,50157900,707,33488750,7826200,7605050,0,30852,0,5,0,0,0,0,0,0
117,1691704917,9830,1347400,10563150,33887950,4261500,50060000,50158000,813,33713950,7309150,7099700,0,30852,0,5,0,0,0,0,0,0
118,663957814,9831,905900,11277900,33639250,4563900,50386950,50486700,775,33463300,7965250,7731200,0,30852,0,5,0,0,0,0,0,0
119,3058583827,9832,885650,10578500,33916400,4345200,49725750,49826000,823,32966250,7491800,6341750,0,30852,0,5,0,0,0,0,0,0
120,838545270,9833,906800,11519600,34135000,3571350,50132750,50230900,670,33958300,7824650,7623100,0,30852,0,5,0,0,0,0,0,0
121,3608912039,9834,870400,10576000,36626450,1917850,49990700,50087400,407,35107900,7981000,7746000,0,30852,0,5,0,0,0,0,0,0
122,4080159716,9835,899600,11207200,34037700,3914850,50059350,50159600,743,33176600,7093800,6905000,0,30852,0,5,0,0,0,0,0,0
123,1056027075,9836,875300,11308300,33374700,4493650,50051950,50153600,824,33190350,7714250,7511150,0,30852,0,5,0,0,0,0,0,0
124,4057021248,9837,901250,11137900,34400950,3621750,50061850,50159500,649,34227650,7604750,7406200,0,31172,0,5,0,0,0,0,0,0
125,2686741161,9838,869650,11256900,33529050,4402750,50058350,50158050,827,33350650,7809200,7597800,0,31172,0,5,0,0,0,0,0,0
126,3870849660,9839,1689650,10562000,40381650,14145750,66779050,66877250,2637,40216550,6976500,6767450,0,31172,0,5,0,0,0,0,0,0
127,293449641,9840,871150,11268050,33677700,4430900,50247800,50349900,744,33498400,7904450,7689000,0,30852,0,5,0,0,0,0,0,0
128,596064266,9841,898700,11645700,33587500,3736800,49868700,49967150,685,33408550,7938250,7738500,0,30852,0,5,0,0,0,0,0,0
129,3715495249,9842,874900,11187200,34142000,3854800,50058900,50157000,735,33365850,7142000,6942300,0,30852,0,5,0,0,0,0,0,0
130,244680018,9843,935950,11395150,33443500,3554700,49329300,50159500,637,33252750,7806800,7593000,0,30852,0,5,0,0,0,0,0,0
131,4080661783,9844,880950,11181300,36010400,1979950,50052600,50153700,301,35834750,7900900,7696600,0,30852,0,5,0,0,0,0,0,0
132,4006730450,9845,900700,11250900,33669900,4240600,50062100,50159600,764,33496150,7654150,7451700,0,30852,0,5,0,0,0,0,0,0
133,3864584507,9846,865300,11079900,34097250,4013950,50056400,50156400,736,33927100,7694750,7493300,0,30852,0,5,0,0,0,0,0,0
134,2711027320,9847,897100,11239900,33276050,4645450,50058500,50157800,881,33100550,7647400,7435550,0,30852,0,5,0,0,0,0,0,0
135,4099079087,9848,1620850,10592850,33799800,4047500,50061000,50159750,769,33632250,7393850,7192950,0,30852,0,5,0,0,0,0,0,0
136,565333772,9849,899600,11378150,33787200,3993900,50058850,50156900,734,33610050,7753600,7527100,0,30852,0,5,0,0,0,0,0,0
137,1028518269,9850,1404350,10681150,33842700,4131800,50060000,50159350,788,33665800,7357350,7145850,0,30852,0,5,0,0,0,0,0,0
138,2252688136,9851,907800,11406800,33414250,4326700,50055550,50156950,806,33235600,7746000,7512300,0,30852,0,5,0,0,0,0,0,0
139,578597309,9852,894950,11456600,33067000,4221900,49640450,50157650,796,32886300,7425700,7220150,0,30852,0,5,0,0,0,0,0,0
140,3624439358,9853,906000,11397250,34358250,3585500,50247000,50343900,675,34176600,7657350,7449200,0,30852,0,5,0,0,0,0,0,0
141,3514067501,9854,868300,11475500,34948950,2582250,49875000,49972550,429,34751950,7800700,7566350,0,30852,0,5,0,0,0,0,0,0
142,2741972910,9855,903050,11219400,33987700,3948300,50058450,50158750,759,33244150,7047750,6851050,0,30852,0,5,0,0,0,0,0,0
143,28497579,9856,877800,11316700,33544800,4319000,50058300,50158250,813,33353550,7694850,6909000,0,30852,0,5,0,0,0,0,0,0
144,466729326,9857,908100,11154600,34478900,3516250,50057850,50154450,655,34295950,7584250,7368850,0,30852,0,5,0,0,0,0,0,0
145,3425349295,9858,876900,11235100,33607000,4342750,50061750,50158500,815,33425000,7756850,7559150,0,30852,0,5,0,0,0,0,0,0
146,1537640620,9859,1554500,10483650,40322800,14421450,66782400,66880700,2693,40139200,13744350,13499300,0,30852,0,5,0,0,0,0,0,0
147,1853842891,9860,894500,11421650,33480300,4570050,50366500,50474350,777,33302950,7757400,6795950,0,30852,0,5,0,0,0,0,0,0
148,1177024904,9861,894150,11480250,33901800,3461800,49738000,49837450,626,33722150,7820450,7616050,0,31172,0,5,0,0,0,0,0,0
149,4106734849,9862,873100,11356900,34096050,3769350,50095400,50192200,718,33927050,7100650,6905950,0,31172,0,5,0,0,0,0,0,0
150,2025356500,9863,896500,10577600,34336950,4215350,50026400,50125750,791,33287200,7733200,7528450,0,31172,0,5,0,0,0,0,0,0
151,2189605121,9864,881000,11180700,36092950,1904800,50059450,50157950,290,35914950,7824800,7612750,0,30852,0,5,0,0,0,0,0,0
152,4086136290,9865,898450,11276000,33936100,3948900,50059450,50158200,729,33751350,7748400,7540050,0,30852,0,5,0,0,0,0,0,0
153,4036669705,9866,872100,11106550,34475550,3605400,50059600,50157800,674,34298700,7776750,7569950,0,30852,0,5,0,0,0,0,0,0
154,4167980074,9867,929400,11442900,33658850,3308900,49340050,50158750,583,33483600,7812650,6858800,0,30852,0,5,0,0,0,0,0,0
155,51187407,9868,1532100,10540800,34101200,3883700,50057800,50157850,732,33924800,7464350,7261100,0,30852,0,5,0,0,0,0,0,0
156,2242638442,9869,899900,11236350,33878200,4043800,50058250,50156700,729,33693150,8039150,7804700,0,30852,0,5,0,0,0,0,0,0
157,2730108163,9870,1445550,10563900,33989500,4059700,50058650,50155050,769,33812950,7301650,7091200,0,30852,0,5,0,0,0,0,0,0
158,2718743917,9871,894800,11260650,33669200,4235200,50059850,50159300,785,33493000,7800750,7567350,0,30852,0,5,0,0,0,0,0,0
159,3391709842,9872,1347800,10587550,34176100,3945800,50057250,50156550,734,33992600,7473200,7263050,0,30852,0,5,0,0,0,0,0,0
160,1164604273,9873,900100,11282900,33643200,4768500,50594700,50692450,760,33469150,7804200,6846700,0,30852,0,5,0,0,0,0,0,0
161,2148591176,9874,886850,11336300,36186000,1114300,49523450,49622900,234,35995100,10287700,10019750,0,30852,0,5,0,0,0,0,0,0
162,4192737573,9875,902900,11263700,34147850,3752150,50066600,50160000,711,33975650,7660100,7442450,0,30852,0,5,0,0,0,0,0,0
163,535584840,9876,879750,11317400,33581950,4279500,50058600,50156850,805,33384150,7740500,7534250,0,30852,0,5,0,0,0,0,0,0
164,3430794475,9877,910200,11197350,34351100,3602000,50060650,50157750,672,34174650,7757250,7545650,0,30852,0,5,0,0,0,0,0,0
165,776323552,9878,880000,11569650,33633000,3980850,50063500,50160350,735,33450100,7886850,7688250,0,30852,0,5,0,0,0,0,0,0
166,3330991427,9879,899600,11114550,36857450,5031000,53902600,54002650,21,36673700,10403400,10171600,0,30852,0,5,0,0,0,0,0,0
167,3282074430,9880,937900,11312650,33638600,301150,46190300,46310950,59,33453450,7865550,7663400,0,30852,0,5,0,0,0,0,0,0
168,2597814595,9881,1721550,10545100,33962400,3830800,50059850,50158250,715,33782750,7480350,7274000,0,30852,0,5,0,0,0,0,0,0
169,2225601370,9882,884850,11240600,33932500,4002750,50060700,50159250,706,33748700,7809900,7587400,0,30852,0,5,0,0,0,0,0,0
170,3716853465,9883,1459000,10557350,33777850,4261100,50055300,50157650,784,33602500,7338400,7124900,0,30852,0,5,0,0,0,0,0,0
171,1080675697,9884,900700,11171500,33191500,4790250,50053950,50156650,908,33013950,7627750,7421750,0,30212,0,5,0,0,0,0,0,0
172,219920238,9885,1937850,12345850,33109100,2666400,50059200,50157750,449,32926450,7693300,7485500,0,30212,0,5,0,0,0,0,0,0
173,3070385651,9886,862800,11232750,33544950,4628650,50269150,50367700,790,33356100,7692400,6729000,0,30212,0,5,0,0,0,0,0,0
174,2609556270,9887,901700,10577800,33385450,4981300,49846250,49946950,970,32470000,7321300,7112100,0,30212,0,5,0,0,0,0,0,0
175,141401383,9888,877650,11259600,33046750,4876650,50060650,50161650,845,32866750,7698150,7467200,0,30212,0,5,0,0,0,0,0,0
176,3034105280,9889,902050,11285350,32660000,5208900,50056300,50154500,1018,32473700,7232200,7020600,0,30212,0,5,0,0,0,0,0,0
177,3029196371,9890,881800,11196900,34251700,3729550,50059950,50159650,702,34071850,7644650,7447600,0,30212,0,5,0,0,0,0,0,0
178,699378668,9891,892850,11315100,32689900,5159800,50057650,50155900,996,32505350,7264700,7041250,0,30212,0,5,0,0,0,0,0,0
179,2402609405,9892,875250,10954850,33735000,4495450,50060550,50158850,875,33021050,7019350,6829850,0,30212,0,5,0,0,0,0,0,0
CSV_END

STUDY_DONE_d0b4bacee4b3=0
# 