/tmp/app --transport apb --state-frame 0 --dma-minimum 64 --frames 180 --warmup 30 --wait spin --profile frame --csv /tmp/transport-frames.csv --replay --dump /tmp/transport-frame.raw && printf "CSV_BEGIN\n" && cat /tmp/transport-frames.csv && printf "CSV_END\n"; study_status=$?; printf "\nSTUDY_DONE_fdb0e013403f=%s\n" "$study_status"
TRANSPORT mode=apb dma_minimum=64
BEGIN_BREAKOUT frames=180 warmup=30 fixed=1 blocks=40 tiles=1 hud=1 wait=spin replay=1 state_frame=0 profile=frame pixel_centers=1 clock_call_ns=5811
HW_COUNTERS unavailable
RESULT frames=180 elapsed_s=3.059599100 fps=58.831237 logic_ms=0.000000 api_ms=0.000000 swap_ms=0.000000 wait_ms=0.000000 worker_inclusive_ms=0.000000 upload_inclusive_ms=0.000000 write_ms=0.000000 bytes_per_frame=34372.00 p50_ms=16.719350 p95_ms=17.032650 max_ms=33.439900 late_60hz=161 first_count=4859 last_count=5038 state_hash=de3c9d08 remaining=40 score=0
RENDER_PATH retained=0 grouped=0 quads=0 full_frames=0
FRAME_CHECK count=5038 address=9fe00000 fnv1a=16e1fedb pixels=307200 mismatches=0
BREAKOUT_PASS
CSV_BEGIN
frame,state_hash,display_count,logic_ns,api_ns,swap_ns,wait_ns,total_ns,completion_interval_ns,polls,worker_inclusive_ns,upload_inclusive_ns,write_ns,read_ns,write_bytes,read_bytes,write_calls,read_calls,dma_copy_ns,dma_launch_ns,dma_completion_wait_ns,dma_bytes,dma_lists
0,3728514312,4859,0,0,0,0,16677900,16691900,786,0,0,0,0,34372,0,5,0,0,0,0,0,0
1,3728514312,4860,0,0,0,0,16597200,16720850,741,0,0,0,0,34372,0,5,0,0,0,0,0,0
2,3728514312,4861,0,0,0,0,15307550,16914800,541,0,0,0,0,34372,0,5,0,0,0,0,0,0
3,3728514312,4862,0,0,0,0,16392100,16522750,804,0,0,0,0,34372,0,5,0,0,0,0,0,0
4,3728514312,4863,0,0,0,0,16621750,16717150,865,0,0,0,0,34372,0,5,0,0,0,0,0,0
5,3728514312,4864,0,0,0,0,16602200,16718600,829,0,0,0,0,34372,0,5,0,0,0,0,0,0
6,3728514312,4865,0,0,0,0,16609050,16722700,771,0,0,0,0,34372,0,5,0,0,0,0,0,0
7,3728514312,4866,0,0,0,0,16599600,16717100,851,0,0,0,0,34372,0,5,0,0,0,0,0,0
8,3728514312,4867,0,0,0,0,16610700,16721750,796,0,0,0,0,34372,0,5,0,0,0,0,0,0
9,3728514312,4868,0,0,0,0,16603800,16717650,859,0,0,0,0,34372,0,5,0,0,0,0,0,0
10,3728514312,4869,0,0,0,0,16600500,16717250,848,0,0,0,0,34372,0,5,0,0,0,0,0,0
11,3728514312,4870,0,0,0,0,16596700,16722300,816,0,0,0,0,34372,0,5,0,0,0,0,0,0
12,3728514312,4871,0,0,0,0,16610500,16719000,789,0,0,0,0,34372,0,5,0,0,0,0,0,0
13,3728514312,4872,0,0,0,0,17115900,17234150,804,0,0,0,0,34372,0,5,0,0,0,0,0,0
14,3728514312,4873,0,0,0,0,16077350,16201200,768,0,0,0,0,34372,0,5,0,0,0,0,0,0
15,3728514312,4874,0,0,0,0,16600050,16720150,873,0,0,0,0,34372,0,5,0,0,0,0,0,0
16,3728514312,4875,0,0,0,0,16615500,16722050,811,0,0,0,0,34372,0,5,0,0,0,0,0,0
17,3728514312,4876,0,0,0,0,16597300,16715350,803,0,0,0,0,34372,0,5,0,0,0,0,0,0
18,3728514312,4877,0,0,0,0,16610550,16722800,843,0,0,0,0,34372,0,5,0,0,0,0,0,0
19,3728514312,4878,0,0,0,0,16726250,16842500,301,0,0,0,0,34372,0,5,0,0,0,0,0,0
20,3728514312,4879,0,0,0,0,16479150,16595600,853,0,0,0,0,34372,0,5,0,0,0,0,0,0
21,3728514312,4880,0,0,0,0,16594850,16716350,871,0,0,0,0,34372,0,5,0,0,0,0,0,0
22,3728514312,4881,0,0,0,0,16603500,16720300,769,0,0,0,0,34372,0,5,0,0,0,0,0,0
23,3728514312,4882,0,0,0,0,16599800,16719350,806,0,0,0,0,34372,0,5,0,0,0,0,0,0
24,3728514312,4883,0,0,0,0,16901000,17017200,818,0,0,0,0,34372,0,5,0,0,0,0,0,0
25,3728514312,4884,0,0,0,0,15502750,16422950,539,0,0,0,0,34372,0,5,0,0,0,0,0,0
26,3728514312,4885,0,0,0,0,16595850,16717600,784,0,0,0,0,34372,0,5,0,0,0,0,0,0
27,3728514312,4886,0,0,0,0,16595800,16720450,823,0,0,0,0,34372,0,5,0,0,0,0,0,0
28,3728514312,4887,0,0,0,0,16617150,16719050,756,0,0,0,0,34372,0,5,0,0,0,0,0,0
29,3728514312,4888,0,0,0,0,16603650,16721400,829,0,0,0,0,34372,0,5,0,0,0,0,0,0
30,3728514312,4889,0,0,0,0,16599700,16716050,772,0,0,0,0,34372,0,5,0,0,0,0,0,0
31,3728514312,4890,0,0,0,0,16604450,16722750,852,0,0,0,0,34372,0,5,0,0,0,0,0,0
32,3728514312,4891,0,0,0,0,16601500,16716650,855,0,0,0,0,34372,0,5,0,0,0,0,0,0
33,3728514312,4892,0,0,0,0,16593250,16718050,815,0,0,0,0,34372,0,5,0,0,0,0,0,0
34,3728514312,4893,0,0,0,0,16604100,16721750,774,0,0,0,0,34372,0,5,0,0,0,0,0,0
35,3728514312,4894,0,0,0,0,16601750,16718700,851,0,0,0,0,34372,0,5,0,0,0,0,0,0
36,3728514312,4895,0,0,0,0,16224850,16719350,795,0,0,0,0,34372,0,5,0,0,0,0,0,0
37,3728514312,4896,0,0,0,0,16605700,16718000,862,0,0,0,0,34372,0,5,0,0,0,0,0,0
38,3728514312,4897,0,0,0,0,16619600,16721850,775,0,0,0,0,34372,0,5,0,0,0,0,0,0
39,3728514312,4898,0,0,0,0,16585900,16717450,796,0,0,0,0,34372,0,5,0,0,0,0,0,0
40,3728514312,4899,0,0,0,0,16608450,16717400,795,0,0,0,0,34372,0,5,0,0,0,0,0,0
41,3728514312,4900,0,0,0,0,16664000,16786950,786,0,0,0,0,34372,0,5,0,0,0,0,0,0
42,3728514312,4901,0,0,0,0,16539650,16655950,863,0,0,0,0,34372,0,5,0,0,0,0,0,0
43,3728514312,4902,0,0,0,0,16601800,16715050,850,0,0,0,0,34372,0,5,0,0,0,0,0,0
44,3728514312,4903,0,0,0,0,16609300,16722000,803,0,0,0,0,34372,0,5,0,0,0,0,0,0
45,3728514312,4904,0,0,0,0,16598050,16717900,811,0,0,0,0,34372,0,5,0,0,0,0,0,0
46,3728514312,4905,0,0,0,0,33324650,33439900,2429,0,0,0,0,34372,0,5,0,0,0,0,0,0
47,3728514312,4906,0,0,0,0,16592900,16717550,883,0,0,0,0,34372,0,5,0,0,0,0,0,0
48,3728514312,4907,0,0,0,0,15799200,16724050,484,0,0,0,0,34372,0,5,0,0,0,0,0,0
49,3728514312,4908,0,0,0,0,16592250,16715100,486,0,0,0,0,34372,0,5,0,0,0,0,0,0
50,3728514312,4909,0,0,0,0,16603300,16721500,716,0,0,0,0,34372,0,5,0,0,0,0,0,0
51,3728514312,4910,0,0,0,0,16751200,16868400,788,0,0,0,0,34372,0,5,0,0,0,0,0,0
52,3728514312,4911,0,0,0,0,16463100,16569000,809,0,0,0,0,34372,0,5,0,0,0,0,0,0
53,3728514312,4912,0,0,0,0,16605800,16718950,885,0,0,0,0,34372,0,5,0,0,0,0,0,0
54,3728514312,4913,0,0,0,0,16610150,16718100,818,0,0,0,0,34372,0,5,0,0,0,0,0,0
55,3728514312,4914,0,0,0,0,16598600,16719950,760,0,0,0,0,34372,0,5,0,0,0,0,0,0
56,3728514312,4915,0,0,0,0,16607500,16717900,848,0,0,0,0,34372,0,5,0,0,0,0,0,0
57,3728514312,4916,0,0,0,0,16608150,16720550,800,0,0,0,0,34372,0,5,0,0,0,0,0,0
58,3728514312,4917,0,0,0,0,16604650,16718600,840,0,0,0,0,34372,0,5,0,0,0,0,0,0
59,3728514312,4918,0,0,0,0,16609200,16722450,865,0,0,0,0,34372,0,5,0,0,0,0,0,0
60,3728514312,4919,0,0,0,0,16613150,16719600,806,0,0,0,0,34372,0,5,0,0,0,0,0,0
61,3728514312,4920,0,0,0,0,16600300,16715300,779,0,0,0,0,34372,0,5,0,0,0,0,0,0
62,3728514312,4921,0,0,0,0,16992250,17103100,736,0,0,0,0,34372,0,5,0,0,0,0,0,0
63,3728514312,4922,0,0,0,0,16212700,16337300,802,0,0,0,0,34372,0,5,0,0,0,0,0,0
64,3728514312,4923,0,0,0,0,16607150,16720950,851,0,0,0,0,34372,0,5,0,0,0,0,0,0
65,3728514312,4924,0,0,0,0,16600250,16717150,835,0,0,0,0,34372,0,5,0,0,0,0,0,0
66,3728514312,4925,0,0,0,0,16608250,16719900,792,0,0,0,0,34372,0,5,0,0,0,0,0,0
67,3728514312,4926,0,0,0,0,16600750,16719450,819,0,0,0,0,34372,0,5,0,0,0,0,0,0
68,3728514312,4927,0,0,0,0,16607100,16719400,768,0,0,0,0,34372,0,5,0,0,0,0,0,0
69,3728514312,4928,0,0,0,0,16602700,16720650,889,0,0,0,0,34372,0,5,0,0,0,0,0,0
70,3728514312,4929,0,0,0,0,16604000,16718900,832,0,0,0,0,34372,0,5,0,0,0,0,0,0
71,3728514312,4930,0,0,0,0,15796700,16717050,595,0,0,0,0,34372,0,5,0,0,0,0,0,0
72,3728514312,4931,0,0,0,0,16595200,16721600,803,0,0,0,0,34372,0,5,0,0,0,0,0,0
73,3728514312,4932,0,0,0,0,17067900,17185700,830,0,0,0,0,34372,0,5,0,0,0,0,0,0
74,3728514312,4933,0,0,0,0,16138000,16249700,773,0,0,0,0,34372,0,5,0,0,0,0,0,0
75,3728514312,4934,0,0,0,0,16610500,16721250,794,0,0,0,0,34372,0,5,0,0,0,0,0,0
76,3728514312,4935,0,0,0,0,16609200,16719850,824,0,0,0,0,34372,0,5,0,0,0,0,0,0
77,3728514312,4936,0,0,0,0,16600250,16718000,765,0,0,0,0,34372,0,5,0,0,0,0,0,0
78,3728514312,4937,0,0,0,0,16605850,16719400,833,0,0,0,0,34372,0,5,0,0,0,0,0,0
79,3728514312,4938,0,0,0,0,16734200,16850850,419,0,0,0,0,34372,0,5,0,0,0,0,0,0
80,3728514312,4939,0,0,0,0,16471400,16587200,815,0,0,0,0,34372,0,5,0,0,0,0,0,0
81,3728514312,4940,0,0,0,0,16602800,16721900,875,0,0,0,0,34372,0,5,0,0,0,0,0,0
82,3728514312,4941,0,0,0,0,16600850,16717700,810,0,0,0,0,34372,0,5,0,0,0,0,0,0
83,3728514312,4942,0,0,0,0,16599050,16718700,772,0,0,0,0,34372,0,5,0,0,0,0,0,0
84,3728514312,4943,0,0,0,0,16610200,16720800,837,0,0,0,0,34372,0,5,0,0,0,0,0,0
85,3728514312,4944,0,0,0,0,16202200,16720150,814,0,0,0,0,34372,0,5,0,0,0,0,0,0
86,3728514312,4945,0,0,0,0,16602950,16716600,841,0,0,0,0,34372,0,5,0,0,0,0,0,0
87,3728514312,4946,0,0,0,0,16607000,16720150,768,0,0,0,0,34372,0,5,0,0,0,0,0,0
88,3728514312,4947,0,0,0,0,16601450,16717300,796,0,0,0,0,34372,0,5,0,0,0,0,0,0
89,3728514312,4948,0,0,0,0,16605050,16720250,790,0,0,0,0,34372,0,5,0,0,0,0,0,0
90,3728514312,4949,0,0,0,0,16708750,16820950,783,0,0,0,0,34372,0,5,0,0,0,0,0,0
91,3728514312,4950,0,0,0,0,16498050,16617800,869,0,0,0,0,34372,0,5,0,0,0,0,0,0
92,3728514312,4951,0,0,0,0,16608650,16719350,838,0,0,0,0,34372,0,5,0,0,0,0,0,0
93,3728514312,4952,0,0,0,0,16598900,16721900,821,0,0,0,0,34372,0,5,0,0,0,0,0,0
94,3728514312,4953,0,0,0,0,16595600,16715850,800,0,0,0,0,34372,0,5,0,0,0,0,0,0
95,3728514312,4954,0,0,0,0,15014500,16718100,577,0,0,0,0,34372,0,5,0,0,0,0,0,0
96,3728514312,4955,0,0,0,0,16608200,16723200,773,0,0,0,0,34372,0,5,0,0,0,0,0,0
97,3728514312,4956,0,0,0,0,16600050,16717150,885,0,0,0,0,34372,0,5,0,0,0,0,0,0
98,3728514312,4957,0,0,0,0,16609950,16721000,825,0,0,0,0,34372,0,5,0,0,0,0,0,0
99,3728514312,4958,0,0,0,0,16589400,16716300,812,0,0,0,0,34372,0,5,0,0,0,0,0,0
100,3728514312,4959,0,0,0,0,16611250,16723100,728,0,0,0,0,34372,0,5,0,0,0,0,0,0
101,3728514312,4960,0,0,0,0,16917100,17032650,799,0,0,0,0,34372,0,5,0,0,0,0,0,0
102,3728514312,4961,0,0,0,0,16290450,16405700,806,0,0,0,0,34372,0,5,0,0,0,0,0,0
103,3728514312,4962,0,0,0,0,16599000,16716000,897,0,0,0,0,34372,0,5,0,0,0,0,0,0
104,3728514312,4963,0,0,0,0,16603200,16719100,822,0,0,0,0,34372,0,5,0,0,0,0,0,0
105,3728514312,4964,0,0,0,0,16609000,16722400,764,0,0,0,0,34372,0,5,0,0,0,0,0,0
106,3728514312,4965,0,0,0,0,33324700,33437150,2660,0,0,0,0,34372,0,5,0,0,0,0,0,0
107,3728514312,4966,0,0,0,0,16598800,16720400,843,0,0,0,0,34372,0,5,0,0,0,0,0,0
108,3728514312,4967,0,0,0,0,16606850,16717250,849,0,0,0,0,34372,0,5,0,0,0,0,0,0
109,3728514312,4968,0,0,0,0,16603650,16722500,465,0,0,0,0,34372,0,5,0,0,0,0,0,0
110,3728514312,4969,0,0,0,0,16600850,16715700,762,0,0,0,0,34372,0,5,0,0,0,0,0,0
111,3728514312,4970,0,0,0,0,16888050,17009900,729,0,0,0,0,34372,0,5,0,0,0,0,0,0
112,3728514312,4971,0,0,0,0,16318800,16432000,817,0,0,0,0,34372,0,5,0,0,0,0,0,0
113,3728514312,4972,0,0,0,0,16605000,16719450,851,0,0,0,0,34372,0,5,0,0,0,0,0,0
114,3728514312,4973,0,0,0,0,16605950,16717400,823,0,0,0,0,34372,0,5,0,0,0,0,0,0
115,3728514312,4974,0,0,0,0,16600450,16719350,803,0,0,0,0,34372,0,5,0,0,0,0,0,0
116,3728514312,4975,0,0,0,0,16608950,16718000,803,0,0,0,0,34372,0,5,0,0,0,0,0,0
117,3728514312,4976,0,0,0,0,16603100,16720950,781,0,0,0,0,34372,0,5,0,0,0,0,0,0
118,3728514312,4977,0,0,0,0,15784450,16718950,632,0,0,0,0,34372,0,5,0,0,0,0,0,0
119,3728514312,4978,0,0,0,0,16590050,16719150,821,0,0,0,0,34372,0,5,0,0,0,0,0,0
120,3728514312,4979,0,0,0,0,16602000,16717400,799,0,0,0,0,34372,0,5,0,0,0,0,0,0
121,3728514312,4980,0,0,0,0,16607700,16722150,812,0,0,0,0,34372,0,5,0,0,0,0,0,0
122,3728514312,4981,0,0,0,0,16998500,17110600,805,0,0,0,0,34372,0,5,0,0,0,0,0,0
123,3728514312,4982,0,0,0,0,16207350,16325450,734,0,0,0,0,34372,0,5,0,0,0,0,0,0
124,3728514312,4983,0,0,0,0,16602100,16721200,876,0,0,0,0,34372,0,5,0,0,0,0,0,0
125,3728514312,4984,0,0,0,0,16605750,16718700,835,0,0,0,0,34372,0,5,0,0,0,0,0,0
126,3728514312,4985,0,0,0,0,16608450,16717650,792,0,0,0,0,34372,0,5,0,0,0,0,0,0
127,3728514312,4986,0,0,0,0,16605200,16720400,830,0,0,0,0,34372,0,5,0,0,0,0,0,0
128,3728514312,4987,0,0,0,0,16788750,16898200,782,0,0,0,0,34372,0,5,0,0,0,0,0,0
129,3728514312,4988,0,0,0,0,16422950,16539750,847,0,0,0,0,34372,0,5,0,0,0,0,0,0
130,3728514312,4989,0,0,0,0,16605550,16719350,868,0,0,0,0,34372,0,5,0,0,0,0,0,0
131,3728514312,4990,0,0,0,0,16597800,16721300,825,0,0,0,0,34372,0,5,0,0,0,0,0,0
132,3728514312,4991,0,0,0,0,16606300,16716400,772,0,0,0,0,34372,0,5,0,0,0,0,0,0
133,3728514312,4992,0,0,0,0,16605500,16722350,852,0,0,0,0,34372,0,5,0,0,0,0,0,0
134,3728514312,4993,0,0,0,0,16143950,16719250,787,0,0,0,0,34372,0,5,0,0,0,0,0,0
135,3728514312,4994,0,0,0,0,16601950,16719600,862,0,0,0,0,34372,0,5,0,0,0,0,0,0
136,3728514312,4995,0,0,0,0,16606250,16717300,749,0,0,0,0,34372,0,5,0,0,0,0,0,0
137,3728514312,4996,0,0,0,0,16603150,16720250,815,0,0,0,0,34372,0,5,0,0,0,0,0,0
138,3728514312,4997,0,0,0,0,16603500,16720300,777,0,0,0,0,34372,0,5,0,0,0,0,0,0
139,3728514312,4998,0,0,0,0,17013850,17135300,503,0,0,0,0,34372,0,5,0,0,0,0,0,0
140,3728514312,4999,0,0,0,0,16172150,16302200,781,0,0,0,0,34372,0,5,0,0,0,0,0,0
141,3728514312,5000,0,0,0,0,16218100,17131800,336,0,0,0,0,34372,0,5,0,0,0,0,0,0
142,3728514312,5001,0,0,0,0,16159300,16304500,664,0,0,0,0,34372,0,5,0,0,0,0,0,0
143,3728514312,5002,0,0,0,0,16605800,16723600,804,0,0,0,0,34372,0,5,0,0,0,0,0,0
144,3728514312,5003,0,0,0,0,16606950,16716900,811,0,0,0,0,34372,0,5,0,0,0,0,0,0
145,3728514312,5004,0,0,0,0,16601200,16718450,798,0,0,0,0,34372,0,5,0,0,0,0,0,0
146,3728514312,5005,0,0,0,0,16606300,16722500,880,0,0,0,0,34372,0,5,0,0,0,0,0,0
147,3728514312,5006,0,0,0,0,16604150,16718600,831,0,0,0,0,34372,0,5,0,0,0,0,0,0
148,3728514312,5007,0,0,0,0,16610150,16715750,731,0,0,0,0,34372,0,5,0,0,0,0,0,0
149,3728514312,5008,0,0,0,0,16595350,16721400,801,0,0,0,0,34372,0,5,0,0,0,0,0,0
150,3728514312,5009,0,0,0,0,16868550,16978550,774,0,0,0,0,34372,0,5,0,0,0,0,0,0
151,3728514312,5010,0,0,0,0,16342450,16462400,832,0,0,0,0,34372,0,5,0,0,0,0,0,0
152,3728514312,5011,0,0,0,0,16604150,16716400,884,0,0,0,0,34372,0,5,0,0,0,0,0,0
153,3728514312,5012,0,0,0,0,16604300,16721100,813,0,0,0,0,34372,0,5,0,0,0,0,0,0
154,3728514312,5013,0,0,0,0,16601600,16715650,789,0,0,0,0,34372,0,5,0,0,0,0,0,0
155,3728514312,5014,0,0,0,0,16602300,16721400,838,0,0,0,0,34372,0,5,0,0,0,0,0,0
156,3728514312,5015,0,0,0,0,16649150,16758800,760,0,0,0,0,34372,0,5,0,0,0,0,0,0
157,3728514312,5016,0,0,0,0,16559250,16679150,876,0,0,0,0,34372,0,5,0,0,0,0,0,0
158,3728514312,5017,0,0,0,0,16610400,16722100,857,0,0,0,0,34372,0,5,0,0,0,0,0,0
159,3728514312,5018,0,0,0,0,16595050,16719100,822,0,0,0,0,34372,0,5,0,0,0,0,0,0
160,3728514312,5019,0,0,0,0,16604750,16718100,775,0,0,0,0,34372,0,5,0,0,0,0,0,0
161,3728514312,5020,0,0,0,0,16916550,17031550,750,0,0,0,0,34372,0,5,0,0,0,0,0,0
162,3728514312,5021,0,0,0,0,16288500,16405400,808,0,0,0,0,34372,0,5,0,0,0,0,0,0
163,3728514312,5022,0,0,0,0,16599550,16718700,852,0,0,0,0,34372,0,5,0,0,0,0,0,0
164,3728514312,5023,0,0,0,0,16603700,16720250,826,0,0,0,0,34372,0,5,0,0,0,0,0,0
165,3728514312,5024,0,0,0,0,16599950,16720850,808,0,0,0,0,34372,0,5,0,0,0,0,0,0
166,3728514312,5025,0,0,0,0,33330200,33439350,2565,0,0,0,0,34372,0,5,0,0,0,0,0,0
167,3728514312,5026,0,0,0,0,16596450,16716750,876,0,0,0,0,34372,0,5,0,0,0,0,0,0
168,3728514312,5027,0,0,0,0,16610500,16719800,817,0,0,0,0,34372,0,5,0,0,0,0,0,0
169,3728514312,5028,0,0,0,0,16602000,16719700,460,0,0,0,0,34372,0,5,0,0,0,0,0,0
170,3728514312,5029,0,0,0,0,16600800,16717100,801,0,0,0,0,34372,0,5,0,0,0,0,0,0
171,3728514312,5030,0,0,0,0,16601750,16721950,811,0,0,0,0,34372,0,5,0,0,0,0,0,0
172,3728514312,5031,0,0,0,0,16219850,16720550,701,0,0,0,0,34372,0,5,0,0,0,0,0,0
173,3728514312,5032,0,0,0,0,16596500,16716850,889,0,0,0,0,34372,0,5,0,0,0,0,0,0
174,3728514312,5033,0,0,0,0,16610050,16717800,808,0,0,0,0,34372,0,5,0,0,0,0,0,0
175,3728514312,5034,0,0,0,0,16608050,16721600,806,0,0,0,0,34372,0,5,0,0,0,0,0,0
176,3728514312,5035,0,0,0,0,16613150,16717900,819,0,0,0,0,34372,0,5,0,0,0,0,0,0
177,3728514312,5036,0,0,0,0,16731950,16841950,762,0,0,0,0,34372,0,5,0,0,0,0,0,0
178,3728514312,5037,0,0,0,0,16489100,16598900,842,0,0,0,0,34372,0,5,0,0,0,0,0,0
179,3728514312,5038,0,0,0,0,16604250,16716150,882,0,0,0,0,34372,0,5,0,0,0,0,0,0
CSV_END

STUDY_DONE_fdb0e013403f=0
# 