/tmp/app --transport unrolled --state-frame 0 --frames 180 --warmup 30 --wait spin --profile detailed --csv /tmp/transport-frames.csv && printf "CSV_BEGIN\n" && cat /tmp/transport-frames.csv && printf "CSV_END\n"; study_status=$?; printf "\nSTUDY_DONE_7e1b1d40e527=%s\n" "$study_status"
TRANSPORT mode=unrolled dma_minimum=64
BEGIN_BREAKOUT frames=180 warmup=30 fixed=0 blocks=40 tiles=1 hud=1 wait=spin replay=0 state_frame=0 profile=detailed pixel_centers=1 clock_call_ns=6074
HW_COUNTERS unavailable
RESULT frames=180 elapsed_s=12.071288800 fps=14.911415 logic_ms=0.992466 api_ms=20.793959 swap_ms=37.794970 wait_ms=7.329213 worker_inclusive_ms=37.573557 upload_inclusive_ms=6.335977 write_ms=6.074279 bytes_per_frame=30951.56 p50_ms=66.877150 p95_ms=67.149150 max_ms=83.597800 late_60hz=180 first_count=17853 last_count=18032 state_hash=8f34e8fd remaining=38 score=20
RENDER_PATH retained=0 grouped=0 quads=13131 full_frames=180
BREAKOUT_PASS
CSV_BEGIN
frame,state_hash,display_count,logic_ns,api_ns,swap_ns,wait_ns,total_ns,completion_interval_ns,polls,worker_inclusive_ns,upload_inclusive_ns,write_ns,read_ns,write_bytes,read_bytes,write_calls,read_calls,dma_copy_ns,dma_launch_ns,dma_completion_wait_ns,dma_bytes,dma_lists
0,3724779174,17853,726700,28345400,37741700,32400,66846200,66856950,0,37563150,6750150,5913450,0,31172,0,5,0,0,0,0,0,0
1,1709657109,17854,869250,20596000,37574750,7714750,66754750,66860950,1411,37382250,6145250,5921650,0,31172,0,5,0,0,0,0,0,0
2,1894904752,17855,1406250,20434350,37039350,7886100,66766050,66878250,1486,36856000,6609900,6368100,0,31172,0,5,0,0,0,0,0,0
3,3703759967,17856,812900,20364350,37531500,8054400,66763150,66876450,1541,37344750,6481550,6263600,0,31172,0,5,0,0,0,0,0,0
4,19533624,17857,848850,20529700,38015100,7536750,66930400,67041500,1434,37832650,6780450,6550400,0,31172,0,5,0,0,0,0,0,0
5,816884773,17858,854400,20780800,38963900,5266100,65865200,66708150,1012,38775300,7421550,6377750,0,31172,0,5,0,0,0,0,0,0
6,1339236364,17859,1464350,20409050,36726600,8169300,66769300,66878400,1552,36536250,6317350,6101750,0,31172,0,5,0,0,0,0,0,0
7,3072959373,17860,807000,20434600,37987100,7540600,66769300,66880000,1413,37801900,6920800,6673050,0,31172,0,5,0,0,0,0,0,0
8,1782884746,17861,842050,20613450,37042750,8271950,66770200,66878050,1534,36860900,6132950,5919450,0,31172,0,5,0,0,0,0,0,0
9,30296781,17862,1298300,20536150,37009500,7919100,66763050,66873300,1490,36826150,5763950,5569150,0,31492,0,5,0,0,0,0,0,0
10,4026418858,17863,844750,20321650,37430350,8174400,66771150,66881500,1504,37243950,6357750,6138350,0,31492,0,5,0,0,0,0,0,0
11,2084929051,17864,807450,20606800,37720150,7663200,66797600,66908400,1459,37535150,6740900,6506600,0,31492,0,5,0,0,0,0,0,0
12,3114489770,17865,842450,20636750,36858750,8393950,66731900,66841300,1586,36674200,5891700,5685250,0,31172,0,5,0,0,0,0,0,0
13,891400471,17866,1446550,20434950,39641400,5241600,66764500,66876550,1024,39460650,6728600,6480100,0,31172,0,5,0,0,0,0,0,0
14,3472773456,17867,842250,20657250,37444900,7824300,66768700,66879200,1496,37256950,6392450,5353200,0,31172,0,5,0,0,0,0,0,0
15,3010688243,17868,817000,20587450,44998700,360500,66763650,66876050,71,44814300,6198800,5984700,0,31172,0,5,0,0,0,0,0,0
16,2819524756,17869,1506150,20448800,37049000,7765050,66769000,66879500,1454,36859050,5893000,5692450,0,31172,0,5,0,0,0,0,0,0
17,3241678401,17870,803850,21515900,37044400,7402400,66766550,66878500,1385,36846500,6573050,5720050,0,31172,0,5,0,0,0,0,0,0
18,2154316504,17871,853200,20606050,37615250,7693600,66768100,66877450,1470,37426600,6734650,6515200,0,31172,0,5,0,0,0,0,0,0
19,772262681,17872,801350,20650700,37009800,8300550,66762400,66875900,1568,36820150,6005300,5803800,0,31172,0,5,0,0,0,0,0,0
20,3882818750,17873,1431550,20678600,36922550,7731800,66764500,66877900,1455,36726250,6537900,6303100,0,31172,0,5,0,0,0,0,0,0
21,521131153,17874,809100,22760700,37300150,5891300,66761250,66873450,1052,37107200,6058400,5839500,0,31172,0,5,0,0,0,0,0,0
22,1838187414,17875,849950,20559100,36923550,8822950,67155550,67265200,1566,36737150,6105450,5886550,0,31172,0,5,0,0,0,0,0,0
23,840574439,17876,807700,20498900,37853200,7216900,66376700,66490400,1336,37659100,6104700,5890350,0,31172,0,5,0,0,0,0,0,0
24,2879461878,17877,856850,20879450,36727150,8304500,66767950,66877700,1596,36528900,6305450,6088100,0,31172,0,5,0,0,0,0,0,0
25,202086035,17878,809650,20602200,37634900,7723100,66769850,66877900,1476,37450000,6740650,6509300,0,31172,0,5,0,0,0,0,0,0
26,959703924,17879,849850,20603950,37654650,7659650,66768100,66877650,1426,37455750,6225600,6009800,0,31172,0,5,0,0,0,0,0,0
27,3795724423,17880,1359500,20494850,37007850,7897750,66759950,66874850,1491,36818750,6548950,6304050,0,31172,0,5,0,0,0,0,0,0
28,2500539904,17881,1712500,20443000,39656500,4229450,66041450,66877400,805,39463500,6715500,6472750,0,31172,0,5,0,0,0,0,0,0
29,2269000541,17882,812950,20635800,38037700,7517500,67003950,67115550,1403,37853600,6739000,6502550,0,31172,0,5,0,0,0,0,0,0
30,1900681108,17883,848750,20449300,44611750,616700,66526500,66636300,126,44422750,6589850,6355450,0,31172,0,5,0,0,0,0,0,0
31,3680168245,17884,798450,21117800,36687150,8167900,66771300,66880900,1558,36500400,6293600,6077750,0,31172,0,5,0,0,0,0,0,0
32,2344329490,17885,849000,20534100,37688500,7697950,66769550,66877100,1470,37502700,6538000,6300550,0,31172,0,5,0,0,0,0,0,0
33,2130650181,17886,812300,20609150,37266600,8076050,66764100,66875650,1518,37080050,6253750,6031950,0,31492,0,5,0,0,0,0,0,0
34,906966818,17887,1367000,20476000,37010300,7911400,66764700,66876450,1490,36816500,6578700,6344350,0,31492,0,5,0,0,0,0,0,0
35,3939376531,17888,812800,20406250,41181950,4359050,66760050,66876050,831,40998250,7087650,6851550,0,31492,0,5,0,0,0,0,0,0
36,2110688546,17889,844500,20616350,39166000,6258100,66884950,66994750,1110,38972300,6612700,6391200,0,31172,0,5,0,0,0,0,0,0
37,2695523007,17890,815000,20490350,37246400,8100000,66651750,66762700,1527,37064500,5964250,5043450,0,31172,0,5,0,0,0,0,0,0
38,744447992,17891,1486000,20436050,37150000,7697200,66769250,66878300,1386,36951750,6712050,6478050,0,31172,0,5,0,0,0,0,0,0
39,3728640411,17892,808000,20568450,37563750,7822100,66762300,66877850,1496,37373300,6565500,6323100,0,31172,0,5,0,0,0,0,0,0
40,618879740,17893,846300,20582950,37135700,8195750,66760700,66874500,1542,36945550,6243250,6013050,0,31172,0,5,0,0,0,0,0,0
41,1239708057,17894,1278950,20519450,36987050,7980750,66766200,66876550,1504,36795650,5769550,5575500,0,31172,0,5,0,0,0,0,0,0
42,2429742208,17895,856300,21473250,37039450,7397600,66766600,66877200,1386,36848350,6609000,6391250,0,31172,0,5,0,0,0,0,0,0
43,412095716,17896,824800,20660850,37725500,7556450,66767600,66878450,1408,37545750,6782550,6549350,0,31172,0,5,0,0,0,0,0,0
44,1226741467,17897,845950,22371000,37531950,6013100,66762000,66873700,1188,37342900,6483350,6263850,0,31172,0,5,0,0,0,0,0,0
45,3288446148,17898,1452400,20869050,37002500,7448400,66772350,66884600,1280,36810750,5774200,5580050,0,31172,0,5,0,0,0,0,0,0
46,1157984843,17899,853050,27432900,37024950,1447800,66758700,66869950,176,36842600,6141150,5914350,0,31172,0,5,0,0,0,0,0,0
47,3877288378,17900,809400,20604500,37189050,8162150,66765100,66880450,1535,36997550,6259700,6042250,0,31172,0,5,0,0,0,0,0,0
48,4236526315,17901,861800,20788700,37460150,7232050,66342700,66875800,1338,37274400,6146150,5938750,0,31172,0,5,0,0,0,0,0,0
49,533834014,17902,816750,20951300,36753050,8242350,66763450,66877000,1581,36549350,6323750,6108300,0,31172,0,5,0,0,0,0,0,0
50,1649361089,17903,846800,20619400,37607850,7690200,66764250,66877750,1436,37426000,6782750,6552750,0,31172,0,5,0,0,0,0,0,0
51,2486981906,17904,852700,20655700,39776450,4730200,66015050,66874900,887,39593650,5763100,5565550,0,31172,0,5,0,0,0,0,0,0
52,1706075277,17905,1417750,20455500,37090400,7799850,66763500,66879200,1466,36901350,6651050,6405700,0,31172,0,5,0,0,0,0,0,0
53,267972368,17906,812250,20514850,37464200,7970800,66762100,66876500,1528,37274250,6580550,6353450,0,31172,0,5,0,0,0,0,0,0
54,3895401273,17907,851600,20564250,38128450,7519600,67063900,67176100,1436,37944950,6895550,6660700,0,31172,0,5,0,0,0,0,0,0
55,605985656,17908,808900,20487200,37189900,7978600,66464600,66578800,1504,37006750,5919150,5706300,0,31172,0,5,0,0,0,0,0,0
56,4077673024,17909,890750,20904100,36524350,8443250,66762450,66879150,1625,36328700,6270300,6065300,0,30852,0,5,0,0,0,0,0,0
57,985632231,17910,848200,20556200,37739300,7618500,66762200,66873900,1418,37555700,6514800,6275850,0,30852,0,5,0,0,0,0,0,0
58,3720590956,17911,876100,20445700,37132450,8314250,66768500,66878400,1574,36950200,6054350,5838350,0,30852,0,5,0,0,0,0,0,0
59,3264032585,17912,1397850,20460500,39375650,5527950,66761950,66875450,1084,39194400,6563900,6334150,0,30852,0,5,0,0,0,0,0,0
60,395405688,17913,877850,20435150,37418900,8034950,66766850,66879050,1538,37225400,6311350,6095750,0,30852,0,5,0,0,0,0,0,0
61,32142420,17914,852800,21186150,45483150,15965400,83487500,83597800,3080,45304400,6710250,6481650,0,30852,0,5,0,0,0,0,0,0
62,1187067055,17915,880050,20415900,37172600,8296850,66765400,66875700,1566,36985300,6095600,5871800,0,30852,0,5,0,0,0,0,0,0
63,459140908,17916,1331200,20628900,37514000,7288250,66762350,66876800,1320,37328050,6084150,5879950,0,30852,0,5,0,0,0,0,0,0
64,3369786495,17917,884450,20201700,37381650,8297850,66765650,66876700,1596,37186250,6434350,6225750,0,30852,0,5,0,0,0,0,0,0
65,1572434254,17918,845700,20423450,37810850,7688150,66768150,66880350,1469,37631950,6728950,6495750,0,30852,0,5,0,0,0,0,0,0
66,4107798823,17919,900600,20551100,39311050,6000900,66763650,66875400,1185,39127450,6478300,6270600,0,30852,0,5,0,0,0,0,0,0
67,343968250,17920,1609500,20445550,36983900,7725900,66764850,66876300,1456,36803150,6735200,6499400,0,30852,0,5,0,0,0,0,0,0
68,3102454017,17921,880050,20324300,37505750,8053600,66763700,66878650,1544,37314650,6508450,6273750,0,30852,0,5,0,0,0,0,0,0
69,3051095563,17922,846900,20412300,37456950,8046500,66762650,66876200,1501,37277400,6398400,6170750,0,30852,0,5,0,0,0,0,0,0
70,2391331016,17923,871500,20646600,36598900,8244700,66361700,66875700,1529,36413200,5709250,5497900,0,30852,0,5,0,0,0,0,0,0
71,3869016117,17924,839550,20178700,37387150,8352850,66758250,66879600,1609,36495700,6413050,6206400,0,30852,0,5,0,0,0,0,0,0
72,1579800804,17925,878600,20381450,37741900,7762100,66764050,66879050,1405,37559250,6721700,6489450,0,30852,0,5,0,0,0,0,0,0
73,2792341157,17926,851850,20628250,36781850,8501050,66763000,66876200,1617,36599350,5876800,5686350,0,30852,0,5,0,0,0,0,0,0
74,714702942,17927,1585000,20474750,39342100,5363600,66765450,66875950,1049,39157800,6537450,6314300,0,30852,0,5,0,0,0,0,0,0
75,1092538936,17928,1728600,20441900,37082750,6778250,66031500,66877950,1250,36900200,6625100,6394000,0,30852,0,5,0,0,0,0,0,0
76,1561271239,17929,869150,20780500,43965950,1634200,67249800,67367150,219,43783600,5888050,5693600,0,31172,0,5,0,0,0,0,0,0
77,3798074098,17930,859100,20683550,37165050,7570300,66278000,66386150,1379,36982900,6076400,5866350,0,31172,0,5,0,0,0,0,0,0
78,3022639071,17931,869200,20934950,36549750,8411500,66765400,66875450,1616,36359050,6133900,5926300,0,31172,0,5,0,0,0,0,0,0
79,2282770062,17932,849600,20795550,37641350,7477800,66764300,66878100,1420,37452700,6568450,6349350,0,30852,0,5,0,0,0,0,0,0
80,1626512457,17933,877600,20606400,36609850,8668400,66762250,66876100,1650,36424600,5853750,5644850,0,30852,0,5,0,0,0,0,0,0
81,3156888026,17934,1526150,20518150,36843700,7878250,66766250,66877050,1487,36658200,6568350,6336650,0,30852,0,5,0,0,0,0,0,0
82,3038824309,17935,871650,23415850,37771350,4709300,66768150,66878750,915,36971250,6064000,5843400,0,30852,0,5,0,0,0,0,0,0
83,1261846460,17936,870900,20498850,37096900,8439150,66905800,67021500,1514,36912400,6060350,5847100,0,30852,0,5,0,0,0,0,0,0
84,2035201521,17937,888450,20647300,36610350,8470850,66616950,66730950,1581,36417200,5705400,5508500,0,30852,0,5,0,0,0,0,0,0
85,2164446652,17938,1485900,20452800,37381200,7444250,66764150,66877800,1394,37184950,6511050,6290000,0,30852,0,5,0,0,0,0,0,0
86,2017191835,17939,876900,20424350,37491850,7976700,66769800,66880150,1531,37301550,6487350,6259950,0,30852,0,5,0,0,0,0,0,0
87,3029138484,17940,844700,20639450,36868700,8406250,66759100,66873600,1594,36683900,6039350,5822750,0,30852,0,5,0,0,0,0,0,0
88,50355403,17941,1487700,20522750,37563200,7188500,66762150,66877500,1332,37371350,6028700,5828600,0,30852,0,5,0,0,0,0,0,0
89,654213990,17942,842000,20387950,39398700,6142000,66770650,66880750,1105,38488450,7874250,7606200,0,30852,0,5,0,0,0,0,0,0
90,2360099787,17943,870450,20452650,37685650,7763450,66772200,66881800,1493,36889350,6063200,5854750,0,30852,0,5,0,0,0,0,0,0
91,2424818746,17944,844150,20688700,44814500,398100,66745450,66868450,79,44630350,5797100,5588950,0,30852,0,5,0,0,0,0,0,0
92,1971386461,17945,1677150,20441600,37010050,7635400,66764200,66879350,1433,36808250,6558150,6326800,0,30852,0,5,0,0,0,0,0,0
93,3386045126,17946,859550,20452250,37536650,7915600,66764050,66876850,1513,37346350,6479400,6252950,0,30852,0,5,0,0,0,0,0,0
94,1429641961,17947,873850,20602250,37227350,8061800,66765250,66878500,1517,37034400,6073300,5852600,0,30852,0,5,0,0,0,0,0,0
95,3022846880,17948,851900,22411150,37489650,5417500,66170200,66873900,1058,37297200,6391950,6180550,0,30852,0,5,0,0,0,0,0,0
96,1601897261,17949,882550,20171300,37333150,8377300,66764300,66877750,1614,36408700,6404500,6189950,0,30852,0,5,0,0,0,0,0,0
97,1229951528,17950,849200,20442250,39475750,6000400,66767600,66876800,1081,39294950,6773650,6532250,0,30852,0,5,0,0,0,0,0,0
98,4065171759,17951,909950,20805350,37720900,6608250,66044450,66879100,1321,36791050,6065850,5845950,0,30852,0,5,0,0,0,0,0,0
99,1034325744,17952,1442800,20476900,37037400,7806000,66763100,66874800,1470,36857450,6563500,6320550,0,30852,0,5,0,0,0,0,0,0
100,14078671,17953,870200,20313700,37722250,7861750,66767900,66878700,1413,37533250,6623250,6390350,0,31172,0,5,0,0,0,0,0,0
101,4024270554,17954,852050,20669300,37014050,8726850,67262250,67373350,1546,36822450,6102250,5888750,0,31172,0,5,0,0,0,0,0,0
102,896191351,17955,880850,20457600,36927350,8003150,66268950,66381400,1507,36738650,5859350,5657100,0,31172,0,5,0,0,0,0,0,0
103,2131384102,17956,842650,20844450,36635400,8443900,66766400,66877200,1626,36442000,6273200,6066450,0,30852,0,5,0,0,0,0,0,0
104,2586210593,17957,872250,20721050,37450850,7721100,66765250,66875650,1473,37261800,6536600,6320050,0,30852,0,5,0,0,0,0,0,0
105,591918370,17958,838700,22107150,37566800,6258350,66771000,66879450,1236,37377850,6653850,6420050,0,30852,0,5,0,0,0,0,0,0
106,8814317,17959,1440350,20438650,36971050,7916500,66766550,66876700,1389,36787550,6565450,6320500,0,30852,0,5,0,0,0,0,0,0
107,2340504196,17960,839500,27599150,37808700,517100,66764450,66876850,104,37611850,6721600,6504000,0,30852,0,5,0,0,0,0,0,0
108,3523076009,17961,871950,20617600,37004300,8639000,67132850,67237600,1527,36813300,6103800,5880250,0,30852,0,5,0,0,0,0,0,0
109,1961669028,17962,842300,20461550,36809200,8290700,66403750,66515650,1572,36624750,5743200,5545600,0,30852,0,5,0,0,0,0,0,0
110,1037581603,17963,1513050,20679350,36875050,7700750,66768200,66878600,1454,36678550,6458400,6233950,0,30852,0,5,0,0,0,0,0,0
111,2701024588,17964,843500,20414200,37614500,7891900,66764100,66874500,1511,37424500,6571400,6333300,0,30852,0,5,0,0,0,0,0,0
112,215037203,17965,866200,20608150,39071550,6223200,66769100,66878900,1228,38876850,6579800,6371500,0,30852,0,5,0,0,0,0,0,0
113,3696282862,17966,1375700,20434450,37717700,7236650,66764500,66876850,1344,37533750,6062000,5848500,0,30852,0,5,0,0,0,0,0,0
114,2829142928,17967,871250,20277550,37454950,8165450,66769200,66878000,1566,37256700,6501900,5466050,0,30852,0,5,0,0,0,0,0,0
115,3204762949,17968,844300,20593450,37658750,7883950,66980450,67090800,1488,36864600,6095250,5878400,0,30852,0,5,0,0,0,0,0,0
116,3297489190,17969,880900,20419350,37539400,7709100,66548750,66663250,1445,37351800,6078200,5871900,0,30852,0,5,0,0,0,0,0,0
117,1691704917,17970,1486550,20411100,36770200,8099500,66767350,66876250,1542,36585200,6347800,6127950,0,30852,0,5,0,0,0,0,0,0
118,663957814,17971,868000,20346050,37609500,7942700,66766250,66876850,1521,37426550,6714450,6481350,0,30852,0,5,0,0,0,0,0,0
119,3058583827,17972,844200,20559400,37410500,7952600,66766700,66879450,1459,37230750,6097850,5881550,0,30852,0,5,0,0,0,0,0,0
120,838545270,17973,1351100,20372750,39738500,5296900,66759250,66874700,1032,39545300,6424150,6219500,0,30852,0,5,0,0,0,0,0,0
121,3608912039,17974,1708100,20543150,36982900,6792900,66027050,66879250,1251,36795650,5753750,5550900,0,30852,0,5,0,0,0,0,0,0
122,4080159716,17975,871300,21140050,45737800,15732800,83481950,83593200,3029,45555700,6767100,6537200,0,30852,0,5,0,0,0,0,0,0
123,1056027075,17976,847100,20496250,37216000,8551150,67110500,67223500,1538,37029300,6095550,5876750,0,30852,0,5,0,0,0,0,0,0
124,4057021248,17977,865200,20588350,36651900,8311450,66416900,66531800,1577,36463000,5712700,5512200,0,31172,0,5,0,0,0,0,0,0
125,2686741161,17978,845750,21223500,37225250,7476000,66770500,66879550,1400,37043650,6573000,6351900,0,31172,0,5,0,0,0,0,0,0
126,3870849660,17979,870650,20389250,37769900,7738450,66768250,66876450,1477,37577200,6715900,6474750,0,31172,0,5,0,0,0,0,0,0
127,293449641,17980,836800,20452850,39339100,6137000,66765750,66875350,1212,39148900,7647600,7410400,0,30852,0,5,0,0,0,0,0,0
128,596064266,17981,1431700,20600700,36978950,7758350,66769700,66877400,1427,36789050,5702800,5506800,0,30852,0,5,0,0,0,0,0,0
129,3715495249,17982,842100,20358800,37437750,8129000,66767650,66876050,1560,37253750,6398050,6182500,0,30852,0,5,0,0,0,0,0,0
130,244680018,17983,876050,20398350,37048500,8651400,66974300,67083600,1560,36853050,6060700,5841650,0,30852,0,5,0,0,0,0,0,0
131,4080661783,17984,874200,20597450,37292150,7796500,66560300,66671150,1464,37110300,6002450,5784200,0,30852,0,5,0,0,0,0,0,0
132,4006730450,17985,1508400,20566100,36449800,8242400,66766700,66879700,1577,36256300,6283600,6067100,0,30852,0,5,0,0,0,0,0,0
133,3864584507,17986,846950,20421250,37574050,7920400,66762650,66877050,1519,37384400,6489050,6264350,0,30852,0,5,0,0,0,0,0,0
134,2711027320,17987,875100,20399600,37116950,8371200,66762850,66875300,1505,36934150,6023100,5815900,0,30852,0,5,0,0,0,0,0,0
135,4099079087,17988,1337000,20669750,39190750,5562800,66760300,66876350,1064,39008300,6451500,6214050,0,30852,0,5,0,0,0,0,0,0
136,565333772,17989,870150,20272400,37323000,8299850,66765400,66879050,1597,37128450,6437350,6209900,0,30852,0,5,0,0,0,0,0,0
137,1028518269,17990,848450,20390700,44948150,1164250,67351550,67461500,49,44756400,6056900,5841500,0,30852,0,5,0,0,0,0,0,0
138,2252688136,17991,886350,20470300,36673800,8153000,66183450,66292750,1540,36481000,5910400,4987200,0,30852,0,5,0,0,0,0,0,0
139,578597309,17992,1500250,20589150,36555700,8122850,66767950,66878850,1543,36369550,6362900,6124050,0,30852,0,5,0,0,0,0,0,0
140,3624439358,17993,874350,20340900,37490350,8056800,66762400,66874000,1550,37298550,6528050,6305900,0,30852,0,5,0,0,0,0,0,0
141,3514067501,17994,847450,20748550,37085800,8084650,66766450,66876400,1523,36896800,6066350,5861850,0,30852,0,5,0,0,0,0,0,0
142,2741972910,17995,1345600,20618850,36637500,8166300,66768250,66879650,1521,36453200,6475250,5526550,0,30852,0,5,0,0,0,0,0,0
143,28497579,17996,842450,22648600,37077100,6194550,66762700,66876200,1119,36894750,6049150,5832600,0,30852,0,5,0,0,0,0,0,0
144,466729326,17997,902900,21688150,36406400,7039800,66037250,66876900,1326,36215100,6090900,5870450,0,30852,0,5,0,0,0,0,0,0
145,3425349295,17998,851400,20640900,36604100,8670050,66766450,66878100,1656,36420550,5701200,5507750,0,30852,0,5,0,0,0,0,0,0
146,1537640620,17999,1492450,20588500,36754950,7932500,66768400,66877100,1499,36554300,6530850,6292250,0,30852,0,5,0,0,0,0,0,0
147,1853842891,18000,847150,20386250,37718050,7813500,66764950,66877100,1492,37529400,6246050,6023050,0,30852,0,5,0,0,0,0,0,0
148,1177024904,18001,872750,20448350,38248250,7197100,66766450,66876800,1448,38059300,6709850,6477050,0,31172,0,5,0,0,0,0,0,0
149,4106734849,18002,841100,20597500,36726950,8201250,66366800,66879300,1527,36540550,5715600,5523550,0,31172,0,5,0,0,0,0,0,0
150,2025356500,18003,874450,20906350,39887600,5095950,66764350,66876800,1000,39083550,6097150,5887250,0,31172,0,5,0,0,0,0,0,0
151,2189605121,18004,851200,20435400,37785100,7691550,66763250,66873500,1471,37603700,6709500,6474050,0,30852,0,5,0,0,0,0,0,0
152,4086136290,18005,868350,20567650,44351750,978600,66766350,66876000,204,44159050,6551900,6310900,0,30852,0,5,0,0,0,0,0,0
153,4036669705,18006,1557000,20675950,37724550,6813400,66770900,66879100,1247,37539400,6214700,6001100,0,30852,0,5,0,0,0,0,0,0
154,4167980074,18007,869550,20325150,39918650,5657100,66770450,66880800,1002,39730450,6085400,5871950,0,30852,0,5,0,0,0,0,0,0
155,51187407,18008,843600,20445300,37103650,8646700,67039250,67149150,1560,36916300,6091150,5876400,0,30852,0,5,0,0,0,0,0,0
156,2242638442,18009,872600,20610600,37470000,7532800,66486000,66601250,1376,37279050,6084300,5880650,0,30852,0,5,0,0,0,0,0,0
157,2730108163,18010,847700,20885400,36595150,8440000,66768250,66879650,1627,36402050,6261600,6045850,0,30852,0,5,0,0,0,0,0,0
158,2718743917,18011,872950,20376100,39959750,5555700,66764500,66874850,982,39771950,6036750,5831700,0,30852,0,5,0,0,0,0,0,0
159,3391709842,18012,847900,20624250,37347150,7948800,66768100,66879350,1495,37160300,6076700,5863700,0,30852,0,5,0,0,0,0,0,0
160,1164604273,18013,1410750,20618300,36867800,7863900,66760750,66874000,1477,36677100,6668700,6423650,0,30852,0,5,0,0,0,0,0,0
161,2148591176,18014,839550,20330650,37458500,8137350,66766050,66878900,1560,37266450,6422000,6204550,0,30852,0,5,0,0,0,0,0,0
162,4192737573,18015,877500,20391100,37129250,8506600,66904450,67013250,1441,36939400,6098400,5880400,0,30852,0,5,0,0,0,0,0,0
163,535584840,18016,864200,20657150,36654650,8451450,66627450,66743300,1579,36465850,5716950,5526600,0,30852,0,5,0,0,0,0,0,0
164,3430794475,18017,1545950,20395400,36623100,8197500,66761950,66873750,1562,36432450,6283750,6052950,0,30852,0,5,0,0,0,0,0,0
165,776323552,18018,851250,20353850,37609600,7956100,66770800,66881000,1467,37412400,6554750,6335150,0,30852,0,5,0,0,0,0,0,0
166,3330991427,18019,873550,23000550,36450550,6434900,66759550,66873050,1276,36248350,6263300,6049350,0,30852,0,5,0,0,0,0,0,0
167,3282074430,18020,1310650,20617250,36914950,7928150,66771000,66881150,1384,36725000,6653400,5672950,0,30852,0,5,0,0,0,0,0,0
168,2597814595,18021,874200,27188300,37796800,896400,66755700,66872750,184,36992700,6093750,5866150,0,30852,0,5,0,0,0,0,0,0
169,2225601370,18022,844650,20781400,37690100,7457150,66773300,66879700,1418,37502750,6566250,6335200,0,30852,0,5,0,0,0,0,0,0
170,3716853465,18023,878050,20566750,36617400,8702250,66764450,66877100,1633,36426050,5700700,5494350,0,30852,0,5,0,0,0,0,0,0
171,1080675697,18024,1534100,20203050,36234550,8789850,66761550,66875400,1702,36044400,6169900,5954100,0,30212,0,5,0,0,0,0,0,0
172,219920238,18025,882950,20451100,37241450,8190900,66766400,66878900,1579,37054900,6614450,6392950,0,30212,0,5,0,0,0,0,0,0
173,3070385651,18026,831000,20347450,38626300,6961800,66766550,66878750,1393,38440050,6446050,6221850,0,30212,0,5,0,0,0,0,0,0
174,2609556270,18027,874200,20356550,36184900,8918050,66333700,66874450,1713,35989150,6307000,6066350,0,30212,0,5,0,0,0,0,0,0
175,141401383,18028,832650,19967400,37470300,8494700,66765050,66877150,1640,37277450,6406050,5379300,0,30212,0,5,0,0,0,0,0,0
176,3034105280,18029,886700,20162450,36697450,9022550,66769150,66879150,1645,36511550,6026900,5801350,0,30212,0,5,0,0,0,0,0,0
177,3029196371,18030,839600,20422400,36262400,9243700,66768100,66875350,1752,36069250,6365950,6130200,0,30212,0,5,0,0,0,0,0,0
178,699378668,18031,1461500,20202650,36587450,8517050,66768650,66879250,1629,36394200,6172900,5952700,0,30212,0,5,0,0,0,0,0,0
179,2402609405,18032,840950,20109450,37325000,8493900,66769300,66877450,1649,37148400,6020000,5806400,0,30212,0,5,0,0,0,0,0,0
CSV_END

STUDY_DONE_7e1b1d40e527=0
# 