/tmp/app-lto --transport apb --state-frame 1800 --frames 180 --warmup 30 --wait spin --profile detailed --csv /tmp/transport-frames.csv --retained && printf "CSV_BEGIN\n" && cat /tmp/transport-frames.csv && printf "CSV_END\n"; study_status=$?; printf "\nSTUDY_DONE_f7106c6bccef=%s\n" "$study_status"
TRANSPORT mode=apb dma_minimum=64
BEGIN_BREAKOUT frames=180 warmup=30 fixed=0 blocks=40 tiles=1 hud=1 wait=spin replay=0 state_frame=1800 profile=detailed pixel_centers=1 clock_call_ns=4747
HW_COUNTERS unavailable
RESULT frames=180 elapsed_s=3.076321450 fps=58.511441 logic_ms=0.969182 api_ms=2.213295 swap_ms=4.304790 wait_ms=9.445154 worker_inclusive_ms=4.126574 upload_inclusive_ms=1.178400 write_ms=0.978752 bytes_per_frame=3235.56 p50_ms=16.719550 p95_ms=17.024100 max_ms=33.440900 late_60hz=163 first_count=21491 last_count=21670 state_hash=1022e19f remaining=21 score=190
RENDER_PATH retained=1 grouped=0 quads=462 full_frames=0
BREAKOUT_PASS
CSV_BEGIN
frame,state_hash,display_count,logic_ns,api_ns,swap_ns,wait_ns,total_ns,completion_interval_ns,polls,worker_inclusive_ns,upload_inclusive_ns,write_ns,read_ns,write_bytes,read_bytes,write_calls,read_calls,dma_copy_ns,dma_launch_ns,dma_completion_wait_ns,dma_bytes,dma_lists
0,2110160739,21491,863900,2949600,4639950,8229200,16682650,16693800,1530,4474450,899250,754250,0,3612,0,5,0,0,0,0,0,0
1,1693181783,21492,1515050,1684250,4026200,9393300,16618800,16718700,1728,3863300,775950,647900,0,2972,0,5,0,0,0,0,0,0
2,802378003,21493,1361900,1710800,3866300,9670500,16609500,16719250,1755,3705600,791350,648550,0,2972,0,5,0,0,0,0,0,0
3,773631361,21494,833000,2027950,5398850,8352150,16611950,16719400,1616,5239350,1674200,1526500,0,3612,0,5,0,0,0,0,0,0
4,3600043099,21495,858050,2650850,3896950,8431600,15837450,16721250,1625,3713500,1645950,1479350,0,2972,0,5,0,0,0,0,0,0
5,1618316913,21496,836250,2378950,3912800,9483950,16611950,16716350,1855,3749650,1677150,603650,0,2972,0,5,0,0,0,0,0,0
6,201713393,21497,832450,2786000,4682750,8313100,16614300,16721900,1542,4503650,884800,751350,0,3612,0,5,0,0,0,0,0,0
7,2011502881,21498,1391800,1670150,3946150,9792900,16801000,16907300,1795,3787900,784400,641950,0,2972,0,5,0,0,0,0,0,0
8,3125474025,21499,825100,1712500,3878200,10010650,16426450,16532250,1826,3711300,790550,649600,0,2972,0,5,0,0,0,0,0,0
9,1342287211,21500,832000,2018700,5352000,8411150,16613850,16717050,1622,5193100,1780350,1638800,0,3612,0,5,0,0,0,0,0,0
10,3857196809,21501,842300,2636950,3890600,9245350,16615200,16722100,1807,3713500,1654700,1505950,0,2972,0,5,0,0,0,0,0,0
11,2240049260,21502,844150,7041600,8612150,16834600,33332500,33435600,3179,8434900,1351700,1204300,0,6632,0,5,0,0,0,0,0,0
12,1815897908,21503,1375700,7605000,8931900,15412400,33325000,33437500,2879,8744000,2234600,2067850,0,7312,0,5,0,0,0,0,0,0
13,648884648,21504,861350,1687700,3902800,10153400,16605250,16720850,1812,3755450,793600,655300,0,3012,0,5,0,0,0,0,0,0
14,2931991803,21505,862300,2473450,3901450,9375300,16612500,16720950,1829,3727800,1679350,1519350,0,2972,0,5,0,0,0,0,0,0
15,4227589206,21506,826300,2711950,6964050,6112500,16614800,16719300,1208,6786100,1723700,1561950,0,3612,0,5,0,0,0,0,0,0
16,1986714807,21507,1476950,1706850,3917000,9810500,16911300,17020350,1761,3754550,788950,647400,0,2972,0,5,0,0,0,0,0,0
17,28333542,21508,836950,1655000,3934150,9889350,16315450,16415900,1803,3773600,782800,648900,0,2972,0,5,0,0,0,0,0,0
18,842458438,21509,846050,2020700,5194150,8551400,16612300,16718350,1660,5009700,1689550,1547650,0,3612,0,5,0,0,0,0,0,0
19,4035787358,21510,844500,2589050,3953400,9230500,16617450,16722550,1775,3783200,1703500,1562000,0,2972,0,5,0,0,0,0,0,0
20,3966921526,21511,863400,2443400,3915400,9392450,16614650,16720400,1832,3740500,1682250,1526100,0,2972,0,5,0,0,0,0,0,0
21,3331783808,21512,846150,2738650,4507500,8519800,16612100,16714850,1586,4343100,892400,744400,0,3612,0,5,0,0,0,0,0,0
22,1855912102,21513,1361650,1689600,3850900,9811700,16713850,16824100,1757,3693500,789550,648100,0,2972,0,5,0,0,0,0,0,0
23,3437663592,21514,841450,1644850,3877250,10147450,16511000,16615400,1855,3729000,785300,649500,0,2972,0,5,0,0,0,0,0,0
24,3162062844,21515,852150,2985550,4386300,8389450,16613450,16719550,1527,4203550,1745350,1572650,0,3612,0,5,0,0,0,0,0,0
25,1213835568,21516,845650,3980950,4171900,7615300,16613800,16719700,1386,4003850,801350,657900,0,2972,0,5,0,0,0,0,0,0
26,4133797692,21517,853650,2605200,4037850,9109950,16606650,16718350,1737,3867800,795800,656450,0,2972,0,5,0,0,0,0,0,0
27,256876650,21518,866150,2043600,5462150,7118800,15490700,17087550,1341,5284700,1774100,823850,0,4252,0,5,0,0,0,0,0,0
28,482917404,21519,873550,1673850,4061300,9642450,16251150,16354200,1745,3893800,931300,786200,0,3612,0,5,0,0,0,0,0,0
29,1264633954,21520,852050,1639650,4111650,10009150,16612500,16715500,1819,3958750,841950,701950,0,3292,0,5,0,0,0,0,0,0
30,3606135978,21521,851350,2978850,4773400,8009700,16613300,16719750,1531,4587500,2088900,1105100,0,3932,0,5,0,0,0,0,0,0
31,2630115922,21522,846600,2384900,3922750,9459350,16613600,16721100,1846,3760050,1693100,1533850,0,2972,0,5,0,0,0,0,0,0
32,3881483034,21523,866500,2411150,4119600,9214600,16611850,16720500,1752,3947400,790500,650650,0,2972,0,5,0,0,0,0,0,0
33,2944919204,21524,1350900,2003150,4759450,8548650,16662150,16768150,1505,4590300,1239550,1106450,0,3612,0,5,0,0,0,0,0,0
34,646532490,21525,863350,1682350,3874800,10136100,16556600,16666850,1855,3707700,795300,648900,0,2972,0,5,0,0,0,0,0,0
35,2877853796,21526,843900,1641150,3881700,10247950,16614700,16722550,1833,3739900,787500,649650,0,2972,0,5,0,0,0,0,0,0
36,1922367648,21527,864000,2886550,4768550,8093000,16612100,16719150,1540,4609750,1257400,1109050,0,3612,0,5,0,0,0,0,0,0
37,1795563108,21528,849150,2707750,4066550,8985250,16608700,16716050,1705,3905900,786450,647550,0,2972,0,5,0,0,0,0,0,0
38,214631552,21529,1521800,1696600,4001400,9387250,16607050,16719300,1758,3838350,789950,648800,0,2972,0,5,0,0,0,0,0,0
39,1929726190,21530,842500,1994550,5563250,7820150,16220450,16722250,1507,4646300,1248850,1105900,0,3612,0,5,0,0,0,0,0,0
40,1190506064,21531,860300,1668300,3850150,10233600,16612350,16717200,1871,3676750,791900,646000,0,2972,0,5,0,0,0,0,0,0
41,3268351150,21532,839250,1642450,3826900,10311350,16619950,16722050,1848,2868300,783400,647350,0,2972,0,5,0,0,0,0,0,0
42,118037070,21533,851950,3306450,11348400,1100750,16607550,16718650,231,11169400,2025200,1859850,0,3612,0,5,0,0,0,0,0,0
43,1955195062,21534,864800,2510500,4084550,9146000,16605850,16716200,1736,3918350,787950,649900,0,2972,0,5,0,0,0,0,0,0
44,1797432467,21535,1397350,1704800,3909450,9760250,16771850,16881200,1747,3744050,788950,647500,0,2972,0,5,0,0,0,0,0,0
45,1035442557,21536,837950,1982850,5593050,8810500,17224350,17329350,1428,5440800,2004600,1860400,0,3612,0,5,0,0,0,0,0,0
46,2267612867,21537,871000,2966400,3893150,8103950,15834500,15949500,1554,3707650,1637450,1469450,0,2972,0,5,0,0,0,0,0,0
47,1217717069,21538,842700,2545900,3858850,9363650,16611100,16720250,1804,3688100,1619150,1472700,0,2972,0,5,0,0,0,0,0,0
48,1461268009,21539,857750,2802350,4971600,7978300,16610000,16719700,1477,4795050,1251600,1107850,0,3612,0,5,0,0,0,0,0,0
49,2370304197,21540,1535950,1670300,4057150,9348350,16611750,16717450,1699,3896300,785450,644150,0,2972,0,5,0,0,0,0,0,0
50,655561417,21541,1337600,1682300,3884250,9697950,16602100,16721550,1731,3719100,789050,646800,0,2972,0,5,0,0,0,0,0,0
51,524675839,21542,860400,3056550,5147700,6760200,15824850,16717800,1256,4969400,1480750,1335450,0,4252,0,5,0,0,0,0,0,0
52,1155835041,21543,854200,1666800,5033800,9057150,16611950,16717550,1768,4874650,1929650,1786150,0,3612,0,5,0,0,0,0,0,0
53,214853719,21544,852950,2448400,4006450,9311500,16619300,16721200,1814,3841000,1736550,1577000,0,3292,0,5,0,0,0,0,0,0
54,3035389575,21545,862600,2894250,5105700,7750500,16613050,16719750,1424,4935100,1463000,1329400,0,3932,0,5,0,0,0,0,0,0
55,1549109231,21546,1419400,1646900,3940000,9834600,16840900,16950100,1801,3773250,780350,651950,0,2972,0,5,0,0,0,0,0,0
56,66132623,21547,850750,1677950,3838850,10007550,16375100,16485700,1825,3680200,785700,649350,0,2972,0,5,0,0,0,0,0,0
57,3504604473,21548,840150,1992550,5373800,8409900,16616400,16720350,1620,5211300,1665850,1503200,0,3612,0,5,0,0,0,0,0,0
58,1691498415,21549,862200,2647100,3840200,9263700,16613200,16720350,1812,3650000,1614800,1473800,0,2972,0,5,0,0,0,0,0,0
59,4055346753,21550,841200,2347750,3886350,9535400,16610700,16719950,1862,3723350,1657150,1496400,0,2972,0,5,0,0,0,0,0,0
60,4185240021,21551,1481850,2108550,5141850,7877550,16609800,16719500,1444,4971600,1476650,1333400,0,3612,0,5,0,0,0,0,0,0
61,380494641,21552,1312150,1672550,3899200,9954450,16838350,16943050,1751,3736300,786200,650900,0,2972,0,5,0,0,0,0,0,0
62,648826037,21553,866550,1681050,3853250,9981100,16381950,16493450,1813,3694900,793200,649650,0,2972,0,5,0,0,0,0,0,0
63,457329003,21554,849850,2921250,4634350,8211500,16616950,16722000,1568,4460050,1907400,726350,0,3612,0,5,0,0,0,0,0,0
64,3359035981,21555,864900,2494250,3892400,9363550,16615100,16717650,1826,3715700,1667100,1507450,0,2972,0,5,0,0,0,0,0,0
65,1526400123,21556,831900,2333800,3899200,9546550,16611450,16717450,1860,3730350,778250,641250,0,2972,0,5,0,0,0,0,0,0
66,1691524227,21557,1464750,2059650,4941950,8459450,16925800,17039150,1447,4785850,1468050,1325400,0,3612,0,5,0,0,0,0,0,0
67,1475349003,21558,853650,1647200,3916950,9871600,16289400,16398850,1797,3764400,788200,655900,0,2972,0,5,0,0,0,0,0,0
68,485644907,21559,852050,1682700,3828500,10252700,16615950,16722650,1868,3673950,788950,648850,0,2972,0,5,0,0,0,0,0,0
69,1050479637,21560,841800,2931250,5003800,7836600,16613450,16719300,1459,4839500,2326850,1313600,0,3612,0,5,0,0,0,0,0,0
70,3204525547,21561,864300,2420250,3900500,9421850,16606900,16717450,1836,3732750,1670650,1519950,0,2972,0,5,0,0,0,0,0,0
71,4185398997,21562,852400,2330200,4028250,9398350,16609200,16719850,1790,3865750,785950,646250,0,2972,0,5,0,0,0,0,0,0
72,3094072225,21563,1372350,2030600,5702000,7530800,16635750,16747700,1403,5533950,2234500,2089450,0,3612,0,5,0,0,0,0,0,0
73,1835371693,21564,836450,1647800,3925600,10176100,16585950,16691800,1862,3766300,786150,653300,0,2972,0,5,0,0,0,0,0,0
74,2168771505,21565,872150,2657250,4211050,8085750,15826200,16716800,1534,4036000,1971750,1812700,0,2972,0,5,0,0,0,0,0,0
75,4059398759,21566,848150,2816050,5531350,7417950,16613500,16721500,1338,5359900,1700100,1559500,0,4252,0,5,0,0,0,0,0,0
76,644479865,21567,870150,2424500,4647400,8668550,16610600,16718150,1336,4479600,1483850,1340900,0,3612,0,5,0,0,0,0,0,0
77,1914197423,21568,1685700,1679750,4222300,9021650,16609400,16721450,1701,4058350,1062250,920400,0,3292,0,5,0,0,0,0,0,0
78,430804047,21569,847900,2035850,5599850,7741700,16225300,16717050,1455,5431250,2064550,1915850,0,3932,0,5,0,0,0,0,0,0
79,3866048775,21570,849350,1643600,3886450,10229150,16608550,16720550,1872,3736200,793400,651050,0,2972,0,5,0,0,0,0,0,0
80,7140231,21571,843400,2553400,2977300,10234650,16608750,16717050,1855,2818200,793700,655150,0,2972,0,5,0,0,0,0,0,0
81,1511961547,21572,844900,2694450,5212650,7862950,16614950,16720150,1461,5055900,1471200,1328350,0,3612,0,5,0,0,0,0,0,0
82,376629139,21573,871950,2911650,5043150,7779400,16606150,16717950,1428,4889750,1482900,1343000,0,3612,0,5,0,0,0,0,0,0
83,1861594235,21574,1357950,1656900,3916300,9769800,16700950,16810200,1788,3760400,790000,649600,0,2972,0,5,0,0,0,0,0,0
84,1702339483,21575,858550,1677100,3861050,10123500,16520200,16629650,1852,3700450,789800,645850,0,2972,0,5,0,0,0,0,0,0
85,966101579,21576,850900,1638300,4008550,10119300,16617050,16720400,1845,3859200,793400,651100,0,2972,0,5,0,0,0,0,0,0
86,2786182811,21577,859900,2611650,3848500,9293100,16613150,16720350,1751,3685600,1658650,1515200,0,2972,0,5,0,0,0,0,0,0
87,3655782539,21578,835700,2371300,3900850,9500550,16608400,16720000,1852,3733850,1653650,1495350,0,2972,0,5,0,0,0,0,0,0
88,3735461922,21579,1508650,1709700,4161700,9228400,16608450,16717550,1754,4001250,799200,658200,0,2972,0,5,0,0,0,0,0,0
89,270833838,21580,844000,1655700,3883050,9822100,16204850,16719250,1791,3724500,781700,651600,0,2972,0,5,0,0,0,0,0,0
90,930095294,21581,855200,1662450,3837750,10250650,16606050,16718400,1878,3668750,791850,651050,0,2972,0,5,0,0,0,0,0,0
91,1273808962,21582,843200,1636500,3835350,10296250,16611300,16718900,1845,3692350,790450,652700,0,2972,0,5,0,0,0,0,0,0
92,1953673858,21583,848500,2416600,3941550,9403350,16610000,16718200,1832,3766850,1714200,1558100,0,2972,0,5,0,0,0,0,0,0
93,4057475070,21584,835600,2323150,3921750,9538900,16619400,16723350,1844,3761750,786150,646100,0,2972,0,5,0,0,0,0,0,0
94,3372198854,21585,1412550,1691450,3917200,9763850,16785050,16898350,1750,3762600,792950,645250,0,2972,0,5,0,0,0,0,0,0
95,2335202154,21586,836400,1634550,3905300,10054600,16430850,16538550,1840,3746100,786950,649100,0,2972,0,5,0,0,0,0,0,0
96,2170853250,21587,841000,1653450,3835650,10282300,16612400,16720400,1878,3669000,796350,651800,0,2972,0,5,0,0,0,0,0,0
97,1829955022,21588,856850,2572250,3932650,8470650,15832400,16718400,1584,3763150,791400,648200,0,2972,0,5,0,0,0,0,0,0
98,1856045454,21589,857250,2413850,3884800,9454300,16610200,16719800,1839,3711800,1661300,1503700,0,2972,0,5,0,0,0,0,0,0
99,2544683154,21590,1477600,1656200,5139950,8339700,16613450,16719700,1551,4979600,1466550,1337100,0,3612,0,5,0,0,0,0,0,0
100,1531444578,21591,1321850,1671100,4564550,9052300,16609800,16717750,1584,4404950,1470200,1332950,0,3612,0,5,0,0,0,0,0,0
101,1139277022,21592,836250,1637100,4192600,9948600,16614550,16718400,1814,4046650,1063250,925700,0,3292,0,5,0,0,0,0,0,0
102,2614530982,21593,847500,1685400,4081150,9997100,16611150,16721950,1812,3940850,1062750,917800,0,3292,0,5,0,0,0,0,0,0
103,464765994,21594,836850,2467850,4442300,8864000,16611000,16721000,678,4268850,2203950,2032500,0,2972,0,5,0,0,0,0,0,0
104,1592019490,21595,875200,4125350,3891700,7703650,16595900,16717100,1398,3717750,794550,652550,0,2972,0,5,0,0,0,0,0,0
105,66207950,21596,1464350,1651450,3947250,9813700,16876750,16983200,1798,3787350,785250,647300,0,2972,0,5,0,0,0,0,0,0
106,2639428798,21597,848000,1670450,3868650,9953350,16340450,16451900,1785,3703400,794550,647700,0,2972,0,5,0,0,0,0,0,0
107,1495915330,21598,836900,1631150,6075300,8068100,16611450,16721800,1544,5904700,1583650,1427600,0,2972,0,5,0,0,0,0,0,0
108,4079891938,21599,854800,2619250,3910950,9223550,16608550,16716750,1805,3719450,1672350,1532200,0,2972,0,5,0,0,0,0,0,0
109,1204987230,21600,845200,2354900,3904450,9512150,16616700,16721850,1855,3739200,1666750,607100,0,2972,0,5,0,0,0,0,0,0
110,949029318,21601,850500,2531350,3964300,9263200,16609350,16721100,1767,3793300,784500,649150,0,2972,0,5,0,0,0,0,0,0
111,2727127274,21602,1311800,1644450,3867500,9835700,16659450,16766900,1709,3707900,782850,651400,0,2972,0,5,0,0,0,0,0,0
112,2443393666,21603,845950,1664450,3867850,10178100,16556350,16670050,1863,3704200,790150,651800,0,2972,0,5,0,0,0,0,0,0
113,434260526,21604,839100,1633850,4015300,10125800,16614050,16719950,1842,3868950,788900,654000,0,2972,0,5,0,0,0,0,0,0
114,2637634158,21605,850500,2507100,3912150,9339750,16609500,16718400,1819,3740900,1697850,1538400,0,2972,0,5,0,0,0,0,0,0
115,4248248050,21606,835450,2317800,3888200,9571750,16613200,16720900,1867,3721950,1649650,636800,0,2972,0,5,0,0,0,0,0,0
116,663154818,21607,1478300,1706700,4081950,9691650,16958600,17068750,1770,3912550,797650,656950,0,2972,0,5,0,0,0,0,0,0
117,1461428606,21608,847100,1633150,3892500,9889100,16261850,16366550,1804,3732650,786000,651500,0,2972,0,5,0,0,0,0,0,0
118,3252362022,21609,849350,1649550,3831700,10280450,16611050,16721300,1879,3665550,796450,650050,0,2972,0,5,0,0,0,0,0,0
119,2423015338,21610,835900,2486950,2998050,10289400,16610300,16719350,1830,2838900,787550,651550,0,2972,0,5,0,0,0,0,0,0
120,507309730,21611,845350,2395200,3925200,9446700,16612450,16719100,1842,3749300,1690400,1543150,0,2972,0,5,0,0,0,0,0,0
121,2882991293,21612,1642100,1674850,3883000,8644450,15844400,16717450,1615,3725950,788700,650000,0,2972,0,5,0,0,0,0,0,0
122,3682963569,21613,1358050,1674900,3892250,9727150,16652350,16760400,1738,3740150,790850,646500,0,2972,0,5,0,0,0,0,0,0
123,1404881069,21614,831850,1626350,4444450,9674000,16576650,16681550,1755,4284300,1240950,1110750,0,3612,0,5,0,0,0,0,0,0
124,624513273,21615,844300,1655000,5408900,8704350,16612550,16719100,1687,5232750,1973550,1811550,0,3612,0,5,0,0,0,0,0,0
125,484090933,21616,842300,2545050,4016650,9205150,16609150,16715550,1755,3853600,1746450,1584050,0,3292,0,5,0,0,0,0,0,0
126,2330053545,21617,848150,2411750,4161450,9186450,16607800,16720300,1783,3985050,1079850,929950,0,3292,0,5,0,0,0,0,0,0
127,3891445269,21618,1446550,1638750,4063750,9461350,16610400,16719600,1809,3886600,784050,651750,0,2972,0,5,0,0,0,0,0,0
128,1947616753,21619,849500,1687150,3856350,9819700,16212700,16719100,1748,3700400,792250,650350,0,2972,0,5,0,0,0,0,0,0
129,965975981,21620,827600,1634550,3900050,10252400,16614600,16719450,1875,3750050,794900,652550,0,2972,0,5,0,0,0,0,0,0
130,2786931617,21621,847250,2502500,2973800,10285700,16609250,16718350,1872,2817850,790900,652800,0,2972,0,5,0,0,0,0,0,0
131,4011087213,21622,841750,2341700,3912100,9520650,16616200,16721300,1829,3745150,1679800,1524050,0,2972,0,5,0,0,0,0,0,0
132,3703868376,21623,842500,2399850,3996450,9374200,16613000,16719950,1792,3827150,785700,652900,0,2972,0,5,0,0,0,0,0,0
133,212089708,21624,1344000,1633600,3902800,9856150,16736550,16842600,1806,3744250,779350,652200,0,2972,0,5,0,0,0,0,0,0
134,737348112,21625,833700,1674800,3864700,10111900,16485100,16594750,1818,3702050,790450,646700,0,2972,0,5,0,0,0,0,0,0
135,1465149204,21626,836000,1641650,3905550,10231450,16614650,16719100,1868,3758200,788650,650100,0,2972,0,5,0,0,0,0,0,0
136,3549792448,21627,853350,2587050,3903450,9266750,16610600,16718350,1718,3719900,1680650,627400,0,2972,0,5,0,0,0,0,0,0
137,3053421220,21628,836400,2329250,3898300,9544700,16608650,16722400,1578,3737300,1650250,1486100,0,2972,0,5,0,0,0,0,0,0
138,904563048,21629,1830150,1718650,3879850,9167250,16595900,16715100,1732,3716250,793050,652800,0,2972,0,5,0,0,0,0,0,0
139,1363341148,21630,1305700,1653350,3892300,9760000,16611350,16720800,1776,3729650,785350,656950,0,2972,0,5,0,0,0,0,0,0
140,3357813192,21631,850350,1658350,3852750,10249450,16610900,16720300,1875,3682000,790250,648750,0,2972,0,5,0,0,0,0,0,0
141,1376589724,21632,841250,1633350,3994850,10141650,16611100,16717150,1846,3849850,787500,649850,0,2972,0,5,0,0,0,0,0,0
142,2806738240,21633,854500,2456650,3926800,9373200,16611150,16721850,1825,3769850,1719100,1545050,0,2972,0,5,0,0,0,0,0,0
143,1863420068,21634,838400,2343150,3928500,9499900,16609950,16716400,1835,3761200,781550,642700,0,2972,0,5,0,0,0,0,0,0
144,2368389248,21635,874300,1708900,4044900,8780000,15408100,16932350,1551,3883100,795300,652950,0,2972,0,5,0,0,0,0,0,0
145,3624800580,21636,848100,1645850,3909750,9997200,16400900,16507150,1827,3757850,786500,651800,0,2972,0,5,0,0,0,0,0,0
146,2708332264,21637,853000,1666300,3860250,10233700,16613250,16720150,1865,3694550,793500,649900,0,2972,0,5,0,0,0,0,0,0
147,3643166428,21638,842950,2569650,4244100,8952700,16609400,16717700,1731,4068550,1894400,711700,0,3612,0,5,0,0,0,0,0,0
148,1604903896,21639,839900,2399250,4061350,9313500,16614000,16720900,1810,3881150,1773650,1613500,0,3612,0,5,0,0,0,0,0,0
149,499105388,21640,838800,2578950,4081400,9115650,16614800,16718950,1729,3914750,844300,709900,0,3292,0,5,0,0,0,0,0,0
150,3393190256,21641,1314900,1686100,3947700,9662750,16611450,16721000,1717,3778800,843850,704800,0,3292,0,5,0,0,0,0,0,0
151,1752164884,21642,836100,1630100,3901500,10243450,16611150,16716600,1877,3746450,779500,647650,0,2972,0,5,0,0,0,0,0,0
152,112950176,21643,846850,1664350,3822050,10278900,16612150,16719950,1873,3679850,794550,647150,0,2972,0,5,0,0,0,0,0,0
153,218377828,21644,846050,2491600,3900400,9372500,16610550,16718250,1791,3740550,1674300,1509850,0,2972,0,5,0,0,0,0,0,0
154,1614877672,21645,849850,2405550,3855500,9496750,16607650,16719500,1843,3681200,784950,649700,0,2972,0,5,0,0,0,0,0,0
155,624660060,21646,1423850,1649600,3987350,9860250,16921050,17024100,1808,3821900,787350,649750,0,2972,0,5,0,0,0,0,0,0
156,1646146728,21647,842850,1688100,3881700,9897450,16310100,16416750,1766,3716100,790150,648850,0,2972,0,5,0,0,0,0,0,0
157,2550301372,21648,840300,1640200,3893200,10244800,16618500,16720800,1869,3745150,787350,648400,0,2972,0,5,0,0,0,0,0,0
158,172327680,21649,851750,2630200,3895300,9233600,16610850,16719050,1808,3707150,1664950,1517850,0,2972,0,5,0,0,0,0,0,0
159,28774455,21650,843600,6886750,8803600,16791850,33325800,33434850,3207,8631250,1356950,1218050,0,6632,0,5,0,0,0,0,0,0
160,1278562831,21651,1366250,5960700,8751200,17251250,33329400,33440900,3177,8582450,1343250,1200250,0,6672,0,5,0,0,0,0,0,0
161,1878041307,21652,843400,1680200,3955500,10129550,16608650,16718950,1843,3814500,795500,651350,0,3012,0,5,0,0,0,0,0,0
162,2842495315,21653,845150,2553300,3886350,9742950,17027750,17137400,808,3712250,1671500,1514500,0,2972,0,5,0,0,0,0,0,0
163,942955647,21654,869300,2525100,4041800,8743100,16179300,16300400,1652,3869250,787650,644750,0,2972,0,5,0,0,0,0,0,0
164,3104849743,21655,1596700,1689050,3930350,9389100,16605200,16718600,1786,3768750,797200,652250,0,2972,0,5,0,0,0,0,0,0
165,2914266731,21656,838400,1646350,3905200,9852500,16242450,16719800,1796,3752050,783350,646550,0,2972,0,5,0,0,0,0,0,0
166,4064468955,21657,843350,1651700,3836300,10279450,16610800,16720050,1542,3679450,793850,647050,0,2972,0,5,0,0,0,0,0,0
167,3195515191,21658,850700,2616950,3907750,9229700,16605100,16720900,1809,3703350,1613600,1474650,0,2972,0,5,0,0,0,0,0,0
168,978211615,21659,846350,2394600,4087350,9286950,16615250,16719500,1807,3907800,1807850,1638500,0,3612,0,5,0,0,0,0,0,0
169,2835071531,21660,836800,2321800,4302850,9152650,16614100,16716000,1736,4141150,926150,790150,0,3612,0,5,0,0,0,0,0,0
170,2067386771,21661,1371900,1663150,4224800,9421500,16681350,16789200,1702,4065450,939850,795700,0,3612,0,5,0,0,0,0,0,0
171,1313815599,21662,838150,1642700,4039950,10025750,16546550,16651450,1771,3879650,846900,701250,0,3292,0,5,0,0,0,0,0,0
172,2403178911,21663,844200,1656050,3928250,10180250,16608750,16719850,1858,3762000,847900,707600,0,3292,0,5,0,0,0,0,0,0
173,2922328731,21664,842250,2528950,3988400,9260850,16620450,16718750,1806,3825250,1769200,1624550,0,2972,0,5,0,0,0,0,0,0
174,984914827,21665,847650,2401300,3900200,9461700,16610850,16717300,1847,3712100,1653250,638600,0,2972,0,5,0,0,0,0,0,0
175,3908989879,21666,1502900,1644550,4049600,9416350,16613400,16721050,1799,3892000,791500,648950,0,2972,0,5,0,0,0,0,0,0
176,3999582383,21667,827900,1672800,3860550,9843850,16205100,16720150,1758,3696550,794500,646700,0,2972,0,5,0,0,0,0,0,0
177,407226939,21668,826500,1623650,3912500,10249050,16611700,16719550,1877,3757900,788050,647650,0,2972,0,5,0,0,0,0,0,0
178,1756548563,21669,848600,1652500,3802200,10311100,16614400,16717450,1884,2836300,792350,649350,0,2972,0,5,0,0,0,0,0,0
179,270721439,21670,850400,2349600,3881350,9536300,16617650,16717450,1829,3705950,1645600,600500,0,2972,0,5,0,0,0,0,0,0
CSV_END

STUDY_DONE_f7106c6bccef=0
# 