/tmp/app --transport apb --state-frame 0 --frames 180 --warmup 30 --wait spin --profile frame --csv /tmp/transport-frames.csv --retained --dump /tmp/transport-frame.raw && printf "CSV_BEGIN\n" && cat /tmp/transport-frames.csv && printf "CSV_END\n"; study_status=$?; printf "\nSTUDY_DONE_e1bca76dd24e=%s\n" "$study_status"
TRANSPORT mode=apb dma_minimum=64
BEGIN_BREAKOUT frames=180 warmup=30 fixed=0 blocks=40 tiles=1 hud=1 wait=spin replay=0 state_frame=0 profile=frame pixel_centers=1 clock_call_ns=5921
HW_COUNTERS unavailable
RESULT frames=180 elapsed_s=3.092857850 fps=58.198601 logic_ms=0.000000 api_ms=0.000000 swap_ms=0.000000 wait_ms=0.000000 worker_inclusive_ms=0.000000 upload_inclusive_ms=0.000000 write_ms=0.000000 bytes_per_frame=3578.67 p50_ms=16.719500 p95_ms=17.061400 max_ms=33.597750 late_60hz=161 first_count=27491 last_count=27670 state_hash=8f34e8fd remaining=38 score=20
RENDER_PATH retained=1 grouped=0 quads=645 full_frames=0
FRAME_CHECK count=27670 address=9fe00000 fnv1a=79c99b23 pixels=307200 mismatches=0
BREAKOUT_PASS
CSV_BEGIN
frame,state_hash,display_count,logic_ns,api_ns,swap_ns,wait_ns,total_ns,completion_interval_ns,polls,worker_inclusive_ns,upload_inclusive_ns,write_ns,read_ns,write_bytes,read_bytes,write_calls,read_calls,dma_copy_ns,dma_launch_ns,dma_completion_wait_ns,dma_bytes,dma_lists
0,3724779174,27491,0,0,0,0,16499650,16510600,898,0,0,0,0,4572,0,5,0,0,0,0,0,0
1,1709657109,27492,0,0,0,0,33317900,33434550,2994,0,0,0,0,4252,0,5,0,0,0,0,0,0
2,1894904752,27493,0,0,0,0,16611350,16724750,1309,0,0,0,0,3612,0,5,0,0,0,0,0,0
3,3703759967,27494,0,0,0,0,16598950,16716100,1393,0,0,0,0,3612,0,5,0,0,0,0,0,0
4,19533624,27495,0,0,0,0,16180700,16717750,1455,0,0,0,0,3612,0,5,0,0,0,0,0,0
5,816884773,27496,0,0,0,0,16604350,16721700,1752,0,0,0,0,2972,0,5,0,0,0,0,0,0
6,1339236364,27497,0,0,0,0,16596950,16719550,1338,0,0,0,0,3612,0,5,0,0,0,0,0,0
7,3072959373,27498,0,0,0,0,16604700,16720700,1327,0,0,0,0,3612,0,5,0,0,0,0,0,0
8,1782884746,27499,0,0,0,0,16598800,16717000,1663,0,0,0,0,2972,0,5,0,0,0,0,0,0
9,30296781,27500,0,0,0,0,16813000,16932150,1286,0,0,0,0,4252,0,5,0,0,0,0,0,0
10,4026418858,27501,0,0,0,0,16378150,16506100,1440,0,0,0,0,4252,0,5,0,0,0,0,0,0
11,2084929051,27502,0,0,0,0,16639650,16756800,1360,0,0,0,0,3612,0,5,0,0,0,0,0,0
12,3114489770,27503,0,0,0,0,16557100,16682800,1231,0,0,0,0,3932,0,5,0,0,0,0,0,0
13,891400471,27504,0,0,0,0,16601750,16717100,1273,0,0,0,0,3932,0,5,0,0,0,0,0,0
14,3472773456,27505,0,0,0,0,15059050,16722850,1463,0,0,0,0,2972,0,5,0,0,0,0,0,0
15,3010688243,27506,0,0,0,0,16599450,16714500,1426,0,0,0,0,3612,0,5,0,0,0,0,0,0
16,2819524756,27507,0,0,0,0,16609150,16720600,1545,0,0,0,0,3612,0,5,0,0,0,0,0,0
17,3241678401,27508,0,0,0,0,16606650,16720250,1723,0,0,0,0,2972,0,5,0,0,0,0,0,0
18,2154316504,27509,0,0,0,0,16606250,16721650,1331,0,0,0,0,3612,0,5,0,0,0,0,0,0
19,772262681,27510,0,0,0,0,16603200,16718700,1356,0,0,0,0,3612,0,5,0,0,0,0,0,0
20,3882818750,27511,0,0,0,0,16854350,16964750,1694,0,0,0,0,2972,0,5,0,0,0,0,0,0
21,521131153,27512,0,0,0,0,16358200,16472850,1489,0,0,0,0,3612,0,5,0,0,0,0,0,0
22,1838187414,27513,0,0,0,0,16586450,16717200,1312,0,0,0,0,3612,0,5,0,0,0,0,0,0
23,840574439,27514,0,0,0,0,16605750,16720500,1716,0,0,0,0,2972,0,5,0,0,0,0,0,0
24,2879461878,27515,0,0,0,0,16600700,16719750,1337,0,0,0,0,3612,0,5,0,0,0,0,0,0
25,202086035,27516,0,0,0,0,16603550,16720950,1364,0,0,0,0,3612,0,5,0,0,0,0,0,0
26,959703924,27517,0,0,0,0,16621800,16742450,1673,0,0,0,0,2972,0,5,0,0,0,0,0,0
27,3795724423,27518,0,0,0,0,16573500,16693200,1523,0,0,0,0,3612,0,5,0,0,0,0,0,0
28,2500539904,27519,0,0,0,0,16594750,16719400,1399,0,0,0,0,3612,0,5,0,0,0,0,0,0
29,2269000541,27520,0,0,0,0,16603550,16718400,1770,0,0,0,0,2972,0,5,0,0,0,0,0,0
30,1900681108,27521,0,0,0,0,16604300,16721500,1337,0,0,0,0,3612,0,5,0,0,0,0,0,0
31,3680168245,27522,0,0,0,0,16905450,17024100,1400,0,0,0,0,3612,0,5,0,0,0,0,0,0
32,2344329490,27523,0,0,0,0,16302150,16418400,1723,0,0,0,0,2972,0,5,0,0,0,0,0,0
33,2130650181,27524,0,0,0,0,16597800,16715550,1343,0,0,0,0,4252,0,5,0,0,0,0,0,0
34,906966818,27525,0,0,0,0,16600100,16718200,1211,0,0,0,0,4252,0,5,0,0,0,0,0,0
35,3939376531,27526,0,0,0,0,16605050,16719050,1602,0,0,0,0,3612,0,5,0,0,0,0,0,0
36,2110688546,27527,0,0,0,0,16606300,16719050,1382,0,0,0,0,3932,0,5,0,0,0,0,0,0
37,2695523007,27528,0,0,0,0,15233100,16721150,1067,0,0,0,0,3932,0,5,0,0,0,0,0,0
38,744447992,27529,0,0,0,0,16602350,16720850,1788,0,0,0,0,2972,0,5,0,0,0,0,0,0
39,3728640411,27530,0,0,0,0,16601950,16716700,1405,0,0,0,0,3612,0,5,0,0,0,0,0,0
40,618879740,27531,0,0,0,0,16606000,16719900,1387,0,0,0,0,3612,0,5,0,0,0,0,0,0
41,1239708057,27532,0,0,0,0,16603850,16718050,1695,0,0,0,0,2972,0,5,0,0,0,0,0,0
42,2429742208,27533,0,0,0,0,16989350,17106950,1071,0,0,0,0,3612,0,5,0,0,0,0,0,0
43,412095716,27534,0,0,0,0,16211650,16333250,1434,0,0,0,0,3612,0,5,0,0,0,0,0,0
44,1226741467,27535,0,0,0,0,16606100,16722400,1784,0,0,0,0,2972,0,5,0,0,0,0,0,0
45,3288446148,27536,0,0,0,0,16597600,16713950,1345,0,0,0,0,3612,0,5,0,0,0,0,0,0
46,1157984843,27537,0,0,0,0,16608600,16722950,1375,0,0,0,0,3612,0,5,0,0,0,0,0,0
47,3877288378,27538,0,0,0,0,16606400,16720600,1666,0,0,0,0,2972,0,5,0,0,0,0,0,0
48,4236526315,27539,0,0,0,0,16703250,16817450,1376,0,0,0,0,3612,0,5,0,0,0,0,0,0
49,533834014,27540,0,0,0,0,16500350,16618900,1503,0,0,0,0,3612,0,5,0,0,0,0,0,0
50,1649361089,27541,0,0,0,0,16605150,16722250,1784,0,0,0,0,2972,0,5,0,0,0,0,0,0
51,2486981906,27542,0,0,0,0,16600050,16716450,1351,0,0,0,0,3612,0,5,0,0,0,0,0,0
52,1706075277,27543,0,0,0,0,16602250,16718550,1383,0,0,0,0,3612,0,5,0,0,0,0,0,0
53,267972368,27544,0,0,0,0,16601650,16719900,1736,0,0,0,0,2972,0,5,0,0,0,0,0,0
54,3895401273,27545,0,0,0,0,16150100,16715850,1421,0,0,0,0,3612,0,5,0,0,0,0,0,0
55,605985656,27546,0,0,0,0,16594300,16720750,1514,0,0,0,0,3612,0,5,0,0,0,0,0,0
56,4077673024,27547,0,0,0,0,33328500,33441050,2980,0,0,0,0,6632,0,5,0,0,0,0,0,0
57,985632231,27548,0,0,0,0,33479500,33597750,2495,0,0,0,0,7312,0,5,0,0,0,0,0,0
58,3720590956,27549,0,0,0,0,16440350,16559000,1478,0,0,0,0,3652,0,5,0,0,0,0,0,0
59,3264032585,27550,0,0,0,0,20715050,20829900,1359,0,0,0,0,2972,0,5,0,0,0,0,0,0
60,395405688,27551,0,0,0,0,11718200,12606150,273,0,0,0,0,3612,0,5,0,0,0,0,0,0
61,32142420,27552,0,0,0,0,16600450,16724450,1365,0,0,0,0,3612,0,5,0,0,0,0,0,0
62,1187067055,27553,0,0,0,0,16597650,16714000,1691,0,0,0,0,2972,0,5,0,0,0,0,0,0
63,459140908,27554,0,0,0,0,16605700,16719500,1424,0,0,0,0,3612,0,5,0,0,0,0,0,0
64,3369786495,27555,0,0,0,0,16607850,16720600,1545,0,0,0,0,3612,0,5,0,0,0,0,0,0
65,1572434254,27556,0,0,0,0,16601400,16719050,1714,0,0,0,0,2972,0,5,0,0,0,0,0,0
66,4107798823,27557,0,0,0,0,16605400,16723350,1369,0,0,0,0,3612,0,5,0,0,0,0,0,0
67,343968250,27558,0,0,0,0,16602300,16718900,1397,0,0,0,0,3612,0,5,0,0,0,0,0,0
68,3102454017,27559,0,0,0,0,16842650,16959100,1682,0,0,0,0,2972,0,5,0,0,0,0,0,0
69,3051095563,27560,0,0,0,0,16356000,16474200,1410,0,0,0,0,3612,0,5,0,0,0,0,0,0
70,2391331016,27561,0,0,0,0,16599650,16721850,1485,0,0,0,0,3612,0,5,0,0,0,0,0,0
71,3869016117,27562,0,0,0,0,16609750,16722000,1267,0,0,0,0,2972,0,5,0,0,0,0,0,0
72,1579800804,27563,0,0,0,0,16607950,16718900,1363,0,0,0,0,3612,0,5,0,0,0,0,0,0
73,2792341157,27564,0,0,0,0,16597950,16716750,1410,0,0,0,0,3612,0,5,0,0,0,0,0,0
74,714702942,27565,0,0,0,0,16603950,16722000,1654,0,0,0,0,2972,0,5,0,0,0,0,0,0
75,1092538936,27566,0,0,0,0,16601200,16716850,1521,0,0,0,0,3612,0,5,0,0,0,0,0,0
76,1561271239,27567,0,0,0,0,16600300,16719400,1336,0,0,0,0,4252,0,5,0,0,0,0,0,0
77,3798074098,27568,0,0,0,0,16598300,16717850,1604,0,0,0,0,3612,0,5,0,0,0,0,0,0
78,3022639071,27569,0,0,0,0,16600200,16719900,1317,0,0,0,0,4252,0,5,0,0,0,0,0,0
79,2282770062,27570,0,0,0,0,16947200,17061400,1395,0,0,0,0,3932,0,5,0,0,0,0,0,0
80,1626512457,27571,0,0,0,0,16259650,16378800,1613,0,0,0,0,3292,0,5,0,0,0,0,0,0
81,3156888026,27572,0,0,0,0,16597150,16718050,1437,0,0,0,0,3612,0,5,0,0,0,0,0,0
82,3038824309,27573,0,0,0,0,16600650,16720200,1230,0,0,0,0,3612,0,5,0,0,0,0,0,0
83,1261846460,27574,0,0,0,0,16608800,16719550,1729,0,0,0,0,2972,0,5,0,0,0,0,0,0
84,2035201521,27575,0,0,0,0,15813950,16717250,1213,0,0,0,0,3612,0,5,0,0,0,0,0,0
85,2164446652,27576,0,0,0,0,16626650,16741300,1376,0,0,0,0,3612,0,5,0,0,0,0,0,0
86,2017191835,27577,0,0,0,0,16587000,16702550,1774,0,0,0,0,2972,0,5,0,0,0,0,0,0
87,3029138484,27578,0,0,0,0,16604050,16715550,1288,0,0,0,0,3612,0,5,0,0,0,0,0,0
88,50355403,27579,0,0,0,0,16600600,16720000,1321,0,0,0,0,3612,0,5,0,0,0,0,0,0
89,654213990,27580,0,0,0,0,16601200,16718550,1685,0,0,0,0,2972,0,5,0,0,0,0,0,0
90,2360099787,27581,0,0,0,0,16599400,16717450,1405,0,0,0,0,3612,0,5,0,0,0,0,0,0
91,2424818746,27582,0,0,0,0,16187850,16720650,1425,0,0,0,0,3612,0,5,0,0,0,0,0,0
92,1971386461,27583,0,0,0,0,16601400,16721500,1782,0,0,0,0,2972,0,5,0,0,0,0,0,0
93,3386045126,27584,0,0,0,0,16596750,16716450,1271,0,0,0,0,3612,0,5,0,0,0,0,0,0
94,1429641961,27585,0,0,0,0,16604950,16722700,1255,0,0,0,0,3612,0,5,0,0,0,0,0,0
95,3022846880,27586,0,0,0,0,16600800,16717500,1700,0,0,0,0,2972,0,5,0,0,0,0,0,0
96,1601897261,27587,0,0,0,0,16707800,16822150,1372,0,0,0,0,3612,0,5,0,0,0,0,0,0
97,1229951528,27588,0,0,0,0,16498100,16616500,1495,0,0,0,0,3612,0,5,0,0,0,0,0,0
98,4065171759,27589,0,0,0,0,16602250,16719700,1782,0,0,0,0,2972,0,5,0,0,0,0,0,0
99,1034325744,27590,0,0,0,0,16599650,16715800,1285,0,0,0,0,3612,0,5,0,0,0,0,0,0
100,14078671,27591,0,0,0,0,16603050,16718950,1257,0,0,0,0,4252,0,5,0,0,0,0,0,0
101,4024270554,27592,0,0,0,0,16605950,16724950,1457,0,0,0,0,3612,0,5,0,0,0,0,0,0
102,896191351,27593,0,0,0,0,15040350,16714250,845,0,0,0,0,4252,0,5,0,0,0,0,0,0
103,2131384102,27594,0,0,0,0,16599150,16719000,1496,0,0,0,0,3932,0,5,0,0,0,0,0,0
104,2586210593,27595,0,0,0,0,16601200,16721450,1731,0,0,0,0,3292,0,5,0,0,0,0,0,0
105,591918370,27596,0,0,0,0,16602650,16720650,1278,0,0,0,0,3612,0,5,0,0,0,0,0,0
106,8814317,27597,0,0,0,0,16598150,16717750,1334,0,0,0,0,3612,0,5,0,0,0,0,0,0
107,2340504196,27598,0,0,0,0,15353050,16923650,1412,0,0,0,0,2972,0,5,0,0,0,0,0,0
108,3523076009,27599,0,0,0,0,16399750,16514200,1466,0,0,0,0,3612,0,5,0,0,0,0,0,0
109,1961669028,27600,0,0,0,0,16605100,16721550,1382,0,0,0,0,3612,0,5,0,0,0,0,0,0
110,1037581603,27601,0,0,0,0,16600600,16716200,1728,0,0,0,0,2972,0,5,0,0,0,0,0,0
111,2701024588,27602,0,0,0,0,16609400,16722700,1323,0,0,0,0,3612,0,5,0,0,0,0,0,0
112,215037203,27603,0,0,0,0,16598600,16714550,1365,0,0,0,0,3612,0,5,0,0,0,0,0,0
113,3696282862,27604,0,0,0,0,16606250,16724100,1672,0,0,0,0,2972,0,5,0,0,0,0,0,0
114,2829142928,27605,0,0,0,0,16604900,16718700,1539,0,0,0,0,3612,0,5,0,0,0,0,0,0
115,3204762949,27606,0,0,0,0,16601450,16718150,1303,0,0,0,0,3612,0,5,0,0,0,0,0,0
116,3297489190,27607,0,0,0,0,16600900,16718550,1751,0,0,0,0,2972,0,5,0,0,0,0,0,0
117,1691704917,27608,0,0,0,0,16607050,16721750,1349,0,0,0,0,3612,0,5,0,0,0,0,0,0
118,663957814,27609,0,0,0,0,16887000,17007800,1402,0,0,0,0,3612,0,5,0,0,0,0,0,0
119,3058583827,27610,0,0,0,0,16315700,16432200,1632,0,0,0,0,2972,0,5,0,0,0,0,0,0
120,838545270,27611,0,0,0,0,20747100,20868300,1123,0,0,0,0,3612,0,5,0,0,0,0,0,0
121,3608912039,27612,0,0,0,0,12428200,12562500,232,0,0,0,0,3612,0,5,0,0,0,0,0,0
122,4080159716,27613,0,0,0,0,16608300,16723850,1713,0,0,0,0,2972,0,5,0,0,0,0,0,0
123,1056027075,27614,0,0,0,0,16595650,16714700,1347,0,0,0,0,3612,0,5,0,0,0,0,0,0
124,4057021248,27615,0,0,0,0,16605400,16724100,1298,0,0,0,0,4252,0,5,0,0,0,0,0,0
125,2686741161,27616,0,0,0,0,16602600,16719250,1594,0,0,0,0,3612,0,5,0,0,0,0,0,0
126,3870849660,27617,0,0,0,0,16601050,16719900,1282,0,0,0,0,4252,0,5,0,0,0,0,0,0
127,293449641,27618,0,0,0,0,16604250,16721600,1221,0,0,0,0,3932,0,5,0,0,0,0,0,0
128,596064266,27619,0,0,0,0,16598200,16715400,1602,0,0,0,0,3292,0,5,0,0,0,0,0,0
129,3715495249,27620,0,0,0,0,16979300,17096550,1423,0,0,0,0,3612,0,5,0,0,0,0,0,0
130,244680018,27621,0,0,0,0,15439150,16343400,1013,0,0,0,0,3612,0,5,0,0,0,0,0,0
131,4080661783,27622,0,0,0,0,16605150,16722750,1769,0,0,0,0,2972,0,5,0,0,0,0,0,0
132,4006730450,27623,0,0,0,0,16596950,16711350,978,0,0,0,0,3612,0,5,0,0,0,0,0,0
133,3864584507,27624,0,0,0,0,16611650,16725000,1271,0,0,0,0,3612,0,5,0,0,0,0,0,0
134,2711027320,27625,0,0,0,0,16596050,16715750,1696,0,0,0,0,2972,0,5,0,0,0,0,0,0
135,4099079087,27626,0,0,0,0,16667950,16785050,1374,0,0,0,0,3612,0,5,0,0,0,0,0,0
136,565333772,27627,0,0,0,0,16538100,16653250,1501,0,0,0,0,3612,0,5,0,0,0,0,0,0
137,1028518269,27628,0,0,0,0,16600050,16719650,1779,0,0,0,0,2972,0,5,0,0,0,0,0,0
138,2252688136,27629,0,0,0,0,16601650,16723350,1322,0,0,0,0,3612,0,5,0,0,0,0,0,0
139,578597309,27630,0,0,0,0,16602200,16716600,1339,0,0,0,0,3612,0,5,0,0,0,0,0,0
140,3624439358,27631,0,0,0,0,16605100,16717150,1322,0,0,0,0,2972,0,5,0,0,0,0,0,0
141,3514067501,27632,0,0,0,0,16162500,16721800,1422,0,0,0,0,3612,0,5,0,0,0,0,0,0
142,2741972910,27633,0,0,0,0,16598350,16716850,1511,0,0,0,0,3612,0,5,0,0,0,0,0,0
143,28497579,27634,0,0,0,0,16606550,16722450,1701,0,0,0,0,2972,0,5,0,0,0,0,0,0
144,466729326,27635,0,0,0,0,16606000,16720400,1236,0,0,0,0,3612,0,5,0,0,0,0,0,0
145,3425349295,27636,0,0,0,0,16595350,16715350,1350,0,0,0,0,3612,0,5,0,0,0,0,0,0
146,1537640620,27637,0,0,0,0,16736700,16851900,1671,0,0,0,0,2972,0,5,0,0,0,0,0,0
147,1853842891,27638,0,0,0,0,16471700,16589900,1487,0,0,0,0,3612,0,5,0,0,0,0,0,0
148,1177024904,27639,0,0,0,0,16599650,16717700,1350,0,0,0,0,4252,0,5,0,0,0,0,0,0
149,4106734849,27640,0,0,0,0,16599400,16717600,1656,0,0,0,0,3612,0,5,0,0,0,0,0,0
150,2025356500,27641,0,0,0,0,16603300,16723550,1302,0,0,0,0,4252,0,5,0,0,0,0,0,0
151,2189605121,27642,0,0,0,0,16597600,16715150,1373,0,0,0,0,3932,0,5,0,0,0,0,0,0
152,4086136290,27643,0,0,0,0,16602500,16721550,1580,0,0,0,0,3292,0,5,0,0,0,0,0,0
153,4036669705,27644,0,0,0,0,15796450,16719450,1129,0,0,0,0,3612,0,5,0,0,0,0,0,0
154,4167980074,27645,0,0,0,0,16600350,16718950,1396,0,0,0,0,3612,0,5,0,0,0,0,0,0
155,51187407,27646,0,0,0,0,16602400,16716100,1720,0,0,0,0,2972,0,5,0,0,0,0,0,0
156,2242638442,27647,0,0,0,0,16612550,16726200,1396,0,0,0,0,3612,0,5,0,0,0,0,0,0
157,2730108163,27648,0,0,0,0,16832550,16948900,1378,0,0,0,0,3612,0,5,0,0,0,0,0,0
158,2718743917,27649,0,0,0,0,16371800,16489600,1694,0,0,0,0,2972,0,5,0,0,0,0,0,0
159,3391709842,27650,0,0,0,0,16596050,16712250,1411,0,0,0,0,3612,0,5,0,0,0,0,0,0
160,1164604273,27651,0,0,0,0,16607650,16723000,1365,0,0,0,0,3612,0,5,0,0,0,0,0,0
161,2148591176,27652,0,0,0,0,16604800,16719550,1663,0,0,0,0,2972,0,5,0,0,0,0,0,0
162,4192737573,27653,0,0,0,0,16598900,16717250,1406,0,0,0,0,3612,0,5,0,0,0,0,0,0
163,535584840,27654,0,0,0,0,16605250,16720900,942,0,0,0,0,3612,0,5,0,0,0,0,0,0
164,3430794475,27655,0,0,0,0,16603800,16719950,1746,0,0,0,0,2972,0,5,0,0,0,0,0,0
165,776323552,27656,0,0,0,0,16599300,16718850,1367,0,0,0,0,3612,0,5,0,0,0,0,0,0
166,3330991427,27657,0,0,0,0,16602000,16718800,1357,0,0,0,0,3612,0,5,0,0,0,0,0,0
167,3282074430,27658,0,0,0,0,16600350,16716250,1681,0,0,0,0,2972,0,5,0,0,0,0,0,0
168,2597814595,27659,0,0,0,0,16926400,17042050,1389,0,0,0,0,3612,0,5,0,0,0,0,0,0
169,2225601370,27660,0,0,0,0,16272450,16399800,1357,0,0,0,0,3612,0,5,0,0,0,0,0,0
170,3716853465,27661,0,0,0,0,16602600,16720500,1772,0,0,0,0,2972,0,5,0,0,0,0,0,0
171,1080675697,27662,0,0,0,0,33318500,33434050,2713,0,0,0,0,7272,0,5,0,0,0,0,0,0
172,219920238,27663,0,0,0,0,33328450,33442900,2597,0,0,0,0,7312,0,5,0,0,0,0,0,0
173,3070385651,27664,0,0,0,0,16605000,16720850,1759,0,0,0,0,3012,0,5,0,0,0,0,0,0
174,2609556270,27665,0,0,0,0,16594250,16716500,1414,0,0,0,0,3612,0,5,0,0,0,0,0,0
175,141401383,27666,0,0,0,0,16606550,16721700,1329,0,0,0,0,3612,0,5,0,0,0,0,0,0
176,3034105280,27667,0,0,0,0,16598050,16714200,1672,0,0,0,0,2972,0,5,0,0,0,0,0,0
177,3029196371,27668,0,0,0,0,16602400,16718900,1396,0,0,0,0,3612,0,5,0,0,0,0,0,0
178,699378668,27669,0,0,0,0,16186400,16721750,1420,0,0,0,0,3612,0,5,0,0,0,0,0,0
179,2402609405,27670,0,0,0,0,16609600,16719450,1715,0,0,0,0,2972,0,5,0,0,0,0,0,0
CSV_END

STUDY_DONE_e1bca76dd24e=0
# 