/tmp/app-lto --transport unrolled --state-frame 0 --frames 180 --warmup 30 --wait spin --profile detailed --csv /tmp/transport-frames.csv --replay --dump /tmp/transport-frame.raw && printf "CSV_BEGIN\n" && cat /tmp/transport-frames.csv && printf "CSV_END\n"; study_status=$?; printf "\nSTUDY_DONE_6cab85986204=%s\n" "$study_status"
TRANSPORT mode=unrolled dma_minimum=64
BEGIN_BREAKOUT frames=180 warmup=30 fixed=1 blocks=40 tiles=1 hud=1 wait=spin replay=1 state_frame=0 profile=detailed pixel_centers=1 clock_call_ns=4829
HW_COUNTERS unavailable
RESULT frames=180 elapsed_s=3.026143400 fps=59.481649 logic_ms=0.885745 api_ms=0.006082 swap_ms=9.324426 wait_ms=6.435502 worker_inclusive_ms=0.000000 upload_inclusive_ms=0.000000 write_ms=5.323534 bytes_per_frame=34372.00 p50_ms=16.719450 p95_ms=17.000850 max_ms=33.439050 late_60hz=162 first_count=8429 last_count=8608 state_hash=de3c9d08 remaining=40 score=0
RENDER_PATH retained=0 grouped=0 quads=0 full_frames=0
FRAME_CHECK count=8608 address=9fe00000 fnv1a=16e1fedb pixels=307200 mismatches=0
BREAKOUT_PASS
CSV_BEGIN
frame,state_hash,display_count,logic_ns,api_ns,swap_ns,wait_ns,total_ns,completion_interval_ns,polls,worker_inclusive_ns,upload_inclusive_ns,write_ns,read_ns,write_bytes,read_bytes,write_calls,read_calls,dma_copy_ns,dma_launch_ns,dma_completion_wait_ns,dma_bytes,dma_lists
0,3728514312,8429,745300,5650,9691850,6219850,16662650,16670800,1231,0,0,5120250,0,34372,0,5,0,0,0,0,0,0
1,3728514312,8430,1190650,8800,9015350,6398400,16613200,16724250,1164,0,0,5030000,0,34372,0,5,0,0,0,0,0,0
2,3728514312,8431,815100,5650,9201250,5805900,15827900,16715300,1027,0,0,5262400,0,34372,0,5,0,0,0,0,0,0
3,3728514312,8432,747400,5850,9046750,6813100,16613100,16721100,1242,0,0,5774300,0,34372,0,5,0,0,0,0,0,0
4,3728514312,8433,762750,5650,8898850,6944300,16611550,16720550,1269,0,0,5018200,0,34372,0,5,0,0,0,0,0,0
5,3728514312,8434,742800,5850,9552200,6312200,16613050,16720650,1262,0,0,5621350,0,34372,0,5,0,0,0,0,0,0
6,3728514312,8435,1324800,5750,9109750,6357850,16798150,16909150,1167,0,0,5222150,0,34372,0,5,0,0,0,0,0,0
7,3728514312,8436,754900,5850,8855850,6798950,16415550,16527500,1250,0,0,4860700,0,34372,0,5,0,0,0,0,0,0
8,3728514312,8437,753350,5650,9449600,6401350,16609950,16720700,1157,0,0,5129800,0,34372,0,5,0,0,0,0,0,0
9,3728514312,8438,756800,5850,9165650,6684700,16613000,16723350,294,0,0,5110950,0,34372,0,5,0,0,0,0,0,0
10,3728514312,8439,806400,5650,11916600,3854100,16582750,16712650,686,0,0,5961400,0,34372,0,5,0,0,0,0,0,0
11,3728514312,8440,779050,5850,9560650,6262900,16608450,16722050,1238,0,0,5090800,0,34372,0,5,0,0,0,0,0,0
12,3728514312,8441,1249000,5750,9183700,6164400,16602850,16714000,1110,0,0,5207600,0,34372,0,5,0,0,0,0,0,0
13,3728514312,8442,749100,5850,8867650,6986900,16609500,16721350,1285,0,0,4851600,0,34372,0,5,0,0,0,0,0,0
14,3728514312,8443,758100,5650,9042350,6802450,16608550,16722250,1243,0,0,5018350,0,34372,0,5,0,0,0,0,0,0
15,3728514312,8444,745450,5850,8991950,6860600,16603850,16715600,1214,0,0,5105450,0,34372,0,5,0,0,0,0,0,0
16,3728514312,8445,766200,5650,9623950,6213050,16608850,16719200,1240,0,0,5647600,0,34372,0,5,0,0,0,0,0,0
17,3728514312,8446,1344150,7500,8927200,6627150,16906000,17013200,1233,0,0,5069950,0,34372,0,5,0,0,0,0,0,0
18,3728514312,8447,750600,5650,8921000,6631650,16308900,16423800,1180,0,0,4889850,0,34372,0,5,0,0,0,0,0,0
19,3728514312,8448,753250,5850,8983050,6872600,16614750,16723250,1258,0,0,4276400,0,34372,0,5,0,0,0,0,0,0
20,3728514312,8449,755350,5650,9101700,6754750,16617450,16723600,1145,0,0,5175650,0,34372,0,5,0,0,0,0,0,0
21,3728514312,8450,755500,5850,11682600,4162850,16606800,16715550,717,0,0,6652650,0,34372,0,5,0,0,0,0,0,0
22,3728514312,8451,790250,5650,9623500,6185650,16605050,16718400,1222,0,0,5104800,0,34372,0,5,0,0,0,0,0,0
23,3728514312,8452,1248900,8800,9055050,6291150,16603900,16718400,1140,0,0,5830800,0,34372,0,5,0,0,0,0,0,0
24,3728514312,8453,747900,5650,8894600,6963750,16611900,16720150,1257,0,0,4878850,0,34372,0,5,0,0,0,0,0,0
25,3728514312,8454,802250,5850,9165300,5852150,15825550,16719950,1018,0,0,5879300,0,34372,0,5,0,0,0,0,0,0
26,3728514312,8455,762000,5650,9077950,6759950,16605550,16719550,1230,0,0,5187750,0,34372,0,5,0,0,0,0,0,0
27,3728514312,8456,739850,5850,9752700,6111200,16609600,16720150,1221,0,0,5776400,0,34372,0,5,0,0,0,0,0,0
28,3728514312,8457,1532750,5650,8955850,6484450,16978700,17085150,1199,0,0,5117800,0,34372,0,5,0,0,0,0,0,0
29,3728514312,8458,754300,5850,8881150,6604600,16245900,16353800,1207,0,0,4874800,0,34372,0,5,0,0,0,0,0,0
30,3728514312,8459,754100,5650,9045450,6799750,16604950,16717450,1250,0,0,4330100,0,34372,0,5,0,0,0,0,0,0
31,3728514312,8460,746200,5850,9167650,6690650,16610350,16717700,1216,0,0,5929900,0,34372,0,5,0,0,0,0,0,0
32,3728514312,8461,770800,5650,9617500,6217450,16611400,16718700,1251,0,0,5718450,0,34372,0,5,0,0,0,0,0,0
33,3728514312,8462,743150,5850,10017050,5849650,16615700,16721950,1146,0,0,5157500,0,34372,0,5,0,0,0,0,0,0
34,3728514312,8463,1302150,5750,9073550,6288300,16669750,16780600,1143,0,0,5847050,0,34372,0,5,0,0,0,0,0,0
35,3728514312,8464,750350,5850,8869700,6919800,16545700,16659150,1272,0,0,4871950,0,34372,0,5,0,0,0,0,0,0
36,3728514312,8465,753250,5650,9032450,6812900,16604250,16715100,1248,0,0,4995200,0,34372,0,5,0,0,0,0,0,0
37,3728514312,8466,742200,5850,9155000,6706600,16609650,16718700,1209,0,0,5117300,0,34372,0,5,0,0,0,0,0,0
38,3728514312,8467,762400,5650,9772950,6068500,16609500,16721400,1208,0,0,5799900,0,34372,0,5,0,0,0,0,0,0
39,3728514312,8468,1343000,5950,9001200,6262350,16612500,16720300,1236,0,0,5142850,0,34372,0,5,0,0,0,0,0,0
40,3728514312,8469,751750,5650,9024000,6415200,16196600,16719250,1159,0,0,5017500,0,34372,0,5,0,0,0,0,0,0
41,3728514312,8470,747450,5850,8985050,6864900,16603250,16716750,1255,0,0,4316200,0,34372,0,5,0,0,0,0,0,0
42,3728514312,8471,752950,5650,8928250,6924650,16611500,16722600,1267,0,0,5671100,0,34372,0,5,0,0,0,0,0,0
43,3728514312,8472,747000,5850,8858350,6998400,16609600,16717400,1242,0,0,4980000,0,34372,0,5,0,0,0,0,0,0
44,3728514312,8473,766050,5650,9538400,6303500,16613600,16721350,1257,0,0,5611500,0,34372,0,5,0,0,0,0,0,0
45,3728514312,8474,1331050,7500,9223450,6200450,16762450,16871650,1108,0,0,5080850,0,34372,0,5,0,0,0,0,0,0
46,3728514312,8475,757450,5650,8912700,6776050,16451850,16563700,1206,0,0,4886550,0,34372,0,5,0,0,0,0,0,0
47,3728514312,8476,753700,5850,8987400,6861400,16608350,16719200,1251,0,0,4908400,0,34372,0,5,0,0,0,0,0,0
48,3728514312,8477,819100,5650,9763550,5236450,15824750,16723450,1029,0,0,5674800,0,34372,0,5,0,0,0,0,0,0
49,3728514312,8478,738100,5850,9765400,6099200,16608550,16716600,1190,0,0,5771500,0,34372,0,5,0,0,0,0,0,0
50,3728514312,8479,751850,5650,9590300,6264850,16612650,16721450,1242,0,0,5107800,0,34372,0,5,0,0,0,0,0,0
51,3728514312,8480,1219350,8700,9035200,7283250,17546500,17654500,1019,0,0,5036150,0,34372,0,5,0,0,0,0,0,0
52,3728514312,8481,802150,5550,9174500,5681350,15663550,15778650,970,0,0,5246950,0,34372,0,5,0,0,0,0,0,0
53,3728514312,8482,754800,5950,8999700,6853000,16613450,16723450,1246,0,0,5746550,0,34372,0,5,0,0,0,0,0,0
54,3728514312,8483,755350,5650,8918550,6928000,16607550,16720200,1265,0,0,5023650,0,34372,0,5,0,0,0,0,0,0
55,3728514312,8484,744300,5950,9591400,6262150,16603800,16717100,1250,0,0,5633650,0,34372,0,5,0,0,0,0,0,0
56,3728514312,8485,1460700,5750,9068850,6304450,16839750,16949400,1147,0,0,5840950,0,34372,0,5,0,0,0,0,0,0
57,3728514312,8486,753800,5950,8889550,6732800,16382100,16489700,1167,0,0,4876500,0,34372,0,5,0,0,0,0,0,0
58,3728514312,8487,756100,5650,9043900,6799300,16604950,16718650,1244,0,0,5014550,0,34372,0,5,0,0,0,0,0,0
59,3728514312,8488,745000,5950,9177500,6680200,16608650,16719150,1212,0,0,5231000,0,34372,0,5,0,0,0,0,0,0
60,3728514312,8489,762700,5650,9825050,6019950,16613350,16721900,1201,0,0,5813750,0,34372,0,5,0,0,0,0,0,0
61,3728514312,8490,734550,5950,9612350,6255850,16608700,16719200,1239,0,0,5750150,0,34372,0,5,0,0,0,0,0,0
62,3728514312,8491,1253500,5750,9065750,6278350,16603350,16715250,1139,0,0,4945700,0,34372,0,5,0,0,0,0,0,0
63,3728514312,8492,751650,5950,8873000,6980400,16611000,16720950,1283,0,0,4849250,0,34372,0,5,0,0,0,0,0,0
64,3728514312,8493,748500,5650,9057350,6798150,16609650,16720600,1240,0,0,5017650,0,34372,0,5,0,0,0,0,0,0
65,3728514312,8494,747900,5950,9131350,6726300,16611500,16719300,1212,0,0,5112700,0,34372,0,5,0,0,0,0,0,0
66,3728514312,8495,762100,5650,9604600,6238000,16610350,16718600,1247,0,0,5637650,0,34372,0,5,0,0,0,0,0,0
67,3728514312,8496,1364050,7650,8919150,6647850,16938700,17048200,1235,0,0,5064550,0,34372,0,5,0,0,0,0,0,0
68,3728514312,8497,750300,5650,9037050,6487550,16280550,16389000,1178,0,0,5022900,0,34372,0,5,0,0,0,0,0,0
69,3728514312,8498,751650,5950,8983650,6870800,16612050,16722900,1256,0,0,4271800,0,34372,0,5,0,0,0,0,0,0
70,3728514312,8499,750750,5650,9388150,7178050,17322600,17433850,756,0,0,6134250,0,34372,0,5,0,0,0,0,0,0
71,3728514312,8500,5078250,10500,9134500,884750,15108000,16000150,181,0,0,5239050,0,34372,0,5,0,0,0,0,0,0
72,3728514312,8501,788150,5650,9736000,6092400,16622200,16720400,1203,0,0,5102500,0,34372,0,5,0,0,0,0,0,0
73,3728514312,8502,1249750,8700,9039400,6329450,16627300,16732600,1148,0,0,5820050,0,34372,0,5,0,0,0,0,0,0
74,3728514312,8503,745100,5650,8902400,6941800,16594950,16706050,1243,0,0,4885450,0,34372,0,5,0,0,0,0,0,0
75,3728514312,8504,750250,5850,8987800,6867800,16611700,16722650,1251,0,0,4937100,0,34372,0,5,0,0,0,0,0,0
76,3728514312,8505,755850,5650,9074750,6770800,16607050,16717750,1233,0,0,5184300,0,34372,0,5,0,0,0,0,0,0
77,3728514312,8506,747050,5850,9750450,6106000,16609350,16715700,1188,0,0,5765400,0,34372,0,5,0,0,0,0,0,0
78,3728514312,8507,1378750,5650,8915950,6313550,16613900,16720600,1248,0,0,5081400,0,34372,0,5,0,0,0,0,0,0
79,3728514312,8508,749950,5850,8890600,6574000,16220400,16720900,1198,0,0,4878750,0,34372,0,5,0,0,0,0,0,0
80,3728514312,8509,748000,5650,9022150,6832500,16608300,16720350,1226,0,0,4330850,0,34372,0,5,0,0,0,0,0,0
81,3728514312,8510,747050,5850,8883500,6969500,16605900,16717950,1273,0,0,5620450,0,34372,0,5,0,0,0,0,0,0
82,3728514312,8511,755550,5650,11150650,4692600,16604450,16718200,815,0,0,7021600,0,34372,0,5,0,0,0,0,0,0
83,3728514312,8512,765650,5950,9547050,6283550,16602200,16719350,1251,0,0,5608100,0,34372,0,5,0,0,0,0,0,0
84,3728514312,8513,1479200,5750,9046750,6186200,16717900,16825850,1118,0,0,5059750,0,34372,0,5,0,0,0,0,0,0
85,3728514312,8514,746950,5950,8873850,6877250,16504000,16613150,1258,0,0,4868100,0,34372,0,5,0,0,0,0,0,0
86,3728514312,8515,753050,5650,9052350,6797100,16608150,16722250,1247,0,0,4992900,0,34372,0,5,0,0,0,0,0,0
87,3728514312,8516,747950,5950,9189800,6666700,16610400,16717550,1210,0,0,5260800,0,34372,0,5,0,0,0,0,0,0
88,3728514312,8517,764700,5650,9789450,6052350,16612150,16718200,1209,0,0,5806050,0,34372,0,5,0,0,0,0,0,0
89,3728514312,8518,1336900,7600,8958450,6312000,16614950,16720050,1250,0,0,5100800,0,34372,0,5,0,0,0,0,0,0
90,3728514312,8519,1189050,5650,9062700,6350300,16607700,16717150,1157,0,0,4931150,0,34372,0,5,0,0,0,0,0,0
91,3728514312,8520,753450,5950,9005950,6841650,16607000,16720400,1252,0,0,4984050,0,34372,0,5,0,0,0,0,0,0
92,3728514312,8521,752900,5650,8914250,6936300,16609100,16718700,1272,0,0,5650350,0,34372,0,5,0,0,0,0,0,0
93,3728514312,8522,744950,5950,8990850,6868650,16610400,16720450,1244,0,0,4965950,0,34372,0,5,0,0,0,0,0,0
94,3728514312,8523,761900,5650,9550250,6292100,16609900,16722300,1258,0,0,5603000,0,34372,0,5,0,0,0,0,0,0
95,3728514312,8524,816350,8800,9460600,5105450,15391200,16899850,869,0,0,5060200,0,34372,0,5,0,0,0,0,0,0
96,3728514312,8525,769600,5650,9085600,6570750,16431600,16535000,1197,0,0,5030350,0,34372,0,5,0,0,0,0,0,0
97,3728514312,8526,749350,5950,8984000,6871450,16610750,16720650,1253,0,0,4247750,0,34372,0,5,0,0,0,0,0,0
98,3728514312,8527,752500,5650,9097000,6754100,16609250,16719700,1230,0,0,5177800,0,34372,0,5,0,0,0,0,0,0
99,3728514312,8528,743250,5950,9882600,5973950,16605750,16715900,1186,0,0,5891650,0,34372,0,5,0,0,0,0,0,0
100,3728514312,8529,750150,5650,9598750,6256550,16611100,16721000,1240,0,0,5095100,0,34372,0,5,0,0,0,0,0,0
101,3728514312,8530,1226000,8800,9030850,6348450,16614100,16720350,1156,0,0,5053800,0,34372,0,5,0,0,0,0,0,0
102,3728514312,8531,747150,5650,9060850,6791850,16605500,16720350,1215,0,0,5005100,0,34372,0,5,0,0,0,0,0,0
103,3728514312,8532,756450,5950,9011850,6832850,16607100,16717150,1245,0,0,4943700,0,34372,0,5,0,0,0,0,0,0
104,3728514312,8533,753450,5650,9052200,6795300,16606600,16719150,1237,0,0,5786500,0,34372,0,5,0,0,0,0,0,0
105,3728514312,8534,745200,5950,9594650,6266400,16612200,16721200,1224,0,0,5628000,0,34372,0,5,0,0,0,0,0,0
106,3728514312,8535,1374150,5750,8942800,6570000,16892700,17000850,1214,0,0,5100150,0,34372,0,5,0,0,0,0,0,0
107,3728514312,8536,736900,5950,8901200,6678450,16322500,16438300,1141,0,0,4864550,0,34372,0,5,0,0,0,0,0,0
108,3728514312,8537,762200,5650,9036600,6805150,16609600,16717550,1220,0,0,4333800,0,34372,0,5,0,0,0,0,0,0
109,3728514312,8538,750850,5950,9048250,6804350,16609400,16721100,1238,0,0,5128600,0,34372,0,5,0,0,0,0,0,0
110,3728514312,8539,753750,5650,9819050,6027350,16605800,16716750,1203,0,0,6594050,0,34372,0,5,0,0,0,0,0,0
111,3728514312,8540,740950,5950,9592300,6269000,16608200,16721350,1246,0,0,5718600,0,34372,0,5,0,0,0,0,0,0
112,3728514312,8541,1411350,5750,8878950,7621000,17917050,18025350,1136,0,0,4885850,0,34372,0,5,0,0,0,0,0,0
113,3728514312,8542,791600,5950,9114450,5392750,15304750,15415200,933,0,0,5220150,0,34372,0,5,0,0,0,0,0,0
114,3728514312,8543,761000,5650,9063300,6777100,16607050,16717300,1236,0,0,5011750,0,34372,0,5,0,0,0,0,0,0
115,3728514312,8544,743750,5950,9178500,6676750,16604950,16716450,1208,0,0,5248350,0,34372,0,5,0,0,0,0,0,0
116,3728514312,8545,756650,5650,9750900,6099700,16612900,16720150,1216,0,0,5780600,0,34372,0,5,0,0,0,0,0,0
117,3728514312,8546,1359650,10250,8930250,6678950,16979100,17086950,1244,0,0,5075600,0,34372,0,5,0,0,0,0,0,0
118,3728514312,8547,826450,5750,9973800,3790850,14596850,16352200,717,0,0,6746200,0,34372,0,5,0,0,0,0,0,0
119,3728514312,8548,749900,5950,8987650,6868950,16612450,16719150,1259,0,0,4278150,0,34372,0,5,0,0,0,0,0,0
120,3728514312,8549,753700,5650,9450850,6400600,16610800,16719150,1156,0,0,5442950,0,34372,0,5,0,0,0,0,0,0
121,3728514312,8550,752350,5950,9726900,6122450,16607650,16716700,1229,0,0,6467200,0,34372,0,5,0,0,0,0,0,0
122,3728514312,8551,762850,5650,9619800,6223950,16612250,16723600,1241,0,0,5714100,0,34372,0,5,0,0,0,0,0,0
123,3728514312,8552,1260800,7500,8940050,6450400,16658750,16768100,1185,0,0,5091300,0,34372,0,5,0,0,0,0,0,0
124,3728514312,8553,744650,5650,9070950,6735400,16556650,16667800,1233,0,0,5012150,0,34372,0,5,0,0,0,0,0,0
125,3728514312,8554,753500,5950,8986100,6865450,16611000,16722100,1254,0,0,4922250,0,34372,0,5,0,0,0,0,0,0
126,3728514312,8555,757050,5650,9077050,6765100,16604850,16716250,1234,0,0,5178900,0,34372,0,5,0,0,0,0,0,0
127,3728514312,8556,746900,5950,9878850,5977450,16609150,16719450,1188,0,0,5900500,0,34372,0,5,0,0,0,0,0,0
128,3728514312,8557,1369650,7350,8978800,6256750,16612550,16719400,1237,0,0,5131950,0,34372,0,5,0,0,0,0,0,0
129,3728514312,8558,741650,5950,8869650,6578300,16195550,16720800,1205,0,0,4871500,0,34372,0,5,0,0,0,0,0,0
130,3728514312,8559,747000,5650,9037350,6813350,16603350,16717250,1219,0,0,4332600,0,34372,0,5,0,0,0,0,0,0
131,3728514312,8560,748000,5950,8878400,6978550,16610900,16720950,1278,0,0,5613050,0,34372,0,5,0,0,0,0,0,0
132,3728514312,8561,753550,5650,18315650,14256250,33331100,33439050,2773,0,0,12432700,0,34372,0,5,0,0,0,0,0,0
133,3728514312,8562,1362750,9050,9038650,6332350,16742800,16853250,1150,0,0,5811200,0,34372,0,5,0,0,0,0,0,0
134,3728514312,8563,754550,5650,8929450,6779950,16469600,16583650,1249,0,0,4884550,0,34372,0,5,0,0,0,0,0,0
135,3728514312,8564,751300,5950,8978000,6877750,16613000,16720050,1228,0,0,4904350,0,34372,0,5,0,0,0,0,0,0
136,3728514312,8565,763100,5650,9102550,6744050,16615350,16720950,1228,0,0,5178950,0,34372,0,5,0,0,0,0,0,0
137,3728514312,8566,746500,5950,9734450,6122800,16609700,16717250,1225,0,0,5748050,0,34372,0,5,0,0,0,0,0,0
138,3728514312,8567,738750,5650,9562350,6303150,16609900,16721200,1252,0,0,5098600,0,34372,0,5,0,0,0,0,0,0
139,3728514312,8568,1345350,8700,8860450,6395000,16609500,16721200,1163,0,0,4856150,0,34372,0,5,0,0,0,0,0,0
140,3728514312,8569,752000,5650,9073900,6775650,16607200,16716900,1247,0,0,4351650,0,34372,0,5,0,0,0,0,0,0
141,3728514312,8570,804900,5950,9682000,5324850,15817700,16718550,1057,0,0,5759000,0,34372,0,5,0,0,0,0,0,0
142,3728514312,8571,766600,5650,11110800,4726550,16609600,16720800,869,0,0,7826700,0,34372,0,5,0,0,0,0,0,0
143,3728514312,8572,783100,5950,9571000,6247050,16607100,16716600,1245,0,0,5615700,0,34372,0,5,0,0,0,0,0,0
144,3728514312,8573,1655300,7400,8923750,6249300,16835750,16943900,1132,0,0,4916050,0,34372,0,5,0,0,0,0,0,0
145,3728514312,8574,744550,5950,9052950,6583350,16386800,16497250,1201,0,0,4914750,0,34372,0,5,0,0,0,0,0,0
146,3728514312,8575,755600,5650,9057400,6790200,16608850,16719400,1248,0,0,4975200,0,34372,0,5,0,0,0,0,0,0
147,3728514312,8576,751250,5950,9021650,6834200,16613050,16718950,1250,0,0,5119000,0,34372,0,5,0,0,0,0,0,0
148,3728514312,8577,752000,5650,9916100,5936050,16609800,16719100,1185,0,0,5936300,0,34372,0,5,0,0,0,0,0,0
149,3728514312,8578,742000,5950,9558800,6303300,16610050,16719600,1255,0,0,5711400,0,34372,0,5,0,0,0,0,0,0
150,3728514312,8579,1258550,5750,9027950,6317350,16609600,16720900,1153,0,0,5047950,0,34372,0,5,0,0,0,0,0,0
151,3728514312,8580,743850,5850,8975500,6877250,16602450,16714350,1260,0,0,4965700,0,34372,0,5,0,0,0,0,0,0
152,3728514312,8581,756250,5650,11323500,4525900,16611300,16723300,872,0,0,7265000,0,34372,0,5,0,0,0,0,0,0
153,3728514312,8582,759750,5850,8987150,6854800,16607550,16717300,1249,0,0,5106650,0,34372,0,5,0,0,0,0,0,0
154,3728514312,8583,755200,5650,9719700,6122600,16603150,16717950,1216,0,0,5762100,0,34372,0,5,0,0,0,0,0,0
155,3728514312,8584,1357950,10250,8911750,6642150,16922100,17032950,1235,0,0,5073900,0,34372,0,5,0,0,0,0,0,0
156,3728514312,8585,748600,5650,9211650,6334500,16300400,16408900,1128,0,0,5189550,0,34372,0,5,0,0,0,0,0,0
157,3728514312,8586,749550,5850,8953300,6897100,16605800,16717250,1223,0,0,4271600,0,34372,0,5,0,0,0,0,0,0
158,3728514312,8587,756650,5650,9105750,6740950,16609000,16720050,1229,0,0,5182300,0,34372,0,5,0,0,0,0,0,0
159,3728514312,8588,746950,5850,9715050,6142150,16610000,16717650,1230,0,0,6487600,0,34372,0,5,0,0,0,0,0,0
160,3728514312,8589,743650,5650,9601600,6255750,16606650,16718200,1214,0,0,5707800,0,34372,0,5,0,0,0,0,0,0
161,3728514312,8590,1253900,9050,9063600,6284600,16611150,16721850,1140,0,0,5839000,0,34372,0,5,0,0,0,0,0,0
162,3728514312,8591,746900,5650,8896350,6959150,16608050,16719500,1285,0,0,4877700,0,34372,0,5,0,0,0,0,0,0
163,3728514312,8592,743100,5850,8971650,6889600,16610200,16719100,1229,0,0,4930350,0,34372,0,5,0,0,0,0,0,0
164,3728514312,8593,765650,5650,9068400,6769700,16609400,16717950,1233,0,0,5176700,0,34372,0,5,0,0,0,0,0,0
165,3728514312,8594,743300,5850,9737600,6125550,16612300,16720150,1223,0,0,5758550,0,34372,0,5,0,0,0,0,0,0
166,3728514312,8595,1345700,5650,8964350,6298250,16613950,16720950,1243,0,0,5130600,0,34372,0,5,0,0,0,0,0,0
167,3728514312,8596,736750,5850,8880450,6464550,16087600,16720050,1172,0,0,4838050,0,34372,0,5,0,0,0,0,0,0
168,3728514312,8597,746950,5650,9011150,6845350,16609100,16718650,1200,0,0,4333100,0,34372,0,5,0,0,0,0,0,0
169,3728514312,8598,732100,5850,8886950,6977800,16602700,16717050,1276,0,0,5630500,0,34372,0,5,0,0,0,0,0,0
170,3728514312,8599,750300,5650,9801600,6049600,16607150,16716800,1211,0,0,6541850,0,34372,0,5,0,0,0,0,0,0
171,3728514312,8600,742000,5850,9468700,6396150,16612700,16723800,1278,0,0,5574450,0,34372,0,5,0,0,0,0,0,0
172,3728514312,8601,1309050,5750,9047300,6328350,16690450,16799800,1153,0,0,5816250,0,34372,0,5,0,0,0,0,0,0
173,3728514312,8602,734750,5850,11755600,4031550,16527750,16638100,772,0,0,5200850,0,34372,0,5,0,0,0,0,0,0
174,3728514312,8603,781150,5650,9021800,6798450,16607050,16719500,1247,0,0,4995350,0,34372,0,5,0,0,0,0,0,0
175,3728514312,8604,738900,5850,9010250,6852600,16607600,16719250,1248,0,0,5118100,0,34372,0,5,0,0,0,0,0,0
176,3728514312,8605,754450,5650,9795900,6065400,16621400,16717500,1210,0,0,5818550,0,34372,0,5,0,0,0,0,0,0
177,3728514312,8606,1329950,8800,8963250,6307550,16609550,16720750,1251,0,0,5115150,0,34372,0,5,0,0,0,0,0,0
178,3728514312,8607,748800,5650,8885250,6561900,16201600,16719150,1204,0,0,4882050,0,34372,0,5,0,0,0,0,0,0
179,3728514312,8608,735800,5850,9160550,6707750,16609950,16717450,1217,0,0,4321200,0,34372,0,5,0,0,0,0,0,0
CSV_END

STUDY_DONE_6cab85986204=0
# 