/tmp/app --transport unrolled --state-frame 0 --frames 180 --warmup 30 --wait spin --profile detailed --csv /tmp/transport-frames.csv --replay && printf "CSV_BEGIN\n" && cat /tmp/transport-frames.csv && printf "CSV_END\n"; study_status=$?; printf "\nSTUDY_DONE_3ee8ce6473a0=%s\n" "$study_status"
TRANSPORT mode=unrolled dma_minimum=64
BEGIN_BREAKOUT frames=180 warmup=30 fixed=1 blocks=40 tiles=1 hud=1 wait=spin replay=1 state_frame=0 profile=detailed pixel_centers=1 clock_call_ns=5826
HW_COUNTERS unavailable
RESULT frames=180 elapsed_s=3.026158250 fps=59.481357 logic_ms=0.875982 api_ms=0.011031 swap_ms=9.429769 wait_ms=6.321965 worker_inclusive_ms=0.000000 upload_inclusive_ms=0.000000 write_ms=5.369599 bytes_per_frame=34372.00 p50_ms=16.719350 p95_ms=16.912850 max_ms=33.440700 late_60hz=164 first_count=16349 last_count=16528 state_hash=de3c9d08 remaining=40 score=0
RENDER_PATH retained=0 grouped=0 quads=0 full_frames=0
BREAKOUT_PASS
CSV_BEGIN
frame,state_hash,display_count,logic_ns,api_ns,swap_ns,wait_ns,total_ns,completion_interval_ns,polls,worker_inclusive_ns,upload_inclusive_ns,write_ns,read_ns,write_bytes,read_bytes,write_calls,read_calls,dma_copy_ns,dma_launch_ns,dma_completion_wait_ns,dma_bytes,dma_lists
0,3728514312,16349,759850,10650,9083100,6819100,16672700,16683450,1242,0,0,5056800,0,34372,0,5,0,0,0,0,0,0
1,3728514312,16350,743550,10450,8940100,6914550,16608650,16718350,1224,0,0,5030300,0,34372,0,5,0,0,0,0,0,0
2,3728514312,16351,1707750,10850,9135200,4987000,15840800,16721950,940,0,0,5093450,0,34372,0,5,0,0,0,0,0,0
3,3728514312,16352,1408800,12100,9048550,6347500,16816950,16931900,1154,0,0,5169900,0,34372,0,5,0,0,0,0,0,0
4,3728514312,16353,761250,10750,8978400,6649900,16400300,16503900,1184,0,0,4934950,0,34372,0,5,0,0,0,0,0,0
5,3728514312,16354,759400,10450,9038650,6804100,16612600,16721150,1238,0,0,4990400,0,34372,0,5,0,0,0,0,0,0
6,3728514312,16355,757550,10650,9169000,6679700,16616900,16720450,1213,0,0,5215450,0,34372,0,5,0,0,0,0,0,0
7,3728514312,16356,749800,10450,9794900,6052250,16607400,16717150,1177,0,0,5776700,0,34372,0,5,0,0,0,0,0,0
8,3728514312,16357,756850,10650,10014650,5830250,16612400,16718700,1132,0,0,5139650,0,34372,0,5,0,0,0,0,0,0
9,3728514312,16358,1283100,12100,8933950,6383650,16612800,16721800,1156,0,0,4936350,0,34372,0,5,0,0,0,0,0,0
10,3728514312,16359,757700,10650,9112300,6735850,16616500,16720100,1197,0,0,5058850,0,34372,0,5,0,0,0,0,0,0
11,3728514312,16360,747600,10450,9091900,6755000,16604950,16720100,1224,0,0,4996150,0,34372,0,5,0,0,0,0,0,0
12,3728514312,16361,764200,10650,9121600,6716050,16612500,16717300,1213,0,0,5860450,0,34372,0,5,0,0,0,0,0,0
13,3728514312,16362,740000,10450,9654100,6208750,16613300,16720300,1233,0,0,5666400,0,34372,0,5,0,0,0,0,0,0
14,3728514312,16363,1557500,11150,9138600,7520900,18228150,18327950,1127,0,0,5890450,0,34372,0,5,0,0,0,0,0,0
15,3728514312,16364,777800,10550,9188450,5007950,14984750,15107700,851,0,0,5245850,0,34372,0,5,0,0,0,0,0,0
16,3728514312,16365,768400,10750,9093150,6746850,16619150,16722800,1240,0,0,4385500,0,34372,0,5,0,0,0,0,0,0
17,3728514312,16366,747450,10750,9282500,6572450,16613150,16718400,1188,0,0,5309850,0,34372,0,5,0,0,0,0,0,0
18,3728514312,16367,770350,10850,9898550,5933950,16613700,16719200,1178,0,0,6662150,0,34372,0,5,0,0,0,0,0,0
19,3728514312,16368,738400,10600,9690850,6172550,16612400,16717900,1217,0,0,5124450,0,34372,0,5,0,0,0,0,0,0
20,3728514312,16369,1325300,12450,9415250,5865000,16618000,16717900,1034,0,0,5275100,0,34372,0,5,0,0,0,0,0,0
21,3728514312,16370,760100,10550,8960400,6875600,16606650,16719400,1261,0,0,4928200,0,34372,0,5,0,0,0,0,0,0
22,3728514312,16371,761550,10700,9121200,6728850,16622300,16721850,1227,0,0,5057700,0,34372,0,5,0,0,0,0,0,0
23,3728514312,16372,737250,10550,9257200,6603550,16608550,16719900,1183,0,0,5193150,0,34372,0,5,0,0,0,0,0,0
24,3728514312,16373,771000,10650,14768900,1056350,16606900,16715350,217,0,0,10795750,0,34372,0,5,0,0,0,0,0,0
25,3728514312,16374,821350,10650,9950350,2324800,13107150,16721150,490,0,0,5175650,0,34372,0,5,0,0,0,0,0,0
26,3728514312,16375,755250,10650,9279500,6064650,16110050,16717800,1088,0,0,5222550,0,34372,0,5,0,0,0,0,0,0
27,3728514312,16376,758350,10700,9062450,6779750,16611250,16719450,1238,0,0,4339650,0,34372,0,5,0,0,0,0,0,0
28,3728514312,16377,754250,10650,9010800,6840800,16616500,16720100,1247,0,0,5737400,0,34372,0,5,0,0,0,0,0,0
29,3728514312,16378,741150,10550,8950600,6909950,16612250,16718900,1220,0,0,5684700,0,34372,0,5,0,0,0,0,0,0
30,3728514312,16379,769950,10750,9758100,6078450,16617250,16720200,1199,0,0,5810750,0,34372,0,5,0,0,0,0,0,0
31,3728514312,16380,1327050,12200,9070400,6271400,16681050,16786700,1133,0,0,5858550,0,34372,0,5,0,0,0,0,0,0
32,3728514312,16381,756600,10650,8952150,6826050,16545450,16651050,1158,0,0,4923200,0,34372,0,5,0,0,0,0,0,0
33,3728514312,16382,753200,10650,9086750,6762050,16612650,16720500,1229,0,0,4989550,0,34372,0,5,0,0,0,0,0,0
34,3728514312,16383,763650,10650,9175200,6667550,16617050,16719150,1210,0,0,5250650,0,34372,0,5,0,0,0,0,0,0
35,3728514312,16384,742150,10550,9797800,6062750,16613250,16720250,1178,0,0,5790800,0,34372,0,5,0,0,0,0,0,0
36,3728514312,16385,1409450,9200,9008350,6183000,16610000,16718800,1211,0,0,5102900,0,34372,0,5,0,0,0,0,0,0
37,3728514312,16386,747050,10550,8932800,6500300,16190700,16721200,1181,0,0,4931800,0,34372,0,5,0,0,0,0,0,0
38,3728514312,16387,760150,10650,9093200,6752900,16616900,16718950,1213,0,0,4389800,0,34372,0,5,0,0,0,0,0,0
39,3728514312,16388,742350,10650,8933850,6919300,16606150,16716400,1264,0,0,5653150,0,34372,0,5,0,0,0,0,0,0
40,3728514312,16389,763200,10650,8985800,6856200,16615850,16719700,1248,0,0,5097750,0,34372,0,5,0,0,0,0,0,0
41,3728514312,16390,742850,10550,9606050,6251500,16610950,16717900,1242,0,0,5631850,0,34372,0,5,0,0,0,0,0,0
42,3728514312,16391,1549000,12400,8957650,6262500,16781550,16881000,1139,0,0,4956550,0,34372,0,5,0,0,0,0,0,0
43,3728514312,16392,748950,10550,8933850,6754750,16448100,16560850,1237,0,0,4925950,0,34372,0,5,0,0,0,0,0,0
44,3728514312,16393,757100,10650,9079700,6766850,16614300,16716950,1242,0,0,5010250,0,34372,0,5,0,0,0,0,0,0
45,3728514312,16394,739950,10550,11601150,4260650,16612300,16721650,768,0,0,7363600,0,34372,0,5,0,0,0,0,0,0
46,3728514312,16395,791050,10650,9868400,5938200,16608300,16718100,1178,0,0,5868550,0,34372,0,5,0,0,0,0,0,0
47,3728514312,16396,743900,7750,9689500,6173000,16614150,16720450,1214,0,0,5148000,0,34372,0,5,0,0,0,0,0,0
48,3728514312,16397,816350,10650,9267950,5244250,15339200,16718800,904,0,0,4958600,0,34372,0,5,0,0,0,0,0,0
49,3728514312,16398,768950,10550,9086850,6738250,16604600,16719450,1229,0,0,4412800,0,34372,0,5,0,0,0,0,0,0
50,3728514312,16399,759200,10650,9103550,6739300,16612700,16716350,1227,0,0,5839200,0,34372,0,5,0,0,0,0,0,0
51,3728514312,16400,745150,10550,9887450,5970400,16613550,16723500,1191,0,0,5837700,0,34372,0,5,0,0,0,0,0,0
52,3728514312,16401,768700,10650,9695750,6133600,16608700,16717250,1217,0,0,5708100,0,34372,0,5,0,0,0,0,0,0
53,3728514312,16402,1371950,9100,9016050,6464550,16861650,16966300,1187,0,0,5135550,0,34372,0,5,0,0,0,0,0,0
54,3728514312,16403,759700,10650,9111650,6489700,16371700,16473900,1180,0,0,5060200,0,34372,0,5,0,0,0,0,0,0
55,3728514312,16404,751450,10650,9043500,6798000,16603600,16719400,1238,0,0,4328400,0,34372,0,5,0,0,0,0,0,0
56,3728514312,16405,764600,10650,9176750,6660200,16612200,16716350,1211,0,0,5244250,0,34372,0,5,0,0,0,0,0,0
57,3728514312,16406,742800,10750,9931850,5925350,16610750,16719950,1109,0,0,6692700,0,34372,0,5,0,0,0,0,0,0
58,3728514312,16407,765200,10650,9774650,6060550,16611050,16717850,1188,0,0,5153200,0,34372,0,5,0,0,0,0,0,0
59,3728514312,16408,1268100,12400,9102550,6229400,16612450,16719300,1125,0,0,5097450,0,34372,0,5,0,0,0,0,0,0
60,3728514312,16409,763200,10650,8983950,6859050,16616850,16719400,1232,0,0,4915400,0,34372,0,5,0,0,0,0,0,0
61,3728514312,16410,754650,10750,9080050,6768000,16613450,16722200,1231,0,0,4991550,0,34372,0,5,0,0,0,0,0,0
62,3728514312,16411,762150,10650,9139000,6702850,16614650,16716600,1214,0,0,5223000,0,34372,0,5,0,0,0,0,0,0
63,3728514312,16412,742100,10550,9641200,6216350,16610200,16720000,1210,0,0,5652600,0,34372,0,5,0,0,0,0,0,0
64,3728514312,16413,1418650,10950,9025500,6491750,16946850,17052100,1195,0,0,5142600,0,34372,0,5,0,0,0,0,0,0
65,3728514312,16414,745550,10550,8961000,6561600,16278700,16386900,1195,0,0,4931400,0,34372,0,5,0,0,0,0,0,0
66,3728514312,16415,756500,10650,9105950,6743350,16616450,16718550,1212,0,0,4387400,0,34372,0,5,0,0,0,0,0,0
67,3728514312,16416,745500,10850,9114850,6735950,16607150,16719150,1223,0,0,5851900,0,34372,0,5,0,0,0,0,0,0
68,3728514312,16417,765500,10650,9902950,5938950,16618050,16719050,1181,0,0,6655050,0,34372,0,5,0,0,0,0,0,0
69,3728514312,16418,733300,10550,9691900,6183700,16619450,16719950,1225,0,0,5753700,0,34372,0,5,0,0,0,0,0,0
70,3728514312,16419,1472600,12400,9538500,5611850,16635350,16734600,996,0,0,4460350,0,34372,0,5,0,0,0,0,0,0
71,3728514312,16420,761250,10550,8945400,6873650,16590850,16705350,1260,0,0,4927750,0,34372,0,5,0,0,0,0,0,0
72,3728514312,16421,812200,12450,9954450,5059750,15838850,16717150,992,0,0,6638300,0,34372,0,5,0,0,0,0,0,0
73,3728514312,16422,746400,10800,9304200,6550800,16612200,16722400,1179,0,0,6029950,0,34372,0,5,0,0,0,0,0,0
74,3728514312,16423,769350,12200,9708700,6121200,16611450,16719450,1218,0,0,5707550,0,34372,0,5,0,0,0,0,0,0
75,3728514312,16424,1365600,9100,9049950,6189950,16614600,16719400,1215,0,0,5167900,0,34372,0,5,0,0,0,0,0,0
76,3728514312,16425,755050,12200,10750850,4698000,16216100,16718300,779,0,0,4501750,0,34372,0,5,0,0,0,0,0,0
77,3728514312,16426,773350,10550,9064000,6763900,16611800,16720350,1234,0,0,4345250,0,34372,0,5,0,0,0,0,0,0
78,3728514312,16427,762200,12200,11458200,4379300,16611900,16715100,827,0,0,7329400,0,34372,0,5,0,0,0,0,0,0
79,3728514312,16428,758550,10550,9760300,6084050,16613450,16719600,1215,0,0,5724400,0,34372,0,5,0,0,0,0,0,0
80,3728514312,16429,770950,12200,9748700,6079900,16611750,16721300,1201,0,0,5793800,0,34372,0,5,0,0,0,0,0,0
81,3728514312,16430,1339500,12200,9030500,6346200,16728400,16829950,1151,0,0,5150550,0,34372,0,5,0,0,0,0,0,0
82,3728514312,16431,757650,12200,9106500,6628150,16504500,16607100,1123,0,0,5057750,0,34372,0,5,0,0,0,0,0,0
83,3728514312,16432,756350,10550,9075450,6765500,16607850,16720800,1234,0,0,4978600,0,34372,0,5,0,0,0,0,0,0
84,3728514312,16433,780900,12200,9179250,6658850,16631200,16720950,1207,0,0,5233800,0,34372,0,5,0,0,0,0,0,0
85,3728514312,16434,736100,7750,9920550,5948400,16612800,16718500,634,0,0,5905900,0,34372,0,5,0,0,0,0,0,0
86,3728514312,16435,3265050,14950,11654350,1655150,16589500,16716950,350,0,0,7522250,0,34372,0,5,0,0,0,0,0,0
87,3728514312,16436,1428750,8000,9056300,6116350,16609400,16721750,1094,0,0,5059700,0,34372,0,5,0,0,0,0,0,0
88,3728514312,16437,768200,12200,9116250,6719800,16616450,16720250,1197,0,0,4410450,0,34372,0,5,0,0,0,0,0,0
89,3728514312,16438,753850,10800,8933550,6911950,16610150,16718150,1259,0,0,5657850,0,34372,0,5,0,0,0,0,0,0
90,3728514312,16439,762350,12450,9001250,6839850,16615900,16716750,1241,0,0,5091500,0,34372,0,5,0,0,0,0,0,0
91,3728514312,16440,737150,10700,9647150,6216750,16611750,16721250,1207,0,0,5665950,0,34372,0,5,0,0,0,0,0,0
92,3728514312,16441,1431450,13850,9121200,6243300,16809800,16912850,1135,0,0,5882150,0,34372,0,5,0,0,0,0,0,0
93,3728514312,16442,745850,10750,8947350,6709750,16413700,16523550,1224,0,0,4932500,0,34372,0,5,0,0,0,0,0,0
94,3728514312,16443,760300,12200,9087450,6760550,16620500,16719750,1209,0,0,5024900,0,34372,0,5,0,0,0,0,0,0
95,3728514312,16444,808700,10650,10388050,4628800,15836200,16720700,877,0,0,5317000,0,34372,0,5,0,0,0,0,0,0
96,3728514312,16445,766400,12200,9900850,5925300,16604750,16718500,1176,0,0,5884500,0,34372,0,5,0,0,0,0,0,0
97,3728514312,16446,738100,7850,9706200,6163050,16615200,16718350,1214,0,0,5137050,0,34372,0,5,0,0,0,0,0,0
98,3728514312,16447,1470850,14000,9101750,6037500,16624100,16722850,1086,0,0,5067850,0,34372,0,5,0,0,0,0,0,0
99,3728514312,16448,748950,10700,9137050,6709700,16606400,16718900,1222,0,0,4426350,0,34372,0,5,0,0,0,0,0,0
100,3728514312,16449,757600,12200,9106450,6737150,16613400,16717500,1226,0,0,5058100,0,34372,0,5,0,0,0,0,0,0
101,3728514312,16450,739400,10650,9921850,5940650,16612550,16720700,1184,0,0,6618050,0,34372,0,5,0,0,0,0,0,0
102,3728514312,16451,768300,12250,9706300,6123800,16610650,16716000,1214,0,0,5709750,0,34372,0,5,0,0,0,0,0,0
103,3728514312,16452,1369300,9200,9009350,6511400,16899250,17004150,1202,0,0,5127750,0,34372,0,5,0,0,0,0,0,0
104,3728514312,16453,758550,12200,9303200,6260250,16334200,16436450,1137,0,0,5139950,0,34372,0,5,0,0,0,0,0,0
105,3728514312,16454,755800,10650,9044000,6801150,16611600,16721800,1239,0,0,4341100,0,34372,0,5,0,0,0,0,0,0
106,3728514312,16455,759750,12200,9172900,6674050,16618900,16720050,931,0,0,5232150,0,34372,0,5,0,0,0,0,0,0
107,3728514312,16456,774400,10650,10882850,4925900,16593800,16715350,922,0,0,5478800,0,34372,0,5,0,0,0,0,0,0
108,3728514312,16457,767600,12300,9740300,6091550,16611750,16719150,1196,0,0,5154850,0,34372,0,5,0,0,0,0,0,0
109,3728514312,16458,1273500,12200,9114900,6212850,16613450,16718300,1119,0,0,5891400,0,34372,0,5,0,0,0,0,0,0
110,3728514312,16459,758700,12200,9091650,6757750,16620300,16722300,1235,0,0,5056700,0,34372,0,5,0,0,0,0,0,0
111,3728514312,16460,750050,10450,9046050,6795150,16601700,16716150,1234,0,0,4989200,0,34372,0,5,0,0,0,0,0,0
112,3728514312,16461,761450,12200,9146950,6699900,16620500,16723050,1210,0,0,5225800,0,34372,0,5,0,0,0,0,0,0
113,3728514312,16462,741100,10750,9771150,6090800,16613800,16719300,1204,0,0,5781650,0,34372,0,5,0,0,0,0,0,0
114,3728514312,16463,1421500,10850,9038900,6514150,16985400,17089700,1199,0,0,5141950,0,34372,0,5,0,0,0,0,0,0
115,3728514312,16464,733950,10600,8933400,6560400,16238350,16348400,1192,0,0,4938950,0,34372,0,5,0,0,0,0,0,0
116,3728514312,16465,755050,12200,9101200,6745000,16613450,16715900,1203,0,0,4391600,0,34372,0,5,0,0,0,0,0,0
117,3728514312,16466,746500,10450,8944750,6905600,16607300,16719750,1257,0,0,5688850,0,34372,0,5,0,0,0,0,0,0
118,3728514312,16467,819000,12250,9853150,5159400,15843800,16723050,989,0,0,5107050,0,34372,0,5,0,0,0,0,0,0
119,3728514312,16468,746450,10500,9725550,6120700,16603200,16716850,1180,0,0,5775700,0,34372,0,5,0,0,0,0,0,0
120,3728514312,16469,1669500,14200,9168050,5816300,16668050,16774000,1038,0,0,4442300,0,34372,0,5,0,0,0,0,0,0
121,3728514312,16470,748400,10450,8980750,6817500,16557100,16665450,1246,0,0,4945050,0,34372,0,5,0,0,0,0,0,0
122,3728514312,16471,757300,12200,9102150,6746400,16618050,16720500,1204,0,0,5048650,0,34372,0,5,0,0,0,0,0,0
123,3728514312,16472,740500,7650,9156850,6697000,16602000,16715450,1213,0,0,5220800,0,34372,0,5,0,0,0,0,0,0
124,3728514312,16473,762300,12200,9854500,5989500,16618500,16723550,1187,0,0,5865050,0,34372,0,5,0,0,0,0,0,0
125,3728514312,16474,1351750,8900,9073200,6178150,16612000,16717400,1213,0,0,5161050,0,34372,0,5,0,0,0,0,0,0
126,3728514312,16475,751900,12200,9119850,6176750,16060700,16718000,1116,0,0,5062800,0,34372,0,5,0,0,0,0,0,0
127,3728514312,16476,746250,10500,9085250,6765400,16607400,16719050,1233,0,0,4373100,0,34372,0,5,0,0,0,0,0,0
128,3728514312,16477,756950,12300,8981700,6862300,16613250,16718750,1251,0,0,5708650,0,34372,0,5,0,0,0,0,0,0
129,3728514312,16478,737750,10450,9786900,6076900,16612000,16719350,1212,0,0,6495350,0,34372,0,5,0,0,0,0,0,0
130,3728514312,16479,768650,12200,9851500,5985900,16618250,16722350,1176,0,0,5195250,0,34372,0,5,0,0,0,0,0,0
131,3728514312,16480,1344150,12100,9024800,6369700,16750750,16860050,1160,0,0,5148150,0,34372,0,5,0,0,0,0,0,0
132,3728514312,16481,759100,12200,9556000,6148300,16475600,16577100,1094,0,0,5396350,0,34372,0,5,0,0,0,0,0,0
133,3728514312,16482,756450,10600,9048000,6793850,16608900,16718850,1235,0,0,4970150,0,34372,0,5,0,0,0,0,0,0
134,3728514312,16483,759400,12200,9160500,6687400,16619500,16721500,1212,0,0,5218750,0,34372,0,5,0,0,0,0,0,0
135,3728514312,16484,741400,10500,9981450,5873100,16606450,16715350,1161,0,0,5957250,0,34372,0,5,0,0,0,0,0,0
136,3728514312,16485,757050,12200,9714600,6134350,16618200,16723700,1202,0,0,5148650,0,34372,0,5,0,0,0,0,0,0
137,3728514312,16486,1230850,9300,9370900,6073750,16684800,16791600,801,0,0,5377600,0,34372,0,5,0,0,0,0,0,0
138,3728514312,16487,790100,12200,9294050,6433400,16529750,16647000,1165,0,0,4397550,0,34372,0,5,0,0,0,0,0,0
139,3728514312,16488,753700,10550,9072150,6767750,16604150,16717250,1226,0,0,5794950,0,34372,0,5,0,0,0,0,0,0
140,3728514312,16489,766250,12200,9002800,6829600,16610850,16717100,1238,0,0,5084000,0,34372,0,5,0,0,0,0,0,0
141,3728514312,16490,740600,7650,9806550,6059850,16614650,16720750,1193,0,0,5809850,0,34372,0,5,0,0,0,0,0,0
142,3728514312,16491,819250,12200,9205450,5345000,15381900,16950800,929,0,0,5084400,0,34372,0,5,0,0,0,0,0,0
143,3728514312,16492,752900,10450,8980600,6626750,16370700,16488800,1206,0,0,4942350,0,34372,0,5,0,0,0,0,0,0
144,3728514312,16493,763400,12450,9108300,6732100,16616250,16719400,1137,0,0,5031950,0,34372,0,5,0,0,0,0,0,0
145,3728514312,16494,751450,10550,9157800,6688450,16608250,16717300,1211,0,0,5218550,0,34372,0,5,0,0,0,0,0,0
146,3728514312,16495,766250,12200,9912900,5927500,16618850,16719350,1176,0,0,5875900,0,34372,0,5,0,0,0,0,0,0
147,3728514312,16496,739050,7650,15940850,16647400,33334950,33440700,3106,0,0,8667550,0,34372,0,5,0,0,0,0,0,0
148,3728514312,16497,788000,12200,9149100,6653250,16602550,16717150,1219,0,0,4438050,0,34372,0,5,0,0,0,0,0,0
149,3728514312,16498,752550,10550,9063200,6788750,16615050,16718700,1202,0,0,4993200,0,34372,0,5,0,0,0,0,0,0
150,3728514312,16499,765000,12200,9178050,6658000,16613250,16719700,1198,0,0,5880400,0,34372,0,5,0,0,0,0,0,0
151,3728514312,16500,741650,10450,9659050,6200200,16611350,16718650,1232,0,0,5671500,0,34372,0,5,0,0,0,0,0,0
152,3728514312,16501,1411800,10850,9026300,6625750,17074700,17178500,1193,0,0,5141550,0,34372,0,5,0,0,0,0,0,0
153,3728514312,16502,741200,10450,9129150,6270750,16151550,16260300,1127,0,0,5072150,0,34372,0,5,0,0,0,0,0,0
154,3728514312,16503,756750,12200,9099800,6749100,16617850,16718900,1237,0,0,4386850,0,34372,0,5,0,0,0,0,0,0
155,3728514312,16504,742800,10550,9095350,6764750,16613450,16722100,1225,0,0,5836950,0,34372,0,5,0,0,0,0,0,0
156,3728514312,16505,758500,12200,10522700,5319750,16613150,16718000,1031,0,0,6549900,0,34372,0,5,0,0,0,0,0,0
157,3728514312,16506,742000,10550,9712750,6146450,16611750,16720550,1211,0,0,5127850,0,34372,0,5,0,0,0,0,0,0
158,3728514312,16507,1322100,13850,9127800,6160950,16624700,16724050,1114,0,0,5895550,0,34372,0,5,0,0,0,0,0,0
159,3728514312,16508,742950,10550,9299500,6550150,16603150,16715400,1186,0,0,5149900,0,34372,0,5,0,0,0,0,0,0
160,3728514312,16509,760800,12200,9125150,6710850,16609000,16715750,1219,0,0,5067950,0,34372,0,5,0,0,0,0,0,0
161,3728514312,16510,738200,10450,9122800,6740050,16611500,16719200,1221,0,0,5186200,0,34372,0,5,0,0,0,0,0,0
162,3728514312,16511,755450,12200,9890000,5963500,16621150,16723000,1180,0,0,5915700,0,34372,0,5,0,0,0,0,0,0
163,3728514312,16512,1375250,9000,9066950,6156850,16608050,16715700,1208,0,0,5182400,0,34372,0,5,0,0,0,0,0,0
164,3728514312,16513,752350,12200,8970900,6483400,16218850,16720100,1182,0,0,4926700,0,34372,0,5,0,0,0,0,0,0
165,3728514312,16514,745750,10450,9210400,6646650,16613250,16719250,1203,0,0,4361450,0,34372,0,5,0,0,0,0,0,0
166,3728514312,16515,780800,12200,9003500,6830500,16627000,16718600,1244,0,0,5736450,0,34372,0,5,0,0,0,0,0,0
167,3728514312,16516,739750,10500,11153100,4706850,16610200,16720250,873,0,0,7100700,0,34372,0,5,0,0,0,0,0,0
168,3728514312,16517,784150,12200,9891300,5921350,16609000,16721600,1095,0,0,5953450,0,34372,0,5,0,0,0,0,0,0
169,3728514312,16518,1424450,10700,9105400,6165850,16706400,16812250,1108,0,0,5106750,0,34372,0,5,0,0,0,0,0,0
170,3728514312,16519,766500,12200,8988300,6756200,16523200,16624250,1241,0,0,4929350,0,34372,0,5,0,0,0,0,0,0
171,3728514312,16520,741050,10550,9055250,6802100,16608950,16721550,1199,0,0,4975350,0,34372,0,5,0,0,0,0,0,0
172,3728514312,16521,764600,12200,9181200,6651800,16609800,16718250,1202,0,0,5254000,0,34372,0,5,0,0,0,0,0,0
173,3728514312,16522,740550,10450,9812500,6048600,16612100,16719400,1203,0,0,5792000,0,34372,0,5,0,0,0,0,0,0
174,3728514312,16523,1400500,9000,9079800,6127950,16617250,16718500,1171,0,0,5165700,0,34372,0,5,0,0,0,0,0,0
175,3728514312,16524,754250,9200,8934900,6447000,16145350,16717250,1169,0,0,4937100,0,34372,0,5,0,0,0,0,0,0
176,3728514312,16525,766700,12200,9135350,6705150,16619400,16722000,1229,0,0,4398650,0,34372,0,5,0,0,0,0,0,0
177,3728514312,16526,743050,10450,9065450,6798300,16617250,16720600,1206,0,0,5791900,0,34372,0,5,0,0,0,0,0,0
178,3728514312,16527,769600,12200,9749800,6082850,16614450,16716400,1220,0,0,5782750,0,34372,0,5,0,0,0,0,0,0
179,3728514312,16528,743550,10550,9645450,6214750,16614300,16722700,1236,0,0,5664700,0,34372,0,5,0,0,0,0,0,0
CSV_END

STUDY_DONE_3ee8ce6473a0=0
# 